Command line invocation:
    /Applications/Xcode.app/Contents/Developer/usr/bin/xcodebuild -scheme MoneroOne -destination "platform=iOS Simulator,id=4629B9BA-1E2F-435C-8265-69C3EF3D742D" clean build -derivedDataPath ./build

Resolve Package Graph

Fetching from https://github.com/horizontalsystems/HsExtensions.Swift.git (cached)

Fetching from https://github.com/Alamofire/Alamofire.git (cached)

Fetching from https://github.com/apple/swift-nio.git (cached)

Fetching from https://github.com/apple/swift-crypto.git (cached)

Fetching from https://github.com/GigaBitcoin/secp256k1.swift.git (cached)

Fetching from https://github.com/apple/swift-atomics.git (cached)

Fetching from https://github.com/apple/swift-system.git (cached)

Fetching from https://github.com/apple/swift-collections.git (cached)

Fetching from https://github.com/horizontalsystems/HsToolKit.Swift.git (cached)

Fetching from https://github.com/groue/GRDB.swift.git (cached)

Fetching from https://github.com/tristanhimmelman/ObjectMapper.git (cached)

Fetching from https://github.com/horizontalsystems/HsCryptoKit.Swift.git (cached)

Fetching from https://github.com/apple/swift-nio-ssl.git (cached)

Fetching from https://github.com/attaswift/BigInt.git (cached)

Fetching from https://github.com/horizontalsystems/HdWalletKit.Swift.git (cached)

Creating working copy of package ‘secp256k1.swift’

Checking out 0.10.0 of package ‘secp256k1.swift’

Creating working copy of package ‘swift-atomics’

Checking out 1.3.0 of package ‘swift-atomics’

Creating working copy of package ‘ObjectMapper’

Checking out 4.4.3 of package ‘ObjectMapper’

Creating working copy of package ‘GRDB.swift’

Checking out 6.29.3 of package ‘GRDB.swift’

Creating working copy of package ‘swift-nio-ssl’

Checking out 2.36.0 of package ‘swift-nio-ssl’

Creating working copy of package ‘swift-crypto’

Checking out 2.6.0 of package ‘swift-crypto’

Creating working copy of package ‘swift-collections’

Checking out 1.3.0 of package ‘swift-collections’

Creating working copy of package ‘HsToolKit.Swift’

Checking out 2.0.5 of package ‘HsToolKit.Swift’

Creating working copy of package ‘swift-system’

Checking out 1.6.3 of package ‘swift-system’

Creating working copy of package ‘HsExtensions.Swift’

Checking out 1.0.6 of package ‘HsExtensions.Swift’

Creating working copy of package ‘HsCryptoKit.Swift’

Checking out 1.3.1 of package ‘HsCryptoKit.Swift’

Creating working copy of package ‘BigInt’

Checking out 5.7.0 of package ‘BigInt’

Creating working copy of package ‘HdWalletKit.Swift’

Checking out 1.3.0 of package ‘HdWalletKit.Swift’

Creating working copy of package ‘swift-nio’

Checking out 2.92.2 of package ‘swift-nio’

Creating working copy of package ‘Alamofire’

Checking out 5.11.0 of package ‘Alamofire’


Resolved source packages:
  HdWalletKit: https://github.com/horizontalsystems/HdWalletKit.Swift.git @ 1.3.0
  GRDB: https://github.com/groue/GRDB.swift.git @ 6.29.3
  Alamofire: https://github.com/Alamofire/Alamofire.git @ 5.11.0
  HsExtensions.Swift: https://github.com/horizontalsystems/HsExtensions.Swift.git @ 1.0.6
  HsCryptoKit.Swift: https://github.com/horizontalsystems/HsCryptoKit.Swift.git @ 1.3.1
  swift-nio-ssl: https://github.com/apple/swift-nio-ssl.git @ 2.36.0
  MoneroKit.swift: /Users/j/Documents/GitHub/MoneroKit.Swift
  secp256k1: https://github.com/GigaBitcoin/secp256k1.swift.git @ 0.10.0
  swift-atomics: https://github.com/apple/swift-atomics.git @ 1.3.0
  swift-nio: https://github.com/apple/swift-nio.git @ 2.92.2
  HsToolKit: https://github.com/horizontalsystems/HsToolKit.Swift.git @ 2.0.5
  swift-collections: https://github.com/apple/swift-collections.git @ 1.3.0
  swift-crypto: https://github.com/apple/swift-crypto.git @ 2.6.0
  BigInt: https://github.com/attaswift/BigInt.git @ 5.7.0
  ObjectMapper: https://github.com/tristanhimmelman/ObjectMapper.git @ 4.4.3
  swift-system: https://github.com/apple/swift-system.git @ 1.6.3

CreateBuildRequest

SendProjectDescription

CreateBuildOperation

** CLEAN SUCCEEDED **

ComputePackagePrebuildTargetDependencyGraph

Prepare packages

CreateBuildRequest

SendProjectDescription

CreateBuildOperation

ComputeTargetDependencyGraph
note: Building targets in dependency order
note: Target dependency graph (73 targets)
    Target 'MoneroOne' in project 'MoneroOne'
        ➜ Explicit dependency on target 'MoneroOneWidgets' in project 'MoneroOne'
        ➜ Explicit dependency on target 'MoneroKit' in project 'MoneroKit.swift'
        ➜ Explicit dependency on target 'HdWalletKit' in project 'HdWalletKit'
    Target 'MoneroKit' in project 'MoneroKit.swift'
        ➜ Explicit dependency on target 'MoneroKit' in project 'MoneroKit.swift'
        ➜ Explicit dependency on target 'CMonero' in project 'MoneroKit.swift'
        ➜ Explicit dependency on target 'GRDB' in project 'GRDB'
        ➜ Explicit dependency on target 'HdWalletKit' in project 'HdWalletKit'
        ➜ Explicit dependency on target 'HsToolKit' in project 'HsToolKit'
    Target 'MoneroKit' in project 'MoneroKit.swift'
        ➜ Explicit dependency on target 'CMonero' in project 'MoneroKit.swift'
        ➜ Explicit dependency on target 'GRDB' in project 'GRDB'
        ➜ Explicit dependency on target 'HdWalletKit' in project 'HdWalletKit'
        ➜ Explicit dependency on target 'HsToolKit' in project 'HsToolKit'
    Target 'HsToolKit' in project 'HsToolKit'
        ➜ Explicit dependency on target 'HsToolKit' in project 'HsToolKit'
        ➜ Explicit dependency on target 'Alamofire' in project 'Alamofire'
        ➜ Explicit dependency on target 'ObjectMapper' in project 'ObjectMapper'
        ➜ Explicit dependency on target 'NIOSSL' in project 'swift-nio-ssl'
        ➜ Explicit dependency on target 'NIOWebSocket' in project 'swift-nio'
        ➜ Explicit dependency on target 'NIOFoundationCompat' in project 'swift-nio'
        ➜ Explicit dependency on target 'HsExtensions' in project 'HsExtensions.Swift'
    Target 'HsToolKit' in project 'HsToolKit'
        ➜ Explicit dependency on target 'Alamofire' in project 'Alamofire'
        ➜ Explicit dependency on target 'ObjectMapper' in project 'ObjectMapper'
        ➜ Explicit dependency on target 'NIOSSL' in project 'swift-nio-ssl'
        ➜ Explicit dependency on target 'NIOWebSocket' in project 'swift-nio'
        ➜ Explicit dependency on target 'NIOFoundationCompat' in project 'swift-nio'
        ➜ Explicit dependency on target 'HsExtensions' in project 'HsExtensions.Swift'
    Target 'NIOFoundationCompat' in project 'swift-nio'
        ➜ Explicit dependency on target 'NIOFoundationCompat' in project 'swift-nio'
        ➜ Explicit dependency on target 'CNIOAtomics' in project 'swift-nio'
        ➜ Explicit dependency on target 'NIOConcurrencyHelpers' in project 'swift-nio'
        ➜ Explicit dependency on target '_NIOBase64' in project 'swift-nio'
        ➜ Explicit dependency on target 'CNIOOpenBSD' in project 'swift-nio'
        ➜ Explicit dependency on target 'CNIODarwin' in project 'swift-nio'
        ➜ Explicit dependency on target 'CNIOLinux' in project 'swift-nio'
        ➜ Explicit dependency on target 'CNIOWindows' in project 'swift-nio'
        ➜ Explicit dependency on target 'CNIOWASI' in project 'swift-nio'
        ➜ Explicit dependency on target '_NIODataStructures' in project 'swift-nio'
        ➜ Explicit dependency on target 'NIOCore' in project 'swift-nio'
        ➜ Explicit dependency on target 'NIOEmbedded' in project 'swift-nio'
        ➜ Explicit dependency on target 'CNIOPosix' in project 'swift-nio'
        ➜ Explicit dependency on target 'NIOPosix' in project 'swift-nio'
        ➜ Explicit dependency on target 'NIO' in project 'swift-nio'
        ➜ Explicit dependency on target 'DequeModule' in project 'swift-collections'
        ➜ Explicit dependency on target 'Atomics' in project 'swift-atomics'
    Target 'NIOFoundationCompat' in project 'swift-nio'
        ➜ Explicit dependency on target 'CNIOAtomics' in project 'swift-nio'
        ➜ Explicit dependency on target 'NIOConcurrencyHelpers' in project 'swift-nio'
        ➜ Explicit dependency on target '_NIOBase64' in project 'swift-nio'
        ➜ Explicit dependency on target 'CNIOOpenBSD' in project 'swift-nio'
        ➜ Explicit dependency on target 'CNIODarwin' in project 'swift-nio'
        ➜ Explicit dependency on target 'CNIOLinux' in project 'swift-nio'
        ➜ Explicit dependency on target 'CNIOWindows' in project 'swift-nio'
        ➜ Explicit dependency on target 'CNIOWASI' in project 'swift-nio'
        ➜ Explicit dependency on target '_NIODataStructures' in project 'swift-nio'
        ➜ Explicit dependency on target 'NIOCore' in project 'swift-nio'
        ➜ Explicit dependency on target 'NIOEmbedded' in project 'swift-nio'
        ➜ Explicit dependency on target 'CNIOPosix' in project 'swift-nio'
        ➜ Explicit dependency on target 'NIOPosix' in project 'swift-nio'
        ➜ Explicit dependency on target 'NIO' in project 'swift-nio'
        ➜ Explicit dependency on target 'DequeModule' in project 'swift-collections'
        ➜ Explicit dependency on target 'Atomics' in project 'swift-atomics'
    Target 'NIOWebSocket' in project 'swift-nio'
        ➜ Explicit dependency on target 'NIOWebSocket' in project 'swift-nio'
        ➜ Explicit dependency on target 'CNIOAtomics' in project 'swift-nio'
        ➜ Explicit dependency on target 'NIOConcurrencyHelpers' in project 'swift-nio'
        ➜ Explicit dependency on target '_NIOBase64' in project 'swift-nio'
        ➜ Explicit dependency on target 'CNIOOpenBSD' in project 'swift-nio'
        ➜ Explicit dependency on target 'CNIODarwin' in project 'swift-nio'
        ➜ Explicit dependency on target 'CNIOLinux' in project 'swift-nio'
        ➜ Explicit dependency on target 'CNIOWindows' in project 'swift-nio'
        ➜ Explicit dependency on target 'CNIOWASI' in project 'swift-nio'
        ➜ Explicit dependency on target '_NIODataStructures' in project 'swift-nio'
        ➜ Explicit dependency on target 'NIOCore' in project 'swift-nio'
        ➜ Explicit dependency on target 'NIOEmbedded' in project 'swift-nio'
        ➜ Explicit dependency on target 'CNIOPosix' in project 'swift-nio'
        ➜ Explicit dependency on target 'NIOPosix' in project 'swift-nio'
        ➜ Explicit dependency on target 'NIO' in project 'swift-nio'
        ➜ Explicit dependency on target 'CNIOLLHTTP' in project 'swift-nio'
        ➜ Explicit dependency on target 'NIOHTTP1' in project 'swift-nio'
        ➜ Explicit dependency on target 'CNIOSHA1' in project 'swift-nio'
        ➜ Explicit dependency on target 'DequeModule' in project 'swift-collections'
        ➜ Explicit dependency on target 'Atomics' in project 'swift-atomics'
    Target 'NIOWebSocket' in project 'swift-nio'
        ➜ Explicit dependency on target 'CNIOAtomics' in project 'swift-nio'
        ➜ Explicit dependency on target 'NIOConcurrencyHelpers' in project 'swift-nio'
        ➜ Explicit dependency on target '_NIOBase64' in project 'swift-nio'
        ➜ Explicit dependency on target 'CNIOOpenBSD' in project 'swift-nio'
        ➜ Explicit dependency on target 'CNIODarwin' in project 'swift-nio'
        ➜ Explicit dependency on target 'CNIOLinux' in project 'swift-nio'
        ➜ Explicit dependency on target 'CNIOWindows' in project 'swift-nio'
        ➜ Explicit dependency on target 'CNIOWASI' in project 'swift-nio'
        ➜ Explicit dependency on target '_NIODataStructures' in project 'swift-nio'
        ➜ Explicit dependency on target 'NIOCore' in project 'swift-nio'
        ➜ Explicit dependency on target 'NIOEmbedded' in project 'swift-nio'
        ➜ Explicit dependency on target 'CNIOPosix' in project 'swift-nio'
        ➜ Explicit dependency on target 'NIOPosix' in project 'swift-nio'
        ➜ Explicit dependency on target 'NIO' in project 'swift-nio'
        ➜ Explicit dependency on target 'CNIOLLHTTP' in project 'swift-nio'
        ➜ Explicit dependency on target 'NIOHTTP1' in project 'swift-nio'
        ➜ Explicit dependency on target 'CNIOSHA1' in project 'swift-nio'
        ➜ Explicit dependency on target 'DequeModule' in project 'swift-collections'
        ➜ Explicit dependency on target 'Atomics' in project 'swift-atomics'
    Target 'CNIOSHA1' in project 'swift-nio' (no dependencies)
    Target 'NIOHTTP1' in project 'swift-nio'
        ➜ Explicit dependency on target 'CNIOAtomics' in project 'swift-nio'
        ➜ Explicit dependency on target 'NIOConcurrencyHelpers' in project 'swift-nio'
        ➜ Explicit dependency on target '_NIOBase64' in project 'swift-nio'
        ➜ Explicit dependency on target 'CNIOOpenBSD' in project 'swift-nio'
        ➜ Explicit dependency on target 'CNIODarwin' in project 'swift-nio'
        ➜ Explicit dependency on target 'CNIOLinux' in project 'swift-nio'
        ➜ Explicit dependency on target 'CNIOWindows' in project 'swift-nio'
        ➜ Explicit dependency on target 'CNIOWASI' in project 'swift-nio'
        ➜ Explicit dependency on target '_NIODataStructures' in project 'swift-nio'
        ➜ Explicit dependency on target 'NIOCore' in project 'swift-nio'
        ➜ Explicit dependency on target 'NIOEmbedded' in project 'swift-nio'
        ➜ Explicit dependency on target 'CNIOPosix' in project 'swift-nio'
        ➜ Explicit dependency on target 'NIOPosix' in project 'swift-nio'
        ➜ Explicit dependency on target 'NIO' in project 'swift-nio'
        ➜ Explicit dependency on target 'CNIOLLHTTP' in project 'swift-nio'
        ➜ Explicit dependency on target 'DequeModule' in project 'swift-collections'
        ➜ Explicit dependency on target 'Atomics' in project 'swift-atomics'
    Target 'CNIOLLHTTP' in project 'swift-nio' (no dependencies)
    Target 'NIOSSL' in project 'swift-nio-ssl'
        ➜ Explicit dependency on target 'NIOSSL' in project 'swift-nio-ssl'
        ➜ Explicit dependency on target 'swift-nio-ssl_NIOSSL' in project 'swift-nio-ssl'
        ➜ Explicit dependency on target 'CNIOBoringSSL' in project 'swift-nio-ssl'
        ➜ Explicit dependency on target 'CNIOBoringSSLShims' in project 'swift-nio-ssl'
        ➜ Explicit dependency on target 'NIO' in project 'swift-nio'
        ➜ Explicit dependency on target 'NIOCore' in project 'swift-nio'
        ➜ Explicit dependency on target 'NIOConcurrencyHelpers' in project 'swift-nio'
        ➜ Explicit dependency on target 'NIOTLS' in project 'swift-nio'
    Target 'NIOSSL' in project 'swift-nio-ssl'
        ➜ Explicit dependency on target 'swift-nio-ssl_NIOSSL' in project 'swift-nio-ssl'
        ➜ Explicit dependency on target 'CNIOBoringSSL' in project 'swift-nio-ssl'
        ➜ Explicit dependency on target 'CNIOBoringSSLShims' in project 'swift-nio-ssl'
        ➜ Explicit dependency on target 'NIO' in project 'swift-nio'
        ➜ Explicit dependency on target 'NIOCore' in project 'swift-nio'
        ➜ Explicit dependency on target 'NIOConcurrencyHelpers' in project 'swift-nio'
        ➜ Explicit dependency on target 'NIOTLS' in project 'swift-nio'
    Target 'NIOTLS' in project 'swift-nio'
        ➜ Explicit dependency on target 'NIOTLS' in project 'swift-nio'
        ➜ Explicit dependency on target 'CNIOAtomics' in project 'swift-nio'
        ➜ Explicit dependency on target 'NIOConcurrencyHelpers' in project 'swift-nio'
        ➜ Explicit dependency on target '_NIOBase64' in project 'swift-nio'
        ➜ Explicit dependency on target 'CNIOOpenBSD' in project 'swift-nio'
        ➜ Explicit dependency on target 'CNIODarwin' in project 'swift-nio'
        ➜ Explicit dependency on target 'CNIOLinux' in project 'swift-nio'
        ➜ Explicit dependency on target 'CNIOWindows' in project 'swift-nio'
        ➜ Explicit dependency on target 'CNIOWASI' in project 'swift-nio'
        ➜ Explicit dependency on target '_NIODataStructures' in project 'swift-nio'
        ➜ Explicit dependency on target 'NIOCore' in project 'swift-nio'
        ➜ Explicit dependency on target 'NIOEmbedded' in project 'swift-nio'
        ➜ Explicit dependency on target 'CNIOPosix' in project 'swift-nio'
        ➜ Explicit dependency on target 'NIOPosix' in project 'swift-nio'
        ➜ Explicit dependency on target 'NIO' in project 'swift-nio'
        ➜ Explicit dependency on target 'DequeModule' in project 'swift-collections'
        ➜ Explicit dependency on target 'Atomics' in project 'swift-atomics'
    Target 'NIOTLS' in project 'swift-nio'
        ➜ Explicit dependency on target 'CNIOAtomics' in project 'swift-nio'
        ➜ Explicit dependency on target 'NIOConcurrencyHelpers' in project 'swift-nio'
        ➜ Explicit dependency on target '_NIOBase64' in project 'swift-nio'
        ➜ Explicit dependency on target 'CNIOOpenBSD' in project 'swift-nio'
        ➜ Explicit dependency on target 'CNIODarwin' in project 'swift-nio'
        ➜ Explicit dependency on target 'CNIOLinux' in project 'swift-nio'
        ➜ Explicit dependency on target 'CNIOWindows' in project 'swift-nio'
        ➜ Explicit dependency on target 'CNIOWASI' in project 'swift-nio'
        ➜ Explicit dependency on target '_NIODataStructures' in project 'swift-nio'
        ➜ Explicit dependency on target 'NIOCore' in project 'swift-nio'
        ➜ Explicit dependency on target 'NIOEmbedded' in project 'swift-nio'
        ➜ Explicit dependency on target 'CNIOPosix' in project 'swift-nio'
        ➜ Explicit dependency on target 'NIOPosix' in project 'swift-nio'
        ➜ Explicit dependency on target 'NIO' in project 'swift-nio'
        ➜ Explicit dependency on target 'DequeModule' in project 'swift-collections'
        ➜ Explicit dependency on target 'Atomics' in project 'swift-atomics'
    Target 'NIOConcurrencyHelpers' in project 'swift-nio'
        ➜ Explicit dependency on target 'NIOConcurrencyHelpers' in project 'swift-nio'
        ➜ Explicit dependency on target 'CNIOAtomics' in project 'swift-nio'
    Target 'NIOCore' in project 'swift-nio'
        ➜ Explicit dependency on target 'NIOCore' in project 'swift-nio'
        ➜ Explicit dependency on target 'CNIOAtomics' in project 'swift-nio'
        ➜ Explicit dependency on target 'NIOConcurrencyHelpers' in project 'swift-nio'
        ➜ Explicit dependency on target '_NIOBase64' in project 'swift-nio'
        ➜ Explicit dependency on target 'CNIOOpenBSD' in project 'swift-nio'
        ➜ Explicit dependency on target 'CNIODarwin' in project 'swift-nio'
        ➜ Explicit dependency on target 'CNIOLinux' in project 'swift-nio'
        ➜ Explicit dependency on target 'CNIOWindows' in project 'swift-nio'
        ➜ Explicit dependency on target 'CNIOWASI' in project 'swift-nio'
        ➜ Explicit dependency on target '_NIODataStructures' in project 'swift-nio'
        ➜ Explicit dependency on target 'DequeModule' in project 'swift-collections'
        ➜ Explicit dependency on target 'Atomics' in project 'swift-atomics'
    Target 'NIO' in project 'swift-nio'
        ➜ Explicit dependency on target 'NIO' in project 'swift-nio'
        ➜ Explicit dependency on target 'CNIOAtomics' in project 'swift-nio'
        ➜ Explicit dependency on target 'NIOConcurrencyHelpers' in project 'swift-nio'
        ➜ Explicit dependency on target '_NIOBase64' in project 'swift-nio'
        ➜ Explicit dependency on target 'CNIOOpenBSD' in project 'swift-nio'
        ➜ Explicit dependency on target 'CNIODarwin' in project 'swift-nio'
        ➜ Explicit dependency on target 'CNIOLinux' in project 'swift-nio'
        ➜ Explicit dependency on target 'CNIOWindows' in project 'swift-nio'
        ➜ Explicit dependency on target 'CNIOWASI' in project 'swift-nio'
        ➜ Explicit dependency on target '_NIODataStructures' in project 'swift-nio'
        ➜ Explicit dependency on target 'NIOCore' in project 'swift-nio'
        ➜ Explicit dependency on target 'NIOEmbedded' in project 'swift-nio'
        ➜ Explicit dependency on target 'CNIOPosix' in project 'swift-nio'
        ➜ Explicit dependency on target 'NIOPosix' in project 'swift-nio'
        ➜ Explicit dependency on target 'DequeModule' in project 'swift-collections'
        ➜ Explicit dependency on target 'Atomics' in project 'swift-atomics'
    Target 'NIO' in project 'swift-nio'
        ➜ Explicit dependency on target 'CNIOAtomics' in project 'swift-nio'
        ➜ Explicit dependency on target 'NIOConcurrencyHelpers' in project 'swift-nio'
        ➜ Explicit dependency on target '_NIOBase64' in project 'swift-nio'
        ➜ Explicit dependency on target 'CNIOOpenBSD' in project 'swift-nio'
        ➜ Explicit dependency on target 'CNIODarwin' in project 'swift-nio'
        ➜ Explicit dependency on target 'CNIOLinux' in project 'swift-nio'
        ➜ Explicit dependency on target 'CNIOWindows' in project 'swift-nio'
        ➜ Explicit dependency on target 'CNIOWASI' in project 'swift-nio'
        ➜ Explicit dependency on target '_NIODataStructures' in project 'swift-nio'
        ➜ Explicit dependency on target 'NIOCore' in project 'swift-nio'
        ➜ Explicit dependency on target 'NIOEmbedded' in project 'swift-nio'
        ➜ Explicit dependency on target 'CNIOPosix' in project 'swift-nio'
        ➜ Explicit dependency on target 'NIOPosix' in project 'swift-nio'
        ➜ Explicit dependency on target 'DequeModule' in project 'swift-collections'
        ➜ Explicit dependency on target 'Atomics' in project 'swift-atomics'
    Target 'NIOPosix' in project 'swift-nio'
        ➜ Explicit dependency on target 'swift-nio_NIOPosix' in project 'swift-nio'
        ➜ Explicit dependency on target 'CNIOOpenBSD' in project 'swift-nio'
        ➜ Explicit dependency on target 'CNIOLinux' in project 'swift-nio'
        ➜ Explicit dependency on target 'CNIODarwin' in project 'swift-nio'
        ➜ Explicit dependency on target 'CNIOWindows' in project 'swift-nio'
        ➜ Explicit dependency on target 'CNIOAtomics' in project 'swift-nio'
        ➜ Explicit dependency on target 'NIOConcurrencyHelpers' in project 'swift-nio'
        ➜ Explicit dependency on target '_NIOBase64' in project 'swift-nio'
        ➜ Explicit dependency on target 'CNIOWASI' in project 'swift-nio'
        ➜ Explicit dependency on target '_NIODataStructures' in project 'swift-nio'
        ➜ Explicit dependency on target 'NIOCore' in project 'swift-nio'
        ➜ Explicit dependency on target 'CNIOPosix' in project 'swift-nio'
        ➜ Explicit dependency on target 'DequeModule' in project 'swift-collections'
        ➜ Explicit dependency on target 'Atomics' in project 'swift-atomics'
    Target 'swift-nio_NIOPosix' in project 'swift-nio' (no dependencies)
    Target 'CNIOPosix' in project 'swift-nio' (no dependencies)
    Target 'NIOEmbedded' in project 'swift-nio'
        ➜ Explicit dependency on target 'CNIOAtomics' in project 'swift-nio'
        ➜ Explicit dependency on target 'NIOConcurrencyHelpers' in project 'swift-nio'
        ➜ Explicit dependency on target '_NIOBase64' in project 'swift-nio'
        ➜ Explicit dependency on target 'CNIOOpenBSD' in project 'swift-nio'
        ➜ Explicit dependency on target 'CNIODarwin' in project 'swift-nio'
        ➜ Explicit dependency on target 'CNIOLinux' in project 'swift-nio'
        ➜ Explicit dependency on target 'CNIOWindows' in project 'swift-nio'
        ➜ Explicit dependency on target 'CNIOWASI' in project 'swift-nio'
        ➜ Explicit dependency on target '_NIODataStructures' in project 'swift-nio'
        ➜ Explicit dependency on target 'NIOCore' in project 'swift-nio'
        ➜ Explicit dependency on target 'DequeModule' in project 'swift-collections'
        ➜ Explicit dependency on target 'Atomics' in project 'swift-atomics'
    Target 'NIOCore' in project 'swift-nio'
        ➜ Explicit dependency on target 'CNIOAtomics' in project 'swift-nio'
        ➜ Explicit dependency on target 'NIOConcurrencyHelpers' in project 'swift-nio'
        ➜ Explicit dependency on target '_NIOBase64' in project 'swift-nio'
        ➜ Explicit dependency on target 'CNIOOpenBSD' in project 'swift-nio'
        ➜ Explicit dependency on target 'CNIODarwin' in project 'swift-nio'
        ➜ Explicit dependency on target 'CNIOLinux' in project 'swift-nio'
        ➜ Explicit dependency on target 'CNIOWindows' in project 'swift-nio'
        ➜ Explicit dependency on target 'CNIOWASI' in project 'swift-nio'
        ➜ Explicit dependency on target '_NIODataStructures' in project 'swift-nio'
        ➜ Explicit dependency on target 'DequeModule' in project 'swift-collections'
        ➜ Explicit dependency on target 'Atomics' in project 'swift-atomics'
    Target 'Atomics' in project 'swift-atomics'
        ➜ Explicit dependency on target 'Atomics' in project 'swift-atomics'
        ➜ Explicit dependency on target '_AtomicsShims' in project 'swift-atomics'
    Target 'Atomics' in project 'swift-atomics'
        ➜ Explicit dependency on target '_AtomicsShims' in project 'swift-atomics'
    Target '_AtomicsShims' in project 'swift-atomics' (no dependencies)
    Target 'DequeModule' in project 'swift-collections'
        ➜ Explicit dependency on target 'DequeModule' in project 'swift-collections'
        ➜ Explicit dependency on target 'InternalCollectionsUtilities' in project 'swift-collections'
    Target 'DequeModule' in project 'swift-collections'
        ➜ Explicit dependency on target 'InternalCollectionsUtilities' in project 'swift-collections'
    Target 'InternalCollectionsUtilities' in project 'swift-collections' (no dependencies)
    Target '_NIODataStructures' in project 'swift-nio' (no dependencies)
    Target 'CNIOWASI' in project 'swift-nio' (no dependencies)
    Target 'CNIOWindows' in project 'swift-nio' (no dependencies)
    Target 'CNIOLinux' in project 'swift-nio' (no dependencies)
    Target 'CNIODarwin' in project 'swift-nio' (no dependencies)
    Target 'CNIOOpenBSD' in project 'swift-nio' (no dependencies)
    Target '_NIOBase64' in project 'swift-nio' (no dependencies)
    Target 'NIOConcurrencyHelpers' in project 'swift-nio'
        ➜ Explicit dependency on target 'CNIOAtomics' in project 'swift-nio'
    Target 'CNIOAtomics' in project 'swift-nio' (no dependencies)
    Target 'CNIOBoringSSLShims' in project 'swift-nio-ssl'
        ➜ Explicit dependency on target 'CNIOBoringSSL' in project 'swift-nio-ssl'
    Target 'CNIOBoringSSL' in project 'swift-nio-ssl' (no dependencies)
    Target 'swift-nio-ssl_NIOSSL' in project 'swift-nio-ssl' (no dependencies)
    Target 'ObjectMapper' in project 'ObjectMapper'
        ➜ Explicit dependency on target 'ObjectMapper' in project 'ObjectMapper'
    Target 'ObjectMapper' in project 'ObjectMapper' (no dependencies)
    Target 'Alamofire' in project 'Alamofire'
        ➜ Explicit dependency on target 'Alamofire' in project 'Alamofire'
        ➜ Explicit dependency on target 'Alamofire_Alamofire' in project 'Alamofire'
    Target 'Alamofire' in project 'Alamofire'
        ➜ Explicit dependency on target 'Alamofire_Alamofire' in project 'Alamofire'
    Target 'Alamofire_Alamofire' in project 'Alamofire' (no dependencies)
    Target 'HdWalletKit' in project 'HdWalletKit'
        ➜ Explicit dependency on target 'HdWalletKit' in project 'HdWalletKit'
        ➜ Explicit dependency on target 'Crypto' in project 'swift-crypto'
        ➜ Explicit dependency on target '_CryptoExtras' in project 'swift-crypto'
        ➜ Explicit dependency on target 'secp256k1' in project 'secp256k1'
        ➜ Explicit dependency on target 'HsCryptoKit' in project 'HsCryptoKit.Swift'
    Target 'HdWalletKit' in project 'HdWalletKit'
        ➜ Explicit dependency on target 'Crypto' in project 'swift-crypto'
        ➜ Explicit dependency on target '_CryptoExtras' in project 'swift-crypto'
        ➜ Explicit dependency on target 'secp256k1' in project 'secp256k1'
        ➜ Explicit dependency on target 'HsCryptoKit' in project 'HsCryptoKit.Swift'
    Target 'HsCryptoKit' in project 'HsCryptoKit.Swift'
        ➜ Explicit dependency on target 'HsCryptoKit' in project 'HsCryptoKit.Swift'
        ➜ Explicit dependency on target 'HsCryptoKitC' in project 'HsCryptoKit.Swift'
        ➜ Explicit dependency on target 'BigInt' in project 'BigInt'
        ➜ Explicit dependency on target 'HsExtensions' in project 'HsExtensions.Swift'
        ➜ Explicit dependency on target 'Crypto' in project 'swift-crypto'
        ➜ Explicit dependency on target '_CryptoExtras' in project 'swift-crypto'
        ➜ Explicit dependency on target 'secp256k1' in project 'secp256k1'
    Target 'HsCryptoKit' in project 'HsCryptoKit.Swift'
        ➜ Explicit dependency on target 'HsCryptoKitC' in project 'HsCryptoKit.Swift'
        ➜ Explicit dependency on target 'BigInt' in project 'BigInt'
        ➜ Explicit dependency on target 'HsExtensions' in project 'HsExtensions.Swift'
        ➜ Explicit dependency on target 'Crypto' in project 'swift-crypto'
        ➜ Explicit dependency on target '_CryptoExtras' in project 'swift-crypto'
        ➜ Explicit dependency on target 'secp256k1' in project 'secp256k1'
    Target 'HsExtensions' in project 'HsExtensions.Swift'
        ➜ Explicit dependency on target 'HsExtensions' in project 'HsExtensions.Swift'
    Target 'HsExtensions' in project 'HsExtensions.Swift' (no dependencies)
    Target 'BigInt' in project 'BigInt'
        ➜ Explicit dependency on target 'BigInt' in project 'BigInt'
    Target 'BigInt' in project 'BigInt' (no dependencies)
    Target 'HsCryptoKitC' in project 'HsCryptoKit.Swift' (no dependencies)
    Target 'secp256k1' in project 'secp256k1'
        ➜ Explicit dependency on target 'secp256k1' in project 'secp256k1'
        ➜ Explicit dependency on target 'secp256k1_bindings' in project 'secp256k1'
    Target 'secp256k1' in project 'secp256k1'
        ➜ Explicit dependency on target 'secp256k1_bindings' in project 'secp256k1'
    Target 'secp256k1_bindings' in project 'secp256k1' (no dependencies)
    Target '_CryptoExtras' in project 'swift-crypto'
        ➜ Explicit dependency on target '_CryptoExtras' in project 'swift-crypto'
        ➜ Explicit dependency on target 'CCryptoBoringSSL' in project 'swift-crypto'
        ➜ Explicit dependency on target 'CCryptoBoringSSLShims' in project 'swift-crypto'
        ➜ Explicit dependency on target 'CryptoBoringWrapper' in project 'swift-crypto'
        ➜ Explicit dependency on target 'Crypto' in project 'swift-crypto'
    Target '_CryptoExtras' in project 'swift-crypto'
        ➜ Explicit dependency on target 'CCryptoBoringSSL' in project 'swift-crypto'
        ➜ Explicit dependency on target 'CCryptoBoringSSLShims' in project 'swift-crypto'
        ➜ Explicit dependency on target 'CryptoBoringWrapper' in project 'swift-crypto'
        ➜ Explicit dependency on target 'Crypto' in project 'swift-crypto'
    Target 'CryptoBoringWrapper' in project 'swift-crypto'
        ➜ Explicit dependency on target 'CCryptoBoringSSL' in project 'swift-crypto'
        ➜ Explicit dependency on target 'CCryptoBoringSSLShims' in project 'swift-crypto'
    Target 'CCryptoBoringSSLShims' in project 'swift-crypto'
        ➜ Explicit dependency on target 'CCryptoBoringSSL' in project 'swift-crypto'
    Target 'CCryptoBoringSSL' in project 'swift-crypto' (no dependencies)
    Target 'Crypto' in project 'swift-crypto'
        ➜ Explicit dependency on target 'Crypto' in project 'swift-crypto'
    Target 'Crypto' in project 'swift-crypto' (no dependencies)
    Target 'GRDB' in project 'GRDB'
        ➜ Explicit dependency on target 'GRDB' in project 'GRDB'
        ➜ Explicit dependency on target 'GRDB_GRDB' in project 'GRDB'
    Target 'GRDB' in project 'GRDB'
        ➜ Explicit dependency on target 'GRDB_GRDB' in project 'GRDB'
        ➜ Explicit dependency on target 'CSQLite' in project 'GRDB'
    Target 'CSQLite' in project 'GRDB' (no dependencies)
    Target 'GRDB_GRDB' in project 'GRDB' (no dependencies)
    Target 'CMonero' in project 'MoneroKit.swift' (no dependencies)
    Target 'MoneroOneWidgets' in project 'MoneroOne' (no dependencies)

GatherProvisioningInputs

CreateBuildDescription

ExecuteExternalTool /Applications/Xcode.app/Contents/Developer/Toolchains/XcodeDefault.xctoolchain/usr/bin/clang -v -E -dM -arch arm64 -isysroot /Applications/Xcode.app/Contents/Developer/Platforms/iPhoneSimulator.platform/Developer/SDKs/iPhoneSimulator26.1.sdk -x c++ -c /dev/null

ExecuteExternalTool /Applications/Xcode.app/Contents/Developer/usr/bin/actool --version --output-format xml1

ExecuteExternalTool /Applications/Xcode.app/Contents/Developer/Toolchains/XcodeDefault.xctoolchain/usr/bin/clang -v -E -dM -arch arm64 -isysroot /Applications/Xcode.app/Contents/Developer/Platforms/iPhoneSimulator.platform/Developer/SDKs/iPhoneSimulator26.1.sdk -x c -c /dev/null

ExecuteExternalTool /Applications/Xcode.app/Contents/Developer/Toolchains/XcodeDefault.xctoolchain/usr/bin/swiftc --version

ExecuteExternalTool /Applications/Xcode.app/Contents/Developer/Toolchains/XcodeDefault.xctoolchain/usr/bin/clang -v -E -dM -isysroot /Applications/Xcode.app/Contents/Developer/Platforms/iPhoneSimulator.platform/Developer/SDKs/iPhoneSimulator26.1.sdk -x c -c /dev/null

ExecuteExternalTool /Applications/Xcode.app/Contents/Developer/usr/bin/actool --print-asset-tag-combinations --output-format xml1 /Users/j/Documents/GitHub/MoneroOne/MoneroOne/Resources/Assets.xcassets

ExecuteExternalTool /Applications/Xcode.app/Contents/Developer/Toolchains/XcodeDefault.xctoolchain/usr/bin/ld -version_details

ReadFileContents /Applications/Xcode.app/Contents/Developer/Toolchains/XcodeDefault.xctoolchain/usr/share/docc/features.json

ExecuteExternalTool /Applications/Xcode.app/Contents/Developer/Toolchains/XcodeDefault.xctoolchain/usr/bin/clang -v -E -dM -arch arm64 -isysroot /Applications/Xcode.app/Contents/Developer/Platforms/iPhoneSimulator.platform/Developer/SDKs/iPhoneSimulator26.1.sdk -x assembler-with-cpp -c /dev/null

Build description signature: 3d86c5beae4c54782e15a9da735c313f
Build description path: /Users/j/Documents/GitHub/MoneroOne/build/Build/Intermediates.noindex/XCBuildData/3d86c5beae4c54782e15a9da735c313f.xcbuilddata
ClangStatCache /Applications/Xcode.app/Contents/Developer/Toolchains/XcodeDefault.xctoolchain/usr/bin/clang-stat-cache /Applications/Xcode.app/Contents/Developer/Platforms/iPhoneSimulator.platform/Developer/SDKs/iPhoneSimulator26.1.sdk /Users/j/Documents/GitHub/MoneroOne/build/SDKStatCaches.noindex/iphonesimulator26.1-23B77-90cf18a4295e390e64c810bc6bd7acbc.sdkstatcache
    cd /Users/j/Documents/GitHub/MoneroOne/MoneroOne.xcodeproj
    /Applications/Xcode.app/Contents/Developer/Toolchains/XcodeDefault.xctoolchain/usr/bin/clang-stat-cache /Applications/Xcode.app/Contents/Developer/Platforms/iPhoneSimulator.platform/Developer/SDKs/iPhoneSimulator26.1.sdk -o /Users/j/Documents/GitHub/MoneroOne/build/SDKStatCaches.noindex/iphonesimulator26.1-23B77-90cf18a4295e390e64c810bc6bd7acbc.sdkstatcache

CreateBuildDirectory /Users/j/Documents/GitHub/MoneroOne/build/Build/Intermediates.noindex
    cd /Users/j/Documents/GitHub/MoneroOne/MoneroOne.xcodeproj
    builtin-create-build-directory /Users/j/Documents/GitHub/MoneroOne/build/Build/Intermediates.noindex

CreateBuildDirectory /Users/j/Documents/GitHub/MoneroOne/build/Build/Products
    cd /Users/j/Documents/GitHub/MoneroOne/MoneroOne.xcodeproj
    builtin-create-build-directory /Users/j/Documents/GitHub/MoneroOne/build/Build/Products

CreateBuildDirectory /Users/j/Documents/GitHub/MoneroOne/build/Build/Products/Debug-iphonesimulator
    cd /Users/j/Documents/GitHub/MoneroOne/MoneroOne.xcodeproj
    builtin-create-build-directory /Users/j/Documents/GitHub/MoneroOne/build/Build/Products/Debug-iphonesimulator

CreateBuildDirectory /Users/j/Documents/GitHub/MoneroOne/build/Build/Intermediates.noindex/SwiftExplicitPrecompiledModules
    cd /Users/j/Documents/GitHub/MoneroOne/MoneroOne.xcodeproj
    builtin-create-build-directory /Users/j/Documents/GitHub/MoneroOne/build/Build/Intermediates.noindex/SwiftExplicitPrecompiledModules

CreateBuildDirectory /Users/j/Documents/GitHub/MoneroOne/build/Build/Intermediates.noindex/ExplicitPrecompiledModules
    cd /Users/j/Documents/GitHub/MoneroOne/MoneroOne.xcodeproj
    builtin-create-build-directory /Users/j/Documents/GitHub/MoneroOne/build/Build/Intermediates.noindex/ExplicitPrecompiledModules

CreateBuildDirectory /Users/j/Documents/GitHub/MoneroOne/build/Build/Intermediates.noindex/EagerLinkingTBDs/Debug-iphonesimulator
    cd /Users/j/Documents/GitHub/MoneroOne/MoneroOne.xcodeproj
    builtin-create-build-directory /Users/j/Documents/GitHub/MoneroOne/build/Build/Intermediates.noindex/EagerLinkingTBDs/Debug-iphonesimulator

WriteAuxiliaryFile /Users/j/Documents/GitHub/MoneroOne/build/Build/Intermediates.noindex/MoneroOne.build/Debug-iphonesimulator/MoneroOne-ddead9317c92f588809e09356899951d-VFS-iphonesimulator/all-product-headers.yaml
    cd /Users/j/Documents/GitHub/MoneroOne/MoneroOne.xcodeproj
    write-file /Users/j/Documents/GitHub/MoneroOne/build/Build/Intermediates.noindex/MoneroOne.build/Debug-iphonesimulator/MoneroOne-ddead9317c92f588809e09356899951d-VFS-iphonesimulator/all-product-headers.yaml

WriteAuxiliaryFile /Users/j/Documents/GitHub/MoneroOne/build/Build/Intermediates.noindex/swift-nio.build/Debug-iphonesimulator/_NIODataStructures.build/_NIODataStructures.DependencyStaticMetadataFileList (in target '_NIODataStructures' from project 'swift-nio')
    cd /Users/j/Documents/GitHub/MoneroOne/build/SourcePackages/checkouts/swift-nio
    write-file /Users/j/Documents/GitHub/MoneroOne/build/Build/Intermediates.noindex/swift-nio.build/Debug-iphonesimulator/_NIODataStructures.build/_NIODataStructures.DependencyStaticMetadataFileList

WriteAuxiliaryFile /Users/j/Documents/GitHub/MoneroOne/build/Build/Intermediates.noindex/swift-nio.build/Debug-iphonesimulator/_NIODataStructures.build/_NIODataStructures.modulemap (in target '_NIODataStructures' from project 'swift-nio')
    cd /Users/j/Documents/GitHub/MoneroOne/build/SourcePackages/checkouts/swift-nio
    write-file /Users/j/Documents/GitHub/MoneroOne/build/Build/Intermediates.noindex/swift-nio.build/Debug-iphonesimulator/_NIODataStructures.build/_NIODataStructures.modulemap

WriteAuxiliaryFile /Users/j/Documents/GitHub/MoneroOne/build/Build/Intermediates.noindex/swift-nio.build/Debug-iphonesimulator/swift-nio_NIOPosix.build/empty-swift-nio_NIOPosix.plist (in target 'swift-nio_NIOPosix' from project 'swift-nio')
    cd /Users/j/Documents/GitHub/MoneroOne/build/SourcePackages/checkouts/swift-nio
    write-file /Users/j/Documents/GitHub/MoneroOne/build/Build/Intermediates.noindex/swift-nio.build/Debug-iphonesimulator/swift-nio_NIOPosix.build/empty-swift-nio_NIOPosix.plist

WriteAuxiliaryFile /Users/j/Documents/GitHub/MoneroOne/build/Build/Intermediates.noindex/swift-nio.build/Debug-iphonesimulator/swift-nio_NIOPosix.build/swift-nio_NIOPosix.DependencyMetadataFileList (in target 'swift-nio_NIOPosix' from project 'swift-nio')
    cd /Users/j/Documents/GitHub/MoneroOne/build/SourcePackages/checkouts/swift-nio
    write-file /Users/j/Documents/GitHub/MoneroOne/build/Build/Intermediates.noindex/swift-nio.build/Debug-iphonesimulator/swift-nio_NIOPosix.build/swift-nio_NIOPosix.DependencyMetadataFileList

WriteAuxiliaryFile /Users/j/Documents/GitHub/MoneroOne/build/Build/Intermediates.noindex/swift-nio.build/Debug-iphonesimulator/swift-nio_NIOPosix.build/swift-nio_NIOPosix.DependencyStaticMetadataFileList (in target 'swift-nio_NIOPosix' from project 'swift-nio')
    cd /Users/j/Documents/GitHub/MoneroOne/build/SourcePackages/checkouts/swift-nio
    write-file /Users/j/Documents/GitHub/MoneroOne/build/Build/Intermediates.noindex/swift-nio.build/Debug-iphonesimulator/swift-nio_NIOPosix.build/swift-nio_NIOPosix.DependencyStaticMetadataFileList

WriteAuxiliaryFile /Users/j/Documents/GitHub/MoneroOne/build/Build/Intermediates.noindex/swift-nio-ssl.build/Debug-iphonesimulator/swift-nio-ssl_NIOSSL.build/swift-nio-ssl_NIOSSL.DependencyStaticMetadataFileList (in target 'swift-nio-ssl_NIOSSL' from project 'swift-nio-ssl')
    cd /Users/j/Documents/GitHub/MoneroOne/build/SourcePackages/checkouts/swift-nio-ssl
    write-file /Users/j/Documents/GitHub/MoneroOne/build/Build/Intermediates.noindex/swift-nio-ssl.build/Debug-iphonesimulator/swift-nio-ssl_NIOSSL.build/swift-nio-ssl_NIOSSL.DependencyStaticMetadataFileList

WriteAuxiliaryFile /Users/j/Documents/GitHub/MoneroOne/build/Build/Intermediates.noindex/swift-nio-ssl.build/Debug-iphonesimulator/swift-nio-ssl_NIOSSL.build/swift-nio-ssl_NIOSSL.DependencyMetadataFileList (in target 'swift-nio-ssl_NIOSSL' from project 'swift-nio-ssl')
    cd /Users/j/Documents/GitHub/MoneroOne/build/SourcePackages/checkouts/swift-nio-ssl
    write-file /Users/j/Documents/GitHub/MoneroOne/build/Build/Intermediates.noindex/swift-nio-ssl.build/Debug-iphonesimulator/swift-nio-ssl_NIOSSL.build/swift-nio-ssl_NIOSSL.DependencyMetadataFileList

WriteAuxiliaryFile /Users/j/Documents/GitHub/MoneroOne/build/Build/Intermediates.noindex/swift-nio-ssl.build/Debug-iphonesimulator/swift-nio-ssl_NIOSSL.build/empty-swift-nio-ssl_NIOSSL.plist (in target 'swift-nio-ssl_NIOSSL' from project 'swift-nio-ssl')
    cd /Users/j/Documents/GitHub/MoneroOne/build/SourcePackages/checkouts/swift-nio-ssl
    write-file /Users/j/Documents/GitHub/MoneroOne/build/Build/Intermediates.noindex/swift-nio-ssl.build/Debug-iphonesimulator/swift-nio-ssl_NIOSSL.build/empty-swift-nio-ssl_NIOSSL.plist

WriteAuxiliaryFile /Users/j/Documents/GitHub/MoneroOne/build/Build/Intermediates.noindex/secp256k1.build/Debug-iphonesimulator/secp256k1_bindings.build/secp256k1_bindings.modulemap (in target 'secp256k1_bindings' from project 'secp256k1')
    cd /Users/j/Documents/GitHub/MoneroOne/build/SourcePackages/checkouts/secp256k1.swift
    write-file /Users/j/Documents/GitHub/MoneroOne/build/Build/Intermediates.noindex/secp256k1.build/Debug-iphonesimulator/secp256k1_bindings.build/secp256k1_bindings.modulemap

WriteAuxiliaryFile /Users/j/Documents/GitHub/MoneroOne/build/Build/Intermediates.noindex/secp256k1.build/Debug-iphonesimulator/secp256k1_bindings.build/secp256k1_bindings.DependencyStaticMetadataFileList (in target 'secp256k1_bindings' from project 'secp256k1')
    cd /Users/j/Documents/GitHub/MoneroOne/build/SourcePackages/checkouts/secp256k1.swift
    write-file /Users/j/Documents/GitHub/MoneroOne/build/Build/Intermediates.noindex/secp256k1.build/Debug-iphonesimulator/secp256k1_bindings.build/secp256k1_bindings.DependencyStaticMetadataFileList

WriteAuxiliaryFile /Users/j/Documents/GitHub/MoneroOne/build/Build/Intermediates.noindex/secp256k1.build/Debug-iphonesimulator/secp256k1_bindings.build/secp256k1_bindings.DependencyMetadataFileList (in target 'secp256k1_bindings' from project 'secp256k1')
    cd /Users/j/Documents/GitHub/MoneroOne/build/SourcePackages/checkouts/secp256k1.swift
    write-file /Users/j/Documents/GitHub/MoneroOne/build/Build/Intermediates.noindex/secp256k1.build/Debug-iphonesimulator/secp256k1_bindings.build/secp256k1_bindings.DependencyMetadataFileList

WriteAuxiliaryFile /Users/j/Documents/GitHub/MoneroOne/build/Build/Intermediates.noindex/secp256k1.build/Debug-iphonesimulator/secp256k1.build/secp256k1.modulemap (in target 'secp256k1' from project 'secp256k1')
    cd /Users/j/Documents/GitHub/MoneroOne/build/SourcePackages/checkouts/secp256k1.swift
    write-file /Users/j/Documents/GitHub/MoneroOne/build/Build/Intermediates.noindex/secp256k1.build/Debug-iphonesimulator/secp256k1.build/secp256k1.modulemap

WriteAuxiliaryFile /Users/j/Documents/GitHub/MoneroOne/build/Build/Intermediates.noindex/secp256k1.build/Debug-iphonesimulator/secp256k1.build/secp256k1.DependencyMetadataFileList (in target 'secp256k1' from project 'secp256k1')
    cd /Users/j/Documents/GitHub/MoneroOne/build/SourcePackages/checkouts/secp256k1.swift
    write-file /Users/j/Documents/GitHub/MoneroOne/build/Build/Intermediates.noindex/secp256k1.build/Debug-iphonesimulator/secp256k1.build/secp256k1.DependencyMetadataFileList

WriteAuxiliaryFile /Users/j/Documents/GitHub/MoneroOne/build/Build/Intermediates.noindex/secp256k1.build/Debug-iphonesimulator/secp256k1.build/secp256k1.DependencyStaticMetadataFileList (in target 'secp256k1' from project 'secp256k1')
    cd /Users/j/Documents/GitHub/MoneroOne/build/SourcePackages/checkouts/secp256k1.swift
    write-file /Users/j/Documents/GitHub/MoneroOne/build/Build/Intermediates.noindex/secp256k1.build/Debug-iphonesimulator/secp256k1.build/secp256k1.DependencyStaticMetadataFileList

WriteAuxiliaryFile /Users/j/Documents/GitHub/MoneroOne/build/Build/Intermediates.noindex/secp256k1.build/Debug-iphonesimulator/secp256k1_bindings.build/Objects-normal/arm64/7187679823f38a2a940e0043cdf9d637-common-args.resp (in target 'secp256k1_bindings' from project 'secp256k1')
    cd /Users/j/Documents/GitHub/MoneroOne/build/SourcePackages/checkouts/secp256k1.swift
    write-file /Users/j/Documents/GitHub/MoneroOne/build/Build/Intermediates.noindex/secp256k1.build/Debug-iphonesimulator/secp256k1_bindings.build/Objects-normal/arm64/7187679823f38a2a940e0043cdf9d637-common-args.resp
-target arm64-apple-ios12.0-simulator '-std=c89' -fmodules -gmodules '-fmodules-cache-path=/Users/j/Documents/GitHub/MoneroOne/build/ModuleCache.noindex' '-fmodule-name=secp256k1_bindings' -fpascal-strings -O0 -DSWIFT_PACKAGE '-DDEBUG=1' '-DECMULT_GEN_PREC_BITS=4' '-DECMULT_WINDOW_SIZE=15' -DENABLE_MODULE_ECDH -DENABLE_MODULE_EXTRAKEYS -DENABLE_MODULE_RECOVERY -DENABLE_MODULE_SCHNORRSIG -isysroot /Applications/Xcode.app/Contents/Developer/Platforms/iPhoneSimulator.platform/Developer/SDKs/iPhoneSimulator26.1.sdk -g -I/Users/j/Documents/GitHub/MoneroOne/build/Build/Products/Debug-iphonesimulator/include -I/Users/j/Documents/GitHub/MoneroOne/build/SourcePackages/checkouts/secp256k1.swift/Sources/secp256k1_bindings/include -I/Users/j/Documents/GitHub/MoneroOne/build/Build/Intermediates.noindex/secp256k1.build/Debug-iphonesimulator/secp256k1_bindings.build/DerivedSources-normal/arm64 -I/Users/j/Documents/GitHub/MoneroOne/build/Build/Intermediates.noindex/secp256k1.build/Debug-iphonesimulator/secp256k1_bindings.build/DerivedSources/arm64 -I/Users/j/Documents/GitHub/MoneroOne/build/Build/Intermediates.noindex/secp256k1.build/Debug-iphonesimulator/secp256k1_bindings.build/DerivedSources -F/Users/j/Documents/GitHub/MoneroOne/build/Build/Products/Debug-iphonesimulator -iframework /Applications/Xcode.app/Contents/Developer/Platforms/iPhoneSimulator.platform/Developer/Library/Frameworks -iframework /Applications/Xcode.app/Contents/Developer/Platforms/iPhoneSimulator.platform/Developer/SDKs/iPhoneSimulator26.1.sdk/Developer/Library/Frameworks -DXcode

WriteAuxiliaryFile /Users/j/Documents/GitHub/MoneroOne/build/Build/Intermediates.noindex/secp256k1.build/Debug-iphonesimulator/secp256k1_bindings.build/Objects-normal/arm64/secp256k1_bindings.LinkFileList (in target 'secp256k1_bindings' from project 'secp256k1')
    cd /Users/j/Documents/GitHub/MoneroOne/build/SourcePackages/checkouts/secp256k1.swift
    write-file /Users/j/Documents/GitHub/MoneroOne/build/Build/Intermediates.noindex/secp256k1.build/Debug-iphonesimulator/secp256k1_bindings.build/Objects-normal/arm64/secp256k1_bindings.LinkFileList

WriteAuxiliaryFile /Users/j/Documents/GitHub/MoneroOne/build/Build/Intermediates.noindex/secp256k1.build/Debug-iphonesimulator/secp256k1.build/Objects-normal/arm64/secp256k1_const_extract_protocols.json (in target 'secp256k1' from project 'secp256k1')
    cd /Users/j/Documents/GitHub/MoneroOne/build/SourcePackages/checkouts/secp256k1.swift
    write-file /Users/j/Documents/GitHub/MoneroOne/build/Build/Intermediates.noindex/secp256k1.build/Debug-iphonesimulator/secp256k1.build/Objects-normal/arm64/secp256k1_const_extract_protocols.json

WriteAuxiliaryFile /Users/j/Documents/GitHub/MoneroOne/build/Build/Intermediates.noindex/secp256k1.build/Debug-iphonesimulator/secp256k1.build/Objects-normal/arm64/secp256k1.SwiftFileList (in target 'secp256k1' from project 'secp256k1')
    cd /Users/j/Documents/GitHub/MoneroOne/build/SourcePackages/checkouts/secp256k1.swift
    write-file /Users/j/Documents/GitHub/MoneroOne/build/Build/Intermediates.noindex/secp256k1.build/Debug-iphonesimulator/secp256k1.build/Objects-normal/arm64/secp256k1.SwiftFileList

WriteAuxiliaryFile /Users/j/Documents/GitHub/MoneroOne/build/Build/Intermediates.noindex/secp256k1.build/Debug-iphonesimulator/secp256k1.build/Objects-normal/arm64/secp256k1.SwiftConstValuesFileList (in target 'secp256k1' from project 'secp256k1')
    cd /Users/j/Documents/GitHub/MoneroOne/build/SourcePackages/checkouts/secp256k1.swift
    write-file /Users/j/Documents/GitHub/MoneroOne/build/Build/Intermediates.noindex/secp256k1.build/Debug-iphonesimulator/secp256k1.build/Objects-normal/arm64/secp256k1.SwiftConstValuesFileList

WriteAuxiliaryFile /Users/j/Documents/GitHub/MoneroOne/build/Build/Intermediates.noindex/secp256k1.build/Debug-iphonesimulator/secp256k1.build/Objects-normal/arm64/secp256k1.LinkFileList (in target 'secp256k1' from project 'secp256k1')
    cd /Users/j/Documents/GitHub/MoneroOne/build/SourcePackages/checkouts/secp256k1.swift
    write-file /Users/j/Documents/GitHub/MoneroOne/build/Build/Intermediates.noindex/secp256k1.build/Debug-iphonesimulator/secp256k1.build/Objects-normal/arm64/secp256k1.LinkFileList

WriteAuxiliaryFile /Users/j/Documents/GitHub/MoneroOne/build/Build/Intermediates.noindex/secp256k1.build/Debug-iphonesimulator/secp256k1.build/Objects-normal/arm64/secp256k1-OutputFileMap.json (in target 'secp256k1' from project 'secp256k1')
    cd /Users/j/Documents/GitHub/MoneroOne/build/SourcePackages/checkouts/secp256k1.swift
    write-file /Users/j/Documents/GitHub/MoneroOne/build/Build/Intermediates.noindex/secp256k1.build/Debug-iphonesimulator/secp256k1.build/Objects-normal/arm64/secp256k1-OutputFileMap.json

Copy /Users/j/Documents/GitHub/MoneroOne/build/Build/Intermediates.noindex/GeneratedModuleMaps-iphonesimulator/secp256k1_bindings.modulemap /Users/j/Documents/GitHub/MoneroOne/build/Build/Intermediates.noindex/secp256k1.build/Debug-iphonesimulator/secp256k1_bindings.build/secp256k1_bindings.modulemap (in target 'secp256k1_bindings' from project 'secp256k1')
    cd /Users/j/Documents/GitHub/MoneroOne/build/SourcePackages/checkouts/secp256k1.swift
    builtin-copy -exclude .DS_Store -exclude CVS -exclude .svn -exclude .git -exclude .hg -resolve-src-symlinks /Users/j/Documents/GitHub/MoneroOne/build/Build/Intermediates.noindex/secp256k1.build/Debug-iphonesimulator/secp256k1_bindings.build/secp256k1_bindings.modulemap /Users/j/Documents/GitHub/MoneroOne/build/Build/Intermediates.noindex/GeneratedModuleMaps-iphonesimulator

WriteAuxiliaryFile /Users/j/Documents/GitHub/MoneroOne/build/Build/Intermediates.noindex/swift-nio.build/Debug-iphonesimulator/_NIODataStructures.build/_NIODataStructures.DependencyMetadataFileList (in target '_NIODataStructures' from project 'swift-nio')
    cd /Users/j/Documents/GitHub/MoneroOne/build/SourcePackages/checkouts/swift-nio
    write-file /Users/j/Documents/GitHub/MoneroOne/build/Build/Intermediates.noindex/swift-nio.build/Debug-iphonesimulator/_NIODataStructures.build/_NIODataStructures.DependencyMetadataFileList

WriteAuxiliaryFile /Users/j/Documents/GitHub/MoneroOne/build/Build/Intermediates.noindex/swift-nio.build/Debug-iphonesimulator/_NIODataStructures.build/Objects-normal/arm64/_NIODataStructures_const_extract_protocols.json (in target '_NIODataStructures' from project 'swift-nio')
    cd /Users/j/Documents/GitHub/MoneroOne/build/SourcePackages/checkouts/swift-nio
    write-file /Users/j/Documents/GitHub/MoneroOne/build/Build/Intermediates.noindex/swift-nio.build/Debug-iphonesimulator/_NIODataStructures.build/Objects-normal/arm64/_NIODataStructures_const_extract_protocols.json

Copy /Users/j/Documents/GitHub/MoneroOne/build/Build/Intermediates.noindex/GeneratedModuleMaps-iphonesimulator/secp256k1.modulemap /Users/j/Documents/GitHub/MoneroOne/build/Build/Intermediates.noindex/secp256k1.build/Debug-iphonesimulator/secp256k1.build/secp256k1.modulemap (in target 'secp256k1' from project 'secp256k1')
    cd /Users/j/Documents/GitHub/MoneroOne/build/SourcePackages/checkouts/secp256k1.swift
    builtin-copy -exclude .DS_Store -exclude CVS -exclude .svn -exclude .git -exclude .hg -resolve-src-symlinks /Users/j/Documents/GitHub/MoneroOne/build/Build/Intermediates.noindex/secp256k1.build/Debug-iphonesimulator/secp256k1.build/secp256k1.modulemap /Users/j/Documents/GitHub/MoneroOne/build/Build/Intermediates.noindex/GeneratedModuleMaps-iphonesimulator

WriteAuxiliaryFile /Users/j/Documents/GitHub/MoneroOne/build/Build/Intermediates.noindex/swift-nio.build/Debug-iphonesimulator/_NIODataStructures.build/Objects-normal/arm64/_NIODataStructures.SwiftFileList (in target '_NIODataStructures' from project 'swift-nio')
    cd /Users/j/Documents/GitHub/MoneroOne/build/SourcePackages/checkouts/swift-nio
    write-file /Users/j/Documents/GitHub/MoneroOne/build/Build/Intermediates.noindex/swift-nio.build/Debug-iphonesimulator/_NIODataStructures.build/Objects-normal/arm64/_NIODataStructures.SwiftFileList

WriteAuxiliaryFile /Users/j/Documents/GitHub/MoneroOne/build/Build/Intermediates.noindex/swift-nio.build/Debug-iphonesimulator/_NIODataStructures.build/Objects-normal/arm64/_NIODataStructures.SwiftConstValuesFileList (in target '_NIODataStructures' from project 'swift-nio')
    cd /Users/j/Documents/GitHub/MoneroOne/build/SourcePackages/checkouts/swift-nio
    write-file /Users/j/Documents/GitHub/MoneroOne/build/Build/Intermediates.noindex/swift-nio.build/Debug-iphonesimulator/_NIODataStructures.build/Objects-normal/arm64/_NIODataStructures.SwiftConstValuesFileList

WriteAuxiliaryFile /Users/j/Documents/GitHub/MoneroOne/build/Build/Intermediates.noindex/swift-nio.build/Debug-iphonesimulator/_NIODataStructures.build/Objects-normal/arm64/_NIODataStructures.LinkFileList (in target '_NIODataStructures' from project 'swift-nio')
    cd /Users/j/Documents/GitHub/MoneroOne/build/SourcePackages/checkouts/swift-nio
    write-file /Users/j/Documents/GitHub/MoneroOne/build/Build/Intermediates.noindex/swift-nio.build/Debug-iphonesimulator/_NIODataStructures.build/Objects-normal/arm64/_NIODataStructures.LinkFileList

WriteAuxiliaryFile /Users/j/Documents/GitHub/MoneroOne/build/Build/Intermediates.noindex/swift-nio.build/Debug-iphonesimulator/_NIODataStructures.build/Objects-normal/arm64/_NIODataStructures-OutputFileMap.json (in target '_NIODataStructures' from project 'swift-nio')
    cd /Users/j/Documents/GitHub/MoneroOne/build/SourcePackages/checkouts/swift-nio
    write-file /Users/j/Documents/GitHub/MoneroOne/build/Build/Intermediates.noindex/swift-nio.build/Debug-iphonesimulator/_NIODataStructures.build/Objects-normal/arm64/_NIODataStructures-OutputFileMap.json

Copy /Users/j/Documents/GitHub/MoneroOne/build/Build/Intermediates.noindex/GeneratedModuleMaps-iphonesimulator/_NIODataStructures.modulemap /Users/j/Documents/GitHub/MoneroOne/build/Build/Intermediates.noindex/swift-nio.build/Debug-iphonesimulator/_NIODataStructures.build/_NIODataStructures.modulemap (in target '_NIODataStructures' from project 'swift-nio')
    cd /Users/j/Documents/GitHub/MoneroOne/build/SourcePackages/checkouts/swift-nio
    builtin-copy -exclude .DS_Store -exclude CVS -exclude .svn -exclude .git -exclude .hg -resolve-src-symlinks /Users/j/Documents/GitHub/MoneroOne/build/Build/Intermediates.noindex/swift-nio.build/Debug-iphonesimulator/_NIODataStructures.build/_NIODataStructures.modulemap /Users/j/Documents/GitHub/MoneroOne/build/Build/Intermediates.noindex/GeneratedModuleMaps-iphonesimulator

WriteAuxiliaryFile /Users/j/Documents/GitHub/MoneroOne/build/Build/Intermediates.noindex/swift-nio.build/Debug-iphonesimulator/_NIOBase64.build/_NIOBase64.modulemap (in target '_NIOBase64' from project 'swift-nio')
    cd /Users/j/Documents/GitHub/MoneroOne/build/SourcePackages/checkouts/swift-nio
    write-file /Users/j/Documents/GitHub/MoneroOne/build/Build/Intermediates.noindex/swift-nio.build/Debug-iphonesimulator/_NIOBase64.build/_NIOBase64.modulemap

WriteAuxiliaryFile /Users/j/Documents/GitHub/MoneroOne/build/Build/Intermediates.noindex/swift-nio.build/Debug-iphonesimulator/_NIOBase64.build/_NIOBase64.DependencyStaticMetadataFileList (in target '_NIOBase64' from project 'swift-nio')
    cd /Users/j/Documents/GitHub/MoneroOne/build/SourcePackages/checkouts/swift-nio
    write-file /Users/j/Documents/GitHub/MoneroOne/build/Build/Intermediates.noindex/swift-nio.build/Debug-iphonesimulator/_NIOBase64.build/_NIOBase64.DependencyStaticMetadataFileList

WriteAuxiliaryFile /Users/j/Documents/GitHub/MoneroOne/build/Build/Intermediates.noindex/swift-nio.build/Debug-iphonesimulator/_NIOBase64.build/_NIOBase64.DependencyMetadataFileList (in target '_NIOBase64' from project 'swift-nio')
    cd /Users/j/Documents/GitHub/MoneroOne/build/SourcePackages/checkouts/swift-nio
    write-file /Users/j/Documents/GitHub/MoneroOne/build/Build/Intermediates.noindex/swift-nio.build/Debug-iphonesimulator/_NIOBase64.build/_NIOBase64.DependencyMetadataFileList

WriteAuxiliaryFile /Users/j/Documents/GitHub/MoneroOne/build/Build/Intermediates.noindex/swift-nio.build/Debug-iphonesimulator/_NIOBase64.build/Objects-normal/arm64/_NIOBase64.LinkFileList (in target '_NIOBase64' from project 'swift-nio')
    cd /Users/j/Documents/GitHub/MoneroOne/build/SourcePackages/checkouts/swift-nio
    write-file /Users/j/Documents/GitHub/MoneroOne/build/Build/Intermediates.noindex/swift-nio.build/Debug-iphonesimulator/_NIOBase64.build/Objects-normal/arm64/_NIOBase64.LinkFileList

WriteAuxiliaryFile /Users/j/Documents/GitHub/MoneroOne/build/Build/Intermediates.noindex/swift-nio.build/Debug-iphonesimulator/_NIOBase64.build/Objects-normal/arm64/_NIOBase64.SwiftFileList (in target '_NIOBase64' from project 'swift-nio')
    cd /Users/j/Documents/GitHub/MoneroOne/build/SourcePackages/checkouts/swift-nio
    write-file /Users/j/Documents/GitHub/MoneroOne/build/Build/Intermediates.noindex/swift-nio.build/Debug-iphonesimulator/_NIOBase64.build/Objects-normal/arm64/_NIOBase64.SwiftFileList

WriteAuxiliaryFile /Users/j/Documents/GitHub/MoneroOne/build/Build/Intermediates.noindex/swift-nio.build/Debug-iphonesimulator/_NIOBase64.build/Objects-normal/arm64/_NIOBase64.SwiftConstValuesFileList (in target '_NIOBase64' from project 'swift-nio')
    cd /Users/j/Documents/GitHub/MoneroOne/build/SourcePackages/checkouts/swift-nio
    write-file /Users/j/Documents/GitHub/MoneroOne/build/Build/Intermediates.noindex/swift-nio.build/Debug-iphonesimulator/_NIOBase64.build/Objects-normal/arm64/_NIOBase64.SwiftConstValuesFileList

WriteAuxiliaryFile /Users/j/Documents/GitHub/MoneroOne/build/Build/Intermediates.noindex/swift-nio.build/Debug-iphonesimulator/_NIOBase64.build/Objects-normal/arm64/_NIOBase64_const_extract_protocols.json (in target '_NIOBase64' from project 'swift-nio')
    cd /Users/j/Documents/GitHub/MoneroOne/build/SourcePackages/checkouts/swift-nio
    write-file /Users/j/Documents/GitHub/MoneroOne/build/Build/Intermediates.noindex/swift-nio.build/Debug-iphonesimulator/_NIOBase64.build/Objects-normal/arm64/_NIOBase64_const_extract_protocols.json

WriteAuxiliaryFile /Users/j/Documents/GitHub/MoneroOne/build/Build/Intermediates.noindex/swift-nio.build/Debug-iphonesimulator/_NIOBase64.build/Objects-normal/arm64/_NIOBase64-OutputFileMap.json (in target '_NIOBase64' from project 'swift-nio')
    cd /Users/j/Documents/GitHub/MoneroOne/build/SourcePackages/checkouts/swift-nio
    write-file /Users/j/Documents/GitHub/MoneroOne/build/Build/Intermediates.noindex/swift-nio.build/Debug-iphonesimulator/_NIOBase64.build/Objects-normal/arm64/_NIOBase64-OutputFileMap.json

WriteAuxiliaryFile /Users/j/Documents/GitHub/MoneroOne/build/Build/Intermediates.noindex/swift-crypto.build/Debug-iphonesimulator/_CryptoExtras.build/_CryptoExtras.modulemap (in target '_CryptoExtras' from project 'swift-crypto')
    cd /Users/j/Documents/GitHub/MoneroOne/build/SourcePackages/checkouts/swift-crypto
    write-file /Users/j/Documents/GitHub/MoneroOne/build/Build/Intermediates.noindex/swift-crypto.build/Debug-iphonesimulator/_CryptoExtras.build/_CryptoExtras.modulemap

WriteAuxiliaryFile /Users/j/Documents/GitHub/MoneroOne/build/Build/Intermediates.noindex/swift-crypto.build/Debug-iphonesimulator/_CryptoExtras.build/_CryptoExtras.DependencyStaticMetadataFileList (in target '_CryptoExtras' from project 'swift-crypto')
    cd /Users/j/Documents/GitHub/MoneroOne/build/SourcePackages/checkouts/swift-crypto
    write-file /Users/j/Documents/GitHub/MoneroOne/build/Build/Intermediates.noindex/swift-crypto.build/Debug-iphonesimulator/_CryptoExtras.build/_CryptoExtras.DependencyStaticMetadataFileList

Copy /Users/j/Documents/GitHub/MoneroOne/build/Build/Intermediates.noindex/GeneratedModuleMaps-iphonesimulator/_NIOBase64.modulemap /Users/j/Documents/GitHub/MoneroOne/build/Build/Intermediates.noindex/swift-nio.build/Debug-iphonesimulator/_NIOBase64.build/_NIOBase64.modulemap (in target '_NIOBase64' from project 'swift-nio')
    cd /Users/j/Documents/GitHub/MoneroOne/build/SourcePackages/checkouts/swift-nio
    builtin-copy -exclude .DS_Store -exclude CVS -exclude .svn -exclude .git -exclude .hg -resolve-src-symlinks /Users/j/Documents/GitHub/MoneroOne/build/Build/Intermediates.noindex/swift-nio.build/Debug-iphonesimulator/_NIOBase64.build/_NIOBase64.modulemap /Users/j/Documents/GitHub/MoneroOne/build/Build/Intermediates.noindex/GeneratedModuleMaps-iphonesimulator

WriteAuxiliaryFile /Users/j/Documents/GitHub/MoneroOne/build/Build/Intermediates.noindex/swift-crypto.build/Debug-iphonesimulator/_CryptoExtras.build/_CryptoExtras.DependencyMetadataFileList (in target '_CryptoExtras' from project 'swift-crypto')
    cd /Users/j/Documents/GitHub/MoneroOne/build/SourcePackages/checkouts/swift-crypto
    write-file /Users/j/Documents/GitHub/MoneroOne/build/Build/Intermediates.noindex/swift-crypto.build/Debug-iphonesimulator/_CryptoExtras.build/_CryptoExtras.DependencyMetadataFileList

WriteAuxiliaryFile /Users/j/Documents/GitHub/MoneroOne/build/Build/Intermediates.noindex/swift-crypto.build/Debug-iphonesimulator/_CryptoExtras.build/Objects-normal/arm64/_CryptoExtras.SwiftConstValuesFileList (in target '_CryptoExtras' from project 'swift-crypto')
    cd /Users/j/Documents/GitHub/MoneroOne/build/SourcePackages/checkouts/swift-crypto
    write-file /Users/j/Documents/GitHub/MoneroOne/build/Build/Intermediates.noindex/swift-crypto.build/Debug-iphonesimulator/_CryptoExtras.build/Objects-normal/arm64/_CryptoExtras.SwiftConstValuesFileList

WriteAuxiliaryFile /Users/j/Documents/GitHub/MoneroOne/build/Build/Intermediates.noindex/swift-crypto.build/Debug-iphonesimulator/_CryptoExtras.build/Objects-normal/arm64/_CryptoExtras_const_extract_protocols.json (in target '_CryptoExtras' from project 'swift-crypto')
    cd /Users/j/Documents/GitHub/MoneroOne/build/SourcePackages/checkouts/swift-crypto
    write-file /Users/j/Documents/GitHub/MoneroOne/build/Build/Intermediates.noindex/swift-crypto.build/Debug-iphonesimulator/_CryptoExtras.build/Objects-normal/arm64/_CryptoExtras_const_extract_protocols.json

WriteAuxiliaryFile /Users/j/Documents/GitHub/MoneroOne/build/Build/Intermediates.noindex/swift-crypto.build/Debug-iphonesimulator/_CryptoExtras.build/Objects-normal/arm64/_CryptoExtras.SwiftFileList (in target '_CryptoExtras' from project 'swift-crypto')
    cd /Users/j/Documents/GitHub/MoneroOne/build/SourcePackages/checkouts/swift-crypto
    write-file /Users/j/Documents/GitHub/MoneroOne/build/Build/Intermediates.noindex/swift-crypto.build/Debug-iphonesimulator/_CryptoExtras.build/Objects-normal/arm64/_CryptoExtras.SwiftFileList

WriteAuxiliaryFile /Users/j/Documents/GitHub/MoneroOne/build/Build/Intermediates.noindex/swift-crypto.build/Debug-iphonesimulator/_CryptoExtras.build/Objects-normal/arm64/_CryptoExtras.LinkFileList (in target '_CryptoExtras' from project 'swift-crypto')
    cd /Users/j/Documents/GitHub/MoneroOne/build/SourcePackages/checkouts/swift-crypto
    write-file /Users/j/Documents/GitHub/MoneroOne/build/Build/Intermediates.noindex/swift-crypto.build/Debug-iphonesimulator/_CryptoExtras.build/Objects-normal/arm64/_CryptoExtras.LinkFileList

WriteAuxiliaryFile /Users/j/Documents/GitHub/MoneroOne/build/Build/Intermediates.noindex/swift-crypto.build/Debug-iphonesimulator/_CryptoExtras.build/Objects-normal/arm64/_CryptoExtras-OutputFileMap.json (in target '_CryptoExtras' from project 'swift-crypto')
    cd /Users/j/Documents/GitHub/MoneroOne/build/SourcePackages/checkouts/swift-crypto
    write-file /Users/j/Documents/GitHub/MoneroOne/build/Build/Intermediates.noindex/swift-crypto.build/Debug-iphonesimulator/_CryptoExtras.build/Objects-normal/arm64/_CryptoExtras-OutputFileMap.json

Copy /Users/j/Documents/GitHub/MoneroOne/build/Build/Intermediates.noindex/GeneratedModuleMaps-iphonesimulator/_CryptoExtras.modulemap /Users/j/Documents/GitHub/MoneroOne/build/Build/Intermediates.noindex/swift-crypto.build/Debug-iphonesimulator/_CryptoExtras.build/_CryptoExtras.modulemap (in target '_CryptoExtras' from project 'swift-crypto')
    cd /Users/j/Documents/GitHub/MoneroOne/build/SourcePackages/checkouts/swift-crypto
    builtin-copy -exclude .DS_Store -exclude CVS -exclude .svn -exclude .git -exclude .hg -resolve-src-symlinks /Users/j/Documents/GitHub/MoneroOne/build/Build/Intermediates.noindex/swift-crypto.build/Debug-iphonesimulator/_CryptoExtras.build/_CryptoExtras.modulemap /Users/j/Documents/GitHub/MoneroOne/build/Build/Intermediates.noindex/GeneratedModuleMaps-iphonesimulator

WriteAuxiliaryFile /Users/j/Documents/GitHub/MoneroOne/build/Build/Intermediates.noindex/swift-atomics.build/Debug-iphonesimulator/_AtomicsShims.build/_AtomicsShims.DependencyMetadataFileList (in target '_AtomicsShims' from project 'swift-atomics')
    cd /Users/j/Documents/GitHub/MoneroOne/build/SourcePackages/checkouts/swift-atomics
    write-file /Users/j/Documents/GitHub/MoneroOne/build/Build/Intermediates.noindex/swift-atomics.build/Debug-iphonesimulator/_AtomicsShims.build/_AtomicsShims.DependencyMetadataFileList

WriteAuxiliaryFile /Users/j/Documents/GitHub/MoneroOne/build/Build/Intermediates.noindex/swift-atomics.build/Debug-iphonesimulator/_AtomicsShims.build/_AtomicsShims.DependencyStaticMetadataFileList (in target '_AtomicsShims' from project 'swift-atomics')
    cd /Users/j/Documents/GitHub/MoneroOne/build/SourcePackages/checkouts/swift-atomics
    write-file /Users/j/Documents/GitHub/MoneroOne/build/Build/Intermediates.noindex/swift-atomics.build/Debug-iphonesimulator/_AtomicsShims.build/_AtomicsShims.DependencyStaticMetadataFileList

WriteAuxiliaryFile /Users/j/Documents/GitHub/MoneroOne/build/Build/Intermediates.noindex/swift-atomics.build/Debug-iphonesimulator/_AtomicsShims.build/Objects-normal/arm64/_AtomicsShims.LinkFileList (in target '_AtomicsShims' from project 'swift-atomics')
    cd /Users/j/Documents/GitHub/MoneroOne/build/SourcePackages/checkouts/swift-atomics
    write-file /Users/j/Documents/GitHub/MoneroOne/build/Build/Intermediates.noindex/swift-atomics.build/Debug-iphonesimulator/_AtomicsShims.build/Objects-normal/arm64/_AtomicsShims.LinkFileList

WriteAuxiliaryFile /Users/j/Documents/GitHub/MoneroOne/build/Build/Intermediates.noindex/swift-atomics.build/Debug-iphonesimulator/_AtomicsShims.build/Objects-normal/arm64/7187679823f38a2a940e0043cdf9d637-common-args.resp (in target '_AtomicsShims' from project 'swift-atomics')
    cd /Users/j/Documents/GitHub/MoneroOne/build/SourcePackages/checkouts/swift-atomics
    write-file /Users/j/Documents/GitHub/MoneroOne/build/Build/Intermediates.noindex/swift-atomics.build/Debug-iphonesimulator/_AtomicsShims.build/Objects-normal/arm64/7187679823f38a2a940e0043cdf9d637-common-args.resp
-target arm64-apple-ios12.0-simulator -fmodules -gmodules '-fmodules-cache-path=/Users/j/Documents/GitHub/MoneroOne/build/ModuleCache.noindex' '-fmodule-name=_AtomicsShims' -fpascal-strings -O0 -DSWIFT_PACKAGE '-DDEBUG=1' -isysroot /Applications/Xcode.app/Contents/Developer/Platforms/iPhoneSimulator.platform/Developer/SDKs/iPhoneSimulator26.1.sdk -g -I/Users/j/Documents/GitHub/MoneroOne/build/Build/Products/Debug-iphonesimulator/include -I/Users/j/Documents/GitHub/MoneroOne/build/SourcePackages/checkouts/swift-atomics/Sources/_AtomicsShims/include -I/Users/j/Documents/GitHub/MoneroOne/build/Build/Intermediates.noindex/swift-atomics.build/Debug-iphonesimulator/_AtomicsShims.build/DerivedSources-normal/arm64 -I/Users/j/Documents/GitHub/MoneroOne/build/Build/Intermediates.noindex/swift-atomics.build/Debug-iphonesimulator/_AtomicsShims.build/DerivedSources/arm64 -I/Users/j/Documents/GitHub/MoneroOne/build/Build/Intermediates.noindex/swift-atomics.build/Debug-iphonesimulator/_AtomicsShims.build/DerivedSources -F/Users/j/Documents/GitHub/MoneroOne/build/Build/Products/Debug-iphonesimulator -iframework /Applications/Xcode.app/Contents/Developer/Platforms/iPhoneSimulator.platform/Developer/Library/Frameworks -iframework /Applications/Xcode.app/Contents/Developer/Platforms/iPhoneSimulator.platform/Developer/SDKs/iPhoneSimulator26.1.sdk/Developer/Library/Frameworks -DXcode

WriteAuxiliaryFile /Users/j/Documents/GitHub/MoneroOne/build/Build/Intermediates.noindex/ObjectMapper.build/Debug-iphonesimulator/ObjectMapper.build/Objects-normal/arm64/ObjectMapper.SwiftFileList (in target 'ObjectMapper' from project 'ObjectMapper')
    cd /Users/j/Documents/GitHub/MoneroOne/build/SourcePackages/checkouts/ObjectMapper
    write-file /Users/j/Documents/GitHub/MoneroOne/build/Build/Intermediates.noindex/ObjectMapper.build/Debug-iphonesimulator/ObjectMapper.build/Objects-normal/arm64/ObjectMapper.SwiftFileList

WriteAuxiliaryFile /Users/j/Documents/GitHub/MoneroOne/build/Build/Intermediates.noindex/ObjectMapper.build/Debug-iphonesimulator/ObjectMapper.build/Objects-normal/arm64/ObjectMapper_const_extract_protocols.json (in target 'ObjectMapper' from project 'ObjectMapper')
    cd /Users/j/Documents/GitHub/MoneroOne/build/SourcePackages/checkouts/ObjectMapper
    write-file /Users/j/Documents/GitHub/MoneroOne/build/Build/Intermediates.noindex/ObjectMapper.build/Debug-iphonesimulator/ObjectMapper.build/Objects-normal/arm64/ObjectMapper_const_extract_protocols.json

WriteAuxiliaryFile /Users/j/Documents/GitHub/MoneroOne/build/Build/Intermediates.noindex/ObjectMapper.build/Debug-iphonesimulator/ObjectMapper.build/Objects-normal/arm64/ObjectMapper.SwiftConstValuesFileList (in target 'ObjectMapper' from project 'ObjectMapper')
    cd /Users/j/Documents/GitHub/MoneroOne/build/SourcePackages/checkouts/ObjectMapper
    write-file /Users/j/Documents/GitHub/MoneroOne/build/Build/Intermediates.noindex/ObjectMapper.build/Debug-iphonesimulator/ObjectMapper.build/Objects-normal/arm64/ObjectMapper.SwiftConstValuesFileList

WriteAuxiliaryFile /Users/j/Documents/GitHub/MoneroOne/build/Build/Intermediates.noindex/ObjectMapper.build/Debug-iphonesimulator/ObjectMapper.build/Objects-normal/arm64/ObjectMapper.LinkFileList (in target 'ObjectMapper' from project 'ObjectMapper')
    cd /Users/j/Documents/GitHub/MoneroOne/build/SourcePackages/checkouts/ObjectMapper
    write-file /Users/j/Documents/GitHub/MoneroOne/build/Build/Intermediates.noindex/ObjectMapper.build/Debug-iphonesimulator/ObjectMapper.build/Objects-normal/arm64/ObjectMapper.LinkFileList

WriteAuxiliaryFile /Users/j/Documents/GitHub/MoneroOne/build/Build/Intermediates.noindex/ObjectMapper.build/Debug-iphonesimulator/ObjectMapper.build/Objects-normal/arm64/ObjectMapper-OutputFileMap.json (in target 'ObjectMapper' from project 'ObjectMapper')
    cd /Users/j/Documents/GitHub/MoneroOne/build/SourcePackages/checkouts/ObjectMapper
    write-file /Users/j/Documents/GitHub/MoneroOne/build/Build/Intermediates.noindex/ObjectMapper.build/Debug-iphonesimulator/ObjectMapper.build/Objects-normal/arm64/ObjectMapper-OutputFileMap.json

WriteAuxiliaryFile /Users/j/Documents/GitHub/MoneroOne/build/Build/Intermediates.noindex/ObjectMapper.build/Debug-iphonesimulator/ObjectMapper.build/ObjectMapper.DependencyStaticMetadataFileList (in target 'ObjectMapper' from project 'ObjectMapper')
    cd /Users/j/Documents/GitHub/MoneroOne/build/SourcePackages/checkouts/ObjectMapper
    write-file /Users/j/Documents/GitHub/MoneroOne/build/Build/Intermediates.noindex/ObjectMapper.build/Debug-iphonesimulator/ObjectMapper.build/ObjectMapper.DependencyStaticMetadataFileList

WriteAuxiliaryFile /Users/j/Documents/GitHub/MoneroOne/build/Build/Intermediates.noindex/ObjectMapper.build/Debug-iphonesimulator/ObjectMapper.build/ObjectMapper.modulemap (in target 'ObjectMapper' from project 'ObjectMapper')
    cd /Users/j/Documents/GitHub/MoneroOne/build/SourcePackages/checkouts/ObjectMapper
    write-file /Users/j/Documents/GitHub/MoneroOne/build/Build/Intermediates.noindex/ObjectMapper.build/Debug-iphonesimulator/ObjectMapper.build/ObjectMapper.modulemap

WriteAuxiliaryFile /Users/j/Documents/GitHub/MoneroOne/build/Build/Intermediates.noindex/ObjectMapper.build/Debug-iphonesimulator/ObjectMapper.build/ObjectMapper.DependencyMetadataFileList (in target 'ObjectMapper' from project 'ObjectMapper')
    cd /Users/j/Documents/GitHub/MoneroOne/build/SourcePackages/checkouts/ObjectMapper
    write-file /Users/j/Documents/GitHub/MoneroOne/build/Build/Intermediates.noindex/ObjectMapper.build/Debug-iphonesimulator/ObjectMapper.build/ObjectMapper.DependencyMetadataFileList

WriteAuxiliaryFile /Users/j/Documents/GitHub/MoneroOne/build/Build/Intermediates.noindex/swift-nio.build/Debug-iphonesimulator/NIOWebSocket.build/Objects-normal/arm64/NIOWebSocket_const_extract_protocols.json (in target 'NIOWebSocket' from project 'swift-nio')
    cd /Users/j/Documents/GitHub/MoneroOne/build/SourcePackages/checkouts/swift-nio
    write-file /Users/j/Documents/GitHub/MoneroOne/build/Build/Intermediates.noindex/swift-nio.build/Debug-iphonesimulator/NIOWebSocket.build/Objects-normal/arm64/NIOWebSocket_const_extract_protocols.json

WriteAuxiliaryFile /Users/j/Documents/GitHub/MoneroOne/build/Build/Intermediates.noindex/swift-nio.build/Debug-iphonesimulator/NIOWebSocket.build/Objects-normal/arm64/NIOWebSocket.SwiftFileList (in target 'NIOWebSocket' from project 'swift-nio')
    cd /Users/j/Documents/GitHub/MoneroOne/build/SourcePackages/checkouts/swift-nio
    write-file /Users/j/Documents/GitHub/MoneroOne/build/Build/Intermediates.noindex/swift-nio.build/Debug-iphonesimulator/NIOWebSocket.build/Objects-normal/arm64/NIOWebSocket.SwiftFileList

WriteAuxiliaryFile /Users/j/Documents/GitHub/MoneroOne/build/Build/Intermediates.noindex/swift-nio.build/Debug-iphonesimulator/NIOWebSocket.build/Objects-normal/arm64/NIOWebSocket.SwiftConstValuesFileList (in target 'NIOWebSocket' from project 'swift-nio')
    cd /Users/j/Documents/GitHub/MoneroOne/build/SourcePackages/checkouts/swift-nio
    write-file /Users/j/Documents/GitHub/MoneroOne/build/Build/Intermediates.noindex/swift-nio.build/Debug-iphonesimulator/NIOWebSocket.build/Objects-normal/arm64/NIOWebSocket.SwiftConstValuesFileList

WriteAuxiliaryFile /Users/j/Documents/GitHub/MoneroOne/build/Build/Intermediates.noindex/swift-nio.build/Debug-iphonesimulator/NIOWebSocket.build/Objects-normal/arm64/NIOWebSocket.LinkFileList (in target 'NIOWebSocket' from project 'swift-nio')
    cd /Users/j/Documents/GitHub/MoneroOne/build/SourcePackages/checkouts/swift-nio
    write-file /Users/j/Documents/GitHub/MoneroOne/build/Build/Intermediates.noindex/swift-nio.build/Debug-iphonesimulator/NIOWebSocket.build/Objects-normal/arm64/NIOWebSocket.LinkFileList

WriteAuxiliaryFile /Users/j/Documents/GitHub/MoneroOne/build/Build/Intermediates.noindex/swift-nio.build/Debug-iphonesimulator/NIOWebSocket.build/Objects-normal/arm64/NIOWebSocket-OutputFileMap.json (in target 'NIOWebSocket' from project 'swift-nio')
    cd /Users/j/Documents/GitHub/MoneroOne/build/SourcePackages/checkouts/swift-nio
    write-file /Users/j/Documents/GitHub/MoneroOne/build/Build/Intermediates.noindex/swift-nio.build/Debug-iphonesimulator/NIOWebSocket.build/Objects-normal/arm64/NIOWebSocket-OutputFileMap.json

WriteAuxiliaryFile /Users/j/Documents/GitHub/MoneroOne/build/Build/Intermediates.noindex/swift-nio.build/Debug-iphonesimulator/NIOWebSocket.build/NIOWebSocket.modulemap (in target 'NIOWebSocket' from project 'swift-nio')
    cd /Users/j/Documents/GitHub/MoneroOne/build/SourcePackages/checkouts/swift-nio
    write-file /Users/j/Documents/GitHub/MoneroOne/build/Build/Intermediates.noindex/swift-nio.build/Debug-iphonesimulator/NIOWebSocket.build/NIOWebSocket.modulemap

WriteAuxiliaryFile /Users/j/Documents/GitHub/MoneroOne/build/Build/Intermediates.noindex/swift-nio.build/Debug-iphonesimulator/NIOWebSocket.build/NIOWebSocket.DependencyStaticMetadataFileList (in target 'NIOWebSocket' from project 'swift-nio')
    cd /Users/j/Documents/GitHub/MoneroOne/build/SourcePackages/checkouts/swift-nio
    write-file /Users/j/Documents/GitHub/MoneroOne/build/Build/Intermediates.noindex/swift-nio.build/Debug-iphonesimulator/NIOWebSocket.build/NIOWebSocket.DependencyStaticMetadataFileList

WriteAuxiliaryFile /Users/j/Documents/GitHub/MoneroOne/build/Build/Intermediates.noindex/swift-nio.build/Debug-iphonesimulator/NIOWebSocket.build/NIOWebSocket.DependencyMetadataFileList (in target 'NIOWebSocket' from project 'swift-nio')
    cd /Users/j/Documents/GitHub/MoneroOne/build/SourcePackages/checkouts/swift-nio
    write-file /Users/j/Documents/GitHub/MoneroOne/build/Build/Intermediates.noindex/swift-nio.build/Debug-iphonesimulator/NIOWebSocket.build/NIOWebSocket.DependencyMetadataFileList

Copy /Users/j/Documents/GitHub/MoneroOne/build/Build/Intermediates.noindex/GeneratedModuleMaps-iphonesimulator/ObjectMapper.modulemap /Users/j/Documents/GitHub/MoneroOne/build/Build/Intermediates.noindex/ObjectMapper.build/Debug-iphonesimulator/ObjectMapper.build/ObjectMapper.modulemap (in target 'ObjectMapper' from project 'ObjectMapper')
    cd /Users/j/Documents/GitHub/MoneroOne/build/SourcePackages/checkouts/ObjectMapper
    builtin-copy -exclude .DS_Store -exclude CVS -exclude .svn -exclude .git -exclude .hg -resolve-src-symlinks /Users/j/Documents/GitHub/MoneroOne/build/Build/Intermediates.noindex/ObjectMapper.build/Debug-iphonesimulator/ObjectMapper.build/ObjectMapper.modulemap /Users/j/Documents/GitHub/MoneroOne/build/Build/Intermediates.noindex/GeneratedModuleMaps-iphonesimulator

WriteAuxiliaryFile /Users/j/Documents/GitHub/MoneroOne/build/Build/Intermediates.noindex/swift-nio.build/Debug-iphonesimulator/NIOTLS.build/Objects-normal/arm64/NIOTLS.SwiftFileList (in target 'NIOTLS' from project 'swift-nio')
    cd /Users/j/Documents/GitHub/MoneroOne/build/SourcePackages/checkouts/swift-nio
    write-file /Users/j/Documents/GitHub/MoneroOne/build/Build/Intermediates.noindex/swift-nio.build/Debug-iphonesimulator/NIOTLS.build/Objects-normal/arm64/NIOTLS.SwiftFileList

WriteAuxiliaryFile /Users/j/Documents/GitHub/MoneroOne/build/Build/Intermediates.noindex/swift-nio.build/Debug-iphonesimulator/NIOTLS.build/Objects-normal/arm64/NIOTLS_const_extract_protocols.json (in target 'NIOTLS' from project 'swift-nio')
    cd /Users/j/Documents/GitHub/MoneroOne/build/SourcePackages/checkouts/swift-nio
    write-file /Users/j/Documents/GitHub/MoneroOne/build/Build/Intermediates.noindex/swift-nio.build/Debug-iphonesimulator/NIOTLS.build/Objects-normal/arm64/NIOTLS_const_extract_protocols.json

WriteAuxiliaryFile /Users/j/Documents/GitHub/MoneroOne/build/Build/Intermediates.noindex/swift-nio.build/Debug-iphonesimulator/NIOTLS.build/Objects-normal/arm64/NIOTLS.SwiftConstValuesFileList (in target 'NIOTLS' from project 'swift-nio')
    cd /Users/j/Documents/GitHub/MoneroOne/build/SourcePackages/checkouts/swift-nio
    write-file /Users/j/Documents/GitHub/MoneroOne/build/Build/Intermediates.noindex/swift-nio.build/Debug-iphonesimulator/NIOTLS.build/Objects-normal/arm64/NIOTLS.SwiftConstValuesFileList

WriteAuxiliaryFile /Users/j/Documents/GitHub/MoneroOne/build/Build/Intermediates.noindex/swift-nio.build/Debug-iphonesimulator/NIOTLS.build/Objects-normal/arm64/NIOTLS.LinkFileList (in target 'NIOTLS' from project 'swift-nio')
    cd /Users/j/Documents/GitHub/MoneroOne/build/SourcePackages/checkouts/swift-nio
    write-file /Users/j/Documents/GitHub/MoneroOne/build/Build/Intermediates.noindex/swift-nio.build/Debug-iphonesimulator/NIOTLS.build/Objects-normal/arm64/NIOTLS.LinkFileList

WriteAuxiliaryFile /Users/j/Documents/GitHub/MoneroOne/build/Build/Intermediates.noindex/swift-nio.build/Debug-iphonesimulator/NIOTLS.build/Objects-normal/arm64/NIOTLS-OutputFileMap.json (in target 'NIOTLS' from project 'swift-nio')
    cd /Users/j/Documents/GitHub/MoneroOne/build/SourcePackages/checkouts/swift-nio
    write-file /Users/j/Documents/GitHub/MoneroOne/build/Build/Intermediates.noindex/swift-nio.build/Debug-iphonesimulator/NIOTLS.build/Objects-normal/arm64/NIOTLS-OutputFileMap.json

WriteAuxiliaryFile /Users/j/Documents/GitHub/MoneroOne/build/Build/Intermediates.noindex/swift-nio.build/Debug-iphonesimulator/NIOTLS.build/NIOTLS.modulemap (in target 'NIOTLS' from project 'swift-nio')
    cd /Users/j/Documents/GitHub/MoneroOne/build/SourcePackages/checkouts/swift-nio
    write-file /Users/j/Documents/GitHub/MoneroOne/build/Build/Intermediates.noindex/swift-nio.build/Debug-iphonesimulator/NIOTLS.build/NIOTLS.modulemap

WriteAuxiliaryFile /Users/j/Documents/GitHub/MoneroOne/build/Build/Intermediates.noindex/swift-nio.build/Debug-iphonesimulator/NIOTLS.build/NIOTLS.DependencyStaticMetadataFileList (in target 'NIOTLS' from project 'swift-nio')
    cd /Users/j/Documents/GitHub/MoneroOne/build/SourcePackages/checkouts/swift-nio
    write-file /Users/j/Documents/GitHub/MoneroOne/build/Build/Intermediates.noindex/swift-nio.build/Debug-iphonesimulator/NIOTLS.build/NIOTLS.DependencyStaticMetadataFileList

WriteAuxiliaryFile /Users/j/Documents/GitHub/MoneroOne/build/Build/Intermediates.noindex/swift-nio.build/Debug-iphonesimulator/NIOTLS.build/NIOTLS.DependencyMetadataFileList (in target 'NIOTLS' from project 'swift-nio')
    cd /Users/j/Documents/GitHub/MoneroOne/build/SourcePackages/checkouts/swift-nio
    write-file /Users/j/Documents/GitHub/MoneroOne/build/Build/Intermediates.noindex/swift-nio.build/Debug-iphonesimulator/NIOTLS.build/NIOTLS.DependencyMetadataFileList

Copy /Users/j/Documents/GitHub/MoneroOne/build/Build/Intermediates.noindex/GeneratedModuleMaps-iphonesimulator/NIOWebSocket.modulemap /Users/j/Documents/GitHub/MoneroOne/build/Build/Intermediates.noindex/swift-nio.build/Debug-iphonesimulator/NIOWebSocket.build/NIOWebSocket.modulemap (in target 'NIOWebSocket' from project 'swift-nio')
    cd /Users/j/Documents/GitHub/MoneroOne/build/SourcePackages/checkouts/swift-nio
    builtin-copy -exclude .DS_Store -exclude CVS -exclude .svn -exclude .git -exclude .hg -resolve-src-symlinks /Users/j/Documents/GitHub/MoneroOne/build/Build/Intermediates.noindex/swift-nio.build/Debug-iphonesimulator/NIOWebSocket.build/NIOWebSocket.modulemap /Users/j/Documents/GitHub/MoneroOne/build/Build/Intermediates.noindex/GeneratedModuleMaps-iphonesimulator

WriteAuxiliaryFile /Users/j/Documents/GitHub/MoneroOne/build/Build/Intermediates.noindex/swift-nio-ssl.build/Debug-iphonesimulator/NIOSSL.build/Objects-normal/arm64/NIOSSL.SwiftConstValuesFileList (in target 'NIOSSL' from project 'swift-nio-ssl')
    cd /Users/j/Documents/GitHub/MoneroOne/build/SourcePackages/checkouts/swift-nio-ssl
    write-file /Users/j/Documents/GitHub/MoneroOne/build/Build/Intermediates.noindex/swift-nio-ssl.build/Debug-iphonesimulator/NIOSSL.build/Objects-normal/arm64/NIOSSL.SwiftConstValuesFileList

WriteAuxiliaryFile /Users/j/Documents/GitHub/MoneroOne/build/Build/Intermediates.noindex/swift-nio-ssl.build/Debug-iphonesimulator/NIOSSL.build/Objects-normal/arm64/NIOSSL_const_extract_protocols.json (in target 'NIOSSL' from project 'swift-nio-ssl')
    cd /Users/j/Documents/GitHub/MoneroOne/build/SourcePackages/checkouts/swift-nio-ssl
    write-file /Users/j/Documents/GitHub/MoneroOne/build/Build/Intermediates.noindex/swift-nio-ssl.build/Debug-iphonesimulator/NIOSSL.build/Objects-normal/arm64/NIOSSL_const_extract_protocols.json

WriteAuxiliaryFile /Users/j/Documents/GitHub/MoneroOne/build/Build/Intermediates.noindex/swift-nio-ssl.build/Debug-iphonesimulator/NIOSSL.build/Objects-normal/arm64/NIOSSL.SwiftFileList (in target 'NIOSSL' from project 'swift-nio-ssl')
    cd /Users/j/Documents/GitHub/MoneroOne/build/SourcePackages/checkouts/swift-nio-ssl
    write-file /Users/j/Documents/GitHub/MoneroOne/build/Build/Intermediates.noindex/swift-nio-ssl.build/Debug-iphonesimulator/NIOSSL.build/Objects-normal/arm64/NIOSSL.SwiftFileList

WriteAuxiliaryFile /Users/j/Documents/GitHub/MoneroOne/build/Build/Intermediates.noindex/swift-nio-ssl.build/Debug-iphonesimulator/NIOSSL.build/NIOSSL.modulemap (in target 'NIOSSL' from project 'swift-nio-ssl')
    cd /Users/j/Documents/GitHub/MoneroOne/build/SourcePackages/checkouts/swift-nio-ssl
    write-file /Users/j/Documents/GitHub/MoneroOne/build/Build/Intermediates.noindex/swift-nio-ssl.build/Debug-iphonesimulator/NIOSSL.build/NIOSSL.modulemap

WriteAuxiliaryFile /Users/j/Documents/GitHub/MoneroOne/build/Build/Intermediates.noindex/swift-nio-ssl.build/Debug-iphonesimulator/NIOSSL.build/Objects-normal/arm64/NIOSSL-OutputFileMap.json (in target 'NIOSSL' from project 'swift-nio-ssl')
    cd /Users/j/Documents/GitHub/MoneroOne/build/SourcePackages/checkouts/swift-nio-ssl
    write-file /Users/j/Documents/GitHub/MoneroOne/build/Build/Intermediates.noindex/swift-nio-ssl.build/Debug-iphonesimulator/NIOSSL.build/Objects-normal/arm64/NIOSSL-OutputFileMap.json

WriteAuxiliaryFile /Users/j/Documents/GitHub/MoneroOne/build/Build/Intermediates.noindex/swift-nio-ssl.build/Debug-iphonesimulator/NIOSSL.build/Objects-normal/arm64/NIOSSL.LinkFileList (in target 'NIOSSL' from project 'swift-nio-ssl')
    cd /Users/j/Documents/GitHub/MoneroOne/build/SourcePackages/checkouts/swift-nio-ssl
    write-file /Users/j/Documents/GitHub/MoneroOne/build/Build/Intermediates.noindex/swift-nio-ssl.build/Debug-iphonesimulator/NIOSSL.build/Objects-normal/arm64/NIOSSL.LinkFileList

WriteAuxiliaryFile /Users/j/Documents/GitHub/MoneroOne/build/Build/Intermediates.noindex/swift-nio-ssl.build/Debug-iphonesimulator/NIOSSL.build/NIOSSL.DependencyStaticMetadataFileList (in target 'NIOSSL' from project 'swift-nio-ssl')
    cd /Users/j/Documents/GitHub/MoneroOne/build/SourcePackages/checkouts/swift-nio-ssl
    write-file /Users/j/Documents/GitHub/MoneroOne/build/Build/Intermediates.noindex/swift-nio-ssl.build/Debug-iphonesimulator/NIOSSL.build/NIOSSL.DependencyStaticMetadataFileList

WriteAuxiliaryFile /Users/j/Documents/GitHub/MoneroOne/build/Build/Intermediates.noindex/swift-nio-ssl.build/Debug-iphonesimulator/NIOSSL.build/NIOSSL.DependencyMetadataFileList (in target 'NIOSSL' from project 'swift-nio-ssl')
    cd /Users/j/Documents/GitHub/MoneroOne/build/SourcePackages/checkouts/swift-nio-ssl
    write-file /Users/j/Documents/GitHub/MoneroOne/build/Build/Intermediates.noindex/swift-nio-ssl.build/Debug-iphonesimulator/NIOSSL.build/NIOSSL.DependencyMetadataFileList

WriteAuxiliaryFile /Users/j/Documents/GitHub/MoneroOne/build/Build/Intermediates.noindex/swift-nio-ssl.build/Debug-iphonesimulator/NIOSSL.build/DerivedSources/resource_bundle_accessor.swift (in target 'NIOSSL' from project 'swift-nio-ssl')
    cd /Users/j/Documents/GitHub/MoneroOne/build/SourcePackages/checkouts/swift-nio-ssl
    write-file /Users/j/Documents/GitHub/MoneroOne/build/Build/Intermediates.noindex/swift-nio-ssl.build/Debug-iphonesimulator/NIOSSL.build/DerivedSources/resource_bundle_accessor.swift

Copy /Users/j/Documents/GitHub/MoneroOne/build/Build/Intermediates.noindex/GeneratedModuleMaps-iphonesimulator/NIOTLS.modulemap /Users/j/Documents/GitHub/MoneroOne/build/Build/Intermediates.noindex/swift-nio.build/Debug-iphonesimulator/NIOTLS.build/NIOTLS.modulemap (in target 'NIOTLS' from project 'swift-nio')
    cd /Users/j/Documents/GitHub/MoneroOne/build/SourcePackages/checkouts/swift-nio
    builtin-copy -exclude .DS_Store -exclude CVS -exclude .svn -exclude .git -exclude .hg -resolve-src-symlinks /Users/j/Documents/GitHub/MoneroOne/build/Build/Intermediates.noindex/swift-nio.build/Debug-iphonesimulator/NIOTLS.build/NIOTLS.modulemap /Users/j/Documents/GitHub/MoneroOne/build/Build/Intermediates.noindex/GeneratedModuleMaps-iphonesimulator

WriteAuxiliaryFile /Users/j/Documents/GitHub/MoneroOne/build/Build/Intermediates.noindex/swift-nio.build/Debug-iphonesimulator/NIOPosix.build/Objects-normal/arm64/NIOPosix.SwiftFileList (in target 'NIOPosix' from project 'swift-nio')
    cd /Users/j/Documents/GitHub/MoneroOne/build/SourcePackages/checkouts/swift-nio
    write-file /Users/j/Documents/GitHub/MoneroOne/build/Build/Intermediates.noindex/swift-nio.build/Debug-iphonesimulator/NIOPosix.build/Objects-normal/arm64/NIOPosix.SwiftFileList

WriteAuxiliaryFile /Users/j/Documents/GitHub/MoneroOne/build/Build/Intermediates.noindex/swift-nio.build/Debug-iphonesimulator/NIOPosix.build/Objects-normal/arm64/NIOPosix.LinkFileList (in target 'NIOPosix' from project 'swift-nio')
    cd /Users/j/Documents/GitHub/MoneroOne/build/SourcePackages/checkouts/swift-nio
    write-file /Users/j/Documents/GitHub/MoneroOne/build/Build/Intermediates.noindex/swift-nio.build/Debug-iphonesimulator/NIOPosix.build/Objects-normal/arm64/NIOPosix.LinkFileList

WriteAuxiliaryFile /Users/j/Documents/GitHub/MoneroOne/build/Build/Intermediates.noindex/swift-nio.build/Debug-iphonesimulator/NIOPosix.build/NIOPosix.modulemap (in target 'NIOPosix' from project 'swift-nio')
    cd /Users/j/Documents/GitHub/MoneroOne/build/SourcePackages/checkouts/swift-nio
    write-file /Users/j/Documents/GitHub/MoneroOne/build/Build/Intermediates.noindex/swift-nio.build/Debug-iphonesimulator/NIOPosix.build/NIOPosix.modulemap

WriteAuxiliaryFile /Users/j/Documents/GitHub/MoneroOne/build/Build/Intermediates.noindex/swift-nio.build/Debug-iphonesimulator/NIOPosix.build/Objects-normal/arm64/NIOPosix.SwiftConstValuesFileList (in target 'NIOPosix' from project 'swift-nio')
    cd /Users/j/Documents/GitHub/MoneroOne/build/SourcePackages/checkouts/swift-nio
    write-file /Users/j/Documents/GitHub/MoneroOne/build/Build/Intermediates.noindex/swift-nio.build/Debug-iphonesimulator/NIOPosix.build/Objects-normal/arm64/NIOPosix.SwiftConstValuesFileList

WriteAuxiliaryFile /Users/j/Documents/GitHub/MoneroOne/build/Build/Intermediates.noindex/swift-nio.build/Debug-iphonesimulator/NIOPosix.build/Objects-normal/arm64/NIOPosix_const_extract_protocols.json (in target 'NIOPosix' from project 'swift-nio')
    cd /Users/j/Documents/GitHub/MoneroOne/build/SourcePackages/checkouts/swift-nio
    write-file /Users/j/Documents/GitHub/MoneroOne/build/Build/Intermediates.noindex/swift-nio.build/Debug-iphonesimulator/NIOPosix.build/Objects-normal/arm64/NIOPosix_const_extract_protocols.json

WriteAuxiliaryFile /Users/j/Documents/GitHub/MoneroOne/build/Build/Intermediates.noindex/swift-nio.build/Debug-iphonesimulator/NIOPosix.build/Objects-normal/arm64/NIOPosix-OutputFileMap.json (in target 'NIOPosix' from project 'swift-nio')
    cd /Users/j/Documents/GitHub/MoneroOne/build/SourcePackages/checkouts/swift-nio
    write-file /Users/j/Documents/GitHub/MoneroOne/build/Build/Intermediates.noindex/swift-nio.build/Debug-iphonesimulator/NIOPosix.build/Objects-normal/arm64/NIOPosix-OutputFileMap.json

WriteAuxiliaryFile /Users/j/Documents/GitHub/MoneroOne/build/Build/Intermediates.noindex/swift-nio.build/Debug-iphonesimulator/NIOPosix.build/NIOPosix.DependencyStaticMetadataFileList (in target 'NIOPosix' from project 'swift-nio')
    cd /Users/j/Documents/GitHub/MoneroOne/build/SourcePackages/checkouts/swift-nio
    write-file /Users/j/Documents/GitHub/MoneroOne/build/Build/Intermediates.noindex/swift-nio.build/Debug-iphonesimulator/NIOPosix.build/NIOPosix.DependencyStaticMetadataFileList

WriteAuxiliaryFile /Users/j/Documents/GitHub/MoneroOne/build/Build/Intermediates.noindex/swift-nio.build/Debug-iphonesimulator/NIOPosix.build/NIOPosix.DependencyMetadataFileList (in target 'NIOPosix' from project 'swift-nio')
    cd /Users/j/Documents/GitHub/MoneroOne/build/SourcePackages/checkouts/swift-nio
    write-file /Users/j/Documents/GitHub/MoneroOne/build/Build/Intermediates.noindex/swift-nio.build/Debug-iphonesimulator/NIOPosix.build/NIOPosix.DependencyMetadataFileList

WriteAuxiliaryFile /Users/j/Documents/GitHub/MoneroOne/build/Build/Intermediates.noindex/swift-nio.build/Debug-iphonesimulator/NIOPosix.build/DerivedSources/resource_bundle_accessor.swift (in target 'NIOPosix' from project 'swift-nio')
    cd /Users/j/Documents/GitHub/MoneroOne/build/SourcePackages/checkouts/swift-nio
    write-file /Users/j/Documents/GitHub/MoneroOne/build/Build/Intermediates.noindex/swift-nio.build/Debug-iphonesimulator/NIOPosix.build/DerivedSources/resource_bundle_accessor.swift

Copy /Users/j/Documents/GitHub/MoneroOne/build/Build/Intermediates.noindex/GeneratedModuleMaps-iphonesimulator/NIOSSL.modulemap /Users/j/Documents/GitHub/MoneroOne/build/Build/Intermediates.noindex/swift-nio-ssl.build/Debug-iphonesimulator/NIOSSL.build/NIOSSL.modulemap (in target 'NIOSSL' from project 'swift-nio-ssl')
    cd /Users/j/Documents/GitHub/MoneroOne/build/SourcePackages/checkouts/swift-nio-ssl
    builtin-copy -exclude .DS_Store -exclude CVS -exclude .svn -exclude .git -exclude .hg -resolve-src-symlinks /Users/j/Documents/GitHub/MoneroOne/build/Build/Intermediates.noindex/swift-nio-ssl.build/Debug-iphonesimulator/NIOSSL.build/NIOSSL.modulemap /Users/j/Documents/GitHub/MoneroOne/build/Build/Intermediates.noindex/GeneratedModuleMaps-iphonesimulator

WriteAuxiliaryFile /Users/j/Documents/GitHub/MoneroOne/build/Build/Intermediates.noindex/swift-nio.build/Debug-iphonesimulator/NIOHTTP1.build/Objects-normal/arm64/NIOHTTP1.LinkFileList (in target 'NIOHTTP1' from project 'swift-nio')
    cd /Users/j/Documents/GitHub/MoneroOne/build/SourcePackages/checkouts/swift-nio
    write-file /Users/j/Documents/GitHub/MoneroOne/build/Build/Intermediates.noindex/swift-nio.build/Debug-iphonesimulator/NIOHTTP1.build/Objects-normal/arm64/NIOHTTP1.LinkFileList

WriteAuxiliaryFile /Users/j/Documents/GitHub/MoneroOne/build/Build/Intermediates.noindex/swift-nio.build/Debug-iphonesimulator/NIOHTTP1.build/Objects-normal/arm64/NIOHTTP1-OutputFileMap.json (in target 'NIOHTTP1' from project 'swift-nio')
    cd /Users/j/Documents/GitHub/MoneroOne/build/SourcePackages/checkouts/swift-nio
    write-file /Users/j/Documents/GitHub/MoneroOne/build/Build/Intermediates.noindex/swift-nio.build/Debug-iphonesimulator/NIOHTTP1.build/Objects-normal/arm64/NIOHTTP1-OutputFileMap.json

WriteAuxiliaryFile /Users/j/Documents/GitHub/MoneroOne/build/Build/Intermediates.noindex/swift-nio.build/Debug-iphonesimulator/NIOHTTP1.build/NIOHTTP1.modulemap (in target 'NIOHTTP1' from project 'swift-nio')
    cd /Users/j/Documents/GitHub/MoneroOne/build/SourcePackages/checkouts/swift-nio
    write-file /Users/j/Documents/GitHub/MoneroOne/build/Build/Intermediates.noindex/swift-nio.build/Debug-iphonesimulator/NIOHTTP1.build/NIOHTTP1.modulemap

WriteAuxiliaryFile /Users/j/Documents/GitHub/MoneroOne/build/Build/Intermediates.noindex/swift-nio.build/Debug-iphonesimulator/NIOHTTP1.build/Objects-normal/arm64/NIOHTTP1.SwiftConstValuesFileList (in target 'NIOHTTP1' from project 'swift-nio')
    cd /Users/j/Documents/GitHub/MoneroOne/build/SourcePackages/checkouts/swift-nio
    write-file /Users/j/Documents/GitHub/MoneroOne/build/Build/Intermediates.noindex/swift-nio.build/Debug-iphonesimulator/NIOHTTP1.build/Objects-normal/arm64/NIOHTTP1.SwiftConstValuesFileList

WriteAuxiliaryFile /Users/j/Documents/GitHub/MoneroOne/build/Build/Intermediates.noindex/swift-nio.build/Debug-iphonesimulator/NIOHTTP1.build/Objects-normal/arm64/NIOHTTP1_const_extract_protocols.json (in target 'NIOHTTP1' from project 'swift-nio')
    cd /Users/j/Documents/GitHub/MoneroOne/build/SourcePackages/checkouts/swift-nio
    write-file /Users/j/Documents/GitHub/MoneroOne/build/Build/Intermediates.noindex/swift-nio.build/Debug-iphonesimulator/NIOHTTP1.build/Objects-normal/arm64/NIOHTTP1_const_extract_protocols.json

WriteAuxiliaryFile /Users/j/Documents/GitHub/MoneroOne/build/Build/Intermediates.noindex/swift-nio.build/Debug-iphonesimulator/NIOHTTP1.build/Objects-normal/arm64/NIOHTTP1.SwiftFileList (in target 'NIOHTTP1' from project 'swift-nio')
    cd /Users/j/Documents/GitHub/MoneroOne/build/SourcePackages/checkouts/swift-nio
    write-file /Users/j/Documents/GitHub/MoneroOne/build/Build/Intermediates.noindex/swift-nio.build/Debug-iphonesimulator/NIOHTTP1.build/Objects-normal/arm64/NIOHTTP1.SwiftFileList

Copy /Users/j/Documents/GitHub/MoneroOne/build/Build/Intermediates.noindex/GeneratedModuleMaps-iphonesimulator/NIOPosix.modulemap /Users/j/Documents/GitHub/MoneroOne/build/Build/Intermediates.noindex/swift-nio.build/Debug-iphonesimulator/NIOPosix.build/NIOPosix.modulemap (in target 'NIOPosix' from project 'swift-nio')
    cd /Users/j/Documents/GitHub/MoneroOne/build/SourcePackages/checkouts/swift-nio
    builtin-copy -exclude .DS_Store -exclude CVS -exclude .svn -exclude .git -exclude .hg -resolve-src-symlinks /Users/j/Documents/GitHub/MoneroOne/build/Build/Intermediates.noindex/swift-nio.build/Debug-iphonesimulator/NIOPosix.build/NIOPosix.modulemap /Users/j/Documents/GitHub/MoneroOne/build/Build/Intermediates.noindex/GeneratedModuleMaps-iphonesimulator

WriteAuxiliaryFile /Users/j/Documents/GitHub/MoneroOne/build/Build/Intermediates.noindex/swift-nio.build/Debug-iphonesimulator/NIOHTTP1.build/NIOHTTP1.DependencyStaticMetadataFileList (in target 'NIOHTTP1' from project 'swift-nio')
    cd /Users/j/Documents/GitHub/MoneroOne/build/SourcePackages/checkouts/swift-nio
    write-file /Users/j/Documents/GitHub/MoneroOne/build/Build/Intermediates.noindex/swift-nio.build/Debug-iphonesimulator/NIOHTTP1.build/NIOHTTP1.DependencyStaticMetadataFileList

WriteAuxiliaryFile /Users/j/Documents/GitHub/MoneroOne/build/Build/Intermediates.noindex/swift-nio.build/Debug-iphonesimulator/NIOHTTP1.build/NIOHTTP1.DependencyMetadataFileList (in target 'NIOHTTP1' from project 'swift-nio')
    cd /Users/j/Documents/GitHub/MoneroOne/build/SourcePackages/checkouts/swift-nio
    write-file /Users/j/Documents/GitHub/MoneroOne/build/Build/Intermediates.noindex/swift-nio.build/Debug-iphonesimulator/NIOHTTP1.build/NIOHTTP1.DependencyMetadataFileList

WriteAuxiliaryFile /Users/j/Documents/GitHub/MoneroOne/build/Build/Intermediates.noindex/swift-nio.build/Debug-iphonesimulator/NIOFoundationCompat.build/Objects-normal/arm64/NIOFoundationCompat_const_extract_protocols.json (in target 'NIOFoundationCompat' from project 'swift-nio')
    cd /Users/j/Documents/GitHub/MoneroOne/build/SourcePackages/checkouts/swift-nio
    write-file /Users/j/Documents/GitHub/MoneroOne/build/Build/Intermediates.noindex/swift-nio.build/Debug-iphonesimulator/NIOFoundationCompat.build/Objects-normal/arm64/NIOFoundationCompat_const_extract_protocols.json

WriteAuxiliaryFile /Users/j/Documents/GitHub/MoneroOne/build/Build/Intermediates.noindex/swift-nio.build/Debug-iphonesimulator/NIOFoundationCompat.build/Objects-normal/arm64/NIOFoundationCompat.SwiftFileList (in target 'NIOFoundationCompat' from project 'swift-nio')
    cd /Users/j/Documents/GitHub/MoneroOne/build/SourcePackages/checkouts/swift-nio
    write-file /Users/j/Documents/GitHub/MoneroOne/build/Build/Intermediates.noindex/swift-nio.build/Debug-iphonesimulator/NIOFoundationCompat.build/Objects-normal/arm64/NIOFoundationCompat.SwiftFileList

WriteAuxiliaryFile /Users/j/Documents/GitHub/MoneroOne/build/Build/Intermediates.noindex/swift-nio.build/Debug-iphonesimulator/NIOFoundationCompat.build/Objects-normal/arm64/NIOFoundationCompat.SwiftConstValuesFileList (in target 'NIOFoundationCompat' from project 'swift-nio')
    cd /Users/j/Documents/GitHub/MoneroOne/build/SourcePackages/checkouts/swift-nio
    write-file /Users/j/Documents/GitHub/MoneroOne/build/Build/Intermediates.noindex/swift-nio.build/Debug-iphonesimulator/NIOFoundationCompat.build/Objects-normal/arm64/NIOFoundationCompat.SwiftConstValuesFileList

WriteAuxiliaryFile /Users/j/Documents/GitHub/MoneroOne/build/Build/Intermediates.noindex/swift-nio.build/Debug-iphonesimulator/NIOFoundationCompat.build/Objects-normal/arm64/NIOFoundationCompat.LinkFileList (in target 'NIOFoundationCompat' from project 'swift-nio')
    cd /Users/j/Documents/GitHub/MoneroOne/build/SourcePackages/checkouts/swift-nio
    write-file /Users/j/Documents/GitHub/MoneroOne/build/Build/Intermediates.noindex/swift-nio.build/Debug-iphonesimulator/NIOFoundationCompat.build/Objects-normal/arm64/NIOFoundationCompat.LinkFileList

WriteAuxiliaryFile /Users/j/Documents/GitHub/MoneroOne/build/Build/Intermediates.noindex/swift-nio.build/Debug-iphonesimulator/NIOFoundationCompat.build/Objects-normal/arm64/NIOFoundationCompat-OutputFileMap.json (in target 'NIOFoundationCompat' from project 'swift-nio')
    cd /Users/j/Documents/GitHub/MoneroOne/build/SourcePackages/checkouts/swift-nio
    write-file /Users/j/Documents/GitHub/MoneroOne/build/Build/Intermediates.noindex/swift-nio.build/Debug-iphonesimulator/NIOFoundationCompat.build/Objects-normal/arm64/NIOFoundationCompat-OutputFileMap.json

Copy /Users/j/Documents/GitHub/MoneroOne/build/Build/Intermediates.noindex/GeneratedModuleMaps-iphonesimulator/NIOHTTP1.modulemap /Users/j/Documents/GitHub/MoneroOne/build/Build/Intermediates.noindex/swift-nio.build/Debug-iphonesimulator/NIOHTTP1.build/NIOHTTP1.modulemap (in target 'NIOHTTP1' from project 'swift-nio')
    cd /Users/j/Documents/GitHub/MoneroOne/build/SourcePackages/checkouts/swift-nio
    builtin-copy -exclude .DS_Store -exclude CVS -exclude .svn -exclude .git -exclude .hg -resolve-src-symlinks /Users/j/Documents/GitHub/MoneroOne/build/Build/Intermediates.noindex/swift-nio.build/Debug-iphonesimulator/NIOHTTP1.build/NIOHTTP1.modulemap /Users/j/Documents/GitHub/MoneroOne/build/Build/Intermediates.noindex/GeneratedModuleMaps-iphonesimulator

WriteAuxiliaryFile /Users/j/Documents/GitHub/MoneroOne/build/Build/Intermediates.noindex/swift-nio.build/Debug-iphonesimulator/NIOFoundationCompat.build/NIOFoundationCompat.modulemap (in target 'NIOFoundationCompat' from project 'swift-nio')
    cd /Users/j/Documents/GitHub/MoneroOne/build/SourcePackages/checkouts/swift-nio
    write-file /Users/j/Documents/GitHub/MoneroOne/build/Build/Intermediates.noindex/swift-nio.build/Debug-iphonesimulator/NIOFoundationCompat.build/NIOFoundationCompat.modulemap

WriteAuxiliaryFile /Users/j/Documents/GitHub/MoneroOne/build/Build/Intermediates.noindex/swift-nio.build/Debug-iphonesimulator/NIOFoundationCompat.build/NIOFoundationCompat.DependencyStaticMetadataFileList (in target 'NIOFoundationCompat' from project 'swift-nio')
    cd /Users/j/Documents/GitHub/MoneroOne/build/SourcePackages/checkouts/swift-nio
    write-file /Users/j/Documents/GitHub/MoneroOne/build/Build/Intermediates.noindex/swift-nio.build/Debug-iphonesimulator/NIOFoundationCompat.build/NIOFoundationCompat.DependencyStaticMetadataFileList

WriteAuxiliaryFile /Users/j/Documents/GitHub/MoneroOne/build/Build/Intermediates.noindex/swift-nio.build/Debug-iphonesimulator/NIOFoundationCompat.build/NIOFoundationCompat.DependencyMetadataFileList (in target 'NIOFoundationCompat' from project 'swift-nio')
    cd /Users/j/Documents/GitHub/MoneroOne/build/SourcePackages/checkouts/swift-nio
    write-file /Users/j/Documents/GitHub/MoneroOne/build/Build/Intermediates.noindex/swift-nio.build/Debug-iphonesimulator/NIOFoundationCompat.build/NIOFoundationCompat.DependencyMetadataFileList

WriteAuxiliaryFile /Users/j/Documents/GitHub/MoneroOne/build/Build/Intermediates.noindex/swift-nio.build/Debug-iphonesimulator/NIOEmbedded.build/Objects-normal/arm64/NIOEmbedded.SwiftFileList (in target 'NIOEmbedded' from project 'swift-nio')
    cd /Users/j/Documents/GitHub/MoneroOne/build/SourcePackages/checkouts/swift-nio
    write-file /Users/j/Documents/GitHub/MoneroOne/build/Build/Intermediates.noindex/swift-nio.build/Debug-iphonesimulator/NIOEmbedded.build/Objects-normal/arm64/NIOEmbedded.SwiftFileList

WriteAuxiliaryFile /Users/j/Documents/GitHub/MoneroOne/build/Build/Intermediates.noindex/swift-nio.build/Debug-iphonesimulator/NIOEmbedded.build/Objects-normal/arm64/NIOEmbedded.LinkFileList (in target 'NIOEmbedded' from project 'swift-nio')
    cd /Users/j/Documents/GitHub/MoneroOne/build/SourcePackages/checkouts/swift-nio
    write-file /Users/j/Documents/GitHub/MoneroOne/build/Build/Intermediates.noindex/swift-nio.build/Debug-iphonesimulator/NIOEmbedded.build/Objects-normal/arm64/NIOEmbedded.LinkFileList

WriteAuxiliaryFile /Users/j/Documents/GitHub/MoneroOne/build/Build/Intermediates.noindex/swift-nio.build/Debug-iphonesimulator/NIOEmbedded.build/Objects-normal/arm64/NIOEmbedded.SwiftConstValuesFileList (in target 'NIOEmbedded' from project 'swift-nio')
    cd /Users/j/Documents/GitHub/MoneroOne/build/SourcePackages/checkouts/swift-nio
    write-file /Users/j/Documents/GitHub/MoneroOne/build/Build/Intermediates.noindex/swift-nio.build/Debug-iphonesimulator/NIOEmbedded.build/Objects-normal/arm64/NIOEmbedded.SwiftConstValuesFileList

WriteAuxiliaryFile /Users/j/Documents/GitHub/MoneroOne/build/Build/Intermediates.noindex/swift-nio.build/Debug-iphonesimulator/NIOEmbedded.build/Objects-normal/arm64/NIOEmbedded_const_extract_protocols.json (in target 'NIOEmbedded' from project 'swift-nio')
    cd /Users/j/Documents/GitHub/MoneroOne/build/SourcePackages/checkouts/swift-nio
    write-file /Users/j/Documents/GitHub/MoneroOne/build/Build/Intermediates.noindex/swift-nio.build/Debug-iphonesimulator/NIOEmbedded.build/Objects-normal/arm64/NIOEmbedded_const_extract_protocols.json

WriteAuxiliaryFile /Users/j/Documents/GitHub/MoneroOne/build/Build/Intermediates.noindex/swift-nio.build/Debug-iphonesimulator/NIOEmbedded.build/Objects-normal/arm64/NIOEmbedded-OutputFileMap.json (in target 'NIOEmbedded' from project 'swift-nio')
    cd /Users/j/Documents/GitHub/MoneroOne/build/SourcePackages/checkouts/swift-nio
    write-file /Users/j/Documents/GitHub/MoneroOne/build/Build/Intermediates.noindex/swift-nio.build/Debug-iphonesimulator/NIOEmbedded.build/Objects-normal/arm64/NIOEmbedded-OutputFileMap.json

WriteAuxiliaryFile /Users/j/Documents/GitHub/MoneroOne/build/Build/Intermediates.noindex/swift-nio.build/Debug-iphonesimulator/NIOEmbedded.build/NIOEmbedded.modulemap (in target 'NIOEmbedded' from project 'swift-nio')
    cd /Users/j/Documents/GitHub/MoneroOne/build/SourcePackages/checkouts/swift-nio
    write-file /Users/j/Documents/GitHub/MoneroOne/build/Build/Intermediates.noindex/swift-nio.build/Debug-iphonesimulator/NIOEmbedded.build/NIOEmbedded.modulemap

WriteAuxiliaryFile /Users/j/Documents/GitHub/MoneroOne/build/Build/Intermediates.noindex/swift-nio.build/Debug-iphonesimulator/NIOEmbedded.build/NIOEmbedded.DependencyStaticMetadataFileList (in target 'NIOEmbedded' from project 'swift-nio')
    cd /Users/j/Documents/GitHub/MoneroOne/build/SourcePackages/checkouts/swift-nio
    write-file /Users/j/Documents/GitHub/MoneroOne/build/Build/Intermediates.noindex/swift-nio.build/Debug-iphonesimulator/NIOEmbedded.build/NIOEmbedded.DependencyStaticMetadataFileList

WriteAuxiliaryFile /Users/j/Documents/GitHub/MoneroOne/build/Build/Intermediates.noindex/swift-nio.build/Debug-iphonesimulator/NIOEmbedded.build/NIOEmbedded.DependencyMetadataFileList (in target 'NIOEmbedded' from project 'swift-nio')
    cd /Users/j/Documents/GitHub/MoneroOne/build/SourcePackages/checkouts/swift-nio
    write-file /Users/j/Documents/GitHub/MoneroOne/build/Build/Intermediates.noindex/swift-nio.build/Debug-iphonesimulator/NIOEmbedded.build/NIOEmbedded.DependencyMetadataFileList

Copy /Users/j/Documents/GitHub/MoneroOne/build/Build/Intermediates.noindex/GeneratedModuleMaps-iphonesimulator/NIOFoundationCompat.modulemap /Users/j/Documents/GitHub/MoneroOne/build/Build/Intermediates.noindex/swift-nio.build/Debug-iphonesimulator/NIOFoundationCompat.build/NIOFoundationCompat.modulemap (in target 'NIOFoundationCompat' from project 'swift-nio')
    cd /Users/j/Documents/GitHub/MoneroOne/build/SourcePackages/checkouts/swift-nio
    builtin-copy -exclude .DS_Store -exclude CVS -exclude .svn -exclude .git -exclude .hg -resolve-src-symlinks /Users/j/Documents/GitHub/MoneroOne/build/Build/Intermediates.noindex/swift-nio.build/Debug-iphonesimulator/NIOFoundationCompat.build/NIOFoundationCompat.modulemap /Users/j/Documents/GitHub/MoneroOne/build/Build/Intermediates.noindex/GeneratedModuleMaps-iphonesimulator

WriteAuxiliaryFile /Users/j/Documents/GitHub/MoneroOne/build/Build/Intermediates.noindex/swift-nio.build/Debug-iphonesimulator/NIOCore.build/Objects-normal/arm64/NIOCore_const_extract_protocols.json (in target 'NIOCore' from project 'swift-nio')
    cd /Users/j/Documents/GitHub/MoneroOne/build/SourcePackages/checkouts/swift-nio
    write-file /Users/j/Documents/GitHub/MoneroOne/build/Build/Intermediates.noindex/swift-nio.build/Debug-iphonesimulator/NIOCore.build/Objects-normal/arm64/NIOCore_const_extract_protocols.json

WriteAuxiliaryFile /Users/j/Documents/GitHub/MoneroOne/build/Build/Intermediates.noindex/swift-nio.build/Debug-iphonesimulator/NIOCore.build/Objects-normal/arm64/NIOCore.SwiftFileList (in target 'NIOCore' from project 'swift-nio')
    cd /Users/j/Documents/GitHub/MoneroOne/build/SourcePackages/checkouts/swift-nio
    write-file /Users/j/Documents/GitHub/MoneroOne/build/Build/Intermediates.noindex/swift-nio.build/Debug-iphonesimulator/NIOCore.build/Objects-normal/arm64/NIOCore.SwiftFileList

WriteAuxiliaryFile /Users/j/Documents/GitHub/MoneroOne/build/Build/Intermediates.noindex/swift-nio.build/Debug-iphonesimulator/NIOCore.build/Objects-normal/arm64/NIOCore.SwiftConstValuesFileList (in target 'NIOCore' from project 'swift-nio')
    cd /Users/j/Documents/GitHub/MoneroOne/build/SourcePackages/checkouts/swift-nio
    write-file /Users/j/Documents/GitHub/MoneroOne/build/Build/Intermediates.noindex/swift-nio.build/Debug-iphonesimulator/NIOCore.build/Objects-normal/arm64/NIOCore.SwiftConstValuesFileList

WriteAuxiliaryFile /Users/j/Documents/GitHub/MoneroOne/build/Build/Intermediates.noindex/swift-nio.build/Debug-iphonesimulator/NIOCore.build/Objects-normal/arm64/NIOCore.LinkFileList (in target 'NIOCore' from project 'swift-nio')
    cd /Users/j/Documents/GitHub/MoneroOne/build/SourcePackages/checkouts/swift-nio
    write-file /Users/j/Documents/GitHub/MoneroOne/build/Build/Intermediates.noindex/swift-nio.build/Debug-iphonesimulator/NIOCore.build/Objects-normal/arm64/NIOCore.LinkFileList

WriteAuxiliaryFile /Users/j/Documents/GitHub/MoneroOne/build/Build/Intermediates.noindex/swift-nio.build/Debug-iphonesimulator/NIOCore.build/Objects-normal/arm64/NIOCore-OutputFileMap.json (in target 'NIOCore' from project 'swift-nio')
    cd /Users/j/Documents/GitHub/MoneroOne/build/SourcePackages/checkouts/swift-nio
    write-file /Users/j/Documents/GitHub/MoneroOne/build/Build/Intermediates.noindex/swift-nio.build/Debug-iphonesimulator/NIOCore.build/Objects-normal/arm64/NIOCore-OutputFileMap.json

WriteAuxiliaryFile /Users/j/Documents/GitHub/MoneroOne/build/Build/Intermediates.noindex/swift-nio.build/Debug-iphonesimulator/NIOCore.build/NIOCore.modulemap (in target 'NIOCore' from project 'swift-nio')
    cd /Users/j/Documents/GitHub/MoneroOne/build/SourcePackages/checkouts/swift-nio
    write-file /Users/j/Documents/GitHub/MoneroOne/build/Build/Intermediates.noindex/swift-nio.build/Debug-iphonesimulator/NIOCore.build/NIOCore.modulemap

WriteAuxiliaryFile /Users/j/Documents/GitHub/MoneroOne/build/Build/Intermediates.noindex/swift-nio.build/Debug-iphonesimulator/NIOCore.build/NIOCore.DependencyStaticMetadataFileList (in target 'NIOCore' from project 'swift-nio')
    cd /Users/j/Documents/GitHub/MoneroOne/build/SourcePackages/checkouts/swift-nio
    write-file /Users/j/Documents/GitHub/MoneroOne/build/Build/Intermediates.noindex/swift-nio.build/Debug-iphonesimulator/NIOCore.build/NIOCore.DependencyStaticMetadataFileList

WriteAuxiliaryFile /Users/j/Documents/GitHub/MoneroOne/build/Build/Intermediates.noindex/swift-nio.build/Debug-iphonesimulator/NIOCore.build/NIOCore.DependencyMetadataFileList (in target 'NIOCore' from project 'swift-nio')
    cd /Users/j/Documents/GitHub/MoneroOne/build/SourcePackages/checkouts/swift-nio
    write-file /Users/j/Documents/GitHub/MoneroOne/build/Build/Intermediates.noindex/swift-nio.build/Debug-iphonesimulator/NIOCore.build/NIOCore.DependencyMetadataFileList

WriteAuxiliaryFile /Users/j/Documents/GitHub/MoneroOne/build/Build/Intermediates.noindex/swift-nio.build/Debug-iphonesimulator/NIOConcurrencyHelpers.build/Objects-normal/arm64/NIOConcurrencyHelpers_const_extract_protocols.json (in target 'NIOConcurrencyHelpers' from project 'swift-nio')
    cd /Users/j/Documents/GitHub/MoneroOne/build/SourcePackages/checkouts/swift-nio
    write-file /Users/j/Documents/GitHub/MoneroOne/build/Build/Intermediates.noindex/swift-nio.build/Debug-iphonesimulator/NIOConcurrencyHelpers.build/Objects-normal/arm64/NIOConcurrencyHelpers_const_extract_protocols.json

WriteAuxiliaryFile /Users/j/Documents/GitHub/MoneroOne/build/Build/Intermediates.noindex/swift-nio.build/Debug-iphonesimulator/NIOConcurrencyHelpers.build/Objects-normal/arm64/NIOConcurrencyHelpers.SwiftFileList (in target 'NIOConcurrencyHelpers' from project 'swift-nio')
    cd /Users/j/Documents/GitHub/MoneroOne/build/SourcePackages/checkouts/swift-nio
    write-file /Users/j/Documents/GitHub/MoneroOne/build/Build/Intermediates.noindex/swift-nio.build/Debug-iphonesimulator/NIOConcurrencyHelpers.build/Objects-normal/arm64/NIOConcurrencyHelpers.SwiftFileList

Copy /Users/j/Documents/GitHub/MoneroOne/build/Build/Intermediates.noindex/GeneratedModuleMaps-iphonesimulator/NIOEmbedded.modulemap /Users/j/Documents/GitHub/MoneroOne/build/Build/Intermediates.noindex/swift-nio.build/Debug-iphonesimulator/NIOEmbedded.build/NIOEmbedded.modulemap (in target 'NIOEmbedded' from project 'swift-nio')
    cd /Users/j/Documents/GitHub/MoneroOne/build/SourcePackages/checkouts/swift-nio
    builtin-copy -exclude .DS_Store -exclude CVS -exclude .svn -exclude .git -exclude .hg -resolve-src-symlinks /Users/j/Documents/GitHub/MoneroOne/build/Build/Intermediates.noindex/swift-nio.build/Debug-iphonesimulator/NIOEmbedded.build/NIOEmbedded.modulemap /Users/j/Documents/GitHub/MoneroOne/build/Build/Intermediates.noindex/GeneratedModuleMaps-iphonesimulator

WriteAuxiliaryFile /Users/j/Documents/GitHub/MoneroOne/build/Build/Intermediates.noindex/swift-nio.build/Debug-iphonesimulator/NIOConcurrencyHelpers.build/Objects-normal/arm64/NIOConcurrencyHelpers.SwiftConstValuesFileList (in target 'NIOConcurrencyHelpers' from project 'swift-nio')
    cd /Users/j/Documents/GitHub/MoneroOne/build/SourcePackages/checkouts/swift-nio
    write-file /Users/j/Documents/GitHub/MoneroOne/build/Build/Intermediates.noindex/swift-nio.build/Debug-iphonesimulator/NIOConcurrencyHelpers.build/Objects-normal/arm64/NIOConcurrencyHelpers.SwiftConstValuesFileList

WriteAuxiliaryFile /Users/j/Documents/GitHub/MoneroOne/build/Build/Intermediates.noindex/swift-nio.build/Debug-iphonesimulator/NIOConcurrencyHelpers.build/Objects-normal/arm64/NIOConcurrencyHelpers.LinkFileList (in target 'NIOConcurrencyHelpers' from project 'swift-nio')
    cd /Users/j/Documents/GitHub/MoneroOne/build/SourcePackages/checkouts/swift-nio
    write-file /Users/j/Documents/GitHub/MoneroOne/build/Build/Intermediates.noindex/swift-nio.build/Debug-iphonesimulator/NIOConcurrencyHelpers.build/Objects-normal/arm64/NIOConcurrencyHelpers.LinkFileList

WriteAuxiliaryFile /Users/j/Documents/GitHub/MoneroOne/build/Build/Intermediates.noindex/swift-nio.build/Debug-iphonesimulator/NIOConcurrencyHelpers.build/NIOConcurrencyHelpers.modulemap (in target 'NIOConcurrencyHelpers' from project 'swift-nio')
    cd /Users/j/Documents/GitHub/MoneroOne/build/SourcePackages/checkouts/swift-nio
    write-file /Users/j/Documents/GitHub/MoneroOne/build/Build/Intermediates.noindex/swift-nio.build/Debug-iphonesimulator/NIOConcurrencyHelpers.build/NIOConcurrencyHelpers.modulemap

WriteAuxiliaryFile /Users/j/Documents/GitHub/MoneroOne/build/Build/Intermediates.noindex/swift-nio.build/Debug-iphonesimulator/NIOConcurrencyHelpers.build/NIOConcurrencyHelpers.DependencyStaticMetadataFileList (in target 'NIOConcurrencyHelpers' from project 'swift-nio')
    cd /Users/j/Documents/GitHub/MoneroOne/build/SourcePackages/checkouts/swift-nio
    write-file /Users/j/Documents/GitHub/MoneroOne/build/Build/Intermediates.noindex/swift-nio.build/Debug-iphonesimulator/NIOConcurrencyHelpers.build/NIOConcurrencyHelpers.DependencyStaticMetadataFileList

WriteAuxiliaryFile /Users/j/Documents/GitHub/MoneroOne/build/Build/Intermediates.noindex/swift-nio.build/Debug-iphonesimulator/NIOConcurrencyHelpers.build/Objects-normal/arm64/NIOConcurrencyHelpers-OutputFileMap.json (in target 'NIOConcurrencyHelpers' from project 'swift-nio')
    cd /Users/j/Documents/GitHub/MoneroOne/build/SourcePackages/checkouts/swift-nio
    write-file /Users/j/Documents/GitHub/MoneroOne/build/Build/Intermediates.noindex/swift-nio.build/Debug-iphonesimulator/NIOConcurrencyHelpers.build/Objects-normal/arm64/NIOConcurrencyHelpers-OutputFileMap.json

WriteAuxiliaryFile /Users/j/Documents/GitHub/MoneroOne/build/Build/Intermediates.noindex/swift-nio.build/Debug-iphonesimulator/NIOConcurrencyHelpers.build/NIOConcurrencyHelpers.DependencyMetadataFileList (in target 'NIOConcurrencyHelpers' from project 'swift-nio')
    cd /Users/j/Documents/GitHub/MoneroOne/build/SourcePackages/checkouts/swift-nio
    write-file /Users/j/Documents/GitHub/MoneroOne/build/Build/Intermediates.noindex/swift-nio.build/Debug-iphonesimulator/NIOConcurrencyHelpers.build/NIOConcurrencyHelpers.DependencyMetadataFileList

Copy /Users/j/Documents/GitHub/MoneroOne/build/Build/Intermediates.noindex/GeneratedModuleMaps-iphonesimulator/NIOCore.modulemap /Users/j/Documents/GitHub/MoneroOne/build/Build/Intermediates.noindex/swift-nio.build/Debug-iphonesimulator/NIOCore.build/NIOCore.modulemap (in target 'NIOCore' from project 'swift-nio')
    cd /Users/j/Documents/GitHub/MoneroOne/build/SourcePackages/checkouts/swift-nio
    builtin-copy -exclude .DS_Store -exclude CVS -exclude .svn -exclude .git -exclude .hg -resolve-src-symlinks /Users/j/Documents/GitHub/MoneroOne/build/Build/Intermediates.noindex/swift-nio.build/Debug-iphonesimulator/NIOCore.build/NIOCore.modulemap /Users/j/Documents/GitHub/MoneroOne/build/Build/Intermediates.noindex/GeneratedModuleMaps-iphonesimulator

WriteAuxiliaryFile /Users/j/Documents/GitHub/MoneroOne/build/Build/Intermediates.noindex/swift-nio.build/Debug-iphonesimulator/NIO.build/Objects-normal/arm64/NIO.SwiftFileList (in target 'NIO' from project 'swift-nio')
    cd /Users/j/Documents/GitHub/MoneroOne/build/SourcePackages/checkouts/swift-nio
    write-file /Users/j/Documents/GitHub/MoneroOne/build/Build/Intermediates.noindex/swift-nio.build/Debug-iphonesimulator/NIO.build/Objects-normal/arm64/NIO.SwiftFileList

WriteAuxiliaryFile /Users/j/Documents/GitHub/MoneroOne/build/Build/Intermediates.noindex/swift-nio.build/Debug-iphonesimulator/NIO.build/Objects-normal/arm64/NIO_const_extract_protocols.json (in target 'NIO' from project 'swift-nio')
    cd /Users/j/Documents/GitHub/MoneroOne/build/SourcePackages/checkouts/swift-nio
    write-file /Users/j/Documents/GitHub/MoneroOne/build/Build/Intermediates.noindex/swift-nio.build/Debug-iphonesimulator/NIO.build/Objects-normal/arm64/NIO_const_extract_protocols.json

WriteAuxiliaryFile /Users/j/Documents/GitHub/MoneroOne/build/Build/Intermediates.noindex/swift-nio.build/Debug-iphonesimulator/NIO.build/Objects-normal/arm64/NIO.SwiftConstValuesFileList (in target 'NIO' from project 'swift-nio')
    cd /Users/j/Documents/GitHub/MoneroOne/build/SourcePackages/checkouts/swift-nio
    write-file /Users/j/Documents/GitHub/MoneroOne/build/Build/Intermediates.noindex/swift-nio.build/Debug-iphonesimulator/NIO.build/Objects-normal/arm64/NIO.SwiftConstValuesFileList

WriteAuxiliaryFile /Users/j/Documents/GitHub/MoneroOne/build/Build/Intermediates.noindex/swift-nio.build/Debug-iphonesimulator/NIO.build/Objects-normal/arm64/NIO.LinkFileList (in target 'NIO' from project 'swift-nio')
    cd /Users/j/Documents/GitHub/MoneroOne/build/SourcePackages/checkouts/swift-nio
    write-file /Users/j/Documents/GitHub/MoneroOne/build/Build/Intermediates.noindex/swift-nio.build/Debug-iphonesimulator/NIO.build/Objects-normal/arm64/NIO.LinkFileList

WriteAuxiliaryFile /Users/j/Documents/GitHub/MoneroOne/build/Build/Intermediates.noindex/swift-nio.build/Debug-iphonesimulator/NIO.build/Objects-normal/arm64/NIO-OutputFileMap.json (in target 'NIO' from project 'swift-nio')
    cd /Users/j/Documents/GitHub/MoneroOne/build/SourcePackages/checkouts/swift-nio
    write-file /Users/j/Documents/GitHub/MoneroOne/build/Build/Intermediates.noindex/swift-nio.build/Debug-iphonesimulator/NIO.build/Objects-normal/arm64/NIO-OutputFileMap.json

WriteAuxiliaryFile /Users/j/Documents/GitHub/MoneroOne/build/Build/Intermediates.noindex/swift-nio.build/Debug-iphonesimulator/NIO.build/NIO.modulemap (in target 'NIO' from project 'swift-nio')
    cd /Users/j/Documents/GitHub/MoneroOne/build/SourcePackages/checkouts/swift-nio
    write-file /Users/j/Documents/GitHub/MoneroOne/build/Build/Intermediates.noindex/swift-nio.build/Debug-iphonesimulator/NIO.build/NIO.modulemap

WriteAuxiliaryFile /Users/j/Documents/GitHub/MoneroOne/build/Build/Intermediates.noindex/swift-nio.build/Debug-iphonesimulator/NIO.build/NIO.DependencyStaticMetadataFileList (in target 'NIO' from project 'swift-nio')
    cd /Users/j/Documents/GitHub/MoneroOne/build/SourcePackages/checkouts/swift-nio
    write-file /Users/j/Documents/GitHub/MoneroOne/build/Build/Intermediates.noindex/swift-nio.build/Debug-iphonesimulator/NIO.build/NIO.DependencyStaticMetadataFileList

WriteAuxiliaryFile /Users/j/Documents/GitHub/MoneroOne/build/Build/Intermediates.noindex/swift-nio.build/Debug-iphonesimulator/NIO.build/NIO.DependencyMetadataFileList (in target 'NIO' from project 'swift-nio')
    cd /Users/j/Documents/GitHub/MoneroOne/build/SourcePackages/checkouts/swift-nio
    write-file /Users/j/Documents/GitHub/MoneroOne/build/Build/Intermediates.noindex/swift-nio.build/Debug-iphonesimulator/NIO.build/NIO.DependencyMetadataFileList

Copy /Users/j/Documents/GitHub/MoneroOne/build/Build/Intermediates.noindex/GeneratedModuleMaps-iphonesimulator/NIOConcurrencyHelpers.modulemap /Users/j/Documents/GitHub/MoneroOne/build/Build/Intermediates.noindex/swift-nio.build/Debug-iphonesimulator/NIOConcurrencyHelpers.build/NIOConcurrencyHelpers.modulemap (in target 'NIOConcurrencyHelpers' from project 'swift-nio')
    cd /Users/j/Documents/GitHub/MoneroOne/build/SourcePackages/checkouts/swift-nio
    builtin-copy -exclude .DS_Store -exclude CVS -exclude .svn -exclude .git -exclude .hg -resolve-src-symlinks /Users/j/Documents/GitHub/MoneroOne/build/Build/Intermediates.noindex/swift-nio.build/Debug-iphonesimulator/NIOConcurrencyHelpers.build/NIOConcurrencyHelpers.modulemap /Users/j/Documents/GitHub/MoneroOne/build/Build/Intermediates.noindex/GeneratedModuleMaps-iphonesimulator

WriteAuxiliaryFile /Users/j/Documents/GitHub/MoneroOne/build/Build/Intermediates.noindex/MoneroOne.build/Debug-iphonesimulator/MoneroOneWidgets.build/Objects-normal/arm64/MoneroOneWidgets_const_extract_protocols.json (in target 'MoneroOneWidgets' from project 'MoneroOne')
    cd /Users/j/Documents/GitHub/MoneroOne
    write-file /Users/j/Documents/GitHub/MoneroOne/build/Build/Intermediates.noindex/MoneroOne.build/Debug-iphonesimulator/MoneroOneWidgets.build/Objects-normal/arm64/MoneroOneWidgets_const_extract_protocols.json

WriteAuxiliaryFile /Users/j/Documents/GitHub/MoneroOne/build/Build/Intermediates.noindex/MoneroOne.build/Debug-iphonesimulator/MoneroOneWidgets.build/Objects-normal/arm64/MoneroOneWidgets.SwiftFileList (in target 'MoneroOneWidgets' from project 'MoneroOne')
    cd /Users/j/Documents/GitHub/MoneroOne
    write-file /Users/j/Documents/GitHub/MoneroOne/build/Build/Intermediates.noindex/MoneroOne.build/Debug-iphonesimulator/MoneroOneWidgets.build/Objects-normal/arm64/MoneroOneWidgets.SwiftFileList

WriteAuxiliaryFile /Users/j/Documents/GitHub/MoneroOne/build/Build/Intermediates.noindex/MoneroOne.build/Debug-iphonesimulator/MoneroOneWidgets.build/Objects-normal/arm64/MoneroOneWidgets.SwiftConstValuesFileList (in target 'MoneroOneWidgets' from project 'MoneroOne')
    cd /Users/j/Documents/GitHub/MoneroOne
    write-file /Users/j/Documents/GitHub/MoneroOne/build/Build/Intermediates.noindex/MoneroOne.build/Debug-iphonesimulator/MoneroOneWidgets.build/Objects-normal/arm64/MoneroOneWidgets.SwiftConstValuesFileList

WriteAuxiliaryFile /Users/j/Documents/GitHub/MoneroOne/build/Build/Intermediates.noindex/MoneroOne.build/Debug-iphonesimulator/MoneroOneWidgets.build/Objects-normal/arm64/MoneroOneWidgets.LinkFileList (in target 'MoneroOneWidgets' from project 'MoneroOne')
    cd /Users/j/Documents/GitHub/MoneroOne
    write-file /Users/j/Documents/GitHub/MoneroOne/build/Build/Intermediates.noindex/MoneroOne.build/Debug-iphonesimulator/MoneroOneWidgets.build/Objects-normal/arm64/MoneroOneWidgets.LinkFileList

WriteAuxiliaryFile /Users/j/Documents/GitHub/MoneroOne/build/Build/Intermediates.noindex/MoneroOne.build/Debug-iphonesimulator/MoneroOneWidgets.build/Objects-normal/arm64/MoneroOneWidgets-OutputFileMap.json (in target 'MoneroOneWidgets' from project 'MoneroOne')
    cd /Users/j/Documents/GitHub/MoneroOne
    write-file /Users/j/Documents/GitHub/MoneroOne/build/Build/Intermediates.noindex/MoneroOne.build/Debug-iphonesimulator/MoneroOneWidgets.build/Objects-normal/arm64/MoneroOneWidgets-OutputFileMap.json

WriteAuxiliaryFile /Users/j/Documents/GitHub/MoneroOne/build/Build/Intermediates.noindex/MoneroOne.build/Debug-iphonesimulator/MoneroOneWidgets.build/MoneroOneWidgets.hmap (in target 'MoneroOneWidgets' from project 'MoneroOne')
    cd /Users/j/Documents/GitHub/MoneroOne
    write-file /Users/j/Documents/GitHub/MoneroOne/build/Build/Intermediates.noindex/MoneroOne.build/Debug-iphonesimulator/MoneroOneWidgets.build/MoneroOneWidgets.hmap

WriteAuxiliaryFile /Users/j/Documents/GitHub/MoneroOne/build/Build/Intermediates.noindex/MoneroOne.build/Debug-iphonesimulator/MoneroOneWidgets.build/MoneroOneWidgets.DependencyStaticMetadataFileList (in target 'MoneroOneWidgets' from project 'MoneroOne')
    cd /Users/j/Documents/GitHub/MoneroOne
    write-file /Users/j/Documents/GitHub/MoneroOne/build/Build/Intermediates.noindex/MoneroOne.build/Debug-iphonesimulator/MoneroOneWidgets.build/MoneroOneWidgets.DependencyStaticMetadataFileList

WriteAuxiliaryFile /Users/j/Documents/GitHub/MoneroOne/build/Build/Intermediates.noindex/MoneroOne.build/Debug-iphonesimulator/MoneroOneWidgets.build/MoneroOneWidgets.DependencyMetadataFileList (in target 'MoneroOneWidgets' from project 'MoneroOne')
    cd /Users/j/Documents/GitHub/MoneroOne
    write-file /Users/j/Documents/GitHub/MoneroOne/build/Build/Intermediates.noindex/MoneroOne.build/Debug-iphonesimulator/MoneroOneWidgets.build/MoneroOneWidgets.DependencyMetadataFileList

Copy /Users/j/Documents/GitHub/MoneroOne/build/Build/Intermediates.noindex/GeneratedModuleMaps-iphonesimulator/NIO.modulemap /Users/j/Documents/GitHub/MoneroOne/build/Build/Intermediates.noindex/swift-nio.build/Debug-iphonesimulator/NIO.build/NIO.modulemap (in target 'NIO' from project 'swift-nio')
    cd /Users/j/Documents/GitHub/MoneroOne/build/SourcePackages/checkouts/swift-nio
    builtin-copy -exclude .DS_Store -exclude CVS -exclude .svn -exclude .git -exclude .hg -resolve-src-symlinks /Users/j/Documents/GitHub/MoneroOne/build/Build/Intermediates.noindex/swift-nio.build/Debug-iphonesimulator/NIO.build/NIO.modulemap /Users/j/Documents/GitHub/MoneroOne/build/Build/Intermediates.noindex/GeneratedModuleMaps-iphonesimulator

WriteAuxiliaryFile /Users/j/Documents/GitHub/MoneroOne/build/Build/Intermediates.noindex/MoneroOne.build/Debug-iphonesimulator/MoneroOneWidgets.build/MoneroOneWidgets-project-headers.hmap (in target 'MoneroOneWidgets' from project 'MoneroOne')
    cd /Users/j/Documents/GitHub/MoneroOne
    write-file /Users/j/Documents/GitHub/MoneroOne/build/Build/Intermediates.noindex/MoneroOne.build/Debug-iphonesimulator/MoneroOneWidgets.build/MoneroOneWidgets-project-headers.hmap

WriteAuxiliaryFile /Users/j/Documents/GitHub/MoneroOne/build/Build/Intermediates.noindex/MoneroOne.build/Debug-iphonesimulator/MoneroOneWidgets.build/MoneroOneWidgets-own-target-headers.hmap (in target 'MoneroOneWidgets' from project 'MoneroOne')
    cd /Users/j/Documents/GitHub/MoneroOne
    write-file /Users/j/Documents/GitHub/MoneroOne/build/Build/Intermediates.noindex/MoneroOne.build/Debug-iphonesimulator/MoneroOneWidgets.build/MoneroOneWidgets-own-target-headers.hmap

WriteAuxiliaryFile /Users/j/Documents/GitHub/MoneroOne/build/Build/Intermediates.noindex/MoneroOne.build/Debug-iphonesimulator/MoneroOneWidgets.build/MoneroOneWidgets-generated-files.hmap (in target 'MoneroOneWidgets' from project 'MoneroOne')
    cd /Users/j/Documents/GitHub/MoneroOne
    write-file /Users/j/Documents/GitHub/MoneroOne/build/Build/Intermediates.noindex/MoneroOne.build/Debug-iphonesimulator/MoneroOneWidgets.build/MoneroOneWidgets-generated-files.hmap

WriteAuxiliaryFile /Users/j/Documents/GitHub/MoneroOne/build/Build/Intermediates.noindex/MoneroOne.build/Debug-iphonesimulator/MoneroOneWidgets.build/MoneroOneWidgets-all-target-headers.hmap (in target 'MoneroOneWidgets' from project 'MoneroOne')
    cd /Users/j/Documents/GitHub/MoneroOne
    write-file /Users/j/Documents/GitHub/MoneroOne/build/Build/Intermediates.noindex/MoneroOne.build/Debug-iphonesimulator/MoneroOneWidgets.build/MoneroOneWidgets-all-target-headers.hmap

WriteAuxiliaryFile /Users/j/Documents/GitHub/MoneroOne/build/Build/Intermediates.noindex/MoneroOne.build/Debug-iphonesimulator/MoneroOneWidgets.build/MoneroOneWidgets-all-non-framework-target-headers.hmap (in target 'MoneroOneWidgets' from project 'MoneroOne')
    cd /Users/j/Documents/GitHub/MoneroOne
    write-file /Users/j/Documents/GitHub/MoneroOne/build/Build/Intermediates.noindex/MoneroOne.build/Debug-iphonesimulator/MoneroOneWidgets.build/MoneroOneWidgets-all-non-framework-target-headers.hmap

WriteAuxiliaryFile /Users/j/Documents/GitHub/MoneroOne/build/Build/Intermediates.noindex/MoneroOne.build/Debug-iphonesimulator/MoneroOneWidgets.build/MoneroOneWidgets-DebugEntryPoint-normal-arm64.txt (in target 'MoneroOneWidgets' from project 'MoneroOne')
    cd /Users/j/Documents/GitHub/MoneroOne
    write-file /Users/j/Documents/GitHub/MoneroOne/build/Build/Intermediates.noindex/MoneroOne.build/Debug-iphonesimulator/MoneroOneWidgets.build/MoneroOneWidgets-DebugEntryPoint-normal-arm64.txt

WriteAuxiliaryFile /Users/j/Documents/GitHub/MoneroOne/build/Build/Intermediates.noindex/MoneroOne.build/Debug-iphonesimulator/MoneroOneWidgets.build/MoneroOneWidgets-DebugDylibPath-normal-arm64.txt (in target 'MoneroOneWidgets' from project 'MoneroOne')
    cd /Users/j/Documents/GitHub/MoneroOne
    write-file /Users/j/Documents/GitHub/MoneroOne/build/Build/Intermediates.noindex/MoneroOne.build/Debug-iphonesimulator/MoneroOneWidgets.build/MoneroOneWidgets-DebugDylibPath-normal-arm64.txt

WriteAuxiliaryFile /Users/j/Documents/GitHub/MoneroOne/build/Build/Intermediates.noindex/MoneroOne.build/Debug-iphonesimulator/MoneroOneWidgets.build/MoneroOneWidgets-DebugDylibInstallName-normal-arm64.txt (in target 'MoneroOneWidgets' from project 'MoneroOne')
    cd /Users/j/Documents/GitHub/MoneroOne
    write-file /Users/j/Documents/GitHub/MoneroOne/build/Build/Intermediates.noindex/MoneroOne.build/Debug-iphonesimulator/MoneroOneWidgets.build/MoneroOneWidgets-DebugDylibInstallName-normal-arm64.txt

WriteAuxiliaryFile /Users/j/Documents/GitHub/MoneroOne/build/Build/Intermediates.noindex/MoneroOne.build/Debug-iphonesimulator/MoneroOneWidgets.build/DerivedSources/Entitlements-Simulated.plist (in target 'MoneroOneWidgets' from project 'MoneroOne')
    cd /Users/j/Documents/GitHub/MoneroOne
    write-file /Users/j/Documents/GitHub/MoneroOne/build/Build/Intermediates.noindex/MoneroOne.build/Debug-iphonesimulator/MoneroOneWidgets.build/DerivedSources/Entitlements-Simulated.plist

WriteAuxiliaryFile /Users/j/Documents/GitHub/MoneroOne/build/Build/Intermediates.noindex/swift-collections.build/Debug-iphonesimulator/InternalCollectionsUtilities.build/Objects-normal/arm64/InternalCollectionsUtilities_const_extract_protocols.json (in target 'InternalCollectionsUtilities' from project 'swift-collections')
    cd /Users/j/Documents/GitHub/MoneroOne/build/SourcePackages/checkouts/swift-collections
    write-file /Users/j/Documents/GitHub/MoneroOne/build/Build/Intermediates.noindex/swift-collections.build/Debug-iphonesimulator/InternalCollectionsUtilities.build/Objects-normal/arm64/InternalCollectionsUtilities_const_extract_protocols.json

WriteAuxiliaryFile /Users/j/Documents/GitHub/MoneroOne/build/Build/Intermediates.noindex/swift-collections.build/Debug-iphonesimulator/InternalCollectionsUtilities.build/Objects-normal/arm64/InternalCollectionsUtilities.SwiftFileList (in target 'InternalCollectionsUtilities' from project 'swift-collections')
    cd /Users/j/Documents/GitHub/MoneroOne/build/SourcePackages/checkouts/swift-collections
    write-file /Users/j/Documents/GitHub/MoneroOne/build/Build/Intermediates.noindex/swift-collections.build/Debug-iphonesimulator/InternalCollectionsUtilities.build/Objects-normal/arm64/InternalCollectionsUtilities.SwiftFileList

WriteAuxiliaryFile /Users/j/Documents/GitHub/MoneroOne/build/Build/Intermediates.noindex/swift-collections.build/Debug-iphonesimulator/InternalCollectionsUtilities.build/Objects-normal/arm64/InternalCollectionsUtilities.SwiftConstValuesFileList (in target 'InternalCollectionsUtilities' from project 'swift-collections')
    cd /Users/j/Documents/GitHub/MoneroOne/build/SourcePackages/checkouts/swift-collections
    write-file /Users/j/Documents/GitHub/MoneroOne/build/Build/Intermediates.noindex/swift-collections.build/Debug-iphonesimulator/InternalCollectionsUtilities.build/Objects-normal/arm64/InternalCollectionsUtilities.SwiftConstValuesFileList

WriteAuxiliaryFile /Users/j/Documents/GitHub/MoneroOne/build/Build/Intermediates.noindex/swift-collections.build/Debug-iphonesimulator/InternalCollectionsUtilities.build/Objects-normal/arm64/InternalCollectionsUtilities.LinkFileList (in target 'InternalCollectionsUtilities' from project 'swift-collections')
    cd /Users/j/Documents/GitHub/MoneroOne/build/SourcePackages/checkouts/swift-collections
    write-file /Users/j/Documents/GitHub/MoneroOne/build/Build/Intermediates.noindex/swift-collections.build/Debug-iphonesimulator/InternalCollectionsUtilities.build/Objects-normal/arm64/InternalCollectionsUtilities.LinkFileList

WriteAuxiliaryFile /Users/j/Documents/GitHub/MoneroOne/build/Build/Intermediates.noindex/swift-collections.build/Debug-iphonesimulator/InternalCollectionsUtilities.build/Objects-normal/arm64/InternalCollectionsUtilities-OutputFileMap.json (in target 'InternalCollectionsUtilities' from project 'swift-collections')
    cd /Users/j/Documents/GitHub/MoneroOne/build/SourcePackages/checkouts/swift-collections
    write-file /Users/j/Documents/GitHub/MoneroOne/build/Build/Intermediates.noindex/swift-collections.build/Debug-iphonesimulator/InternalCollectionsUtilities.build/Objects-normal/arm64/InternalCollectionsUtilities-OutputFileMap.json

WriteAuxiliaryFile /Users/j/Documents/GitHub/MoneroOne/build/Build/Intermediates.noindex/swift-collections.build/Debug-iphonesimulator/InternalCollectionsUtilities.build/InternalCollectionsUtilities.modulemap (in target 'InternalCollectionsUtilities' from project 'swift-collections')
    cd /Users/j/Documents/GitHub/MoneroOne/build/SourcePackages/checkouts/swift-collections
    write-file /Users/j/Documents/GitHub/MoneroOne/build/Build/Intermediates.noindex/swift-collections.build/Debug-iphonesimulator/InternalCollectionsUtilities.build/InternalCollectionsUtilities.modulemap

WriteAuxiliaryFile /Users/j/Documents/GitHub/MoneroOne/build/Build/Intermediates.noindex/swift-collections.build/Debug-iphonesimulator/InternalCollectionsUtilities.build/InternalCollectionsUtilities.DependencyStaticMetadataFileList (in target 'InternalCollectionsUtilities' from project 'swift-collections')
    cd /Users/j/Documents/GitHub/MoneroOne/build/SourcePackages/checkouts/swift-collections
    write-file /Users/j/Documents/GitHub/MoneroOne/build/Build/Intermediates.noindex/swift-collections.build/Debug-iphonesimulator/InternalCollectionsUtilities.build/InternalCollectionsUtilities.DependencyStaticMetadataFileList

WriteAuxiliaryFile /Users/j/Documents/GitHub/MoneroOne/build/Build/Intermediates.noindex/swift-collections.build/Debug-iphonesimulator/InternalCollectionsUtilities.build/InternalCollectionsUtilities.DependencyMetadataFileList (in target 'InternalCollectionsUtilities' from project 'swift-collections')
    cd /Users/j/Documents/GitHub/MoneroOne/build/SourcePackages/checkouts/swift-collections
    write-file /Users/j/Documents/GitHub/MoneroOne/build/Build/Intermediates.noindex/swift-collections.build/Debug-iphonesimulator/InternalCollectionsUtilities.build/InternalCollectionsUtilities.DependencyMetadataFileList

WriteAuxiliaryFile /Users/j/Documents/GitHub/MoneroOne/build/Build/Intermediates.noindex/HsCryptoKit.Swift.build/Debug-iphonesimulator/HsCryptoKitC.build/HsCryptoKitC.modulemap (in target 'HsCryptoKitC' from project 'HsCryptoKit.Swift')
    cd /Users/j/Documents/GitHub/MoneroOne/build/SourcePackages/checkouts/HsCryptoKit.Swift
    write-file /Users/j/Documents/GitHub/MoneroOne/build/Build/Intermediates.noindex/HsCryptoKit.Swift.build/Debug-iphonesimulator/HsCryptoKitC.build/HsCryptoKitC.modulemap

WriteAuxiliaryFile /Users/j/Documents/GitHub/MoneroOne/build/Build/Intermediates.noindex/HsCryptoKit.Swift.build/Debug-iphonesimulator/HsCryptoKitC.build/HsCryptoKitC.DependencyStaticMetadataFileList (in target 'HsCryptoKitC' from project 'HsCryptoKit.Swift')
    cd /Users/j/Documents/GitHub/MoneroOne/build/SourcePackages/checkouts/HsCryptoKit.Swift
    write-file /Users/j/Documents/GitHub/MoneroOne/build/Build/Intermediates.noindex/HsCryptoKit.Swift.build/Debug-iphonesimulator/HsCryptoKitC.build/HsCryptoKitC.DependencyStaticMetadataFileList

WriteAuxiliaryFile /Users/j/Documents/GitHub/MoneroOne/build/Build/Intermediates.noindex/HsCryptoKit.Swift.build/Debug-iphonesimulator/HsCryptoKitC.build/Objects-normal/arm64/7187679823f38a2a940e0043cdf9d637-common-args.resp (in target 'HsCryptoKitC' from project 'HsCryptoKit.Swift')
    cd /Users/j/Documents/GitHub/MoneroOne/build/SourcePackages/checkouts/HsCryptoKit.Swift
    write-file /Users/j/Documents/GitHub/MoneroOne/build/Build/Intermediates.noindex/HsCryptoKit.Swift.build/Debug-iphonesimulator/HsCryptoKitC.build/Objects-normal/arm64/7187679823f38a2a940e0043cdf9d637-common-args.resp
-target arm64-apple-ios13.0-simulator -fmodules -gmodules '-fmodules-cache-path=/Users/j/Documents/GitHub/MoneroOne/build/ModuleCache.noindex' '-fmodule-name=HsCryptoKitC' -fpascal-strings -O0 -DSWIFT_PACKAGE '-DDEBUG=1' -isysroot /Applications/Xcode.app/Contents/Developer/Platforms/iPhoneSimulator.platform/Developer/SDKs/iPhoneSimulator26.1.sdk -g -I/Users/j/Documents/GitHub/MoneroOne/build/Build/Products/Debug-iphonesimulator/include -I/Users/j/Documents/GitHub/MoneroOne/build/SourcePackages/checkouts/HsCryptoKit.Swift/Sources/HsCryptoKitC/include -I/Users/j/Documents/GitHub/MoneroOne/build/Build/Intermediates.noindex/HsCryptoKit.Swift.build/Debug-iphonesimulator/HsCryptoKitC.build/DerivedSources-normal/arm64 -I/Users/j/Documents/GitHub/MoneroOne/build/Build/Intermediates.noindex/HsCryptoKit.Swift.build/Debug-iphonesimulator/HsCryptoKitC.build/DerivedSources/arm64 -I/Users/j/Documents/GitHub/MoneroOne/build/Build/Intermediates.noindex/HsCryptoKit.Swift.build/Debug-iphonesimulator/HsCryptoKitC.build/DerivedSources -F/Users/j/Documents/GitHub/MoneroOne/build/Build/Products/Debug-iphonesimulator -iframework /Applications/Xcode.app/Contents/Developer/Platforms/iPhoneSimulator.platform/Developer/Library/Frameworks -iframework /Applications/Xcode.app/Contents/Developer/Platforms/iPhoneSimulator.platform/Developer/SDKs/iPhoneSimulator26.1.sdk/Developer/Library/Frameworks -DXcode

WriteAuxiliaryFile /Users/j/Documents/GitHub/MoneroOne/build/Build/Intermediates.noindex/HsCryptoKit.Swift.build/Debug-iphonesimulator/HsCryptoKitC.build/Objects-normal/arm64/HsCryptoKitC.LinkFileList (in target 'HsCryptoKitC' from project 'HsCryptoKit.Swift')
    cd /Users/j/Documents/GitHub/MoneroOne/build/SourcePackages/checkouts/HsCryptoKit.Swift
    write-file /Users/j/Documents/GitHub/MoneroOne/build/Build/Intermediates.noindex/HsCryptoKit.Swift.build/Debug-iphonesimulator/HsCryptoKitC.build/Objects-normal/arm64/HsCryptoKitC.LinkFileList

WriteAuxiliaryFile /Users/j/Documents/GitHub/MoneroOne/build/Build/Intermediates.noindex/HsCryptoKit.Swift.build/Debug-iphonesimulator/HsCryptoKitC.build/HsCryptoKitC.DependencyMetadataFileList (in target 'HsCryptoKitC' from project 'HsCryptoKit.Swift')
    cd /Users/j/Documents/GitHub/MoneroOne/build/SourcePackages/checkouts/HsCryptoKit.Swift
    write-file /Users/j/Documents/GitHub/MoneroOne/build/Build/Intermediates.noindex/HsCryptoKit.Swift.build/Debug-iphonesimulator/HsCryptoKitC.build/HsCryptoKitC.DependencyMetadataFileList

WriteAuxiliaryFile /Users/j/Documents/GitHub/MoneroOne/build/Build/Intermediates.noindex/GRDB.build/Debug-iphonesimulator/GRDB_GRDB.build/GRDB_GRDB.DependencyStaticMetadataFileList (in target 'GRDB_GRDB' from project 'GRDB')
    cd /Users/j/Documents/GitHub/MoneroOne/build/SourcePackages/checkouts/GRDB.swift
    write-file /Users/j/Documents/GitHub/MoneroOne/build/Build/Intermediates.noindex/GRDB.build/Debug-iphonesimulator/GRDB_GRDB.build/GRDB_GRDB.DependencyStaticMetadataFileList

WriteAuxiliaryFile /Users/j/Documents/GitHub/MoneroOne/build/Build/Intermediates.noindex/GRDB.build/Debug-iphonesimulator/GRDB_GRDB.build/empty-GRDB_GRDB.plist (in target 'GRDB_GRDB' from project 'GRDB')
    cd /Users/j/Documents/GitHub/MoneroOne/build/SourcePackages/checkouts/GRDB.swift
    write-file /Users/j/Documents/GitHub/MoneroOne/build/Build/Intermediates.noindex/GRDB.build/Debug-iphonesimulator/GRDB_GRDB.build/empty-GRDB_GRDB.plist

WriteAuxiliaryFile /Users/j/Documents/GitHub/MoneroOne/build/Build/Intermediates.noindex/GRDB.build/Debug-iphonesimulator/GRDB_GRDB.build/GRDB_GRDB.DependencyMetadataFileList (in target 'GRDB_GRDB' from project 'GRDB')
    cd /Users/j/Documents/GitHub/MoneroOne/build/SourcePackages/checkouts/GRDB.swift
    write-file /Users/j/Documents/GitHub/MoneroOne/build/Build/Intermediates.noindex/GRDB.build/Debug-iphonesimulator/GRDB_GRDB.build/GRDB_GRDB.DependencyMetadataFileList

Copy /Users/j/Documents/GitHub/MoneroOne/build/Build/Intermediates.noindex/GeneratedModuleMaps-iphonesimulator/InternalCollectionsUtilities.modulemap /Users/j/Documents/GitHub/MoneroOne/build/Build/Intermediates.noindex/swift-collections.build/Debug-iphonesimulator/InternalCollectionsUtilities.build/InternalCollectionsUtilities.modulemap (in target 'InternalCollectionsUtilities' from project 'swift-collections')
    cd /Users/j/Documents/GitHub/MoneroOne/build/SourcePackages/checkouts/swift-collections
    builtin-copy -exclude .DS_Store -exclude CVS -exclude .svn -exclude .git -exclude .hg -resolve-src-symlinks /Users/j/Documents/GitHub/MoneroOne/build/Build/Intermediates.noindex/swift-collections.build/Debug-iphonesimulator/InternalCollectionsUtilities.build/InternalCollectionsUtilities.modulemap /Users/j/Documents/GitHub/MoneroOne/build/Build/Intermediates.noindex/GeneratedModuleMaps-iphonesimulator

WriteAuxiliaryFile /Users/j/Documents/GitHub/MoneroOne/build/Build/Intermediates.noindex/swift-nio.build/Debug-iphonesimulator/CNIOWindows.build/Objects-normal/arm64/CNIOWindows.LinkFileList (in target 'CNIOWindows' from project 'swift-nio')
    cd /Users/j/Documents/GitHub/MoneroOne/build/SourcePackages/checkouts/swift-nio
    write-file /Users/j/Documents/GitHub/MoneroOne/build/Build/Intermediates.noindex/swift-nio.build/Debug-iphonesimulator/CNIOWindows.build/Objects-normal/arm64/CNIOWindows.LinkFileList

WriteAuxiliaryFile /Users/j/Documents/GitHub/MoneroOne/build/Build/Intermediates.noindex/swift-nio.build/Debug-iphonesimulator/CNIOWindows.build/Objects-normal/arm64/7187679823f38a2a940e0043cdf9d637-common-args.resp (in target 'CNIOWindows' from project 'swift-nio')
    cd /Users/j/Documents/GitHub/MoneroOne/build/SourcePackages/checkouts/swift-nio
    write-file /Users/j/Documents/GitHub/MoneroOne/build/Build/Intermediates.noindex/swift-nio.build/Debug-iphonesimulator/CNIOWindows.build/Objects-normal/arm64/7187679823f38a2a940e0043cdf9d637-common-args.resp
-target arm64-apple-ios12.0-simulator -fmodules -gmodules '-fmodules-cache-path=/Users/j/Documents/GitHub/MoneroOne/build/ModuleCache.noindex' '-fmodule-name=CNIOWindows' -fpascal-strings -O0 -DSWIFT_PACKAGE '-DDEBUG=1' -isysroot /Applications/Xcode.app/Contents/Developer/Platforms/iPhoneSimulator.platform/Developer/SDKs/iPhoneSimulator26.1.sdk -g -I/Users/j/Documents/GitHub/MoneroOne/build/Build/Products/Debug-iphonesimulator/include -I/Users/j/Documents/GitHub/MoneroOne/build/SourcePackages/checkouts/swift-nio/Sources/CNIOWindows/include -I/Users/j/Documents/GitHub/MoneroOne/build/Build/Intermediates.noindex/swift-nio.build/Debug-iphonesimulator/CNIOWindows.build/DerivedSources-normal/arm64 -I/Users/j/Documents/GitHub/MoneroOne/build/Build/Intermediates.noindex/swift-nio.build/Debug-iphonesimulator/CNIOWindows.build/DerivedSources/arm64 -I/Users/j/Documents/GitHub/MoneroOne/build/Build/Intermediates.noindex/swift-nio.build/Debug-iphonesimulator/CNIOWindows.build/DerivedSources -F/Users/j/Documents/GitHub/MoneroOne/build/Build/Products/Debug-iphonesimulator -iframework /Applications/Xcode.app/Contents/Developer/Platforms/iPhoneSimulator.platform/Developer/Library/Frameworks -iframework /Applications/Xcode.app/Contents/Developer/Platforms/iPhoneSimulator.platform/Developer/SDKs/iPhoneSimulator26.1.sdk/Developer/Library/Frameworks -DXcode

WriteAuxiliaryFile /Users/j/Documents/GitHub/MoneroOne/build/Build/Intermediates.noindex/swift-nio.build/Debug-iphonesimulator/CNIOWindows.build/CNIOWindows.DependencyStaticMetadataFileList (in target 'CNIOWindows' from project 'swift-nio')
    cd /Users/j/Documents/GitHub/MoneroOne/build/SourcePackages/checkouts/swift-nio
    write-file /Users/j/Documents/GitHub/MoneroOne/build/Build/Intermediates.noindex/swift-nio.build/Debug-iphonesimulator/CNIOWindows.build/CNIOWindows.DependencyStaticMetadataFileList

WriteAuxiliaryFile /Users/j/Documents/GitHub/MoneroOne/build/Build/Intermediates.noindex/swift-nio.build/Debug-iphonesimulator/CNIOWindows.build/CNIOWindows.DependencyMetadataFileList (in target 'CNIOWindows' from project 'swift-nio')
    cd /Users/j/Documents/GitHub/MoneroOne/build/SourcePackages/checkouts/swift-nio
    write-file /Users/j/Documents/GitHub/MoneroOne/build/Build/Intermediates.noindex/swift-nio.build/Debug-iphonesimulator/CNIOWindows.build/CNIOWindows.DependencyMetadataFileList

Copy /Users/j/Documents/GitHub/MoneroOne/build/Build/Intermediates.noindex/GeneratedModuleMaps-iphonesimulator/HsCryptoKitC.modulemap /Users/j/Documents/GitHub/MoneroOne/build/Build/Intermediates.noindex/HsCryptoKit.Swift.build/Debug-iphonesimulator/HsCryptoKitC.build/HsCryptoKitC.modulemap (in target 'HsCryptoKitC' from project 'HsCryptoKit.Swift')
    cd /Users/j/Documents/GitHub/MoneroOne/build/SourcePackages/checkouts/HsCryptoKit.Swift
    builtin-copy -exclude .DS_Store -exclude CVS -exclude .svn -exclude .git -exclude .hg -resolve-src-symlinks /Users/j/Documents/GitHub/MoneroOne/build/Build/Intermediates.noindex/HsCryptoKit.Swift.build/Debug-iphonesimulator/HsCryptoKitC.build/HsCryptoKitC.modulemap /Users/j/Documents/GitHub/MoneroOne/build/Build/Intermediates.noindex/GeneratedModuleMaps-iphonesimulator

WriteAuxiliaryFile /Users/j/Documents/GitHub/MoneroOne/build/Build/Intermediates.noindex/swift-nio.build/Debug-iphonesimulator/CNIOWASI.build/Objects-normal/arm64/CNIOWASI.LinkFileList (in target 'CNIOWASI' from project 'swift-nio')
    cd /Users/j/Documents/GitHub/MoneroOne/build/SourcePackages/checkouts/swift-nio
    write-file /Users/j/Documents/GitHub/MoneroOne/build/Build/Intermediates.noindex/swift-nio.build/Debug-iphonesimulator/CNIOWASI.build/Objects-normal/arm64/CNIOWASI.LinkFileList

WriteAuxiliaryFile /Users/j/Documents/GitHub/MoneroOne/build/Build/Intermediates.noindex/swift-nio.build/Debug-iphonesimulator/CNIOWASI.build/Objects-normal/arm64/7187679823f38a2a940e0043cdf9d637-common-args.resp (in target 'CNIOWASI' from project 'swift-nio')
    cd /Users/j/Documents/GitHub/MoneroOne/build/SourcePackages/checkouts/swift-nio
    write-file /Users/j/Documents/GitHub/MoneroOne/build/Build/Intermediates.noindex/swift-nio.build/Debug-iphonesimulator/CNIOWASI.build/Objects-normal/arm64/7187679823f38a2a940e0043cdf9d637-common-args.resp
-target arm64-apple-ios12.0-simulator -fmodules -gmodules '-fmodules-cache-path=/Users/j/Documents/GitHub/MoneroOne/build/ModuleCache.noindex' '-fmodule-name=CNIOWASI' -fpascal-strings -O0 -DSWIFT_PACKAGE '-DDEBUG=1' -isysroot /Applications/Xcode.app/Contents/Developer/Platforms/iPhoneSimulator.platform/Developer/SDKs/iPhoneSimulator26.1.sdk -g -I/Users/j/Documents/GitHub/MoneroOne/build/Build/Products/Debug-iphonesimulator/include -I/Users/j/Documents/GitHub/MoneroOne/build/SourcePackages/checkouts/swift-nio/Sources/CNIOWASI/include -I/Users/j/Documents/GitHub/MoneroOne/build/Build/Intermediates.noindex/swift-nio.build/Debug-iphonesimulator/CNIOWASI.build/DerivedSources-normal/arm64 -I/Users/j/Documents/GitHub/MoneroOne/build/Build/Intermediates.noindex/swift-nio.build/Debug-iphonesimulator/CNIOWASI.build/DerivedSources/arm64 -I/Users/j/Documents/GitHub/MoneroOne/build/Build/Intermediates.noindex/swift-nio.build/Debug-iphonesimulator/CNIOWASI.build/DerivedSources -F/Users/j/Documents/GitHub/MoneroOne/build/Build/Products/Debug-iphonesimulator -iframework /Applications/Xcode.app/Contents/Developer/Platforms/iPhoneSimulator.platform/Developer/Library/Frameworks -iframework /Applications/Xcode.app/Contents/Developer/Platforms/iPhoneSimulator.platform/Developer/SDKs/iPhoneSimulator26.1.sdk/Developer/Library/Frameworks -DXcode

WriteAuxiliaryFile /Users/j/Documents/GitHub/MoneroOne/build/Build/Intermediates.noindex/swift-nio.build/Debug-iphonesimulator/CNIOWASI.build/CNIOWASI.modulemap (in target 'CNIOWASI' from project 'swift-nio')
    cd /Users/j/Documents/GitHub/MoneroOne/build/SourcePackages/checkouts/swift-nio
    write-file /Users/j/Documents/GitHub/MoneroOne/build/Build/Intermediates.noindex/swift-nio.build/Debug-iphonesimulator/CNIOWASI.build/CNIOWASI.modulemap

WriteAuxiliaryFile /Users/j/Documents/GitHub/MoneroOne/build/Build/Intermediates.noindex/swift-nio.build/Debug-iphonesimulator/CNIOWASI.build/CNIOWASI.DependencyStaticMetadataFileList (in target 'CNIOWASI' from project 'swift-nio')
    cd /Users/j/Documents/GitHub/MoneroOne/build/SourcePackages/checkouts/swift-nio
    write-file /Users/j/Documents/GitHub/MoneroOne/build/Build/Intermediates.noindex/swift-nio.build/Debug-iphonesimulator/CNIOWASI.build/CNIOWASI.DependencyStaticMetadataFileList

WriteAuxiliaryFile /Users/j/Documents/GitHub/MoneroOne/build/Build/Intermediates.noindex/swift-nio.build/Debug-iphonesimulator/CNIOWASI.build/CNIOWASI.DependencyMetadataFileList (in target 'CNIOWASI' from project 'swift-nio')
    cd /Users/j/Documents/GitHub/MoneroOne/build/SourcePackages/checkouts/swift-nio
    write-file /Users/j/Documents/GitHub/MoneroOne/build/Build/Intermediates.noindex/swift-nio.build/Debug-iphonesimulator/CNIOWASI.build/CNIOWASI.DependencyMetadataFileList

WriteAuxiliaryFile /Users/j/Documents/GitHub/MoneroOne/build/Build/Intermediates.noindex/swift-nio.build/Debug-iphonesimulator/CNIOSHA1.build/CNIOSHA1.modulemap (in target 'CNIOSHA1' from project 'swift-nio')
    cd /Users/j/Documents/GitHub/MoneroOne/build/SourcePackages/checkouts/swift-nio
    write-file /Users/j/Documents/GitHub/MoneroOne/build/Build/Intermediates.noindex/swift-nio.build/Debug-iphonesimulator/CNIOSHA1.build/CNIOSHA1.modulemap

WriteAuxiliaryFile /Users/j/Documents/GitHub/MoneroOne/build/Build/Intermediates.noindex/swift-nio.build/Debug-iphonesimulator/CNIOSHA1.build/Objects-normal/arm64/CNIOSHA1.LinkFileList (in target 'CNIOSHA1' from project 'swift-nio')
    cd /Users/j/Documents/GitHub/MoneroOne/build/SourcePackages/checkouts/swift-nio
    write-file /Users/j/Documents/GitHub/MoneroOne/build/Build/Intermediates.noindex/swift-nio.build/Debug-iphonesimulator/CNIOSHA1.build/Objects-normal/arm64/CNIOSHA1.LinkFileList

WriteAuxiliaryFile /Users/j/Documents/GitHub/MoneroOne/build/Build/Intermediates.noindex/swift-nio.build/Debug-iphonesimulator/CNIOSHA1.build/CNIOSHA1.DependencyStaticMetadataFileList (in target 'CNIOSHA1' from project 'swift-nio')
    cd /Users/j/Documents/GitHub/MoneroOne/build/SourcePackages/checkouts/swift-nio
    write-file /Users/j/Documents/GitHub/MoneroOne/build/Build/Intermediates.noindex/swift-nio.build/Debug-iphonesimulator/CNIOSHA1.build/CNIOSHA1.DependencyStaticMetadataFileList

WriteAuxiliaryFile /Users/j/Documents/GitHub/MoneroOne/build/Build/Intermediates.noindex/swift-nio.build/Debug-iphonesimulator/CNIOSHA1.build/Objects-normal/arm64/7187679823f38a2a940e0043cdf9d637-common-args.resp (in target 'CNIOSHA1' from project 'swift-nio')
    cd /Users/j/Documents/GitHub/MoneroOne/build/SourcePackages/checkouts/swift-nio
    write-file /Users/j/Documents/GitHub/MoneroOne/build/Build/Intermediates.noindex/swift-nio.build/Debug-iphonesimulator/CNIOSHA1.build/Objects-normal/arm64/7187679823f38a2a940e0043cdf9d637-common-args.resp
-target arm64-apple-ios12.0-simulator -fmodules -gmodules '-fmodules-cache-path=/Users/j/Documents/GitHub/MoneroOne/build/ModuleCache.noindex' '-fmodule-name=CNIOSHA1' -fpascal-strings -O0 -DSWIFT_PACKAGE '-DDEBUG=1' -isysroot /Applications/Xcode.app/Contents/Developer/Platforms/iPhoneSimulator.platform/Developer/SDKs/iPhoneSimulator26.1.sdk -g -I/Users/j/Documents/GitHub/MoneroOne/build/Build/Products/Debug-iphonesimulator/include -I/Users/j/Documents/GitHub/MoneroOne/build/SourcePackages/checkouts/swift-nio/Sources/CNIOSHA1/include -I/Users/j/Documents/GitHub/MoneroOne/build/Build/Intermediates.noindex/swift-nio.build/Debug-iphonesimulator/CNIOSHA1.build/DerivedSources-normal/arm64 -I/Users/j/Documents/GitHub/MoneroOne/build/Build/Intermediates.noindex/swift-nio.build/Debug-iphonesimulator/CNIOSHA1.build/DerivedSources/arm64 -I/Users/j/Documents/GitHub/MoneroOne/build/Build/Intermediates.noindex/swift-nio.build/Debug-iphonesimulator/CNIOSHA1.build/DerivedSources -F/Users/j/Documents/GitHub/MoneroOne/build/Build/Products/Debug-iphonesimulator -iframework /Applications/Xcode.app/Contents/Developer/Platforms/iPhoneSimulator.platform/Developer/Library/Frameworks -iframework /Applications/Xcode.app/Contents/Developer/Platforms/iPhoneSimulator.platform/Developer/SDKs/iPhoneSimulator26.1.sdk/Developer/Library/Frameworks -DXcode

WriteAuxiliaryFile /Users/j/Documents/GitHub/MoneroOne/build/Build/Intermediates.noindex/swift-nio.build/Debug-iphonesimulator/CNIOSHA1.build/CNIOSHA1.DependencyMetadataFileList (in target 'CNIOSHA1' from project 'swift-nio')
    cd /Users/j/Documents/GitHub/MoneroOne/build/SourcePackages/checkouts/swift-nio
    write-file /Users/j/Documents/GitHub/MoneroOne/build/Build/Intermediates.noindex/swift-nio.build/Debug-iphonesimulator/CNIOSHA1.build/CNIOSHA1.DependencyMetadataFileList

WriteAuxiliaryFile /Users/j/Documents/GitHub/MoneroOne/build/Build/Intermediates.noindex/swift-nio.build/Debug-iphonesimulator/CNIOPosix.build/Objects-normal/arm64/CNIOPosix.LinkFileList (in target 'CNIOPosix' from project 'swift-nio')
    cd /Users/j/Documents/GitHub/MoneroOne/build/SourcePackages/checkouts/swift-nio
    write-file /Users/j/Documents/GitHub/MoneroOne/build/Build/Intermediates.noindex/swift-nio.build/Debug-iphonesimulator/CNIOPosix.build/Objects-normal/arm64/CNIOPosix.LinkFileList

WriteAuxiliaryFile /Users/j/Documents/GitHub/MoneroOne/build/Build/Intermediates.noindex/swift-nio.build/Debug-iphonesimulator/CNIOPosix.build/Objects-normal/arm64/7187679823f38a2a940e0043cdf9d637-common-args.resp (in target 'CNIOPosix' from project 'swift-nio')
    cd /Users/j/Documents/GitHub/MoneroOne/build/SourcePackages/checkouts/swift-nio
    write-file /Users/j/Documents/GitHub/MoneroOne/build/Build/Intermediates.noindex/swift-nio.build/Debug-iphonesimulator/CNIOPosix.build/Objects-normal/arm64/7187679823f38a2a940e0043cdf9d637-common-args.resp
-target arm64-apple-ios12.0-simulator -fmodules -gmodules '-fmodules-cache-path=/Users/j/Documents/GitHub/MoneroOne/build/ModuleCache.noindex' '-fmodule-name=CNIOPosix' -fpascal-strings -O0 -DSWIFT_PACKAGE '-DDEBUG=1' -D_GNU_SOURCE -isysroot /Applications/Xcode.app/Contents/Developer/Platforms/iPhoneSimulator.platform/Developer/SDKs/iPhoneSimulator26.1.sdk -g -I/Users/j/Documents/GitHub/MoneroOne/build/Build/Products/Debug-iphonesimulator/include -I/Users/j/Documents/GitHub/MoneroOne/build/SourcePackages/checkouts/swift-nio/Sources/CNIOPosix/include -I/Users/j/Documents/GitHub/MoneroOne/build/Build/Intermediates.noindex/swift-nio.build/Debug-iphonesimulator/CNIOPosix.build/DerivedSources-normal/arm64 -I/Users/j/Documents/GitHub/MoneroOne/build/Build/Intermediates.noindex/swift-nio.build/Debug-iphonesimulator/CNIOPosix.build/DerivedSources/arm64 -I/Users/j/Documents/GitHub/MoneroOne/build/Build/Intermediates.noindex/swift-nio.build/Debug-iphonesimulator/CNIOPosix.build/DerivedSources -F/Users/j/Documents/GitHub/MoneroOne/build/Build/Products/Debug-iphonesimulator -iframework /Applications/Xcode.app/Contents/Developer/Platforms/iPhoneSimulator.platform/Developer/Library/Frameworks -iframework /Applications/Xcode.app/Contents/Developer/Platforms/iPhoneSimulator.platform/Developer/SDKs/iPhoneSimulator26.1.sdk/Developer/Library/Frameworks -DXcode

Copy /Users/j/Documents/GitHub/MoneroOne/build/Build/Intermediates.noindex/GeneratedModuleMaps-iphonesimulator/CNIOWASI.modulemap /Users/j/Documents/GitHub/MoneroOne/build/Build/Intermediates.noindex/swift-nio.build/Debug-iphonesimulator/CNIOWASI.build/CNIOWASI.modulemap (in target 'CNIOWASI' from project 'swift-nio')
    cd /Users/j/Documents/GitHub/MoneroOne/build/SourcePackages/checkouts/swift-nio
    builtin-copy -exclude .DS_Store -exclude CVS -exclude .svn -exclude .git -exclude .hg -resolve-src-symlinks /Users/j/Documents/GitHub/MoneroOne/build/Build/Intermediates.noindex/swift-nio.build/Debug-iphonesimulator/CNIOWASI.build/CNIOWASI.modulemap /Users/j/Documents/GitHub/MoneroOne/build/Build/Intermediates.noindex/GeneratedModuleMaps-iphonesimulator

WriteAuxiliaryFile /Users/j/Documents/GitHub/MoneroOne/build/Build/Intermediates.noindex/swift-nio.build/Debug-iphonesimulator/CNIOPosix.build/CNIOPosix.modulemap (in target 'CNIOPosix' from project 'swift-nio')
    cd /Users/j/Documents/GitHub/MoneroOne/build/SourcePackages/checkouts/swift-nio
    write-file /Users/j/Documents/GitHub/MoneroOne/build/Build/Intermediates.noindex/swift-nio.build/Debug-iphonesimulator/CNIOPosix.build/CNIOPosix.modulemap

WriteAuxiliaryFile /Users/j/Documents/GitHub/MoneroOne/build/Build/Intermediates.noindex/swift-nio.build/Debug-iphonesimulator/CNIOPosix.build/CNIOPosix.DependencyStaticMetadataFileList (in target 'CNIOPosix' from project 'swift-nio')
    cd /Users/j/Documents/GitHub/MoneroOne/build/SourcePackages/checkouts/swift-nio
    write-file /Users/j/Documents/GitHub/MoneroOne/build/Build/Intermediates.noindex/swift-nio.build/Debug-iphonesimulator/CNIOPosix.build/CNIOPosix.DependencyStaticMetadataFileList

WriteAuxiliaryFile /Users/j/Documents/GitHub/MoneroOne/build/Build/Intermediates.noindex/swift-nio.build/Debug-iphonesimulator/CNIOPosix.build/CNIOPosix.DependencyMetadataFileList (in target 'CNIOPosix' from project 'swift-nio')
    cd /Users/j/Documents/GitHub/MoneroOne/build/SourcePackages/checkouts/swift-nio
    write-file /Users/j/Documents/GitHub/MoneroOne/build/Build/Intermediates.noindex/swift-nio.build/Debug-iphonesimulator/CNIOPosix.build/CNIOPosix.DependencyMetadataFileList

MkDir /Users/j/Documents/GitHub/MoneroOne/build/Build/Products/Debug-iphonesimulator/swift-nio_NIOPosix.bundle (in target 'swift-nio_NIOPosix' from project 'swift-nio')
    cd /Users/j/Documents/GitHub/MoneroOne/build/SourcePackages/checkouts/swift-nio
    /bin/mkdir -p /Users/j/Documents/GitHub/MoneroOne/build/Build/Products/Debug-iphonesimulator/swift-nio_NIOPosix.bundle

Copy /Users/j/Documents/GitHub/MoneroOne/build/Build/Intermediates.noindex/GeneratedModuleMaps-iphonesimulator/CNIOSHA1.modulemap /Users/j/Documents/GitHub/MoneroOne/build/Build/Intermediates.noindex/swift-nio.build/Debug-iphonesimulator/CNIOSHA1.build/CNIOSHA1.modulemap (in target 'CNIOSHA1' from project 'swift-nio')
    cd /Users/j/Documents/GitHub/MoneroOne/build/SourcePackages/checkouts/swift-nio
    builtin-copy -exclude .DS_Store -exclude CVS -exclude .svn -exclude .git -exclude .hg -resolve-src-symlinks /Users/j/Documents/GitHub/MoneroOne/build/Build/Intermediates.noindex/swift-nio.build/Debug-iphonesimulator/CNIOSHA1.build/CNIOSHA1.modulemap /Users/j/Documents/GitHub/MoneroOne/build/Build/Intermediates.noindex/GeneratedModuleMaps-iphonesimulator

MkDir /Users/j/Documents/GitHub/MoneroOne/build/Build/Products/Debug-iphonesimulator/swift-nio-ssl_NIOSSL.bundle (in target 'swift-nio-ssl_NIOSSL' from project 'swift-nio-ssl')
    cd /Users/j/Documents/GitHub/MoneroOne/build/SourcePackages/checkouts/swift-nio-ssl
    /bin/mkdir -p /Users/j/Documents/GitHub/MoneroOne/build/Build/Products/Debug-iphonesimulator/swift-nio-ssl_NIOSSL.bundle

Copy /Users/j/Documents/GitHub/MoneroOne/build/Build/Intermediates.noindex/GeneratedModuleMaps-iphonesimulator/CNIOPosix.modulemap /Users/j/Documents/GitHub/MoneroOne/build/Build/Intermediates.noindex/swift-nio.build/Debug-iphonesimulator/CNIOPosix.build/CNIOPosix.modulemap (in target 'CNIOPosix' from project 'swift-nio')
    cd /Users/j/Documents/GitHub/MoneroOne/build/SourcePackages/checkouts/swift-nio
    builtin-copy -exclude .DS_Store -exclude CVS -exclude .svn -exclude .git -exclude .hg -resolve-src-symlinks /Users/j/Documents/GitHub/MoneroOne/build/Build/Intermediates.noindex/swift-nio.build/Debug-iphonesimulator/CNIOPosix.build/CNIOPosix.modulemap /Users/j/Documents/GitHub/MoneroOne/build/Build/Intermediates.noindex/GeneratedModuleMaps-iphonesimulator

MkDir /Users/j/Documents/GitHub/MoneroOne/build/Build/Products/Debug-iphonesimulator/MoneroOneWidgets.appex (in target 'MoneroOneWidgets' from project 'MoneroOne')
    cd /Users/j/Documents/GitHub/MoneroOne
    /bin/mkdir -p /Users/j/Documents/GitHub/MoneroOne/build/Build/Products/Debug-iphonesimulator/MoneroOneWidgets.appex

WriteAuxiliaryFile /Users/j/Documents/GitHub/MoneroOne/build/Build/Intermediates.noindex/HsToolKit.build/Debug-iphonesimulator/HsToolKit.build/HsToolKit.modulemap (in target 'HsToolKit' from project 'HsToolKit')
    cd /Users/j/Documents/GitHub/MoneroOne/build/SourcePackages/checkouts/HsToolKit.Swift
    write-file /Users/j/Documents/GitHub/MoneroOne/build/Build/Intermediates.noindex/HsToolKit.build/Debug-iphonesimulator/HsToolKit.build/HsToolKit.modulemap

WriteAuxiliaryFile /Users/j/Documents/GitHub/MoneroOne/build/Build/Intermediates.noindex/HsToolKit.build/Debug-iphonesimulator/HsToolKit.build/Objects-normal/arm64/HsToolKit.LinkFileList (in target 'HsToolKit' from project 'HsToolKit')
    cd /Users/j/Documents/GitHub/MoneroOne/build/SourcePackages/checkouts/HsToolKit.Swift
    write-file /Users/j/Documents/GitHub/MoneroOne/build/Build/Intermediates.noindex/HsToolKit.build/Debug-iphonesimulator/HsToolKit.build/Objects-normal/arm64/HsToolKit.LinkFileList

WriteAuxiliaryFile /Users/j/Documents/GitHub/MoneroOne/build/Build/Intermediates.noindex/HsToolKit.build/Debug-iphonesimulator/HsToolKit.build/Objects-normal/arm64/HsToolKit.SwiftFileList (in target 'HsToolKit' from project 'HsToolKit')
    cd /Users/j/Documents/GitHub/MoneroOne/build/SourcePackages/checkouts/HsToolKit.Swift
    write-file /Users/j/Documents/GitHub/MoneroOne/build/Build/Intermediates.noindex/HsToolKit.build/Debug-iphonesimulator/HsToolKit.build/Objects-normal/arm64/HsToolKit.SwiftFileList

WriteAuxiliaryFile /Users/j/Documents/GitHub/MoneroOne/build/Build/Intermediates.noindex/HsToolKit.build/Debug-iphonesimulator/HsToolKit.build/Objects-normal/arm64/HsToolKit.SwiftConstValuesFileList (in target 'HsToolKit' from project 'HsToolKit')
    cd /Users/j/Documents/GitHub/MoneroOne/build/SourcePackages/checkouts/HsToolKit.Swift
    write-file /Users/j/Documents/GitHub/MoneroOne/build/Build/Intermediates.noindex/HsToolKit.build/Debug-iphonesimulator/HsToolKit.build/Objects-normal/arm64/HsToolKit.SwiftConstValuesFileList

WriteAuxiliaryFile /Users/j/Documents/GitHub/MoneroOne/build/Build/Intermediates.noindex/HsToolKit.build/Debug-iphonesimulator/HsToolKit.build/Objects-normal/arm64/HsToolKit-OutputFileMap.json (in target 'HsToolKit' from project 'HsToolKit')
    cd /Users/j/Documents/GitHub/MoneroOne/build/SourcePackages/checkouts/HsToolKit.Swift
    write-file /Users/j/Documents/GitHub/MoneroOne/build/Build/Intermediates.noindex/HsToolKit.build/Debug-iphonesimulator/HsToolKit.build/Objects-normal/arm64/HsToolKit-OutputFileMap.json

WriteAuxiliaryFile /Users/j/Documents/GitHub/MoneroOne/build/Build/Intermediates.noindex/HsToolKit.build/Debug-iphonesimulator/HsToolKit.build/HsToolKit.DependencyStaticMetadataFileList (in target 'HsToolKit' from project 'HsToolKit')
    cd /Users/j/Documents/GitHub/MoneroOne/build/SourcePackages/checkouts/HsToolKit.Swift
    write-file /Users/j/Documents/GitHub/MoneroOne/build/Build/Intermediates.noindex/HsToolKit.build/Debug-iphonesimulator/HsToolKit.build/HsToolKit.DependencyStaticMetadataFileList

WriteAuxiliaryFile /Users/j/Documents/GitHub/MoneroOne/build/Build/Intermediates.noindex/HsToolKit.build/Debug-iphonesimulator/HsToolKit.build/HsToolKit.DependencyMetadataFileList (in target 'HsToolKit' from project 'HsToolKit')
    cd /Users/j/Documents/GitHub/MoneroOne/build/SourcePackages/checkouts/HsToolKit.Swift
    write-file /Users/j/Documents/GitHub/MoneroOne/build/Build/Intermediates.noindex/HsToolKit.build/Debug-iphonesimulator/HsToolKit.build/HsToolKit.DependencyMetadataFileList

WriteAuxiliaryFile /Users/j/Documents/GitHub/MoneroOne/build/Build/Intermediates.noindex/HsToolKit.build/Debug-iphonesimulator/HsToolKit.build/Objects-normal/arm64/HsToolKit_const_extract_protocols.json (in target 'HsToolKit' from project 'HsToolKit')
    cd /Users/j/Documents/GitHub/MoneroOne/build/SourcePackages/checkouts/HsToolKit.Swift
    write-file /Users/j/Documents/GitHub/MoneroOne/build/Build/Intermediates.noindex/HsToolKit.build/Debug-iphonesimulator/HsToolKit.build/Objects-normal/arm64/HsToolKit_const_extract_protocols.json

WriteAuxiliaryFile /Users/j/Documents/GitHub/MoneroOne/build/Build/Intermediates.noindex/HsExtensions.Swift.build/Debug-iphonesimulator/HsExtensions.build/Objects-normal/arm64/HsExtensions.SwiftFileList (in target 'HsExtensions' from project 'HsExtensions.Swift')
    cd /Users/j/Documents/GitHub/MoneroOne/build/SourcePackages/checkouts/HsExtensions.Swift
    write-file /Users/j/Documents/GitHub/MoneroOne/build/Build/Intermediates.noindex/HsExtensions.Swift.build/Debug-iphonesimulator/HsExtensions.build/Objects-normal/arm64/HsExtensions.SwiftFileList

WriteAuxiliaryFile /Users/j/Documents/GitHub/MoneroOne/build/Build/Intermediates.noindex/HsExtensions.Swift.build/Debug-iphonesimulator/HsExtensions.build/Objects-normal/arm64/HsExtensions_const_extract_protocols.json (in target 'HsExtensions' from project 'HsExtensions.Swift')
    cd /Users/j/Documents/GitHub/MoneroOne/build/SourcePackages/checkouts/HsExtensions.Swift
    write-file /Users/j/Documents/GitHub/MoneroOne/build/Build/Intermediates.noindex/HsExtensions.Swift.build/Debug-iphonesimulator/HsExtensions.build/Objects-normal/arm64/HsExtensions_const_extract_protocols.json

WriteAuxiliaryFile /Users/j/Documents/GitHub/MoneroOne/build/Build/Intermediates.noindex/HsExtensions.Swift.build/Debug-iphonesimulator/HsExtensions.build/Objects-normal/arm64/HsExtensions.SwiftConstValuesFileList (in target 'HsExtensions' from project 'HsExtensions.Swift')
    cd /Users/j/Documents/GitHub/MoneroOne/build/SourcePackages/checkouts/HsExtensions.Swift
    write-file /Users/j/Documents/GitHub/MoneroOne/build/Build/Intermediates.noindex/HsExtensions.Swift.build/Debug-iphonesimulator/HsExtensions.build/Objects-normal/arm64/HsExtensions.SwiftConstValuesFileList

WriteAuxiliaryFile /Users/j/Documents/GitHub/MoneroOne/build/Build/Intermediates.noindex/HsExtensions.Swift.build/Debug-iphonesimulator/HsExtensions.build/Objects-normal/arm64/HsExtensions.LinkFileList (in target 'HsExtensions' from project 'HsExtensions.Swift')
    cd /Users/j/Documents/GitHub/MoneroOne/build/SourcePackages/checkouts/HsExtensions.Swift
    write-file /Users/j/Documents/GitHub/MoneroOne/build/Build/Intermediates.noindex/HsExtensions.Swift.build/Debug-iphonesimulator/HsExtensions.build/Objects-normal/arm64/HsExtensions.LinkFileList

Copy /Users/j/Documents/GitHub/MoneroOne/build/Build/Intermediates.noindex/GeneratedModuleMaps-iphonesimulator/HsToolKit.modulemap /Users/j/Documents/GitHub/MoneroOne/build/Build/Intermediates.noindex/HsToolKit.build/Debug-iphonesimulator/HsToolKit.build/HsToolKit.modulemap (in target 'HsToolKit' from project 'HsToolKit')
    cd /Users/j/Documents/GitHub/MoneroOne/build/SourcePackages/checkouts/HsToolKit.Swift
    builtin-copy -exclude .DS_Store -exclude CVS -exclude .svn -exclude .git -exclude .hg -resolve-src-symlinks /Users/j/Documents/GitHub/MoneroOne/build/Build/Intermediates.noindex/HsToolKit.build/Debug-iphonesimulator/HsToolKit.build/HsToolKit.modulemap /Users/j/Documents/GitHub/MoneroOne/build/Build/Intermediates.noindex/GeneratedModuleMaps-iphonesimulator

WriteAuxiliaryFile /Users/j/Documents/GitHub/MoneroOne/build/Build/Intermediates.noindex/HsExtensions.Swift.build/Debug-iphonesimulator/HsExtensions.build/Objects-normal/arm64/HsExtensions-OutputFileMap.json (in target 'HsExtensions' from project 'HsExtensions.Swift')
    cd /Users/j/Documents/GitHub/MoneroOne/build/SourcePackages/checkouts/HsExtensions.Swift
    write-file /Users/j/Documents/GitHub/MoneroOne/build/Build/Intermediates.noindex/HsExtensions.Swift.build/Debug-iphonesimulator/HsExtensions.build/Objects-normal/arm64/HsExtensions-OutputFileMap.json

WriteAuxiliaryFile /Users/j/Documents/GitHub/MoneroOne/build/Build/Intermediates.noindex/HsExtensions.Swift.build/Debug-iphonesimulator/HsExtensions.build/HsExtensions.modulemap (in target 'HsExtensions' from project 'HsExtensions.Swift')
    cd /Users/j/Documents/GitHub/MoneroOne/build/SourcePackages/checkouts/HsExtensions.Swift
    write-file /Users/j/Documents/GitHub/MoneroOne/build/Build/Intermediates.noindex/HsExtensions.Swift.build/Debug-iphonesimulator/HsExtensions.build/HsExtensions.modulemap

WriteAuxiliaryFile /Users/j/Documents/GitHub/MoneroOne/build/Build/Intermediates.noindex/HsExtensions.Swift.build/Debug-iphonesimulator/HsExtensions.build/HsExtensions.DependencyStaticMetadataFileList (in target 'HsExtensions' from project 'HsExtensions.Swift')
    cd /Users/j/Documents/GitHub/MoneroOne/build/SourcePackages/checkouts/HsExtensions.Swift
    write-file /Users/j/Documents/GitHub/MoneroOne/build/Build/Intermediates.noindex/HsExtensions.Swift.build/Debug-iphonesimulator/HsExtensions.build/HsExtensions.DependencyStaticMetadataFileList

WriteAuxiliaryFile /Users/j/Documents/GitHub/MoneroOne/build/Build/Intermediates.noindex/HsExtensions.Swift.build/Debug-iphonesimulator/HsExtensions.build/HsExtensions.DependencyMetadataFileList (in target 'HsExtensions' from project 'HsExtensions.Swift')
    cd /Users/j/Documents/GitHub/MoneroOne/build/SourcePackages/checkouts/HsExtensions.Swift
    write-file /Users/j/Documents/GitHub/MoneroOne/build/Build/Intermediates.noindex/HsExtensions.Swift.build/Debug-iphonesimulator/HsExtensions.build/HsExtensions.DependencyMetadataFileList

WriteAuxiliaryFile /Users/j/Documents/GitHub/MoneroOne/build/Build/Intermediates.noindex/HsCryptoKit.Swift.build/Debug-iphonesimulator/HsCryptoKit.build/Objects-normal/arm64/HsCryptoKit.SwiftConstValuesFileList (in target 'HsCryptoKit' from project 'HsCryptoKit.Swift')
    cd /Users/j/Documents/GitHub/MoneroOne/build/SourcePackages/checkouts/HsCryptoKit.Swift
    write-file /Users/j/Documents/GitHub/MoneroOne/build/Build/Intermediates.noindex/HsCryptoKit.Swift.build/Debug-iphonesimulator/HsCryptoKit.build/Objects-normal/arm64/HsCryptoKit.SwiftConstValuesFileList

WriteAuxiliaryFile /Users/j/Documents/GitHub/MoneroOne/build/Build/Intermediates.noindex/HsCryptoKit.Swift.build/Debug-iphonesimulator/HsCryptoKit.build/Objects-normal/arm64/HsCryptoKit_const_extract_protocols.json (in target 'HsCryptoKit' from project 'HsCryptoKit.Swift')
    cd /Users/j/Documents/GitHub/MoneroOne/build/SourcePackages/checkouts/HsCryptoKit.Swift
    write-file /Users/j/Documents/GitHub/MoneroOne/build/Build/Intermediates.noindex/HsCryptoKit.Swift.build/Debug-iphonesimulator/HsCryptoKit.build/Objects-normal/arm64/HsCryptoKit_const_extract_protocols.json

WriteAuxiliaryFile /Users/j/Documents/GitHub/MoneroOne/build/Build/Intermediates.noindex/HsCryptoKit.Swift.build/Debug-iphonesimulator/HsCryptoKit.build/Objects-normal/arm64/HsCryptoKit.SwiftFileList (in target 'HsCryptoKit' from project 'HsCryptoKit.Swift')
    cd /Users/j/Documents/GitHub/MoneroOne/build/SourcePackages/checkouts/HsCryptoKit.Swift
    write-file /Users/j/Documents/GitHub/MoneroOne/build/Build/Intermediates.noindex/HsCryptoKit.Swift.build/Debug-iphonesimulator/HsCryptoKit.build/Objects-normal/arm64/HsCryptoKit.SwiftFileList

WriteAuxiliaryFile /Users/j/Documents/GitHub/MoneroOne/build/Build/Intermediates.noindex/HsCryptoKit.Swift.build/Debug-iphonesimulator/HsCryptoKit.build/Objects-normal/arm64/HsCryptoKit.LinkFileList (in target 'HsCryptoKit' from project 'HsCryptoKit.Swift')
    cd /Users/j/Documents/GitHub/MoneroOne/build/SourcePackages/checkouts/HsCryptoKit.Swift
    write-file /Users/j/Documents/GitHub/MoneroOne/build/Build/Intermediates.noindex/HsCryptoKit.Swift.build/Debug-iphonesimulator/HsCryptoKit.build/Objects-normal/arm64/HsCryptoKit.LinkFileList

WriteAuxiliaryFile /Users/j/Documents/GitHub/MoneroOne/build/Build/Intermediates.noindex/HsCryptoKit.Swift.build/Debug-iphonesimulator/HsCryptoKit.build/Objects-normal/arm64/HsCryptoKit-OutputFileMap.json (in target 'HsCryptoKit' from project 'HsCryptoKit.Swift')
    cd /Users/j/Documents/GitHub/MoneroOne/build/SourcePackages/checkouts/HsCryptoKit.Swift
    write-file /Users/j/Documents/GitHub/MoneroOne/build/Build/Intermediates.noindex/HsCryptoKit.Swift.build/Debug-iphonesimulator/HsCryptoKit.build/Objects-normal/arm64/HsCryptoKit-OutputFileMap.json

WriteAuxiliaryFile /Users/j/Documents/GitHub/MoneroOne/build/Build/Intermediates.noindex/HsCryptoKit.Swift.build/Debug-iphonesimulator/HsCryptoKit.build/HsCryptoKit.modulemap (in target 'HsCryptoKit' from project 'HsCryptoKit.Swift')
    cd /Users/j/Documents/GitHub/MoneroOne/build/SourcePackages/checkouts/HsCryptoKit.Swift
    write-file /Users/j/Documents/GitHub/MoneroOne/build/Build/Intermediates.noindex/HsCryptoKit.Swift.build/Debug-iphonesimulator/HsCryptoKit.build/HsCryptoKit.modulemap

WriteAuxiliaryFile /Users/j/Documents/GitHub/MoneroOne/build/Build/Intermediates.noindex/HsCryptoKit.Swift.build/Debug-iphonesimulator/HsCryptoKit.build/HsCryptoKit.DependencyStaticMetadataFileList (in target 'HsCryptoKit' from project 'HsCryptoKit.Swift')
    cd /Users/j/Documents/GitHub/MoneroOne/build/SourcePackages/checkouts/HsCryptoKit.Swift
    write-file /Users/j/Documents/GitHub/MoneroOne/build/Build/Intermediates.noindex/HsCryptoKit.Swift.build/Debug-iphonesimulator/HsCryptoKit.build/HsCryptoKit.DependencyStaticMetadataFileList

WriteAuxiliaryFile /Users/j/Documents/GitHub/MoneroOne/build/Build/Intermediates.noindex/HsCryptoKit.Swift.build/Debug-iphonesimulator/HsCryptoKit.build/HsCryptoKit.DependencyMetadataFileList (in target 'HsCryptoKit' from project 'HsCryptoKit.Swift')
    cd /Users/j/Documents/GitHub/MoneroOne/build/SourcePackages/checkouts/HsCryptoKit.Swift
    write-file /Users/j/Documents/GitHub/MoneroOne/build/Build/Intermediates.noindex/HsCryptoKit.Swift.build/Debug-iphonesimulator/HsCryptoKit.build/HsCryptoKit.DependencyMetadataFileList

WriteAuxiliaryFile /Users/j/Documents/GitHub/MoneroOne/build/Build/Intermediates.noindex/HdWalletKit.build/Debug-iphonesimulator/HdWalletKit.build/Objects-normal/arm64/HdWalletKit_const_extract_protocols.json (in target 'HdWalletKit' from project 'HdWalletKit')
    cd /Users/j/Documents/GitHub/MoneroOne/build/SourcePackages/checkouts/HdWalletKit.Swift
    write-file /Users/j/Documents/GitHub/MoneroOne/build/Build/Intermediates.noindex/HdWalletKit.build/Debug-iphonesimulator/HdWalletKit.build/Objects-normal/arm64/HdWalletKit_const_extract_protocols.json

Copy /Users/j/Documents/GitHub/MoneroOne/build/Build/Intermediates.noindex/GeneratedModuleMaps-iphonesimulator/HsExtensions.modulemap /Users/j/Documents/GitHub/MoneroOne/build/Build/Intermediates.noindex/HsExtensions.Swift.build/Debug-iphonesimulator/HsExtensions.build/HsExtensions.modulemap (in target 'HsExtensions' from project 'HsExtensions.Swift')
    cd /Users/j/Documents/GitHub/MoneroOne/build/SourcePackages/checkouts/HsExtensions.Swift
    builtin-copy -exclude .DS_Store -exclude CVS -exclude .svn -exclude .git -exclude .hg -resolve-src-symlinks /Users/j/Documents/GitHub/MoneroOne/build/Build/Intermediates.noindex/HsExtensions.Swift.build/Debug-iphonesimulator/HsExtensions.build/HsExtensions.modulemap /Users/j/Documents/GitHub/MoneroOne/build/Build/Intermediates.noindex/GeneratedModuleMaps-iphonesimulator

WriteAuxiliaryFile /Users/j/Documents/GitHub/MoneroOne/build/Build/Intermediates.noindex/HdWalletKit.build/Debug-iphonesimulator/HdWalletKit.build/Objects-normal/arm64/HdWalletKit.SwiftConstValuesFileList (in target 'HdWalletKit' from project 'HdWalletKit')
    cd /Users/j/Documents/GitHub/MoneroOne/build/SourcePackages/checkouts/HdWalletKit.Swift
    write-file /Users/j/Documents/GitHub/MoneroOne/build/Build/Intermediates.noindex/HdWalletKit.build/Debug-iphonesimulator/HdWalletKit.build/Objects-normal/arm64/HdWalletKit.SwiftConstValuesFileList

WriteAuxiliaryFile /Users/j/Documents/GitHub/MoneroOne/build/Build/Intermediates.noindex/HdWalletKit.build/Debug-iphonesimulator/HdWalletKit.build/Objects-normal/arm64/HdWalletKit.SwiftFileList (in target 'HdWalletKit' from project 'HdWalletKit')
    cd /Users/j/Documents/GitHub/MoneroOne/build/SourcePackages/checkouts/HdWalletKit.Swift
    write-file /Users/j/Documents/GitHub/MoneroOne/build/Build/Intermediates.noindex/HdWalletKit.build/Debug-iphonesimulator/HdWalletKit.build/Objects-normal/arm64/HdWalletKit.SwiftFileList

WriteAuxiliaryFile /Users/j/Documents/GitHub/MoneroOne/build/Build/Intermediates.noindex/HdWalletKit.build/Debug-iphonesimulator/HdWalletKit.build/Objects-normal/arm64/HdWalletKit.LinkFileList (in target 'HdWalletKit' from project 'HdWalletKit')
    cd /Users/j/Documents/GitHub/MoneroOne/build/SourcePackages/checkouts/HdWalletKit.Swift
    write-file /Users/j/Documents/GitHub/MoneroOne/build/Build/Intermediates.noindex/HdWalletKit.build/Debug-iphonesimulator/HdWalletKit.build/Objects-normal/arm64/HdWalletKit.LinkFileList

WriteAuxiliaryFile /Users/j/Documents/GitHub/MoneroOne/build/Build/Intermediates.noindex/HdWalletKit.build/Debug-iphonesimulator/HdWalletKit.build/Objects-normal/arm64/HdWalletKit-OutputFileMap.json (in target 'HdWalletKit' from project 'HdWalletKit')
    cd /Users/j/Documents/GitHub/MoneroOne/build/SourcePackages/checkouts/HdWalletKit.Swift
    write-file /Users/j/Documents/GitHub/MoneroOne/build/Build/Intermediates.noindex/HdWalletKit.build/Debug-iphonesimulator/HdWalletKit.build/Objects-normal/arm64/HdWalletKit-OutputFileMap.json

WriteAuxiliaryFile /Users/j/Documents/GitHub/MoneroOne/build/Build/Intermediates.noindex/HdWalletKit.build/Debug-iphonesimulator/HdWalletKit.build/HdWalletKit.modulemap (in target 'HdWalletKit' from project 'HdWalletKit')
    cd /Users/j/Documents/GitHub/MoneroOne/build/SourcePackages/checkouts/HdWalletKit.Swift
    write-file /Users/j/Documents/GitHub/MoneroOne/build/Build/Intermediates.noindex/HdWalletKit.build/Debug-iphonesimulator/HdWalletKit.build/HdWalletKit.modulemap

WriteAuxiliaryFile /Users/j/Documents/GitHub/MoneroOne/build/Build/Intermediates.noindex/HdWalletKit.build/Debug-iphonesimulator/HdWalletKit.build/HdWalletKit.DependencyStaticMetadataFileList (in target 'HdWalletKit' from project 'HdWalletKit')
    cd /Users/j/Documents/GitHub/MoneroOne/build/SourcePackages/checkouts/HdWalletKit.Swift
    write-file /Users/j/Documents/GitHub/MoneroOne/build/Build/Intermediates.noindex/HdWalletKit.build/Debug-iphonesimulator/HdWalletKit.build/HdWalletKit.DependencyStaticMetadataFileList

WriteAuxiliaryFile /Users/j/Documents/GitHub/MoneroOne/build/Build/Intermediates.noindex/HdWalletKit.build/Debug-iphonesimulator/HdWalletKit.build/HdWalletKit.DependencyMetadataFileList (in target 'HdWalletKit' from project 'HdWalletKit')
    cd /Users/j/Documents/GitHub/MoneroOne/build/SourcePackages/checkouts/HdWalletKit.Swift
    write-file /Users/j/Documents/GitHub/MoneroOne/build/Build/Intermediates.noindex/HdWalletKit.build/Debug-iphonesimulator/HdWalletKit.build/HdWalletKit.DependencyMetadataFileList

Copy /Users/j/Documents/GitHub/MoneroOne/build/Build/Intermediates.noindex/GeneratedModuleMaps-iphonesimulator/HsCryptoKit.modulemap /Users/j/Documents/GitHub/MoneroOne/build/Build/Intermediates.noindex/HsCryptoKit.Swift.build/Debug-iphonesimulator/HsCryptoKit.build/HsCryptoKit.modulemap (in target 'HsCryptoKit' from project 'HsCryptoKit.Swift')
    cd /Users/j/Documents/GitHub/MoneroOne/build/SourcePackages/checkouts/HsCryptoKit.Swift
    builtin-copy -exclude .DS_Store -exclude CVS -exclude .svn -exclude .git -exclude .hg -resolve-src-symlinks /Users/j/Documents/GitHub/MoneroOne/build/Build/Intermediates.noindex/HsCryptoKit.Swift.build/Debug-iphonesimulator/HsCryptoKit.build/HsCryptoKit.modulemap /Users/j/Documents/GitHub/MoneroOne/build/Build/Intermediates.noindex/GeneratedModuleMaps-iphonesimulator

MkDir /Users/j/Documents/GitHub/MoneroOne/build/Build/Products/Debug-iphonesimulator/GRDB_GRDB.bundle (in target 'GRDB_GRDB' from project 'GRDB')
    cd /Users/j/Documents/GitHub/MoneroOne/build/SourcePackages/checkouts/GRDB.swift
    /bin/mkdir -p /Users/j/Documents/GitHub/MoneroOne/build/Build/Products/Debug-iphonesimulator/GRDB_GRDB.bundle

Copy /Users/j/Documents/GitHub/MoneroOne/build/Build/Intermediates.noindex/GeneratedModuleMaps-iphonesimulator/HdWalletKit.modulemap /Users/j/Documents/GitHub/MoneroOne/build/Build/Intermediates.noindex/HdWalletKit.build/Debug-iphonesimulator/HdWalletKit.build/HdWalletKit.modulemap (in target 'HdWalletKit' from project 'HdWalletKit')
    cd /Users/j/Documents/GitHub/MoneroOne/build/SourcePackages/checkouts/HdWalletKit.Swift
    builtin-copy -exclude .DS_Store -exclude CVS -exclude .svn -exclude .git -exclude .hg -resolve-src-symlinks /Users/j/Documents/GitHub/MoneroOne/build/Build/Intermediates.noindex/HdWalletKit.build/Debug-iphonesimulator/HdWalletKit.build/HdWalletKit.modulemap /Users/j/Documents/GitHub/MoneroOne/build/Build/Intermediates.noindex/GeneratedModuleMaps-iphonesimulator

WriteAuxiliaryFile /Users/j/Documents/GitHub/MoneroOne/build/Build/Intermediates.noindex/GRDB.build/Debug-iphonesimulator/GRDB.build/Objects-normal/arm64/GRDB.SwiftFileList (in target 'GRDB' from project 'GRDB')
    cd /Users/j/Documents/GitHub/MoneroOne/build/SourcePackages/checkouts/GRDB.swift
    write-file /Users/j/Documents/GitHub/MoneroOne/build/Build/Intermediates.noindex/GRDB.build/Debug-iphonesimulator/GRDB.build/Objects-normal/arm64/GRDB.SwiftFileList

WriteAuxiliaryFile /Users/j/Documents/GitHub/MoneroOne/build/Build/Intermediates.noindex/GRDB.build/Debug-iphonesimulator/GRDB.build/Objects-normal/arm64/GRDB_const_extract_protocols.json (in target 'GRDB' from project 'GRDB')
    cd /Users/j/Documents/GitHub/MoneroOne/build/SourcePackages/checkouts/GRDB.swift
    write-file /Users/j/Documents/GitHub/MoneroOne/build/Build/Intermediates.noindex/GRDB.build/Debug-iphonesimulator/GRDB.build/Objects-normal/arm64/GRDB_const_extract_protocols.json

WriteAuxiliaryFile /Users/j/Documents/GitHub/MoneroOne/build/Build/Intermediates.noindex/GRDB.build/Debug-iphonesimulator/GRDB.build/Objects-normal/arm64/GRDB.SwiftConstValuesFileList (in target 'GRDB' from project 'GRDB')
    cd /Users/j/Documents/GitHub/MoneroOne/build/SourcePackages/checkouts/GRDB.swift
    write-file /Users/j/Documents/GitHub/MoneroOne/build/Build/Intermediates.noindex/GRDB.build/Debug-iphonesimulator/GRDB.build/Objects-normal/arm64/GRDB.SwiftConstValuesFileList

WriteAuxiliaryFile /Users/j/Documents/GitHub/MoneroOne/build/Build/Intermediates.noindex/GRDB.build/Debug-iphonesimulator/GRDB.build/Objects-normal/arm64/GRDB-OutputFileMap.json (in target 'GRDB' from project 'GRDB')
    cd /Users/j/Documents/GitHub/MoneroOne/build/SourcePackages/checkouts/GRDB.swift
    write-file /Users/j/Documents/GitHub/MoneroOne/build/Build/Intermediates.noindex/GRDB.build/Debug-iphonesimulator/GRDB.build/Objects-normal/arm64/GRDB-OutputFileMap.json

WriteAuxiliaryFile /Users/j/Documents/GitHub/MoneroOne/build/Build/Intermediates.noindex/GRDB.build/Debug-iphonesimulator/GRDB.build/Objects-normal/arm64/GRDB.LinkFileList (in target 'GRDB' from project 'GRDB')
    cd /Users/j/Documents/GitHub/MoneroOne/build/SourcePackages/checkouts/GRDB.swift
    write-file /Users/j/Documents/GitHub/MoneroOne/build/Build/Intermediates.noindex/GRDB.build/Debug-iphonesimulator/GRDB.build/Objects-normal/arm64/GRDB.LinkFileList

WriteAuxiliaryFile /Users/j/Documents/GitHub/MoneroOne/build/Build/Intermediates.noindex/GRDB.build/Debug-iphonesimulator/GRDB.build/GRDB.modulemap (in target 'GRDB' from project 'GRDB')
    cd /Users/j/Documents/GitHub/MoneroOne/build/SourcePackages/checkouts/GRDB.swift
    write-file /Users/j/Documents/GitHub/MoneroOne/build/Build/Intermediates.noindex/GRDB.build/Debug-iphonesimulator/GRDB.build/GRDB.modulemap

WriteAuxiliaryFile /Users/j/Documents/GitHub/MoneroOne/build/Build/Intermediates.noindex/GRDB.build/Debug-iphonesimulator/GRDB.build/GRDB.DependencyStaticMetadataFileList (in target 'GRDB' from project 'GRDB')
    cd /Users/j/Documents/GitHub/MoneroOne/build/SourcePackages/checkouts/GRDB.swift
    write-file /Users/j/Documents/GitHub/MoneroOne/build/Build/Intermediates.noindex/GRDB.build/Debug-iphonesimulator/GRDB.build/GRDB.DependencyStaticMetadataFileList

WriteAuxiliaryFile /Users/j/Documents/GitHub/MoneroOne/build/Build/Intermediates.noindex/GRDB.build/Debug-iphonesimulator/GRDB.build/GRDB.DependencyMetadataFileList (in target 'GRDB' from project 'GRDB')
    cd /Users/j/Documents/GitHub/MoneroOne/build/SourcePackages/checkouts/GRDB.swift
    write-file /Users/j/Documents/GitHub/MoneroOne/build/Build/Intermediates.noindex/GRDB.build/Debug-iphonesimulator/GRDB.build/GRDB.DependencyMetadataFileList

WriteAuxiliaryFile /Users/j/Documents/GitHub/MoneroOne/build/Build/Intermediates.noindex/GRDB.build/Debug-iphonesimulator/GRDB.build/DerivedSources/resource_bundle_accessor.swift (in target 'GRDB' from project 'GRDB')
    cd /Users/j/Documents/GitHub/MoneroOne/build/SourcePackages/checkouts/GRDB.swift
    write-file /Users/j/Documents/GitHub/MoneroOne/build/Build/Intermediates.noindex/GRDB.build/Debug-iphonesimulator/GRDB.build/DerivedSources/resource_bundle_accessor.swift

WriteAuxiliaryFile /Users/j/Documents/GitHub/MoneroOne/build/Build/Intermediates.noindex/swift-collections.build/Debug-iphonesimulator/DequeModule.build/Objects-normal/arm64/DequeModule_const_extract_protocols.json (in target 'DequeModule' from project 'swift-collections')
    cd /Users/j/Documents/GitHub/MoneroOne/build/SourcePackages/checkouts/swift-collections
    write-file /Users/j/Documents/GitHub/MoneroOne/build/Build/Intermediates.noindex/swift-collections.build/Debug-iphonesimulator/DequeModule.build/Objects-normal/arm64/DequeModule_const_extract_protocols.json

WriteAuxiliaryFile /Users/j/Documents/GitHub/MoneroOne/build/Build/Intermediates.noindex/swift-collections.build/Debug-iphonesimulator/DequeModule.build/Objects-normal/arm64/DequeModule.SwiftFileList (in target 'DequeModule' from project 'swift-collections')
    cd /Users/j/Documents/GitHub/MoneroOne/build/SourcePackages/checkouts/swift-collections
    write-file /Users/j/Documents/GitHub/MoneroOne/build/Build/Intermediates.noindex/swift-collections.build/Debug-iphonesimulator/DequeModule.build/Objects-normal/arm64/DequeModule.SwiftFileList

WriteAuxiliaryFile /Users/j/Documents/GitHub/MoneroOne/build/Build/Intermediates.noindex/swift-collections.build/Debug-iphonesimulator/DequeModule.build/Objects-normal/arm64/DequeModule.SwiftConstValuesFileList (in target 'DequeModule' from project 'swift-collections')
    cd /Users/j/Documents/GitHub/MoneroOne/build/SourcePackages/checkouts/swift-collections
    write-file /Users/j/Documents/GitHub/MoneroOne/build/Build/Intermediates.noindex/swift-collections.build/Debug-iphonesimulator/DequeModule.build/Objects-normal/arm64/DequeModule.SwiftConstValuesFileList

WriteAuxiliaryFile /Users/j/Documents/GitHub/MoneroOne/build/Build/Intermediates.noindex/swift-collections.build/Debug-iphonesimulator/DequeModule.build/Objects-normal/arm64/DequeModule.LinkFileList (in target 'DequeModule' from project 'swift-collections')
    cd /Users/j/Documents/GitHub/MoneroOne/build/SourcePackages/checkouts/swift-collections
    write-file /Users/j/Documents/GitHub/MoneroOne/build/Build/Intermediates.noindex/swift-collections.build/Debug-iphonesimulator/DequeModule.build/Objects-normal/arm64/DequeModule.LinkFileList

WriteAuxiliaryFile /Users/j/Documents/GitHub/MoneroOne/build/Build/Intermediates.noindex/swift-collections.build/Debug-iphonesimulator/DequeModule.build/Objects-normal/arm64/DequeModule-OutputFileMap.json (in target 'DequeModule' from project 'swift-collections')
    cd /Users/j/Documents/GitHub/MoneroOne/build/SourcePackages/checkouts/swift-collections
    write-file /Users/j/Documents/GitHub/MoneroOne/build/Build/Intermediates.noindex/swift-collections.build/Debug-iphonesimulator/DequeModule.build/Objects-normal/arm64/DequeModule-OutputFileMap.json

WriteAuxiliaryFile /Users/j/Documents/GitHub/MoneroOne/build/Build/Intermediates.noindex/swift-collections.build/Debug-iphonesimulator/DequeModule.build/DequeModule.modulemap (in target 'DequeModule' from project 'swift-collections')
    cd /Users/j/Documents/GitHub/MoneroOne/build/SourcePackages/checkouts/swift-collections
    write-file /Users/j/Documents/GitHub/MoneroOne/build/Build/Intermediates.noindex/swift-collections.build/Debug-iphonesimulator/DequeModule.build/DequeModule.modulemap

WriteAuxiliaryFile /Users/j/Documents/GitHub/MoneroOne/build/Build/Intermediates.noindex/swift-collections.build/Debug-iphonesimulator/DequeModule.build/DequeModule.DependencyMetadataFileList (in target 'DequeModule' from project 'swift-collections')
    cd /Users/j/Documents/GitHub/MoneroOne/build/SourcePackages/checkouts/swift-collections
    write-file /Users/j/Documents/GitHub/MoneroOne/build/Build/Intermediates.noindex/swift-collections.build/Debug-iphonesimulator/DequeModule.build/DequeModule.DependencyMetadataFileList

WriteAuxiliaryFile /Users/j/Documents/GitHub/MoneroOne/build/Build/Intermediates.noindex/swift-collections.build/Debug-iphonesimulator/DequeModule.build/DequeModule.DependencyStaticMetadataFileList (in target 'DequeModule' from project 'swift-collections')
    cd /Users/j/Documents/GitHub/MoneroOne/build/SourcePackages/checkouts/swift-collections
    write-file /Users/j/Documents/GitHub/MoneroOne/build/Build/Intermediates.noindex/swift-collections.build/Debug-iphonesimulator/DequeModule.build/DequeModule.DependencyStaticMetadataFileList

Copy /Users/j/Documents/GitHub/MoneroOne/build/Build/Intermediates.noindex/GeneratedModuleMaps-iphonesimulator/GRDB.modulemap /Users/j/Documents/GitHub/MoneroOne/build/Build/Intermediates.noindex/GRDB.build/Debug-iphonesimulator/GRDB.build/GRDB.modulemap (in target 'GRDB' from project 'GRDB')
    cd /Users/j/Documents/GitHub/MoneroOne/build/SourcePackages/checkouts/GRDB.swift
    builtin-copy -exclude .DS_Store -exclude CVS -exclude .svn -exclude .git -exclude .hg -resolve-src-symlinks /Users/j/Documents/GitHub/MoneroOne/build/Build/Intermediates.noindex/GRDB.build/Debug-iphonesimulator/GRDB.build/GRDB.modulemap /Users/j/Documents/GitHub/MoneroOne/build/Build/Intermediates.noindex/GeneratedModuleMaps-iphonesimulator

WriteAuxiliaryFile /Users/j/Documents/GitHub/MoneroOne/build/Build/Intermediates.noindex/swift-crypto.build/Debug-iphonesimulator/CryptoBoringWrapper.build/Objects-normal/arm64/CryptoBoringWrapper.SwiftConstValuesFileList (in target 'CryptoBoringWrapper' from project 'swift-crypto')
    cd /Users/j/Documents/GitHub/MoneroOne/build/SourcePackages/checkouts/swift-crypto
    write-file /Users/j/Documents/GitHub/MoneroOne/build/Build/Intermediates.noindex/swift-crypto.build/Debug-iphonesimulator/CryptoBoringWrapper.build/Objects-normal/arm64/CryptoBoringWrapper.SwiftConstValuesFileList

WriteAuxiliaryFile /Users/j/Documents/GitHub/MoneroOne/build/Build/Intermediates.noindex/swift-crypto.build/Debug-iphonesimulator/CryptoBoringWrapper.build/Objects-normal/arm64/CryptoBoringWrapper.SwiftFileList (in target 'CryptoBoringWrapper' from project 'swift-crypto')
    cd /Users/j/Documents/GitHub/MoneroOne/build/SourcePackages/checkouts/swift-crypto
    write-file /Users/j/Documents/GitHub/MoneroOne/build/Build/Intermediates.noindex/swift-crypto.build/Debug-iphonesimulator/CryptoBoringWrapper.build/Objects-normal/arm64/CryptoBoringWrapper.SwiftFileList

WriteAuxiliaryFile /Users/j/Documents/GitHub/MoneroOne/build/Build/Intermediates.noindex/swift-crypto.build/Debug-iphonesimulator/CryptoBoringWrapper.build/Objects-normal/arm64/CryptoBoringWrapper_const_extract_protocols.json (in target 'CryptoBoringWrapper' from project 'swift-crypto')
    cd /Users/j/Documents/GitHub/MoneroOne/build/SourcePackages/checkouts/swift-crypto
    write-file /Users/j/Documents/GitHub/MoneroOne/build/Build/Intermediates.noindex/swift-crypto.build/Debug-iphonesimulator/CryptoBoringWrapper.build/Objects-normal/arm64/CryptoBoringWrapper_const_extract_protocols.json

WriteAuxiliaryFile /Users/j/Documents/GitHub/MoneroOne/build/Build/Intermediates.noindex/swift-crypto.build/Debug-iphonesimulator/CryptoBoringWrapper.build/Objects-normal/arm64/CryptoBoringWrapper.LinkFileList (in target 'CryptoBoringWrapper' from project 'swift-crypto')
    cd /Users/j/Documents/GitHub/MoneroOne/build/SourcePackages/checkouts/swift-crypto
    write-file /Users/j/Documents/GitHub/MoneroOne/build/Build/Intermediates.noindex/swift-crypto.build/Debug-iphonesimulator/CryptoBoringWrapper.build/Objects-normal/arm64/CryptoBoringWrapper.LinkFileList

WriteAuxiliaryFile /Users/j/Documents/GitHub/MoneroOne/build/Build/Intermediates.noindex/swift-crypto.build/Debug-iphonesimulator/CryptoBoringWrapper.build/Objects-normal/arm64/CryptoBoringWrapper-OutputFileMap.json (in target 'CryptoBoringWrapper' from project 'swift-crypto')
    cd /Users/j/Documents/GitHub/MoneroOne/build/SourcePackages/checkouts/swift-crypto
    write-file /Users/j/Documents/GitHub/MoneroOne/build/Build/Intermediates.noindex/swift-crypto.build/Debug-iphonesimulator/CryptoBoringWrapper.build/Objects-normal/arm64/CryptoBoringWrapper-OutputFileMap.json

WriteAuxiliaryFile /Users/j/Documents/GitHub/MoneroOne/build/Build/Intermediates.noindex/swift-crypto.build/Debug-iphonesimulator/CryptoBoringWrapper.build/CryptoBoringWrapper.modulemap (in target 'CryptoBoringWrapper' from project 'swift-crypto')
    cd /Users/j/Documents/GitHub/MoneroOne/build/SourcePackages/checkouts/swift-crypto
    write-file /Users/j/Documents/GitHub/MoneroOne/build/Build/Intermediates.noindex/swift-crypto.build/Debug-iphonesimulator/CryptoBoringWrapper.build/CryptoBoringWrapper.modulemap

WriteAuxiliaryFile /Users/j/Documents/GitHub/MoneroOne/build/Build/Intermediates.noindex/swift-crypto.build/Debug-iphonesimulator/CryptoBoringWrapper.build/CryptoBoringWrapper.DependencyStaticMetadataFileList (in target 'CryptoBoringWrapper' from project 'swift-crypto')
    cd /Users/j/Documents/GitHub/MoneroOne/build/SourcePackages/checkouts/swift-crypto
    write-file /Users/j/Documents/GitHub/MoneroOne/build/Build/Intermediates.noindex/swift-crypto.build/Debug-iphonesimulator/CryptoBoringWrapper.build/CryptoBoringWrapper.DependencyStaticMetadataFileList

WriteAuxiliaryFile /Users/j/Documents/GitHub/MoneroOne/build/Build/Intermediates.noindex/swift-crypto.build/Debug-iphonesimulator/CryptoBoringWrapper.build/CryptoBoringWrapper.DependencyMetadataFileList (in target 'CryptoBoringWrapper' from project 'swift-crypto')
    cd /Users/j/Documents/GitHub/MoneroOne/build/SourcePackages/checkouts/swift-crypto
    write-file /Users/j/Documents/GitHub/MoneroOne/build/Build/Intermediates.noindex/swift-crypto.build/Debug-iphonesimulator/CryptoBoringWrapper.build/CryptoBoringWrapper.DependencyMetadataFileList

Copy /Users/j/Documents/GitHub/MoneroOne/build/Build/Intermediates.noindex/GeneratedModuleMaps-iphonesimulator/DequeModule.modulemap /Users/j/Documents/GitHub/MoneroOne/build/Build/Intermediates.noindex/swift-collections.build/Debug-iphonesimulator/DequeModule.build/DequeModule.modulemap (in target 'DequeModule' from project 'swift-collections')
    cd /Users/j/Documents/GitHub/MoneroOne/build/SourcePackages/checkouts/swift-collections
    builtin-copy -exclude .DS_Store -exclude CVS -exclude .svn -exclude .git -exclude .hg -resolve-src-symlinks /Users/j/Documents/GitHub/MoneroOne/build/Build/Intermediates.noindex/swift-collections.build/Debug-iphonesimulator/DequeModule.build/DequeModule.modulemap /Users/j/Documents/GitHub/MoneroOne/build/Build/Intermediates.noindex/GeneratedModuleMaps-iphonesimulator

WriteAuxiliaryFile /Users/j/Documents/GitHub/MoneroOne/build/Build/Intermediates.noindex/swift-crypto.build/Debug-iphonesimulator/Crypto.build/Objects-normal/arm64/Crypto.SwiftConstValuesFileList (in target 'Crypto' from project 'swift-crypto')
    cd /Users/j/Documents/GitHub/MoneroOne/build/SourcePackages/checkouts/swift-crypto
    write-file /Users/j/Documents/GitHub/MoneroOne/build/Build/Intermediates.noindex/swift-crypto.build/Debug-iphonesimulator/Crypto.build/Objects-normal/arm64/Crypto.SwiftConstValuesFileList

WriteAuxiliaryFile /Users/j/Documents/GitHub/MoneroOne/build/Build/Intermediates.noindex/swift-crypto.build/Debug-iphonesimulator/Crypto.build/Objects-normal/arm64/Crypto.SwiftFileList (in target 'Crypto' from project 'swift-crypto')
    cd /Users/j/Documents/GitHub/MoneroOne/build/SourcePackages/checkouts/swift-crypto
    write-file /Users/j/Documents/GitHub/MoneroOne/build/Build/Intermediates.noindex/swift-crypto.build/Debug-iphonesimulator/Crypto.build/Objects-normal/arm64/Crypto.SwiftFileList

WriteAuxiliaryFile /Users/j/Documents/GitHub/MoneroOne/build/Build/Intermediates.noindex/swift-crypto.build/Debug-iphonesimulator/Crypto.build/Objects-normal/arm64/Crypto_const_extract_protocols.json (in target 'Crypto' from project 'swift-crypto')
    cd /Users/j/Documents/GitHub/MoneroOne/build/SourcePackages/checkouts/swift-crypto
    write-file /Users/j/Documents/GitHub/MoneroOne/build/Build/Intermediates.noindex/swift-crypto.build/Debug-iphonesimulator/Crypto.build/Objects-normal/arm64/Crypto_const_extract_protocols.json

WriteAuxiliaryFile /Users/j/Documents/GitHub/MoneroOne/build/Build/Intermediates.noindex/swift-crypto.build/Debug-iphonesimulator/Crypto.build/Objects-normal/arm64/Crypto.LinkFileList (in target 'Crypto' from project 'swift-crypto')
    cd /Users/j/Documents/GitHub/MoneroOne/build/SourcePackages/checkouts/swift-crypto
    write-file /Users/j/Documents/GitHub/MoneroOne/build/Build/Intermediates.noindex/swift-crypto.build/Debug-iphonesimulator/Crypto.build/Objects-normal/arm64/Crypto.LinkFileList

WriteAuxiliaryFile /Users/j/Documents/GitHub/MoneroOne/build/Build/Intermediates.noindex/swift-crypto.build/Debug-iphonesimulator/Crypto.build/Objects-normal/arm64/Crypto-OutputFileMap.json (in target 'Crypto' from project 'swift-crypto')
    cd /Users/j/Documents/GitHub/MoneroOne/build/SourcePackages/checkouts/swift-crypto
    write-file /Users/j/Documents/GitHub/MoneroOne/build/Build/Intermediates.noindex/swift-crypto.build/Debug-iphonesimulator/Crypto.build/Objects-normal/arm64/Crypto-OutputFileMap.json

WriteAuxiliaryFile /Users/j/Documents/GitHub/MoneroOne/build/Build/Intermediates.noindex/swift-crypto.build/Debug-iphonesimulator/Crypto.build/Crypto.modulemap (in target 'Crypto' from project 'swift-crypto')
    cd /Users/j/Documents/GitHub/MoneroOne/build/SourcePackages/checkouts/swift-crypto
    write-file /Users/j/Documents/GitHub/MoneroOne/build/Build/Intermediates.noindex/swift-crypto.build/Debug-iphonesimulator/Crypto.build/Crypto.modulemap

WriteAuxiliaryFile /Users/j/Documents/GitHub/MoneroOne/build/Build/Intermediates.noindex/swift-crypto.build/Debug-iphonesimulator/Crypto.build/Crypto.DependencyStaticMetadataFileList (in target 'Crypto' from project 'swift-crypto')
    cd /Users/j/Documents/GitHub/MoneroOne/build/SourcePackages/checkouts/swift-crypto
    write-file /Users/j/Documents/GitHub/MoneroOne/build/Build/Intermediates.noindex/swift-crypto.build/Debug-iphonesimulator/Crypto.build/Crypto.DependencyStaticMetadataFileList

WriteAuxiliaryFile /Users/j/Documents/GitHub/MoneroOne/build/Build/Intermediates.noindex/swift-crypto.build/Debug-iphonesimulator/Crypto.build/Crypto.DependencyMetadataFileList (in target 'Crypto' from project 'swift-crypto')
    cd /Users/j/Documents/GitHub/MoneroOne/build/SourcePackages/checkouts/swift-crypto
    write-file /Users/j/Documents/GitHub/MoneroOne/build/Build/Intermediates.noindex/swift-crypto.build/Debug-iphonesimulator/Crypto.build/Crypto.DependencyMetadataFileList

Copy /Users/j/Documents/GitHub/MoneroOne/build/Build/Intermediates.noindex/GeneratedModuleMaps-iphonesimulator/CryptoBoringWrapper.modulemap /Users/j/Documents/GitHub/MoneroOne/build/Build/Intermediates.noindex/swift-crypto.build/Debug-iphonesimulator/CryptoBoringWrapper.build/CryptoBoringWrapper.modulemap (in target 'CryptoBoringWrapper' from project 'swift-crypto')
    cd /Users/j/Documents/GitHub/MoneroOne/build/SourcePackages/checkouts/swift-crypto
    builtin-copy -exclude .DS_Store -exclude CVS -exclude .svn -exclude .git -exclude .hg -resolve-src-symlinks /Users/j/Documents/GitHub/MoneroOne/build/Build/Intermediates.noindex/swift-crypto.build/Debug-iphonesimulator/CryptoBoringWrapper.build/CryptoBoringWrapper.modulemap /Users/j/Documents/GitHub/MoneroOne/build/Build/Intermediates.noindex/GeneratedModuleMaps-iphonesimulator

Copy /Users/j/Documents/GitHub/MoneroOne/build/Build/Intermediates.noindex/GeneratedModuleMaps-iphonesimulator/Crypto.modulemap /Users/j/Documents/GitHub/MoneroOne/build/Build/Intermediates.noindex/swift-crypto.build/Debug-iphonesimulator/Crypto.build/Crypto.modulemap (in target 'Crypto' from project 'swift-crypto')
    cd /Users/j/Documents/GitHub/MoneroOne/build/SourcePackages/checkouts/swift-crypto
    builtin-copy -exclude .DS_Store -exclude CVS -exclude .svn -exclude .git -exclude .hg -resolve-src-symlinks /Users/j/Documents/GitHub/MoneroOne/build/Build/Intermediates.noindex/swift-crypto.build/Debug-iphonesimulator/Crypto.build/Crypto.modulemap /Users/j/Documents/GitHub/MoneroOne/build/Build/Intermediates.noindex/GeneratedModuleMaps-iphonesimulator

WriteAuxiliaryFile /Users/j/Documents/GitHub/MoneroOne/build/Build/Intermediates.noindex/swift-nio.build/Debug-iphonesimulator/CNIOOpenBSD.build/CNIOOpenBSD.DependencyStaticMetadataFileList (in target 'CNIOOpenBSD' from project 'swift-nio')
    cd /Users/j/Documents/GitHub/MoneroOne/build/SourcePackages/checkouts/swift-nio
    write-file /Users/j/Documents/GitHub/MoneroOne/build/Build/Intermediates.noindex/swift-nio.build/Debug-iphonesimulator/CNIOOpenBSD.build/CNIOOpenBSD.DependencyStaticMetadataFileList

WriteAuxiliaryFile /Users/j/Documents/GitHub/MoneroOne/build/Build/Intermediates.noindex/swift-nio.build/Debug-iphonesimulator/CNIOOpenBSD.build/CNIOOpenBSD.modulemap (in target 'CNIOOpenBSD' from project 'swift-nio')
    cd /Users/j/Documents/GitHub/MoneroOne/build/SourcePackages/checkouts/swift-nio
    write-file /Users/j/Documents/GitHub/MoneroOne/build/Build/Intermediates.noindex/swift-nio.build/Debug-iphonesimulator/CNIOOpenBSD.build/CNIOOpenBSD.modulemap

WriteAuxiliaryFile /Users/j/Documents/GitHub/MoneroOne/build/Build/Intermediates.noindex/swift-nio.build/Debug-iphonesimulator/CNIOOpenBSD.build/CNIOOpenBSD.DependencyMetadataFileList (in target 'CNIOOpenBSD' from project 'swift-nio')
    cd /Users/j/Documents/GitHub/MoneroOne/build/SourcePackages/checkouts/swift-nio
    write-file /Users/j/Documents/GitHub/MoneroOne/build/Build/Intermediates.noindex/swift-nio.build/Debug-iphonesimulator/CNIOOpenBSD.build/CNIOOpenBSD.DependencyMetadataFileList

WriteAuxiliaryFile /Users/j/Documents/GitHub/MoneroOne/build/Build/Intermediates.noindex/swift-nio.build/Debug-iphonesimulator/CNIOOpenBSD.build/Objects-normal/arm64/CNIOOpenBSD.LinkFileList (in target 'CNIOOpenBSD' from project 'swift-nio')
    cd /Users/j/Documents/GitHub/MoneroOne/build/SourcePackages/checkouts/swift-nio
    write-file /Users/j/Documents/GitHub/MoneroOne/build/Build/Intermediates.noindex/swift-nio.build/Debug-iphonesimulator/CNIOOpenBSD.build/Objects-normal/arm64/CNIOOpenBSD.LinkFileList

WriteAuxiliaryFile /Users/j/Documents/GitHub/MoneroOne/build/Build/Intermediates.noindex/swift-nio.build/Debug-iphonesimulator/CNIOOpenBSD.build/Objects-normal/arm64/7187679823f38a2a940e0043cdf9d637-common-args.resp (in target 'CNIOOpenBSD' from project 'swift-nio')
    cd /Users/j/Documents/GitHub/MoneroOne/build/SourcePackages/checkouts/swift-nio
    write-file /Users/j/Documents/GitHub/MoneroOne/build/Build/Intermediates.noindex/swift-nio.build/Debug-iphonesimulator/CNIOOpenBSD.build/Objects-normal/arm64/7187679823f38a2a940e0043cdf9d637-common-args.resp
-target arm64-apple-ios12.0-simulator -fmodules -gmodules '-fmodules-cache-path=/Users/j/Documents/GitHub/MoneroOne/build/ModuleCache.noindex' '-fmodule-name=CNIOOpenBSD' -fpascal-strings -O0 -DSWIFT_PACKAGE '-DDEBUG=1' -isysroot /Applications/Xcode.app/Contents/Developer/Platforms/iPhoneSimulator.platform/Developer/SDKs/iPhoneSimulator26.1.sdk -g -I/Users/j/Documents/GitHub/MoneroOne/build/Build/Products/Debug-iphonesimulator/include -I/Users/j/Documents/GitHub/MoneroOne/build/SourcePackages/checkouts/swift-nio/Sources/CNIOOpenBSD/include -I/Users/j/Documents/GitHub/MoneroOne/build/Build/Intermediates.noindex/swift-nio.build/Debug-iphonesimulator/CNIOOpenBSD.build/DerivedSources-normal/arm64 -I/Users/j/Documents/GitHub/MoneroOne/build/Build/Intermediates.noindex/swift-nio.build/Debug-iphonesimulator/CNIOOpenBSD.build/DerivedSources/arm64 -I/Users/j/Documents/GitHub/MoneroOne/build/Build/Intermediates.noindex/swift-nio.build/Debug-iphonesimulator/CNIOOpenBSD.build/DerivedSources -F/Users/j/Documents/GitHub/MoneroOne/build/Build/Products/Debug-iphonesimulator -iframework /Applications/Xcode.app/Contents/Developer/Platforms/iPhoneSimulator.platform/Developer/Library/Frameworks -iframework /Applications/Xcode.app/Contents/Developer/Platforms/iPhoneSimulator.platform/Developer/SDKs/iPhoneSimulator26.1.sdk/Developer/Library/Frameworks -DXcode

WriteAuxiliaryFile /Users/j/Documents/GitHub/MoneroOne/build/Build/Intermediates.noindex/swift-nio.build/Debug-iphonesimulator/CNIOLinux.build/CNIOLinux.modulemap (in target 'CNIOLinux' from project 'swift-nio')
    cd /Users/j/Documents/GitHub/MoneroOne/build/SourcePackages/checkouts/swift-nio
    write-file /Users/j/Documents/GitHub/MoneroOne/build/Build/Intermediates.noindex/swift-nio.build/Debug-iphonesimulator/CNIOLinux.build/CNIOLinux.modulemap

WriteAuxiliaryFile /Users/j/Documents/GitHub/MoneroOne/build/Build/Intermediates.noindex/swift-nio.build/Debug-iphonesimulator/CNIOLinux.build/CNIOLinux.DependencyStaticMetadataFileList (in target 'CNIOLinux' from project 'swift-nio')
    cd /Users/j/Documents/GitHub/MoneroOne/build/SourcePackages/checkouts/swift-nio
    write-file /Users/j/Documents/GitHub/MoneroOne/build/Build/Intermediates.noindex/swift-nio.build/Debug-iphonesimulator/CNIOLinux.build/CNIOLinux.DependencyStaticMetadataFileList

WriteAuxiliaryFile /Users/j/Documents/GitHub/MoneroOne/build/Build/Intermediates.noindex/swift-nio.build/Debug-iphonesimulator/CNIOLinux.build/CNIOLinux.DependencyMetadataFileList (in target 'CNIOLinux' from project 'swift-nio')
    cd /Users/j/Documents/GitHub/MoneroOne/build/SourcePackages/checkouts/swift-nio
    write-file /Users/j/Documents/GitHub/MoneroOne/build/Build/Intermediates.noindex/swift-nio.build/Debug-iphonesimulator/CNIOLinux.build/CNIOLinux.DependencyMetadataFileList

WriteAuxiliaryFile /Users/j/Documents/GitHub/MoneroOne/build/Build/Intermediates.noindex/swift-nio.build/Debug-iphonesimulator/CNIOLinux.build/Objects-normal/arm64/7187679823f38a2a940e0043cdf9d637-common-args.resp (in target 'CNIOLinux' from project 'swift-nio')
    cd /Users/j/Documents/GitHub/MoneroOne/build/SourcePackages/checkouts/swift-nio
    write-file /Users/j/Documents/GitHub/MoneroOne/build/Build/Intermediates.noindex/swift-nio.build/Debug-iphonesimulator/CNIOLinux.build/Objects-normal/arm64/7187679823f38a2a940e0043cdf9d637-common-args.resp
-target arm64-apple-ios12.0-simulator -fmodules -gmodules '-fmodules-cache-path=/Users/j/Documents/GitHub/MoneroOne/build/ModuleCache.noindex' '-fmodule-name=CNIOLinux' -fpascal-strings -O0 -DSWIFT_PACKAGE '-DDEBUG=1' -D_GNU_SOURCE -isysroot /Applications/Xcode.app/Contents/Developer/Platforms/iPhoneSimulator.platform/Developer/SDKs/iPhoneSimulator26.1.sdk -g -I/Users/j/Documents/GitHub/MoneroOne/build/Build/Products/Debug-iphonesimulator/include -I/Users/j/Documents/GitHub/MoneroOne/build/SourcePackages/checkouts/swift-nio/Sources/CNIOLinux/include -I/Users/j/Documents/GitHub/MoneroOne/build/Build/Intermediates.noindex/swift-nio.build/Debug-iphonesimulator/CNIOLinux.build/DerivedSources-normal/arm64 -I/Users/j/Documents/GitHub/MoneroOne/build/Build/Intermediates.noindex/swift-nio.build/Debug-iphonesimulator/CNIOLinux.build/DerivedSources/arm64 -I/Users/j/Documents/GitHub/MoneroOne/build/Build/Intermediates.noindex/swift-nio.build/Debug-iphonesimulator/CNIOLinux.build/DerivedSources -F/Users/j/Documents/GitHub/MoneroOne/build/Build/Products/Debug-iphonesimulator -iframework /Applications/Xcode.app/Contents/Developer/Platforms/iPhoneSimulator.platform/Developer/Library/Frameworks -iframework /Applications/Xcode.app/Contents/Developer/Platforms/iPhoneSimulator.platform/Developer/SDKs/iPhoneSimulator26.1.sdk/Developer/Library/Frameworks -DXcode

WriteAuxiliaryFile /Users/j/Documents/GitHub/MoneroOne/build/Build/Intermediates.noindex/swift-nio.build/Debug-iphonesimulator/CNIOLinux.build/Objects-normal/arm64/CNIOLinux.LinkFileList (in target 'CNIOLinux' from project 'swift-nio')
    cd /Users/j/Documents/GitHub/MoneroOne/build/SourcePackages/checkouts/swift-nio
    write-file /Users/j/Documents/GitHub/MoneroOne/build/Build/Intermediates.noindex/swift-nio.build/Debug-iphonesimulator/CNIOLinux.build/Objects-normal/arm64/CNIOLinux.LinkFileList

Copy /Users/j/Documents/GitHub/MoneroOne/build/Build/Intermediates.noindex/GeneratedModuleMaps-iphonesimulator/CNIOOpenBSD.modulemap /Users/j/Documents/GitHub/MoneroOne/build/Build/Intermediates.noindex/swift-nio.build/Debug-iphonesimulator/CNIOOpenBSD.build/CNIOOpenBSD.modulemap (in target 'CNIOOpenBSD' from project 'swift-nio')
    cd /Users/j/Documents/GitHub/MoneroOne/build/SourcePackages/checkouts/swift-nio
    builtin-copy -exclude .DS_Store -exclude CVS -exclude .svn -exclude .git -exclude .hg -resolve-src-symlinks /Users/j/Documents/GitHub/MoneroOne/build/Build/Intermediates.noindex/swift-nio.build/Debug-iphonesimulator/CNIOOpenBSD.build/CNIOOpenBSD.modulemap /Users/j/Documents/GitHub/MoneroOne/build/Build/Intermediates.noindex/GeneratedModuleMaps-iphonesimulator

Copy /Users/j/Documents/GitHub/MoneroOne/build/Build/Intermediates.noindex/GeneratedModuleMaps-iphonesimulator/CNIOLinux.modulemap /Users/j/Documents/GitHub/MoneroOne/build/Build/Intermediates.noindex/swift-nio.build/Debug-iphonesimulator/CNIOLinux.build/CNIOLinux.modulemap (in target 'CNIOLinux' from project 'swift-nio')
    cd /Users/j/Documents/GitHub/MoneroOne/build/SourcePackages/checkouts/swift-nio
    builtin-copy -exclude .DS_Store -exclude CVS -exclude .svn -exclude .git -exclude .hg -resolve-src-symlinks /Users/j/Documents/GitHub/MoneroOne/build/Build/Intermediates.noindex/swift-nio.build/Debug-iphonesimulator/CNIOLinux.build/CNIOLinux.modulemap /Users/j/Documents/GitHub/MoneroOne/build/Build/Intermediates.noindex/GeneratedModuleMaps-iphonesimulator

WriteAuxiliaryFile /Users/j/Documents/GitHub/MoneroOne/build/Build/Intermediates.noindex/swift-nio.build/Debug-iphonesimulator/CNIOLLHTTP.build/CNIOLLHTTP.modulemap (in target 'CNIOLLHTTP' from project 'swift-nio')
    cd /Users/j/Documents/GitHub/MoneroOne/build/SourcePackages/checkouts/swift-nio
    write-file /Users/j/Documents/GitHub/MoneroOne/build/Build/Intermediates.noindex/swift-nio.build/Debug-iphonesimulator/CNIOLLHTTP.build/CNIOLLHTTP.modulemap

WriteAuxiliaryFile /Users/j/Documents/GitHub/MoneroOne/build/Build/Intermediates.noindex/swift-nio.build/Debug-iphonesimulator/CNIOLLHTTP.build/Objects-normal/arm64/CNIOLLHTTP.LinkFileList (in target 'CNIOLLHTTP' from project 'swift-nio')
    cd /Users/j/Documents/GitHub/MoneroOne/build/SourcePackages/checkouts/swift-nio
    write-file /Users/j/Documents/GitHub/MoneroOne/build/Build/Intermediates.noindex/swift-nio.build/Debug-iphonesimulator/CNIOLLHTTP.build/Objects-normal/arm64/CNIOLLHTTP.LinkFileList

WriteAuxiliaryFile /Users/j/Documents/GitHub/MoneroOne/build/Build/Intermediates.noindex/swift-nio.build/Debug-iphonesimulator/CNIOLLHTTP.build/Objects-normal/arm64/7187679823f38a2a940e0043cdf9d637-common-args.resp (in target 'CNIOLLHTTP' from project 'swift-nio')
    cd /Users/j/Documents/GitHub/MoneroOne/build/SourcePackages/checkouts/swift-nio
    write-file /Users/j/Documents/GitHub/MoneroOne/build/Build/Intermediates.noindex/swift-nio.build/Debug-iphonesimulator/CNIOLLHTTP.build/Objects-normal/arm64/7187679823f38a2a940e0043cdf9d637-common-args.resp
-target arm64-apple-ios12.0-simulator -fmodules -gmodules '-fmodules-cache-path=/Users/j/Documents/GitHub/MoneroOne/build/ModuleCache.noindex' '-fmodule-name=CNIOLLHTTP' -fpascal-strings -O0 -DSWIFT_PACKAGE '-DDEBUG=1' -D_GNU_SOURCE -DLLHTTP_STRICT_MODE -isysroot /Applications/Xcode.app/Contents/Developer/Platforms/iPhoneSimulator.platform/Developer/SDKs/iPhoneSimulator26.1.sdk -g -I/Users/j/Documents/GitHub/MoneroOne/build/Build/Products/Debug-iphonesimulator/include -I/Users/j/Documents/GitHub/MoneroOne/build/SourcePackages/checkouts/swift-nio/Sources/CNIOLLHTTP/include -I/Users/j/Documents/GitHub/MoneroOne/build/Build/Intermediates.noindex/swift-nio.build/Debug-iphonesimulator/CNIOLLHTTP.build/DerivedSources-normal/arm64 -I/Users/j/Documents/GitHub/MoneroOne/build/Build/Intermediates.noindex/swift-nio.build/Debug-iphonesimulator/CNIOLLHTTP.build/DerivedSources/arm64 -I/Users/j/Documents/GitHub/MoneroOne/build/Build/Intermediates.noindex/swift-nio.build/Debug-iphonesimulator/CNIOLLHTTP.build/DerivedSources -F/Users/j/Documents/GitHub/MoneroOne/build/Build/Products/Debug-iphonesimulator -iframework /Applications/Xcode.app/Contents/Developer/Platforms/iPhoneSimulator.platform/Developer/Library/Frameworks -iframework /Applications/Xcode.app/Contents/Developer/Platforms/iPhoneSimulator.platform/Developer/SDKs/iPhoneSimulator26.1.sdk/Developer/Library/Frameworks -DXcode

WriteAuxiliaryFile /Users/j/Documents/GitHub/MoneroOne/build/Build/Intermediates.noindex/swift-nio.build/Debug-iphonesimulator/CNIOLLHTTP.build/CNIOLLHTTP.DependencyStaticMetadataFileList (in target 'CNIOLLHTTP' from project 'swift-nio')
    cd /Users/j/Documents/GitHub/MoneroOne/build/SourcePackages/checkouts/swift-nio
    write-file /Users/j/Documents/GitHub/MoneroOne/build/Build/Intermediates.noindex/swift-nio.build/Debug-iphonesimulator/CNIOLLHTTP.build/CNIOLLHTTP.DependencyStaticMetadataFileList

WriteAuxiliaryFile /Users/j/Documents/GitHub/MoneroOne/build/Build/Intermediates.noindex/swift-nio.build/Debug-iphonesimulator/CNIOLLHTTP.build/CNIOLLHTTP.DependencyMetadataFileList (in target 'CNIOLLHTTP' from project 'swift-nio')
    cd /Users/j/Documents/GitHub/MoneroOne/build/SourcePackages/checkouts/swift-nio
    write-file /Users/j/Documents/GitHub/MoneroOne/build/Build/Intermediates.noindex/swift-nio.build/Debug-iphonesimulator/CNIOLLHTTP.build/CNIOLLHTTP.DependencyMetadataFileList

WriteAuxiliaryFile /Users/j/Documents/GitHub/MoneroOne/build/Build/Intermediates.noindex/swift-nio.build/Debug-iphonesimulator/CNIODarwin.build/CNIODarwin.modulemap (in target 'CNIODarwin' from project 'swift-nio')
    cd /Users/j/Documents/GitHub/MoneroOne/build/SourcePackages/checkouts/swift-nio
    write-file /Users/j/Documents/GitHub/MoneroOne/build/Build/Intermediates.noindex/swift-nio.build/Debug-iphonesimulator/CNIODarwin.build/CNIODarwin.modulemap

WriteAuxiliaryFile /Users/j/Documents/GitHub/MoneroOne/build/Build/Intermediates.noindex/swift-nio.build/Debug-iphonesimulator/CNIODarwin.build/CNIODarwin.DependencyStaticMetadataFileList (in target 'CNIODarwin' from project 'swift-nio')
    cd /Users/j/Documents/GitHub/MoneroOne/build/SourcePackages/checkouts/swift-nio
    write-file /Users/j/Documents/GitHub/MoneroOne/build/Build/Intermediates.noindex/swift-nio.build/Debug-iphonesimulator/CNIODarwin.build/CNIODarwin.DependencyStaticMetadataFileList

WriteAuxiliaryFile /Users/j/Documents/GitHub/MoneroOne/build/Build/Intermediates.noindex/swift-nio.build/Debug-iphonesimulator/CNIODarwin.build/Objects-normal/arm64/7187679823f38a2a940e0043cdf9d637-common-args.resp (in target 'CNIODarwin' from project 'swift-nio')
    cd /Users/j/Documents/GitHub/MoneroOne/build/SourcePackages/checkouts/swift-nio
    write-file /Users/j/Documents/GitHub/MoneroOne/build/Build/Intermediates.noindex/swift-nio.build/Debug-iphonesimulator/CNIODarwin.build/Objects-normal/arm64/7187679823f38a2a940e0043cdf9d637-common-args.resp
-target arm64-apple-ios12.0-simulator -fmodules -gmodules '-fmodules-cache-path=/Users/j/Documents/GitHub/MoneroOne/build/ModuleCache.noindex' '-fmodule-name=CNIODarwin' -fpascal-strings -O0 -DSWIFT_PACKAGE '-DDEBUG=1' -D__APPLE_USE_RFC_3542 -isysroot /Applications/Xcode.app/Contents/Developer/Platforms/iPhoneSimulator.platform/Developer/SDKs/iPhoneSimulator26.1.sdk -g -I/Users/j/Documents/GitHub/MoneroOne/build/Build/Products/Debug-iphonesimulator/include -I/Users/j/Documents/GitHub/MoneroOne/build/SourcePackages/checkouts/swift-nio/Sources/CNIODarwin/include -I/Users/j/Documents/GitHub/MoneroOne/build/Build/Intermediates.noindex/swift-nio.build/Debug-iphonesimulator/CNIODarwin.build/DerivedSources-normal/arm64 -I/Users/j/Documents/GitHub/MoneroOne/build/Build/Intermediates.noindex/swift-nio.build/Debug-iphonesimulator/CNIODarwin.build/DerivedSources/arm64 -I/Users/j/Documents/GitHub/MoneroOne/build/Build/Intermediates.noindex/swift-nio.build/Debug-iphonesimulator/CNIODarwin.build/DerivedSources -F/Users/j/Documents/GitHub/MoneroOne/build/Build/Products/Debug-iphonesimulator -iframework /Applications/Xcode.app/Contents/Developer/Platforms/iPhoneSimulator.platform/Developer/Library/Frameworks -iframework /Applications/Xcode.app/Contents/Developer/Platforms/iPhoneSimulator.platform/Developer/SDKs/iPhoneSimulator26.1.sdk/Developer/Library/Frameworks -DXcode

WriteAuxiliaryFile /Users/j/Documents/GitHub/MoneroOne/build/Build/Intermediates.noindex/swift-nio.build/Debug-iphonesimulator/CNIODarwin.build/Objects-normal/arm64/CNIODarwin.LinkFileList (in target 'CNIODarwin' from project 'swift-nio')
    cd /Users/j/Documents/GitHub/MoneroOne/build/SourcePackages/checkouts/swift-nio
    write-file /Users/j/Documents/GitHub/MoneroOne/build/Build/Intermediates.noindex/swift-nio.build/Debug-iphonesimulator/CNIODarwin.build/Objects-normal/arm64/CNIODarwin.LinkFileList

WriteAuxiliaryFile /Users/j/Documents/GitHub/MoneroOne/build/Build/Intermediates.noindex/swift-nio.build/Debug-iphonesimulator/CNIODarwin.build/CNIODarwin.DependencyMetadataFileList (in target 'CNIODarwin' from project 'swift-nio')
    cd /Users/j/Documents/GitHub/MoneroOne/build/SourcePackages/checkouts/swift-nio
    write-file /Users/j/Documents/GitHub/MoneroOne/build/Build/Intermediates.noindex/swift-nio.build/Debug-iphonesimulator/CNIODarwin.build/CNIODarwin.DependencyMetadataFileList

Copy /Users/j/Documents/GitHub/MoneroOne/build/Build/Intermediates.noindex/GeneratedModuleMaps-iphonesimulator/CNIOLLHTTP.modulemap /Users/j/Documents/GitHub/MoneroOne/build/Build/Intermediates.noindex/swift-nio.build/Debug-iphonesimulator/CNIOLLHTTP.build/CNIOLLHTTP.modulemap (in target 'CNIOLLHTTP' from project 'swift-nio')
    cd /Users/j/Documents/GitHub/MoneroOne/build/SourcePackages/checkouts/swift-nio
    builtin-copy -exclude .DS_Store -exclude CVS -exclude .svn -exclude .git -exclude .hg -resolve-src-symlinks /Users/j/Documents/GitHub/MoneroOne/build/Build/Intermediates.noindex/swift-nio.build/Debug-iphonesimulator/CNIOLLHTTP.build/CNIOLLHTTP.modulemap /Users/j/Documents/GitHub/MoneroOne/build/Build/Intermediates.noindex/GeneratedModuleMaps-iphonesimulator

WriteAuxiliaryFile /Users/j/Documents/GitHub/MoneroOne/build/Build/Intermediates.noindex/swift-nio-ssl.build/Debug-iphonesimulator/CNIOBoringSSLShims.build/CNIOBoringSSLShims.DependencyStaticMetadataFileList (in target 'CNIOBoringSSLShims' from project 'swift-nio-ssl')
    cd /Users/j/Documents/GitHub/MoneroOne/build/SourcePackages/checkouts/swift-nio-ssl
    write-file /Users/j/Documents/GitHub/MoneroOne/build/Build/Intermediates.noindex/swift-nio-ssl.build/Debug-iphonesimulator/CNIOBoringSSLShims.build/CNIOBoringSSLShims.DependencyStaticMetadataFileList

WriteAuxiliaryFile /Users/j/Documents/GitHub/MoneroOne/build/Build/Intermediates.noindex/swift-nio-ssl.build/Debug-iphonesimulator/CNIOBoringSSLShims.build/CNIOBoringSSLShims.modulemap (in target 'CNIOBoringSSLShims' from project 'swift-nio-ssl')
    cd /Users/j/Documents/GitHub/MoneroOne/build/SourcePackages/checkouts/swift-nio-ssl
    write-file /Users/j/Documents/GitHub/MoneroOne/build/Build/Intermediates.noindex/swift-nio-ssl.build/Debug-iphonesimulator/CNIOBoringSSLShims.build/CNIOBoringSSLShims.modulemap

WriteAuxiliaryFile /Users/j/Documents/GitHub/MoneroOne/build/Build/Intermediates.noindex/swift-nio-ssl.build/Debug-iphonesimulator/CNIOBoringSSLShims.build/CNIOBoringSSLShims.DependencyMetadataFileList (in target 'CNIOBoringSSLShims' from project 'swift-nio-ssl')
    cd /Users/j/Documents/GitHub/MoneroOne/build/SourcePackages/checkouts/swift-nio-ssl
    write-file /Users/j/Documents/GitHub/MoneroOne/build/Build/Intermediates.noindex/swift-nio-ssl.build/Debug-iphonesimulator/CNIOBoringSSLShims.build/CNIOBoringSSLShims.DependencyMetadataFileList

WriteAuxiliaryFile /Users/j/Documents/GitHub/MoneroOne/build/Build/Intermediates.noindex/swift-nio-ssl.build/Debug-iphonesimulator/CNIOBoringSSLShims.build/Objects-normal/arm64/7187679823f38a2a940e0043cdf9d637-common-args.resp (in target 'CNIOBoringSSLShims' from project 'swift-nio-ssl')
    cd /Users/j/Documents/GitHub/MoneroOne/build/SourcePackages/checkouts/swift-nio-ssl
    write-file /Users/j/Documents/GitHub/MoneroOne/build/Build/Intermediates.noindex/swift-nio-ssl.build/Debug-iphonesimulator/CNIOBoringSSLShims.build/Objects-normal/arm64/7187679823f38a2a940e0043cdf9d637-common-args.resp
-target arm64-apple-ios12.0-simulator -fmodules -gmodules '-fmodules-cache-path=/Users/j/Documents/GitHub/MoneroOne/build/ModuleCache.noindex' '-fmodule-name=CNIOBoringSSLShims' -fpascal-strings -O0 -DSWIFT_PACKAGE '-DDEBUG=1' -D_GNU_SOURCE -isysroot /Applications/Xcode.app/Contents/Developer/Platforms/iPhoneSimulator.platform/Developer/SDKs/iPhoneSimulator26.1.sdk -g -I/Users/j/Documents/GitHub/MoneroOne/build/SourcePackages/checkouts/swift-nio-ssl/Sources/CNIOBoringSSL/include -I/Users/j/Documents/GitHub/MoneroOne/build/Build/Products/Debug-iphonesimulator/include -I/Users/j/Documents/GitHub/MoneroOne/build/SourcePackages/checkouts/swift-nio-ssl/Sources/CNIOBoringSSLShims/include -I/Users/j/Documents/GitHub/MoneroOne/build/Build/Intermediates.noindex/swift-nio-ssl.build/Debug-iphonesimulator/CNIOBoringSSLShims.build/DerivedSources-normal/arm64 -I/Users/j/Documents/GitHub/MoneroOne/build/Build/Intermediates.noindex/swift-nio-ssl.build/Debug-iphonesimulator/CNIOBoringSSLShims.build/DerivedSources/arm64 -I/Users/j/Documents/GitHub/MoneroOne/build/Build/Intermediates.noindex/swift-nio-ssl.build/Debug-iphonesimulator/CNIOBoringSSLShims.build/DerivedSources -F/Users/j/Documents/GitHub/MoneroOne/build/Build/Products/Debug-iphonesimulator/PackageFrameworks -F/Users/j/Documents/GitHub/MoneroOne/build/Build/Products/Debug-iphonesimulator -iframework /Applications/Xcode.app/Contents/Developer/Platforms/iPhoneSimulator.platform/Developer/Library/Frameworks -iframework /Applications/Xcode.app/Contents/Developer/Platforms/iPhoneSimulator.platform/Developer/SDKs/iPhoneSimulator26.1.sdk/Developer/Library/Frameworks -DXcode

WriteAuxiliaryFile /Users/j/Documents/GitHub/MoneroOne/build/Build/Intermediates.noindex/swift-nio-ssl.build/Debug-iphonesimulator/CNIOBoringSSLShims.build/Objects-normal/arm64/CNIOBoringSSLShims.LinkFileList (in target 'CNIOBoringSSLShims' from project 'swift-nio-ssl')
    cd /Users/j/Documents/GitHub/MoneroOne/build/SourcePackages/checkouts/swift-nio-ssl
    write-file /Users/j/Documents/GitHub/MoneroOne/build/Build/Intermediates.noindex/swift-nio-ssl.build/Debug-iphonesimulator/CNIOBoringSSLShims.build/Objects-normal/arm64/CNIOBoringSSLShims.LinkFileList

WriteAuxiliaryFile /Users/j/Documents/GitHub/MoneroOne/build/Build/Intermediates.noindex/swift-nio-ssl.build/Debug-iphonesimulator/CNIOBoringSSL.build/Objects-normal/arm64/CNIOBoringSSL.LinkFileList (in target 'CNIOBoringSSL' from project 'swift-nio-ssl')
    cd /Users/j/Documents/GitHub/MoneroOne/build/SourcePackages/checkouts/swift-nio-ssl
    write-file /Users/j/Documents/GitHub/MoneroOne/build/Build/Intermediates.noindex/swift-nio-ssl.build/Debug-iphonesimulator/CNIOBoringSSL.build/Objects-normal/arm64/CNIOBoringSSL.LinkFileList

Copy /Users/j/Documents/GitHub/MoneroOne/build/Build/Intermediates.noindex/GeneratedModuleMaps-iphonesimulator/CNIODarwin.modulemap /Users/j/Documents/GitHub/MoneroOne/build/Build/Intermediates.noindex/swift-nio.build/Debug-iphonesimulator/CNIODarwin.build/CNIODarwin.modulemap (in target 'CNIODarwin' from project 'swift-nio')
    cd /Users/j/Documents/GitHub/MoneroOne/build/SourcePackages/checkouts/swift-nio
    builtin-copy -exclude .DS_Store -exclude CVS -exclude .svn -exclude .git -exclude .hg -resolve-src-symlinks /Users/j/Documents/GitHub/MoneroOne/build/Build/Intermediates.noindex/swift-nio.build/Debug-iphonesimulator/CNIODarwin.build/CNIODarwin.modulemap /Users/j/Documents/GitHub/MoneroOne/build/Build/Intermediates.noindex/GeneratedModuleMaps-iphonesimulator

WriteAuxiliaryFile /Users/j/Documents/GitHub/MoneroOne/build/Build/Intermediates.noindex/swift-nio-ssl.build/Debug-iphonesimulator/CNIOBoringSSL.build/Objects-normal/arm64/82b82416624d2658e5098eb0a28c15c5-common-args.resp (in target 'CNIOBoringSSL' from project 'swift-nio-ssl')
    cd /Users/j/Documents/GitHub/MoneroOne/build/SourcePackages/checkouts/swift-nio-ssl
    write-file /Users/j/Documents/GitHub/MoneroOne/build/Build/Intermediates.noindex/swift-nio-ssl.build/Debug-iphonesimulator/CNIOBoringSSL.build/Objects-normal/arm64/82b82416624d2658e5098eb0a28c15c5-common-args.resp
-target arm64-apple-ios12.0-simulator '-std=c++17' -fmodules -fno-cxx-modules -gmodules '-fmodules-cache-path=/Users/j/Documents/GitHub/MoneroOne/build/ModuleCache.noindex' '-fmodule-name=CNIOBoringSSL' '-D_LIBCPP_HARDENING_MODE=_LIBCPP_HARDENING_MODE_DEBUG' -fpascal-strings -O0 -DSWIFT_PACKAGE '-DDEBUG=1' -D_GNU_SOURCE '-D_POSIX_C_SOURCE=200112L' -D_DARWIN_C_SOURCE -isysroot /Applications/Xcode.app/Contents/Developer/Platforms/iPhoneSimulator.platform/Developer/SDKs/iPhoneSimulator26.1.sdk -g -fvisibility-inlines-hidden -I/Users/j/Documents/GitHub/MoneroOne/build/Build/Products/Debug-iphonesimulator/include -I/Users/j/Documents/GitHub/MoneroOne/build/SourcePackages/checkouts/swift-nio-ssl/Sources/CNIOBoringSSL/include -I/Users/j/Documents/GitHub/MoneroOne/build/Build/Intermediates.noindex/swift-nio-ssl.build/Debug-iphonesimulator/CNIOBoringSSL.build/DerivedSources-normal/arm64 -I/Users/j/Documents/GitHub/MoneroOne/build/Build/Intermediates.noindex/swift-nio-ssl.build/Debug-iphonesimulator/CNIOBoringSSL.build/DerivedSources/arm64 -I/Users/j/Documents/GitHub/MoneroOne/build/Build/Intermediates.noindex/swift-nio-ssl.build/Debug-iphonesimulator/CNIOBoringSSL.build/DerivedSources -F/Users/j/Documents/GitHub/MoneroOne/build/Build/Products/Debug-iphonesimulator -iframework /Applications/Xcode.app/Contents/Developer/Platforms/iPhoneSimulator.platform/Developer/Library/Frameworks -iframework /Applications/Xcode.app/Contents/Developer/Platforms/iPhoneSimulator.platform/Developer/SDKs/iPhoneSimulator26.1.sdk/Developer/Library/Frameworks -DXcode

WriteAuxiliaryFile /Users/j/Documents/GitHub/MoneroOne/build/Build/Intermediates.noindex/swift-nio-ssl.build/Debug-iphonesimulator/CNIOBoringSSL.build/Objects-normal/arm64/533656923a283fa776881f304837ed9e-common-args.resp (in target 'CNIOBoringSSL' from project 'swift-nio-ssl')
    cd /Users/j/Documents/GitHub/MoneroOne/build/SourcePackages/checkouts/swift-nio-ssl
    write-file /Users/j/Documents/GitHub/MoneroOne/build/Build/Intermediates.noindex/swift-nio-ssl.build/Debug-iphonesimulator/CNIOBoringSSL.build/Objects-normal/arm64/533656923a283fa776881f304837ed9e-common-args.resp
-target arm64-apple-ios12.0-simulator -gmodules '-fmodules-cache-path=/Users/j/Documents/GitHub/MoneroOne/build/ModuleCache.noindex' '-fmodule-name=CNIOBoringSSL' -fpascal-strings -O0 -DSWIFT_PACKAGE '-DDEBUG=1' -D_GNU_SOURCE '-D_POSIX_C_SOURCE=200112L' -D_DARWIN_C_SOURCE -isysroot /Applications/Xcode.app/Contents/Developer/Platforms/iPhoneSimulator.platform/Developer/SDKs/iPhoneSimulator26.1.sdk -g -I/Users/j/Documents/GitHub/MoneroOne/build/Build/Products/Debug-iphonesimulator/include -I/Users/j/Documents/GitHub/MoneroOne/build/SourcePackages/checkouts/swift-nio-ssl/Sources/CNIOBoringSSL/include -I/Users/j/Documents/GitHub/MoneroOne/build/Build/Intermediates.noindex/swift-nio-ssl.build/Debug-iphonesimulator/CNIOBoringSSL.build/DerivedSources-normal/arm64 -I/Users/j/Documents/GitHub/MoneroOne/build/Build/Intermediates.noindex/swift-nio-ssl.build/Debug-iphonesimulator/CNIOBoringSSL.build/DerivedSources/arm64 -I/Users/j/Documents/GitHub/MoneroOne/build/Build/Intermediates.noindex/swift-nio-ssl.build/Debug-iphonesimulator/CNIOBoringSSL.build/DerivedSources -F/Users/j/Documents/GitHub/MoneroOne/build/Build/Products/Debug-iphonesimulator -iframework /Applications/Xcode.app/Contents/Developer/Platforms/iPhoneSimulator.platform/Developer/Library/Frameworks -iframework /Applications/Xcode.app/Contents/Developer/Platforms/iPhoneSimulator.platform/Developer/SDKs/iPhoneSimulator26.1.sdk/Developer/Library/Frameworks -DXcode

WriteAuxiliaryFile /Users/j/Documents/GitHub/MoneroOne/build/Build/Intermediates.noindex/swift-nio-ssl.build/Debug-iphonesimulator/CNIOBoringSSL.build/CNIOBoringSSL.DependencyStaticMetadataFileList (in target 'CNIOBoringSSL' from project 'swift-nio-ssl')
    cd /Users/j/Documents/GitHub/MoneroOne/build/SourcePackages/checkouts/swift-nio-ssl
    write-file /Users/j/Documents/GitHub/MoneroOne/build/Build/Intermediates.noindex/swift-nio-ssl.build/Debug-iphonesimulator/CNIOBoringSSL.build/CNIOBoringSSL.DependencyStaticMetadataFileList

WriteAuxiliaryFile /Users/j/Documents/GitHub/MoneroOne/build/Build/Intermediates.noindex/swift-nio-ssl.build/Debug-iphonesimulator/CNIOBoringSSL.build/CNIOBoringSSL.DependencyMetadataFileList (in target 'CNIOBoringSSL' from project 'swift-nio-ssl')
    cd /Users/j/Documents/GitHub/MoneroOne/build/SourcePackages/checkouts/swift-nio-ssl
    write-file /Users/j/Documents/GitHub/MoneroOne/build/Build/Intermediates.noindex/swift-nio-ssl.build/Debug-iphonesimulator/CNIOBoringSSL.build/CNIOBoringSSL.DependencyMetadataFileList

Copy /Users/j/Documents/GitHub/MoneroOne/build/Build/Intermediates.noindex/GeneratedModuleMaps-iphonesimulator/CNIOBoringSSLShims.modulemap /Users/j/Documents/GitHub/MoneroOne/build/Build/Intermediates.noindex/swift-nio-ssl.build/Debug-iphonesimulator/CNIOBoringSSLShims.build/CNIOBoringSSLShims.modulemap (in target 'CNIOBoringSSLShims' from project 'swift-nio-ssl')
    cd /Users/j/Documents/GitHub/MoneroOne/build/SourcePackages/checkouts/swift-nio-ssl
    builtin-copy -exclude .DS_Store -exclude CVS -exclude .svn -exclude .git -exclude .hg -resolve-src-symlinks /Users/j/Documents/GitHub/MoneroOne/build/Build/Intermediates.noindex/swift-nio-ssl.build/Debug-iphonesimulator/CNIOBoringSSLShims.build/CNIOBoringSSLShims.modulemap /Users/j/Documents/GitHub/MoneroOne/build/Build/Intermediates.noindex/GeneratedModuleMaps-iphonesimulator

WriteAuxiliaryFile /Users/j/Documents/GitHub/MoneroOne/build/Build/Intermediates.noindex/swift-nio.build/Debug-iphonesimulator/CNIOAtomics.build/CNIOAtomics.modulemap (in target 'CNIOAtomics' from project 'swift-nio')
    cd /Users/j/Documents/GitHub/MoneroOne/build/SourcePackages/checkouts/swift-nio
    write-file /Users/j/Documents/GitHub/MoneroOne/build/Build/Intermediates.noindex/swift-nio.build/Debug-iphonesimulator/CNIOAtomics.build/CNIOAtomics.modulemap

WriteAuxiliaryFile /Users/j/Documents/GitHub/MoneroOne/build/Build/Intermediates.noindex/swift-nio.build/Debug-iphonesimulator/CNIOAtomics.build/CNIOAtomics.DependencyStaticMetadataFileList (in target 'CNIOAtomics' from project 'swift-nio')
    cd /Users/j/Documents/GitHub/MoneroOne/build/SourcePackages/checkouts/swift-nio
    write-file /Users/j/Documents/GitHub/MoneroOne/build/Build/Intermediates.noindex/swift-nio.build/Debug-iphonesimulator/CNIOAtomics.build/CNIOAtomics.DependencyStaticMetadataFileList

WriteAuxiliaryFile /Users/j/Documents/GitHub/MoneroOne/build/Build/Intermediates.noindex/swift-nio.build/Debug-iphonesimulator/CNIOAtomics.build/Objects-normal/arm64/7187679823f38a2a940e0043cdf9d637-common-args.resp (in target 'CNIOAtomics' from project 'swift-nio')
    cd /Users/j/Documents/GitHub/MoneroOne/build/SourcePackages/checkouts/swift-nio
    write-file /Users/j/Documents/GitHub/MoneroOne/build/Build/Intermediates.noindex/swift-nio.build/Debug-iphonesimulator/CNIOAtomics.build/Objects-normal/arm64/7187679823f38a2a940e0043cdf9d637-common-args.resp
-target arm64-apple-ios12.0-simulator -fmodules -gmodules '-fmodules-cache-path=/Users/j/Documents/GitHub/MoneroOne/build/ModuleCache.noindex' '-fmodule-name=CNIOAtomics' -fpascal-strings -O0 -DSWIFT_PACKAGE '-DDEBUG=1' -D_GNU_SOURCE -isysroot /Applications/Xcode.app/Contents/Developer/Platforms/iPhoneSimulator.platform/Developer/SDKs/iPhoneSimulator26.1.sdk -g -I/Users/j/Documents/GitHub/MoneroOne/build/Build/Products/Debug-iphonesimulator/include -I/Users/j/Documents/GitHub/MoneroOne/build/SourcePackages/checkouts/swift-nio/Sources/CNIOAtomics/include -I/Users/j/Documents/GitHub/MoneroOne/build/Build/Intermediates.noindex/swift-nio.build/Debug-iphonesimulator/CNIOAtomics.build/DerivedSources-normal/arm64 -I/Users/j/Documents/GitHub/MoneroOne/build/Build/Intermediates.noindex/swift-nio.build/Debug-iphonesimulator/CNIOAtomics.build/DerivedSources/arm64 -I/Users/j/Documents/GitHub/MoneroOne/build/Build/Intermediates.noindex/swift-nio.build/Debug-iphonesimulator/CNIOAtomics.build/DerivedSources -F/Users/j/Documents/GitHub/MoneroOne/build/Build/Products/Debug-iphonesimulator -iframework /Applications/Xcode.app/Contents/Developer/Platforms/iPhoneSimulator.platform/Developer/Library/Frameworks -iframework /Applications/Xcode.app/Contents/Developer/Platforms/iPhoneSimulator.platform/Developer/SDKs/iPhoneSimulator26.1.sdk/Developer/Library/Frameworks -DXcode

WriteAuxiliaryFile /Users/j/Documents/GitHub/MoneroOne/build/Build/Intermediates.noindex/swift-nio.build/Debug-iphonesimulator/CNIOAtomics.build/Objects-normal/arm64/CNIOAtomics.LinkFileList (in target 'CNIOAtomics' from project 'swift-nio')
    cd /Users/j/Documents/GitHub/MoneroOne/build/SourcePackages/checkouts/swift-nio
    write-file /Users/j/Documents/GitHub/MoneroOne/build/Build/Intermediates.noindex/swift-nio.build/Debug-iphonesimulator/CNIOAtomics.build/Objects-normal/arm64/CNIOAtomics.LinkFileList

WriteAuxiliaryFile /Users/j/Documents/GitHub/MoneroOne/build/Build/Intermediates.noindex/swift-nio.build/Debug-iphonesimulator/CNIOAtomics.build/CNIOAtomics.DependencyMetadataFileList (in target 'CNIOAtomics' from project 'swift-nio')
    cd /Users/j/Documents/GitHub/MoneroOne/build/SourcePackages/checkouts/swift-nio
    write-file /Users/j/Documents/GitHub/MoneroOne/build/Build/Intermediates.noindex/swift-nio.build/Debug-iphonesimulator/CNIOAtomics.build/CNIOAtomics.DependencyMetadataFileList

WriteAuxiliaryFile /Users/j/Documents/GitHub/MoneroOne/build/Build/Intermediates.noindex/swift-crypto.build/Debug-iphonesimulator/CCryptoBoringSSLShims.build/CCryptoBoringSSLShims.DependencyStaticMetadataFileList (in target 'CCryptoBoringSSLShims' from project 'swift-crypto')
    cd /Users/j/Documents/GitHub/MoneroOne/build/SourcePackages/checkouts/swift-crypto
    write-file /Users/j/Documents/GitHub/MoneroOne/build/Build/Intermediates.noindex/swift-crypto.build/Debug-iphonesimulator/CCryptoBoringSSLShims.build/CCryptoBoringSSLShims.DependencyStaticMetadataFileList

WriteAuxiliaryFile /Users/j/Documents/GitHub/MoneroOne/build/Build/Intermediates.noindex/swift-crypto.build/Debug-iphonesimulator/CCryptoBoringSSLShims.build/CCryptoBoringSSLShims.DependencyMetadataFileList (in target 'CCryptoBoringSSLShims' from project 'swift-crypto')
    cd /Users/j/Documents/GitHub/MoneroOne/build/SourcePackages/checkouts/swift-crypto
    write-file /Users/j/Documents/GitHub/MoneroOne/build/Build/Intermediates.noindex/swift-crypto.build/Debug-iphonesimulator/CCryptoBoringSSLShims.build/CCryptoBoringSSLShims.DependencyMetadataFileList

WriteAuxiliaryFile /Users/j/Documents/GitHub/MoneroOne/build/Build/Intermediates.noindex/swift-crypto.build/Debug-iphonesimulator/CCryptoBoringSSLShims.build/Objects-normal/arm64/7187679823f38a2a940e0043cdf9d637-common-args.resp (in target 'CCryptoBoringSSLShims' from project 'swift-crypto')
    cd /Users/j/Documents/GitHub/MoneroOne/build/SourcePackages/checkouts/swift-crypto
    write-file /Users/j/Documents/GitHub/MoneroOne/build/Build/Intermediates.noindex/swift-crypto.build/Debug-iphonesimulator/CCryptoBoringSSLShims.build/Objects-normal/arm64/7187679823f38a2a940e0043cdf9d637-common-args.resp
-target arm64-apple-ios13.0-simulator -fmodules -gmodules '-fmodules-cache-path=/Users/j/Documents/GitHub/MoneroOne/build/ModuleCache.noindex' '-fmodule-name=CCryptoBoringSSLShims' -fpascal-strings -O0 -DSWIFT_PACKAGE '-DDEBUG=1' -isysroot /Applications/Xcode.app/Contents/Developer/Platforms/iPhoneSimulator.platform/Developer/SDKs/iPhoneSimulator26.1.sdk -g -I/Users/j/Documents/GitHub/MoneroOne/build/SourcePackages/checkouts/swift-crypto/Sources/CCryptoBoringSSL/include -I/Users/j/Documents/GitHub/MoneroOne/build/Build/Products/Debug-iphonesimulator/include -I/Users/j/Documents/GitHub/MoneroOne/build/SourcePackages/checkouts/swift-crypto/Sources/CCryptoBoringSSLShims/include -I/Users/j/Documents/GitHub/MoneroOne/build/Build/Intermediates.noindex/swift-crypto.build/Debug-iphonesimulator/CCryptoBoringSSLShims.build/DerivedSources-normal/arm64 -I/Users/j/Documents/GitHub/MoneroOne/build/Build/Intermediates.noindex/swift-crypto.build/Debug-iphonesimulator/CCryptoBoringSSLShims.build/DerivedSources/arm64 -I/Users/j/Documents/GitHub/MoneroOne/build/Build/Intermediates.noindex/swift-crypto.build/Debug-iphonesimulator/CCryptoBoringSSLShims.build/DerivedSources -F/Users/j/Documents/GitHub/MoneroOne/build/Build/Products/Debug-iphonesimulator/PackageFrameworks -F/Users/j/Documents/GitHub/MoneroOne/build/Build/Products/Debug-iphonesimulator -iframework /Applications/Xcode.app/Contents/Developer/Platforms/iPhoneSimulator.platform/Developer/Library/Frameworks -iframework /Applications/Xcode.app/Contents/Developer/Platforms/iPhoneSimulator.platform/Developer/SDKs/iPhoneSimulator26.1.sdk/Developer/Library/Frameworks -DXcode

WriteAuxiliaryFile /Users/j/Documents/GitHub/MoneroOne/build/Build/Intermediates.noindex/swift-crypto.build/Debug-iphonesimulator/CCryptoBoringSSLShims.build/Objects-normal/arm64/CCryptoBoringSSLShims.LinkFileList (in target 'CCryptoBoringSSLShims' from project 'swift-crypto')
    cd /Users/j/Documents/GitHub/MoneroOne/build/SourcePackages/checkouts/swift-crypto
    write-file /Users/j/Documents/GitHub/MoneroOne/build/Build/Intermediates.noindex/swift-crypto.build/Debug-iphonesimulator/CCryptoBoringSSLShims.build/Objects-normal/arm64/CCryptoBoringSSLShims.LinkFileList

WriteAuxiliaryFile /Users/j/Documents/GitHub/MoneroOne/build/Build/Intermediates.noindex/swift-crypto.build/Debug-iphonesimulator/CCryptoBoringSSL.build/Objects-normal/arm64/CCryptoBoringSSL.LinkFileList (in target 'CCryptoBoringSSL' from project 'swift-crypto')
    cd /Users/j/Documents/GitHub/MoneroOne/build/SourcePackages/checkouts/swift-crypto
    write-file /Users/j/Documents/GitHub/MoneroOne/build/Build/Intermediates.noindex/swift-crypto.build/Debug-iphonesimulator/CCryptoBoringSSL.build/Objects-normal/arm64/CCryptoBoringSSL.LinkFileList

WriteAuxiliaryFile /Users/j/Documents/GitHub/MoneroOne/build/Build/Intermediates.noindex/swift-crypto.build/Debug-iphonesimulator/CCryptoBoringSSL.build/Objects-normal/arm64/7187679823f38a2a940e0043cdf9d637-common-args.resp (in target 'CCryptoBoringSSL' from project 'swift-crypto')
    cd /Users/j/Documents/GitHub/MoneroOne/build/SourcePackages/checkouts/swift-crypto
    write-file /Users/j/Documents/GitHub/MoneroOne/build/Build/Intermediates.noindex/swift-crypto.build/Debug-iphonesimulator/CCryptoBoringSSL.build/Objects-normal/arm64/7187679823f38a2a940e0043cdf9d637-common-args.resp
-target arm64-apple-ios13.0-simulator -fmodules -gmodules '-fmodules-cache-path=/Users/j/Documents/GitHub/MoneroOne/build/ModuleCache.noindex' '-fmodule-name=CCryptoBoringSSL' -fpascal-strings -O0 -DSWIFT_PACKAGE '-DDEBUG=1' -DWIN32_LEAN_AND_MEAN -isysroot /Applications/Xcode.app/Contents/Developer/Platforms/iPhoneSimulator.platform/Developer/SDKs/iPhoneSimulator26.1.sdk -g -I/Users/j/Documents/GitHub/MoneroOne/build/Build/Products/Debug-iphonesimulator/include -I/Users/j/Documents/GitHub/MoneroOne/build/SourcePackages/checkouts/swift-crypto/Sources/CCryptoBoringSSL/include -I/Users/j/Documents/GitHub/MoneroOne/build/Build/Intermediates.noindex/swift-crypto.build/Debug-iphonesimulator/CCryptoBoringSSL.build/DerivedSources-normal/arm64 -I/Users/j/Documents/GitHub/MoneroOne/build/Build/Intermediates.noindex/swift-crypto.build/Debug-iphonesimulator/CCryptoBoringSSL.build/DerivedSources/arm64 -I/Users/j/Documents/GitHub/MoneroOne/build/Build/Intermediates.noindex/swift-crypto.build/Debug-iphonesimulator/CCryptoBoringSSL.build/DerivedSources -F/Users/j/Documents/GitHub/MoneroOne/build/Build/Products/Debug-iphonesimulator -iframework /Applications/Xcode.app/Contents/Developer/Platforms/iPhoneSimulator.platform/Developer/Library/Frameworks -iframework /Applications/Xcode.app/Contents/Developer/Platforms/iPhoneSimulator.platform/Developer/SDKs/iPhoneSimulator26.1.sdk/Developer/Library/Frameworks -DXcode

WriteAuxiliaryFile /Users/j/Documents/GitHub/MoneroOne/build/Build/Intermediates.noindex/swift-crypto.build/Debug-iphonesimulator/CCryptoBoringSSL.build/Objects-normal/arm64/533656923a283fa776881f304837ed9e-common-args.resp (in target 'CCryptoBoringSSL' from project 'swift-crypto')
    cd /Users/j/Documents/GitHub/MoneroOne/build/SourcePackages/checkouts/swift-crypto
    write-file /Users/j/Documents/GitHub/MoneroOne/build/Build/Intermediates.noindex/swift-crypto.build/Debug-iphonesimulator/CCryptoBoringSSL.build/Objects-normal/arm64/533656923a283fa776881f304837ed9e-common-args.resp
-target arm64-apple-ios13.0-simulator -gmodules '-fmodules-cache-path=/Users/j/Documents/GitHub/MoneroOne/build/ModuleCache.noindex' '-fmodule-name=CCryptoBoringSSL' -fpascal-strings -O0 -DSWIFT_PACKAGE '-DDEBUG=1' -DWIN32_LEAN_AND_MEAN -isysroot /Applications/Xcode.app/Contents/Developer/Platforms/iPhoneSimulator.platform/Developer/SDKs/iPhoneSimulator26.1.sdk -g -I/Users/j/Documents/GitHub/MoneroOne/build/Build/Products/Debug-iphonesimulator/include -I/Users/j/Documents/GitHub/MoneroOne/build/SourcePackages/checkouts/swift-crypto/Sources/CCryptoBoringSSL/include -I/Users/j/Documents/GitHub/MoneroOne/build/Build/Intermediates.noindex/swift-crypto.build/Debug-iphonesimulator/CCryptoBoringSSL.build/DerivedSources-normal/arm64 -I/Users/j/Documents/GitHub/MoneroOne/build/Build/Intermediates.noindex/swift-crypto.build/Debug-iphonesimulator/CCryptoBoringSSL.build/DerivedSources/arm64 -I/Users/j/Documents/GitHub/MoneroOne/build/Build/Intermediates.noindex/swift-crypto.build/Debug-iphonesimulator/CCryptoBoringSSL.build/DerivedSources -F/Users/j/Documents/GitHub/MoneroOne/build/Build/Products/Debug-iphonesimulator -iframework /Applications/Xcode.app/Contents/Developer/Platforms/iPhoneSimulator.platform/Developer/Library/Frameworks -iframework /Applications/Xcode.app/Contents/Developer/Platforms/iPhoneSimulator.platform/Developer/SDKs/iPhoneSimulator26.1.sdk/Developer/Library/Frameworks -DXcode

WriteAuxiliaryFile /Users/j/Documents/GitHub/MoneroOne/build/Build/Intermediates.noindex/swift-crypto.build/Debug-iphonesimulator/CCryptoBoringSSL.build/CCryptoBoringSSL.DependencyStaticMetadataFileList (in target 'CCryptoBoringSSL' from project 'swift-crypto')
    cd /Users/j/Documents/GitHub/MoneroOne/build/SourcePackages/checkouts/swift-crypto
    write-file /Users/j/Documents/GitHub/MoneroOne/build/Build/Intermediates.noindex/swift-crypto.build/Debug-iphonesimulator/CCryptoBoringSSL.build/CCryptoBoringSSL.DependencyStaticMetadataFileList

WriteAuxiliaryFile /Users/j/Documents/GitHub/MoneroOne/build/Build/Intermediates.noindex/swift-crypto.build/Debug-iphonesimulator/CCryptoBoringSSL.build/CCryptoBoringSSL.DependencyMetadataFileList (in target 'CCryptoBoringSSL' from project 'swift-crypto')
    cd /Users/j/Documents/GitHub/MoneroOne/build/SourcePackages/checkouts/swift-crypto
    write-file /Users/j/Documents/GitHub/MoneroOne/build/Build/Intermediates.noindex/swift-crypto.build/Debug-iphonesimulator/CCryptoBoringSSL.build/CCryptoBoringSSL.DependencyMetadataFileList

Copy /Users/j/Documents/GitHub/MoneroOne/build/Build/Intermediates.noindex/GeneratedModuleMaps-iphonesimulator/CNIOAtomics.modulemap /Users/j/Documents/GitHub/MoneroOne/build/Build/Intermediates.noindex/swift-nio.build/Debug-iphonesimulator/CNIOAtomics.build/CNIOAtomics.modulemap (in target 'CNIOAtomics' from project 'swift-nio')
    cd /Users/j/Documents/GitHub/MoneroOne/build/SourcePackages/checkouts/swift-nio
    builtin-copy -exclude .DS_Store -exclude CVS -exclude .svn -exclude .git -exclude .hg -resolve-src-symlinks /Users/j/Documents/GitHub/MoneroOne/build/Build/Intermediates.noindex/swift-nio.build/Debug-iphonesimulator/CNIOAtomics.build/CNIOAtomics.modulemap /Users/j/Documents/GitHub/MoneroOne/build/Build/Intermediates.noindex/GeneratedModuleMaps-iphonesimulator

WriteAuxiliaryFile /Users/j/Documents/GitHub/MoneroOne/build/Build/Intermediates.noindex/BigInt.build/Debug-iphonesimulator/BigInt.build/Objects-normal/arm64/BigInt-OutputFileMap.json (in target 'BigInt' from project 'BigInt')
    cd /Users/j/Documents/GitHub/MoneroOne/build/SourcePackages/checkouts/BigInt
    write-file /Users/j/Documents/GitHub/MoneroOne/build/Build/Intermediates.noindex/BigInt.build/Debug-iphonesimulator/BigInt.build/Objects-normal/arm64/BigInt-OutputFileMap.json

WriteAuxiliaryFile /Users/j/Documents/GitHub/MoneroOne/build/Build/Intermediates.noindex/BigInt.build/Debug-iphonesimulator/BigInt.build/Objects-normal/arm64/BigInt.SwiftFileList (in target 'BigInt' from project 'BigInt')
    cd /Users/j/Documents/GitHub/MoneroOne/build/SourcePackages/checkouts/BigInt
    write-file /Users/j/Documents/GitHub/MoneroOne/build/Build/Intermediates.noindex/BigInt.build/Debug-iphonesimulator/BigInt.build/Objects-normal/arm64/BigInt.SwiftFileList

WriteAuxiliaryFile /Users/j/Documents/GitHub/MoneroOne/build/Build/Intermediates.noindex/BigInt.build/Debug-iphonesimulator/BigInt.build/Objects-normal/arm64/BigInt.SwiftConstValuesFileList (in target 'BigInt' from project 'BigInt')
    cd /Users/j/Documents/GitHub/MoneroOne/build/SourcePackages/checkouts/BigInt
    write-file /Users/j/Documents/GitHub/MoneroOne/build/Build/Intermediates.noindex/BigInt.build/Debug-iphonesimulator/BigInt.build/Objects-normal/arm64/BigInt.SwiftConstValuesFileList

WriteAuxiliaryFile /Users/j/Documents/GitHub/MoneroOne/build/Build/Intermediates.noindex/BigInt.build/Debug-iphonesimulator/BigInt.build/Objects-normal/arm64/BigInt_const_extract_protocols.json (in target 'BigInt' from project 'BigInt')
    cd /Users/j/Documents/GitHub/MoneroOne/build/SourcePackages/checkouts/BigInt
    write-file /Users/j/Documents/GitHub/MoneroOne/build/Build/Intermediates.noindex/BigInt.build/Debug-iphonesimulator/BigInt.build/Objects-normal/arm64/BigInt_const_extract_protocols.json

WriteAuxiliaryFile /Users/j/Documents/GitHub/MoneroOne/build/Build/Intermediates.noindex/BigInt.build/Debug-iphonesimulator/BigInt.build/Objects-normal/arm64/BigInt.LinkFileList (in target 'BigInt' from project 'BigInt')
    cd /Users/j/Documents/GitHub/MoneroOne/build/SourcePackages/checkouts/BigInt
    write-file /Users/j/Documents/GitHub/MoneroOne/build/Build/Intermediates.noindex/BigInt.build/Debug-iphonesimulator/BigInt.build/Objects-normal/arm64/BigInt.LinkFileList

WriteAuxiliaryFile /Users/j/Documents/GitHub/MoneroOne/build/Build/Intermediates.noindex/BigInt.build/Debug-iphonesimulator/BigInt.build/BigInt.modulemap (in target 'BigInt' from project 'BigInt')
    cd /Users/j/Documents/GitHub/MoneroOne/build/SourcePackages/checkouts/BigInt
    write-file /Users/j/Documents/GitHub/MoneroOne/build/Build/Intermediates.noindex/BigInt.build/Debug-iphonesimulator/BigInt.build/BigInt.modulemap

WriteAuxiliaryFile /Users/j/Documents/GitHub/MoneroOne/build/Build/Intermediates.noindex/BigInt.build/Debug-iphonesimulator/BigInt.build/BigInt.DependencyStaticMetadataFileList (in target 'BigInt' from project 'BigInt')
    cd /Users/j/Documents/GitHub/MoneroOne/build/SourcePackages/checkouts/BigInt
    write-file /Users/j/Documents/GitHub/MoneroOne/build/Build/Intermediates.noindex/BigInt.build/Debug-iphonesimulator/BigInt.build/BigInt.DependencyStaticMetadataFileList

WriteAuxiliaryFile /Users/j/Documents/GitHub/MoneroOne/build/Build/Intermediates.noindex/BigInt.build/Debug-iphonesimulator/BigInt.build/BigInt.DependencyMetadataFileList (in target 'BigInt' from project 'BigInt')
    cd /Users/j/Documents/GitHub/MoneroOne/build/SourcePackages/checkouts/BigInt
    write-file /Users/j/Documents/GitHub/MoneroOne/build/Build/Intermediates.noindex/BigInt.build/Debug-iphonesimulator/BigInt.build/BigInt.DependencyMetadataFileList

Copy /Users/j/Documents/GitHub/MoneroOne/build/Build/Intermediates.noindex/GeneratedModuleMaps-iphonesimulator/BigInt.modulemap /Users/j/Documents/GitHub/MoneroOne/build/Build/Intermediates.noindex/BigInt.build/Debug-iphonesimulator/BigInt.build/BigInt.modulemap (in target 'BigInt' from project 'BigInt')
    cd /Users/j/Documents/GitHub/MoneroOne/build/SourcePackages/checkouts/BigInt
    builtin-copy -exclude .DS_Store -exclude CVS -exclude .svn -exclude .git -exclude .hg -resolve-src-symlinks /Users/j/Documents/GitHub/MoneroOne/build/Build/Intermediates.noindex/BigInt.build/Debug-iphonesimulator/BigInt.build/BigInt.modulemap /Users/j/Documents/GitHub/MoneroOne/build/Build/Intermediates.noindex/GeneratedModuleMaps-iphonesimulator

ProcessXCFramework /Users/j/Documents/GitHub/MoneroKit.Swift/Monero.xcframework /Users/j/Documents/GitHub/MoneroOne/build/Build/Products/Debug-iphonesimulator/libMoneroCombined.a ios simulator
    cd /Users/j/Documents/GitHub/MoneroOne/MoneroOne.xcodeproj
    builtin-process-xcframework --xcframework /Users/j/Documents/GitHub/MoneroKit.Swift/Monero.xcframework --platform ios --environment simulator --target-path /Users/j/Documents/GitHub/MoneroOne/build/Build/Products/Debug-iphonesimulator

WriteAuxiliaryFile /Users/j/Documents/GitHub/MoneroOne/build/Build/Intermediates.noindex/swift-atomics.build/Debug-iphonesimulator/Atomics.build/Objects-normal/arm64/Atomics_const_extract_protocols.json (in target 'Atomics' from project 'swift-atomics')
    cd /Users/j/Documents/GitHub/MoneroOne/build/SourcePackages/checkouts/swift-atomics
    write-file /Users/j/Documents/GitHub/MoneroOne/build/Build/Intermediates.noindex/swift-atomics.build/Debug-iphonesimulator/Atomics.build/Objects-normal/arm64/Atomics_const_extract_protocols.json

WriteAuxiliaryFile /Users/j/Documents/GitHub/MoneroOne/build/Build/Intermediates.noindex/swift-atomics.build/Debug-iphonesimulator/Atomics.build/Objects-normal/arm64/Atomics.LinkFileList (in target 'Atomics' from project 'swift-atomics')
    cd /Users/j/Documents/GitHub/MoneroOne/build/SourcePackages/checkouts/swift-atomics
    write-file /Users/j/Documents/GitHub/MoneroOne/build/Build/Intermediates.noindex/swift-atomics.build/Debug-iphonesimulator/Atomics.build/Objects-normal/arm64/Atomics.LinkFileList

WriteAuxiliaryFile /Users/j/Documents/GitHub/MoneroOne/build/Build/Intermediates.noindex/swift-atomics.build/Debug-iphonesimulator/Atomics.build/Objects-normal/arm64/Atomics-OutputFileMap.json (in target 'Atomics' from project 'swift-atomics')
    cd /Users/j/Documents/GitHub/MoneroOne/build/SourcePackages/checkouts/swift-atomics
    write-file /Users/j/Documents/GitHub/MoneroOne/build/Build/Intermediates.noindex/swift-atomics.build/Debug-iphonesimulator/Atomics.build/Objects-normal/arm64/Atomics-OutputFileMap.json

WriteAuxiliaryFile /Users/j/Documents/GitHub/MoneroOne/build/Build/Intermediates.noindex/swift-atomics.build/Debug-iphonesimulator/Atomics.build/Objects-normal/arm64/Atomics.SwiftConstValuesFileList (in target 'Atomics' from project 'swift-atomics')
    cd /Users/j/Documents/GitHub/MoneroOne/build/SourcePackages/checkouts/swift-atomics
    write-file /Users/j/Documents/GitHub/MoneroOne/build/Build/Intermediates.noindex/swift-atomics.build/Debug-iphonesimulator/Atomics.build/Objects-normal/arm64/Atomics.SwiftConstValuesFileList

WriteAuxiliaryFile /Users/j/Documents/GitHub/MoneroOne/build/Build/Intermediates.noindex/swift-atomics.build/Debug-iphonesimulator/Atomics.build/Objects-normal/arm64/Atomics.SwiftFileList (in target 'Atomics' from project 'swift-atomics')
    cd /Users/j/Documents/GitHub/MoneroOne/build/SourcePackages/checkouts/swift-atomics
    write-file /Users/j/Documents/GitHub/MoneroOne/build/Build/Intermediates.noindex/swift-atomics.build/Debug-iphonesimulator/Atomics.build/Objects-normal/arm64/Atomics.SwiftFileList

WriteAuxiliaryFile /Users/j/Documents/GitHub/MoneroOne/build/Build/Intermediates.noindex/swift-atomics.build/Debug-iphonesimulator/Atomics.build/Atomics.DependencyStaticMetadataFileList (in target 'Atomics' from project 'swift-atomics')
    cd /Users/j/Documents/GitHub/MoneroOne/build/SourcePackages/checkouts/swift-atomics
    write-file /Users/j/Documents/GitHub/MoneroOne/build/Build/Intermediates.noindex/swift-atomics.build/Debug-iphonesimulator/Atomics.build/Atomics.DependencyStaticMetadataFileList

WriteAuxiliaryFile /Users/j/Documents/GitHub/MoneroOne/build/Build/Intermediates.noindex/swift-atomics.build/Debug-iphonesimulator/Atomics.build/Atomics.modulemap (in target 'Atomics' from project 'swift-atomics')
    cd /Users/j/Documents/GitHub/MoneroOne/build/SourcePackages/checkouts/swift-atomics
    write-file /Users/j/Documents/GitHub/MoneroOne/build/Build/Intermediates.noindex/swift-atomics.build/Debug-iphonesimulator/Atomics.build/Atomics.modulemap

WriteAuxiliaryFile /Users/j/Documents/GitHub/MoneroOne/build/Build/Intermediates.noindex/swift-atomics.build/Debug-iphonesimulator/Atomics.build/Atomics.DependencyMetadataFileList (in target 'Atomics' from project 'swift-atomics')
    cd /Users/j/Documents/GitHub/MoneroOne/build/SourcePackages/checkouts/swift-atomics
    write-file /Users/j/Documents/GitHub/MoneroOne/build/Build/Intermediates.noindex/swift-atomics.build/Debug-iphonesimulator/Atomics.build/Atomics.DependencyMetadataFileList

WriteAuxiliaryFile /Users/j/Documents/GitHub/MoneroOne/build/Build/Intermediates.noindex/Alamofire.build/Debug-iphonesimulator/Alamofire_Alamofire.build/empty-Alamofire_Alamofire.plist (in target 'Alamofire_Alamofire' from project 'Alamofire')
    cd /Users/j/Documents/GitHub/MoneroOne/build/SourcePackages/checkouts/Alamofire
    write-file /Users/j/Documents/GitHub/MoneroOne/build/Build/Intermediates.noindex/Alamofire.build/Debug-iphonesimulator/Alamofire_Alamofire.build/empty-Alamofire_Alamofire.plist

WriteAuxiliaryFile /Users/j/Documents/GitHub/MoneroOne/build/Build/Intermediates.noindex/Alamofire.build/Debug-iphonesimulator/Alamofire_Alamofire.build/Alamofire_Alamofire.DependencyStaticMetadataFileList (in target 'Alamofire_Alamofire' from project 'Alamofire')
    cd /Users/j/Documents/GitHub/MoneroOne/build/SourcePackages/checkouts/Alamofire
    write-file /Users/j/Documents/GitHub/MoneroOne/build/Build/Intermediates.noindex/Alamofire.build/Debug-iphonesimulator/Alamofire_Alamofire.build/Alamofire_Alamofire.DependencyStaticMetadataFileList

WriteAuxiliaryFile /Users/j/Documents/GitHub/MoneroOne/build/Build/Intermediates.noindex/Alamofire.build/Debug-iphonesimulator/Alamofire_Alamofire.build/Alamofire_Alamofire.DependencyMetadataFileList (in target 'Alamofire_Alamofire' from project 'Alamofire')
    cd /Users/j/Documents/GitHub/MoneroOne/build/SourcePackages/checkouts/Alamofire
    write-file /Users/j/Documents/GitHub/MoneroOne/build/Build/Intermediates.noindex/Alamofire.build/Debug-iphonesimulator/Alamofire_Alamofire.build/Alamofire_Alamofire.DependencyMetadataFileList

Copy /Users/j/Documents/GitHub/MoneroOne/build/Build/Intermediates.noindex/GeneratedModuleMaps-iphonesimulator/Atomics.modulemap /Users/j/Documents/GitHub/MoneroOne/build/Build/Intermediates.noindex/swift-atomics.build/Debug-iphonesimulator/Atomics.build/Atomics.modulemap (in target 'Atomics' from project 'swift-atomics')
    cd /Users/j/Documents/GitHub/MoneroOne/build/SourcePackages/checkouts/swift-atomics
    builtin-copy -exclude .DS_Store -exclude CVS -exclude .svn -exclude .git -exclude .hg -resolve-src-symlinks /Users/j/Documents/GitHub/MoneroOne/build/Build/Intermediates.noindex/swift-atomics.build/Debug-iphonesimulator/Atomics.build/Atomics.modulemap /Users/j/Documents/GitHub/MoneroOne/build/Build/Intermediates.noindex/GeneratedModuleMaps-iphonesimulator

WriteAuxiliaryFile /Users/j/Documents/GitHub/MoneroOne/build/Build/Intermediates.noindex/Alamofire.build/Debug-iphonesimulator/Alamofire.build/Objects-normal/arm64/Alamofire-OutputFileMap.json (in target 'Alamofire' from project 'Alamofire')
    cd /Users/j/Documents/GitHub/MoneroOne/build/SourcePackages/checkouts/Alamofire
    write-file /Users/j/Documents/GitHub/MoneroOne/build/Build/Intermediates.noindex/Alamofire.build/Debug-iphonesimulator/Alamofire.build/Objects-normal/arm64/Alamofire-OutputFileMap.json

WriteAuxiliaryFile /Users/j/Documents/GitHub/MoneroOne/build/Build/Intermediates.noindex/Alamofire.build/Debug-iphonesimulator/Alamofire.build/Objects-normal/arm64/Alamofire.SwiftFileList (in target 'Alamofire' from project 'Alamofire')
    cd /Users/j/Documents/GitHub/MoneroOne/build/SourcePackages/checkouts/Alamofire
    write-file /Users/j/Documents/GitHub/MoneroOne/build/Build/Intermediates.noindex/Alamofire.build/Debug-iphonesimulator/Alamofire.build/Objects-normal/arm64/Alamofire.SwiftFileList

WriteAuxiliaryFile /Users/j/Documents/GitHub/MoneroOne/build/Build/Intermediates.noindex/Alamofire.build/Debug-iphonesimulator/Alamofire.build/Objects-normal/arm64/Alamofire_const_extract_protocols.json (in target 'Alamofire' from project 'Alamofire')
    cd /Users/j/Documents/GitHub/MoneroOne/build/SourcePackages/checkouts/Alamofire
    write-file /Users/j/Documents/GitHub/MoneroOne/build/Build/Intermediates.noindex/Alamofire.build/Debug-iphonesimulator/Alamofire.build/Objects-normal/arm64/Alamofire_const_extract_protocols.json

WriteAuxiliaryFile /Users/j/Documents/GitHub/MoneroOne/build/Build/Intermediates.noindex/Alamofire.build/Debug-iphonesimulator/Alamofire.build/Objects-normal/arm64/Alamofire.LinkFileList (in target 'Alamofire' from project 'Alamofire')
    cd /Users/j/Documents/GitHub/MoneroOne/build/SourcePackages/checkouts/Alamofire
    write-file /Users/j/Documents/GitHub/MoneroOne/build/Build/Intermediates.noindex/Alamofire.build/Debug-iphonesimulator/Alamofire.build/Objects-normal/arm64/Alamofire.LinkFileList

WriteAuxiliaryFile /Users/j/Documents/GitHub/MoneroOne/build/Build/Intermediates.noindex/Alamofire.build/Debug-iphonesimulator/Alamofire.build/Objects-normal/arm64/Alamofire.SwiftConstValuesFileList (in target 'Alamofire' from project 'Alamofire')
    cd /Users/j/Documents/GitHub/MoneroOne/build/SourcePackages/checkouts/Alamofire
    write-file /Users/j/Documents/GitHub/MoneroOne/build/Build/Intermediates.noindex/Alamofire.build/Debug-iphonesimulator/Alamofire.build/Objects-normal/arm64/Alamofire.SwiftConstValuesFileList

WriteAuxiliaryFile /Users/j/Documents/GitHub/MoneroOne/build/Build/Intermediates.noindex/Alamofire.build/Debug-iphonesimulator/Alamofire.build/Alamofire.modulemap (in target 'Alamofire' from project 'Alamofire')
    cd /Users/j/Documents/GitHub/MoneroOne/build/SourcePackages/checkouts/Alamofire
    write-file /Users/j/Documents/GitHub/MoneroOne/build/Build/Intermediates.noindex/Alamofire.build/Debug-iphonesimulator/Alamofire.build/Alamofire.modulemap

WriteAuxiliaryFile /Users/j/Documents/GitHub/MoneroOne/build/Build/Intermediates.noindex/Alamofire.build/Debug-iphonesimulator/Alamofire.build/DerivedSources/resource_bundle_accessor.swift (in target 'Alamofire' from project 'Alamofire')
    cd /Users/j/Documents/GitHub/MoneroOne/build/SourcePackages/checkouts/Alamofire
    write-file /Users/j/Documents/GitHub/MoneroOne/build/Build/Intermediates.noindex/Alamofire.build/Debug-iphonesimulator/Alamofire.build/DerivedSources/resource_bundle_accessor.swift

WriteAuxiliaryFile /Users/j/Documents/GitHub/MoneroOne/build/Build/Intermediates.noindex/Alamofire.build/Debug-iphonesimulator/Alamofire.build/Alamofire.DependencyStaticMetadataFileList (in target 'Alamofire' from project 'Alamofire')
    cd /Users/j/Documents/GitHub/MoneroOne/build/SourcePackages/checkouts/Alamofire
    write-file /Users/j/Documents/GitHub/MoneroOne/build/Build/Intermediates.noindex/Alamofire.build/Debug-iphonesimulator/Alamofire.build/Alamofire.DependencyStaticMetadataFileList

WriteAuxiliaryFile /Users/j/Documents/GitHub/MoneroOne/build/Build/Intermediates.noindex/Alamofire.build/Debug-iphonesimulator/Alamofire.build/Alamofire.DependencyMetadataFileList (in target 'Alamofire' from project 'Alamofire')
    cd /Users/j/Documents/GitHub/MoneroOne/build/SourcePackages/checkouts/Alamofire
    write-file /Users/j/Documents/GitHub/MoneroOne/build/Build/Intermediates.noindex/Alamofire.build/Debug-iphonesimulator/Alamofire.build/Alamofire.DependencyMetadataFileList

MkDir /Users/j/Documents/GitHub/MoneroOne/build/Build/Products/Debug-iphonesimulator/Alamofire_Alamofire.bundle (in target 'Alamofire_Alamofire' from project 'Alamofire')
    cd /Users/j/Documents/GitHub/MoneroOne/build/SourcePackages/checkouts/Alamofire
    /bin/mkdir -p /Users/j/Documents/GitHub/MoneroOne/build/Build/Products/Debug-iphonesimulator/Alamofire_Alamofire.bundle

Copy /Users/j/Documents/GitHub/MoneroOne/build/Build/Intermediates.noindex/GeneratedModuleMaps-iphonesimulator/Alamofire.modulemap /Users/j/Documents/GitHub/MoneroOne/build/Build/Intermediates.noindex/Alamofire.build/Debug-iphonesimulator/Alamofire.build/Alamofire.modulemap (in target 'Alamofire' from project 'Alamofire')
    cd /Users/j/Documents/GitHub/MoneroOne/build/SourcePackages/checkouts/Alamofire
    builtin-copy -exclude .DS_Store -exclude CVS -exclude .svn -exclude .git -exclude .hg -resolve-src-symlinks /Users/j/Documents/GitHub/MoneroOne/build/Build/Intermediates.noindex/Alamofire.build/Debug-iphonesimulator/Alamofire.build/Alamofire.modulemap /Users/j/Documents/GitHub/MoneroOne/build/Build/Intermediates.noindex/GeneratedModuleMaps-iphonesimulator

ProcessProductPackaging "" /Users/j/Documents/GitHub/MoneroOne/build/Build/Intermediates.noindex/MoneroOne.build/Debug-iphonesimulator/MoneroOneWidgets.build/MoneroOneWidgets.appex-Simulated.xcent (in target 'MoneroOneWidgets' from project 'MoneroOne')
    cd /Users/j/Documents/GitHub/MoneroOne
    
    Entitlements:
    
    {
    "application-identifier" = "8R8Z3PY2L3.one.monero.MoneroOne.Widgets";
}
    
    builtin-productPackagingUtility -entitlements -format xml -o /Users/j/Documents/GitHub/MoneroOne/build/Build/Intermediates.noindex/MoneroOne.build/Debug-iphonesimulator/MoneroOneWidgets.build/MoneroOneWidgets.appex-Simulated.xcent

ProcessInfoPlistFile /Users/j/Documents/GitHub/MoneroOne/build/Build/Products/Debug-iphonesimulator/swift-nio_NIOPosix.bundle/Info.plist /Users/j/Documents/GitHub/MoneroOne/build/Build/Intermediates.noindex/swift-nio.build/Debug-iphonesimulator/swift-nio_NIOPosix.build/empty-swift-nio_NIOPosix.plist (in target 'swift-nio_NIOPosix' from project 'swift-nio')
    cd /Users/j/Documents/GitHub/MoneroOne/build/SourcePackages/checkouts/swift-nio
    builtin-infoPlistUtility /Users/j/Documents/GitHub/MoneroOne/build/Build/Intermediates.noindex/swift-nio.build/Debug-iphonesimulator/swift-nio_NIOPosix.build/empty-swift-nio_NIOPosix.plist -producttype com.apple.product-type.bundle -expandbuildsettings -format binary -platform iphonesimulator -o /Users/j/Documents/GitHub/MoneroOne/build/Build/Products/Debug-iphonesimulator/swift-nio_NIOPosix.bundle/Info.plist

CpResource /Users/j/Documents/GitHub/MoneroOne/build/Build/Products/Debug-iphonesimulator/swift-nio_NIOPosix.bundle/PrivacyInfo.xcprivacy /Users/j/Documents/GitHub/MoneroOne/build/SourcePackages/checkouts/swift-nio/Sources/NIOPosix/PrivacyInfo.xcprivacy (in target 'swift-nio_NIOPosix' from project 'swift-nio')
    cd /Users/j/Documents/GitHub/MoneroOne/build/SourcePackages/checkouts/swift-nio
    builtin-copy -exclude .DS_Store -exclude CVS -exclude .svn -exclude .git -exclude .hg -resolve-src-symlinks /Users/j/Documents/GitHub/MoneroOne/build/SourcePackages/checkouts/swift-nio/Sources/NIOPosix/PrivacyInfo.xcprivacy /Users/j/Documents/GitHub/MoneroOne/build/Build/Products/Debug-iphonesimulator/swift-nio_NIOPosix.bundle

ProcessInfoPlistFile /Users/j/Documents/GitHub/MoneroOne/build/Build/Products/Debug-iphonesimulator/swift-nio-ssl_NIOSSL.bundle/Info.plist /Users/j/Documents/GitHub/MoneroOne/build/Build/Intermediates.noindex/swift-nio-ssl.build/Debug-iphonesimulator/swift-nio-ssl_NIOSSL.build/empty-swift-nio-ssl_NIOSSL.plist (in target 'swift-nio-ssl_NIOSSL' from project 'swift-nio-ssl')
    cd /Users/j/Documents/GitHub/MoneroOne/build/SourcePackages/checkouts/swift-nio-ssl
    builtin-infoPlistUtility /Users/j/Documents/GitHub/MoneroOne/build/Build/Intermediates.noindex/swift-nio-ssl.build/Debug-iphonesimulator/swift-nio-ssl_NIOSSL.build/empty-swift-nio-ssl_NIOSSL.plist -producttype com.apple.product-type.bundle -expandbuildsettings -format binary -platform iphonesimulator -o /Users/j/Documents/GitHub/MoneroOne/build/Build/Products/Debug-iphonesimulator/swift-nio-ssl_NIOSSL.bundle/Info.plist

CpResource /Users/j/Documents/GitHub/MoneroOne/build/Build/Products/Debug-iphonesimulator/swift-nio-ssl_NIOSSL.bundle/PrivacyInfo.xcprivacy /Users/j/Documents/GitHub/MoneroOne/build/SourcePackages/checkouts/swift-nio-ssl/Sources/NIOSSL/PrivacyInfo.xcprivacy (in target 'swift-nio-ssl_NIOSSL' from project 'swift-nio-ssl')
    cd /Users/j/Documents/GitHub/MoneroOne/build/SourcePackages/checkouts/swift-nio-ssl
    builtin-copy -exclude .DS_Store -exclude CVS -exclude .svn -exclude .git -exclude .hg -resolve-src-symlinks /Users/j/Documents/GitHub/MoneroOne/build/SourcePackages/checkouts/swift-nio-ssl/Sources/NIOSSL/PrivacyInfo.xcprivacy /Users/j/Documents/GitHub/MoneroOne/build/Build/Products/Debug-iphonesimulator/swift-nio-ssl_NIOSSL.bundle

ProcessProductPackagingDER /Users/j/Documents/GitHub/MoneroOne/build/Build/Intermediates.noindex/MoneroOne.build/Debug-iphonesimulator/MoneroOneWidgets.build/MoneroOneWidgets.appex-Simulated.xcent /Users/j/Documents/GitHub/MoneroOne/build/Build/Intermediates.noindex/MoneroOne.build/Debug-iphonesimulator/MoneroOneWidgets.build/MoneroOneWidgets.appex-Simulated.xcent.der (in target 'MoneroOneWidgets' from project 'MoneroOne')
    cd /Users/j/Documents/GitHub/MoneroOne
    /usr/bin/derq query -f xml -i /Users/j/Documents/GitHub/MoneroOne/build/Build/Intermediates.noindex/MoneroOne.build/Debug-iphonesimulator/MoneroOneWidgets.build/MoneroOneWidgets.appex-Simulated.xcent -o /Users/j/Documents/GitHub/MoneroOne/build/Build/Intermediates.noindex/MoneroOne.build/Debug-iphonesimulator/MoneroOneWidgets.build/MoneroOneWidgets.appex-Simulated.xcent.der --raw

Ld /Users/j/Documents/GitHub/MoneroOne/build/Build/Products/Debug-iphonesimulator/MoneroOneWidgets.appex/__preview.dylib normal (in target 'MoneroOneWidgets' from project 'MoneroOne')
    cd /Users/j/Documents/GitHub/MoneroOne
    /Applications/Xcode.app/Contents/Developer/Toolchains/XcodeDefault.xctoolchain/usr/bin/clang -Xlinker -reproducible -target arm64-apple-ios26.0-simulator -dynamiclib -isysroot /Applications/Xcode.app/Contents/Developer/Platforms/iPhoneSimulator.platform/Developer/SDKs/iPhoneSimulator26.1.sdk -O0 -L/Users/j/Documents/GitHub/MoneroOne/build/Build/Products/Debug-iphonesimulator -F/Users/j/Documents/GitHub/MoneroOne/build/Build/Products/Debug-iphonesimulator -install_name @rpath/MoneroOneWidgets.debug.dylib -dead_strip -rdynamic -Xlinker -no_deduplicate -Xlinker -objc_abi_version -Xlinker 2 -Xlinker -dependency_info -Xlinker /Users/j/Documents/GitHub/MoneroOne/build/Build/Intermediates.noindex/MoneroOne.build/Debug-iphonesimulator/MoneroOneWidgets.build/Objects-normal/arm64/MoneroOneWidgets_dependency_info.dat -Xlinker -sectcreate -Xlinker __TEXT -Xlinker __entitlements -Xlinker /Users/j/Documents/GitHub/MoneroOne/build/Build/Intermediates.noindex/MoneroOne.build/Debug-iphonesimulator/MoneroOneWidgets.build/MoneroOneWidgets.appex-Simulated.xcent -Xlinker -sectcreate -Xlinker __TEXT -Xlinker __ents_der -Xlinker /Users/j/Documents/GitHub/MoneroOne/build/Build/Intermediates.noindex/MoneroOne.build/Debug-iphonesimulator/MoneroOneWidgets.build/MoneroOneWidgets.appex-Simulated.xcent.der -Xlinker -no_adhoc_codesign -o /Users/j/Documents/GitHub/MoneroOne/build/Build/Products/Debug-iphonesimulator/MoneroOneWidgets.appex/__preview.dylib

ProcessInfoPlistFile /Users/j/Documents/GitHub/MoneroOne/build/Build/Products/Debug-iphonesimulator/GRDB_GRDB.bundle/Info.plist /Users/j/Documents/GitHub/MoneroOne/build/Build/Intermediates.noindex/GRDB.build/Debug-iphonesimulator/GRDB_GRDB.build/empty-GRDB_GRDB.plist (in target 'GRDB_GRDB' from project 'GRDB')
    cd /Users/j/Documents/GitHub/MoneroOne/build/SourcePackages/checkouts/GRDB.swift
    builtin-infoPlistUtility /Users/j/Documents/GitHub/MoneroOne/build/Build/Intermediates.noindex/GRDB.build/Debug-iphonesimulator/GRDB_GRDB.build/empty-GRDB_GRDB.plist -producttype com.apple.product-type.bundle -expandbuildsettings -format binary -platform iphonesimulator -o /Users/j/Documents/GitHub/MoneroOne/build/Build/Products/Debug-iphonesimulator/GRDB_GRDB.bundle/Info.plist

CpResource /Users/j/Documents/GitHub/MoneroOne/build/Build/Products/Debug-iphonesimulator/GRDB_GRDB.bundle/PrivacyInfo.xcprivacy /Users/j/Documents/GitHub/MoneroOne/build/SourcePackages/checkouts/GRDB.swift/GRDB/PrivacyInfo.xcprivacy (in target 'GRDB_GRDB' from project 'GRDB')
    cd /Users/j/Documents/GitHub/MoneroOne/build/SourcePackages/checkouts/GRDB.swift
    builtin-copy -exclude .DS_Store -exclude CVS -exclude .svn -exclude .git -exclude .hg -resolve-src-symlinks /Users/j/Documents/GitHub/MoneroOne/build/SourcePackages/checkouts/GRDB.swift/GRDB/PrivacyInfo.xcprivacy /Users/j/Documents/GitHub/MoneroOne/build/Build/Products/Debug-iphonesimulator/GRDB_GRDB.bundle

CodeSign /Users/j/Documents/GitHub/MoneroOne/build/Build/Products/Debug-iphonesimulator/swift-nio_NIOPosix.bundle (in target 'swift-nio_NIOPosix' from project 'swift-nio')
    cd /Users/j/Documents/GitHub/MoneroOne/build/SourcePackages/checkouts/swift-nio
    
    Signing Identity:     "Sign to Run Locally"
    
    /usr/bin/codesign --force --sign - --timestamp\=none --generate-entitlement-der /Users/j/Documents/GitHub/MoneroOne/build/Build/Products/Debug-iphonesimulator/swift-nio_NIOPosix.bundle

CodeSign /Users/j/Documents/GitHub/MoneroOne/build/Build/Products/Debug-iphonesimulator/swift-nio-ssl_NIOSSL.bundle (in target 'swift-nio-ssl_NIOSSL' from project 'swift-nio-ssl')
    cd /Users/j/Documents/GitHub/MoneroOne/build/SourcePackages/checkouts/swift-nio-ssl
    
    Signing Identity:     "Sign to Run Locally"
    
    /usr/bin/codesign --force --sign - --timestamp\=none --generate-entitlement-der /Users/j/Documents/GitHub/MoneroOne/build/Build/Products/Debug-iphonesimulator/swift-nio-ssl_NIOSSL.bundle

CodeSign /Users/j/Documents/GitHub/MoneroOne/build/Build/Products/Debug-iphonesimulator/GRDB_GRDB.bundle (in target 'GRDB_GRDB' from project 'GRDB')
    cd /Users/j/Documents/GitHub/MoneroOne/build/SourcePackages/checkouts/GRDB.swift
    
    Signing Identity:     "Sign to Run Locally"
    
    /usr/bin/codesign --force --sign - --timestamp\=none --generate-entitlement-der /Users/j/Documents/GitHub/MoneroOne/build/Build/Products/Debug-iphonesimulator/GRDB_GRDB.bundle

CreateBuildDirectory /Users/j/Documents/GitHub/MoneroOne/build/Build/Products/Debug-iphonesimulator/PackageFrameworks
    cd /Users/j/Documents/GitHub/MoneroOne/MoneroOne.xcodeproj
    builtin-create-build-directory /Users/j/Documents/GitHub/MoneroOne/build/Build/Products/Debug-iphonesimulator/PackageFrameworks

MkDir /Users/j/Documents/GitHub/MoneroOne/build/Build/Intermediates.noindex/MoneroOne.build/Debug-iphonesimulator/MoneroOneWidgets.build/assetcatalog_output/thinned (in target 'MoneroOneWidgets' from project 'MoneroOne')
    cd /Users/j/Documents/GitHub/MoneroOne
    /bin/mkdir -p /Users/j/Documents/GitHub/MoneroOne/build/Build/Intermediates.noindex/MoneroOne.build/Debug-iphonesimulator/MoneroOneWidgets.build/assetcatalog_output/thinned

MkDir /Users/j/Documents/GitHub/MoneroOne/build/Build/Intermediates.noindex/MoneroOne.build/Debug-iphonesimulator/MoneroOneWidgets.build/assetcatalog_output/unthinned (in target 'MoneroOneWidgets' from project 'MoneroOne')
    cd /Users/j/Documents/GitHub/MoneroOne
    /bin/mkdir -p /Users/j/Documents/GitHub/MoneroOne/build/Build/Intermediates.noindex/MoneroOne.build/Debug-iphonesimulator/MoneroOneWidgets.build/assetcatalog_output/unthinned

GenerateAssetSymbols /Users/j/Documents/GitHub/MoneroOne/MoneroOneWidgets/Assets.xcassets (in target 'MoneroOneWidgets' from project 'MoneroOne')
    cd /Users/j/Documents/GitHub/MoneroOne
    /Applications/Xcode.app/Contents/Developer/usr/bin/actool /Users/j/Documents/GitHub/MoneroOne/MoneroOneWidgets/Assets.xcassets --compile /Users/j/Documents/GitHub/MoneroOne/build/Build/Products/Debug-iphonesimulator/MoneroOneWidgets.appex --output-format human-readable-text --notices --warnings --export-dependency-info /Users/j/Documents/GitHub/MoneroOne/build/Build/Intermediates.noindex/MoneroOne.build/Debug-iphonesimulator/MoneroOneWidgets.build/assetcatalog_dependencies --output-partial-info-plist /Users/j/Documents/GitHub/MoneroOne/build/Build/Intermediates.noindex/MoneroOne.build/Debug-iphonesimulator/MoneroOneWidgets.build/assetcatalog_generated_info.plist --accent-color AccentColor --compress-pngs --enable-on-demand-resources NO --standalone-icon-behavior all --development-region en --target-device iphone --target-device ipad --minimum-deployment-target 26.0 --platform iphonesimulator --bundle-identifier one.monero.MoneroOne.Widgets --generate-swift-asset-symbol-extensions NO --generate-swift-asset-symbols /Users/j/Documents/GitHub/MoneroOne/build/Build/Intermediates.noindex/MoneroOne.build/Debug-iphonesimulator/MoneroOneWidgets.build/DerivedSources/GeneratedAssetSymbols.swift --generate-objc-asset-symbols /Users/j/Documents/GitHub/MoneroOne/build/Build/Intermediates.noindex/MoneroOne.build/Debug-iphonesimulator/MoneroOneWidgets.build/DerivedSources/GeneratedAssetSymbols.h --generate-asset-symbol-index /Users/j/Documents/GitHub/MoneroOne/build/Build/Intermediates.noindex/MoneroOne.build/Debug-iphonesimulator/MoneroOneWidgets.build/DerivedSources/GeneratedAssetSymbols-Index.plist
/* com.apple.actool.compilation-results */
/Users/j/Documents/GitHub/MoneroOne/build/Build/Intermediates.noindex/MoneroOne.build/Debug-iphonesimulator/MoneroOneWidgets.build/DerivedSources/GeneratedAssetSymbols-Index.plist
/Users/j/Documents/GitHub/MoneroOne/build/Build/Intermediates.noindex/MoneroOne.build/Debug-iphonesimulator/MoneroOneWidgets.build/DerivedSources/GeneratedAssetSymbols.h
/Users/j/Documents/GitHub/MoneroOne/build/Build/Intermediates.noindex/MoneroOne.build/Debug-iphonesimulator/MoneroOneWidgets.build/DerivedSources/GeneratedAssetSymbols.swift


CompileAssetCatalogVariant thinned /Users/j/Documents/GitHub/MoneroOne/build/Build/Products/Debug-iphonesimulator/MoneroOneWidgets.appex /Users/j/Documents/GitHub/MoneroOne/MoneroOneWidgets/Assets.xcassets (in target 'MoneroOneWidgets' from project 'MoneroOne')
    cd /Users/j/Documents/GitHub/MoneroOne
    /Applications/Xcode.app/Contents/Developer/usr/bin/actool /Users/j/Documents/GitHub/MoneroOne/MoneroOneWidgets/Assets.xcassets --compile /Users/j/Documents/GitHub/MoneroOne/build/Build/Intermediates.noindex/MoneroOne.build/Debug-iphonesimulator/MoneroOneWidgets.build/assetcatalog_output/thinned --output-format human-readable-text --notices --warnings --export-dependency-info /Users/j/Documents/GitHub/MoneroOne/build/Build/Intermediates.noindex/MoneroOne.build/Debug-iphonesimulator/MoneroOneWidgets.build/assetcatalog_dependencies_thinned --output-partial-info-plist /Users/j/Documents/GitHub/MoneroOne/build/Build/Intermediates.noindex/MoneroOne.build/Debug-iphonesimulator/MoneroOneWidgets.build/assetcatalog_generated_info.plist_thinned --accent-color AccentColor --compress-pngs --enable-on-demand-resources NO --standalone-icon-behavior all --filter-for-thinning-device-configuration iPhone18,1 --filter-for-device-os-version 26.1 --development-region en --target-device iphone --target-device ipad --minimum-deployment-target 26.0 --platform iphonesimulator
/* com.apple.actool.notices */
/Users/j/Documents/GitHub/MoneroOne/MoneroOneWidgets/Assets.xcassets: warning: Accent color ‘AccentColor’ is not present in any asset catalogs.
/* com.apple.actool.compilation-results */
/Users/j/Documents/GitHub/MoneroOne/build/Build/Intermediates.noindex/MoneroOne.build/Debug-iphonesimulator/MoneroOneWidgets.build/assetcatalog_generated_info.plist_thinned
/Users/j/Documents/GitHub/MoneroOne/build/Build/Intermediates.noindex/MoneroOne.build/Debug-iphonesimulator/MoneroOneWidgets.build/assetcatalog_output/thinned/Assets.car


WriteAuxiliaryFile /Users/j/Documents/GitHub/MoneroOne/build/Build/Intermediates.noindex/MoneroOne.build/Debug-iphonesimulator/MoneroOne.build/Objects-normal/arm64/MoneroOne_const_extract_protocols.json (in target 'MoneroOne' from project 'MoneroOne')
    cd /Users/j/Documents/GitHub/MoneroOne
    write-file /Users/j/Documents/GitHub/MoneroOne/build/Build/Intermediates.noindex/MoneroOne.build/Debug-iphonesimulator/MoneroOne.build/Objects-normal/arm64/MoneroOne_const_extract_protocols.json

WriteAuxiliaryFile /Users/j/Documents/GitHub/MoneroOne/build/Build/Intermediates.noindex/MoneroOne.build/Debug-iphonesimulator/MoneroOne.build/Objects-normal/arm64/MoneroOne.SwiftConstValuesFileList (in target 'MoneroOne' from project 'MoneroOne')
    cd /Users/j/Documents/GitHub/MoneroOne
    write-file /Users/j/Documents/GitHub/MoneroOne/build/Build/Intermediates.noindex/MoneroOne.build/Debug-iphonesimulator/MoneroOne.build/Objects-normal/arm64/MoneroOne.SwiftConstValuesFileList

WriteAuxiliaryFile /Users/j/Documents/GitHub/MoneroOne/build/Build/Intermediates.noindex/MoneroOne.build/Debug-iphonesimulator/MoneroOne.build/Objects-normal/arm64/MoneroOne.SwiftFileList (in target 'MoneroOne' from project 'MoneroOne')
    cd /Users/j/Documents/GitHub/MoneroOne
    write-file /Users/j/Documents/GitHub/MoneroOne/build/Build/Intermediates.noindex/MoneroOne.build/Debug-iphonesimulator/MoneroOne.build/Objects-normal/arm64/MoneroOne.SwiftFileList

WriteAuxiliaryFile /Users/j/Documents/GitHub/MoneroOne/build/Build/Intermediates.noindex/MoneroOne.build/Debug-iphonesimulator/MoneroOne.build/Objects-normal/arm64/MoneroOne.LinkFileList (in target 'MoneroOne' from project 'MoneroOne')
    cd /Users/j/Documents/GitHub/MoneroOne
    write-file /Users/j/Documents/GitHub/MoneroOne/build/Build/Intermediates.noindex/MoneroOne.build/Debug-iphonesimulator/MoneroOne.build/Objects-normal/arm64/MoneroOne.LinkFileList

WriteAuxiliaryFile /Users/j/Documents/GitHub/MoneroOne/build/Build/Intermediates.noindex/MoneroOne.build/Debug-iphonesimulator/MoneroOne.build/Objects-normal/arm64/MoneroOne-OutputFileMap.json (in target 'MoneroOne' from project 'MoneroOne')
    cd /Users/j/Documents/GitHub/MoneroOne
    write-file /Users/j/Documents/GitHub/MoneroOne/build/Build/Intermediates.noindex/MoneroOne.build/Debug-iphonesimulator/MoneroOne.build/Objects-normal/arm64/MoneroOne-OutputFileMap.json

WriteAuxiliaryFile /Users/j/Documents/GitHub/MoneroOne/build/Build/Intermediates.noindex/MoneroOne.build/Debug-iphonesimulator/MoneroOne.build/MoneroOne.hmap (in target 'MoneroOne' from project 'MoneroOne')
    cd /Users/j/Documents/GitHub/MoneroOne
    write-file /Users/j/Documents/GitHub/MoneroOne/build/Build/Intermediates.noindex/MoneroOne.build/Debug-iphonesimulator/MoneroOne.build/MoneroOne.hmap

WriteAuxiliaryFile /Users/j/Documents/GitHub/MoneroOne/build/Build/Intermediates.noindex/MoneroOne.build/Debug-iphonesimulator/MoneroOne.build/MoneroOne.DependencyStaticMetadataFileList (in target 'MoneroOne' from project 'MoneroOne')
    cd /Users/j/Documents/GitHub/MoneroOne
    write-file /Users/j/Documents/GitHub/MoneroOne/build/Build/Intermediates.noindex/MoneroOne.build/Debug-iphonesimulator/MoneroOne.build/MoneroOne.DependencyStaticMetadataFileList

WriteAuxiliaryFile /Users/j/Documents/GitHub/MoneroOne/build/Build/Intermediates.noindex/MoneroOne.build/Debug-iphonesimulator/MoneroOne.build/MoneroOne.DependencyMetadataFileList (in target 'MoneroOne' from project 'MoneroOne')
    cd /Users/j/Documents/GitHub/MoneroOne
    write-file /Users/j/Documents/GitHub/MoneroOne/build/Build/Intermediates.noindex/MoneroOne.build/Debug-iphonesimulator/MoneroOne.build/MoneroOne.DependencyMetadataFileList

WriteAuxiliaryFile /Users/j/Documents/GitHub/MoneroOne/build/Build/Intermediates.noindex/MoneroOne.build/Debug-iphonesimulator/MoneroOne.build/MoneroOne-project-headers.hmap (in target 'MoneroOne' from project 'MoneroOne')
    cd /Users/j/Documents/GitHub/MoneroOne
    write-file /Users/j/Documents/GitHub/MoneroOne/build/Build/Intermediates.noindex/MoneroOne.build/Debug-iphonesimulator/MoneroOne.build/MoneroOne-project-headers.hmap

WriteAuxiliaryFile /Users/j/Documents/GitHub/MoneroOne/build/Build/Intermediates.noindex/MoneroOne.build/Debug-iphonesimulator/MoneroOne.build/MoneroOne-own-target-headers.hmap (in target 'MoneroOne' from project 'MoneroOne')
    cd /Users/j/Documents/GitHub/MoneroOne
    write-file /Users/j/Documents/GitHub/MoneroOne/build/Build/Intermediates.noindex/MoneroOne.build/Debug-iphonesimulator/MoneroOne.build/MoneroOne-own-target-headers.hmap

WriteAuxiliaryFile /Users/j/Documents/GitHub/MoneroOne/build/Build/Intermediates.noindex/MoneroOne.build/Debug-iphonesimulator/MoneroOne.build/MoneroOne-generated-files.hmap (in target 'MoneroOne' from project 'MoneroOne')
    cd /Users/j/Documents/GitHub/MoneroOne
    write-file /Users/j/Documents/GitHub/MoneroOne/build/Build/Intermediates.noindex/MoneroOne.build/Debug-iphonesimulator/MoneroOne.build/MoneroOne-generated-files.hmap

WriteAuxiliaryFile /Users/j/Documents/GitHub/MoneroOne/build/Build/Intermediates.noindex/MoneroOne.build/Debug-iphonesimulator/MoneroOne.build/MoneroOne-all-target-headers.hmap (in target 'MoneroOne' from project 'MoneroOne')
    cd /Users/j/Documents/GitHub/MoneroOne
    write-file /Users/j/Documents/GitHub/MoneroOne/build/Build/Intermediates.noindex/MoneroOne.build/Debug-iphonesimulator/MoneroOne.build/MoneroOne-all-target-headers.hmap

WriteAuxiliaryFile /Users/j/Documents/GitHub/MoneroOne/build/Build/Intermediates.noindex/MoneroOne.build/Debug-iphonesimulator/MoneroOne.build/MoneroOne-all-non-framework-target-headers.hmap (in target 'MoneroOne' from project 'MoneroOne')
    cd /Users/j/Documents/GitHub/MoneroOne
    write-file /Users/j/Documents/GitHub/MoneroOne/build/Build/Intermediates.noindex/MoneroOne.build/Debug-iphonesimulator/MoneroOne.build/MoneroOne-all-non-framework-target-headers.hmap

WriteAuxiliaryFile /Users/j/Documents/GitHub/MoneroOne/build/Build/Intermediates.noindex/MoneroOne.build/Debug-iphonesimulator/MoneroOne.build/MoneroOne-DebugDylibPath-normal-arm64.txt (in target 'MoneroOne' from project 'MoneroOne')
    cd /Users/j/Documents/GitHub/MoneroOne
    write-file /Users/j/Documents/GitHub/MoneroOne/build/Build/Intermediates.noindex/MoneroOne.build/Debug-iphonesimulator/MoneroOne.build/MoneroOne-DebugDylibPath-normal-arm64.txt

WriteAuxiliaryFile /Users/j/Documents/GitHub/MoneroOne/build/Build/Intermediates.noindex/MoneroOne.build/Debug-iphonesimulator/MoneroOne.build/MoneroOne-DebugDylibInstallName-normal-arm64.txt (in target 'MoneroOne' from project 'MoneroOne')
    cd /Users/j/Documents/GitHub/MoneroOne
    write-file /Users/j/Documents/GitHub/MoneroOne/build/Build/Intermediates.noindex/MoneroOne.build/Debug-iphonesimulator/MoneroOne.build/MoneroOne-DebugDylibInstallName-normal-arm64.txt

WriteAuxiliaryFile /Users/j/Documents/GitHub/MoneroOne/build/Build/Intermediates.noindex/MoneroOne.build/Debug-iphonesimulator/MoneroOne.build/DerivedSources/Entitlements-Simulated.plist (in target 'MoneroOne' from project 'MoneroOne')
    cd /Users/j/Documents/GitHub/MoneroOne
    write-file /Users/j/Documents/GitHub/MoneroOne/build/Build/Intermediates.noindex/MoneroOne.build/Debug-iphonesimulator/MoneroOne.build/DerivedSources/Entitlements-Simulated.plist

WriteAuxiliaryFile /Users/j/Documents/GitHub/MoneroOne/build/Build/Intermediates.noindex/MoneroKit.swift.build/Debug-iphonesimulator/MoneroKit.build/Objects-normal/arm64/MoneroKit.SwiftFileList (in target 'MoneroKit' from project 'MoneroKit.swift')
    cd /Users/j/Documents/GitHub/MoneroKit.Swift
    write-file /Users/j/Documents/GitHub/MoneroOne/build/Build/Intermediates.noindex/MoneroKit.swift.build/Debug-iphonesimulator/MoneroKit.build/Objects-normal/arm64/MoneroKit.SwiftFileList

WriteAuxiliaryFile /Users/j/Documents/GitHub/MoneroOne/build/Build/Intermediates.noindex/MoneroKit.swift.build/Debug-iphonesimulator/MoneroKit.build/Objects-normal/arm64/MoneroKit_const_extract_protocols.json (in target 'MoneroKit' from project 'MoneroKit.swift')
    cd /Users/j/Documents/GitHub/MoneroKit.Swift
    write-file /Users/j/Documents/GitHub/MoneroOne/build/Build/Intermediates.noindex/MoneroKit.swift.build/Debug-iphonesimulator/MoneroKit.build/Objects-normal/arm64/MoneroKit_const_extract_protocols.json

WriteAuxiliaryFile /Users/j/Documents/GitHub/MoneroOne/build/Build/Intermediates.noindex/MoneroKit.swift.build/Debug-iphonesimulator/MoneroKit.build/Objects-normal/arm64/MoneroKit.SwiftConstValuesFileList (in target 'MoneroKit' from project 'MoneroKit.swift')
    cd /Users/j/Documents/GitHub/MoneroKit.Swift
    write-file /Users/j/Documents/GitHub/MoneroOne/build/Build/Intermediates.noindex/MoneroKit.swift.build/Debug-iphonesimulator/MoneroKit.build/Objects-normal/arm64/MoneroKit.SwiftConstValuesFileList

WriteAuxiliaryFile /Users/j/Documents/GitHub/MoneroOne/build/Build/Intermediates.noindex/MoneroKit.swift.build/Debug-iphonesimulator/MoneroKit.build/Objects-normal/arm64/MoneroKit.LinkFileList (in target 'MoneroKit' from project 'MoneroKit.swift')
    cd /Users/j/Documents/GitHub/MoneroKit.Swift
    write-file /Users/j/Documents/GitHub/MoneroOne/build/Build/Intermediates.noindex/MoneroKit.swift.build/Debug-iphonesimulator/MoneroKit.build/Objects-normal/arm64/MoneroKit.LinkFileList

WriteAuxiliaryFile /Users/j/Documents/GitHub/MoneroOne/build/Build/Intermediates.noindex/MoneroKit.swift.build/Debug-iphonesimulator/MoneroKit.build/Objects-normal/arm64/MoneroKit-OutputFileMap.json (in target 'MoneroKit' from project 'MoneroKit.swift')
    cd /Users/j/Documents/GitHub/MoneroKit.Swift
    write-file /Users/j/Documents/GitHub/MoneroOne/build/Build/Intermediates.noindex/MoneroKit.swift.build/Debug-iphonesimulator/MoneroKit.build/Objects-normal/arm64/MoneroKit-OutputFileMap.json

WriteAuxiliaryFile /Users/j/Documents/GitHub/MoneroOne/build/Build/Intermediates.noindex/MoneroKit.swift.build/Debug-iphonesimulator/MoneroKit.build/MoneroKit.modulemap (in target 'MoneroKit' from project 'MoneroKit.swift')
    cd /Users/j/Documents/GitHub/MoneroKit.Swift
    write-file /Users/j/Documents/GitHub/MoneroOne/build/Build/Intermediates.noindex/MoneroKit.swift.build/Debug-iphonesimulator/MoneroKit.build/MoneroKit.modulemap

WriteAuxiliaryFile /Users/j/Documents/GitHub/MoneroOne/build/Build/Intermediates.noindex/MoneroKit.swift.build/Debug-iphonesimulator/MoneroKit.build/MoneroKit.DependencyStaticMetadataFileList (in target 'MoneroKit' from project 'MoneroKit.swift')
    cd /Users/j/Documents/GitHub/MoneroKit.Swift
    write-file /Users/j/Documents/GitHub/MoneroOne/build/Build/Intermediates.noindex/MoneroKit.swift.build/Debug-iphonesimulator/MoneroKit.build/MoneroKit.DependencyStaticMetadataFileList

WriteAuxiliaryFile /Users/j/Documents/GitHub/MoneroOne/build/Build/Intermediates.noindex/MoneroKit.swift.build/Debug-iphonesimulator/MoneroKit.build/MoneroKit.DependencyMetadataFileList (in target 'MoneroKit' from project 'MoneroKit.swift')
    cd /Users/j/Documents/GitHub/MoneroKit.Swift
    write-file /Users/j/Documents/GitHub/MoneroOne/build/Build/Intermediates.noindex/MoneroKit.swift.build/Debug-iphonesimulator/MoneroKit.build/MoneroKit.DependencyMetadataFileList

WriteAuxiliaryFile /Users/j/Documents/GitHub/MoneroOne/build/Build/Intermediates.noindex/MoneroKit.swift.build/Debug-iphonesimulator/CMonero.build/CMonero.DependencyStaticMetadataFileList (in target 'CMonero' from project 'MoneroKit.swift')
    cd /Users/j/Documents/GitHub/MoneroKit.Swift
    write-file /Users/j/Documents/GitHub/MoneroOne/build/Build/Intermediates.noindex/MoneroKit.swift.build/Debug-iphonesimulator/CMonero.build/CMonero.DependencyStaticMetadataFileList

WriteAuxiliaryFile /Users/j/Documents/GitHub/MoneroOne/build/Build/Intermediates.noindex/MoneroKit.swift.build/Debug-iphonesimulator/CMonero.build/CMonero.DependencyMetadataFileList (in target 'CMonero' from project 'MoneroKit.swift')
    cd /Users/j/Documents/GitHub/MoneroKit.Swift
    write-file /Users/j/Documents/GitHub/MoneroOne/build/Build/Intermediates.noindex/MoneroKit.swift.build/Debug-iphonesimulator/CMonero.build/CMonero.DependencyMetadataFileList

MkDir /Users/j/Documents/GitHub/MoneroOne/build/Build/Products/Debug-iphonesimulator/MoneroOne.app/PlugIns (in target 'MoneroOne' from project 'MoneroOne')
    cd /Users/j/Documents/GitHub/MoneroOne
    /bin/mkdir -p /Users/j/Documents/GitHub/MoneroOne/build/Build/Products/Debug-iphonesimulator/MoneroOne.app/PlugIns

MkDir /Users/j/Documents/GitHub/MoneroOne/build/Build/Products/Debug-iphonesimulator/MoneroOne.app (in target 'MoneroOne' from project 'MoneroOne')
    cd /Users/j/Documents/GitHub/MoneroOne
    /bin/mkdir -p /Users/j/Documents/GitHub/MoneroOne/build/Build/Products/Debug-iphonesimulator/MoneroOne.app

WriteAuxiliaryFile /Users/j/Documents/GitHub/MoneroOne/build/Build/Intermediates.noindex/MoneroKit.swift.build/Debug-iphonesimulator/CMonero.build/Objects-normal/arm64/CMonero.LinkFileList (in target 'CMonero' from project 'MoneroKit.swift')
    cd /Users/j/Documents/GitHub/MoneroKit.Swift
    write-file /Users/j/Documents/GitHub/MoneroOne/build/Build/Intermediates.noindex/MoneroKit.swift.build/Debug-iphonesimulator/CMonero.build/Objects-normal/arm64/CMonero.LinkFileList

WriteAuxiliaryFile /Users/j/Documents/GitHub/MoneroOne/build/Build/Intermediates.noindex/MoneroKit.swift.build/Debug-iphonesimulator/CMonero.build/Objects-normal/arm64/82b82416624d2658e5098eb0a28c15c5-common-args.resp (in target 'CMonero' from project 'MoneroKit.swift')
    cd /Users/j/Documents/GitHub/MoneroKit.Swift
    write-file /Users/j/Documents/GitHub/MoneroOne/build/Build/Intermediates.noindex/MoneroKit.swift.build/Debug-iphonesimulator/CMonero.build/Objects-normal/arm64/82b82416624d2658e5098eb0a28c15c5-common-args.resp
-target arm64-apple-ios15.0-simulator '-std=c++11' -fmodules -fno-cxx-modules -gmodules '-fmodules-cache-path=/Users/j/Documents/GitHub/MoneroOne/build/ModuleCache.noindex' '-fmodule-name=CMonero' '-D_LIBCPP_HARDENING_MODE=_LIBCPP_HARDENING_MODE_DEBUG' -fpascal-strings -O0 -DSWIFT_PACKAGE '-DDEBUG=1' -DBOOST_ERROR_CODE_HEADER_ONLY -isysroot /Applications/Xcode.app/Contents/Developer/Platforms/iPhoneSimulator.platform/Developer/SDKs/iPhoneSimulator26.1.sdk -g -fvisibility-inlines-hidden -I/Users/j/Documents/GitHub/MoneroOne/build/Build/Products/Debug-iphonesimulator/include -I/Users/j/Documents/GitHub/MoneroKit.Swift/Sources/CMonero/include -I/Users/j/Documents/GitHub/MoneroKit.Swift/Sources/CMonero -I/Users/j/Documents/GitHub/MoneroOne/build/Build/Intermediates.noindex/MoneroKit.swift.build/Debug-iphonesimulator/CMonero.build/DerivedSources-normal/arm64 -I/Users/j/Documents/GitHub/MoneroOne/build/Build/Intermediates.noindex/MoneroKit.swift.build/Debug-iphonesimulator/CMonero.build/DerivedSources/arm64 -I/Users/j/Documents/GitHub/MoneroOne/build/Build/Intermediates.noindex/MoneroKit.swift.build/Debug-iphonesimulator/CMonero.build/DerivedSources -F/Users/j/Documents/GitHub/MoneroOne/build/Build/Products/Debug-iphonesimulator -iframework /Applications/Xcode.app/Contents/Developer/Platforms/iPhoneSimulator.platform/Developer/Library/Frameworks -iframework /Applications/Xcode.app/Contents/Developer/Platforms/iPhoneSimulator.platform/Developer/SDKs/iPhoneSimulator26.1.sdk/Developer/Library/Frameworks -DXcode

Copy /Users/j/Documents/GitHub/MoneroOne/build/Build/Intermediates.noindex/GeneratedModuleMaps-iphonesimulator/MoneroKit.modulemap /Users/j/Documents/GitHub/MoneroOne/build/Build/Intermediates.noindex/MoneroKit.swift.build/Debug-iphonesimulator/MoneroKit.build/MoneroKit.modulemap (in target 'MoneroKit' from project 'MoneroKit.swift')
    cd /Users/j/Documents/GitHub/MoneroKit.Swift
    builtin-copy -exclude .DS_Store -exclude CVS -exclude .svn -exclude .git -exclude .hg -resolve-src-symlinks /Users/j/Documents/GitHub/MoneroOne/build/Build/Intermediates.noindex/MoneroKit.swift.build/Debug-iphonesimulator/MoneroKit.build/MoneroKit.modulemap /Users/j/Documents/GitHub/MoneroOne/build/Build/Intermediates.noindex/GeneratedModuleMaps-iphonesimulator

RegisterExecutionPolicyException /Users/j/Documents/GitHub/MoneroOne/build/Build/Products/Debug-iphonesimulator/swift-nio_NIOPosix.bundle (in target 'swift-nio_NIOPosix' from project 'swift-nio')
    cd /Users/j/Documents/GitHub/MoneroOne/build/SourcePackages/checkouts/swift-nio
    builtin-RegisterExecutionPolicyException /Users/j/Documents/GitHub/MoneroOne/build/Build/Products/Debug-iphonesimulator/swift-nio_NIOPosix.bundle

RegisterExecutionPolicyException /Users/j/Documents/GitHub/MoneroOne/build/Build/Products/Debug-iphonesimulator/swift-nio-ssl_NIOSSL.bundle (in target 'swift-nio-ssl_NIOSSL' from project 'swift-nio-ssl')
    cd /Users/j/Documents/GitHub/MoneroOne/build/SourcePackages/checkouts/swift-nio-ssl
    builtin-RegisterExecutionPolicyException /Users/j/Documents/GitHub/MoneroOne/build/Build/Products/Debug-iphonesimulator/swift-nio-ssl_NIOSSL.bundle

RegisterExecutionPolicyException /Users/j/Documents/GitHub/MoneroOne/build/Build/Products/Debug-iphonesimulator/GRDB_GRDB.bundle (in target 'GRDB_GRDB' from project 'GRDB')
    cd /Users/j/Documents/GitHub/MoneroOne/build/SourcePackages/checkouts/GRDB.swift
    builtin-RegisterExecutionPolicyException /Users/j/Documents/GitHub/MoneroOne/build/Build/Products/Debug-iphonesimulator/GRDB_GRDB.bundle

ProcessInfoPlistFile /Users/j/Documents/GitHub/MoneroOne/build/Build/Products/Debug-iphonesimulator/Alamofire_Alamofire.bundle/Info.plist /Users/j/Documents/GitHub/MoneroOne/build/Build/Intermediates.noindex/Alamofire.build/Debug-iphonesimulator/Alamofire_Alamofire.build/empty-Alamofire_Alamofire.plist (in target 'Alamofire_Alamofire' from project 'Alamofire')
    cd /Users/j/Documents/GitHub/MoneroOne/build/SourcePackages/checkouts/Alamofire
    builtin-infoPlistUtility /Users/j/Documents/GitHub/MoneroOne/build/Build/Intermediates.noindex/Alamofire.build/Debug-iphonesimulator/Alamofire_Alamofire.build/empty-Alamofire_Alamofire.plist -producttype com.apple.product-type.bundle -expandbuildsettings -format binary -platform iphonesimulator -o /Users/j/Documents/GitHub/MoneroOne/build/Build/Products/Debug-iphonesimulator/Alamofire_Alamofire.bundle/Info.plist

CpResource /Users/j/Documents/GitHub/MoneroOne/build/Build/Products/Debug-iphonesimulator/Alamofire_Alamofire.bundle/PrivacyInfo.xcprivacy /Users/j/Documents/GitHub/MoneroOne/build/SourcePackages/checkouts/Alamofire/Source/PrivacyInfo.xcprivacy (in target 'Alamofire_Alamofire' from project 'Alamofire')
    cd /Users/j/Documents/GitHub/MoneroOne/build/SourcePackages/checkouts/Alamofire
    builtin-copy -exclude .DS_Store -exclude CVS -exclude .svn -exclude .git -exclude .hg -resolve-src-symlinks /Users/j/Documents/GitHub/MoneroOne/build/SourcePackages/checkouts/Alamofire/Source/PrivacyInfo.xcprivacy /Users/j/Documents/GitHub/MoneroOne/build/Build/Products/Debug-iphonesimulator/Alamofire_Alamofire.bundle

CodeSign /Users/j/Documents/GitHub/MoneroOne/build/Build/Products/Debug-iphonesimulator/Alamofire_Alamofire.bundle (in target 'Alamofire_Alamofire' from project 'Alamofire')
    cd /Users/j/Documents/GitHub/MoneroOne/build/SourcePackages/checkouts/Alamofire
    
    Signing Identity:     "Sign to Run Locally"
    
    /usr/bin/codesign --force --sign - --timestamp\=none --generate-entitlement-der /Users/j/Documents/GitHub/MoneroOne/build/Build/Products/Debug-iphonesimulator/Alamofire_Alamofire.bundle

Touch /Users/j/Documents/GitHub/MoneroOne/build/Build/Products/Debug-iphonesimulator/swift-nio_NIOPosix.bundle (in target 'swift-nio_NIOPosix' from project 'swift-nio')
    cd /Users/j/Documents/GitHub/MoneroOne/build/SourcePackages/checkouts/swift-nio
    /usr/bin/touch -c /Users/j/Documents/GitHub/MoneroOne/build/Build/Products/Debug-iphonesimulator/swift-nio_NIOPosix.bundle

Touch /Users/j/Documents/GitHub/MoneroOne/build/Build/Products/Debug-iphonesimulator/swift-nio-ssl_NIOSSL.bundle (in target 'swift-nio-ssl_NIOSSL' from project 'swift-nio-ssl')
    cd /Users/j/Documents/GitHub/MoneroOne/build/SourcePackages/checkouts/swift-nio-ssl
    /usr/bin/touch -c /Users/j/Documents/GitHub/MoneroOne/build/Build/Products/Debug-iphonesimulator/swift-nio-ssl_NIOSSL.bundle

Touch /Users/j/Documents/GitHub/MoneroOne/build/Build/Products/Debug-iphonesimulator/GRDB_GRDB.bundle (in target 'GRDB_GRDB' from project 'GRDB')
    cd /Users/j/Documents/GitHub/MoneroOne/build/SourcePackages/checkouts/GRDB.swift
    /usr/bin/touch -c /Users/j/Documents/GitHub/MoneroOne/build/Build/Products/Debug-iphonesimulator/GRDB_GRDB.bundle

RegisterExecutionPolicyException /Users/j/Documents/GitHub/MoneroOne/build/Build/Products/Debug-iphonesimulator/Alamofire_Alamofire.bundle (in target 'Alamofire_Alamofire' from project 'Alamofire')
    cd /Users/j/Documents/GitHub/MoneroOne/build/SourcePackages/checkouts/Alamofire
    builtin-RegisterExecutionPolicyException /Users/j/Documents/GitHub/MoneroOne/build/Build/Products/Debug-iphonesimulator/Alamofire_Alamofire.bundle

Touch /Users/j/Documents/GitHub/MoneroOne/build/Build/Products/Debug-iphonesimulator/Alamofire_Alamofire.bundle (in target 'Alamofire_Alamofire' from project 'Alamofire')
    cd /Users/j/Documents/GitHub/MoneroOne/build/SourcePackages/checkouts/Alamofire
    /usr/bin/touch -c /Users/j/Documents/GitHub/MoneroOne/build/Build/Products/Debug-iphonesimulator/Alamofire_Alamofire.bundle

ScanDependencies /Users/j/Documents/GitHub/MoneroOne/build/Build/Intermediates.noindex/secp256k1.build/Debug-iphonesimulator/secp256k1_bindings.build/Objects-normal/arm64/Utility.o /Users/j/Documents/GitHub/MoneroOne/build/SourcePackages/checkouts/secp256k1.swift/Sources/secp256k1_bindings/src/Utility.c normal arm64 c com.apple.compilers.llvm.clang.1_0.compiler (in target 'secp256k1_bindings' from project 'secp256k1')
    cd /Users/j/Documents/GitHub/MoneroOne/MoneroOne.xcodeproj
    
    Using response file: /Users/j/Documents/GitHub/MoneroOne/build/Build/Intermediates.noindex/secp256k1.build/Debug-iphonesimulator/secp256k1_bindings.build/Objects-normal/arm64/7187679823f38a2a940e0043cdf9d637-common-args.resp
    
    builtin-ScanDependencies -o /Users/j/Documents/GitHub/MoneroOne/build/Build/Intermediates.noindex/secp256k1.build/Debug-iphonesimulator/secp256k1_bindings.build/Objects-normal/arm64/Utility.o.scan -- /Applications/Xcode.app/Contents/Developer/Toolchains/XcodeDefault.xctoolchain/usr/bin/clang -x c -ivfsstatcache /Users/j/Documents/GitHub/MoneroOne/build/SDKStatCaches.noindex/iphonesimulator26.1-23B77-90cf18a4295e390e64c810bc6bd7acbc.sdkstatcache -fmessage-length\=0 -fdiagnostics-show-note-include-stack -fmacro-backtrace-limit\=0 -fno-color-diagnostics -fmodules-prune-interval\=86400 -fmodules-prune-after\=345600 -fbuild-session-file\=/Users/j/Documents/GitHub/MoneroOne/build/ModuleCache.noindex/Session.modulevalidation -fmodules-validate-once-per-build-session -Wnon-modular-include-in-framework-module -Werror\=non-modular-include-in-framework-module -Wno-trigraphs -Wno-missing-field-initializers -Wno-missing-prototypes -Wno-return-type -Wno-missing-braces -Wparentheses -Wswitch -Wno-unused-function -Wno-unused-label -Wno-unused-parameter -Wno-unused-variable -Wunused-value -Wno-empty-body -Wno-uninitialized -Wno-unknown-pragmas -w -Wno-shadow -Wno-four-char-constants -Wno-conversion -Wno-constant-conversion -Wno-int-conversion -Wno-bool-conversion -Wno-enum-conversion -Wno-float-conversion -Wno-non-literal-null-conversion -Wno-objc-literal-conversion -Wshorten-64-to-32 -Wpointer-sign -Wno-newline-eof -Wno-implicit-fallthrough -fstrict-aliasing -Wdeprecated-declarations -Wno-sign-conversion -Wno-infinite-recursion -Wno-comma -Wno-block-capture-autoreleasing -Wno-strict-prototypes -Wno-semicolon-before-method-body -index-store-path /Users/j/Documents/GitHub/MoneroOne/build/Index.noindex/DataStore @/Users/j/Documents/GitHub/MoneroOne/build/Build/Intermediates.noindex/secp256k1.build/Debug-iphonesimulator/secp256k1_bindings.build/Objects-normal/arm64/7187679823f38a2a940e0043cdf9d637-common-args.resp -MMD -MT dependencies -MF /Users/j/Documents/GitHub/MoneroOne/build/Build/Intermediates.noindex/secp256k1.build/Debug-iphonesimulator/secp256k1_bindings.build/Objects-normal/arm64/Utility.d --serialize-diagnostics /Users/j/Documents/GitHub/MoneroOne/build/Build/Intermediates.noindex/secp256k1.build/Debug-iphonesimulator/secp256k1_bindings.build/Objects-normal/arm64/Utility.dia -c /Users/j/Documents/GitHub/MoneroOne/build/SourcePackages/checkouts/secp256k1.swift/Sources/secp256k1_bindings/src/Utility.c -o /Users/j/Documents/GitHub/MoneroOne/build/Build/Intermediates.noindex/secp256k1.build/Debug-iphonesimulator/secp256k1_bindings.build/Objects-normal/arm64/Utility.o -index-unit-output-path /secp256k1.build/Debug-iphonesimulator/secp256k1_bindings.build/Objects-normal/arm64/Utility.o

ScanDependencies /Users/j/Documents/GitHub/MoneroOne/build/Build/Intermediates.noindex/swift-atomics.build/Debug-iphonesimulator/_AtomicsShims.build/Objects-normal/arm64/_AtomicsShims.o /Users/j/Documents/GitHub/MoneroOne/build/SourcePackages/checkouts/swift-atomics/Sources/_AtomicsShims/src/_AtomicsShims.c normal arm64 c com.apple.compilers.llvm.clang.1_0.compiler (in target '_AtomicsShims' from project 'swift-atomics')
    cd /Users/j/Documents/GitHub/MoneroOne/MoneroOne.xcodeproj
    
    Using response file: /Users/j/Documents/GitHub/MoneroOne/build/Build/Intermediates.noindex/swift-atomics.build/Debug-iphonesimulator/_AtomicsShims.build/Objects-normal/arm64/7187679823f38a2a940e0043cdf9d637-common-args.resp
    
    builtin-ScanDependencies -o /Users/j/Documents/GitHub/MoneroOne/build/Build/Intermediates.noindex/swift-atomics.build/Debug-iphonesimulator/_AtomicsShims.build/Objects-normal/arm64/_AtomicsShims.o.scan -- /Applications/Xcode.app/Contents/Developer/Toolchains/XcodeDefault.xctoolchain/usr/bin/clang -x c -ivfsstatcache /Users/j/Documents/GitHub/MoneroOne/build/SDKStatCaches.noindex/iphonesimulator26.1-23B77-90cf18a4295e390e64c810bc6bd7acbc.sdkstatcache -fmessage-length\=0 -fdiagnostics-show-note-include-stack -fmacro-backtrace-limit\=0 -fno-color-diagnostics -fmodules-prune-interval\=86400 -fmodules-prune-after\=345600 -fbuild-session-file\=/Users/j/Documents/GitHub/MoneroOne/build/ModuleCache.noindex/Session.modulevalidation -fmodules-validate-once-per-build-session -Wnon-modular-include-in-framework-module -Werror\=non-modular-include-in-framework-module -Wno-trigraphs -Wno-missing-field-initializers -Wno-missing-prototypes -Wno-return-type -Wno-missing-braces -Wparentheses -Wswitch -Wno-unused-function -Wno-unused-label -Wno-unused-parameter -Wno-unused-variable -Wunused-value -Wno-empty-body -Wno-uninitialized -Wno-unknown-pragmas -w -Wno-shadow -Wno-four-char-constants -Wno-conversion -Wno-constant-conversion -Wno-int-conversion -Wno-bool-conversion -Wno-enum-conversion -Wno-float-conversion -Wno-non-literal-null-conversion -Wno-objc-literal-conversion -Wshorten-64-to-32 -Wpointer-sign -Wno-newline-eof -Wno-implicit-fallthrough -fstrict-aliasing -Wdeprecated-declarations -Wno-sign-conversion -Wno-infinite-recursion -Wno-comma -Wno-block-capture-autoreleasing -Wno-strict-prototypes -Wno-semicolon-before-method-body -index-store-path /Users/j/Documents/GitHub/MoneroOne/build/Index.noindex/DataStore @/Users/j/Documents/GitHub/MoneroOne/build/Build/Intermediates.noindex/swift-atomics.build/Debug-iphonesimulator/_AtomicsShims.build/Objects-normal/arm64/7187679823f38a2a940e0043cdf9d637-common-args.resp -MMD -MT dependencies -MF /Users/j/Documents/GitHub/MoneroOne/build/Build/Intermediates.noindex/swift-atomics.build/Debug-iphonesimulator/_AtomicsShims.build/Objects-normal/arm64/_AtomicsShims.d --serialize-diagnostics /Users/j/Documents/GitHub/MoneroOne/build/Build/Intermediates.noindex/swift-atomics.build/Debug-iphonesimulator/_AtomicsShims.build/Objects-normal/arm64/_AtomicsShims.dia -c /Users/j/Documents/GitHub/MoneroOne/build/SourcePackages/checkouts/swift-atomics/Sources/_AtomicsShims/src/_AtomicsShims.c -o /Users/j/Documents/GitHub/MoneroOne/build/Build/Intermediates.noindex/swift-atomics.build/Debug-iphonesimulator/_AtomicsShims.build/Objects-normal/arm64/_AtomicsShims.o -index-unit-output-path /swift-atomics.build/Debug-iphonesimulator/_AtomicsShims.build/Objects-normal/arm64/_AtomicsShims.o

ScanDependencies /Users/j/Documents/GitHub/MoneroOne/build/Build/Intermediates.noindex/secp256k1.build/Debug-iphonesimulator/secp256k1_bindings.build/Objects-normal/arm64/secp256k1.o /Users/j/Documents/GitHub/MoneroOne/build/SourcePackages/checkouts/secp256k1.swift/Sources/secp256k1_bindings/src/secp256k1.c normal arm64 c com.apple.compilers.llvm.clang.1_0.compiler (in target 'secp256k1_bindings' from project 'secp256k1')
    cd /Users/j/Documents/GitHub/MoneroOne/MoneroOne.xcodeproj
    
    Using response file: /Users/j/Documents/GitHub/MoneroOne/build/Build/Intermediates.noindex/secp256k1.build/Debug-iphonesimulator/secp256k1_bindings.build/Objects-normal/arm64/7187679823f38a2a940e0043cdf9d637-common-args.resp
    
    builtin-ScanDependencies -o /Users/j/Documents/GitHub/MoneroOne/build/Build/Intermediates.noindex/secp256k1.build/Debug-iphonesimulator/secp256k1_bindings.build/Objects-normal/arm64/secp256k1.o.scan -- /Applications/Xcode.app/Contents/Developer/Toolchains/XcodeDefault.xctoolchain/usr/bin/clang -x c -ivfsstatcache /Users/j/Documents/GitHub/MoneroOne/build/SDKStatCaches.noindex/iphonesimulator26.1-23B77-90cf18a4295e390e64c810bc6bd7acbc.sdkstatcache -fmessage-length\=0 -fdiagnostics-show-note-include-stack -fmacro-backtrace-limit\=0 -fno-color-diagnostics -fmodules-prune-interval\=86400 -fmodules-prune-after\=345600 -fbuild-session-file\=/Users/j/Documents/GitHub/MoneroOne/build/ModuleCache.noindex/Session.modulevalidation -fmodules-validate-once-per-build-session -Wnon-modular-include-in-framework-module -Werror\=non-modular-include-in-framework-module -Wno-trigraphs -Wno-missing-field-initializers -Wno-missing-prototypes -Wno-return-type -Wno-missing-braces -Wparentheses -Wswitch -Wno-unused-function -Wno-unused-label -Wno-unused-parameter -Wno-unused-variable -Wunused-value -Wno-empty-body -Wno-uninitialized -Wno-unknown-pragmas -w -Wno-shadow -Wno-four-char-constants -Wno-conversion -Wno-constant-conversion -Wno-int-conversion -Wno-bool-conversion -Wno-enum-conversion -Wno-float-conversion -Wno-non-literal-null-conversion -Wno-objc-literal-conversion -Wshorten-64-to-32 -Wpointer-sign -Wno-newline-eof -Wno-implicit-fallthrough -fstrict-aliasing -Wdeprecated-declarations -Wno-sign-conversion -Wno-infinite-recursion -Wno-comma -Wno-block-capture-autoreleasing -Wno-strict-prototypes -Wno-semicolon-before-method-body -index-store-path /Users/j/Documents/GitHub/MoneroOne/build/Index.noindex/DataStore @/Users/j/Documents/GitHub/MoneroOne/build/Build/Intermediates.noindex/secp256k1.build/Debug-iphonesimulator/secp256k1_bindings.build/Objects-normal/arm64/7187679823f38a2a940e0043cdf9d637-common-args.resp -MMD -MT dependencies -MF /Users/j/Documents/GitHub/MoneroOne/build/Build/Intermediates.noindex/secp256k1.build/Debug-iphonesimulator/secp256k1_bindings.build/Objects-normal/arm64/secp256k1.d --serialize-diagnostics /Users/j/Documents/GitHub/MoneroOne/build/Build/Intermediates.noindex/secp256k1.build/Debug-iphonesimulator/secp256k1_bindings.build/Objects-normal/arm64/secp256k1.dia -c /Users/j/Documents/GitHub/MoneroOne/build/SourcePackages/checkouts/secp256k1.swift/Sources/secp256k1_bindings/src/secp256k1.c -o /Users/j/Documents/GitHub/MoneroOne/build/Build/Intermediates.noindex/secp256k1.build/Debug-iphonesimulator/secp256k1_bindings.build/Objects-normal/arm64/secp256k1.o -index-unit-output-path /secp256k1.build/Debug-iphonesimulator/secp256k1_bindings.build/Objects-normal/arm64/secp256k1.o

ScanDependencies /Users/j/Documents/GitHub/MoneroOne/build/Build/Intermediates.noindex/secp256k1.build/Debug-iphonesimulator/secp256k1_bindings.build/Objects-normal/arm64/precomputed_ecmult_gen.o /Users/j/Documents/GitHub/MoneroOne/build/SourcePackages/checkouts/secp256k1.swift/Sources/secp256k1_bindings/src/precomputed_ecmult_gen.c normal arm64 c com.apple.compilers.llvm.clang.1_0.compiler (in target 'secp256k1_bindings' from project 'secp256k1')
    cd /Users/j/Documents/GitHub/MoneroOne/MoneroOne.xcodeproj
    
    Using response file: /Users/j/Documents/GitHub/MoneroOne/build/Build/Intermediates.noindex/secp256k1.build/Debug-iphonesimulator/secp256k1_bindings.build/Objects-normal/arm64/7187679823f38a2a940e0043cdf9d637-common-args.resp
    
    builtin-ScanDependencies -o /Users/j/Documents/GitHub/MoneroOne/build/Build/Intermediates.noindex/secp256k1.build/Debug-iphonesimulator/secp256k1_bindings.build/Objects-normal/arm64/precomputed_ecmult_gen.o.scan -- /Applications/Xcode.app/Contents/Developer/Toolchains/XcodeDefault.xctoolchain/usr/bin/clang -x c -ivfsstatcache /Users/j/Documents/GitHub/MoneroOne/build/SDKStatCaches.noindex/iphonesimulator26.1-23B77-90cf18a4295e390e64c810bc6bd7acbc.sdkstatcache -fmessage-length\=0 -fdiagnostics-show-note-include-stack -fmacro-backtrace-limit\=0 -fno-color-diagnostics -fmodules-prune-interval\=86400 -fmodules-prune-after\=345600 -fbuild-session-file\=/Users/j/Documents/GitHub/MoneroOne/build/ModuleCache.noindex/Session.modulevalidation -fmodules-validate-once-per-build-session -Wnon-modular-include-in-framework-module -Werror\=non-modular-include-in-framework-module -Wno-trigraphs -Wno-missing-field-initializers -Wno-missing-prototypes -Wno-return-type -Wno-missing-braces -Wparentheses -Wswitch -Wno-unused-function -Wno-unused-label -Wno-unused-parameter -Wno-unused-variable -Wunused-value -Wno-empty-body -Wno-uninitialized -Wno-unknown-pragmas -w -Wno-shadow -Wno-four-char-constants -Wno-conversion -Wno-constant-conversion -Wno-int-conversion -Wno-bool-conversion -Wno-enum-conversion -Wno-float-conversion -Wno-non-literal-null-conversion -Wno-objc-literal-conversion -Wshorten-64-to-32 -Wpointer-sign -Wno-newline-eof -Wno-implicit-fallthrough -fstrict-aliasing -Wdeprecated-declarations -Wno-sign-conversion -Wno-infinite-recursion -Wno-comma -Wno-block-capture-autoreleasing -Wno-strict-prototypes -Wno-semicolon-before-method-body -index-store-path /Users/j/Documents/GitHub/MoneroOne/build/Index.noindex/DataStore @/Users/j/Documents/GitHub/MoneroOne/build/Build/Intermediates.noindex/secp256k1.build/Debug-iphonesimulator/secp256k1_bindings.build/Objects-normal/arm64/7187679823f38a2a940e0043cdf9d637-common-args.resp -MMD -MT dependencies -MF /Users/j/Documents/GitHub/MoneroOne/build/Build/Intermediates.noindex/secp256k1.build/Debug-iphonesimulator/secp256k1_bindings.build/Objects-normal/arm64/precomputed_ecmult_gen.d --serialize-diagnostics /Users/j/Documents/GitHub/MoneroOne/build/Build/Intermediates.noindex/secp256k1.build/Debug-iphonesimulator/secp256k1_bindings.build/Objects-normal/arm64/precomputed_ecmult_gen.dia -c /Users/j/Documents/GitHub/MoneroOne/build/SourcePackages/checkouts/secp256k1.swift/Sources/secp256k1_bindings/src/precomputed_ecmult_gen.c -o /Users/j/Documents/GitHub/MoneroOne/build/Build/Intermediates.noindex/secp256k1.build/Debug-iphonesimulator/secp256k1_bindings.build/Objects-normal/arm64/precomputed_ecmult_gen.o -index-unit-output-path /secp256k1.build/Debug-iphonesimulator/secp256k1_bindings.build/Objects-normal/arm64/precomputed_ecmult_gen.o

ScanDependencies /Users/j/Documents/GitHub/MoneroOne/build/Build/Intermediates.noindex/secp256k1.build/Debug-iphonesimulator/secp256k1_bindings.build/Objects-normal/arm64/precomputed_ecmult.o /Users/j/Documents/GitHub/MoneroOne/build/SourcePackages/checkouts/secp256k1.swift/Sources/secp256k1_bindings/src/precomputed_ecmult.c normal arm64 c com.apple.compilers.llvm.clang.1_0.compiler (in target 'secp256k1_bindings' from project 'secp256k1')
    cd /Users/j/Documents/GitHub/MoneroOne/MoneroOne.xcodeproj
    
    Using response file: /Users/j/Documents/GitHub/MoneroOne/build/Build/Intermediates.noindex/secp256k1.build/Debug-iphonesimulator/secp256k1_bindings.build/Objects-normal/arm64/7187679823f38a2a940e0043cdf9d637-common-args.resp
    
    builtin-ScanDependencies -o /Users/j/Documents/GitHub/MoneroOne/build/Build/Intermediates.noindex/secp256k1.build/Debug-iphonesimulator/secp256k1_bindings.build/Objects-normal/arm64/precomputed_ecmult.o.scan -- /Applications/Xcode.app/Contents/Developer/Toolchains/XcodeDefault.xctoolchain/usr/bin/clang -x c -ivfsstatcache /Users/j/Documents/GitHub/MoneroOne/build/SDKStatCaches.noindex/iphonesimulator26.1-23B77-90cf18a4295e390e64c810bc6bd7acbc.sdkstatcache -fmessage-length\=0 -fdiagnostics-show-note-include-stack -fmacro-backtrace-limit\=0 -fno-color-diagnostics -fmodules-prune-interval\=86400 -fmodules-prune-after\=345600 -fbuild-session-file\=/Users/j/Documents/GitHub/MoneroOne/build/ModuleCache.noindex/Session.modulevalidation -fmodules-validate-once-per-build-session -Wnon-modular-include-in-framework-module -Werror\=non-modular-include-in-framework-module -Wno-trigraphs -Wno-missing-field-initializers -Wno-missing-prototypes -Wno-return-type -Wno-missing-braces -Wparentheses -Wswitch -Wno-unused-function -Wno-unused-label -Wno-unused-parameter -Wno-unused-variable -Wunused-value -Wno-empty-body -Wno-uninitialized -Wno-unknown-pragmas -w -Wno-shadow -Wno-four-char-constants -Wno-conversion -Wno-constant-conversion -Wno-int-conversion -Wno-bool-conversion -Wno-enum-conversion -Wno-float-conversion -Wno-non-literal-null-conversion -Wno-objc-literal-conversion -Wshorten-64-to-32 -Wpointer-sign -Wno-newline-eof -Wno-implicit-fallthrough -fstrict-aliasing -Wdeprecated-declarations -Wno-sign-conversion -Wno-infinite-recursion -Wno-comma -Wno-block-capture-autoreleasing -Wno-strict-prototypes -Wno-semicolon-before-method-body -index-store-path /Users/j/Documents/GitHub/MoneroOne/build/Index.noindex/DataStore @/Users/j/Documents/GitHub/MoneroOne/build/Build/Intermediates.noindex/secp256k1.build/Debug-iphonesimulator/secp256k1_bindings.build/Objects-normal/arm64/7187679823f38a2a940e0043cdf9d637-common-args.resp -MMD -MT dependencies -MF /Users/j/Documents/GitHub/MoneroOne/build/Build/Intermediates.noindex/secp256k1.build/Debug-iphonesimulator/secp256k1_bindings.build/Objects-normal/arm64/precomputed_ecmult.d --serialize-diagnostics /Users/j/Documents/GitHub/MoneroOne/build/Build/Intermediates.noindex/secp256k1.build/Debug-iphonesimulator/secp256k1_bindings.build/Objects-normal/arm64/precomputed_ecmult.dia -c /Users/j/Documents/GitHub/MoneroOne/build/SourcePackages/checkouts/secp256k1.swift/Sources/secp256k1_bindings/src/precomputed_ecmult.c -o /Users/j/Documents/GitHub/MoneroOne/build/Build/Intermediates.noindex/secp256k1.build/Debug-iphonesimulator/secp256k1_bindings.build/Objects-normal/arm64/precomputed_ecmult.o -index-unit-output-path /secp256k1.build/Debug-iphonesimulator/secp256k1_bindings.build/Objects-normal/arm64/precomputed_ecmult.o

ScanDependencies /Users/j/Documents/GitHub/MoneroOne/build/Build/Intermediates.noindex/HsCryptoKit.Swift.build/Debug-iphonesimulator/HsCryptoKitC.build/Objects-normal/arm64/helpers.o /Users/j/Documents/GitHub/MoneroOne/build/SourcePackages/checkouts/HsCryptoKit.Swift/Sources/HsCryptoKitC/src/helpers.c normal arm64 c com.apple.compilers.llvm.clang.1_0.compiler (in target 'HsCryptoKitC' from project 'HsCryptoKit.Swift')
    cd /Users/j/Documents/GitHub/MoneroOne/MoneroOne.xcodeproj
    
    Using response file: /Users/j/Documents/GitHub/MoneroOne/build/Build/Intermediates.noindex/HsCryptoKit.Swift.build/Debug-iphonesimulator/HsCryptoKitC.build/Objects-normal/arm64/7187679823f38a2a940e0043cdf9d637-common-args.resp
    
    builtin-ScanDependencies -o /Users/j/Documents/GitHub/MoneroOne/build/Build/Intermediates.noindex/HsCryptoKit.Swift.build/Debug-iphonesimulator/HsCryptoKitC.build/Objects-normal/arm64/helpers.o.scan -- /Applications/Xcode.app/Contents/Developer/Toolchains/XcodeDefault.xctoolchain/usr/bin/clang -x c -ivfsstatcache /Users/j/Documents/GitHub/MoneroOne/build/SDKStatCaches.noindex/iphonesimulator26.1-23B77-90cf18a4295e390e64c810bc6bd7acbc.sdkstatcache -fmessage-length\=0 -fdiagnostics-show-note-include-stack -fmacro-backtrace-limit\=0 -fno-color-diagnostics -fmodules-prune-interval\=86400 -fmodules-prune-after\=345600 -fbuild-session-file\=/Users/j/Documents/GitHub/MoneroOne/build/ModuleCache.noindex/Session.modulevalidation -fmodules-validate-once-per-build-session -Wnon-modular-include-in-framework-module -Werror\=non-modular-include-in-framework-module -Wno-trigraphs -Wno-missing-field-initializers -Wno-missing-prototypes -Wno-return-type -Wno-missing-braces -Wparentheses -Wswitch -Wno-unused-function -Wno-unused-label -Wno-unused-parameter -Wno-unused-variable -Wunused-value -Wno-empty-body -Wno-uninitialized -Wno-unknown-pragmas -w -Wno-shadow -Wno-four-char-constants -Wno-conversion -Wno-constant-conversion -Wno-int-conversion -Wno-bool-conversion -Wno-enum-conversion -Wno-float-conversion -Wno-non-literal-null-conversion -Wno-objc-literal-conversion -Wshorten-64-to-32 -Wpointer-sign -Wno-newline-eof -Wno-implicit-fallthrough -fstrict-aliasing -Wdeprecated-declarations -Wno-sign-conversion -Wno-infinite-recursion -Wno-comma -Wno-block-capture-autoreleasing -Wno-strict-prototypes -Wno-semicolon-before-method-body -index-store-path /Users/j/Documents/GitHub/MoneroOne/build/Index.noindex/DataStore @/Users/j/Documents/GitHub/MoneroOne/build/Build/Intermediates.noindex/HsCryptoKit.Swift.build/Debug-iphonesimulator/HsCryptoKitC.build/Objects-normal/arm64/7187679823f38a2a940e0043cdf9d637-common-args.resp -MMD -MT dependencies -MF /Users/j/Documents/GitHub/MoneroOne/build/Build/Intermediates.noindex/HsCryptoKit.Swift.build/Debug-iphonesimulator/HsCryptoKitC.build/Objects-normal/arm64/helpers.d --serialize-diagnostics /Users/j/Documents/GitHub/MoneroOne/build/Build/Intermediates.noindex/HsCryptoKit.Swift.build/Debug-iphonesimulator/HsCryptoKitC.build/Objects-normal/arm64/helpers.dia -c /Users/j/Documents/GitHub/MoneroOne/build/SourcePackages/checkouts/HsCryptoKit.Swift/Sources/HsCryptoKitC/src/helpers.c -o /Users/j/Documents/GitHub/MoneroOne/build/Build/Intermediates.noindex/HsCryptoKit.Swift.build/Debug-iphonesimulator/HsCryptoKitC.build/Objects-normal/arm64/helpers.o -index-unit-output-path /HsCryptoKit.Swift.build/Debug-iphonesimulator/HsCryptoKitC.build/Objects-normal/arm64/helpers.o

ScanDependencies /Users/j/Documents/GitHub/MoneroOne/build/Build/Intermediates.noindex/swift-nio.build/Debug-iphonesimulator/CNIOWindows.build/Objects-normal/arm64/shim.o /Users/j/Documents/GitHub/MoneroOne/build/SourcePackages/checkouts/swift-nio/Sources/CNIOWindows/shim.c normal arm64 c com.apple.compilers.llvm.clang.1_0.compiler (in target 'CNIOWindows' from project 'swift-nio')
    cd /Users/j/Documents/GitHub/MoneroOne/MoneroOne.xcodeproj
    
    Using response file: /Users/j/Documents/GitHub/MoneroOne/build/Build/Intermediates.noindex/swift-nio.build/Debug-iphonesimulator/CNIOWindows.build/Objects-normal/arm64/7187679823f38a2a940e0043cdf9d637-common-args.resp
    
    builtin-ScanDependencies -o /Users/j/Documents/GitHub/MoneroOne/build/Build/Intermediates.noindex/swift-nio.build/Debug-iphonesimulator/CNIOWindows.build/Objects-normal/arm64/shim.o.scan -- /Applications/Xcode.app/Contents/Developer/Toolchains/XcodeDefault.xctoolchain/usr/bin/clang -x c -ivfsstatcache /Users/j/Documents/GitHub/MoneroOne/build/SDKStatCaches.noindex/iphonesimulator26.1-23B77-90cf18a4295e390e64c810bc6bd7acbc.sdkstatcache -fmessage-length\=0 -fdiagnostics-show-note-include-stack -fmacro-backtrace-limit\=0 -fno-color-diagnostics -fmodules-prune-interval\=86400 -fmodules-prune-after\=345600 -fbuild-session-file\=/Users/j/Documents/GitHub/MoneroOne/build/ModuleCache.noindex/Session.modulevalidation -fmodules-validate-once-per-build-session -Wnon-modular-include-in-framework-module -Werror\=non-modular-include-in-framework-module -Wno-trigraphs -Wno-missing-field-initializers -Wno-missing-prototypes -Wno-return-type -Wno-missing-braces -Wparentheses -Wswitch -Wno-unused-function -Wno-unused-label -Wno-unused-parameter -Wno-unused-variable -Wunused-value -Wno-empty-body -Wno-uninitialized -Wno-unknown-pragmas -w -Wno-shadow -Wno-four-char-constants -Wno-conversion -Wno-constant-conversion -Wno-int-conversion -Wno-bool-conversion -Wno-enum-conversion -Wno-float-conversion -Wno-non-literal-null-conversion -Wno-objc-literal-conversion -Wshorten-64-to-32 -Wpointer-sign -Wno-newline-eof -Wno-implicit-fallthrough -fstrict-aliasing -Wdeprecated-declarations -Wno-sign-conversion -Wno-infinite-recursion -Wno-comma -Wno-block-capture-autoreleasing -Wno-strict-prototypes -Wno-semicolon-before-method-body -index-store-path /Users/j/Documents/GitHub/MoneroOne/build/Index.noindex/DataStore @/Users/j/Documents/GitHub/MoneroOne/build/Build/Intermediates.noindex/swift-nio.build/Debug-iphonesimulator/CNIOWindows.build/Objects-normal/arm64/7187679823f38a2a940e0043cdf9d637-common-args.resp -MMD -MT dependencies -MF /Users/j/Documents/GitHub/MoneroOne/build/Build/Intermediates.noindex/swift-nio.build/Debug-iphonesimulator/CNIOWindows.build/Objects-normal/arm64/shim.d --serialize-diagnostics /Users/j/Documents/GitHub/MoneroOne/build/Build/Intermediates.noindex/swift-nio.build/Debug-iphonesimulator/CNIOWindows.build/Objects-normal/arm64/shim.dia -c /Users/j/Documents/GitHub/MoneroOne/build/SourcePackages/checkouts/swift-nio/Sources/CNIOWindows/shim.c -o /Users/j/Documents/GitHub/MoneroOne/build/Build/Intermediates.noindex/swift-nio.build/Debug-iphonesimulator/CNIOWindows.build/Objects-normal/arm64/shim.o -index-unit-output-path /swift-nio.build/Debug-iphonesimulator/CNIOWindows.build/Objects-normal/arm64/shim.o

ScanDependencies /Users/j/Documents/GitHub/MoneroOne/build/Build/Intermediates.noindex/swift-nio.build/Debug-iphonesimulator/CNIOWindows.build/Objects-normal/arm64/WSAStartup.o /Users/j/Documents/GitHub/MoneroOne/build/SourcePackages/checkouts/swift-nio/Sources/CNIOWindows/WSAStartup.c normal arm64 c com.apple.compilers.llvm.clang.1_0.compiler (in target 'CNIOWindows' from project 'swift-nio')
    cd /Users/j/Documents/GitHub/MoneroOne/MoneroOne.xcodeproj
    
    Using response file: /Users/j/Documents/GitHub/MoneroOne/build/Build/Intermediates.noindex/swift-nio.build/Debug-iphonesimulator/CNIOWindows.build/Objects-normal/arm64/7187679823f38a2a940e0043cdf9d637-common-args.resp
    
    builtin-ScanDependencies -o /Users/j/Documents/GitHub/MoneroOne/build/Build/Intermediates.noindex/swift-nio.build/Debug-iphonesimulator/CNIOWindows.build/Objects-normal/arm64/WSAStartup.o.scan -- /Applications/Xcode.app/Contents/Developer/Toolchains/XcodeDefault.xctoolchain/usr/bin/clang -x c -ivfsstatcache /Users/j/Documents/GitHub/MoneroOne/build/SDKStatCaches.noindex/iphonesimulator26.1-23B77-90cf18a4295e390e64c810bc6bd7acbc.sdkstatcache -fmessage-length\=0 -fdiagnostics-show-note-include-stack -fmacro-backtrace-limit\=0 -fno-color-diagnostics -fmodules-prune-interval\=86400 -fmodules-prune-after\=345600 -fbuild-session-file\=/Users/j/Documents/GitHub/MoneroOne/build/ModuleCache.noindex/Session.modulevalidation -fmodules-validate-once-per-build-session -Wnon-modular-include-in-framework-module -Werror\=non-modular-include-in-framework-module -Wno-trigraphs -Wno-missing-field-initializers -Wno-missing-prototypes -Wno-return-type -Wno-missing-braces -Wparentheses -Wswitch -Wno-unused-function -Wno-unused-label -Wno-unused-parameter -Wno-unused-variable -Wunused-value -Wno-empty-body -Wno-uninitialized -Wno-unknown-pragmas -w -Wno-shadow -Wno-four-char-constants -Wno-conversion -Wno-constant-conversion -Wno-int-conversion -Wno-bool-conversion -Wno-enum-conversion -Wno-float-conversion -Wno-non-literal-null-conversion -Wno-objc-literal-conversion -Wshorten-64-to-32 -Wpointer-sign -Wno-newline-eof -Wno-implicit-fallthrough -fstrict-aliasing -Wdeprecated-declarations -Wno-sign-conversion -Wno-infinite-recursion -Wno-comma -Wno-block-capture-autoreleasing -Wno-strict-prototypes -Wno-semicolon-before-method-body -index-store-path /Users/j/Documents/GitHub/MoneroOne/build/Index.noindex/DataStore @/Users/j/Documents/GitHub/MoneroOne/build/Build/Intermediates.noindex/swift-nio.build/Debug-iphonesimulator/CNIOWindows.build/Objects-normal/arm64/7187679823f38a2a940e0043cdf9d637-common-args.resp -MMD -MT dependencies -MF /Users/j/Documents/GitHub/MoneroOne/build/Build/Intermediates.noindex/swift-nio.build/Debug-iphonesimulator/CNIOWindows.build/Objects-normal/arm64/WSAStartup.d --serialize-diagnostics /Users/j/Documents/GitHub/MoneroOne/build/Build/Intermediates.noindex/swift-nio.build/Debug-iphonesimulator/CNIOWindows.build/Objects-normal/arm64/WSAStartup.dia -c /Users/j/Documents/GitHub/MoneroOne/build/SourcePackages/checkouts/swift-nio/Sources/CNIOWindows/WSAStartup.c -o /Users/j/Documents/GitHub/MoneroOne/build/Build/Intermediates.noindex/swift-nio.build/Debug-iphonesimulator/CNIOWindows.build/Objects-normal/arm64/WSAStartup.o -index-unit-output-path /swift-nio.build/Debug-iphonesimulator/CNIOWindows.build/Objects-normal/arm64/WSAStartup.o

ScanDependencies /Users/j/Documents/GitHub/MoneroOne/build/Build/Intermediates.noindex/swift-nio.build/Debug-iphonesimulator/CNIOWASI.build/Objects-normal/arm64/CNIOWASI.o /Users/j/Documents/GitHub/MoneroOne/build/SourcePackages/checkouts/swift-nio/Sources/CNIOWASI/CNIOWASI.c normal arm64 c com.apple.compilers.llvm.clang.1_0.compiler (in target 'CNIOWASI' from project 'swift-nio')
    cd /Users/j/Documents/GitHub/MoneroOne/MoneroOne.xcodeproj
    
    Using response file: /Users/j/Documents/GitHub/MoneroOne/build/Build/Intermediates.noindex/swift-nio.build/Debug-iphonesimulator/CNIOWASI.build/Objects-normal/arm64/7187679823f38a2a940e0043cdf9d637-common-args.resp
    
    builtin-ScanDependencies -o /Users/j/Documents/GitHub/MoneroOne/build/Build/Intermediates.noindex/swift-nio.build/Debug-iphonesimulator/CNIOWASI.build/Objects-normal/arm64/CNIOWASI.o.scan -- /Applications/Xcode.app/Contents/Developer/Toolchains/XcodeDefault.xctoolchain/usr/bin/clang -x c -ivfsstatcache /Users/j/Documents/GitHub/MoneroOne/build/SDKStatCaches.noindex/iphonesimulator26.1-23B77-90cf18a4295e390e64c810bc6bd7acbc.sdkstatcache -fmessage-length\=0 -fdiagnostics-show-note-include-stack -fmacro-backtrace-limit\=0 -fno-color-diagnostics -fmodules-prune-interval\=86400 -fmodules-prune-after\=345600 -fbuild-session-file\=/Users/j/Documents/GitHub/MoneroOne/build/ModuleCache.noindex/Session.modulevalidation -fmodules-validate-once-per-build-session -Wnon-modular-include-in-framework-module -Werror\=non-modular-include-in-framework-module -Wno-trigraphs -Wno-missing-field-initializers -Wno-missing-prototypes -Wno-return-type -Wno-missing-braces -Wparentheses -Wswitch -Wno-unused-function -Wno-unused-label -Wno-unused-parameter -Wno-unused-variable -Wunused-value -Wno-empty-body -Wno-uninitialized -Wno-unknown-pragmas -w -Wno-shadow -Wno-four-char-constants -Wno-conversion -Wno-constant-conversion -Wno-int-conversion -Wno-bool-conversion -Wno-enum-conversion -Wno-float-conversion -Wno-non-literal-null-conversion -Wno-objc-literal-conversion -Wshorten-64-to-32 -Wpointer-sign -Wno-newline-eof -Wno-implicit-fallthrough -fstrict-aliasing -Wdeprecated-declarations -Wno-sign-conversion -Wno-infinite-recursion -Wno-comma -Wno-block-capture-autoreleasing -Wno-strict-prototypes -Wno-semicolon-before-method-body -index-store-path /Users/j/Documents/GitHub/MoneroOne/build/Index.noindex/DataStore @/Users/j/Documents/GitHub/MoneroOne/build/Build/Intermediates.noindex/swift-nio.build/Debug-iphonesimulator/CNIOWASI.build/Objects-normal/arm64/7187679823f38a2a940e0043cdf9d637-common-args.resp -MMD -MT dependencies -MF /Users/j/Documents/GitHub/MoneroOne/build/Build/Intermediates.noindex/swift-nio.build/Debug-iphonesimulator/CNIOWASI.build/Objects-normal/arm64/CNIOWASI.d --serialize-diagnostics /Users/j/Documents/GitHub/MoneroOne/build/Build/Intermediates.noindex/swift-nio.build/Debug-iphonesimulator/CNIOWASI.build/Objects-normal/arm64/CNIOWASI.dia -c /Users/j/Documents/GitHub/MoneroOne/build/SourcePackages/checkouts/swift-nio/Sources/CNIOWASI/CNIOWASI.c -o /Users/j/Documents/GitHub/MoneroOne/build/Build/Intermediates.noindex/swift-nio.build/Debug-iphonesimulator/CNIOWASI.build/Objects-normal/arm64/CNIOWASI.o -index-unit-output-path /swift-nio.build/Debug-iphonesimulator/CNIOWASI.build/Objects-normal/arm64/CNIOWASI.o

ScanDependencies /Users/j/Documents/GitHub/MoneroOne/build/Build/Intermediates.noindex/swift-nio.build/Debug-iphonesimulator/CNIOSHA1.build/Objects-normal/arm64/c_nio_sha1.o /Users/j/Documents/GitHub/MoneroOne/build/SourcePackages/checkouts/swift-nio/Sources/CNIOSHA1/c_nio_sha1.c normal arm64 c com.apple.compilers.llvm.clang.1_0.compiler (in target 'CNIOSHA1' from project 'swift-nio')
    cd /Users/j/Documents/GitHub/MoneroOne/MoneroOne.xcodeproj
    
    Using response file: /Users/j/Documents/GitHub/MoneroOne/build/Build/Intermediates.noindex/swift-nio.build/Debug-iphonesimulator/CNIOSHA1.build/Objects-normal/arm64/7187679823f38a2a940e0043cdf9d637-common-args.resp
    
    builtin-ScanDependencies -o /Users/j/Documents/GitHub/MoneroOne/build/Build/Intermediates.noindex/swift-nio.build/Debug-iphonesimulator/CNIOSHA1.build/Objects-normal/arm64/c_nio_sha1.o.scan -- /Applications/Xcode.app/Contents/Developer/Toolchains/XcodeDefault.xctoolchain/usr/bin/clang -x c -ivfsstatcache /Users/j/Documents/GitHub/MoneroOne/build/SDKStatCaches.noindex/iphonesimulator26.1-23B77-90cf18a4295e390e64c810bc6bd7acbc.sdkstatcache -fmessage-length\=0 -fdiagnostics-show-note-include-stack -fmacro-backtrace-limit\=0 -fno-color-diagnostics -fmodules-prune-interval\=86400 -fmodules-prune-after\=345600 -fbuild-session-file\=/Users/j/Documents/GitHub/MoneroOne/build/ModuleCache.noindex/Session.modulevalidation -fmodules-validate-once-per-build-session -Wnon-modular-include-in-framework-module -Werror\=non-modular-include-in-framework-module -Wno-trigraphs -Wno-missing-field-initializers -Wno-missing-prototypes -Wno-return-type -Wno-missing-braces -Wparentheses -Wswitch -Wno-unused-function -Wno-unused-label -Wno-unused-parameter -Wno-unused-variable -Wunused-value -Wno-empty-body -Wno-uninitialized -Wno-unknown-pragmas -w -Wno-shadow -Wno-four-char-constants -Wno-conversion -Wno-constant-conversion -Wno-int-conversion -Wno-bool-conversion -Wno-enum-conversion -Wno-float-conversion -Wno-non-literal-null-conversion -Wno-objc-literal-conversion -Wshorten-64-to-32 -Wpointer-sign -Wno-newline-eof -Wno-implicit-fallthrough -fstrict-aliasing -Wdeprecated-declarations -Wno-sign-conversion -Wno-infinite-recursion -Wno-comma -Wno-block-capture-autoreleasing -Wno-strict-prototypes -Wno-semicolon-before-method-body -index-store-path /Users/j/Documents/GitHub/MoneroOne/build/Index.noindex/DataStore @/Users/j/Documents/GitHub/MoneroOne/build/Build/Intermediates.noindex/swift-nio.build/Debug-iphonesimulator/CNIOSHA1.build/Objects-normal/arm64/7187679823f38a2a940e0043cdf9d637-common-args.resp -MMD -MT dependencies -MF /Users/j/Documents/GitHub/MoneroOne/build/Build/Intermediates.noindex/swift-nio.build/Debug-iphonesimulator/CNIOSHA1.build/Objects-normal/arm64/c_nio_sha1.d --serialize-diagnostics /Users/j/Documents/GitHub/MoneroOne/build/Build/Intermediates.noindex/swift-nio.build/Debug-iphonesimulator/CNIOSHA1.build/Objects-normal/arm64/c_nio_sha1.dia -c /Users/j/Documents/GitHub/MoneroOne/build/SourcePackages/checkouts/swift-nio/Sources/CNIOSHA1/c_nio_sha1.c -o /Users/j/Documents/GitHub/MoneroOne/build/Build/Intermediates.noindex/swift-nio.build/Debug-iphonesimulator/CNIOSHA1.build/Objects-normal/arm64/c_nio_sha1.o -index-unit-output-path /swift-nio.build/Debug-iphonesimulator/CNIOSHA1.build/Objects-normal/arm64/c_nio_sha1.o

ScanDependencies /Users/j/Documents/GitHub/MoneroOne/build/Build/Intermediates.noindex/swift-nio.build/Debug-iphonesimulator/CNIOPosix.build/Objects-normal/arm64/event_loop_id.o /Users/j/Documents/GitHub/MoneroOne/build/SourcePackages/checkouts/swift-nio/Sources/CNIOPosix/event_loop_id.c normal arm64 c com.apple.compilers.llvm.clang.1_0.compiler (in target 'CNIOPosix' from project 'swift-nio')
    cd /Users/j/Documents/GitHub/MoneroOne/MoneroOne.xcodeproj
    
    Using response file: /Users/j/Documents/GitHub/MoneroOne/build/Build/Intermediates.noindex/swift-nio.build/Debug-iphonesimulator/CNIOPosix.build/Objects-normal/arm64/7187679823f38a2a940e0043cdf9d637-common-args.resp
    
    builtin-ScanDependencies -o /Users/j/Documents/GitHub/MoneroOne/build/Build/Intermediates.noindex/swift-nio.build/Debug-iphonesimulator/CNIOPosix.build/Objects-normal/arm64/event_loop_id.o.scan -- /Applications/Xcode.app/Contents/Developer/Toolchains/XcodeDefault.xctoolchain/usr/bin/clang -x c -ivfsstatcache /Users/j/Documents/GitHub/MoneroOne/build/SDKStatCaches.noindex/iphonesimulator26.1-23B77-90cf18a4295e390e64c810bc6bd7acbc.sdkstatcache -fmessage-length\=0 -fdiagnostics-show-note-include-stack -fmacro-backtrace-limit\=0 -fno-color-diagnostics -fmodules-prune-interval\=86400 -fmodules-prune-after\=345600 -fbuild-session-file\=/Users/j/Documents/GitHub/MoneroOne/build/ModuleCache.noindex/Session.modulevalidation -fmodules-validate-once-per-build-session -Wnon-modular-include-in-framework-module -Werror\=non-modular-include-in-framework-module -Wno-trigraphs -Wno-missing-field-initializers -Wno-missing-prototypes -Wno-return-type -Wno-missing-braces -Wparentheses -Wswitch -Wno-unused-function -Wno-unused-label -Wno-unused-parameter -Wno-unused-variable -Wunused-value -Wno-empty-body -Wno-uninitialized -Wno-unknown-pragmas -w -Wno-shadow -Wno-four-char-constants -Wno-conversion -Wno-constant-conversion -Wno-int-conversion -Wno-bool-conversion -Wno-enum-conversion -Wno-float-conversion -Wno-non-literal-null-conversion -Wno-objc-literal-conversion -Wshorten-64-to-32 -Wpointer-sign -Wno-newline-eof -Wno-implicit-fallthrough -fstrict-aliasing -Wdeprecated-declarations -Wno-sign-conversion -Wno-infinite-recursion -Wno-comma -Wno-block-capture-autoreleasing -Wno-strict-prototypes -Wno-semicolon-before-method-body -index-store-path /Users/j/Documents/GitHub/MoneroOne/build/Index.noindex/DataStore @/Users/j/Documents/GitHub/MoneroOne/build/Build/Intermediates.noindex/swift-nio.build/Debug-iphonesimulator/CNIOPosix.build/Objects-normal/arm64/7187679823f38a2a940e0043cdf9d637-common-args.resp -MMD -MT dependencies -MF /Users/j/Documents/GitHub/MoneroOne/build/Build/Intermediates.noindex/swift-nio.build/Debug-iphonesimulator/CNIOPosix.build/Objects-normal/arm64/event_loop_id.d --serialize-diagnostics /Users/j/Documents/GitHub/MoneroOne/build/Build/Intermediates.noindex/swift-nio.build/Debug-iphonesimulator/CNIOPosix.build/Objects-normal/arm64/event_loop_id.dia -c /Users/j/Documents/GitHub/MoneroOne/build/SourcePackages/checkouts/swift-nio/Sources/CNIOPosix/event_loop_id.c -o /Users/j/Documents/GitHub/MoneroOne/build/Build/Intermediates.noindex/swift-nio.build/Debug-iphonesimulator/CNIOPosix.build/Objects-normal/arm64/event_loop_id.o -index-unit-output-path /swift-nio.build/Debug-iphonesimulator/CNIOPosix.build/Objects-normal/arm64/event_loop_id.o

SwiftDriver secp256k1 normal arm64 com.apple.xcode.tools.swift.compiler (in target 'secp256k1' from project 'secp256k1')
    cd /Users/j/Documents/GitHub/MoneroOne/MoneroOne.xcodeproj
    builtin-SwiftDriver -- /Applications/Xcode.app/Contents/Developer/Toolchains/XcodeDefault.xctoolchain/usr/bin/swiftc -module-name secp256k1 -Onone -enforce-exclusivity\=checked @/Users/j/Documents/GitHub/MoneroOne/build/Build/Intermediates.noindex/secp256k1.build/Debug-iphonesimulator/secp256k1.build/Objects-normal/arm64/secp256k1.SwiftFileList -DSWIFT_PACKAGE -DDEBUG -DSWIFT_MODULE_RESOURCE_BUNDLE_UNAVAILABLE -Xcc -fmodule-map-file\=/Users/j/Documents/GitHub/MoneroOne/build/Build/Intermediates.noindex/GeneratedModuleMaps-iphonesimulator/secp256k1_bindings.modulemap -DXcode -plugin-path /Applications/Xcode.app/Contents/Developer/Toolchains/XcodeDefault.xctoolchain/usr/lib/swift/host/plugins/testing -enable-experimental-feature DebugDescriptionMacro -sdk /Applications/Xcode.app/Contents/Developer/Platforms/iPhoneSimulator.platform/Developer/SDKs/iPhoneSimulator26.1.sdk -target arm64-apple-ios12.0-simulator -g -module-cache-path /Users/j/Documents/GitHub/MoneroOne/build/ModuleCache.noindex -Xfrontend -serialize-debugging-options -enable-testing -suppress-warnings -index-store-path /Users/j/Documents/GitHub/MoneroOne/build/Index.noindex/DataStore -Xcc -D_LIBCPP_HARDENING_MODE\=_LIBCPP_HARDENING_MODE_DEBUG -swift-version 5 -I /Users/j/Documents/GitHub/MoneroOne/build/Build/Products/Debug-iphonesimulator -Isystem /Applications/Xcode.app/Contents/Developer/Platforms/iPhoneSimulator.platform/Developer/usr/lib -F /Users/j/Documents/GitHub/MoneroOne/build/Build/Products/Debug-iphonesimulator/PackageFrameworks -F /Users/j/Documents/GitHub/MoneroOne/build/Build/Products/Debug-iphonesimulator -F /Applications/Xcode.app/Contents/Developer/Platforms/iPhoneSimulator.platform/Developer/Library/Frameworks -F /Applications/Xcode.app/Contents/Developer/Platforms/iPhoneSimulator.platform/Developer/SDKs/iPhoneSimulator26.1.sdk/Developer/Library/Frameworks -c -j12 -enable-batch-mode -incremental -Xcc -ivfsstatcache -Xcc /Users/j/Documents/GitHub/MoneroOne/build/SDKStatCaches.noindex/iphonesimulator26.1-23B77-90cf18a4295e390e64c810bc6bd7acbc.sdkstatcache -output-file-map /Users/j/Documents/GitHub/MoneroOne/build/Build/Intermediates.noindex/secp256k1.build/Debug-iphonesimulator/secp256k1.build/Objects-normal/arm64/secp256k1-OutputFileMap.json -use-frontend-parseable-output -save-temps -no-color-diagnostics -explicit-module-build -module-cache-path /Users/j/Documents/GitHub/MoneroOne/build/Build/Intermediates.noindex/SwiftExplicitPrecompiledModules -clang-scanner-module-cache-path /Users/j/Documents/GitHub/MoneroOne/build/ModuleCache.noindex -sdk-module-cache-path /Users/j/Documents/GitHub/MoneroOne/build/ModuleCache.noindex -serialize-diagnostics -emit-dependencies -emit-module -emit-module-path /Users/j/Documents/GitHub/MoneroOne/build/Build/Intermediates.noindex/secp256k1.build/Debug-iphonesimulator/secp256k1.build/Objects-normal/arm64/secp256k1.swiftmodule -validate-clang-modules-once -clang-build-session-file /Users/j/Documents/GitHub/MoneroOne/build/ModuleCache.noindex/Session.modulevalidation -Xcc -I/Users/j/Documents/GitHub/MoneroOne/build/Build/Intermediates.noindex/secp256k1.build/Debug-iphonesimulator/secp256k1.build/swift-overrides.hmap -emit-const-values -Xfrontend -const-gather-protocols-file -Xfrontend /Users/j/Documents/GitHub/MoneroOne/build/Build/Intermediates.noindex/secp256k1.build/Debug-iphonesimulator/secp256k1.build/Objects-normal/arm64/secp256k1_const_extract_protocols.json -Xcc -I/Users/j/Documents/GitHub/MoneroOne/build/SourcePackages/checkouts/secp256k1.swift/Sources/secp256k1_bindings/include -Xcc -I/Users/j/Documents/GitHub/MoneroOne/build/Build/Products/Debug-iphonesimulator/include -Xcc -I/Users/j/Documents/GitHub/MoneroOne/build/Build/Intermediates.noindex/secp256k1.build/Debug-iphonesimulator/secp256k1.build/DerivedSources-normal/arm64 -Xcc -I/Users/j/Documents/GitHub/MoneroOne/build/Build/Intermediates.noindex/secp256k1.build/Debug-iphonesimulator/secp256k1.build/DerivedSources/arm64 -Xcc -I/Users/j/Documents/GitHub/MoneroOne/build/Build/Intermediates.noindex/secp256k1.build/Debug-iphonesimulator/secp256k1.build/DerivedSources -Xcc -DSWIFT_PACKAGE -Xcc -DDEBUG\=1 -emit-objc-header -emit-objc-header-path /Users/j/Documents/GitHub/MoneroOne/build/Build/Intermediates.noindex/secp256k1.build/Debug-iphonesimulator/secp256k1.build/Objects-normal/arm64/secp256k1-Swift.h -working-directory /Users/j/Documents/GitHub/MoneroOne/MoneroOne.xcodeproj -experimental-emit-module-separately -disable-cmo

SwiftDriver _NIODataStructures normal arm64 com.apple.xcode.tools.swift.compiler (in target '_NIODataStructures' from project 'swift-nio')
    cd /Users/j/Documents/GitHub/MoneroOne/MoneroOne.xcodeproj
    builtin-SwiftDriver -- /Applications/Xcode.app/Contents/Developer/Toolchains/XcodeDefault.xctoolchain/usr/bin/swiftc -module-name _NIODataStructures -Onone -enforce-exclusivity\=checked @/Users/j/Documents/GitHub/MoneroOne/build/Build/Intermediates.noindex/swift-nio.build/Debug-iphonesimulator/_NIODataStructures.build/Objects-normal/arm64/_NIODataStructures.SwiftFileList -DSWIFT_PACKAGE -DDEBUG -DSWIFT_MODULE_RESOURCE_BUNDLE_UNAVAILABLE -DXcode -enable-experimental-feature Lifetimes -enable-upcoming-feature MemberImportVisibility -plugin-path /Applications/Xcode.app/Contents/Developer/Toolchains/XcodeDefault.xctoolchain/usr/lib/swift/host/plugins/testing -enable-experimental-feature DebugDescriptionMacro -sdk /Applications/Xcode.app/Contents/Developer/Platforms/iPhoneSimulator.platform/Developer/SDKs/iPhoneSimulator26.1.sdk -target arm64-apple-ios12.0-simulator -g -module-cache-path /Users/j/Documents/GitHub/MoneroOne/build/ModuleCache.noindex -Xfrontend -serialize-debugging-options -enable-testing -suppress-warnings -index-store-path /Users/j/Documents/GitHub/MoneroOne/build/Index.noindex/DataStore -Xcc -D_LIBCPP_HARDENING_MODE\=_LIBCPP_HARDENING_MODE_DEBUG -swift-version 6 -I /Users/j/Documents/GitHub/MoneroOne/build/Build/Products/Debug-iphonesimulator -Isystem /Applications/Xcode.app/Contents/Developer/Platforms/iPhoneSimulator.platform/Developer/usr/lib -F /Users/j/Documents/GitHub/MoneroOne/build/Build/Products/Debug-iphonesimulator -F /Applications/Xcode.app/Contents/Developer/Platforms/iPhoneSimulator.platform/Developer/Library/Frameworks -F /Applications/Xcode.app/Contents/Developer/Platforms/iPhoneSimulator.platform/Developer/SDKs/iPhoneSimulator26.1.sdk/Developer/Library/Frameworks -c -j12 -enable-batch-mode -incremental -Xcc -ivfsstatcache -Xcc /Users/j/Documents/GitHub/MoneroOne/build/SDKStatCaches.noindex/iphonesimulator26.1-23B77-90cf18a4295e390e64c810bc6bd7acbc.sdkstatcache -output-file-map /Users/j/Documents/GitHub/MoneroOne/build/Build/Intermediates.noindex/swift-nio.build/Debug-iphonesimulator/_NIODataStructures.build/Objects-normal/arm64/_NIODataStructures-OutputFileMap.json -use-frontend-parseable-output -save-temps -no-color-diagnostics -explicit-module-build -module-cache-path /Users/j/Documents/GitHub/MoneroOne/build/Build/Intermediates.noindex/SwiftExplicitPrecompiledModules -clang-scanner-module-cache-path /Users/j/Documents/GitHub/MoneroOne/build/ModuleCache.noindex -sdk-module-cache-path /Users/j/Documents/GitHub/MoneroOne/build/ModuleCache.noindex -serialize-diagnostics -emit-dependencies -emit-module -emit-module-path /Users/j/Documents/GitHub/MoneroOne/build/Build/Intermediates.noindex/swift-nio.build/Debug-iphonesimulator/_NIODataStructures.build/Objects-normal/arm64/_NIODataStructures.swiftmodule -user-module-version 2.92.2 -validate-clang-modules-once -clang-build-session-file /Users/j/Documents/GitHub/MoneroOne/build/ModuleCache.noindex/Session.modulevalidation -package-name swift_nio -Xcc -I/Users/j/Documents/GitHub/MoneroOne/build/Build/Intermediates.noindex/swift-nio.build/Debug-iphonesimulator/_NIODataStructures.build/swift-overrides.hmap -emit-const-values -Xfrontend -const-gather-protocols-file -Xfrontend /Users/j/Documents/GitHub/MoneroOne/build/Build/Intermediates.noindex/swift-nio.build/Debug-iphonesimulator/_NIODataStructures.build/Objects-normal/arm64/_NIODataStructures_const_extract_protocols.json -Xcc -I/Users/j/Documents/GitHub/MoneroOne/build/Build/Products/Debug-iphonesimulator/include -Xcc -I/Users/j/Documents/GitHub/MoneroOne/build/Build/Intermediates.noindex/swift-nio.build/Debug-iphonesimulator/_NIODataStructures.build/DerivedSources-normal/arm64 -Xcc -I/Users/j/Documents/GitHub/MoneroOne/build/Build/Intermediates.noindex/swift-nio.build/Debug-iphonesimulator/_NIODataStructures.build/DerivedSources/arm64 -Xcc -I/Users/j/Documents/GitHub/MoneroOne/build/Build/Intermediates.noindex/swift-nio.build/Debug-iphonesimulator/_NIODataStructures.build/DerivedSources -Xcc -DSWIFT_PACKAGE -Xcc -DDEBUG\=1 -emit-objc-header -emit-objc-header-path /Users/j/Documents/GitHub/MoneroOne/build/Build/Intermediates.noindex/swift-nio.build/Debug-iphonesimulator/_NIODataStructures.build/Objects-normal/arm64/_NIODataStructures-Swift.h -working-directory /Users/j/Documents/GitHub/MoneroOne/MoneroOne.xcodeproj -experimental-emit-module-separately -disable-cmo

SwiftDriver _NIOBase64 normal arm64 com.apple.xcode.tools.swift.compiler (in target '_NIOBase64' from project 'swift-nio')
    cd /Users/j/Documents/GitHub/MoneroOne/MoneroOne.xcodeproj
    builtin-SwiftDriver -- /Applications/Xcode.app/Contents/Developer/Toolchains/XcodeDefault.xctoolchain/usr/bin/swiftc -module-name _NIOBase64 -Onone -enforce-exclusivity\=checked @/Users/j/Documents/GitHub/MoneroOne/build/Build/Intermediates.noindex/swift-nio.build/Debug-iphonesimulator/_NIOBase64.build/Objects-normal/arm64/_NIOBase64.SwiftFileList -DSWIFT_PACKAGE -DDEBUG -DSWIFT_MODULE_RESOURCE_BUNDLE_UNAVAILABLE -DXcode -enable-experimental-feature Lifetimes -enable-upcoming-feature MemberImportVisibility -plugin-path /Applications/Xcode.app/Contents/Developer/Toolchains/XcodeDefault.xctoolchain/usr/lib/swift/host/plugins/testing -enable-experimental-feature DebugDescriptionMacro -sdk /Applications/Xcode.app/Contents/Developer/Platforms/iPhoneSimulator.platform/Developer/SDKs/iPhoneSimulator26.1.sdk -target arm64-apple-ios12.0-simulator -g -module-cache-path /Users/j/Documents/GitHub/MoneroOne/build/ModuleCache.noindex -Xfrontend -serialize-debugging-options -enable-testing -suppress-warnings -index-store-path /Users/j/Documents/GitHub/MoneroOne/build/Index.noindex/DataStore -Xcc -D_LIBCPP_HARDENING_MODE\=_LIBCPP_HARDENING_MODE_DEBUG -swift-version 6 -I /Users/j/Documents/GitHub/MoneroOne/build/Build/Products/Debug-iphonesimulator -Isystem /Applications/Xcode.app/Contents/Developer/Platforms/iPhoneSimulator.platform/Developer/usr/lib -F /Users/j/Documents/GitHub/MoneroOne/build/Build/Products/Debug-iphonesimulator -F /Applications/Xcode.app/Contents/Developer/Platforms/iPhoneSimulator.platform/Developer/Library/Frameworks -F /Applications/Xcode.app/Contents/Developer/Platforms/iPhoneSimulator.platform/Developer/SDKs/iPhoneSimulator26.1.sdk/Developer/Library/Frameworks -parse-as-library -c -j12 -enable-batch-mode -incremental -Xcc -ivfsstatcache -Xcc /Users/j/Documents/GitHub/MoneroOne/build/SDKStatCaches.noindex/iphonesimulator26.1-23B77-90cf18a4295e390e64c810bc6bd7acbc.sdkstatcache -output-file-map /Users/j/Documents/GitHub/MoneroOne/build/Build/Intermediates.noindex/swift-nio.build/Debug-iphonesimulator/_NIOBase64.build/Objects-normal/arm64/_NIOBase64-OutputFileMap.json -use-frontend-parseable-output -save-temps -no-color-diagnostics -explicit-module-build -module-cache-path /Users/j/Documents/GitHub/MoneroOne/build/Build/Intermediates.noindex/SwiftExplicitPrecompiledModules -clang-scanner-module-cache-path /Users/j/Documents/GitHub/MoneroOne/build/ModuleCache.noindex -sdk-module-cache-path /Users/j/Documents/GitHub/MoneroOne/build/ModuleCache.noindex -serialize-diagnostics -emit-dependencies -emit-module -emit-module-path /Users/j/Documents/GitHub/MoneroOne/build/Build/Intermediates.noindex/swift-nio.build/Debug-iphonesimulator/_NIOBase64.build/Objects-normal/arm64/_NIOBase64.swiftmodule -user-module-version 2.92.2 -validate-clang-modules-once -clang-build-session-file /Users/j/Documents/GitHub/MoneroOne/build/ModuleCache.noindex/Session.modulevalidation -package-name swift_nio -Xcc -I/Users/j/Documents/GitHub/MoneroOne/build/Build/Intermediates.noindex/swift-nio.build/Debug-iphonesimulator/_NIOBase64.build/swift-overrides.hmap -emit-const-values -Xfrontend -const-gather-protocols-file -Xfrontend /Users/j/Documents/GitHub/MoneroOne/build/Build/Intermediates.noindex/swift-nio.build/Debug-iphonesimulator/_NIOBase64.build/Objects-normal/arm64/_NIOBase64_const_extract_protocols.json -Xcc -I/Users/j/Documents/GitHub/MoneroOne/build/Build/Products/Debug-iphonesimulator/include -Xcc -I/Users/j/Documents/GitHub/MoneroOne/build/Build/Intermediates.noindex/swift-nio.build/Debug-iphonesimulator/_NIOBase64.build/DerivedSources-normal/arm64 -Xcc -I/Users/j/Documents/GitHub/MoneroOne/build/Build/Intermediates.noindex/swift-nio.build/Debug-iphonesimulator/_NIOBase64.build/DerivedSources/arm64 -Xcc -I/Users/j/Documents/GitHub/MoneroOne/build/Build/Intermediates.noindex/swift-nio.build/Debug-iphonesimulator/_NIOBase64.build/DerivedSources -Xcc -DSWIFT_PACKAGE -Xcc -DDEBUG\=1 -emit-objc-header -emit-objc-header-path /Users/j/Documents/GitHub/MoneroOne/build/Build/Intermediates.noindex/swift-nio.build/Debug-iphonesimulator/_NIOBase64.build/Objects-normal/arm64/_NIOBase64-Swift.h -working-directory /Users/j/Documents/GitHub/MoneroOne/MoneroOne.xcodeproj -experimental-emit-module-separately -disable-cmo

SwiftDriver ObjectMapper normal arm64 com.apple.xcode.tools.swift.compiler (in target 'ObjectMapper' from project 'ObjectMapper')
    cd /Users/j/Documents/GitHub/MoneroOne/MoneroOne.xcodeproj
    builtin-SwiftDriver -- /Applications/Xcode.app/Contents/Developer/Toolchains/XcodeDefault.xctoolchain/usr/bin/swiftc -module-name ObjectMapper -Onone -enforce-exclusivity\=checked @/Users/j/Documents/GitHub/MoneroOne/build/Build/Intermediates.noindex/ObjectMapper.build/Debug-iphonesimulator/ObjectMapper.build/Objects-normal/arm64/ObjectMapper.SwiftFileList -DSWIFT_PACKAGE -DDEBUG -DSWIFT_MODULE_RESOURCE_BUNDLE_UNAVAILABLE -DXcode -plugin-path /Applications/Xcode.app/Contents/Developer/Toolchains/XcodeDefault.xctoolchain/usr/lib/swift/host/plugins/testing -enable-experimental-feature DebugDescriptionMacro -sdk /Applications/Xcode.app/Contents/Developer/Platforms/iPhoneSimulator.platform/Developer/SDKs/iPhoneSimulator26.1.sdk -target arm64-apple-ios13.0-simulator -g -module-cache-path /Users/j/Documents/GitHub/MoneroOne/build/ModuleCache.noindex -Xfrontend -serialize-debugging-options -enable-testing -suppress-warnings -index-store-path /Users/j/Documents/GitHub/MoneroOne/build/Index.noindex/DataStore -Xcc -D_LIBCPP_HARDENING_MODE\=_LIBCPP_HARDENING_MODE_DEBUG -swift-version 5 -I /Users/j/Documents/GitHub/MoneroOne/build/Build/Products/Debug-iphonesimulator -Isystem /Applications/Xcode.app/Contents/Developer/Platforms/iPhoneSimulator.platform/Developer/usr/lib -F /Users/j/Documents/GitHub/MoneroOne/build/Build/Products/Debug-iphonesimulator -F /Applications/Xcode.app/Contents/Developer/Platforms/iPhoneSimulator.platform/Developer/Library/Frameworks -F /Applications/Xcode.app/Contents/Developer/Platforms/iPhoneSimulator.platform/Developer/SDKs/iPhoneSimulator26.1.sdk/Developer/Library/Frameworks -c -j12 -enable-batch-mode -incremental -Xcc -ivfsstatcache -Xcc /Users/j/Documents/GitHub/MoneroOne/build/SDKStatCaches.noindex/iphonesimulator26.1-23B77-90cf18a4295e390e64c810bc6bd7acbc.sdkstatcache -output-file-map /Users/j/Documents/GitHub/MoneroOne/build/Build/Intermediates.noindex/ObjectMapper.build/Debug-iphonesimulator/ObjectMapper.build/Objects-normal/arm64/ObjectMapper-OutputFileMap.json -use-frontend-parseable-output -save-temps -no-color-diagnostics -explicit-module-build -module-cache-path /Users/j/Documents/GitHub/MoneroOne/build/Build/Intermediates.noindex/SwiftExplicitPrecompiledModules -clang-scanner-module-cache-path /Users/j/Documents/GitHub/MoneroOne/build/ModuleCache.noindex -sdk-module-cache-path /Users/j/Documents/GitHub/MoneroOne/build/ModuleCache.noindex -serialize-diagnostics -emit-dependencies -emit-module -emit-module-path /Users/j/Documents/GitHub/MoneroOne/build/Build/Intermediates.noindex/ObjectMapper.build/Debug-iphonesimulator/ObjectMapper.build/Objects-normal/arm64/ObjectMapper.swiftmodule -validate-clang-modules-once -clang-build-session-file /Users/j/Documents/GitHub/MoneroOne/build/ModuleCache.noindex/Session.modulevalidation -Xcc -I/Users/j/Documents/GitHub/MoneroOne/build/Build/Intermediates.noindex/ObjectMapper.build/Debug-iphonesimulator/ObjectMapper.build/swift-overrides.hmap -emit-const-values -Xfrontend -const-gather-protocols-file -Xfrontend /Users/j/Documents/GitHub/MoneroOne/build/Build/Intermediates.noindex/ObjectMapper.build/Debug-iphonesimulator/ObjectMapper.build/Objects-normal/arm64/ObjectMapper_const_extract_protocols.json -Xcc -I/Users/j/Documents/GitHub/MoneroOne/build/Build/Products/Debug-iphonesimulator/include -Xcc -I/Users/j/Documents/GitHub/MoneroOne/build/Build/Intermediates.noindex/ObjectMapper.build/Debug-iphonesimulator/ObjectMapper.build/DerivedSources-normal/arm64 -Xcc -I/Users/j/Documents/GitHub/MoneroOne/build/Build/Intermediates.noindex/ObjectMapper.build/Debug-iphonesimulator/ObjectMapper.build/DerivedSources/arm64 -Xcc -I/Users/j/Documents/GitHub/MoneroOne/build/Build/Intermediates.noindex/ObjectMapper.build/Debug-iphonesimulator/ObjectMapper.build/DerivedSources -Xcc -DSWIFT_PACKAGE -Xcc -DDEBUG\=1 -emit-objc-header -emit-objc-header-path /Users/j/Documents/GitHub/MoneroOne/build/Build/Intermediates.noindex/ObjectMapper.build/Debug-iphonesimulator/ObjectMapper.build/Objects-normal/arm64/ObjectMapper-Swift.h -working-directory /Users/j/Documents/GitHub/MoneroOne/MoneroOne.xcodeproj -experimental-emit-module-separately -disable-cmo

SwiftDriver NIOConcurrencyHelpers normal arm64 com.apple.xcode.tools.swift.compiler (in target 'NIOConcurrencyHelpers' from project 'swift-nio')
    cd /Users/j/Documents/GitHub/MoneroOne/MoneroOne.xcodeproj
    builtin-SwiftDriver -- /Applications/Xcode.app/Contents/Developer/Toolchains/XcodeDefault.xctoolchain/usr/bin/swiftc -module-name NIOConcurrencyHelpers -Onone -enforce-exclusivity\=checked @/Users/j/Documents/GitHub/MoneroOne/build/Build/Intermediates.noindex/swift-nio.build/Debug-iphonesimulator/NIOConcurrencyHelpers.build/Objects-normal/arm64/NIOConcurrencyHelpers.SwiftFileList -DSWIFT_PACKAGE -DDEBUG -DSWIFT_MODULE_RESOURCE_BUNDLE_UNAVAILABLE -Xcc -fmodule-map-file\=/Users/j/Documents/GitHub/MoneroOne/build/Build/Intermediates.noindex/GeneratedModuleMaps-iphonesimulator/CNIOAtomics.modulemap -DXcode -enable-experimental-feature Lifetimes -enable-upcoming-feature MemberImportVisibility -plugin-path /Applications/Xcode.app/Contents/Developer/Toolchains/XcodeDefault.xctoolchain/usr/lib/swift/host/plugins/testing -enable-experimental-feature DebugDescriptionMacro -sdk /Applications/Xcode.app/Contents/Developer/Platforms/iPhoneSimulator.platform/Developer/SDKs/iPhoneSimulator26.1.sdk -target arm64-apple-ios12.0-simulator -g -module-cache-path /Users/j/Documents/GitHub/MoneroOne/build/ModuleCache.noindex -Xfrontend -serialize-debugging-options -enable-testing -suppress-warnings -index-store-path /Users/j/Documents/GitHub/MoneroOne/build/Index.noindex/DataStore -Xcc -D_LIBCPP_HARDENING_MODE\=_LIBCPP_HARDENING_MODE_DEBUG -swift-version 6 -I /Users/j/Documents/GitHub/MoneroOne/build/Build/Products/Debug-iphonesimulator -Isystem /Applications/Xcode.app/Contents/Developer/Platforms/iPhoneSimulator.platform/Developer/usr/lib -F /Users/j/Documents/GitHub/MoneroOne/build/Build/Products/Debug-iphonesimulator/PackageFrameworks -F /Users/j/Documents/GitHub/MoneroOne/build/Build/Products/Debug-iphonesimulator -F /Applications/Xcode.app/Contents/Developer/Platforms/iPhoneSimulator.platform/Developer/Library/Frameworks -F /Applications/Xcode.app/Contents/Developer/Platforms/iPhoneSimulator.platform/Developer/SDKs/iPhoneSimulator26.1.sdk/Developer/Library/Frameworks -c -j12 -enable-batch-mode -incremental -Xcc -ivfsstatcache -Xcc /Users/j/Documents/GitHub/MoneroOne/build/SDKStatCaches.noindex/iphonesimulator26.1-23B77-90cf18a4295e390e64c810bc6bd7acbc.sdkstatcache -output-file-map /Users/j/Documents/GitHub/MoneroOne/build/Build/Intermediates.noindex/swift-nio.build/Debug-iphonesimulator/NIOConcurrencyHelpers.build/Objects-normal/arm64/NIOConcurrencyHelpers-OutputFileMap.json -use-frontend-parseable-output -save-temps -no-color-diagnostics -explicit-module-build -module-cache-path /Users/j/Documents/GitHub/MoneroOne/build/Build/Intermediates.noindex/SwiftExplicitPrecompiledModules -clang-scanner-module-cache-path /Users/j/Documents/GitHub/MoneroOne/build/ModuleCache.noindex -sdk-module-cache-path /Users/j/Documents/GitHub/MoneroOne/build/ModuleCache.noindex -serialize-diagnostics -emit-dependencies -emit-module -emit-module-path /Users/j/Documents/GitHub/MoneroOne/build/Build/Intermediates.noindex/swift-nio.build/Debug-iphonesimulator/NIOConcurrencyHelpers.build/Objects-normal/arm64/NIOConcurrencyHelpers.swiftmodule -user-module-version 2.92.2 -validate-clang-modules-once -clang-build-session-file /Users/j/Documents/GitHub/MoneroOne/build/ModuleCache.noindex/Session.modulevalidation -package-name swift_nio -Xcc -I/Users/j/Documents/GitHub/MoneroOne/build/Build/Intermediates.noindex/swift-nio.build/Debug-iphonesimulator/NIOConcurrencyHelpers.build/swift-overrides.hmap -emit-const-values -Xfrontend -const-gather-protocols-file -Xfrontend /Users/j/Documents/GitHub/MoneroOne/build/Build/Intermediates.noindex/swift-nio.build/Debug-iphonesimulator/NIOConcurrencyHelpers.build/Objects-normal/arm64/NIOConcurrencyHelpers_const_extract_protocols.json -Xcc -I/Users/j/Documents/GitHub/MoneroOne/build/SourcePackages/checkouts/swift-nio/Sources/CNIOAtomics/include -Xcc -I/Users/j/Documents/GitHub/MoneroOne/build/Build/Products/Debug-iphonesimulator/include -Xcc -I/Users/j/Documents/GitHub/MoneroOne/build/Build/Intermediates.noindex/swift-nio.build/Debug-iphonesimulator/NIOConcurrencyHelpers.build/DerivedSources-normal/arm64 -Xcc -I/Users/j/Documents/GitHub/MoneroOne/build/Build/Intermediates.noindex/swift-nio.build/Debug-iphonesimulator/NIOConcurrencyHelpers.build/DerivedSources/arm64 -Xcc -I/Users/j/Documents/GitHub/MoneroOne/build/Build/Intermediates.noindex/swift-nio.build/Debug-iphonesimulator/NIOConcurrencyHelpers.build/DerivedSources -Xcc -DSWIFT_PACKAGE -Xcc -DDEBUG\=1 -emit-objc-header -emit-objc-header-path /Users/j/Documents/GitHub/MoneroOne/build/Build/Intermediates.noindex/swift-nio.build/Debug-iphonesimulator/NIOConcurrencyHelpers.build/Objects-normal/arm64/NIOConcurrencyHelpers-Swift.h -working-directory /Users/j/Documents/GitHub/MoneroOne/MoneroOne.xcodeproj -experimental-emit-module-separately -disable-cmo

SwiftDriver MoneroOneWidgets normal arm64 com.apple.xcode.tools.swift.compiler (in target 'MoneroOneWidgets' from project 'MoneroOne')
    cd /Users/j/Documents/GitHub/MoneroOne
    builtin-SwiftDriver -- /Applications/Xcode.app/Contents/Developer/Toolchains/XcodeDefault.xctoolchain/usr/bin/swiftc -module-name MoneroOneWidgets -Onone -enforce-exclusivity\=checked @/Users/j/Documents/GitHub/MoneroOne/build/Build/Intermediates.noindex/MoneroOne.build/Debug-iphonesimulator/MoneroOneWidgets.build/Objects-normal/arm64/MoneroOneWidgets.SwiftFileList -DDEBUG -enable-bare-slash-regex -enable-experimental-feature DebugDescriptionMacro -sdk /Applications/Xcode.app/Contents/Developer/Platforms/iPhoneSimulator.platform/Developer/SDKs/iPhoneSimulator26.1.sdk -target arm64-apple-ios26.0-simulator -g -module-cache-path /Users/j/Documents/GitHub/MoneroOne/build/ModuleCache.noindex -Xfrontend -serialize-debugging-options -application-extension -enable-testing -index-store-path /Users/j/Documents/GitHub/MoneroOne/build/Index.noindex/DataStore -Xcc -D_LIBCPP_HARDENING_MODE\=_LIBCPP_HARDENING_MODE_DEBUG -swift-version 5 -I /Users/j/Documents/GitHub/MoneroOne/build/Build/Products/Debug-iphonesimulator -F /Users/j/Documents/GitHub/MoneroOne/build/Build/Products/Debug-iphonesimulator -emit-localized-strings -emit-localized-strings-path /Users/j/Documents/GitHub/MoneroOne/build/Build/Intermediates.noindex/MoneroOne.build/Debug-iphonesimulator/MoneroOneWidgets.build/Objects-normal/arm64 -c -j12 -enable-batch-mode -incremental -Xcc -ivfsstatcache -Xcc /Users/j/Documents/GitHub/MoneroOne/build/SDKStatCaches.noindex/iphonesimulator26.1-23B77-90cf18a4295e390e64c810bc6bd7acbc.sdkstatcache -output-file-map /Users/j/Documents/GitHub/MoneroOne/build/Build/Intermediates.noindex/MoneroOne.build/Debug-iphonesimulator/MoneroOneWidgets.build/Objects-normal/arm64/MoneroOneWidgets-OutputFileMap.json -use-frontend-parseable-output -save-temps -no-color-diagnostics -explicit-module-build -module-cache-path /Users/j/Documents/GitHub/MoneroOne/build/Build/Intermediates.noindex/SwiftExplicitPrecompiledModules -clang-scanner-module-cache-path /Users/j/Documents/GitHub/MoneroOne/build/ModuleCache.noindex -sdk-module-cache-path /Users/j/Documents/GitHub/MoneroOne/build/ModuleCache.noindex -serialize-diagnostics -emit-dependencies -emit-module -emit-module-path /Users/j/Documents/GitHub/MoneroOne/build/Build/Intermediates.noindex/MoneroOne.build/Debug-iphonesimulator/MoneroOneWidgets.build/Objects-normal/arm64/MoneroOneWidgets.swiftmodule -validate-clang-modules-once -clang-build-session-file /Users/j/Documents/GitHub/MoneroOne/build/ModuleCache.noindex/Session.modulevalidation -Xcc -I/Users/j/Documents/GitHub/MoneroOne/build/Build/Intermediates.noindex/MoneroOne.build/Debug-iphonesimulator/MoneroOneWidgets.build/swift-overrides.hmap -emit-const-values -Xfrontend -const-gather-protocols-file -Xfrontend /Users/j/Documents/GitHub/MoneroOne/build/Build/Intermediates.noindex/MoneroOne.build/Debug-iphonesimulator/MoneroOneWidgets.build/Objects-normal/arm64/MoneroOneWidgets_const_extract_protocols.json -Xcc -iquote -Xcc /Users/j/Documents/GitHub/MoneroOne/build/Build/Intermediates.noindex/MoneroOne.build/Debug-iphonesimulator/MoneroOneWidgets.build/MoneroOneWidgets-generated-files.hmap -Xcc -I/Users/j/Documents/GitHub/MoneroOne/build/Build/Intermediates.noindex/MoneroOne.build/Debug-iphonesimulator/MoneroOneWidgets.build/MoneroOneWidgets-own-target-headers.hmap -Xcc -I/Users/j/Documents/GitHub/MoneroOne/build/Build/Intermediates.noindex/MoneroOne.build/Debug-iphonesimulator/MoneroOneWidgets.build/MoneroOneWidgets-all-non-framework-target-headers.hmap -Xcc -ivfsoverlay -Xcc /Users/j/Documents/GitHub/MoneroOne/build/Build/Intermediates.noindex/MoneroOne.build/Debug-iphonesimulator/MoneroOne-ddead9317c92f588809e09356899951d-VFS-iphonesimulator/all-product-headers.yaml -Xcc -iquote -Xcc /Users/j/Documents/GitHub/MoneroOne/build/Build/Intermediates.noindex/MoneroOne.build/Debug-iphonesimulator/MoneroOneWidgets.build/MoneroOneWidgets-project-headers.hmap -Xcc -I/Users/j/Documents/GitHub/MoneroOne/build/Build/Products/Debug-iphonesimulator/include -Xcc -I/Users/j/Documents/GitHub/MoneroOne/build/Build/Intermediates.noindex/MoneroOne.build/Debug-iphonesimulator/MoneroOneWidgets.build/DerivedSources-normal/arm64 -Xcc -I/Users/j/Documents/GitHub/MoneroOne/build/Build/Intermediates.noindex/MoneroOne.build/Debug-iphonesimulator/MoneroOneWidgets.build/DerivedSources/arm64 -Xcc -I/Users/j/Documents/GitHub/MoneroOne/build/Build/Intermediates.noindex/MoneroOne.build/Debug-iphonesimulator/MoneroOneWidgets.build/DerivedSources -Xcc -DDEBUG\=1 -emit-objc-header -emit-objc-header-path /Users/j/Documents/GitHub/MoneroOne/build/Build/Intermediates.noindex/MoneroOne.build/Debug-iphonesimulator/MoneroOneWidgets.build/Objects-normal/arm64/MoneroOneWidgets-Swift.h -working-directory /Users/j/Documents/GitHub/MoneroOne -experimental-emit-module-separately -disable-cmo

SwiftDriver InternalCollectionsUtilities normal arm64 com.apple.xcode.tools.swift.compiler (in target 'InternalCollectionsUtilities' from project 'swift-collections')
    cd /Users/j/Documents/GitHub/MoneroOne/MoneroOne.xcodeproj
    builtin-SwiftDriver -- /Applications/Xcode.app/Contents/Developer/Toolchains/XcodeDefault.xctoolchain/usr/bin/swiftc -module-name InternalCollectionsUtilities -Onone -enforce-exclusivity\=checked @/Users/j/Documents/GitHub/MoneroOne/build/Build/Intermediates.noindex/swift-collections.build/Debug-iphonesimulator/InternalCollectionsUtilities.build/Objects-normal/arm64/InternalCollectionsUtilities.SwiftFileList -DSWIFT_PACKAGE -DDEBUG -DSWIFT_MODULE_RESOURCE_BUNDLE_UNAVAILABLE -DCOLLECTIONS_RANDOMIZED_TESTING -DXcode -enable-experimental-feature AvailabilityMacro\=SwiftStdlib\ 5.0:\ macOS\ 10.14.4,\ iOS\ 12.2,\ watchOS\ 5.2,\ tvOS\ 12.2 -enable-experimental-feature AvailabilityMacro\=SwiftStdlib\ 5.1:\ macOS\ 10.15,\ iOS\ 13.0,\ watchOS\ 6.0,\ tvOS\ 13.0 -enable-experimental-feature AvailabilityMacro\=SwiftStdlib\ 5.6:\ macOS\ 12.3,\ iOS\ 15.4,\ watchOS\ 8.5,\ tvOS\ 15.4 -enable-experimental-feature AvailabilityMacro\=SwiftStdlib\ 5.8:\ macOS\ 13.3,\ iOS\ 16.4,\ watchOS\ 9.4,\ tvOS\ 16.4 -enable-experimental-feature AvailabilityMacro\=SwiftStdlib\ 5.9:\ macOS\ 14.0,\ iOS\ 17.0,\ watchOS\ 10.0,\ tvOS\ 17.0 -enable-experimental-feature AvailabilityMacro\=SwiftStdlib\ 5.10:\ macOS\ 14.4,\ iOS\ 17.4,\ watchOS\ 10.4,\ tvOS\ 17.4,\ visionOS\ 1.1 -enable-experimental-feature AvailabilityMacro\=SwiftStdlib\ 6.0:\ macOS\ 15.0,\ iOS\ 18.0,\ watchOS\ 11.0,\ tvOS\ 18.0,\ visionOS\ 2.0 -enable-experimental-feature AvailabilityMacro\=SwiftStdlib\ 6.1:\ macOS\ 15.4,\ iOS\ 18.4,\ watchOS\ 11.4,\ tvOS\ 18.4,\ visionOS\ 2.4 -enable-experimental-feature AvailabilityMacro\=SwiftStdlib\ 6.2:\ macOS\ 26.0,\ iOS\ 26.0,\ watchOS\ 26.0,\ tvOS\ 26.0,\ visionOS\ 26.0 -enable-upcoming-feature MemberImportVisibility -enable-experimental-feature BuiltinModule -enable-experimental-feature Lifetimes -enable-experimental-feature InoutLifetimeDependence -enable-experimental-feature SuppressedAssociatedTypes -plugin-path /Applications/Xcode.app/Contents/Developer/Toolchains/XcodeDefault.xctoolchain/usr/lib/swift/host/plugins/testing -enable-experimental-feature DebugDescriptionMacro -sdk /Applications/Xcode.app/Contents/Developer/Platforms/iPhoneSimulator.platform/Developer/SDKs/iPhoneSimulator26.1.sdk -target arm64-apple-ios12.0-simulator -g -module-cache-path /Users/j/Documents/GitHub/MoneroOne/build/ModuleCache.noindex -Xfrontend -serialize-debugging-options -enable-testing -suppress-warnings -index-store-path /Users/j/Documents/GitHub/MoneroOne/build/Index.noindex/DataStore -Xcc -D_LIBCPP_HARDENING_MODE\=_LIBCPP_HARDENING_MODE_DEBUG -swift-version 6 -I /Users/j/Documents/GitHub/MoneroOne/build/Build/Products/Debug-iphonesimulator -Isystem /Applications/Xcode.app/Contents/Developer/Platforms/iPhoneSimulator.platform/Developer/usr/lib -F /Users/j/Documents/GitHub/MoneroOne/build/Build/Products/Debug-iphonesimulator -F /Applications/Xcode.app/Contents/Developer/Platforms/iPhoneSimulator.platform/Developer/Library/Frameworks -F /Applications/Xcode.app/Contents/Developer/Platforms/iPhoneSimulator.platform/Developer/SDKs/iPhoneSimulator26.1.sdk/Developer/Library/Frameworks -c -j12 -enable-batch-mode -incremental -Xcc -ivfsstatcache -Xcc /Users/j/Documents/GitHub/MoneroOne/build/SDKStatCaches.noindex/iphonesimulator26.1-23B77-90cf18a4295e390e64c810bc6bd7acbc.sdkstatcache -output-file-map /Users/j/Documents/GitHub/MoneroOne/build/Build/Intermediates.noindex/swift-collections.build/Debug-iphonesimulator/InternalCollectionsUtilities.build/Objects-normal/arm64/InternalCollectionsUtilities-OutputFileMap.json -use-frontend-parseable-output -save-temps -no-color-diagnostics -explicit-module-build -module-cache-path /Users/j/Documents/GitHub/MoneroOne/build/Build/Intermediates.noindex/SwiftExplicitPrecompiledModules -clang-scanner-module-cache-path /Users/j/Documents/GitHub/MoneroOne/build/ModuleCache.noindex -sdk-module-cache-path /Users/j/Documents/GitHub/MoneroOne/build/ModuleCache.noindex -serialize-diagnostics -emit-dependencies -emit-module -emit-module-path /Users/j/Documents/GitHub/MoneroOne/build/Build/Intermediates.noindex/swift-collections.build/Debug-iphonesimulator/InternalCollectionsUtilities.build/Objects-normal/arm64/InternalCollectionsUtilities.swiftmodule -user-module-version 1.3.0 -validate-clang-modules-once -clang-build-session-file /Users/j/Documents/GitHub/MoneroOne/build/ModuleCache.noindex/Session.modulevalidation -package-name swift_collections -Xcc -I/Users/j/Documents/GitHub/MoneroOne/build/Build/Intermediates.noindex/swift-collections.build/Debug-iphonesimulator/InternalCollectionsUtilities.build/swift-overrides.hmap -emit-const-values -Xfrontend -const-gather-protocols-file -Xfrontend /Users/j/Documents/GitHub/MoneroOne/build/Build/Intermediates.noindex/swift-collections.build/Debug-iphonesimulator/InternalCollectionsUtilities.build/Objects-normal/arm64/InternalCollectionsUtilities_const_extract_protocols.json -Xcc -I/Users/j/Documents/GitHub/MoneroOne/build/Build/Products/Debug-iphonesimulator/include -Xcc -I/Users/j/Documents/GitHub/MoneroOne/build/Build/Intermediates.noindex/swift-collections.build/Debug-iphonesimulator/InternalCollectionsUtilities.build/DerivedSources-normal/arm64 -Xcc -I/Users/j/Documents/GitHub/MoneroOne/build/Build/Intermediates.noindex/swift-collections.build/Debug-iphonesimulator/InternalCollectionsUtilities.build/DerivedSources/arm64 -Xcc -I/Users/j/Documents/GitHub/MoneroOne/build/Build/Intermediates.noindex/swift-collections.build/Debug-iphonesimulator/InternalCollectionsUtilities.build/DerivedSources -Xcc -DSWIFT_PACKAGE -Xcc -DDEBUG\=1 -emit-objc-header -emit-objc-header-path /Users/j/Documents/GitHub/MoneroOne/build/Build/Intermediates.noindex/swift-collections.build/Debug-iphonesimulator/InternalCollectionsUtilities.build/Objects-normal/arm64/InternalCollectionsUtilities-Swift.h -working-directory /Users/j/Documents/GitHub/MoneroOne/MoneroOne.xcodeproj -experimental-emit-module-separately -disable-cmo

SwiftDriver HsExtensions normal arm64 com.apple.xcode.tools.swift.compiler (in target 'HsExtensions' from project 'HsExtensions.Swift')
    cd /Users/j/Documents/GitHub/MoneroOne/MoneroOne.xcodeproj
    builtin-SwiftDriver -- /Applications/Xcode.app/Contents/Developer/Toolchains/XcodeDefault.xctoolchain/usr/bin/swiftc -module-name HsExtensions -Onone -enforce-exclusivity\=checked @/Users/j/Documents/GitHub/MoneroOne/build/Build/Intermediates.noindex/HsExtensions.Swift.build/Debug-iphonesimulator/HsExtensions.build/Objects-normal/arm64/HsExtensions.SwiftFileList -DSWIFT_PACKAGE -DDEBUG -DSWIFT_MODULE_RESOURCE_BUNDLE_UNAVAILABLE -DXcode -plugin-path /Applications/Xcode.app/Contents/Developer/Toolchains/XcodeDefault.xctoolchain/usr/lib/swift/host/plugins/testing -enable-experimental-feature DebugDescriptionMacro -sdk /Applications/Xcode.app/Contents/Developer/Platforms/iPhoneSimulator.platform/Developer/SDKs/iPhoneSimulator26.1.sdk -target arm64-apple-ios13.0-simulator -g -module-cache-path /Users/j/Documents/GitHub/MoneroOne/build/ModuleCache.noindex -Xfrontend -serialize-debugging-options -enable-testing -suppress-warnings -index-store-path /Users/j/Documents/GitHub/MoneroOne/build/Index.noindex/DataStore -Xcc -D_LIBCPP_HARDENING_MODE\=_LIBCPP_HARDENING_MODE_DEBUG -swift-version 5 -I /Users/j/Documents/GitHub/MoneroOne/build/Build/Products/Debug-iphonesimulator -Isystem /Applications/Xcode.app/Contents/Developer/Platforms/iPhoneSimulator.platform/Developer/usr/lib -F /Users/j/Documents/GitHub/MoneroOne/build/Build/Products/Debug-iphonesimulator -F /Applications/Xcode.app/Contents/Developer/Platforms/iPhoneSimulator.platform/Developer/Library/Frameworks -F /Applications/Xcode.app/Contents/Developer/Platforms/iPhoneSimulator.platform/Developer/SDKs/iPhoneSimulator26.1.sdk/Developer/Library/Frameworks -c -j12 -enable-batch-mode -incremental -Xcc -ivfsstatcache -Xcc /Users/j/Documents/GitHub/MoneroOne/build/SDKStatCaches.noindex/iphonesimulator26.1-23B77-90cf18a4295e390e64c810bc6bd7acbc.sdkstatcache -output-file-map /Users/j/Documents/GitHub/MoneroOne/build/Build/Intermediates.noindex/HsExtensions.Swift.build/Debug-iphonesimulator/HsExtensions.build/Objects-normal/arm64/HsExtensions-OutputFileMap.json -use-frontend-parseable-output -save-temps -no-color-diagnostics -explicit-module-build -module-cache-path /Users/j/Documents/GitHub/MoneroOne/build/Build/Intermediates.noindex/SwiftExplicitPrecompiledModules -clang-scanner-module-cache-path /Users/j/Documents/GitHub/MoneroOne/build/ModuleCache.noindex -sdk-module-cache-path /Users/j/Documents/GitHub/MoneroOne/build/ModuleCache.noindex -serialize-diagnostics -emit-dependencies -emit-module -emit-module-path /Users/j/Documents/GitHub/MoneroOne/build/Build/Intermediates.noindex/HsExtensions.Swift.build/Debug-iphonesimulator/HsExtensions.build/Objects-normal/arm64/HsExtensions.swiftmodule -validate-clang-modules-once -clang-build-session-file /Users/j/Documents/GitHub/MoneroOne/build/ModuleCache.noindex/Session.modulevalidation -Xcc -I/Users/j/Documents/GitHub/MoneroOne/build/Build/Intermediates.noindex/HsExtensions.Swift.build/Debug-iphonesimulator/HsExtensions.build/swift-overrides.hmap -emit-const-values -Xfrontend -const-gather-protocols-file -Xfrontend /Users/j/Documents/GitHub/MoneroOne/build/Build/Intermediates.noindex/HsExtensions.Swift.build/Debug-iphonesimulator/HsExtensions.build/Objects-normal/arm64/HsExtensions_const_extract_protocols.json -Xcc -I/Users/j/Documents/GitHub/MoneroOne/build/Build/Products/Debug-iphonesimulator/include -Xcc -I/Users/j/Documents/GitHub/MoneroOne/build/Build/Intermediates.noindex/HsExtensions.Swift.build/Debug-iphonesimulator/HsExtensions.build/DerivedSources-normal/arm64 -Xcc -I/Users/j/Documents/GitHub/MoneroOne/build/Build/Intermediates.noindex/HsExtensions.Swift.build/Debug-iphonesimulator/HsExtensions.build/DerivedSources/arm64 -Xcc -I/Users/j/Documents/GitHub/MoneroOne/build/Build/Intermediates.noindex/HsExtensions.Swift.build/Debug-iphonesimulator/HsExtensions.build/DerivedSources -Xcc -DSWIFT_PACKAGE -Xcc -DDEBUG\=1 -emit-objc-header -emit-objc-header-path /Users/j/Documents/GitHub/MoneroOne/build/Build/Intermediates.noindex/HsExtensions.Swift.build/Debug-iphonesimulator/HsExtensions.build/Objects-normal/arm64/HsExtensions-Swift.h -working-directory /Users/j/Documents/GitHub/MoneroOne/MoneroOne.xcodeproj -experimental-emit-module-separately -disable-cmo

SwiftDriver GRDB normal arm64 com.apple.xcode.tools.swift.compiler (in target 'GRDB' from project 'GRDB')
    cd /Users/j/Documents/GitHub/MoneroOne/MoneroOne.xcodeproj
    builtin-SwiftDriver -- /Applications/Xcode.app/Contents/Developer/Toolchains/XcodeDefault.xctoolchain/usr/bin/swiftc -module-name GRDB -Onone -enforce-exclusivity\=checked @/Users/j/Documents/GitHub/MoneroOne/build/Build/Intermediates.noindex/GRDB.build/Debug-iphonesimulator/GRDB.build/Objects-normal/arm64/GRDB.SwiftFileList -DSWIFT_PACKAGE -DDEBUG -DSWIFT_MODULE_RESOURCE_BUNDLE_AVAILABLE -DSQLITE_ENABLE_FTS5 -Xcc -fmodule-map-file\=/Users/j/Documents/GitHub/MoneroOne/build/SourcePackages/checkouts/GRDB.swift/Sources/CSQLite/module.modulemap -DXcode -plugin-path /Applications/Xcode.app/Contents/Developer/Toolchains/XcodeDefault.xctoolchain/usr/lib/swift/host/plugins/testing -enable-experimental-feature DebugDescriptionMacro -sdk /Applications/Xcode.app/Contents/Developer/Platforms/iPhoneSimulator.platform/Developer/SDKs/iPhoneSimulator26.1.sdk -target arm64-apple-ios12.0-simulator -g -module-cache-path /Users/j/Documents/GitHub/MoneroOne/build/ModuleCache.noindex -Xfrontend -serialize-debugging-options -enable-testing -suppress-warnings -index-store-path /Users/j/Documents/GitHub/MoneroOne/build/Index.noindex/DataStore -Xcc -D_LIBCPP_HARDENING_MODE\=_LIBCPP_HARDENING_MODE_DEBUG -swift-version 5 -I /Users/j/Documents/GitHub/MoneroOne/build/Build/Products/Debug-iphonesimulator -Isystem /Applications/Xcode.app/Contents/Developer/Platforms/iPhoneSimulator.platform/Developer/usr/lib -F /Users/j/Documents/GitHub/MoneroOne/build/Build/Products/Debug-iphonesimulator -F /Applications/Xcode.app/Contents/Developer/Platforms/iPhoneSimulator.platform/Developer/Library/Frameworks -F /Applications/Xcode.app/Contents/Developer/Platforms/iPhoneSimulator.platform/Developer/SDKs/iPhoneSimulator26.1.sdk/Developer/Library/Frameworks -emit-localized-strings -emit-localized-strings-path /Users/j/Documents/GitHub/MoneroOne/build/Build/Intermediates.noindex/GRDB.build/Debug-iphonesimulator/GRDB.build/Objects-normal/arm64 -c -j12 -enable-batch-mode -incremental -Xcc -ivfsstatcache -Xcc /Users/j/Documents/GitHub/MoneroOne/build/SDKStatCaches.noindex/iphonesimulator26.1-23B77-90cf18a4295e390e64c810bc6bd7acbc.sdkstatcache -output-file-map /Users/j/Documents/GitHub/MoneroOne/build/Build/Intermediates.noindex/GRDB.build/Debug-iphonesimulator/GRDB.build/Objects-normal/arm64/GRDB-OutputFileMap.json -use-frontend-parseable-output -save-temps -no-color-diagnostics -explicit-module-build -module-cache-path /Users/j/Documents/GitHub/MoneroOne/build/Build/Intermediates.noindex/SwiftExplicitPrecompiledModules -clang-scanner-module-cache-path /Users/j/Documents/GitHub/MoneroOne/build/ModuleCache.noindex -sdk-module-cache-path /Users/j/Documents/GitHub/MoneroOne/build/ModuleCache.noindex -serialize-diagnostics -emit-dependencies -emit-module -emit-module-path /Users/j/Documents/GitHub/MoneroOne/build/Build/Intermediates.noindex/GRDB.build/Debug-iphonesimulator/GRDB.build/Objects-normal/arm64/GRDB.swiftmodule -validate-clang-modules-once -clang-build-session-file /Users/j/Documents/GitHub/MoneroOne/build/ModuleCache.noindex/Session.modulevalidation -Xcc -I/Users/j/Documents/GitHub/MoneroOne/build/Build/Intermediates.noindex/GRDB.build/Debug-iphonesimulator/GRDB.build/swift-overrides.hmap -emit-const-values -Xfrontend -const-gather-protocols-file -Xfrontend /Users/j/Documents/GitHub/MoneroOne/build/Build/Intermediates.noindex/GRDB.build/Debug-iphonesimulator/GRDB.build/Objects-normal/arm64/GRDB_const_extract_protocols.json -Xcc -I/Users/j/Documents/GitHub/MoneroOne/build/Build/Products/Debug-iphonesimulator/include -Xcc -I/Users/j/Documents/GitHub/MoneroOne/build/Build/Intermediates.noindex/GRDB.build/Debug-iphonesimulator/GRDB.build/DerivedSources-normal/arm64 -Xcc -I/Users/j/Documents/GitHub/MoneroOne/build/Build/Intermediates.noindex/GRDB.build/Debug-iphonesimulator/GRDB.build/DerivedSources/arm64 -Xcc -I/Users/j/Documents/GitHub/MoneroOne/build/Build/Intermediates.noindex/GRDB.build/Debug-iphonesimulator/GRDB.build/DerivedSources -Xcc -DSWIFT_PACKAGE -Xcc -DDEBUG\=1 -emit-objc-header -emit-objc-header-path /Users/j/Documents/GitHub/MoneroOne/build/Build/Intermediates.noindex/GRDB.build/Debug-iphonesimulator/GRDB.build/Objects-normal/arm64/GRDB-Swift.h -working-directory /Users/j/Documents/GitHub/MoneroOne/MoneroOne.xcodeproj -experimental-emit-module-separately -disable-cmo

SwiftDriver CryptoBoringWrapper normal arm64 com.apple.xcode.tools.swift.compiler (in target 'CryptoBoringWrapper' from project 'swift-crypto')
    cd /Users/j/Documents/GitHub/MoneroOne/MoneroOne.xcodeproj
    builtin-SwiftDriver -- /Applications/Xcode.app/Contents/Developer/Toolchains/XcodeDefault.xctoolchain/usr/bin/swiftc -module-name CryptoBoringWrapper -Onone -enforce-exclusivity\=checked @/Users/j/Documents/GitHub/MoneroOne/build/Build/Intermediates.noindex/swift-crypto.build/Debug-iphonesimulator/CryptoBoringWrapper.build/Objects-normal/arm64/CryptoBoringWrapper.SwiftFileList -DSWIFT_PACKAGE -DDEBUG -DSWIFT_MODULE_RESOURCE_BUNDLE_UNAVAILABLE -DXcode -plugin-path /Applications/Xcode.app/Contents/Developer/Toolchains/XcodeDefault.xctoolchain/usr/lib/swift/host/plugins/testing -enable-experimental-feature DebugDescriptionMacro -sdk /Applications/Xcode.app/Contents/Developer/Platforms/iPhoneSimulator.platform/Developer/SDKs/iPhoneSimulator26.1.sdk -target arm64-apple-ios13.0-simulator -g -module-cache-path /Users/j/Documents/GitHub/MoneroOne/build/ModuleCache.noindex -Xfrontend -serialize-debugging-options -enable-testing -suppress-warnings -index-store-path /Users/j/Documents/GitHub/MoneroOne/build/Index.noindex/DataStore -Xcc -D_LIBCPP_HARDENING_MODE\=_LIBCPP_HARDENING_MODE_DEBUG -swift-version 5 -I /Users/j/Documents/GitHub/MoneroOne/build/Build/Products/Debug-iphonesimulator -Isystem /Applications/Xcode.app/Contents/Developer/Platforms/iPhoneSimulator.platform/Developer/usr/lib -F /Users/j/Documents/GitHub/MoneroOne/build/Build/Products/Debug-iphonesimulator/PackageFrameworks -F /Users/j/Documents/GitHub/MoneroOne/build/Build/Products/Debug-iphonesimulator/PackageFrameworks -F /Users/j/Documents/GitHub/MoneroOne/build/Build/Products/Debug-iphonesimulator -F /Applications/Xcode.app/Contents/Developer/Platforms/iPhoneSimulator.platform/Developer/Library/Frameworks -F /Applications/Xcode.app/Contents/Developer/Platforms/iPhoneSimulator.platform/Developer/SDKs/iPhoneSimulator26.1.sdk/Developer/Library/Frameworks -c -j12 -enable-batch-mode -incremental -Xcc -ivfsstatcache -Xcc /Users/j/Documents/GitHub/MoneroOne/build/SDKStatCaches.noindex/iphonesimulator26.1-23B77-90cf18a4295e390e64c810bc6bd7acbc.sdkstatcache -output-file-map /Users/j/Documents/GitHub/MoneroOne/build/Build/Intermediates.noindex/swift-crypto.build/Debug-iphonesimulator/CryptoBoringWrapper.build/Objects-normal/arm64/CryptoBoringWrapper-OutputFileMap.json -use-frontend-parseable-output -save-temps -no-color-diagnostics -explicit-module-build -module-cache-path /Users/j/Documents/GitHub/MoneroOne/build/Build/Intermediates.noindex/SwiftExplicitPrecompiledModules -clang-scanner-module-cache-path /Users/j/Documents/GitHub/MoneroOne/build/ModuleCache.noindex -sdk-module-cache-path /Users/j/Documents/GitHub/MoneroOne/build/ModuleCache.noindex -serialize-diagnostics -emit-dependencies -emit-module -emit-module-path /Users/j/Documents/GitHub/MoneroOne/build/Build/Intermediates.noindex/swift-crypto.build/Debug-iphonesimulator/CryptoBoringWrapper.build/Objects-normal/arm64/CryptoBoringWrapper.swiftmodule -validate-clang-modules-once -clang-build-session-file /Users/j/Documents/GitHub/MoneroOne/build/ModuleCache.noindex/Session.modulevalidation -Xcc -I/Users/j/Documents/GitHub/MoneroOne/build/Build/Intermediates.noindex/swift-crypto.build/Debug-iphonesimulator/CryptoBoringWrapper.build/swift-overrides.hmap -emit-const-values -Xfrontend -const-gather-protocols-file -Xfrontend /Users/j/Documents/GitHub/MoneroOne/build/Build/Intermediates.noindex/swift-crypto.build/Debug-iphonesimulator/CryptoBoringWrapper.build/Objects-normal/arm64/CryptoBoringWrapper_const_extract_protocols.json -Xcc -I/Users/j/Documents/GitHub/MoneroOne/build/SourcePackages/checkouts/swift-crypto/Sources/CCryptoBoringSSLShims/include -Xcc -I/Users/j/Documents/GitHub/MoneroOne/build/SourcePackages/checkouts/swift-crypto/Sources/CCryptoBoringSSL/include -Xcc -I/Users/j/Documents/GitHub/MoneroOne/build/Build/Products/Debug-iphonesimulator/include -Xcc -I/Users/j/Documents/GitHub/MoneroOne/build/Build/Intermediates.noindex/swift-crypto.build/Debug-iphonesimulator/CryptoBoringWrapper.build/DerivedSources-normal/arm64 -Xcc -I/Users/j/Documents/GitHub/MoneroOne/build/Build/Intermediates.noindex/swift-crypto.build/Debug-iphonesimulator/CryptoBoringWrapper.build/DerivedSources/arm64 -Xcc -I/Users/j/Documents/GitHub/MoneroOne/build/Build/Intermediates.noindex/swift-crypto.build/Debug-iphonesimulator/CryptoBoringWrapper.build/DerivedSources -Xcc -DSWIFT_PACKAGE -Xcc -DDEBUG\=1 -emit-objc-header -emit-objc-header-path /Users/j/Documents/GitHub/MoneroOne/build/Build/Intermediates.noindex/swift-crypto.build/Debug-iphonesimulator/CryptoBoringWrapper.build/Objects-normal/arm64/CryptoBoringWrapper-Swift.h -working-directory /Users/j/Documents/GitHub/MoneroOne/MoneroOne.xcodeproj -experimental-emit-module-separately -disable-cmo

SwiftDriver Crypto normal arm64 com.apple.xcode.tools.swift.compiler (in target 'Crypto' from project 'swift-crypto')
    cd /Users/j/Documents/GitHub/MoneroOne/MoneroOne.xcodeproj
    builtin-SwiftDriver -- /Applications/Xcode.app/Contents/Developer/Toolchains/XcodeDefault.xctoolchain/usr/bin/swiftc -module-name Crypto -Onone -enforce-exclusivity\=checked @/Users/j/Documents/GitHub/MoneroOne/build/Build/Intermediates.noindex/swift-crypto.build/Debug-iphonesimulator/Crypto.build/Objects-normal/arm64/Crypto.SwiftFileList -DSWIFT_PACKAGE -DDEBUG -DSWIFT_MODULE_RESOURCE_BUNDLE_UNAVAILABLE -DCRYPTO_IN_SWIFTPM -DXcode -plugin-path /Applications/Xcode.app/Contents/Developer/Toolchains/XcodeDefault.xctoolchain/usr/lib/swift/host/plugins/testing -enable-experimental-feature DebugDescriptionMacro -sdk /Applications/Xcode.app/Contents/Developer/Platforms/iPhoneSimulator.platform/Developer/SDKs/iPhoneSimulator26.1.sdk -target arm64-apple-ios13.0-simulator -g -module-cache-path /Users/j/Documents/GitHub/MoneroOne/build/ModuleCache.noindex -Xfrontend -serialize-debugging-options -enable-testing -suppress-warnings -index-store-path /Users/j/Documents/GitHub/MoneroOne/build/Index.noindex/DataStore -Xcc -D_LIBCPP_HARDENING_MODE\=_LIBCPP_HARDENING_MODE_DEBUG -swift-version 5 -I /Users/j/Documents/GitHub/MoneroOne/build/Build/Products/Debug-iphonesimulator -Isystem /Applications/Xcode.app/Contents/Developer/Platforms/iPhoneSimulator.platform/Developer/usr/lib -F /Users/j/Documents/GitHub/MoneroOne/build/Build/Products/Debug-iphonesimulator -F /Applications/Xcode.app/Contents/Developer/Platforms/iPhoneSimulator.platform/Developer/Library/Frameworks -F /Applications/Xcode.app/Contents/Developer/Platforms/iPhoneSimulator.platform/Developer/SDKs/iPhoneSimulator26.1.sdk/Developer/Library/Frameworks -c -j12 -enable-batch-mode -incremental -Xcc -ivfsstatcache -Xcc /Users/j/Documents/GitHub/MoneroOne/build/SDKStatCaches.noindex/iphonesimulator26.1-23B77-90cf18a4295e390e64c810bc6bd7acbc.sdkstatcache -output-file-map /Users/j/Documents/GitHub/MoneroOne/build/Build/Intermediates.noindex/swift-crypto.build/Debug-iphonesimulator/Crypto.build/Objects-normal/arm64/Crypto-OutputFileMap.json -use-frontend-parseable-output -save-temps -no-color-diagnostics -explicit-module-build -module-cache-path /Users/j/Documents/GitHub/MoneroOne/build/Build/Intermediates.noindex/SwiftExplicitPrecompiledModules -clang-scanner-module-cache-path /Users/j/Documents/GitHub/MoneroOne/build/ModuleCache.noindex -sdk-module-cache-path /Users/j/Documents/GitHub/MoneroOne/build/ModuleCache.noindex -serialize-diagnostics -emit-dependencies -emit-module -emit-module-path /Users/j/Documents/GitHub/MoneroOne/build/Build/Intermediates.noindex/swift-crypto.build/Debug-iphonesimulator/Crypto.build/Objects-normal/arm64/Crypto.swiftmodule -validate-clang-modules-once -clang-build-session-file /Users/j/Documents/GitHub/MoneroOne/build/ModuleCache.noindex/Session.modulevalidation -Xcc -I/Users/j/Documents/GitHub/MoneroOne/build/Build/Intermediates.noindex/swift-crypto.build/Debug-iphonesimulator/Crypto.build/swift-overrides.hmap -emit-const-values -Xfrontend -const-gather-protocols-file -Xfrontend /Users/j/Documents/GitHub/MoneroOne/build/Build/Intermediates.noindex/swift-crypto.build/Debug-iphonesimulator/Crypto.build/Objects-normal/arm64/Crypto_const_extract_protocols.json -Xcc -I/Users/j/Documents/GitHub/MoneroOne/build/Build/Products/Debug-iphonesimulator/include -Xcc -I/Users/j/Documents/GitHub/MoneroOne/build/Build/Intermediates.noindex/swift-crypto.build/Debug-iphonesimulator/Crypto.build/DerivedSources-normal/arm64 -Xcc -I/Users/j/Documents/GitHub/MoneroOne/build/Build/Intermediates.noindex/swift-crypto.build/Debug-iphonesimulator/Crypto.build/DerivedSources/arm64 -Xcc -I/Users/j/Documents/GitHub/MoneroOne/build/Build/Intermediates.noindex/swift-crypto.build/Debug-iphonesimulator/Crypto.build/DerivedSources -Xcc -DSWIFT_PACKAGE -Xcc -DDEBUG\=1 -emit-objc-header -emit-objc-header-path /Users/j/Documents/GitHub/MoneroOne/build/Build/Intermediates.noindex/swift-crypto.build/Debug-iphonesimulator/Crypto.build/Objects-normal/arm64/Crypto-Swift.h -working-directory /Users/j/Documents/GitHub/MoneroOne/MoneroOne.xcodeproj -experimental-emit-module-separately -disable-cmo

SwiftDriver BigInt normal arm64 com.apple.xcode.tools.swift.compiler (in target 'BigInt' from project 'BigInt')
    cd /Users/j/Documents/GitHub/MoneroOne/MoneroOne.xcodeproj
    builtin-SwiftDriver -- /Applications/Xcode.app/Contents/Developer/Toolchains/XcodeDefault.xctoolchain/usr/bin/swiftc -module-name BigInt -Onone -enforce-exclusivity\=checked @/Users/j/Documents/GitHub/MoneroOne/build/Build/Intermediates.noindex/BigInt.build/Debug-iphonesimulator/BigInt.build/Objects-normal/arm64/BigInt.SwiftFileList -DSWIFT_PACKAGE -DDEBUG -DSWIFT_MODULE_RESOURCE_BUNDLE_UNAVAILABLE -DXcode -enable-experimental-feature StrictConcurrency -plugin-path /Applications/Xcode.app/Contents/Developer/Toolchains/XcodeDefault.xctoolchain/usr/lib/swift/host/plugins/testing -enable-experimental-feature DebugDescriptionMacro -sdk /Applications/Xcode.app/Contents/Developer/Platforms/iPhoneSimulator.platform/Developer/SDKs/iPhoneSimulator26.1.sdk -target arm64-apple-ios12.0-simulator -g -module-cache-path /Users/j/Documents/GitHub/MoneroOne/build/ModuleCache.noindex -Xfrontend -serialize-debugging-options -enable-testing -suppress-warnings -index-store-path /Users/j/Documents/GitHub/MoneroOne/build/Index.noindex/DataStore -Xcc -D_LIBCPP_HARDENING_MODE\=_LIBCPP_HARDENING_MODE_DEBUG -swift-version 5 -I /Users/j/Documents/GitHub/MoneroOne/build/Build/Products/Debug-iphonesimulator -Isystem /Applications/Xcode.app/Contents/Developer/Platforms/iPhoneSimulator.platform/Developer/usr/lib -F /Users/j/Documents/GitHub/MoneroOne/build/Build/Products/Debug-iphonesimulator -F /Applications/Xcode.app/Contents/Developer/Platforms/iPhoneSimulator.platform/Developer/Library/Frameworks -F /Applications/Xcode.app/Contents/Developer/Platforms/iPhoneSimulator.platform/Developer/SDKs/iPhoneSimulator26.1.sdk/Developer/Library/Frameworks -c -j12 -enable-batch-mode -incremental -Xcc -ivfsstatcache -Xcc /Users/j/Documents/GitHub/MoneroOne/build/SDKStatCaches.noindex/iphonesimulator26.1-23B77-90cf18a4295e390e64c810bc6bd7acbc.sdkstatcache -output-file-map /Users/j/Documents/GitHub/MoneroOne/build/Build/Intermediates.noindex/BigInt.build/Debug-iphonesimulator/BigInt.build/Objects-normal/arm64/BigInt-OutputFileMap.json -use-frontend-parseable-output -save-temps -no-color-diagnostics -explicit-module-build -module-cache-path /Users/j/Documents/GitHub/MoneroOne/build/Build/Intermediates.noindex/SwiftExplicitPrecompiledModules -clang-scanner-module-cache-path /Users/j/Documents/GitHub/MoneroOne/build/ModuleCache.noindex -sdk-module-cache-path /Users/j/Documents/GitHub/MoneroOne/build/ModuleCache.noindex -serialize-diagnostics -emit-dependencies -emit-module -emit-module-path /Users/j/Documents/GitHub/MoneroOne/build/Build/Intermediates.noindex/BigInt.build/Debug-iphonesimulator/BigInt.build/Objects-normal/arm64/BigInt.swiftmodule -validate-clang-modules-once -clang-build-session-file /Users/j/Documents/GitHub/MoneroOne/build/ModuleCache.noindex/Session.modulevalidation -package-name bigint -Xcc -I/Users/j/Documents/GitHub/MoneroOne/build/Build/Intermediates.noindex/BigInt.build/Debug-iphonesimulator/BigInt.build/swift-overrides.hmap -emit-const-values -Xfrontend -const-gather-protocols-file -Xfrontend /Users/j/Documents/GitHub/MoneroOne/build/Build/Intermediates.noindex/BigInt.build/Debug-iphonesimulator/BigInt.build/Objects-normal/arm64/BigInt_const_extract_protocols.json -Xcc -I/Users/j/Documents/GitHub/MoneroOne/build/Build/Products/Debug-iphonesimulator/include -Xcc -I/Users/j/Documents/GitHub/MoneroOne/build/Build/Intermediates.noindex/BigInt.build/Debug-iphonesimulator/BigInt.build/DerivedSources-normal/arm64 -Xcc -I/Users/j/Documents/GitHub/MoneroOne/build/Build/Intermediates.noindex/BigInt.build/Debug-iphonesimulator/BigInt.build/DerivedSources/arm64 -Xcc -I/Users/j/Documents/GitHub/MoneroOne/build/Build/Intermediates.noindex/BigInt.build/Debug-iphonesimulator/BigInt.build/DerivedSources -Xcc -DSWIFT_PACKAGE -Xcc -DDEBUG\=1 -emit-objc-header -emit-objc-header-path /Users/j/Documents/GitHub/MoneroOne/build/Build/Intermediates.noindex/BigInt.build/Debug-iphonesimulator/BigInt.build/Objects-normal/arm64/BigInt-Swift.h -working-directory /Users/j/Documents/GitHub/MoneroOne/MoneroOne.xcodeproj -experimental-emit-module-separately -disable-cmo

SwiftDriver Atomics normal arm64 com.apple.xcode.tools.swift.compiler (in target 'Atomics' from project 'swift-atomics')
    cd /Users/j/Documents/GitHub/MoneroOne/MoneroOne.xcodeproj
    builtin-SwiftDriver -- /Applications/Xcode.app/Contents/Developer/Toolchains/XcodeDefault.xctoolchain/usr/bin/swiftc -module-name Atomics -Onone -enforce-exclusivity\=checked @/Users/j/Documents/GitHub/MoneroOne/build/Build/Intermediates.noindex/swift-atomics.build/Debug-iphonesimulator/Atomics.build/Objects-normal/arm64/Atomics.SwiftFileList -DSWIFT_PACKAGE -DDEBUG -DSWIFT_MODULE_RESOURCE_BUNDLE_UNAVAILABLE -DXcode -enable-experimental-feature BuiltinModule -plugin-path /Applications/Xcode.app/Contents/Developer/Toolchains/XcodeDefault.xctoolchain/usr/lib/swift/host/plugins/testing -enable-experimental-feature DebugDescriptionMacro -sdk /Applications/Xcode.app/Contents/Developer/Platforms/iPhoneSimulator.platform/Developer/SDKs/iPhoneSimulator26.1.sdk -target arm64-apple-ios12.0-simulator -g -module-cache-path /Users/j/Documents/GitHub/MoneroOne/build/ModuleCache.noindex -Xfrontend -serialize-debugging-options -enable-testing -suppress-warnings -index-store-path /Users/j/Documents/GitHub/MoneroOne/build/Index.noindex/DataStore -Xcc -D_LIBCPP_HARDENING_MODE\=_LIBCPP_HARDENING_MODE_DEBUG -swift-version 5 -I /Users/j/Documents/GitHub/MoneroOne/build/Build/Products/Debug-iphonesimulator -Isystem /Applications/Xcode.app/Contents/Developer/Platforms/iPhoneSimulator.platform/Developer/usr/lib -F /Users/j/Documents/GitHub/MoneroOne/build/Build/Products/Debug-iphonesimulator/PackageFrameworks -F /Users/j/Documents/GitHub/MoneroOne/build/Build/Products/Debug-iphonesimulator -F /Applications/Xcode.app/Contents/Developer/Platforms/iPhoneSimulator.platform/Developer/Library/Frameworks -F /Applications/Xcode.app/Contents/Developer/Platforms/iPhoneSimulator.platform/Developer/SDKs/iPhoneSimulator26.1.sdk/Developer/Library/Frameworks -c -j12 -enable-batch-mode -incremental -Xcc -ivfsstatcache -Xcc /Users/j/Documents/GitHub/MoneroOne/build/SDKStatCaches.noindex/iphonesimulator26.1-23B77-90cf18a4295e390e64c810bc6bd7acbc.sdkstatcache -output-file-map /Users/j/Documents/GitHub/MoneroOne/build/Build/Intermediates.noindex/swift-atomics.build/Debug-iphonesimulator/Atomics.build/Objects-normal/arm64/Atomics-OutputFileMap.json -use-frontend-parseable-output -save-temps -no-color-diagnostics -explicit-module-build -module-cache-path /Users/j/Documents/GitHub/MoneroOne/build/Build/Intermediates.noindex/SwiftExplicitPrecompiledModules -clang-scanner-module-cache-path /Users/j/Documents/GitHub/MoneroOne/build/ModuleCache.noindex -sdk-module-cache-path /Users/j/Documents/GitHub/MoneroOne/build/ModuleCache.noindex -serialize-diagnostics -emit-dependencies -emit-module -emit-module-path /Users/j/Documents/GitHub/MoneroOne/build/Build/Intermediates.noindex/swift-atomics.build/Debug-iphonesimulator/Atomics.build/Objects-normal/arm64/Atomics.swiftmodule -validate-clang-modules-once -clang-build-session-file /Users/j/Documents/GitHub/MoneroOne/build/ModuleCache.noindex/Session.modulevalidation -package-name swift_atomics -Xcc -I/Users/j/Documents/GitHub/MoneroOne/build/Build/Intermediates.noindex/swift-atomics.build/Debug-iphonesimulator/Atomics.build/swift-overrides.hmap -emit-const-values -Xfrontend -const-gather-protocols-file -Xfrontend /Users/j/Documents/GitHub/MoneroOne/build/Build/Intermediates.noindex/swift-atomics.build/Debug-iphonesimulator/Atomics.build/Objects-normal/arm64/Atomics_const_extract_protocols.json -Xcc -I/Users/j/Documents/GitHub/MoneroOne/build/SourcePackages/checkouts/swift-atomics/Sources/_AtomicsShims/include -Xcc -I/Users/j/Documents/GitHub/MoneroOne/build/Build/Products/Debug-iphonesimulator/include -Xcc -I/Users/j/Documents/GitHub/MoneroOne/build/Build/Intermediates.noindex/swift-atomics.build/Debug-iphonesimulator/Atomics.build/DerivedSources-normal/arm64 -Xcc -I/Users/j/Documents/GitHub/MoneroOne/build/Build/Intermediates.noindex/swift-atomics.build/Debug-iphonesimulator/Atomics.build/DerivedSources/arm64 -Xcc -I/Users/j/Documents/GitHub/MoneroOne/build/Build/Intermediates.noindex/swift-atomics.build/Debug-iphonesimulator/Atomics.build/DerivedSources -Xcc -DSWIFT_PACKAGE -Xcc -DDEBUG\=1 -emit-objc-header -emit-objc-header-path /Users/j/Documents/GitHub/MoneroOne/build/Build/Intermediates.noindex/swift-atomics.build/Debug-iphonesimulator/Atomics.build/Objects-normal/arm64/Atomics-Swift.h -working-directory /Users/j/Documents/GitHub/MoneroOne/MoneroOne.xcodeproj -experimental-emit-module-separately -disable-cmo

SwiftDriver Alamofire normal arm64 com.apple.xcode.tools.swift.compiler (in target 'Alamofire' from project 'Alamofire')
    cd /Users/j/Documents/GitHub/MoneroOne/MoneroOne.xcodeproj
    builtin-SwiftDriver -- /Applications/Xcode.app/Contents/Developer/Toolchains/XcodeDefault.xctoolchain/usr/bin/swiftc -module-name Alamofire -Onone -enforce-exclusivity\=checked @/Users/j/Documents/GitHub/MoneroOne/build/Build/Intermediates.noindex/Alamofire.build/Debug-iphonesimulator/Alamofire.build/Objects-normal/arm64/Alamofire.SwiftFileList -DSWIFT_PACKAGE -DDEBUG -DSWIFT_MODULE_RESOURCE_BUNDLE_AVAILABLE -DXcode -enable-upcoming-feature ExistentialAny -plugin-path /Applications/Xcode.app/Contents/Developer/Toolchains/XcodeDefault.xctoolchain/usr/lib/swift/host/plugins/testing -enable-experimental-feature DebugDescriptionMacro -sdk /Applications/Xcode.app/Contents/Developer/Platforms/iPhoneSimulator.platform/Developer/SDKs/iPhoneSimulator26.1.sdk -target arm64-apple-ios12.0-simulator -g -module-cache-path /Users/j/Documents/GitHub/MoneroOne/build/ModuleCache.noindex -Xfrontend -serialize-debugging-options -enable-testing -suppress-warnings -index-store-path /Users/j/Documents/GitHub/MoneroOne/build/Index.noindex/DataStore -Xcc -D_LIBCPP_HARDENING_MODE\=_LIBCPP_HARDENING_MODE_DEBUG -swift-version 5 -I /Users/j/Documents/GitHub/MoneroOne/build/Build/Products/Debug-iphonesimulator -Isystem /Applications/Xcode.app/Contents/Developer/Platforms/iPhoneSimulator.platform/Developer/usr/lib -F /Users/j/Documents/GitHub/MoneroOne/build/Build/Products/Debug-iphonesimulator -F /Applications/Xcode.app/Contents/Developer/Platforms/iPhoneSimulator.platform/Developer/Library/Frameworks -F /Applications/Xcode.app/Contents/Developer/Platforms/iPhoneSimulator.platform/Developer/SDKs/iPhoneSimulator26.1.sdk/Developer/Library/Frameworks -c -j12 -enable-batch-mode -incremental -Xcc -ivfsstatcache -Xcc /Users/j/Documents/GitHub/MoneroOne/build/SDKStatCaches.noindex/iphonesimulator26.1-23B77-90cf18a4295e390e64c810bc6bd7acbc.sdkstatcache -output-file-map /Users/j/Documents/GitHub/MoneroOne/build/Build/Intermediates.noindex/Alamofire.build/Debug-iphonesimulator/Alamofire.build/Objects-normal/arm64/Alamofire-OutputFileMap.json -use-frontend-parseable-output -save-temps -no-color-diagnostics -explicit-module-build -module-cache-path /Users/j/Documents/GitHub/MoneroOne/build/Build/Intermediates.noindex/SwiftExplicitPrecompiledModules -clang-scanner-module-cache-path /Users/j/Documents/GitHub/MoneroOne/build/ModuleCache.noindex -sdk-module-cache-path /Users/j/Documents/GitHub/MoneroOne/build/ModuleCache.noindex -serialize-diagnostics -emit-dependencies -emit-module -emit-module-path /Users/j/Documents/GitHub/MoneroOne/build/Build/Intermediates.noindex/Alamofire.build/Debug-iphonesimulator/Alamofire.build/Objects-normal/arm64/Alamofire.swiftmodule -user-module-version 5.11.0 -validate-clang-modules-once -clang-build-session-file /Users/j/Documents/GitHub/MoneroOne/build/ModuleCache.noindex/Session.modulevalidation -package-name alamofire -Xcc -I/Users/j/Documents/GitHub/MoneroOne/build/Build/Intermediates.noindex/Alamofire.build/Debug-iphonesimulator/Alamofire.build/swift-overrides.hmap -emit-const-values -Xfrontend -const-gather-protocols-file -Xfrontend /Users/j/Documents/GitHub/MoneroOne/build/Build/Intermediates.noindex/Alamofire.build/Debug-iphonesimulator/Alamofire.build/Objects-normal/arm64/Alamofire_const_extract_protocols.json -Xcc -I/Users/j/Documents/GitHub/MoneroOne/build/Build/Products/Debug-iphonesimulator/include -Xcc -I/Users/j/Documents/GitHub/MoneroOne/build/Build/Intermediates.noindex/Alamofire.build/Debug-iphonesimulator/Alamofire.build/DerivedSources-normal/arm64 -Xcc -I/Users/j/Documents/GitHub/MoneroOne/build/Build/Intermediates.noindex/Alamofire.build/Debug-iphonesimulator/Alamofire.build/DerivedSources/arm64 -Xcc -I/Users/j/Documents/GitHub/MoneroOne/build/Build/Intermediates.noindex/Alamofire.build/Debug-iphonesimulator/Alamofire.build/DerivedSources -Xcc -DSWIFT_PACKAGE -Xcc -DDEBUG\=1 -emit-objc-header -emit-objc-header-path /Users/j/Documents/GitHub/MoneroOne/build/Build/Intermediates.noindex/Alamofire.build/Debug-iphonesimulator/Alamofire.build/Objects-normal/arm64/Alamofire-Swift.h -working-directory /Users/j/Documents/GitHub/MoneroOne/MoneroOne.xcodeproj -experimental-emit-module-separately -disable-cmo

SwiftExplicitDependencyGeneratePcm arm64 /Users/j/Documents/GitHub/MoneroOne/build/ModuleCache.noindex/_Builtin_stdarg-F2R2WGZXLDBUUJPMGO4TW2KNT.pcm

SwiftExplicitDependencyGeneratePcm arm64 /Users/j/Documents/GitHub/MoneroOne/build/ModuleCache.noindex/_Builtin_float-5ZBSFK0LHHJ2CU7WGT9MLUOLQ.pcm

SwiftExplicitDependencyGeneratePcm arm64 /Users/j/Documents/GitHub/MoneroOne/build/ModuleCache.noindex/_Builtin_stdarg-5B5I5SP8G1E7DTGIJDAK3R3SV.pcm

SwiftExplicitDependencyGeneratePcm arm64 /Users/j/Documents/GitHub/MoneroOne/build/ModuleCache.noindex/_Builtin_stdbool-E5U2MY8XGGS14KYI4AN8GMEW8.pcm

SwiftExplicitDependencyGeneratePcm arm64 /Users/j/Documents/GitHub/MoneroOne/build/ModuleCache.noindex/_SwiftConcurrencyShims-7Z946GD5RA2LVKHRUUQNIJ8RC.pcm

SwiftExplicitDependencyGeneratePcm arm64 /Users/j/Documents/GitHub/MoneroOne/build/ModuleCache.noindex/_Builtin_stddef-XIHALRR6R4D9DA1NK9L1FIFZ.pcm

SwiftExplicitDependencyGeneratePcm arm64 /Users/j/Documents/GitHub/MoneroOne/build/ModuleCache.noindex/ptrcheck-3GDYF6TM0LKCOJGP185LC75CI.pcm

SwiftExplicitDependencyGeneratePcm arm64 /Users/j/Documents/GitHub/MoneroOne/build/ModuleCache.noindex/_SwiftConcurrencyShims-C8RRDGQ7I1O2AJGWK8NN241TX.pcm

SwiftExplicitDependencyGeneratePcm arm64 /Users/j/Documents/GitHub/MoneroOne/build/ModuleCache.noindex/ptrcheck-A3BMEU5U7BOI0SYRYF7MKQBDJ.pcm

SwiftExplicitDependencyGeneratePcm arm64 /Users/j/Documents/GitHub/MoneroOne/build/ModuleCache.noindex/SwiftShims-4C8GU01VXG0KTL4LG9H6ZKFBA.pcm

SwiftExplicitDependencyGeneratePcm arm64 /Users/j/Documents/GitHub/MoneroOne/build/ModuleCache.noindex/ptrauth-C53F22JRWFOB9VF0XJHGEPX6K.pcm

SwiftExplicitDependencyGeneratePcm arm64 /Users/j/Documents/GitHub/MoneroOne/build/ModuleCache.noindex/SwiftShims-3UCT46QNWYOYSVSIKU4OHQVY8.pcm

SwiftExplicitDependencyGeneratePcm arm64 /Users/j/Documents/GitHub/MoneroOne/build/ModuleCache.noindex/_Builtin_stddef-45ZX8ZBFUUN8IU70CAB8EZ8FW.pcm

SwiftExplicitDependencyGeneratePcm arm64 /Users/j/Documents/GitHub/MoneroOne/build/Build/Intermediates.noindex/SwiftExplicitPrecompiledModules/secp256k1_bindings-DUY5YPAI7O5H1PZO36HSHIDOK.pcm

SwiftExplicitDependencyGeneratePcm arm64 /Users/j/Documents/GitHub/MoneroOne/build/ModuleCache.noindex/_Builtin_float-9EHR0QVB8TF0NYEQ6PGJEKXGM.pcm

SwiftExplicitDependencyGeneratePcm arm64 /Users/j/Documents/GitHub/MoneroOne/build/ModuleCache.noindex/_Builtin_stdbool-6L12AALGRF51MB5VSJQR4SR2Z.pcm

SwiftExplicitDependencyGeneratePcm arm64 /Users/j/Documents/GitHub/MoneroOne/build/ModuleCache.noindex/_AvailabilityInternal-H37NFV1NAR7LGJXMN5FQ7755.pcm

SwiftExplicitDependencyGeneratePcm arm64 /Users/j/Documents/GitHub/MoneroOne/build/ModuleCache.noindex/_AvailabilityInternal-23NV45EYH9HOCBXSKDB4I0AV5.pcm

CompileC /Users/j/Documents/GitHub/MoneroOne/build/Build/Intermediates.noindex/swift-nio.build/Debug-iphonesimulator/CNIOWindows.build/Objects-normal/arm64/shim.o /Users/j/Documents/GitHub/MoneroOne/build/SourcePackages/checkouts/swift-nio/Sources/CNIOWindows/shim.c normal arm64 c com.apple.compilers.llvm.clang.1_0.compiler (in target 'CNIOWindows' from project 'swift-nio')
    cd /Users/j/Documents/GitHub/MoneroOne/MoneroOne.xcodeproj
    
    Using response file: /Users/j/Documents/GitHub/MoneroOne/build/Build/Intermediates.noindex/swift-nio.build/Debug-iphonesimulator/CNIOWindows.build/Objects-normal/arm64/7187679823f38a2a940e0043cdf9d637-common-args.resp
    
    /Applications/Xcode.app/Contents/Developer/Toolchains/XcodeDefault.xctoolchain/usr/bin/clang -x c -ivfsstatcache /Users/j/Documents/GitHub/MoneroOne/build/SDKStatCaches.noindex/iphonesimulator26.1-23B77-90cf18a4295e390e64c810bc6bd7acbc.sdkstatcache -fmessage-length\=0 -fdiagnostics-show-note-include-stack -fmacro-backtrace-limit\=0 -fno-color-diagnostics -fmodules-prune-interval\=86400 -fmodules-prune-after\=345600 -fbuild-session-file\=/Users/j/Documents/GitHub/MoneroOne/build/ModuleCache.noindex/Session.modulevalidation -fmodules-validate-once-per-build-session -Wnon-modular-include-in-framework-module -Werror\=non-modular-include-in-framework-module -Wno-trigraphs -Wno-missing-field-initializers -Wno-missing-prototypes -Wno-return-type -Wno-missing-braces -Wparentheses -Wswitch -Wno-unused-function -Wno-unused-label -Wno-unused-parameter -Wno-unused-variable -Wunused-value -Wno-empty-body -Wno-uninitialized -Wno-unknown-pragmas -w -Wno-shadow -Wno-four-char-constants -Wno-conversion -Wno-constant-conversion -Wno-int-conversion -Wno-bool-conversion -Wno-enum-conversion -Wno-float-conversion -Wno-non-literal-null-conversion -Wno-objc-literal-conversion -Wshorten-64-to-32 -Wpointer-sign -Wno-newline-eof -Wno-implicit-fallthrough -fstrict-aliasing -Wdeprecated-declarations -Wno-sign-conversion -Wno-infinite-recursion -Wno-comma -Wno-block-capture-autoreleasing -Wno-strict-prototypes -Wno-semicolon-before-method-body -index-store-path /Users/j/Documents/GitHub/MoneroOne/build/Index.noindex/DataStore @/Users/j/Documents/GitHub/MoneroOne/build/Build/Intermediates.noindex/swift-nio.build/Debug-iphonesimulator/CNIOWindows.build/Objects-normal/arm64/7187679823f38a2a940e0043cdf9d637-common-args.resp -MMD -MT dependencies -MF /Users/j/Documents/GitHub/MoneroOne/build/Build/Intermediates.noindex/swift-nio.build/Debug-iphonesimulator/CNIOWindows.build/Objects-normal/arm64/shim.d --serialize-diagnostics /Users/j/Documents/GitHub/MoneroOne/build/Build/Intermediates.noindex/swift-nio.build/Debug-iphonesimulator/CNIOWindows.build/Objects-normal/arm64/shim.dia -c /Users/j/Documents/GitHub/MoneroOne/build/SourcePackages/checkouts/swift-nio/Sources/CNIOWindows/shim.c -o /Users/j/Documents/GitHub/MoneroOne/build/Build/Intermediates.noindex/swift-nio.build/Debug-iphonesimulator/CNIOWindows.build/Objects-normal/arm64/shim.o -index-unit-output-path /swift-nio.build/Debug-iphonesimulator/CNIOWindows.build/Objects-normal/arm64/shim.o

CompileC /Users/j/Documents/GitHub/MoneroOne/build/Build/Intermediates.noindex/swift-nio.build/Debug-iphonesimulator/CNIOWindows.build/Objects-normal/arm64/WSAStartup.o /Users/j/Documents/GitHub/MoneroOne/build/SourcePackages/checkouts/swift-nio/Sources/CNIOWindows/WSAStartup.c normal arm64 c com.apple.compilers.llvm.clang.1_0.compiler (in target 'CNIOWindows' from project 'swift-nio')
    cd /Users/j/Documents/GitHub/MoneroOne/MoneroOne.xcodeproj
    
    Using response file: /Users/j/Documents/GitHub/MoneroOne/build/Build/Intermediates.noindex/swift-nio.build/Debug-iphonesimulator/CNIOWindows.build/Objects-normal/arm64/7187679823f38a2a940e0043cdf9d637-common-args.resp
    
    /Applications/Xcode.app/Contents/Developer/Toolchains/XcodeDefault.xctoolchain/usr/bin/clang -x c -ivfsstatcache /Users/j/Documents/GitHub/MoneroOne/build/SDKStatCaches.noindex/iphonesimulator26.1-23B77-90cf18a4295e390e64c810bc6bd7acbc.sdkstatcache -fmessage-length\=0 -fdiagnostics-show-note-include-stack -fmacro-backtrace-limit\=0 -fno-color-diagnostics -fmodules-prune-interval\=86400 -fmodules-prune-after\=345600 -fbuild-session-file\=/Users/j/Documents/GitHub/MoneroOne/build/ModuleCache.noindex/Session.modulevalidation -fmodules-validate-once-per-build-session -Wnon-modular-include-in-framework-module -Werror\=non-modular-include-in-framework-module -Wno-trigraphs -Wno-missing-field-initializers -Wno-missing-prototypes -Wno-return-type -Wno-missing-braces -Wparentheses -Wswitch -Wno-unused-function -Wno-unused-label -Wno-unused-parameter -Wno-unused-variable -Wunused-value -Wno-empty-body -Wno-uninitialized -Wno-unknown-pragmas -w -Wno-shadow -Wno-four-char-constants -Wno-conversion -Wno-constant-conversion -Wno-int-conversion -Wno-bool-conversion -Wno-enum-conversion -Wno-float-conversion -Wno-non-literal-null-conversion -Wno-objc-literal-conversion -Wshorten-64-to-32 -Wpointer-sign -Wno-newline-eof -Wno-implicit-fallthrough -fstrict-aliasing -Wdeprecated-declarations -Wno-sign-conversion -Wno-infinite-recursion -Wno-comma -Wno-block-capture-autoreleasing -Wno-strict-prototypes -Wno-semicolon-before-method-body -index-store-path /Users/j/Documents/GitHub/MoneroOne/build/Index.noindex/DataStore @/Users/j/Documents/GitHub/MoneroOne/build/Build/Intermediates.noindex/swift-nio.build/Debug-iphonesimulator/CNIOWindows.build/Objects-normal/arm64/7187679823f38a2a940e0043cdf9d637-common-args.resp -MMD -MT dependencies -MF /Users/j/Documents/GitHub/MoneroOne/build/Build/Intermediates.noindex/swift-nio.build/Debug-iphonesimulator/CNIOWindows.build/Objects-normal/arm64/WSAStartup.d --serialize-diagnostics /Users/j/Documents/GitHub/MoneroOne/build/Build/Intermediates.noindex/swift-nio.build/Debug-iphonesimulator/CNIOWindows.build/Objects-normal/arm64/WSAStartup.dia -c /Users/j/Documents/GitHub/MoneroOne/build/SourcePackages/checkouts/swift-nio/Sources/CNIOWindows/WSAStartup.c -o /Users/j/Documents/GitHub/MoneroOne/build/Build/Intermediates.noindex/swift-nio.build/Debug-iphonesimulator/CNIOWindows.build/Objects-normal/arm64/WSAStartup.o -index-unit-output-path /swift-nio.build/Debug-iphonesimulator/CNIOWindows.build/Objects-normal/arm64/WSAStartup.o

CompileC /Users/j/Documents/GitHub/MoneroOne/build/Build/Intermediates.noindex/swift-nio.build/Debug-iphonesimulator/CNIOWASI.build/Objects-normal/arm64/CNIOWASI.o /Users/j/Documents/GitHub/MoneroOne/build/SourcePackages/checkouts/swift-nio/Sources/CNIOWASI/CNIOWASI.c normal arm64 c com.apple.compilers.llvm.clang.1_0.compiler (in target 'CNIOWASI' from project 'swift-nio')
    cd /Users/j/Documents/GitHub/MoneroOne/MoneroOne.xcodeproj
    
    Using response file: /Users/j/Documents/GitHub/MoneroOne/build/Build/Intermediates.noindex/swift-nio.build/Debug-iphonesimulator/CNIOWASI.build/Objects-normal/arm64/7187679823f38a2a940e0043cdf9d637-common-args.resp
    
    /Applications/Xcode.app/Contents/Developer/Toolchains/XcodeDefault.xctoolchain/usr/bin/clang -x c -ivfsstatcache /Users/j/Documents/GitHub/MoneroOne/build/SDKStatCaches.noindex/iphonesimulator26.1-23B77-90cf18a4295e390e64c810bc6bd7acbc.sdkstatcache -fmessage-length\=0 -fdiagnostics-show-note-include-stack -fmacro-backtrace-limit\=0 -fno-color-diagnostics -fmodules-prune-interval\=86400 -fmodules-prune-after\=345600 -fbuild-session-file\=/Users/j/Documents/GitHub/MoneroOne/build/ModuleCache.noindex/Session.modulevalidation -fmodules-validate-once-per-build-session -Wnon-modular-include-in-framework-module -Werror\=non-modular-include-in-framework-module -Wno-trigraphs -Wno-missing-field-initializers -Wno-missing-prototypes -Wno-return-type -Wno-missing-braces -Wparentheses -Wswitch -Wno-unused-function -Wno-unused-label -Wno-unused-parameter -Wno-unused-variable -Wunused-value -Wno-empty-body -Wno-uninitialized -Wno-unknown-pragmas -w -Wno-shadow -Wno-four-char-constants -Wno-conversion -Wno-constant-conversion -Wno-int-conversion -Wno-bool-conversion -Wno-enum-conversion -Wno-float-conversion -Wno-non-literal-null-conversion -Wno-objc-literal-conversion -Wshorten-64-to-32 -Wpointer-sign -Wno-newline-eof -Wno-implicit-fallthrough -fstrict-aliasing -Wdeprecated-declarations -Wno-sign-conversion -Wno-infinite-recursion -Wno-comma -Wno-block-capture-autoreleasing -Wno-strict-prototypes -Wno-semicolon-before-method-body -index-store-path /Users/j/Documents/GitHub/MoneroOne/build/Index.noindex/DataStore @/Users/j/Documents/GitHub/MoneroOne/build/Build/Intermediates.noindex/swift-nio.build/Debug-iphonesimulator/CNIOWASI.build/Objects-normal/arm64/7187679823f38a2a940e0043cdf9d637-common-args.resp -MMD -MT dependencies -MF /Users/j/Documents/GitHub/MoneroOne/build/Build/Intermediates.noindex/swift-nio.build/Debug-iphonesimulator/CNIOWASI.build/Objects-normal/arm64/CNIOWASI.d --serialize-diagnostics /Users/j/Documents/GitHub/MoneroOne/build/Build/Intermediates.noindex/swift-nio.build/Debug-iphonesimulator/CNIOWASI.build/Objects-normal/arm64/CNIOWASI.dia -c /Users/j/Documents/GitHub/MoneroOne/build/SourcePackages/checkouts/swift-nio/Sources/CNIOWASI/CNIOWASI.c -o /Users/j/Documents/GitHub/MoneroOne/build/Build/Intermediates.noindex/swift-nio.build/Debug-iphonesimulator/CNIOWASI.build/Objects-normal/arm64/CNIOWASI.o -index-unit-output-path /swift-nio.build/Debug-iphonesimulator/CNIOWASI.build/Objects-normal/arm64/CNIOWASI.o

SwiftEmitModule normal arm64 Emitting\ module\ for\ _NIOBase64 (in target '_NIOBase64' from project 'swift-nio')

SwiftCompile normal arm64 /Users/j/Documents/GitHub/MoneroOne/build/SourcePackages/checkouts/swift-nio/Sources/_NIOBase64/Base64.swift (in target '_NIOBase64' from project 'swift-nio')
    cd /Users/j/Documents/GitHub/MoneroOne/MoneroOne.xcodeproj
    

SwiftEmitModule normal arm64 Emitting\ module\ for\ InternalCollectionsUtilities (in target 'InternalCollectionsUtilities' from project 'swift-collections')

EmitSwiftModule normal arm64 (in target 'InternalCollectionsUtilities' from project 'swift-collections')
    cd /Users/j/Documents/GitHub/MoneroOne/MoneroOne.xcodeproj
    

SwiftExplicitDependencyGeneratePcm arm64 /Users/j/Documents/GitHub/MoneroOne/build/ModuleCache.noindex/DeveloperToolsSupport-B7MBKB6T290KHSXYWW0ADS1EX.pcm

CompileC /Users/j/Documents/GitHub/MoneroOne/build/Build/Intermediates.noindex/swift-nio-ssl.build/Debug-iphonesimulator/CNIOBoringSSL.build/Objects-normal/arm64/x_x509a.o /Users/j/Documents/GitHub/MoneroOne/build/SourcePackages/checkouts/swift-nio-ssl/Sources/CNIOBoringSSL/crypto/x509/x_x509a.cc normal arm64 c++ com.apple.compilers.llvm.clang.1_0.compiler (in target 'CNIOBoringSSL' from project 'swift-nio-ssl')
    cd /Users/j/Documents/GitHub/MoneroOne/MoneroOne.xcodeproj
    
    Using response file: /Users/j/Documents/GitHub/MoneroOne/build/Build/Intermediates.noindex/swift-nio-ssl.build/Debug-iphonesimulator/CNIOBoringSSL.build/Objects-normal/arm64/82b82416624d2658e5098eb0a28c15c5-common-args.resp
    
    /Applications/Xcode.app/Contents/Developer/Toolchains/XcodeDefault.xctoolchain/usr/bin/clang -x c++ -ivfsstatcache /Users/j/Documents/GitHub/MoneroOne/build/SDKStatCaches.noindex/iphonesimulator26.1-23B77-90cf18a4295e390e64c810bc6bd7acbc.sdkstatcache -fmessage-length\=0 -fdiagnostics-show-note-include-stack -fmacro-backtrace-limit\=0 -fno-color-diagnostics -fmodules-prune-interval\=86400 -fmodules-prune-after\=345600 -fbuild-session-file\=/Users/j/Documents/GitHub/MoneroOne/build/ModuleCache.noindex/Session.modulevalidation -fmodules-validate-once-per-build-session -Wnon-modular-include-in-framework-module -Werror\=non-modular-include-in-framework-module -Wno-trigraphs -Wno-missing-field-initializers -Wno-missing-prototypes -Wno-return-type -Wno-non-virtual-dtor -Wno-overloaded-virtual -Wno-exit-time-destructors -Wno-missing-braces -Wparentheses -Wswitch -Wno-unused-function -Wno-unused-label -Wno-unused-parameter -Wno-unused-variable -Wunused-value -Wno-empty-body -Wno-uninitialized -Wno-unknown-pragmas -w -Wno-shadow -Wno-four-char-constants -Wno-conversion -Wno-constant-conversion -Wno-int-conversion -Wno-bool-conversion -Wno-enum-conversion -Wno-float-conversion -Wno-non-literal-null-conversion -Wno-objc-literal-conversion -Wshorten-64-to-32 -Wno-newline-eof -Wno-c++11-extensions -Wno-implicit-fallthrough -fstrict-aliasing -Wdeprecated-declarations -Winvalid-offsetof -Wno-sign-conversion -Wno-infinite-recursion -Wno-move -Wno-comma -Wno-block-capture-autoreleasing -Wno-strict-prototypes -Wno-range-loop-analysis -Wno-semicolon-before-method-body -index-store-path /Users/j/Documents/GitHub/MoneroOne/build/Index.noindex/DataStore @/Users/j/Documents/GitHub/MoneroOne/build/Build/Intermediates.noindex/swift-nio-ssl.build/Debug-iphonesimulator/CNIOBoringSSL.build/Objects-normal/arm64/82b82416624d2658e5098eb0a28c15c5-common-args.resp -MMD -MT dependencies -MF /Users/j/Documents/GitHub/MoneroOne/build/Build/Intermediates.noindex/swift-nio-ssl.build/Debug-iphonesimulator/CNIOBoringSSL.build/Objects-normal/arm64/x_x509a.d --serialize-diagnostics /Users/j/Documents/GitHub/MoneroOne/build/Build/Intermediates.noindex/swift-nio-ssl.build/Debug-iphonesimulator/CNIOBoringSSL.build/Objects-normal/arm64/x_x509a.dia -c /Users/j/Documents/GitHub/MoneroOne/build/SourcePackages/checkouts/swift-nio-ssl/Sources/CNIOBoringSSL/crypto/x509/x_x509a.cc -o /Users/j/Documents/GitHub/MoneroOne/build/Build/Intermediates.noindex/swift-nio-ssl.build/Debug-iphonesimulator/CNIOBoringSSL.build/Objects-normal/arm64/x_x509a.o -index-unit-output-path /swift-nio-ssl.build/Debug-iphonesimulator/CNIOBoringSSL.build/Objects-normal/arm64/x_x509a.o

CompileC /Users/j/Documents/GitHub/MoneroOne/build/Build/Intermediates.noindex/swift-nio-ssl.build/Debug-iphonesimulator/CNIOBoringSSL.build/Objects-normal/arm64/x_x509.o /Users/j/Documents/GitHub/MoneroOne/build/SourcePackages/checkouts/swift-nio-ssl/Sources/CNIOBoringSSL/crypto/x509/x_x509.cc normal arm64 c++ com.apple.compilers.llvm.clang.1_0.compiler (in target 'CNIOBoringSSL' from project 'swift-nio-ssl')
    cd /Users/j/Documents/GitHub/MoneroOne/MoneroOne.xcodeproj
    
    Using response file: /Users/j/Documents/GitHub/MoneroOne/build/Build/Intermediates.noindex/swift-nio-ssl.build/Debug-iphonesimulator/CNIOBoringSSL.build/Objects-normal/arm64/82b82416624d2658e5098eb0a28c15c5-common-args.resp
    
    /Applications/Xcode.app/Contents/Developer/Toolchains/XcodeDefault.xctoolchain/usr/bin/clang -x c++ -ivfsstatcache /Users/j/Documents/GitHub/MoneroOne/build/SDKStatCaches.noindex/iphonesimulator26.1-23B77-90cf18a4295e390e64c810bc6bd7acbc.sdkstatcache -fmessage-length\=0 -fdiagnostics-show-note-include-stack -fmacro-backtrace-limit\=0 -fno-color-diagnostics -fmodules-prune-interval\=86400 -fmodules-prune-after\=345600 -fbuild-session-file\=/Users/j/Documents/GitHub/MoneroOne/build/ModuleCache.noindex/Session.modulevalidation -fmodules-validate-once-per-build-session -Wnon-modular-include-in-framework-module -Werror\=non-modular-include-in-framework-module -Wno-trigraphs -Wno-missing-field-initializers -Wno-missing-prototypes -Wno-return-type -Wno-non-virtual-dtor -Wno-overloaded-virtual -Wno-exit-time-destructors -Wno-missing-braces -Wparentheses -Wswitch -Wno-unused-function -Wno-unused-label -Wno-unused-parameter -Wno-unused-variable -Wunused-value -Wno-empty-body -Wno-uninitialized -Wno-unknown-pragmas -w -Wno-shadow -Wno-four-char-constants -Wno-conversion -Wno-constant-conversion -Wno-int-conversion -Wno-bool-conversion -Wno-enum-conversion -Wno-float-conversion -Wno-non-literal-null-conversion -Wno-objc-literal-conversion -Wshorten-64-to-32 -Wno-newline-eof -Wno-c++11-extensions -Wno-implicit-fallthrough -fstrict-aliasing -Wdeprecated-declarations -Winvalid-offsetof -Wno-sign-conversion -Wno-infinite-recursion -Wno-move -Wno-comma -Wno-block-capture-autoreleasing -Wno-strict-prototypes -Wno-range-loop-analysis -Wno-semicolon-before-method-body -index-store-path /Users/j/Documents/GitHub/MoneroOne/build/Index.noindex/DataStore @/Users/j/Documents/GitHub/MoneroOne/build/Build/Intermediates.noindex/swift-nio-ssl.build/Debug-iphonesimulator/CNIOBoringSSL.build/Objects-normal/arm64/82b82416624d2658e5098eb0a28c15c5-common-args.resp -MMD -MT dependencies -MF /Users/j/Documents/GitHub/MoneroOne/build/Build/Intermediates.noindex/swift-nio-ssl.build/Debug-iphonesimulator/CNIOBoringSSL.build/Objects-normal/arm64/x_x509.d --serialize-diagnostics /Users/j/Documents/GitHub/MoneroOne/build/Build/Intermediates.noindex/swift-nio-ssl.build/Debug-iphonesimulator/CNIOBoringSSL.build/Objects-normal/arm64/x_x509.dia -c /Users/j/Documents/GitHub/MoneroOne/build/SourcePackages/checkouts/swift-nio-ssl/Sources/CNIOBoringSSL/crypto/x509/x_x509.cc -o /Users/j/Documents/GitHub/MoneroOne/build/Build/Intermediates.noindex/swift-nio-ssl.build/Debug-iphonesimulator/CNIOBoringSSL.build/Objects-normal/arm64/x_x509.o -index-unit-output-path /swift-nio-ssl.build/Debug-iphonesimulator/CNIOBoringSSL.build/Objects-normal/arm64/x_x509.o

CompileC /Users/j/Documents/GitHub/MoneroOne/build/Build/Intermediates.noindex/swift-nio-ssl.build/Debug-iphonesimulator/CNIOBoringSSL.build/Objects-normal/arm64/x_val.o /Users/j/Documents/GitHub/MoneroOne/build/SourcePackages/checkouts/swift-nio-ssl/Sources/CNIOBoringSSL/crypto/x509/x_val.cc normal arm64 c++ com.apple.compilers.llvm.clang.1_0.compiler (in target 'CNIOBoringSSL' from project 'swift-nio-ssl')
    cd /Users/j/Documents/GitHub/MoneroOne/MoneroOne.xcodeproj
    
    Using response file: /Users/j/Documents/GitHub/MoneroOne/build/Build/Intermediates.noindex/swift-nio-ssl.build/Debug-iphonesimulator/CNIOBoringSSL.build/Objects-normal/arm64/82b82416624d2658e5098eb0a28c15c5-common-args.resp
    
    /Applications/Xcode.app/Contents/Developer/Toolchains/XcodeDefault.xctoolchain/usr/bin/clang -x c++ -ivfsstatcache /Users/j/Documents/GitHub/MoneroOne/build/SDKStatCaches.noindex/iphonesimulator26.1-23B77-90cf18a4295e390e64c810bc6bd7acbc.sdkstatcache -fmessage-length\=0 -fdiagnostics-show-note-include-stack -fmacro-backtrace-limit\=0 -fno-color-diagnostics -fmodules-prune-interval\=86400 -fmodules-prune-after\=345600 -fbuild-session-file\=/Users/j/Documents/GitHub/MoneroOne/build/ModuleCache.noindex/Session.modulevalidation -fmodules-validate-once-per-build-session -Wnon-modular-include-in-framework-module -Werror\=non-modular-include-in-framework-module -Wno-trigraphs -Wno-missing-field-initializers -Wno-missing-prototypes -Wno-return-type -Wno-non-virtual-dtor -Wno-overloaded-virtual -Wno-exit-time-destructors -Wno-missing-braces -Wparentheses -Wswitch -Wno-unused-function -Wno-unused-label -Wno-unused-parameter -Wno-unused-variable -Wunused-value -Wno-empty-body -Wno-uninitialized -Wno-unknown-pragmas -w -Wno-shadow -Wno-four-char-constants -Wno-conversion -Wno-constant-conversion -Wno-int-conversion -Wno-bool-conversion -Wno-enum-conversion -Wno-float-conversion -Wno-non-literal-null-conversion -Wno-objc-literal-conversion -Wshorten-64-to-32 -Wno-newline-eof -Wno-c++11-extensions -Wno-implicit-fallthrough -fstrict-aliasing -Wdeprecated-declarations -Winvalid-offsetof -Wno-sign-conversion -Wno-infinite-recursion -Wno-move -Wno-comma -Wno-block-capture-autoreleasing -Wno-strict-prototypes -Wno-range-loop-analysis -Wno-semicolon-before-method-body -index-store-path /Users/j/Documents/GitHub/MoneroOne/build/Index.noindex/DataStore @/Users/j/Documents/GitHub/MoneroOne/build/Build/Intermediates.noindex/swift-nio-ssl.build/Debug-iphonesimulator/CNIOBoringSSL.build/Objects-normal/arm64/82b82416624d2658e5098eb0a28c15c5-common-args.resp -MMD -MT dependencies -MF /Users/j/Documents/GitHub/MoneroOne/build/Build/Intermediates.noindex/swift-nio-ssl.build/Debug-iphonesimulator/CNIOBoringSSL.build/Objects-normal/arm64/x_val.d --serialize-diagnostics /Users/j/Documents/GitHub/MoneroOne/build/Build/Intermediates.noindex/swift-nio-ssl.build/Debug-iphonesimulator/CNIOBoringSSL.build/Objects-normal/arm64/x_val.dia -c /Users/j/Documents/GitHub/MoneroOne/build/SourcePackages/checkouts/swift-nio-ssl/Sources/CNIOBoringSSL/crypto/x509/x_val.cc -o /Users/j/Documents/GitHub/MoneroOne/build/Build/Intermediates.noindex/swift-nio-ssl.build/Debug-iphonesimulator/CNIOBoringSSL.build/Objects-normal/arm64/x_val.o -index-unit-output-path /swift-nio-ssl.build/Debug-iphonesimulator/CNIOBoringSSL.build/Objects-normal/arm64/x_val.o

CompileC /Users/j/Documents/GitHub/MoneroOne/build/Build/Intermediates.noindex/swift-nio-ssl.build/Debug-iphonesimulator/CNIOBoringSSL.build/Objects-normal/arm64/x_spki.o /Users/j/Documents/GitHub/MoneroOne/build/SourcePackages/checkouts/swift-nio-ssl/Sources/CNIOBoringSSL/crypto/x509/x_spki.cc normal arm64 c++ com.apple.compilers.llvm.clang.1_0.compiler (in target 'CNIOBoringSSL' from project 'swift-nio-ssl')
    cd /Users/j/Documents/GitHub/MoneroOne/MoneroOne.xcodeproj
    
    Using response file: /Users/j/Documents/GitHub/MoneroOne/build/Build/Intermediates.noindex/swift-nio-ssl.build/Debug-iphonesimulator/CNIOBoringSSL.build/Objects-normal/arm64/82b82416624d2658e5098eb0a28c15c5-common-args.resp
    
    /Applications/Xcode.app/Contents/Developer/Toolchains/XcodeDefault.xctoolchain/usr/bin/clang -x c++ -ivfsstatcache /Users/j/Documents/GitHub/MoneroOne/build/SDKStatCaches.noindex/iphonesimulator26.1-23B77-90cf18a4295e390e64c810bc6bd7acbc.sdkstatcache -fmessage-length\=0 -fdiagnostics-show-note-include-stack -fmacro-backtrace-limit\=0 -fno-color-diagnostics -fmodules-prune-interval\=86400 -fmodules-prune-after\=345600 -fbuild-session-file\=/Users/j/Documents/GitHub/MoneroOne/build/ModuleCache.noindex/Session.modulevalidation -fmodules-validate-once-per-build-session -Wnon-modular-include-in-framework-module -Werror\=non-modular-include-in-framework-module -Wno-trigraphs -Wno-missing-field-initializers -Wno-missing-prototypes -Wno-return-type -Wno-non-virtual-dtor -Wno-overloaded-virtual -Wno-exit-time-destructors -Wno-missing-braces -Wparentheses -Wswitch -Wno-unused-function -Wno-unused-label -Wno-unused-parameter -Wno-unused-variable -Wunused-value -Wno-empty-body -Wno-uninitialized -Wno-unknown-pragmas -w -Wno-shadow -Wno-four-char-constants -Wno-conversion -Wno-constant-conversion -Wno-int-conversion -Wno-bool-conversion -Wno-enum-conversion -Wno-float-conversion -Wno-non-literal-null-conversion -Wno-objc-literal-conversion -Wshorten-64-to-32 -Wno-newline-eof -Wno-c++11-extensions -Wno-implicit-fallthrough -fstrict-aliasing -Wdeprecated-declarations -Winvalid-offsetof -Wno-sign-conversion -Wno-infinite-recursion -Wno-move -Wno-comma -Wno-block-capture-autoreleasing -Wno-strict-prototypes -Wno-range-loop-analysis -Wno-semicolon-before-method-body -index-store-path /Users/j/Documents/GitHub/MoneroOne/build/Index.noindex/DataStore @/Users/j/Documents/GitHub/MoneroOne/build/Build/Intermediates.noindex/swift-nio-ssl.build/Debug-iphonesimulator/CNIOBoringSSL.build/Objects-normal/arm64/82b82416624d2658e5098eb0a28c15c5-common-args.resp -MMD -MT dependencies -MF /Users/j/Documents/GitHub/MoneroOne/build/Build/Intermediates.noindex/swift-nio-ssl.build/Debug-iphonesimulator/CNIOBoringSSL.build/Objects-normal/arm64/x_spki.d --serialize-diagnostics /Users/j/Documents/GitHub/MoneroOne/build/Build/Intermediates.noindex/swift-nio-ssl.build/Debug-iphonesimulator/CNIOBoringSSL.build/Objects-normal/arm64/x_spki.dia -c /Users/j/Documents/GitHub/MoneroOne/build/SourcePackages/checkouts/swift-nio-ssl/Sources/CNIOBoringSSL/crypto/x509/x_spki.cc -o /Users/j/Documents/GitHub/MoneroOne/build/Build/Intermediates.noindex/swift-nio-ssl.build/Debug-iphonesimulator/CNIOBoringSSL.build/Objects-normal/arm64/x_spki.o -index-unit-output-path /swift-nio-ssl.build/Debug-iphonesimulator/CNIOBoringSSL.build/Objects-normal/arm64/x_spki.o

CompileC /Users/j/Documents/GitHub/MoneroOne/build/Build/Intermediates.noindex/swift-nio-ssl.build/Debug-iphonesimulator/CNIOBoringSSL.build/Objects-normal/arm64/x_sig.o /Users/j/Documents/GitHub/MoneroOne/build/SourcePackages/checkouts/swift-nio-ssl/Sources/CNIOBoringSSL/crypto/x509/x_sig.cc normal arm64 c++ com.apple.compilers.llvm.clang.1_0.compiler (in target 'CNIOBoringSSL' from project 'swift-nio-ssl')
    cd /Users/j/Documents/GitHub/MoneroOne/MoneroOne.xcodeproj
    
    Using response file: /Users/j/Documents/GitHub/MoneroOne/build/Build/Intermediates.noindex/swift-nio-ssl.build/Debug-iphonesimulator/CNIOBoringSSL.build/Objects-normal/arm64/82b82416624d2658e5098eb0a28c15c5-common-args.resp
    
    /Applications/Xcode.app/Contents/Developer/Toolchains/XcodeDefault.xctoolchain/usr/bin/clang -x c++ -ivfsstatcache /Users/j/Documents/GitHub/MoneroOne/build/SDKStatCaches.noindex/iphonesimulator26.1-23B77-90cf18a4295e390e64c810bc6bd7acbc.sdkstatcache -fmessage-length\=0 -fdiagnostics-show-note-include-stack -fmacro-backtrace-limit\=0 -fno-color-diagnostics -fmodules-prune-interval\=86400 -fmodules-prune-after\=345600 -fbuild-session-file\=/Users/j/Documents/GitHub/MoneroOne/build/ModuleCache.noindex/Session.modulevalidation -fmodules-validate-once-per-build-session -Wnon-modular-include-in-framework-module -Werror\=non-modular-include-in-framework-module -Wno-trigraphs -Wno-missing-field-initializers -Wno-missing-prototypes -Wno-return-type -Wno-non-virtual-dtor -Wno-overloaded-virtual -Wno-exit-time-destructors -Wno-missing-braces -Wparentheses -Wswitch -Wno-unused-function -Wno-unused-label -Wno-unused-parameter -Wno-unused-variable -Wunused-value -Wno-empty-body -Wno-uninitialized -Wno-unknown-pragmas -w -Wno-shadow -Wno-four-char-constants -Wno-conversion -Wno-constant-conversion -Wno-int-conversion -Wno-bool-conversion -Wno-enum-conversion -Wno-float-conversion -Wno-non-literal-null-conversion -Wno-objc-literal-conversion -Wshorten-64-to-32 -Wno-newline-eof -Wno-c++11-extensions -Wno-implicit-fallthrough -fstrict-aliasing -Wdeprecated-declarations -Winvalid-offsetof -Wno-sign-conversion -Wno-infinite-recursion -Wno-move -Wno-comma -Wno-block-capture-autoreleasing -Wno-strict-prototypes -Wno-range-loop-analysis -Wno-semicolon-before-method-body -index-store-path /Users/j/Documents/GitHub/MoneroOne/build/Index.noindex/DataStore @/Users/j/Documents/GitHub/MoneroOne/build/Build/Intermediates.noindex/swift-nio-ssl.build/Debug-iphonesimulator/CNIOBoringSSL.build/Objects-normal/arm64/82b82416624d2658e5098eb0a28c15c5-common-args.resp -MMD -MT dependencies -MF /Users/j/Documents/GitHub/MoneroOne/build/Build/Intermediates.noindex/swift-nio-ssl.build/Debug-iphonesimulator/CNIOBoringSSL.build/Objects-normal/arm64/x_sig.d --serialize-diagnostics /Users/j/Documents/GitHub/MoneroOne/build/Build/Intermediates.noindex/swift-nio-ssl.build/Debug-iphonesimulator/CNIOBoringSSL.build/Objects-normal/arm64/x_sig.dia -c /Users/j/Documents/GitHub/MoneroOne/build/SourcePackages/checkouts/swift-nio-ssl/Sources/CNIOBoringSSL/crypto/x509/x_sig.cc -o /Users/j/Documents/GitHub/MoneroOne/build/Build/Intermediates.noindex/swift-nio-ssl.build/Debug-iphonesimulator/CNIOBoringSSL.build/Objects-normal/arm64/x_sig.o -index-unit-output-path /swift-nio-ssl.build/Debug-iphonesimulator/CNIOBoringSSL.build/Objects-normal/arm64/x_sig.o

CompileC /Users/j/Documents/GitHub/MoneroOne/build/Build/Intermediates.noindex/swift-nio-ssl.build/Debug-iphonesimulator/CNIOBoringSSL.build/Objects-normal/arm64/x_req.o /Users/j/Documents/GitHub/MoneroOne/build/SourcePackages/checkouts/swift-nio-ssl/Sources/CNIOBoringSSL/crypto/x509/x_req.cc normal arm64 c++ com.apple.compilers.llvm.clang.1_0.compiler (in target 'CNIOBoringSSL' from project 'swift-nio-ssl')
    cd /Users/j/Documents/GitHub/MoneroOne/MoneroOne.xcodeproj
    
    Using response file: /Users/j/Documents/GitHub/MoneroOne/build/Build/Intermediates.noindex/swift-nio-ssl.build/Debug-iphonesimulator/CNIOBoringSSL.build/Objects-normal/arm64/82b82416624d2658e5098eb0a28c15c5-common-args.resp
    
    /Applications/Xcode.app/Contents/Developer/Toolchains/XcodeDefault.xctoolchain/usr/bin/clang -x c++ -ivfsstatcache /Users/j/Documents/GitHub/MoneroOne/build/SDKStatCaches.noindex/iphonesimulator26.1-23B77-90cf18a4295e390e64c810bc6bd7acbc.sdkstatcache -fmessage-length\=0 -fdiagnostics-show-note-include-stack -fmacro-backtrace-limit\=0 -fno-color-diagnostics -fmodules-prune-interval\=86400 -fmodules-prune-after\=345600 -fbuild-session-file\=/Users/j/Documents/GitHub/MoneroOne/build/ModuleCache.noindex/Session.modulevalidation -fmodules-validate-once-per-build-session -Wnon-modular-include-in-framework-module -Werror\=non-modular-include-in-framework-module -Wno-trigraphs -Wno-missing-field-initializers -Wno-missing-prototypes -Wno-return-type -Wno-non-virtual-dtor -Wno-overloaded-virtual -Wno-exit-time-destructors -Wno-missing-braces -Wparentheses -Wswitch -Wno-unused-function -Wno-unused-label -Wno-unused-parameter -Wno-unused-variable -Wunused-value -Wno-empty-body -Wno-uninitialized -Wno-unknown-pragmas -w -Wno-shadow -Wno-four-char-constants -Wno-conversion -Wno-constant-conversion -Wno-int-conversion -Wno-bool-conversion -Wno-enum-conversion -Wno-float-conversion -Wno-non-literal-null-conversion -Wno-objc-literal-conversion -Wshorten-64-to-32 -Wno-newline-eof -Wno-c++11-extensions -Wno-implicit-fallthrough -fstrict-aliasing -Wdeprecated-declarations -Winvalid-offsetof -Wno-sign-conversion -Wno-infinite-recursion -Wno-move -Wno-comma -Wno-block-capture-autoreleasing -Wno-strict-prototypes -Wno-range-loop-analysis -Wno-semicolon-before-method-body -index-store-path /Users/j/Documents/GitHub/MoneroOne/build/Index.noindex/DataStore @/Users/j/Documents/GitHub/MoneroOne/build/Build/Intermediates.noindex/swift-nio-ssl.build/Debug-iphonesimulator/CNIOBoringSSL.build/Objects-normal/arm64/82b82416624d2658e5098eb0a28c15c5-common-args.resp -MMD -MT dependencies -MF /Users/j/Documents/GitHub/MoneroOne/build/Build/Intermediates.noindex/swift-nio-ssl.build/Debug-iphonesimulator/CNIOBoringSSL.build/Objects-normal/arm64/x_req.d --serialize-diagnostics /Users/j/Documents/GitHub/MoneroOne/build/Build/Intermediates.noindex/swift-nio-ssl.build/Debug-iphonesimulator/CNIOBoringSSL.build/Objects-normal/arm64/x_req.dia -c /Users/j/Documents/GitHub/MoneroOne/build/SourcePackages/checkouts/swift-nio-ssl/Sources/CNIOBoringSSL/crypto/x509/x_req.cc -o /Users/j/Documents/GitHub/MoneroOne/build/Build/Intermediates.noindex/swift-nio-ssl.build/Debug-iphonesimulator/CNIOBoringSSL.build/Objects-normal/arm64/x_req.o -index-unit-output-path /swift-nio-ssl.build/Debug-iphonesimulator/CNIOBoringSSL.build/Objects-normal/arm64/x_req.o

CompileC /Users/j/Documents/GitHub/MoneroOne/build/Build/Intermediates.noindex/swift-nio-ssl.build/Debug-iphonesimulator/CNIOBoringSSL.build/Objects-normal/arm64/x_pubkey.o /Users/j/Documents/GitHub/MoneroOne/build/SourcePackages/checkouts/swift-nio-ssl/Sources/CNIOBoringSSL/crypto/x509/x_pubkey.cc normal arm64 c++ com.apple.compilers.llvm.clang.1_0.compiler (in target 'CNIOBoringSSL' from project 'swift-nio-ssl')
    cd /Users/j/Documents/GitHub/MoneroOne/MoneroOne.xcodeproj
    
    Using response file: /Users/j/Documents/GitHub/MoneroOne/build/Build/Intermediates.noindex/swift-nio-ssl.build/Debug-iphonesimulator/CNIOBoringSSL.build/Objects-normal/arm64/82b82416624d2658e5098eb0a28c15c5-common-args.resp
    
    /Applications/Xcode.app/Contents/Developer/Toolchains/XcodeDefault.xctoolchain/usr/bin/clang -x c++ -ivfsstatcache /Users/j/Documents/GitHub/MoneroOne/build/SDKStatCaches.noindex/iphonesimulator26.1-23B77-90cf18a4295e390e64c810bc6bd7acbc.sdkstatcache -fmessage-length\=0 -fdiagnostics-show-note-include-stack -fmacro-backtrace-limit\=0 -fno-color-diagnostics -fmodules-prune-interval\=86400 -fmodules-prune-after\=345600 -fbuild-session-file\=/Users/j/Documents/GitHub/MoneroOne/build/ModuleCache.noindex/Session.modulevalidation -fmodules-validate-once-per-build-session -Wnon-modular-include-in-framework-module -Werror\=non-modular-include-in-framework-module -Wno-trigraphs -Wno-missing-field-initializers -Wno-missing-prototypes -Wno-return-type -Wno-non-virtual-dtor -Wno-overloaded-virtual -Wno-exit-time-destructors -Wno-missing-braces -Wparentheses -Wswitch -Wno-unused-function -Wno-unused-label -Wno-unused-parameter -Wno-unused-variable -Wunused-value -Wno-empty-body -Wno-uninitialized -Wno-unknown-pragmas -w -Wno-shadow -Wno-four-char-constants -Wno-conversion -Wno-constant-conversion -Wno-int-conversion -Wno-bool-conversion -Wno-enum-conversion -Wno-float-conversion -Wno-non-literal-null-conversion -Wno-objc-literal-conversion -Wshorten-64-to-32 -Wno-newline-eof -Wno-c++11-extensions -Wno-implicit-fallthrough -fstrict-aliasing -Wdeprecated-declarations -Winvalid-offsetof -Wno-sign-conversion -Wno-infinite-recursion -Wno-move -Wno-comma -Wno-block-capture-autoreleasing -Wno-strict-prototypes -Wno-range-loop-analysis -Wno-semicolon-before-method-body -index-store-path /Users/j/Documents/GitHub/MoneroOne/build/Index.noindex/DataStore @/Users/j/Documents/GitHub/MoneroOne/build/Build/Intermediates.noindex/swift-nio-ssl.build/Debug-iphonesimulator/CNIOBoringSSL.build/Objects-normal/arm64/82b82416624d2658e5098eb0a28c15c5-common-args.resp -MMD -MT dependencies -MF /Users/j/Documents/GitHub/MoneroOne/build/Build/Intermediates.noindex/swift-nio-ssl.build/Debug-iphonesimulator/CNIOBoringSSL.build/Objects-normal/arm64/x_pubkey.d --serialize-diagnostics /Users/j/Documents/GitHub/MoneroOne/build/Build/Intermediates.noindex/swift-nio-ssl.build/Debug-iphonesimulator/CNIOBoringSSL.build/Objects-normal/arm64/x_pubkey.dia -c /Users/j/Documents/GitHub/MoneroOne/build/SourcePackages/checkouts/swift-nio-ssl/Sources/CNIOBoringSSL/crypto/x509/x_pubkey.cc -o /Users/j/Documents/GitHub/MoneroOne/build/Build/Intermediates.noindex/swift-nio-ssl.build/Debug-iphonesimulator/CNIOBoringSSL.build/Objects-normal/arm64/x_pubkey.o -index-unit-output-path /swift-nio-ssl.build/Debug-iphonesimulator/CNIOBoringSSL.build/Objects-normal/arm64/x_pubkey.o

Ld /Users/j/Documents/GitHub/MoneroOne/build/Build/Products/Debug-iphonesimulator/CNIOWindows.o normal (in target 'CNIOWindows' from project 'swift-nio')
    cd /Users/j/Documents/GitHub/MoneroOne/build/SourcePackages/checkouts/swift-nio
    /Applications/Xcode.app/Contents/Developer/Toolchains/XcodeDefault.xctoolchain/usr/bin/clang -Xlinker -reproducible -target arm64-apple-ios12.0-simulator -r -isysroot /Applications/Xcode.app/Contents/Developer/Platforms/iPhoneSimulator.platform/Developer/SDKs/iPhoneSimulator26.1.sdk -O0 -w -L/Users/j/Documents/GitHub/MoneroOne/build/Build/Intermediates.noindex/EagerLinkingTBDs/Debug-iphonesimulator -L/Users/j/Documents/GitHub/MoneroOne/build/Build/Products/Debug-iphonesimulator -L/Applications/Xcode.app/Contents/Developer/Platforms/iPhoneSimulator.platform/Developer/usr/lib -F/Users/j/Documents/GitHub/MoneroOne/build/Build/Intermediates.noindex/EagerLinkingTBDs/Debug-iphonesimulator -F/Users/j/Documents/GitHub/MoneroOne/build/Build/Products/Debug-iphonesimulator -iframework /Applications/Xcode.app/Contents/Developer/Platforms/iPhoneSimulator.platform/Developer/Library/Frameworks -iframework /Applications/Xcode.app/Contents/Developer/Platforms/iPhoneSimulator.platform/Developer/SDKs/iPhoneSimulator26.1.sdk/Developer/Library/Frameworks -filelist /Users/j/Documents/GitHub/MoneroOne/build/Build/Intermediates.noindex/swift-nio.build/Debug-iphonesimulator/CNIOWindows.build/Objects-normal/arm64/CNIOWindows.LinkFileList -nostdlib -Xlinker -object_path_lto -Xlinker /Users/j/Documents/GitHub/MoneroOne/build/Build/Intermediates.noindex/swift-nio.build/Debug-iphonesimulator/CNIOWindows.build/Objects-normal/arm64/CNIOWindows_lto.o -rdynamic -Xlinker -no_deduplicate -Xlinker -objc_abi_version -Xlinker 2 -Xlinker -dependency_info -Xlinker /Users/j/Documents/GitHub/MoneroOne/build/Build/Intermediates.noindex/swift-nio.build/Debug-iphonesimulator/CNIOWindows.build/Objects-normal/arm64/CNIOWindows_dependency_info.dat -o /Users/j/Documents/GitHub/MoneroOne/build/Build/Products/Debug-iphonesimulator/CNIOWindows.o

Ld /Users/j/Documents/GitHub/MoneroOne/build/Build/Products/Debug-iphonesimulator/CNIOWASI.o normal (in target 'CNIOWASI' from project 'swift-nio')
    cd /Users/j/Documents/GitHub/MoneroOne/build/SourcePackages/checkouts/swift-nio
    /Applications/Xcode.app/Contents/Developer/Toolchains/XcodeDefault.xctoolchain/usr/bin/clang -Xlinker -reproducible -target arm64-apple-ios12.0-simulator -r -isysroot /Applications/Xcode.app/Contents/Developer/Platforms/iPhoneSimulator.platform/Developer/SDKs/iPhoneSimulator26.1.sdk -O0 -w -L/Users/j/Documents/GitHub/MoneroOne/build/Build/Intermediates.noindex/EagerLinkingTBDs/Debug-iphonesimulator -L/Users/j/Documents/GitHub/MoneroOne/build/Build/Products/Debug-iphonesimulator -L/Applications/Xcode.app/Contents/Developer/Platforms/iPhoneSimulator.platform/Developer/usr/lib -F/Users/j/Documents/GitHub/MoneroOne/build/Build/Intermediates.noindex/EagerLinkingTBDs/Debug-iphonesimulator -F/Users/j/Documents/GitHub/MoneroOne/build/Build/Products/Debug-iphonesimulator -iframework /Applications/Xcode.app/Contents/Developer/Platforms/iPhoneSimulator.platform/Developer/Library/Frameworks -iframework /Applications/Xcode.app/Contents/Developer/Platforms/iPhoneSimulator.platform/Developer/SDKs/iPhoneSimulator26.1.sdk/Developer/Library/Frameworks -filelist /Users/j/Documents/GitHub/MoneroOne/build/Build/Intermediates.noindex/swift-nio.build/Debug-iphonesimulator/CNIOWASI.build/Objects-normal/arm64/CNIOWASI.LinkFileList -nostdlib -Xlinker -object_path_lto -Xlinker /Users/j/Documents/GitHub/MoneroOne/build/Build/Intermediates.noindex/swift-nio.build/Debug-iphonesimulator/CNIOWASI.build/Objects-normal/arm64/CNIOWASI_lto.o -rdynamic -Xlinker -no_deduplicate -Xlinker -objc_abi_version -Xlinker 2 -Xlinker -dependency_info -Xlinker /Users/j/Documents/GitHub/MoneroOne/build/Build/Intermediates.noindex/swift-nio.build/Debug-iphonesimulator/CNIOWASI.build/Objects-normal/arm64/CNIOWASI_dependency_info.dat -o /Users/j/Documents/GitHub/MoneroOne/build/Build/Products/Debug-iphonesimulator/CNIOWASI.o

SwiftExplicitDependencyGeneratePcm arm64 /Users/j/Documents/GitHub/MoneroOne/build/ModuleCache.noindex/_DarwinFoundation1-EBAP42W340UCU7L9LCQTTYBUT.pcm

SwiftDriverJobDiscovery normal arm64 Emitting module for _NIOBase64 (in target '_NIOBase64' from project 'swift-nio')

SwiftDriver\ Compilation\ Requirements _NIOBase64 normal arm64 com.apple.xcode.tools.swift.compiler (in target '_NIOBase64' from project 'swift-nio')
    cd /Users/j/Documents/GitHub/MoneroOne/MoneroOne.xcodeproj
    builtin-Swift-Compilation-Requirements -- /Applications/Xcode.app/Contents/Developer/Toolchains/XcodeDefault.xctoolchain/usr/bin/swiftc -module-name _NIOBase64 -Onone -enforce-exclusivity\=checked @/Users/j/Documents/GitHub/MoneroOne/build/Build/Intermediates.noindex/swift-nio.build/Debug-iphonesimulator/_NIOBase64.build/Objects-normal/arm64/_NIOBase64.SwiftFileList -DSWIFT_PACKAGE -DDEBUG -DSWIFT_MODULE_RESOURCE_BUNDLE_UNAVAILABLE -DXcode -enable-experimental-feature Lifetimes -enable-upcoming-feature MemberImportVisibility -plugin-path /Applications/Xcode.app/Contents/Developer/Toolchains/XcodeDefault.xctoolchain/usr/lib/swift/host/plugins/testing -enable-experimental-feature DebugDescriptionMacro -sdk /Applications/Xcode.app/Contents/Developer/Platforms/iPhoneSimulator.platform/Developer/SDKs/iPhoneSimulator26.1.sdk -target arm64-apple-ios12.0-simulator -g -module-cache-path /Users/j/Documents/GitHub/MoneroOne/build/ModuleCache.noindex -Xfrontend -serialize-debugging-options -enable-testing -suppress-warnings -index-store-path /Users/j/Documents/GitHub/MoneroOne/build/Index.noindex/DataStore -Xcc -D_LIBCPP_HARDENING_MODE\=_LIBCPP_HARDENING_MODE_DEBUG -swift-version 6 -I /Users/j/Documents/GitHub/MoneroOne/build/Build/Products/Debug-iphonesimulator -Isystem /Applications/Xcode.app/Contents/Developer/Platforms/iPhoneSimulator.platform/Developer/usr/lib -F /Users/j/Documents/GitHub/MoneroOne/build/Build/Products/Debug-iphonesimulator -F /Applications/Xcode.app/Contents/Developer/Platforms/iPhoneSimulator.platform/Developer/Library/Frameworks -F /Applications/Xcode.app/Contents/Developer/Platforms/iPhoneSimulator.platform/Developer/SDKs/iPhoneSimulator26.1.sdk/Developer/Library/Frameworks -parse-as-library -c -j12 -enable-batch-mode -incremental -Xcc -ivfsstatcache -Xcc /Users/j/Documents/GitHub/MoneroOne/build/SDKStatCaches.noindex/iphonesimulator26.1-23B77-90cf18a4295e390e64c810bc6bd7acbc.sdkstatcache -output-file-map /Users/j/Documents/GitHub/MoneroOne/build/Build/Intermediates.noindex/swift-nio.build/Debug-iphonesimulator/_NIOBase64.build/Objects-normal/arm64/_NIOBase64-OutputFileMap.json -use-frontend-parseable-output -save-temps -no-color-diagnostics -explicit-module-build -module-cache-path /Users/j/Documents/GitHub/MoneroOne/build/Build/Intermediates.noindex/SwiftExplicitPrecompiledModules -clang-scanner-module-cache-path /Users/j/Documents/GitHub/MoneroOne/build/ModuleCache.noindex -sdk-module-cache-path /Users/j/Documents/GitHub/MoneroOne/build/ModuleCache.noindex -serialize-diagnostics -emit-dependencies -emit-module -emit-module-path /Users/j/Documents/GitHub/MoneroOne/build/Build/Intermediates.noindex/swift-nio.build/Debug-iphonesimulator/_NIOBase64.build/Objects-normal/arm64/_NIOBase64.swiftmodule -user-module-version 2.92.2 -validate-clang-modules-once -clang-build-session-file /Users/j/Documents/GitHub/MoneroOne/build/ModuleCache.noindex/Session.modulevalidation -package-name swift_nio -Xcc -I/Users/j/Documents/GitHub/MoneroOne/build/Build/Intermediates.noindex/swift-nio.build/Debug-iphonesimulator/_NIOBase64.build/swift-overrides.hmap -emit-const-values -Xfrontend -const-gather-protocols-file -Xfrontend /Users/j/Documents/GitHub/MoneroOne/build/Build/Intermediates.noindex/swift-nio.build/Debug-iphonesimulator/_NIOBase64.build/Objects-normal/arm64/_NIOBase64_const_extract_protocols.json -Xcc -I/Users/j/Documents/GitHub/MoneroOne/build/Build/Products/Debug-iphonesimulator/include -Xcc -I/Users/j/Documents/GitHub/MoneroOne/build/Build/Intermediates.noindex/swift-nio.build/Debug-iphonesimulator/_NIOBase64.build/DerivedSources-normal/arm64 -Xcc -I/Users/j/Documents/GitHub/MoneroOne/build/Build/Intermediates.noindex/swift-nio.build/Debug-iphonesimulator/_NIOBase64.build/DerivedSources/arm64 -Xcc -I/Users/j/Documents/GitHub/MoneroOne/build/Build/Intermediates.noindex/swift-nio.build/Debug-iphonesimulator/_NIOBase64.build/DerivedSources -Xcc -DSWIFT_PACKAGE -Xcc -DDEBUG\=1 -emit-objc-header -emit-objc-header-path /Users/j/Documents/GitHub/MoneroOne/build/Build/Intermediates.noindex/swift-nio.build/Debug-iphonesimulator/_NIOBase64.build/Objects-normal/arm64/_NIOBase64-Swift.h -working-directory /Users/j/Documents/GitHub/MoneroOne/MoneroOne.xcodeproj -experimental-emit-module-separately -disable-cmo

SwiftExplicitDependencyGeneratePcm arm64 /Users/j/Documents/GitHub/MoneroOne/build/ModuleCache.noindex/ptrcheck-D0NCTUMD57WDFK3FHZ7JDG9CJ.pcm

SwiftMergeGeneratedHeaders /Users/j/Documents/GitHub/MoneroOne/build/Build/Intermediates.noindex/GeneratedModuleMaps-iphonesimulator/_NIOBase64-Swift.h /Users/j/Documents/GitHub/MoneroOne/build/Build/Intermediates.noindex/swift-nio.build/Debug-iphonesimulator/_NIOBase64.build/Objects-normal/arm64/_NIOBase64-Swift.h (in target '_NIOBase64' from project 'swift-nio')
    cd /Users/j/Documents/GitHub/MoneroOne/build/SourcePackages/checkouts/swift-nio
    builtin-swiftHeaderTool -arch arm64 /Users/j/Documents/GitHub/MoneroOne/build/Build/Intermediates.noindex/swift-nio.build/Debug-iphonesimulator/_NIOBase64.build/Objects-normal/arm64/_NIOBase64-Swift.h -o /Users/j/Documents/GitHub/MoneroOne/build/Build/Intermediates.noindex/GeneratedModuleMaps-iphonesimulator/_NIOBase64-Swift.h

Copy /Users/j/Documents/GitHub/MoneroOne/build/Build/Products/Debug-iphonesimulator/_NIOBase64.swiftmodule/arm64-apple-ios-simulator.swiftmodule /Users/j/Documents/GitHub/MoneroOne/build/Build/Intermediates.noindex/swift-nio.build/Debug-iphonesimulator/_NIOBase64.build/Objects-normal/arm64/_NIOBase64.swiftmodule (in target '_NIOBase64' from project 'swift-nio')
    cd /Users/j/Documents/GitHub/MoneroOne/build/SourcePackages/checkouts/swift-nio
    builtin-copy -exclude .DS_Store -exclude CVS -exclude .svn -exclude .git -exclude .hg -resolve-src-symlinks -rename /Users/j/Documents/GitHub/MoneroOne/build/Build/Intermediates.noindex/swift-nio.build/Debug-iphonesimulator/_NIOBase64.build/Objects-normal/arm64/_NIOBase64.swiftmodule /Users/j/Documents/GitHub/MoneroOne/build/Build/Products/Debug-iphonesimulator/_NIOBase64.swiftmodule/arm64-apple-ios-simulator.swiftmodule

Copy /Users/j/Documents/GitHub/MoneroOne/build/Build/Products/Debug-iphonesimulator/_NIOBase64.swiftmodule/arm64-apple-ios-simulator.swiftdoc /Users/j/Documents/GitHub/MoneroOne/build/Build/Intermediates.noindex/swift-nio.build/Debug-iphonesimulator/_NIOBase64.build/Objects-normal/arm64/_NIOBase64.swiftdoc (in target '_NIOBase64' from project 'swift-nio')
    cd /Users/j/Documents/GitHub/MoneroOne/build/SourcePackages/checkouts/swift-nio
    builtin-copy -exclude .DS_Store -exclude CVS -exclude .svn -exclude .git -exclude .hg -resolve-src-symlinks -rename /Users/j/Documents/GitHub/MoneroOne/build/Build/Intermediates.noindex/swift-nio.build/Debug-iphonesimulator/_NIOBase64.build/Objects-normal/arm64/_NIOBase64.swiftdoc /Users/j/Documents/GitHub/MoneroOne/build/Build/Products/Debug-iphonesimulator/_NIOBase64.swiftmodule/arm64-apple-ios-simulator.swiftdoc

Copy /Users/j/Documents/GitHub/MoneroOne/build/Build/Products/Debug-iphonesimulator/_NIOBase64.swiftmodule/arm64-apple-ios-simulator.abi.json /Users/j/Documents/GitHub/MoneroOne/build/Build/Intermediates.noindex/swift-nio.build/Debug-iphonesimulator/_NIOBase64.build/Objects-normal/arm64/_NIOBase64.abi.json (in target '_NIOBase64' from project 'swift-nio')
    cd /Users/j/Documents/GitHub/MoneroOne/build/SourcePackages/checkouts/swift-nio
    builtin-copy -exclude .DS_Store -exclude CVS -exclude .svn -exclude .git -exclude .hg -resolve-src-symlinks -rename /Users/j/Documents/GitHub/MoneroOne/build/Build/Intermediates.noindex/swift-nio.build/Debug-iphonesimulator/_NIOBase64.build/Objects-normal/arm64/_NIOBase64.abi.json /Users/j/Documents/GitHub/MoneroOne/build/Build/Products/Debug-iphonesimulator/_NIOBase64.swiftmodule/arm64-apple-ios-simulator.abi.json

Copy /Users/j/Documents/GitHub/MoneroOne/build/Build/Products/Debug-iphonesimulator/_NIOBase64.swiftmodule/Project/arm64-apple-ios-simulator.swiftsourceinfo /Users/j/Documents/GitHub/MoneroOne/build/Build/Intermediates.noindex/swift-nio.build/Debug-iphonesimulator/_NIOBase64.build/Objects-normal/arm64/_NIOBase64.swiftsourceinfo (in target '_NIOBase64' from project 'swift-nio')
    cd /Users/j/Documents/GitHub/MoneroOne/build/SourcePackages/checkouts/swift-nio
    builtin-copy -exclude .DS_Store -exclude CVS -exclude .svn -exclude .git -exclude .hg -resolve-src-symlinks -rename /Users/j/Documents/GitHub/MoneroOne/build/Build/Intermediates.noindex/swift-nio.build/Debug-iphonesimulator/_NIOBase64.build/Objects-normal/arm64/_NIOBase64.swiftsourceinfo /Users/j/Documents/GitHub/MoneroOne/build/Build/Products/Debug-iphonesimulator/_NIOBase64.swiftmodule/Project/arm64-apple-ios-simulator.swiftsourceinfo

SwiftExplicitDependencyGeneratePcm arm64 /Users/j/Documents/GitHub/MoneroOne/build/ModuleCache.noindex/_DarwinFoundation1-EOQRLYK0I80GSYJTTJE1VSQ60.pcm

SwiftExplicitDependencyGeneratePcm arm64 /Users/j/Documents/GitHub/MoneroOne/build/ModuleCache.noindex/_SwiftConcurrencyShims-B5HDNZC3F2W3CF0WPTU77KHIG.pcm

SwiftExplicitDependencyGeneratePcm arm64 /Users/j/Documents/GitHub/MoneroOne/build/ModuleCache.noindex/_Builtin_stddef-3DH378Y7VCT4J06PH2CHD5DPA.pcm

SwiftDriverJobDiscovery normal arm64 Emitting module for InternalCollectionsUtilities (in target 'InternalCollectionsUtilities' from project 'swift-collections')

SwiftExplicitDependencyGeneratePcm arm64 /Users/j/Documents/GitHub/MoneroOne/build/ModuleCache.noindex/ptrauth-1LZQ1A84G5NMBY1X5KK3AZZXI.pcm

SwiftDriver\ Compilation\ Requirements InternalCollectionsUtilities normal arm64 com.apple.xcode.tools.swift.compiler (in target 'InternalCollectionsUtilities' from project 'swift-collections')
    cd /Users/j/Documents/GitHub/MoneroOne/MoneroOne.xcodeproj
    builtin-Swift-Compilation-Requirements -- /Applications/Xcode.app/Contents/Developer/Toolchains/XcodeDefault.xctoolchain/usr/bin/swiftc -module-name InternalCollectionsUtilities -Onone -enforce-exclusivity\=checked @/Users/j/Documents/GitHub/MoneroOne/build/Build/Intermediates.noindex/swift-collections.build/Debug-iphonesimulator/InternalCollectionsUtilities.build/Objects-normal/arm64/InternalCollectionsUtilities.SwiftFileList -DSWIFT_PACKAGE -DDEBUG -DSWIFT_MODULE_RESOURCE_BUNDLE_UNAVAILABLE -DCOLLECTIONS_RANDOMIZED_TESTING -DXcode -enable-experimental-feature AvailabilityMacro\=SwiftStdlib\ 5.0:\ macOS\ 10.14.4,\ iOS\ 12.2,\ watchOS\ 5.2,\ tvOS\ 12.2 -enable-experimental-feature AvailabilityMacro\=SwiftStdlib\ 5.1:\ macOS\ 10.15,\ iOS\ 13.0,\ watchOS\ 6.0,\ tvOS\ 13.0 -enable-experimental-feature AvailabilityMacro\=SwiftStdlib\ 5.6:\ macOS\ 12.3,\ iOS\ 15.4,\ watchOS\ 8.5,\ tvOS\ 15.4 -enable-experimental-feature AvailabilityMacro\=SwiftStdlib\ 5.8:\ macOS\ 13.3,\ iOS\ 16.4,\ watchOS\ 9.4,\ tvOS\ 16.4 -enable-experimental-feature AvailabilityMacro\=SwiftStdlib\ 5.9:\ macOS\ 14.0,\ iOS\ 17.0,\ watchOS\ 10.0,\ tvOS\ 17.0 -enable-experimental-feature AvailabilityMacro\=SwiftStdlib\ 5.10:\ macOS\ 14.4,\ iOS\ 17.4,\ watchOS\ 10.4,\ tvOS\ 17.4,\ visionOS\ 1.1 -enable-experimental-feature AvailabilityMacro\=SwiftStdlib\ 6.0:\ macOS\ 15.0,\ iOS\ 18.0,\ watchOS\ 11.0,\ tvOS\ 18.0,\ visionOS\ 2.0 -enable-experimental-feature AvailabilityMacro\=SwiftStdlib\ 6.1:\ macOS\ 15.4,\ iOS\ 18.4,\ watchOS\ 11.4,\ tvOS\ 18.4,\ visionOS\ 2.4 -enable-experimental-feature AvailabilityMacro\=SwiftStdlib\ 6.2:\ macOS\ 26.0,\ iOS\ 26.0,\ watchOS\ 26.0,\ tvOS\ 26.0,\ visionOS\ 26.0 -enable-upcoming-feature MemberImportVisibility -enable-experimental-feature BuiltinModule -enable-experimental-feature Lifetimes -enable-experimental-feature InoutLifetimeDependence -enable-experimental-feature SuppressedAssociatedTypes -plugin-path /Applications/Xcode.app/Contents/Developer/Toolchains/XcodeDefault.xctoolchain/usr/lib/swift/host/plugins/testing -enable-experimental-feature DebugDescriptionMacro -sdk /Applications/Xcode.app/Contents/Developer/Platforms/iPhoneSimulator.platform/Developer/SDKs/iPhoneSimulator26.1.sdk -target arm64-apple-ios12.0-simulator -g -module-cache-path /Users/j/Documents/GitHub/MoneroOne/build/ModuleCache.noindex -Xfrontend -serialize-debugging-options -enable-testing -suppress-warnings -index-store-path /Users/j/Documents/GitHub/MoneroOne/build/Index.noindex/DataStore -Xcc -D_LIBCPP_HARDENING_MODE\=_LIBCPP_HARDENING_MODE_DEBUG -swift-version 6 -I /Users/j/Documents/GitHub/MoneroOne/build/Build/Products/Debug-iphonesimulator -Isystem /Applications/Xcode.app/Contents/Developer/Platforms/iPhoneSimulator.platform/Developer/usr/lib -F /Users/j/Documents/GitHub/MoneroOne/build/Build/Products/Debug-iphonesimulator -F /Applications/Xcode.app/Contents/Developer/Platforms/iPhoneSimulator.platform/Developer/Library/Frameworks -F /Applications/Xcode.app/Contents/Developer/Platforms/iPhoneSimulator.platform/Developer/SDKs/iPhoneSimulator26.1.sdk/Developer/Library/Frameworks -c -j12 -enable-batch-mode -incremental -Xcc -ivfsstatcache -Xcc /Users/j/Documents/GitHub/MoneroOne/build/SDKStatCaches.noindex/iphonesimulator26.1-23B77-90cf18a4295e390e64c810bc6bd7acbc.sdkstatcache -output-file-map /Users/j/Documents/GitHub/MoneroOne/build/Build/Intermediates.noindex/swift-collections.build/Debug-iphonesimulator/InternalCollectionsUtilities.build/Objects-normal/arm64/InternalCollectionsUtilities-OutputFileMap.json -use-frontend-parseable-output -save-temps -no-color-diagnostics -explicit-module-build -module-cache-path /Users/j/Documents/GitHub/MoneroOne/build/Build/Intermediates.noindex/SwiftExplicitPrecompiledModules -clang-scanner-module-cache-path /Users/j/Documents/GitHub/MoneroOne/build/ModuleCache.noindex -sdk-module-cache-path /Users/j/Documents/GitHub/MoneroOne/build/ModuleCache.noindex -serialize-diagnostics -emit-dependencies -emit-module -emit-module-path /Users/j/Documents/GitHub/MoneroOne/build/Build/Intermediates.noindex/swift-collections.build/Debug-iphonesimulator/InternalCollectionsUtilities.build/Objects-normal/arm64/InternalCollectionsUtilities.swiftmodule -user-module-version 1.3.0 -validate-clang-modules-once -clang-build-session-file /Users/j/Documents/GitHub/MoneroOne/build/ModuleCache.noindex/Session.modulevalidation -package-name swift_collections -Xcc -I/Users/j/Documents/GitHub/MoneroOne/build/Build/Intermediates.noindex/swift-collections.build/Debug-iphonesimulator/InternalCollectionsUtilities.build/swift-overrides.hmap -emit-const-values -Xfrontend -const-gather-protocols-file -Xfrontend /Users/j/Documents/GitHub/MoneroOne/build/Build/Intermediates.noindex/swift-collections.build/Debug-iphonesimulator/InternalCollectionsUtilities.build/Objects-normal/arm64/InternalCollectionsUtilities_const_extract_protocols.json -Xcc -I/Users/j/Documents/GitHub/MoneroOne/build/Build/Products/Debug-iphonesimulator/include -Xcc -I/Users/j/Documents/GitHub/MoneroOne/build/Build/Intermediates.noindex/swift-collections.build/Debug-iphonesimulator/InternalCollectionsUtilities.build/DerivedSources-normal/arm64 -Xcc -I/Users/j/Documents/GitHub/MoneroOne/build/Build/Intermediates.noindex/swift-collections.build/Debug-iphonesimulator/InternalCollectionsUtilities.build/DerivedSources/arm64 -Xcc -I/Users/j/Documents/GitHub/MoneroOne/build/Build/Intermediates.noindex/swift-collections.build/Debug-iphonesimulator/InternalCollectionsUtilities.build/DerivedSources -Xcc -DSWIFT_PACKAGE -Xcc -DDEBUG\=1 -emit-objc-header -emit-objc-header-path /Users/j/Documents/GitHub/MoneroOne/build/Build/Intermediates.noindex/swift-collections.build/Debug-iphonesimulator/InternalCollectionsUtilities.build/Objects-normal/arm64/InternalCollectionsUtilities-Swift.h -working-directory /Users/j/Documents/GitHub/MoneroOne/MoneroOne.xcodeproj -experimental-emit-module-separately -disable-cmo

SwiftExplicitDependencyGeneratePcm arm64 /Users/j/Documents/GitHub/MoneroOne/build/ModuleCache.noindex/SwiftShims-6RZHVT37ERPKR1D6KWLXD8EUA.pcm

SwiftExplicitDependencyGeneratePcm arm64 /Users/j/Documents/GitHub/MoneroOne/build/ModuleCache.noindex/_DarwinFoundation2-DTWJBHY2B7NKZLXUTFSQPWDYW.pcm

SwiftMergeGeneratedHeaders /Users/j/Documents/GitHub/MoneroOne/build/Build/Intermediates.noindex/GeneratedModuleMaps-iphonesimulator/InternalCollectionsUtilities-Swift.h /Users/j/Documents/GitHub/MoneroOne/build/Build/Intermediates.noindex/swift-collections.build/Debug-iphonesimulator/InternalCollectionsUtilities.build/Objects-normal/arm64/InternalCollectionsUtilities-Swift.h (in target 'InternalCollectionsUtilities' from project 'swift-collections')
    cd /Users/j/Documents/GitHub/MoneroOne/build/SourcePackages/checkouts/swift-collections
    builtin-swiftHeaderTool -arch arm64 /Users/j/Documents/GitHub/MoneroOne/build/Build/Intermediates.noindex/swift-collections.build/Debug-iphonesimulator/InternalCollectionsUtilities.build/Objects-normal/arm64/InternalCollectionsUtilities-Swift.h -o /Users/j/Documents/GitHub/MoneroOne/build/Build/Intermediates.noindex/GeneratedModuleMaps-iphonesimulator/InternalCollectionsUtilities-Swift.h

Copy /Users/j/Documents/GitHub/MoneroOne/build/Build/Products/Debug-iphonesimulator/InternalCollectionsUtilities.swiftmodule/arm64-apple-ios-simulator.swiftmodule /Users/j/Documents/GitHub/MoneroOne/build/Build/Intermediates.noindex/swift-collections.build/Debug-iphonesimulator/InternalCollectionsUtilities.build/Objects-normal/arm64/InternalCollectionsUtilities.swiftmodule (in target 'InternalCollectionsUtilities' from project 'swift-collections')
    cd /Users/j/Documents/GitHub/MoneroOne/build/SourcePackages/checkouts/swift-collections
    builtin-copy -exclude .DS_Store -exclude CVS -exclude .svn -exclude .git -exclude .hg -resolve-src-symlinks -rename /Users/j/Documents/GitHub/MoneroOne/build/Build/Intermediates.noindex/swift-collections.build/Debug-iphonesimulator/InternalCollectionsUtilities.build/Objects-normal/arm64/InternalCollectionsUtilities.swiftmodule /Users/j/Documents/GitHub/MoneroOne/build/Build/Products/Debug-iphonesimulator/InternalCollectionsUtilities.swiftmodule/arm64-apple-ios-simulator.swiftmodule

Copy /Users/j/Documents/GitHub/MoneroOne/build/Build/Products/Debug-iphonesimulator/InternalCollectionsUtilities.swiftmodule/arm64-apple-ios-simulator.swiftdoc /Users/j/Documents/GitHub/MoneroOne/build/Build/Intermediates.noindex/swift-collections.build/Debug-iphonesimulator/InternalCollectionsUtilities.build/Objects-normal/arm64/InternalCollectionsUtilities.swiftdoc (in target 'InternalCollectionsUtilities' from project 'swift-collections')
    cd /Users/j/Documents/GitHub/MoneroOne/build/SourcePackages/checkouts/swift-collections
    builtin-copy -exclude .DS_Store -exclude CVS -exclude .svn -exclude .git -exclude .hg -resolve-src-symlinks -rename /Users/j/Documents/GitHub/MoneroOne/build/Build/Intermediates.noindex/swift-collections.build/Debug-iphonesimulator/InternalCollectionsUtilities.build/Objects-normal/arm64/InternalCollectionsUtilities.swiftdoc /Users/j/Documents/GitHub/MoneroOne/build/Build/Products/Debug-iphonesimulator/InternalCollectionsUtilities.swiftmodule/arm64-apple-ios-simulator.swiftdoc

Copy /Users/j/Documents/GitHub/MoneroOne/build/Build/Products/Debug-iphonesimulator/InternalCollectionsUtilities.swiftmodule/arm64-apple-ios-simulator.abi.json /Users/j/Documents/GitHub/MoneroOne/build/Build/Intermediates.noindex/swift-collections.build/Debug-iphonesimulator/InternalCollectionsUtilities.build/Objects-normal/arm64/InternalCollectionsUtilities.abi.json (in target 'InternalCollectionsUtilities' from project 'swift-collections')
    cd /Users/j/Documents/GitHub/MoneroOne/build/SourcePackages/checkouts/swift-collections
    builtin-copy -exclude .DS_Store -exclude CVS -exclude .svn -exclude .git -exclude .hg -resolve-src-symlinks -rename /Users/j/Documents/GitHub/MoneroOne/build/Build/Intermediates.noindex/swift-collections.build/Debug-iphonesimulator/InternalCollectionsUtilities.build/Objects-normal/arm64/InternalCollectionsUtilities.abi.json /Users/j/Documents/GitHub/MoneroOne/build/Build/Products/Debug-iphonesimulator/InternalCollectionsUtilities.swiftmodule/arm64-apple-ios-simulator.abi.json

Copy /Users/j/Documents/GitHub/MoneroOne/build/Build/Products/Debug-iphonesimulator/InternalCollectionsUtilities.swiftmodule/Project/arm64-apple-ios-simulator.swiftsourceinfo /Users/j/Documents/GitHub/MoneroOne/build/Build/Intermediates.noindex/swift-collections.build/Debug-iphonesimulator/InternalCollectionsUtilities.build/Objects-normal/arm64/InternalCollectionsUtilities.swiftsourceinfo (in target 'InternalCollectionsUtilities' from project 'swift-collections')
    cd /Users/j/Documents/GitHub/MoneroOne/build/SourcePackages/checkouts/swift-collections
    builtin-copy -exclude .DS_Store -exclude CVS -exclude .svn -exclude .git -exclude .hg -resolve-src-symlinks -rename /Users/j/Documents/GitHub/MoneroOne/build/Build/Intermediates.noindex/swift-collections.build/Debug-iphonesimulator/InternalCollectionsUtilities.build/Objects-normal/arm64/InternalCollectionsUtilities.swiftsourceinfo /Users/j/Documents/GitHub/MoneroOne/build/Build/Products/Debug-iphonesimulator/InternalCollectionsUtilities.swiftmodule/Project/arm64-apple-ios-simulator.swiftsourceinfo

SwiftExplicitDependencyGeneratePcm arm64 /Users/j/Documents/GitHub/MoneroOne/build/ModuleCache.noindex/_DarwinFoundation2-26S2HF9Q91N4NFIHKH97D29SX.pcm

SwiftExplicitDependencyGeneratePcm arm64 /Users/j/Documents/GitHub/MoneroOne/build/ModuleCache.noindex/SQLite3-5MT9EEB19AO9HQRQSO1Y3SYO3.pcm

SwiftExplicitDependencyGeneratePcm arm64 /Users/j/Documents/GitHub/MoneroOne/build/ModuleCache.noindex/_Builtin_limits-F2KY3RDQS0JUCMWSS1APRPUH4.pcm

SwiftExplicitDependencyGeneratePcm arm64 /Users/j/Documents/GitHub/MoneroOne/build/ModuleCache.noindex/_Builtin_float-DD1AEPSLO2YUNN7L03UY2LPRR.pcm

SwiftExplicitDependencyGeneratePcm arm64 /Users/j/Documents/GitHub/MoneroOne/build/ModuleCache.noindex/_Builtin_stdarg-BXSL9DVEIEH3RROW1R2TR5FRM.pcm

SwiftExplicitDependencyGeneratePcm arm64 /Users/j/Documents/GitHub/MoneroOne/build/ModuleCache.noindex/sys_types-AV3IM1QEMJ3UOE0U3507LINPK.pcm

SwiftExplicitDependencyGeneratePcm arm64 /Users/j/Documents/GitHub/MoneroOne/build/ModuleCache.noindex/_Builtin_stdint-315IJ2BCSNMS03LWTZB2UO3SE.pcm

SwiftExplicitDependencyGeneratePcm arm64 /Users/j/Documents/GitHub/MoneroOne/build/ModuleCache.noindex/string_h-DKGHPHXYSEUZ5GSVY00ZE71LB.pcm

SwiftExplicitDependencyGeneratePcm arm64 /Users/j/Documents/GitHub/MoneroOne/build/ModuleCache.noindex/_Builtin_stdint-9Q6JEJRUYP0ZXEWG80HK0DXH5.pcm

SwiftExplicitDependencyGeneratePcm arm64 /Users/j/Documents/GitHub/MoneroOne/build/ModuleCache.noindex/ActivityKit-BOGH01BV2Y8CCN47S33U1FY1.pcm

SwiftExplicitDependencyGeneratePcm arm64 /Users/j/Documents/GitHub/MoneroOne/build/ModuleCache.noindex/_Builtin_limits-8B41NBLXWZPSYEF05BUFWM3EM.pcm

SwiftExplicitDependencyGeneratePcm arm64 /Users/j/Documents/GitHub/MoneroOne/build/ModuleCache.noindex/_DarwinFoundation3-2NUVKICHHFH6GE1FA9I074Q2A.pcm

SwiftExplicitDependencyGeneratePcm arm64 /Users/j/Documents/GitHub/MoneroOne/build/Build/Intermediates.noindex/SwiftExplicitPrecompiledModules/_AtomicsShims-ZRLL73AQAOB9HKW58CPY7GQE.pcm

SwiftExplicitDependencyGeneratePcm arm64 /Users/j/Documents/GitHub/MoneroOne/build/Build/Intermediates.noindex/SwiftExplicitPrecompiledModules/CNIOAtomics-6EV6WFN4ZU95ZE3LB3L882UTH.pcm

SwiftExplicitDependencyGeneratePcm arm64 /Users/j/Documents/GitHub/MoneroOne/build/ModuleCache.noindex/_DarwinFoundation3-CNG86NV6HSSVYBPU57214MVPD.pcm

SwiftExplicitDependencyGeneratePcm arm64 /Users/j/Documents/GitHub/MoneroOne/build/ModuleCache.noindex/DeveloperToolsSupport-7399OMJOBWAO7J3VDWPW36D2X.pcm

SwiftExplicitDependencyGeneratePcm arm64 /Users/j/Documents/GitHub/MoneroOne/build/Build/Intermediates.noindex/SwiftExplicitPrecompiledModules/CSQLite-7P1OMM7J82GK5UXB3ZIUW2WL1.pcm

SwiftExplicitDependencyGeneratePcm arm64 /Users/j/Documents/GitHub/MoneroOne/build/ModuleCache.noindex/_Builtin_stdbool-7SCRX8HEMTT34XZLHPS1I4ZB5.pcm

SwiftExplicitDependencyGeneratePcm arm64 /Users/j/Documents/GitHub/MoneroOne/build/ModuleCache.noindex/sys_types-F20G9T9U2BWIP7M55N666PGVP.pcm

SwiftExplicitDependencyGeneratePcm arm64 /Users/j/Documents/GitHub/MoneroOne/build/ModuleCache.noindex/_AvailabilityInternal-231JUS1VNT57SSQ3W6A3W2S6W.pcm

SwiftExplicitDependencyGeneratePcm arm64 /Users/j/Documents/GitHub/MoneroOne/build/ModuleCache.noindex/_Builtin_stdatomic-DF3R4EFPMPKTX72SYFLGZMNOR.pcm

CompileC /Users/j/Documents/GitHub/MoneroOne/build/Build/Intermediates.noindex/swift-nio-ssl.build/Debug-iphonesimulator/CNIOBoringSSL.build/Objects-normal/arm64/x_name.o /Users/j/Documents/GitHub/MoneroOne/build/SourcePackages/checkouts/swift-nio-ssl/Sources/CNIOBoringSSL/crypto/x509/x_name.cc normal arm64 c++ com.apple.compilers.llvm.clang.1_0.compiler (in target 'CNIOBoringSSL' from project 'swift-nio-ssl')
    cd /Users/j/Documents/GitHub/MoneroOne/MoneroOne.xcodeproj
    
    Using response file: /Users/j/Documents/GitHub/MoneroOne/build/Build/Intermediates.noindex/swift-nio-ssl.build/Debug-iphonesimulator/CNIOBoringSSL.build/Objects-normal/arm64/82b82416624d2658e5098eb0a28c15c5-common-args.resp
    
    /Applications/Xcode.app/Contents/Developer/Toolchains/XcodeDefault.xctoolchain/usr/bin/clang -x c++ -ivfsstatcache /Users/j/Documents/GitHub/MoneroOne/build/SDKStatCaches.noindex/iphonesimulator26.1-23B77-90cf18a4295e390e64c810bc6bd7acbc.sdkstatcache -fmessage-length\=0 -fdiagnostics-show-note-include-stack -fmacro-backtrace-limit\=0 -fno-color-diagnostics -fmodules-prune-interval\=86400 -fmodules-prune-after\=345600 -fbuild-session-file\=/Users/j/Documents/GitHub/MoneroOne/build/ModuleCache.noindex/Session.modulevalidation -fmodules-validate-once-per-build-session -Wnon-modular-include-in-framework-module -Werror\=non-modular-include-in-framework-module -Wno-trigraphs -Wno-missing-field-initializers -Wno-missing-prototypes -Wno-return-type -Wno-non-virtual-dtor -Wno-overloaded-virtual -Wno-exit-time-destructors -Wno-missing-braces -Wparentheses -Wswitch -Wno-unused-function -Wno-unused-label -Wno-unused-parameter -Wno-unused-variable -Wunused-value -Wno-empty-body -Wno-uninitialized -Wno-unknown-pragmas -w -Wno-shadow -Wno-four-char-constants -Wno-conversion -Wno-constant-conversion -Wno-int-conversion -Wno-bool-conversion -Wno-enum-conversion -Wno-float-conversion -Wno-non-literal-null-conversion -Wno-objc-literal-conversion -Wshorten-64-to-32 -Wno-newline-eof -Wno-c++11-extensions -Wno-implicit-fallthrough -fstrict-aliasing -Wdeprecated-declarations -Winvalid-offsetof -Wno-sign-conversion -Wno-infinite-recursion -Wno-move -Wno-comma -Wno-block-capture-autoreleasing -Wno-strict-prototypes -Wno-range-loop-analysis -Wno-semicolon-before-method-body -index-store-path /Users/j/Documents/GitHub/MoneroOne/build/Index.noindex/DataStore @/Users/j/Documents/GitHub/MoneroOne/build/Build/Intermediates.noindex/swift-nio-ssl.build/Debug-iphonesimulator/CNIOBoringSSL.build/Objects-normal/arm64/82b82416624d2658e5098eb0a28c15c5-common-args.resp -MMD -MT dependencies -MF /Users/j/Documents/GitHub/MoneroOne/build/Build/Intermediates.noindex/swift-nio-ssl.build/Debug-iphonesimulator/CNIOBoringSSL.build/Objects-normal/arm64/x_name.d --serialize-diagnostics /Users/j/Documents/GitHub/MoneroOne/build/Build/Intermediates.noindex/swift-nio-ssl.build/Debug-iphonesimulator/CNIOBoringSSL.build/Objects-normal/arm64/x_name.dia -c /Users/j/Documents/GitHub/MoneroOne/build/SourcePackages/checkouts/swift-nio-ssl/Sources/CNIOBoringSSL/crypto/x509/x_name.cc -o /Users/j/Documents/GitHub/MoneroOne/build/Build/Intermediates.noindex/swift-nio-ssl.build/Debug-iphonesimulator/CNIOBoringSSL.build/Objects-normal/arm64/x_name.o -index-unit-output-path /swift-nio-ssl.build/Debug-iphonesimulator/CNIOBoringSSL.build/Objects-normal/arm64/x_name.o

CompileC /Users/j/Documents/GitHub/MoneroOne/build/Build/Intermediates.noindex/swift-nio-ssl.build/Debug-iphonesimulator/CNIOBoringSSL.build/Objects-normal/arm64/x_exten.o /Users/j/Documents/GitHub/MoneroOne/build/SourcePackages/checkouts/swift-nio-ssl/Sources/CNIOBoringSSL/crypto/x509/x_exten.cc normal arm64 c++ com.apple.compilers.llvm.clang.1_0.compiler (in target 'CNIOBoringSSL' from project 'swift-nio-ssl')
    cd /Users/j/Documents/GitHub/MoneroOne/MoneroOne.xcodeproj
    
    Using response file: /Users/j/Documents/GitHub/MoneroOne/build/Build/Intermediates.noindex/swift-nio-ssl.build/Debug-iphonesimulator/CNIOBoringSSL.build/Objects-normal/arm64/82b82416624d2658e5098eb0a28c15c5-common-args.resp
    
    /Applications/Xcode.app/Contents/Developer/Toolchains/XcodeDefault.xctoolchain/usr/bin/clang -x c++ -ivfsstatcache /Users/j/Documents/GitHub/MoneroOne/build/SDKStatCaches.noindex/iphonesimulator26.1-23B77-90cf18a4295e390e64c810bc6bd7acbc.sdkstatcache -fmessage-length\=0 -fdiagnostics-show-note-include-stack -fmacro-backtrace-limit\=0 -fno-color-diagnostics -fmodules-prune-interval\=86400 -fmodules-prune-after\=345600 -fbuild-session-file\=/Users/j/Documents/GitHub/MoneroOne/build/ModuleCache.noindex/Session.modulevalidation -fmodules-validate-once-per-build-session -Wnon-modular-include-in-framework-module -Werror\=non-modular-include-in-framework-module -Wno-trigraphs -Wno-missing-field-initializers -Wno-missing-prototypes -Wno-return-type -Wno-non-virtual-dtor -Wno-overloaded-virtual -Wno-exit-time-destructors -Wno-missing-braces -Wparentheses -Wswitch -Wno-unused-function -Wno-unused-label -Wno-unused-parameter -Wno-unused-variable -Wunused-value -Wno-empty-body -Wno-uninitialized -Wno-unknown-pragmas -w -Wno-shadow -Wno-four-char-constants -Wno-conversion -Wno-constant-conversion -Wno-int-conversion -Wno-bool-conversion -Wno-enum-conversion -Wno-float-conversion -Wno-non-literal-null-conversion -Wno-objc-literal-conversion -Wshorten-64-to-32 -Wno-newline-eof -Wno-c++11-extensions -Wno-implicit-fallthrough -fstrict-aliasing -Wdeprecated-declarations -Winvalid-offsetof -Wno-sign-conversion -Wno-infinite-recursion -Wno-move -Wno-comma -Wno-block-capture-autoreleasing -Wno-strict-prototypes -Wno-range-loop-analysis -Wno-semicolon-before-method-body -index-store-path /Users/j/Documents/GitHub/MoneroOne/build/Index.noindex/DataStore @/Users/j/Documents/GitHub/MoneroOne/build/Build/Intermediates.noindex/swift-nio-ssl.build/Debug-iphonesimulator/CNIOBoringSSL.build/Objects-normal/arm64/82b82416624d2658e5098eb0a28c15c5-common-args.resp -MMD -MT dependencies -MF /Users/j/Documents/GitHub/MoneroOne/build/Build/Intermediates.noindex/swift-nio-ssl.build/Debug-iphonesimulator/CNIOBoringSSL.build/Objects-normal/arm64/x_exten.d --serialize-diagnostics /Users/j/Documents/GitHub/MoneroOne/build/Build/Intermediates.noindex/swift-nio-ssl.build/Debug-iphonesimulator/CNIOBoringSSL.build/Objects-normal/arm64/x_exten.dia -c /Users/j/Documents/GitHub/MoneroOne/build/SourcePackages/checkouts/swift-nio-ssl/Sources/CNIOBoringSSL/crypto/x509/x_exten.cc -o /Users/j/Documents/GitHub/MoneroOne/build/Build/Intermediates.noindex/swift-nio-ssl.build/Debug-iphonesimulator/CNIOBoringSSL.build/Objects-normal/arm64/x_exten.o -index-unit-output-path /swift-nio-ssl.build/Debug-iphonesimulator/CNIOBoringSSL.build/Objects-normal/arm64/x_exten.o

SwiftEmitModule normal arm64 Emitting\ module\ for\ Atomics (in target 'Atomics' from project 'swift-atomics')

EmitSwiftModule normal arm64 (in target 'Atomics' from project 'swift-atomics')
    cd /Users/j/Documents/GitHub/MoneroOne/MoneroOne.xcodeproj
    

CompileC /Users/j/Documents/GitHub/MoneroOne/build/Build/Intermediates.noindex/swift-nio-ssl.build/Debug-iphonesimulator/CNIOBoringSSL.build/Objects-normal/arm64/x_crl.o /Users/j/Documents/GitHub/MoneroOne/build/SourcePackages/checkouts/swift-nio-ssl/Sources/CNIOBoringSSL/crypto/x509/x_crl.cc normal arm64 c++ com.apple.compilers.llvm.clang.1_0.compiler (in target 'CNIOBoringSSL' from project 'swift-nio-ssl')
    cd /Users/j/Documents/GitHub/MoneroOne/MoneroOne.xcodeproj
    
    Using response file: /Users/j/Documents/GitHub/MoneroOne/build/Build/Intermediates.noindex/swift-nio-ssl.build/Debug-iphonesimulator/CNIOBoringSSL.build/Objects-normal/arm64/82b82416624d2658e5098eb0a28c15c5-common-args.resp
    
    /Applications/Xcode.app/Contents/Developer/Toolchains/XcodeDefault.xctoolchain/usr/bin/clang -x c++ -ivfsstatcache /Users/j/Documents/GitHub/MoneroOne/build/SDKStatCaches.noindex/iphonesimulator26.1-23B77-90cf18a4295e390e64c810bc6bd7acbc.sdkstatcache -fmessage-length\=0 -fdiagnostics-show-note-include-stack -fmacro-backtrace-limit\=0 -fno-color-diagnostics -fmodules-prune-interval\=86400 -fmodules-prune-after\=345600 -fbuild-session-file\=/Users/j/Documents/GitHub/MoneroOne/build/ModuleCache.noindex/Session.modulevalidation -fmodules-validate-once-per-build-session -Wnon-modular-include-in-framework-module -Werror\=non-modular-include-in-framework-module -Wno-trigraphs -Wno-missing-field-initializers -Wno-missing-prototypes -Wno-return-type -Wno-non-virtual-dtor -Wno-overloaded-virtual -Wno-exit-time-destructors -Wno-missing-braces -Wparentheses -Wswitch -Wno-unused-function -Wno-unused-label -Wno-unused-parameter -Wno-unused-variable -Wunused-value -Wno-empty-body -Wno-uninitialized -Wno-unknown-pragmas -w -Wno-shadow -Wno-four-char-constants -Wno-conversion -Wno-constant-conversion -Wno-int-conversion -Wno-bool-conversion -Wno-enum-conversion -Wno-float-conversion -Wno-non-literal-null-conversion -Wno-objc-literal-conversion -Wshorten-64-to-32 -Wno-newline-eof -Wno-c++11-extensions -Wno-implicit-fallthrough -fstrict-aliasing -Wdeprecated-declarations -Winvalid-offsetof -Wno-sign-conversion -Wno-infinite-recursion -Wno-move -Wno-comma -Wno-block-capture-autoreleasing -Wno-strict-prototypes -Wno-range-loop-analysis -Wno-semicolon-before-method-body -index-store-path /Users/j/Documents/GitHub/MoneroOne/build/Index.noindex/DataStore @/Users/j/Documents/GitHub/MoneroOne/build/Build/Intermediates.noindex/swift-nio-ssl.build/Debug-iphonesimulator/CNIOBoringSSL.build/Objects-normal/arm64/82b82416624d2658e5098eb0a28c15c5-common-args.resp -MMD -MT dependencies -MF /Users/j/Documents/GitHub/MoneroOne/build/Build/Intermediates.noindex/swift-nio-ssl.build/Debug-iphonesimulator/CNIOBoringSSL.build/Objects-normal/arm64/x_crl.d --serialize-diagnostics /Users/j/Documents/GitHub/MoneroOne/build/Build/Intermediates.noindex/swift-nio-ssl.build/Debug-iphonesimulator/CNIOBoringSSL.build/Objects-normal/arm64/x_crl.dia -c /Users/j/Documents/GitHub/MoneroOne/build/SourcePackages/checkouts/swift-nio-ssl/Sources/CNIOBoringSSL/crypto/x509/x_crl.cc -o /Users/j/Documents/GitHub/MoneroOne/build/Build/Intermediates.noindex/swift-nio-ssl.build/Debug-iphonesimulator/CNIOBoringSSL.build/Objects-normal/arm64/x_crl.o -index-unit-output-path /swift-nio-ssl.build/Debug-iphonesimulator/CNIOBoringSSL.build/Objects-normal/arm64/x_crl.o

CompileC /Users/j/Documents/GitHub/MoneroOne/build/Build/Intermediates.noindex/swift-nio-ssl.build/Debug-iphonesimulator/CNIOBoringSSL.build/Objects-normal/arm64/x_attrib.o /Users/j/Documents/GitHub/MoneroOne/build/SourcePackages/checkouts/swift-nio-ssl/Sources/CNIOBoringSSL/crypto/x509/x_attrib.cc normal arm64 c++ com.apple.compilers.llvm.clang.1_0.compiler (in target 'CNIOBoringSSL' from project 'swift-nio-ssl')
    cd /Users/j/Documents/GitHub/MoneroOne/MoneroOne.xcodeproj
    
    Using response file: /Users/j/Documents/GitHub/MoneroOne/build/Build/Intermediates.noindex/swift-nio-ssl.build/Debug-iphonesimulator/CNIOBoringSSL.build/Objects-normal/arm64/82b82416624d2658e5098eb0a28c15c5-common-args.resp
    
    /Applications/Xcode.app/Contents/Developer/Toolchains/XcodeDefault.xctoolchain/usr/bin/clang -x c++ -ivfsstatcache /Users/j/Documents/GitHub/MoneroOne/build/SDKStatCaches.noindex/iphonesimulator26.1-23B77-90cf18a4295e390e64c810bc6bd7acbc.sdkstatcache -fmessage-length\=0 -fdiagnostics-show-note-include-stack -fmacro-backtrace-limit\=0 -fno-color-diagnostics -fmodules-prune-interval\=86400 -fmodules-prune-after\=345600 -fbuild-session-file\=/Users/j/Documents/GitHub/MoneroOne/build/ModuleCache.noindex/Session.modulevalidation -fmodules-validate-once-per-build-session -Wnon-modular-include-in-framework-module -Werror\=non-modular-include-in-framework-module -Wno-trigraphs -Wno-missing-field-initializers -Wno-missing-prototypes -Wno-return-type -Wno-non-virtual-dtor -Wno-overloaded-virtual -Wno-exit-time-destructors -Wno-missing-braces -Wparentheses -Wswitch -Wno-unused-function -Wno-unused-label -Wno-unused-parameter -Wno-unused-variable -Wunused-value -Wno-empty-body -Wno-uninitialized -Wno-unknown-pragmas -w -Wno-shadow -Wno-four-char-constants -Wno-conversion -Wno-constant-conversion -Wno-int-conversion -Wno-bool-conversion -Wno-enum-conversion -Wno-float-conversion -Wno-non-literal-null-conversion -Wno-objc-literal-conversion -Wshorten-64-to-32 -Wno-newline-eof -Wno-c++11-extensions -Wno-implicit-fallthrough -fstrict-aliasing -Wdeprecated-declarations -Winvalid-offsetof -Wno-sign-conversion -Wno-infinite-recursion -Wno-move -Wno-comma -Wno-block-capture-autoreleasing -Wno-strict-prototypes -Wno-range-loop-analysis -Wno-semicolon-before-method-body -index-store-path /Users/j/Documents/GitHub/MoneroOne/build/Index.noindex/DataStore @/Users/j/Documents/GitHub/MoneroOne/build/Build/Intermediates.noindex/swift-nio-ssl.build/Debug-iphonesimulator/CNIOBoringSSL.build/Objects-normal/arm64/82b82416624d2658e5098eb0a28c15c5-common-args.resp -MMD -MT dependencies -MF /Users/j/Documents/GitHub/MoneroOne/build/Build/Intermediates.noindex/swift-nio-ssl.build/Debug-iphonesimulator/CNIOBoringSSL.build/Objects-normal/arm64/x_attrib.d --serialize-diagnostics /Users/j/Documents/GitHub/MoneroOne/build/Build/Intermediates.noindex/swift-nio-ssl.build/Debug-iphonesimulator/CNIOBoringSSL.build/Objects-normal/arm64/x_attrib.dia -c /Users/j/Documents/GitHub/MoneroOne/build/SourcePackages/checkouts/swift-nio-ssl/Sources/CNIOBoringSSL/crypto/x509/x_attrib.cc -o /Users/j/Documents/GitHub/MoneroOne/build/Build/Intermediates.noindex/swift-nio-ssl.build/Debug-iphonesimulator/CNIOBoringSSL.build/Objects-normal/arm64/x_attrib.o -index-unit-output-path /swift-nio-ssl.build/Debug-iphonesimulator/CNIOBoringSSL.build/Objects-normal/arm64/x_attrib.o

CompileC /Users/j/Documents/GitHub/MoneroOne/build/Build/Intermediates.noindex/swift-nio-ssl.build/Debug-iphonesimulator/CNIOBoringSSL.build/Objects-normal/arm64/x_all.o /Users/j/Documents/GitHub/MoneroOne/build/SourcePackages/checkouts/swift-nio-ssl/Sources/CNIOBoringSSL/crypto/x509/x_all.cc normal arm64 c++ com.apple.compilers.llvm.clang.1_0.compiler (in target 'CNIOBoringSSL' from project 'swift-nio-ssl')
    cd /Users/j/Documents/GitHub/MoneroOne/MoneroOne.xcodeproj
    
    Using response file: /Users/j/Documents/GitHub/MoneroOne/build/Build/Intermediates.noindex/swift-nio-ssl.build/Debug-iphonesimulator/CNIOBoringSSL.build/Objects-normal/arm64/82b82416624d2658e5098eb0a28c15c5-common-args.resp
    
    /Applications/Xcode.app/Contents/Developer/Toolchains/XcodeDefault.xctoolchain/usr/bin/clang -x c++ -ivfsstatcache /Users/j/Documents/GitHub/MoneroOne/build/SDKStatCaches.noindex/iphonesimulator26.1-23B77-90cf18a4295e390e64c810bc6bd7acbc.sdkstatcache -fmessage-length\=0 -fdiagnostics-show-note-include-stack -fmacro-backtrace-limit\=0 -fno-color-diagnostics -fmodules-prune-interval\=86400 -fmodules-prune-after\=345600 -fbuild-session-file\=/Users/j/Documents/GitHub/MoneroOne/build/ModuleCache.noindex/Session.modulevalidation -fmodules-validate-once-per-build-session -Wnon-modular-include-in-framework-module -Werror\=non-modular-include-in-framework-module -Wno-trigraphs -Wno-missing-field-initializers -Wno-missing-prototypes -Wno-return-type -Wno-non-virtual-dtor -Wno-overloaded-virtual -Wno-exit-time-destructors -Wno-missing-braces -Wparentheses -Wswitch -Wno-unused-function -Wno-unused-label -Wno-unused-parameter -Wno-unused-variable -Wunused-value -Wno-empty-body -Wno-uninitialized -Wno-unknown-pragmas -w -Wno-shadow -Wno-four-char-constants -Wno-conversion -Wno-constant-conversion -Wno-int-conversion -Wno-bool-conversion -Wno-enum-conversion -Wno-float-conversion -Wno-non-literal-null-conversion -Wno-objc-literal-conversion -Wshorten-64-to-32 -Wno-newline-eof -Wno-c++11-extensions -Wno-implicit-fallthrough -fstrict-aliasing -Wdeprecated-declarations -Winvalid-offsetof -Wno-sign-conversion -Wno-infinite-recursion -Wno-move -Wno-comma -Wno-block-capture-autoreleasing -Wno-strict-prototypes -Wno-range-loop-analysis -Wno-semicolon-before-method-body -index-store-path /Users/j/Documents/GitHub/MoneroOne/build/Index.noindex/DataStore @/Users/j/Documents/GitHub/MoneroOne/build/Build/Intermediates.noindex/swift-nio-ssl.build/Debug-iphonesimulator/CNIOBoringSSL.build/Objects-normal/arm64/82b82416624d2658e5098eb0a28c15c5-common-args.resp -MMD -MT dependencies -MF /Users/j/Documents/GitHub/MoneroOne/build/Build/Intermediates.noindex/swift-nio-ssl.build/Debug-iphonesimulator/CNIOBoringSSL.build/Objects-normal/arm64/x_all.d --serialize-diagnostics /Users/j/Documents/GitHub/MoneroOne/build/Build/Intermediates.noindex/swift-nio-ssl.build/Debug-iphonesimulator/CNIOBoringSSL.build/Objects-normal/arm64/x_all.dia -c /Users/j/Documents/GitHub/MoneroOne/build/SourcePackages/checkouts/swift-nio-ssl/Sources/CNIOBoringSSL/crypto/x509/x_all.cc -o /Users/j/Documents/GitHub/MoneroOne/build/Build/Intermediates.noindex/swift-nio-ssl.build/Debug-iphonesimulator/CNIOBoringSSL.build/Objects-normal/arm64/x_all.o -index-unit-output-path /swift-nio-ssl.build/Debug-iphonesimulator/CNIOBoringSSL.build/Objects-normal/arm64/x_all.o

CompileC /Users/j/Documents/GitHub/MoneroOne/build/Build/Intermediates.noindex/swift-nio-ssl.build/Debug-iphonesimulator/CNIOBoringSSL.build/Objects-normal/arm64/x_algor.o /Users/j/Documents/GitHub/MoneroOne/build/SourcePackages/checkouts/swift-nio-ssl/Sources/CNIOBoringSSL/crypto/x509/x_algor.cc normal arm64 c++ com.apple.compilers.llvm.clang.1_0.compiler (in target 'CNIOBoringSSL' from project 'swift-nio-ssl')
    cd /Users/j/Documents/GitHub/MoneroOne/MoneroOne.xcodeproj
    
    Using response file: /Users/j/Documents/GitHub/MoneroOne/build/Build/Intermediates.noindex/swift-nio-ssl.build/Debug-iphonesimulator/CNIOBoringSSL.build/Objects-normal/arm64/82b82416624d2658e5098eb0a28c15c5-common-args.resp
    
    /Applications/Xcode.app/Contents/Developer/Toolchains/XcodeDefault.xctoolchain/usr/bin/clang -x c++ -ivfsstatcache /Users/j/Documents/GitHub/MoneroOne/build/SDKStatCaches.noindex/iphonesimulator26.1-23B77-90cf18a4295e390e64c810bc6bd7acbc.sdkstatcache -fmessage-length\=0 -fdiagnostics-show-note-include-stack -fmacro-backtrace-limit\=0 -fno-color-diagnostics -fmodules-prune-interval\=86400 -fmodules-prune-after\=345600 -fbuild-session-file\=/Users/j/Documents/GitHub/MoneroOne/build/ModuleCache.noindex/Session.modulevalidation -fmodules-validate-once-per-build-session -Wnon-modular-include-in-framework-module -Werror\=non-modular-include-in-framework-module -Wno-trigraphs -Wno-missing-field-initializers -Wno-missing-prototypes -Wno-return-type -Wno-non-virtual-dtor -Wno-overloaded-virtual -Wno-exit-time-destructors -Wno-missing-braces -Wparentheses -Wswitch -Wno-unused-function -Wno-unused-label -Wno-unused-parameter -Wno-unused-variable -Wunused-value -Wno-empty-body -Wno-uninitialized -Wno-unknown-pragmas -w -Wno-shadow -Wno-four-char-constants -Wno-conversion -Wno-constant-conversion -Wno-int-conversion -Wno-bool-conversion -Wno-enum-conversion -Wno-float-conversion -Wno-non-literal-null-conversion -Wno-objc-literal-conversion -Wshorten-64-to-32 -Wno-newline-eof -Wno-c++11-extensions -Wno-implicit-fallthrough -fstrict-aliasing -Wdeprecated-declarations -Winvalid-offsetof -Wno-sign-conversion -Wno-infinite-recursion -Wno-move -Wno-comma -Wno-block-capture-autoreleasing -Wno-strict-prototypes -Wno-range-loop-analysis -Wno-semicolon-before-method-body -index-store-path /Users/j/Documents/GitHub/MoneroOne/build/Index.noindex/DataStore @/Users/j/Documents/GitHub/MoneroOne/build/Build/Intermediates.noindex/swift-nio-ssl.build/Debug-iphonesimulator/CNIOBoringSSL.build/Objects-normal/arm64/82b82416624d2658e5098eb0a28c15c5-common-args.resp -MMD -MT dependencies -MF /Users/j/Documents/GitHub/MoneroOne/build/Build/Intermediates.noindex/swift-nio-ssl.build/Debug-iphonesimulator/CNIOBoringSSL.build/Objects-normal/arm64/x_algor.d --serialize-diagnostics /Users/j/Documents/GitHub/MoneroOne/build/Build/Intermediates.noindex/swift-nio-ssl.build/Debug-iphonesimulator/CNIOBoringSSL.build/Objects-normal/arm64/x_algor.dia -c /Users/j/Documents/GitHub/MoneroOne/build/SourcePackages/checkouts/swift-nio-ssl/Sources/CNIOBoringSSL/crypto/x509/x_algor.cc -o /Users/j/Documents/GitHub/MoneroOne/build/Build/Intermediates.noindex/swift-nio-ssl.build/Debug-iphonesimulator/CNIOBoringSSL.build/Objects-normal/arm64/x_algor.o -index-unit-output-path /swift-nio-ssl.build/Debug-iphonesimulator/CNIOBoringSSL.build/Objects-normal/arm64/x_algor.o

CompileC /Users/j/Documents/GitHub/MoneroOne/build/Build/Intermediates.noindex/swift-nio-ssl.build/Debug-iphonesimulator/CNIOBoringSSL.build/Objects-normal/arm64/x86_64-mont5-linux.o /Users/j/Documents/GitHub/MoneroOne/build/SourcePackages/checkouts/swift-nio-ssl/Sources/CNIOBoringSSL/gen/bcm/x86_64-mont5-linux.S normal arm64 assembler-with-cpp com.apple.compilers.llvm.clang.1_0.compiler (in target 'CNIOBoringSSL' from project 'swift-nio-ssl')
    cd /Users/j/Documents/GitHub/MoneroOne/MoneroOne.xcodeproj
    
    Using response file: /Users/j/Documents/GitHub/MoneroOne/build/Build/Intermediates.noindex/swift-nio-ssl.build/Debug-iphonesimulator/CNIOBoringSSL.build/Objects-normal/arm64/533656923a283fa776881f304837ed9e-common-args.resp
    
    /Applications/Xcode.app/Contents/Developer/Toolchains/XcodeDefault.xctoolchain/usr/bin/clang -x assembler-with-cpp -ivfsstatcache /Users/j/Documents/GitHub/MoneroOne/build/SDKStatCaches.noindex/iphonesimulator26.1-23B77-90cf18a4295e390e64c810bc6bd7acbc.sdkstatcache -fmessage-length\=0 -fdiagnostics-show-note-include-stack -fmacro-backtrace-limit\=0 -fno-color-diagnostics -fmodules-prune-interval\=86400 -fmodules-prune-after\=345600 -fbuild-session-file\=/Users/j/Documents/GitHub/MoneroOne/build/ModuleCache.noindex/Session.modulevalidation -fmodules-validate-once-per-build-session -Wnon-modular-include-in-framework-module -Werror\=non-modular-include-in-framework-module -Wno-trigraphs -Wno-missing-field-initializers -Wno-missing-prototypes -Wno-return-type -Wno-missing-braces -Wparentheses -Wswitch -Wno-unused-function -Wno-unused-label -Wno-unused-parameter -Wno-unused-variable -Wunused-value -Wno-empty-body -Wno-uninitialized -Wno-unknown-pragmas -w -Wno-shadow -Wno-four-char-constants -Wno-conversion -Wno-constant-conversion -Wno-int-conversion -Wno-bool-conversion -Wno-enum-conversion -Wno-float-conversion -Wno-non-literal-null-conversion -Wno-objc-literal-conversion -Wshorten-64-to-32 -Wno-newline-eof -Wno-implicit-fallthrough -fstrict-aliasing -Wdeprecated-declarations -Wno-sign-conversion -Wno-infinite-recursion -Wno-comma -Wno-block-capture-autoreleasing -Wno-strict-prototypes -Wno-semicolon-before-method-body -index-store-path /Users/j/Documents/GitHub/MoneroOne/build/Index.noindex/DataStore @/Users/j/Documents/GitHub/MoneroOne/build/Build/Intermediates.noindex/swift-nio-ssl.build/Debug-iphonesimulator/CNIOBoringSSL.build/Objects-normal/arm64/533656923a283fa776881f304837ed9e-common-args.resp -MMD -MT dependencies -MF /Users/j/Documents/GitHub/MoneroOne/build/Build/Intermediates.noindex/swift-nio-ssl.build/Debug-iphonesimulator/CNIOBoringSSL.build/Objects-normal/arm64/x86_64-mont5-linux.d --serialize-diagnostics /Users/j/Documents/GitHub/MoneroOne/build/Build/Intermediates.noindex/swift-nio-ssl.build/Debug-iphonesimulator/CNIOBoringSSL.build/Objects-normal/arm64/x86_64-mont5-linux.dia -c /Users/j/Documents/GitHub/MoneroOne/build/SourcePackages/checkouts/swift-nio-ssl/Sources/CNIOBoringSSL/gen/bcm/x86_64-mont5-linux.S -o /Users/j/Documents/GitHub/MoneroOne/build/Build/Intermediates.noindex/swift-nio-ssl.build/Debug-iphonesimulator/CNIOBoringSSL.build/Objects-normal/arm64/x86_64-mont5-linux.o -index-unit-output-path /swift-nio-ssl.build/Debug-iphonesimulator/CNIOBoringSSL.build/Objects-normal/arm64/x86_64-mont5-linux.o

CompileC /Users/j/Documents/GitHub/MoneroOne/build/Build/Intermediates.noindex/swift-nio-ssl.build/Debug-iphonesimulator/CNIOBoringSSL.build/Objects-normal/arm64/x86_64-mont5-apple.o /Users/j/Documents/GitHub/MoneroOne/build/SourcePackages/checkouts/swift-nio-ssl/Sources/CNIOBoringSSL/gen/bcm/x86_64-mont5-apple.S normal arm64 assembler-with-cpp com.apple.compilers.llvm.clang.1_0.compiler (in target 'CNIOBoringSSL' from project 'swift-nio-ssl')
    cd /Users/j/Documents/GitHub/MoneroOne/MoneroOne.xcodeproj
    
    Using response file: /Users/j/Documents/GitHub/MoneroOne/build/Build/Intermediates.noindex/swift-nio-ssl.build/Debug-iphonesimulator/CNIOBoringSSL.build/Objects-normal/arm64/533656923a283fa776881f304837ed9e-common-args.resp
    
    /Applications/Xcode.app/Contents/Developer/Toolchains/XcodeDefault.xctoolchain/usr/bin/clang -x assembler-with-cpp -ivfsstatcache /Users/j/Documents/GitHub/MoneroOne/build/SDKStatCaches.noindex/iphonesimulator26.1-23B77-90cf18a4295e390e64c810bc6bd7acbc.sdkstatcache -fmessage-length\=0 -fdiagnostics-show-note-include-stack -fmacro-backtrace-limit\=0 -fno-color-diagnostics -fmodules-prune-interval\=86400 -fmodules-prune-after\=345600 -fbuild-session-file\=/Users/j/Documents/GitHub/MoneroOne/build/ModuleCache.noindex/Session.modulevalidation -fmodules-validate-once-per-build-session -Wnon-modular-include-in-framework-module -Werror\=non-modular-include-in-framework-module -Wno-trigraphs -Wno-missing-field-initializers -Wno-missing-prototypes -Wno-return-type -Wno-missing-braces -Wparentheses -Wswitch -Wno-unused-function -Wno-unused-label -Wno-unused-parameter -Wno-unused-variable -Wunused-value -Wno-empty-body -Wno-uninitialized -Wno-unknown-pragmas -w -Wno-shadow -Wno-four-char-constants -Wno-conversion -Wno-constant-conversion -Wno-int-conversion -Wno-bool-conversion -Wno-enum-conversion -Wno-float-conversion -Wno-non-literal-null-conversion -Wno-objc-literal-conversion -Wshorten-64-to-32 -Wno-newline-eof -Wno-implicit-fallthrough -fstrict-aliasing -Wdeprecated-declarations -Wno-sign-conversion -Wno-infinite-recursion -Wno-comma -Wno-block-capture-autoreleasing -Wno-strict-prototypes -Wno-semicolon-before-method-body -index-store-path /Users/j/Documents/GitHub/MoneroOne/build/Index.noindex/DataStore @/Users/j/Documents/GitHub/MoneroOne/build/Build/Intermediates.noindex/swift-nio-ssl.build/Debug-iphonesimulator/CNIOBoringSSL.build/Objects-normal/arm64/533656923a283fa776881f304837ed9e-common-args.resp -MMD -MT dependencies -MF /Users/j/Documents/GitHub/MoneroOne/build/Build/Intermediates.noindex/swift-nio-ssl.build/Debug-iphonesimulator/CNIOBoringSSL.build/Objects-normal/arm64/x86_64-mont5-apple.d --serialize-diagnostics /Users/j/Documents/GitHub/MoneroOne/build/Build/Intermediates.noindex/swift-nio-ssl.build/Debug-iphonesimulator/CNIOBoringSSL.build/Objects-normal/arm64/x86_64-mont5-apple.dia -c /Users/j/Documents/GitHub/MoneroOne/build/SourcePackages/checkouts/swift-nio-ssl/Sources/CNIOBoringSSL/gen/bcm/x86_64-mont5-apple.S -o /Users/j/Documents/GitHub/MoneroOne/build/Build/Intermediates.noindex/swift-nio-ssl.build/Debug-iphonesimulator/CNIOBoringSSL.build/Objects-normal/arm64/x86_64-mont5-apple.o -index-unit-output-path /swift-nio-ssl.build/Debug-iphonesimulator/CNIOBoringSSL.build/Objects-normal/arm64/x86_64-mont5-apple.o

SwiftExplicitDependencyGeneratePcm arm64 /Users/j/Documents/GitHub/MoneroOne/build/ModuleCache.noindex/zlib-DCIT0557HW9IQCB1TAG5G644S.pcm

SwiftExplicitDependencyGeneratePcm arm64 /Users/j/Documents/GitHub/MoneroOne/build/ModuleCache.noindex/_DarwinFoundation1-DTEYQFU16J3QTVD4P1XFGNQXG.pcm

SwiftExplicitDependencyGeneratePcm arm64 /Users/j/Documents/GitHub/MoneroOne/build/ModuleCache.noindex/_Builtin_inttypes-9JN6W4OY999LLJX13P94IW2VO.pcm

SwiftExplicitDependencyGeneratePcm arm64 /Users/j/Documents/GitHub/MoneroOne/build/ModuleCache.noindex/_Builtin_inttypes-AXH40TNPDVHI4QP7BVW46X863.pcm

CompileC /Users/j/Documents/GitHub/MoneroOne/build/Build/Intermediates.noindex/swift-nio-ssl.build/Debug-iphonesimulator/CNIOBoringSSL.build/Objects-normal/arm64/x86_64-mont-linux.o /Users/j/Documents/GitHub/MoneroOne/build/SourcePackages/checkouts/swift-nio-ssl/Sources/CNIOBoringSSL/gen/bcm/x86_64-mont-linux.S normal arm64 assembler-with-cpp com.apple.compilers.llvm.clang.1_0.compiler (in target 'CNIOBoringSSL' from project 'swift-nio-ssl')
    cd /Users/j/Documents/GitHub/MoneroOne/MoneroOne.xcodeproj
    
    Using response file: /Users/j/Documents/GitHub/MoneroOne/build/Build/Intermediates.noindex/swift-nio-ssl.build/Debug-iphonesimulator/CNIOBoringSSL.build/Objects-normal/arm64/533656923a283fa776881f304837ed9e-common-args.resp
    
    /Applications/Xcode.app/Contents/Developer/Toolchains/XcodeDefault.xctoolchain/usr/bin/clang -x assembler-with-cpp -ivfsstatcache /Users/j/Documents/GitHub/MoneroOne/build/SDKStatCaches.noindex/iphonesimulator26.1-23B77-90cf18a4295e390e64c810bc6bd7acbc.sdkstatcache -fmessage-length\=0 -fdiagnostics-show-note-include-stack -fmacro-backtrace-limit\=0 -fno-color-diagnostics -fmodules-prune-interval\=86400 -fmodules-prune-after\=345600 -fbuild-session-file\=/Users/j/Documents/GitHub/MoneroOne/build/ModuleCache.noindex/Session.modulevalidation -fmodules-validate-once-per-build-session -Wnon-modular-include-in-framework-module -Werror\=non-modular-include-in-framework-module -Wno-trigraphs -Wno-missing-field-initializers -Wno-missing-prototypes -Wno-return-type -Wno-missing-braces -Wparentheses -Wswitch -Wno-unused-function -Wno-unused-label -Wno-unused-parameter -Wno-unused-variable -Wunused-value -Wno-empty-body -Wno-uninitialized -Wno-unknown-pragmas -w -Wno-shadow -Wno-four-char-constants -Wno-conversion -Wno-constant-conversion -Wno-int-conversion -Wno-bool-conversion -Wno-enum-conversion -Wno-float-conversion -Wno-non-literal-null-conversion -Wno-objc-literal-conversion -Wshorten-64-to-32 -Wno-newline-eof -Wno-implicit-fallthrough -fstrict-aliasing -Wdeprecated-declarations -Wno-sign-conversion -Wno-infinite-recursion -Wno-comma -Wno-block-capture-autoreleasing -Wno-strict-prototypes -Wno-semicolon-before-method-body -index-store-path /Users/j/Documents/GitHub/MoneroOne/build/Index.noindex/DataStore @/Users/j/Documents/GitHub/MoneroOne/build/Build/Intermediates.noindex/swift-nio-ssl.build/Debug-iphonesimulator/CNIOBoringSSL.build/Objects-normal/arm64/533656923a283fa776881f304837ed9e-common-args.resp -MMD -MT dependencies -MF /Users/j/Documents/GitHub/MoneroOne/build/Build/Intermediates.noindex/swift-nio-ssl.build/Debug-iphonesimulator/CNIOBoringSSL.build/Objects-normal/arm64/x86_64-mont-linux.d --serialize-diagnostics /Users/j/Documents/GitHub/MoneroOne/build/Build/Intermediates.noindex/swift-nio-ssl.build/Debug-iphonesimulator/CNIOBoringSSL.build/Objects-normal/arm64/x86_64-mont-linux.dia -c /Users/j/Documents/GitHub/MoneroOne/build/SourcePackages/checkouts/swift-nio-ssl/Sources/CNIOBoringSSL/gen/bcm/x86_64-mont-linux.S -o /Users/j/Documents/GitHub/MoneroOne/build/Build/Intermediates.noindex/swift-nio-ssl.build/Debug-iphonesimulator/CNIOBoringSSL.build/Objects-normal/arm64/x86_64-mont-linux.o -index-unit-output-path /swift-nio-ssl.build/Debug-iphonesimulator/CNIOBoringSSL.build/Objects-normal/arm64/x86_64-mont-linux.o

CompileC /Users/j/Documents/GitHub/MoneroOne/build/Build/Intermediates.noindex/swift-nio-ssl.build/Debug-iphonesimulator/CNIOBoringSSL.build/Objects-normal/arm64/x86_64-mont-apple.o /Users/j/Documents/GitHub/MoneroOne/build/SourcePackages/checkouts/swift-nio-ssl/Sources/CNIOBoringSSL/gen/bcm/x86_64-mont-apple.S normal arm64 assembler-with-cpp com.apple.compilers.llvm.clang.1_0.compiler (in target 'CNIOBoringSSL' from project 'swift-nio-ssl')
    cd /Users/j/Documents/GitHub/MoneroOne/MoneroOne.xcodeproj
    
    Using response file: /Users/j/Documents/GitHub/MoneroOne/build/Build/Intermediates.noindex/swift-nio-ssl.build/Debug-iphonesimulator/CNIOBoringSSL.build/Objects-normal/arm64/533656923a283fa776881f304837ed9e-common-args.resp
    
    /Applications/Xcode.app/Contents/Developer/Toolchains/XcodeDefault.xctoolchain/usr/bin/clang -x assembler-with-cpp -ivfsstatcache /Users/j/Documents/GitHub/MoneroOne/build/SDKStatCaches.noindex/iphonesimulator26.1-23B77-90cf18a4295e390e64c810bc6bd7acbc.sdkstatcache -fmessage-length\=0 -fdiagnostics-show-note-include-stack -fmacro-backtrace-limit\=0 -fno-color-diagnostics -fmodules-prune-interval\=86400 -fmodules-prune-after\=345600 -fbuild-session-file\=/Users/j/Documents/GitHub/MoneroOne/build/ModuleCache.noindex/Session.modulevalidation -fmodules-validate-once-per-build-session -Wnon-modular-include-in-framework-module -Werror\=non-modular-include-in-framework-module -Wno-trigraphs -Wno-missing-field-initializers -Wno-missing-prototypes -Wno-return-type -Wno-missing-braces -Wparentheses -Wswitch -Wno-unused-function -Wno-unused-label -Wno-unused-parameter -Wno-unused-variable -Wunused-value -Wno-empty-body -Wno-uninitialized -Wno-unknown-pragmas -w -Wno-shadow -Wno-four-char-constants -Wno-conversion -Wno-constant-conversion -Wno-int-conversion -Wno-bool-conversion -Wno-enum-conversion -Wno-float-conversion -Wno-non-literal-null-conversion -Wno-objc-literal-conversion -Wshorten-64-to-32 -Wno-newline-eof -Wno-implicit-fallthrough -fstrict-aliasing -Wdeprecated-declarations -Wno-sign-conversion -Wno-infinite-recursion -Wno-comma -Wno-block-capture-autoreleasing -Wno-strict-prototypes -Wno-semicolon-before-method-body -index-store-path /Users/j/Documents/GitHub/MoneroOne/build/Index.noindex/DataStore @/Users/j/Documents/GitHub/MoneroOne/build/Build/Intermediates.noindex/swift-nio-ssl.build/Debug-iphonesimulator/CNIOBoringSSL.build/Objects-normal/arm64/533656923a283fa776881f304837ed9e-common-args.resp -MMD -MT dependencies -MF /Users/j/Documents/GitHub/MoneroOne/build/Build/Intermediates.noindex/swift-nio-ssl.build/Debug-iphonesimulator/CNIOBoringSSL.build/Objects-normal/arm64/x86_64-mont-apple.d --serialize-diagnostics /Users/j/Documents/GitHub/MoneroOne/build/Build/Intermediates.noindex/swift-nio-ssl.build/Debug-iphonesimulator/CNIOBoringSSL.build/Objects-normal/arm64/x86_64-mont-apple.dia -c /Users/j/Documents/GitHub/MoneroOne/build/SourcePackages/checkouts/swift-nio-ssl/Sources/CNIOBoringSSL/gen/bcm/x86_64-mont-apple.S -o /Users/j/Documents/GitHub/MoneroOne/build/Build/Intermediates.noindex/swift-nio-ssl.build/Debug-iphonesimulator/CNIOBoringSSL.build/Objects-normal/arm64/x86_64-mont-apple.o -index-unit-output-path /swift-nio-ssl.build/Debug-iphonesimulator/CNIOBoringSSL.build/Objects-normal/arm64/x86_64-mont-apple.o

SwiftExplicitDependencyGeneratePcm arm64 /Users/j/Documents/GitHub/MoneroOne/build/ModuleCache.noindex/Darwin-W9ATACB3M51HOLTMR35ZDO8T.pcm

SwiftExplicitDependencyGeneratePcm arm64 /Users/j/Documents/GitHub/MoneroOne/build/ModuleCache.noindex/ExtensionFoundation-96OUXMTDQDVHEW4QBV7JZUUFI.pcm

SwiftExplicitDependencyGeneratePcm arm64 /Users/j/Documents/GitHub/MoneroOne/build/ModuleCache.noindex/Darwin-DAC6NUFQ2HQX7OQUX68SSHG7I.pcm

SwiftExplicitDependencyGeneratePcm arm64 /Users/j/Documents/GitHub/MoneroOne/build/ModuleCache.noindex/_Builtin_limits-5N8USI1SUYJB12I7AR37Z9MDT.pcm

SwiftExplicitDependencyGeneratePcm arm64 /Users/j/Documents/GitHub/MoneroOne/build/Build/Intermediates.noindex/SwiftExplicitPrecompiledModules/CCryptoBoringSSL-2Z9GE4F73EU57BBNLY72QK5UF.pcm

SwiftExplicitDependencyGeneratePcm arm64 /Users/j/Documents/GitHub/MoneroOne/build/ModuleCache.noindex/_DarwinFoundation2-C1Y8IHLONRYR9O88SGE35Z7N5.pcm

CompileC /Users/j/Documents/GitHub/MoneroOne/build/Build/Intermediates.noindex/swift-nio-ssl.build/Debug-iphonesimulator/CNIOBoringSSL.build/Objects-normal/arm64/x86-mont-linux.o /Users/j/Documents/GitHub/MoneroOne/build/SourcePackages/checkouts/swift-nio-ssl/Sources/CNIOBoringSSL/gen/bcm/x86-mont-linux.S normal arm64 assembler-with-cpp com.apple.compilers.llvm.clang.1_0.compiler (in target 'CNIOBoringSSL' from project 'swift-nio-ssl')
    cd /Users/j/Documents/GitHub/MoneroOne/MoneroOne.xcodeproj
    
    Using response file: /Users/j/Documents/GitHub/MoneroOne/build/Build/Intermediates.noindex/swift-nio-ssl.build/Debug-iphonesimulator/CNIOBoringSSL.build/Objects-normal/arm64/533656923a283fa776881f304837ed9e-common-args.resp
    
    /Applications/Xcode.app/Contents/Developer/Toolchains/XcodeDefault.xctoolchain/usr/bin/clang -x assembler-with-cpp -ivfsstatcache /Users/j/Documents/GitHub/MoneroOne/build/SDKStatCaches.noindex/iphonesimulator26.1-23B77-90cf18a4295e390e64c810bc6bd7acbc.sdkstatcache -fmessage-length\=0 -fdiagnostics-show-note-include-stack -fmacro-backtrace-limit\=0 -fno-color-diagnostics -fmodules-prune-interval\=86400 -fmodules-prune-after\=345600 -fbuild-session-file\=/Users/j/Documents/GitHub/MoneroOne/build/ModuleCache.noindex/Session.modulevalidation -fmodules-validate-once-per-build-session -Wnon-modular-include-in-framework-module -Werror\=non-modular-include-in-framework-module -Wno-trigraphs -Wno-missing-field-initializers -Wno-missing-prototypes -Wno-return-type -Wno-missing-braces -Wparentheses -Wswitch -Wno-unused-function -Wno-unused-label -Wno-unused-parameter -Wno-unused-variable -Wunused-value -Wno-empty-body -Wno-uninitialized -Wno-unknown-pragmas -w -Wno-shadow -Wno-four-char-constants -Wno-conversion -Wno-constant-conversion -Wno-int-conversion -Wno-bool-conversion -Wno-enum-conversion -Wno-float-conversion -Wno-non-literal-null-conversion -Wno-objc-literal-conversion -Wshorten-64-to-32 -Wno-newline-eof -Wno-implicit-fallthrough -fstrict-aliasing -Wdeprecated-declarations -Wno-sign-conversion -Wno-infinite-recursion -Wno-comma -Wno-block-capture-autoreleasing -Wno-strict-prototypes -Wno-semicolon-before-method-body -index-store-path /Users/j/Documents/GitHub/MoneroOne/build/Index.noindex/DataStore @/Users/j/Documents/GitHub/MoneroOne/build/Build/Intermediates.noindex/swift-nio-ssl.build/Debug-iphonesimulator/CNIOBoringSSL.build/Objects-normal/arm64/533656923a283fa776881f304837ed9e-common-args.resp -MMD -MT dependencies -MF /Users/j/Documents/GitHub/MoneroOne/build/Build/Intermediates.noindex/swift-nio-ssl.build/Debug-iphonesimulator/CNIOBoringSSL.build/Objects-normal/arm64/x86-mont-linux.d --serialize-diagnostics /Users/j/Documents/GitHub/MoneroOne/build/Build/Intermediates.noindex/swift-nio-ssl.build/Debug-iphonesimulator/CNIOBoringSSL.build/Objects-normal/arm64/x86-mont-linux.dia -c /Users/j/Documents/GitHub/MoneroOne/build/SourcePackages/checkouts/swift-nio-ssl/Sources/CNIOBoringSSL/gen/bcm/x86-mont-linux.S -o /Users/j/Documents/GitHub/MoneroOne/build/Build/Intermediates.noindex/swift-nio-ssl.build/Debug-iphonesimulator/CNIOBoringSSL.build/Objects-normal/arm64/x86-mont-linux.o -index-unit-output-path /swift-nio-ssl.build/Debug-iphonesimulator/CNIOBoringSSL.build/Objects-normal/arm64/x86-mont-linux.o

SwiftExplicitDependencyGeneratePcm arm64 /Users/j/Documents/GitHub/MoneroOne/build/ModuleCache.noindex/sys_types-DMTIVIC1JMZ523GZ0AZD73YP3.pcm

SwiftExplicitDependencyGeneratePcm arm64 /Users/j/Documents/GitHub/MoneroOne/build/ModuleCache.noindex/_Builtin_tgmath-7P0ZSN64A2RP7EXIJG04EA0MR.pcm

SwiftExplicitDependencyGeneratePcm arm64 /Users/j/Documents/GitHub/MoneroOne/build/ModuleCache.noindex/_Builtin_stdint-9HTCXNF9BY3P28SG525NZ4A91.pcm

CompileC /Users/j/Documents/GitHub/MoneroOne/build/Build/Intermediates.noindex/swift-nio-ssl.build/Debug-iphonesimulator/CNIOBoringSSL.build/Objects-normal/arm64/x86-mont-apple.o /Users/j/Documents/GitHub/MoneroOne/build/SourcePackages/checkouts/swift-nio-ssl/Sources/CNIOBoringSSL/gen/bcm/x86-mont-apple.S normal arm64 assembler-with-cpp com.apple.compilers.llvm.clang.1_0.compiler (in target 'CNIOBoringSSL' from project 'swift-nio-ssl')
    cd /Users/j/Documents/GitHub/MoneroOne/MoneroOne.xcodeproj
    
    Using response file: /Users/j/Documents/GitHub/MoneroOne/build/Build/Intermediates.noindex/swift-nio-ssl.build/Debug-iphonesimulator/CNIOBoringSSL.build/Objects-normal/arm64/533656923a283fa776881f304837ed9e-common-args.resp
    
    /Applications/Xcode.app/Contents/Developer/Toolchains/XcodeDefault.xctoolchain/usr/bin/clang -x assembler-with-cpp -ivfsstatcache /Users/j/Documents/GitHub/MoneroOne/build/SDKStatCaches.noindex/iphonesimulator26.1-23B77-90cf18a4295e390e64c810bc6bd7acbc.sdkstatcache -fmessage-length\=0 -fdiagnostics-show-note-include-stack -fmacro-backtrace-limit\=0 -fno-color-diagnostics -fmodules-prune-interval\=86400 -fmodules-prune-after\=345600 -fbuild-session-file\=/Users/j/Documents/GitHub/MoneroOne/build/ModuleCache.noindex/Session.modulevalidation -fmodules-validate-once-per-build-session -Wnon-modular-include-in-framework-module -Werror\=non-modular-include-in-framework-module -Wno-trigraphs -Wno-missing-field-initializers -Wno-missing-prototypes -Wno-return-type -Wno-missing-braces -Wparentheses -Wswitch -Wno-unused-function -Wno-unused-label -Wno-unused-parameter -Wno-unused-variable -Wunused-value -Wno-empty-body -Wno-uninitialized -Wno-unknown-pragmas -w -Wno-shadow -Wno-four-char-constants -Wno-conversion -Wno-constant-conversion -Wno-int-conversion -Wno-bool-conversion -Wno-enum-conversion -Wno-float-conversion -Wno-non-literal-null-conversion -Wno-objc-literal-conversion -Wshorten-64-to-32 -Wno-newline-eof -Wno-implicit-fallthrough -fstrict-aliasing -Wdeprecated-declarations -Wno-sign-conversion -Wno-infinite-recursion -Wno-comma -Wno-block-capture-autoreleasing -Wno-strict-prototypes -Wno-semicolon-before-method-body -index-store-path /Users/j/Documents/GitHub/MoneroOne/build/Index.noindex/DataStore @/Users/j/Documents/GitHub/MoneroOne/build/Build/Intermediates.noindex/swift-nio-ssl.build/Debug-iphonesimulator/CNIOBoringSSL.build/Objects-normal/arm64/533656923a283fa776881f304837ed9e-common-args.resp -MMD -MT dependencies -MF /Users/j/Documents/GitHub/MoneroOne/build/Build/Intermediates.noindex/swift-nio-ssl.build/Debug-iphonesimulator/CNIOBoringSSL.build/Objects-normal/arm64/x86-mont-apple.d --serialize-diagnostics /Users/j/Documents/GitHub/MoneroOne/build/Build/Intermediates.noindex/swift-nio-ssl.build/Debug-iphonesimulator/CNIOBoringSSL.build/Objects-normal/arm64/x86-mont-apple.dia -c /Users/j/Documents/GitHub/MoneroOne/build/SourcePackages/checkouts/swift-nio-ssl/Sources/CNIOBoringSSL/gen/bcm/x86-mont-apple.S -o /Users/j/Documents/GitHub/MoneroOne/build/Build/Intermediates.noindex/swift-nio-ssl.build/Debug-iphonesimulator/CNIOBoringSSL.build/Objects-normal/arm64/x86-mont-apple.o -index-unit-output-path /swift-nio-ssl.build/Debug-iphonesimulator/CNIOBoringSSL.build/Objects-normal/arm64/x86-mont-apple.o

CompileC /Users/j/Documents/GitHub/MoneroOne/build/Build/Intermediates.noindex/swift-nio-ssl.build/Debug-iphonesimulator/CNIOBoringSSL.build/Objects-normal/arm64/x509spki.o /Users/j/Documents/GitHub/MoneroOne/build/SourcePackages/checkouts/swift-nio-ssl/Sources/CNIOBoringSSL/crypto/x509/x509spki.cc normal arm64 c++ com.apple.compilers.llvm.clang.1_0.compiler (in target 'CNIOBoringSSL' from project 'swift-nio-ssl')
    cd /Users/j/Documents/GitHub/MoneroOne/MoneroOne.xcodeproj
    
    Using response file: /Users/j/Documents/GitHub/MoneroOne/build/Build/Intermediates.noindex/swift-nio-ssl.build/Debug-iphonesimulator/CNIOBoringSSL.build/Objects-normal/arm64/82b82416624d2658e5098eb0a28c15c5-common-args.resp
    
    /Applications/Xcode.app/Contents/Developer/Toolchains/XcodeDefault.xctoolchain/usr/bin/clang -x c++ -ivfsstatcache /Users/j/Documents/GitHub/MoneroOne/build/SDKStatCaches.noindex/iphonesimulator26.1-23B77-90cf18a4295e390e64c810bc6bd7acbc.sdkstatcache -fmessage-length\=0 -fdiagnostics-show-note-include-stack -fmacro-backtrace-limit\=0 -fno-color-diagnostics -fmodules-prune-interval\=86400 -fmodules-prune-after\=345600 -fbuild-session-file\=/Users/j/Documents/GitHub/MoneroOne/build/ModuleCache.noindex/Session.modulevalidation -fmodules-validate-once-per-build-session -Wnon-modular-include-in-framework-module -Werror\=non-modular-include-in-framework-module -Wno-trigraphs -Wno-missing-field-initializers -Wno-missing-prototypes -Wno-return-type -Wno-non-virtual-dtor -Wno-overloaded-virtual -Wno-exit-time-destructors -Wno-missing-braces -Wparentheses -Wswitch -Wno-unused-function -Wno-unused-label -Wno-unused-parameter -Wno-unused-variable -Wunused-value -Wno-empty-body -Wno-uninitialized -Wno-unknown-pragmas -w -Wno-shadow -Wno-four-char-constants -Wno-conversion -Wno-constant-conversion -Wno-int-conversion -Wno-bool-conversion -Wno-enum-conversion -Wno-float-conversion -Wno-non-literal-null-conversion -Wno-objc-literal-conversion -Wshorten-64-to-32 -Wno-newline-eof -Wno-c++11-extensions -Wno-implicit-fallthrough -fstrict-aliasing -Wdeprecated-declarations -Winvalid-offsetof -Wno-sign-conversion -Wno-infinite-recursion -Wno-move -Wno-comma -Wno-block-capture-autoreleasing -Wno-strict-prototypes -Wno-range-loop-analysis -Wno-semicolon-before-method-body -index-store-path /Users/j/Documents/GitHub/MoneroOne/build/Index.noindex/DataStore @/Users/j/Documents/GitHub/MoneroOne/build/Build/Intermediates.noindex/swift-nio-ssl.build/Debug-iphonesimulator/CNIOBoringSSL.build/Objects-normal/arm64/82b82416624d2658e5098eb0a28c15c5-common-args.resp -MMD -MT dependencies -MF /Users/j/Documents/GitHub/MoneroOne/build/Build/Intermediates.noindex/swift-nio-ssl.build/Debug-iphonesimulator/CNIOBoringSSL.build/Objects-normal/arm64/x509spki.d --serialize-diagnostics /Users/j/Documents/GitHub/MoneroOne/build/Build/Intermediates.noindex/swift-nio-ssl.build/Debug-iphonesimulator/CNIOBoringSSL.build/Objects-normal/arm64/x509spki.dia -c /Users/j/Documents/GitHub/MoneroOne/build/SourcePackages/checkouts/swift-nio-ssl/Sources/CNIOBoringSSL/crypto/x509/x509spki.cc -o /Users/j/Documents/GitHub/MoneroOne/build/Build/Intermediates.noindex/swift-nio-ssl.build/Debug-iphonesimulator/CNIOBoringSSL.build/Objects-normal/arm64/x509spki.o -index-unit-output-path /swift-nio-ssl.build/Debug-iphonesimulator/CNIOBoringSSL.build/Objects-normal/arm64/x509spki.o

SwiftExplicitDependencyGeneratePcm arm64 /Users/j/Documents/GitHub/MoneroOne/build/ModuleCache.noindex/MachO-160J8WOS288Z0YRF7H0TSWU9O.pcm

SwiftExplicitDependencyGeneratePcm arm64 /Users/j/Documents/GitHub/MoneroOne/build/ModuleCache.noindex/ObjectiveC-44SLN85OJ1R8997XJKZGR6E1.pcm

SwiftExplicitDependencyGeneratePcm arm64 /Users/j/Documents/GitHub/MoneroOne/build/Build/Intermediates.noindex/SwiftExplicitPrecompiledModules/CCryptoBoringSSLShims-C67P8FHME4XX7HPKEUT8EPBLD.pcm

CompileC /Users/j/Documents/GitHub/MoneroOne/build/Build/Intermediates.noindex/swift-nio-ssl.build/Debug-iphonesimulator/CNIOBoringSSL.build/Objects-normal/arm64/x509rset.o /Users/j/Documents/GitHub/MoneroOne/build/SourcePackages/checkouts/swift-nio-ssl/Sources/CNIOBoringSSL/crypto/x509/x509rset.cc normal arm64 c++ com.apple.compilers.llvm.clang.1_0.compiler (in target 'CNIOBoringSSL' from project 'swift-nio-ssl')
    cd /Users/j/Documents/GitHub/MoneroOne/MoneroOne.xcodeproj
    
    Using response file: /Users/j/Documents/GitHub/MoneroOne/build/Build/Intermediates.noindex/swift-nio-ssl.build/Debug-iphonesimulator/CNIOBoringSSL.build/Objects-normal/arm64/82b82416624d2658e5098eb0a28c15c5-common-args.resp
    
    /Applications/Xcode.app/Contents/Developer/Toolchains/XcodeDefault.xctoolchain/usr/bin/clang -x c++ -ivfsstatcache /Users/j/Documents/GitHub/MoneroOne/build/SDKStatCaches.noindex/iphonesimulator26.1-23B77-90cf18a4295e390e64c810bc6bd7acbc.sdkstatcache -fmessage-length\=0 -fdiagnostics-show-note-include-stack -fmacro-backtrace-limit\=0 -fno-color-diagnostics -fmodules-prune-interval\=86400 -fmodules-prune-after\=345600 -fbuild-session-file\=/Users/j/Documents/GitHub/MoneroOne/build/ModuleCache.noindex/Session.modulevalidation -fmodules-validate-once-per-build-session -Wnon-modular-include-in-framework-module -Werror\=non-modular-include-in-framework-module -Wno-trigraphs -Wno-missing-field-initializers -Wno-missing-prototypes -Wno-return-type -Wno-non-virtual-dtor -Wno-overloaded-virtual -Wno-exit-time-destructors -Wno-missing-braces -Wparentheses -Wswitch -Wno-unused-function -Wno-unused-label -Wno-unused-parameter -Wno-unused-variable -Wunused-value -Wno-empty-body -Wno-uninitialized -Wno-unknown-pragmas -w -Wno-shadow -Wno-four-char-constants -Wno-conversion -Wno-constant-conversion -Wno-int-conversion -Wno-bool-conversion -Wno-enum-conversion -Wno-float-conversion -Wno-non-literal-null-conversion -Wno-objc-literal-conversion -Wshorten-64-to-32 -Wno-newline-eof -Wno-c++11-extensions -Wno-implicit-fallthrough -fstrict-aliasing -Wdeprecated-declarations -Winvalid-offsetof -Wno-sign-conversion -Wno-infinite-recursion -Wno-move -Wno-comma -Wno-block-capture-autoreleasing -Wno-strict-prototypes -Wno-range-loop-analysis -Wno-semicolon-before-method-body -index-store-path /Users/j/Documents/GitHub/MoneroOne/build/Index.noindex/DataStore @/Users/j/Documents/GitHub/MoneroOne/build/Build/Intermediates.noindex/swift-nio-ssl.build/Debug-iphonesimulator/CNIOBoringSSL.build/Objects-normal/arm64/82b82416624d2658e5098eb0a28c15c5-common-args.resp -MMD -MT dependencies -MF /Users/j/Documents/GitHub/MoneroOne/build/Build/Intermediates.noindex/swift-nio-ssl.build/Debug-iphonesimulator/CNIOBoringSSL.build/Objects-normal/arm64/x509rset.d --serialize-diagnostics /Users/j/Documents/GitHub/MoneroOne/build/Build/Intermediates.noindex/swift-nio-ssl.build/Debug-iphonesimulator/CNIOBoringSSL.build/Objects-normal/arm64/x509rset.dia -c /Users/j/Documents/GitHub/MoneroOne/build/SourcePackages/checkouts/swift-nio-ssl/Sources/CNIOBoringSSL/crypto/x509/x509rset.cc -o /Users/j/Documents/GitHub/MoneroOne/build/Build/Intermediates.noindex/swift-nio-ssl.build/Debug-iphonesimulator/CNIOBoringSSL.build/Objects-normal/arm64/x509rset.o -index-unit-output-path /swift-nio-ssl.build/Debug-iphonesimulator/CNIOBoringSSL.build/Objects-normal/arm64/x509rset.o

CompileC /Users/j/Documents/GitHub/MoneroOne/build/Build/Intermediates.noindex/swift-nio-ssl.build/Debug-iphonesimulator/CNIOBoringSSL.build/Objects-normal/arm64/x509name.o /Users/j/Documents/GitHub/MoneroOne/build/SourcePackages/checkouts/swift-nio-ssl/Sources/CNIOBoringSSL/crypto/x509/x509name.cc normal arm64 c++ com.apple.compilers.llvm.clang.1_0.compiler (in target 'CNIOBoringSSL' from project 'swift-nio-ssl')
    cd /Users/j/Documents/GitHub/MoneroOne/MoneroOne.xcodeproj
    
    Using response file: /Users/j/Documents/GitHub/MoneroOne/build/Build/Intermediates.noindex/swift-nio-ssl.build/Debug-iphonesimulator/CNIOBoringSSL.build/Objects-normal/arm64/82b82416624d2658e5098eb0a28c15c5-common-args.resp
    
    /Applications/Xcode.app/Contents/Developer/Toolchains/XcodeDefault.xctoolchain/usr/bin/clang -x c++ -ivfsstatcache /Users/j/Documents/GitHub/MoneroOne/build/SDKStatCaches.noindex/iphonesimulator26.1-23B77-90cf18a4295e390e64c810bc6bd7acbc.sdkstatcache -fmessage-length\=0 -fdiagnostics-show-note-include-stack -fmacro-backtrace-limit\=0 -fno-color-diagnostics -fmodules-prune-interval\=86400 -fmodules-prune-after\=345600 -fbuild-session-file\=/Users/j/Documents/GitHub/MoneroOne/build/ModuleCache.noindex/Session.modulevalidation -fmodules-validate-once-per-build-session -Wnon-modular-include-in-framework-module -Werror\=non-modular-include-in-framework-module -Wno-trigraphs -Wno-missing-field-initializers -Wno-missing-prototypes -Wno-return-type -Wno-non-virtual-dtor -Wno-overloaded-virtual -Wno-exit-time-destructors -Wno-missing-braces -Wparentheses -Wswitch -Wno-unused-function -Wno-unused-label -Wno-unused-parameter -Wno-unused-variable -Wunused-value -Wno-empty-body -Wno-uninitialized -Wno-unknown-pragmas -w -Wno-shadow -Wno-four-char-constants -Wno-conversion -Wno-constant-conversion -Wno-int-conversion -Wno-bool-conversion -Wno-enum-conversion -Wno-float-conversion -Wno-non-literal-null-conversion -Wno-objc-literal-conversion -Wshorten-64-to-32 -Wno-newline-eof -Wno-c++11-extensions -Wno-implicit-fallthrough -fstrict-aliasing -Wdeprecated-declarations -Winvalid-offsetof -Wno-sign-conversion -Wno-infinite-recursion -Wno-move -Wno-comma -Wno-block-capture-autoreleasing -Wno-strict-prototypes -Wno-range-loop-analysis -Wno-semicolon-before-method-body -index-store-path /Users/j/Documents/GitHub/MoneroOne/build/Index.noindex/DataStore @/Users/j/Documents/GitHub/MoneroOne/build/Build/Intermediates.noindex/swift-nio-ssl.build/Debug-iphonesimulator/CNIOBoringSSL.build/Objects-normal/arm64/82b82416624d2658e5098eb0a28c15c5-common-args.resp -MMD -MT dependencies -MF /Users/j/Documents/GitHub/MoneroOne/build/Build/Intermediates.noindex/swift-nio-ssl.build/Debug-iphonesimulator/CNIOBoringSSL.build/Objects-normal/arm64/x509name.d --serialize-diagnostics /Users/j/Documents/GitHub/MoneroOne/build/Build/Intermediates.noindex/swift-nio-ssl.build/Debug-iphonesimulator/CNIOBoringSSL.build/Objects-normal/arm64/x509name.dia -c /Users/j/Documents/GitHub/MoneroOne/build/SourcePackages/checkouts/swift-nio-ssl/Sources/CNIOBoringSSL/crypto/x509/x509name.cc -o /Users/j/Documents/GitHub/MoneroOne/build/Build/Intermediates.noindex/swift-nio-ssl.build/Debug-iphonesimulator/CNIOBoringSSL.build/Objects-normal/arm64/x509name.o -index-unit-output-path /swift-nio-ssl.build/Debug-iphonesimulator/CNIOBoringSSL.build/Objects-normal/arm64/x509name.o

CompileC /Users/j/Documents/GitHub/MoneroOne/build/Build/Intermediates.noindex/swift-nio-ssl.build/Debug-iphonesimulator/CNIOBoringSSL.build/Objects-normal/arm64/x509cset.o /Users/j/Documents/GitHub/MoneroOne/build/SourcePackages/checkouts/swift-nio-ssl/Sources/CNIOBoringSSL/crypto/x509/x509cset.cc normal arm64 c++ com.apple.compilers.llvm.clang.1_0.compiler (in target 'CNIOBoringSSL' from project 'swift-nio-ssl')
    cd /Users/j/Documents/GitHub/MoneroOne/MoneroOne.xcodeproj
    
    Using response file: /Users/j/Documents/GitHub/MoneroOne/build/Build/Intermediates.noindex/swift-nio-ssl.build/Debug-iphonesimulator/CNIOBoringSSL.build/Objects-normal/arm64/82b82416624d2658e5098eb0a28c15c5-common-args.resp
    
    /Applications/Xcode.app/Contents/Developer/Toolchains/XcodeDefault.xctoolchain/usr/bin/clang -x c++ -ivfsstatcache /Users/j/Documents/GitHub/MoneroOne/build/SDKStatCaches.noindex/iphonesimulator26.1-23B77-90cf18a4295e390e64c810bc6bd7acbc.sdkstatcache -fmessage-length\=0 -fdiagnostics-show-note-include-stack -fmacro-backtrace-limit\=0 -fno-color-diagnostics -fmodules-prune-interval\=86400 -fmodules-prune-after\=345600 -fbuild-session-file\=/Users/j/Documents/GitHub/MoneroOne/build/ModuleCache.noindex/Session.modulevalidation -fmodules-validate-once-per-build-session -Wnon-modular-include-in-framework-module -Werror\=non-modular-include-in-framework-module -Wno-trigraphs -Wno-missing-field-initializers -Wno-missing-prototypes -Wno-return-type -Wno-non-virtual-dtor -Wno-overloaded-virtual -Wno-exit-time-destructors -Wno-missing-braces -Wparentheses -Wswitch -Wno-unused-function -Wno-unused-label -Wno-unused-parameter -Wno-unused-variable -Wunused-value -Wno-empty-body -Wno-uninitialized -Wno-unknown-pragmas -w -Wno-shadow -Wno-four-char-constants -Wno-conversion -Wno-constant-conversion -Wno-int-conversion -Wno-bool-conversion -Wno-enum-conversion -Wno-float-conversion -Wno-non-literal-null-conversion -Wno-objc-literal-conversion -Wshorten-64-to-32 -Wno-newline-eof -Wno-c++11-extensions -Wno-implicit-fallthrough -fstrict-aliasing -Wdeprecated-declarations -Winvalid-offsetof -Wno-sign-conversion -Wno-infinite-recursion -Wno-move -Wno-comma -Wno-block-capture-autoreleasing -Wno-strict-prototypes -Wno-range-loop-analysis -Wno-semicolon-before-method-body -index-store-path /Users/j/Documents/GitHub/MoneroOne/build/Index.noindex/DataStore @/Users/j/Documents/GitHub/MoneroOne/build/Build/Intermediates.noindex/swift-nio-ssl.build/Debug-iphonesimulator/CNIOBoringSSL.build/Objects-normal/arm64/82b82416624d2658e5098eb0a28c15c5-common-args.resp -MMD -MT dependencies -MF /Users/j/Documents/GitHub/MoneroOne/build/Build/Intermediates.noindex/swift-nio-ssl.build/Debug-iphonesimulator/CNIOBoringSSL.build/Objects-normal/arm64/x509cset.d --serialize-diagnostics /Users/j/Documents/GitHub/MoneroOne/build/Build/Intermediates.noindex/swift-nio-ssl.build/Debug-iphonesimulator/CNIOBoringSSL.build/Objects-normal/arm64/x509cset.dia -c /Users/j/Documents/GitHub/MoneroOne/build/SourcePackages/checkouts/swift-nio-ssl/Sources/CNIOBoringSSL/crypto/x509/x509cset.cc -o /Users/j/Documents/GitHub/MoneroOne/build/Build/Intermediates.noindex/swift-nio-ssl.build/Debug-iphonesimulator/CNIOBoringSSL.build/Objects-normal/arm64/x509cset.o -index-unit-output-path /swift-nio-ssl.build/Debug-iphonesimulator/CNIOBoringSSL.build/Objects-normal/arm64/x509cset.o

SwiftEmitModule normal arm64 Emitting\ module\ for\ _NIODataStructures (in target '_NIODataStructures' from project 'swift-nio')

EmitSwiftModule normal arm64 (in target '_NIODataStructures' from project 'swift-nio')
    cd /Users/j/Documents/GitHub/MoneroOne/MoneroOne.xcodeproj
    

SwiftEmitModule normal arm64 Emitting\ module\ for\ NIOConcurrencyHelpers (in target 'NIOConcurrencyHelpers' from project 'swift-nio')

EmitSwiftModule normal arm64 (in target 'NIOConcurrencyHelpers' from project 'swift-nio')
    cd /Users/j/Documents/GitHub/MoneroOne/MoneroOne.xcodeproj
    

CompileC /Users/j/Documents/GitHub/MoneroOne/build/Build/Intermediates.noindex/swift-nio-ssl.build/Debug-iphonesimulator/CNIOBoringSSL.build/Objects-normal/arm64/x509_vpm.o /Users/j/Documents/GitHub/MoneroOne/build/SourcePackages/checkouts/swift-nio-ssl/Sources/CNIOBoringSSL/crypto/x509/x509_vpm.cc normal arm64 c++ com.apple.compilers.llvm.clang.1_0.compiler (in target 'CNIOBoringSSL' from project 'swift-nio-ssl')
    cd /Users/j/Documents/GitHub/MoneroOne/MoneroOne.xcodeproj
    
    Using response file: /Users/j/Documents/GitHub/MoneroOne/build/Build/Intermediates.noindex/swift-nio-ssl.build/Debug-iphonesimulator/CNIOBoringSSL.build/Objects-normal/arm64/82b82416624d2658e5098eb0a28c15c5-common-args.resp
    
    /Applications/Xcode.app/Contents/Developer/Toolchains/XcodeDefault.xctoolchain/usr/bin/clang -x c++ -ivfsstatcache /Users/j/Documents/GitHub/MoneroOne/build/SDKStatCaches.noindex/iphonesimulator26.1-23B77-90cf18a4295e390e64c810bc6bd7acbc.sdkstatcache -fmessage-length\=0 -fdiagnostics-show-note-include-stack -fmacro-backtrace-limit\=0 -fno-color-diagnostics -fmodules-prune-interval\=86400 -fmodules-prune-after\=345600 -fbuild-session-file\=/Users/j/Documents/GitHub/MoneroOne/build/ModuleCache.noindex/Session.modulevalidation -fmodules-validate-once-per-build-session -Wnon-modular-include-in-framework-module -Werror\=non-modular-include-in-framework-module -Wno-trigraphs -Wno-missing-field-initializers -Wno-missing-prototypes -Wno-return-type -Wno-non-virtual-dtor -Wno-overloaded-virtual -Wno-exit-time-destructors -Wno-missing-braces -Wparentheses -Wswitch -Wno-unused-function -Wno-unused-label -Wno-unused-parameter -Wno-unused-variable -Wunused-value -Wno-empty-body -Wno-uninitialized -Wno-unknown-pragmas -w -Wno-shadow -Wno-four-char-constants -Wno-conversion -Wno-constant-conversion -Wno-int-conversion -Wno-bool-conversion -Wno-enum-conversion -Wno-float-conversion -Wno-non-literal-null-conversion -Wno-objc-literal-conversion -Wshorten-64-to-32 -Wno-newline-eof -Wno-c++11-extensions -Wno-implicit-fallthrough -fstrict-aliasing -Wdeprecated-declarations -Winvalid-offsetof -Wno-sign-conversion -Wno-infinite-recursion -Wno-move -Wno-comma -Wno-block-capture-autoreleasing -Wno-strict-prototypes -Wno-range-loop-analysis -Wno-semicolon-before-method-body -index-store-path /Users/j/Documents/GitHub/MoneroOne/build/Index.noindex/DataStore @/Users/j/Documents/GitHub/MoneroOne/build/Build/Intermediates.noindex/swift-nio-ssl.build/Debug-iphonesimulator/CNIOBoringSSL.build/Objects-normal/arm64/82b82416624d2658e5098eb0a28c15c5-common-args.resp -MMD -MT dependencies -MF /Users/j/Documents/GitHub/MoneroOne/build/Build/Intermediates.noindex/swift-nio-ssl.build/Debug-iphonesimulator/CNIOBoringSSL.build/Objects-normal/arm64/x509_vpm.d --serialize-diagnostics /Users/j/Documents/GitHub/MoneroOne/build/Build/Intermediates.noindex/swift-nio-ssl.build/Debug-iphonesimulator/CNIOBoringSSL.build/Objects-normal/arm64/x509_vpm.dia -c /Users/j/Documents/GitHub/MoneroOne/build/SourcePackages/checkouts/swift-nio-ssl/Sources/CNIOBoringSSL/crypto/x509/x509_vpm.cc -o /Users/j/Documents/GitHub/MoneroOne/build/Build/Intermediates.noindex/swift-nio-ssl.build/Debug-iphonesimulator/CNIOBoringSSL.build/Objects-normal/arm64/x509_vpm.o -index-unit-output-path /swift-nio-ssl.build/Debug-iphonesimulator/CNIOBoringSSL.build/Objects-normal/arm64/x509_vpm.o

SwiftExplicitDependencyGeneratePcm arm64 /Users/j/Documents/GitHub/MoneroOne/build/ModuleCache.noindex/_Builtin_stdatomic-2K63IXCCIAWACE50KL0J1E5UJ.pcm

SwiftExplicitDependencyGeneratePcm arm64 /Users/j/Documents/GitHub/MoneroOne/build/ModuleCache.noindex/_DarwinFoundation3-56SZ4O5M2C9GNE8YABY3KU8GG.pcm

SwiftExplicitDependencyGeneratePcm arm64 /Users/j/Documents/GitHub/MoneroOne/build/ModuleCache.noindex/_Builtin_intrinsics-DVTY7KKHTCUGOE03MAK5O9U0L.pcm

SwiftExplicitDependencyGeneratePcm arm64 /Users/j/Documents/GitHub/MoneroOne/build/ModuleCache.noindex/os_object-6C3A134AWPY9V9QJ4XHKGWBPW.pcm

CompileC /Users/j/Documents/GitHub/MoneroOne/build/Build/Intermediates.noindex/swift-nio-ssl.build/Debug-iphonesimulator/CNIOBoringSSL.build/Objects-normal/arm64/x509_vfy.o /Users/j/Documents/GitHub/MoneroOne/build/SourcePackages/checkouts/swift-nio-ssl/Sources/CNIOBoringSSL/crypto/x509/x509_vfy.cc normal arm64 c++ com.apple.compilers.llvm.clang.1_0.compiler (in target 'CNIOBoringSSL' from project 'swift-nio-ssl')
    cd /Users/j/Documents/GitHub/MoneroOne/MoneroOne.xcodeproj
    
    Using response file: /Users/j/Documents/GitHub/MoneroOne/build/Build/Intermediates.noindex/swift-nio-ssl.build/Debug-iphonesimulator/CNIOBoringSSL.build/Objects-normal/arm64/82b82416624d2658e5098eb0a28c15c5-common-args.resp
    
    /Applications/Xcode.app/Contents/Developer/Toolchains/XcodeDefault.xctoolchain/usr/bin/clang -x c++ -ivfsstatcache /Users/j/Documents/GitHub/MoneroOne/build/SDKStatCaches.noindex/iphonesimulator26.1-23B77-90cf18a4295e390e64c810bc6bd7acbc.sdkstatcache -fmessage-length\=0 -fdiagnostics-show-note-include-stack -fmacro-backtrace-limit\=0 -fno-color-diagnostics -fmodules-prune-interval\=86400 -fmodules-prune-after\=345600 -fbuild-session-file\=/Users/j/Documents/GitHub/MoneroOne/build/ModuleCache.noindex/Session.modulevalidation -fmodules-validate-once-per-build-session -Wnon-modular-include-in-framework-module -Werror\=non-modular-include-in-framework-module -Wno-trigraphs -Wno-missing-field-initializers -Wno-missing-prototypes -Wno-return-type -Wno-non-virtual-dtor -Wno-overloaded-virtual -Wno-exit-time-destructors -Wno-missing-braces -Wparentheses -Wswitch -Wno-unused-function -Wno-unused-label -Wno-unused-parameter -Wno-unused-variable -Wunused-value -Wno-empty-body -Wno-uninitialized -Wno-unknown-pragmas -w -Wno-shadow -Wno-four-char-constants -Wno-conversion -Wno-constant-conversion -Wno-int-conversion -Wno-bool-conversion -Wno-enum-conversion -Wno-float-conversion -Wno-non-literal-null-conversion -Wno-objc-literal-conversion -Wshorten-64-to-32 -Wno-newline-eof -Wno-c++11-extensions -Wno-implicit-fallthrough -fstrict-aliasing -Wdeprecated-declarations -Winvalid-offsetof -Wno-sign-conversion -Wno-infinite-recursion -Wno-move -Wno-comma -Wno-block-capture-autoreleasing -Wno-strict-prototypes -Wno-range-loop-analysis -Wno-semicolon-before-method-body -index-store-path /Users/j/Documents/GitHub/MoneroOne/build/Index.noindex/DataStore @/Users/j/Documents/GitHub/MoneroOne/build/Build/Intermediates.noindex/swift-nio-ssl.build/Debug-iphonesimulator/CNIOBoringSSL.build/Objects-normal/arm64/82b82416624d2658e5098eb0a28c15c5-common-args.resp -MMD -MT dependencies -MF /Users/j/Documents/GitHub/MoneroOne/build/Build/Intermediates.noindex/swift-nio-ssl.build/Debug-iphonesimulator/CNIOBoringSSL.build/Objects-normal/arm64/x509_vfy.d --serialize-diagnostics /Users/j/Documents/GitHub/MoneroOne/build/Build/Intermediates.noindex/swift-nio-ssl.build/Debug-iphonesimulator/CNIOBoringSSL.build/Objects-normal/arm64/x509_vfy.dia -c /Users/j/Documents/GitHub/MoneroOne/build/SourcePackages/checkouts/swift-nio-ssl/Sources/CNIOBoringSSL/crypto/x509/x509_vfy.cc -o /Users/j/Documents/GitHub/MoneroOne/build/Build/Intermediates.noindex/swift-nio-ssl.build/Debug-iphonesimulator/CNIOBoringSSL.build/Objects-normal/arm64/x509_vfy.o -index-unit-output-path /swift-nio-ssl.build/Debug-iphonesimulator/CNIOBoringSSL.build/Objects-normal/arm64/x509_vfy.o

SwiftExplicitDependencyGeneratePcm arm64 /Users/j/Documents/GitHub/MoneroOne/build/ModuleCache.noindex/_Builtin_inttypes-7JF5ZM379JH86ZYR70UPAF1WA.pcm

SwiftExplicitDependencyGeneratePcm arm64 /Users/j/Documents/GitHub/MoneroOne/build/ModuleCache.noindex/os_workgroup-6UY4J8HJQBXKMCJXXQUSN5IHL.pcm

SwiftDriverJobDiscovery normal arm64 Emitting module for _NIODataStructures (in target '_NIODataStructures' from project 'swift-nio')

CompileC /Users/j/Documents/GitHub/MoneroOne/build/Build/Intermediates.noindex/swift-nio-ssl.build/Debug-iphonesimulator/CNIOBoringSSL.build/Objects-normal/arm64/x509_v3.o /Users/j/Documents/GitHub/MoneroOne/build/SourcePackages/checkouts/swift-nio-ssl/Sources/CNIOBoringSSL/crypto/x509/x509_v3.cc normal arm64 c++ com.apple.compilers.llvm.clang.1_0.compiler (in target 'CNIOBoringSSL' from project 'swift-nio-ssl')
    cd /Users/j/Documents/GitHub/MoneroOne/MoneroOne.xcodeproj
    
    Using response file: /Users/j/Documents/GitHub/MoneroOne/build/Build/Intermediates.noindex/swift-nio-ssl.build/Debug-iphonesimulator/CNIOBoringSSL.build/Objects-normal/arm64/82b82416624d2658e5098eb0a28c15c5-common-args.resp
    
    /Applications/Xcode.app/Contents/Developer/Toolchains/XcodeDefault.xctoolchain/usr/bin/clang -x c++ -ivfsstatcache /Users/j/Documents/GitHub/MoneroOne/build/SDKStatCaches.noindex/iphonesimulator26.1-23B77-90cf18a4295e390e64c810bc6bd7acbc.sdkstatcache -fmessage-length\=0 -fdiagnostics-show-note-include-stack -fmacro-backtrace-limit\=0 -fno-color-diagnostics -fmodules-prune-interval\=86400 -fmodules-prune-after\=345600 -fbuild-session-file\=/Users/j/Documents/GitHub/MoneroOne/build/ModuleCache.noindex/Session.modulevalidation -fmodules-validate-once-per-build-session -Wnon-modular-include-in-framework-module -Werror\=non-modular-include-in-framework-module -Wno-trigraphs -Wno-missing-field-initializers -Wno-missing-prototypes -Wno-return-type -Wno-non-virtual-dtor -Wno-overloaded-virtual -Wno-exit-time-destructors -Wno-missing-braces -Wparentheses -Wswitch -Wno-unused-function -Wno-unused-label -Wno-unused-parameter -Wno-unused-variable -Wunused-value -Wno-empty-body -Wno-uninitialized -Wno-unknown-pragmas -w -Wno-shadow -Wno-four-char-constants -Wno-conversion -Wno-constant-conversion -Wno-int-conversion -Wno-bool-conversion -Wno-enum-conversion -Wno-float-conversion -Wno-non-literal-null-conversion -Wno-objc-literal-conversion -Wshorten-64-to-32 -Wno-newline-eof -Wno-c++11-extensions -Wno-implicit-fallthrough -fstrict-aliasing -Wdeprecated-declarations -Winvalid-offsetof -Wno-sign-conversion -Wno-infinite-recursion -Wno-move -Wno-comma -Wno-block-capture-autoreleasing -Wno-strict-prototypes -Wno-range-loop-analysis -Wno-semicolon-before-method-body -index-store-path /Users/j/Documents/GitHub/MoneroOne/build/Index.noindex/DataStore @/Users/j/Documents/GitHub/MoneroOne/build/Build/Intermediates.noindex/swift-nio-ssl.build/Debug-iphonesimulator/CNIOBoringSSL.build/Objects-normal/arm64/82b82416624d2658e5098eb0a28c15c5-common-args.resp -MMD -MT dependencies -MF /Users/j/Documents/GitHub/MoneroOne/build/Build/Intermediates.noindex/swift-nio-ssl.build/Debug-iphonesimulator/CNIOBoringSSL.build/Objects-normal/arm64/x509_v3.d --serialize-diagnostics /Users/j/Documents/GitHub/MoneroOne/build/Build/Intermediates.noindex/swift-nio-ssl.build/Debug-iphonesimulator/CNIOBoringSSL.build/Objects-normal/arm64/x509_v3.dia -c /Users/j/Documents/GitHub/MoneroOne/build/SourcePackages/checkouts/swift-nio-ssl/Sources/CNIOBoringSSL/crypto/x509/x509_v3.cc -o /Users/j/Documents/GitHub/MoneroOne/build/Build/Intermediates.noindex/swift-nio-ssl.build/Debug-iphonesimulator/CNIOBoringSSL.build/Objects-normal/arm64/x509_v3.o -index-unit-output-path /swift-nio-ssl.build/Debug-iphonesimulator/CNIOBoringSSL.build/Objects-normal/arm64/x509_v3.o

SwiftDriver\ Compilation\ Requirements _NIODataStructures normal arm64 com.apple.xcode.tools.swift.compiler (in target '_NIODataStructures' from project 'swift-nio')
    cd /Users/j/Documents/GitHub/MoneroOne/MoneroOne.xcodeproj
    builtin-Swift-Compilation-Requirements -- /Applications/Xcode.app/Contents/Developer/Toolchains/XcodeDefault.xctoolchain/usr/bin/swiftc -module-name _NIODataStructures -Onone -enforce-exclusivity\=checked @/Users/j/Documents/GitHub/MoneroOne/build/Build/Intermediates.noindex/swift-nio.build/Debug-iphonesimulator/_NIODataStructures.build/Objects-normal/arm64/_NIODataStructures.SwiftFileList -DSWIFT_PACKAGE -DDEBUG -DSWIFT_MODULE_RESOURCE_BUNDLE_UNAVAILABLE -DXcode -enable-experimental-feature Lifetimes -enable-upcoming-feature MemberImportVisibility -plugin-path /Applications/Xcode.app/Contents/Developer/Toolchains/XcodeDefault.xctoolchain/usr/lib/swift/host/plugins/testing -enable-experimental-feature DebugDescriptionMacro -sdk /Applications/Xcode.app/Contents/Developer/Platforms/iPhoneSimulator.platform/Developer/SDKs/iPhoneSimulator26.1.sdk -target arm64-apple-ios12.0-simulator -g -module-cache-path /Users/j/Documents/GitHub/MoneroOne/build/ModuleCache.noindex -Xfrontend -serialize-debugging-options -enable-testing -suppress-warnings -index-store-path /Users/j/Documents/GitHub/MoneroOne/build/Index.noindex/DataStore -Xcc -D_LIBCPP_HARDENING_MODE\=_LIBCPP_HARDENING_MODE_DEBUG -swift-version 6 -I /Users/j/Documents/GitHub/MoneroOne/build/Build/Products/Debug-iphonesimulator -Isystem /Applications/Xcode.app/Contents/Developer/Platforms/iPhoneSimulator.platform/Developer/usr/lib -F /Users/j/Documents/GitHub/MoneroOne/build/Build/Products/Debug-iphonesimulator -F /Applications/Xcode.app/Contents/Developer/Platforms/iPhoneSimulator.platform/Developer/Library/Frameworks -F /Applications/Xcode.app/Contents/Developer/Platforms/iPhoneSimulator.platform/Developer/SDKs/iPhoneSimulator26.1.sdk/Developer/Library/Frameworks -c -j12 -enable-batch-mode -incremental -Xcc -ivfsstatcache -Xcc /Users/j/Documents/GitHub/MoneroOne/build/SDKStatCaches.noindex/iphonesimulator26.1-23B77-90cf18a4295e390e64c810bc6bd7acbc.sdkstatcache -output-file-map /Users/j/Documents/GitHub/MoneroOne/build/Build/Intermediates.noindex/swift-nio.build/Debug-iphonesimulator/_NIODataStructures.build/Objects-normal/arm64/_NIODataStructures-OutputFileMap.json -use-frontend-parseable-output -save-temps -no-color-diagnostics -explicit-module-build -module-cache-path /Users/j/Documents/GitHub/MoneroOne/build/Build/Intermediates.noindex/SwiftExplicitPrecompiledModules -clang-scanner-module-cache-path /Users/j/Documents/GitHub/MoneroOne/build/ModuleCache.noindex -sdk-module-cache-path /Users/j/Documents/GitHub/MoneroOne/build/ModuleCache.noindex -serialize-diagnostics -emit-dependencies -emit-module -emit-module-path /Users/j/Documents/GitHub/MoneroOne/build/Build/Intermediates.noindex/swift-nio.build/Debug-iphonesimulator/_NIODataStructures.build/Objects-normal/arm64/_NIODataStructures.swiftmodule -user-module-version 2.92.2 -validate-clang-modules-once -clang-build-session-file /Users/j/Documents/GitHub/MoneroOne/build/ModuleCache.noindex/Session.modulevalidation -package-name swift_nio -Xcc -I/Users/j/Documents/GitHub/MoneroOne/build/Build/Intermediates.noindex/swift-nio.build/Debug-iphonesimulator/_NIODataStructures.build/swift-overrides.hmap -emit-const-values -Xfrontend -const-gather-protocols-file -Xfrontend /Users/j/Documents/GitHub/MoneroOne/build/Build/Intermediates.noindex/swift-nio.build/Debug-iphonesimulator/_NIODataStructures.build/Objects-normal/arm64/_NIODataStructures_const_extract_protocols.json -Xcc -I/Users/j/Documents/GitHub/MoneroOne/build/Build/Products/Debug-iphonesimulator/include -Xcc -I/Users/j/Documents/GitHub/MoneroOne/build/Build/Intermediates.noindex/swift-nio.build/Debug-iphonesimulator/_NIODataStructures.build/DerivedSources-normal/arm64 -Xcc -I/Users/j/Documents/GitHub/MoneroOne/build/Build/Intermediates.noindex/swift-nio.build/Debug-iphonesimulator/_NIODataStructures.build/DerivedSources/arm64 -Xcc -I/Users/j/Documents/GitHub/MoneroOne/build/Build/Intermediates.noindex/swift-nio.build/Debug-iphonesimulator/_NIODataStructures.build/DerivedSources -Xcc -DSWIFT_PACKAGE -Xcc -DDEBUG\=1 -emit-objc-header -emit-objc-header-path /Users/j/Documents/GitHub/MoneroOne/build/Build/Intermediates.noindex/swift-nio.build/Debug-iphonesimulator/_NIODataStructures.build/Objects-normal/arm64/_NIODataStructures-Swift.h -working-directory /Users/j/Documents/GitHub/MoneroOne/MoneroOne.xcodeproj -experimental-emit-module-separately -disable-cmo

SwiftExplicitDependencyGeneratePcm arm64 /Users/j/Documents/GitHub/MoneroOne/build/ModuleCache.noindex/Darwin-2QCWPBS5XREGGBUW68Y3DE8AE.pcm

SwiftMergeGeneratedHeaders /Users/j/Documents/GitHub/MoneroOne/build/Build/Intermediates.noindex/GeneratedModuleMaps-iphonesimulator/_NIODataStructures-Swift.h /Users/j/Documents/GitHub/MoneroOne/build/Build/Intermediates.noindex/swift-nio.build/Debug-iphonesimulator/_NIODataStructures.build/Objects-normal/arm64/_NIODataStructures-Swift.h (in target '_NIODataStructures' from project 'swift-nio')
    cd /Users/j/Documents/GitHub/MoneroOne/build/SourcePackages/checkouts/swift-nio
    builtin-swiftHeaderTool -arch arm64 /Users/j/Documents/GitHub/MoneroOne/build/Build/Intermediates.noindex/swift-nio.build/Debug-iphonesimulator/_NIODataStructures.build/Objects-normal/arm64/_NIODataStructures-Swift.h -o /Users/j/Documents/GitHub/MoneroOne/build/Build/Intermediates.noindex/GeneratedModuleMaps-iphonesimulator/_NIODataStructures-Swift.h

SwiftDriverJobDiscovery normal arm64 Emitting module for NIOConcurrencyHelpers (in target 'NIOConcurrencyHelpers' from project 'swift-nio')

Copy /Users/j/Documents/GitHub/MoneroOne/build/Build/Products/Debug-iphonesimulator/_NIODataStructures.swiftmodule/arm64-apple-ios-simulator.swiftmodule /Users/j/Documents/GitHub/MoneroOne/build/Build/Intermediates.noindex/swift-nio.build/Debug-iphonesimulator/_NIODataStructures.build/Objects-normal/arm64/_NIODataStructures.swiftmodule (in target '_NIODataStructures' from project 'swift-nio')
    cd /Users/j/Documents/GitHub/MoneroOne/build/SourcePackages/checkouts/swift-nio
    builtin-copy -exclude .DS_Store -exclude CVS -exclude .svn -exclude .git -exclude .hg -resolve-src-symlinks -rename /Users/j/Documents/GitHub/MoneroOne/build/Build/Intermediates.noindex/swift-nio.build/Debug-iphonesimulator/_NIODataStructures.build/Objects-normal/arm64/_NIODataStructures.swiftmodule /Users/j/Documents/GitHub/MoneroOne/build/Build/Products/Debug-iphonesimulator/_NIODataStructures.swiftmodule/arm64-apple-ios-simulator.swiftmodule

Copy /Users/j/Documents/GitHub/MoneroOne/build/Build/Products/Debug-iphonesimulator/_NIODataStructures.swiftmodule/arm64-apple-ios-simulator.swiftdoc /Users/j/Documents/GitHub/MoneroOne/build/Build/Intermediates.noindex/swift-nio.build/Debug-iphonesimulator/_NIODataStructures.build/Objects-normal/arm64/_NIODataStructures.swiftdoc (in target '_NIODataStructures' from project 'swift-nio')
    cd /Users/j/Documents/GitHub/MoneroOne/build/SourcePackages/checkouts/swift-nio
    builtin-copy -exclude .DS_Store -exclude CVS -exclude .svn -exclude .git -exclude .hg -resolve-src-symlinks -rename /Users/j/Documents/GitHub/MoneroOne/build/Build/Intermediates.noindex/swift-nio.build/Debug-iphonesimulator/_NIODataStructures.build/Objects-normal/arm64/_NIODataStructures.swiftdoc /Users/j/Documents/GitHub/MoneroOne/build/Build/Products/Debug-iphonesimulator/_NIODataStructures.swiftmodule/arm64-apple-ios-simulator.swiftdoc

Copy /Users/j/Documents/GitHub/MoneroOne/build/Build/Products/Debug-iphonesimulator/_NIODataStructures.swiftmodule/arm64-apple-ios-simulator.abi.json /Users/j/Documents/GitHub/MoneroOne/build/Build/Intermediates.noindex/swift-nio.build/Debug-iphonesimulator/_NIODataStructures.build/Objects-normal/arm64/_NIODataStructures.abi.json (in target '_NIODataStructures' from project 'swift-nio')
    cd /Users/j/Documents/GitHub/MoneroOne/build/SourcePackages/checkouts/swift-nio
    builtin-copy -exclude .DS_Store -exclude CVS -exclude .svn -exclude .git -exclude .hg -resolve-src-symlinks -rename /Users/j/Documents/GitHub/MoneroOne/build/Build/Intermediates.noindex/swift-nio.build/Debug-iphonesimulator/_NIODataStructures.build/Objects-normal/arm64/_NIODataStructures.abi.json /Users/j/Documents/GitHub/MoneroOne/build/Build/Products/Debug-iphonesimulator/_NIODataStructures.swiftmodule/arm64-apple-ios-simulator.abi.json

Copy /Users/j/Documents/GitHub/MoneroOne/build/Build/Products/Debug-iphonesimulator/_NIODataStructures.swiftmodule/Project/arm64-apple-ios-simulator.swiftsourceinfo /Users/j/Documents/GitHub/MoneroOne/build/Build/Intermediates.noindex/swift-nio.build/Debug-iphonesimulator/_NIODataStructures.build/Objects-normal/arm64/_NIODataStructures.swiftsourceinfo (in target '_NIODataStructures' from project 'swift-nio')
    cd /Users/j/Documents/GitHub/MoneroOne/build/SourcePackages/checkouts/swift-nio
    builtin-copy -exclude .DS_Store -exclude CVS -exclude .svn -exclude .git -exclude .hg -resolve-src-symlinks -rename /Users/j/Documents/GitHub/MoneroOne/build/Build/Intermediates.noindex/swift-nio.build/Debug-iphonesimulator/_NIODataStructures.build/Objects-normal/arm64/_NIODataStructures.swiftsourceinfo /Users/j/Documents/GitHub/MoneroOne/build/Build/Products/Debug-iphonesimulator/_NIODataStructures.swiftmodule/Project/arm64-apple-ios-simulator.swiftsourceinfo

SwiftDriver\ Compilation\ Requirements NIOConcurrencyHelpers normal arm64 com.apple.xcode.tools.swift.compiler (in target 'NIOConcurrencyHelpers' from project 'swift-nio')
    cd /Users/j/Documents/GitHub/MoneroOne/MoneroOne.xcodeproj
    builtin-Swift-Compilation-Requirements -- /Applications/Xcode.app/Contents/Developer/Toolchains/XcodeDefault.xctoolchain/usr/bin/swiftc -module-name NIOConcurrencyHelpers -Onone -enforce-exclusivity\=checked @/Users/j/Documents/GitHub/MoneroOne/build/Build/Intermediates.noindex/swift-nio.build/Debug-iphonesimulator/NIOConcurrencyHelpers.build/Objects-normal/arm64/NIOConcurrencyHelpers.SwiftFileList -DSWIFT_PACKAGE -DDEBUG -DSWIFT_MODULE_RESOURCE_BUNDLE_UNAVAILABLE -Xcc -fmodule-map-file\=/Users/j/Documents/GitHub/MoneroOne/build/Build/Intermediates.noindex/GeneratedModuleMaps-iphonesimulator/CNIOAtomics.modulemap -DXcode -enable-experimental-feature Lifetimes -enable-upcoming-feature MemberImportVisibility -plugin-path /Applications/Xcode.app/Contents/Developer/Toolchains/XcodeDefault.xctoolchain/usr/lib/swift/host/plugins/testing -enable-experimental-feature DebugDescriptionMacro -sdk /Applications/Xcode.app/Contents/Developer/Platforms/iPhoneSimulator.platform/Developer/SDKs/iPhoneSimulator26.1.sdk -target arm64-apple-ios12.0-simulator -g -module-cache-path /Users/j/Documents/GitHub/MoneroOne/build/ModuleCache.noindex -Xfrontend -serialize-debugging-options -enable-testing -suppress-warnings -index-store-path /Users/j/Documents/GitHub/MoneroOne/build/Index.noindex/DataStore -Xcc -D_LIBCPP_HARDENING_MODE\=_LIBCPP_HARDENING_MODE_DEBUG -swift-version 6 -I /Users/j/Documents/GitHub/MoneroOne/build/Build/Products/Debug-iphonesimulator -Isystem /Applications/Xcode.app/Contents/Developer/Platforms/iPhoneSimulator.platform/Developer/usr/lib -F /Users/j/Documents/GitHub/MoneroOne/build/Build/Products/Debug-iphonesimulator/PackageFrameworks -F /Users/j/Documents/GitHub/MoneroOne/build/Build/Products/Debug-iphonesimulator -F /Applications/Xcode.app/Contents/Developer/Platforms/iPhoneSimulator.platform/Developer/Library/Frameworks -F /Applications/Xcode.app/Contents/Developer/Platforms/iPhoneSimulator.platform/Developer/SDKs/iPhoneSimulator26.1.sdk/Developer/Library/Frameworks -c -j12 -enable-batch-mode -incremental -Xcc -ivfsstatcache -Xcc /Users/j/Documents/GitHub/MoneroOne/build/SDKStatCaches.noindex/iphonesimulator26.1-23B77-90cf18a4295e390e64c810bc6bd7acbc.sdkstatcache -output-file-map /Users/j/Documents/GitHub/MoneroOne/build/Build/Intermediates.noindex/swift-nio.build/Debug-iphonesimulator/NIOConcurrencyHelpers.build/Objects-normal/arm64/NIOConcurrencyHelpers-OutputFileMap.json -use-frontend-parseable-output -save-temps -no-color-diagnostics -explicit-module-build -module-cache-path /Users/j/Documents/GitHub/MoneroOne/build/Build/Intermediates.noindex/SwiftExplicitPrecompiledModules -clang-scanner-module-cache-path /Users/j/Documents/GitHub/MoneroOne/build/ModuleCache.noindex -sdk-module-cache-path /Users/j/Documents/GitHub/MoneroOne/build/ModuleCache.noindex -serialize-diagnostics -emit-dependencies -emit-module -emit-module-path /Users/j/Documents/GitHub/MoneroOne/build/Build/Intermediates.noindex/swift-nio.build/Debug-iphonesimulator/NIOConcurrencyHelpers.build/Objects-normal/arm64/NIOConcurrencyHelpers.swiftmodule -user-module-version 2.92.2 -validate-clang-modules-once -clang-build-session-file /Users/j/Documents/GitHub/MoneroOne/build/ModuleCache.noindex/Session.modulevalidation -package-name swift_nio -Xcc -I/Users/j/Documents/GitHub/MoneroOne/build/Build/Intermediates.noindex/swift-nio.build/Debug-iphonesimulator/NIOConcurrencyHelpers.build/swift-overrides.hmap -emit-const-values -Xfrontend -const-gather-protocols-file -Xfrontend /Users/j/Documents/GitHub/MoneroOne/build/Build/Intermediates.noindex/swift-nio.build/Debug-iphonesimulator/NIOConcurrencyHelpers.build/Objects-normal/arm64/NIOConcurrencyHelpers_const_extract_protocols.json -Xcc -I/Users/j/Documents/GitHub/MoneroOne/build/SourcePackages/checkouts/swift-nio/Sources/CNIOAtomics/include -Xcc -I/Users/j/Documents/GitHub/MoneroOne/build/Build/Products/Debug-iphonesimulator/include -Xcc -I/Users/j/Documents/GitHub/MoneroOne/build/Build/Intermediates.noindex/swift-nio.build/Debug-iphonesimulator/NIOConcurrencyHelpers.build/DerivedSources-normal/arm64 -Xcc -I/Users/j/Documents/GitHub/MoneroOne/build/Build/Intermediates.noindex/swift-nio.build/Debug-iphonesimulator/NIOConcurrencyHelpers.build/DerivedSources/arm64 -Xcc -I/Users/j/Documents/GitHub/MoneroOne/build/Build/Intermediates.noindex/swift-nio.build/Debug-iphonesimulator/NIOConcurrencyHelpers.build/DerivedSources -Xcc -DSWIFT_PACKAGE -Xcc -DDEBUG\=1 -emit-objc-header -emit-objc-header-path /Users/j/Documents/GitHub/MoneroOne/build/Build/Intermediates.noindex/swift-nio.build/Debug-iphonesimulator/NIOConcurrencyHelpers.build/Objects-normal/arm64/NIOConcurrencyHelpers-Swift.h -working-directory /Users/j/Documents/GitHub/MoneroOne/MoneroOne.xcodeproj -experimental-emit-module-separately -disable-cmo

SwiftExplicitDependencyGeneratePcm arm64 /Users/j/Documents/GitHub/MoneroOne/build/ModuleCache.noindex/simd-4HBZ9R69IDUG92BMXATHU82N8.pcm

SwiftMergeGeneratedHeaders /Users/j/Documents/GitHub/MoneroOne/build/Build/Intermediates.noindex/GeneratedModuleMaps-iphonesimulator/NIOConcurrencyHelpers-Swift.h /Users/j/Documents/GitHub/MoneroOne/build/Build/Intermediates.noindex/swift-nio.build/Debug-iphonesimulator/NIOConcurrencyHelpers.build/Objects-normal/arm64/NIOConcurrencyHelpers-Swift.h (in target 'NIOConcurrencyHelpers' from project 'swift-nio')
    cd /Users/j/Documents/GitHub/MoneroOne/build/SourcePackages/checkouts/swift-nio
    builtin-swiftHeaderTool -arch arm64 /Users/j/Documents/GitHub/MoneroOne/build/Build/Intermediates.noindex/swift-nio.build/Debug-iphonesimulator/NIOConcurrencyHelpers.build/Objects-normal/arm64/NIOConcurrencyHelpers-Swift.h -o /Users/j/Documents/GitHub/MoneroOne/build/Build/Intermediates.noindex/GeneratedModuleMaps-iphonesimulator/NIOConcurrencyHelpers-Swift.h

Copy /Users/j/Documents/GitHub/MoneroOne/build/Build/Products/Debug-iphonesimulator/NIOConcurrencyHelpers.swiftmodule/arm64-apple-ios-simulator.swiftmodule /Users/j/Documents/GitHub/MoneroOne/build/Build/Intermediates.noindex/swift-nio.build/Debug-iphonesimulator/NIOConcurrencyHelpers.build/Objects-normal/arm64/NIOConcurrencyHelpers.swiftmodule (in target 'NIOConcurrencyHelpers' from project 'swift-nio')
    cd /Users/j/Documents/GitHub/MoneroOne/build/SourcePackages/checkouts/swift-nio
    builtin-copy -exclude .DS_Store -exclude CVS -exclude .svn -exclude .git -exclude .hg -resolve-src-symlinks -rename /Users/j/Documents/GitHub/MoneroOne/build/Build/Intermediates.noindex/swift-nio.build/Debug-iphonesimulator/NIOConcurrencyHelpers.build/Objects-normal/arm64/NIOConcurrencyHelpers.swiftmodule /Users/j/Documents/GitHub/MoneroOne/build/Build/Products/Debug-iphonesimulator/NIOConcurrencyHelpers.swiftmodule/arm64-apple-ios-simulator.swiftmodule

Copy /Users/j/Documents/GitHub/MoneroOne/build/Build/Products/Debug-iphonesimulator/NIOConcurrencyHelpers.swiftmodule/arm64-apple-ios-simulator.swiftdoc /Users/j/Documents/GitHub/MoneroOne/build/Build/Intermediates.noindex/swift-nio.build/Debug-iphonesimulator/NIOConcurrencyHelpers.build/Objects-normal/arm64/NIOConcurrencyHelpers.swiftdoc (in target 'NIOConcurrencyHelpers' from project 'swift-nio')
    cd /Users/j/Documents/GitHub/MoneroOne/build/SourcePackages/checkouts/swift-nio
    builtin-copy -exclude .DS_Store -exclude CVS -exclude .svn -exclude .git -exclude .hg -resolve-src-symlinks -rename /Users/j/Documents/GitHub/MoneroOne/build/Build/Intermediates.noindex/swift-nio.build/Debug-iphonesimulator/NIOConcurrencyHelpers.build/Objects-normal/arm64/NIOConcurrencyHelpers.swiftdoc /Users/j/Documents/GitHub/MoneroOne/build/Build/Products/Debug-iphonesimulator/NIOConcurrencyHelpers.swiftmodule/arm64-apple-ios-simulator.swiftdoc

Copy /Users/j/Documents/GitHub/MoneroOne/build/Build/Products/Debug-iphonesimulator/NIOConcurrencyHelpers.swiftmodule/arm64-apple-ios-simulator.abi.json /Users/j/Documents/GitHub/MoneroOne/build/Build/Intermediates.noindex/swift-nio.build/Debug-iphonesimulator/NIOConcurrencyHelpers.build/Objects-normal/arm64/NIOConcurrencyHelpers.abi.json (in target 'NIOConcurrencyHelpers' from project 'swift-nio')
    cd /Users/j/Documents/GitHub/MoneroOne/build/SourcePackages/checkouts/swift-nio
    builtin-copy -exclude .DS_Store -exclude CVS -exclude .svn -exclude .git -exclude .hg -resolve-src-symlinks -rename /Users/j/Documents/GitHub/MoneroOne/build/Build/Intermediates.noindex/swift-nio.build/Debug-iphonesimulator/NIOConcurrencyHelpers.build/Objects-normal/arm64/NIOConcurrencyHelpers.abi.json /Users/j/Documents/GitHub/MoneroOne/build/Build/Products/Debug-iphonesimulator/NIOConcurrencyHelpers.swiftmodule/arm64-apple-ios-simulator.abi.json

Copy /Users/j/Documents/GitHub/MoneroOne/build/Build/Products/Debug-iphonesimulator/NIOConcurrencyHelpers.swiftmodule/Project/arm64-apple-ios-simulator.swiftsourceinfo /Users/j/Documents/GitHub/MoneroOne/build/Build/Intermediates.noindex/swift-nio.build/Debug-iphonesimulator/NIOConcurrencyHelpers.build/Objects-normal/arm64/NIOConcurrencyHelpers.swiftsourceinfo (in target 'NIOConcurrencyHelpers' from project 'swift-nio')
    cd /Users/j/Documents/GitHub/MoneroOne/build/SourcePackages/checkouts/swift-nio
    builtin-copy -exclude .DS_Store -exclude CVS -exclude .svn -exclude .git -exclude .hg -resolve-src-symlinks -rename /Users/j/Documents/GitHub/MoneroOne/build/Build/Intermediates.noindex/swift-nio.build/Debug-iphonesimulator/NIOConcurrencyHelpers.build/Objects-normal/arm64/NIOConcurrencyHelpers.swiftsourceinfo /Users/j/Documents/GitHub/MoneroOne/build/Build/Products/Debug-iphonesimulator/NIOConcurrencyHelpers.swiftmodule/Project/arm64-apple-ios-simulator.swiftsourceinfo

SwiftExplicitDependencyGeneratePcm arm64 /Users/j/Documents/GitHub/MoneroOne/build/ModuleCache.noindex/Dispatch-DVOSSXHURUGDU8ZXZ73DYLUW6.pcm

CompileC /Users/j/Documents/GitHub/MoneroOne/build/Build/Intermediates.noindex/swift-nio-ssl.build/Debug-iphonesimulator/CNIOBoringSSL.build/Objects-normal/arm64/x509_txt.o /Users/j/Documents/GitHub/MoneroOne/build/SourcePackages/checkouts/swift-nio-ssl/Sources/CNIOBoringSSL/crypto/x509/x509_txt.cc normal arm64 c++ com.apple.compilers.llvm.clang.1_0.compiler (in target 'CNIOBoringSSL' from project 'swift-nio-ssl')
    cd /Users/j/Documents/GitHub/MoneroOne/MoneroOne.xcodeproj
    
    Using response file: /Users/j/Documents/GitHub/MoneroOne/build/Build/Intermediates.noindex/swift-nio-ssl.build/Debug-iphonesimulator/CNIOBoringSSL.build/Objects-normal/arm64/82b82416624d2658e5098eb0a28c15c5-common-args.resp
    
    /Applications/Xcode.app/Contents/Developer/Toolchains/XcodeDefault.xctoolchain/usr/bin/clang -x c++ -ivfsstatcache /Users/j/Documents/GitHub/MoneroOne/build/SDKStatCaches.noindex/iphonesimulator26.1-23B77-90cf18a4295e390e64c810bc6bd7acbc.sdkstatcache -fmessage-length\=0 -fdiagnostics-show-note-include-stack -fmacro-backtrace-limit\=0 -fno-color-diagnostics -fmodules-prune-interval\=86400 -fmodules-prune-after\=345600 -fbuild-session-file\=/Users/j/Documents/GitHub/MoneroOne/build/ModuleCache.noindex/Session.modulevalidation -fmodules-validate-once-per-build-session -Wnon-modular-include-in-framework-module -Werror\=non-modular-include-in-framework-module -Wno-trigraphs -Wno-missing-field-initializers -Wno-missing-prototypes -Wno-return-type -Wno-non-virtual-dtor -Wno-overloaded-virtual -Wno-exit-time-destructors -Wno-missing-braces -Wparentheses -Wswitch -Wno-unused-function -Wno-unused-label -Wno-unused-parameter -Wno-unused-variable -Wunused-value -Wno-empty-body -Wno-uninitialized -Wno-unknown-pragmas -w -Wno-shadow -Wno-four-char-constants -Wno-conversion -Wno-constant-conversion -Wno-int-conversion -Wno-bool-conversion -Wno-enum-conversion -Wno-float-conversion -Wno-non-literal-null-conversion -Wno-objc-literal-conversion -Wshorten-64-to-32 -Wno-newline-eof -Wno-c++11-extensions -Wno-implicit-fallthrough -fstrict-aliasing -Wdeprecated-declarations -Winvalid-offsetof -Wno-sign-conversion -Wno-infinite-recursion -Wno-move -Wno-comma -Wno-block-capture-autoreleasing -Wno-strict-prototypes -Wno-range-loop-analysis -Wno-semicolon-before-method-body -index-store-path /Users/j/Documents/GitHub/MoneroOne/build/Index.noindex/DataStore @/Users/j/Documents/GitHub/MoneroOne/build/Build/Intermediates.noindex/swift-nio-ssl.build/Debug-iphonesimulator/CNIOBoringSSL.build/Objects-normal/arm64/82b82416624d2658e5098eb0a28c15c5-common-args.resp -MMD -MT dependencies -MF /Users/j/Documents/GitHub/MoneroOne/build/Build/Intermediates.noindex/swift-nio-ssl.build/Debug-iphonesimulator/CNIOBoringSSL.build/Objects-normal/arm64/x509_txt.d --serialize-diagnostics /Users/j/Documents/GitHub/MoneroOne/build/Build/Intermediates.noindex/swift-nio-ssl.build/Debug-iphonesimulator/CNIOBoringSSL.build/Objects-normal/arm64/x509_txt.dia -c /Users/j/Documents/GitHub/MoneroOne/build/SourcePackages/checkouts/swift-nio-ssl/Sources/CNIOBoringSSL/crypto/x509/x509_txt.cc -o /Users/j/Documents/GitHub/MoneroOne/build/Build/Intermediates.noindex/swift-nio-ssl.build/Debug-iphonesimulator/CNIOBoringSSL.build/Objects-normal/arm64/x509_txt.o -index-unit-output-path /swift-nio-ssl.build/Debug-iphonesimulator/CNIOBoringSSL.build/Objects-normal/arm64/x509_txt.o

CompileC /Users/j/Documents/GitHub/MoneroOne/build/Build/Intermediates.noindex/swift-nio-ssl.build/Debug-iphonesimulator/CNIOBoringSSL.build/Objects-normal/arm64/x509_trs.o /Users/j/Documents/GitHub/MoneroOne/build/SourcePackages/checkouts/swift-nio-ssl/Sources/CNIOBoringSSL/crypto/x509/x509_trs.cc normal arm64 c++ com.apple.compilers.llvm.clang.1_0.compiler (in target 'CNIOBoringSSL' from project 'swift-nio-ssl')
    cd /Users/j/Documents/GitHub/MoneroOne/MoneroOne.xcodeproj
    
    Using response file: /Users/j/Documents/GitHub/MoneroOne/build/Build/Intermediates.noindex/swift-nio-ssl.build/Debug-iphonesimulator/CNIOBoringSSL.build/Objects-normal/arm64/82b82416624d2658e5098eb0a28c15c5-common-args.resp
    
    /Applications/Xcode.app/Contents/Developer/Toolchains/XcodeDefault.xctoolchain/usr/bin/clang -x c++ -ivfsstatcache /Users/j/Documents/GitHub/MoneroOne/build/SDKStatCaches.noindex/iphonesimulator26.1-23B77-90cf18a4295e390e64c810bc6bd7acbc.sdkstatcache -fmessage-length\=0 -fdiagnostics-show-note-include-stack -fmacro-backtrace-limit\=0 -fno-color-diagnostics -fmodules-prune-interval\=86400 -fmodules-prune-after\=345600 -fbuild-session-file\=/Users/j/Documents/GitHub/MoneroOne/build/ModuleCache.noindex/Session.modulevalidation -fmodules-validate-once-per-build-session -Wnon-modular-include-in-framework-module -Werror\=non-modular-include-in-framework-module -Wno-trigraphs -Wno-missing-field-initializers -Wno-missing-prototypes -Wno-return-type -Wno-non-virtual-dtor -Wno-overloaded-virtual -Wno-exit-time-destructors -Wno-missing-braces -Wparentheses -Wswitch -Wno-unused-function -Wno-unused-label -Wno-unused-parameter -Wno-unused-variable -Wunused-value -Wno-empty-body -Wno-uninitialized -Wno-unknown-pragmas -w -Wno-shadow -Wno-four-char-constants -Wno-conversion -Wno-constant-conversion -Wno-int-conversion -Wno-bool-conversion -Wno-enum-conversion -Wno-float-conversion -Wno-non-literal-null-conversion -Wno-objc-literal-conversion -Wshorten-64-to-32 -Wno-newline-eof -Wno-c++11-extensions -Wno-implicit-fallthrough -fstrict-aliasing -Wdeprecated-declarations -Winvalid-offsetof -Wno-sign-conversion -Wno-infinite-recursion -Wno-move -Wno-comma -Wno-block-capture-autoreleasing -Wno-strict-prototypes -Wno-range-loop-analysis -Wno-semicolon-before-method-body -index-store-path /Users/j/Documents/GitHub/MoneroOne/build/Index.noindex/DataStore @/Users/j/Documents/GitHub/MoneroOne/build/Build/Intermediates.noindex/swift-nio-ssl.build/Debug-iphonesimulator/CNIOBoringSSL.build/Objects-normal/arm64/82b82416624d2658e5098eb0a28c15c5-common-args.resp -MMD -MT dependencies -MF /Users/j/Documents/GitHub/MoneroOne/build/Build/Intermediates.noindex/swift-nio-ssl.build/Debug-iphonesimulator/CNIOBoringSSL.build/Objects-normal/arm64/x509_trs.d --serialize-diagnostics /Users/j/Documents/GitHub/MoneroOne/build/Build/Intermediates.noindex/swift-nio-ssl.build/Debug-iphonesimulator/CNIOBoringSSL.build/Objects-normal/arm64/x509_trs.dia -c /Users/j/Documents/GitHub/MoneroOne/build/SourcePackages/checkouts/swift-nio-ssl/Sources/CNIOBoringSSL/crypto/x509/x509_trs.cc -o /Users/j/Documents/GitHub/MoneroOne/build/Build/Intermediates.noindex/swift-nio-ssl.build/Debug-iphonesimulator/CNIOBoringSSL.build/Objects-normal/arm64/x509_trs.o -index-unit-output-path /swift-nio-ssl.build/Debug-iphonesimulator/CNIOBoringSSL.build/Objects-normal/arm64/x509_trs.o

CompileC /Users/j/Documents/GitHub/MoneroOne/build/Build/Intermediates.noindex/swift-nio-ssl.build/Debug-iphonesimulator/CNIOBoringSSL.build/Objects-normal/arm64/x509_set.o /Users/j/Documents/GitHub/MoneroOne/build/SourcePackages/checkouts/swift-nio-ssl/Sources/CNIOBoringSSL/crypto/x509/x509_set.cc normal arm64 c++ com.apple.compilers.llvm.clang.1_0.compiler (in target 'CNIOBoringSSL' from project 'swift-nio-ssl')
    cd /Users/j/Documents/GitHub/MoneroOne/MoneroOne.xcodeproj
    
    Using response file: /Users/j/Documents/GitHub/MoneroOne/build/Build/Intermediates.noindex/swift-nio-ssl.build/Debug-iphonesimulator/CNIOBoringSSL.build/Objects-normal/arm64/82b82416624d2658e5098eb0a28c15c5-common-args.resp
    
    /Applications/Xcode.app/Contents/Developer/Toolchains/XcodeDefault.xctoolchain/usr/bin/clang -x c++ -ivfsstatcache /Users/j/Documents/GitHub/MoneroOne/build/SDKStatCaches.noindex/iphonesimulator26.1-23B77-90cf18a4295e390e64c810bc6bd7acbc.sdkstatcache -fmessage-length\=0 -fdiagnostics-show-note-include-stack -fmacro-backtrace-limit\=0 -fno-color-diagnostics -fmodules-prune-interval\=86400 -fmodules-prune-after\=345600 -fbuild-session-file\=/Users/j/Documents/GitHub/MoneroOne/build/ModuleCache.noindex/Session.modulevalidation -fmodules-validate-once-per-build-session -Wnon-modular-include-in-framework-module -Werror\=non-modular-include-in-framework-module -Wno-trigraphs -Wno-missing-field-initializers -Wno-missing-prototypes -Wno-return-type -Wno-non-virtual-dtor -Wno-overloaded-virtual -Wno-exit-time-destructors -Wno-missing-braces -Wparentheses -Wswitch -Wno-unused-function -Wno-unused-label -Wno-unused-parameter -Wno-unused-variable -Wunused-value -Wno-empty-body -Wno-uninitialized -Wno-unknown-pragmas -w -Wno-shadow -Wno-four-char-constants -Wno-conversion -Wno-constant-conversion -Wno-int-conversion -Wno-bool-conversion -Wno-enum-conversion -Wno-float-conversion -Wno-non-literal-null-conversion -Wno-objc-literal-conversion -Wshorten-64-to-32 -Wno-newline-eof -Wno-c++11-extensions -Wno-implicit-fallthrough -fstrict-aliasing -Wdeprecated-declarations -Winvalid-offsetof -Wno-sign-conversion -Wno-infinite-recursion -Wno-move -Wno-comma -Wno-block-capture-autoreleasing -Wno-strict-prototypes -Wno-range-loop-analysis -Wno-semicolon-before-method-body -index-store-path /Users/j/Documents/GitHub/MoneroOne/build/Index.noindex/DataStore @/Users/j/Documents/GitHub/MoneroOne/build/Build/Intermediates.noindex/swift-nio-ssl.build/Debug-iphonesimulator/CNIOBoringSSL.build/Objects-normal/arm64/82b82416624d2658e5098eb0a28c15c5-common-args.resp -MMD -MT dependencies -MF /Users/j/Documents/GitHub/MoneroOne/build/Build/Intermediates.noindex/swift-nio-ssl.build/Debug-iphonesimulator/CNIOBoringSSL.build/Objects-normal/arm64/x509_set.d --serialize-diagnostics /Users/j/Documents/GitHub/MoneroOne/build/Build/Intermediates.noindex/swift-nio-ssl.build/Debug-iphonesimulator/CNIOBoringSSL.build/Objects-normal/arm64/x509_set.dia -c /Users/j/Documents/GitHub/MoneroOne/build/SourcePackages/checkouts/swift-nio-ssl/Sources/CNIOBoringSSL/crypto/x509/x509_set.cc -o /Users/j/Documents/GitHub/MoneroOne/build/Build/Intermediates.noindex/swift-nio-ssl.build/Debug-iphonesimulator/CNIOBoringSSL.build/Objects-normal/arm64/x509_set.o -index-unit-output-path /swift-nio-ssl.build/Debug-iphonesimulator/CNIOBoringSSL.build/Objects-normal/arm64/x509_set.o

SwiftDriverJobDiscovery normal arm64 Emitting module for Atomics (in target 'Atomics' from project 'swift-atomics')

SwiftDriver\ Compilation\ Requirements Atomics normal arm64 com.apple.xcode.tools.swift.compiler (in target 'Atomics' from project 'swift-atomics')
    cd /Users/j/Documents/GitHub/MoneroOne/MoneroOne.xcodeproj
    builtin-Swift-Compilation-Requirements -- /Applications/Xcode.app/Contents/Developer/Toolchains/XcodeDefault.xctoolchain/usr/bin/swiftc -module-name Atomics -Onone -enforce-exclusivity\=checked @/Users/j/Documents/GitHub/MoneroOne/build/Build/Intermediates.noindex/swift-atomics.build/Debug-iphonesimulator/Atomics.build/Objects-normal/arm64/Atomics.SwiftFileList -DSWIFT_PACKAGE -DDEBUG -DSWIFT_MODULE_RESOURCE_BUNDLE_UNAVAILABLE -DXcode -enable-experimental-feature BuiltinModule -plugin-path /Applications/Xcode.app/Contents/Developer/Toolchains/XcodeDefault.xctoolchain/usr/lib/swift/host/plugins/testing -enable-experimental-feature DebugDescriptionMacro -sdk /Applications/Xcode.app/Contents/Developer/Platforms/iPhoneSimulator.platform/Developer/SDKs/iPhoneSimulator26.1.sdk -target arm64-apple-ios12.0-simulator -g -module-cache-path /Users/j/Documents/GitHub/MoneroOne/build/ModuleCache.noindex -Xfrontend -serialize-debugging-options -enable-testing -suppress-warnings -index-store-path /Users/j/Documents/GitHub/MoneroOne/build/Index.noindex/DataStore -Xcc -D_LIBCPP_HARDENING_MODE\=_LIBCPP_HARDENING_MODE_DEBUG -swift-version 5 -I /Users/j/Documents/GitHub/MoneroOne/build/Build/Products/Debug-iphonesimulator -Isystem /Applications/Xcode.app/Contents/Developer/Platforms/iPhoneSimulator.platform/Developer/usr/lib -F /Users/j/Documents/GitHub/MoneroOne/build/Build/Products/Debug-iphonesimulator/PackageFrameworks -F /Users/j/Documents/GitHub/MoneroOne/build/Build/Products/Debug-iphonesimulator -F /Applications/Xcode.app/Contents/Developer/Platforms/iPhoneSimulator.platform/Developer/Library/Frameworks -F /Applications/Xcode.app/Contents/Developer/Platforms/iPhoneSimulator.platform/Developer/SDKs/iPhoneSimulator26.1.sdk/Developer/Library/Frameworks -c -j12 -enable-batch-mode -incremental -Xcc -ivfsstatcache -Xcc /Users/j/Documents/GitHub/MoneroOne/build/SDKStatCaches.noindex/iphonesimulator26.1-23B77-90cf18a4295e390e64c810bc6bd7acbc.sdkstatcache -output-file-map /Users/j/Documents/GitHub/MoneroOne/build/Build/Intermediates.noindex/swift-atomics.build/Debug-iphonesimulator/Atomics.build/Objects-normal/arm64/Atomics-OutputFileMap.json -use-frontend-parseable-output -save-temps -no-color-diagnostics -explicit-module-build -module-cache-path /Users/j/Documents/GitHub/MoneroOne/build/Build/Intermediates.noindex/SwiftExplicitPrecompiledModules -clang-scanner-module-cache-path /Users/j/Documents/GitHub/MoneroOne/build/ModuleCache.noindex -sdk-module-cache-path /Users/j/Documents/GitHub/MoneroOne/build/ModuleCache.noindex -serialize-diagnostics -emit-dependencies -emit-module -emit-module-path /Users/j/Documents/GitHub/MoneroOne/build/Build/Intermediates.noindex/swift-atomics.build/Debug-iphonesimulator/Atomics.build/Objects-normal/arm64/Atomics.swiftmodule -validate-clang-modules-once -clang-build-session-file /Users/j/Documents/GitHub/MoneroOne/build/ModuleCache.noindex/Session.modulevalidation -package-name swift_atomics -Xcc -I/Users/j/Documents/GitHub/MoneroOne/build/Build/Intermediates.noindex/swift-atomics.build/Debug-iphonesimulator/Atomics.build/swift-overrides.hmap -emit-const-values -Xfrontend -const-gather-protocols-file -Xfrontend /Users/j/Documents/GitHub/MoneroOne/build/Build/Intermediates.noindex/swift-atomics.build/Debug-iphonesimulator/Atomics.build/Objects-normal/arm64/Atomics_const_extract_protocols.json -Xcc -I/Users/j/Documents/GitHub/MoneroOne/build/SourcePackages/checkouts/swift-atomics/Sources/_AtomicsShims/include -Xcc -I/Users/j/Documents/GitHub/MoneroOne/build/Build/Products/Debug-iphonesimulator/include -Xcc -I/Users/j/Documents/GitHub/MoneroOne/build/Build/Intermediates.noindex/swift-atomics.build/Debug-iphonesimulator/Atomics.build/DerivedSources-normal/arm64 -Xcc -I/Users/j/Documents/GitHub/MoneroOne/build/Build/Intermediates.noindex/swift-atomics.build/Debug-iphonesimulator/Atomics.build/DerivedSources/arm64 -Xcc -I/Users/j/Documents/GitHub/MoneroOne/build/Build/Intermediates.noindex/swift-atomics.build/Debug-iphonesimulator/Atomics.build/DerivedSources -Xcc -DSWIFT_PACKAGE -Xcc -DDEBUG\=1 -emit-objc-header -emit-objc-header-path /Users/j/Documents/GitHub/MoneroOne/build/Build/Intermediates.noindex/swift-atomics.build/Debug-iphonesimulator/Atomics.build/Objects-normal/arm64/Atomics-Swift.h -working-directory /Users/j/Documents/GitHub/MoneroOne/MoneroOne.xcodeproj -experimental-emit-module-separately -disable-cmo

CompileC /Users/j/Documents/GitHub/MoneroOne/build/Build/Intermediates.noindex/swift-nio-ssl.build/Debug-iphonesimulator/CNIOBoringSSL.build/Objects-normal/arm64/x509_req.o /Users/j/Documents/GitHub/MoneroOne/build/SourcePackages/checkouts/swift-nio-ssl/Sources/CNIOBoringSSL/crypto/x509/x509_req.cc normal arm64 c++ com.apple.compilers.llvm.clang.1_0.compiler (in target 'CNIOBoringSSL' from project 'swift-nio-ssl')
    cd /Users/j/Documents/GitHub/MoneroOne/MoneroOne.xcodeproj
    
    Using response file: /Users/j/Documents/GitHub/MoneroOne/build/Build/Intermediates.noindex/swift-nio-ssl.build/Debug-iphonesimulator/CNIOBoringSSL.build/Objects-normal/arm64/82b82416624d2658e5098eb0a28c15c5-common-args.resp
    
    /Applications/Xcode.app/Contents/Developer/Toolchains/XcodeDefault.xctoolchain/usr/bin/clang -x c++ -ivfsstatcache /Users/j/Documents/GitHub/MoneroOne/build/SDKStatCaches.noindex/iphonesimulator26.1-23B77-90cf18a4295e390e64c810bc6bd7acbc.sdkstatcache -fmessage-length\=0 -fdiagnostics-show-note-include-stack -fmacro-backtrace-limit\=0 -fno-color-diagnostics -fmodules-prune-interval\=86400 -fmodules-prune-after\=345600 -fbuild-session-file\=/Users/j/Documents/GitHub/MoneroOne/build/ModuleCache.noindex/Session.modulevalidation -fmodules-validate-once-per-build-session -Wnon-modular-include-in-framework-module -Werror\=non-modular-include-in-framework-module -Wno-trigraphs -Wno-missing-field-initializers -Wno-missing-prototypes -Wno-return-type -Wno-non-virtual-dtor -Wno-overloaded-virtual -Wno-exit-time-destructors -Wno-missing-braces -Wparentheses -Wswitch -Wno-unused-function -Wno-unused-label -Wno-unused-parameter -Wno-unused-variable -Wunused-value -Wno-empty-body -Wno-uninitialized -Wno-unknown-pragmas -w -Wno-shadow -Wno-four-char-constants -Wno-conversion -Wno-constant-conversion -Wno-int-conversion -Wno-bool-conversion -Wno-enum-conversion -Wno-float-conversion -Wno-non-literal-null-conversion -Wno-objc-literal-conversion -Wshorten-64-to-32 -Wno-newline-eof -Wno-c++11-extensions -Wno-implicit-fallthrough -fstrict-aliasing -Wdeprecated-declarations -Winvalid-offsetof -Wno-sign-conversion -Wno-infinite-recursion -Wno-move -Wno-comma -Wno-block-capture-autoreleasing -Wno-strict-prototypes -Wno-range-loop-analysis -Wno-semicolon-before-method-body -index-store-path /Users/j/Documents/GitHub/MoneroOne/build/Index.noindex/DataStore @/Users/j/Documents/GitHub/MoneroOne/build/Build/Intermediates.noindex/swift-nio-ssl.build/Debug-iphonesimulator/CNIOBoringSSL.build/Objects-normal/arm64/82b82416624d2658e5098eb0a28c15c5-common-args.resp -MMD -MT dependencies -MF /Users/j/Documents/GitHub/MoneroOne/build/Build/Intermediates.noindex/swift-nio-ssl.build/Debug-iphonesimulator/CNIOBoringSSL.build/Objects-normal/arm64/x509_req.d --serialize-diagnostics /Users/j/Documents/GitHub/MoneroOne/build/Build/Intermediates.noindex/swift-nio-ssl.build/Debug-iphonesimulator/CNIOBoringSSL.build/Objects-normal/arm64/x509_req.dia -c /Users/j/Documents/GitHub/MoneroOne/build/SourcePackages/checkouts/swift-nio-ssl/Sources/CNIOBoringSSL/crypto/x509/x509_req.cc -o /Users/j/Documents/GitHub/MoneroOne/build/Build/Intermediates.noindex/swift-nio-ssl.build/Debug-iphonesimulator/CNIOBoringSSL.build/Objects-normal/arm64/x509_req.o -index-unit-output-path /swift-nio-ssl.build/Debug-iphonesimulator/CNIOBoringSSL.build/Objects-normal/arm64/x509_req.o

SwiftMergeGeneratedHeaders /Users/j/Documents/GitHub/MoneroOne/build/Build/Intermediates.noindex/GeneratedModuleMaps-iphonesimulator/Atomics-Swift.h /Users/j/Documents/GitHub/MoneroOne/build/Build/Intermediates.noindex/swift-atomics.build/Debug-iphonesimulator/Atomics.build/Objects-normal/arm64/Atomics-Swift.h (in target 'Atomics' from project 'swift-atomics')
    cd /Users/j/Documents/GitHub/MoneroOne/build/SourcePackages/checkouts/swift-atomics
    builtin-swiftHeaderTool -arch arm64 /Users/j/Documents/GitHub/MoneroOne/build/Build/Intermediates.noindex/swift-atomics.build/Debug-iphonesimulator/Atomics.build/Objects-normal/arm64/Atomics-Swift.h -o /Users/j/Documents/GitHub/MoneroOne/build/Build/Intermediates.noindex/GeneratedModuleMaps-iphonesimulator/Atomics-Swift.h

Copy /Users/j/Documents/GitHub/MoneroOne/build/Build/Products/Debug-iphonesimulator/Atomics.swiftmodule/arm64-apple-ios-simulator.swiftmodule /Users/j/Documents/GitHub/MoneroOne/build/Build/Intermediates.noindex/swift-atomics.build/Debug-iphonesimulator/Atomics.build/Objects-normal/arm64/Atomics.swiftmodule (in target 'Atomics' from project 'swift-atomics')
    cd /Users/j/Documents/GitHub/MoneroOne/build/SourcePackages/checkouts/swift-atomics
    builtin-copy -exclude .DS_Store -exclude CVS -exclude .svn -exclude .git -exclude .hg -resolve-src-symlinks -rename /Users/j/Documents/GitHub/MoneroOne/build/Build/Intermediates.noindex/swift-atomics.build/Debug-iphonesimulator/Atomics.build/Objects-normal/arm64/Atomics.swiftmodule /Users/j/Documents/GitHub/MoneroOne/build/Build/Products/Debug-iphonesimulator/Atomics.swiftmodule/arm64-apple-ios-simulator.swiftmodule

Copy /Users/j/Documents/GitHub/MoneroOne/build/Build/Products/Debug-iphonesimulator/Atomics.swiftmodule/arm64-apple-ios-simulator.swiftdoc /Users/j/Documents/GitHub/MoneroOne/build/Build/Intermediates.noindex/swift-atomics.build/Debug-iphonesimulator/Atomics.build/Objects-normal/arm64/Atomics.swiftdoc (in target 'Atomics' from project 'swift-atomics')
    cd /Users/j/Documents/GitHub/MoneroOne/build/SourcePackages/checkouts/swift-atomics
    builtin-copy -exclude .DS_Store -exclude CVS -exclude .svn -exclude .git -exclude .hg -resolve-src-symlinks -rename /Users/j/Documents/GitHub/MoneroOne/build/Build/Intermediates.noindex/swift-atomics.build/Debug-iphonesimulator/Atomics.build/Objects-normal/arm64/Atomics.swiftdoc /Users/j/Documents/GitHub/MoneroOne/build/Build/Products/Debug-iphonesimulator/Atomics.swiftmodule/arm64-apple-ios-simulator.swiftdoc

Copy /Users/j/Documents/GitHub/MoneroOne/build/Build/Products/Debug-iphonesimulator/Atomics.swiftmodule/arm64-apple-ios-simulator.abi.json /Users/j/Documents/GitHub/MoneroOne/build/Build/Intermediates.noindex/swift-atomics.build/Debug-iphonesimulator/Atomics.build/Objects-normal/arm64/Atomics.abi.json (in target 'Atomics' from project 'swift-atomics')
    cd /Users/j/Documents/GitHub/MoneroOne/build/SourcePackages/checkouts/swift-atomics
    builtin-copy -exclude .DS_Store -exclude CVS -exclude .svn -exclude .git -exclude .hg -resolve-src-symlinks -rename /Users/j/Documents/GitHub/MoneroOne/build/Build/Intermediates.noindex/swift-atomics.build/Debug-iphonesimulator/Atomics.build/Objects-normal/arm64/Atomics.abi.json /Users/j/Documents/GitHub/MoneroOne/build/Build/Products/Debug-iphonesimulator/Atomics.swiftmodule/arm64-apple-ios-simulator.abi.json

Copy /Users/j/Documents/GitHub/MoneroOne/build/Build/Products/Debug-iphonesimulator/Atomics.swiftmodule/Project/arm64-apple-ios-simulator.swiftsourceinfo /Users/j/Documents/GitHub/MoneroOne/build/Build/Intermediates.noindex/swift-atomics.build/Debug-iphonesimulator/Atomics.build/Objects-normal/arm64/Atomics.swiftsourceinfo (in target 'Atomics' from project 'swift-atomics')
    cd /Users/j/Documents/GitHub/MoneroOne/build/SourcePackages/checkouts/swift-atomics
    builtin-copy -exclude .DS_Store -exclude CVS -exclude .svn -exclude .git -exclude .hg -resolve-src-symlinks -rename /Users/j/Documents/GitHub/MoneroOne/build/Build/Intermediates.noindex/swift-atomics.build/Debug-iphonesimulator/Atomics.build/Objects-normal/arm64/Atomics.swiftsourceinfo /Users/j/Documents/GitHub/MoneroOne/build/Build/Products/Debug-iphonesimulator/Atomics.swiftmodule/Project/arm64-apple-ios-simulator.swiftsourceinfo

SwiftExplicitDependencyGeneratePcm arm64 /Users/j/Documents/GitHub/MoneroOne/build/ModuleCache.noindex/dnssd-4P3RW27ZQY2EICOE2UG0UYT85.pcm

SwiftExplicitDependencyGeneratePcm arm64 /Users/j/Documents/GitHub/MoneroOne/build/ModuleCache.noindex/CoreFoundation-8KD6DBGT47SNS6GT0S5IOAOHN.pcm

SwiftExplicitDependencyGeneratePcm arm64 /Users/j/Documents/GitHub/MoneroOne/build/ModuleCache.noindex/XPC-6SR5XG5S3QPHLDMG38FY3YU60.pcm

CompileC /Users/j/Documents/GitHub/MoneroOne/build/Build/Intermediates.noindex/swift-nio-ssl.build/Debug-iphonesimulator/CNIOBoringSSL.build/Objects-normal/arm64/x509_obj.o /Users/j/Documents/GitHub/MoneroOne/build/SourcePackages/checkouts/swift-nio-ssl/Sources/CNIOBoringSSL/crypto/x509/x509_obj.cc normal arm64 c++ com.apple.compilers.llvm.clang.1_0.compiler (in target 'CNIOBoringSSL' from project 'swift-nio-ssl')
    cd /Users/j/Documents/GitHub/MoneroOne/MoneroOne.xcodeproj
    
    Using response file: /Users/j/Documents/GitHub/MoneroOne/build/Build/Intermediates.noindex/swift-nio-ssl.build/Debug-iphonesimulator/CNIOBoringSSL.build/Objects-normal/arm64/82b82416624d2658e5098eb0a28c15c5-common-args.resp
    
    /Applications/Xcode.app/Contents/Developer/Toolchains/XcodeDefault.xctoolchain/usr/bin/clang -x c++ -ivfsstatcache /Users/j/Documents/GitHub/MoneroOne/build/SDKStatCaches.noindex/iphonesimulator26.1-23B77-90cf18a4295e390e64c810bc6bd7acbc.sdkstatcache -fmessage-length\=0 -fdiagnostics-show-note-include-stack -fmacro-backtrace-limit\=0 -fno-color-diagnostics -fmodules-prune-interval\=86400 -fmodules-prune-after\=345600 -fbuild-session-file\=/Users/j/Documents/GitHub/MoneroOne/build/ModuleCache.noindex/Session.modulevalidation -fmodules-validate-once-per-build-session -Wnon-modular-include-in-framework-module -Werror\=non-modular-include-in-framework-module -Wno-trigraphs -Wno-missing-field-initializers -Wno-missing-prototypes -Wno-return-type -Wno-non-virtual-dtor -Wno-overloaded-virtual -Wno-exit-time-destructors -Wno-missing-braces -Wparentheses -Wswitch -Wno-unused-function -Wno-unused-label -Wno-unused-parameter -Wno-unused-variable -Wunused-value -Wno-empty-body -Wno-uninitialized -Wno-unknown-pragmas -w -Wno-shadow -Wno-four-char-constants -Wno-conversion -Wno-constant-conversion -Wno-int-conversion -Wno-bool-conversion -Wno-enum-conversion -Wno-float-conversion -Wno-non-literal-null-conversion -Wno-objc-literal-conversion -Wshorten-64-to-32 -Wno-newline-eof -Wno-c++11-extensions -Wno-implicit-fallthrough -fstrict-aliasing -Wdeprecated-declarations -Winvalid-offsetof -Wno-sign-conversion -Wno-infinite-recursion -Wno-move -Wno-comma -Wno-block-capture-autoreleasing -Wno-strict-prototypes -Wno-range-loop-analysis -Wno-semicolon-before-method-body -index-store-path /Users/j/Documents/GitHub/MoneroOne/build/Index.noindex/DataStore @/Users/j/Documents/GitHub/MoneroOne/build/Build/Intermediates.noindex/swift-nio-ssl.build/Debug-iphonesimulator/CNIOBoringSSL.build/Objects-normal/arm64/82b82416624d2658e5098eb0a28c15c5-common-args.resp -MMD -MT dependencies -MF /Users/j/Documents/GitHub/MoneroOne/build/Build/Intermediates.noindex/swift-nio-ssl.build/Debug-iphonesimulator/CNIOBoringSSL.build/Objects-normal/arm64/x509_obj.d --serialize-diagnostics /Users/j/Documents/GitHub/MoneroOne/build/Build/Intermediates.noindex/swift-nio-ssl.build/Debug-iphonesimulator/CNIOBoringSSL.build/Objects-normal/arm64/x509_obj.dia -c /Users/j/Documents/GitHub/MoneroOne/build/SourcePackages/checkouts/swift-nio-ssl/Sources/CNIOBoringSSL/crypto/x509/x509_obj.cc -o /Users/j/Documents/GitHub/MoneroOne/build/Build/Intermediates.noindex/swift-nio-ssl.build/Debug-iphonesimulator/CNIOBoringSSL.build/Objects-normal/arm64/x509_obj.o -index-unit-output-path /swift-nio-ssl.build/Debug-iphonesimulator/CNIOBoringSSL.build/Objects-normal/arm64/x509_obj.o

CompileC /Users/j/Documents/GitHub/MoneroOne/build/Build/Intermediates.noindex/swift-nio-ssl.build/Debug-iphonesimulator/CNIOBoringSSL.build/Objects-normal/arm64/x509_lu.o /Users/j/Documents/GitHub/MoneroOne/build/SourcePackages/checkouts/swift-nio-ssl/Sources/CNIOBoringSSL/crypto/x509/x509_lu.cc normal arm64 c++ com.apple.compilers.llvm.clang.1_0.compiler (in target 'CNIOBoringSSL' from project 'swift-nio-ssl')
    cd /Users/j/Documents/GitHub/MoneroOne/MoneroOne.xcodeproj
    
    Using response file: /Users/j/Documents/GitHub/MoneroOne/build/Build/Intermediates.noindex/swift-nio-ssl.build/Debug-iphonesimulator/CNIOBoringSSL.build/Objects-normal/arm64/82b82416624d2658e5098eb0a28c15c5-common-args.resp
    
    /Applications/Xcode.app/Contents/Developer/Toolchains/XcodeDefault.xctoolchain/usr/bin/clang -x c++ -ivfsstatcache /Users/j/Documents/GitHub/MoneroOne/build/SDKStatCaches.noindex/iphonesimulator26.1-23B77-90cf18a4295e390e64c810bc6bd7acbc.sdkstatcache -fmessage-length\=0 -fdiagnostics-show-note-include-stack -fmacro-backtrace-limit\=0 -fno-color-diagnostics -fmodules-prune-interval\=86400 -fmodules-prune-after\=345600 -fbuild-session-file\=/Users/j/Documents/GitHub/MoneroOne/build/ModuleCache.noindex/Session.modulevalidation -fmodules-validate-once-per-build-session -Wnon-modular-include-in-framework-module -Werror\=non-modular-include-in-framework-module -Wno-trigraphs -Wno-missing-field-initializers -Wno-missing-prototypes -Wno-return-type -Wno-non-virtual-dtor -Wno-overloaded-virtual -Wno-exit-time-destructors -Wno-missing-braces -Wparentheses -Wswitch -Wno-unused-function -Wno-unused-label -Wno-unused-parameter -Wno-unused-variable -Wunused-value -Wno-empty-body -Wno-uninitialized -Wno-unknown-pragmas -w -Wno-shadow -Wno-four-char-constants -Wno-conversion -Wno-constant-conversion -Wno-int-conversion -Wno-bool-conversion -Wno-enum-conversion -Wno-float-conversion -Wno-non-literal-null-conversion -Wno-objc-literal-conversion -Wshorten-64-to-32 -Wno-newline-eof -Wno-c++11-extensions -Wno-implicit-fallthrough -fstrict-aliasing -Wdeprecated-declarations -Winvalid-offsetof -Wno-sign-conversion -Wno-infinite-recursion -Wno-move -Wno-comma -Wno-block-capture-autoreleasing -Wno-strict-prototypes -Wno-range-loop-analysis -Wno-semicolon-before-method-body -index-store-path /Users/j/Documents/GitHub/MoneroOne/build/Index.noindex/DataStore @/Users/j/Documents/GitHub/MoneroOne/build/Build/Intermediates.noindex/swift-nio-ssl.build/Debug-iphonesimulator/CNIOBoringSSL.build/Objects-normal/arm64/82b82416624d2658e5098eb0a28c15c5-common-args.resp -MMD -MT dependencies -MF /Users/j/Documents/GitHub/MoneroOne/build/Build/Intermediates.noindex/swift-nio-ssl.build/Debug-iphonesimulator/CNIOBoringSSL.build/Objects-normal/arm64/x509_lu.d --serialize-diagnostics /Users/j/Documents/GitHub/MoneroOne/build/Build/Intermediates.noindex/swift-nio-ssl.build/Debug-iphonesimulator/CNIOBoringSSL.build/Objects-normal/arm64/x509_lu.dia -c /Users/j/Documents/GitHub/MoneroOne/build/SourcePackages/checkouts/swift-nio-ssl/Sources/CNIOBoringSSL/crypto/x509/x509_lu.cc -o /Users/j/Documents/GitHub/MoneroOne/build/Build/Intermediates.noindex/swift-nio-ssl.build/Debug-iphonesimulator/CNIOBoringSSL.build/Objects-normal/arm64/x509_lu.o -index-unit-output-path /swift-nio-ssl.build/Debug-iphonesimulator/CNIOBoringSSL.build/Objects-normal/arm64/x509_lu.o

SwiftExplicitDependencyGeneratePcm arm64 /Users/j/Documents/GitHub/MoneroOne/build/ModuleCache.noindex/os-14XIO0D9QPQZB4RG3IZZ7FJHV.pcm

SwiftExplicitDependencyGeneratePcm arm64 /Users/j/Documents/GitHub/MoneroOne/build/ModuleCache.noindex/CoreServices-1UCU3OFWWU6DTYCTTNOBRYFL4.pcm

SwiftExplicitDependencyGeneratePcm arm64 /Users/j/Documents/GitHub/MoneroOne/build/ModuleCache.noindex/SystemConfiguration-EWTNHHNI21V1XFHQ6B0027I7C.pcm

SwiftExplicitDependencyGeneratePcm arm64 /Users/j/Documents/GitHub/MoneroOne/build/ModuleCache.noindex/MachO-8FUCV00309WIHL7OTJG3EMJ5K.pcm

SwiftExplicitDependencyGeneratePcm arm64 /Users/j/Documents/GitHub/MoneroOne/build/ModuleCache.noindex/CoreGraphics-Y7EG1TSVRZ0N1W7N8ON2841F.pcm

SwiftExplicitDependencyGeneratePcm arm64 /Users/j/Documents/GitHub/MoneroOne/build/ModuleCache.noindex/MobileCoreServices-1FS2GAEB92ICMHEU3U0BFEZ4W.pcm

SwiftExplicitDependencyGeneratePcm arm64 /Users/j/Documents/GitHub/MoneroOne/build/ModuleCache.noindex/Security-AONEO2SMLP2ZYQEEROUWV0HLQ.pcm

SwiftExplicitDependencyGeneratePcm arm64 /Users/j/Documents/GitHub/MoneroOne/build/ModuleCache.noindex/CFNetwork-DJZZQJANR8UWG0K9HBCJJRLQO.pcm

SwiftExplicitDependencyGeneratePcm arm64 /Users/j/Documents/GitHub/MoneroOne/build/ModuleCache.noindex/ObjectiveC-E1T2KUG52C443XD95GCWOJWR7.pcm

SwiftExplicitDependencyGeneratePcm arm64 /Users/j/Documents/GitHub/MoneroOne/build/ModuleCache.noindex/Spatial-1FP2ENCSR4BUKG5JGSG5C5OA0.pcm

CompileC /Users/j/Documents/GitHub/MoneroOne/build/Build/Intermediates.noindex/swift-nio-ssl.build/Debug-iphonesimulator/CNIOBoringSSL.build/Objects-normal/arm64/x509_ext.o /Users/j/Documents/GitHub/MoneroOne/build/SourcePackages/checkouts/swift-nio-ssl/Sources/CNIOBoringSSL/crypto/x509/x509_ext.cc normal arm64 c++ com.apple.compilers.llvm.clang.1_0.compiler (in target 'CNIOBoringSSL' from project 'swift-nio-ssl')
    cd /Users/j/Documents/GitHub/MoneroOne/MoneroOne.xcodeproj
    
    Using response file: /Users/j/Documents/GitHub/MoneroOne/build/Build/Intermediates.noindex/swift-nio-ssl.build/Debug-iphonesimulator/CNIOBoringSSL.build/Objects-normal/arm64/82b82416624d2658e5098eb0a28c15c5-common-args.resp
    
    /Applications/Xcode.app/Contents/Developer/Toolchains/XcodeDefault.xctoolchain/usr/bin/clang -x c++ -ivfsstatcache /Users/j/Documents/GitHub/MoneroOne/build/SDKStatCaches.noindex/iphonesimulator26.1-23B77-90cf18a4295e390e64c810bc6bd7acbc.sdkstatcache -fmessage-length\=0 -fdiagnostics-show-note-include-stack -fmacro-backtrace-limit\=0 -fno-color-diagnostics -fmodules-prune-interval\=86400 -fmodules-prune-after\=345600 -fbuild-session-file\=/Users/j/Documents/GitHub/MoneroOne/build/ModuleCache.noindex/Session.modulevalidation -fmodules-validate-once-per-build-session -Wnon-modular-include-in-framework-module -Werror\=non-modular-include-in-framework-module -Wno-trigraphs -Wno-missing-field-initializers -Wno-missing-prototypes -Wno-return-type -Wno-non-virtual-dtor -Wno-overloaded-virtual -Wno-exit-time-destructors -Wno-missing-braces -Wparentheses -Wswitch -Wno-unused-function -Wno-unused-label -Wno-unused-parameter -Wno-unused-variable -Wunused-value -Wno-empty-body -Wno-uninitialized -Wno-unknown-pragmas -w -Wno-shadow -Wno-four-char-constants -Wno-conversion -Wno-constant-conversion -Wno-int-conversion -Wno-bool-conversion -Wno-enum-conversion -Wno-float-conversion -Wno-non-literal-null-conversion -Wno-objc-literal-conversion -Wshorten-64-to-32 -Wno-newline-eof -Wno-c++11-extensions -Wno-implicit-fallthrough -fstrict-aliasing -Wdeprecated-declarations -Winvalid-offsetof -Wno-sign-conversion -Wno-infinite-recursion -Wno-move -Wno-comma -Wno-block-capture-autoreleasing -Wno-strict-prototypes -Wno-range-loop-analysis -Wno-semicolon-before-method-body -index-store-path /Users/j/Documents/GitHub/MoneroOne/build/Index.noindex/DataStore @/Users/j/Documents/GitHub/MoneroOne/build/Build/Intermediates.noindex/swift-nio-ssl.build/Debug-iphonesimulator/CNIOBoringSSL.build/Objects-normal/arm64/82b82416624d2658e5098eb0a28c15c5-common-args.resp -MMD -MT dependencies -MF /Users/j/Documents/GitHub/MoneroOne/build/Build/Intermediates.noindex/swift-nio-ssl.build/Debug-iphonesimulator/CNIOBoringSSL.build/Objects-normal/arm64/x509_ext.d --serialize-diagnostics /Users/j/Documents/GitHub/MoneroOne/build/Build/Intermediates.noindex/swift-nio-ssl.build/Debug-iphonesimulator/CNIOBoringSSL.build/Objects-normal/arm64/x509_ext.dia -c /Users/j/Documents/GitHub/MoneroOne/build/SourcePackages/checkouts/swift-nio-ssl/Sources/CNIOBoringSSL/crypto/x509/x509_ext.cc -o /Users/j/Documents/GitHub/MoneroOne/build/Build/Intermediates.noindex/swift-nio-ssl.build/Debug-iphonesimulator/CNIOBoringSSL.build/Objects-normal/arm64/x509_ext.o -index-unit-output-path /swift-nio-ssl.build/Debug-iphonesimulator/CNIOBoringSSL.build/Objects-normal/arm64/x509_ext.o

CompileC /Users/j/Documents/GitHub/MoneroOne/build/Build/Intermediates.noindex/swift-nio-ssl.build/Debug-iphonesimulator/CNIOBoringSSL.build/Objects-normal/arm64/x509_def.o /Users/j/Documents/GitHub/MoneroOne/build/SourcePackages/checkouts/swift-nio-ssl/Sources/CNIOBoringSSL/crypto/x509/x509_def.cc normal arm64 c++ com.apple.compilers.llvm.clang.1_0.compiler (in target 'CNIOBoringSSL' from project 'swift-nio-ssl')
    cd /Users/j/Documents/GitHub/MoneroOne/MoneroOne.xcodeproj
    
    Using response file: /Users/j/Documents/GitHub/MoneroOne/build/Build/Intermediates.noindex/swift-nio-ssl.build/Debug-iphonesimulator/CNIOBoringSSL.build/Objects-normal/arm64/82b82416624d2658e5098eb0a28c15c5-common-args.resp
    
    /Applications/Xcode.app/Contents/Developer/Toolchains/XcodeDefault.xctoolchain/usr/bin/clang -x c++ -ivfsstatcache /Users/j/Documents/GitHub/MoneroOne/build/SDKStatCaches.noindex/iphonesimulator26.1-23B77-90cf18a4295e390e64c810bc6bd7acbc.sdkstatcache -fmessage-length\=0 -fdiagnostics-show-note-include-stack -fmacro-backtrace-limit\=0 -fno-color-diagnostics -fmodules-prune-interval\=86400 -fmodules-prune-after\=345600 -fbuild-session-file\=/Users/j/Documents/GitHub/MoneroOne/build/ModuleCache.noindex/Session.modulevalidation -fmodules-validate-once-per-build-session -Wnon-modular-include-in-framework-module -Werror\=non-modular-include-in-framework-module -Wno-trigraphs -Wno-missing-field-initializers -Wno-missing-prototypes -Wno-return-type -Wno-non-virtual-dtor -Wno-overloaded-virtual -Wno-exit-time-destructors -Wno-missing-braces -Wparentheses -Wswitch -Wno-unused-function -Wno-unused-label -Wno-unused-parameter -Wno-unused-variable -Wunused-value -Wno-empty-body -Wno-uninitialized -Wno-unknown-pragmas -w -Wno-shadow -Wno-four-char-constants -Wno-conversion -Wno-constant-conversion -Wno-int-conversion -Wno-bool-conversion -Wno-enum-conversion -Wno-float-conversion -Wno-non-literal-null-conversion -Wno-objc-literal-conversion -Wshorten-64-to-32 -Wno-newline-eof -Wno-c++11-extensions -Wno-implicit-fallthrough -fstrict-aliasing -Wdeprecated-declarations -Winvalid-offsetof -Wno-sign-conversion -Wno-infinite-recursion -Wno-move -Wno-comma -Wno-block-capture-autoreleasing -Wno-strict-prototypes -Wno-range-loop-analysis -Wno-semicolon-before-method-body -index-store-path /Users/j/Documents/GitHub/MoneroOne/build/Index.noindex/DataStore @/Users/j/Documents/GitHub/MoneroOne/build/Build/Intermediates.noindex/swift-nio-ssl.build/Debug-iphonesimulator/CNIOBoringSSL.build/Objects-normal/arm64/82b82416624d2658e5098eb0a28c15c5-common-args.resp -MMD -MT dependencies -MF /Users/j/Documents/GitHub/MoneroOne/build/Build/Intermediates.noindex/swift-nio-ssl.build/Debug-iphonesimulator/CNIOBoringSSL.build/Objects-normal/arm64/x509_def.d --serialize-diagnostics /Users/j/Documents/GitHub/MoneroOne/build/Build/Intermediates.noindex/swift-nio-ssl.build/Debug-iphonesimulator/CNIOBoringSSL.build/Objects-normal/arm64/x509_def.dia -c /Users/j/Documents/GitHub/MoneroOne/build/SourcePackages/checkouts/swift-nio-ssl/Sources/CNIOBoringSSL/crypto/x509/x509_def.cc -o /Users/j/Documents/GitHub/MoneroOne/build/Build/Intermediates.noindex/swift-nio-ssl.build/Debug-iphonesimulator/CNIOBoringSSL.build/Objects-normal/arm64/x509_def.o -index-unit-output-path /swift-nio-ssl.build/Debug-iphonesimulator/CNIOBoringSSL.build/Objects-normal/arm64/x509_def.o

CompileC /Users/j/Documents/GitHub/MoneroOne/build/Build/Intermediates.noindex/swift-nio-ssl.build/Debug-iphonesimulator/CNIOBoringSSL.build/Objects-normal/arm64/x509_d2.o /Users/j/Documents/GitHub/MoneroOne/build/SourcePackages/checkouts/swift-nio-ssl/Sources/CNIOBoringSSL/crypto/x509/x509_d2.cc normal arm64 c++ com.apple.compilers.llvm.clang.1_0.compiler (in target 'CNIOBoringSSL' from project 'swift-nio-ssl')
    cd /Users/j/Documents/GitHub/MoneroOne/MoneroOne.xcodeproj
    
    Using response file: /Users/j/Documents/GitHub/MoneroOne/build/Build/Intermediates.noindex/swift-nio-ssl.build/Debug-iphonesimulator/CNIOBoringSSL.build/Objects-normal/arm64/82b82416624d2658e5098eb0a28c15c5-common-args.resp
    
    /Applications/Xcode.app/Contents/Developer/Toolchains/XcodeDefault.xctoolchain/usr/bin/clang -x c++ -ivfsstatcache /Users/j/Documents/GitHub/MoneroOne/build/SDKStatCaches.noindex/iphonesimulator26.1-23B77-90cf18a4295e390e64c810bc6bd7acbc.sdkstatcache -fmessage-length\=0 -fdiagnostics-show-note-include-stack -fmacro-backtrace-limit\=0 -fno-color-diagnostics -fmodules-prune-interval\=86400 -fmodules-prune-after\=345600 -fbuild-session-file\=/Users/j/Documents/GitHub/MoneroOne/build/ModuleCache.noindex/Session.modulevalidation -fmodules-validate-once-per-build-session -Wnon-modular-include-in-framework-module -Werror\=non-modular-include-in-framework-module -Wno-trigraphs -Wno-missing-field-initializers -Wno-missing-prototypes -Wno-return-type -Wno-non-virtual-dtor -Wno-overloaded-virtual -Wno-exit-time-destructors -Wno-missing-braces -Wparentheses -Wswitch -Wno-unused-function -Wno-unused-label -Wno-unused-parameter -Wno-unused-variable -Wunused-value -Wno-empty-body -Wno-uninitialized -Wno-unknown-pragmas -w -Wno-shadow -Wno-four-char-constants -Wno-conversion -Wno-constant-conversion -Wno-int-conversion -Wno-bool-conversion -Wno-enum-conversion -Wno-float-conversion -Wno-non-literal-null-conversion -Wno-objc-literal-conversion -Wshorten-64-to-32 -Wno-newline-eof -Wno-c++11-extensions -Wno-implicit-fallthrough -fstrict-aliasing -Wdeprecated-declarations -Winvalid-offsetof -Wno-sign-conversion -Wno-infinite-recursion -Wno-move -Wno-comma -Wno-block-capture-autoreleasing -Wno-strict-prototypes -Wno-range-loop-analysis -Wno-semicolon-before-method-body -index-store-path /Users/j/Documents/GitHub/MoneroOne/build/Index.noindex/DataStore @/Users/j/Documents/GitHub/MoneroOne/build/Build/Intermediates.noindex/swift-nio-ssl.build/Debug-iphonesimulator/CNIOBoringSSL.build/Objects-normal/arm64/82b82416624d2658e5098eb0a28c15c5-common-args.resp -MMD -MT dependencies -MF /Users/j/Documents/GitHub/MoneroOne/build/Build/Intermediates.noindex/swift-nio-ssl.build/Debug-iphonesimulator/CNIOBoringSSL.build/Objects-normal/arm64/x509_d2.d --serialize-diagnostics /Users/j/Documents/GitHub/MoneroOne/build/Build/Intermediates.noindex/swift-nio-ssl.build/Debug-iphonesimulator/CNIOBoringSSL.build/Objects-normal/arm64/x509_d2.dia -c /Users/j/Documents/GitHub/MoneroOne/build/SourcePackages/checkouts/swift-nio-ssl/Sources/CNIOBoringSSL/crypto/x509/x509_d2.cc -o /Users/j/Documents/GitHub/MoneroOne/build/Build/Intermediates.noindex/swift-nio-ssl.build/Debug-iphonesimulator/CNIOBoringSSL.build/Objects-normal/arm64/x509_d2.o -index-unit-output-path /swift-nio-ssl.build/Debug-iphonesimulator/CNIOBoringSSL.build/Objects-normal/arm64/x509_d2.o

SwiftExplicitDependencyGeneratePcm arm64 /Users/j/Documents/GitHub/MoneroOne/build/ModuleCache.noindex/ImageIO-9ICC6AH62OFDCUAJ3AS4XHNHL.pcm

SwiftExplicitDependencyGeneratePcm arm64 /Users/j/Documents/GitHub/MoneroOne/build/ModuleCache.noindex/os_object-6NPU5QINTG2L1180HIPGW1RDX.pcm

SwiftExplicitDependencyGeneratePcm arm64 /Users/j/Documents/GitHub/MoneroOne/build/ModuleCache.noindex/CoreText-87WB4MVGWAJNZQLXH11W1Z8GA.pcm

CompileC /Users/j/Documents/GitHub/MoneroOne/build/Build/Intermediates.noindex/swift-nio-ssl.build/Debug-iphonesimulator/CNIOBoringSSL.build/Objects-normal/arm64/x509_cmp.o /Users/j/Documents/GitHub/MoneroOne/build/SourcePackages/checkouts/swift-nio-ssl/Sources/CNIOBoringSSL/crypto/x509/x509_cmp.cc normal arm64 c++ com.apple.compilers.llvm.clang.1_0.compiler (in target 'CNIOBoringSSL' from project 'swift-nio-ssl')
    cd /Users/j/Documents/GitHub/MoneroOne/MoneroOne.xcodeproj
    
    Using response file: /Users/j/Documents/GitHub/MoneroOne/build/Build/Intermediates.noindex/swift-nio-ssl.build/Debug-iphonesimulator/CNIOBoringSSL.build/Objects-normal/arm64/82b82416624d2658e5098eb0a28c15c5-common-args.resp
    
    /Applications/Xcode.app/Contents/Developer/Toolchains/XcodeDefault.xctoolchain/usr/bin/clang -x c++ -ivfsstatcache /Users/j/Documents/GitHub/MoneroOne/build/SDKStatCaches.noindex/iphonesimulator26.1-23B77-90cf18a4295e390e64c810bc6bd7acbc.sdkstatcache -fmessage-length\=0 -fdiagnostics-show-note-include-stack -fmacro-backtrace-limit\=0 -fno-color-diagnostics -fmodules-prune-interval\=86400 -fmodules-prune-after\=345600 -fbuild-session-file\=/Users/j/Documents/GitHub/MoneroOne/build/ModuleCache.noindex/Session.modulevalidation -fmodules-validate-once-per-build-session -Wnon-modular-include-in-framework-module -Werror\=non-modular-include-in-framework-module -Wno-trigraphs -Wno-missing-field-initializers -Wno-missing-prototypes -Wno-return-type -Wno-non-virtual-dtor -Wno-overloaded-virtual -Wno-exit-time-destructors -Wno-missing-braces -Wparentheses -Wswitch -Wno-unused-function -Wno-unused-label -Wno-unused-parameter -Wno-unused-variable -Wunused-value -Wno-empty-body -Wno-uninitialized -Wno-unknown-pragmas -w -Wno-shadow -Wno-four-char-constants -Wno-conversion -Wno-constant-conversion -Wno-int-conversion -Wno-bool-conversion -Wno-enum-conversion -Wno-float-conversion -Wno-non-literal-null-conversion -Wno-objc-literal-conversion -Wshorten-64-to-32 -Wno-newline-eof -Wno-c++11-extensions -Wno-implicit-fallthrough -fstrict-aliasing -Wdeprecated-declarations -Winvalid-offsetof -Wno-sign-conversion -Wno-infinite-recursion -Wno-move -Wno-comma -Wno-block-capture-autoreleasing -Wno-strict-prototypes -Wno-range-loop-analysis -Wno-semicolon-before-method-body -index-store-path /Users/j/Documents/GitHub/MoneroOne/build/Index.noindex/DataStore @/Users/j/Documents/GitHub/MoneroOne/build/Build/Intermediates.noindex/swift-nio-ssl.build/Debug-iphonesimulator/CNIOBoringSSL.build/Objects-normal/arm64/82b82416624d2658e5098eb0a28c15c5-common-args.resp -MMD -MT dependencies -MF /Users/j/Documents/GitHub/MoneroOne/build/Build/Intermediates.noindex/swift-nio-ssl.build/Debug-iphonesimulator/CNIOBoringSSL.build/Objects-normal/arm64/x509_cmp.d --serialize-diagnostics /Users/j/Documents/GitHub/MoneroOne/build/Build/Intermediates.noindex/swift-nio-ssl.build/Debug-iphonesimulator/CNIOBoringSSL.build/Objects-normal/arm64/x509_cmp.dia -c /Users/j/Documents/GitHub/MoneroOne/build/SourcePackages/checkouts/swift-nio-ssl/Sources/CNIOBoringSSL/crypto/x509/x509_cmp.cc -o /Users/j/Documents/GitHub/MoneroOne/build/Build/Intermediates.noindex/swift-nio-ssl.build/Debug-iphonesimulator/CNIOBoringSSL.build/Objects-normal/arm64/x509_cmp.o -index-unit-output-path /swift-nio-ssl.build/Debug-iphonesimulator/CNIOBoringSSL.build/Objects-normal/arm64/x509_cmp.o

SwiftExplicitDependencyGeneratePcm arm64 /Users/j/Documents/GitHub/MoneroOne/build/ModuleCache.noindex/Foundation-7U2RBVKSNTVVGLVC5V82VT389.pcm

SwiftExplicitDependencyGeneratePcm arm64 /Users/j/Documents/GitHub/MoneroOne/build/ModuleCache.noindex/os_workgroup-DXVY3XZQP9BYQPH8PX4T4EM5X.pcm

CompileC /Users/j/Documents/GitHub/MoneroOne/build/Build/Intermediates.noindex/swift-nio-ssl.build/Debug-iphonesimulator/CNIOBoringSSL.build/Objects-normal/arm64/x509_att.o /Users/j/Documents/GitHub/MoneroOne/build/SourcePackages/checkouts/swift-nio-ssl/Sources/CNIOBoringSSL/crypto/x509/x509_att.cc normal arm64 c++ com.apple.compilers.llvm.clang.1_0.compiler (in target 'CNIOBoringSSL' from project 'swift-nio-ssl')
    cd /Users/j/Documents/GitHub/MoneroOne/MoneroOne.xcodeproj
    
    Using response file: /Users/j/Documents/GitHub/MoneroOne/build/Build/Intermediates.noindex/swift-nio-ssl.build/Debug-iphonesimulator/CNIOBoringSSL.build/Objects-normal/arm64/82b82416624d2658e5098eb0a28c15c5-common-args.resp
    
    /Applications/Xcode.app/Contents/Developer/Toolchains/XcodeDefault.xctoolchain/usr/bin/clang -x c++ -ivfsstatcache /Users/j/Documents/GitHub/MoneroOne/build/SDKStatCaches.noindex/iphonesimulator26.1-23B77-90cf18a4295e390e64c810bc6bd7acbc.sdkstatcache -fmessage-length\=0 -fdiagnostics-show-note-include-stack -fmacro-backtrace-limit\=0 -fno-color-diagnostics -fmodules-prune-interval\=86400 -fmodules-prune-after\=345600 -fbuild-session-file\=/Users/j/Documents/GitHub/MoneroOne/build/ModuleCache.noindex/Session.modulevalidation -fmodules-validate-once-per-build-session -Wnon-modular-include-in-framework-module -Werror\=non-modular-include-in-framework-module -Wno-trigraphs -Wno-missing-field-initializers -Wno-missing-prototypes -Wno-return-type -Wno-non-virtual-dtor -Wno-overloaded-virtual -Wno-exit-time-destructors -Wno-missing-braces -Wparentheses -Wswitch -Wno-unused-function -Wno-unused-label -Wno-unused-parameter -Wno-unused-variable -Wunused-value -Wno-empty-body -Wno-uninitialized -Wno-unknown-pragmas -w -Wno-shadow -Wno-four-char-constants -Wno-conversion -Wno-constant-conversion -Wno-int-conversion -Wno-bool-conversion -Wno-enum-conversion -Wno-float-conversion -Wno-non-literal-null-conversion -Wno-objc-literal-conversion -Wshorten-64-to-32 -Wno-newline-eof -Wno-c++11-extensions -Wno-implicit-fallthrough -fstrict-aliasing -Wdeprecated-declarations -Winvalid-offsetof -Wno-sign-conversion -Wno-infinite-recursion -Wno-move -Wno-comma -Wno-block-capture-autoreleasing -Wno-strict-prototypes -Wno-range-loop-analysis -Wno-semicolon-before-method-body -index-store-path /Users/j/Documents/GitHub/MoneroOne/build/Index.noindex/DataStore @/Users/j/Documents/GitHub/MoneroOne/build/Build/Intermediates.noindex/swift-nio-ssl.build/Debug-iphonesimulator/CNIOBoringSSL.build/Objects-normal/arm64/82b82416624d2658e5098eb0a28c15c5-common-args.resp -MMD -MT dependencies -MF /Users/j/Documents/GitHub/MoneroOne/build/Build/Intermediates.noindex/swift-nio-ssl.build/Debug-iphonesimulator/CNIOBoringSSL.build/Objects-normal/arm64/x509_att.d --serialize-diagnostics /Users/j/Documents/GitHub/MoneroOne/build/Build/Intermediates.noindex/swift-nio-ssl.build/Debug-iphonesimulator/CNIOBoringSSL.build/Objects-normal/arm64/x509_att.dia -c /Users/j/Documents/GitHub/MoneroOne/build/SourcePackages/checkouts/swift-nio-ssl/Sources/CNIOBoringSSL/crypto/x509/x509_att.cc -o /Users/j/Documents/GitHub/MoneroOne/build/Build/Intermediates.noindex/swift-nio-ssl.build/Debug-iphonesimulator/CNIOBoringSSL.build/Objects-normal/arm64/x509_att.o -index-unit-output-path /swift-nio-ssl.build/Debug-iphonesimulator/CNIOBoringSSL.build/Objects-normal/arm64/x509_att.o

CompileC /Users/j/Documents/GitHub/MoneroOne/build/Build/Intermediates.noindex/swift-nio-ssl.build/Debug-iphonesimulator/CNIOBoringSSL.build/Objects-normal/arm64/x509.o /Users/j/Documents/GitHub/MoneroOne/build/SourcePackages/checkouts/swift-nio-ssl/Sources/CNIOBoringSSL/crypto/x509/x509.cc normal arm64 c++ com.apple.compilers.llvm.clang.1_0.compiler (in target 'CNIOBoringSSL' from project 'swift-nio-ssl')
    cd /Users/j/Documents/GitHub/MoneroOne/MoneroOne.xcodeproj
    
    Using response file: /Users/j/Documents/GitHub/MoneroOne/build/Build/Intermediates.noindex/swift-nio-ssl.build/Debug-iphonesimulator/CNIOBoringSSL.build/Objects-normal/arm64/82b82416624d2658e5098eb0a28c15c5-common-args.resp
    
    /Applications/Xcode.app/Contents/Developer/Toolchains/XcodeDefault.xctoolchain/usr/bin/clang -x c++ -ivfsstatcache /Users/j/Documents/GitHub/MoneroOne/build/SDKStatCaches.noindex/iphonesimulator26.1-23B77-90cf18a4295e390e64c810bc6bd7acbc.sdkstatcache -fmessage-length\=0 -fdiagnostics-show-note-include-stack -fmacro-backtrace-limit\=0 -fno-color-diagnostics -fmodules-prune-interval\=86400 -fmodules-prune-after\=345600 -fbuild-session-file\=/Users/j/Documents/GitHub/MoneroOne/build/ModuleCache.noindex/Session.modulevalidation -fmodules-validate-once-per-build-session -Wnon-modular-include-in-framework-module -Werror\=non-modular-include-in-framework-module -Wno-trigraphs -Wno-missing-field-initializers -Wno-missing-prototypes -Wno-return-type -Wno-non-virtual-dtor -Wno-overloaded-virtual -Wno-exit-time-destructors -Wno-missing-braces -Wparentheses -Wswitch -Wno-unused-function -Wno-unused-label -Wno-unused-parameter -Wno-unused-variable -Wunused-value -Wno-empty-body -Wno-uninitialized -Wno-unknown-pragmas -w -Wno-shadow -Wno-four-char-constants -Wno-conversion -Wno-constant-conversion -Wno-int-conversion -Wno-bool-conversion -Wno-enum-conversion -Wno-float-conversion -Wno-non-literal-null-conversion -Wno-objc-literal-conversion -Wshorten-64-to-32 -Wno-newline-eof -Wno-c++11-extensions -Wno-implicit-fallthrough -fstrict-aliasing -Wdeprecated-declarations -Winvalid-offsetof -Wno-sign-conversion -Wno-infinite-recursion -Wno-move -Wno-comma -Wno-block-capture-autoreleasing -Wno-strict-prototypes -Wno-range-loop-analysis -Wno-semicolon-before-method-body -index-store-path /Users/j/Documents/GitHub/MoneroOne/build/Index.noindex/DataStore @/Users/j/Documents/GitHub/MoneroOne/build/Build/Intermediates.noindex/swift-nio-ssl.build/Debug-iphonesimulator/CNIOBoringSSL.build/Objects-normal/arm64/82b82416624d2658e5098eb0a28c15c5-common-args.resp -MMD -MT dependencies -MF /Users/j/Documents/GitHub/MoneroOne/build/Build/Intermediates.noindex/swift-nio-ssl.build/Debug-iphonesimulator/CNIOBoringSSL.build/Objects-normal/arm64/x509.d --serialize-diagnostics /Users/j/Documents/GitHub/MoneroOne/build/Build/Intermediates.noindex/swift-nio-ssl.build/Debug-iphonesimulator/CNIOBoringSSL.build/Objects-normal/arm64/x509.dia -c /Users/j/Documents/GitHub/MoneroOne/build/SourcePackages/checkouts/swift-nio-ssl/Sources/CNIOBoringSSL/crypto/x509/x509.cc -o /Users/j/Documents/GitHub/MoneroOne/build/Build/Intermediates.noindex/swift-nio-ssl.build/Debug-iphonesimulator/CNIOBoringSSL.build/Objects-normal/arm64/x509.o -index-unit-output-path /swift-nio-ssl.build/Debug-iphonesimulator/CNIOBoringSSL.build/Objects-normal/arm64/x509.o

CompileC /Users/j/Documents/GitHub/MoneroOne/build/Build/Intermediates.noindex/swift-nio-ssl.build/Debug-iphonesimulator/CNIOBoringSSL.build/Objects-normal/arm64/x25519-asm-arm.o /Users/j/Documents/GitHub/MoneroOne/build/SourcePackages/checkouts/swift-nio-ssl/Sources/CNIOBoringSSL/crypto/curve25519/asm/x25519-asm-arm.S normal arm64 assembler-with-cpp com.apple.compilers.llvm.clang.1_0.compiler (in target 'CNIOBoringSSL' from project 'swift-nio-ssl')
    cd /Users/j/Documents/GitHub/MoneroOne/MoneroOne.xcodeproj
    
    Using response file: /Users/j/Documents/GitHub/MoneroOne/build/Build/Intermediates.noindex/swift-nio-ssl.build/Debug-iphonesimulator/CNIOBoringSSL.build/Objects-normal/arm64/533656923a283fa776881f304837ed9e-common-args.resp
    
    /Applications/Xcode.app/Contents/Developer/Toolchains/XcodeDefault.xctoolchain/usr/bin/clang -x assembler-with-cpp -ivfsstatcache /Users/j/Documents/GitHub/MoneroOne/build/SDKStatCaches.noindex/iphonesimulator26.1-23B77-90cf18a4295e390e64c810bc6bd7acbc.sdkstatcache -fmessage-length\=0 -fdiagnostics-show-note-include-stack -fmacro-backtrace-limit\=0 -fno-color-diagnostics -fmodules-prune-interval\=86400 -fmodules-prune-after\=345600 -fbuild-session-file\=/Users/j/Documents/GitHub/MoneroOne/build/ModuleCache.noindex/Session.modulevalidation -fmodules-validate-once-per-build-session -Wnon-modular-include-in-framework-module -Werror\=non-modular-include-in-framework-module -Wno-trigraphs -Wno-missing-field-initializers -Wno-missing-prototypes -Wno-return-type -Wno-missing-braces -Wparentheses -Wswitch -Wno-unused-function -Wno-unused-label -Wno-unused-parameter -Wno-unused-variable -Wunused-value -Wno-empty-body -Wno-uninitialized -Wno-unknown-pragmas -w -Wno-shadow -Wno-four-char-constants -Wno-conversion -Wno-constant-conversion -Wno-int-conversion -Wno-bool-conversion -Wno-enum-conversion -Wno-float-conversion -Wno-non-literal-null-conversion -Wno-objc-literal-conversion -Wshorten-64-to-32 -Wno-newline-eof -Wno-implicit-fallthrough -fstrict-aliasing -Wdeprecated-declarations -Wno-sign-conversion -Wno-infinite-recursion -Wno-comma -Wno-block-capture-autoreleasing -Wno-strict-prototypes -Wno-semicolon-before-method-body -index-store-path /Users/j/Documents/GitHub/MoneroOne/build/Index.noindex/DataStore @/Users/j/Documents/GitHub/MoneroOne/build/Build/Intermediates.noindex/swift-nio-ssl.build/Debug-iphonesimulator/CNIOBoringSSL.build/Objects-normal/arm64/533656923a283fa776881f304837ed9e-common-args.resp -MMD -MT dependencies -MF /Users/j/Documents/GitHub/MoneroOne/build/Build/Intermediates.noindex/swift-nio-ssl.build/Debug-iphonesimulator/CNIOBoringSSL.build/Objects-normal/arm64/x25519-asm-arm.d --serialize-diagnostics /Users/j/Documents/GitHub/MoneroOne/build/Build/Intermediates.noindex/swift-nio-ssl.build/Debug-iphonesimulator/CNIOBoringSSL.build/Objects-normal/arm64/x25519-asm-arm.dia -c /Users/j/Documents/GitHub/MoneroOne/build/SourcePackages/checkouts/swift-nio-ssl/Sources/CNIOBoringSSL/crypto/curve25519/asm/x25519-asm-arm.S -o /Users/j/Documents/GitHub/MoneroOne/build/Build/Intermediates.noindex/swift-nio-ssl.build/Debug-iphonesimulator/CNIOBoringSSL.build/Objects-normal/arm64/x25519-asm-arm.o -index-unit-output-path /swift-nio-ssl.build/Debug-iphonesimulator/CNIOBoringSSL.build/Objects-normal/arm64/x25519-asm-arm.o

SwiftExplicitDependencyGeneratePcm arm64 /Users/j/Documents/GitHub/MoneroOne/build/ModuleCache.noindex/Dispatch-EUKLQK158AMEJPUU2EAFU2OPA.pcm

CompileC /Users/j/Documents/GitHub/MoneroOne/build/Build/Intermediates.noindex/swift-nio-ssl.build/Debug-iphonesimulator/CNIOBoringSSL.build/Objects-normal/arm64/windows.o /Users/j/Documents/GitHub/MoneroOne/build/SourcePackages/checkouts/swift-nio-ssl/Sources/CNIOBoringSSL/crypto/rand/windows.cc normal arm64 c++ com.apple.compilers.llvm.clang.1_0.compiler (in target 'CNIOBoringSSL' from project 'swift-nio-ssl')
    cd /Users/j/Documents/GitHub/MoneroOne/MoneroOne.xcodeproj
    
    Using response file: /Users/j/Documents/GitHub/MoneroOne/build/Build/Intermediates.noindex/swift-nio-ssl.build/Debug-iphonesimulator/CNIOBoringSSL.build/Objects-normal/arm64/82b82416624d2658e5098eb0a28c15c5-common-args.resp
    
    /Applications/Xcode.app/Contents/Developer/Toolchains/XcodeDefault.xctoolchain/usr/bin/clang -x c++ -ivfsstatcache /Users/j/Documents/GitHub/MoneroOne/build/SDKStatCaches.noindex/iphonesimulator26.1-23B77-90cf18a4295e390e64c810bc6bd7acbc.sdkstatcache -fmessage-length\=0 -fdiagnostics-show-note-include-stack -fmacro-backtrace-limit\=0 -fno-color-diagnostics -fmodules-prune-interval\=86400 -fmodules-prune-after\=345600 -fbuild-session-file\=/Users/j/Documents/GitHub/MoneroOne/build/ModuleCache.noindex/Session.modulevalidation -fmodules-validate-once-per-build-session -Wnon-modular-include-in-framework-module -Werror\=non-modular-include-in-framework-module -Wno-trigraphs -Wno-missing-field-initializers -Wno-missing-prototypes -Wno-return-type -Wno-non-virtual-dtor -Wno-overloaded-virtual -Wno-exit-time-destructors -Wno-missing-braces -Wparentheses -Wswitch -Wno-unused-function -Wno-unused-label -Wno-unused-parameter -Wno-unused-variable -Wunused-value -Wno-empty-body -Wno-uninitialized -Wno-unknown-pragmas -w -Wno-shadow -Wno-four-char-constants -Wno-conversion -Wno-constant-conversion -Wno-int-conversion -Wno-bool-conversion -Wno-enum-conversion -Wno-float-conversion -Wno-non-literal-null-conversion -Wno-objc-literal-conversion -Wshorten-64-to-32 -Wno-newline-eof -Wno-c++11-extensions -Wno-implicit-fallthrough -fstrict-aliasing -Wdeprecated-declarations -Winvalid-offsetof -Wno-sign-conversion -Wno-infinite-recursion -Wno-move -Wno-comma -Wno-block-capture-autoreleasing -Wno-strict-prototypes -Wno-range-loop-analysis -Wno-semicolon-before-method-body -index-store-path /Users/j/Documents/GitHub/MoneroOne/build/Index.noindex/DataStore @/Users/j/Documents/GitHub/MoneroOne/build/Build/Intermediates.noindex/swift-nio-ssl.build/Debug-iphonesimulator/CNIOBoringSSL.build/Objects-normal/arm64/82b82416624d2658e5098eb0a28c15c5-common-args.resp -MMD -MT dependencies -MF /Users/j/Documents/GitHub/MoneroOne/build/Build/Intermediates.noindex/swift-nio-ssl.build/Debug-iphonesimulator/CNIOBoringSSL.build/Objects-normal/arm64/windows.d --serialize-diagnostics /Users/j/Documents/GitHub/MoneroOne/build/Build/Intermediates.noindex/swift-nio-ssl.build/Debug-iphonesimulator/CNIOBoringSSL.build/Objects-normal/arm64/windows.dia -c /Users/j/Documents/GitHub/MoneroOne/build/SourcePackages/checkouts/swift-nio-ssl/Sources/CNIOBoringSSL/crypto/rand/windows.cc -o /Users/j/Documents/GitHub/MoneroOne/build/Build/Intermediates.noindex/swift-nio-ssl.build/Debug-iphonesimulator/CNIOBoringSSL.build/Objects-normal/arm64/windows.o -index-unit-output-path /swift-nio-ssl.build/Debug-iphonesimulator/CNIOBoringSSL.build/Objects-normal/arm64/windows.o

CompileC /Users/j/Documents/GitHub/MoneroOne/build/Build/Intermediates.noindex/swift-nio-ssl.build/Debug-iphonesimulator/CNIOBoringSSL.build/Objects-normal/arm64/vpaes-x86_64-linux.o /Users/j/Documents/GitHub/MoneroOne/build/SourcePackages/checkouts/swift-nio-ssl/Sources/CNIOBoringSSL/gen/bcm/vpaes-x86_64-linux.S normal arm64 assembler-with-cpp com.apple.compilers.llvm.clang.1_0.compiler (in target 'CNIOBoringSSL' from project 'swift-nio-ssl')
    cd /Users/j/Documents/GitHub/MoneroOne/MoneroOne.xcodeproj
    
    Using response file: /Users/j/Documents/GitHub/MoneroOne/build/Build/Intermediates.noindex/swift-nio-ssl.build/Debug-iphonesimulator/CNIOBoringSSL.build/Objects-normal/arm64/533656923a283fa776881f304837ed9e-common-args.resp
    
    /Applications/Xcode.app/Contents/Developer/Toolchains/XcodeDefault.xctoolchain/usr/bin/clang -x assembler-with-cpp -ivfsstatcache /Users/j/Documents/GitHub/MoneroOne/build/SDKStatCaches.noindex/iphonesimulator26.1-23B77-90cf18a4295e390e64c810bc6bd7acbc.sdkstatcache -fmessage-length\=0 -fdiagnostics-show-note-include-stack -fmacro-backtrace-limit\=0 -fno-color-diagnostics -fmodules-prune-interval\=86400 -fmodules-prune-after\=345600 -fbuild-session-file\=/Users/j/Documents/GitHub/MoneroOne/build/ModuleCache.noindex/Session.modulevalidation -fmodules-validate-once-per-build-session -Wnon-modular-include-in-framework-module -Werror\=non-modular-include-in-framework-module -Wno-trigraphs -Wno-missing-field-initializers -Wno-missing-prototypes -Wno-return-type -Wno-missing-braces -Wparentheses -Wswitch -Wno-unused-function -Wno-unused-label -Wno-unused-parameter -Wno-unused-variable -Wunused-value -Wno-empty-body -Wno-uninitialized -Wno-unknown-pragmas -w -Wno-shadow -Wno-four-char-constants -Wno-conversion -Wno-constant-conversion -Wno-int-conversion -Wno-bool-conversion -Wno-enum-conversion -Wno-float-conversion -Wno-non-literal-null-conversion -Wno-objc-literal-conversion -Wshorten-64-to-32 -Wno-newline-eof -Wno-implicit-fallthrough -fstrict-aliasing -Wdeprecated-declarations -Wno-sign-conversion -Wno-infinite-recursion -Wno-comma -Wno-block-capture-autoreleasing -Wno-strict-prototypes -Wno-semicolon-before-method-body -index-store-path /Users/j/Documents/GitHub/MoneroOne/build/Index.noindex/DataStore @/Users/j/Documents/GitHub/MoneroOne/build/Build/Intermediates.noindex/swift-nio-ssl.build/Debug-iphonesimulator/CNIOBoringSSL.build/Objects-normal/arm64/533656923a283fa776881f304837ed9e-common-args.resp -MMD -MT dependencies -MF /Users/j/Documents/GitHub/MoneroOne/build/Build/Intermediates.noindex/swift-nio-ssl.build/Debug-iphonesimulator/CNIOBoringSSL.build/Objects-normal/arm64/vpaes-x86_64-linux.d --serialize-diagnostics /Users/j/Documents/GitHub/MoneroOne/build/Build/Intermediates.noindex/swift-nio-ssl.build/Debug-iphonesimulator/CNIOBoringSSL.build/Objects-normal/arm64/vpaes-x86_64-linux.dia -c /Users/j/Documents/GitHub/MoneroOne/build/SourcePackages/checkouts/swift-nio-ssl/Sources/CNIOBoringSSL/gen/bcm/vpaes-x86_64-linux.S -o /Users/j/Documents/GitHub/MoneroOne/build/Build/Intermediates.noindex/swift-nio-ssl.build/Debug-iphonesimulator/CNIOBoringSSL.build/Objects-normal/arm64/vpaes-x86_64-linux.o -index-unit-output-path /swift-nio-ssl.build/Debug-iphonesimulator/CNIOBoringSSL.build/Objects-normal/arm64/vpaes-x86_64-linux.o

CompileC /Users/j/Documents/GitHub/MoneroOne/build/Build/Intermediates.noindex/swift-nio-ssl.build/Debug-iphonesimulator/CNIOBoringSSL.build/Objects-normal/arm64/vpaes-x86_64-apple.o /Users/j/Documents/GitHub/MoneroOne/build/SourcePackages/checkouts/swift-nio-ssl/Sources/CNIOBoringSSL/gen/bcm/vpaes-x86_64-apple.S normal arm64 assembler-with-cpp com.apple.compilers.llvm.clang.1_0.compiler (in target 'CNIOBoringSSL' from project 'swift-nio-ssl')
    cd /Users/j/Documents/GitHub/MoneroOne/MoneroOne.xcodeproj
    
    Using response file: /Users/j/Documents/GitHub/MoneroOne/build/Build/Intermediates.noindex/swift-nio-ssl.build/Debug-iphonesimulator/CNIOBoringSSL.build/Objects-normal/arm64/533656923a283fa776881f304837ed9e-common-args.resp
    
    /Applications/Xcode.app/Contents/Developer/Toolchains/XcodeDefault.xctoolchain/usr/bin/clang -x assembler-with-cpp -ivfsstatcache /Users/j/Documents/GitHub/MoneroOne/build/SDKStatCaches.noindex/iphonesimulator26.1-23B77-90cf18a4295e390e64c810bc6bd7acbc.sdkstatcache -fmessage-length\=0 -fdiagnostics-show-note-include-stack -fmacro-backtrace-limit\=0 -fno-color-diagnostics -fmodules-prune-interval\=86400 -fmodules-prune-after\=345600 -fbuild-session-file\=/Users/j/Documents/GitHub/MoneroOne/build/ModuleCache.noindex/Session.modulevalidation -fmodules-validate-once-per-build-session -Wnon-modular-include-in-framework-module -Werror\=non-modular-include-in-framework-module -Wno-trigraphs -Wno-missing-field-initializers -Wno-missing-prototypes -Wno-return-type -Wno-missing-braces -Wparentheses -Wswitch -Wno-unused-function -Wno-unused-label -Wno-unused-parameter -Wno-unused-variable -Wunused-value -Wno-empty-body -Wno-uninitialized -Wno-unknown-pragmas -w -Wno-shadow -Wno-four-char-constants -Wno-conversion -Wno-constant-conversion -Wno-int-conversion -Wno-bool-conversion -Wno-enum-conversion -Wno-float-conversion -Wno-non-literal-null-conversion -Wno-objc-literal-conversion -Wshorten-64-to-32 -Wno-newline-eof -Wno-implicit-fallthrough -fstrict-aliasing -Wdeprecated-declarations -Wno-sign-conversion -Wno-infinite-recursion -Wno-comma -Wno-block-capture-autoreleasing -Wno-strict-prototypes -Wno-semicolon-before-method-body -index-store-path /Users/j/Documents/GitHub/MoneroOne/build/Index.noindex/DataStore @/Users/j/Documents/GitHub/MoneroOne/build/Build/Intermediates.noindex/swift-nio-ssl.build/Debug-iphonesimulator/CNIOBoringSSL.build/Objects-normal/arm64/533656923a283fa776881f304837ed9e-common-args.resp -MMD -MT dependencies -MF /Users/j/Documents/GitHub/MoneroOne/build/Build/Intermediates.noindex/swift-nio-ssl.build/Debug-iphonesimulator/CNIOBoringSSL.build/Objects-normal/arm64/vpaes-x86_64-apple.d --serialize-diagnostics /Users/j/Documents/GitHub/MoneroOne/build/Build/Intermediates.noindex/swift-nio-ssl.build/Debug-iphonesimulator/CNIOBoringSSL.build/Objects-normal/arm64/vpaes-x86_64-apple.dia -c /Users/j/Documents/GitHub/MoneroOne/build/SourcePackages/checkouts/swift-nio-ssl/Sources/CNIOBoringSSL/gen/bcm/vpaes-x86_64-apple.S -o /Users/j/Documents/GitHub/MoneroOne/build/Build/Intermediates.noindex/swift-nio-ssl.build/Debug-iphonesimulator/CNIOBoringSSL.build/Objects-normal/arm64/vpaes-x86_64-apple.o -index-unit-output-path /swift-nio-ssl.build/Debug-iphonesimulator/CNIOBoringSSL.build/Objects-normal/arm64/vpaes-x86_64-apple.o

CompileC /Users/j/Documents/GitHub/MoneroOne/build/Build/Intermediates.noindex/swift-nio-ssl.build/Debug-iphonesimulator/CNIOBoringSSL.build/Objects-normal/arm64/vpaes-x86-linux.o /Users/j/Documents/GitHub/MoneroOne/build/SourcePackages/checkouts/swift-nio-ssl/Sources/CNIOBoringSSL/gen/bcm/vpaes-x86-linux.S normal arm64 assembler-with-cpp com.apple.compilers.llvm.clang.1_0.compiler (in target 'CNIOBoringSSL' from project 'swift-nio-ssl')
    cd /Users/j/Documents/GitHub/MoneroOne/MoneroOne.xcodeproj
    
    Using response file: /Users/j/Documents/GitHub/MoneroOne/build/Build/Intermediates.noindex/swift-nio-ssl.build/Debug-iphonesimulator/CNIOBoringSSL.build/Objects-normal/arm64/533656923a283fa776881f304837ed9e-common-args.resp
    
    /Applications/Xcode.app/Contents/Developer/Toolchains/XcodeDefault.xctoolchain/usr/bin/clang -x assembler-with-cpp -ivfsstatcache /Users/j/Documents/GitHub/MoneroOne/build/SDKStatCaches.noindex/iphonesimulator26.1-23B77-90cf18a4295e390e64c810bc6bd7acbc.sdkstatcache -fmessage-length\=0 -fdiagnostics-show-note-include-stack -fmacro-backtrace-limit\=0 -fno-color-diagnostics -fmodules-prune-interval\=86400 -fmodules-prune-after\=345600 -fbuild-session-file\=/Users/j/Documents/GitHub/MoneroOne/build/ModuleCache.noindex/Session.modulevalidation -fmodules-validate-once-per-build-session -Wnon-modular-include-in-framework-module -Werror\=non-modular-include-in-framework-module -Wno-trigraphs -Wno-missing-field-initializers -Wno-missing-prototypes -Wno-return-type -Wno-missing-braces -Wparentheses -Wswitch -Wno-unused-function -Wno-unused-label -Wno-unused-parameter -Wno-unused-variable -Wunused-value -Wno-empty-body -Wno-uninitialized -Wno-unknown-pragmas -w -Wno-shadow -Wno-four-char-constants -Wno-conversion -Wno-constant-conversion -Wno-int-conversion -Wno-bool-conversion -Wno-enum-conversion -Wno-float-conversion -Wno-non-literal-null-conversion -Wno-objc-literal-conversion -Wshorten-64-to-32 -Wno-newline-eof -Wno-implicit-fallthrough -fstrict-aliasing -Wdeprecated-declarations -Wno-sign-conversion -Wno-infinite-recursion -Wno-comma -Wno-block-capture-autoreleasing -Wno-strict-prototypes -Wno-semicolon-before-method-body -index-store-path /Users/j/Documents/GitHub/MoneroOne/build/Index.noindex/DataStore @/Users/j/Documents/GitHub/MoneroOne/build/Build/Intermediates.noindex/swift-nio-ssl.build/Debug-iphonesimulator/CNIOBoringSSL.build/Objects-normal/arm64/533656923a283fa776881f304837ed9e-common-args.resp -MMD -MT dependencies -MF /Users/j/Documents/GitHub/MoneroOne/build/Build/Intermediates.noindex/swift-nio-ssl.build/Debug-iphonesimulator/CNIOBoringSSL.build/Objects-normal/arm64/vpaes-x86-linux.d --serialize-diagnostics /Users/j/Documents/GitHub/MoneroOne/build/Build/Intermediates.noindex/swift-nio-ssl.build/Debug-iphonesimulator/CNIOBoringSSL.build/Objects-normal/arm64/vpaes-x86-linux.dia -c /Users/j/Documents/GitHub/MoneroOne/build/SourcePackages/checkouts/swift-nio-ssl/Sources/CNIOBoringSSL/gen/bcm/vpaes-x86-linux.S -o /Users/j/Documents/GitHub/MoneroOne/build/Build/Intermediates.noindex/swift-nio-ssl.build/Debug-iphonesimulator/CNIOBoringSSL.build/Objects-normal/arm64/vpaes-x86-linux.o -index-unit-output-path /swift-nio-ssl.build/Debug-iphonesimulator/CNIOBoringSSL.build/Objects-normal/arm64/vpaes-x86-linux.o

CompileC /Users/j/Documents/GitHub/MoneroOne/build/Build/Intermediates.noindex/swift-nio-ssl.build/Debug-iphonesimulator/CNIOBoringSSL.build/Objects-normal/arm64/vpaes-x86-apple.o /Users/j/Documents/GitHub/MoneroOne/build/SourcePackages/checkouts/swift-nio-ssl/Sources/CNIOBoringSSL/gen/bcm/vpaes-x86-apple.S normal arm64 assembler-with-cpp com.apple.compilers.llvm.clang.1_0.compiler (in target 'CNIOBoringSSL' from project 'swift-nio-ssl')
    cd /Users/j/Documents/GitHub/MoneroOne/MoneroOne.xcodeproj
    
    Using response file: /Users/j/Documents/GitHub/MoneroOne/build/Build/Intermediates.noindex/swift-nio-ssl.build/Debug-iphonesimulator/CNIOBoringSSL.build/Objects-normal/arm64/533656923a283fa776881f304837ed9e-common-args.resp
    
    /Applications/Xcode.app/Contents/Developer/Toolchains/XcodeDefault.xctoolchain/usr/bin/clang -x assembler-with-cpp -ivfsstatcache /Users/j/Documents/GitHub/MoneroOne/build/SDKStatCaches.noindex/iphonesimulator26.1-23B77-90cf18a4295e390e64c810bc6bd7acbc.sdkstatcache -fmessage-length\=0 -fdiagnostics-show-note-include-stack -fmacro-backtrace-limit\=0 -fno-color-diagnostics -fmodules-prune-interval\=86400 -fmodules-prune-after\=345600 -fbuild-session-file\=/Users/j/Documents/GitHub/MoneroOne/build/ModuleCache.noindex/Session.modulevalidation -fmodules-validate-once-per-build-session -Wnon-modular-include-in-framework-module -Werror\=non-modular-include-in-framework-module -Wno-trigraphs -Wno-missing-field-initializers -Wno-missing-prototypes -Wno-return-type -Wno-missing-braces -Wparentheses -Wswitch -Wno-unused-function -Wno-unused-label -Wno-unused-parameter -Wno-unused-variable -Wunused-value -Wno-empty-body -Wno-uninitialized -Wno-unknown-pragmas -w -Wno-shadow -Wno-four-char-constants -Wno-conversion -Wno-constant-conversion -Wno-int-conversion -Wno-bool-conversion -Wno-enum-conversion -Wno-float-conversion -Wno-non-literal-null-conversion -Wno-objc-literal-conversion -Wshorten-64-to-32 -Wno-newline-eof -Wno-implicit-fallthrough -fstrict-aliasing -Wdeprecated-declarations -Wno-sign-conversion -Wno-infinite-recursion -Wno-comma -Wno-block-capture-autoreleasing -Wno-strict-prototypes -Wno-semicolon-before-method-body -index-store-path /Users/j/Documents/GitHub/MoneroOne/build/Index.noindex/DataStore @/Users/j/Documents/GitHub/MoneroOne/build/Build/Intermediates.noindex/swift-nio-ssl.build/Debug-iphonesimulator/CNIOBoringSSL.build/Objects-normal/arm64/533656923a283fa776881f304837ed9e-common-args.resp -MMD -MT dependencies -MF /Users/j/Documents/GitHub/MoneroOne/build/Build/Intermediates.noindex/swift-nio-ssl.build/Debug-iphonesimulator/CNIOBoringSSL.build/Objects-normal/arm64/vpaes-x86-apple.d --serialize-diagnostics /Users/j/Documents/GitHub/MoneroOne/build/Build/Intermediates.noindex/swift-nio-ssl.build/Debug-iphonesimulator/CNIOBoringSSL.build/Objects-normal/arm64/vpaes-x86-apple.dia -c /Users/j/Documents/GitHub/MoneroOne/build/SourcePackages/checkouts/swift-nio-ssl/Sources/CNIOBoringSSL/gen/bcm/vpaes-x86-apple.S -o /Users/j/Documents/GitHub/MoneroOne/build/Build/Intermediates.noindex/swift-nio-ssl.build/Debug-iphonesimulator/CNIOBoringSSL.build/Objects-normal/arm64/vpaes-x86-apple.o -index-unit-output-path /swift-nio-ssl.build/Debug-iphonesimulator/CNIOBoringSSL.build/Objects-normal/arm64/vpaes-x86-apple.o

CompileC /Users/j/Documents/GitHub/MoneroOne/build/Build/Intermediates.noindex/swift-nio-ssl.build/Debug-iphonesimulator/CNIOBoringSSL.build/Objects-normal/arm64/vpaes-armv8-win.o /Users/j/Documents/GitHub/MoneroOne/build/SourcePackages/checkouts/swift-nio-ssl/Sources/CNIOBoringSSL/gen/bcm/vpaes-armv8-win.S normal arm64 assembler-with-cpp com.apple.compilers.llvm.clang.1_0.compiler (in target 'CNIOBoringSSL' from project 'swift-nio-ssl')
    cd /Users/j/Documents/GitHub/MoneroOne/MoneroOne.xcodeproj
    
    Using response file: /Users/j/Documents/GitHub/MoneroOne/build/Build/Intermediates.noindex/swift-nio-ssl.build/Debug-iphonesimulator/CNIOBoringSSL.build/Objects-normal/arm64/533656923a283fa776881f304837ed9e-common-args.resp
    
    /Applications/Xcode.app/Contents/Developer/Toolchains/XcodeDefault.xctoolchain/usr/bin/clang -x assembler-with-cpp -ivfsstatcache /Users/j/Documents/GitHub/MoneroOne/build/SDKStatCaches.noindex/iphonesimulator26.1-23B77-90cf18a4295e390e64c810bc6bd7acbc.sdkstatcache -fmessage-length\=0 -fdiagnostics-show-note-include-stack -fmacro-backtrace-limit\=0 -fno-color-diagnostics -fmodules-prune-interval\=86400 -fmodules-prune-after\=345600 -fbuild-session-file\=/Users/j/Documents/GitHub/MoneroOne/build/ModuleCache.noindex/Session.modulevalidation -fmodules-validate-once-per-build-session -Wnon-modular-include-in-framework-module -Werror\=non-modular-include-in-framework-module -Wno-trigraphs -Wno-missing-field-initializers -Wno-missing-prototypes -Wno-return-type -Wno-missing-braces -Wparentheses -Wswitch -Wno-unused-function -Wno-unused-label -Wno-unused-parameter -Wno-unused-variable -Wunused-value -Wno-empty-body -Wno-uninitialized -Wno-unknown-pragmas -w -Wno-shadow -Wno-four-char-constants -Wno-conversion -Wno-constant-conversion -Wno-int-conversion -Wno-bool-conversion -Wno-enum-conversion -Wno-float-conversion -Wno-non-literal-null-conversion -Wno-objc-literal-conversion -Wshorten-64-to-32 -Wno-newline-eof -Wno-implicit-fallthrough -fstrict-aliasing -Wdeprecated-declarations -Wno-sign-conversion -Wno-infinite-recursion -Wno-comma -Wno-block-capture-autoreleasing -Wno-strict-prototypes -Wno-semicolon-before-method-body -index-store-path /Users/j/Documents/GitHub/MoneroOne/build/Index.noindex/DataStore @/Users/j/Documents/GitHub/MoneroOne/build/Build/Intermediates.noindex/swift-nio-ssl.build/Debug-iphonesimulator/CNIOBoringSSL.build/Objects-normal/arm64/533656923a283fa776881f304837ed9e-common-args.resp -MMD -MT dependencies -MF /Users/j/Documents/GitHub/MoneroOne/build/Build/Intermediates.noindex/swift-nio-ssl.build/Debug-iphonesimulator/CNIOBoringSSL.build/Objects-normal/arm64/vpaes-armv8-win.d --serialize-diagnostics /Users/j/Documents/GitHub/MoneroOne/build/Build/Intermediates.noindex/swift-nio-ssl.build/Debug-iphonesimulator/CNIOBoringSSL.build/Objects-normal/arm64/vpaes-armv8-win.dia -c /Users/j/Documents/GitHub/MoneroOne/build/SourcePackages/checkouts/swift-nio-ssl/Sources/CNIOBoringSSL/gen/bcm/vpaes-armv8-win.S -o /Users/j/Documents/GitHub/MoneroOne/build/Build/Intermediates.noindex/swift-nio-ssl.build/Debug-iphonesimulator/CNIOBoringSSL.build/Objects-normal/arm64/vpaes-armv8-win.o -index-unit-output-path /swift-nio-ssl.build/Debug-iphonesimulator/CNIOBoringSSL.build/Objects-normal/arm64/vpaes-armv8-win.o

SwiftExplicitDependencyGeneratePcm arm64 /Users/j/Documents/GitHub/MoneroOne/build/ModuleCache.noindex/CoreFoundation-4W0NTMSED757BWS3BQVDFQT06.pcm

SwiftExplicitDependencyGeneratePcm arm64 /Users/j/Documents/GitHub/MoneroOne/build/ModuleCache.noindex/XPC-6VE8EVC7KB1UKC3UC02ZH2F0E.pcm

SwiftExplicitDependencyGeneratePcm arm64 /Users/j/Documents/GitHub/MoneroOne/build/ModuleCache.noindex/dnssd-3WGPHPP4U0PB89I0DLCLO0HO6.pcm

CompileC /Users/j/Documents/GitHub/MoneroOne/build/Build/Intermediates.noindex/swift-nio-ssl.build/Debug-iphonesimulator/CNIOBoringSSL.build/Objects-normal/arm64/vpaes-armv8-linux.o /Users/j/Documents/GitHub/MoneroOne/build/SourcePackages/checkouts/swift-nio-ssl/Sources/CNIOBoringSSL/gen/bcm/vpaes-armv8-linux.S normal arm64 assembler-with-cpp com.apple.compilers.llvm.clang.1_0.compiler (in target 'CNIOBoringSSL' from project 'swift-nio-ssl')
    cd /Users/j/Documents/GitHub/MoneroOne/MoneroOne.xcodeproj
    
    Using response file: /Users/j/Documents/GitHub/MoneroOne/build/Build/Intermediates.noindex/swift-nio-ssl.build/Debug-iphonesimulator/CNIOBoringSSL.build/Objects-normal/arm64/533656923a283fa776881f304837ed9e-common-args.resp
    
    /Applications/Xcode.app/Contents/Developer/Toolchains/XcodeDefault.xctoolchain/usr/bin/clang -x assembler-with-cpp -ivfsstatcache /Users/j/Documents/GitHub/MoneroOne/build/SDKStatCaches.noindex/iphonesimulator26.1-23B77-90cf18a4295e390e64c810bc6bd7acbc.sdkstatcache -fmessage-length\=0 -fdiagnostics-show-note-include-stack -fmacro-backtrace-limit\=0 -fno-color-diagnostics -fmodules-prune-interval\=86400 -fmodules-prune-after\=345600 -fbuild-session-file\=/Users/j/Documents/GitHub/MoneroOne/build/ModuleCache.noindex/Session.modulevalidation -fmodules-validate-once-per-build-session -Wnon-modular-include-in-framework-module -Werror\=non-modular-include-in-framework-module -Wno-trigraphs -Wno-missing-field-initializers -Wno-missing-prototypes -Wno-return-type -Wno-missing-braces -Wparentheses -Wswitch -Wno-unused-function -Wno-unused-label -Wno-unused-parameter -Wno-unused-variable -Wunused-value -Wno-empty-body -Wno-uninitialized -Wno-unknown-pragmas -w -Wno-shadow -Wno-four-char-constants -Wno-conversion -Wno-constant-conversion -Wno-int-conversion -Wno-bool-conversion -Wno-enum-conversion -Wno-float-conversion -Wno-non-literal-null-conversion -Wno-objc-literal-conversion -Wshorten-64-to-32 -Wno-newline-eof -Wno-implicit-fallthrough -fstrict-aliasing -Wdeprecated-declarations -Wno-sign-conversion -Wno-infinite-recursion -Wno-comma -Wno-block-capture-autoreleasing -Wno-strict-prototypes -Wno-semicolon-before-method-body -index-store-path /Users/j/Documents/GitHub/MoneroOne/build/Index.noindex/DataStore @/Users/j/Documents/GitHub/MoneroOne/build/Build/Intermediates.noindex/swift-nio-ssl.build/Debug-iphonesimulator/CNIOBoringSSL.build/Objects-normal/arm64/533656923a283fa776881f304837ed9e-common-args.resp -MMD -MT dependencies -MF /Users/j/Documents/GitHub/MoneroOne/build/Build/Intermediates.noindex/swift-nio-ssl.build/Debug-iphonesimulator/CNIOBoringSSL.build/Objects-normal/arm64/vpaes-armv8-linux.d --serialize-diagnostics /Users/j/Documents/GitHub/MoneroOne/build/Build/Intermediates.noindex/swift-nio-ssl.build/Debug-iphonesimulator/CNIOBoringSSL.build/Objects-normal/arm64/vpaes-armv8-linux.dia -c /Users/j/Documents/GitHub/MoneroOne/build/SourcePackages/checkouts/swift-nio-ssl/Sources/CNIOBoringSSL/gen/bcm/vpaes-armv8-linux.S -o /Users/j/Documents/GitHub/MoneroOne/build/Build/Intermediates.noindex/swift-nio-ssl.build/Debug-iphonesimulator/CNIOBoringSSL.build/Objects-normal/arm64/vpaes-armv8-linux.o -index-unit-output-path /swift-nio-ssl.build/Debug-iphonesimulator/CNIOBoringSSL.build/Objects-normal/arm64/vpaes-armv8-linux.o

CompileC /Users/j/Documents/GitHub/MoneroOne/build/Build/Intermediates.noindex/swift-nio-ssl.build/Debug-iphonesimulator/CNIOBoringSSL.build/Objects-normal/arm64/vpaes-armv8-apple.o /Users/j/Documents/GitHub/MoneroOne/build/SourcePackages/checkouts/swift-nio-ssl/Sources/CNIOBoringSSL/gen/bcm/vpaes-armv8-apple.S normal arm64 assembler-with-cpp com.apple.compilers.llvm.clang.1_0.compiler (in target 'CNIOBoringSSL' from project 'swift-nio-ssl')
    cd /Users/j/Documents/GitHub/MoneroOne/MoneroOne.xcodeproj
    
    Using response file: /Users/j/Documents/GitHub/MoneroOne/build/Build/Intermediates.noindex/swift-nio-ssl.build/Debug-iphonesimulator/CNIOBoringSSL.build/Objects-normal/arm64/533656923a283fa776881f304837ed9e-common-args.resp
    
    /Applications/Xcode.app/Contents/Developer/Toolchains/XcodeDefault.xctoolchain/usr/bin/clang -x assembler-with-cpp -ivfsstatcache /Users/j/Documents/GitHub/MoneroOne/build/SDKStatCaches.noindex/iphonesimulator26.1-23B77-90cf18a4295e390e64c810bc6bd7acbc.sdkstatcache -fmessage-length\=0 -fdiagnostics-show-note-include-stack -fmacro-backtrace-limit\=0 -fno-color-diagnostics -fmodules-prune-interval\=86400 -fmodules-prune-after\=345600 -fbuild-session-file\=/Users/j/Documents/GitHub/MoneroOne/build/ModuleCache.noindex/Session.modulevalidation -fmodules-validate-once-per-build-session -Wnon-modular-include-in-framework-module -Werror\=non-modular-include-in-framework-module -Wno-trigraphs -Wno-missing-field-initializers -Wno-missing-prototypes -Wno-return-type -Wno-missing-braces -Wparentheses -Wswitch -Wno-unused-function -Wno-unused-label -Wno-unused-parameter -Wno-unused-variable -Wunused-value -Wno-empty-body -Wno-uninitialized -Wno-unknown-pragmas -w -Wno-shadow -Wno-four-char-constants -Wno-conversion -Wno-constant-conversion -Wno-int-conversion -Wno-bool-conversion -Wno-enum-conversion -Wno-float-conversion -Wno-non-literal-null-conversion -Wno-objc-literal-conversion -Wshorten-64-to-32 -Wno-newline-eof -Wno-implicit-fallthrough -fstrict-aliasing -Wdeprecated-declarations -Wno-sign-conversion -Wno-infinite-recursion -Wno-comma -Wno-block-capture-autoreleasing -Wno-strict-prototypes -Wno-semicolon-before-method-body -index-store-path /Users/j/Documents/GitHub/MoneroOne/build/Index.noindex/DataStore @/Users/j/Documents/GitHub/MoneroOne/build/Build/Intermediates.noindex/swift-nio-ssl.build/Debug-iphonesimulator/CNIOBoringSSL.build/Objects-normal/arm64/533656923a283fa776881f304837ed9e-common-args.resp -MMD -MT dependencies -MF /Users/j/Documents/GitHub/MoneroOne/build/Build/Intermediates.noindex/swift-nio-ssl.build/Debug-iphonesimulator/CNIOBoringSSL.build/Objects-normal/arm64/vpaes-armv8-apple.d --serialize-diagnostics /Users/j/Documents/GitHub/MoneroOne/build/Build/Intermediates.noindex/swift-nio-ssl.build/Debug-iphonesimulator/CNIOBoringSSL.build/Objects-normal/arm64/vpaes-armv8-apple.dia -c /Users/j/Documents/GitHub/MoneroOne/build/SourcePackages/checkouts/swift-nio-ssl/Sources/CNIOBoringSSL/gen/bcm/vpaes-armv8-apple.S -o /Users/j/Documents/GitHub/MoneroOne/build/Build/Intermediates.noindex/swift-nio-ssl.build/Debug-iphonesimulator/CNIOBoringSSL.build/Objects-normal/arm64/vpaes-armv8-apple.o -index-unit-output-path /swift-nio-ssl.build/Debug-iphonesimulator/CNIOBoringSSL.build/Objects-normal/arm64/vpaes-armv8-apple.o

CompileC /Users/j/Documents/GitHub/MoneroOne/build/Build/Intermediates.noindex/swift-nio-ssl.build/Debug-iphonesimulator/CNIOBoringSSL.build/Objects-normal/arm64/vpaes-armv7-linux.o /Users/j/Documents/GitHub/MoneroOne/build/SourcePackages/checkouts/swift-nio-ssl/Sources/CNIOBoringSSL/gen/bcm/vpaes-armv7-linux.S normal arm64 assembler-with-cpp com.apple.compilers.llvm.clang.1_0.compiler (in target 'CNIOBoringSSL' from project 'swift-nio-ssl')
    cd /Users/j/Documents/GitHub/MoneroOne/MoneroOne.xcodeproj
    
    Using response file: /Users/j/Documents/GitHub/MoneroOne/build/Build/Intermediates.noindex/swift-nio-ssl.build/Debug-iphonesimulator/CNIOBoringSSL.build/Objects-normal/arm64/533656923a283fa776881f304837ed9e-common-args.resp
    
    /Applications/Xcode.app/Contents/Developer/Toolchains/XcodeDefault.xctoolchain/usr/bin/clang -x assembler-with-cpp -ivfsstatcache /Users/j/Documents/GitHub/MoneroOne/build/SDKStatCaches.noindex/iphonesimulator26.1-23B77-90cf18a4295e390e64c810bc6bd7acbc.sdkstatcache -fmessage-length\=0 -fdiagnostics-show-note-include-stack -fmacro-backtrace-limit\=0 -fno-color-diagnostics -fmodules-prune-interval\=86400 -fmodules-prune-after\=345600 -fbuild-session-file\=/Users/j/Documents/GitHub/MoneroOne/build/ModuleCache.noindex/Session.modulevalidation -fmodules-validate-once-per-build-session -Wnon-modular-include-in-framework-module -Werror\=non-modular-include-in-framework-module -Wno-trigraphs -Wno-missing-field-initializers -Wno-missing-prototypes -Wno-return-type -Wno-missing-braces -Wparentheses -Wswitch -Wno-unused-function -Wno-unused-label -Wno-unused-parameter -Wno-unused-variable -Wunused-value -Wno-empty-body -Wno-uninitialized -Wno-unknown-pragmas -w -Wno-shadow -Wno-four-char-constants -Wno-conversion -Wno-constant-conversion -Wno-int-conversion -Wno-bool-conversion -Wno-enum-conversion -Wno-float-conversion -Wno-non-literal-null-conversion -Wno-objc-literal-conversion -Wshorten-64-to-32 -Wno-newline-eof -Wno-implicit-fallthrough -fstrict-aliasing -Wdeprecated-declarations -Wno-sign-conversion -Wno-infinite-recursion -Wno-comma -Wno-block-capture-autoreleasing -Wno-strict-prototypes -Wno-semicolon-before-method-body -index-store-path /Users/j/Documents/GitHub/MoneroOne/build/Index.noindex/DataStore @/Users/j/Documents/GitHub/MoneroOne/build/Build/Intermediates.noindex/swift-nio-ssl.build/Debug-iphonesimulator/CNIOBoringSSL.build/Objects-normal/arm64/533656923a283fa776881f304837ed9e-common-args.resp -MMD -MT dependencies -MF /Users/j/Documents/GitHub/MoneroOne/build/Build/Intermediates.noindex/swift-nio-ssl.build/Debug-iphonesimulator/CNIOBoringSSL.build/Objects-normal/arm64/vpaes-armv7-linux.d --serialize-diagnostics /Users/j/Documents/GitHub/MoneroOne/build/Build/Intermediates.noindex/swift-nio-ssl.build/Debug-iphonesimulator/CNIOBoringSSL.build/Objects-normal/arm64/vpaes-armv7-linux.dia -c /Users/j/Documents/GitHub/MoneroOne/build/SourcePackages/checkouts/swift-nio-ssl/Sources/CNIOBoringSSL/gen/bcm/vpaes-armv7-linux.S -o /Users/j/Documents/GitHub/MoneroOne/build/Build/Intermediates.noindex/swift-nio-ssl.build/Debug-iphonesimulator/CNIOBoringSSL.build/Objects-normal/arm64/vpaes-armv7-linux.o -index-unit-output-path /swift-nio-ssl.build/Debug-iphonesimulator/CNIOBoringSSL.build/Objects-normal/arm64/vpaes-armv7-linux.o

SwiftExplicitDependencyGeneratePcm arm64 /Users/j/Documents/GitHub/MoneroOne/build/ModuleCache.noindex/Security-7CEYRU5RZIUQGHSTD5RHSAJLJ.pcm

SwiftExplicitDependencyGeneratePcm arm64 /Users/j/Documents/GitHub/MoneroOne/build/ModuleCache.noindex/CFNetwork-2Y2A73BBMXBSLOPKKLBHOFMVJ.pcm

SwiftEmitModule normal arm64 Emitting\ module\ for\ secp256k1 (in target 'secp256k1' from project 'secp256k1')

EmitSwiftModule normal arm64 (in target 'secp256k1' from project 'secp256k1')
    cd /Users/j/Documents/GitHub/MoneroOne/MoneroOne.xcodeproj
    

SwiftEmitModule normal arm64 Emitting\ module\ for\ HsExtensions (in target 'HsExtensions' from project 'HsExtensions.Swift')

EmitSwiftModule normal arm64 (in target 'HsExtensions' from project 'HsExtensions.Swift')
    cd /Users/j/Documents/GitHub/MoneroOne/MoneroOne.xcodeproj
    

SwiftEmitModule normal arm64 Emitting\ module\ for\ CryptoBoringWrapper (in target 'CryptoBoringWrapper' from project 'swift-crypto')

EmitSwiftModule normal arm64 (in target 'CryptoBoringWrapper' from project 'swift-crypto')
    cd /Users/j/Documents/GitHub/MoneroOne/MoneroOne.xcodeproj
    

SwiftEmitModule normal arm64 Emitting\ module\ for\ BigInt (in target 'BigInt' from project 'BigInt')

EmitSwiftModule normal arm64 (in target 'BigInt' from project 'BigInt')
    cd /Users/j/Documents/GitHub/MoneroOne/MoneroOne.xcodeproj
    

SwiftExplicitDependencyGeneratePcm arm64 /Users/j/Documents/GitHub/MoneroOne/build/ModuleCache.noindex/LocalAuthentication-B9NUQBQDL6GWMKH555401ULLP.pcm

SwiftExplicitDependencyGeneratePcm arm64 /Users/j/Documents/GitHub/MoneroOne/build/ModuleCache.noindex/FileProvider-B0INYLGX6M4PZ8P5J55SKRCTH.pcm

SwiftExplicitDependencyGeneratePcm arm64 /Users/j/Documents/GitHub/MoneroOne/build/ModuleCache.noindex/Symbols-NTHCXZ52PXI5U27G1PCAD7J5.pcm

SwiftExplicitDependencyGeneratePcm arm64 /Users/j/Documents/GitHub/MoneroOne/build/ModuleCache.noindex/IOSurface-C73SS4X98IU9QGF6LH2MFHWP1.pcm

SwiftExplicitDependencyGeneratePcm arm64 /Users/j/Documents/GitHub/MoneroOne/build/ModuleCache.noindex/OpenGLES-4B4CB3WZ7D7RP9VNOEUDQY3I9.pcm

SwiftExplicitDependencyGeneratePcm arm64 /Users/j/Documents/GitHub/MoneroOne/build/ModuleCache.noindex/Foundation-7LCFLWL6F5EPKCHXRR7GODJ7E.pcm

SwiftExplicitDependencyGeneratePcm arm64 /Users/j/Documents/GitHub/MoneroOne/build/ModuleCache.noindex/UserNotifications-5IQCFI1FVGA1NL9119RA1LHCM.pcm

SwiftEmitModule normal arm64 Emitting\ module\ for\ Crypto (in target 'Crypto' from project 'swift-crypto')

EmitSwiftModule normal arm64 (in target 'Crypto' from project 'swift-crypto')
    cd /Users/j/Documents/GitHub/MoneroOne/MoneroOne.xcodeproj
    

SwiftExplicitDependencyGeneratePcm arm64 /Users/j/Documents/GitHub/MoneroOne/build/ModuleCache.noindex/UniformTypeIdentifiers-4P37FAW0REO3ITECFJTMD4W0A.pcm

SwiftExplicitDependencyGeneratePcm arm64 /Users/j/Documents/GitHub/MoneroOne/build/ModuleCache.noindex/Metal-44VM2N8UG0VM3WP9JZRXLBI8B.pcm

SwiftDriverJobDiscovery normal arm64 Emitting module for CryptoBoringWrapper (in target 'CryptoBoringWrapper' from project 'swift-crypto')

SwiftDriver\ Compilation\ Requirements CryptoBoringWrapper normal arm64 com.apple.xcode.tools.swift.compiler (in target 'CryptoBoringWrapper' from project 'swift-crypto')
    cd /Users/j/Documents/GitHub/MoneroOne/MoneroOne.xcodeproj
    builtin-Swift-Compilation-Requirements -- /Applications/Xcode.app/Contents/Developer/Toolchains/XcodeDefault.xctoolchain/usr/bin/swiftc -module-name CryptoBoringWrapper -Onone -enforce-exclusivity\=checked @/Users/j/Documents/GitHub/MoneroOne/build/Build/Intermediates.noindex/swift-crypto.build/Debug-iphonesimulator/CryptoBoringWrapper.build/Objects-normal/arm64/CryptoBoringWrapper.SwiftFileList -DSWIFT_PACKAGE -DDEBUG -DSWIFT_MODULE_RESOURCE_BUNDLE_UNAVAILABLE -DXcode -plugin-path /Applications/Xcode.app/Contents/Developer/Toolchains/XcodeDefault.xctoolchain/usr/lib/swift/host/plugins/testing -enable-experimental-feature DebugDescriptionMacro -sdk /Applications/Xcode.app/Contents/Developer/Platforms/iPhoneSimulator.platform/Developer/SDKs/iPhoneSimulator26.1.sdk -target arm64-apple-ios13.0-simulator -g -module-cache-path /Users/j/Documents/GitHub/MoneroOne/build/ModuleCache.noindex -Xfrontend -serialize-debugging-options -enable-testing -suppress-warnings -index-store-path /Users/j/Documents/GitHub/MoneroOne/build/Index.noindex/DataStore -Xcc -D_LIBCPP_HARDENING_MODE\=_LIBCPP_HARDENING_MODE_DEBUG -swift-version 5 -I /Users/j/Documents/GitHub/MoneroOne/build/Build/Products/Debug-iphonesimulator -Isystem /Applications/Xcode.app/Contents/Developer/Platforms/iPhoneSimulator.platform/Developer/usr/lib -F /Users/j/Documents/GitHub/MoneroOne/build/Build/Products/Debug-iphonesimulator/PackageFrameworks -F /Users/j/Documents/GitHub/MoneroOne/build/Build/Products/Debug-iphonesimulator/PackageFrameworks -F /Users/j/Documents/GitHub/MoneroOne/build/Build/Products/Debug-iphonesimulator -F /Applications/Xcode.app/Contents/Developer/Platforms/iPhoneSimulator.platform/Developer/Library/Frameworks -F /Applications/Xcode.app/Contents/Developer/Platforms/iPhoneSimulator.platform/Developer/SDKs/iPhoneSimulator26.1.sdk/Developer/Library/Frameworks -c -j12 -enable-batch-mode -incremental -Xcc -ivfsstatcache -Xcc /Users/j/Documents/GitHub/MoneroOne/build/SDKStatCaches.noindex/iphonesimulator26.1-23B77-90cf18a4295e390e64c810bc6bd7acbc.sdkstatcache -output-file-map /Users/j/Documents/GitHub/MoneroOne/build/Build/Intermediates.noindex/swift-crypto.build/Debug-iphonesimulator/CryptoBoringWrapper.build/Objects-normal/arm64/CryptoBoringWrapper-OutputFileMap.json -use-frontend-parseable-output -save-temps -no-color-diagnostics -explicit-module-build -module-cache-path /Users/j/Documents/GitHub/MoneroOne/build/Build/Intermediates.noindex/SwiftExplicitPrecompiledModules -clang-scanner-module-cache-path /Users/j/Documents/GitHub/MoneroOne/build/ModuleCache.noindex -sdk-module-cache-path /Users/j/Documents/GitHub/MoneroOne/build/ModuleCache.noindex -serialize-diagnostics -emit-dependencies -emit-module -emit-module-path /Users/j/Documents/GitHub/MoneroOne/build/Build/Intermediates.noindex/swift-crypto.build/Debug-iphonesimulator/CryptoBoringWrapper.build/Objects-normal/arm64/CryptoBoringWrapper.swiftmodule -validate-clang-modules-once -clang-build-session-file /Users/j/Documents/GitHub/MoneroOne/build/ModuleCache.noindex/Session.modulevalidation -Xcc -I/Users/j/Documents/GitHub/MoneroOne/build/Build/Intermediates.noindex/swift-crypto.build/Debug-iphonesimulator/CryptoBoringWrapper.build/swift-overrides.hmap -emit-const-values -Xfrontend -const-gather-protocols-file -Xfrontend /Users/j/Documents/GitHub/MoneroOne/build/Build/Intermediates.noindex/swift-crypto.build/Debug-iphonesimulator/CryptoBoringWrapper.build/Objects-normal/arm64/CryptoBoringWrapper_const_extract_protocols.json -Xcc -I/Users/j/Documents/GitHub/MoneroOne/build/SourcePackages/checkouts/swift-crypto/Sources/CCryptoBoringSSLShims/include -Xcc -I/Users/j/Documents/GitHub/MoneroOne/build/SourcePackages/checkouts/swift-crypto/Sources/CCryptoBoringSSL/include -Xcc -I/Users/j/Documents/GitHub/MoneroOne/build/Build/Products/Debug-iphonesimulator/include -Xcc -I/Users/j/Documents/GitHub/MoneroOne/build/Build/Intermediates.noindex/swift-crypto.build/Debug-iphonesimulator/CryptoBoringWrapper.build/DerivedSources-normal/arm64 -Xcc -I/Users/j/Documents/GitHub/MoneroOne/build/Build/Intermediates.noindex/swift-crypto.build/Debug-iphonesimulator/CryptoBoringWrapper.build/DerivedSources/arm64 -Xcc -I/Users/j/Documents/GitHub/MoneroOne/build/Build/Intermediates.noindex/swift-crypto.build/Debug-iphonesimulator/CryptoBoringWrapper.build/DerivedSources -Xcc -DSWIFT_PACKAGE -Xcc -DDEBUG\=1 -emit-objc-header -emit-objc-header-path /Users/j/Documents/GitHub/MoneroOne/build/Build/Intermediates.noindex/swift-crypto.build/Debug-iphonesimulator/CryptoBoringWrapper.build/Objects-normal/arm64/CryptoBoringWrapper-Swift.h -working-directory /Users/j/Documents/GitHub/MoneroOne/MoneroOne.xcodeproj -experimental-emit-module-separately -disable-cmo

SwiftExplicitDependencyGeneratePcm arm64 /Users/j/Documents/GitHub/MoneroOne/build/ModuleCache.noindex/DataDetection-70ZV3CW7JMWFYB5CLR31B4ZO3.pcm

SwiftMergeGeneratedHeaders /Users/j/Documents/GitHub/MoneroOne/build/Build/Intermediates.noindex/GeneratedModuleMaps-iphonesimulator/CryptoBoringWrapper-Swift.h /Users/j/Documents/GitHub/MoneroOne/build/Build/Intermediates.noindex/swift-crypto.build/Debug-iphonesimulator/CryptoBoringWrapper.build/Objects-normal/arm64/CryptoBoringWrapper-Swift.h (in target 'CryptoBoringWrapper' from project 'swift-crypto')
    cd /Users/j/Documents/GitHub/MoneroOne/build/SourcePackages/checkouts/swift-crypto
    builtin-swiftHeaderTool -arch arm64 /Users/j/Documents/GitHub/MoneroOne/build/Build/Intermediates.noindex/swift-crypto.build/Debug-iphonesimulator/CryptoBoringWrapper.build/Objects-normal/arm64/CryptoBoringWrapper-Swift.h -o /Users/j/Documents/GitHub/MoneroOne/build/Build/Intermediates.noindex/GeneratedModuleMaps-iphonesimulator/CryptoBoringWrapper-Swift.h

Copy /Users/j/Documents/GitHub/MoneroOne/build/Build/Products/Debug-iphonesimulator/CryptoBoringWrapper.swiftmodule/arm64-apple-ios-simulator.swiftmodule /Users/j/Documents/GitHub/MoneroOne/build/Build/Intermediates.noindex/swift-crypto.build/Debug-iphonesimulator/CryptoBoringWrapper.build/Objects-normal/arm64/CryptoBoringWrapper.swiftmodule (in target 'CryptoBoringWrapper' from project 'swift-crypto')
    cd /Users/j/Documents/GitHub/MoneroOne/build/SourcePackages/checkouts/swift-crypto
    builtin-copy -exclude .DS_Store -exclude CVS -exclude .svn -exclude .git -exclude .hg -resolve-src-symlinks -rename /Users/j/Documents/GitHub/MoneroOne/build/Build/Intermediates.noindex/swift-crypto.build/Debug-iphonesimulator/CryptoBoringWrapper.build/Objects-normal/arm64/CryptoBoringWrapper.swiftmodule /Users/j/Documents/GitHub/MoneroOne/build/Build/Products/Debug-iphonesimulator/CryptoBoringWrapper.swiftmodule/arm64-apple-ios-simulator.swiftmodule

Copy /Users/j/Documents/GitHub/MoneroOne/build/Build/Products/Debug-iphonesimulator/CryptoBoringWrapper.swiftmodule/arm64-apple-ios-simulator.swiftdoc /Users/j/Documents/GitHub/MoneroOne/build/Build/Intermediates.noindex/swift-crypto.build/Debug-iphonesimulator/CryptoBoringWrapper.build/Objects-normal/arm64/CryptoBoringWrapper.swiftdoc (in target 'CryptoBoringWrapper' from project 'swift-crypto')
    cd /Users/j/Documents/GitHub/MoneroOne/build/SourcePackages/checkouts/swift-crypto
    builtin-copy -exclude .DS_Store -exclude CVS -exclude .svn -exclude .git -exclude .hg -resolve-src-symlinks -rename /Users/j/Documents/GitHub/MoneroOne/build/Build/Intermediates.noindex/swift-crypto.build/Debug-iphonesimulator/CryptoBoringWrapper.build/Objects-normal/arm64/CryptoBoringWrapper.swiftdoc /Users/j/Documents/GitHub/MoneroOne/build/Build/Products/Debug-iphonesimulator/CryptoBoringWrapper.swiftmodule/arm64-apple-ios-simulator.swiftdoc

Copy /Users/j/Documents/GitHub/MoneroOne/build/Build/Products/Debug-iphonesimulator/CryptoBoringWrapper.swiftmodule/arm64-apple-ios-simulator.abi.json /Users/j/Documents/GitHub/MoneroOne/build/Build/Intermediates.noindex/swift-crypto.build/Debug-iphonesimulator/CryptoBoringWrapper.build/Objects-normal/arm64/CryptoBoringWrapper.abi.json (in target 'CryptoBoringWrapper' from project 'swift-crypto')
    cd /Users/j/Documents/GitHub/MoneroOne/build/SourcePackages/checkouts/swift-crypto
    builtin-copy -exclude .DS_Store -exclude CVS -exclude .svn -exclude .git -exclude .hg -resolve-src-symlinks -rename /Users/j/Documents/GitHub/MoneroOne/build/Build/Intermediates.noindex/swift-crypto.build/Debug-iphonesimulator/CryptoBoringWrapper.build/Objects-normal/arm64/CryptoBoringWrapper.abi.json /Users/j/Documents/GitHub/MoneroOne/build/Build/Products/Debug-iphonesimulator/CryptoBoringWrapper.swiftmodule/arm64-apple-ios-simulator.abi.json

Copy /Users/j/Documents/GitHub/MoneroOne/build/Build/Products/Debug-iphonesimulator/CryptoBoringWrapper.swiftmodule/Project/arm64-apple-ios-simulator.swiftsourceinfo /Users/j/Documents/GitHub/MoneroOne/build/Build/Intermediates.noindex/swift-crypto.build/Debug-iphonesimulator/CryptoBoringWrapper.build/Objects-normal/arm64/CryptoBoringWrapper.swiftsourceinfo (in target 'CryptoBoringWrapper' from project 'swift-crypto')
    cd /Users/j/Documents/GitHub/MoneroOne/build/SourcePackages/checkouts/swift-crypto
    builtin-copy -exclude .DS_Store -exclude CVS -exclude .svn -exclude .git -exclude .hg -resolve-src-symlinks -rename /Users/j/Documents/GitHub/MoneroOne/build/Build/Intermediates.noindex/swift-crypto.build/Debug-iphonesimulator/CryptoBoringWrapper.build/Objects-normal/arm64/CryptoBoringWrapper.swiftsourceinfo /Users/j/Documents/GitHub/MoneroOne/build/Build/Products/Debug-iphonesimulator/CryptoBoringWrapper.swiftmodule/Project/arm64-apple-ios-simulator.swiftsourceinfo

SwiftExplicitDependencyGeneratePcm arm64 /Users/j/Documents/GitHub/MoneroOne/build/ModuleCache.noindex/Accessibility-9MSOYRPSS2W9W9Q78O7BEGEDS.pcm

SwiftExplicitDependencyGeneratePcm arm64 /Users/j/Documents/GitHub/MoneroOne/build/ModuleCache.noindex/CoreGraphics-A0MXF6ICOYJZT3Z37CS6SFBUT.pcm

SwiftDriverJobDiscovery normal arm64 Emitting module for HsExtensions (in target 'HsExtensions' from project 'HsExtensions.Swift')

SwiftDriver\ Compilation\ Requirements HsExtensions normal arm64 com.apple.xcode.tools.swift.compiler (in target 'HsExtensions' from project 'HsExtensions.Swift')
    cd /Users/j/Documents/GitHub/MoneroOne/MoneroOne.xcodeproj
    builtin-Swift-Compilation-Requirements -- /Applications/Xcode.app/Contents/Developer/Toolchains/XcodeDefault.xctoolchain/usr/bin/swiftc -module-name HsExtensions -Onone -enforce-exclusivity\=checked @/Users/j/Documents/GitHub/MoneroOne/build/Build/Intermediates.noindex/HsExtensions.Swift.build/Debug-iphonesimulator/HsExtensions.build/Objects-normal/arm64/HsExtensions.SwiftFileList -DSWIFT_PACKAGE -DDEBUG -DSWIFT_MODULE_RESOURCE_BUNDLE_UNAVAILABLE -DXcode -plugin-path /Applications/Xcode.app/Contents/Developer/Toolchains/XcodeDefault.xctoolchain/usr/lib/swift/host/plugins/testing -enable-experimental-feature DebugDescriptionMacro -sdk /Applications/Xcode.app/Contents/Developer/Platforms/iPhoneSimulator.platform/Developer/SDKs/iPhoneSimulator26.1.sdk -target arm64-apple-ios13.0-simulator -g -module-cache-path /Users/j/Documents/GitHub/MoneroOne/build/ModuleCache.noindex -Xfrontend -serialize-debugging-options -enable-testing -suppress-warnings -index-store-path /Users/j/Documents/GitHub/MoneroOne/build/Index.noindex/DataStore -Xcc -D_LIBCPP_HARDENING_MODE\=_LIBCPP_HARDENING_MODE_DEBUG -swift-version 5 -I /Users/j/Documents/GitHub/MoneroOne/build/Build/Products/Debug-iphonesimulator -Isystem /Applications/Xcode.app/Contents/Developer/Platforms/iPhoneSimulator.platform/Developer/usr/lib -F /Users/j/Documents/GitHub/MoneroOne/build/Build/Products/Debug-iphonesimulator -F /Applications/Xcode.app/Contents/Developer/Platforms/iPhoneSimulator.platform/Developer/Library/Frameworks -F /Applications/Xcode.app/Contents/Developer/Platforms/iPhoneSimulator.platform/Developer/SDKs/iPhoneSimulator26.1.sdk/Developer/Library/Frameworks -c -j12 -enable-batch-mode -incremental -Xcc -ivfsstatcache -Xcc /Users/j/Documents/GitHub/MoneroOne/build/SDKStatCaches.noindex/iphonesimulator26.1-23B77-90cf18a4295e390e64c810bc6bd7acbc.sdkstatcache -output-file-map /Users/j/Documents/GitHub/MoneroOne/build/Build/Intermediates.noindex/HsExtensions.Swift.build/Debug-iphonesimulator/HsExtensions.build/Objects-normal/arm64/HsExtensions-OutputFileMap.json -use-frontend-parseable-output -save-temps -no-color-diagnostics -explicit-module-build -module-cache-path /Users/j/Documents/GitHub/MoneroOne/build/Build/Intermediates.noindex/SwiftExplicitPrecompiledModules -clang-scanner-module-cache-path /Users/j/Documents/GitHub/MoneroOne/build/ModuleCache.noindex -sdk-module-cache-path /Users/j/Documents/GitHub/MoneroOne/build/ModuleCache.noindex -serialize-diagnostics -emit-dependencies -emit-module -emit-module-path /Users/j/Documents/GitHub/MoneroOne/build/Build/Intermediates.noindex/HsExtensions.Swift.build/Debug-iphonesimulator/HsExtensions.build/Objects-normal/arm64/HsExtensions.swiftmodule -validate-clang-modules-once -clang-build-session-file /Users/j/Documents/GitHub/MoneroOne/build/ModuleCache.noindex/Session.modulevalidation -Xcc -I/Users/j/Documents/GitHub/MoneroOne/build/Build/Intermediates.noindex/HsExtensions.Swift.build/Debug-iphonesimulator/HsExtensions.build/swift-overrides.hmap -emit-const-values -Xfrontend -const-gather-protocols-file -Xfrontend /Users/j/Documents/GitHub/MoneroOne/build/Build/Intermediates.noindex/HsExtensions.Swift.build/Debug-iphonesimulator/HsExtensions.build/Objects-normal/arm64/HsExtensions_const_extract_protocols.json -Xcc -I/Users/j/Documents/GitHub/MoneroOne/build/Build/Products/Debug-iphonesimulator/include -Xcc -I/Users/j/Documents/GitHub/MoneroOne/build/Build/Intermediates.noindex/HsExtensions.Swift.build/Debug-iphonesimulator/HsExtensions.build/DerivedSources-normal/arm64 -Xcc -I/Users/j/Documents/GitHub/MoneroOne/build/Build/Intermediates.noindex/HsExtensions.Swift.build/Debug-iphonesimulator/HsExtensions.build/DerivedSources/arm64 -Xcc -I/Users/j/Documents/GitHub/MoneroOne/build/Build/Intermediates.noindex/HsExtensions.Swift.build/Debug-iphonesimulator/HsExtensions.build/DerivedSources -Xcc -DSWIFT_PACKAGE -Xcc -DDEBUG\=1 -emit-objc-header -emit-objc-header-path /Users/j/Documents/GitHub/MoneroOne/build/Build/Intermediates.noindex/HsExtensions.Swift.build/Debug-iphonesimulator/HsExtensions.build/Objects-normal/arm64/HsExtensions-Swift.h -working-directory /Users/j/Documents/GitHub/MoneroOne/MoneroOne.xcodeproj -experimental-emit-module-separately -disable-cmo

SwiftExplicitDependencyGeneratePcm arm64 /Users/j/Documents/GitHub/MoneroOne/build/ModuleCache.noindex/OSLog-CD75AB3V9Z31E5DDSRJ207I51.pcm

SwiftMergeGeneratedHeaders /Users/j/Documents/GitHub/MoneroOne/build/Build/Intermediates.noindex/GeneratedModuleMaps-iphonesimulator/HsExtensions-Swift.h /Users/j/Documents/GitHub/MoneroOne/build/Build/Intermediates.noindex/HsExtensions.Swift.build/Debug-iphonesimulator/HsExtensions.build/Objects-normal/arm64/HsExtensions-Swift.h (in target 'HsExtensions' from project 'HsExtensions.Swift')
    cd /Users/j/Documents/GitHub/MoneroOne/build/SourcePackages/checkouts/HsExtensions.Swift
    builtin-swiftHeaderTool -arch arm64 /Users/j/Documents/GitHub/MoneroOne/build/Build/Intermediates.noindex/HsExtensions.Swift.build/Debug-iphonesimulator/HsExtensions.build/Objects-normal/arm64/HsExtensions-Swift.h -o /Users/j/Documents/GitHub/MoneroOne/build/Build/Intermediates.noindex/GeneratedModuleMaps-iphonesimulator/HsExtensions-Swift.h

Copy /Users/j/Documents/GitHub/MoneroOne/build/Build/Products/Debug-iphonesimulator/HsExtensions.swiftmodule/arm64-apple-ios-simulator.swiftmodule /Users/j/Documents/GitHub/MoneroOne/build/Build/Intermediates.noindex/HsExtensions.Swift.build/Debug-iphonesimulator/HsExtensions.build/Objects-normal/arm64/HsExtensions.swiftmodule (in target 'HsExtensions' from project 'HsExtensions.Swift')
    cd /Users/j/Documents/GitHub/MoneroOne/build/SourcePackages/checkouts/HsExtensions.Swift
    builtin-copy -exclude .DS_Store -exclude CVS -exclude .svn -exclude .git -exclude .hg -resolve-src-symlinks -rename /Users/j/Documents/GitHub/MoneroOne/build/Build/Intermediates.noindex/HsExtensions.Swift.build/Debug-iphonesimulator/HsExtensions.build/Objects-normal/arm64/HsExtensions.swiftmodule /Users/j/Documents/GitHub/MoneroOne/build/Build/Products/Debug-iphonesimulator/HsExtensions.swiftmodule/arm64-apple-ios-simulator.swiftmodule

Copy /Users/j/Documents/GitHub/MoneroOne/build/Build/Products/Debug-iphonesimulator/HsExtensions.swiftmodule/arm64-apple-ios-simulator.swiftdoc /Users/j/Documents/GitHub/MoneroOne/build/Build/Intermediates.noindex/HsExtensions.Swift.build/Debug-iphonesimulator/HsExtensions.build/Objects-normal/arm64/HsExtensions.swiftdoc (in target 'HsExtensions' from project 'HsExtensions.Swift')
    cd /Users/j/Documents/GitHub/MoneroOne/build/SourcePackages/checkouts/HsExtensions.Swift
    builtin-copy -exclude .DS_Store -exclude CVS -exclude .svn -exclude .git -exclude .hg -resolve-src-symlinks -rename /Users/j/Documents/GitHub/MoneroOne/build/Build/Intermediates.noindex/HsExtensions.Swift.build/Debug-iphonesimulator/HsExtensions.build/Objects-normal/arm64/HsExtensions.swiftdoc /Users/j/Documents/GitHub/MoneroOne/build/Build/Products/Debug-iphonesimulator/HsExtensions.swiftmodule/arm64-apple-ios-simulator.swiftdoc

Copy /Users/j/Documents/GitHub/MoneroOne/build/Build/Products/Debug-iphonesimulator/HsExtensions.swiftmodule/arm64-apple-ios-simulator.abi.json /Users/j/Documents/GitHub/MoneroOne/build/Build/Intermediates.noindex/HsExtensions.Swift.build/Debug-iphonesimulator/HsExtensions.build/Objects-normal/arm64/HsExtensions.abi.json (in target 'HsExtensions' from project 'HsExtensions.Swift')
    cd /Users/j/Documents/GitHub/MoneroOne/build/SourcePackages/checkouts/HsExtensions.Swift
    builtin-copy -exclude .DS_Store -exclude CVS -exclude .svn -exclude .git -exclude .hg -resolve-src-symlinks -rename /Users/j/Documents/GitHub/MoneroOne/build/Build/Intermediates.noindex/HsExtensions.Swift.build/Debug-iphonesimulator/HsExtensions.build/Objects-normal/arm64/HsExtensions.abi.json /Users/j/Documents/GitHub/MoneroOne/build/Build/Products/Debug-iphonesimulator/HsExtensions.swiftmodule/arm64-apple-ios-simulator.abi.json

Copy /Users/j/Documents/GitHub/MoneroOne/build/Build/Products/Debug-iphonesimulator/HsExtensions.swiftmodule/Project/arm64-apple-ios-simulator.swiftsourceinfo /Users/j/Documents/GitHub/MoneroOne/build/Build/Intermediates.noindex/HsExtensions.Swift.build/Debug-iphonesimulator/HsExtensions.build/Objects-normal/arm64/HsExtensions.swiftsourceinfo (in target 'HsExtensions' from project 'HsExtensions.Swift')
    cd /Users/j/Documents/GitHub/MoneroOne/build/SourcePackages/checkouts/HsExtensions.Swift
    builtin-copy -exclude .DS_Store -exclude CVS -exclude .svn -exclude .git -exclude .hg -resolve-src-symlinks -rename /Users/j/Documents/GitHub/MoneroOne/build/Build/Intermediates.noindex/HsExtensions.Swift.build/Debug-iphonesimulator/HsExtensions.build/Objects-normal/arm64/HsExtensions.swiftsourceinfo /Users/j/Documents/GitHub/MoneroOne/build/Build/Products/Debug-iphonesimulator/HsExtensions.swiftmodule/Project/arm64-apple-ios-simulator.swiftsourceinfo

SwiftExplicitDependencyGeneratePcm arm64 /Users/j/Documents/GitHub/MoneroOne/build/ModuleCache.noindex/os-7R98ELMSE0FV97QIACC3ZIL1O.pcm

SwiftExplicitDependencyGeneratePcm arm64 /Users/j/Documents/GitHub/MoneroOne/build/ModuleCache.noindex/Network-CZ2X8HYAMI0686OJEWEH150C7.pcm

SwiftExplicitDependencyGeneratePcm arm64 /Users/j/Documents/GitHub/MoneroOne/build/ModuleCache.noindex/UIUtilities-DXD1VVJCT71IKK91MEQDIRHWP.pcm

SwiftExplicitDependencyGeneratePcm arm64 /Users/j/Documents/GitHub/MoneroOne/build/ModuleCache.noindex/CoreTransferable-5OFL9294HFCW4O0QPJCA8CZI7.pcm

CompileC /Users/j/Documents/GitHub/MoneroOne/build/Build/Intermediates.noindex/swift-nio-ssl.build/Debug-iphonesimulator/CNIOBoringSSL.build/Objects-normal/arm64/voprf.o /Users/j/Documents/GitHub/MoneroOne/build/SourcePackages/checkouts/swift-nio-ssl/Sources/CNIOBoringSSL/crypto/trust_token/voprf.cc normal arm64 c++ com.apple.compilers.llvm.clang.1_0.compiler (in target 'CNIOBoringSSL' from project 'swift-nio-ssl')
    cd /Users/j/Documents/GitHub/MoneroOne/MoneroOne.xcodeproj
    
    Using response file: /Users/j/Documents/GitHub/MoneroOne/build/Build/Intermediates.noindex/swift-nio-ssl.build/Debug-iphonesimulator/CNIOBoringSSL.build/Objects-normal/arm64/82b82416624d2658e5098eb0a28c15c5-common-args.resp
    
    /Applications/Xcode.app/Contents/Developer/Toolchains/XcodeDefault.xctoolchain/usr/bin/clang -x c++ -ivfsstatcache /Users/j/Documents/GitHub/MoneroOne/build/SDKStatCaches.noindex/iphonesimulator26.1-23B77-90cf18a4295e390e64c810bc6bd7acbc.sdkstatcache -fmessage-length\=0 -fdiagnostics-show-note-include-stack -fmacro-backtrace-limit\=0 -fno-color-diagnostics -fmodules-prune-interval\=86400 -fmodules-prune-after\=345600 -fbuild-session-file\=/Users/j/Documents/GitHub/MoneroOne/build/ModuleCache.noindex/Session.modulevalidation -fmodules-validate-once-per-build-session -Wnon-modular-include-in-framework-module -Werror\=non-modular-include-in-framework-module -Wno-trigraphs -Wno-missing-field-initializers -Wno-missing-prototypes -Wno-return-type -Wno-non-virtual-dtor -Wno-overloaded-virtual -Wno-exit-time-destructors -Wno-missing-braces -Wparentheses -Wswitch -Wno-unused-function -Wno-unused-label -Wno-unused-parameter -Wno-unused-variable -Wunused-value -Wno-empty-body -Wno-uninitialized -Wno-unknown-pragmas -w -Wno-shadow -Wno-four-char-constants -Wno-conversion -Wno-constant-conversion -Wno-int-conversion -Wno-bool-conversion -Wno-enum-conversion -Wno-float-conversion -Wno-non-literal-null-conversion -Wno-objc-literal-conversion -Wshorten-64-to-32 -Wno-newline-eof -Wno-c++11-extensions -Wno-implicit-fallthrough -fstrict-aliasing -Wdeprecated-declarations -Winvalid-offsetof -Wno-sign-conversion -Wno-infinite-recursion -Wno-move -Wno-comma -Wno-block-capture-autoreleasing -Wno-strict-prototypes -Wno-range-loop-analysis -Wno-semicolon-before-method-body -index-store-path /Users/j/Documents/GitHub/MoneroOne/build/Index.noindex/DataStore @/Users/j/Documents/GitHub/MoneroOne/build/Build/Intermediates.noindex/swift-nio-ssl.build/Debug-iphonesimulator/CNIOBoringSSL.build/Objects-normal/arm64/82b82416624d2658e5098eb0a28c15c5-common-args.resp -MMD -MT dependencies -MF /Users/j/Documents/GitHub/MoneroOne/build/Build/Intermediates.noindex/swift-nio-ssl.build/Debug-iphonesimulator/CNIOBoringSSL.build/Objects-normal/arm64/voprf.d --serialize-diagnostics /Users/j/Documents/GitHub/MoneroOne/build/Build/Intermediates.noindex/swift-nio-ssl.build/Debug-iphonesimulator/CNIOBoringSSL.build/Objects-normal/arm64/voprf.dia -c /Users/j/Documents/GitHub/MoneroOne/build/SourcePackages/checkouts/swift-nio-ssl/Sources/CNIOBoringSSL/crypto/trust_token/voprf.cc -o /Users/j/Documents/GitHub/MoneroOne/build/Build/Intermediates.noindex/swift-nio-ssl.build/Debug-iphonesimulator/CNIOBoringSSL.build/Objects-normal/arm64/voprf.o -index-unit-output-path /swift-nio-ssl.build/Debug-iphonesimulator/CNIOBoringSSL.build/Objects-normal/arm64/voprf.o

CompileC /Users/j/Documents/GitHub/MoneroOne/build/Build/Intermediates.noindex/swift-nio-ssl.build/Debug-iphonesimulator/CNIOBoringSSL.build/Objects-normal/arm64/v3_utl.o /Users/j/Documents/GitHub/MoneroOne/build/SourcePackages/checkouts/swift-nio-ssl/Sources/CNIOBoringSSL/crypto/x509/v3_utl.cc normal arm64 c++ com.apple.compilers.llvm.clang.1_0.compiler (in target 'CNIOBoringSSL' from project 'swift-nio-ssl')
    cd /Users/j/Documents/GitHub/MoneroOne/MoneroOne.xcodeproj
    
    Using response file: /Users/j/Documents/GitHub/MoneroOne/build/Build/Intermediates.noindex/swift-nio-ssl.build/Debug-iphonesimulator/CNIOBoringSSL.build/Objects-normal/arm64/82b82416624d2658e5098eb0a28c15c5-common-args.resp
    
    /Applications/Xcode.app/Contents/Developer/Toolchains/XcodeDefault.xctoolchain/usr/bin/clang -x c++ -ivfsstatcache /Users/j/Documents/GitHub/MoneroOne/build/SDKStatCaches.noindex/iphonesimulator26.1-23B77-90cf18a4295e390e64c810bc6bd7acbc.sdkstatcache -fmessage-length\=0 -fdiagnostics-show-note-include-stack -fmacro-backtrace-limit\=0 -fno-color-diagnostics -fmodules-prune-interval\=86400 -fmodules-prune-after\=345600 -fbuild-session-file\=/Users/j/Documents/GitHub/MoneroOne/build/ModuleCache.noindex/Session.modulevalidation -fmodules-validate-once-per-build-session -Wnon-modular-include-in-framework-module -Werror\=non-modular-include-in-framework-module -Wno-trigraphs -Wno-missing-field-initializers -Wno-missing-prototypes -Wno-return-type -Wno-non-virtual-dtor -Wno-overloaded-virtual -Wno-exit-time-destructors -Wno-missing-braces -Wparentheses -Wswitch -Wno-unused-function -Wno-unused-label -Wno-unused-parameter -Wno-unused-variable -Wunused-value -Wno-empty-body -Wno-uninitialized -Wno-unknown-pragmas -w -Wno-shadow -Wno-four-char-constants -Wno-conversion -Wno-constant-conversion -Wno-int-conversion -Wno-bool-conversion -Wno-enum-conversion -Wno-float-conversion -Wno-non-literal-null-conversion -Wno-objc-literal-conversion -Wshorten-64-to-32 -Wno-newline-eof -Wno-c++11-extensions -Wno-implicit-fallthrough -fstrict-aliasing -Wdeprecated-declarations -Winvalid-offsetof -Wno-sign-conversion -Wno-infinite-recursion -Wno-move -Wno-comma -Wno-block-capture-autoreleasing -Wno-strict-prototypes -Wno-range-loop-analysis -Wno-semicolon-before-method-body -index-store-path /Users/j/Documents/GitHub/MoneroOne/build/Index.noindex/DataStore @/Users/j/Documents/GitHub/MoneroOne/build/Build/Intermediates.noindex/swift-nio-ssl.build/Debug-iphonesimulator/CNIOBoringSSL.build/Objects-normal/arm64/82b82416624d2658e5098eb0a28c15c5-common-args.resp -MMD -MT dependencies -MF /Users/j/Documents/GitHub/MoneroOne/build/Build/Intermediates.noindex/swift-nio-ssl.build/Debug-iphonesimulator/CNIOBoringSSL.build/Objects-normal/arm64/v3_utl.d --serialize-diagnostics /Users/j/Documents/GitHub/MoneroOne/build/Build/Intermediates.noindex/swift-nio-ssl.build/Debug-iphonesimulator/CNIOBoringSSL.build/Objects-normal/arm64/v3_utl.dia -c /Users/j/Documents/GitHub/MoneroOne/build/SourcePackages/checkouts/swift-nio-ssl/Sources/CNIOBoringSSL/crypto/x509/v3_utl.cc -o /Users/j/Documents/GitHub/MoneroOne/build/Build/Intermediates.noindex/swift-nio-ssl.build/Debug-iphonesimulator/CNIOBoringSSL.build/Objects-normal/arm64/v3_utl.o -index-unit-output-path /swift-nio-ssl.build/Debug-iphonesimulator/CNIOBoringSSL.build/Objects-normal/arm64/v3_utl.o

SwiftDriverJobDiscovery normal arm64 Emitting module for Crypto (in target 'Crypto' from project 'swift-crypto')

SwiftDriver\ Compilation\ Requirements Crypto normal arm64 com.apple.xcode.tools.swift.compiler (in target 'Crypto' from project 'swift-crypto')
    cd /Users/j/Documents/GitHub/MoneroOne/MoneroOne.xcodeproj
    builtin-Swift-Compilation-Requirements -- /Applications/Xcode.app/Contents/Developer/Toolchains/XcodeDefault.xctoolchain/usr/bin/swiftc -module-name Crypto -Onone -enforce-exclusivity\=checked @/Users/j/Documents/GitHub/MoneroOne/build/Build/Intermediates.noindex/swift-crypto.build/Debug-iphonesimulator/Crypto.build/Objects-normal/arm64/Crypto.SwiftFileList -DSWIFT_PACKAGE -DDEBUG -DSWIFT_MODULE_RESOURCE_BUNDLE_UNAVAILABLE -DCRYPTO_IN_SWIFTPM -DXcode -plugin-path /Applications/Xcode.app/Contents/Developer/Toolchains/XcodeDefault.xctoolchain/usr/lib/swift/host/plugins/testing -enable-experimental-feature DebugDescriptionMacro -sdk /Applications/Xcode.app/Contents/Developer/Platforms/iPhoneSimulator.platform/Developer/SDKs/iPhoneSimulator26.1.sdk -target arm64-apple-ios13.0-simulator -g -module-cache-path /Users/j/Documents/GitHub/MoneroOne/build/ModuleCache.noindex -Xfrontend -serialize-debugging-options -enable-testing -suppress-warnings -index-store-path /Users/j/Documents/GitHub/MoneroOne/build/Index.noindex/DataStore -Xcc -D_LIBCPP_HARDENING_MODE\=_LIBCPP_HARDENING_MODE_DEBUG -swift-version 5 -I /Users/j/Documents/GitHub/MoneroOne/build/Build/Products/Debug-iphonesimulator -Isystem /Applications/Xcode.app/Contents/Developer/Platforms/iPhoneSimulator.platform/Developer/usr/lib -F /Users/j/Documents/GitHub/MoneroOne/build/Build/Products/Debug-iphonesimulator -F /Applications/Xcode.app/Contents/Developer/Platforms/iPhoneSimulator.platform/Developer/Library/Frameworks -F /Applications/Xcode.app/Contents/Developer/Platforms/iPhoneSimulator.platform/Developer/SDKs/iPhoneSimulator26.1.sdk/Developer/Library/Frameworks -c -j12 -enable-batch-mode -incremental -Xcc -ivfsstatcache -Xcc /Users/j/Documents/GitHub/MoneroOne/build/SDKStatCaches.noindex/iphonesimulator26.1-23B77-90cf18a4295e390e64c810bc6bd7acbc.sdkstatcache -output-file-map /Users/j/Documents/GitHub/MoneroOne/build/Build/Intermediates.noindex/swift-crypto.build/Debug-iphonesimulator/Crypto.build/Objects-normal/arm64/Crypto-OutputFileMap.json -use-frontend-parseable-output -save-temps -no-color-diagnostics -explicit-module-build -module-cache-path /Users/j/Documents/GitHub/MoneroOne/build/Build/Intermediates.noindex/SwiftExplicitPrecompiledModules -clang-scanner-module-cache-path /Users/j/Documents/GitHub/MoneroOne/build/ModuleCache.noindex -sdk-module-cache-path /Users/j/Documents/GitHub/MoneroOne/build/ModuleCache.noindex -serialize-diagnostics -emit-dependencies -emit-module -emit-module-path /Users/j/Documents/GitHub/MoneroOne/build/Build/Intermediates.noindex/swift-crypto.build/Debug-iphonesimulator/Crypto.build/Objects-normal/arm64/Crypto.swiftmodule -validate-clang-modules-once -clang-build-session-file /Users/j/Documents/GitHub/MoneroOne/build/ModuleCache.noindex/Session.modulevalidation -Xcc -I/Users/j/Documents/GitHub/MoneroOne/build/Build/Intermediates.noindex/swift-crypto.build/Debug-iphonesimulator/Crypto.build/swift-overrides.hmap -emit-const-values -Xfrontend -const-gather-protocols-file -Xfrontend /Users/j/Documents/GitHub/MoneroOne/build/Build/Intermediates.noindex/swift-crypto.build/Debug-iphonesimulator/Crypto.build/Objects-normal/arm64/Crypto_const_extract_protocols.json -Xcc -I/Users/j/Documents/GitHub/MoneroOne/build/Build/Products/Debug-iphonesimulator/include -Xcc -I/Users/j/Documents/GitHub/MoneroOne/build/Build/Intermediates.noindex/swift-crypto.build/Debug-iphonesimulator/Crypto.build/DerivedSources-normal/arm64 -Xcc -I/Users/j/Documents/GitHub/MoneroOne/build/Build/Intermediates.noindex/swift-crypto.build/Debug-iphonesimulator/Crypto.build/DerivedSources/arm64 -Xcc -I/Users/j/Documents/GitHub/MoneroOne/build/Build/Intermediates.noindex/swift-crypto.build/Debug-iphonesimulator/Crypto.build/DerivedSources -Xcc -DSWIFT_PACKAGE -Xcc -DDEBUG\=1 -emit-objc-header -emit-objc-header-path /Users/j/Documents/GitHub/MoneroOne/build/Build/Intermediates.noindex/swift-crypto.build/Debug-iphonesimulator/Crypto.build/Objects-normal/arm64/Crypto-Swift.h -working-directory /Users/j/Documents/GitHub/MoneroOne/MoneroOne.xcodeproj -experimental-emit-module-separately -disable-cmo

SwiftExplicitDependencyGeneratePcm arm64 /Users/j/Documents/GitHub/MoneroOne/build/ModuleCache.noindex/CoreText-8ICRSROO10RELGI0RGI5G94AL.pcm

SwiftMergeGeneratedHeaders /Users/j/Documents/GitHub/MoneroOne/build/Build/Intermediates.noindex/GeneratedModuleMaps-iphonesimulator/Crypto-Swift.h /Users/j/Documents/GitHub/MoneroOne/build/Build/Intermediates.noindex/swift-crypto.build/Debug-iphonesimulator/Crypto.build/Objects-normal/arm64/Crypto-Swift.h (in target 'Crypto' from project 'swift-crypto')
    cd /Users/j/Documents/GitHub/MoneroOne/build/SourcePackages/checkouts/swift-crypto
    builtin-swiftHeaderTool -arch arm64 /Users/j/Documents/GitHub/MoneroOne/build/Build/Intermediates.noindex/swift-crypto.build/Debug-iphonesimulator/Crypto.build/Objects-normal/arm64/Crypto-Swift.h -o /Users/j/Documents/GitHub/MoneroOne/build/Build/Intermediates.noindex/GeneratedModuleMaps-iphonesimulator/Crypto-Swift.h

Copy /Users/j/Documents/GitHub/MoneroOne/build/Build/Products/Debug-iphonesimulator/Crypto.swiftmodule/arm64-apple-ios-simulator.swiftmodule /Users/j/Documents/GitHub/MoneroOne/build/Build/Intermediates.noindex/swift-crypto.build/Debug-iphonesimulator/Crypto.build/Objects-normal/arm64/Crypto.swiftmodule (in target 'Crypto' from project 'swift-crypto')
    cd /Users/j/Documents/GitHub/MoneroOne/build/SourcePackages/checkouts/swift-crypto
    builtin-copy -exclude .DS_Store -exclude CVS -exclude .svn -exclude .git -exclude .hg -resolve-src-symlinks -rename /Users/j/Documents/GitHub/MoneroOne/build/Build/Intermediates.noindex/swift-crypto.build/Debug-iphonesimulator/Crypto.build/Objects-normal/arm64/Crypto.swiftmodule /Users/j/Documents/GitHub/MoneroOne/build/Build/Products/Debug-iphonesimulator/Crypto.swiftmodule/arm64-apple-ios-simulator.swiftmodule

Copy /Users/j/Documents/GitHub/MoneroOne/build/Build/Products/Debug-iphonesimulator/Crypto.swiftmodule/arm64-apple-ios-simulator.swiftdoc /Users/j/Documents/GitHub/MoneroOne/build/Build/Intermediates.noindex/swift-crypto.build/Debug-iphonesimulator/Crypto.build/Objects-normal/arm64/Crypto.swiftdoc (in target 'Crypto' from project 'swift-crypto')
    cd /Users/j/Documents/GitHub/MoneroOne/build/SourcePackages/checkouts/swift-crypto
    builtin-copy -exclude .DS_Store -exclude CVS -exclude .svn -exclude .git -exclude .hg -resolve-src-symlinks -rename /Users/j/Documents/GitHub/MoneroOne/build/Build/Intermediates.noindex/swift-crypto.build/Debug-iphonesimulator/Crypto.build/Objects-normal/arm64/Crypto.swiftdoc /Users/j/Documents/GitHub/MoneroOne/build/Build/Products/Debug-iphonesimulator/Crypto.swiftmodule/arm64-apple-ios-simulator.swiftdoc

Copy /Users/j/Documents/GitHub/MoneroOne/build/Build/Products/Debug-iphonesimulator/Crypto.swiftmodule/arm64-apple-ios-simulator.abi.json /Users/j/Documents/GitHub/MoneroOne/build/Build/Intermediates.noindex/swift-crypto.build/Debug-iphonesimulator/Crypto.build/Objects-normal/arm64/Crypto.abi.json (in target 'Crypto' from project 'swift-crypto')
    cd /Users/j/Documents/GitHub/MoneroOne/build/SourcePackages/checkouts/swift-crypto
    builtin-copy -exclude .DS_Store -exclude CVS -exclude .svn -exclude .git -exclude .hg -resolve-src-symlinks -rename /Users/j/Documents/GitHub/MoneroOne/build/Build/Intermediates.noindex/swift-crypto.build/Debug-iphonesimulator/Crypto.build/Objects-normal/arm64/Crypto.abi.json /Users/j/Documents/GitHub/MoneroOne/build/Build/Products/Debug-iphonesimulator/Crypto.swiftmodule/arm64-apple-ios-simulator.abi.json

Copy /Users/j/Documents/GitHub/MoneroOne/build/Build/Products/Debug-iphonesimulator/Crypto.swiftmodule/Project/arm64-apple-ios-simulator.swiftsourceinfo /Users/j/Documents/GitHub/MoneroOne/build/Build/Intermediates.noindex/swift-crypto.build/Debug-iphonesimulator/Crypto.build/Objects-normal/arm64/Crypto.swiftsourceinfo (in target 'Crypto' from project 'swift-crypto')
    cd /Users/j/Documents/GitHub/MoneroOne/build/SourcePackages/checkouts/swift-crypto
    builtin-copy -exclude .DS_Store -exclude CVS -exclude .svn -exclude .git -exclude .hg -resolve-src-symlinks -rename /Users/j/Documents/GitHub/MoneroOne/build/Build/Intermediates.noindex/swift-crypto.build/Debug-iphonesimulator/Crypto.build/Objects-normal/arm64/Crypto.swiftsourceinfo /Users/j/Documents/GitHub/MoneroOne/build/Build/Products/Debug-iphonesimulator/Crypto.swiftmodule/Project/arm64-apple-ios-simulator.swiftsourceinfo

SwiftExplicitDependencyGeneratePcm arm64 /Users/j/Documents/GitHub/MoneroOne/build/ModuleCache.noindex/ImageIO-8LRWPY5VWVBF1CW99ZIH3HOVE.pcm

CompileC /Users/j/Documents/GitHub/MoneroOne/build/Build/Intermediates.noindex/swift-nio-ssl.build/Debug-iphonesimulator/CNIOBoringSSL.build/Objects-normal/arm64/v3_skey.o /Users/j/Documents/GitHub/MoneroOne/build/SourcePackages/checkouts/swift-nio-ssl/Sources/CNIOBoringSSL/crypto/x509/v3_skey.cc normal arm64 c++ com.apple.compilers.llvm.clang.1_0.compiler (in target 'CNIOBoringSSL' from project 'swift-nio-ssl')
    cd /Users/j/Documents/GitHub/MoneroOne/MoneroOne.xcodeproj
    
    Using response file: /Users/j/Documents/GitHub/MoneroOne/build/Build/Intermediates.noindex/swift-nio-ssl.build/Debug-iphonesimulator/CNIOBoringSSL.build/Objects-normal/arm64/82b82416624d2658e5098eb0a28c15c5-common-args.resp
    
    /Applications/Xcode.app/Contents/Developer/Toolchains/XcodeDefault.xctoolchain/usr/bin/clang -x c++ -ivfsstatcache /Users/j/Documents/GitHub/MoneroOne/build/SDKStatCaches.noindex/iphonesimulator26.1-23B77-90cf18a4295e390e64c810bc6bd7acbc.sdkstatcache -fmessage-length\=0 -fdiagnostics-show-note-include-stack -fmacro-backtrace-limit\=0 -fno-color-diagnostics -fmodules-prune-interval\=86400 -fmodules-prune-after\=345600 -fbuild-session-file\=/Users/j/Documents/GitHub/MoneroOne/build/ModuleCache.noindex/Session.modulevalidation -fmodules-validate-once-per-build-session -Wnon-modular-include-in-framework-module -Werror\=non-modular-include-in-framework-module -Wno-trigraphs -Wno-missing-field-initializers -Wno-missing-prototypes -Wno-return-type -Wno-non-virtual-dtor -Wno-overloaded-virtual -Wno-exit-time-destructors -Wno-missing-braces -Wparentheses -Wswitch -Wno-unused-function -Wno-unused-label -Wno-unused-parameter -Wno-unused-variable -Wunused-value -Wno-empty-body -Wno-uninitialized -Wno-unknown-pragmas -w -Wno-shadow -Wno-four-char-constants -Wno-conversion -Wno-constant-conversion -Wno-int-conversion -Wno-bool-conversion -Wno-enum-conversion -Wno-float-conversion -Wno-non-literal-null-conversion -Wno-objc-literal-conversion -Wshorten-64-to-32 -Wno-newline-eof -Wno-c++11-extensions -Wno-implicit-fallthrough -fstrict-aliasing -Wdeprecated-declarations -Winvalid-offsetof -Wno-sign-conversion -Wno-infinite-recursion -Wno-move -Wno-comma -Wno-block-capture-autoreleasing -Wno-strict-prototypes -Wno-range-loop-analysis -Wno-semicolon-before-method-body -index-store-path /Users/j/Documents/GitHub/MoneroOne/build/Index.noindex/DataStore @/Users/j/Documents/GitHub/MoneroOne/build/Build/Intermediates.noindex/swift-nio-ssl.build/Debug-iphonesimulator/CNIOBoringSSL.build/Objects-normal/arm64/82b82416624d2658e5098eb0a28c15c5-common-args.resp -MMD -MT dependencies -MF /Users/j/Documents/GitHub/MoneroOne/build/Build/Intermediates.noindex/swift-nio-ssl.build/Debug-iphonesimulator/CNIOBoringSSL.build/Objects-normal/arm64/v3_skey.d --serialize-diagnostics /Users/j/Documents/GitHub/MoneroOne/build/Build/Intermediates.noindex/swift-nio-ssl.build/Debug-iphonesimulator/CNIOBoringSSL.build/Objects-normal/arm64/v3_skey.dia -c /Users/j/Documents/GitHub/MoneroOne/build/SourcePackages/checkouts/swift-nio-ssl/Sources/CNIOBoringSSL/crypto/x509/v3_skey.cc -o /Users/j/Documents/GitHub/MoneroOne/build/Build/Intermediates.noindex/swift-nio-ssl.build/Debug-iphonesimulator/CNIOBoringSSL.build/Objects-normal/arm64/v3_skey.o -index-unit-output-path /swift-nio-ssl.build/Debug-iphonesimulator/CNIOBoringSSL.build/Objects-normal/arm64/v3_skey.o

CompileC /Users/j/Documents/GitHub/MoneroOne/build/Build/Intermediates.noindex/swift-nio-ssl.build/Debug-iphonesimulator/CNIOBoringSSL.build/Objects-normal/arm64/v3_purp.o /Users/j/Documents/GitHub/MoneroOne/build/SourcePackages/checkouts/swift-nio-ssl/Sources/CNIOBoringSSL/crypto/x509/v3_purp.cc normal arm64 c++ com.apple.compilers.llvm.clang.1_0.compiler (in target 'CNIOBoringSSL' from project 'swift-nio-ssl')
    cd /Users/j/Documents/GitHub/MoneroOne/MoneroOne.xcodeproj
    
    Using response file: /Users/j/Documents/GitHub/MoneroOne/build/Build/Intermediates.noindex/swift-nio-ssl.build/Debug-iphonesimulator/CNIOBoringSSL.build/Objects-normal/arm64/82b82416624d2658e5098eb0a28c15c5-common-args.resp
    
    /Applications/Xcode.app/Contents/Developer/Toolchains/XcodeDefault.xctoolchain/usr/bin/clang -x c++ -ivfsstatcache /Users/j/Documents/GitHub/MoneroOne/build/SDKStatCaches.noindex/iphonesimulator26.1-23B77-90cf18a4295e390e64c810bc6bd7acbc.sdkstatcache -fmessage-length\=0 -fdiagnostics-show-note-include-stack -fmacro-backtrace-limit\=0 -fno-color-diagnostics -fmodules-prune-interval\=86400 -fmodules-prune-after\=345600 -fbuild-session-file\=/Users/j/Documents/GitHub/MoneroOne/build/ModuleCache.noindex/Session.modulevalidation -fmodules-validate-once-per-build-session -Wnon-modular-include-in-framework-module -Werror\=non-modular-include-in-framework-module -Wno-trigraphs -Wno-missing-field-initializers -Wno-missing-prototypes -Wno-return-type -Wno-non-virtual-dtor -Wno-overloaded-virtual -Wno-exit-time-destructors -Wno-missing-braces -Wparentheses -Wswitch -Wno-unused-function -Wno-unused-label -Wno-unused-parameter -Wno-unused-variable -Wunused-value -Wno-empty-body -Wno-uninitialized -Wno-unknown-pragmas -w -Wno-shadow -Wno-four-char-constants -Wno-conversion -Wno-constant-conversion -Wno-int-conversion -Wno-bool-conversion -Wno-enum-conversion -Wno-float-conversion -Wno-non-literal-null-conversion -Wno-objc-literal-conversion -Wshorten-64-to-32 -Wno-newline-eof -Wno-c++11-extensions -Wno-implicit-fallthrough -fstrict-aliasing -Wdeprecated-declarations -Winvalid-offsetof -Wno-sign-conversion -Wno-infinite-recursion -Wno-move -Wno-comma -Wno-block-capture-autoreleasing -Wno-strict-prototypes -Wno-range-loop-analysis -Wno-semicolon-before-method-body -index-store-path /Users/j/Documents/GitHub/MoneroOne/build/Index.noindex/DataStore @/Users/j/Documents/GitHub/MoneroOne/build/Build/Intermediates.noindex/swift-nio-ssl.build/Debug-iphonesimulator/CNIOBoringSSL.build/Objects-normal/arm64/82b82416624d2658e5098eb0a28c15c5-common-args.resp -MMD -MT dependencies -MF /Users/j/Documents/GitHub/MoneroOne/build/Build/Intermediates.noindex/swift-nio-ssl.build/Debug-iphonesimulator/CNIOBoringSSL.build/Objects-normal/arm64/v3_purp.d --serialize-diagnostics /Users/j/Documents/GitHub/MoneroOne/build/Build/Intermediates.noindex/swift-nio-ssl.build/Debug-iphonesimulator/CNIOBoringSSL.build/Objects-normal/arm64/v3_purp.dia -c /Users/j/Documents/GitHub/MoneroOne/build/SourcePackages/checkouts/swift-nio-ssl/Sources/CNIOBoringSSL/crypto/x509/v3_purp.cc -o /Users/j/Documents/GitHub/MoneroOne/build/Build/Intermediates.noindex/swift-nio-ssl.build/Debug-iphonesimulator/CNIOBoringSSL.build/Objects-normal/arm64/v3_purp.o -index-unit-output-path /swift-nio-ssl.build/Debug-iphonesimulator/CNIOBoringSSL.build/Objects-normal/arm64/v3_purp.o

SwiftDriverJobDiscovery normal arm64 Emitting module for BigInt (in target 'BigInt' from project 'BigInt')

SwiftDriver\ Compilation\ Requirements BigInt normal arm64 com.apple.xcode.tools.swift.compiler (in target 'BigInt' from project 'BigInt')
    cd /Users/j/Documents/GitHub/MoneroOne/MoneroOne.xcodeproj
    builtin-Swift-Compilation-Requirements -- /Applications/Xcode.app/Contents/Developer/Toolchains/XcodeDefault.xctoolchain/usr/bin/swiftc -module-name BigInt -Onone -enforce-exclusivity\=checked @/Users/j/Documents/GitHub/MoneroOne/build/Build/Intermediates.noindex/BigInt.build/Debug-iphonesimulator/BigInt.build/Objects-normal/arm64/BigInt.SwiftFileList -DSWIFT_PACKAGE -DDEBUG -DSWIFT_MODULE_RESOURCE_BUNDLE_UNAVAILABLE -DXcode -enable-experimental-feature StrictConcurrency -plugin-path /Applications/Xcode.app/Contents/Developer/Toolchains/XcodeDefault.xctoolchain/usr/lib/swift/host/plugins/testing -enable-experimental-feature DebugDescriptionMacro -sdk /Applications/Xcode.app/Contents/Developer/Platforms/iPhoneSimulator.platform/Developer/SDKs/iPhoneSimulator26.1.sdk -target arm64-apple-ios12.0-simulator -g -module-cache-path /Users/j/Documents/GitHub/MoneroOne/build/ModuleCache.noindex -Xfrontend -serialize-debugging-options -enable-testing -suppress-warnings -index-store-path /Users/j/Documents/GitHub/MoneroOne/build/Index.noindex/DataStore -Xcc -D_LIBCPP_HARDENING_MODE\=_LIBCPP_HARDENING_MODE_DEBUG -swift-version 5 -I /Users/j/Documents/GitHub/MoneroOne/build/Build/Products/Debug-iphonesimulator -Isystem /Applications/Xcode.app/Contents/Developer/Platforms/iPhoneSimulator.platform/Developer/usr/lib -F /Users/j/Documents/GitHub/MoneroOne/build/Build/Products/Debug-iphonesimulator -F /Applications/Xcode.app/Contents/Developer/Platforms/iPhoneSimulator.platform/Developer/Library/Frameworks -F /Applications/Xcode.app/Contents/Developer/Platforms/iPhoneSimulator.platform/Developer/SDKs/iPhoneSimulator26.1.sdk/Developer/Library/Frameworks -c -j12 -enable-batch-mode -incremental -Xcc -ivfsstatcache -Xcc /Users/j/Documents/GitHub/MoneroOne/build/SDKStatCaches.noindex/iphonesimulator26.1-23B77-90cf18a4295e390e64c810bc6bd7acbc.sdkstatcache -output-file-map /Users/j/Documents/GitHub/MoneroOne/build/Build/Intermediates.noindex/BigInt.build/Debug-iphonesimulator/BigInt.build/Objects-normal/arm64/BigInt-OutputFileMap.json -use-frontend-parseable-output -save-temps -no-color-diagnostics -explicit-module-build -module-cache-path /Users/j/Documents/GitHub/MoneroOne/build/Build/Intermediates.noindex/SwiftExplicitPrecompiledModules -clang-scanner-module-cache-path /Users/j/Documents/GitHub/MoneroOne/build/ModuleCache.noindex -sdk-module-cache-path /Users/j/Documents/GitHub/MoneroOne/build/ModuleCache.noindex -serialize-diagnostics -emit-dependencies -emit-module -emit-module-path /Users/j/Documents/GitHub/MoneroOne/build/Build/Intermediates.noindex/BigInt.build/Debug-iphonesimulator/BigInt.build/Objects-normal/arm64/BigInt.swiftmodule -validate-clang-modules-once -clang-build-session-file /Users/j/Documents/GitHub/MoneroOne/build/ModuleCache.noindex/Session.modulevalidation -package-name bigint -Xcc -I/Users/j/Documents/GitHub/MoneroOne/build/Build/Intermediates.noindex/BigInt.build/Debug-iphonesimulator/BigInt.build/swift-overrides.hmap -emit-const-values -Xfrontend -const-gather-protocols-file -Xfrontend /Users/j/Documents/GitHub/MoneroOne/build/Build/Intermediates.noindex/BigInt.build/Debug-iphonesimulator/BigInt.build/Objects-normal/arm64/BigInt_const_extract_protocols.json -Xcc -I/Users/j/Documents/GitHub/MoneroOne/build/Build/Products/Debug-iphonesimulator/include -Xcc -I/Users/j/Documents/GitHub/MoneroOne/build/Build/Intermediates.noindex/BigInt.build/Debug-iphonesimulator/BigInt.build/DerivedSources-normal/arm64 -Xcc -I/Users/j/Documents/GitHub/MoneroOne/build/Build/Intermediates.noindex/BigInt.build/Debug-iphonesimulator/BigInt.build/DerivedSources/arm64 -Xcc -I/Users/j/Documents/GitHub/MoneroOne/build/Build/Intermediates.noindex/BigInt.build/Debug-iphonesimulator/BigInt.build/DerivedSources -Xcc -DSWIFT_PACKAGE -Xcc -DDEBUG\=1 -emit-objc-header -emit-objc-header-path /Users/j/Documents/GitHub/MoneroOne/build/Build/Intermediates.noindex/BigInt.build/Debug-iphonesimulator/BigInt.build/Objects-normal/arm64/BigInt-Swift.h -working-directory /Users/j/Documents/GitHub/MoneroOne/MoneroOne.xcodeproj -experimental-emit-module-separately -disable-cmo

SwiftExplicitDependencyGeneratePcm arm64 /Users/j/Documents/GitHub/MoneroOne/build/ModuleCache.noindex/CoreVideo-7QRB8WL57FV5WBT2PGVVMM1RO.pcm

CompileC /Users/j/Documents/GitHub/MoneroOne/build/Build/Intermediates.noindex/swift-nio-ssl.build/Debug-iphonesimulator/CNIOBoringSSL.build/Objects-normal/arm64/v3_prn.o /Users/j/Documents/GitHub/MoneroOne/build/SourcePackages/checkouts/swift-nio-ssl/Sources/CNIOBoringSSL/crypto/x509/v3_prn.cc normal arm64 c++ com.apple.compilers.llvm.clang.1_0.compiler (in target 'CNIOBoringSSL' from project 'swift-nio-ssl')
    cd /Users/j/Documents/GitHub/MoneroOne/MoneroOne.xcodeproj
    
    Using response file: /Users/j/Documents/GitHub/MoneroOne/build/Build/Intermediates.noindex/swift-nio-ssl.build/Debug-iphonesimulator/CNIOBoringSSL.build/Objects-normal/arm64/82b82416624d2658e5098eb0a28c15c5-common-args.resp
    
    /Applications/Xcode.app/Contents/Developer/Toolchains/XcodeDefault.xctoolchain/usr/bin/clang -x c++ -ivfsstatcache /Users/j/Documents/GitHub/MoneroOne/build/SDKStatCaches.noindex/iphonesimulator26.1-23B77-90cf18a4295e390e64c810bc6bd7acbc.sdkstatcache -fmessage-length\=0 -fdiagnostics-show-note-include-stack -fmacro-backtrace-limit\=0 -fno-color-diagnostics -fmodules-prune-interval\=86400 -fmodules-prune-after\=345600 -fbuild-session-file\=/Users/j/Documents/GitHub/MoneroOne/build/ModuleCache.noindex/Session.modulevalidation -fmodules-validate-once-per-build-session -Wnon-modular-include-in-framework-module -Werror\=non-modular-include-in-framework-module -Wno-trigraphs -Wno-missing-field-initializers -Wno-missing-prototypes -Wno-return-type -Wno-non-virtual-dtor -Wno-overloaded-virtual -Wno-exit-time-destructors -Wno-missing-braces -Wparentheses -Wswitch -Wno-unused-function -Wno-unused-label -Wno-unused-parameter -Wno-unused-variable -Wunused-value -Wno-empty-body -Wno-uninitialized -Wno-unknown-pragmas -w -Wno-shadow -Wno-four-char-constants -Wno-conversion -Wno-constant-conversion -Wno-int-conversion -Wno-bool-conversion -Wno-enum-conversion -Wno-float-conversion -Wno-non-literal-null-conversion -Wno-objc-literal-conversion -Wshorten-64-to-32 -Wno-newline-eof -Wno-c++11-extensions -Wno-implicit-fallthrough -fstrict-aliasing -Wdeprecated-declarations -Winvalid-offsetof -Wno-sign-conversion -Wno-infinite-recursion -Wno-move -Wno-comma -Wno-block-capture-autoreleasing -Wno-strict-prototypes -Wno-range-loop-analysis -Wno-semicolon-before-method-body -index-store-path /Users/j/Documents/GitHub/MoneroOne/build/Index.noindex/DataStore @/Users/j/Documents/GitHub/MoneroOne/build/Build/Intermediates.noindex/swift-nio-ssl.build/Debug-iphonesimulator/CNIOBoringSSL.build/Objects-normal/arm64/82b82416624d2658e5098eb0a28c15c5-common-args.resp -MMD -MT dependencies -MF /Users/j/Documents/GitHub/MoneroOne/build/Build/Intermediates.noindex/swift-nio-ssl.build/Debug-iphonesimulator/CNIOBoringSSL.build/Objects-normal/arm64/v3_prn.d --serialize-diagnostics /Users/j/Documents/GitHub/MoneroOne/build/Build/Intermediates.noindex/swift-nio-ssl.build/Debug-iphonesimulator/CNIOBoringSSL.build/Objects-normal/arm64/v3_prn.dia -c /Users/j/Documents/GitHub/MoneroOne/build/SourcePackages/checkouts/swift-nio-ssl/Sources/CNIOBoringSSL/crypto/x509/v3_prn.cc -o /Users/j/Documents/GitHub/MoneroOne/build/Build/Intermediates.noindex/swift-nio-ssl.build/Debug-iphonesimulator/CNIOBoringSSL.build/Objects-normal/arm64/v3_prn.o -index-unit-output-path /swift-nio-ssl.build/Debug-iphonesimulator/CNIOBoringSSL.build/Objects-normal/arm64/v3_prn.o

SwiftMergeGeneratedHeaders /Users/j/Documents/GitHub/MoneroOne/build/Build/Intermediates.noindex/GeneratedModuleMaps-iphonesimulator/BigInt-Swift.h /Users/j/Documents/GitHub/MoneroOne/build/Build/Intermediates.noindex/BigInt.build/Debug-iphonesimulator/BigInt.build/Objects-normal/arm64/BigInt-Swift.h (in target 'BigInt' from project 'BigInt')
    cd /Users/j/Documents/GitHub/MoneroOne/build/SourcePackages/checkouts/BigInt
    builtin-swiftHeaderTool -arch arm64 /Users/j/Documents/GitHub/MoneroOne/build/Build/Intermediates.noindex/BigInt.build/Debug-iphonesimulator/BigInt.build/Objects-normal/arm64/BigInt-Swift.h -o /Users/j/Documents/GitHub/MoneroOne/build/Build/Intermediates.noindex/GeneratedModuleMaps-iphonesimulator/BigInt-Swift.h

Copy /Users/j/Documents/GitHub/MoneroOne/build/Build/Products/Debug-iphonesimulator/BigInt.swiftmodule/arm64-apple-ios-simulator.swiftmodule /Users/j/Documents/GitHub/MoneroOne/build/Build/Intermediates.noindex/BigInt.build/Debug-iphonesimulator/BigInt.build/Objects-normal/arm64/BigInt.swiftmodule (in target 'BigInt' from project 'BigInt')
    cd /Users/j/Documents/GitHub/MoneroOne/build/SourcePackages/checkouts/BigInt
    builtin-copy -exclude .DS_Store -exclude CVS -exclude .svn -exclude .git -exclude .hg -resolve-src-symlinks -rename /Users/j/Documents/GitHub/MoneroOne/build/Build/Intermediates.noindex/BigInt.build/Debug-iphonesimulator/BigInt.build/Objects-normal/arm64/BigInt.swiftmodule /Users/j/Documents/GitHub/MoneroOne/build/Build/Products/Debug-iphonesimulator/BigInt.swiftmodule/arm64-apple-ios-simulator.swiftmodule

Copy /Users/j/Documents/GitHub/MoneroOne/build/Build/Products/Debug-iphonesimulator/BigInt.swiftmodule/arm64-apple-ios-simulator.swiftdoc /Users/j/Documents/GitHub/MoneroOne/build/Build/Intermediates.noindex/BigInt.build/Debug-iphonesimulator/BigInt.build/Objects-normal/arm64/BigInt.swiftdoc (in target 'BigInt' from project 'BigInt')
    cd /Users/j/Documents/GitHub/MoneroOne/build/SourcePackages/checkouts/BigInt
    builtin-copy -exclude .DS_Store -exclude CVS -exclude .svn -exclude .git -exclude .hg -resolve-src-symlinks -rename /Users/j/Documents/GitHub/MoneroOne/build/Build/Intermediates.noindex/BigInt.build/Debug-iphonesimulator/BigInt.build/Objects-normal/arm64/BigInt.swiftdoc /Users/j/Documents/GitHub/MoneroOne/build/Build/Products/Debug-iphonesimulator/BigInt.swiftmodule/arm64-apple-ios-simulator.swiftdoc

Copy /Users/j/Documents/GitHub/MoneroOne/build/Build/Products/Debug-iphonesimulator/BigInt.swiftmodule/arm64-apple-ios-simulator.abi.json /Users/j/Documents/GitHub/MoneroOne/build/Build/Intermediates.noindex/BigInt.build/Debug-iphonesimulator/BigInt.build/Objects-normal/arm64/BigInt.abi.json (in target 'BigInt' from project 'BigInt')
    cd /Users/j/Documents/GitHub/MoneroOne/build/SourcePackages/checkouts/BigInt
    builtin-copy -exclude .DS_Store -exclude CVS -exclude .svn -exclude .git -exclude .hg -resolve-src-symlinks -rename /Users/j/Documents/GitHub/MoneroOne/build/Build/Intermediates.noindex/BigInt.build/Debug-iphonesimulator/BigInt.build/Objects-normal/arm64/BigInt.abi.json /Users/j/Documents/GitHub/MoneroOne/build/Build/Products/Debug-iphonesimulator/BigInt.swiftmodule/arm64-apple-ios-simulator.abi.json

Copy /Users/j/Documents/GitHub/MoneroOne/build/Build/Products/Debug-iphonesimulator/BigInt.swiftmodule/Project/arm64-apple-ios-simulator.swiftsourceinfo /Users/j/Documents/GitHub/MoneroOne/build/Build/Intermediates.noindex/BigInt.build/Debug-iphonesimulator/BigInt.build/Objects-normal/arm64/BigInt.swiftsourceinfo (in target 'BigInt' from project 'BigInt')
    cd /Users/j/Documents/GitHub/MoneroOne/build/SourcePackages/checkouts/BigInt
    builtin-copy -exclude .DS_Store -exclude CVS -exclude .svn -exclude .git -exclude .hg -resolve-src-symlinks -rename /Users/j/Documents/GitHub/MoneroOne/build/Build/Intermediates.noindex/BigInt.build/Debug-iphonesimulator/BigInt.build/Objects-normal/arm64/BigInt.swiftsourceinfo /Users/j/Documents/GitHub/MoneroOne/build/Build/Products/Debug-iphonesimulator/BigInt.swiftmodule/Project/arm64-apple-ios-simulator.swiftsourceinfo

SwiftEmitModule normal arm64 Emitting\ module\ for\ Alamofire (in target 'Alamofire' from project 'Alamofire')

EmitSwiftModule normal arm64 (in target 'Alamofire' from project 'Alamofire')
    cd /Users/j/Documents/GitHub/MoneroOne/MoneroOne.xcodeproj
    

CompileC /Users/j/Documents/GitHub/MoneroOne/build/Build/Intermediates.noindex/swift-nio-ssl.build/Debug-iphonesimulator/CNIOBoringSSL.build/Objects-normal/arm64/v3_pmaps.o /Users/j/Documents/GitHub/MoneroOne/build/SourcePackages/checkouts/swift-nio-ssl/Sources/CNIOBoringSSL/crypto/x509/v3_pmaps.cc normal arm64 c++ com.apple.compilers.llvm.clang.1_0.compiler (in target 'CNIOBoringSSL' from project 'swift-nio-ssl')
    cd /Users/j/Documents/GitHub/MoneroOne/MoneroOne.xcodeproj
    
    Using response file: /Users/j/Documents/GitHub/MoneroOne/build/Build/Intermediates.noindex/swift-nio-ssl.build/Debug-iphonesimulator/CNIOBoringSSL.build/Objects-normal/arm64/82b82416624d2658e5098eb0a28c15c5-common-args.resp
    
    /Applications/Xcode.app/Contents/Developer/Toolchains/XcodeDefault.xctoolchain/usr/bin/clang -x c++ -ivfsstatcache /Users/j/Documents/GitHub/MoneroOne/build/SDKStatCaches.noindex/iphonesimulator26.1-23B77-90cf18a4295e390e64c810bc6bd7acbc.sdkstatcache -fmessage-length\=0 -fdiagnostics-show-note-include-stack -fmacro-backtrace-limit\=0 -fno-color-diagnostics -fmodules-prune-interval\=86400 -fmodules-prune-after\=345600 -fbuild-session-file\=/Users/j/Documents/GitHub/MoneroOne/build/ModuleCache.noindex/Session.modulevalidation -fmodules-validate-once-per-build-session -Wnon-modular-include-in-framework-module -Werror\=non-modular-include-in-framework-module -Wno-trigraphs -Wno-missing-field-initializers -Wno-missing-prototypes -Wno-return-type -Wno-non-virtual-dtor -Wno-overloaded-virtual -Wno-exit-time-destructors -Wno-missing-braces -Wparentheses -Wswitch -Wno-unused-function -Wno-unused-label -Wno-unused-parameter -Wno-unused-variable -Wunused-value -Wno-empty-body -Wno-uninitialized -Wno-unknown-pragmas -w -Wno-shadow -Wno-four-char-constants -Wno-conversion -Wno-constant-conversion -Wno-int-conversion -Wno-bool-conversion -Wno-enum-conversion -Wno-float-conversion -Wno-non-literal-null-conversion -Wno-objc-literal-conversion -Wshorten-64-to-32 -Wno-newline-eof -Wno-c++11-extensions -Wno-implicit-fallthrough -fstrict-aliasing -Wdeprecated-declarations -Winvalid-offsetof -Wno-sign-conversion -Wno-infinite-recursion -Wno-move -Wno-comma -Wno-block-capture-autoreleasing -Wno-strict-prototypes -Wno-range-loop-analysis -Wno-semicolon-before-method-body -index-store-path /Users/j/Documents/GitHub/MoneroOne/build/Index.noindex/DataStore @/Users/j/Documents/GitHub/MoneroOne/build/Build/Intermediates.noindex/swift-nio-ssl.build/Debug-iphonesimulator/CNIOBoringSSL.build/Objects-normal/arm64/82b82416624d2658e5098eb0a28c15c5-common-args.resp -MMD -MT dependencies -MF /Users/j/Documents/GitHub/MoneroOne/build/Build/Intermediates.noindex/swift-nio-ssl.build/Debug-iphonesimulator/CNIOBoringSSL.build/Objects-normal/arm64/v3_pmaps.d --serialize-diagnostics /Users/j/Documents/GitHub/MoneroOne/build/Build/Intermediates.noindex/swift-nio-ssl.build/Debug-iphonesimulator/CNIOBoringSSL.build/Objects-normal/arm64/v3_pmaps.dia -c /Users/j/Documents/GitHub/MoneroOne/build/SourcePackages/checkouts/swift-nio-ssl/Sources/CNIOBoringSSL/crypto/x509/v3_pmaps.cc -o /Users/j/Documents/GitHub/MoneroOne/build/Build/Intermediates.noindex/swift-nio-ssl.build/Debug-iphonesimulator/CNIOBoringSSL.build/Objects-normal/arm64/v3_pmaps.o -index-unit-output-path /swift-nio-ssl.build/Debug-iphonesimulator/CNIOBoringSSL.build/Objects-normal/arm64/v3_pmaps.o

SwiftDriverJobDiscovery normal arm64 Emitting module for secp256k1 (in target 'secp256k1' from project 'secp256k1')

SwiftDriver\ Compilation\ Requirements secp256k1 normal arm64 com.apple.xcode.tools.swift.compiler (in target 'secp256k1' from project 'secp256k1')
    cd /Users/j/Documents/GitHub/MoneroOne/MoneroOne.xcodeproj
    builtin-Swift-Compilation-Requirements -- /Applications/Xcode.app/Contents/Developer/Toolchains/XcodeDefault.xctoolchain/usr/bin/swiftc -module-name secp256k1 -Onone -enforce-exclusivity\=checked @/Users/j/Documents/GitHub/MoneroOne/build/Build/Intermediates.noindex/secp256k1.build/Debug-iphonesimulator/secp256k1.build/Objects-normal/arm64/secp256k1.SwiftFileList -DSWIFT_PACKAGE -DDEBUG -DSWIFT_MODULE_RESOURCE_BUNDLE_UNAVAILABLE -Xcc -fmodule-map-file\=/Users/j/Documents/GitHub/MoneroOne/build/Build/Intermediates.noindex/GeneratedModuleMaps-iphonesimulator/secp256k1_bindings.modulemap -DXcode -plugin-path /Applications/Xcode.app/Contents/Developer/Toolchains/XcodeDefault.xctoolchain/usr/lib/swift/host/plugins/testing -enable-experimental-feature DebugDescriptionMacro -sdk /Applications/Xcode.app/Contents/Developer/Platforms/iPhoneSimulator.platform/Developer/SDKs/iPhoneSimulator26.1.sdk -target arm64-apple-ios12.0-simulator -g -module-cache-path /Users/j/Documents/GitHub/MoneroOne/build/ModuleCache.noindex -Xfrontend -serialize-debugging-options -enable-testing -suppress-warnings -index-store-path /Users/j/Documents/GitHub/MoneroOne/build/Index.noindex/DataStore -Xcc -D_LIBCPP_HARDENING_MODE\=_LIBCPP_HARDENING_MODE_DEBUG -swift-version 5 -I /Users/j/Documents/GitHub/MoneroOne/build/Build/Products/Debug-iphonesimulator -Isystem /Applications/Xcode.app/Contents/Developer/Platforms/iPhoneSimulator.platform/Developer/usr/lib -F /Users/j/Documents/GitHub/MoneroOne/build/Build/Products/Debug-iphonesimulator/PackageFrameworks -F /Users/j/Documents/GitHub/MoneroOne/build/Build/Products/Debug-iphonesimulator -F /Applications/Xcode.app/Contents/Developer/Platforms/iPhoneSimulator.platform/Developer/Library/Frameworks -F /Applications/Xcode.app/Contents/Developer/Platforms/iPhoneSimulator.platform/Developer/SDKs/iPhoneSimulator26.1.sdk/Developer/Library/Frameworks -c -j12 -enable-batch-mode -incremental -Xcc -ivfsstatcache -Xcc /Users/j/Documents/GitHub/MoneroOne/build/SDKStatCaches.noindex/iphonesimulator26.1-23B77-90cf18a4295e390e64c810bc6bd7acbc.sdkstatcache -output-file-map /Users/j/Documents/GitHub/MoneroOne/build/Build/Intermediates.noindex/secp256k1.build/Debug-iphonesimulator/secp256k1.build/Objects-normal/arm64/secp256k1-OutputFileMap.json -use-frontend-parseable-output -save-temps -no-color-diagnostics -explicit-module-build -module-cache-path /Users/j/Documents/GitHub/MoneroOne/build/Build/Intermediates.noindex/SwiftExplicitPrecompiledModules -clang-scanner-module-cache-path /Users/j/Documents/GitHub/MoneroOne/build/ModuleCache.noindex -sdk-module-cache-path /Users/j/Documents/GitHub/MoneroOne/build/ModuleCache.noindex -serialize-diagnostics -emit-dependencies -emit-module -emit-module-path /Users/j/Documents/GitHub/MoneroOne/build/Build/Intermediates.noindex/secp256k1.build/Debug-iphonesimulator/secp256k1.build/Objects-normal/arm64/secp256k1.swiftmodule -validate-clang-modules-once -clang-build-session-file /Users/j/Documents/GitHub/MoneroOne/build/ModuleCache.noindex/Session.modulevalidation -Xcc -I/Users/j/Documents/GitHub/MoneroOne/build/Build/Intermediates.noindex/secp256k1.build/Debug-iphonesimulator/secp256k1.build/swift-overrides.hmap -emit-const-values -Xfrontend -const-gather-protocols-file -Xfrontend /Users/j/Documents/GitHub/MoneroOne/build/Build/Intermediates.noindex/secp256k1.build/Debug-iphonesimulator/secp256k1.build/Objects-normal/arm64/secp256k1_const_extract_protocols.json -Xcc -I/Users/j/Documents/GitHub/MoneroOne/build/SourcePackages/checkouts/secp256k1.swift/Sources/secp256k1_bindings/include -Xcc -I/Users/j/Documents/GitHub/MoneroOne/build/Build/Products/Debug-iphonesimulator/include -Xcc -I/Users/j/Documents/GitHub/MoneroOne/build/Build/Intermediates.noindex/secp256k1.build/Debug-iphonesimulator/secp256k1.build/DerivedSources-normal/arm64 -Xcc -I/Users/j/Documents/GitHub/MoneroOne/build/Build/Intermediates.noindex/secp256k1.build/Debug-iphonesimulator/secp256k1.build/DerivedSources/arm64 -Xcc -I/Users/j/Documents/GitHub/MoneroOne/build/Build/Intermediates.noindex/secp256k1.build/Debug-iphonesimulator/secp256k1.build/DerivedSources -Xcc -DSWIFT_PACKAGE -Xcc -DDEBUG\=1 -emit-objc-header -emit-objc-header-path /Users/j/Documents/GitHub/MoneroOne/build/Build/Intermediates.noindex/secp256k1.build/Debug-iphonesimulator/secp256k1.build/Objects-normal/arm64/secp256k1-Swift.h -working-directory /Users/j/Documents/GitHub/MoneroOne/MoneroOne.xcodeproj -experimental-emit-module-separately -disable-cmo

CompileC /Users/j/Documents/GitHub/MoneroOne/build/Build/Intermediates.noindex/swift-nio-ssl.build/Debug-iphonesimulator/CNIOBoringSSL.build/Objects-normal/arm64/v3_pcons.o /Users/j/Documents/GitHub/MoneroOne/build/SourcePackages/checkouts/swift-nio-ssl/Sources/CNIOBoringSSL/crypto/x509/v3_pcons.cc normal arm64 c++ com.apple.compilers.llvm.clang.1_0.compiler (in target 'CNIOBoringSSL' from project 'swift-nio-ssl')
    cd /Users/j/Documents/GitHub/MoneroOne/MoneroOne.xcodeproj
    
    Using response file: /Users/j/Documents/GitHub/MoneroOne/build/Build/Intermediates.noindex/swift-nio-ssl.build/Debug-iphonesimulator/CNIOBoringSSL.build/Objects-normal/arm64/82b82416624d2658e5098eb0a28c15c5-common-args.resp
    
    /Applications/Xcode.app/Contents/Developer/Toolchains/XcodeDefault.xctoolchain/usr/bin/clang -x c++ -ivfsstatcache /Users/j/Documents/GitHub/MoneroOne/build/SDKStatCaches.noindex/iphonesimulator26.1-23B77-90cf18a4295e390e64c810bc6bd7acbc.sdkstatcache -fmessage-length\=0 -fdiagnostics-show-note-include-stack -fmacro-backtrace-limit\=0 -fno-color-diagnostics -fmodules-prune-interval\=86400 -fmodules-prune-after\=345600 -fbuild-session-file\=/Users/j/Documents/GitHub/MoneroOne/build/ModuleCache.noindex/Session.modulevalidation -fmodules-validate-once-per-build-session -Wnon-modular-include-in-framework-module -Werror\=non-modular-include-in-framework-module -Wno-trigraphs -Wno-missing-field-initializers -Wno-missing-prototypes -Wno-return-type -Wno-non-virtual-dtor -Wno-overloaded-virtual -Wno-exit-time-destructors -Wno-missing-braces -Wparentheses -Wswitch -Wno-unused-function -Wno-unused-label -Wno-unused-parameter -Wno-unused-variable -Wunused-value -Wno-empty-body -Wno-uninitialized -Wno-unknown-pragmas -w -Wno-shadow -Wno-four-char-constants -Wno-conversion -Wno-constant-conversion -Wno-int-conversion -Wno-bool-conversion -Wno-enum-conversion -Wno-float-conversion -Wno-non-literal-null-conversion -Wno-objc-literal-conversion -Wshorten-64-to-32 -Wno-newline-eof -Wno-c++11-extensions -Wno-implicit-fallthrough -fstrict-aliasing -Wdeprecated-declarations -Winvalid-offsetof -Wno-sign-conversion -Wno-infinite-recursion -Wno-move -Wno-comma -Wno-block-capture-autoreleasing -Wno-strict-prototypes -Wno-range-loop-analysis -Wno-semicolon-before-method-body -index-store-path /Users/j/Documents/GitHub/MoneroOne/build/Index.noindex/DataStore @/Users/j/Documents/GitHub/MoneroOne/build/Build/Intermediates.noindex/swift-nio-ssl.build/Debug-iphonesimulator/CNIOBoringSSL.build/Objects-normal/arm64/82b82416624d2658e5098eb0a28c15c5-common-args.resp -MMD -MT dependencies -MF /Users/j/Documents/GitHub/MoneroOne/build/Build/Intermediates.noindex/swift-nio-ssl.build/Debug-iphonesimulator/CNIOBoringSSL.build/Objects-normal/arm64/v3_pcons.d --serialize-diagnostics /Users/j/Documents/GitHub/MoneroOne/build/Build/Intermediates.noindex/swift-nio-ssl.build/Debug-iphonesimulator/CNIOBoringSSL.build/Objects-normal/arm64/v3_pcons.dia -c /Users/j/Documents/GitHub/MoneroOne/build/SourcePackages/checkouts/swift-nio-ssl/Sources/CNIOBoringSSL/crypto/x509/v3_pcons.cc -o /Users/j/Documents/GitHub/MoneroOne/build/Build/Intermediates.noindex/swift-nio-ssl.build/Debug-iphonesimulator/CNIOBoringSSL.build/Objects-normal/arm64/v3_pcons.o -index-unit-output-path /swift-nio-ssl.build/Debug-iphonesimulator/CNIOBoringSSL.build/Objects-normal/arm64/v3_pcons.o

CompileC /Users/j/Documents/GitHub/MoneroOne/build/Build/Intermediates.noindex/swift-nio-ssl.build/Debug-iphonesimulator/CNIOBoringSSL.build/Objects-normal/arm64/v3_ocsp.o /Users/j/Documents/GitHub/MoneroOne/build/SourcePackages/checkouts/swift-nio-ssl/Sources/CNIOBoringSSL/crypto/x509/v3_ocsp.cc normal arm64 c++ com.apple.compilers.llvm.clang.1_0.compiler (in target 'CNIOBoringSSL' from project 'swift-nio-ssl')
    cd /Users/j/Documents/GitHub/MoneroOne/MoneroOne.xcodeproj
    
    Using response file: /Users/j/Documents/GitHub/MoneroOne/build/Build/Intermediates.noindex/swift-nio-ssl.build/Debug-iphonesimulator/CNIOBoringSSL.build/Objects-normal/arm64/82b82416624d2658e5098eb0a28c15c5-common-args.resp
    
    /Applications/Xcode.app/Contents/Developer/Toolchains/XcodeDefault.xctoolchain/usr/bin/clang -x c++ -ivfsstatcache /Users/j/Documents/GitHub/MoneroOne/build/SDKStatCaches.noindex/iphonesimulator26.1-23B77-90cf18a4295e390e64c810bc6bd7acbc.sdkstatcache -fmessage-length\=0 -fdiagnostics-show-note-include-stack -fmacro-backtrace-limit\=0 -fno-color-diagnostics -fmodules-prune-interval\=86400 -fmodules-prune-after\=345600 -fbuild-session-file\=/Users/j/Documents/GitHub/MoneroOne/build/ModuleCache.noindex/Session.modulevalidation -fmodules-validate-once-per-build-session -Wnon-modular-include-in-framework-module -Werror\=non-modular-include-in-framework-module -Wno-trigraphs -Wno-missing-field-initializers -Wno-missing-prototypes -Wno-return-type -Wno-non-virtual-dtor -Wno-overloaded-virtual -Wno-exit-time-destructors -Wno-missing-braces -Wparentheses -Wswitch -Wno-unused-function -Wno-unused-label -Wno-unused-parameter -Wno-unused-variable -Wunused-value -Wno-empty-body -Wno-uninitialized -Wno-unknown-pragmas -w -Wno-shadow -Wno-four-char-constants -Wno-conversion -Wno-constant-conversion -Wno-int-conversion -Wno-bool-conversion -Wno-enum-conversion -Wno-float-conversion -Wno-non-literal-null-conversion -Wno-objc-literal-conversion -Wshorten-64-to-32 -Wno-newline-eof -Wno-c++11-extensions -Wno-implicit-fallthrough -fstrict-aliasing -Wdeprecated-declarations -Winvalid-offsetof -Wno-sign-conversion -Wno-infinite-recursion -Wno-move -Wno-comma -Wno-block-capture-autoreleasing -Wno-strict-prototypes -Wno-range-loop-analysis -Wno-semicolon-before-method-body -index-store-path /Users/j/Documents/GitHub/MoneroOne/build/Index.noindex/DataStore @/Users/j/Documents/GitHub/MoneroOne/build/Build/Intermediates.noindex/swift-nio-ssl.build/Debug-iphonesimulator/CNIOBoringSSL.build/Objects-normal/arm64/82b82416624d2658e5098eb0a28c15c5-common-args.resp -MMD -MT dependencies -MF /Users/j/Documents/GitHub/MoneroOne/build/Build/Intermediates.noindex/swift-nio-ssl.build/Debug-iphonesimulator/CNIOBoringSSL.build/Objects-normal/arm64/v3_ocsp.d --serialize-diagnostics /Users/j/Documents/GitHub/MoneroOne/build/Build/Intermediates.noindex/swift-nio-ssl.build/Debug-iphonesimulator/CNIOBoringSSL.build/Objects-normal/arm64/v3_ocsp.dia -c /Users/j/Documents/GitHub/MoneroOne/build/SourcePackages/checkouts/swift-nio-ssl/Sources/CNIOBoringSSL/crypto/x509/v3_ocsp.cc -o /Users/j/Documents/GitHub/MoneroOne/build/Build/Intermediates.noindex/swift-nio-ssl.build/Debug-iphonesimulator/CNIOBoringSSL.build/Objects-normal/arm64/v3_ocsp.o -index-unit-output-path /swift-nio-ssl.build/Debug-iphonesimulator/CNIOBoringSSL.build/Objects-normal/arm64/v3_ocsp.o

SwiftMergeGeneratedHeaders /Users/j/Documents/GitHub/MoneroOne/build/Build/Intermediates.noindex/GeneratedModuleMaps-iphonesimulator/secp256k1-Swift.h /Users/j/Documents/GitHub/MoneroOne/build/Build/Intermediates.noindex/secp256k1.build/Debug-iphonesimulator/secp256k1.build/Objects-normal/arm64/secp256k1-Swift.h (in target 'secp256k1' from project 'secp256k1')
    cd /Users/j/Documents/GitHub/MoneroOne/build/SourcePackages/checkouts/secp256k1.swift
    builtin-swiftHeaderTool -arch arm64 /Users/j/Documents/GitHub/MoneroOne/build/Build/Intermediates.noindex/secp256k1.build/Debug-iphonesimulator/secp256k1.build/Objects-normal/arm64/secp256k1-Swift.h -o /Users/j/Documents/GitHub/MoneroOne/build/Build/Intermediates.noindex/GeneratedModuleMaps-iphonesimulator/secp256k1-Swift.h

Copy /Users/j/Documents/GitHub/MoneroOne/build/Build/Products/Debug-iphonesimulator/secp256k1.swiftmodule/arm64-apple-ios-simulator.swiftmodule /Users/j/Documents/GitHub/MoneroOne/build/Build/Intermediates.noindex/secp256k1.build/Debug-iphonesimulator/secp256k1.build/Objects-normal/arm64/secp256k1.swiftmodule (in target 'secp256k1' from project 'secp256k1')
    cd /Users/j/Documents/GitHub/MoneroOne/build/SourcePackages/checkouts/secp256k1.swift
    builtin-copy -exclude .DS_Store -exclude CVS -exclude .svn -exclude .git -exclude .hg -resolve-src-symlinks -rename /Users/j/Documents/GitHub/MoneroOne/build/Build/Intermediates.noindex/secp256k1.build/Debug-iphonesimulator/secp256k1.build/Objects-normal/arm64/secp256k1.swiftmodule /Users/j/Documents/GitHub/MoneroOne/build/Build/Products/Debug-iphonesimulator/secp256k1.swiftmodule/arm64-apple-ios-simulator.swiftmodule

Copy /Users/j/Documents/GitHub/MoneroOne/build/Build/Products/Debug-iphonesimulator/secp256k1.swiftmodule/arm64-apple-ios-simulator.swiftdoc /Users/j/Documents/GitHub/MoneroOne/build/Build/Intermediates.noindex/secp256k1.build/Debug-iphonesimulator/secp256k1.build/Objects-normal/arm64/secp256k1.swiftdoc (in target 'secp256k1' from project 'secp256k1')
    cd /Users/j/Documents/GitHub/MoneroOne/build/SourcePackages/checkouts/secp256k1.swift
    builtin-copy -exclude .DS_Store -exclude CVS -exclude .svn -exclude .git -exclude .hg -resolve-src-symlinks -rename /Users/j/Documents/GitHub/MoneroOne/build/Build/Intermediates.noindex/secp256k1.build/Debug-iphonesimulator/secp256k1.build/Objects-normal/arm64/secp256k1.swiftdoc /Users/j/Documents/GitHub/MoneroOne/build/Build/Products/Debug-iphonesimulator/secp256k1.swiftmodule/arm64-apple-ios-simulator.swiftdoc

Copy /Users/j/Documents/GitHub/MoneroOne/build/Build/Products/Debug-iphonesimulator/secp256k1.swiftmodule/arm64-apple-ios-simulator.abi.json /Users/j/Documents/GitHub/MoneroOne/build/Build/Intermediates.noindex/secp256k1.build/Debug-iphonesimulator/secp256k1.build/Objects-normal/arm64/secp256k1.abi.json (in target 'secp256k1' from project 'secp256k1')
    cd /Users/j/Documents/GitHub/MoneroOne/build/SourcePackages/checkouts/secp256k1.swift
    builtin-copy -exclude .DS_Store -exclude CVS -exclude .svn -exclude .git -exclude .hg -resolve-src-symlinks -rename /Users/j/Documents/GitHub/MoneroOne/build/Build/Intermediates.noindex/secp256k1.build/Debug-iphonesimulator/secp256k1.build/Objects-normal/arm64/secp256k1.abi.json /Users/j/Documents/GitHub/MoneroOne/build/Build/Products/Debug-iphonesimulator/secp256k1.swiftmodule/arm64-apple-ios-simulator.abi.json

Copy /Users/j/Documents/GitHub/MoneroOne/build/Build/Products/Debug-iphonesimulator/secp256k1.swiftmodule/Project/arm64-apple-ios-simulator.swiftsourceinfo /Users/j/Documents/GitHub/MoneroOne/build/Build/Intermediates.noindex/secp256k1.build/Debug-iphonesimulator/secp256k1.build/Objects-normal/arm64/secp256k1.swiftsourceinfo (in target 'secp256k1' from project 'secp256k1')
    cd /Users/j/Documents/GitHub/MoneroOne/build/SourcePackages/checkouts/secp256k1.swift
    builtin-copy -exclude .DS_Store -exclude CVS -exclude .svn -exclude .git -exclude .hg -resolve-src-symlinks -rename /Users/j/Documents/GitHub/MoneroOne/build/Build/Intermediates.noindex/secp256k1.build/Debug-iphonesimulator/secp256k1.build/Objects-normal/arm64/secp256k1.swiftsourceinfo /Users/j/Documents/GitHub/MoneroOne/build/Build/Products/Debug-iphonesimulator/secp256k1.swiftmodule/Project/arm64-apple-ios-simulator.swiftsourceinfo

SwiftExplicitDependencyGeneratePcm arm64 /Users/j/Documents/GitHub/MoneroOne/build/ModuleCache.noindex/CoreImage-9RGO2NRA0GTAO0Q9KRR0VXXZX.pcm

SwiftExplicitDependencyGeneratePcm arm64 /Users/j/Documents/GitHub/MoneroOne/build/ModuleCache.noindex/QuartzCore-BHPOYGOH6IMNKTJ76QJQ3V6BH.pcm

CompileC /Users/j/Documents/GitHub/MoneroOne/build/Build/Intermediates.noindex/swift-nio-ssl.build/Debug-iphonesimulator/CNIOBoringSSL.build/Objects-normal/arm64/v3_ncons.o /Users/j/Documents/GitHub/MoneroOne/build/SourcePackages/checkouts/swift-nio-ssl/Sources/CNIOBoringSSL/crypto/x509/v3_ncons.cc normal arm64 c++ com.apple.compilers.llvm.clang.1_0.compiler (in target 'CNIOBoringSSL' from project 'swift-nio-ssl')
    cd /Users/j/Documents/GitHub/MoneroOne/MoneroOne.xcodeproj
    
    Using response file: /Users/j/Documents/GitHub/MoneroOne/build/Build/Intermediates.noindex/swift-nio-ssl.build/Debug-iphonesimulator/CNIOBoringSSL.build/Objects-normal/arm64/82b82416624d2658e5098eb0a28c15c5-common-args.resp
    
    /Applications/Xcode.app/Contents/Developer/Toolchains/XcodeDefault.xctoolchain/usr/bin/clang -x c++ -ivfsstatcache /Users/j/Documents/GitHub/MoneroOne/build/SDKStatCaches.noindex/iphonesimulator26.1-23B77-90cf18a4295e390e64c810bc6bd7acbc.sdkstatcache -fmessage-length\=0 -fdiagnostics-show-note-include-stack -fmacro-backtrace-limit\=0 -fno-color-diagnostics -fmodules-prune-interval\=86400 -fmodules-prune-after\=345600 -fbuild-session-file\=/Users/j/Documents/GitHub/MoneroOne/build/ModuleCache.noindex/Session.modulevalidation -fmodules-validate-once-per-build-session -Wnon-modular-include-in-framework-module -Werror\=non-modular-include-in-framework-module -Wno-trigraphs -Wno-missing-field-initializers -Wno-missing-prototypes -Wno-return-type -Wno-non-virtual-dtor -Wno-overloaded-virtual -Wno-exit-time-destructors -Wno-missing-braces -Wparentheses -Wswitch -Wno-unused-function -Wno-unused-label -Wno-unused-parameter -Wno-unused-variable -Wunused-value -Wno-empty-body -Wno-uninitialized -Wno-unknown-pragmas -w -Wno-shadow -Wno-four-char-constants -Wno-conversion -Wno-constant-conversion -Wno-int-conversion -Wno-bool-conversion -Wno-enum-conversion -Wno-float-conversion -Wno-non-literal-null-conversion -Wno-objc-literal-conversion -Wshorten-64-to-32 -Wno-newline-eof -Wno-c++11-extensions -Wno-implicit-fallthrough -fstrict-aliasing -Wdeprecated-declarations -Winvalid-offsetof -Wno-sign-conversion -Wno-infinite-recursion -Wno-move -Wno-comma -Wno-block-capture-autoreleasing -Wno-strict-prototypes -Wno-range-loop-analysis -Wno-semicolon-before-method-body -index-store-path /Users/j/Documents/GitHub/MoneroOne/build/Index.noindex/DataStore @/Users/j/Documents/GitHub/MoneroOne/build/Build/Intermediates.noindex/swift-nio-ssl.build/Debug-iphonesimulator/CNIOBoringSSL.build/Objects-normal/arm64/82b82416624d2658e5098eb0a28c15c5-common-args.resp -MMD -MT dependencies -MF /Users/j/Documents/GitHub/MoneroOne/build/Build/Intermediates.noindex/swift-nio-ssl.build/Debug-iphonesimulator/CNIOBoringSSL.build/Objects-normal/arm64/v3_ncons.d --serialize-diagnostics /Users/j/Documents/GitHub/MoneroOne/build/Build/Intermediates.noindex/swift-nio-ssl.build/Debug-iphonesimulator/CNIOBoringSSL.build/Objects-normal/arm64/v3_ncons.dia -c /Users/j/Documents/GitHub/MoneroOne/build/SourcePackages/checkouts/swift-nio-ssl/Sources/CNIOBoringSSL/crypto/x509/v3_ncons.cc -o /Users/j/Documents/GitHub/MoneroOne/build/Build/Intermediates.noindex/swift-nio-ssl.build/Debug-iphonesimulator/CNIOBoringSSL.build/Objects-normal/arm64/v3_ncons.o -index-unit-output-path /swift-nio-ssl.build/Debug-iphonesimulator/CNIOBoringSSL.build/Objects-normal/arm64/v3_ncons.o

SwiftExplicitDependencyGeneratePcm arm64 /Users/j/Documents/GitHub/MoneroOne/build/ModuleCache.noindex/OSLog-8KNBS2BPQ4SQDSGU9CFD0X1EV.pcm

SwiftExplicitDependencyGeneratePcm arm64 /Users/j/Documents/GitHub/MoneroOne/build/ModuleCache.noindex/AppIntents-DOFTED0DVEGOYHHXVEIA4OULS.pcm

SwiftExplicitDependencyGeneratePcm arm64 /Users/j/Documents/GitHub/MoneroOne/build/ModuleCache.noindex/Accessibility-5W5DOXHQCTGEACEJJ6N6XXQWM.pcm

SwiftExplicitDependencyGeneratePcm arm64 /Users/j/Documents/GitHub/MoneroOne/build/ModuleCache.noindex/UserNotifications-DR2E924URTCRWI6C58E99OMBF.pcm

SwiftExplicitDependencyGeneratePcm arm64 /Users/j/Documents/GitHub/MoneroOne/build/ModuleCache.noindex/UniformTypeIdentifiers-CEFT902ECL0U3MB83120VQFEI.pcm

SwiftExplicitDependencyGeneratePcm arm64 /Users/j/Documents/GitHub/MoneroOne/build/ModuleCache.noindex/Network-EJKGSYXL5U2JJATHTCYLTD3LR.pcm

SwiftExplicitDependencyGeneratePcm arm64 /Users/j/Documents/GitHub/MoneroOne/build/ModuleCache.noindex/CoreData-AFMOVPDYE3MIL8ZAA6L438I5P.pcm

SwiftExplicitDependencyGeneratePcm arm64 /Users/j/Documents/GitHub/MoneroOne/build/ModuleCache.noindex/Symbols-ADFDIARVE6S5SG2LKOI66V0GE.pcm

SwiftExplicitDependencyGeneratePcm arm64 /Users/j/Documents/GitHub/MoneroOne/build/ModuleCache.noindex/IOSurface-B89ABI4SMVHAZCZPP9FBAXR1G.pcm

SwiftExplicitDependencyGeneratePcm arm64 /Users/j/Documents/GitHub/MoneroOne/build/ModuleCache.noindex/_LocationEssentials-9BI53B9XTMJJA0LSR036C9WCS.pcm

SwiftExplicitDependencyGeneratePcm arm64 /Users/j/Documents/GitHub/MoneroOne/build/ModuleCache.noindex/DataDetection-EF3EI5DEESOOMNH9YXV6ADHT7.pcm

SwiftExplicitDependencyGeneratePcm arm64 /Users/j/Documents/GitHub/MoneroOne/build/ModuleCache.noindex/SwiftUICore-8B0NJSDDYWXKJQL09R02SXCXY.pcm

SwiftExplicitDependencyGeneratePcm arm64 /Users/j/Documents/GitHub/MoneroOne/build/ModuleCache.noindex/CoreTransferable-6XB32STCWY4003JI2930MY7S0.pcm

SwiftExplicitDependencyGeneratePcm arm64 /Users/j/Documents/GitHub/MoneroOne/build/ModuleCache.noindex/CoreSpotlight-5FV01MJYOTRD9LWDGXIU740WQ.pcm

SwiftExplicitDependencyGeneratePcm arm64 /Users/j/Documents/GitHub/MoneroOne/build/ModuleCache.noindex/OpenGLES-CA5OCCA2FKCCEP1HDTTWNRFB8.pcm

SwiftExplicitDependencyGeneratePcm arm64 /Users/j/Documents/GitHub/MoneroOne/build/ModuleCache.noindex/UIKit-56JS03RS2ON14ZD046UA3OOKP.pcm

SwiftExplicitDependencyGeneratePcm arm64 /Users/j/Documents/GitHub/MoneroOne/build/ModuleCache.noindex/CoreLocation-ACRI9JR23HPYPKG5BM053DRKT.pcm

SwiftExplicitDependencyGeneratePcm arm64 /Users/j/Documents/GitHub/MoneroOne/build/ModuleCache.noindex/UIUtilities-3Z41PAD27UFJKN0S654PZ8RTZ.pcm

SwiftExplicitDependencyGeneratePcm arm64 /Users/j/Documents/GitHub/MoneroOne/build/ModuleCache.noindex/RelevanceKit-7FNSVOGNLINV17DYCJS7YGPW7.pcm

SwiftExplicitDependencyGeneratePcm arm64 /Users/j/Documents/GitHub/MoneroOne/build/ModuleCache.noindex/FileProvider-DIDY24T84Q4VJT3DSHUGALLRE.pcm

SwiftExplicitDependencyGeneratePcm arm64 /Users/j/Documents/GitHub/MoneroOne/build/ModuleCache.noindex/WidgetKit-4Q79VJ0GC13R9YPNBOSPQ4E5.pcm

SwiftExplicitDependencyGeneratePcm arm64 /Users/j/Documents/GitHub/MoneroOne/build/ModuleCache.noindex/Metal-E5713WYYPDE2VOZDVM55O27ZG.pcm

CompileC /Users/j/Documents/GitHub/MoneroOne/build/Build/Intermediates.noindex/swift-nio-ssl.build/Debug-iphonesimulator/CNIOBoringSSL.build/Objects-normal/arm64/v3_lib.o /Users/j/Documents/GitHub/MoneroOne/build/SourcePackages/checkouts/swift-nio-ssl/Sources/CNIOBoringSSL/crypto/x509/v3_lib.cc normal arm64 c++ com.apple.compilers.llvm.clang.1_0.compiler (in target 'CNIOBoringSSL' from project 'swift-nio-ssl')
    cd /Users/j/Documents/GitHub/MoneroOne/MoneroOne.xcodeproj
    
    Using response file: /Users/j/Documents/GitHub/MoneroOne/build/Build/Intermediates.noindex/swift-nio-ssl.build/Debug-iphonesimulator/CNIOBoringSSL.build/Objects-normal/arm64/82b82416624d2658e5098eb0a28c15c5-common-args.resp
    
    /Applications/Xcode.app/Contents/Developer/Toolchains/XcodeDefault.xctoolchain/usr/bin/clang -x c++ -ivfsstatcache /Users/j/Documents/GitHub/MoneroOne/build/SDKStatCaches.noindex/iphonesimulator26.1-23B77-90cf18a4295e390e64c810bc6bd7acbc.sdkstatcache -fmessage-length\=0 -fdiagnostics-show-note-include-stack -fmacro-backtrace-limit\=0 -fno-color-diagnostics -fmodules-prune-interval\=86400 -fmodules-prune-after\=345600 -fbuild-session-file\=/Users/j/Documents/GitHub/MoneroOne/build/ModuleCache.noindex/Session.modulevalidation -fmodules-validate-once-per-build-session -Wnon-modular-include-in-framework-module -Werror\=non-modular-include-in-framework-module -Wno-trigraphs -Wno-missing-field-initializers -Wno-missing-prototypes -Wno-return-type -Wno-non-virtual-dtor -Wno-overloaded-virtual -Wno-exit-time-destructors -Wno-missing-braces -Wparentheses -Wswitch -Wno-unused-function -Wno-unused-label -Wno-unused-parameter -Wno-unused-variable -Wunused-value -Wno-empty-body -Wno-uninitialized -Wno-unknown-pragmas -w -Wno-shadow -Wno-four-char-constants -Wno-conversion -Wno-constant-conversion -Wno-int-conversion -Wno-bool-conversion -Wno-enum-conversion -Wno-float-conversion -Wno-non-literal-null-conversion -Wno-objc-literal-conversion -Wshorten-64-to-32 -Wno-newline-eof -Wno-c++11-extensions -Wno-implicit-fallthrough -fstrict-aliasing -Wdeprecated-declarations -Winvalid-offsetof -Wno-sign-conversion -Wno-infinite-recursion -Wno-move -Wno-comma -Wno-block-capture-autoreleasing -Wno-strict-prototypes -Wno-range-loop-analysis -Wno-semicolon-before-method-body -index-store-path /Users/j/Documents/GitHub/MoneroOne/build/Index.noindex/DataStore @/Users/j/Documents/GitHub/MoneroOne/build/Build/Intermediates.noindex/swift-nio-ssl.build/Debug-iphonesimulator/CNIOBoringSSL.build/Objects-normal/arm64/82b82416624d2658e5098eb0a28c15c5-common-args.resp -MMD -MT dependencies -MF /Users/j/Documents/GitHub/MoneroOne/build/Build/Intermediates.noindex/swift-nio-ssl.build/Debug-iphonesimulator/CNIOBoringSSL.build/Objects-normal/arm64/v3_lib.d --serialize-diagnostics /Users/j/Documents/GitHub/MoneroOne/build/Build/Intermediates.noindex/swift-nio-ssl.build/Debug-iphonesimulator/CNIOBoringSSL.build/Objects-normal/arm64/v3_lib.dia -c /Users/j/Documents/GitHub/MoneroOne/build/SourcePackages/checkouts/swift-nio-ssl/Sources/CNIOBoringSSL/crypto/x509/v3_lib.cc -o /Users/j/Documents/GitHub/MoneroOne/build/Build/Intermediates.noindex/swift-nio-ssl.build/Debug-iphonesimulator/CNIOBoringSSL.build/Objects-normal/arm64/v3_lib.o -index-unit-output-path /swift-nio-ssl.build/Debug-iphonesimulator/CNIOBoringSSL.build/Objects-normal/arm64/v3_lib.o

CompileC /Users/j/Documents/GitHub/MoneroOne/build/Build/Intermediates.noindex/swift-nio-ssl.build/Debug-iphonesimulator/CNIOBoringSSL.build/Objects-normal/arm64/v3_int.o /Users/j/Documents/GitHub/MoneroOne/build/SourcePackages/checkouts/swift-nio-ssl/Sources/CNIOBoringSSL/crypto/x509/v3_int.cc normal arm64 c++ com.apple.compilers.llvm.clang.1_0.compiler (in target 'CNIOBoringSSL' from project 'swift-nio-ssl')
    cd /Users/j/Documents/GitHub/MoneroOne/MoneroOne.xcodeproj
    
    Using response file: /Users/j/Documents/GitHub/MoneroOne/build/Build/Intermediates.noindex/swift-nio-ssl.build/Debug-iphonesimulator/CNIOBoringSSL.build/Objects-normal/arm64/82b82416624d2658e5098eb0a28c15c5-common-args.resp
    
    /Applications/Xcode.app/Contents/Developer/Toolchains/XcodeDefault.xctoolchain/usr/bin/clang -x c++ -ivfsstatcache /Users/j/Documents/GitHub/MoneroOne/build/SDKStatCaches.noindex/iphonesimulator26.1-23B77-90cf18a4295e390e64c810bc6bd7acbc.sdkstatcache -fmessage-length\=0 -fdiagnostics-show-note-include-stack -fmacro-backtrace-limit\=0 -fno-color-diagnostics -fmodules-prune-interval\=86400 -fmodules-prune-after\=345600 -fbuild-session-file\=/Users/j/Documents/GitHub/MoneroOne/build/ModuleCache.noindex/Session.modulevalidation -fmodules-validate-once-per-build-session -Wnon-modular-include-in-framework-module -Werror\=non-modular-include-in-framework-module -Wno-trigraphs -Wno-missing-field-initializers -Wno-missing-prototypes -Wno-return-type -Wno-non-virtual-dtor -Wno-overloaded-virtual -Wno-exit-time-destructors -Wno-missing-braces -Wparentheses -Wswitch -Wno-unused-function -Wno-unused-label -Wno-unused-parameter -Wno-unused-variable -Wunused-value -Wno-empty-body -Wno-uninitialized -Wno-unknown-pragmas -w -Wno-shadow -Wno-four-char-constants -Wno-conversion -Wno-constant-conversion -Wno-int-conversion -Wno-bool-conversion -Wno-enum-conversion -Wno-float-conversion -Wno-non-literal-null-conversion -Wno-objc-literal-conversion -Wshorten-64-to-32 -Wno-newline-eof -Wno-c++11-extensions -Wno-implicit-fallthrough -fstrict-aliasing -Wdeprecated-declarations -Winvalid-offsetof -Wno-sign-conversion -Wno-infinite-recursion -Wno-move -Wno-comma -Wno-block-capture-autoreleasing -Wno-strict-prototypes -Wno-range-loop-analysis -Wno-semicolon-before-method-body -index-store-path /Users/j/Documents/GitHub/MoneroOne/build/Index.noindex/DataStore @/Users/j/Documents/GitHub/MoneroOne/build/Build/Intermediates.noindex/swift-nio-ssl.build/Debug-iphonesimulator/CNIOBoringSSL.build/Objects-normal/arm64/82b82416624d2658e5098eb0a28c15c5-common-args.resp -MMD -MT dependencies -MF /Users/j/Documents/GitHub/MoneroOne/build/Build/Intermediates.noindex/swift-nio-ssl.build/Debug-iphonesimulator/CNIOBoringSSL.build/Objects-normal/arm64/v3_int.d --serialize-diagnostics /Users/j/Documents/GitHub/MoneroOne/build/Build/Intermediates.noindex/swift-nio-ssl.build/Debug-iphonesimulator/CNIOBoringSSL.build/Objects-normal/arm64/v3_int.dia -c /Users/j/Documents/GitHub/MoneroOne/build/SourcePackages/checkouts/swift-nio-ssl/Sources/CNIOBoringSSL/crypto/x509/v3_int.cc -o /Users/j/Documents/GitHub/MoneroOne/build/Build/Intermediates.noindex/swift-nio-ssl.build/Debug-iphonesimulator/CNIOBoringSSL.build/Objects-normal/arm64/v3_int.o -index-unit-output-path /swift-nio-ssl.build/Debug-iphonesimulator/CNIOBoringSSL.build/Objects-normal/arm64/v3_int.o

CompileC /Users/j/Documents/GitHub/MoneroOne/build/Build/Intermediates.noindex/swift-nio-ssl.build/Debug-iphonesimulator/CNIOBoringSSL.build/Objects-normal/arm64/v3_info.o /Users/j/Documents/GitHub/MoneroOne/build/SourcePackages/checkouts/swift-nio-ssl/Sources/CNIOBoringSSL/crypto/x509/v3_info.cc normal arm64 c++ com.apple.compilers.llvm.clang.1_0.compiler (in target 'CNIOBoringSSL' from project 'swift-nio-ssl')
    cd /Users/j/Documents/GitHub/MoneroOne/MoneroOne.xcodeproj
    
    Using response file: /Users/j/Documents/GitHub/MoneroOne/build/Build/Intermediates.noindex/swift-nio-ssl.build/Debug-iphonesimulator/CNIOBoringSSL.build/Objects-normal/arm64/82b82416624d2658e5098eb0a28c15c5-common-args.resp
    
    /Applications/Xcode.app/Contents/Developer/Toolchains/XcodeDefault.xctoolchain/usr/bin/clang -x c++ -ivfsstatcache /Users/j/Documents/GitHub/MoneroOne/build/SDKStatCaches.noindex/iphonesimulator26.1-23B77-90cf18a4295e390e64c810bc6bd7acbc.sdkstatcache -fmessage-length\=0 -fdiagnostics-show-note-include-stack -fmacro-backtrace-limit\=0 -fno-color-diagnostics -fmodules-prune-interval\=86400 -fmodules-prune-after\=345600 -fbuild-session-file\=/Users/j/Documents/GitHub/MoneroOne/build/ModuleCache.noindex/Session.modulevalidation -fmodules-validate-once-per-build-session -Wnon-modular-include-in-framework-module -Werror\=non-modular-include-in-framework-module -Wno-trigraphs -Wno-missing-field-initializers -Wno-missing-prototypes -Wno-return-type -Wno-non-virtual-dtor -Wno-overloaded-virtual -Wno-exit-time-destructors -Wno-missing-braces -Wparentheses -Wswitch -Wno-unused-function -Wno-unused-label -Wno-unused-parameter -Wno-unused-variable -Wunused-value -Wno-empty-body -Wno-uninitialized -Wno-unknown-pragmas -w -Wno-shadow -Wno-four-char-constants -Wno-conversion -Wno-constant-conversion -Wno-int-conversion -Wno-bool-conversion -Wno-enum-conversion -Wno-float-conversion -Wno-non-literal-null-conversion -Wno-objc-literal-conversion -Wshorten-64-to-32 -Wno-newline-eof -Wno-c++11-extensions -Wno-implicit-fallthrough -fstrict-aliasing -Wdeprecated-declarations -Winvalid-offsetof -Wno-sign-conversion -Wno-infinite-recursion -Wno-move -Wno-comma -Wno-block-capture-autoreleasing -Wno-strict-prototypes -Wno-range-loop-analysis -Wno-semicolon-before-method-body -index-store-path /Users/j/Documents/GitHub/MoneroOne/build/Index.noindex/DataStore @/Users/j/Documents/GitHub/MoneroOne/build/Build/Intermediates.noindex/swift-nio-ssl.build/Debug-iphonesimulator/CNIOBoringSSL.build/Objects-normal/arm64/82b82416624d2658e5098eb0a28c15c5-common-args.resp -MMD -MT dependencies -MF /Users/j/Documents/GitHub/MoneroOne/build/Build/Intermediates.noindex/swift-nio-ssl.build/Debug-iphonesimulator/CNIOBoringSSL.build/Objects-normal/arm64/v3_info.d --serialize-diagnostics /Users/j/Documents/GitHub/MoneroOne/build/Build/Intermediates.noindex/swift-nio-ssl.build/Debug-iphonesimulator/CNIOBoringSSL.build/Objects-normal/arm64/v3_info.dia -c /Users/j/Documents/GitHub/MoneroOne/build/SourcePackages/checkouts/swift-nio-ssl/Sources/CNIOBoringSSL/crypto/x509/v3_info.cc -o /Users/j/Documents/GitHub/MoneroOne/build/Build/Intermediates.noindex/swift-nio-ssl.build/Debug-iphonesimulator/CNIOBoringSSL.build/Objects-normal/arm64/v3_info.o -index-unit-output-path /swift-nio-ssl.build/Debug-iphonesimulator/CNIOBoringSSL.build/Objects-normal/arm64/v3_info.o

CompileC /Users/j/Documents/GitHub/MoneroOne/build/Build/Intermediates.noindex/swift-nio-ssl.build/Debug-iphonesimulator/CNIOBoringSSL.build/Objects-normal/arm64/v3_ia5.o /Users/j/Documents/GitHub/MoneroOne/build/SourcePackages/checkouts/swift-nio-ssl/Sources/CNIOBoringSSL/crypto/x509/v3_ia5.cc normal arm64 c++ com.apple.compilers.llvm.clang.1_0.compiler (in target 'CNIOBoringSSL' from project 'swift-nio-ssl')
    cd /Users/j/Documents/GitHub/MoneroOne/MoneroOne.xcodeproj
    
    Using response file: /Users/j/Documents/GitHub/MoneroOne/build/Build/Intermediates.noindex/swift-nio-ssl.build/Debug-iphonesimulator/CNIOBoringSSL.build/Objects-normal/arm64/82b82416624d2658e5098eb0a28c15c5-common-args.resp
    
    /Applications/Xcode.app/Contents/Developer/Toolchains/XcodeDefault.xctoolchain/usr/bin/clang -x c++ -ivfsstatcache /Users/j/Documents/GitHub/MoneroOne/build/SDKStatCaches.noindex/iphonesimulator26.1-23B77-90cf18a4295e390e64c810bc6bd7acbc.sdkstatcache -fmessage-length\=0 -fdiagnostics-show-note-include-stack -fmacro-backtrace-limit\=0 -fno-color-diagnostics -fmodules-prune-interval\=86400 -fmodules-prune-after\=345600 -fbuild-session-file\=/Users/j/Documents/GitHub/MoneroOne/build/ModuleCache.noindex/Session.modulevalidation -fmodules-validate-once-per-build-session -Wnon-modular-include-in-framework-module -Werror\=non-modular-include-in-framework-module -Wno-trigraphs -Wno-missing-field-initializers -Wno-missing-prototypes -Wno-return-type -Wno-non-virtual-dtor -Wno-overloaded-virtual -Wno-exit-time-destructors -Wno-missing-braces -Wparentheses -Wswitch -Wno-unused-function -Wno-unused-label -Wno-unused-parameter -Wno-unused-variable -Wunused-value -Wno-empty-body -Wno-uninitialized -Wno-unknown-pragmas -w -Wno-shadow -Wno-four-char-constants -Wno-conversion -Wno-constant-conversion -Wno-int-conversion -Wno-bool-conversion -Wno-enum-conversion -Wno-float-conversion -Wno-non-literal-null-conversion -Wno-objc-literal-conversion -Wshorten-64-to-32 -Wno-newline-eof -Wno-c++11-extensions -Wno-implicit-fallthrough -fstrict-aliasing -Wdeprecated-declarations -Winvalid-offsetof -Wno-sign-conversion -Wno-infinite-recursion -Wno-move -Wno-comma -Wno-block-capture-autoreleasing -Wno-strict-prototypes -Wno-range-loop-analysis -Wno-semicolon-before-method-body -index-store-path /Users/j/Documents/GitHub/MoneroOne/build/Index.noindex/DataStore @/Users/j/Documents/GitHub/MoneroOne/build/Build/Intermediates.noindex/swift-nio-ssl.build/Debug-iphonesimulator/CNIOBoringSSL.build/Objects-normal/arm64/82b82416624d2658e5098eb0a28c15c5-common-args.resp -MMD -MT dependencies -MF /Users/j/Documents/GitHub/MoneroOne/build/Build/Intermediates.noindex/swift-nio-ssl.build/Debug-iphonesimulator/CNIOBoringSSL.build/Objects-normal/arm64/v3_ia5.d --serialize-diagnostics /Users/j/Documents/GitHub/MoneroOne/build/Build/Intermediates.noindex/swift-nio-ssl.build/Debug-iphonesimulator/CNIOBoringSSL.build/Objects-normal/arm64/v3_ia5.dia -c /Users/j/Documents/GitHub/MoneroOne/build/SourcePackages/checkouts/swift-nio-ssl/Sources/CNIOBoringSSL/crypto/x509/v3_ia5.cc -o /Users/j/Documents/GitHub/MoneroOne/build/Build/Intermediates.noindex/swift-nio-ssl.build/Debug-iphonesimulator/CNIOBoringSSL.build/Objects-normal/arm64/v3_ia5.o -index-unit-output-path /swift-nio-ssl.build/Debug-iphonesimulator/CNIOBoringSSL.build/Objects-normal/arm64/v3_ia5.o

CompileC /Users/j/Documents/GitHub/MoneroOne/build/Build/Intermediates.noindex/swift-nio-ssl.build/Debug-iphonesimulator/CNIOBoringSSL.build/Objects-normal/arm64/v3_genn.o /Users/j/Documents/GitHub/MoneroOne/build/SourcePackages/checkouts/swift-nio-ssl/Sources/CNIOBoringSSL/crypto/x509/v3_genn.cc normal arm64 c++ com.apple.compilers.llvm.clang.1_0.compiler (in target 'CNIOBoringSSL' from project 'swift-nio-ssl')
    cd /Users/j/Documents/GitHub/MoneroOne/MoneroOne.xcodeproj
    
    Using response file: /Users/j/Documents/GitHub/MoneroOne/build/Build/Intermediates.noindex/swift-nio-ssl.build/Debug-iphonesimulator/CNIOBoringSSL.build/Objects-normal/arm64/82b82416624d2658e5098eb0a28c15c5-common-args.resp
    
    /Applications/Xcode.app/Contents/Developer/Toolchains/XcodeDefault.xctoolchain/usr/bin/clang -x c++ -ivfsstatcache /Users/j/Documents/GitHub/MoneroOne/build/SDKStatCaches.noindex/iphonesimulator26.1-23B77-90cf18a4295e390e64c810bc6bd7acbc.sdkstatcache -fmessage-length\=0 -fdiagnostics-show-note-include-stack -fmacro-backtrace-limit\=0 -fno-color-diagnostics -fmodules-prune-interval\=86400 -fmodules-prune-after\=345600 -fbuild-session-file\=/Users/j/Documents/GitHub/MoneroOne/build/ModuleCache.noindex/Session.modulevalidation -fmodules-validate-once-per-build-session -Wnon-modular-include-in-framework-module -Werror\=non-modular-include-in-framework-module -Wno-trigraphs -Wno-missing-field-initializers -Wno-missing-prototypes -Wno-return-type -Wno-non-virtual-dtor -Wno-overloaded-virtual -Wno-exit-time-destructors -Wno-missing-braces -Wparentheses -Wswitch -Wno-unused-function -Wno-unused-label -Wno-unused-parameter -Wno-unused-variable -Wunused-value -Wno-empty-body -Wno-uninitialized -Wno-unknown-pragmas -w -Wno-shadow -Wno-four-char-constants -Wno-conversion -Wno-constant-conversion -Wno-int-conversion -Wno-bool-conversion -Wno-enum-conversion -Wno-float-conversion -Wno-non-literal-null-conversion -Wno-objc-literal-conversion -Wshorten-64-to-32 -Wno-newline-eof -Wno-c++11-extensions -Wno-implicit-fallthrough -fstrict-aliasing -Wdeprecated-declarations -Winvalid-offsetof -Wno-sign-conversion -Wno-infinite-recursion -Wno-move -Wno-comma -Wno-block-capture-autoreleasing -Wno-strict-prototypes -Wno-range-loop-analysis -Wno-semicolon-before-method-body -index-store-path /Users/j/Documents/GitHub/MoneroOne/build/Index.noindex/DataStore @/Users/j/Documents/GitHub/MoneroOne/build/Build/Intermediates.noindex/swift-nio-ssl.build/Debug-iphonesimulator/CNIOBoringSSL.build/Objects-normal/arm64/82b82416624d2658e5098eb0a28c15c5-common-args.resp -MMD -MT dependencies -MF /Users/j/Documents/GitHub/MoneroOne/build/Build/Intermediates.noindex/swift-nio-ssl.build/Debug-iphonesimulator/CNIOBoringSSL.build/Objects-normal/arm64/v3_genn.d --serialize-diagnostics /Users/j/Documents/GitHub/MoneroOne/build/Build/Intermediates.noindex/swift-nio-ssl.build/Debug-iphonesimulator/CNIOBoringSSL.build/Objects-normal/arm64/v3_genn.dia -c /Users/j/Documents/GitHub/MoneroOne/build/SourcePackages/checkouts/swift-nio-ssl/Sources/CNIOBoringSSL/crypto/x509/v3_genn.cc -o /Users/j/Documents/GitHub/MoneroOne/build/Build/Intermediates.noindex/swift-nio-ssl.build/Debug-iphonesimulator/CNIOBoringSSL.build/Objects-normal/arm64/v3_genn.o -index-unit-output-path /swift-nio-ssl.build/Debug-iphonesimulator/CNIOBoringSSL.build/Objects-normal/arm64/v3_genn.o

CompileC /Users/j/Documents/GitHub/MoneroOne/build/Build/Intermediates.noindex/swift-nio-ssl.build/Debug-iphonesimulator/CNIOBoringSSL.build/Objects-normal/arm64/v3_extku.o /Users/j/Documents/GitHub/MoneroOne/build/SourcePackages/checkouts/swift-nio-ssl/Sources/CNIOBoringSSL/crypto/x509/v3_extku.cc normal arm64 c++ com.apple.compilers.llvm.clang.1_0.compiler (in target 'CNIOBoringSSL' from project 'swift-nio-ssl')
    cd /Users/j/Documents/GitHub/MoneroOne/MoneroOne.xcodeproj
    
    Using response file: /Users/j/Documents/GitHub/MoneroOne/build/Build/Intermediates.noindex/swift-nio-ssl.build/Debug-iphonesimulator/CNIOBoringSSL.build/Objects-normal/arm64/82b82416624d2658e5098eb0a28c15c5-common-args.resp
    
    /Applications/Xcode.app/Contents/Developer/Toolchains/XcodeDefault.xctoolchain/usr/bin/clang -x c++ -ivfsstatcache /Users/j/Documents/GitHub/MoneroOne/build/SDKStatCaches.noindex/iphonesimulator26.1-23B77-90cf18a4295e390e64c810bc6bd7acbc.sdkstatcache -fmessage-length\=0 -fdiagnostics-show-note-include-stack -fmacro-backtrace-limit\=0 -fno-color-diagnostics -fmodules-prune-interval\=86400 -fmodules-prune-after\=345600 -fbuild-session-file\=/Users/j/Documents/GitHub/MoneroOne/build/ModuleCache.noindex/Session.modulevalidation -fmodules-validate-once-per-build-session -Wnon-modular-include-in-framework-module -Werror\=non-modular-include-in-framework-module -Wno-trigraphs -Wno-missing-field-initializers -Wno-missing-prototypes -Wno-return-type -Wno-non-virtual-dtor -Wno-overloaded-virtual -Wno-exit-time-destructors -Wno-missing-braces -Wparentheses -Wswitch -Wno-unused-function -Wno-unused-label -Wno-unused-parameter -Wno-unused-variable -Wunused-value -Wno-empty-body -Wno-uninitialized -Wno-unknown-pragmas -w -Wno-shadow -Wno-four-char-constants -Wno-conversion -Wno-constant-conversion -Wno-int-conversion -Wno-bool-conversion -Wno-enum-conversion -Wno-float-conversion -Wno-non-literal-null-conversion -Wno-objc-literal-conversion -Wshorten-64-to-32 -Wno-newline-eof -Wno-c++11-extensions -Wno-implicit-fallthrough -fstrict-aliasing -Wdeprecated-declarations -Winvalid-offsetof -Wno-sign-conversion -Wno-infinite-recursion -Wno-move -Wno-comma -Wno-block-capture-autoreleasing -Wno-strict-prototypes -Wno-range-loop-analysis -Wno-semicolon-before-method-body -index-store-path /Users/j/Documents/GitHub/MoneroOne/build/Index.noindex/DataStore @/Users/j/Documents/GitHub/MoneroOne/build/Build/Intermediates.noindex/swift-nio-ssl.build/Debug-iphonesimulator/CNIOBoringSSL.build/Objects-normal/arm64/82b82416624d2658e5098eb0a28c15c5-common-args.resp -MMD -MT dependencies -MF /Users/j/Documents/GitHub/MoneroOne/build/Build/Intermediates.noindex/swift-nio-ssl.build/Debug-iphonesimulator/CNIOBoringSSL.build/Objects-normal/arm64/v3_extku.d --serialize-diagnostics /Users/j/Documents/GitHub/MoneroOne/build/Build/Intermediates.noindex/swift-nio-ssl.build/Debug-iphonesimulator/CNIOBoringSSL.build/Objects-normal/arm64/v3_extku.dia -c /Users/j/Documents/GitHub/MoneroOne/build/SourcePackages/checkouts/swift-nio-ssl/Sources/CNIOBoringSSL/crypto/x509/v3_extku.cc -o /Users/j/Documents/GitHub/MoneroOne/build/Build/Intermediates.noindex/swift-nio-ssl.build/Debug-iphonesimulator/CNIOBoringSSL.build/Objects-normal/arm64/v3_extku.o -index-unit-output-path /swift-nio-ssl.build/Debug-iphonesimulator/CNIOBoringSSL.build/Objects-normal/arm64/v3_extku.o

SwiftExplicitDependencyGeneratePcm arm64 /Users/j/Documents/GitHub/MoneroOne/build/ModuleCache.noindex/Intents-ESUL2NL34NNNTZO4KRBXXYAZU.pcm

CompileC /Users/j/Documents/GitHub/MoneroOne/build/Build/Intermediates.noindex/swift-nio-ssl.build/Debug-iphonesimulator/CNIOBoringSSL.build/Objects-normal/arm64/v3_enum.o /Users/j/Documents/GitHub/MoneroOne/build/SourcePackages/checkouts/swift-nio-ssl/Sources/CNIOBoringSSL/crypto/x509/v3_enum.cc normal arm64 c++ com.apple.compilers.llvm.clang.1_0.compiler (in target 'CNIOBoringSSL' from project 'swift-nio-ssl')
    cd /Users/j/Documents/GitHub/MoneroOne/MoneroOne.xcodeproj
    
    Using response file: /Users/j/Documents/GitHub/MoneroOne/build/Build/Intermediates.noindex/swift-nio-ssl.build/Debug-iphonesimulator/CNIOBoringSSL.build/Objects-normal/arm64/82b82416624d2658e5098eb0a28c15c5-common-args.resp
    
    /Applications/Xcode.app/Contents/Developer/Toolchains/XcodeDefault.xctoolchain/usr/bin/clang -x c++ -ivfsstatcache /Users/j/Documents/GitHub/MoneroOne/build/SDKStatCaches.noindex/iphonesimulator26.1-23B77-90cf18a4295e390e64c810bc6bd7acbc.sdkstatcache -fmessage-length\=0 -fdiagnostics-show-note-include-stack -fmacro-backtrace-limit\=0 -fno-color-diagnostics -fmodules-prune-interval\=86400 -fmodules-prune-after\=345600 -fbuild-session-file\=/Users/j/Documents/GitHub/MoneroOne/build/ModuleCache.noindex/Session.modulevalidation -fmodules-validate-once-per-build-session -Wnon-modular-include-in-framework-module -Werror\=non-modular-include-in-framework-module -Wno-trigraphs -Wno-missing-field-initializers -Wno-missing-prototypes -Wno-return-type -Wno-non-virtual-dtor -Wno-overloaded-virtual -Wno-exit-time-destructors -Wno-missing-braces -Wparentheses -Wswitch -Wno-unused-function -Wno-unused-label -Wno-unused-parameter -Wno-unused-variable -Wunused-value -Wno-empty-body -Wno-uninitialized -Wno-unknown-pragmas -w -Wno-shadow -Wno-four-char-constants -Wno-conversion -Wno-constant-conversion -Wno-int-conversion -Wno-bool-conversion -Wno-enum-conversion -Wno-float-conversion -Wno-non-literal-null-conversion -Wno-objc-literal-conversion -Wshorten-64-to-32 -Wno-newline-eof -Wno-c++11-extensions -Wno-implicit-fallthrough -fstrict-aliasing -Wdeprecated-declarations -Winvalid-offsetof -Wno-sign-conversion -Wno-infinite-recursion -Wno-move -Wno-comma -Wno-block-capture-autoreleasing -Wno-strict-prototypes -Wno-range-loop-analysis -Wno-semicolon-before-method-body -index-store-path /Users/j/Documents/GitHub/MoneroOne/build/Index.noindex/DataStore @/Users/j/Documents/GitHub/MoneroOne/build/Build/Intermediates.noindex/swift-nio-ssl.build/Debug-iphonesimulator/CNIOBoringSSL.build/Objects-normal/arm64/82b82416624d2658e5098eb0a28c15c5-common-args.resp -MMD -MT dependencies -MF /Users/j/Documents/GitHub/MoneroOne/build/Build/Intermediates.noindex/swift-nio-ssl.build/Debug-iphonesimulator/CNIOBoringSSL.build/Objects-normal/arm64/v3_enum.d --serialize-diagnostics /Users/j/Documents/GitHub/MoneroOne/build/Build/Intermediates.noindex/swift-nio-ssl.build/Debug-iphonesimulator/CNIOBoringSSL.build/Objects-normal/arm64/v3_enum.dia -c /Users/j/Documents/GitHub/MoneroOne/build/SourcePackages/checkouts/swift-nio-ssl/Sources/CNIOBoringSSL/crypto/x509/v3_enum.cc -o /Users/j/Documents/GitHub/MoneroOne/build/Build/Intermediates.noindex/swift-nio-ssl.build/Debug-iphonesimulator/CNIOBoringSSL.build/Objects-normal/arm64/v3_enum.o -index-unit-output-path /swift-nio-ssl.build/Debug-iphonesimulator/CNIOBoringSSL.build/Objects-normal/arm64/v3_enum.o

CompileC /Users/j/Documents/GitHub/MoneroOne/build/Build/Intermediates.noindex/swift-nio-ssl.build/Debug-iphonesimulator/CNIOBoringSSL.build/Objects-normal/arm64/v3_crld.o /Users/j/Documents/GitHub/MoneroOne/build/SourcePackages/checkouts/swift-nio-ssl/Sources/CNIOBoringSSL/crypto/x509/v3_crld.cc normal arm64 c++ com.apple.compilers.llvm.clang.1_0.compiler (in target 'CNIOBoringSSL' from project 'swift-nio-ssl')
    cd /Users/j/Documents/GitHub/MoneroOne/MoneroOne.xcodeproj
    
    Using response file: /Users/j/Documents/GitHub/MoneroOne/build/Build/Intermediates.noindex/swift-nio-ssl.build/Debug-iphonesimulator/CNIOBoringSSL.build/Objects-normal/arm64/82b82416624d2658e5098eb0a28c15c5-common-args.resp
    
    /Applications/Xcode.app/Contents/Developer/Toolchains/XcodeDefault.xctoolchain/usr/bin/clang -x c++ -ivfsstatcache /Users/j/Documents/GitHub/MoneroOne/build/SDKStatCaches.noindex/iphonesimulator26.1-23B77-90cf18a4295e390e64c810bc6bd7acbc.sdkstatcache -fmessage-length\=0 -fdiagnostics-show-note-include-stack -fmacro-backtrace-limit\=0 -fno-color-diagnostics -fmodules-prune-interval\=86400 -fmodules-prune-after\=345600 -fbuild-session-file\=/Users/j/Documents/GitHub/MoneroOne/build/ModuleCache.noindex/Session.modulevalidation -fmodules-validate-once-per-build-session -Wnon-modular-include-in-framework-module -Werror\=non-modular-include-in-framework-module -Wno-trigraphs -Wno-missing-field-initializers -Wno-missing-prototypes -Wno-return-type -Wno-non-virtual-dtor -Wno-overloaded-virtual -Wno-exit-time-destructors -Wno-missing-braces -Wparentheses -Wswitch -Wno-unused-function -Wno-unused-label -Wno-unused-parameter -Wno-unused-variable -Wunused-value -Wno-empty-body -Wno-uninitialized -Wno-unknown-pragmas -w -Wno-shadow -Wno-four-char-constants -Wno-conversion -Wno-constant-conversion -Wno-int-conversion -Wno-bool-conversion -Wno-enum-conversion -Wno-float-conversion -Wno-non-literal-null-conversion -Wno-objc-literal-conversion -Wshorten-64-to-32 -Wno-newline-eof -Wno-c++11-extensions -Wno-implicit-fallthrough -fstrict-aliasing -Wdeprecated-declarations -Winvalid-offsetof -Wno-sign-conversion -Wno-infinite-recursion -Wno-move -Wno-comma -Wno-block-capture-autoreleasing -Wno-strict-prototypes -Wno-range-loop-analysis -Wno-semicolon-before-method-body -index-store-path /Users/j/Documents/GitHub/MoneroOne/build/Index.noindex/DataStore @/Users/j/Documents/GitHub/MoneroOne/build/Build/Intermediates.noindex/swift-nio-ssl.build/Debug-iphonesimulator/CNIOBoringSSL.build/Objects-normal/arm64/82b82416624d2658e5098eb0a28c15c5-common-args.resp -MMD -MT dependencies -MF /Users/j/Documents/GitHub/MoneroOne/build/Build/Intermediates.noindex/swift-nio-ssl.build/Debug-iphonesimulator/CNIOBoringSSL.build/Objects-normal/arm64/v3_crld.d --serialize-diagnostics /Users/j/Documents/GitHub/MoneroOne/build/Build/Intermediates.noindex/swift-nio-ssl.build/Debug-iphonesimulator/CNIOBoringSSL.build/Objects-normal/arm64/v3_crld.dia -c /Users/j/Documents/GitHub/MoneroOne/build/SourcePackages/checkouts/swift-nio-ssl/Sources/CNIOBoringSSL/crypto/x509/v3_crld.cc -o /Users/j/Documents/GitHub/MoneroOne/build/Build/Intermediates.noindex/swift-nio-ssl.build/Debug-iphonesimulator/CNIOBoringSSL.build/Objects-normal/arm64/v3_crld.o -index-unit-output-path /swift-nio-ssl.build/Debug-iphonesimulator/CNIOBoringSSL.build/Objects-normal/arm64/v3_crld.o

SwiftExplicitDependencyGeneratePcm arm64 /Users/j/Documents/GitHub/MoneroOne/build/ModuleCache.noindex/CoreVideo-6DDYH0EI58NM1AA8DE0J9XYAT.pcm

SwiftDriverJobDiscovery normal arm64 Emitting module for Alamofire (in target 'Alamofire' from project 'Alamofire')

SwiftDriver\ Compilation\ Requirements Alamofire normal arm64 com.apple.xcode.tools.swift.compiler (in target 'Alamofire' from project 'Alamofire')
    cd /Users/j/Documents/GitHub/MoneroOne/MoneroOne.xcodeproj
    builtin-Swift-Compilation-Requirements -- /Applications/Xcode.app/Contents/Developer/Toolchains/XcodeDefault.xctoolchain/usr/bin/swiftc -module-name Alamofire -Onone -enforce-exclusivity\=checked @/Users/j/Documents/GitHub/MoneroOne/build/Build/Intermediates.noindex/Alamofire.build/Debug-iphonesimulator/Alamofire.build/Objects-normal/arm64/Alamofire.SwiftFileList -DSWIFT_PACKAGE -DDEBUG -DSWIFT_MODULE_RESOURCE_BUNDLE_AVAILABLE -DXcode -enable-upcoming-feature ExistentialAny -plugin-path /Applications/Xcode.app/Contents/Developer/Toolchains/XcodeDefault.xctoolchain/usr/lib/swift/host/plugins/testing -enable-experimental-feature DebugDescriptionMacro -sdk /Applications/Xcode.app/Contents/Developer/Platforms/iPhoneSimulator.platform/Developer/SDKs/iPhoneSimulator26.1.sdk -target arm64-apple-ios12.0-simulator -g -module-cache-path /Users/j/Documents/GitHub/MoneroOne/build/ModuleCache.noindex -Xfrontend -serialize-debugging-options -enable-testing -suppress-warnings -index-store-path /Users/j/Documents/GitHub/MoneroOne/build/Index.noindex/DataStore -Xcc -D_LIBCPP_HARDENING_MODE\=_LIBCPP_HARDENING_MODE_DEBUG -swift-version 5 -I /Users/j/Documents/GitHub/MoneroOne/build/Build/Products/Debug-iphonesimulator -Isystem /Applications/Xcode.app/Contents/Developer/Platforms/iPhoneSimulator.platform/Developer/usr/lib -F /Users/j/Documents/GitHub/MoneroOne/build/Build/Products/Debug-iphonesimulator -F /Applications/Xcode.app/Contents/Developer/Platforms/iPhoneSimulator.platform/Developer/Library/Frameworks -F /Applications/Xcode.app/Contents/Developer/Platforms/iPhoneSimulator.platform/Developer/SDKs/iPhoneSimulator26.1.sdk/Developer/Library/Frameworks -c -j12 -enable-batch-mode -incremental -Xcc -ivfsstatcache -Xcc /Users/j/Documents/GitHub/MoneroOne/build/SDKStatCaches.noindex/iphonesimulator26.1-23B77-90cf18a4295e390e64c810bc6bd7acbc.sdkstatcache -output-file-map /Users/j/Documents/GitHub/MoneroOne/build/Build/Intermediates.noindex/Alamofire.build/Debug-iphonesimulator/Alamofire.build/Objects-normal/arm64/Alamofire-OutputFileMap.json -use-frontend-parseable-output -save-temps -no-color-diagnostics -explicit-module-build -module-cache-path /Users/j/Documents/GitHub/MoneroOne/build/Build/Intermediates.noindex/SwiftExplicitPrecompiledModules -clang-scanner-module-cache-path /Users/j/Documents/GitHub/MoneroOne/build/ModuleCache.noindex -sdk-module-cache-path /Users/j/Documents/GitHub/MoneroOne/build/ModuleCache.noindex -serialize-diagnostics -emit-dependencies -emit-module -emit-module-path /Users/j/Documents/GitHub/MoneroOne/build/Build/Intermediates.noindex/Alamofire.build/Debug-iphonesimulator/Alamofire.build/Objects-normal/arm64/Alamofire.swiftmodule -user-module-version 5.11.0 -validate-clang-modules-once -clang-build-session-file /Users/j/Documents/GitHub/MoneroOne/build/ModuleCache.noindex/Session.modulevalidation -package-name alamofire -Xcc -I/Users/j/Documents/GitHub/MoneroOne/build/Build/Intermediates.noindex/Alamofire.build/Debug-iphonesimulator/Alamofire.build/swift-overrides.hmap -emit-const-values -Xfrontend -const-gather-protocols-file -Xfrontend /Users/j/Documents/GitHub/MoneroOne/build/Build/Intermediates.noindex/Alamofire.build/Debug-iphonesimulator/Alamofire.build/Objects-normal/arm64/Alamofire_const_extract_protocols.json -Xcc -I/Users/j/Documents/GitHub/MoneroOne/build/Build/Products/Debug-iphonesimulator/include -Xcc -I/Users/j/Documents/GitHub/MoneroOne/build/Build/Intermediates.noindex/Alamofire.build/Debug-iphonesimulator/Alamofire.build/DerivedSources-normal/arm64 -Xcc -I/Users/j/Documents/GitHub/MoneroOne/build/Build/Intermediates.noindex/Alamofire.build/Debug-iphonesimulator/Alamofire.build/DerivedSources/arm64 -Xcc -I/Users/j/Documents/GitHub/MoneroOne/build/Build/Intermediates.noindex/Alamofire.build/Debug-iphonesimulator/Alamofire.build/DerivedSources -Xcc -DSWIFT_PACKAGE -Xcc -DDEBUG\=1 -emit-objc-header -emit-objc-header-path /Users/j/Documents/GitHub/MoneroOne/build/Build/Intermediates.noindex/Alamofire.build/Debug-iphonesimulator/Alamofire.build/Objects-normal/arm64/Alamofire-Swift.h -working-directory /Users/j/Documents/GitHub/MoneroOne/MoneroOne.xcodeproj -experimental-emit-module-separately -disable-cmo

SwiftExplicitDependencyGeneratePcm arm64 /Users/j/Documents/GitHub/MoneroOne/build/ModuleCache.noindex/QuartzCore-6RNRBR2FI6XAIBI7PK1F753KQ.pcm

SwiftMergeGeneratedHeaders /Users/j/Documents/GitHub/MoneroOne/build/Build/Intermediates.noindex/GeneratedModuleMaps-iphonesimulator/Alamofire-Swift.h /Users/j/Documents/GitHub/MoneroOne/build/Build/Intermediates.noindex/Alamofire.build/Debug-iphonesimulator/Alamofire.build/Objects-normal/arm64/Alamofire-Swift.h (in target 'Alamofire' from project 'Alamofire')
    cd /Users/j/Documents/GitHub/MoneroOne/build/SourcePackages/checkouts/Alamofire
    builtin-swiftHeaderTool -arch arm64 /Users/j/Documents/GitHub/MoneroOne/build/Build/Intermediates.noindex/Alamofire.build/Debug-iphonesimulator/Alamofire.build/Objects-normal/arm64/Alamofire-Swift.h -o /Users/j/Documents/GitHub/MoneroOne/build/Build/Intermediates.noindex/GeneratedModuleMaps-iphonesimulator/Alamofire-Swift.h

Copy /Users/j/Documents/GitHub/MoneroOne/build/Build/Products/Debug-iphonesimulator/Alamofire.swiftmodule/arm64-apple-ios-simulator.swiftmodule /Users/j/Documents/GitHub/MoneroOne/build/Build/Intermediates.noindex/Alamofire.build/Debug-iphonesimulator/Alamofire.build/Objects-normal/arm64/Alamofire.swiftmodule (in target 'Alamofire' from project 'Alamofire')
    cd /Users/j/Documents/GitHub/MoneroOne/build/SourcePackages/checkouts/Alamofire
    builtin-copy -exclude .DS_Store -exclude CVS -exclude .svn -exclude .git -exclude .hg -resolve-src-symlinks -rename /Users/j/Documents/GitHub/MoneroOne/build/Build/Intermediates.noindex/Alamofire.build/Debug-iphonesimulator/Alamofire.build/Objects-normal/arm64/Alamofire.swiftmodule /Users/j/Documents/GitHub/MoneroOne/build/Build/Products/Debug-iphonesimulator/Alamofire.swiftmodule/arm64-apple-ios-simulator.swiftmodule

Copy /Users/j/Documents/GitHub/MoneroOne/build/Build/Products/Debug-iphonesimulator/Alamofire.swiftmodule/arm64-apple-ios-simulator.swiftdoc /Users/j/Documents/GitHub/MoneroOne/build/Build/Intermediates.noindex/Alamofire.build/Debug-iphonesimulator/Alamofire.build/Objects-normal/arm64/Alamofire.swiftdoc (in target 'Alamofire' from project 'Alamofire')
    cd /Users/j/Documents/GitHub/MoneroOne/build/SourcePackages/checkouts/Alamofire
    builtin-copy -exclude .DS_Store -exclude CVS -exclude .svn -exclude .git -exclude .hg -resolve-src-symlinks -rename /Users/j/Documents/GitHub/MoneroOne/build/Build/Intermediates.noindex/Alamofire.build/Debug-iphonesimulator/Alamofire.build/Objects-normal/arm64/Alamofire.swiftdoc /Users/j/Documents/GitHub/MoneroOne/build/Build/Products/Debug-iphonesimulator/Alamofire.swiftmodule/arm64-apple-ios-simulator.swiftdoc

Copy /Users/j/Documents/GitHub/MoneroOne/build/Build/Products/Debug-iphonesimulator/Alamofire.swiftmodule/arm64-apple-ios-simulator.abi.json /Users/j/Documents/GitHub/MoneroOne/build/Build/Intermediates.noindex/Alamofire.build/Debug-iphonesimulator/Alamofire.build/Objects-normal/arm64/Alamofire.abi.json (in target 'Alamofire' from project 'Alamofire')
    cd /Users/j/Documents/GitHub/MoneroOne/build/SourcePackages/checkouts/Alamofire
    builtin-copy -exclude .DS_Store -exclude CVS -exclude .svn -exclude .git -exclude .hg -resolve-src-symlinks -rename /Users/j/Documents/GitHub/MoneroOne/build/Build/Intermediates.noindex/Alamofire.build/Debug-iphonesimulator/Alamofire.build/Objects-normal/arm64/Alamofire.abi.json /Users/j/Documents/GitHub/MoneroOne/build/Build/Products/Debug-iphonesimulator/Alamofire.swiftmodule/arm64-apple-ios-simulator.abi.json

Copy /Users/j/Documents/GitHub/MoneroOne/build/Build/Products/Debug-iphonesimulator/Alamofire.swiftmodule/Project/arm64-apple-ios-simulator.swiftsourceinfo /Users/j/Documents/GitHub/MoneroOne/build/Build/Intermediates.noindex/Alamofire.build/Debug-iphonesimulator/Alamofire.build/Objects-normal/arm64/Alamofire.swiftsourceinfo (in target 'Alamofire' from project 'Alamofire')
    cd /Users/j/Documents/GitHub/MoneroOne/build/SourcePackages/checkouts/Alamofire
    builtin-copy -exclude .DS_Store -exclude CVS -exclude .svn -exclude .git -exclude .hg -resolve-src-symlinks -rename /Users/j/Documents/GitHub/MoneroOne/build/Build/Intermediates.noindex/Alamofire.build/Debug-iphonesimulator/Alamofire.build/Objects-normal/arm64/Alamofire.swiftsourceinfo /Users/j/Documents/GitHub/MoneroOne/build/Build/Products/Debug-iphonesimulator/Alamofire.swiftmodule/Project/arm64-apple-ios-simulator.swiftsourceinfo

SwiftExplicitDependencyGeneratePcm arm64 /Users/j/Documents/GitHub/MoneroOne/build/ModuleCache.noindex/SwiftUICore-DA5FVQ8ZA2QB531QUJ5QJJGYQ.pcm

SwiftExplicitDependencyGeneratePcm arm64 /Users/j/Documents/GitHub/MoneroOne/build/ModuleCache.noindex/CoreImage-3FWXPKT8KZI7EPT81W02B7D7T.pcm

CompileC /Users/j/Documents/GitHub/MoneroOne/build/Build/Intermediates.noindex/swift-nio-ssl.build/Debug-iphonesimulator/CNIOBoringSSL.build/Objects-normal/arm64/v3_cpols.o /Users/j/Documents/GitHub/MoneroOne/build/SourcePackages/checkouts/swift-nio-ssl/Sources/CNIOBoringSSL/crypto/x509/v3_cpols.cc normal arm64 c++ com.apple.compilers.llvm.clang.1_0.compiler (in target 'CNIOBoringSSL' from project 'swift-nio-ssl')
    cd /Users/j/Documents/GitHub/MoneroOne/MoneroOne.xcodeproj
    
    Using response file: /Users/j/Documents/GitHub/MoneroOne/build/Build/Intermediates.noindex/swift-nio-ssl.build/Debug-iphonesimulator/CNIOBoringSSL.build/Objects-normal/arm64/82b82416624d2658e5098eb0a28c15c5-common-args.resp
    
    /Applications/Xcode.app/Contents/Developer/Toolchains/XcodeDefault.xctoolchain/usr/bin/clang -x c++ -ivfsstatcache /Users/j/Documents/GitHub/MoneroOne/build/SDKStatCaches.noindex/iphonesimulator26.1-23B77-90cf18a4295e390e64c810bc6bd7acbc.sdkstatcache -fmessage-length\=0 -fdiagnostics-show-note-include-stack -fmacro-backtrace-limit\=0 -fno-color-diagnostics -fmodules-prune-interval\=86400 -fmodules-prune-after\=345600 -fbuild-session-file\=/Users/j/Documents/GitHub/MoneroOne/build/ModuleCache.noindex/Session.modulevalidation -fmodules-validate-once-per-build-session -Wnon-modular-include-in-framework-module -Werror\=non-modular-include-in-framework-module -Wno-trigraphs -Wno-missing-field-initializers -Wno-missing-prototypes -Wno-return-type -Wno-non-virtual-dtor -Wno-overloaded-virtual -Wno-exit-time-destructors -Wno-missing-braces -Wparentheses -Wswitch -Wno-unused-function -Wno-unused-label -Wno-unused-parameter -Wno-unused-variable -Wunused-value -Wno-empty-body -Wno-uninitialized -Wno-unknown-pragmas -w -Wno-shadow -Wno-four-char-constants -Wno-conversion -Wno-constant-conversion -Wno-int-conversion -Wno-bool-conversion -Wno-enum-conversion -Wno-float-conversion -Wno-non-literal-null-conversion -Wno-objc-literal-conversion -Wshorten-64-to-32 -Wno-newline-eof -Wno-c++11-extensions -Wno-implicit-fallthrough -fstrict-aliasing -Wdeprecated-declarations -Winvalid-offsetof -Wno-sign-conversion -Wno-infinite-recursion -Wno-move -Wno-comma -Wno-block-capture-autoreleasing -Wno-strict-prototypes -Wno-range-loop-analysis -Wno-semicolon-before-method-body -index-store-path /Users/j/Documents/GitHub/MoneroOne/build/Index.noindex/DataStore @/Users/j/Documents/GitHub/MoneroOne/build/Build/Intermediates.noindex/swift-nio-ssl.build/Debug-iphonesimulator/CNIOBoringSSL.build/Objects-normal/arm64/82b82416624d2658e5098eb0a28c15c5-common-args.resp -MMD -MT dependencies -MF /Users/j/Documents/GitHub/MoneroOne/build/Build/Intermediates.noindex/swift-nio-ssl.build/Debug-iphonesimulator/CNIOBoringSSL.build/Objects-normal/arm64/v3_cpols.d --serialize-diagnostics /Users/j/Documents/GitHub/MoneroOne/build/Build/Intermediates.noindex/swift-nio-ssl.build/Debug-iphonesimulator/CNIOBoringSSL.build/Objects-normal/arm64/v3_cpols.dia -c /Users/j/Documents/GitHub/MoneroOne/build/SourcePackages/checkouts/swift-nio-ssl/Sources/CNIOBoringSSL/crypto/x509/v3_cpols.cc -o /Users/j/Documents/GitHub/MoneroOne/build/Build/Intermediates.noindex/swift-nio-ssl.build/Debug-iphonesimulator/CNIOBoringSSL.build/Objects-normal/arm64/v3_cpols.o -index-unit-output-path /swift-nio-ssl.build/Debug-iphonesimulator/CNIOBoringSSL.build/Objects-normal/arm64/v3_cpols.o

CompileC /Users/j/Documents/GitHub/MoneroOne/build/Build/Intermediates.noindex/swift-nio-ssl.build/Debug-iphonesimulator/CNIOBoringSSL.build/Objects-normal/arm64/v3_conf.o /Users/j/Documents/GitHub/MoneroOne/build/SourcePackages/checkouts/swift-nio-ssl/Sources/CNIOBoringSSL/crypto/x509/v3_conf.cc normal arm64 c++ com.apple.compilers.llvm.clang.1_0.compiler (in target 'CNIOBoringSSL' from project 'swift-nio-ssl')
    cd /Users/j/Documents/GitHub/MoneroOne/MoneroOne.xcodeproj
    
    Using response file: /Users/j/Documents/GitHub/MoneroOne/build/Build/Intermediates.noindex/swift-nio-ssl.build/Debug-iphonesimulator/CNIOBoringSSL.build/Objects-normal/arm64/82b82416624d2658e5098eb0a28c15c5-common-args.resp
    
    /Applications/Xcode.app/Contents/Developer/Toolchains/XcodeDefault.xctoolchain/usr/bin/clang -x c++ -ivfsstatcache /Users/j/Documents/GitHub/MoneroOne/build/SDKStatCaches.noindex/iphonesimulator26.1-23B77-90cf18a4295e390e64c810bc6bd7acbc.sdkstatcache -fmessage-length\=0 -fdiagnostics-show-note-include-stack -fmacro-backtrace-limit\=0 -fno-color-diagnostics -fmodules-prune-interval\=86400 -fmodules-prune-after\=345600 -fbuild-session-file\=/Users/j/Documents/GitHub/MoneroOne/build/ModuleCache.noindex/Session.modulevalidation -fmodules-validate-once-per-build-session -Wnon-modular-include-in-framework-module -Werror\=non-modular-include-in-framework-module -Wno-trigraphs -Wno-missing-field-initializers -Wno-missing-prototypes -Wno-return-type -Wno-non-virtual-dtor -Wno-overloaded-virtual -Wno-exit-time-destructors -Wno-missing-braces -Wparentheses -Wswitch -Wno-unused-function -Wno-unused-label -Wno-unused-parameter -Wno-unused-variable -Wunused-value -Wno-empty-body -Wno-uninitialized -Wno-unknown-pragmas -w -Wno-shadow -Wno-four-char-constants -Wno-conversion -Wno-constant-conversion -Wno-int-conversion -Wno-bool-conversion -Wno-enum-conversion -Wno-float-conversion -Wno-non-literal-null-conversion -Wno-objc-literal-conversion -Wshorten-64-to-32 -Wno-newline-eof -Wno-c++11-extensions -Wno-implicit-fallthrough -fstrict-aliasing -Wdeprecated-declarations -Winvalid-offsetof -Wno-sign-conversion -Wno-infinite-recursion -Wno-move -Wno-comma -Wno-block-capture-autoreleasing -Wno-strict-prototypes -Wno-range-loop-analysis -Wno-semicolon-before-method-body -index-store-path /Users/j/Documents/GitHub/MoneroOne/build/Index.noindex/DataStore @/Users/j/Documents/GitHub/MoneroOne/build/Build/Intermediates.noindex/swift-nio-ssl.build/Debug-iphonesimulator/CNIOBoringSSL.build/Objects-normal/arm64/82b82416624d2658e5098eb0a28c15c5-common-args.resp -MMD -MT dependencies -MF /Users/j/Documents/GitHub/MoneroOne/build/Build/Intermediates.noindex/swift-nio-ssl.build/Debug-iphonesimulator/CNIOBoringSSL.build/Objects-normal/arm64/v3_conf.d --serialize-diagnostics /Users/j/Documents/GitHub/MoneroOne/build/Build/Intermediates.noindex/swift-nio-ssl.build/Debug-iphonesimulator/CNIOBoringSSL.build/Objects-normal/arm64/v3_conf.dia -c /Users/j/Documents/GitHub/MoneroOne/build/SourcePackages/checkouts/swift-nio-ssl/Sources/CNIOBoringSSL/crypto/x509/v3_conf.cc -o /Users/j/Documents/GitHub/MoneroOne/build/Build/Intermediates.noindex/swift-nio-ssl.build/Debug-iphonesimulator/CNIOBoringSSL.build/Objects-normal/arm64/v3_conf.o -index-unit-output-path /swift-nio-ssl.build/Debug-iphonesimulator/CNIOBoringSSL.build/Objects-normal/arm64/v3_conf.o

CompileC /Users/j/Documents/GitHub/MoneroOne/build/Build/Intermediates.noindex/swift-nio-ssl.build/Debug-iphonesimulator/CNIOBoringSSL.build/Objects-normal/arm64/v3_bitst.o /Users/j/Documents/GitHub/MoneroOne/build/SourcePackages/checkouts/swift-nio-ssl/Sources/CNIOBoringSSL/crypto/x509/v3_bitst.cc normal arm64 c++ com.apple.compilers.llvm.clang.1_0.compiler (in target 'CNIOBoringSSL' from project 'swift-nio-ssl')
    cd /Users/j/Documents/GitHub/MoneroOne/MoneroOne.xcodeproj
    
    Using response file: /Users/j/Documents/GitHub/MoneroOne/build/Build/Intermediates.noindex/swift-nio-ssl.build/Debug-iphonesimulator/CNIOBoringSSL.build/Objects-normal/arm64/82b82416624d2658e5098eb0a28c15c5-common-args.resp
    
    /Applications/Xcode.app/Contents/Developer/Toolchains/XcodeDefault.xctoolchain/usr/bin/clang -x c++ -ivfsstatcache /Users/j/Documents/GitHub/MoneroOne/build/SDKStatCaches.noindex/iphonesimulator26.1-23B77-90cf18a4295e390e64c810bc6bd7acbc.sdkstatcache -fmessage-length\=0 -fdiagnostics-show-note-include-stack -fmacro-backtrace-limit\=0 -fno-color-diagnostics -fmodules-prune-interval\=86400 -fmodules-prune-after\=345600 -fbuild-session-file\=/Users/j/Documents/GitHub/MoneroOne/build/ModuleCache.noindex/Session.modulevalidation -fmodules-validate-once-per-build-session -Wnon-modular-include-in-framework-module -Werror\=non-modular-include-in-framework-module -Wno-trigraphs -Wno-missing-field-initializers -Wno-missing-prototypes -Wno-return-type -Wno-non-virtual-dtor -Wno-overloaded-virtual -Wno-exit-time-destructors -Wno-missing-braces -Wparentheses -Wswitch -Wno-unused-function -Wno-unused-label -Wno-unused-parameter -Wno-unused-variable -Wunused-value -Wno-empty-body -Wno-uninitialized -Wno-unknown-pragmas -w -Wno-shadow -Wno-four-char-constants -Wno-conversion -Wno-constant-conversion -Wno-int-conversion -Wno-bool-conversion -Wno-enum-conversion -Wno-float-conversion -Wno-non-literal-null-conversion -Wno-objc-literal-conversion -Wshorten-64-to-32 -Wno-newline-eof -Wno-c++11-extensions -Wno-implicit-fallthrough -fstrict-aliasing -Wdeprecated-declarations -Winvalid-offsetof -Wno-sign-conversion -Wno-infinite-recursion -Wno-move -Wno-comma -Wno-block-capture-autoreleasing -Wno-strict-prototypes -Wno-range-loop-analysis -Wno-semicolon-before-method-body -index-store-path /Users/j/Documents/GitHub/MoneroOne/build/Index.noindex/DataStore @/Users/j/Documents/GitHub/MoneroOne/build/Build/Intermediates.noindex/swift-nio-ssl.build/Debug-iphonesimulator/CNIOBoringSSL.build/Objects-normal/arm64/82b82416624d2658e5098eb0a28c15c5-common-args.resp -MMD -MT dependencies -MF /Users/j/Documents/GitHub/MoneroOne/build/Build/Intermediates.noindex/swift-nio-ssl.build/Debug-iphonesimulator/CNIOBoringSSL.build/Objects-normal/arm64/v3_bitst.d --serialize-diagnostics /Users/j/Documents/GitHub/MoneroOne/build/Build/Intermediates.noindex/swift-nio-ssl.build/Debug-iphonesimulator/CNIOBoringSSL.build/Objects-normal/arm64/v3_bitst.dia -c /Users/j/Documents/GitHub/MoneroOne/build/SourcePackages/checkouts/swift-nio-ssl/Sources/CNIOBoringSSL/crypto/x509/v3_bitst.cc -o /Users/j/Documents/GitHub/MoneroOne/build/Build/Intermediates.noindex/swift-nio-ssl.build/Debug-iphonesimulator/CNIOBoringSSL.build/Objects-normal/arm64/v3_bitst.o -index-unit-output-path /swift-nio-ssl.build/Debug-iphonesimulator/CNIOBoringSSL.build/Objects-normal/arm64/v3_bitst.o

CompileC /Users/j/Documents/GitHub/MoneroOne/build/Build/Intermediates.noindex/swift-nio-ssl.build/Debug-iphonesimulator/CNIOBoringSSL.build/Objects-normal/arm64/v3_bcons.o /Users/j/Documents/GitHub/MoneroOne/build/SourcePackages/checkouts/swift-nio-ssl/Sources/CNIOBoringSSL/crypto/x509/v3_bcons.cc normal arm64 c++ com.apple.compilers.llvm.clang.1_0.compiler (in target 'CNIOBoringSSL' from project 'swift-nio-ssl')
    cd /Users/j/Documents/GitHub/MoneroOne/MoneroOne.xcodeproj
    
    Using response file: /Users/j/Documents/GitHub/MoneroOne/build/Build/Intermediates.noindex/swift-nio-ssl.build/Debug-iphonesimulator/CNIOBoringSSL.build/Objects-normal/arm64/82b82416624d2658e5098eb0a28c15c5-common-args.resp
    
    /Applications/Xcode.app/Contents/Developer/Toolchains/XcodeDefault.xctoolchain/usr/bin/clang -x c++ -ivfsstatcache /Users/j/Documents/GitHub/MoneroOne/build/SDKStatCaches.noindex/iphonesimulator26.1-23B77-90cf18a4295e390e64c810bc6bd7acbc.sdkstatcache -fmessage-length\=0 -fdiagnostics-show-note-include-stack -fmacro-backtrace-limit\=0 -fno-color-diagnostics -fmodules-prune-interval\=86400 -fmodules-prune-after\=345600 -fbuild-session-file\=/Users/j/Documents/GitHub/MoneroOne/build/ModuleCache.noindex/Session.modulevalidation -fmodules-validate-once-per-build-session -Wnon-modular-include-in-framework-module -Werror\=non-modular-include-in-framework-module -Wno-trigraphs -Wno-missing-field-initializers -Wno-missing-prototypes -Wno-return-type -Wno-non-virtual-dtor -Wno-overloaded-virtual -Wno-exit-time-destructors -Wno-missing-braces -Wparentheses -Wswitch -Wno-unused-function -Wno-unused-label -Wno-unused-parameter -Wno-unused-variable -Wunused-value -Wno-empty-body -Wno-uninitialized -Wno-unknown-pragmas -w -Wno-shadow -Wno-four-char-constants -Wno-conversion -Wno-constant-conversion -Wno-int-conversion -Wno-bool-conversion -Wno-enum-conversion -Wno-float-conversion -Wno-non-literal-null-conversion -Wno-objc-literal-conversion -Wshorten-64-to-32 -Wno-newline-eof -Wno-c++11-extensions -Wno-implicit-fallthrough -fstrict-aliasing -Wdeprecated-declarations -Winvalid-offsetof -Wno-sign-conversion -Wno-infinite-recursion -Wno-move -Wno-comma -Wno-block-capture-autoreleasing -Wno-strict-prototypes -Wno-range-loop-analysis -Wno-semicolon-before-method-body -index-store-path /Users/j/Documents/GitHub/MoneroOne/build/Index.noindex/DataStore @/Users/j/Documents/GitHub/MoneroOne/build/Build/Intermediates.noindex/swift-nio-ssl.build/Debug-iphonesimulator/CNIOBoringSSL.build/Objects-normal/arm64/82b82416624d2658e5098eb0a28c15c5-common-args.resp -MMD -MT dependencies -MF /Users/j/Documents/GitHub/MoneroOne/build/Build/Intermediates.noindex/swift-nio-ssl.build/Debug-iphonesimulator/CNIOBoringSSL.build/Objects-normal/arm64/v3_bcons.d --serialize-diagnostics /Users/j/Documents/GitHub/MoneroOne/build/Build/Intermediates.noindex/swift-nio-ssl.build/Debug-iphonesimulator/CNIOBoringSSL.build/Objects-normal/arm64/v3_bcons.dia -c /Users/j/Documents/GitHub/MoneroOne/build/SourcePackages/checkouts/swift-nio-ssl/Sources/CNIOBoringSSL/crypto/x509/v3_bcons.cc -o /Users/j/Documents/GitHub/MoneroOne/build/Build/Intermediates.noindex/swift-nio-ssl.build/Debug-iphonesimulator/CNIOBoringSSL.build/Objects-normal/arm64/v3_bcons.o -index-unit-output-path /swift-nio-ssl.build/Debug-iphonesimulator/CNIOBoringSSL.build/Objects-normal/arm64/v3_bcons.o

CompileC /Users/j/Documents/GitHub/MoneroOne/build/Build/Intermediates.noindex/swift-nio-ssl.build/Debug-iphonesimulator/CNIOBoringSSL.build/Objects-normal/arm64/v3_alt.o /Users/j/Documents/GitHub/MoneroOne/build/SourcePackages/checkouts/swift-nio-ssl/Sources/CNIOBoringSSL/crypto/x509/v3_alt.cc normal arm64 c++ com.apple.compilers.llvm.clang.1_0.compiler (in target 'CNIOBoringSSL' from project 'swift-nio-ssl')
    cd /Users/j/Documents/GitHub/MoneroOne/MoneroOne.xcodeproj
    
    Using response file: /Users/j/Documents/GitHub/MoneroOne/build/Build/Intermediates.noindex/swift-nio-ssl.build/Debug-iphonesimulator/CNIOBoringSSL.build/Objects-normal/arm64/82b82416624d2658e5098eb0a28c15c5-common-args.resp
    
    /Applications/Xcode.app/Contents/Developer/Toolchains/XcodeDefault.xctoolchain/usr/bin/clang -x c++ -ivfsstatcache /Users/j/Documents/GitHub/MoneroOne/build/SDKStatCaches.noindex/iphonesimulator26.1-23B77-90cf18a4295e390e64c810bc6bd7acbc.sdkstatcache -fmessage-length\=0 -fdiagnostics-show-note-include-stack -fmacro-backtrace-limit\=0 -fno-color-diagnostics -fmodules-prune-interval\=86400 -fmodules-prune-after\=345600 -fbuild-session-file\=/Users/j/Documents/GitHub/MoneroOne/build/ModuleCache.noindex/Session.modulevalidation -fmodules-validate-once-per-build-session -Wnon-modular-include-in-framework-module -Werror\=non-modular-include-in-framework-module -Wno-trigraphs -Wno-missing-field-initializers -Wno-missing-prototypes -Wno-return-type -Wno-non-virtual-dtor -Wno-overloaded-virtual -Wno-exit-time-destructors -Wno-missing-braces -Wparentheses -Wswitch -Wno-unused-function -Wno-unused-label -Wno-unused-parameter -Wno-unused-variable -Wunused-value -Wno-empty-body -Wno-uninitialized -Wno-unknown-pragmas -w -Wno-shadow -Wno-four-char-constants -Wno-conversion -Wno-constant-conversion -Wno-int-conversion -Wno-bool-conversion -Wno-enum-conversion -Wno-float-conversion -Wno-non-literal-null-conversion -Wno-objc-literal-conversion -Wshorten-64-to-32 -Wno-newline-eof -Wno-c++11-extensions -Wno-implicit-fallthrough -fstrict-aliasing -Wdeprecated-declarations -Winvalid-offsetof -Wno-sign-conversion -Wno-infinite-recursion -Wno-move -Wno-comma -Wno-block-capture-autoreleasing -Wno-strict-prototypes -Wno-range-loop-analysis -Wno-semicolon-before-method-body -index-store-path /Users/j/Documents/GitHub/MoneroOne/build/Index.noindex/DataStore @/Users/j/Documents/GitHub/MoneroOne/build/Build/Intermediates.noindex/swift-nio-ssl.build/Debug-iphonesimulator/CNIOBoringSSL.build/Objects-normal/arm64/82b82416624d2658e5098eb0a28c15c5-common-args.resp -MMD -MT dependencies -MF /Users/j/Documents/GitHub/MoneroOne/build/Build/Intermediates.noindex/swift-nio-ssl.build/Debug-iphonesimulator/CNIOBoringSSL.build/Objects-normal/arm64/v3_alt.d --serialize-diagnostics /Users/j/Documents/GitHub/MoneroOne/build/Build/Intermediates.noindex/swift-nio-ssl.build/Debug-iphonesimulator/CNIOBoringSSL.build/Objects-normal/arm64/v3_alt.dia -c /Users/j/Documents/GitHub/MoneroOne/build/SourcePackages/checkouts/swift-nio-ssl/Sources/CNIOBoringSSL/crypto/x509/v3_alt.cc -o /Users/j/Documents/GitHub/MoneroOne/build/Build/Intermediates.noindex/swift-nio-ssl.build/Debug-iphonesimulator/CNIOBoringSSL.build/Objects-normal/arm64/v3_alt.o -index-unit-output-path /swift-nio-ssl.build/Debug-iphonesimulator/CNIOBoringSSL.build/Objects-normal/arm64/v3_alt.o

CompileC /Users/j/Documents/GitHub/MoneroOne/build/Build/Intermediates.noindex/swift-nio-ssl.build/Debug-iphonesimulator/CNIOBoringSSL.build/Objects-normal/arm64/v3_akeya.o /Users/j/Documents/GitHub/MoneroOne/build/SourcePackages/checkouts/swift-nio-ssl/Sources/CNIOBoringSSL/crypto/x509/v3_akeya.cc normal arm64 c++ com.apple.compilers.llvm.clang.1_0.compiler (in target 'CNIOBoringSSL' from project 'swift-nio-ssl')
    cd /Users/j/Documents/GitHub/MoneroOne/MoneroOne.xcodeproj
    
    Using response file: /Users/j/Documents/GitHub/MoneroOne/build/Build/Intermediates.noindex/swift-nio-ssl.build/Debug-iphonesimulator/CNIOBoringSSL.build/Objects-normal/arm64/82b82416624d2658e5098eb0a28c15c5-common-args.resp
    
    /Applications/Xcode.app/Contents/Developer/Toolchains/XcodeDefault.xctoolchain/usr/bin/clang -x c++ -ivfsstatcache /Users/j/Documents/GitHub/MoneroOne/build/SDKStatCaches.noindex/iphonesimulator26.1-23B77-90cf18a4295e390e64c810bc6bd7acbc.sdkstatcache -fmessage-length\=0 -fdiagnostics-show-note-include-stack -fmacro-backtrace-limit\=0 -fno-color-diagnostics -fmodules-prune-interval\=86400 -fmodules-prune-after\=345600 -fbuild-session-file\=/Users/j/Documents/GitHub/MoneroOne/build/ModuleCache.noindex/Session.modulevalidation -fmodules-validate-once-per-build-session -Wnon-modular-include-in-framework-module -Werror\=non-modular-include-in-framework-module -Wno-trigraphs -Wno-missing-field-initializers -Wno-missing-prototypes -Wno-return-type -Wno-non-virtual-dtor -Wno-overloaded-virtual -Wno-exit-time-destructors -Wno-missing-braces -Wparentheses -Wswitch -Wno-unused-function -Wno-unused-label -Wno-unused-parameter -Wno-unused-variable -Wunused-value -Wno-empty-body -Wno-uninitialized -Wno-unknown-pragmas -w -Wno-shadow -Wno-four-char-constants -Wno-conversion -Wno-constant-conversion -Wno-int-conversion -Wno-bool-conversion -Wno-enum-conversion -Wno-float-conversion -Wno-non-literal-null-conversion -Wno-objc-literal-conversion -Wshorten-64-to-32 -Wno-newline-eof -Wno-c++11-extensions -Wno-implicit-fallthrough -fstrict-aliasing -Wdeprecated-declarations -Winvalid-offsetof -Wno-sign-conversion -Wno-infinite-recursion -Wno-move -Wno-comma -Wno-block-capture-autoreleasing -Wno-strict-prototypes -Wno-range-loop-analysis -Wno-semicolon-before-method-body -index-store-path /Users/j/Documents/GitHub/MoneroOne/build/Index.noindex/DataStore @/Users/j/Documents/GitHub/MoneroOne/build/Build/Intermediates.noindex/swift-nio-ssl.build/Debug-iphonesimulator/CNIOBoringSSL.build/Objects-normal/arm64/82b82416624d2658e5098eb0a28c15c5-common-args.resp -MMD -MT dependencies -MF /Users/j/Documents/GitHub/MoneroOne/build/Build/Intermediates.noindex/swift-nio-ssl.build/Debug-iphonesimulator/CNIOBoringSSL.build/Objects-normal/arm64/v3_akeya.d --serialize-diagnostics /Users/j/Documents/GitHub/MoneroOne/build/Build/Intermediates.noindex/swift-nio-ssl.build/Debug-iphonesimulator/CNIOBoringSSL.build/Objects-normal/arm64/v3_akeya.dia -c /Users/j/Documents/GitHub/MoneroOne/build/SourcePackages/checkouts/swift-nio-ssl/Sources/CNIOBoringSSL/crypto/x509/v3_akeya.cc -o /Users/j/Documents/GitHub/MoneroOne/build/Build/Intermediates.noindex/swift-nio-ssl.build/Debug-iphonesimulator/CNIOBoringSSL.build/Objects-normal/arm64/v3_akeya.o -index-unit-output-path /swift-nio-ssl.build/Debug-iphonesimulator/CNIOBoringSSL.build/Objects-normal/arm64/v3_akeya.o

SwiftExplicitDependencyGeneratePcm arm64 /Users/j/Documents/GitHub/MoneroOne/build/ModuleCache.noindex/UIKit-3E5UFYUN5ERWV2GW4TB3YLD6C.pcm

CompileC /Users/j/Documents/GitHub/MoneroOne/build/Build/Intermediates.noindex/swift-nio-ssl.build/Debug-iphonesimulator/CNIOBoringSSL.build/Objects-normal/arm64/v3_akey.o /Users/j/Documents/GitHub/MoneroOne/build/SourcePackages/checkouts/swift-nio-ssl/Sources/CNIOBoringSSL/crypto/x509/v3_akey.cc normal arm64 c++ com.apple.compilers.llvm.clang.1_0.compiler (in target 'CNIOBoringSSL' from project 'swift-nio-ssl')
    cd /Users/j/Documents/GitHub/MoneroOne/MoneroOne.xcodeproj
    
    Using response file: /Users/j/Documents/GitHub/MoneroOne/build/Build/Intermediates.noindex/swift-nio-ssl.build/Debug-iphonesimulator/CNIOBoringSSL.build/Objects-normal/arm64/82b82416624d2658e5098eb0a28c15c5-common-args.resp
    
    /Applications/Xcode.app/Contents/Developer/Toolchains/XcodeDefault.xctoolchain/usr/bin/clang -x c++ -ivfsstatcache /Users/j/Documents/GitHub/MoneroOne/build/SDKStatCaches.noindex/iphonesimulator26.1-23B77-90cf18a4295e390e64c810bc6bd7acbc.sdkstatcache -fmessage-length\=0 -fdiagnostics-show-note-include-stack -fmacro-backtrace-limit\=0 -fno-color-diagnostics -fmodules-prune-interval\=86400 -fmodules-prune-after\=345600 -fbuild-session-file\=/Users/j/Documents/GitHub/MoneroOne/build/ModuleCache.noindex/Session.modulevalidation -fmodules-validate-once-per-build-session -Wnon-modular-include-in-framework-module -Werror\=non-modular-include-in-framework-module -Wno-trigraphs -Wno-missing-field-initializers -Wno-missing-prototypes -Wno-return-type -Wno-non-virtual-dtor -Wno-overloaded-virtual -Wno-exit-time-destructors -Wno-missing-braces -Wparentheses -Wswitch -Wno-unused-function -Wno-unused-label -Wno-unused-parameter -Wno-unused-variable -Wunused-value -Wno-empty-body -Wno-uninitialized -Wno-unknown-pragmas -w -Wno-shadow -Wno-four-char-constants -Wno-conversion -Wno-constant-conversion -Wno-int-conversion -Wno-bool-conversion -Wno-enum-conversion -Wno-float-conversion -Wno-non-literal-null-conversion -Wno-objc-literal-conversion -Wshorten-64-to-32 -Wno-newline-eof -Wno-c++11-extensions -Wno-implicit-fallthrough -fstrict-aliasing -Wdeprecated-declarations -Winvalid-offsetof -Wno-sign-conversion -Wno-infinite-recursion -Wno-move -Wno-comma -Wno-block-capture-autoreleasing -Wno-strict-prototypes -Wno-range-loop-analysis -Wno-semicolon-before-method-body -index-store-path /Users/j/Documents/GitHub/MoneroOne/build/Index.noindex/DataStore @/Users/j/Documents/GitHub/MoneroOne/build/Build/Intermediates.noindex/swift-nio-ssl.build/Debug-iphonesimulator/CNIOBoringSSL.build/Objects-normal/arm64/82b82416624d2658e5098eb0a28c15c5-common-args.resp -MMD -MT dependencies -MF /Users/j/Documents/GitHub/MoneroOne/build/Build/Intermediates.noindex/swift-nio-ssl.build/Debug-iphonesimulator/CNIOBoringSSL.build/Objects-normal/arm64/v3_akey.d --serialize-diagnostics /Users/j/Documents/GitHub/MoneroOne/build/Build/Intermediates.noindex/swift-nio-ssl.build/Debug-iphonesimulator/CNIOBoringSSL.build/Objects-normal/arm64/v3_akey.dia -c /Users/j/Documents/GitHub/MoneroOne/build/SourcePackages/checkouts/swift-nio-ssl/Sources/CNIOBoringSSL/crypto/x509/v3_akey.cc -o /Users/j/Documents/GitHub/MoneroOne/build/Build/Intermediates.noindex/swift-nio-ssl.build/Debug-iphonesimulator/CNIOBoringSSL.build/Objects-normal/arm64/v3_akey.o -index-unit-output-path /swift-nio-ssl.build/Debug-iphonesimulator/CNIOBoringSSL.build/Objects-normal/arm64/v3_akey.o

CompileC /Users/j/Documents/GitHub/MoneroOne/build/Build/Intermediates.noindex/swift-nio-ssl.build/Debug-iphonesimulator/CNIOBoringSSL.build/Objects-normal/arm64/urandom.o /Users/j/Documents/GitHub/MoneroOne/build/SourcePackages/checkouts/swift-nio-ssl/Sources/CNIOBoringSSL/crypto/rand/urandom.cc normal arm64 c++ com.apple.compilers.llvm.clang.1_0.compiler (in target 'CNIOBoringSSL' from project 'swift-nio-ssl')
    cd /Users/j/Documents/GitHub/MoneroOne/MoneroOne.xcodeproj
    
    Using response file: /Users/j/Documents/GitHub/MoneroOne/build/Build/Intermediates.noindex/swift-nio-ssl.build/Debug-iphonesimulator/CNIOBoringSSL.build/Objects-normal/arm64/82b82416624d2658e5098eb0a28c15c5-common-args.resp
    
    /Applications/Xcode.app/Contents/Developer/Toolchains/XcodeDefault.xctoolchain/usr/bin/clang -x c++ -ivfsstatcache /Users/j/Documents/GitHub/MoneroOne/build/SDKStatCaches.noindex/iphonesimulator26.1-23B77-90cf18a4295e390e64c810bc6bd7acbc.sdkstatcache -fmessage-length\=0 -fdiagnostics-show-note-include-stack -fmacro-backtrace-limit\=0 -fno-color-diagnostics -fmodules-prune-interval\=86400 -fmodules-prune-after\=345600 -fbuild-session-file\=/Users/j/Documents/GitHub/MoneroOne/build/ModuleCache.noindex/Session.modulevalidation -fmodules-validate-once-per-build-session -Wnon-modular-include-in-framework-module -Werror\=non-modular-include-in-framework-module -Wno-trigraphs -Wno-missing-field-initializers -Wno-missing-prototypes -Wno-return-type -Wno-non-virtual-dtor -Wno-overloaded-virtual -Wno-exit-time-destructors -Wno-missing-braces -Wparentheses -Wswitch -Wno-unused-function -Wno-unused-label -Wno-unused-parameter -Wno-unused-variable -Wunused-value -Wno-empty-body -Wno-uninitialized -Wno-unknown-pragmas -w -Wno-shadow -Wno-four-char-constants -Wno-conversion -Wno-constant-conversion -Wno-int-conversion -Wno-bool-conversion -Wno-enum-conversion -Wno-float-conversion -Wno-non-literal-null-conversion -Wno-objc-literal-conversion -Wshorten-64-to-32 -Wno-newline-eof -Wno-c++11-extensions -Wno-implicit-fallthrough -fstrict-aliasing -Wdeprecated-declarations -Winvalid-offsetof -Wno-sign-conversion -Wno-infinite-recursion -Wno-move -Wno-comma -Wno-block-capture-autoreleasing -Wno-strict-prototypes -Wno-range-loop-analysis -Wno-semicolon-before-method-body -index-store-path /Users/j/Documents/GitHub/MoneroOne/build/Index.noindex/DataStore @/Users/j/Documents/GitHub/MoneroOne/build/Build/Intermediates.noindex/swift-nio-ssl.build/Debug-iphonesimulator/CNIOBoringSSL.build/Objects-normal/arm64/82b82416624d2658e5098eb0a28c15c5-common-args.resp -MMD -MT dependencies -MF /Users/j/Documents/GitHub/MoneroOne/build/Build/Intermediates.noindex/swift-nio-ssl.build/Debug-iphonesimulator/CNIOBoringSSL.build/Objects-normal/arm64/urandom.d --serialize-diagnostics /Users/j/Documents/GitHub/MoneroOne/build/Build/Intermediates.noindex/swift-nio-ssl.build/Debug-iphonesimulator/CNIOBoringSSL.build/Objects-normal/arm64/urandom.dia -c /Users/j/Documents/GitHub/MoneroOne/build/SourcePackages/checkouts/swift-nio-ssl/Sources/CNIOBoringSSL/crypto/rand/urandom.cc -o /Users/j/Documents/GitHub/MoneroOne/build/Build/Intermediates.noindex/swift-nio-ssl.build/Debug-iphonesimulator/CNIOBoringSSL.build/Objects-normal/arm64/urandom.o -index-unit-output-path /swift-nio-ssl.build/Debug-iphonesimulator/CNIOBoringSSL.build/Objects-normal/arm64/urandom.o

CompileC /Users/j/Documents/GitHub/MoneroOne/build/Build/Intermediates.noindex/swift-nio-ssl.build/Debug-iphonesimulator/CNIOBoringSSL.build/Objects-normal/arm64/unicode.o /Users/j/Documents/GitHub/MoneroOne/build/SourcePackages/checkouts/swift-nio-ssl/Sources/CNIOBoringSSL/crypto/bytestring/unicode.cc normal arm64 c++ com.apple.compilers.llvm.clang.1_0.compiler (in target 'CNIOBoringSSL' from project 'swift-nio-ssl')
    cd /Users/j/Documents/GitHub/MoneroOne/MoneroOne.xcodeproj
    
    Using response file: /Users/j/Documents/GitHub/MoneroOne/build/Build/Intermediates.noindex/swift-nio-ssl.build/Debug-iphonesimulator/CNIOBoringSSL.build/Objects-normal/arm64/82b82416624d2658e5098eb0a28c15c5-common-args.resp
    
    /Applications/Xcode.app/Contents/Developer/Toolchains/XcodeDefault.xctoolchain/usr/bin/clang -x c++ -ivfsstatcache /Users/j/Documents/GitHub/MoneroOne/build/SDKStatCaches.noindex/iphonesimulator26.1-23B77-90cf18a4295e390e64c810bc6bd7acbc.sdkstatcache -fmessage-length\=0 -fdiagnostics-show-note-include-stack -fmacro-backtrace-limit\=0 -fno-color-diagnostics -fmodules-prune-interval\=86400 -fmodules-prune-after\=345600 -fbuild-session-file\=/Users/j/Documents/GitHub/MoneroOne/build/ModuleCache.noindex/Session.modulevalidation -fmodules-validate-once-per-build-session -Wnon-modular-include-in-framework-module -Werror\=non-modular-include-in-framework-module -Wno-trigraphs -Wno-missing-field-initializers -Wno-missing-prototypes -Wno-return-type -Wno-non-virtual-dtor -Wno-overloaded-virtual -Wno-exit-time-destructors -Wno-missing-braces -Wparentheses -Wswitch -Wno-unused-function -Wno-unused-label -Wno-unused-parameter -Wno-unused-variable -Wunused-value -Wno-empty-body -Wno-uninitialized -Wno-unknown-pragmas -w -Wno-shadow -Wno-four-char-constants -Wno-conversion -Wno-constant-conversion -Wno-int-conversion -Wno-bool-conversion -Wno-enum-conversion -Wno-float-conversion -Wno-non-literal-null-conversion -Wno-objc-literal-conversion -Wshorten-64-to-32 -Wno-newline-eof -Wno-c++11-extensions -Wno-implicit-fallthrough -fstrict-aliasing -Wdeprecated-declarations -Winvalid-offsetof -Wno-sign-conversion -Wno-infinite-recursion -Wno-move -Wno-comma -Wno-block-capture-autoreleasing -Wno-strict-prototypes -Wno-range-loop-analysis -Wno-semicolon-before-method-body -index-store-path /Users/j/Documents/GitHub/MoneroOne/build/Index.noindex/DataStore @/Users/j/Documents/GitHub/MoneroOne/build/Build/Intermediates.noindex/swift-nio-ssl.build/Debug-iphonesimulator/CNIOBoringSSL.build/Objects-normal/arm64/82b82416624d2658e5098eb0a28c15c5-common-args.resp -MMD -MT dependencies -MF /Users/j/Documents/GitHub/MoneroOne/build/Build/Intermediates.noindex/swift-nio-ssl.build/Debug-iphonesimulator/CNIOBoringSSL.build/Objects-normal/arm64/unicode.d --serialize-diagnostics /Users/j/Documents/GitHub/MoneroOne/build/Build/Intermediates.noindex/swift-nio-ssl.build/Debug-iphonesimulator/CNIOBoringSSL.build/Objects-normal/arm64/unicode.dia -c /Users/j/Documents/GitHub/MoneroOne/build/SourcePackages/checkouts/swift-nio-ssl/Sources/CNIOBoringSSL/crypto/bytestring/unicode.cc -o /Users/j/Documents/GitHub/MoneroOne/build/Build/Intermediates.noindex/swift-nio-ssl.build/Debug-iphonesimulator/CNIOBoringSSL.build/Objects-normal/arm64/unicode.o -index-unit-output-path /swift-nio-ssl.build/Debug-iphonesimulator/CNIOBoringSSL.build/Objects-normal/arm64/unicode.o

CompileC /Users/j/Documents/GitHub/MoneroOne/build/Build/Intermediates.noindex/swift-nio-ssl.build/Debug-iphonesimulator/CNIOBoringSSL.build/Objects-normal/arm64/trusty.o /Users/j/Documents/GitHub/MoneroOne/build/SourcePackages/checkouts/swift-nio-ssl/Sources/CNIOBoringSSL/crypto/rand/trusty.cc normal arm64 c++ com.apple.compilers.llvm.clang.1_0.compiler (in target 'CNIOBoringSSL' from project 'swift-nio-ssl')
    cd /Users/j/Documents/GitHub/MoneroOne/MoneroOne.xcodeproj
    
    Using response file: /Users/j/Documents/GitHub/MoneroOne/build/Build/Intermediates.noindex/swift-nio-ssl.build/Debug-iphonesimulator/CNIOBoringSSL.build/Objects-normal/arm64/82b82416624d2658e5098eb0a28c15c5-common-args.resp
    
    /Applications/Xcode.app/Contents/Developer/Toolchains/XcodeDefault.xctoolchain/usr/bin/clang -x c++ -ivfsstatcache /Users/j/Documents/GitHub/MoneroOne/build/SDKStatCaches.noindex/iphonesimulator26.1-23B77-90cf18a4295e390e64c810bc6bd7acbc.sdkstatcache -fmessage-length\=0 -fdiagnostics-show-note-include-stack -fmacro-backtrace-limit\=0 -fno-color-diagnostics -fmodules-prune-interval\=86400 -fmodules-prune-after\=345600 -fbuild-session-file\=/Users/j/Documents/GitHub/MoneroOne/build/ModuleCache.noindex/Session.modulevalidation -fmodules-validate-once-per-build-session -Wnon-modular-include-in-framework-module -Werror\=non-modular-include-in-framework-module -Wno-trigraphs -Wno-missing-field-initializers -Wno-missing-prototypes -Wno-return-type -Wno-non-virtual-dtor -Wno-overloaded-virtual -Wno-exit-time-destructors -Wno-missing-braces -Wparentheses -Wswitch -Wno-unused-function -Wno-unused-label -Wno-unused-parameter -Wno-unused-variable -Wunused-value -Wno-empty-body -Wno-uninitialized -Wno-unknown-pragmas -w -Wno-shadow -Wno-four-char-constants -Wno-conversion -Wno-constant-conversion -Wno-int-conversion -Wno-bool-conversion -Wno-enum-conversion -Wno-float-conversion -Wno-non-literal-null-conversion -Wno-objc-literal-conversion -Wshorten-64-to-32 -Wno-newline-eof -Wno-c++11-extensions -Wno-implicit-fallthrough -fstrict-aliasing -Wdeprecated-declarations -Winvalid-offsetof -Wno-sign-conversion -Wno-infinite-recursion -Wno-move -Wno-comma -Wno-block-capture-autoreleasing -Wno-strict-prototypes -Wno-range-loop-analysis -Wno-semicolon-before-method-body -index-store-path /Users/j/Documents/GitHub/MoneroOne/build/Index.noindex/DataStore @/Users/j/Documents/GitHub/MoneroOne/build/Build/Intermediates.noindex/swift-nio-ssl.build/Debug-iphonesimulator/CNIOBoringSSL.build/Objects-normal/arm64/82b82416624d2658e5098eb0a28c15c5-common-args.resp -MMD -MT dependencies -MF /Users/j/Documents/GitHub/MoneroOne/build/Build/Intermediates.noindex/swift-nio-ssl.build/Debug-iphonesimulator/CNIOBoringSSL.build/Objects-normal/arm64/trusty.d --serialize-diagnostics /Users/j/Documents/GitHub/MoneroOne/build/Build/Intermediates.noindex/swift-nio-ssl.build/Debug-iphonesimulator/CNIOBoringSSL.build/Objects-normal/arm64/trusty.dia -c /Users/j/Documents/GitHub/MoneroOne/build/SourcePackages/checkouts/swift-nio-ssl/Sources/CNIOBoringSSL/crypto/rand/trusty.cc -o /Users/j/Documents/GitHub/MoneroOne/build/Build/Intermediates.noindex/swift-nio-ssl.build/Debug-iphonesimulator/CNIOBoringSSL.build/Objects-normal/arm64/trusty.o -index-unit-output-path /swift-nio-ssl.build/Debug-iphonesimulator/CNIOBoringSSL.build/Objects-normal/arm64/trusty.o

SwiftEmitModule normal arm64 Emitting\ module\ for\ ObjectMapper (in target 'ObjectMapper' from project 'ObjectMapper')

EmitSwiftModule normal arm64 (in target 'ObjectMapper' from project 'ObjectMapper')
    cd /Users/j/Documents/GitHub/MoneroOne/MoneroOne.xcodeproj
    

SwiftEmitModule normal arm64 Emitting\ module\ for\ GRDB (in target 'GRDB' from project 'GRDB')
EmitSwiftModule normal arm64 (in target 'GRDB' from project 'GRDB')
    cd /Users/j/Documents/GitHub/MoneroOne/MoneroOne.xcodeproj
    

CompileC /Users/j/Documents/GitHub/MoneroOne/build/Build/Intermediates.noindex/swift-nio-ssl.build/Debug-iphonesimulator/CNIOBoringSSL.build/Objects-normal/arm64/trust_token.o /Users/j/Documents/GitHub/MoneroOne/build/SourcePackages/checkouts/swift-nio-ssl/Sources/CNIOBoringSSL/crypto/trust_token/trust_token.cc normal arm64 c++ com.apple.compilers.llvm.clang.1_0.compiler (in target 'CNIOBoringSSL' from project 'swift-nio-ssl')
    cd /Users/j/Documents/GitHub/MoneroOne/MoneroOne.xcodeproj
    
    Using response file: /Users/j/Documents/GitHub/MoneroOne/build/Build/Intermediates.noindex/swift-nio-ssl.build/Debug-iphonesimulator/CNIOBoringSSL.build/Objects-normal/arm64/82b82416624d2658e5098eb0a28c15c5-common-args.resp
    
    /Applications/Xcode.app/Contents/Developer/Toolchains/XcodeDefault.xctoolchain/usr/bin/clang -x c++ -ivfsstatcache /Users/j/Documents/GitHub/MoneroOne/build/SDKStatCaches.noindex/iphonesimulator26.1-23B77-90cf18a4295e390e64c810bc6bd7acbc.sdkstatcache -fmessage-length\=0 -fdiagnostics-show-note-include-stack -fmacro-backtrace-limit\=0 -fno-color-diagnostics -fmodules-prune-interval\=86400 -fmodules-prune-after\=345600 -fbuild-session-file\=/Users/j/Documents/GitHub/MoneroOne/build/ModuleCache.noindex/Session.modulevalidation -fmodules-validate-once-per-build-session -Wnon-modular-include-in-framework-module -Werror\=non-modular-include-in-framework-module -Wno-trigraphs -Wno-missing-field-initializers -Wno-missing-prototypes -Wno-return-type -Wno-non-virtual-dtor -Wno-overloaded-virtual -Wno-exit-time-destructors -Wno-missing-braces -Wparentheses -Wswitch -Wno-unused-function -Wno-unused-label -Wno-unused-parameter -Wno-unused-variable -Wunused-value -Wno-empty-body -Wno-uninitialized -Wno-unknown-pragmas -w -Wno-shadow -Wno-four-char-constants -Wno-conversion -Wno-constant-conversion -Wno-int-conversion -Wno-bool-conversion -Wno-enum-conversion -Wno-float-conversion -Wno-non-literal-null-conversion -Wno-objc-literal-conversion -Wshorten-64-to-32 -Wno-newline-eof -Wno-c++11-extensions -Wno-implicit-fallthrough -fstrict-aliasing -Wdeprecated-declarations -Winvalid-offsetof -Wno-sign-conversion -Wno-infinite-recursion -Wno-move -Wno-comma -Wno-block-capture-autoreleasing -Wno-strict-prototypes -Wno-range-loop-analysis -Wno-semicolon-before-method-body -index-store-path /Users/j/Documents/GitHub/MoneroOne/build/Index.noindex/DataStore @/Users/j/Documents/GitHub/MoneroOne/build/Build/Intermediates.noindex/swift-nio-ssl.build/Debug-iphonesimulator/CNIOBoringSSL.build/Objects-normal/arm64/82b82416624d2658e5098eb0a28c15c5-common-args.resp -MMD -MT dependencies -MF /Users/j/Documents/GitHub/MoneroOne/build/Build/Intermediates.noindex/swift-nio-ssl.build/Debug-iphonesimulator/CNIOBoringSSL.build/Objects-normal/arm64/trust_token.d --serialize-diagnostics /Users/j/Documents/GitHub/MoneroOne/build/Build/Intermediates.noindex/swift-nio-ssl.build/Debug-iphonesimulator/CNIOBoringSSL.build/Objects-normal/arm64/trust_token.dia -c /Users/j/Documents/GitHub/MoneroOne/build/SourcePackages/checkouts/swift-nio-ssl/Sources/CNIOBoringSSL/crypto/trust_token/trust_token.cc -o /Users/j/Documents/GitHub/MoneroOne/build/Build/Intermediates.noindex/swift-nio-ssl.build/Debug-iphonesimulator/CNIOBoringSSL.build/Objects-normal/arm64/trust_token.o -index-unit-output-path /swift-nio-ssl.build/Debug-iphonesimulator/CNIOBoringSSL.build/Objects-normal/arm64/trust_token.o

CompileC /Users/j/Documents/GitHub/MoneroOne/build/Build/Intermediates.noindex/swift-nio-ssl.build/Debug-iphonesimulator/CNIOBoringSSL.build/Objects-normal/arm64/tls_record.o /Users/j/Documents/GitHub/MoneroOne/build/SourcePackages/checkouts/swift-nio-ssl/Sources/CNIOBoringSSL/ssl/tls_record.cc normal arm64 c++ com.apple.compilers.llvm.clang.1_0.compiler (in target 'CNIOBoringSSL' from project 'swift-nio-ssl')
    cd /Users/j/Documents/GitHub/MoneroOne/MoneroOne.xcodeproj
    
    Using response file: /Users/j/Documents/GitHub/MoneroOne/build/Build/Intermediates.noindex/swift-nio-ssl.build/Debug-iphonesimulator/CNIOBoringSSL.build/Objects-normal/arm64/82b82416624d2658e5098eb0a28c15c5-common-args.resp
    
    /Applications/Xcode.app/Contents/Developer/Toolchains/XcodeDefault.xctoolchain/usr/bin/clang -x c++ -ivfsstatcache /Users/j/Documents/GitHub/MoneroOne/build/SDKStatCaches.noindex/iphonesimulator26.1-23B77-90cf18a4295e390e64c810bc6bd7acbc.sdkstatcache -fmessage-length\=0 -fdiagnostics-show-note-include-stack -fmacro-backtrace-limit\=0 -fno-color-diagnostics -fmodules-prune-interval\=86400 -fmodules-prune-after\=345600 -fbuild-session-file\=/Users/j/Documents/GitHub/MoneroOne/build/ModuleCache.noindex/Session.modulevalidation -fmodules-validate-once-per-build-session -Wnon-modular-include-in-framework-module -Werror\=non-modular-include-in-framework-module -Wno-trigraphs -Wno-missing-field-initializers -Wno-missing-prototypes -Wno-return-type -Wno-non-virtual-dtor -Wno-overloaded-virtual -Wno-exit-time-destructors -Wno-missing-braces -Wparentheses -Wswitch -Wno-unused-function -Wno-unused-label -Wno-unused-parameter -Wno-unused-variable -Wunused-value -Wno-empty-body -Wno-uninitialized -Wno-unknown-pragmas -w -Wno-shadow -Wno-four-char-constants -Wno-conversion -Wno-constant-conversion -Wno-int-conversion -Wno-bool-conversion -Wno-enum-conversion -Wno-float-conversion -Wno-non-literal-null-conversion -Wno-objc-literal-conversion -Wshorten-64-to-32 -Wno-newline-eof -Wno-c++11-extensions -Wno-implicit-fallthrough -fstrict-aliasing -Wdeprecated-declarations -Winvalid-offsetof -Wno-sign-conversion -Wno-infinite-recursion -Wno-move -Wno-comma -Wno-block-capture-autoreleasing -Wno-strict-prototypes -Wno-range-loop-analysis -Wno-semicolon-before-method-body -index-store-path /Users/j/Documents/GitHub/MoneroOne/build/Index.noindex/DataStore @/Users/j/Documents/GitHub/MoneroOne/build/Build/Intermediates.noindex/swift-nio-ssl.build/Debug-iphonesimulator/CNIOBoringSSL.build/Objects-normal/arm64/82b82416624d2658e5098eb0a28c15c5-common-args.resp -MMD -MT dependencies -MF /Users/j/Documents/GitHub/MoneroOne/build/Build/Intermediates.noindex/swift-nio-ssl.build/Debug-iphonesimulator/CNIOBoringSSL.build/Objects-normal/arm64/tls_record.d --serialize-diagnostics /Users/j/Documents/GitHub/MoneroOne/build/Build/Intermediates.noindex/swift-nio-ssl.build/Debug-iphonesimulator/CNIOBoringSSL.build/Objects-normal/arm64/tls_record.dia -c /Users/j/Documents/GitHub/MoneroOne/build/SourcePackages/checkouts/swift-nio-ssl/Sources/CNIOBoringSSL/ssl/tls_record.cc -o /Users/j/Documents/GitHub/MoneroOne/build/Build/Intermediates.noindex/swift-nio-ssl.build/Debug-iphonesimulator/CNIOBoringSSL.build/Objects-normal/arm64/tls_record.o -index-unit-output-path /swift-nio-ssl.build/Debug-iphonesimulator/CNIOBoringSSL.build/Objects-normal/arm64/tls_record.o

CompileC /Users/j/Documents/GitHub/MoneroOne/build/Build/Intermediates.noindex/swift-nio-ssl.build/Debug-iphonesimulator/CNIOBoringSSL.build/Objects-normal/arm64/tls_method.o /Users/j/Documents/GitHub/MoneroOne/build/SourcePackages/checkouts/swift-nio-ssl/Sources/CNIOBoringSSL/ssl/tls_method.cc normal arm64 c++ com.apple.compilers.llvm.clang.1_0.compiler (in target 'CNIOBoringSSL' from project 'swift-nio-ssl')
    cd /Users/j/Documents/GitHub/MoneroOne/MoneroOne.xcodeproj
    
    Using response file: /Users/j/Documents/GitHub/MoneroOne/build/Build/Intermediates.noindex/swift-nio-ssl.build/Debug-iphonesimulator/CNIOBoringSSL.build/Objects-normal/arm64/82b82416624d2658e5098eb0a28c15c5-common-args.resp
    
    /Applications/Xcode.app/Contents/Developer/Toolchains/XcodeDefault.xctoolchain/usr/bin/clang -x c++ -ivfsstatcache /Users/j/Documents/GitHub/MoneroOne/build/SDKStatCaches.noindex/iphonesimulator26.1-23B77-90cf18a4295e390e64c810bc6bd7acbc.sdkstatcache -fmessage-length\=0 -fdiagnostics-show-note-include-stack -fmacro-backtrace-limit\=0 -fno-color-diagnostics -fmodules-prune-interval\=86400 -fmodules-prune-after\=345600 -fbuild-session-file\=/Users/j/Documents/GitHub/MoneroOne/build/ModuleCache.noindex/Session.modulevalidation -fmodules-validate-once-per-build-session -Wnon-modular-include-in-framework-module -Werror\=non-modular-include-in-framework-module -Wno-trigraphs -Wno-missing-field-initializers -Wno-missing-prototypes -Wno-return-type -Wno-non-virtual-dtor -Wno-overloaded-virtual -Wno-exit-time-destructors -Wno-missing-braces -Wparentheses -Wswitch -Wno-unused-function -Wno-unused-label -Wno-unused-parameter -Wno-unused-variable -Wunused-value -Wno-empty-body -Wno-uninitialized -Wno-unknown-pragmas -w -Wno-shadow -Wno-four-char-constants -Wno-conversion -Wno-constant-conversion -Wno-int-conversion -Wno-bool-conversion -Wno-enum-conversion -Wno-float-conversion -Wno-non-literal-null-conversion -Wno-objc-literal-conversion -Wshorten-64-to-32 -Wno-newline-eof -Wno-c++11-extensions -Wno-implicit-fallthrough -fstrict-aliasing -Wdeprecated-declarations -Winvalid-offsetof -Wno-sign-conversion -Wno-infinite-recursion -Wno-move -Wno-comma -Wno-block-capture-autoreleasing -Wno-strict-prototypes -Wno-range-loop-analysis -Wno-semicolon-before-method-body -index-store-path /Users/j/Documents/GitHub/MoneroOne/build/Index.noindex/DataStore @/Users/j/Documents/GitHub/MoneroOne/build/Build/Intermediates.noindex/swift-nio-ssl.build/Debug-iphonesimulator/CNIOBoringSSL.build/Objects-normal/arm64/82b82416624d2658e5098eb0a28c15c5-common-args.resp -MMD -MT dependencies -MF /Users/j/Documents/GitHub/MoneroOne/build/Build/Intermediates.noindex/swift-nio-ssl.build/Debug-iphonesimulator/CNIOBoringSSL.build/Objects-normal/arm64/tls_method.d --serialize-diagnostics /Users/j/Documents/GitHub/MoneroOne/build/Build/Intermediates.noindex/swift-nio-ssl.build/Debug-iphonesimulator/CNIOBoringSSL.build/Objects-normal/arm64/tls_method.dia -c /Users/j/Documents/GitHub/MoneroOne/build/SourcePackages/checkouts/swift-nio-ssl/Sources/CNIOBoringSSL/ssl/tls_method.cc -o /Users/j/Documents/GitHub/MoneroOne/build/Build/Intermediates.noindex/swift-nio-ssl.build/Debug-iphonesimulator/CNIOBoringSSL.build/Objects-normal/arm64/tls_method.o -index-unit-output-path /swift-nio-ssl.build/Debug-iphonesimulator/CNIOBoringSSL.build/Objects-normal/arm64/tls_method.o

CompileC /Users/j/Documents/GitHub/MoneroOne/build/Build/Intermediates.noindex/swift-nio-ssl.build/Debug-iphonesimulator/CNIOBoringSSL.build/Objects-normal/arm64/tls_cbc.o /Users/j/Documents/GitHub/MoneroOne/build/SourcePackages/checkouts/swift-nio-ssl/Sources/CNIOBoringSSL/crypto/cipher/tls_cbc.cc normal arm64 c++ com.apple.compilers.llvm.clang.1_0.compiler (in target 'CNIOBoringSSL' from project 'swift-nio-ssl')
    cd /Users/j/Documents/GitHub/MoneroOne/MoneroOne.xcodeproj
    
    Using response file: /Users/j/Documents/GitHub/MoneroOne/build/Build/Intermediates.noindex/swift-nio-ssl.build/Debug-iphonesimulator/CNIOBoringSSL.build/Objects-normal/arm64/82b82416624d2658e5098eb0a28c15c5-common-args.resp
    
    /Applications/Xcode.app/Contents/Developer/Toolchains/XcodeDefault.xctoolchain/usr/bin/clang -x c++ -ivfsstatcache /Users/j/Documents/GitHub/MoneroOne/build/SDKStatCaches.noindex/iphonesimulator26.1-23B77-90cf18a4295e390e64c810bc6bd7acbc.sdkstatcache -fmessage-length\=0 -fdiagnostics-show-note-include-stack -fmacro-backtrace-limit\=0 -fno-color-diagnostics -fmodules-prune-interval\=86400 -fmodules-prune-after\=345600 -fbuild-session-file\=/Users/j/Documents/GitHub/MoneroOne/build/ModuleCache.noindex/Session.modulevalidation -fmodules-validate-once-per-build-session -Wnon-modular-include-in-framework-module -Werror\=non-modular-include-in-framework-module -Wno-trigraphs -Wno-missing-field-initializers -Wno-missing-prototypes -Wno-return-type -Wno-non-virtual-dtor -Wno-overloaded-virtual -Wno-exit-time-destructors -Wno-missing-braces -Wparentheses -Wswitch -Wno-unused-function -Wno-unused-label -Wno-unused-parameter -Wno-unused-variable -Wunused-value -Wno-empty-body -Wno-uninitialized -Wno-unknown-pragmas -w -Wno-shadow -Wno-four-char-constants -Wno-conversion -Wno-constant-conversion -Wno-int-conversion -Wno-bool-conversion -Wno-enum-conversion -Wno-float-conversion -Wno-non-literal-null-conversion -Wno-objc-literal-conversion -Wshorten-64-to-32 -Wno-newline-eof -Wno-c++11-extensions -Wno-implicit-fallthrough -fstrict-aliasing -Wdeprecated-declarations -Winvalid-offsetof -Wno-sign-conversion -Wno-infinite-recursion -Wno-move -Wno-comma -Wno-block-capture-autoreleasing -Wno-strict-prototypes -Wno-range-loop-analysis -Wno-semicolon-before-method-body -index-store-path /Users/j/Documents/GitHub/MoneroOne/build/Index.noindex/DataStore @/Users/j/Documents/GitHub/MoneroOne/build/Build/Intermediates.noindex/swift-nio-ssl.build/Debug-iphonesimulator/CNIOBoringSSL.build/Objects-normal/arm64/82b82416624d2658e5098eb0a28c15c5-common-args.resp -MMD -MT dependencies -MF /Users/j/Documents/GitHub/MoneroOne/build/Build/Intermediates.noindex/swift-nio-ssl.build/Debug-iphonesimulator/CNIOBoringSSL.build/Objects-normal/arm64/tls_cbc.d --serialize-diagnostics /Users/j/Documents/GitHub/MoneroOne/build/Build/Intermediates.noindex/swift-nio-ssl.build/Debug-iphonesimulator/CNIOBoringSSL.build/Objects-normal/arm64/tls_cbc.dia -c /Users/j/Documents/GitHub/MoneroOne/build/SourcePackages/checkouts/swift-nio-ssl/Sources/CNIOBoringSSL/crypto/cipher/tls_cbc.cc -o /Users/j/Documents/GitHub/MoneroOne/build/Build/Intermediates.noindex/swift-nio-ssl.build/Debug-iphonesimulator/CNIOBoringSSL.build/Objects-normal/arm64/tls_cbc.o -index-unit-output-path /swift-nio-ssl.build/Debug-iphonesimulator/CNIOBoringSSL.build/Objects-normal/arm64/tls_cbc.o

CompileC /Users/j/Documents/GitHub/MoneroOne/build/Build/Intermediates.noindex/swift-nio-ssl.build/Debug-iphonesimulator/CNIOBoringSSL.build/Objects-normal/arm64/tls13_server.o /Users/j/Documents/GitHub/MoneroOne/build/SourcePackages/checkouts/swift-nio-ssl/Sources/CNIOBoringSSL/ssl/tls13_server.cc normal arm64 c++ com.apple.compilers.llvm.clang.1_0.compiler (in target 'CNIOBoringSSL' from project 'swift-nio-ssl')
    cd /Users/j/Documents/GitHub/MoneroOne/MoneroOne.xcodeproj
    
    Using response file: /Users/j/Documents/GitHub/MoneroOne/build/Build/Intermediates.noindex/swift-nio-ssl.build/Debug-iphonesimulator/CNIOBoringSSL.build/Objects-normal/arm64/82b82416624d2658e5098eb0a28c15c5-common-args.resp
    
    /Applications/Xcode.app/Contents/Developer/Toolchains/XcodeDefault.xctoolchain/usr/bin/clang -x c++ -ivfsstatcache /Users/j/Documents/GitHub/MoneroOne/build/SDKStatCaches.noindex/iphonesimulator26.1-23B77-90cf18a4295e390e64c810bc6bd7acbc.sdkstatcache -fmessage-length\=0 -fdiagnostics-show-note-include-stack -fmacro-backtrace-limit\=0 -fno-color-diagnostics -fmodules-prune-interval\=86400 -fmodules-prune-after\=345600 -fbuild-session-file\=/Users/j/Documents/GitHub/MoneroOne/build/ModuleCache.noindex/Session.modulevalidation -fmodules-validate-once-per-build-session -Wnon-modular-include-in-framework-module -Werror\=non-modular-include-in-framework-module -Wno-trigraphs -Wno-missing-field-initializers -Wno-missing-prototypes -Wno-return-type -Wno-non-virtual-dtor -Wno-overloaded-virtual -Wno-exit-time-destructors -Wno-missing-braces -Wparentheses -Wswitch -Wno-unused-function -Wno-unused-label -Wno-unused-parameter -Wno-unused-variable -Wunused-value -Wno-empty-body -Wno-uninitialized -Wno-unknown-pragmas -w -Wno-shadow -Wno-four-char-constants -Wno-conversion -Wno-constant-conversion -Wno-int-conversion -Wno-bool-conversion -Wno-enum-conversion -Wno-float-conversion -Wno-non-literal-null-conversion -Wno-objc-literal-conversion -Wshorten-64-to-32 -Wno-newline-eof -Wno-c++11-extensions -Wno-implicit-fallthrough -fstrict-aliasing -Wdeprecated-declarations -Winvalid-offsetof -Wno-sign-conversion -Wno-infinite-recursion -Wno-move -Wno-comma -Wno-block-capture-autoreleasing -Wno-strict-prototypes -Wno-range-loop-analysis -Wno-semicolon-before-method-body -index-store-path /Users/j/Documents/GitHub/MoneroOne/build/Index.noindex/DataStore @/Users/j/Documents/GitHub/MoneroOne/build/Build/Intermediates.noindex/swift-nio-ssl.build/Debug-iphonesimulator/CNIOBoringSSL.build/Objects-normal/arm64/82b82416624d2658e5098eb0a28c15c5-common-args.resp -MMD -MT dependencies -MF /Users/j/Documents/GitHub/MoneroOne/build/Build/Intermediates.noindex/swift-nio-ssl.build/Debug-iphonesimulator/CNIOBoringSSL.build/Objects-normal/arm64/tls13_server.d --serialize-diagnostics /Users/j/Documents/GitHub/MoneroOne/build/Build/Intermediates.noindex/swift-nio-ssl.build/Debug-iphonesimulator/CNIOBoringSSL.build/Objects-normal/arm64/tls13_server.dia -c /Users/j/Documents/GitHub/MoneroOne/build/SourcePackages/checkouts/swift-nio-ssl/Sources/CNIOBoringSSL/ssl/tls13_server.cc -o /Users/j/Documents/GitHub/MoneroOne/build/Build/Intermediates.noindex/swift-nio-ssl.build/Debug-iphonesimulator/CNIOBoringSSL.build/Objects-normal/arm64/tls13_server.o -index-unit-output-path /swift-nio-ssl.build/Debug-iphonesimulator/CNIOBoringSSL.build/Objects-normal/arm64/tls13_server.o

CompileC /Users/j/Documents/GitHub/MoneroOne/build/Build/Intermediates.noindex/swift-nio-ssl.build/Debug-iphonesimulator/CNIOBoringSSL.build/Objects-normal/arm64/tls13_enc.o /Users/j/Documents/GitHub/MoneroOne/build/SourcePackages/checkouts/swift-nio-ssl/Sources/CNIOBoringSSL/ssl/tls13_enc.cc normal arm64 c++ com.apple.compilers.llvm.clang.1_0.compiler (in target 'CNIOBoringSSL' from project 'swift-nio-ssl')
    cd /Users/j/Documents/GitHub/MoneroOne/MoneroOne.xcodeproj
    
    Using response file: /Users/j/Documents/GitHub/MoneroOne/build/Build/Intermediates.noindex/swift-nio-ssl.build/Debug-iphonesimulator/CNIOBoringSSL.build/Objects-normal/arm64/82b82416624d2658e5098eb0a28c15c5-common-args.resp
    
    /Applications/Xcode.app/Contents/Developer/Toolchains/XcodeDefault.xctoolchain/usr/bin/clang -x c++ -ivfsstatcache /Users/j/Documents/GitHub/MoneroOne/build/SDKStatCaches.noindex/iphonesimulator26.1-23B77-90cf18a4295e390e64c810bc6bd7acbc.sdkstatcache -fmessage-length\=0 -fdiagnostics-show-note-include-stack -fmacro-backtrace-limit\=0 -fno-color-diagnostics -fmodules-prune-interval\=86400 -fmodules-prune-after\=345600 -fbuild-session-file\=/Users/j/Documents/GitHub/MoneroOne/build/ModuleCache.noindex/Session.modulevalidation -fmodules-validate-once-per-build-session -Wnon-modular-include-in-framework-module -Werror\=non-modular-include-in-framework-module -Wno-trigraphs -Wno-missing-field-initializers -Wno-missing-prototypes -Wno-return-type -Wno-non-virtual-dtor -Wno-overloaded-virtual -Wno-exit-time-destructors -Wno-missing-braces -Wparentheses -Wswitch -Wno-unused-function -Wno-unused-label -Wno-unused-parameter -Wno-unused-variable -Wunused-value -Wno-empty-body -Wno-uninitialized -Wno-unknown-pragmas -w -Wno-shadow -Wno-four-char-constants -Wno-conversion -Wno-constant-conversion -Wno-int-conversion -Wno-bool-conversion -Wno-enum-conversion -Wno-float-conversion -Wno-non-literal-null-conversion -Wno-objc-literal-conversion -Wshorten-64-to-32 -Wno-newline-eof -Wno-c++11-extensions -Wno-implicit-fallthrough -fstrict-aliasing -Wdeprecated-declarations -Winvalid-offsetof -Wno-sign-conversion -Wno-infinite-recursion -Wno-move -Wno-comma -Wno-block-capture-autoreleasing -Wno-strict-prototypes -Wno-range-loop-analysis -Wno-semicolon-before-method-body -index-store-path /Users/j/Documents/GitHub/MoneroOne/build/Index.noindex/DataStore @/Users/j/Documents/GitHub/MoneroOne/build/Build/Intermediates.noindex/swift-nio-ssl.build/Debug-iphonesimulator/CNIOBoringSSL.build/Objects-normal/arm64/82b82416624d2658e5098eb0a28c15c5-common-args.resp -MMD -MT dependencies -MF /Users/j/Documents/GitHub/MoneroOne/build/Build/Intermediates.noindex/swift-nio-ssl.build/Debug-iphonesimulator/CNIOBoringSSL.build/Objects-normal/arm64/tls13_enc.d --serialize-diagnostics /Users/j/Documents/GitHub/MoneroOne/build/Build/Intermediates.noindex/swift-nio-ssl.build/Debug-iphonesimulator/CNIOBoringSSL.build/Objects-normal/arm64/tls13_enc.dia -c /Users/j/Documents/GitHub/MoneroOne/build/SourcePackages/checkouts/swift-nio-ssl/Sources/CNIOBoringSSL/ssl/tls13_enc.cc -o /Users/j/Documents/GitHub/MoneroOne/build/Build/Intermediates.noindex/swift-nio-ssl.build/Debug-iphonesimulator/CNIOBoringSSL.build/Objects-normal/arm64/tls13_enc.o -index-unit-output-path /swift-nio-ssl.build/Debug-iphonesimulator/CNIOBoringSSL.build/Objects-normal/arm64/tls13_enc.o

CompileC /Users/j/Documents/GitHub/MoneroOne/build/Build/Intermediates.noindex/swift-nio-ssl.build/Debug-iphonesimulator/CNIOBoringSSL.build/Objects-normal/arm64/tls13_client.o /Users/j/Documents/GitHub/MoneroOne/build/SourcePackages/checkouts/swift-nio-ssl/Sources/CNIOBoringSSL/ssl/tls13_client.cc normal arm64 c++ com.apple.compilers.llvm.clang.1_0.compiler (in target 'CNIOBoringSSL' from project 'swift-nio-ssl')
    cd /Users/j/Documents/GitHub/MoneroOne/MoneroOne.xcodeproj
    
    Using response file: /Users/j/Documents/GitHub/MoneroOne/build/Build/Intermediates.noindex/swift-nio-ssl.build/Debug-iphonesimulator/CNIOBoringSSL.build/Objects-normal/arm64/82b82416624d2658e5098eb0a28c15c5-common-args.resp
    
    /Applications/Xcode.app/Contents/Developer/Toolchains/XcodeDefault.xctoolchain/usr/bin/clang -x c++ -ivfsstatcache /Users/j/Documents/GitHub/MoneroOne/build/SDKStatCaches.noindex/iphonesimulator26.1-23B77-90cf18a4295e390e64c810bc6bd7acbc.sdkstatcache -fmessage-length\=0 -fdiagnostics-show-note-include-stack -fmacro-backtrace-limit\=0 -fno-color-diagnostics -fmodules-prune-interval\=86400 -fmodules-prune-after\=345600 -fbuild-session-file\=/Users/j/Documents/GitHub/MoneroOne/build/ModuleCache.noindex/Session.modulevalidation -fmodules-validate-once-per-build-session -Wnon-modular-include-in-framework-module -Werror\=non-modular-include-in-framework-module -Wno-trigraphs -Wno-missing-field-initializers -Wno-missing-prototypes -Wno-return-type -Wno-non-virtual-dtor -Wno-overloaded-virtual -Wno-exit-time-destructors -Wno-missing-braces -Wparentheses -Wswitch -Wno-unused-function -Wno-unused-label -Wno-unused-parameter -Wno-unused-variable -Wunused-value -Wno-empty-body -Wno-uninitialized -Wno-unknown-pragmas -w -Wno-shadow -Wno-four-char-constants -Wno-conversion -Wno-constant-conversion -Wno-int-conversion -Wno-bool-conversion -Wno-enum-conversion -Wno-float-conversion -Wno-non-literal-null-conversion -Wno-objc-literal-conversion -Wshorten-64-to-32 -Wno-newline-eof -Wno-c++11-extensions -Wno-implicit-fallthrough -fstrict-aliasing -Wdeprecated-declarations -Winvalid-offsetof -Wno-sign-conversion -Wno-infinite-recursion -Wno-move -Wno-comma -Wno-block-capture-autoreleasing -Wno-strict-prototypes -Wno-range-loop-analysis -Wno-semicolon-before-method-body -index-store-path /Users/j/Documents/GitHub/MoneroOne/build/Index.noindex/DataStore @/Users/j/Documents/GitHub/MoneroOne/build/Build/Intermediates.noindex/swift-nio-ssl.build/Debug-iphonesimulator/CNIOBoringSSL.build/Objects-normal/arm64/82b82416624d2658e5098eb0a28c15c5-common-args.resp -MMD -MT dependencies -MF /Users/j/Documents/GitHub/MoneroOne/build/Build/Intermediates.noindex/swift-nio-ssl.build/Debug-iphonesimulator/CNIOBoringSSL.build/Objects-normal/arm64/tls13_client.d --serialize-diagnostics /Users/j/Documents/GitHub/MoneroOne/build/Build/Intermediates.noindex/swift-nio-ssl.build/Debug-iphonesimulator/CNIOBoringSSL.build/Objects-normal/arm64/tls13_client.dia -c /Users/j/Documents/GitHub/MoneroOne/build/SourcePackages/checkouts/swift-nio-ssl/Sources/CNIOBoringSSL/ssl/tls13_client.cc -o /Users/j/Documents/GitHub/MoneroOne/build/Build/Intermediates.noindex/swift-nio-ssl.build/Debug-iphonesimulator/CNIOBoringSSL.build/Objects-normal/arm64/tls13_client.o -index-unit-output-path /swift-nio-ssl.build/Debug-iphonesimulator/CNIOBoringSSL.build/Objects-normal/arm64/tls13_client.o

CompileC /Users/j/Documents/GitHub/MoneroOne/build/Build/Intermediates.noindex/swift-nio-ssl.build/Debug-iphonesimulator/CNIOBoringSSL.build/Objects-normal/arm64/tls13_both.o /Users/j/Documents/GitHub/MoneroOne/build/SourcePackages/checkouts/swift-nio-ssl/Sources/CNIOBoringSSL/ssl/tls13_both.cc normal arm64 c++ com.apple.compilers.llvm.clang.1_0.compiler (in target 'CNIOBoringSSL' from project 'swift-nio-ssl')
    cd /Users/j/Documents/GitHub/MoneroOne/MoneroOne.xcodeproj
    
    Using response file: /Users/j/Documents/GitHub/MoneroOne/build/Build/Intermediates.noindex/swift-nio-ssl.build/Debug-iphonesimulator/CNIOBoringSSL.build/Objects-normal/arm64/82b82416624d2658e5098eb0a28c15c5-common-args.resp
    
    /Applications/Xcode.app/Contents/Developer/Toolchains/XcodeDefault.xctoolchain/usr/bin/clang -x c++ -ivfsstatcache /Users/j/Documents/GitHub/MoneroOne/build/SDKStatCaches.noindex/iphonesimulator26.1-23B77-90cf18a4295e390e64c810bc6bd7acbc.sdkstatcache -fmessage-length\=0 -fdiagnostics-show-note-include-stack -fmacro-backtrace-limit\=0 -fno-color-diagnostics -fmodules-prune-interval\=86400 -fmodules-prune-after\=345600 -fbuild-session-file\=/Users/j/Documents/GitHub/MoneroOne/build/ModuleCache.noindex/Session.modulevalidation -fmodules-validate-once-per-build-session -Wnon-modular-include-in-framework-module -Werror\=non-modular-include-in-framework-module -Wno-trigraphs -Wno-missing-field-initializers -Wno-missing-prototypes -Wno-return-type -Wno-non-virtual-dtor -Wno-overloaded-virtual -Wno-exit-time-destructors -Wno-missing-braces -Wparentheses -Wswitch -Wno-unused-function -Wno-unused-label -Wno-unused-parameter -Wno-unused-variable -Wunused-value -Wno-empty-body -Wno-uninitialized -Wno-unknown-pragmas -w -Wno-shadow -Wno-four-char-constants -Wno-conversion -Wno-constant-conversion -Wno-int-conversion -Wno-bool-conversion -Wno-enum-conversion -Wno-float-conversion -Wno-non-literal-null-conversion -Wno-objc-literal-conversion -Wshorten-64-to-32 -Wno-newline-eof -Wno-c++11-extensions -Wno-implicit-fallthrough -fstrict-aliasing -Wdeprecated-declarations -Winvalid-offsetof -Wno-sign-conversion -Wno-infinite-recursion -Wno-move -Wno-comma -Wno-block-capture-autoreleasing -Wno-strict-prototypes -Wno-range-loop-analysis -Wno-semicolon-before-method-body -index-store-path /Users/j/Documents/GitHub/MoneroOne/build/Index.noindex/DataStore @/Users/j/Documents/GitHub/MoneroOne/build/Build/Intermediates.noindex/swift-nio-ssl.build/Debug-iphonesimulator/CNIOBoringSSL.build/Objects-normal/arm64/82b82416624d2658e5098eb0a28c15c5-common-args.resp -MMD -MT dependencies -MF /Users/j/Documents/GitHub/MoneroOne/build/Build/Intermediates.noindex/swift-nio-ssl.build/Debug-iphonesimulator/CNIOBoringSSL.build/Objects-normal/arm64/tls13_both.d --serialize-diagnostics /Users/j/Documents/GitHub/MoneroOne/build/Build/Intermediates.noindex/swift-nio-ssl.build/Debug-iphonesimulator/CNIOBoringSSL.build/Objects-normal/arm64/tls13_both.dia -c /Users/j/Documents/GitHub/MoneroOne/build/SourcePackages/checkouts/swift-nio-ssl/Sources/CNIOBoringSSL/ssl/tls13_both.cc -o /Users/j/Documents/GitHub/MoneroOne/build/Build/Intermediates.noindex/swift-nio-ssl.build/Debug-iphonesimulator/CNIOBoringSSL.build/Objects-normal/arm64/tls13_both.o -index-unit-output-path /swift-nio-ssl.build/Debug-iphonesimulator/CNIOBoringSSL.build/Objects-normal/arm64/tls13_both.o

CompileC /Users/j/Documents/GitHub/MoneroOne/build/Build/Intermediates.noindex/swift-nio-ssl.build/Debug-iphonesimulator/CNIOBoringSSL.build/Objects-normal/arm64/thread_win.o /Users/j/Documents/GitHub/MoneroOne/build/SourcePackages/checkouts/swift-nio-ssl/Sources/CNIOBoringSSL/crypto/thread_win.cc normal arm64 c++ com.apple.compilers.llvm.clang.1_0.compiler (in target 'CNIOBoringSSL' from project 'swift-nio-ssl')
    cd /Users/j/Documents/GitHub/MoneroOne/MoneroOne.xcodeproj
    
    Using response file: /Users/j/Documents/GitHub/MoneroOne/build/Build/Intermediates.noindex/swift-nio-ssl.build/Debug-iphonesimulator/CNIOBoringSSL.build/Objects-normal/arm64/82b82416624d2658e5098eb0a28c15c5-common-args.resp
    
    /Applications/Xcode.app/Contents/Developer/Toolchains/XcodeDefault.xctoolchain/usr/bin/clang -x c++ -ivfsstatcache /Users/j/Documents/GitHub/MoneroOne/build/SDKStatCaches.noindex/iphonesimulator26.1-23B77-90cf18a4295e390e64c810bc6bd7acbc.sdkstatcache -fmessage-length\=0 -fdiagnostics-show-note-include-stack -fmacro-backtrace-limit\=0 -fno-color-diagnostics -fmodules-prune-interval\=86400 -fmodules-prune-after\=345600 -fbuild-session-file\=/Users/j/Documents/GitHub/MoneroOne/build/ModuleCache.noindex/Session.modulevalidation -fmodules-validate-once-per-build-session -Wnon-modular-include-in-framework-module -Werror\=non-modular-include-in-framework-module -Wno-trigraphs -Wno-missing-field-initializers -Wno-missing-prototypes -Wno-return-type -Wno-non-virtual-dtor -Wno-overloaded-virtual -Wno-exit-time-destructors -Wno-missing-braces -Wparentheses -Wswitch -Wno-unused-function -Wno-unused-label -Wno-unused-parameter -Wno-unused-variable -Wunused-value -Wno-empty-body -Wno-uninitialized -Wno-unknown-pragmas -w -Wno-shadow -Wno-four-char-constants -Wno-conversion -Wno-constant-conversion -Wno-int-conversion -Wno-bool-conversion -Wno-enum-conversion -Wno-float-conversion -Wno-non-literal-null-conversion -Wno-objc-literal-conversion -Wshorten-64-to-32 -Wno-newline-eof -Wno-c++11-extensions -Wno-implicit-fallthrough -fstrict-aliasing -Wdeprecated-declarations -Winvalid-offsetof -Wno-sign-conversion -Wno-infinite-recursion -Wno-move -Wno-comma -Wno-block-capture-autoreleasing -Wno-strict-prototypes -Wno-range-loop-analysis -Wno-semicolon-before-method-body -index-store-path /Users/j/Documents/GitHub/MoneroOne/build/Index.noindex/DataStore @/Users/j/Documents/GitHub/MoneroOne/build/Build/Intermediates.noindex/swift-nio-ssl.build/Debug-iphonesimulator/CNIOBoringSSL.build/Objects-normal/arm64/82b82416624d2658e5098eb0a28c15c5-common-args.resp -MMD -MT dependencies -MF /Users/j/Documents/GitHub/MoneroOne/build/Build/Intermediates.noindex/swift-nio-ssl.build/Debug-iphonesimulator/CNIOBoringSSL.build/Objects-normal/arm64/thread_win.d --serialize-diagnostics /Users/j/Documents/GitHub/MoneroOne/build/Build/Intermediates.noindex/swift-nio-ssl.build/Debug-iphonesimulator/CNIOBoringSSL.build/Objects-normal/arm64/thread_win.dia -c /Users/j/Documents/GitHub/MoneroOne/build/SourcePackages/checkouts/swift-nio-ssl/Sources/CNIOBoringSSL/crypto/thread_win.cc -o /Users/j/Documents/GitHub/MoneroOne/build/Build/Intermediates.noindex/swift-nio-ssl.build/Debug-iphonesimulator/CNIOBoringSSL.build/Objects-normal/arm64/thread_win.o -index-unit-output-path /swift-nio-ssl.build/Debug-iphonesimulator/CNIOBoringSSL.build/Objects-normal/arm64/thread_win.o

SwiftDriverJobDiscovery normal arm64 Emitting module for ObjectMapper (in target 'ObjectMapper' from project 'ObjectMapper')

SwiftDriver\ Compilation\ Requirements ObjectMapper normal arm64 com.apple.xcode.tools.swift.compiler (in target 'ObjectMapper' from project 'ObjectMapper')
    cd /Users/j/Documents/GitHub/MoneroOne/MoneroOne.xcodeproj
    builtin-Swift-Compilation-Requirements -- /Applications/Xcode.app/Contents/Developer/Toolchains/XcodeDefault.xctoolchain/usr/bin/swiftc -module-name ObjectMapper -Onone -enforce-exclusivity\=checked @/Users/j/Documents/GitHub/MoneroOne/build/Build/Intermediates.noindex/ObjectMapper.build/Debug-iphonesimulator/ObjectMapper.build/Objects-normal/arm64/ObjectMapper.SwiftFileList -DSWIFT_PACKAGE -DDEBUG -DSWIFT_MODULE_RESOURCE_BUNDLE_UNAVAILABLE -DXcode -plugin-path /Applications/Xcode.app/Contents/Developer/Toolchains/XcodeDefault.xctoolchain/usr/lib/swift/host/plugins/testing -enable-experimental-feature DebugDescriptionMacro -sdk /Applications/Xcode.app/Contents/Developer/Platforms/iPhoneSimulator.platform/Developer/SDKs/iPhoneSimulator26.1.sdk -target arm64-apple-ios13.0-simulator -g -module-cache-path /Users/j/Documents/GitHub/MoneroOne/build/ModuleCache.noindex -Xfrontend -serialize-debugging-options -enable-testing -suppress-warnings -index-store-path /Users/j/Documents/GitHub/MoneroOne/build/Index.noindex/DataStore -Xcc -D_LIBCPP_HARDENING_MODE\=_LIBCPP_HARDENING_MODE_DEBUG -swift-version 5 -I /Users/j/Documents/GitHub/MoneroOne/build/Build/Products/Debug-iphonesimulator -Isystem /Applications/Xcode.app/Contents/Developer/Platforms/iPhoneSimulator.platform/Developer/usr/lib -F /Users/j/Documents/GitHub/MoneroOne/build/Build/Products/Debug-iphonesimulator -F /Applications/Xcode.app/Contents/Developer/Platforms/iPhoneSimulator.platform/Developer/Library/Frameworks -F /Applications/Xcode.app/Contents/Developer/Platforms/iPhoneSimulator.platform/Developer/SDKs/iPhoneSimulator26.1.sdk/Developer/Library/Frameworks -c -j12 -enable-batch-mode -incremental -Xcc -ivfsstatcache -Xcc /Users/j/Documents/GitHub/MoneroOne/build/SDKStatCaches.noindex/iphonesimulator26.1-23B77-90cf18a4295e390e64c810bc6bd7acbc.sdkstatcache -output-file-map /Users/j/Documents/GitHub/MoneroOne/build/Build/Intermediates.noindex/ObjectMapper.build/Debug-iphonesimulator/ObjectMapper.build/Objects-normal/arm64/ObjectMapper-OutputFileMap.json -use-frontend-parseable-output -save-temps -no-color-diagnostics -explicit-module-build -module-cache-path /Users/j/Documents/GitHub/MoneroOne/build/Build/Intermediates.noindex/SwiftExplicitPrecompiledModules -clang-scanner-module-cache-path /Users/j/Documents/GitHub/MoneroOne/build/ModuleCache.noindex -sdk-module-cache-path /Users/j/Documents/GitHub/MoneroOne/build/ModuleCache.noindex -serialize-diagnostics -emit-dependencies -emit-module -emit-module-path /Users/j/Documents/GitHub/MoneroOne/build/Build/Intermediates.noindex/ObjectMapper.build/Debug-iphonesimulator/ObjectMapper.build/Objects-normal/arm64/ObjectMapper.swiftmodule -validate-clang-modules-once -clang-build-session-file /Users/j/Documents/GitHub/MoneroOne/build/ModuleCache.noindex/Session.modulevalidation -Xcc -I/Users/j/Documents/GitHub/MoneroOne/build/Build/Intermediates.noindex/ObjectMapper.build/Debug-iphonesimulator/ObjectMapper.build/swift-overrides.hmap -emit-const-values -Xfrontend -const-gather-protocols-file -Xfrontend /Users/j/Documents/GitHub/MoneroOne/build/Build/Intermediates.noindex/ObjectMapper.build/Debug-iphonesimulator/ObjectMapper.build/Objects-normal/arm64/ObjectMapper_const_extract_protocols.json -Xcc -I/Users/j/Documents/GitHub/MoneroOne/build/Build/Products/Debug-iphonesimulator/include -Xcc -I/Users/j/Documents/GitHub/MoneroOne/build/Build/Intermediates.noindex/ObjectMapper.build/Debug-iphonesimulator/ObjectMapper.build/DerivedSources-normal/arm64 -Xcc -I/Users/j/Documents/GitHub/MoneroOne/build/Build/Intermediates.noindex/ObjectMapper.build/Debug-iphonesimulator/ObjectMapper.build/DerivedSources/arm64 -Xcc -I/Users/j/Documents/GitHub/MoneroOne/build/Build/Intermediates.noindex/ObjectMapper.build/Debug-iphonesimulator/ObjectMapper.build/DerivedSources -Xcc -DSWIFT_PACKAGE -Xcc -DDEBUG\=1 -emit-objc-header -emit-objc-header-path /Users/j/Documents/GitHub/MoneroOne/build/Build/Intermediates.noindex/ObjectMapper.build/Debug-iphonesimulator/ObjectMapper.build/Objects-normal/arm64/ObjectMapper-Swift.h -working-directory /Users/j/Documents/GitHub/MoneroOne/MoneroOne.xcodeproj -experimental-emit-module-separately -disable-cmo

CompileC /Users/j/Documents/GitHub/MoneroOne/build/Build/Intermediates.noindex/swift-nio-ssl.build/Debug-iphonesimulator/CNIOBoringSSL.build/Objects-normal/arm64/thread_pthread.o /Users/j/Documents/GitHub/MoneroOne/build/SourcePackages/checkouts/swift-nio-ssl/Sources/CNIOBoringSSL/crypto/thread_pthread.cc normal arm64 c++ com.apple.compilers.llvm.clang.1_0.compiler (in target 'CNIOBoringSSL' from project 'swift-nio-ssl')
    cd /Users/j/Documents/GitHub/MoneroOne/MoneroOne.xcodeproj
    
    Using response file: /Users/j/Documents/GitHub/MoneroOne/build/Build/Intermediates.noindex/swift-nio-ssl.build/Debug-iphonesimulator/CNIOBoringSSL.build/Objects-normal/arm64/82b82416624d2658e5098eb0a28c15c5-common-args.resp
    
    /Applications/Xcode.app/Contents/Developer/Toolchains/XcodeDefault.xctoolchain/usr/bin/clang -x c++ -ivfsstatcache /Users/j/Documents/GitHub/MoneroOne/build/SDKStatCaches.noindex/iphonesimulator26.1-23B77-90cf18a4295e390e64c810bc6bd7acbc.sdkstatcache -fmessage-length\=0 -fdiagnostics-show-note-include-stack -fmacro-backtrace-limit\=0 -fno-color-diagnostics -fmodules-prune-interval\=86400 -fmodules-prune-after\=345600 -fbuild-session-file\=/Users/j/Documents/GitHub/MoneroOne/build/ModuleCache.noindex/Session.modulevalidation -fmodules-validate-once-per-build-session -Wnon-modular-include-in-framework-module -Werror\=non-modular-include-in-framework-module -Wno-trigraphs -Wno-missing-field-initializers -Wno-missing-prototypes -Wno-return-type -Wno-non-virtual-dtor -Wno-overloaded-virtual -Wno-exit-time-destructors -Wno-missing-braces -Wparentheses -Wswitch -Wno-unused-function -Wno-unused-label -Wno-unused-parameter -Wno-unused-variable -Wunused-value -Wno-empty-body -Wno-uninitialized -Wno-unknown-pragmas -w -Wno-shadow -Wno-four-char-constants -Wno-conversion -Wno-constant-conversion -Wno-int-conversion -Wno-bool-conversion -Wno-enum-conversion -Wno-float-conversion -Wno-non-literal-null-conversion -Wno-objc-literal-conversion -Wshorten-64-to-32 -Wno-newline-eof -Wno-c++11-extensions -Wno-implicit-fallthrough -fstrict-aliasing -Wdeprecated-declarations -Winvalid-offsetof -Wno-sign-conversion -Wno-infinite-recursion -Wno-move -Wno-comma -Wno-block-capture-autoreleasing -Wno-strict-prototypes -Wno-range-loop-analysis -Wno-semicolon-before-method-body -index-store-path /Users/j/Documents/GitHub/MoneroOne/build/Index.noindex/DataStore @/Users/j/Documents/GitHub/MoneroOne/build/Build/Intermediates.noindex/swift-nio-ssl.build/Debug-iphonesimulator/CNIOBoringSSL.build/Objects-normal/arm64/82b82416624d2658e5098eb0a28c15c5-common-args.resp -MMD -MT dependencies -MF /Users/j/Documents/GitHub/MoneroOne/build/Build/Intermediates.noindex/swift-nio-ssl.build/Debug-iphonesimulator/CNIOBoringSSL.build/Objects-normal/arm64/thread_pthread.d --serialize-diagnostics /Users/j/Documents/GitHub/MoneroOne/build/Build/Intermediates.noindex/swift-nio-ssl.build/Debug-iphonesimulator/CNIOBoringSSL.build/Objects-normal/arm64/thread_pthread.dia -c /Users/j/Documents/GitHub/MoneroOne/build/SourcePackages/checkouts/swift-nio-ssl/Sources/CNIOBoringSSL/crypto/thread_pthread.cc -o /Users/j/Documents/GitHub/MoneroOne/build/Build/Intermediates.noindex/swift-nio-ssl.build/Debug-iphonesimulator/CNIOBoringSSL.build/Objects-normal/arm64/thread_pthread.o -index-unit-output-path /swift-nio-ssl.build/Debug-iphonesimulator/CNIOBoringSSL.build/Objects-normal/arm64/thread_pthread.o

SwiftMergeGeneratedHeaders /Users/j/Documents/GitHub/MoneroOne/build/Build/Intermediates.noindex/GeneratedModuleMaps-iphonesimulator/ObjectMapper-Swift.h /Users/j/Documents/GitHub/MoneroOne/build/Build/Intermediates.noindex/ObjectMapper.build/Debug-iphonesimulator/ObjectMapper.build/Objects-normal/arm64/ObjectMapper-Swift.h (in target 'ObjectMapper' from project 'ObjectMapper')
    cd /Users/j/Documents/GitHub/MoneroOne/build/SourcePackages/checkouts/ObjectMapper
    builtin-swiftHeaderTool -arch arm64 /Users/j/Documents/GitHub/MoneroOne/build/Build/Intermediates.noindex/ObjectMapper.build/Debug-iphonesimulator/ObjectMapper.build/Objects-normal/arm64/ObjectMapper-Swift.h -o /Users/j/Documents/GitHub/MoneroOne/build/Build/Intermediates.noindex/GeneratedModuleMaps-iphonesimulator/ObjectMapper-Swift.h

Copy /Users/j/Documents/GitHub/MoneroOne/build/Build/Products/Debug-iphonesimulator/ObjectMapper.swiftmodule/arm64-apple-ios-simulator.swiftmodule /Users/j/Documents/GitHub/MoneroOne/build/Build/Intermediates.noindex/ObjectMapper.build/Debug-iphonesimulator/ObjectMapper.build/Objects-normal/arm64/ObjectMapper.swiftmodule (in target 'ObjectMapper' from project 'ObjectMapper')
    cd /Users/j/Documents/GitHub/MoneroOne/build/SourcePackages/checkouts/ObjectMapper
    builtin-copy -exclude .DS_Store -exclude CVS -exclude .svn -exclude .git -exclude .hg -resolve-src-symlinks -rename /Users/j/Documents/GitHub/MoneroOne/build/Build/Intermediates.noindex/ObjectMapper.build/Debug-iphonesimulator/ObjectMapper.build/Objects-normal/arm64/ObjectMapper.swiftmodule /Users/j/Documents/GitHub/MoneroOne/build/Build/Products/Debug-iphonesimulator/ObjectMapper.swiftmodule/arm64-apple-ios-simulator.swiftmodule

Copy /Users/j/Documents/GitHub/MoneroOne/build/Build/Products/Debug-iphonesimulator/ObjectMapper.swiftmodule/arm64-apple-ios-simulator.swiftdoc /Users/j/Documents/GitHub/MoneroOne/build/Build/Intermediates.noindex/ObjectMapper.build/Debug-iphonesimulator/ObjectMapper.build/Objects-normal/arm64/ObjectMapper.swiftdoc (in target 'ObjectMapper' from project 'ObjectMapper')
    cd /Users/j/Documents/GitHub/MoneroOne/build/SourcePackages/checkouts/ObjectMapper
    builtin-copy -exclude .DS_Store -exclude CVS -exclude .svn -exclude .git -exclude .hg -resolve-src-symlinks -rename /Users/j/Documents/GitHub/MoneroOne/build/Build/Intermediates.noindex/ObjectMapper.build/Debug-iphonesimulator/ObjectMapper.build/Objects-normal/arm64/ObjectMapper.swiftdoc /Users/j/Documents/GitHub/MoneroOne/build/Build/Products/Debug-iphonesimulator/ObjectMapper.swiftmodule/arm64-apple-ios-simulator.swiftdoc

Copy /Users/j/Documents/GitHub/MoneroOne/build/Build/Products/Debug-iphonesimulator/ObjectMapper.swiftmodule/arm64-apple-ios-simulator.abi.json /Users/j/Documents/GitHub/MoneroOne/build/Build/Intermediates.noindex/ObjectMapper.build/Debug-iphonesimulator/ObjectMapper.build/Objects-normal/arm64/ObjectMapper.abi.json (in target 'ObjectMapper' from project 'ObjectMapper')
    cd /Users/j/Documents/GitHub/MoneroOne/build/SourcePackages/checkouts/ObjectMapper
    builtin-copy -exclude .DS_Store -exclude CVS -exclude .svn -exclude .git -exclude .hg -resolve-src-symlinks -rename /Users/j/Documents/GitHub/MoneroOne/build/Build/Intermediates.noindex/ObjectMapper.build/Debug-iphonesimulator/ObjectMapper.build/Objects-normal/arm64/ObjectMapper.abi.json /Users/j/Documents/GitHub/MoneroOne/build/Build/Products/Debug-iphonesimulator/ObjectMapper.swiftmodule/arm64-apple-ios-simulator.abi.json

Copy /Users/j/Documents/GitHub/MoneroOne/build/Build/Products/Debug-iphonesimulator/ObjectMapper.swiftmodule/Project/arm64-apple-ios-simulator.swiftsourceinfo /Users/j/Documents/GitHub/MoneroOne/build/Build/Intermediates.noindex/ObjectMapper.build/Debug-iphonesimulator/ObjectMapper.build/Objects-normal/arm64/ObjectMapper.swiftsourceinfo (in target 'ObjectMapper' from project 'ObjectMapper')
    cd /Users/j/Documents/GitHub/MoneroOne/build/SourcePackages/checkouts/ObjectMapper
    builtin-copy -exclude .DS_Store -exclude CVS -exclude .svn -exclude .git -exclude .hg -resolve-src-symlinks -rename /Users/j/Documents/GitHub/MoneroOne/build/Build/Intermediates.noindex/ObjectMapper.build/Debug-iphonesimulator/ObjectMapper.build/Objects-normal/arm64/ObjectMapper.swiftsourceinfo /Users/j/Documents/GitHub/MoneroOne/build/Build/Products/Debug-iphonesimulator/ObjectMapper.swiftmodule/Project/arm64-apple-ios-simulator.swiftsourceinfo

SwiftExplicitDependencyGeneratePcm arm64 /Users/j/Documents/GitHub/MoneroOne/build/ModuleCache.noindex/SwiftUI-8DQK7PYSKQU5I4HKHP4E18J14.pcm

CompileC /Users/j/Documents/GitHub/MoneroOne/build/Build/Intermediates.noindex/swift-nio-ssl.build/Debug-iphonesimulator/CNIOBoringSSL.build/Objects-normal/arm64/thread_none.o /Users/j/Documents/GitHub/MoneroOne/build/SourcePackages/checkouts/swift-nio-ssl/Sources/CNIOBoringSSL/crypto/thread_none.cc normal arm64 c++ com.apple.compilers.llvm.clang.1_0.compiler (in target 'CNIOBoringSSL' from project 'swift-nio-ssl')
    cd /Users/j/Documents/GitHub/MoneroOne/MoneroOne.xcodeproj
    
    Using response file: /Users/j/Documents/GitHub/MoneroOne/build/Build/Intermediates.noindex/swift-nio-ssl.build/Debug-iphonesimulator/CNIOBoringSSL.build/Objects-normal/arm64/82b82416624d2658e5098eb0a28c15c5-common-args.resp
    
    /Applications/Xcode.app/Contents/Developer/Toolchains/XcodeDefault.xctoolchain/usr/bin/clang -x c++ -ivfsstatcache /Users/j/Documents/GitHub/MoneroOne/build/SDKStatCaches.noindex/iphonesimulator26.1-23B77-90cf18a4295e390e64c810bc6bd7acbc.sdkstatcache -fmessage-length\=0 -fdiagnostics-show-note-include-stack -fmacro-backtrace-limit\=0 -fno-color-diagnostics -fmodules-prune-interval\=86400 -fmodules-prune-after\=345600 -fbuild-session-file\=/Users/j/Documents/GitHub/MoneroOne/build/ModuleCache.noindex/Session.modulevalidation -fmodules-validate-once-per-build-session -Wnon-modular-include-in-framework-module -Werror\=non-modular-include-in-framework-module -Wno-trigraphs -Wno-missing-field-initializers -Wno-missing-prototypes -Wno-return-type -Wno-non-virtual-dtor -Wno-overloaded-virtual -Wno-exit-time-destructors -Wno-missing-braces -Wparentheses -Wswitch -Wno-unused-function -Wno-unused-label -Wno-unused-parameter -Wno-unused-variable -Wunused-value -Wno-empty-body -Wno-uninitialized -Wno-unknown-pragmas -w -Wno-shadow -Wno-four-char-constants -Wno-conversion -Wno-constant-conversion -Wno-int-conversion -Wno-bool-conversion -Wno-enum-conversion -Wno-float-conversion -Wno-non-literal-null-conversion -Wno-objc-literal-conversion -Wshorten-64-to-32 -Wno-newline-eof -Wno-c++11-extensions -Wno-implicit-fallthrough -fstrict-aliasing -Wdeprecated-declarations -Winvalid-offsetof -Wno-sign-conversion -Wno-infinite-recursion -Wno-move -Wno-comma -Wno-block-capture-autoreleasing -Wno-strict-prototypes -Wno-range-loop-analysis -Wno-semicolon-before-method-body -index-store-path /Users/j/Documents/GitHub/MoneroOne/build/Index.noindex/DataStore @/Users/j/Documents/GitHub/MoneroOne/build/Build/Intermediates.noindex/swift-nio-ssl.build/Debug-iphonesimulator/CNIOBoringSSL.build/Objects-normal/arm64/82b82416624d2658e5098eb0a28c15c5-common-args.resp -MMD -MT dependencies -MF /Users/j/Documents/GitHub/MoneroOne/build/Build/Intermediates.noindex/swift-nio-ssl.build/Debug-iphonesimulator/CNIOBoringSSL.build/Objects-normal/arm64/thread_none.d --serialize-diagnostics /Users/j/Documents/GitHub/MoneroOne/build/Build/Intermediates.noindex/swift-nio-ssl.build/Debug-iphonesimulator/CNIOBoringSSL.build/Objects-normal/arm64/thread_none.dia -c /Users/j/Documents/GitHub/MoneroOne/build/SourcePackages/checkouts/swift-nio-ssl/Sources/CNIOBoringSSL/crypto/thread_none.cc -o /Users/j/Documents/GitHub/MoneroOne/build/Build/Intermediates.noindex/swift-nio-ssl.build/Debug-iphonesimulator/CNIOBoringSSL.build/Objects-normal/arm64/thread_none.o -index-unit-output-path /swift-nio-ssl.build/Debug-iphonesimulator/CNIOBoringSSL.build/Objects-normal/arm64/thread_none.o

CompileC /Users/j/Documents/GitHub/MoneroOne/build/Build/Intermediates.noindex/swift-nio-ssl.build/Debug-iphonesimulator/CNIOBoringSSL.build/Objects-normal/arm64/thread.o /Users/j/Documents/GitHub/MoneroOne/build/SourcePackages/checkouts/swift-nio-ssl/Sources/CNIOBoringSSL/crypto/thread.cc normal arm64 c++ com.apple.compilers.llvm.clang.1_0.compiler (in target 'CNIOBoringSSL' from project 'swift-nio-ssl')
    cd /Users/j/Documents/GitHub/MoneroOne/MoneroOne.xcodeproj
    
    Using response file: /Users/j/Documents/GitHub/MoneroOne/build/Build/Intermediates.noindex/swift-nio-ssl.build/Debug-iphonesimulator/CNIOBoringSSL.build/Objects-normal/arm64/82b82416624d2658e5098eb0a28c15c5-common-args.resp
    
    /Applications/Xcode.app/Contents/Developer/Toolchains/XcodeDefault.xctoolchain/usr/bin/clang -x c++ -ivfsstatcache /Users/j/Documents/GitHub/MoneroOne/build/SDKStatCaches.noindex/iphonesimulator26.1-23B77-90cf18a4295e390e64c810bc6bd7acbc.sdkstatcache -fmessage-length\=0 -fdiagnostics-show-note-include-stack -fmacro-backtrace-limit\=0 -fno-color-diagnostics -fmodules-prune-interval\=86400 -fmodules-prune-after\=345600 -fbuild-session-file\=/Users/j/Documents/GitHub/MoneroOne/build/ModuleCache.noindex/Session.modulevalidation -fmodules-validate-once-per-build-session -Wnon-modular-include-in-framework-module -Werror\=non-modular-include-in-framework-module -Wno-trigraphs -Wno-missing-field-initializers -Wno-missing-prototypes -Wno-return-type -Wno-non-virtual-dtor -Wno-overloaded-virtual -Wno-exit-time-destructors -Wno-missing-braces -Wparentheses -Wswitch -Wno-unused-function -Wno-unused-label -Wno-unused-parameter -Wno-unused-variable -Wunused-value -Wno-empty-body -Wno-uninitialized -Wno-unknown-pragmas -w -Wno-shadow -Wno-four-char-constants -Wno-conversion -Wno-constant-conversion -Wno-int-conversion -Wno-bool-conversion -Wno-enum-conversion -Wno-float-conversion -Wno-non-literal-null-conversion -Wno-objc-literal-conversion -Wshorten-64-to-32 -Wno-newline-eof -Wno-c++11-extensions -Wno-implicit-fallthrough -fstrict-aliasing -Wdeprecated-declarations -Winvalid-offsetof -Wno-sign-conversion -Wno-infinite-recursion -Wno-move -Wno-comma -Wno-block-capture-autoreleasing -Wno-strict-prototypes -Wno-range-loop-analysis -Wno-semicolon-before-method-body -index-store-path /Users/j/Documents/GitHub/MoneroOne/build/Index.noindex/DataStore @/Users/j/Documents/GitHub/MoneroOne/build/Build/Intermediates.noindex/swift-nio-ssl.build/Debug-iphonesimulator/CNIOBoringSSL.build/Objects-normal/arm64/82b82416624d2658e5098eb0a28c15c5-common-args.resp -MMD -MT dependencies -MF /Users/j/Documents/GitHub/MoneroOne/build/Build/Intermediates.noindex/swift-nio-ssl.build/Debug-iphonesimulator/CNIOBoringSSL.build/Objects-normal/arm64/thread.d --serialize-diagnostics /Users/j/Documents/GitHub/MoneroOne/build/Build/Intermediates.noindex/swift-nio-ssl.build/Debug-iphonesimulator/CNIOBoringSSL.build/Objects-normal/arm64/thread.dia -c /Users/j/Documents/GitHub/MoneroOne/build/SourcePackages/checkouts/swift-nio-ssl/Sources/CNIOBoringSSL/crypto/thread.cc -o /Users/j/Documents/GitHub/MoneroOne/build/Build/Intermediates.noindex/swift-nio-ssl.build/Debug-iphonesimulator/CNIOBoringSSL.build/Objects-normal/arm64/thread.o -index-unit-output-path /swift-nio-ssl.build/Debug-iphonesimulator/CNIOBoringSSL.build/Objects-normal/arm64/thread.o

SwiftEmitModule normal arm64 Emitting\ module\ for\ MoneroOneWidgets (in target 'MoneroOneWidgets' from project 'MoneroOne')

EmitSwiftModule normal arm64 (in target 'MoneroOneWidgets' from project 'MoneroOne')
    cd /Users/j/Documents/GitHub/MoneroOne
    

CompileC /Users/j/Documents/GitHub/MoneroOne/build/Build/Intermediates.noindex/swift-nio-ssl.build/Debug-iphonesimulator/CNIOBoringSSL.build/Objects-normal/arm64/tasn_utl.o /Users/j/Documents/GitHub/MoneroOne/build/SourcePackages/checkouts/swift-nio-ssl/Sources/CNIOBoringSSL/crypto/asn1/tasn_utl.cc normal arm64 c++ com.apple.compilers.llvm.clang.1_0.compiler (in target 'CNIOBoringSSL' from project 'swift-nio-ssl')
    cd /Users/j/Documents/GitHub/MoneroOne/MoneroOne.xcodeproj
    
    Using response file: /Users/j/Documents/GitHub/MoneroOne/build/Build/Intermediates.noindex/swift-nio-ssl.build/Debug-iphonesimulator/CNIOBoringSSL.build/Objects-normal/arm64/82b82416624d2658e5098eb0a28c15c5-common-args.resp
    
    /Applications/Xcode.app/Contents/Developer/Toolchains/XcodeDefault.xctoolchain/usr/bin/clang -x c++ -ivfsstatcache /Users/j/Documents/GitHub/MoneroOne/build/SDKStatCaches.noindex/iphonesimulator26.1-23B77-90cf18a4295e390e64c810bc6bd7acbc.sdkstatcache -fmessage-length\=0 -fdiagnostics-show-note-include-stack -fmacro-backtrace-limit\=0 -fno-color-diagnostics -fmodules-prune-interval\=86400 -fmodules-prune-after\=345600 -fbuild-session-file\=/Users/j/Documents/GitHub/MoneroOne/build/ModuleCache.noindex/Session.modulevalidation -fmodules-validate-once-per-build-session -Wnon-modular-include-in-framework-module -Werror\=non-modular-include-in-framework-module -Wno-trigraphs -Wno-missing-field-initializers -Wno-missing-prototypes -Wno-return-type -Wno-non-virtual-dtor -Wno-overloaded-virtual -Wno-exit-time-destructors -Wno-missing-braces -Wparentheses -Wswitch -Wno-unused-function -Wno-unused-label -Wno-unused-parameter -Wno-unused-variable -Wunused-value -Wno-empty-body -Wno-uninitialized -Wno-unknown-pragmas -w -Wno-shadow -Wno-four-char-constants -Wno-conversion -Wno-constant-conversion -Wno-int-conversion -Wno-bool-conversion -Wno-enum-conversion -Wno-float-conversion -Wno-non-literal-null-conversion -Wno-objc-literal-conversion -Wshorten-64-to-32 -Wno-newline-eof -Wno-c++11-extensions -Wno-implicit-fallthrough -fstrict-aliasing -Wdeprecated-declarations -Winvalid-offsetof -Wno-sign-conversion -Wno-infinite-recursion -Wno-move -Wno-comma -Wno-block-capture-autoreleasing -Wno-strict-prototypes -Wno-range-loop-analysis -Wno-semicolon-before-method-body -index-store-path /Users/j/Documents/GitHub/MoneroOne/build/Index.noindex/DataStore @/Users/j/Documents/GitHub/MoneroOne/build/Build/Intermediates.noindex/swift-nio-ssl.build/Debug-iphonesimulator/CNIOBoringSSL.build/Objects-normal/arm64/82b82416624d2658e5098eb0a28c15c5-common-args.resp -MMD -MT dependencies -MF /Users/j/Documents/GitHub/MoneroOne/build/Build/Intermediates.noindex/swift-nio-ssl.build/Debug-iphonesimulator/CNIOBoringSSL.build/Objects-normal/arm64/tasn_utl.d --serialize-diagnostics /Users/j/Documents/GitHub/MoneroOne/build/Build/Intermediates.noindex/swift-nio-ssl.build/Debug-iphonesimulator/CNIOBoringSSL.build/Objects-normal/arm64/tasn_utl.dia -c /Users/j/Documents/GitHub/MoneroOne/build/SourcePackages/checkouts/swift-nio-ssl/Sources/CNIOBoringSSL/crypto/asn1/tasn_utl.cc -o /Users/j/Documents/GitHub/MoneroOne/build/Build/Intermediates.noindex/swift-nio-ssl.build/Debug-iphonesimulator/CNIOBoringSSL.build/Objects-normal/arm64/tasn_utl.o -index-unit-output-path /swift-nio-ssl.build/Debug-iphonesimulator/CNIOBoringSSL.build/Objects-normal/arm64/tasn_utl.o

CompileC /Users/j/Documents/GitHub/MoneroOne/build/Build/Intermediates.noindex/swift-nio-ssl.build/Debug-iphonesimulator/CNIOBoringSSL.build/Objects-normal/arm64/tasn_typ.o /Users/j/Documents/GitHub/MoneroOne/build/SourcePackages/checkouts/swift-nio-ssl/Sources/CNIOBoringSSL/crypto/asn1/tasn_typ.cc normal arm64 c++ com.apple.compilers.llvm.clang.1_0.compiler (in target 'CNIOBoringSSL' from project 'swift-nio-ssl')
    cd /Users/j/Documents/GitHub/MoneroOne/MoneroOne.xcodeproj
    
    Using response file: /Users/j/Documents/GitHub/MoneroOne/build/Build/Intermediates.noindex/swift-nio-ssl.build/Debug-iphonesimulator/CNIOBoringSSL.build/Objects-normal/arm64/82b82416624d2658e5098eb0a28c15c5-common-args.resp
    
    /Applications/Xcode.app/Contents/Developer/Toolchains/XcodeDefault.xctoolchain/usr/bin/clang -x c++ -ivfsstatcache /Users/j/Documents/GitHub/MoneroOne/build/SDKStatCaches.noindex/iphonesimulator26.1-23B77-90cf18a4295e390e64c810bc6bd7acbc.sdkstatcache -fmessage-length\=0 -fdiagnostics-show-note-include-stack -fmacro-backtrace-limit\=0 -fno-color-diagnostics -fmodules-prune-interval\=86400 -fmodules-prune-after\=345600 -fbuild-session-file\=/Users/j/Documents/GitHub/MoneroOne/build/ModuleCache.noindex/Session.modulevalidation -fmodules-validate-once-per-build-session -Wnon-modular-include-in-framework-module -Werror\=non-modular-include-in-framework-module -Wno-trigraphs -Wno-missing-field-initializers -Wno-missing-prototypes -Wno-return-type -Wno-non-virtual-dtor -Wno-overloaded-virtual -Wno-exit-time-destructors -Wno-missing-braces -Wparentheses -Wswitch -Wno-unused-function -Wno-unused-label -Wno-unused-parameter -Wno-unused-variable -Wunused-value -Wno-empty-body -Wno-uninitialized -Wno-unknown-pragmas -w -Wno-shadow -Wno-four-char-constants -Wno-conversion -Wno-constant-conversion -Wno-int-conversion -Wno-bool-conversion -Wno-enum-conversion -Wno-float-conversion -Wno-non-literal-null-conversion -Wno-objc-literal-conversion -Wshorten-64-to-32 -Wno-newline-eof -Wno-c++11-extensions -Wno-implicit-fallthrough -fstrict-aliasing -Wdeprecated-declarations -Winvalid-offsetof -Wno-sign-conversion -Wno-infinite-recursion -Wno-move -Wno-comma -Wno-block-capture-autoreleasing -Wno-strict-prototypes -Wno-range-loop-analysis -Wno-semicolon-before-method-body -index-store-path /Users/j/Documents/GitHub/MoneroOne/build/Index.noindex/DataStore @/Users/j/Documents/GitHub/MoneroOne/build/Build/Intermediates.noindex/swift-nio-ssl.build/Debug-iphonesimulator/CNIOBoringSSL.build/Objects-normal/arm64/82b82416624d2658e5098eb0a28c15c5-common-args.resp -MMD -MT dependencies -MF /Users/j/Documents/GitHub/MoneroOne/build/Build/Intermediates.noindex/swift-nio-ssl.build/Debug-iphonesimulator/CNIOBoringSSL.build/Objects-normal/arm64/tasn_typ.d --serialize-diagnostics /Users/j/Documents/GitHub/MoneroOne/build/Build/Intermediates.noindex/swift-nio-ssl.build/Debug-iphonesimulator/CNIOBoringSSL.build/Objects-normal/arm64/tasn_typ.dia -c /Users/j/Documents/GitHub/MoneroOne/build/SourcePackages/checkouts/swift-nio-ssl/Sources/CNIOBoringSSL/crypto/asn1/tasn_typ.cc -o /Users/j/Documents/GitHub/MoneroOne/build/Build/Intermediates.noindex/swift-nio-ssl.build/Debug-iphonesimulator/CNIOBoringSSL.build/Objects-normal/arm64/tasn_typ.o -index-unit-output-path /swift-nio-ssl.build/Debug-iphonesimulator/CNIOBoringSSL.build/Objects-normal/arm64/tasn_typ.o

CompileC /Users/j/Documents/GitHub/MoneroOne/build/Build/Intermediates.noindex/swift-nio-ssl.build/Debug-iphonesimulator/CNIOBoringSSL.build/Objects-normal/arm64/tasn_new.o /Users/j/Documents/GitHub/MoneroOne/build/SourcePackages/checkouts/swift-nio-ssl/Sources/CNIOBoringSSL/crypto/asn1/tasn_new.cc normal arm64 c++ com.apple.compilers.llvm.clang.1_0.compiler (in target 'CNIOBoringSSL' from project 'swift-nio-ssl')
    cd /Users/j/Documents/GitHub/MoneroOne/MoneroOne.xcodeproj
    
    Using response file: /Users/j/Documents/GitHub/MoneroOne/build/Build/Intermediates.noindex/swift-nio-ssl.build/Debug-iphonesimulator/CNIOBoringSSL.build/Objects-normal/arm64/82b82416624d2658e5098eb0a28c15c5-common-args.resp
    
    /Applications/Xcode.app/Contents/Developer/Toolchains/XcodeDefault.xctoolchain/usr/bin/clang -x c++ -ivfsstatcache /Users/j/Documents/GitHub/MoneroOne/build/SDKStatCaches.noindex/iphonesimulator26.1-23B77-90cf18a4295e390e64c810bc6bd7acbc.sdkstatcache -fmessage-length\=0 -fdiagnostics-show-note-include-stack -fmacro-backtrace-limit\=0 -fno-color-diagnostics -fmodules-prune-interval\=86400 -fmodules-prune-after\=345600 -fbuild-session-file\=/Users/j/Documents/GitHub/MoneroOne/build/ModuleCache.noindex/Session.modulevalidation -fmodules-validate-once-per-build-session -Wnon-modular-include-in-framework-module -Werror\=non-modular-include-in-framework-module -Wno-trigraphs -Wno-missing-field-initializers -Wno-missing-prototypes -Wno-return-type -Wno-non-virtual-dtor -Wno-overloaded-virtual -Wno-exit-time-destructors -Wno-missing-braces -Wparentheses -Wswitch -Wno-unused-function -Wno-unused-label -Wno-unused-parameter -Wno-unused-variable -Wunused-value -Wno-empty-body -Wno-uninitialized -Wno-unknown-pragmas -w -Wno-shadow -Wno-four-char-constants -Wno-conversion -Wno-constant-conversion -Wno-int-conversion -Wno-bool-conversion -Wno-enum-conversion -Wno-float-conversion -Wno-non-literal-null-conversion -Wno-objc-literal-conversion -Wshorten-64-to-32 -Wno-newline-eof -Wno-c++11-extensions -Wno-implicit-fallthrough -fstrict-aliasing -Wdeprecated-declarations -Winvalid-offsetof -Wno-sign-conversion -Wno-infinite-recursion -Wno-move -Wno-comma -Wno-block-capture-autoreleasing -Wno-strict-prototypes -Wno-range-loop-analysis -Wno-semicolon-before-method-body -index-store-path /Users/j/Documents/GitHub/MoneroOne/build/Index.noindex/DataStore @/Users/j/Documents/GitHub/MoneroOne/build/Build/Intermediates.noindex/swift-nio-ssl.build/Debug-iphonesimulator/CNIOBoringSSL.build/Objects-normal/arm64/82b82416624d2658e5098eb0a28c15c5-common-args.resp -MMD -MT dependencies -MF /Users/j/Documents/GitHub/MoneroOne/build/Build/Intermediates.noindex/swift-nio-ssl.build/Debug-iphonesimulator/CNIOBoringSSL.build/Objects-normal/arm64/tasn_new.d --serialize-diagnostics /Users/j/Documents/GitHub/MoneroOne/build/Build/Intermediates.noindex/swift-nio-ssl.build/Debug-iphonesimulator/CNIOBoringSSL.build/Objects-normal/arm64/tasn_new.dia -c /Users/j/Documents/GitHub/MoneroOne/build/SourcePackages/checkouts/swift-nio-ssl/Sources/CNIOBoringSSL/crypto/asn1/tasn_new.cc -o /Users/j/Documents/GitHub/MoneroOne/build/Build/Intermediates.noindex/swift-nio-ssl.build/Debug-iphonesimulator/CNIOBoringSSL.build/Objects-normal/arm64/tasn_new.o -index-unit-output-path /swift-nio-ssl.build/Debug-iphonesimulator/CNIOBoringSSL.build/Objects-normal/arm64/tasn_new.o

CompileC /Users/j/Documents/GitHub/MoneroOne/build/Build/Intermediates.noindex/swift-nio-ssl.build/Debug-iphonesimulator/CNIOBoringSSL.build/Objects-normal/arm64/tasn_fre.o /Users/j/Documents/GitHub/MoneroOne/build/SourcePackages/checkouts/swift-nio-ssl/Sources/CNIOBoringSSL/crypto/asn1/tasn_fre.cc normal arm64 c++ com.apple.compilers.llvm.clang.1_0.compiler (in target 'CNIOBoringSSL' from project 'swift-nio-ssl')
    cd /Users/j/Documents/GitHub/MoneroOne/MoneroOne.xcodeproj
    
    Using response file: /Users/j/Documents/GitHub/MoneroOne/build/Build/Intermediates.noindex/swift-nio-ssl.build/Debug-iphonesimulator/CNIOBoringSSL.build/Objects-normal/arm64/82b82416624d2658e5098eb0a28c15c5-common-args.resp
    
    /Applications/Xcode.app/Contents/Developer/Toolchains/XcodeDefault.xctoolchain/usr/bin/clang -x c++ -ivfsstatcache /Users/j/Documents/GitHub/MoneroOne/build/SDKStatCaches.noindex/iphonesimulator26.1-23B77-90cf18a4295e390e64c810bc6bd7acbc.sdkstatcache -fmessage-length\=0 -fdiagnostics-show-note-include-stack -fmacro-backtrace-limit\=0 -fno-color-diagnostics -fmodules-prune-interval\=86400 -fmodules-prune-after\=345600 -fbuild-session-file\=/Users/j/Documents/GitHub/MoneroOne/build/ModuleCache.noindex/Session.modulevalidation -fmodules-validate-once-per-build-session -Wnon-modular-include-in-framework-module -Werror\=non-modular-include-in-framework-module -Wno-trigraphs -Wno-missing-field-initializers -Wno-missing-prototypes -Wno-return-type -Wno-non-virtual-dtor -Wno-overloaded-virtual -Wno-exit-time-destructors -Wno-missing-braces -Wparentheses -Wswitch -Wno-unused-function -Wno-unused-label -Wno-unused-parameter -Wno-unused-variable -Wunused-value -Wno-empty-body -Wno-uninitialized -Wno-unknown-pragmas -w -Wno-shadow -Wno-four-char-constants -Wno-conversion -Wno-constant-conversion -Wno-int-conversion -Wno-bool-conversion -Wno-enum-conversion -Wno-float-conversion -Wno-non-literal-null-conversion -Wno-objc-literal-conversion -Wshorten-64-to-32 -Wno-newline-eof -Wno-c++11-extensions -Wno-implicit-fallthrough -fstrict-aliasing -Wdeprecated-declarations -Winvalid-offsetof -Wno-sign-conversion -Wno-infinite-recursion -Wno-move -Wno-comma -Wno-block-capture-autoreleasing -Wno-strict-prototypes -Wno-range-loop-analysis -Wno-semicolon-before-method-body -index-store-path /Users/j/Documents/GitHub/MoneroOne/build/Index.noindex/DataStore @/Users/j/Documents/GitHub/MoneroOne/build/Build/Intermediates.noindex/swift-nio-ssl.build/Debug-iphonesimulator/CNIOBoringSSL.build/Objects-normal/arm64/82b82416624d2658e5098eb0a28c15c5-common-args.resp -MMD -MT dependencies -MF /Users/j/Documents/GitHub/MoneroOne/build/Build/Intermediates.noindex/swift-nio-ssl.build/Debug-iphonesimulator/CNIOBoringSSL.build/Objects-normal/arm64/tasn_fre.d --serialize-diagnostics /Users/j/Documents/GitHub/MoneroOne/build/Build/Intermediates.noindex/swift-nio-ssl.build/Debug-iphonesimulator/CNIOBoringSSL.build/Objects-normal/arm64/tasn_fre.dia -c /Users/j/Documents/GitHub/MoneroOne/build/SourcePackages/checkouts/swift-nio-ssl/Sources/CNIOBoringSSL/crypto/asn1/tasn_fre.cc -o /Users/j/Documents/GitHub/MoneroOne/build/Build/Intermediates.noindex/swift-nio-ssl.build/Debug-iphonesimulator/CNIOBoringSSL.build/Objects-normal/arm64/tasn_fre.o -index-unit-output-path /swift-nio-ssl.build/Debug-iphonesimulator/CNIOBoringSSL.build/Objects-normal/arm64/tasn_fre.o

CompileC /Users/j/Documents/GitHub/MoneroOne/build/Build/Intermediates.noindex/swift-nio-ssl.build/Debug-iphonesimulator/CNIOBoringSSL.build/Objects-normal/arm64/tasn_enc.o /Users/j/Documents/GitHub/MoneroOne/build/SourcePackages/checkouts/swift-nio-ssl/Sources/CNIOBoringSSL/crypto/asn1/tasn_enc.cc normal arm64 c++ com.apple.compilers.llvm.clang.1_0.compiler (in target 'CNIOBoringSSL' from project 'swift-nio-ssl')
    cd /Users/j/Documents/GitHub/MoneroOne/MoneroOne.xcodeproj
    
    Using response file: /Users/j/Documents/GitHub/MoneroOne/build/Build/Intermediates.noindex/swift-nio-ssl.build/Debug-iphonesimulator/CNIOBoringSSL.build/Objects-normal/arm64/82b82416624d2658e5098eb0a28c15c5-common-args.resp
    
    /Applications/Xcode.app/Contents/Developer/Toolchains/XcodeDefault.xctoolchain/usr/bin/clang -x c++ -ivfsstatcache /Users/j/Documents/GitHub/MoneroOne/build/SDKStatCaches.noindex/iphonesimulator26.1-23B77-90cf18a4295e390e64c810bc6bd7acbc.sdkstatcache -fmessage-length\=0 -fdiagnostics-show-note-include-stack -fmacro-backtrace-limit\=0 -fno-color-diagnostics -fmodules-prune-interval\=86400 -fmodules-prune-after\=345600 -fbuild-session-file\=/Users/j/Documents/GitHub/MoneroOne/build/ModuleCache.noindex/Session.modulevalidation -fmodules-validate-once-per-build-session -Wnon-modular-include-in-framework-module -Werror\=non-modular-include-in-framework-module -Wno-trigraphs -Wno-missing-field-initializers -Wno-missing-prototypes -Wno-return-type -Wno-non-virtual-dtor -Wno-overloaded-virtual -Wno-exit-time-destructors -Wno-missing-braces -Wparentheses -Wswitch -Wno-unused-function -Wno-unused-label -Wno-unused-parameter -Wno-unused-variable -Wunused-value -Wno-empty-body -Wno-uninitialized -Wno-unknown-pragmas -w -Wno-shadow -Wno-four-char-constants -Wno-conversion -Wno-constant-conversion -Wno-int-conversion -Wno-bool-conversion -Wno-enum-conversion -Wno-float-conversion -Wno-non-literal-null-conversion -Wno-objc-literal-conversion -Wshorten-64-to-32 -Wno-newline-eof -Wno-c++11-extensions -Wno-implicit-fallthrough -fstrict-aliasing -Wdeprecated-declarations -Winvalid-offsetof -Wno-sign-conversion -Wno-infinite-recursion -Wno-move -Wno-comma -Wno-block-capture-autoreleasing -Wno-strict-prototypes -Wno-range-loop-analysis -Wno-semicolon-before-method-body -index-store-path /Users/j/Documents/GitHub/MoneroOne/build/Index.noindex/DataStore @/Users/j/Documents/GitHub/MoneroOne/build/Build/Intermediates.noindex/swift-nio-ssl.build/Debug-iphonesimulator/CNIOBoringSSL.build/Objects-normal/arm64/82b82416624d2658e5098eb0a28c15c5-common-args.resp -MMD -MT dependencies -MF /Users/j/Documents/GitHub/MoneroOne/build/Build/Intermediates.noindex/swift-nio-ssl.build/Debug-iphonesimulator/CNIOBoringSSL.build/Objects-normal/arm64/tasn_enc.d --serialize-diagnostics /Users/j/Documents/GitHub/MoneroOne/build/Build/Intermediates.noindex/swift-nio-ssl.build/Debug-iphonesimulator/CNIOBoringSSL.build/Objects-normal/arm64/tasn_enc.dia -c /Users/j/Documents/GitHub/MoneroOne/build/SourcePackages/checkouts/swift-nio-ssl/Sources/CNIOBoringSSL/crypto/asn1/tasn_enc.cc -o /Users/j/Documents/GitHub/MoneroOne/build/Build/Intermediates.noindex/swift-nio-ssl.build/Debug-iphonesimulator/CNIOBoringSSL.build/Objects-normal/arm64/tasn_enc.o -index-unit-output-path /swift-nio-ssl.build/Debug-iphonesimulator/CNIOBoringSSL.build/Objects-normal/arm64/tasn_enc.o

CompileC /Users/j/Documents/GitHub/MoneroOne/build/Build/Intermediates.noindex/swift-nio-ssl.build/Debug-iphonesimulator/CNIOBoringSSL.build/Objects-normal/arm64/tasn_dec.o /Users/j/Documents/GitHub/MoneroOne/build/SourcePackages/checkouts/swift-nio-ssl/Sources/CNIOBoringSSL/crypto/asn1/tasn_dec.cc normal arm64 c++ com.apple.compilers.llvm.clang.1_0.compiler (in target 'CNIOBoringSSL' from project 'swift-nio-ssl')
    cd /Users/j/Documents/GitHub/MoneroOne/MoneroOne.xcodeproj
    
    Using response file: /Users/j/Documents/GitHub/MoneroOne/build/Build/Intermediates.noindex/swift-nio-ssl.build/Debug-iphonesimulator/CNIOBoringSSL.build/Objects-normal/arm64/82b82416624d2658e5098eb0a28c15c5-common-args.resp
    
    /Applications/Xcode.app/Contents/Developer/Toolchains/XcodeDefault.xctoolchain/usr/bin/clang -x c++ -ivfsstatcache /Users/j/Documents/GitHub/MoneroOne/build/SDKStatCaches.noindex/iphonesimulator26.1-23B77-90cf18a4295e390e64c810bc6bd7acbc.sdkstatcache -fmessage-length\=0 -fdiagnostics-show-note-include-stack -fmacro-backtrace-limit\=0 -fno-color-diagnostics -fmodules-prune-interval\=86400 -fmodules-prune-after\=345600 -fbuild-session-file\=/Users/j/Documents/GitHub/MoneroOne/build/ModuleCache.noindex/Session.modulevalidation -fmodules-validate-once-per-build-session -Wnon-modular-include-in-framework-module -Werror\=non-modular-include-in-framework-module -Wno-trigraphs -Wno-missing-field-initializers -Wno-missing-prototypes -Wno-return-type -Wno-non-virtual-dtor -Wno-overloaded-virtual -Wno-exit-time-destructors -Wno-missing-braces -Wparentheses -Wswitch -Wno-unused-function -Wno-unused-label -Wno-unused-parameter -Wno-unused-variable -Wunused-value -Wno-empty-body -Wno-uninitialized -Wno-unknown-pragmas -w -Wno-shadow -Wno-four-char-constants -Wno-conversion -Wno-constant-conversion -Wno-int-conversion -Wno-bool-conversion -Wno-enum-conversion -Wno-float-conversion -Wno-non-literal-null-conversion -Wno-objc-literal-conversion -Wshorten-64-to-32 -Wno-newline-eof -Wno-c++11-extensions -Wno-implicit-fallthrough -fstrict-aliasing -Wdeprecated-declarations -Winvalid-offsetof -Wno-sign-conversion -Wno-infinite-recursion -Wno-move -Wno-comma -Wno-block-capture-autoreleasing -Wno-strict-prototypes -Wno-range-loop-analysis -Wno-semicolon-before-method-body -index-store-path /Users/j/Documents/GitHub/MoneroOne/build/Index.noindex/DataStore @/Users/j/Documents/GitHub/MoneroOne/build/Build/Intermediates.noindex/swift-nio-ssl.build/Debug-iphonesimulator/CNIOBoringSSL.build/Objects-normal/arm64/82b82416624d2658e5098eb0a28c15c5-common-args.resp -MMD -MT dependencies -MF /Users/j/Documents/GitHub/MoneroOne/build/Build/Intermediates.noindex/swift-nio-ssl.build/Debug-iphonesimulator/CNIOBoringSSL.build/Objects-normal/arm64/tasn_dec.d --serialize-diagnostics /Users/j/Documents/GitHub/MoneroOne/build/Build/Intermediates.noindex/swift-nio-ssl.build/Debug-iphonesimulator/CNIOBoringSSL.build/Objects-normal/arm64/tasn_dec.dia -c /Users/j/Documents/GitHub/MoneroOne/build/SourcePackages/checkouts/swift-nio-ssl/Sources/CNIOBoringSSL/crypto/asn1/tasn_dec.cc -o /Users/j/Documents/GitHub/MoneroOne/build/Build/Intermediates.noindex/swift-nio-ssl.build/Debug-iphonesimulator/CNIOBoringSSL.build/Objects-normal/arm64/tasn_dec.o -index-unit-output-path /swift-nio-ssl.build/Debug-iphonesimulator/CNIOBoringSSL.build/Objects-normal/arm64/tasn_dec.o

CompileC /Users/j/Documents/GitHub/MoneroOne/build/Build/Intermediates.noindex/swift-nio-ssl.build/Debug-iphonesimulator/CNIOBoringSSL.build/Objects-normal/arm64/t_x509a.o /Users/j/Documents/GitHub/MoneroOne/build/SourcePackages/checkouts/swift-nio-ssl/Sources/CNIOBoringSSL/crypto/x509/t_x509a.cc normal arm64 c++ com.apple.compilers.llvm.clang.1_0.compiler (in target 'CNIOBoringSSL' from project 'swift-nio-ssl')
    cd /Users/j/Documents/GitHub/MoneroOne/MoneroOne.xcodeproj
    
    Using response file: /Users/j/Documents/GitHub/MoneroOne/build/Build/Intermediates.noindex/swift-nio-ssl.build/Debug-iphonesimulator/CNIOBoringSSL.build/Objects-normal/arm64/82b82416624d2658e5098eb0a28c15c5-common-args.resp
    
    /Applications/Xcode.app/Contents/Developer/Toolchains/XcodeDefault.xctoolchain/usr/bin/clang -x c++ -ivfsstatcache /Users/j/Documents/GitHub/MoneroOne/build/SDKStatCaches.noindex/iphonesimulator26.1-23B77-90cf18a4295e390e64c810bc6bd7acbc.sdkstatcache -fmessage-length\=0 -fdiagnostics-show-note-include-stack -fmacro-backtrace-limit\=0 -fno-color-diagnostics -fmodules-prune-interval\=86400 -fmodules-prune-after\=345600 -fbuild-session-file\=/Users/j/Documents/GitHub/MoneroOne/build/ModuleCache.noindex/Session.modulevalidation -fmodules-validate-once-per-build-session -Wnon-modular-include-in-framework-module -Werror\=non-modular-include-in-framework-module -Wno-trigraphs -Wno-missing-field-initializers -Wno-missing-prototypes -Wno-return-type -Wno-non-virtual-dtor -Wno-overloaded-virtual -Wno-exit-time-destructors -Wno-missing-braces -Wparentheses -Wswitch -Wno-unused-function -Wno-unused-label -Wno-unused-parameter -Wno-unused-variable -Wunused-value -Wno-empty-body -Wno-uninitialized -Wno-unknown-pragmas -w -Wno-shadow -Wno-four-char-constants -Wno-conversion -Wno-constant-conversion -Wno-int-conversion -Wno-bool-conversion -Wno-enum-conversion -Wno-float-conversion -Wno-non-literal-null-conversion -Wno-objc-literal-conversion -Wshorten-64-to-32 -Wno-newline-eof -Wno-c++11-extensions -Wno-implicit-fallthrough -fstrict-aliasing -Wdeprecated-declarations -Winvalid-offsetof -Wno-sign-conversion -Wno-infinite-recursion -Wno-move -Wno-comma -Wno-block-capture-autoreleasing -Wno-strict-prototypes -Wno-range-loop-analysis -Wno-semicolon-before-method-body -index-store-path /Users/j/Documents/GitHub/MoneroOne/build/Index.noindex/DataStore @/Users/j/Documents/GitHub/MoneroOne/build/Build/Intermediates.noindex/swift-nio-ssl.build/Debug-iphonesimulator/CNIOBoringSSL.build/Objects-normal/arm64/82b82416624d2658e5098eb0a28c15c5-common-args.resp -MMD -MT dependencies -MF /Users/j/Documents/GitHub/MoneroOne/build/Build/Intermediates.noindex/swift-nio-ssl.build/Debug-iphonesimulator/CNIOBoringSSL.build/Objects-normal/arm64/t_x509a.d --serialize-diagnostics /Users/j/Documents/GitHub/MoneroOne/build/Build/Intermediates.noindex/swift-nio-ssl.build/Debug-iphonesimulator/CNIOBoringSSL.build/Objects-normal/arm64/t_x509a.dia -c /Users/j/Documents/GitHub/MoneroOne/build/SourcePackages/checkouts/swift-nio-ssl/Sources/CNIOBoringSSL/crypto/x509/t_x509a.cc -o /Users/j/Documents/GitHub/MoneroOne/build/Build/Intermediates.noindex/swift-nio-ssl.build/Debug-iphonesimulator/CNIOBoringSSL.build/Objects-normal/arm64/t_x509a.o -index-unit-output-path /swift-nio-ssl.build/Debug-iphonesimulator/CNIOBoringSSL.build/Objects-normal/arm64/t_x509a.o

CompileC /Users/j/Documents/GitHub/MoneroOne/build/Build/Intermediates.noindex/swift-nio-ssl.build/Debug-iphonesimulator/CNIOBoringSSL.build/Objects-normal/arm64/t_x509.o /Users/j/Documents/GitHub/MoneroOne/build/SourcePackages/checkouts/swift-nio-ssl/Sources/CNIOBoringSSL/crypto/x509/t_x509.cc normal arm64 c++ com.apple.compilers.llvm.clang.1_0.compiler (in target 'CNIOBoringSSL' from project 'swift-nio-ssl')
    cd /Users/j/Documents/GitHub/MoneroOne/MoneroOne.xcodeproj
    
    Using response file: /Users/j/Documents/GitHub/MoneroOne/build/Build/Intermediates.noindex/swift-nio-ssl.build/Debug-iphonesimulator/CNIOBoringSSL.build/Objects-normal/arm64/82b82416624d2658e5098eb0a28c15c5-common-args.resp
    
    /Applications/Xcode.app/Contents/Developer/Toolchains/XcodeDefault.xctoolchain/usr/bin/clang -x c++ -ivfsstatcache /Users/j/Documents/GitHub/MoneroOne/build/SDKStatCaches.noindex/iphonesimulator26.1-23B77-90cf18a4295e390e64c810bc6bd7acbc.sdkstatcache -fmessage-length\=0 -fdiagnostics-show-note-include-stack -fmacro-backtrace-limit\=0 -fno-color-diagnostics -fmodules-prune-interval\=86400 -fmodules-prune-after\=345600 -fbuild-session-file\=/Users/j/Documents/GitHub/MoneroOne/build/ModuleCache.noindex/Session.modulevalidation -fmodules-validate-once-per-build-session -Wnon-modular-include-in-framework-module -Werror\=non-modular-include-in-framework-module -Wno-trigraphs -Wno-missing-field-initializers -Wno-missing-prototypes -Wno-return-type -Wno-non-virtual-dtor -Wno-overloaded-virtual -Wno-exit-time-destructors -Wno-missing-braces -Wparentheses -Wswitch -Wno-unused-function -Wno-unused-label -Wno-unused-parameter -Wno-unused-variable -Wunused-value -Wno-empty-body -Wno-uninitialized -Wno-unknown-pragmas -w -Wno-shadow -Wno-four-char-constants -Wno-conversion -Wno-constant-conversion -Wno-int-conversion -Wno-bool-conversion -Wno-enum-conversion -Wno-float-conversion -Wno-non-literal-null-conversion -Wno-objc-literal-conversion -Wshorten-64-to-32 -Wno-newline-eof -Wno-c++11-extensions -Wno-implicit-fallthrough -fstrict-aliasing -Wdeprecated-declarations -Winvalid-offsetof -Wno-sign-conversion -Wno-infinite-recursion -Wno-move -Wno-comma -Wno-block-capture-autoreleasing -Wno-strict-prototypes -Wno-range-loop-analysis -Wno-semicolon-before-method-body -index-store-path /Users/j/Documents/GitHub/MoneroOne/build/Index.noindex/DataStore @/Users/j/Documents/GitHub/MoneroOne/build/Build/Intermediates.noindex/swift-nio-ssl.build/Debug-iphonesimulator/CNIOBoringSSL.build/Objects-normal/arm64/82b82416624d2658e5098eb0a28c15c5-common-args.resp -MMD -MT dependencies -MF /Users/j/Documents/GitHub/MoneroOne/build/Build/Intermediates.noindex/swift-nio-ssl.build/Debug-iphonesimulator/CNIOBoringSSL.build/Objects-normal/arm64/t_x509.d --serialize-diagnostics /Users/j/Documents/GitHub/MoneroOne/build/Build/Intermediates.noindex/swift-nio-ssl.build/Debug-iphonesimulator/CNIOBoringSSL.build/Objects-normal/arm64/t_x509.dia -c /Users/j/Documents/GitHub/MoneroOne/build/SourcePackages/checkouts/swift-nio-ssl/Sources/CNIOBoringSSL/crypto/x509/t_x509.cc -o /Users/j/Documents/GitHub/MoneroOne/build/Build/Intermediates.noindex/swift-nio-ssl.build/Debug-iphonesimulator/CNIOBoringSSL.build/Objects-normal/arm64/t_x509.o -index-unit-output-path /swift-nio-ssl.build/Debug-iphonesimulator/CNIOBoringSSL.build/Objects-normal/arm64/t_x509.o

CompileC /Users/j/Documents/GitHub/MoneroOne/build/Build/Intermediates.noindex/swift-nio-ssl.build/Debug-iphonesimulator/CNIOBoringSSL.build/Objects-normal/arm64/t_req.o /Users/j/Documents/GitHub/MoneroOne/build/SourcePackages/checkouts/swift-nio-ssl/Sources/CNIOBoringSSL/crypto/x509/t_req.cc normal arm64 c++ com.apple.compilers.llvm.clang.1_0.compiler (in target 'CNIOBoringSSL' from project 'swift-nio-ssl')
    cd /Users/j/Documents/GitHub/MoneroOne/MoneroOne.xcodeproj
    
    Using response file: /Users/j/Documents/GitHub/MoneroOne/build/Build/Intermediates.noindex/swift-nio-ssl.build/Debug-iphonesimulator/CNIOBoringSSL.build/Objects-normal/arm64/82b82416624d2658e5098eb0a28c15c5-common-args.resp
    
    /Applications/Xcode.app/Contents/Developer/Toolchains/XcodeDefault.xctoolchain/usr/bin/clang -x c++ -ivfsstatcache /Users/j/Documents/GitHub/MoneroOne/build/SDKStatCaches.noindex/iphonesimulator26.1-23B77-90cf18a4295e390e64c810bc6bd7acbc.sdkstatcache -fmessage-length\=0 -fdiagnostics-show-note-include-stack -fmacro-backtrace-limit\=0 -fno-color-diagnostics -fmodules-prune-interval\=86400 -fmodules-prune-after\=345600 -fbuild-session-file\=/Users/j/Documents/GitHub/MoneroOne/build/ModuleCache.noindex/Session.modulevalidation -fmodules-validate-once-per-build-session -Wnon-modular-include-in-framework-module -Werror\=non-modular-include-in-framework-module -Wno-trigraphs -Wno-missing-field-initializers -Wno-missing-prototypes -Wno-return-type -Wno-non-virtual-dtor -Wno-overloaded-virtual -Wno-exit-time-destructors -Wno-missing-braces -Wparentheses -Wswitch -Wno-unused-function -Wno-unused-label -Wno-unused-parameter -Wno-unused-variable -Wunused-value -Wno-empty-body -Wno-uninitialized -Wno-unknown-pragmas -w -Wno-shadow -Wno-four-char-constants -Wno-conversion -Wno-constant-conversion -Wno-int-conversion -Wno-bool-conversion -Wno-enum-conversion -Wno-float-conversion -Wno-non-literal-null-conversion -Wno-objc-literal-conversion -Wshorten-64-to-32 -Wno-newline-eof -Wno-c++11-extensions -Wno-implicit-fallthrough -fstrict-aliasing -Wdeprecated-declarations -Winvalid-offsetof -Wno-sign-conversion -Wno-infinite-recursion -Wno-move -Wno-comma -Wno-block-capture-autoreleasing -Wno-strict-prototypes -Wno-range-loop-analysis -Wno-semicolon-before-method-body -index-store-path /Users/j/Documents/GitHub/MoneroOne/build/Index.noindex/DataStore @/Users/j/Documents/GitHub/MoneroOne/build/Build/Intermediates.noindex/swift-nio-ssl.build/Debug-iphonesimulator/CNIOBoringSSL.build/Objects-normal/arm64/82b82416624d2658e5098eb0a28c15c5-common-args.resp -MMD -MT dependencies -MF /Users/j/Documents/GitHub/MoneroOne/build/Build/Intermediates.noindex/swift-nio-ssl.build/Debug-iphonesimulator/CNIOBoringSSL.build/Objects-normal/arm64/t_req.d --serialize-diagnostics /Users/j/Documents/GitHub/MoneroOne/build/Build/Intermediates.noindex/swift-nio-ssl.build/Debug-iphonesimulator/CNIOBoringSSL.build/Objects-normal/arm64/t_req.dia -c /Users/j/Documents/GitHub/MoneroOne/build/SourcePackages/checkouts/swift-nio-ssl/Sources/CNIOBoringSSL/crypto/x509/t_req.cc -o /Users/j/Documents/GitHub/MoneroOne/build/Build/Intermediates.noindex/swift-nio-ssl.build/Debug-iphonesimulator/CNIOBoringSSL.build/Objects-normal/arm64/t_req.o -index-unit-output-path /swift-nio-ssl.build/Debug-iphonesimulator/CNIOBoringSSL.build/Objects-normal/arm64/t_req.o

SwiftDriverJobDiscovery normal arm64 Emitting module for MoneroOneWidgets (in target 'MoneroOneWidgets' from project 'MoneroOne')

SwiftDriver\ Compilation\ Requirements MoneroOneWidgets normal arm64 com.apple.xcode.tools.swift.compiler (in target 'MoneroOneWidgets' from project 'MoneroOne')
    cd /Users/j/Documents/GitHub/MoneroOne
    builtin-Swift-Compilation-Requirements -- /Applications/Xcode.app/Contents/Developer/Toolchains/XcodeDefault.xctoolchain/usr/bin/swiftc -module-name MoneroOneWidgets -Onone -enforce-exclusivity\=checked @/Users/j/Documents/GitHub/MoneroOne/build/Build/Intermediates.noindex/MoneroOne.build/Debug-iphonesimulator/MoneroOneWidgets.build/Objects-normal/arm64/MoneroOneWidgets.SwiftFileList -DDEBUG -enable-bare-slash-regex -enable-experimental-feature DebugDescriptionMacro -sdk /Applications/Xcode.app/Contents/Developer/Platforms/iPhoneSimulator.platform/Developer/SDKs/iPhoneSimulator26.1.sdk -target arm64-apple-ios26.0-simulator -g -module-cache-path /Users/j/Documents/GitHub/MoneroOne/build/ModuleCache.noindex -Xfrontend -serialize-debugging-options -application-extension -enable-testing -index-store-path /Users/j/Documents/GitHub/MoneroOne/build/Index.noindex/DataStore -Xcc -D_LIBCPP_HARDENING_MODE\=_LIBCPP_HARDENING_MODE_DEBUG -swift-version 5 -I /Users/j/Documents/GitHub/MoneroOne/build/Build/Products/Debug-iphonesimulator -F /Users/j/Documents/GitHub/MoneroOne/build/Build/Products/Debug-iphonesimulator -emit-localized-strings -emit-localized-strings-path /Users/j/Documents/GitHub/MoneroOne/build/Build/Intermediates.noindex/MoneroOne.build/Debug-iphonesimulator/MoneroOneWidgets.build/Objects-normal/arm64 -c -j12 -enable-batch-mode -incremental -Xcc -ivfsstatcache -Xcc /Users/j/Documents/GitHub/MoneroOne/build/SDKStatCaches.noindex/iphonesimulator26.1-23B77-90cf18a4295e390e64c810bc6bd7acbc.sdkstatcache -output-file-map /Users/j/Documents/GitHub/MoneroOne/build/Build/Intermediates.noindex/MoneroOne.build/Debug-iphonesimulator/MoneroOneWidgets.build/Objects-normal/arm64/MoneroOneWidgets-OutputFileMap.json -use-frontend-parseable-output -save-temps -no-color-diagnostics -explicit-module-build -module-cache-path /Users/j/Documents/GitHub/MoneroOne/build/Build/Intermediates.noindex/SwiftExplicitPrecompiledModules -clang-scanner-module-cache-path /Users/j/Documents/GitHub/MoneroOne/build/ModuleCache.noindex -sdk-module-cache-path /Users/j/Documents/GitHub/MoneroOne/build/ModuleCache.noindex -serialize-diagnostics -emit-dependencies -emit-module -emit-module-path /Users/j/Documents/GitHub/MoneroOne/build/Build/Intermediates.noindex/MoneroOne.build/Debug-iphonesimulator/MoneroOneWidgets.build/Objects-normal/arm64/MoneroOneWidgets.swiftmodule -validate-clang-modules-once -clang-build-session-file /Users/j/Documents/GitHub/MoneroOne/build/ModuleCache.noindex/Session.modulevalidation -Xcc -I/Users/j/Documents/GitHub/MoneroOne/build/Build/Intermediates.noindex/MoneroOne.build/Debug-iphonesimulator/MoneroOneWidgets.build/swift-overrides.hmap -emit-const-values -Xfrontend -const-gather-protocols-file -Xfrontend /Users/j/Documents/GitHub/MoneroOne/build/Build/Intermediates.noindex/MoneroOne.build/Debug-iphonesimulator/MoneroOneWidgets.build/Objects-normal/arm64/MoneroOneWidgets_const_extract_protocols.json -Xcc -iquote -Xcc /Users/j/Documents/GitHub/MoneroOne/build/Build/Intermediates.noindex/MoneroOne.build/Debug-iphonesimulator/MoneroOneWidgets.build/MoneroOneWidgets-generated-files.hmap -Xcc -I/Users/j/Documents/GitHub/MoneroOne/build/Build/Intermediates.noindex/MoneroOne.build/Debug-iphonesimulator/MoneroOneWidgets.build/MoneroOneWidgets-own-target-headers.hmap -Xcc -I/Users/j/Documents/GitHub/MoneroOne/build/Build/Intermediates.noindex/MoneroOne.build/Debug-iphonesimulator/MoneroOneWidgets.build/MoneroOneWidgets-all-non-framework-target-headers.hmap -Xcc -ivfsoverlay -Xcc /Users/j/Documents/GitHub/MoneroOne/build/Build/Intermediates.noindex/MoneroOne.build/Debug-iphonesimulator/MoneroOne-ddead9317c92f588809e09356899951d-VFS-iphonesimulator/all-product-headers.yaml -Xcc -iquote -Xcc /Users/j/Documents/GitHub/MoneroOne/build/Build/Intermediates.noindex/MoneroOne.build/Debug-iphonesimulator/MoneroOneWidgets.build/MoneroOneWidgets-project-headers.hmap -Xcc -I/Users/j/Documents/GitHub/MoneroOne/build/Build/Products/Debug-iphonesimulator/include -Xcc -I/Users/j/Documents/GitHub/MoneroOne/build/Build/Intermediates.noindex/MoneroOne.build/Debug-iphonesimulator/MoneroOneWidgets.build/DerivedSources-normal/arm64 -Xcc -I/Users/j/Documents/GitHub/MoneroOne/build/Build/Intermediates.noindex/MoneroOne.build/Debug-iphonesimulator/MoneroOneWidgets.build/DerivedSources/arm64 -Xcc -I/Users/j/Documents/GitHub/MoneroOne/build/Build/Intermediates.noindex/MoneroOne.build/Debug-iphonesimulator/MoneroOneWidgets.build/DerivedSources -Xcc -DDEBUG\=1 -emit-objc-header -emit-objc-header-path /Users/j/Documents/GitHub/MoneroOne/build/Build/Intermediates.noindex/MoneroOne.build/Debug-iphonesimulator/MoneroOneWidgets.build/Objects-normal/arm64/MoneroOneWidgets-Swift.h -working-directory /Users/j/Documents/GitHub/MoneroOne -experimental-emit-module-separately -disable-cmo

CompileC /Users/j/Documents/GitHub/MoneroOne/build/Build/Intermediates.noindex/swift-nio-ssl.build/Debug-iphonesimulator/CNIOBoringSSL.build/Objects-normal/arm64/t_crl.o /Users/j/Documents/GitHub/MoneroOne/build/SourcePackages/checkouts/swift-nio-ssl/Sources/CNIOBoringSSL/crypto/x509/t_crl.cc normal arm64 c++ com.apple.compilers.llvm.clang.1_0.compiler (in target 'CNIOBoringSSL' from project 'swift-nio-ssl')
    cd /Users/j/Documents/GitHub/MoneroOne/MoneroOne.xcodeproj
    
    Using response file: /Users/j/Documents/GitHub/MoneroOne/build/Build/Intermediates.noindex/swift-nio-ssl.build/Debug-iphonesimulator/CNIOBoringSSL.build/Objects-normal/arm64/82b82416624d2658e5098eb0a28c15c5-common-args.resp
    
    /Applications/Xcode.app/Contents/Developer/Toolchains/XcodeDefault.xctoolchain/usr/bin/clang -x c++ -ivfsstatcache /Users/j/Documents/GitHub/MoneroOne/build/SDKStatCaches.noindex/iphonesimulator26.1-23B77-90cf18a4295e390e64c810bc6bd7acbc.sdkstatcache -fmessage-length\=0 -fdiagnostics-show-note-include-stack -fmacro-backtrace-limit\=0 -fno-color-diagnostics -fmodules-prune-interval\=86400 -fmodules-prune-after\=345600 -fbuild-session-file\=/Users/j/Documents/GitHub/MoneroOne/build/ModuleCache.noindex/Session.modulevalidation -fmodules-validate-once-per-build-session -Wnon-modular-include-in-framework-module -Werror\=non-modular-include-in-framework-module -Wno-trigraphs -Wno-missing-field-initializers -Wno-missing-prototypes -Wno-return-type -Wno-non-virtual-dtor -Wno-overloaded-virtual -Wno-exit-time-destructors -Wno-missing-braces -Wparentheses -Wswitch -Wno-unused-function -Wno-unused-label -Wno-unused-parameter -Wno-unused-variable -Wunused-value -Wno-empty-body -Wno-uninitialized -Wno-unknown-pragmas -w -Wno-shadow -Wno-four-char-constants -Wno-conversion -Wno-constant-conversion -Wno-int-conversion -Wno-bool-conversion -Wno-enum-conversion -Wno-float-conversion -Wno-non-literal-null-conversion -Wno-objc-literal-conversion -Wshorten-64-to-32 -Wno-newline-eof -Wno-c++11-extensions -Wno-implicit-fallthrough -fstrict-aliasing -Wdeprecated-declarations -Winvalid-offsetof -Wno-sign-conversion -Wno-infinite-recursion -Wno-move -Wno-comma -Wno-block-capture-autoreleasing -Wno-strict-prototypes -Wno-range-loop-analysis -Wno-semicolon-before-method-body -index-store-path /Users/j/Documents/GitHub/MoneroOne/build/Index.noindex/DataStore @/Users/j/Documents/GitHub/MoneroOne/build/Build/Intermediates.noindex/swift-nio-ssl.build/Debug-iphonesimulator/CNIOBoringSSL.build/Objects-normal/arm64/82b82416624d2658e5098eb0a28c15c5-common-args.resp -MMD -MT dependencies -MF /Users/j/Documents/GitHub/MoneroOne/build/Build/Intermediates.noindex/swift-nio-ssl.build/Debug-iphonesimulator/CNIOBoringSSL.build/Objects-normal/arm64/t_crl.d --serialize-diagnostics /Users/j/Documents/GitHub/MoneroOne/build/Build/Intermediates.noindex/swift-nio-ssl.build/Debug-iphonesimulator/CNIOBoringSSL.build/Objects-normal/arm64/t_crl.dia -c /Users/j/Documents/GitHub/MoneroOne/build/SourcePackages/checkouts/swift-nio-ssl/Sources/CNIOBoringSSL/crypto/x509/t_crl.cc -o /Users/j/Documents/GitHub/MoneroOne/build/Build/Intermediates.noindex/swift-nio-ssl.build/Debug-iphonesimulator/CNIOBoringSSL.build/Objects-normal/arm64/t_crl.o -index-unit-output-path /swift-nio-ssl.build/Debug-iphonesimulator/CNIOBoringSSL.build/Objects-normal/arm64/t_crl.o

SwiftMergeGeneratedHeaders /Users/j/Documents/GitHub/MoneroOne/build/Build/Intermediates.noindex/MoneroOne.build/Debug-iphonesimulator/MoneroOneWidgets.build/DerivedSources/MoneroOneWidgets-Swift.h /Users/j/Documents/GitHub/MoneroOne/build/Build/Intermediates.noindex/MoneroOne.build/Debug-iphonesimulator/MoneroOneWidgets.build/Objects-normal/arm64/MoneroOneWidgets-Swift.h (in target 'MoneroOneWidgets' from project 'MoneroOne')
    cd /Users/j/Documents/GitHub/MoneroOne
    builtin-swiftHeaderTool -arch arm64 /Users/j/Documents/GitHub/MoneroOne/build/Build/Intermediates.noindex/MoneroOne.build/Debug-iphonesimulator/MoneroOneWidgets.build/Objects-normal/arm64/MoneroOneWidgets-Swift.h -o /Users/j/Documents/GitHub/MoneroOne/build/Build/Intermediates.noindex/MoneroOne.build/Debug-iphonesimulator/MoneroOneWidgets.build/DerivedSources/MoneroOneWidgets-Swift.h

Copy /Users/j/Documents/GitHub/MoneroOne/build/Build/Products/Debug-iphonesimulator/MoneroOneWidgets.swiftmodule/arm64-apple-ios-simulator.swiftmodule /Users/j/Documents/GitHub/MoneroOne/build/Build/Intermediates.noindex/MoneroOne.build/Debug-iphonesimulator/MoneroOneWidgets.build/Objects-normal/arm64/MoneroOneWidgets.swiftmodule (in target 'MoneroOneWidgets' from project 'MoneroOne')
    cd /Users/j/Documents/GitHub/MoneroOne
    builtin-copy -exclude .DS_Store -exclude CVS -exclude .svn -exclude .git -exclude .hg -resolve-src-symlinks -rename /Users/j/Documents/GitHub/MoneroOne/build/Build/Intermediates.noindex/MoneroOne.build/Debug-iphonesimulator/MoneroOneWidgets.build/Objects-normal/arm64/MoneroOneWidgets.swiftmodule /Users/j/Documents/GitHub/MoneroOne/build/Build/Products/Debug-iphonesimulator/MoneroOneWidgets.swiftmodule/arm64-apple-ios-simulator.swiftmodule

Copy /Users/j/Documents/GitHub/MoneroOne/build/Build/Products/Debug-iphonesimulator/MoneroOneWidgets.swiftmodule/arm64-apple-ios-simulator.swiftdoc /Users/j/Documents/GitHub/MoneroOne/build/Build/Intermediates.noindex/MoneroOne.build/Debug-iphonesimulator/MoneroOneWidgets.build/Objects-normal/arm64/MoneroOneWidgets.swiftdoc (in target 'MoneroOneWidgets' from project 'MoneroOne')
    cd /Users/j/Documents/GitHub/MoneroOne
    builtin-copy -exclude .DS_Store -exclude CVS -exclude .svn -exclude .git -exclude .hg -resolve-src-symlinks -rename /Users/j/Documents/GitHub/MoneroOne/build/Build/Intermediates.noindex/MoneroOne.build/Debug-iphonesimulator/MoneroOneWidgets.build/Objects-normal/arm64/MoneroOneWidgets.swiftdoc /Users/j/Documents/GitHub/MoneroOne/build/Build/Products/Debug-iphonesimulator/MoneroOneWidgets.swiftmodule/arm64-apple-ios-simulator.swiftdoc

Copy /Users/j/Documents/GitHub/MoneroOne/build/Build/Products/Debug-iphonesimulator/MoneroOneWidgets.swiftmodule/arm64-apple-ios-simulator.abi.json /Users/j/Documents/GitHub/MoneroOne/build/Build/Intermediates.noindex/MoneroOne.build/Debug-iphonesimulator/MoneroOneWidgets.build/Objects-normal/arm64/MoneroOneWidgets.abi.json (in target 'MoneroOneWidgets' from project 'MoneroOne')
    cd /Users/j/Documents/GitHub/MoneroOne
    builtin-copy -exclude .DS_Store -exclude CVS -exclude .svn -exclude .git -exclude .hg -resolve-src-symlinks -rename /Users/j/Documents/GitHub/MoneroOne/build/Build/Intermediates.noindex/MoneroOne.build/Debug-iphonesimulator/MoneroOneWidgets.build/Objects-normal/arm64/MoneroOneWidgets.abi.json /Users/j/Documents/GitHub/MoneroOne/build/Build/Products/Debug-iphonesimulator/MoneroOneWidgets.swiftmodule/arm64-apple-ios-simulator.abi.json

Copy /Users/j/Documents/GitHub/MoneroOne/build/Build/Products/Debug-iphonesimulator/MoneroOneWidgets.swiftmodule/Project/arm64-apple-ios-simulator.swiftsourceinfo /Users/j/Documents/GitHub/MoneroOne/build/Build/Intermediates.noindex/MoneroOne.build/Debug-iphonesimulator/MoneroOneWidgets.build/Objects-normal/arm64/MoneroOneWidgets.swiftsourceinfo (in target 'MoneroOneWidgets' from project 'MoneroOne')
    cd /Users/j/Documents/GitHub/MoneroOne
    builtin-copy -exclude .DS_Store -exclude CVS -exclude .svn -exclude .git -exclude .hg -resolve-src-symlinks -rename /Users/j/Documents/GitHub/MoneroOne/build/Build/Intermediates.noindex/MoneroOne.build/Debug-iphonesimulator/MoneroOneWidgets.build/Objects-normal/arm64/MoneroOneWidgets.swiftsourceinfo /Users/j/Documents/GitHub/MoneroOne/build/Build/Products/Debug-iphonesimulator/MoneroOneWidgets.swiftmodule/Project/arm64-apple-ios-simulator.swiftsourceinfo

CompileC /Users/j/Documents/GitHub/MoneroOne/build/Build/Intermediates.noindex/swift-nio-ssl.build/Debug-iphonesimulator/CNIOBoringSSL.build/Objects-normal/arm64/t1_enc.o /Users/j/Documents/GitHub/MoneroOne/build/SourcePackages/checkouts/swift-nio-ssl/Sources/CNIOBoringSSL/ssl/t1_enc.cc normal arm64 c++ com.apple.compilers.llvm.clang.1_0.compiler (in target 'CNIOBoringSSL' from project 'swift-nio-ssl')
    cd /Users/j/Documents/GitHub/MoneroOne/MoneroOne.xcodeproj
    
    Using response file: /Users/j/Documents/GitHub/MoneroOne/build/Build/Intermediates.noindex/swift-nio-ssl.build/Debug-iphonesimulator/CNIOBoringSSL.build/Objects-normal/arm64/82b82416624d2658e5098eb0a28c15c5-common-args.resp
    
    /Applications/Xcode.app/Contents/Developer/Toolchains/XcodeDefault.xctoolchain/usr/bin/clang -x c++ -ivfsstatcache /Users/j/Documents/GitHub/MoneroOne/build/SDKStatCaches.noindex/iphonesimulator26.1-23B77-90cf18a4295e390e64c810bc6bd7acbc.sdkstatcache -fmessage-length\=0 -fdiagnostics-show-note-include-stack -fmacro-backtrace-limit\=0 -fno-color-diagnostics -fmodules-prune-interval\=86400 -fmodules-prune-after\=345600 -fbuild-session-file\=/Users/j/Documents/GitHub/MoneroOne/build/ModuleCache.noindex/Session.modulevalidation -fmodules-validate-once-per-build-session -Wnon-modular-include-in-framework-module -Werror\=non-modular-include-in-framework-module -Wno-trigraphs -Wno-missing-field-initializers -Wno-missing-prototypes -Wno-return-type -Wno-non-virtual-dtor -Wno-overloaded-virtual -Wno-exit-time-destructors -Wno-missing-braces -Wparentheses -Wswitch -Wno-unused-function -Wno-unused-label -Wno-unused-parameter -Wno-unused-variable -Wunused-value -Wno-empty-body -Wno-uninitialized -Wno-unknown-pragmas -w -Wno-shadow -Wno-four-char-constants -Wno-conversion -Wno-constant-conversion -Wno-int-conversion -Wno-bool-conversion -Wno-enum-conversion -Wno-float-conversion -Wno-non-literal-null-conversion -Wno-objc-literal-conversion -Wshorten-64-to-32 -Wno-newline-eof -Wno-c++11-extensions -Wno-implicit-fallthrough -fstrict-aliasing -Wdeprecated-declarations -Winvalid-offsetof -Wno-sign-conversion -Wno-infinite-recursion -Wno-move -Wno-comma -Wno-block-capture-autoreleasing -Wno-strict-prototypes -Wno-range-loop-analysis -Wno-semicolon-before-method-body -index-store-path /Users/j/Documents/GitHub/MoneroOne/build/Index.noindex/DataStore @/Users/j/Documents/GitHub/MoneroOne/build/Build/Intermediates.noindex/swift-nio-ssl.build/Debug-iphonesimulator/CNIOBoringSSL.build/Objects-normal/arm64/82b82416624d2658e5098eb0a28c15c5-common-args.resp -MMD -MT dependencies -MF /Users/j/Documents/GitHub/MoneroOne/build/Build/Intermediates.noindex/swift-nio-ssl.build/Debug-iphonesimulator/CNIOBoringSSL.build/Objects-normal/arm64/t1_enc.d --serialize-diagnostics /Users/j/Documents/GitHub/MoneroOne/build/Build/Intermediates.noindex/swift-nio-ssl.build/Debug-iphonesimulator/CNIOBoringSSL.build/Objects-normal/arm64/t1_enc.dia -c /Users/j/Documents/GitHub/MoneroOne/build/SourcePackages/checkouts/swift-nio-ssl/Sources/CNIOBoringSSL/ssl/t1_enc.cc -o /Users/j/Documents/GitHub/MoneroOne/build/Build/Intermediates.noindex/swift-nio-ssl.build/Debug-iphonesimulator/CNIOBoringSSL.build/Objects-normal/arm64/t1_enc.o -index-unit-output-path /swift-nio-ssl.build/Debug-iphonesimulator/CNIOBoringSSL.build/Objects-normal/arm64/t1_enc.o

CompileC /Users/j/Documents/GitHub/MoneroOne/build/Build/Intermediates.noindex/swift-nio-ssl.build/Debug-iphonesimulator/CNIOBoringSSL.build/Objects-normal/arm64/stack.o /Users/j/Documents/GitHub/MoneroOne/build/SourcePackages/checkouts/swift-nio-ssl/Sources/CNIOBoringSSL/crypto/stack/stack.cc normal arm64 c++ com.apple.compilers.llvm.clang.1_0.compiler (in target 'CNIOBoringSSL' from project 'swift-nio-ssl')
    cd /Users/j/Documents/GitHub/MoneroOne/MoneroOne.xcodeproj
    
    Using response file: /Users/j/Documents/GitHub/MoneroOne/build/Build/Intermediates.noindex/swift-nio-ssl.build/Debug-iphonesimulator/CNIOBoringSSL.build/Objects-normal/arm64/82b82416624d2658e5098eb0a28c15c5-common-args.resp
    
    /Applications/Xcode.app/Contents/Developer/Toolchains/XcodeDefault.xctoolchain/usr/bin/clang -x c++ -ivfsstatcache /Users/j/Documents/GitHub/MoneroOne/build/SDKStatCaches.noindex/iphonesimulator26.1-23B77-90cf18a4295e390e64c810bc6bd7acbc.sdkstatcache -fmessage-length\=0 -fdiagnostics-show-note-include-stack -fmacro-backtrace-limit\=0 -fno-color-diagnostics -fmodules-prune-interval\=86400 -fmodules-prune-after\=345600 -fbuild-session-file\=/Users/j/Documents/GitHub/MoneroOne/build/ModuleCache.noindex/Session.modulevalidation -fmodules-validate-once-per-build-session -Wnon-modular-include-in-framework-module -Werror\=non-modular-include-in-framework-module -Wno-trigraphs -Wno-missing-field-initializers -Wno-missing-prototypes -Wno-return-type -Wno-non-virtual-dtor -Wno-overloaded-virtual -Wno-exit-time-destructors -Wno-missing-braces -Wparentheses -Wswitch -Wno-unused-function -Wno-unused-label -Wno-unused-parameter -Wno-unused-variable -Wunused-value -Wno-empty-body -Wno-uninitialized -Wno-unknown-pragmas -w -Wno-shadow -Wno-four-char-constants -Wno-conversion -Wno-constant-conversion -Wno-int-conversion -Wno-bool-conversion -Wno-enum-conversion -Wno-float-conversion -Wno-non-literal-null-conversion -Wno-objc-literal-conversion -Wshorten-64-to-32 -Wno-newline-eof -Wno-c++11-extensions -Wno-implicit-fallthrough -fstrict-aliasing -Wdeprecated-declarations -Winvalid-offsetof -Wno-sign-conversion -Wno-infinite-recursion -Wno-move -Wno-comma -Wno-block-capture-autoreleasing -Wno-strict-prototypes -Wno-range-loop-analysis -Wno-semicolon-before-method-body -index-store-path /Users/j/Documents/GitHub/MoneroOne/build/Index.noindex/DataStore @/Users/j/Documents/GitHub/MoneroOne/build/Build/Intermediates.noindex/swift-nio-ssl.build/Debug-iphonesimulator/CNIOBoringSSL.build/Objects-normal/arm64/82b82416624d2658e5098eb0a28c15c5-common-args.resp -MMD -MT dependencies -MF /Users/j/Documents/GitHub/MoneroOne/build/Build/Intermediates.noindex/swift-nio-ssl.build/Debug-iphonesimulator/CNIOBoringSSL.build/Objects-normal/arm64/stack.d --serialize-diagnostics /Users/j/Documents/GitHub/MoneroOne/build/Build/Intermediates.noindex/swift-nio-ssl.build/Debug-iphonesimulator/CNIOBoringSSL.build/Objects-normal/arm64/stack.dia -c /Users/j/Documents/GitHub/MoneroOne/build/SourcePackages/checkouts/swift-nio-ssl/Sources/CNIOBoringSSL/crypto/stack/stack.cc -o /Users/j/Documents/GitHub/MoneroOne/build/Build/Intermediates.noindex/swift-nio-ssl.build/Debug-iphonesimulator/CNIOBoringSSL.build/Objects-normal/arm64/stack.o -index-unit-output-path /swift-nio-ssl.build/Debug-iphonesimulator/CNIOBoringSSL.build/Objects-normal/arm64/stack.o

CompileC /Users/j/Documents/GitHub/MoneroOne/build/Build/Intermediates.noindex/swift-nio-ssl.build/Debug-iphonesimulator/CNIOBoringSSL.build/Objects-normal/arm64/ssl_x509.o /Users/j/Documents/GitHub/MoneroOne/build/SourcePackages/checkouts/swift-nio-ssl/Sources/CNIOBoringSSL/ssl/ssl_x509.cc normal arm64 c++ com.apple.compilers.llvm.clang.1_0.compiler (in target 'CNIOBoringSSL' from project 'swift-nio-ssl')
    cd /Users/j/Documents/GitHub/MoneroOne/MoneroOne.xcodeproj
    
    Using response file: /Users/j/Documents/GitHub/MoneroOne/build/Build/Intermediates.noindex/swift-nio-ssl.build/Debug-iphonesimulator/CNIOBoringSSL.build/Objects-normal/arm64/82b82416624d2658e5098eb0a28c15c5-common-args.resp
    
    /Applications/Xcode.app/Contents/Developer/Toolchains/XcodeDefault.xctoolchain/usr/bin/clang -x c++ -ivfsstatcache /Users/j/Documents/GitHub/MoneroOne/build/SDKStatCaches.noindex/iphonesimulator26.1-23B77-90cf18a4295e390e64c810bc6bd7acbc.sdkstatcache -fmessage-length\=0 -fdiagnostics-show-note-include-stack -fmacro-backtrace-limit\=0 -fno-color-diagnostics -fmodules-prune-interval\=86400 -fmodules-prune-after\=345600 -fbuild-session-file\=/Users/j/Documents/GitHub/MoneroOne/build/ModuleCache.noindex/Session.modulevalidation -fmodules-validate-once-per-build-session -Wnon-modular-include-in-framework-module -Werror\=non-modular-include-in-framework-module -Wno-trigraphs -Wno-missing-field-initializers -Wno-missing-prototypes -Wno-return-type -Wno-non-virtual-dtor -Wno-overloaded-virtual -Wno-exit-time-destructors -Wno-missing-braces -Wparentheses -Wswitch -Wno-unused-function -Wno-unused-label -Wno-unused-parameter -Wno-unused-variable -Wunused-value -Wno-empty-body -Wno-uninitialized -Wno-unknown-pragmas -w -Wno-shadow -Wno-four-char-constants -Wno-conversion -Wno-constant-conversion -Wno-int-conversion -Wno-bool-conversion -Wno-enum-conversion -Wno-float-conversion -Wno-non-literal-null-conversion -Wno-objc-literal-conversion -Wshorten-64-to-32 -Wno-newline-eof -Wno-c++11-extensions -Wno-implicit-fallthrough -fstrict-aliasing -Wdeprecated-declarations -Winvalid-offsetof -Wno-sign-conversion -Wno-infinite-recursion -Wno-move -Wno-comma -Wno-block-capture-autoreleasing -Wno-strict-prototypes -Wno-range-loop-analysis -Wno-semicolon-before-method-body -index-store-path /Users/j/Documents/GitHub/MoneroOne/build/Index.noindex/DataStore @/Users/j/Documents/GitHub/MoneroOne/build/Build/Intermediates.noindex/swift-nio-ssl.build/Debug-iphonesimulator/CNIOBoringSSL.build/Objects-normal/arm64/82b82416624d2658e5098eb0a28c15c5-common-args.resp -MMD -MT dependencies -MF /Users/j/Documents/GitHub/MoneroOne/build/Build/Intermediates.noindex/swift-nio-ssl.build/Debug-iphonesimulator/CNIOBoringSSL.build/Objects-normal/arm64/ssl_x509.d --serialize-diagnostics /Users/j/Documents/GitHub/MoneroOne/build/Build/Intermediates.noindex/swift-nio-ssl.build/Debug-iphonesimulator/CNIOBoringSSL.build/Objects-normal/arm64/ssl_x509.dia -c /Users/j/Documents/GitHub/MoneroOne/build/SourcePackages/checkouts/swift-nio-ssl/Sources/CNIOBoringSSL/ssl/ssl_x509.cc -o /Users/j/Documents/GitHub/MoneroOne/build/Build/Intermediates.noindex/swift-nio-ssl.build/Debug-iphonesimulator/CNIOBoringSSL.build/Objects-normal/arm64/ssl_x509.o -index-unit-output-path /swift-nio-ssl.build/Debug-iphonesimulator/CNIOBoringSSL.build/Objects-normal/arm64/ssl_x509.o

CompileC /Users/j/Documents/GitHub/MoneroOne/build/Build/Intermediates.noindex/swift-nio-ssl.build/Debug-iphonesimulator/CNIOBoringSSL.build/Objects-normal/arm64/ssl_versions.o /Users/j/Documents/GitHub/MoneroOne/build/SourcePackages/checkouts/swift-nio-ssl/Sources/CNIOBoringSSL/ssl/ssl_versions.cc normal arm64 c++ com.apple.compilers.llvm.clang.1_0.compiler (in target 'CNIOBoringSSL' from project 'swift-nio-ssl')
    cd /Users/j/Documents/GitHub/MoneroOne/MoneroOne.xcodeproj
    
    Using response file: /Users/j/Documents/GitHub/MoneroOne/build/Build/Intermediates.noindex/swift-nio-ssl.build/Debug-iphonesimulator/CNIOBoringSSL.build/Objects-normal/arm64/82b82416624d2658e5098eb0a28c15c5-common-args.resp
    
    /Applications/Xcode.app/Contents/Developer/Toolchains/XcodeDefault.xctoolchain/usr/bin/clang -x c++ -ivfsstatcache /Users/j/Documents/GitHub/MoneroOne/build/SDKStatCaches.noindex/iphonesimulator26.1-23B77-90cf18a4295e390e64c810bc6bd7acbc.sdkstatcache -fmessage-length\=0 -fdiagnostics-show-note-include-stack -fmacro-backtrace-limit\=0 -fno-color-diagnostics -fmodules-prune-interval\=86400 -fmodules-prune-after\=345600 -fbuild-session-file\=/Users/j/Documents/GitHub/MoneroOne/build/ModuleCache.noindex/Session.modulevalidation -fmodules-validate-once-per-build-session -Wnon-modular-include-in-framework-module -Werror\=non-modular-include-in-framework-module -Wno-trigraphs -Wno-missing-field-initializers -Wno-missing-prototypes -Wno-return-type -Wno-non-virtual-dtor -Wno-overloaded-virtual -Wno-exit-time-destructors -Wno-missing-braces -Wparentheses -Wswitch -Wno-unused-function -Wno-unused-label -Wno-unused-parameter -Wno-unused-variable -Wunused-value -Wno-empty-body -Wno-uninitialized -Wno-unknown-pragmas -w -Wno-shadow -Wno-four-char-constants -Wno-conversion -Wno-constant-conversion -Wno-int-conversion -Wno-bool-conversion -Wno-enum-conversion -Wno-float-conversion -Wno-non-literal-null-conversion -Wno-objc-literal-conversion -Wshorten-64-to-32 -Wno-newline-eof -Wno-c++11-extensions -Wno-implicit-fallthrough -fstrict-aliasing -Wdeprecated-declarations -Winvalid-offsetof -Wno-sign-conversion -Wno-infinite-recursion -Wno-move -Wno-comma -Wno-block-capture-autoreleasing -Wno-strict-prototypes -Wno-range-loop-analysis -Wno-semicolon-before-method-body -index-store-path /Users/j/Documents/GitHub/MoneroOne/build/Index.noindex/DataStore @/Users/j/Documents/GitHub/MoneroOne/build/Build/Intermediates.noindex/swift-nio-ssl.build/Debug-iphonesimulator/CNIOBoringSSL.build/Objects-normal/arm64/82b82416624d2658e5098eb0a28c15c5-common-args.resp -MMD -MT dependencies -MF /Users/j/Documents/GitHub/MoneroOne/build/Build/Intermediates.noindex/swift-nio-ssl.build/Debug-iphonesimulator/CNIOBoringSSL.build/Objects-normal/arm64/ssl_versions.d --serialize-diagnostics /Users/j/Documents/GitHub/MoneroOne/build/Build/Intermediates.noindex/swift-nio-ssl.build/Debug-iphonesimulator/CNIOBoringSSL.build/Objects-normal/arm64/ssl_versions.dia -c /Users/j/Documents/GitHub/MoneroOne/build/SourcePackages/checkouts/swift-nio-ssl/Sources/CNIOBoringSSL/ssl/ssl_versions.cc -o /Users/j/Documents/GitHub/MoneroOne/build/Build/Intermediates.noindex/swift-nio-ssl.build/Debug-iphonesimulator/CNIOBoringSSL.build/Objects-normal/arm64/ssl_versions.o -index-unit-output-path /swift-nio-ssl.build/Debug-iphonesimulator/CNIOBoringSSL.build/Objects-normal/arm64/ssl_versions.o

CompileC /Users/j/Documents/GitHub/MoneroOne/build/Build/Intermediates.noindex/swift-nio-ssl.build/Debug-iphonesimulator/CNIOBoringSSL.build/Objects-normal/arm64/ssl_transcript.o /Users/j/Documents/GitHub/MoneroOne/build/SourcePackages/checkouts/swift-nio-ssl/Sources/CNIOBoringSSL/ssl/ssl_transcript.cc normal arm64 c++ com.apple.compilers.llvm.clang.1_0.compiler (in target 'CNIOBoringSSL' from project 'swift-nio-ssl')
    cd /Users/j/Documents/GitHub/MoneroOne/MoneroOne.xcodeproj
    
    Using response file: /Users/j/Documents/GitHub/MoneroOne/build/Build/Intermediates.noindex/swift-nio-ssl.build/Debug-iphonesimulator/CNIOBoringSSL.build/Objects-normal/arm64/82b82416624d2658e5098eb0a28c15c5-common-args.resp
    
    /Applications/Xcode.app/Contents/Developer/Toolchains/XcodeDefault.xctoolchain/usr/bin/clang -x c++ -ivfsstatcache /Users/j/Documents/GitHub/MoneroOne/build/SDKStatCaches.noindex/iphonesimulator26.1-23B77-90cf18a4295e390e64c810bc6bd7acbc.sdkstatcache -fmessage-length\=0 -fdiagnostics-show-note-include-stack -fmacro-backtrace-limit\=0 -fno-color-diagnostics -fmodules-prune-interval\=86400 -fmodules-prune-after\=345600 -fbuild-session-file\=/Users/j/Documents/GitHub/MoneroOne/build/ModuleCache.noindex/Session.modulevalidation -fmodules-validate-once-per-build-session -Wnon-modular-include-in-framework-module -Werror\=non-modular-include-in-framework-module -Wno-trigraphs -Wno-missing-field-initializers -Wno-missing-prototypes -Wno-return-type -Wno-non-virtual-dtor -Wno-overloaded-virtual -Wno-exit-time-destructors -Wno-missing-braces -Wparentheses -Wswitch -Wno-unused-function -Wno-unused-label -Wno-unused-parameter -Wno-unused-variable -Wunused-value -Wno-empty-body -Wno-uninitialized -Wno-unknown-pragmas -w -Wno-shadow -Wno-four-char-constants -Wno-conversion -Wno-constant-conversion -Wno-int-conversion -Wno-bool-conversion -Wno-enum-conversion -Wno-float-conversion -Wno-non-literal-null-conversion -Wno-objc-literal-conversion -Wshorten-64-to-32 -Wno-newline-eof -Wno-c++11-extensions -Wno-implicit-fallthrough -fstrict-aliasing -Wdeprecated-declarations -Winvalid-offsetof -Wno-sign-conversion -Wno-infinite-recursion -Wno-move -Wno-comma -Wno-block-capture-autoreleasing -Wno-strict-prototypes -Wno-range-loop-analysis -Wno-semicolon-before-method-body -index-store-path /Users/j/Documents/GitHub/MoneroOne/build/Index.noindex/DataStore @/Users/j/Documents/GitHub/MoneroOne/build/Build/Intermediates.noindex/swift-nio-ssl.build/Debug-iphonesimulator/CNIOBoringSSL.build/Objects-normal/arm64/82b82416624d2658e5098eb0a28c15c5-common-args.resp -MMD -MT dependencies -MF /Users/j/Documents/GitHub/MoneroOne/build/Build/Intermediates.noindex/swift-nio-ssl.build/Debug-iphonesimulator/CNIOBoringSSL.build/Objects-normal/arm64/ssl_transcript.d --serialize-diagnostics /Users/j/Documents/GitHub/MoneroOne/build/Build/Intermediates.noindex/swift-nio-ssl.build/Debug-iphonesimulator/CNIOBoringSSL.build/Objects-normal/arm64/ssl_transcript.dia -c /Users/j/Documents/GitHub/MoneroOne/build/SourcePackages/checkouts/swift-nio-ssl/Sources/CNIOBoringSSL/ssl/ssl_transcript.cc -o /Users/j/Documents/GitHub/MoneroOne/build/Build/Intermediates.noindex/swift-nio-ssl.build/Debug-iphonesimulator/CNIOBoringSSL.build/Objects-normal/arm64/ssl_transcript.o -index-unit-output-path /swift-nio-ssl.build/Debug-iphonesimulator/CNIOBoringSSL.build/Objects-normal/arm64/ssl_transcript.o

CompileC /Users/j/Documents/GitHub/MoneroOne/build/Build/Intermediates.noindex/swift-nio-ssl.build/Debug-iphonesimulator/CNIOBoringSSL.build/Objects-normal/arm64/ssl_stat.o /Users/j/Documents/GitHub/MoneroOne/build/SourcePackages/checkouts/swift-nio-ssl/Sources/CNIOBoringSSL/ssl/ssl_stat.cc normal arm64 c++ com.apple.compilers.llvm.clang.1_0.compiler (in target 'CNIOBoringSSL' from project 'swift-nio-ssl')
    cd /Users/j/Documents/GitHub/MoneroOne/MoneroOne.xcodeproj
    
    Using response file: /Users/j/Documents/GitHub/MoneroOne/build/Build/Intermediates.noindex/swift-nio-ssl.build/Debug-iphonesimulator/CNIOBoringSSL.build/Objects-normal/arm64/82b82416624d2658e5098eb0a28c15c5-common-args.resp
    
    /Applications/Xcode.app/Contents/Developer/Toolchains/XcodeDefault.xctoolchain/usr/bin/clang -x c++ -ivfsstatcache /Users/j/Documents/GitHub/MoneroOne/build/SDKStatCaches.noindex/iphonesimulator26.1-23B77-90cf18a4295e390e64c810bc6bd7acbc.sdkstatcache -fmessage-length\=0 -fdiagnostics-show-note-include-stack -fmacro-backtrace-limit\=0 -fno-color-diagnostics -fmodules-prune-interval\=86400 -fmodules-prune-after\=345600 -fbuild-session-file\=/Users/j/Documents/GitHub/MoneroOne/build/ModuleCache.noindex/Session.modulevalidation -fmodules-validate-once-per-build-session -Wnon-modular-include-in-framework-module -Werror\=non-modular-include-in-framework-module -Wno-trigraphs -Wno-missing-field-initializers -Wno-missing-prototypes -Wno-return-type -Wno-non-virtual-dtor -Wno-overloaded-virtual -Wno-exit-time-destructors -Wno-missing-braces -Wparentheses -Wswitch -Wno-unused-function -Wno-unused-label -Wno-unused-parameter -Wno-unused-variable -Wunused-value -Wno-empty-body -Wno-uninitialized -Wno-unknown-pragmas -w -Wno-shadow -Wno-four-char-constants -Wno-conversion -Wno-constant-conversion -Wno-int-conversion -Wno-bool-conversion -Wno-enum-conversion -Wno-float-conversion -Wno-non-literal-null-conversion -Wno-objc-literal-conversion -Wshorten-64-to-32 -Wno-newline-eof -Wno-c++11-extensions -Wno-implicit-fallthrough -fstrict-aliasing -Wdeprecated-declarations -Winvalid-offsetof -Wno-sign-conversion -Wno-infinite-recursion -Wno-move -Wno-comma -Wno-block-capture-autoreleasing -Wno-strict-prototypes -Wno-range-loop-analysis -Wno-semicolon-before-method-body -index-store-path /Users/j/Documents/GitHub/MoneroOne/build/Index.noindex/DataStore @/Users/j/Documents/GitHub/MoneroOne/build/Build/Intermediates.noindex/swift-nio-ssl.build/Debug-iphonesimulator/CNIOBoringSSL.build/Objects-normal/arm64/82b82416624d2658e5098eb0a28c15c5-common-args.resp -MMD -MT dependencies -MF /Users/j/Documents/GitHub/MoneroOne/build/Build/Intermediates.noindex/swift-nio-ssl.build/Debug-iphonesimulator/CNIOBoringSSL.build/Objects-normal/arm64/ssl_stat.d --serialize-diagnostics /Users/j/Documents/GitHub/MoneroOne/build/Build/Intermediates.noindex/swift-nio-ssl.build/Debug-iphonesimulator/CNIOBoringSSL.build/Objects-normal/arm64/ssl_stat.dia -c /Users/j/Documents/GitHub/MoneroOne/build/SourcePackages/checkouts/swift-nio-ssl/Sources/CNIOBoringSSL/ssl/ssl_stat.cc -o /Users/j/Documents/GitHub/MoneroOne/build/Build/Intermediates.noindex/swift-nio-ssl.build/Debug-iphonesimulator/CNIOBoringSSL.build/Objects-normal/arm64/ssl_stat.o -index-unit-output-path /swift-nio-ssl.build/Debug-iphonesimulator/CNIOBoringSSL.build/Objects-normal/arm64/ssl_stat.o

CompileC /Users/j/Documents/GitHub/MoneroOne/build/Build/Intermediates.noindex/swift-nio-ssl.build/Debug-iphonesimulator/CNIOBoringSSL.build/Objects-normal/arm64/ssl_session.o /Users/j/Documents/GitHub/MoneroOne/build/SourcePackages/checkouts/swift-nio-ssl/Sources/CNIOBoringSSL/ssl/ssl_session.cc normal arm64 c++ com.apple.compilers.llvm.clang.1_0.compiler (in target 'CNIOBoringSSL' from project 'swift-nio-ssl')
    cd /Users/j/Documents/GitHub/MoneroOne/MoneroOne.xcodeproj
    
    Using response file: /Users/j/Documents/GitHub/MoneroOne/build/Build/Intermediates.noindex/swift-nio-ssl.build/Debug-iphonesimulator/CNIOBoringSSL.build/Objects-normal/arm64/82b82416624d2658e5098eb0a28c15c5-common-args.resp
    
    /Applications/Xcode.app/Contents/Developer/Toolchains/XcodeDefault.xctoolchain/usr/bin/clang -x c++ -ivfsstatcache /Users/j/Documents/GitHub/MoneroOne/build/SDKStatCaches.noindex/iphonesimulator26.1-23B77-90cf18a4295e390e64c810bc6bd7acbc.sdkstatcache -fmessage-length\=0 -fdiagnostics-show-note-include-stack -fmacro-backtrace-limit\=0 -fno-color-diagnostics -fmodules-prune-interval\=86400 -fmodules-prune-after\=345600 -fbuild-session-file\=/Users/j/Documents/GitHub/MoneroOne/build/ModuleCache.noindex/Session.modulevalidation -fmodules-validate-once-per-build-session -Wnon-modular-include-in-framework-module -Werror\=non-modular-include-in-framework-module -Wno-trigraphs -Wno-missing-field-initializers -Wno-missing-prototypes -Wno-return-type -Wno-non-virtual-dtor -Wno-overloaded-virtual -Wno-exit-time-destructors -Wno-missing-braces -Wparentheses -Wswitch -Wno-unused-function -Wno-unused-label -Wno-unused-parameter -Wno-unused-variable -Wunused-value -Wno-empty-body -Wno-uninitialized -Wno-unknown-pragmas -w -Wno-shadow -Wno-four-char-constants -Wno-conversion -Wno-constant-conversion -Wno-int-conversion -Wno-bool-conversion -Wno-enum-conversion -Wno-float-conversion -Wno-non-literal-null-conversion -Wno-objc-literal-conversion -Wshorten-64-to-32 -Wno-newline-eof -Wno-c++11-extensions -Wno-implicit-fallthrough -fstrict-aliasing -Wdeprecated-declarations -Winvalid-offsetof -Wno-sign-conversion -Wno-infinite-recursion -Wno-move -Wno-comma -Wno-block-capture-autoreleasing -Wno-strict-prototypes -Wno-range-loop-analysis -Wno-semicolon-before-method-body -index-store-path /Users/j/Documents/GitHub/MoneroOne/build/Index.noindex/DataStore @/Users/j/Documents/GitHub/MoneroOne/build/Build/Intermediates.noindex/swift-nio-ssl.build/Debug-iphonesimulator/CNIOBoringSSL.build/Objects-normal/arm64/82b82416624d2658e5098eb0a28c15c5-common-args.resp -MMD -MT dependencies -MF /Users/j/Documents/GitHub/MoneroOne/build/Build/Intermediates.noindex/swift-nio-ssl.build/Debug-iphonesimulator/CNIOBoringSSL.build/Objects-normal/arm64/ssl_session.d --serialize-diagnostics /Users/j/Documents/GitHub/MoneroOne/build/Build/Intermediates.noindex/swift-nio-ssl.build/Debug-iphonesimulator/CNIOBoringSSL.build/Objects-normal/arm64/ssl_session.dia -c /Users/j/Documents/GitHub/MoneroOne/build/SourcePackages/checkouts/swift-nio-ssl/Sources/CNIOBoringSSL/ssl/ssl_session.cc -o /Users/j/Documents/GitHub/MoneroOne/build/Build/Intermediates.noindex/swift-nio-ssl.build/Debug-iphonesimulator/CNIOBoringSSL.build/Objects-normal/arm64/ssl_session.o -index-unit-output-path /swift-nio-ssl.build/Debug-iphonesimulator/CNIOBoringSSL.build/Objects-normal/arm64/ssl_session.o

CompileC /Users/j/Documents/GitHub/MoneroOne/build/Build/Intermediates.noindex/swift-nio-ssl.build/Debug-iphonesimulator/CNIOBoringSSL.build/Objects-normal/arm64/ssl_privkey.o /Users/j/Documents/GitHub/MoneroOne/build/SourcePackages/checkouts/swift-nio-ssl/Sources/CNIOBoringSSL/ssl/ssl_privkey.cc normal arm64 c++ com.apple.compilers.llvm.clang.1_0.compiler (in target 'CNIOBoringSSL' from project 'swift-nio-ssl')
    cd /Users/j/Documents/GitHub/MoneroOne/MoneroOne.xcodeproj
    
    Using response file: /Users/j/Documents/GitHub/MoneroOne/build/Build/Intermediates.noindex/swift-nio-ssl.build/Debug-iphonesimulator/CNIOBoringSSL.build/Objects-normal/arm64/82b82416624d2658e5098eb0a28c15c5-common-args.resp
    
    /Applications/Xcode.app/Contents/Developer/Toolchains/XcodeDefault.xctoolchain/usr/bin/clang -x c++ -ivfsstatcache /Users/j/Documents/GitHub/MoneroOne/build/SDKStatCaches.noindex/iphonesimulator26.1-23B77-90cf18a4295e390e64c810bc6bd7acbc.sdkstatcache -fmessage-length\=0 -fdiagnostics-show-note-include-stack -fmacro-backtrace-limit\=0 -fno-color-diagnostics -fmodules-prune-interval\=86400 -fmodules-prune-after\=345600 -fbuild-session-file\=/Users/j/Documents/GitHub/MoneroOne/build/ModuleCache.noindex/Session.modulevalidation -fmodules-validate-once-per-build-session -Wnon-modular-include-in-framework-module -Werror\=non-modular-include-in-framework-module -Wno-trigraphs -Wno-missing-field-initializers -Wno-missing-prototypes -Wno-return-type -Wno-non-virtual-dtor -Wno-overloaded-virtual -Wno-exit-time-destructors -Wno-missing-braces -Wparentheses -Wswitch -Wno-unused-function -Wno-unused-label -Wno-unused-parameter -Wno-unused-variable -Wunused-value -Wno-empty-body -Wno-uninitialized -Wno-unknown-pragmas -w -Wno-shadow -Wno-four-char-constants -Wno-conversion -Wno-constant-conversion -Wno-int-conversion -Wno-bool-conversion -Wno-enum-conversion -Wno-float-conversion -Wno-non-literal-null-conversion -Wno-objc-literal-conversion -Wshorten-64-to-32 -Wno-newline-eof -Wno-c++11-extensions -Wno-implicit-fallthrough -fstrict-aliasing -Wdeprecated-declarations -Winvalid-offsetof -Wno-sign-conversion -Wno-infinite-recursion -Wno-move -Wno-comma -Wno-block-capture-autoreleasing -Wno-strict-prototypes -Wno-range-loop-analysis -Wno-semicolon-before-method-body -index-store-path /Users/j/Documents/GitHub/MoneroOne/build/Index.noindex/DataStore @/Users/j/Documents/GitHub/MoneroOne/build/Build/Intermediates.noindex/swift-nio-ssl.build/Debug-iphonesimulator/CNIOBoringSSL.build/Objects-normal/arm64/82b82416624d2658e5098eb0a28c15c5-common-args.resp -MMD -MT dependencies -MF /Users/j/Documents/GitHub/MoneroOne/build/Build/Intermediates.noindex/swift-nio-ssl.build/Debug-iphonesimulator/CNIOBoringSSL.build/Objects-normal/arm64/ssl_privkey.d --serialize-diagnostics /Users/j/Documents/GitHub/MoneroOne/build/Build/Intermediates.noindex/swift-nio-ssl.build/Debug-iphonesimulator/CNIOBoringSSL.build/Objects-normal/arm64/ssl_privkey.dia -c /Users/j/Documents/GitHub/MoneroOne/build/SourcePackages/checkouts/swift-nio-ssl/Sources/CNIOBoringSSL/ssl/ssl_privkey.cc -o /Users/j/Documents/GitHub/MoneroOne/build/Build/Intermediates.noindex/swift-nio-ssl.build/Debug-iphonesimulator/CNIOBoringSSL.build/Objects-normal/arm64/ssl_privkey.o -index-unit-output-path /swift-nio-ssl.build/Debug-iphonesimulator/CNIOBoringSSL.build/Objects-normal/arm64/ssl_privkey.o

CompileC /Users/j/Documents/GitHub/MoneroOne/build/Build/Intermediates.noindex/swift-nio-ssl.build/Debug-iphonesimulator/CNIOBoringSSL.build/Objects-normal/arm64/ssl_lib.o /Users/j/Documents/GitHub/MoneroOne/build/SourcePackages/checkouts/swift-nio-ssl/Sources/CNIOBoringSSL/ssl/ssl_lib.cc normal arm64 c++ com.apple.compilers.llvm.clang.1_0.compiler (in target 'CNIOBoringSSL' from project 'swift-nio-ssl')
    cd /Users/j/Documents/GitHub/MoneroOne/MoneroOne.xcodeproj
    
    Using response file: /Users/j/Documents/GitHub/MoneroOne/build/Build/Intermediates.noindex/swift-nio-ssl.build/Debug-iphonesimulator/CNIOBoringSSL.build/Objects-normal/arm64/82b82416624d2658e5098eb0a28c15c5-common-args.resp
    
    /Applications/Xcode.app/Contents/Developer/Toolchains/XcodeDefault.xctoolchain/usr/bin/clang -x c++ -ivfsstatcache /Users/j/Documents/GitHub/MoneroOne/build/SDKStatCaches.noindex/iphonesimulator26.1-23B77-90cf18a4295e390e64c810bc6bd7acbc.sdkstatcache -fmessage-length\=0 -fdiagnostics-show-note-include-stack -fmacro-backtrace-limit\=0 -fno-color-diagnostics -fmodules-prune-interval\=86400 -fmodules-prune-after\=345600 -fbuild-session-file\=/Users/j/Documents/GitHub/MoneroOne/build/ModuleCache.noindex/Session.modulevalidation -fmodules-validate-once-per-build-session -Wnon-modular-include-in-framework-module -Werror\=non-modular-include-in-framework-module -Wno-trigraphs -Wno-missing-field-initializers -Wno-missing-prototypes -Wno-return-type -Wno-non-virtual-dtor -Wno-overloaded-virtual -Wno-exit-time-destructors -Wno-missing-braces -Wparentheses -Wswitch -Wno-unused-function -Wno-unused-label -Wno-unused-parameter -Wno-unused-variable -Wunused-value -Wno-empty-body -Wno-uninitialized -Wno-unknown-pragmas -w -Wno-shadow -Wno-four-char-constants -Wno-conversion -Wno-constant-conversion -Wno-int-conversion -Wno-bool-conversion -Wno-enum-conversion -Wno-float-conversion -Wno-non-literal-null-conversion -Wno-objc-literal-conversion -Wshorten-64-to-32 -Wno-newline-eof -Wno-c++11-extensions -Wno-implicit-fallthrough -fstrict-aliasing -Wdeprecated-declarations -Winvalid-offsetof -Wno-sign-conversion -Wno-infinite-recursion -Wno-move -Wno-comma -Wno-block-capture-autoreleasing -Wno-strict-prototypes -Wno-range-loop-analysis -Wno-semicolon-before-method-body -index-store-path /Users/j/Documents/GitHub/MoneroOne/build/Index.noindex/DataStore @/Users/j/Documents/GitHub/MoneroOne/build/Build/Intermediates.noindex/swift-nio-ssl.build/Debug-iphonesimulator/CNIOBoringSSL.build/Objects-normal/arm64/82b82416624d2658e5098eb0a28c15c5-common-args.resp -MMD -MT dependencies -MF /Users/j/Documents/GitHub/MoneroOne/build/Build/Intermediates.noindex/swift-nio-ssl.build/Debug-iphonesimulator/CNIOBoringSSL.build/Objects-normal/arm64/ssl_lib.d --serialize-diagnostics /Users/j/Documents/GitHub/MoneroOne/build/Build/Intermediates.noindex/swift-nio-ssl.build/Debug-iphonesimulator/CNIOBoringSSL.build/Objects-normal/arm64/ssl_lib.dia -c /Users/j/Documents/GitHub/MoneroOne/build/SourcePackages/checkouts/swift-nio-ssl/Sources/CNIOBoringSSL/ssl/ssl_lib.cc -o /Users/j/Documents/GitHub/MoneroOne/build/Build/Intermediates.noindex/swift-nio-ssl.build/Debug-iphonesimulator/CNIOBoringSSL.build/Objects-normal/arm64/ssl_lib.o -index-unit-output-path /swift-nio-ssl.build/Debug-iphonesimulator/CNIOBoringSSL.build/Objects-normal/arm64/ssl_lib.o

CompileC /Users/j/Documents/GitHub/MoneroOne/build/Build/Intermediates.noindex/swift-nio-ssl.build/Debug-iphonesimulator/CNIOBoringSSL.build/Objects-normal/arm64/ssl_key_share.o /Users/j/Documents/GitHub/MoneroOne/build/SourcePackages/checkouts/swift-nio-ssl/Sources/CNIOBoringSSL/ssl/ssl_key_share.cc normal arm64 c++ com.apple.compilers.llvm.clang.1_0.compiler (in target 'CNIOBoringSSL' from project 'swift-nio-ssl')
    cd /Users/j/Documents/GitHub/MoneroOne/MoneroOne.xcodeproj
    
    Using response file: /Users/j/Documents/GitHub/MoneroOne/build/Build/Intermediates.noindex/swift-nio-ssl.build/Debug-iphonesimulator/CNIOBoringSSL.build/Objects-normal/arm64/82b82416624d2658e5098eb0a28c15c5-common-args.resp
    
    /Applications/Xcode.app/Contents/Developer/Toolchains/XcodeDefault.xctoolchain/usr/bin/clang -x c++ -ivfsstatcache /Users/j/Documents/GitHub/MoneroOne/build/SDKStatCaches.noindex/iphonesimulator26.1-23B77-90cf18a4295e390e64c810bc6bd7acbc.sdkstatcache -fmessage-length\=0 -fdiagnostics-show-note-include-stack -fmacro-backtrace-limit\=0 -fno-color-diagnostics -fmodules-prune-interval\=86400 -fmodules-prune-after\=345600 -fbuild-session-file\=/Users/j/Documents/GitHub/MoneroOne/build/ModuleCache.noindex/Session.modulevalidation -fmodules-validate-once-per-build-session -Wnon-modular-include-in-framework-module -Werror\=non-modular-include-in-framework-module -Wno-trigraphs -Wno-missing-field-initializers -Wno-missing-prototypes -Wno-return-type -Wno-non-virtual-dtor -Wno-overloaded-virtual -Wno-exit-time-destructors -Wno-missing-braces -Wparentheses -Wswitch -Wno-unused-function -Wno-unused-label -Wno-unused-parameter -Wno-unused-variable -Wunused-value -Wno-empty-body -Wno-uninitialized -Wno-unknown-pragmas -w -Wno-shadow -Wno-four-char-constants -Wno-conversion -Wno-constant-conversion -Wno-int-conversion -Wno-bool-conversion -Wno-enum-conversion -Wno-float-conversion -Wno-non-literal-null-conversion -Wno-objc-literal-conversion -Wshorten-64-to-32 -Wno-newline-eof -Wno-c++11-extensions -Wno-implicit-fallthrough -fstrict-aliasing -Wdeprecated-declarations -Winvalid-offsetof -Wno-sign-conversion -Wno-infinite-recursion -Wno-move -Wno-comma -Wno-block-capture-autoreleasing -Wno-strict-prototypes -Wno-range-loop-analysis -Wno-semicolon-before-method-body -index-store-path /Users/j/Documents/GitHub/MoneroOne/build/Index.noindex/DataStore @/Users/j/Documents/GitHub/MoneroOne/build/Build/Intermediates.noindex/swift-nio-ssl.build/Debug-iphonesimulator/CNIOBoringSSL.build/Objects-normal/arm64/82b82416624d2658e5098eb0a28c15c5-common-args.resp -MMD -MT dependencies -MF /Users/j/Documents/GitHub/MoneroOne/build/Build/Intermediates.noindex/swift-nio-ssl.build/Debug-iphonesimulator/CNIOBoringSSL.build/Objects-normal/arm64/ssl_key_share.d --serialize-diagnostics /Users/j/Documents/GitHub/MoneroOne/build/Build/Intermediates.noindex/swift-nio-ssl.build/Debug-iphonesimulator/CNIOBoringSSL.build/Objects-normal/arm64/ssl_key_share.dia -c /Users/j/Documents/GitHub/MoneroOne/build/SourcePackages/checkouts/swift-nio-ssl/Sources/CNIOBoringSSL/ssl/ssl_key_share.cc -o /Users/j/Documents/GitHub/MoneroOne/build/Build/Intermediates.noindex/swift-nio-ssl.build/Debug-iphonesimulator/CNIOBoringSSL.build/Objects-normal/arm64/ssl_key_share.o -index-unit-output-path /swift-nio-ssl.build/Debug-iphonesimulator/CNIOBoringSSL.build/Objects-normal/arm64/ssl_key_share.o

CompileC /Users/j/Documents/GitHub/MoneroOne/build/Build/Intermediates.noindex/swift-nio-ssl.build/Debug-iphonesimulator/CNIOBoringSSL.build/Objects-normal/arm64/ssl_file.o /Users/j/Documents/GitHub/MoneroOne/build/SourcePackages/checkouts/swift-nio-ssl/Sources/CNIOBoringSSL/ssl/ssl_file.cc normal arm64 c++ com.apple.compilers.llvm.clang.1_0.compiler (in target 'CNIOBoringSSL' from project 'swift-nio-ssl')
    cd /Users/j/Documents/GitHub/MoneroOne/MoneroOne.xcodeproj
    
    Using response file: /Users/j/Documents/GitHub/MoneroOne/build/Build/Intermediates.noindex/swift-nio-ssl.build/Debug-iphonesimulator/CNIOBoringSSL.build/Objects-normal/arm64/82b82416624d2658e5098eb0a28c15c5-common-args.resp
    
    /Applications/Xcode.app/Contents/Developer/Toolchains/XcodeDefault.xctoolchain/usr/bin/clang -x c++ -ivfsstatcache /Users/j/Documents/GitHub/MoneroOne/build/SDKStatCaches.noindex/iphonesimulator26.1-23B77-90cf18a4295e390e64c810bc6bd7acbc.sdkstatcache -fmessage-length\=0 -fdiagnostics-show-note-include-stack -fmacro-backtrace-limit\=0 -fno-color-diagnostics -fmodules-prune-interval\=86400 -fmodules-prune-after\=345600 -fbuild-session-file\=/Users/j/Documents/GitHub/MoneroOne/build/ModuleCache.noindex/Session.modulevalidation -fmodules-validate-once-per-build-session -Wnon-modular-include-in-framework-module -Werror\=non-modular-include-in-framework-module -Wno-trigraphs -Wno-missing-field-initializers -Wno-missing-prototypes -Wno-return-type -Wno-non-virtual-dtor -Wno-overloaded-virtual -Wno-exit-time-destructors -Wno-missing-braces -Wparentheses -Wswitch -Wno-unused-function -Wno-unused-label -Wno-unused-parameter -Wno-unused-variable -Wunused-value -Wno-empty-body -Wno-uninitialized -Wno-unknown-pragmas -w -Wno-shadow -Wno-four-char-constants -Wno-conversion -Wno-constant-conversion -Wno-int-conversion -Wno-bool-conversion -Wno-enum-conversion -Wno-float-conversion -Wno-non-literal-null-conversion -Wno-objc-literal-conversion -Wshorten-64-to-32 -Wno-newline-eof -Wno-c++11-extensions -Wno-implicit-fallthrough -fstrict-aliasing -Wdeprecated-declarations -Winvalid-offsetof -Wno-sign-conversion -Wno-infinite-recursion -Wno-move -Wno-comma -Wno-block-capture-autoreleasing -Wno-strict-prototypes -Wno-range-loop-analysis -Wno-semicolon-before-method-body -index-store-path /Users/j/Documents/GitHub/MoneroOne/build/Index.noindex/DataStore @/Users/j/Documents/GitHub/MoneroOne/build/Build/Intermediates.noindex/swift-nio-ssl.build/Debug-iphonesimulator/CNIOBoringSSL.build/Objects-normal/arm64/82b82416624d2658e5098eb0a28c15c5-common-args.resp -MMD -MT dependencies -MF /Users/j/Documents/GitHub/MoneroOne/build/Build/Intermediates.noindex/swift-nio-ssl.build/Debug-iphonesimulator/CNIOBoringSSL.build/Objects-normal/arm64/ssl_file.d --serialize-diagnostics /Users/j/Documents/GitHub/MoneroOne/build/Build/Intermediates.noindex/swift-nio-ssl.build/Debug-iphonesimulator/CNIOBoringSSL.build/Objects-normal/arm64/ssl_file.dia -c /Users/j/Documents/GitHub/MoneroOne/build/SourcePackages/checkouts/swift-nio-ssl/Sources/CNIOBoringSSL/ssl/ssl_file.cc -o /Users/j/Documents/GitHub/MoneroOne/build/Build/Intermediates.noindex/swift-nio-ssl.build/Debug-iphonesimulator/CNIOBoringSSL.build/Objects-normal/arm64/ssl_file.o -index-unit-output-path /swift-nio-ssl.build/Debug-iphonesimulator/CNIOBoringSSL.build/Objects-normal/arm64/ssl_file.o

CompileC /Users/j/Documents/GitHub/MoneroOne/build/Build/Intermediates.noindex/swift-nio-ssl.build/Debug-iphonesimulator/CNIOBoringSSL.build/Objects-normal/arm64/ssl_credential.o /Users/j/Documents/GitHub/MoneroOne/build/SourcePackages/checkouts/swift-nio-ssl/Sources/CNIOBoringSSL/ssl/ssl_credential.cc normal arm64 c++ com.apple.compilers.llvm.clang.1_0.compiler (in target 'CNIOBoringSSL' from project 'swift-nio-ssl')
    cd /Users/j/Documents/GitHub/MoneroOne/MoneroOne.xcodeproj
    
    Using response file: /Users/j/Documents/GitHub/MoneroOne/build/Build/Intermediates.noindex/swift-nio-ssl.build/Debug-iphonesimulator/CNIOBoringSSL.build/Objects-normal/arm64/82b82416624d2658e5098eb0a28c15c5-common-args.resp
    
    /Applications/Xcode.app/Contents/Developer/Toolchains/XcodeDefault.xctoolchain/usr/bin/clang -x c++ -ivfsstatcache /Users/j/Documents/GitHub/MoneroOne/build/SDKStatCaches.noindex/iphonesimulator26.1-23B77-90cf18a4295e390e64c810bc6bd7acbc.sdkstatcache -fmessage-length\=0 -fdiagnostics-show-note-include-stack -fmacro-backtrace-limit\=0 -fno-color-diagnostics -fmodules-prune-interval\=86400 -fmodules-prune-after\=345600 -fbuild-session-file\=/Users/j/Documents/GitHub/MoneroOne/build/ModuleCache.noindex/Session.modulevalidation -fmodules-validate-once-per-build-session -Wnon-modular-include-in-framework-module -Werror\=non-modular-include-in-framework-module -Wno-trigraphs -Wno-missing-field-initializers -Wno-missing-prototypes -Wno-return-type -Wno-non-virtual-dtor -Wno-overloaded-virtual -Wno-exit-time-destructors -Wno-missing-braces -Wparentheses -Wswitch -Wno-unused-function -Wno-unused-label -Wno-unused-parameter -Wno-unused-variable -Wunused-value -Wno-empty-body -Wno-uninitialized -Wno-unknown-pragmas -w -Wno-shadow -Wno-four-char-constants -Wno-conversion -Wno-constant-conversion -Wno-int-conversion -Wno-bool-conversion -Wno-enum-conversion -Wno-float-conversion -Wno-non-literal-null-conversion -Wno-objc-literal-conversion -Wshorten-64-to-32 -Wno-newline-eof -Wno-c++11-extensions -Wno-implicit-fallthrough -fstrict-aliasing -Wdeprecated-declarations -Winvalid-offsetof -Wno-sign-conversion -Wno-infinite-recursion -Wno-move -Wno-comma -Wno-block-capture-autoreleasing -Wno-strict-prototypes -Wno-range-loop-analysis -Wno-semicolon-before-method-body -index-store-path /Users/j/Documents/GitHub/MoneroOne/build/Index.noindex/DataStore @/Users/j/Documents/GitHub/MoneroOne/build/Build/Intermediates.noindex/swift-nio-ssl.build/Debug-iphonesimulator/CNIOBoringSSL.build/Objects-normal/arm64/82b82416624d2658e5098eb0a28c15c5-common-args.resp -MMD -MT dependencies -MF /Users/j/Documents/GitHub/MoneroOne/build/Build/Intermediates.noindex/swift-nio-ssl.build/Debug-iphonesimulator/CNIOBoringSSL.build/Objects-normal/arm64/ssl_credential.d --serialize-diagnostics /Users/j/Documents/GitHub/MoneroOne/build/Build/Intermediates.noindex/swift-nio-ssl.build/Debug-iphonesimulator/CNIOBoringSSL.build/Objects-normal/arm64/ssl_credential.dia -c /Users/j/Documents/GitHub/MoneroOne/build/SourcePackages/checkouts/swift-nio-ssl/Sources/CNIOBoringSSL/ssl/ssl_credential.cc -o /Users/j/Documents/GitHub/MoneroOne/build/Build/Intermediates.noindex/swift-nio-ssl.build/Debug-iphonesimulator/CNIOBoringSSL.build/Objects-normal/arm64/ssl_credential.o -index-unit-output-path /swift-nio-ssl.build/Debug-iphonesimulator/CNIOBoringSSL.build/Objects-normal/arm64/ssl_credential.o

CompileC /Users/j/Documents/GitHub/MoneroOne/build/Build/Intermediates.noindex/swift-nio-ssl.build/Debug-iphonesimulator/CNIOBoringSSL.build/Objects-normal/arm64/ssl_cipher.o /Users/j/Documents/GitHub/MoneroOne/build/SourcePackages/checkouts/swift-nio-ssl/Sources/CNIOBoringSSL/ssl/ssl_cipher.cc normal arm64 c++ com.apple.compilers.llvm.clang.1_0.compiler (in target 'CNIOBoringSSL' from project 'swift-nio-ssl')
    cd /Users/j/Documents/GitHub/MoneroOne/MoneroOne.xcodeproj
    
    Using response file: /Users/j/Documents/GitHub/MoneroOne/build/Build/Intermediates.noindex/swift-nio-ssl.build/Debug-iphonesimulator/CNIOBoringSSL.build/Objects-normal/arm64/82b82416624d2658e5098eb0a28c15c5-common-args.resp
    
    /Applications/Xcode.app/Contents/Developer/Toolchains/XcodeDefault.xctoolchain/usr/bin/clang -x c++ -ivfsstatcache /Users/j/Documents/GitHub/MoneroOne/build/SDKStatCaches.noindex/iphonesimulator26.1-23B77-90cf18a4295e390e64c810bc6bd7acbc.sdkstatcache -fmessage-length\=0 -fdiagnostics-show-note-include-stack -fmacro-backtrace-limit\=0 -fno-color-diagnostics -fmodules-prune-interval\=86400 -fmodules-prune-after\=345600 -fbuild-session-file\=/Users/j/Documents/GitHub/MoneroOne/build/ModuleCache.noindex/Session.modulevalidation -fmodules-validate-once-per-build-session -Wnon-modular-include-in-framework-module -Werror\=non-modular-include-in-framework-module -Wno-trigraphs -Wno-missing-field-initializers -Wno-missing-prototypes -Wno-return-type -Wno-non-virtual-dtor -Wno-overloaded-virtual -Wno-exit-time-destructors -Wno-missing-braces -Wparentheses -Wswitch -Wno-unused-function -Wno-unused-label -Wno-unused-parameter -Wno-unused-variable -Wunused-value -Wno-empty-body -Wno-uninitialized -Wno-unknown-pragmas -w -Wno-shadow -Wno-four-char-constants -Wno-conversion -Wno-constant-conversion -Wno-int-conversion -Wno-bool-conversion -Wno-enum-conversion -Wno-float-conversion -Wno-non-literal-null-conversion -Wno-objc-literal-conversion -Wshorten-64-to-32 -Wno-newline-eof -Wno-c++11-extensions -Wno-implicit-fallthrough -fstrict-aliasing -Wdeprecated-declarations -Winvalid-offsetof -Wno-sign-conversion -Wno-infinite-recursion -Wno-move -Wno-comma -Wno-block-capture-autoreleasing -Wno-strict-prototypes -Wno-range-loop-analysis -Wno-semicolon-before-method-body -index-store-path /Users/j/Documents/GitHub/MoneroOne/build/Index.noindex/DataStore @/Users/j/Documents/GitHub/MoneroOne/build/Build/Intermediates.noindex/swift-nio-ssl.build/Debug-iphonesimulator/CNIOBoringSSL.build/Objects-normal/arm64/82b82416624d2658e5098eb0a28c15c5-common-args.resp -MMD -MT dependencies -MF /Users/j/Documents/GitHub/MoneroOne/build/Build/Intermediates.noindex/swift-nio-ssl.build/Debug-iphonesimulator/CNIOBoringSSL.build/Objects-normal/arm64/ssl_cipher.d --serialize-diagnostics /Users/j/Documents/GitHub/MoneroOne/build/Build/Intermediates.noindex/swift-nio-ssl.build/Debug-iphonesimulator/CNIOBoringSSL.build/Objects-normal/arm64/ssl_cipher.dia -c /Users/j/Documents/GitHub/MoneroOne/build/SourcePackages/checkouts/swift-nio-ssl/Sources/CNIOBoringSSL/ssl/ssl_cipher.cc -o /Users/j/Documents/GitHub/MoneroOne/build/Build/Intermediates.noindex/swift-nio-ssl.build/Debug-iphonesimulator/CNIOBoringSSL.build/Objects-normal/arm64/ssl_cipher.o -index-unit-output-path /swift-nio-ssl.build/Debug-iphonesimulator/CNIOBoringSSL.build/Objects-normal/arm64/ssl_cipher.o

CompileC /Users/j/Documents/GitHub/MoneroOne/build/Build/Intermediates.noindex/swift-nio-ssl.build/Debug-iphonesimulator/CNIOBoringSSL.build/Objects-normal/arm64/ssl_cert.o /Users/j/Documents/GitHub/MoneroOne/build/SourcePackages/checkouts/swift-nio-ssl/Sources/CNIOBoringSSL/ssl/ssl_cert.cc normal arm64 c++ com.apple.compilers.llvm.clang.1_0.compiler (in target 'CNIOBoringSSL' from project 'swift-nio-ssl')
    cd /Users/j/Documents/GitHub/MoneroOne/MoneroOne.xcodeproj
    
    Using response file: /Users/j/Documents/GitHub/MoneroOne/build/Build/Intermediates.noindex/swift-nio-ssl.build/Debug-iphonesimulator/CNIOBoringSSL.build/Objects-normal/arm64/82b82416624d2658e5098eb0a28c15c5-common-args.resp
    
    /Applications/Xcode.app/Contents/Developer/Toolchains/XcodeDefault.xctoolchain/usr/bin/clang -x c++ -ivfsstatcache /Users/j/Documents/GitHub/MoneroOne/build/SDKStatCaches.noindex/iphonesimulator26.1-23B77-90cf18a4295e390e64c810bc6bd7acbc.sdkstatcache -fmessage-length\=0 -fdiagnostics-show-note-include-stack -fmacro-backtrace-limit\=0 -fno-color-diagnostics -fmodules-prune-interval\=86400 -fmodules-prune-after\=345600 -fbuild-session-file\=/Users/j/Documents/GitHub/MoneroOne/build/ModuleCache.noindex/Session.modulevalidation -fmodules-validate-once-per-build-session -Wnon-modular-include-in-framework-module -Werror\=non-modular-include-in-framework-module -Wno-trigraphs -Wno-missing-field-initializers -Wno-missing-prototypes -Wno-return-type -Wno-non-virtual-dtor -Wno-overloaded-virtual -Wno-exit-time-destructors -Wno-missing-braces -Wparentheses -Wswitch -Wno-unused-function -Wno-unused-label -Wno-unused-parameter -Wno-unused-variable -Wunused-value -Wno-empty-body -Wno-uninitialized -Wno-unknown-pragmas -w -Wno-shadow -Wno-four-char-constants -Wno-conversion -Wno-constant-conversion -Wno-int-conversion -Wno-bool-conversion -Wno-enum-conversion -Wno-float-conversion -Wno-non-literal-null-conversion -Wno-objc-literal-conversion -Wshorten-64-to-32 -Wno-newline-eof -Wno-c++11-extensions -Wno-implicit-fallthrough -fstrict-aliasing -Wdeprecated-declarations -Winvalid-offsetof -Wno-sign-conversion -Wno-infinite-recursion -Wno-move -Wno-comma -Wno-block-capture-autoreleasing -Wno-strict-prototypes -Wno-range-loop-analysis -Wno-semicolon-before-method-body -index-store-path /Users/j/Documents/GitHub/MoneroOne/build/Index.noindex/DataStore @/Users/j/Documents/GitHub/MoneroOne/build/Build/Intermediates.noindex/swift-nio-ssl.build/Debug-iphonesimulator/CNIOBoringSSL.build/Objects-normal/arm64/82b82416624d2658e5098eb0a28c15c5-common-args.resp -MMD -MT dependencies -MF /Users/j/Documents/GitHub/MoneroOne/build/Build/Intermediates.noindex/swift-nio-ssl.build/Debug-iphonesimulator/CNIOBoringSSL.build/Objects-normal/arm64/ssl_cert.d --serialize-diagnostics /Users/j/Documents/GitHub/MoneroOne/build/Build/Intermediates.noindex/swift-nio-ssl.build/Debug-iphonesimulator/CNIOBoringSSL.build/Objects-normal/arm64/ssl_cert.dia -c /Users/j/Documents/GitHub/MoneroOne/build/SourcePackages/checkouts/swift-nio-ssl/Sources/CNIOBoringSSL/ssl/ssl_cert.cc -o /Users/j/Documents/GitHub/MoneroOne/build/Build/Intermediates.noindex/swift-nio-ssl.build/Debug-iphonesimulator/CNIOBoringSSL.build/Objects-normal/arm64/ssl_cert.o -index-unit-output-path /swift-nio-ssl.build/Debug-iphonesimulator/CNIOBoringSSL.build/Objects-normal/arm64/ssl_cert.o

CompileC /Users/j/Documents/GitHub/MoneroOne/build/Build/Intermediates.noindex/swift-nio-ssl.build/Debug-iphonesimulator/CNIOBoringSSL.build/Objects-normal/arm64/ssl_buffer.o /Users/j/Documents/GitHub/MoneroOne/build/SourcePackages/checkouts/swift-nio-ssl/Sources/CNIOBoringSSL/ssl/ssl_buffer.cc normal arm64 c++ com.apple.compilers.llvm.clang.1_0.compiler (in target 'CNIOBoringSSL' from project 'swift-nio-ssl')
    cd /Users/j/Documents/GitHub/MoneroOne/MoneroOne.xcodeproj
    
    Using response file: /Users/j/Documents/GitHub/MoneroOne/build/Build/Intermediates.noindex/swift-nio-ssl.build/Debug-iphonesimulator/CNIOBoringSSL.build/Objects-normal/arm64/82b82416624d2658e5098eb0a28c15c5-common-args.resp
    
    /Applications/Xcode.app/Contents/Developer/Toolchains/XcodeDefault.xctoolchain/usr/bin/clang -x c++ -ivfsstatcache /Users/j/Documents/GitHub/MoneroOne/build/SDKStatCaches.noindex/iphonesimulator26.1-23B77-90cf18a4295e390e64c810bc6bd7acbc.sdkstatcache -fmessage-length\=0 -fdiagnostics-show-note-include-stack -fmacro-backtrace-limit\=0 -fno-color-diagnostics -fmodules-prune-interval\=86400 -fmodules-prune-after\=345600 -fbuild-session-file\=/Users/j/Documents/GitHub/MoneroOne/build/ModuleCache.noindex/Session.modulevalidation -fmodules-validate-once-per-build-session -Wnon-modular-include-in-framework-module -Werror\=non-modular-include-in-framework-module -Wno-trigraphs -Wno-missing-field-initializers -Wno-missing-prototypes -Wno-return-type -Wno-non-virtual-dtor -Wno-overloaded-virtual -Wno-exit-time-destructors -Wno-missing-braces -Wparentheses -Wswitch -Wno-unused-function -Wno-unused-label -Wno-unused-parameter -Wno-unused-variable -Wunused-value -Wno-empty-body -Wno-uninitialized -Wno-unknown-pragmas -w -Wno-shadow -Wno-four-char-constants -Wno-conversion -Wno-constant-conversion -Wno-int-conversion -Wno-bool-conversion -Wno-enum-conversion -Wno-float-conversion -Wno-non-literal-null-conversion -Wno-objc-literal-conversion -Wshorten-64-to-32 -Wno-newline-eof -Wno-c++11-extensions -Wno-implicit-fallthrough -fstrict-aliasing -Wdeprecated-declarations -Winvalid-offsetof -Wno-sign-conversion -Wno-infinite-recursion -Wno-move -Wno-comma -Wno-block-capture-autoreleasing -Wno-strict-prototypes -Wno-range-loop-analysis -Wno-semicolon-before-method-body -index-store-path /Users/j/Documents/GitHub/MoneroOne/build/Index.noindex/DataStore @/Users/j/Documents/GitHub/MoneroOne/build/Build/Intermediates.noindex/swift-nio-ssl.build/Debug-iphonesimulator/CNIOBoringSSL.build/Objects-normal/arm64/82b82416624d2658e5098eb0a28c15c5-common-args.resp -MMD -MT dependencies -MF /Users/j/Documents/GitHub/MoneroOne/build/Build/Intermediates.noindex/swift-nio-ssl.build/Debug-iphonesimulator/CNIOBoringSSL.build/Objects-normal/arm64/ssl_buffer.d --serialize-diagnostics /Users/j/Documents/GitHub/MoneroOne/build/Build/Intermediates.noindex/swift-nio-ssl.build/Debug-iphonesimulator/CNIOBoringSSL.build/Objects-normal/arm64/ssl_buffer.dia -c /Users/j/Documents/GitHub/MoneroOne/build/SourcePackages/checkouts/swift-nio-ssl/Sources/CNIOBoringSSL/ssl/ssl_buffer.cc -o /Users/j/Documents/GitHub/MoneroOne/build/Build/Intermediates.noindex/swift-nio-ssl.build/Debug-iphonesimulator/CNIOBoringSSL.build/Objects-normal/arm64/ssl_buffer.o -index-unit-output-path /swift-nio-ssl.build/Debug-iphonesimulator/CNIOBoringSSL.build/Objects-normal/arm64/ssl_buffer.o

CompileC /Users/j/Documents/GitHub/MoneroOne/build/Build/Intermediates.noindex/swift-nio-ssl.build/Debug-iphonesimulator/CNIOBoringSSL.build/Objects-normal/arm64/ssl_asn1.o /Users/j/Documents/GitHub/MoneroOne/build/SourcePackages/checkouts/swift-nio-ssl/Sources/CNIOBoringSSL/ssl/ssl_asn1.cc normal arm64 c++ com.apple.compilers.llvm.clang.1_0.compiler (in target 'CNIOBoringSSL' from project 'swift-nio-ssl')
    cd /Users/j/Documents/GitHub/MoneroOne/MoneroOne.xcodeproj
    
    Using response file: /Users/j/Documents/GitHub/MoneroOne/build/Build/Intermediates.noindex/swift-nio-ssl.build/Debug-iphonesimulator/CNIOBoringSSL.build/Objects-normal/arm64/82b82416624d2658e5098eb0a28c15c5-common-args.resp
    
    /Applications/Xcode.app/Contents/Developer/Toolchains/XcodeDefault.xctoolchain/usr/bin/clang -x c++ -ivfsstatcache /Users/j/Documents/GitHub/MoneroOne/build/SDKStatCaches.noindex/iphonesimulator26.1-23B77-90cf18a4295e390e64c810bc6bd7acbc.sdkstatcache -fmessage-length\=0 -fdiagnostics-show-note-include-stack -fmacro-backtrace-limit\=0 -fno-color-diagnostics -fmodules-prune-interval\=86400 -fmodules-prune-after\=345600 -fbuild-session-file\=/Users/j/Documents/GitHub/MoneroOne/build/ModuleCache.noindex/Session.modulevalidation -fmodules-validate-once-per-build-session -Wnon-modular-include-in-framework-module -Werror\=non-modular-include-in-framework-module -Wno-trigraphs -Wno-missing-field-initializers -Wno-missing-prototypes -Wno-return-type -Wno-non-virtual-dtor -Wno-overloaded-virtual -Wno-exit-time-destructors -Wno-missing-braces -Wparentheses -Wswitch -Wno-unused-function -Wno-unused-label -Wno-unused-parameter -Wno-unused-variable -Wunused-value -Wno-empty-body -Wno-uninitialized -Wno-unknown-pragmas -w -Wno-shadow -Wno-four-char-constants -Wno-conversion -Wno-constant-conversion -Wno-int-conversion -Wno-bool-conversion -Wno-enum-conversion -Wno-float-conversion -Wno-non-literal-null-conversion -Wno-objc-literal-conversion -Wshorten-64-to-32 -Wno-newline-eof -Wno-c++11-extensions -Wno-implicit-fallthrough -fstrict-aliasing -Wdeprecated-declarations -Winvalid-offsetof -Wno-sign-conversion -Wno-infinite-recursion -Wno-move -Wno-comma -Wno-block-capture-autoreleasing -Wno-strict-prototypes -Wno-range-loop-analysis -Wno-semicolon-before-method-body -index-store-path /Users/j/Documents/GitHub/MoneroOne/build/Index.noindex/DataStore @/Users/j/Documents/GitHub/MoneroOne/build/Build/Intermediates.noindex/swift-nio-ssl.build/Debug-iphonesimulator/CNIOBoringSSL.build/Objects-normal/arm64/82b82416624d2658e5098eb0a28c15c5-common-args.resp -MMD -MT dependencies -MF /Users/j/Documents/GitHub/MoneroOne/build/Build/Intermediates.noindex/swift-nio-ssl.build/Debug-iphonesimulator/CNIOBoringSSL.build/Objects-normal/arm64/ssl_asn1.d --serialize-diagnostics /Users/j/Documents/GitHub/MoneroOne/build/Build/Intermediates.noindex/swift-nio-ssl.build/Debug-iphonesimulator/CNIOBoringSSL.build/Objects-normal/arm64/ssl_asn1.dia -c /Users/j/Documents/GitHub/MoneroOne/build/SourcePackages/checkouts/swift-nio-ssl/Sources/CNIOBoringSSL/ssl/ssl_asn1.cc -o /Users/j/Documents/GitHub/MoneroOne/build/Build/Intermediates.noindex/swift-nio-ssl.build/Debug-iphonesimulator/CNIOBoringSSL.build/Objects-normal/arm64/ssl_asn1.o -index-unit-output-path /swift-nio-ssl.build/Debug-iphonesimulator/CNIOBoringSSL.build/Objects-normal/arm64/ssl_asn1.o

CompileC /Users/j/Documents/GitHub/MoneroOne/build/Build/Intermediates.noindex/swift-nio-ssl.build/Debug-iphonesimulator/CNIOBoringSSL.build/Objects-normal/arm64/ssl_aead_ctx.o /Users/j/Documents/GitHub/MoneroOne/build/SourcePackages/checkouts/swift-nio-ssl/Sources/CNIOBoringSSL/ssl/ssl_aead_ctx.cc normal arm64 c++ com.apple.compilers.llvm.clang.1_0.compiler (in target 'CNIOBoringSSL' from project 'swift-nio-ssl')
    cd /Users/j/Documents/GitHub/MoneroOne/MoneroOne.xcodeproj
    
    Using response file: /Users/j/Documents/GitHub/MoneroOne/build/Build/Intermediates.noindex/swift-nio-ssl.build/Debug-iphonesimulator/CNIOBoringSSL.build/Objects-normal/arm64/82b82416624d2658e5098eb0a28c15c5-common-args.resp
    
    /Applications/Xcode.app/Contents/Developer/Toolchains/XcodeDefault.xctoolchain/usr/bin/clang -x c++ -ivfsstatcache /Users/j/Documents/GitHub/MoneroOne/build/SDKStatCaches.noindex/iphonesimulator26.1-23B77-90cf18a4295e390e64c810bc6bd7acbc.sdkstatcache -fmessage-length\=0 -fdiagnostics-show-note-include-stack -fmacro-backtrace-limit\=0 -fno-color-diagnostics -fmodules-prune-interval\=86400 -fmodules-prune-after\=345600 -fbuild-session-file\=/Users/j/Documents/GitHub/MoneroOne/build/ModuleCache.noindex/Session.modulevalidation -fmodules-validate-once-per-build-session -Wnon-modular-include-in-framework-module -Werror\=non-modular-include-in-framework-module -Wno-trigraphs -Wno-missing-field-initializers -Wno-missing-prototypes -Wno-return-type -Wno-non-virtual-dtor -Wno-overloaded-virtual -Wno-exit-time-destructors -Wno-missing-braces -Wparentheses -Wswitch -Wno-unused-function -Wno-unused-label -Wno-unused-parameter -Wno-unused-variable -Wunused-value -Wno-empty-body -Wno-uninitialized -Wno-unknown-pragmas -w -Wno-shadow -Wno-four-char-constants -Wno-conversion -Wno-constant-conversion -Wno-int-conversion -Wno-bool-conversion -Wno-enum-conversion -Wno-float-conversion -Wno-non-literal-null-conversion -Wno-objc-literal-conversion -Wshorten-64-to-32 -Wno-newline-eof -Wno-c++11-extensions -Wno-implicit-fallthrough -fstrict-aliasing -Wdeprecated-declarations -Winvalid-offsetof -Wno-sign-conversion -Wno-infinite-recursion -Wno-move -Wno-comma -Wno-block-capture-autoreleasing -Wno-strict-prototypes -Wno-range-loop-analysis -Wno-semicolon-before-method-body -index-store-path /Users/j/Documents/GitHub/MoneroOne/build/Index.noindex/DataStore @/Users/j/Documents/GitHub/MoneroOne/build/Build/Intermediates.noindex/swift-nio-ssl.build/Debug-iphonesimulator/CNIOBoringSSL.build/Objects-normal/arm64/82b82416624d2658e5098eb0a28c15c5-common-args.resp -MMD -MT dependencies -MF /Users/j/Documents/GitHub/MoneroOne/build/Build/Intermediates.noindex/swift-nio-ssl.build/Debug-iphonesimulator/CNIOBoringSSL.build/Objects-normal/arm64/ssl_aead_ctx.d --serialize-diagnostics /Users/j/Documents/GitHub/MoneroOne/build/Build/Intermediates.noindex/swift-nio-ssl.build/Debug-iphonesimulator/CNIOBoringSSL.build/Objects-normal/arm64/ssl_aead_ctx.dia -c /Users/j/Documents/GitHub/MoneroOne/build/SourcePackages/checkouts/swift-nio-ssl/Sources/CNIOBoringSSL/ssl/ssl_aead_ctx.cc -o /Users/j/Documents/GitHub/MoneroOne/build/Build/Intermediates.noindex/swift-nio-ssl.build/Debug-iphonesimulator/CNIOBoringSSL.build/Objects-normal/arm64/ssl_aead_ctx.o -index-unit-output-path /swift-nio-ssl.build/Debug-iphonesimulator/CNIOBoringSSL.build/Objects-normal/arm64/ssl_aead_ctx.o

CompileC /Users/j/Documents/GitHub/MoneroOne/build/Build/Intermediates.noindex/swift-nio-ssl.build/Debug-iphonesimulator/CNIOBoringSSL.build/Objects-normal/arm64/spake2plus.o /Users/j/Documents/GitHub/MoneroOne/build/SourcePackages/checkouts/swift-nio-ssl/Sources/CNIOBoringSSL/crypto/spake2plus/spake2plus.cc normal arm64 c++ com.apple.compilers.llvm.clang.1_0.compiler (in target 'CNIOBoringSSL' from project 'swift-nio-ssl')
    cd /Users/j/Documents/GitHub/MoneroOne/MoneroOne.xcodeproj
    
    Using response file: /Users/j/Documents/GitHub/MoneroOne/build/Build/Intermediates.noindex/swift-nio-ssl.build/Debug-iphonesimulator/CNIOBoringSSL.build/Objects-normal/arm64/82b82416624d2658e5098eb0a28c15c5-common-args.resp
    
    /Applications/Xcode.app/Contents/Developer/Toolchains/XcodeDefault.xctoolchain/usr/bin/clang -x c++ -ivfsstatcache /Users/j/Documents/GitHub/MoneroOne/build/SDKStatCaches.noindex/iphonesimulator26.1-23B77-90cf18a4295e390e64c810bc6bd7acbc.sdkstatcache -fmessage-length\=0 -fdiagnostics-show-note-include-stack -fmacro-backtrace-limit\=0 -fno-color-diagnostics -fmodules-prune-interval\=86400 -fmodules-prune-after\=345600 -fbuild-session-file\=/Users/j/Documents/GitHub/MoneroOne/build/ModuleCache.noindex/Session.modulevalidation -fmodules-validate-once-per-build-session -Wnon-modular-include-in-framework-module -Werror\=non-modular-include-in-framework-module -Wno-trigraphs -Wno-missing-field-initializers -Wno-missing-prototypes -Wno-return-type -Wno-non-virtual-dtor -Wno-overloaded-virtual -Wno-exit-time-destructors -Wno-missing-braces -Wparentheses -Wswitch -Wno-unused-function -Wno-unused-label -Wno-unused-parameter -Wno-unused-variable -Wunused-value -Wno-empty-body -Wno-uninitialized -Wno-unknown-pragmas -w -Wno-shadow -Wno-four-char-constants -Wno-conversion -Wno-constant-conversion -Wno-int-conversion -Wno-bool-conversion -Wno-enum-conversion -Wno-float-conversion -Wno-non-literal-null-conversion -Wno-objc-literal-conversion -Wshorten-64-to-32 -Wno-newline-eof -Wno-c++11-extensions -Wno-implicit-fallthrough -fstrict-aliasing -Wdeprecated-declarations -Winvalid-offsetof -Wno-sign-conversion -Wno-infinite-recursion -Wno-move -Wno-comma -Wno-block-capture-autoreleasing -Wno-strict-prototypes -Wno-range-loop-analysis -Wno-semicolon-before-method-body -index-store-path /Users/j/Documents/GitHub/MoneroOne/build/Index.noindex/DataStore @/Users/j/Documents/GitHub/MoneroOne/build/Build/Intermediates.noindex/swift-nio-ssl.build/Debug-iphonesimulator/CNIOBoringSSL.build/Objects-normal/arm64/82b82416624d2658e5098eb0a28c15c5-common-args.resp -MMD -MT dependencies -MF /Users/j/Documents/GitHub/MoneroOne/build/Build/Intermediates.noindex/swift-nio-ssl.build/Debug-iphonesimulator/CNIOBoringSSL.build/Objects-normal/arm64/spake2plus.d --serialize-diagnostics /Users/j/Documents/GitHub/MoneroOne/build/Build/Intermediates.noindex/swift-nio-ssl.build/Debug-iphonesimulator/CNIOBoringSSL.build/Objects-normal/arm64/spake2plus.dia -c /Users/j/Documents/GitHub/MoneroOne/build/SourcePackages/checkouts/swift-nio-ssl/Sources/CNIOBoringSSL/crypto/spake2plus/spake2plus.cc -o /Users/j/Documents/GitHub/MoneroOne/build/Build/Intermediates.noindex/swift-nio-ssl.build/Debug-iphonesimulator/CNIOBoringSSL.build/Objects-normal/arm64/spake2plus.o -index-unit-output-path /swift-nio-ssl.build/Debug-iphonesimulator/CNIOBoringSSL.build/Objects-normal/arm64/spake2plus.o

CompileC /Users/j/Documents/GitHub/MoneroOne/build/Build/Intermediates.noindex/swift-nio-ssl.build/Debug-iphonesimulator/CNIOBoringSSL.build/Objects-normal/arm64/spake25519.o /Users/j/Documents/GitHub/MoneroOne/build/SourcePackages/checkouts/swift-nio-ssl/Sources/CNIOBoringSSL/crypto/curve25519/spake25519.cc normal arm64 c++ com.apple.compilers.llvm.clang.1_0.compiler (in target 'CNIOBoringSSL' from project 'swift-nio-ssl')
    cd /Users/j/Documents/GitHub/MoneroOne/MoneroOne.xcodeproj
    
    Using response file: /Users/j/Documents/GitHub/MoneroOne/build/Build/Intermediates.noindex/swift-nio-ssl.build/Debug-iphonesimulator/CNIOBoringSSL.build/Objects-normal/arm64/82b82416624d2658e5098eb0a28c15c5-common-args.resp
    
    /Applications/Xcode.app/Contents/Developer/Toolchains/XcodeDefault.xctoolchain/usr/bin/clang -x c++ -ivfsstatcache /Users/j/Documents/GitHub/MoneroOne/build/SDKStatCaches.noindex/iphonesimulator26.1-23B77-90cf18a4295e390e64c810bc6bd7acbc.sdkstatcache -fmessage-length\=0 -fdiagnostics-show-note-include-stack -fmacro-backtrace-limit\=0 -fno-color-diagnostics -fmodules-prune-interval\=86400 -fmodules-prune-after\=345600 -fbuild-session-file\=/Users/j/Documents/GitHub/MoneroOne/build/ModuleCache.noindex/Session.modulevalidation -fmodules-validate-once-per-build-session -Wnon-modular-include-in-framework-module -Werror\=non-modular-include-in-framework-module -Wno-trigraphs -Wno-missing-field-initializers -Wno-missing-prototypes -Wno-return-type -Wno-non-virtual-dtor -Wno-overloaded-virtual -Wno-exit-time-destructors -Wno-missing-braces -Wparentheses -Wswitch -Wno-unused-function -Wno-unused-label -Wno-unused-parameter -Wno-unused-variable -Wunused-value -Wno-empty-body -Wno-uninitialized -Wno-unknown-pragmas -w -Wno-shadow -Wno-four-char-constants -Wno-conversion -Wno-constant-conversion -Wno-int-conversion -Wno-bool-conversion -Wno-enum-conversion -Wno-float-conversion -Wno-non-literal-null-conversion -Wno-objc-literal-conversion -Wshorten-64-to-32 -Wno-newline-eof -Wno-c++11-extensions -Wno-implicit-fallthrough -fstrict-aliasing -Wdeprecated-declarations -Winvalid-offsetof -Wno-sign-conversion -Wno-infinite-recursion -Wno-move -Wno-comma -Wno-block-capture-autoreleasing -Wno-strict-prototypes -Wno-range-loop-analysis -Wno-semicolon-before-method-body -index-store-path /Users/j/Documents/GitHub/MoneroOne/build/Index.noindex/DataStore @/Users/j/Documents/GitHub/MoneroOne/build/Build/Intermediates.noindex/swift-nio-ssl.build/Debug-iphonesimulator/CNIOBoringSSL.build/Objects-normal/arm64/82b82416624d2658e5098eb0a28c15c5-common-args.resp -MMD -MT dependencies -MF /Users/j/Documents/GitHub/MoneroOne/build/Build/Intermediates.noindex/swift-nio-ssl.build/Debug-iphonesimulator/CNIOBoringSSL.build/Objects-normal/arm64/spake25519.d --serialize-diagnostics /Users/j/Documents/GitHub/MoneroOne/build/Build/Intermediates.noindex/swift-nio-ssl.build/Debug-iphonesimulator/CNIOBoringSSL.build/Objects-normal/arm64/spake25519.dia -c /Users/j/Documents/GitHub/MoneroOne/build/SourcePackages/checkouts/swift-nio-ssl/Sources/CNIOBoringSSL/crypto/curve25519/spake25519.cc -o /Users/j/Documents/GitHub/MoneroOne/build/Build/Intermediates.noindex/swift-nio-ssl.build/Debug-iphonesimulator/CNIOBoringSSL.build/Objects-normal/arm64/spake25519.o -index-unit-output-path /swift-nio-ssl.build/Debug-iphonesimulator/CNIOBoringSSL.build/Objects-normal/arm64/spake25519.o

CompileC /Users/j/Documents/GitHub/MoneroOne/build/Build/Intermediates.noindex/swift-nio-ssl.build/Debug-iphonesimulator/CNIOBoringSSL.build/Objects-normal/arm64/socket_helper.o /Users/j/Documents/GitHub/MoneroOne/build/SourcePackages/checkouts/swift-nio-ssl/Sources/CNIOBoringSSL/crypto/bio/socket_helper.cc normal arm64 c++ com.apple.compilers.llvm.clang.1_0.compiler (in target 'CNIOBoringSSL' from project 'swift-nio-ssl')
    cd /Users/j/Documents/GitHub/MoneroOne/MoneroOne.xcodeproj
    
    Using response file: /Users/j/Documents/GitHub/MoneroOne/build/Build/Intermediates.noindex/swift-nio-ssl.build/Debug-iphonesimulator/CNIOBoringSSL.build/Objects-normal/arm64/82b82416624d2658e5098eb0a28c15c5-common-args.resp
    
    /Applications/Xcode.app/Contents/Developer/Toolchains/XcodeDefault.xctoolchain/usr/bin/clang -x c++ -ivfsstatcache /Users/j/Documents/GitHub/MoneroOne/build/SDKStatCaches.noindex/iphonesimulator26.1-23B77-90cf18a4295e390e64c810bc6bd7acbc.sdkstatcache -fmessage-length\=0 -fdiagnostics-show-note-include-stack -fmacro-backtrace-limit\=0 -fno-color-diagnostics -fmodules-prune-interval\=86400 -fmodules-prune-after\=345600 -fbuild-session-file\=/Users/j/Documents/GitHub/MoneroOne/build/ModuleCache.noindex/Session.modulevalidation -fmodules-validate-once-per-build-session -Wnon-modular-include-in-framework-module -Werror\=non-modular-include-in-framework-module -Wno-trigraphs -Wno-missing-field-initializers -Wno-missing-prototypes -Wno-return-type -Wno-non-virtual-dtor -Wno-overloaded-virtual -Wno-exit-time-destructors -Wno-missing-braces -Wparentheses -Wswitch -Wno-unused-function -Wno-unused-label -Wno-unused-parameter -Wno-unused-variable -Wunused-value -Wno-empty-body -Wno-uninitialized -Wno-unknown-pragmas -w -Wno-shadow -Wno-four-char-constants -Wno-conversion -Wno-constant-conversion -Wno-int-conversion -Wno-bool-conversion -Wno-enum-conversion -Wno-float-conversion -Wno-non-literal-null-conversion -Wno-objc-literal-conversion -Wshorten-64-to-32 -Wno-newline-eof -Wno-c++11-extensions -Wno-implicit-fallthrough -fstrict-aliasing -Wdeprecated-declarations -Winvalid-offsetof -Wno-sign-conversion -Wno-infinite-recursion -Wno-move -Wno-comma -Wno-block-capture-autoreleasing -Wno-strict-prototypes -Wno-range-loop-analysis -Wno-semicolon-before-method-body -index-store-path /Users/j/Documents/GitHub/MoneroOne/build/Index.noindex/DataStore @/Users/j/Documents/GitHub/MoneroOne/build/Build/Intermediates.noindex/swift-nio-ssl.build/Debug-iphonesimulator/CNIOBoringSSL.build/Objects-normal/arm64/82b82416624d2658e5098eb0a28c15c5-common-args.resp -MMD -MT dependencies -MF /Users/j/Documents/GitHub/MoneroOne/build/Build/Intermediates.noindex/swift-nio-ssl.build/Debug-iphonesimulator/CNIOBoringSSL.build/Objects-normal/arm64/socket_helper.d --serialize-diagnostics /Users/j/Documents/GitHub/MoneroOne/build/Build/Intermediates.noindex/swift-nio-ssl.build/Debug-iphonesimulator/CNIOBoringSSL.build/Objects-normal/arm64/socket_helper.dia -c /Users/j/Documents/GitHub/MoneroOne/build/SourcePackages/checkouts/swift-nio-ssl/Sources/CNIOBoringSSL/crypto/bio/socket_helper.cc -o /Users/j/Documents/GitHub/MoneroOne/build/Build/Intermediates.noindex/swift-nio-ssl.build/Debug-iphonesimulator/CNIOBoringSSL.build/Objects-normal/arm64/socket_helper.o -index-unit-output-path /swift-nio-ssl.build/Debug-iphonesimulator/CNIOBoringSSL.build/Objects-normal/arm64/socket_helper.o

CompileC /Users/j/Documents/GitHub/MoneroOne/build/Build/Intermediates.noindex/swift-nio-ssl.build/Debug-iphonesimulator/CNIOBoringSSL.build/Objects-normal/arm64/socket.o /Users/j/Documents/GitHub/MoneroOne/build/SourcePackages/checkouts/swift-nio-ssl/Sources/CNIOBoringSSL/crypto/bio/socket.cc normal arm64 c++ com.apple.compilers.llvm.clang.1_0.compiler (in target 'CNIOBoringSSL' from project 'swift-nio-ssl')
    cd /Users/j/Documents/GitHub/MoneroOne/MoneroOne.xcodeproj
    
    Using response file: /Users/j/Documents/GitHub/MoneroOne/build/Build/Intermediates.noindex/swift-nio-ssl.build/Debug-iphonesimulator/CNIOBoringSSL.build/Objects-normal/arm64/82b82416624d2658e5098eb0a28c15c5-common-args.resp
    
    /Applications/Xcode.app/Contents/Developer/Toolchains/XcodeDefault.xctoolchain/usr/bin/clang -x c++ -ivfsstatcache /Users/j/Documents/GitHub/MoneroOne/build/SDKStatCaches.noindex/iphonesimulator26.1-23B77-90cf18a4295e390e64c810bc6bd7acbc.sdkstatcache -fmessage-length\=0 -fdiagnostics-show-note-include-stack -fmacro-backtrace-limit\=0 -fno-color-diagnostics -fmodules-prune-interval\=86400 -fmodules-prune-after\=345600 -fbuild-session-file\=/Users/j/Documents/GitHub/MoneroOne/build/ModuleCache.noindex/Session.modulevalidation -fmodules-validate-once-per-build-session -Wnon-modular-include-in-framework-module -Werror\=non-modular-include-in-framework-module -Wno-trigraphs -Wno-missing-field-initializers -Wno-missing-prototypes -Wno-return-type -Wno-non-virtual-dtor -Wno-overloaded-virtual -Wno-exit-time-destructors -Wno-missing-braces -Wparentheses -Wswitch -Wno-unused-function -Wno-unused-label -Wno-unused-parameter -Wno-unused-variable -Wunused-value -Wno-empty-body -Wno-uninitialized -Wno-unknown-pragmas -w -Wno-shadow -Wno-four-char-constants -Wno-conversion -Wno-constant-conversion -Wno-int-conversion -Wno-bool-conversion -Wno-enum-conversion -Wno-float-conversion -Wno-non-literal-null-conversion -Wno-objc-literal-conversion -Wshorten-64-to-32 -Wno-newline-eof -Wno-c++11-extensions -Wno-implicit-fallthrough -fstrict-aliasing -Wdeprecated-declarations -Winvalid-offsetof -Wno-sign-conversion -Wno-infinite-recursion -Wno-move -Wno-comma -Wno-block-capture-autoreleasing -Wno-strict-prototypes -Wno-range-loop-analysis -Wno-semicolon-before-method-body -index-store-path /Users/j/Documents/GitHub/MoneroOne/build/Index.noindex/DataStore @/Users/j/Documents/GitHub/MoneroOne/build/Build/Intermediates.noindex/swift-nio-ssl.build/Debug-iphonesimulator/CNIOBoringSSL.build/Objects-normal/arm64/82b82416624d2658e5098eb0a28c15c5-common-args.resp -MMD -MT dependencies -MF /Users/j/Documents/GitHub/MoneroOne/build/Build/Intermediates.noindex/swift-nio-ssl.build/Debug-iphonesimulator/CNIOBoringSSL.build/Objects-normal/arm64/socket.d --serialize-diagnostics /Users/j/Documents/GitHub/MoneroOne/build/Build/Intermediates.noindex/swift-nio-ssl.build/Debug-iphonesimulator/CNIOBoringSSL.build/Objects-normal/arm64/socket.dia -c /Users/j/Documents/GitHub/MoneroOne/build/SourcePackages/checkouts/swift-nio-ssl/Sources/CNIOBoringSSL/crypto/bio/socket.cc -o /Users/j/Documents/GitHub/MoneroOne/build/Build/Intermediates.noindex/swift-nio-ssl.build/Debug-iphonesimulator/CNIOBoringSSL.build/Objects-normal/arm64/socket.o -index-unit-output-path /swift-nio-ssl.build/Debug-iphonesimulator/CNIOBoringSSL.build/Objects-normal/arm64/socket.o

CompileC /Users/j/Documents/GitHub/MoneroOne/build/Build/Intermediates.noindex/swift-nio-ssl.build/Debug-iphonesimulator/CNIOBoringSSL.build/Objects-normal/arm64/slhdsa.o /Users/j/Documents/GitHub/MoneroOne/build/SourcePackages/checkouts/swift-nio-ssl/Sources/CNIOBoringSSL/crypto/slhdsa/slhdsa.cc normal arm64 c++ com.apple.compilers.llvm.clang.1_0.compiler (in target 'CNIOBoringSSL' from project 'swift-nio-ssl')
    cd /Users/j/Documents/GitHub/MoneroOne/MoneroOne.xcodeproj
    
    Using response file: /Users/j/Documents/GitHub/MoneroOne/build/Build/Intermediates.noindex/swift-nio-ssl.build/Debug-iphonesimulator/CNIOBoringSSL.build/Objects-normal/arm64/82b82416624d2658e5098eb0a28c15c5-common-args.resp
    
    /Applications/Xcode.app/Contents/Developer/Toolchains/XcodeDefault.xctoolchain/usr/bin/clang -x c++ -ivfsstatcache /Users/j/Documents/GitHub/MoneroOne/build/SDKStatCaches.noindex/iphonesimulator26.1-23B77-90cf18a4295e390e64c810bc6bd7acbc.sdkstatcache -fmessage-length\=0 -fdiagnostics-show-note-include-stack -fmacro-backtrace-limit\=0 -fno-color-diagnostics -fmodules-prune-interval\=86400 -fmodules-prune-after\=345600 -fbuild-session-file\=/Users/j/Documents/GitHub/MoneroOne/build/ModuleCache.noindex/Session.modulevalidation -fmodules-validate-once-per-build-session -Wnon-modular-include-in-framework-module -Werror\=non-modular-include-in-framework-module -Wno-trigraphs -Wno-missing-field-initializers -Wno-missing-prototypes -Wno-return-type -Wno-non-virtual-dtor -Wno-overloaded-virtual -Wno-exit-time-destructors -Wno-missing-braces -Wparentheses -Wswitch -Wno-unused-function -Wno-unused-label -Wno-unused-parameter -Wno-unused-variable -Wunused-value -Wno-empty-body -Wno-uninitialized -Wno-unknown-pragmas -w -Wno-shadow -Wno-four-char-constants -Wno-conversion -Wno-constant-conversion -Wno-int-conversion -Wno-bool-conversion -Wno-enum-conversion -Wno-float-conversion -Wno-non-literal-null-conversion -Wno-objc-literal-conversion -Wshorten-64-to-32 -Wno-newline-eof -Wno-c++11-extensions -Wno-implicit-fallthrough -fstrict-aliasing -Wdeprecated-declarations -Winvalid-offsetof -Wno-sign-conversion -Wno-infinite-recursion -Wno-move -Wno-comma -Wno-block-capture-autoreleasing -Wno-strict-prototypes -Wno-range-loop-analysis -Wno-semicolon-before-method-body -index-store-path /Users/j/Documents/GitHub/MoneroOne/build/Index.noindex/DataStore @/Users/j/Documents/GitHub/MoneroOne/build/Build/Intermediates.noindex/swift-nio-ssl.build/Debug-iphonesimulator/CNIOBoringSSL.build/Objects-normal/arm64/82b82416624d2658e5098eb0a28c15c5-common-args.resp -MMD -MT dependencies -MF /Users/j/Documents/GitHub/MoneroOne/build/Build/Intermediates.noindex/swift-nio-ssl.build/Debug-iphonesimulator/CNIOBoringSSL.build/Objects-normal/arm64/slhdsa.d --serialize-diagnostics /Users/j/Documents/GitHub/MoneroOne/build/Build/Intermediates.noindex/swift-nio-ssl.build/Debug-iphonesimulator/CNIOBoringSSL.build/Objects-normal/arm64/slhdsa.dia -c /Users/j/Documents/GitHub/MoneroOne/build/SourcePackages/checkouts/swift-nio-ssl/Sources/CNIOBoringSSL/crypto/slhdsa/slhdsa.cc -o /Users/j/Documents/GitHub/MoneroOne/build/Build/Intermediates.noindex/swift-nio-ssl.build/Debug-iphonesimulator/CNIOBoringSSL.build/Objects-normal/arm64/slhdsa.o -index-unit-output-path /swift-nio-ssl.build/Debug-iphonesimulator/CNIOBoringSSL.build/Objects-normal/arm64/slhdsa.o

CompileC /Users/j/Documents/GitHub/MoneroOne/build/Build/Intermediates.noindex/swift-nio-ssl.build/Debug-iphonesimulator/CNIOBoringSSL.build/Objects-normal/arm64/siphash.o /Users/j/Documents/GitHub/MoneroOne/build/SourcePackages/checkouts/swift-nio-ssl/Sources/CNIOBoringSSL/crypto/siphash/siphash.cc normal arm64 c++ com.apple.compilers.llvm.clang.1_0.compiler (in target 'CNIOBoringSSL' from project 'swift-nio-ssl')
    cd /Users/j/Documents/GitHub/MoneroOne/MoneroOne.xcodeproj
    
    Using response file: /Users/j/Documents/GitHub/MoneroOne/build/Build/Intermediates.noindex/swift-nio-ssl.build/Debug-iphonesimulator/CNIOBoringSSL.build/Objects-normal/arm64/82b82416624d2658e5098eb0a28c15c5-common-args.resp
    
    /Applications/Xcode.app/Contents/Developer/Toolchains/XcodeDefault.xctoolchain/usr/bin/clang -x c++ -ivfsstatcache /Users/j/Documents/GitHub/MoneroOne/build/SDKStatCaches.noindex/iphonesimulator26.1-23B77-90cf18a4295e390e64c810bc6bd7acbc.sdkstatcache -fmessage-length\=0 -fdiagnostics-show-note-include-stack -fmacro-backtrace-limit\=0 -fno-color-diagnostics -fmodules-prune-interval\=86400 -fmodules-prune-after\=345600 -fbuild-session-file\=/Users/j/Documents/GitHub/MoneroOne/build/ModuleCache.noindex/Session.modulevalidation -fmodules-validate-once-per-build-session -Wnon-modular-include-in-framework-module -Werror\=non-modular-include-in-framework-module -Wno-trigraphs -Wno-missing-field-initializers -Wno-missing-prototypes -Wno-return-type -Wno-non-virtual-dtor -Wno-overloaded-virtual -Wno-exit-time-destructors -Wno-missing-braces -Wparentheses -Wswitch -Wno-unused-function -Wno-unused-label -Wno-unused-parameter -Wno-unused-variable -Wunused-value -Wno-empty-body -Wno-uninitialized -Wno-unknown-pragmas -w -Wno-shadow -Wno-four-char-constants -Wno-conversion -Wno-constant-conversion -Wno-int-conversion -Wno-bool-conversion -Wno-enum-conversion -Wno-float-conversion -Wno-non-literal-null-conversion -Wno-objc-literal-conversion -Wshorten-64-to-32 -Wno-newline-eof -Wno-c++11-extensions -Wno-implicit-fallthrough -fstrict-aliasing -Wdeprecated-declarations -Winvalid-offsetof -Wno-sign-conversion -Wno-infinite-recursion -Wno-move -Wno-comma -Wno-block-capture-autoreleasing -Wno-strict-prototypes -Wno-range-loop-analysis -Wno-semicolon-before-method-body -index-store-path /Users/j/Documents/GitHub/MoneroOne/build/Index.noindex/DataStore @/Users/j/Documents/GitHub/MoneroOne/build/Build/Intermediates.noindex/swift-nio-ssl.build/Debug-iphonesimulator/CNIOBoringSSL.build/Objects-normal/arm64/82b82416624d2658e5098eb0a28c15c5-common-args.resp -MMD -MT dependencies -MF /Users/j/Documents/GitHub/MoneroOne/build/Build/Intermediates.noindex/swift-nio-ssl.build/Debug-iphonesimulator/CNIOBoringSSL.build/Objects-normal/arm64/siphash.d --serialize-diagnostics /Users/j/Documents/GitHub/MoneroOne/build/Build/Intermediates.noindex/swift-nio-ssl.build/Debug-iphonesimulator/CNIOBoringSSL.build/Objects-normal/arm64/siphash.dia -c /Users/j/Documents/GitHub/MoneroOne/build/SourcePackages/checkouts/swift-nio-ssl/Sources/CNIOBoringSSL/crypto/siphash/siphash.cc -o /Users/j/Documents/GitHub/MoneroOne/build/Build/Intermediates.noindex/swift-nio-ssl.build/Debug-iphonesimulator/CNIOBoringSSL.build/Objects-normal/arm64/siphash.o -index-unit-output-path /swift-nio-ssl.build/Debug-iphonesimulator/CNIOBoringSSL.build/Objects-normal/arm64/siphash.o

CompileC /Users/j/Documents/GitHub/MoneroOne/build/Build/Intermediates.noindex/swift-nio-ssl.build/Debug-iphonesimulator/CNIOBoringSSL.build/Objects-normal/arm64/sign.o /Users/j/Documents/GitHub/MoneroOne/build/SourcePackages/checkouts/swift-nio-ssl/Sources/CNIOBoringSSL/crypto/evp/sign.cc normal arm64 c++ com.apple.compilers.llvm.clang.1_0.compiler (in target 'CNIOBoringSSL' from project 'swift-nio-ssl')
    cd /Users/j/Documents/GitHub/MoneroOne/MoneroOne.xcodeproj
    
    Using response file: /Users/j/Documents/GitHub/MoneroOne/build/Build/Intermediates.noindex/swift-nio-ssl.build/Debug-iphonesimulator/CNIOBoringSSL.build/Objects-normal/arm64/82b82416624d2658e5098eb0a28c15c5-common-args.resp
    
    /Applications/Xcode.app/Contents/Developer/Toolchains/XcodeDefault.xctoolchain/usr/bin/clang -x c++ -ivfsstatcache /Users/j/Documents/GitHub/MoneroOne/build/SDKStatCaches.noindex/iphonesimulator26.1-23B77-90cf18a4295e390e64c810bc6bd7acbc.sdkstatcache -fmessage-length\=0 -fdiagnostics-show-note-include-stack -fmacro-backtrace-limit\=0 -fno-color-diagnostics -fmodules-prune-interval\=86400 -fmodules-prune-after\=345600 -fbuild-session-file\=/Users/j/Documents/GitHub/MoneroOne/build/ModuleCache.noindex/Session.modulevalidation -fmodules-validate-once-per-build-session -Wnon-modular-include-in-framework-module -Werror\=non-modular-include-in-framework-module -Wno-trigraphs -Wno-missing-field-initializers -Wno-missing-prototypes -Wno-return-type -Wno-non-virtual-dtor -Wno-overloaded-virtual -Wno-exit-time-destructors -Wno-missing-braces -Wparentheses -Wswitch -Wno-unused-function -Wno-unused-label -Wno-unused-parameter -Wno-unused-variable -Wunused-value -Wno-empty-body -Wno-uninitialized -Wno-unknown-pragmas -w -Wno-shadow -Wno-four-char-constants -Wno-conversion -Wno-constant-conversion -Wno-int-conversion -Wno-bool-conversion -Wno-enum-conversion -Wno-float-conversion -Wno-non-literal-null-conversion -Wno-objc-literal-conversion -Wshorten-64-to-32 -Wno-newline-eof -Wno-c++11-extensions -Wno-implicit-fallthrough -fstrict-aliasing -Wdeprecated-declarations -Winvalid-offsetof -Wno-sign-conversion -Wno-infinite-recursion -Wno-move -Wno-comma -Wno-block-capture-autoreleasing -Wno-strict-prototypes -Wno-range-loop-analysis -Wno-semicolon-before-method-body -index-store-path /Users/j/Documents/GitHub/MoneroOne/build/Index.noindex/DataStore @/Users/j/Documents/GitHub/MoneroOne/build/Build/Intermediates.noindex/swift-nio-ssl.build/Debug-iphonesimulator/CNIOBoringSSL.build/Objects-normal/arm64/82b82416624d2658e5098eb0a28c15c5-common-args.resp -MMD -MT dependencies -MF /Users/j/Documents/GitHub/MoneroOne/build/Build/Intermediates.noindex/swift-nio-ssl.build/Debug-iphonesimulator/CNIOBoringSSL.build/Objects-normal/arm64/sign.d --serialize-diagnostics /Users/j/Documents/GitHub/MoneroOne/build/Build/Intermediates.noindex/swift-nio-ssl.build/Debug-iphonesimulator/CNIOBoringSSL.build/Objects-normal/arm64/sign.dia -c /Users/j/Documents/GitHub/MoneroOne/build/SourcePackages/checkouts/swift-nio-ssl/Sources/CNIOBoringSSL/crypto/evp/sign.cc -o /Users/j/Documents/GitHub/MoneroOne/build/Build/Intermediates.noindex/swift-nio-ssl.build/Debug-iphonesimulator/CNIOBoringSSL.build/Objects-normal/arm64/sign.o -index-unit-output-path /swift-nio-ssl.build/Debug-iphonesimulator/CNIOBoringSSL.build/Objects-normal/arm64/sign.o

CompileC /Users/j/Documents/GitHub/MoneroOne/build/Build/Intermediates.noindex/swift-nio-ssl.build/Debug-iphonesimulator/CNIOBoringSSL.build/Objects-normal/arm64/sha512.o /Users/j/Documents/GitHub/MoneroOne/build/SourcePackages/checkouts/swift-nio-ssl/Sources/CNIOBoringSSL/crypto/sha/sha512.cc normal arm64 c++ com.apple.compilers.llvm.clang.1_0.compiler (in target 'CNIOBoringSSL' from project 'swift-nio-ssl')
    cd /Users/j/Documents/GitHub/MoneroOne/MoneroOne.xcodeproj
    
    Using response file: /Users/j/Documents/GitHub/MoneroOne/build/Build/Intermediates.noindex/swift-nio-ssl.build/Debug-iphonesimulator/CNIOBoringSSL.build/Objects-normal/arm64/82b82416624d2658e5098eb0a28c15c5-common-args.resp
    
    /Applications/Xcode.app/Contents/Developer/Toolchains/XcodeDefault.xctoolchain/usr/bin/clang -x c++ -ivfsstatcache /Users/j/Documents/GitHub/MoneroOne/build/SDKStatCaches.noindex/iphonesimulator26.1-23B77-90cf18a4295e390e64c810bc6bd7acbc.sdkstatcache -fmessage-length\=0 -fdiagnostics-show-note-include-stack -fmacro-backtrace-limit\=0 -fno-color-diagnostics -fmodules-prune-interval\=86400 -fmodules-prune-after\=345600 -fbuild-session-file\=/Users/j/Documents/GitHub/MoneroOne/build/ModuleCache.noindex/Session.modulevalidation -fmodules-validate-once-per-build-session -Wnon-modular-include-in-framework-module -Werror\=non-modular-include-in-framework-module -Wno-trigraphs -Wno-missing-field-initializers -Wno-missing-prototypes -Wno-return-type -Wno-non-virtual-dtor -Wno-overloaded-virtual -Wno-exit-time-destructors -Wno-missing-braces -Wparentheses -Wswitch -Wno-unused-function -Wno-unused-label -Wno-unused-parameter -Wno-unused-variable -Wunused-value -Wno-empty-body -Wno-uninitialized -Wno-unknown-pragmas -w -Wno-shadow -Wno-four-char-constants -Wno-conversion -Wno-constant-conversion -Wno-int-conversion -Wno-bool-conversion -Wno-enum-conversion -Wno-float-conversion -Wno-non-literal-null-conversion -Wno-objc-literal-conversion -Wshorten-64-to-32 -Wno-newline-eof -Wno-c++11-extensions -Wno-implicit-fallthrough -fstrict-aliasing -Wdeprecated-declarations -Winvalid-offsetof -Wno-sign-conversion -Wno-infinite-recursion -Wno-move -Wno-comma -Wno-block-capture-autoreleasing -Wno-strict-prototypes -Wno-range-loop-analysis -Wno-semicolon-before-method-body -index-store-path /Users/j/Documents/GitHub/MoneroOne/build/Index.noindex/DataStore @/Users/j/Documents/GitHub/MoneroOne/build/Build/Intermediates.noindex/swift-nio-ssl.build/Debug-iphonesimulator/CNIOBoringSSL.build/Objects-normal/arm64/82b82416624d2658e5098eb0a28c15c5-common-args.resp -MMD -MT dependencies -MF /Users/j/Documents/GitHub/MoneroOne/build/Build/Intermediates.noindex/swift-nio-ssl.build/Debug-iphonesimulator/CNIOBoringSSL.build/Objects-normal/arm64/sha512.d --serialize-diagnostics /Users/j/Documents/GitHub/MoneroOne/build/Build/Intermediates.noindex/swift-nio-ssl.build/Debug-iphonesimulator/CNIOBoringSSL.build/Objects-normal/arm64/sha512.dia -c /Users/j/Documents/GitHub/MoneroOne/build/SourcePackages/checkouts/swift-nio-ssl/Sources/CNIOBoringSSL/crypto/sha/sha512.cc -o /Users/j/Documents/GitHub/MoneroOne/build/Build/Intermediates.noindex/swift-nio-ssl.build/Debug-iphonesimulator/CNIOBoringSSL.build/Objects-normal/arm64/sha512.o -index-unit-output-path /swift-nio-ssl.build/Debug-iphonesimulator/CNIOBoringSSL.build/Objects-normal/arm64/sha512.o

CompileC /Users/j/Documents/GitHub/MoneroOne/build/Build/Intermediates.noindex/swift-nio-ssl.build/Debug-iphonesimulator/CNIOBoringSSL.build/Objects-normal/arm64/sha512-x86_64-linux.o /Users/j/Documents/GitHub/MoneroOne/build/SourcePackages/checkouts/swift-nio-ssl/Sources/CNIOBoringSSL/gen/bcm/sha512-x86_64-linux.S normal arm64 assembler-with-cpp com.apple.compilers.llvm.clang.1_0.compiler (in target 'CNIOBoringSSL' from project 'swift-nio-ssl')
    cd /Users/j/Documents/GitHub/MoneroOne/MoneroOne.xcodeproj
    
    Using response file: /Users/j/Documents/GitHub/MoneroOne/build/Build/Intermediates.noindex/swift-nio-ssl.build/Debug-iphonesimulator/CNIOBoringSSL.build/Objects-normal/arm64/533656923a283fa776881f304837ed9e-common-args.resp
    
    /Applications/Xcode.app/Contents/Developer/Toolchains/XcodeDefault.xctoolchain/usr/bin/clang -x assembler-with-cpp -ivfsstatcache /Users/j/Documents/GitHub/MoneroOne/build/SDKStatCaches.noindex/iphonesimulator26.1-23B77-90cf18a4295e390e64c810bc6bd7acbc.sdkstatcache -fmessage-length\=0 -fdiagnostics-show-note-include-stack -fmacro-backtrace-limit\=0 -fno-color-diagnostics -fmodules-prune-interval\=86400 -fmodules-prune-after\=345600 -fbuild-session-file\=/Users/j/Documents/GitHub/MoneroOne/build/ModuleCache.noindex/Session.modulevalidation -fmodules-validate-once-per-build-session -Wnon-modular-include-in-framework-module -Werror\=non-modular-include-in-framework-module -Wno-trigraphs -Wno-missing-field-initializers -Wno-missing-prototypes -Wno-return-type -Wno-missing-braces -Wparentheses -Wswitch -Wno-unused-function -Wno-unused-label -Wno-unused-parameter -Wno-unused-variable -Wunused-value -Wno-empty-body -Wno-uninitialized -Wno-unknown-pragmas -w -Wno-shadow -Wno-four-char-constants -Wno-conversion -Wno-constant-conversion -Wno-int-conversion -Wno-bool-conversion -Wno-enum-conversion -Wno-float-conversion -Wno-non-literal-null-conversion -Wno-objc-literal-conversion -Wshorten-64-to-32 -Wno-newline-eof -Wno-implicit-fallthrough -fstrict-aliasing -Wdeprecated-declarations -Wno-sign-conversion -Wno-infinite-recursion -Wno-comma -Wno-block-capture-autoreleasing -Wno-strict-prototypes -Wno-semicolon-before-method-body -index-store-path /Users/j/Documents/GitHub/MoneroOne/build/Index.noindex/DataStore @/Users/j/Documents/GitHub/MoneroOne/build/Build/Intermediates.noindex/swift-nio-ssl.build/Debug-iphonesimulator/CNIOBoringSSL.build/Objects-normal/arm64/533656923a283fa776881f304837ed9e-common-args.resp -MMD -MT dependencies -MF /Users/j/Documents/GitHub/MoneroOne/build/Build/Intermediates.noindex/swift-nio-ssl.build/Debug-iphonesimulator/CNIOBoringSSL.build/Objects-normal/arm64/sha512-x86_64-linux.d --serialize-diagnostics /Users/j/Documents/GitHub/MoneroOne/build/Build/Intermediates.noindex/swift-nio-ssl.build/Debug-iphonesimulator/CNIOBoringSSL.build/Objects-normal/arm64/sha512-x86_64-linux.dia -c /Users/j/Documents/GitHub/MoneroOne/build/SourcePackages/checkouts/swift-nio-ssl/Sources/CNIOBoringSSL/gen/bcm/sha512-x86_64-linux.S -o /Users/j/Documents/GitHub/MoneroOne/build/Build/Intermediates.noindex/swift-nio-ssl.build/Debug-iphonesimulator/CNIOBoringSSL.build/Objects-normal/arm64/sha512-x86_64-linux.o -index-unit-output-path /swift-nio-ssl.build/Debug-iphonesimulator/CNIOBoringSSL.build/Objects-normal/arm64/sha512-x86_64-linux.o

CompileC /Users/j/Documents/GitHub/MoneroOne/build/Build/Intermediates.noindex/swift-nio-ssl.build/Debug-iphonesimulator/CNIOBoringSSL.build/Objects-normal/arm64/sha512-x86_64-apple.o /Users/j/Documents/GitHub/MoneroOne/build/SourcePackages/checkouts/swift-nio-ssl/Sources/CNIOBoringSSL/gen/bcm/sha512-x86_64-apple.S normal arm64 assembler-with-cpp com.apple.compilers.llvm.clang.1_0.compiler (in target 'CNIOBoringSSL' from project 'swift-nio-ssl')
    cd /Users/j/Documents/GitHub/MoneroOne/MoneroOne.xcodeproj
    
    Using response file: /Users/j/Documents/GitHub/MoneroOne/build/Build/Intermediates.noindex/swift-nio-ssl.build/Debug-iphonesimulator/CNIOBoringSSL.build/Objects-normal/arm64/533656923a283fa776881f304837ed9e-common-args.resp
    
    /Applications/Xcode.app/Contents/Developer/Toolchains/XcodeDefault.xctoolchain/usr/bin/clang -x assembler-with-cpp -ivfsstatcache /Users/j/Documents/GitHub/MoneroOne/build/SDKStatCaches.noindex/iphonesimulator26.1-23B77-90cf18a4295e390e64c810bc6bd7acbc.sdkstatcache -fmessage-length\=0 -fdiagnostics-show-note-include-stack -fmacro-backtrace-limit\=0 -fno-color-diagnostics -fmodules-prune-interval\=86400 -fmodules-prune-after\=345600 -fbuild-session-file\=/Users/j/Documents/GitHub/MoneroOne/build/ModuleCache.noindex/Session.modulevalidation -fmodules-validate-once-per-build-session -Wnon-modular-include-in-framework-module -Werror\=non-modular-include-in-framework-module -Wno-trigraphs -Wno-missing-field-initializers -Wno-missing-prototypes -Wno-return-type -Wno-missing-braces -Wparentheses -Wswitch -Wno-unused-function -Wno-unused-label -Wno-unused-parameter -Wno-unused-variable -Wunused-value -Wno-empty-body -Wno-uninitialized -Wno-unknown-pragmas -w -Wno-shadow -Wno-four-char-constants -Wno-conversion -Wno-constant-conversion -Wno-int-conversion -Wno-bool-conversion -Wno-enum-conversion -Wno-float-conversion -Wno-non-literal-null-conversion -Wno-objc-literal-conversion -Wshorten-64-to-32 -Wno-newline-eof -Wno-implicit-fallthrough -fstrict-aliasing -Wdeprecated-declarations -Wno-sign-conversion -Wno-infinite-recursion -Wno-comma -Wno-block-capture-autoreleasing -Wno-strict-prototypes -Wno-semicolon-before-method-body -index-store-path /Users/j/Documents/GitHub/MoneroOne/build/Index.noindex/DataStore @/Users/j/Documents/GitHub/MoneroOne/build/Build/Intermediates.noindex/swift-nio-ssl.build/Debug-iphonesimulator/CNIOBoringSSL.build/Objects-normal/arm64/533656923a283fa776881f304837ed9e-common-args.resp -MMD -MT dependencies -MF /Users/j/Documents/GitHub/MoneroOne/build/Build/Intermediates.noindex/swift-nio-ssl.build/Debug-iphonesimulator/CNIOBoringSSL.build/Objects-normal/arm64/sha512-x86_64-apple.d --serialize-diagnostics /Users/j/Documents/GitHub/MoneroOne/build/Build/Intermediates.noindex/swift-nio-ssl.build/Debug-iphonesimulator/CNIOBoringSSL.build/Objects-normal/arm64/sha512-x86_64-apple.dia -c /Users/j/Documents/GitHub/MoneroOne/build/SourcePackages/checkouts/swift-nio-ssl/Sources/CNIOBoringSSL/gen/bcm/sha512-x86_64-apple.S -o /Users/j/Documents/GitHub/MoneroOne/build/Build/Intermediates.noindex/swift-nio-ssl.build/Debug-iphonesimulator/CNIOBoringSSL.build/Objects-normal/arm64/sha512-x86_64-apple.o -index-unit-output-path /swift-nio-ssl.build/Debug-iphonesimulator/CNIOBoringSSL.build/Objects-normal/arm64/sha512-x86_64-apple.o

CompileC /Users/j/Documents/GitHub/MoneroOne/build/Build/Intermediates.noindex/swift-nio-ssl.build/Debug-iphonesimulator/CNIOBoringSSL.build/Objects-normal/arm64/sha512-armv8-win.o /Users/j/Documents/GitHub/MoneroOne/build/SourcePackages/checkouts/swift-nio-ssl/Sources/CNIOBoringSSL/gen/bcm/sha512-armv8-win.S normal arm64 assembler-with-cpp com.apple.compilers.llvm.clang.1_0.compiler (in target 'CNIOBoringSSL' from project 'swift-nio-ssl')
    cd /Users/j/Documents/GitHub/MoneroOne/MoneroOne.xcodeproj
    
    Using response file: /Users/j/Documents/GitHub/MoneroOne/build/Build/Intermediates.noindex/swift-nio-ssl.build/Debug-iphonesimulator/CNIOBoringSSL.build/Objects-normal/arm64/533656923a283fa776881f304837ed9e-common-args.resp
    
    /Applications/Xcode.app/Contents/Developer/Toolchains/XcodeDefault.xctoolchain/usr/bin/clang -x assembler-with-cpp -ivfsstatcache /Users/j/Documents/GitHub/MoneroOne/build/SDKStatCaches.noindex/iphonesimulator26.1-23B77-90cf18a4295e390e64c810bc6bd7acbc.sdkstatcache -fmessage-length\=0 -fdiagnostics-show-note-include-stack -fmacro-backtrace-limit\=0 -fno-color-diagnostics -fmodules-prune-interval\=86400 -fmodules-prune-after\=345600 -fbuild-session-file\=/Users/j/Documents/GitHub/MoneroOne/build/ModuleCache.noindex/Session.modulevalidation -fmodules-validate-once-per-build-session -Wnon-modular-include-in-framework-module -Werror\=non-modular-include-in-framework-module -Wno-trigraphs -Wno-missing-field-initializers -Wno-missing-prototypes -Wno-return-type -Wno-missing-braces -Wparentheses -Wswitch -Wno-unused-function -Wno-unused-label -Wno-unused-parameter -Wno-unused-variable -Wunused-value -Wno-empty-body -Wno-uninitialized -Wno-unknown-pragmas -w -Wno-shadow -Wno-four-char-constants -Wno-conversion -Wno-constant-conversion -Wno-int-conversion -Wno-bool-conversion -Wno-enum-conversion -Wno-float-conversion -Wno-non-literal-null-conversion -Wno-objc-literal-conversion -Wshorten-64-to-32 -Wno-newline-eof -Wno-implicit-fallthrough -fstrict-aliasing -Wdeprecated-declarations -Wno-sign-conversion -Wno-infinite-recursion -Wno-comma -Wno-block-capture-autoreleasing -Wno-strict-prototypes -Wno-semicolon-before-method-body -index-store-path /Users/j/Documents/GitHub/MoneroOne/build/Index.noindex/DataStore @/Users/j/Documents/GitHub/MoneroOne/build/Build/Intermediates.noindex/swift-nio-ssl.build/Debug-iphonesimulator/CNIOBoringSSL.build/Objects-normal/arm64/533656923a283fa776881f304837ed9e-common-args.resp -MMD -MT dependencies -MF /Users/j/Documents/GitHub/MoneroOne/build/Build/Intermediates.noindex/swift-nio-ssl.build/Debug-iphonesimulator/CNIOBoringSSL.build/Objects-normal/arm64/sha512-armv8-win.d --serialize-diagnostics /Users/j/Documents/GitHub/MoneroOne/build/Build/Intermediates.noindex/swift-nio-ssl.build/Debug-iphonesimulator/CNIOBoringSSL.build/Objects-normal/arm64/sha512-armv8-win.dia -c /Users/j/Documents/GitHub/MoneroOne/build/SourcePackages/checkouts/swift-nio-ssl/Sources/CNIOBoringSSL/gen/bcm/sha512-armv8-win.S -o /Users/j/Documents/GitHub/MoneroOne/build/Build/Intermediates.noindex/swift-nio-ssl.build/Debug-iphonesimulator/CNIOBoringSSL.build/Objects-normal/arm64/sha512-armv8-win.o -index-unit-output-path /swift-nio-ssl.build/Debug-iphonesimulator/CNIOBoringSSL.build/Objects-normal/arm64/sha512-armv8-win.o

CompileC /Users/j/Documents/GitHub/MoneroOne/build/Build/Intermediates.noindex/swift-nio-ssl.build/Debug-iphonesimulator/CNIOBoringSSL.build/Objects-normal/arm64/sha512-armv8-linux.o /Users/j/Documents/GitHub/MoneroOne/build/SourcePackages/checkouts/swift-nio-ssl/Sources/CNIOBoringSSL/gen/bcm/sha512-armv8-linux.S normal arm64 assembler-with-cpp com.apple.compilers.llvm.clang.1_0.compiler (in target 'CNIOBoringSSL' from project 'swift-nio-ssl')
    cd /Users/j/Documents/GitHub/MoneroOne/MoneroOne.xcodeproj
    
    Using response file: /Users/j/Documents/GitHub/MoneroOne/build/Build/Intermediates.noindex/swift-nio-ssl.build/Debug-iphonesimulator/CNIOBoringSSL.build/Objects-normal/arm64/533656923a283fa776881f304837ed9e-common-args.resp
    
    /Applications/Xcode.app/Contents/Developer/Toolchains/XcodeDefault.xctoolchain/usr/bin/clang -x assembler-with-cpp -ivfsstatcache /Users/j/Documents/GitHub/MoneroOne/build/SDKStatCaches.noindex/iphonesimulator26.1-23B77-90cf18a4295e390e64c810bc6bd7acbc.sdkstatcache -fmessage-length\=0 -fdiagnostics-show-note-include-stack -fmacro-backtrace-limit\=0 -fno-color-diagnostics -fmodules-prune-interval\=86400 -fmodules-prune-after\=345600 -fbuild-session-file\=/Users/j/Documents/GitHub/MoneroOne/build/ModuleCache.noindex/Session.modulevalidation -fmodules-validate-once-per-build-session -Wnon-modular-include-in-framework-module -Werror\=non-modular-include-in-framework-module -Wno-trigraphs -Wno-missing-field-initializers -Wno-missing-prototypes -Wno-return-type -Wno-missing-braces -Wparentheses -Wswitch -Wno-unused-function -Wno-unused-label -Wno-unused-parameter -Wno-unused-variable -Wunused-value -Wno-empty-body -Wno-uninitialized -Wno-unknown-pragmas -w -Wno-shadow -Wno-four-char-constants -Wno-conversion -Wno-constant-conversion -Wno-int-conversion -Wno-bool-conversion -Wno-enum-conversion -Wno-float-conversion -Wno-non-literal-null-conversion -Wno-objc-literal-conversion -Wshorten-64-to-32 -Wno-newline-eof -Wno-implicit-fallthrough -fstrict-aliasing -Wdeprecated-declarations -Wno-sign-conversion -Wno-infinite-recursion -Wno-comma -Wno-block-capture-autoreleasing -Wno-strict-prototypes -Wno-semicolon-before-method-body -index-store-path /Users/j/Documents/GitHub/MoneroOne/build/Index.noindex/DataStore @/Users/j/Documents/GitHub/MoneroOne/build/Build/Intermediates.noindex/swift-nio-ssl.build/Debug-iphonesimulator/CNIOBoringSSL.build/Objects-normal/arm64/533656923a283fa776881f304837ed9e-common-args.resp -MMD -MT dependencies -MF /Users/j/Documents/GitHub/MoneroOne/build/Build/Intermediates.noindex/swift-nio-ssl.build/Debug-iphonesimulator/CNIOBoringSSL.build/Objects-normal/arm64/sha512-armv8-linux.d --serialize-diagnostics /Users/j/Documents/GitHub/MoneroOne/build/Build/Intermediates.noindex/swift-nio-ssl.build/Debug-iphonesimulator/CNIOBoringSSL.build/Objects-normal/arm64/sha512-armv8-linux.dia -c /Users/j/Documents/GitHub/MoneroOne/build/SourcePackages/checkouts/swift-nio-ssl/Sources/CNIOBoringSSL/gen/bcm/sha512-armv8-linux.S -o /Users/j/Documents/GitHub/MoneroOne/build/Build/Intermediates.noindex/swift-nio-ssl.build/Debug-iphonesimulator/CNIOBoringSSL.build/Objects-normal/arm64/sha512-armv8-linux.o -index-unit-output-path /swift-nio-ssl.build/Debug-iphonesimulator/CNIOBoringSSL.build/Objects-normal/arm64/sha512-armv8-linux.o

CompileC /Users/j/Documents/GitHub/MoneroOne/build/Build/Intermediates.noindex/swift-nio-ssl.build/Debug-iphonesimulator/CNIOBoringSSL.build/Objects-normal/arm64/sha512-armv8-apple.o /Users/j/Documents/GitHub/MoneroOne/build/SourcePackages/checkouts/swift-nio-ssl/Sources/CNIOBoringSSL/gen/bcm/sha512-armv8-apple.S normal arm64 assembler-with-cpp com.apple.compilers.llvm.clang.1_0.compiler (in target 'CNIOBoringSSL' from project 'swift-nio-ssl')
    cd /Users/j/Documents/GitHub/MoneroOne/MoneroOne.xcodeproj
    
    Using response file: /Users/j/Documents/GitHub/MoneroOne/build/Build/Intermediates.noindex/swift-nio-ssl.build/Debug-iphonesimulator/CNIOBoringSSL.build/Objects-normal/arm64/533656923a283fa776881f304837ed9e-common-args.resp
    
    /Applications/Xcode.app/Contents/Developer/Toolchains/XcodeDefault.xctoolchain/usr/bin/clang -x assembler-with-cpp -ivfsstatcache /Users/j/Documents/GitHub/MoneroOne/build/SDKStatCaches.noindex/iphonesimulator26.1-23B77-90cf18a4295e390e64c810bc6bd7acbc.sdkstatcache -fmessage-length\=0 -fdiagnostics-show-note-include-stack -fmacro-backtrace-limit\=0 -fno-color-diagnostics -fmodules-prune-interval\=86400 -fmodules-prune-after\=345600 -fbuild-session-file\=/Users/j/Documents/GitHub/MoneroOne/build/ModuleCache.noindex/Session.modulevalidation -fmodules-validate-once-per-build-session -Wnon-modular-include-in-framework-module -Werror\=non-modular-include-in-framework-module -Wno-trigraphs -Wno-missing-field-initializers -Wno-missing-prototypes -Wno-return-type -Wno-missing-braces -Wparentheses -Wswitch -Wno-unused-function -Wno-unused-label -Wno-unused-parameter -Wno-unused-variable -Wunused-value -Wno-empty-body -Wno-uninitialized -Wno-unknown-pragmas -w -Wno-shadow -Wno-four-char-constants -Wno-conversion -Wno-constant-conversion -Wno-int-conversion -Wno-bool-conversion -Wno-enum-conversion -Wno-float-conversion -Wno-non-literal-null-conversion -Wno-objc-literal-conversion -Wshorten-64-to-32 -Wno-newline-eof -Wno-implicit-fallthrough -fstrict-aliasing -Wdeprecated-declarations -Wno-sign-conversion -Wno-infinite-recursion -Wno-comma -Wno-block-capture-autoreleasing -Wno-strict-prototypes -Wno-semicolon-before-method-body -index-store-path /Users/j/Documents/GitHub/MoneroOne/build/Index.noindex/DataStore @/Users/j/Documents/GitHub/MoneroOne/build/Build/Intermediates.noindex/swift-nio-ssl.build/Debug-iphonesimulator/CNIOBoringSSL.build/Objects-normal/arm64/533656923a283fa776881f304837ed9e-common-args.resp -MMD -MT dependencies -MF /Users/j/Documents/GitHub/MoneroOne/build/Build/Intermediates.noindex/swift-nio-ssl.build/Debug-iphonesimulator/CNIOBoringSSL.build/Objects-normal/arm64/sha512-armv8-apple.d --serialize-diagnostics /Users/j/Documents/GitHub/MoneroOne/build/Build/Intermediates.noindex/swift-nio-ssl.build/Debug-iphonesimulator/CNIOBoringSSL.build/Objects-normal/arm64/sha512-armv8-apple.dia -c /Users/j/Documents/GitHub/MoneroOne/build/SourcePackages/checkouts/swift-nio-ssl/Sources/CNIOBoringSSL/gen/bcm/sha512-armv8-apple.S -o /Users/j/Documents/GitHub/MoneroOne/build/Build/Intermediates.noindex/swift-nio-ssl.build/Debug-iphonesimulator/CNIOBoringSSL.build/Objects-normal/arm64/sha512-armv8-apple.o -index-unit-output-path /swift-nio-ssl.build/Debug-iphonesimulator/CNIOBoringSSL.build/Objects-normal/arm64/sha512-armv8-apple.o

CompileC /Users/j/Documents/GitHub/MoneroOne/build/Build/Intermediates.noindex/swift-nio-ssl.build/Debug-iphonesimulator/CNIOBoringSSL.build/Objects-normal/arm64/sha512-armv4-linux.o /Users/j/Documents/GitHub/MoneroOne/build/SourcePackages/checkouts/swift-nio-ssl/Sources/CNIOBoringSSL/gen/bcm/sha512-armv4-linux.S normal arm64 assembler-with-cpp com.apple.compilers.llvm.clang.1_0.compiler (in target 'CNIOBoringSSL' from project 'swift-nio-ssl')
    cd /Users/j/Documents/GitHub/MoneroOne/MoneroOne.xcodeproj
    
    Using response file: /Users/j/Documents/GitHub/MoneroOne/build/Build/Intermediates.noindex/swift-nio-ssl.build/Debug-iphonesimulator/CNIOBoringSSL.build/Objects-normal/arm64/533656923a283fa776881f304837ed9e-common-args.resp
    
    /Applications/Xcode.app/Contents/Developer/Toolchains/XcodeDefault.xctoolchain/usr/bin/clang -x assembler-with-cpp -ivfsstatcache /Users/j/Documents/GitHub/MoneroOne/build/SDKStatCaches.noindex/iphonesimulator26.1-23B77-90cf18a4295e390e64c810bc6bd7acbc.sdkstatcache -fmessage-length\=0 -fdiagnostics-show-note-include-stack -fmacro-backtrace-limit\=0 -fno-color-diagnostics -fmodules-prune-interval\=86400 -fmodules-prune-after\=345600 -fbuild-session-file\=/Users/j/Documents/GitHub/MoneroOne/build/ModuleCache.noindex/Session.modulevalidation -fmodules-validate-once-per-build-session -Wnon-modular-include-in-framework-module -Werror\=non-modular-include-in-framework-module -Wno-trigraphs -Wno-missing-field-initializers -Wno-missing-prototypes -Wno-return-type -Wno-missing-braces -Wparentheses -Wswitch -Wno-unused-function -Wno-unused-label -Wno-unused-parameter -Wno-unused-variable -Wunused-value -Wno-empty-body -Wno-uninitialized -Wno-unknown-pragmas -w -Wno-shadow -Wno-four-char-constants -Wno-conversion -Wno-constant-conversion -Wno-int-conversion -Wno-bool-conversion -Wno-enum-conversion -Wno-float-conversion -Wno-non-literal-null-conversion -Wno-objc-literal-conversion -Wshorten-64-to-32 -Wno-newline-eof -Wno-implicit-fallthrough -fstrict-aliasing -Wdeprecated-declarations -Wno-sign-conversion -Wno-infinite-recursion -Wno-comma -Wno-block-capture-autoreleasing -Wno-strict-prototypes -Wno-semicolon-before-method-body -index-store-path /Users/j/Documents/GitHub/MoneroOne/build/Index.noindex/DataStore @/Users/j/Documents/GitHub/MoneroOne/build/Build/Intermediates.noindex/swift-nio-ssl.build/Debug-iphonesimulator/CNIOBoringSSL.build/Objects-normal/arm64/533656923a283fa776881f304837ed9e-common-args.resp -MMD -MT dependencies -MF /Users/j/Documents/GitHub/MoneroOne/build/Build/Intermediates.noindex/swift-nio-ssl.build/Debug-iphonesimulator/CNIOBoringSSL.build/Objects-normal/arm64/sha512-armv4-linux.d --serialize-diagnostics /Users/j/Documents/GitHub/MoneroOne/build/Build/Intermediates.noindex/swift-nio-ssl.build/Debug-iphonesimulator/CNIOBoringSSL.build/Objects-normal/arm64/sha512-armv4-linux.dia -c /Users/j/Documents/GitHub/MoneroOne/build/SourcePackages/checkouts/swift-nio-ssl/Sources/CNIOBoringSSL/gen/bcm/sha512-armv4-linux.S -o /Users/j/Documents/GitHub/MoneroOne/build/Build/Intermediates.noindex/swift-nio-ssl.build/Debug-iphonesimulator/CNIOBoringSSL.build/Objects-normal/arm64/sha512-armv4-linux.o -index-unit-output-path /swift-nio-ssl.build/Debug-iphonesimulator/CNIOBoringSSL.build/Objects-normal/arm64/sha512-armv4-linux.o

CompileC /Users/j/Documents/GitHub/MoneroOne/build/Build/Intermediates.noindex/swift-nio-ssl.build/Debug-iphonesimulator/CNIOBoringSSL.build/Objects-normal/arm64/sha512-586-linux.o /Users/j/Documents/GitHub/MoneroOne/build/SourcePackages/checkouts/swift-nio-ssl/Sources/CNIOBoringSSL/gen/bcm/sha512-586-linux.S normal arm64 assembler-with-cpp com.apple.compilers.llvm.clang.1_0.compiler (in target 'CNIOBoringSSL' from project 'swift-nio-ssl')
    cd /Users/j/Documents/GitHub/MoneroOne/MoneroOne.xcodeproj
    
    Using response file: /Users/j/Documents/GitHub/MoneroOne/build/Build/Intermediates.noindex/swift-nio-ssl.build/Debug-iphonesimulator/CNIOBoringSSL.build/Objects-normal/arm64/533656923a283fa776881f304837ed9e-common-args.resp
    
    /Applications/Xcode.app/Contents/Developer/Toolchains/XcodeDefault.xctoolchain/usr/bin/clang -x assembler-with-cpp -ivfsstatcache /Users/j/Documents/GitHub/MoneroOne/build/SDKStatCaches.noindex/iphonesimulator26.1-23B77-90cf18a4295e390e64c810bc6bd7acbc.sdkstatcache -fmessage-length\=0 -fdiagnostics-show-note-include-stack -fmacro-backtrace-limit\=0 -fno-color-diagnostics -fmodules-prune-interval\=86400 -fmodules-prune-after\=345600 -fbuild-session-file\=/Users/j/Documents/GitHub/MoneroOne/build/ModuleCache.noindex/Session.modulevalidation -fmodules-validate-once-per-build-session -Wnon-modular-include-in-framework-module -Werror\=non-modular-include-in-framework-module -Wno-trigraphs -Wno-missing-field-initializers -Wno-missing-prototypes -Wno-return-type -Wno-missing-braces -Wparentheses -Wswitch -Wno-unused-function -Wno-unused-label -Wno-unused-parameter -Wno-unused-variable -Wunused-value -Wno-empty-body -Wno-uninitialized -Wno-unknown-pragmas -w -Wno-shadow -Wno-four-char-constants -Wno-conversion -Wno-constant-conversion -Wno-int-conversion -Wno-bool-conversion -Wno-enum-conversion -Wno-float-conversion -Wno-non-literal-null-conversion -Wno-objc-literal-conversion -Wshorten-64-to-32 -Wno-newline-eof -Wno-implicit-fallthrough -fstrict-aliasing -Wdeprecated-declarations -Wno-sign-conversion -Wno-infinite-recursion -Wno-comma -Wno-block-capture-autoreleasing -Wno-strict-prototypes -Wno-semicolon-before-method-body -index-store-path /Users/j/Documents/GitHub/MoneroOne/build/Index.noindex/DataStore @/Users/j/Documents/GitHub/MoneroOne/build/Build/Intermediates.noindex/swift-nio-ssl.build/Debug-iphonesimulator/CNIOBoringSSL.build/Objects-normal/arm64/533656923a283fa776881f304837ed9e-common-args.resp -MMD -MT dependencies -MF /Users/j/Documents/GitHub/MoneroOne/build/Build/Intermediates.noindex/swift-nio-ssl.build/Debug-iphonesimulator/CNIOBoringSSL.build/Objects-normal/arm64/sha512-586-linux.d --serialize-diagnostics /Users/j/Documents/GitHub/MoneroOne/build/Build/Intermediates.noindex/swift-nio-ssl.build/Debug-iphonesimulator/CNIOBoringSSL.build/Objects-normal/arm64/sha512-586-linux.dia -c /Users/j/Documents/GitHub/MoneroOne/build/SourcePackages/checkouts/swift-nio-ssl/Sources/CNIOBoringSSL/gen/bcm/sha512-586-linux.S -o /Users/j/Documents/GitHub/MoneroOne/build/Build/Intermediates.noindex/swift-nio-ssl.build/Debug-iphonesimulator/CNIOBoringSSL.build/Objects-normal/arm64/sha512-586-linux.o -index-unit-output-path /swift-nio-ssl.build/Debug-iphonesimulator/CNIOBoringSSL.build/Objects-normal/arm64/sha512-586-linux.o

CompileC /Users/j/Documents/GitHub/MoneroOne/build/Build/Intermediates.noindex/swift-nio-ssl.build/Debug-iphonesimulator/CNIOBoringSSL.build/Objects-normal/arm64/sha512-586-apple.o /Users/j/Documents/GitHub/MoneroOne/build/SourcePackages/checkouts/swift-nio-ssl/Sources/CNIOBoringSSL/gen/bcm/sha512-586-apple.S normal arm64 assembler-with-cpp com.apple.compilers.llvm.clang.1_0.compiler (in target 'CNIOBoringSSL' from project 'swift-nio-ssl')
    cd /Users/j/Documents/GitHub/MoneroOne/MoneroOne.xcodeproj
    
    Using response file: /Users/j/Documents/GitHub/MoneroOne/build/Build/Intermediates.noindex/swift-nio-ssl.build/Debug-iphonesimulator/CNIOBoringSSL.build/Objects-normal/arm64/533656923a283fa776881f304837ed9e-common-args.resp
    
    /Applications/Xcode.app/Contents/Developer/Toolchains/XcodeDefault.xctoolchain/usr/bin/clang -x assembler-with-cpp -ivfsstatcache /Users/j/Documents/GitHub/MoneroOne/build/SDKStatCaches.noindex/iphonesimulator26.1-23B77-90cf18a4295e390e64c810bc6bd7acbc.sdkstatcache -fmessage-length\=0 -fdiagnostics-show-note-include-stack -fmacro-backtrace-limit\=0 -fno-color-diagnostics -fmodules-prune-interval\=86400 -fmodules-prune-after\=345600 -fbuild-session-file\=/Users/j/Documents/GitHub/MoneroOne/build/ModuleCache.noindex/Session.modulevalidation -fmodules-validate-once-per-build-session -Wnon-modular-include-in-framework-module -Werror\=non-modular-include-in-framework-module -Wno-trigraphs -Wno-missing-field-initializers -Wno-missing-prototypes -Wno-return-type -Wno-missing-braces -Wparentheses -Wswitch -Wno-unused-function -Wno-unused-label -Wno-unused-parameter -Wno-unused-variable -Wunused-value -Wno-empty-body -Wno-uninitialized -Wno-unknown-pragmas -w -Wno-shadow -Wno-four-char-constants -Wno-conversion -Wno-constant-conversion -Wno-int-conversion -Wno-bool-conversion -Wno-enum-conversion -Wno-float-conversion -Wno-non-literal-null-conversion -Wno-objc-literal-conversion -Wshorten-64-to-32 -Wno-newline-eof -Wno-implicit-fallthrough -fstrict-aliasing -Wdeprecated-declarations -Wno-sign-conversion -Wno-infinite-recursion -Wno-comma -Wno-block-capture-autoreleasing -Wno-strict-prototypes -Wno-semicolon-before-method-body -index-store-path /Users/j/Documents/GitHub/MoneroOne/build/Index.noindex/DataStore @/Users/j/Documents/GitHub/MoneroOne/build/Build/Intermediates.noindex/swift-nio-ssl.build/Debug-iphonesimulator/CNIOBoringSSL.build/Objects-normal/arm64/533656923a283fa776881f304837ed9e-common-args.resp -MMD -MT dependencies -MF /Users/j/Documents/GitHub/MoneroOne/build/Build/Intermediates.noindex/swift-nio-ssl.build/Debug-iphonesimulator/CNIOBoringSSL.build/Objects-normal/arm64/sha512-586-apple.d --serialize-diagnostics /Users/j/Documents/GitHub/MoneroOne/build/Build/Intermediates.noindex/swift-nio-ssl.build/Debug-iphonesimulator/CNIOBoringSSL.build/Objects-normal/arm64/sha512-586-apple.dia -c /Users/j/Documents/GitHub/MoneroOne/build/SourcePackages/checkouts/swift-nio-ssl/Sources/CNIOBoringSSL/gen/bcm/sha512-586-apple.S -o /Users/j/Documents/GitHub/MoneroOne/build/Build/Intermediates.noindex/swift-nio-ssl.build/Debug-iphonesimulator/CNIOBoringSSL.build/Objects-normal/arm64/sha512-586-apple.o -index-unit-output-path /swift-nio-ssl.build/Debug-iphonesimulator/CNIOBoringSSL.build/Objects-normal/arm64/sha512-586-apple.o

CompileC /Users/j/Documents/GitHub/MoneroOne/build/Build/Intermediates.noindex/swift-nio-ssl.build/Debug-iphonesimulator/CNIOBoringSSL.build/Objects-normal/arm64/sha256.o /Users/j/Documents/GitHub/MoneroOne/build/SourcePackages/checkouts/swift-nio-ssl/Sources/CNIOBoringSSL/crypto/sha/sha256.cc normal arm64 c++ com.apple.compilers.llvm.clang.1_0.compiler (in target 'CNIOBoringSSL' from project 'swift-nio-ssl')
    cd /Users/j/Documents/GitHub/MoneroOne/MoneroOne.xcodeproj
    
    Using response file: /Users/j/Documents/GitHub/MoneroOne/build/Build/Intermediates.noindex/swift-nio-ssl.build/Debug-iphonesimulator/CNIOBoringSSL.build/Objects-normal/arm64/82b82416624d2658e5098eb0a28c15c5-common-args.resp
    
    /Applications/Xcode.app/Contents/Developer/Toolchains/XcodeDefault.xctoolchain/usr/bin/clang -x c++ -ivfsstatcache /Users/j/Documents/GitHub/MoneroOne/build/SDKStatCaches.noindex/iphonesimulator26.1-23B77-90cf18a4295e390e64c810bc6bd7acbc.sdkstatcache -fmessage-length\=0 -fdiagnostics-show-note-include-stack -fmacro-backtrace-limit\=0 -fno-color-diagnostics -fmodules-prune-interval\=86400 -fmodules-prune-after\=345600 -fbuild-session-file\=/Users/j/Documents/GitHub/MoneroOne/build/ModuleCache.noindex/Session.modulevalidation -fmodules-validate-once-per-build-session -Wnon-modular-include-in-framework-module -Werror\=non-modular-include-in-framework-module -Wno-trigraphs -Wno-missing-field-initializers -Wno-missing-prototypes -Wno-return-type -Wno-non-virtual-dtor -Wno-overloaded-virtual -Wno-exit-time-destructors -Wno-missing-braces -Wparentheses -Wswitch -Wno-unused-function -Wno-unused-label -Wno-unused-parameter -Wno-unused-variable -Wunused-value -Wno-empty-body -Wno-uninitialized -Wno-unknown-pragmas -w -Wno-shadow -Wno-four-char-constants -Wno-conversion -Wno-constant-conversion -Wno-int-conversion -Wno-bool-conversion -Wno-enum-conversion -Wno-float-conversion -Wno-non-literal-null-conversion -Wno-objc-literal-conversion -Wshorten-64-to-32 -Wno-newline-eof -Wno-c++11-extensions -Wno-implicit-fallthrough -fstrict-aliasing -Wdeprecated-declarations -Winvalid-offsetof -Wno-sign-conversion -Wno-infinite-recursion -Wno-move -Wno-comma -Wno-block-capture-autoreleasing -Wno-strict-prototypes -Wno-range-loop-analysis -Wno-semicolon-before-method-body -index-store-path /Users/j/Documents/GitHub/MoneroOne/build/Index.noindex/DataStore @/Users/j/Documents/GitHub/MoneroOne/build/Build/Intermediates.noindex/swift-nio-ssl.build/Debug-iphonesimulator/CNIOBoringSSL.build/Objects-normal/arm64/82b82416624d2658e5098eb0a28c15c5-common-args.resp -MMD -MT dependencies -MF /Users/j/Documents/GitHub/MoneroOne/build/Build/Intermediates.noindex/swift-nio-ssl.build/Debug-iphonesimulator/CNIOBoringSSL.build/Objects-normal/arm64/sha256.d --serialize-diagnostics /Users/j/Documents/GitHub/MoneroOne/build/Build/Intermediates.noindex/swift-nio-ssl.build/Debug-iphonesimulator/CNIOBoringSSL.build/Objects-normal/arm64/sha256.dia -c /Users/j/Documents/GitHub/MoneroOne/build/SourcePackages/checkouts/swift-nio-ssl/Sources/CNIOBoringSSL/crypto/sha/sha256.cc -o /Users/j/Documents/GitHub/MoneroOne/build/Build/Intermediates.noindex/swift-nio-ssl.build/Debug-iphonesimulator/CNIOBoringSSL.build/Objects-normal/arm64/sha256.o -index-unit-output-path /swift-nio-ssl.build/Debug-iphonesimulator/CNIOBoringSSL.build/Objects-normal/arm64/sha256.o

CompileC /Users/j/Documents/GitHub/MoneroOne/build/Build/Intermediates.noindex/swift-nio-ssl.build/Debug-iphonesimulator/CNIOBoringSSL.build/Objects-normal/arm64/sha256-x86_64-linux.o /Users/j/Documents/GitHub/MoneroOne/build/SourcePackages/checkouts/swift-nio-ssl/Sources/CNIOBoringSSL/gen/bcm/sha256-x86_64-linux.S normal arm64 assembler-with-cpp com.apple.compilers.llvm.clang.1_0.compiler (in target 'CNIOBoringSSL' from project 'swift-nio-ssl')
    cd /Users/j/Documents/GitHub/MoneroOne/MoneroOne.xcodeproj
    
    Using response file: /Users/j/Documents/GitHub/MoneroOne/build/Build/Intermediates.noindex/swift-nio-ssl.build/Debug-iphonesimulator/CNIOBoringSSL.build/Objects-normal/arm64/533656923a283fa776881f304837ed9e-common-args.resp
    
    /Applications/Xcode.app/Contents/Developer/Toolchains/XcodeDefault.xctoolchain/usr/bin/clang -x assembler-with-cpp -ivfsstatcache /Users/j/Documents/GitHub/MoneroOne/build/SDKStatCaches.noindex/iphonesimulator26.1-23B77-90cf18a4295e390e64c810bc6bd7acbc.sdkstatcache -fmessage-length\=0 -fdiagnostics-show-note-include-stack -fmacro-backtrace-limit\=0 -fno-color-diagnostics -fmodules-prune-interval\=86400 -fmodules-prune-after\=345600 -fbuild-session-file\=/Users/j/Documents/GitHub/MoneroOne/build/ModuleCache.noindex/Session.modulevalidation -fmodules-validate-once-per-build-session -Wnon-modular-include-in-framework-module -Werror\=non-modular-include-in-framework-module -Wno-trigraphs -Wno-missing-field-initializers -Wno-missing-prototypes -Wno-return-type -Wno-missing-braces -Wparentheses -Wswitch -Wno-unused-function -Wno-unused-label -Wno-unused-parameter -Wno-unused-variable -Wunused-value -Wno-empty-body -Wno-uninitialized -Wno-unknown-pragmas -w -Wno-shadow -Wno-four-char-constants -Wno-conversion -Wno-constant-conversion -Wno-int-conversion -Wno-bool-conversion -Wno-enum-conversion -Wno-float-conversion -Wno-non-literal-null-conversion -Wno-objc-literal-conversion -Wshorten-64-to-32 -Wno-newline-eof -Wno-implicit-fallthrough -fstrict-aliasing -Wdeprecated-declarations -Wno-sign-conversion -Wno-infinite-recursion -Wno-comma -Wno-block-capture-autoreleasing -Wno-strict-prototypes -Wno-semicolon-before-method-body -index-store-path /Users/j/Documents/GitHub/MoneroOne/build/Index.noindex/DataStore @/Users/j/Documents/GitHub/MoneroOne/build/Build/Intermediates.noindex/swift-nio-ssl.build/Debug-iphonesimulator/CNIOBoringSSL.build/Objects-normal/arm64/533656923a283fa776881f304837ed9e-common-args.resp -MMD -MT dependencies -MF /Users/j/Documents/GitHub/MoneroOne/build/Build/Intermediates.noindex/swift-nio-ssl.build/Debug-iphonesimulator/CNIOBoringSSL.build/Objects-normal/arm64/sha256-x86_64-linux.d --serialize-diagnostics /Users/j/Documents/GitHub/MoneroOne/build/Build/Intermediates.noindex/swift-nio-ssl.build/Debug-iphonesimulator/CNIOBoringSSL.build/Objects-normal/arm64/sha256-x86_64-linux.dia -c /Users/j/Documents/GitHub/MoneroOne/build/SourcePackages/checkouts/swift-nio-ssl/Sources/CNIOBoringSSL/gen/bcm/sha256-x86_64-linux.S -o /Users/j/Documents/GitHub/MoneroOne/build/Build/Intermediates.noindex/swift-nio-ssl.build/Debug-iphonesimulator/CNIOBoringSSL.build/Objects-normal/arm64/sha256-x86_64-linux.o -index-unit-output-path /swift-nio-ssl.build/Debug-iphonesimulator/CNIOBoringSSL.build/Objects-normal/arm64/sha256-x86_64-linux.o

CompileC /Users/j/Documents/GitHub/MoneroOne/build/Build/Intermediates.noindex/swift-nio-ssl.build/Debug-iphonesimulator/CNIOBoringSSL.build/Objects-normal/arm64/sha256-x86_64-apple.o /Users/j/Documents/GitHub/MoneroOne/build/SourcePackages/checkouts/swift-nio-ssl/Sources/CNIOBoringSSL/gen/bcm/sha256-x86_64-apple.S normal arm64 assembler-with-cpp com.apple.compilers.llvm.clang.1_0.compiler (in target 'CNIOBoringSSL' from project 'swift-nio-ssl')
    cd /Users/j/Documents/GitHub/MoneroOne/MoneroOne.xcodeproj
    
    Using response file: /Users/j/Documents/GitHub/MoneroOne/build/Build/Intermediates.noindex/swift-nio-ssl.build/Debug-iphonesimulator/CNIOBoringSSL.build/Objects-normal/arm64/533656923a283fa776881f304837ed9e-common-args.resp
    
    /Applications/Xcode.app/Contents/Developer/Toolchains/XcodeDefault.xctoolchain/usr/bin/clang -x assembler-with-cpp -ivfsstatcache /Users/j/Documents/GitHub/MoneroOne/build/SDKStatCaches.noindex/iphonesimulator26.1-23B77-90cf18a4295e390e64c810bc6bd7acbc.sdkstatcache -fmessage-length\=0 -fdiagnostics-show-note-include-stack -fmacro-backtrace-limit\=0 -fno-color-diagnostics -fmodules-prune-interval\=86400 -fmodules-prune-after\=345600 -fbuild-session-file\=/Users/j/Documents/GitHub/MoneroOne/build/ModuleCache.noindex/Session.modulevalidation -fmodules-validate-once-per-build-session -Wnon-modular-include-in-framework-module -Werror\=non-modular-include-in-framework-module -Wno-trigraphs -Wno-missing-field-initializers -Wno-missing-prototypes -Wno-return-type -Wno-missing-braces -Wparentheses -Wswitch -Wno-unused-function -Wno-unused-label -Wno-unused-parameter -Wno-unused-variable -Wunused-value -Wno-empty-body -Wno-uninitialized -Wno-unknown-pragmas -w -Wno-shadow -Wno-four-char-constants -Wno-conversion -Wno-constant-conversion -Wno-int-conversion -Wno-bool-conversion -Wno-enum-conversion -Wno-float-conversion -Wno-non-literal-null-conversion -Wno-objc-literal-conversion -Wshorten-64-to-32 -Wno-newline-eof -Wno-implicit-fallthrough -fstrict-aliasing -Wdeprecated-declarations -Wno-sign-conversion -Wno-infinite-recursion -Wno-comma -Wno-block-capture-autoreleasing -Wno-strict-prototypes -Wno-semicolon-before-method-body -index-store-path /Users/j/Documents/GitHub/MoneroOne/build/Index.noindex/DataStore @/Users/j/Documents/GitHub/MoneroOne/build/Build/Intermediates.noindex/swift-nio-ssl.build/Debug-iphonesimulator/CNIOBoringSSL.build/Objects-normal/arm64/533656923a283fa776881f304837ed9e-common-args.resp -MMD -MT dependencies -MF /Users/j/Documents/GitHub/MoneroOne/build/Build/Intermediates.noindex/swift-nio-ssl.build/Debug-iphonesimulator/CNIOBoringSSL.build/Objects-normal/arm64/sha256-x86_64-apple.d --serialize-diagnostics /Users/j/Documents/GitHub/MoneroOne/build/Build/Intermediates.noindex/swift-nio-ssl.build/Debug-iphonesimulator/CNIOBoringSSL.build/Objects-normal/arm64/sha256-x86_64-apple.dia -c /Users/j/Documents/GitHub/MoneroOne/build/SourcePackages/checkouts/swift-nio-ssl/Sources/CNIOBoringSSL/gen/bcm/sha256-x86_64-apple.S -o /Users/j/Documents/GitHub/MoneroOne/build/Build/Intermediates.noindex/swift-nio-ssl.build/Debug-iphonesimulator/CNIOBoringSSL.build/Objects-normal/arm64/sha256-x86_64-apple.o -index-unit-output-path /swift-nio-ssl.build/Debug-iphonesimulator/CNIOBoringSSL.build/Objects-normal/arm64/sha256-x86_64-apple.o

CompileC /Users/j/Documents/GitHub/MoneroOne/build/Build/Intermediates.noindex/swift-nio-ssl.build/Debug-iphonesimulator/CNIOBoringSSL.build/Objects-normal/arm64/sha256-armv8-win.o /Users/j/Documents/GitHub/MoneroOne/build/SourcePackages/checkouts/swift-nio-ssl/Sources/CNIOBoringSSL/gen/bcm/sha256-armv8-win.S normal arm64 assembler-with-cpp com.apple.compilers.llvm.clang.1_0.compiler (in target 'CNIOBoringSSL' from project 'swift-nio-ssl')
    cd /Users/j/Documents/GitHub/MoneroOne/MoneroOne.xcodeproj
    
    Using response file: /Users/j/Documents/GitHub/MoneroOne/build/Build/Intermediates.noindex/swift-nio-ssl.build/Debug-iphonesimulator/CNIOBoringSSL.build/Objects-normal/arm64/533656923a283fa776881f304837ed9e-common-args.resp
    
    /Applications/Xcode.app/Contents/Developer/Toolchains/XcodeDefault.xctoolchain/usr/bin/clang -x assembler-with-cpp -ivfsstatcache /Users/j/Documents/GitHub/MoneroOne/build/SDKStatCaches.noindex/iphonesimulator26.1-23B77-90cf18a4295e390e64c810bc6bd7acbc.sdkstatcache -fmessage-length\=0 -fdiagnostics-show-note-include-stack -fmacro-backtrace-limit\=0 -fno-color-diagnostics -fmodules-prune-interval\=86400 -fmodules-prune-after\=345600 -fbuild-session-file\=/Users/j/Documents/GitHub/MoneroOne/build/ModuleCache.noindex/Session.modulevalidation -fmodules-validate-once-per-build-session -Wnon-modular-include-in-framework-module -Werror\=non-modular-include-in-framework-module -Wno-trigraphs -Wno-missing-field-initializers -Wno-missing-prototypes -Wno-return-type -Wno-missing-braces -Wparentheses -Wswitch -Wno-unused-function -Wno-unused-label -Wno-unused-parameter -Wno-unused-variable -Wunused-value -Wno-empty-body -Wno-uninitialized -Wno-unknown-pragmas -w -Wno-shadow -Wno-four-char-constants -Wno-conversion -Wno-constant-conversion -Wno-int-conversion -Wno-bool-conversion -Wno-enum-conversion -Wno-float-conversion -Wno-non-literal-null-conversion -Wno-objc-literal-conversion -Wshorten-64-to-32 -Wno-newline-eof -Wno-implicit-fallthrough -fstrict-aliasing -Wdeprecated-declarations -Wno-sign-conversion -Wno-infinite-recursion -Wno-comma -Wno-block-capture-autoreleasing -Wno-strict-prototypes -Wno-semicolon-before-method-body -index-store-path /Users/j/Documents/GitHub/MoneroOne/build/Index.noindex/DataStore @/Users/j/Documents/GitHub/MoneroOne/build/Build/Intermediates.noindex/swift-nio-ssl.build/Debug-iphonesimulator/CNIOBoringSSL.build/Objects-normal/arm64/533656923a283fa776881f304837ed9e-common-args.resp -MMD -MT dependencies -MF /Users/j/Documents/GitHub/MoneroOne/build/Build/Intermediates.noindex/swift-nio-ssl.build/Debug-iphonesimulator/CNIOBoringSSL.build/Objects-normal/arm64/sha256-armv8-win.d --serialize-diagnostics /Users/j/Documents/GitHub/MoneroOne/build/Build/Intermediates.noindex/swift-nio-ssl.build/Debug-iphonesimulator/CNIOBoringSSL.build/Objects-normal/arm64/sha256-armv8-win.dia -c /Users/j/Documents/GitHub/MoneroOne/build/SourcePackages/checkouts/swift-nio-ssl/Sources/CNIOBoringSSL/gen/bcm/sha256-armv8-win.S -o /Users/j/Documents/GitHub/MoneroOne/build/Build/Intermediates.noindex/swift-nio-ssl.build/Debug-iphonesimulator/CNIOBoringSSL.build/Objects-normal/arm64/sha256-armv8-win.o -index-unit-output-path /swift-nio-ssl.build/Debug-iphonesimulator/CNIOBoringSSL.build/Objects-normal/arm64/sha256-armv8-win.o

CompileC /Users/j/Documents/GitHub/MoneroOne/build/Build/Intermediates.noindex/swift-nio-ssl.build/Debug-iphonesimulator/CNIOBoringSSL.build/Objects-normal/arm64/sha256-armv8-linux.o /Users/j/Documents/GitHub/MoneroOne/build/SourcePackages/checkouts/swift-nio-ssl/Sources/CNIOBoringSSL/gen/bcm/sha256-armv8-linux.S normal arm64 assembler-with-cpp com.apple.compilers.llvm.clang.1_0.compiler (in target 'CNIOBoringSSL' from project 'swift-nio-ssl')
    cd /Users/j/Documents/GitHub/MoneroOne/MoneroOne.xcodeproj
    
    Using response file: /Users/j/Documents/GitHub/MoneroOne/build/Build/Intermediates.noindex/swift-nio-ssl.build/Debug-iphonesimulator/CNIOBoringSSL.build/Objects-normal/arm64/533656923a283fa776881f304837ed9e-common-args.resp
    
    /Applications/Xcode.app/Contents/Developer/Toolchains/XcodeDefault.xctoolchain/usr/bin/clang -x assembler-with-cpp -ivfsstatcache /Users/j/Documents/GitHub/MoneroOne/build/SDKStatCaches.noindex/iphonesimulator26.1-23B77-90cf18a4295e390e64c810bc6bd7acbc.sdkstatcache -fmessage-length\=0 -fdiagnostics-show-note-include-stack -fmacro-backtrace-limit\=0 -fno-color-diagnostics -fmodules-prune-interval\=86400 -fmodules-prune-after\=345600 -fbuild-session-file\=/Users/j/Documents/GitHub/MoneroOne/build/ModuleCache.noindex/Session.modulevalidation -fmodules-validate-once-per-build-session -Wnon-modular-include-in-framework-module -Werror\=non-modular-include-in-framework-module -Wno-trigraphs -Wno-missing-field-initializers -Wno-missing-prototypes -Wno-return-type -Wno-missing-braces -Wparentheses -Wswitch -Wno-unused-function -Wno-unused-label -Wno-unused-parameter -Wno-unused-variable -Wunused-value -Wno-empty-body -Wno-uninitialized -Wno-unknown-pragmas -w -Wno-shadow -Wno-four-char-constants -Wno-conversion -Wno-constant-conversion -Wno-int-conversion -Wno-bool-conversion -Wno-enum-conversion -Wno-float-conversion -Wno-non-literal-null-conversion -Wno-objc-literal-conversion -Wshorten-64-to-32 -Wno-newline-eof -Wno-implicit-fallthrough -fstrict-aliasing -Wdeprecated-declarations -Wno-sign-conversion -Wno-infinite-recursion -Wno-comma -Wno-block-capture-autoreleasing -Wno-strict-prototypes -Wno-semicolon-before-method-body -index-store-path /Users/j/Documents/GitHub/MoneroOne/build/Index.noindex/DataStore @/Users/j/Documents/GitHub/MoneroOne/build/Build/Intermediates.noindex/swift-nio-ssl.build/Debug-iphonesimulator/CNIOBoringSSL.build/Objects-normal/arm64/533656923a283fa776881f304837ed9e-common-args.resp -MMD -MT dependencies -MF /Users/j/Documents/GitHub/MoneroOne/build/Build/Intermediates.noindex/swift-nio-ssl.build/Debug-iphonesimulator/CNIOBoringSSL.build/Objects-normal/arm64/sha256-armv8-linux.d --serialize-diagnostics /Users/j/Documents/GitHub/MoneroOne/build/Build/Intermediates.noindex/swift-nio-ssl.build/Debug-iphonesimulator/CNIOBoringSSL.build/Objects-normal/arm64/sha256-armv8-linux.dia -c /Users/j/Documents/GitHub/MoneroOne/build/SourcePackages/checkouts/swift-nio-ssl/Sources/CNIOBoringSSL/gen/bcm/sha256-armv8-linux.S -o /Users/j/Documents/GitHub/MoneroOne/build/Build/Intermediates.noindex/swift-nio-ssl.build/Debug-iphonesimulator/CNIOBoringSSL.build/Objects-normal/arm64/sha256-armv8-linux.o -index-unit-output-path /swift-nio-ssl.build/Debug-iphonesimulator/CNIOBoringSSL.build/Objects-normal/arm64/sha256-armv8-linux.o

CompileC /Users/j/Documents/GitHub/MoneroOne/build/Build/Intermediates.noindex/swift-nio-ssl.build/Debug-iphonesimulator/CNIOBoringSSL.build/Objects-normal/arm64/sha256-armv8-apple.o /Users/j/Documents/GitHub/MoneroOne/build/SourcePackages/checkouts/swift-nio-ssl/Sources/CNIOBoringSSL/gen/bcm/sha256-armv8-apple.S normal arm64 assembler-with-cpp com.apple.compilers.llvm.clang.1_0.compiler (in target 'CNIOBoringSSL' from project 'swift-nio-ssl')
    cd /Users/j/Documents/GitHub/MoneroOne/MoneroOne.xcodeproj
    
    Using response file: /Users/j/Documents/GitHub/MoneroOne/build/Build/Intermediates.noindex/swift-nio-ssl.build/Debug-iphonesimulator/CNIOBoringSSL.build/Objects-normal/arm64/533656923a283fa776881f304837ed9e-common-args.resp
    
    /Applications/Xcode.app/Contents/Developer/Toolchains/XcodeDefault.xctoolchain/usr/bin/clang -x assembler-with-cpp -ivfsstatcache /Users/j/Documents/GitHub/MoneroOne/build/SDKStatCaches.noindex/iphonesimulator26.1-23B77-90cf18a4295e390e64c810bc6bd7acbc.sdkstatcache -fmessage-length\=0 -fdiagnostics-show-note-include-stack -fmacro-backtrace-limit\=0 -fno-color-diagnostics -fmodules-prune-interval\=86400 -fmodules-prune-after\=345600 -fbuild-session-file\=/Users/j/Documents/GitHub/MoneroOne/build/ModuleCache.noindex/Session.modulevalidation -fmodules-validate-once-per-build-session -Wnon-modular-include-in-framework-module -Werror\=non-modular-include-in-framework-module -Wno-trigraphs -Wno-missing-field-initializers -Wno-missing-prototypes -Wno-return-type -Wno-missing-braces -Wparentheses -Wswitch -Wno-unused-function -Wno-unused-label -Wno-unused-parameter -Wno-unused-variable -Wunused-value -Wno-empty-body -Wno-uninitialized -Wno-unknown-pragmas -w -Wno-shadow -Wno-four-char-constants -Wno-conversion -Wno-constant-conversion -Wno-int-conversion -Wno-bool-conversion -Wno-enum-conversion -Wno-float-conversion -Wno-non-literal-null-conversion -Wno-objc-literal-conversion -Wshorten-64-to-32 -Wno-newline-eof -Wno-implicit-fallthrough -fstrict-aliasing -Wdeprecated-declarations -Wno-sign-conversion -Wno-infinite-recursion -Wno-comma -Wno-block-capture-autoreleasing -Wno-strict-prototypes -Wno-semicolon-before-method-body -index-store-path /Users/j/Documents/GitHub/MoneroOne/build/Index.noindex/DataStore @/Users/j/Documents/GitHub/MoneroOne/build/Build/Intermediates.noindex/swift-nio-ssl.build/Debug-iphonesimulator/CNIOBoringSSL.build/Objects-normal/arm64/533656923a283fa776881f304837ed9e-common-args.resp -MMD -MT dependencies -MF /Users/j/Documents/GitHub/MoneroOne/build/Build/Intermediates.noindex/swift-nio-ssl.build/Debug-iphonesimulator/CNIOBoringSSL.build/Objects-normal/arm64/sha256-armv8-apple.d --serialize-diagnostics /Users/j/Documents/GitHub/MoneroOne/build/Build/Intermediates.noindex/swift-nio-ssl.build/Debug-iphonesimulator/CNIOBoringSSL.build/Objects-normal/arm64/sha256-armv8-apple.dia -c /Users/j/Documents/GitHub/MoneroOne/build/SourcePackages/checkouts/swift-nio-ssl/Sources/CNIOBoringSSL/gen/bcm/sha256-armv8-apple.S -o /Users/j/Documents/GitHub/MoneroOne/build/Build/Intermediates.noindex/swift-nio-ssl.build/Debug-iphonesimulator/CNIOBoringSSL.build/Objects-normal/arm64/sha256-armv8-apple.o -index-unit-output-path /swift-nio-ssl.build/Debug-iphonesimulator/CNIOBoringSSL.build/Objects-normal/arm64/sha256-armv8-apple.o

CompileC /Users/j/Documents/GitHub/MoneroOne/build/Build/Intermediates.noindex/swift-nio-ssl.build/Debug-iphonesimulator/CNIOBoringSSL.build/Objects-normal/arm64/sha256-armv4-linux.o /Users/j/Documents/GitHub/MoneroOne/build/SourcePackages/checkouts/swift-nio-ssl/Sources/CNIOBoringSSL/gen/bcm/sha256-armv4-linux.S normal arm64 assembler-with-cpp com.apple.compilers.llvm.clang.1_0.compiler (in target 'CNIOBoringSSL' from project 'swift-nio-ssl')
    cd /Users/j/Documents/GitHub/MoneroOne/MoneroOne.xcodeproj
    
    Using response file: /Users/j/Documents/GitHub/MoneroOne/build/Build/Intermediates.noindex/swift-nio-ssl.build/Debug-iphonesimulator/CNIOBoringSSL.build/Objects-normal/arm64/533656923a283fa776881f304837ed9e-common-args.resp
    
    /Applications/Xcode.app/Contents/Developer/Toolchains/XcodeDefault.xctoolchain/usr/bin/clang -x assembler-with-cpp -ivfsstatcache /Users/j/Documents/GitHub/MoneroOne/build/SDKStatCaches.noindex/iphonesimulator26.1-23B77-90cf18a4295e390e64c810bc6bd7acbc.sdkstatcache -fmessage-length\=0 -fdiagnostics-show-note-include-stack -fmacro-backtrace-limit\=0 -fno-color-diagnostics -fmodules-prune-interval\=86400 -fmodules-prune-after\=345600 -fbuild-session-file\=/Users/j/Documents/GitHub/MoneroOne/build/ModuleCache.noindex/Session.modulevalidation -fmodules-validate-once-per-build-session -Wnon-modular-include-in-framework-module -Werror\=non-modular-include-in-framework-module -Wno-trigraphs -Wno-missing-field-initializers -Wno-missing-prototypes -Wno-return-type -Wno-missing-braces -Wparentheses -Wswitch -Wno-unused-function -Wno-unused-label -Wno-unused-parameter -Wno-unused-variable -Wunused-value -Wno-empty-body -Wno-uninitialized -Wno-unknown-pragmas -w -Wno-shadow -Wno-four-char-constants -Wno-conversion -Wno-constant-conversion -Wno-int-conversion -Wno-bool-conversion -Wno-enum-conversion -Wno-float-conversion -Wno-non-literal-null-conversion -Wno-objc-literal-conversion -Wshorten-64-to-32 -Wno-newline-eof -Wno-implicit-fallthrough -fstrict-aliasing -Wdeprecated-declarations -Wno-sign-conversion -Wno-infinite-recursion -Wno-comma -Wno-block-capture-autoreleasing -Wno-strict-prototypes -Wno-semicolon-before-method-body -index-store-path /Users/j/Documents/GitHub/MoneroOne/build/Index.noindex/DataStore @/Users/j/Documents/GitHub/MoneroOne/build/Build/Intermediates.noindex/swift-nio-ssl.build/Debug-iphonesimulator/CNIOBoringSSL.build/Objects-normal/arm64/533656923a283fa776881f304837ed9e-common-args.resp -MMD -MT dependencies -MF /Users/j/Documents/GitHub/MoneroOne/build/Build/Intermediates.noindex/swift-nio-ssl.build/Debug-iphonesimulator/CNIOBoringSSL.build/Objects-normal/arm64/sha256-armv4-linux.d --serialize-diagnostics /Users/j/Documents/GitHub/MoneroOne/build/Build/Intermediates.noindex/swift-nio-ssl.build/Debug-iphonesimulator/CNIOBoringSSL.build/Objects-normal/arm64/sha256-armv4-linux.dia -c /Users/j/Documents/GitHub/MoneroOne/build/SourcePackages/checkouts/swift-nio-ssl/Sources/CNIOBoringSSL/gen/bcm/sha256-armv4-linux.S -o /Users/j/Documents/GitHub/MoneroOne/build/Build/Intermediates.noindex/swift-nio-ssl.build/Debug-iphonesimulator/CNIOBoringSSL.build/Objects-normal/arm64/sha256-armv4-linux.o -index-unit-output-path /swift-nio-ssl.build/Debug-iphonesimulator/CNIOBoringSSL.build/Objects-normal/arm64/sha256-armv4-linux.o

CompileC /Users/j/Documents/GitHub/MoneroOne/build/Build/Intermediates.noindex/swift-nio-ssl.build/Debug-iphonesimulator/CNIOBoringSSL.build/Objects-normal/arm64/sha256-586-linux.o /Users/j/Documents/GitHub/MoneroOne/build/SourcePackages/checkouts/swift-nio-ssl/Sources/CNIOBoringSSL/gen/bcm/sha256-586-linux.S normal arm64 assembler-with-cpp com.apple.compilers.llvm.clang.1_0.compiler (in target 'CNIOBoringSSL' from project 'swift-nio-ssl')
    cd /Users/j/Documents/GitHub/MoneroOne/MoneroOne.xcodeproj
    
    Using response file: /Users/j/Documents/GitHub/MoneroOne/build/Build/Intermediates.noindex/swift-nio-ssl.build/Debug-iphonesimulator/CNIOBoringSSL.build/Objects-normal/arm64/533656923a283fa776881f304837ed9e-common-args.resp
    
    /Applications/Xcode.app/Contents/Developer/Toolchains/XcodeDefault.xctoolchain/usr/bin/clang -x assembler-with-cpp -ivfsstatcache /Users/j/Documents/GitHub/MoneroOne/build/SDKStatCaches.noindex/iphonesimulator26.1-23B77-90cf18a4295e390e64c810bc6bd7acbc.sdkstatcache -fmessage-length\=0 -fdiagnostics-show-note-include-stack -fmacro-backtrace-limit\=0 -fno-color-diagnostics -fmodules-prune-interval\=86400 -fmodules-prune-after\=345600 -fbuild-session-file\=/Users/j/Documents/GitHub/MoneroOne/build/ModuleCache.noindex/Session.modulevalidation -fmodules-validate-once-per-build-session -Wnon-modular-include-in-framework-module -Werror\=non-modular-include-in-framework-module -Wno-trigraphs -Wno-missing-field-initializers -Wno-missing-prototypes -Wno-return-type -Wno-missing-braces -Wparentheses -Wswitch -Wno-unused-function -Wno-unused-label -Wno-unused-parameter -Wno-unused-variable -Wunused-value -Wno-empty-body -Wno-uninitialized -Wno-unknown-pragmas -w -Wno-shadow -Wno-four-char-constants -Wno-conversion -Wno-constant-conversion -Wno-int-conversion -Wno-bool-conversion -Wno-enum-conversion -Wno-float-conversion -Wno-non-literal-null-conversion -Wno-objc-literal-conversion -Wshorten-64-to-32 -Wno-newline-eof -Wno-implicit-fallthrough -fstrict-aliasing -Wdeprecated-declarations -Wno-sign-conversion -Wno-infinite-recursion -Wno-comma -Wno-block-capture-autoreleasing -Wno-strict-prototypes -Wno-semicolon-before-method-body -index-store-path /Users/j/Documents/GitHub/MoneroOne/build/Index.noindex/DataStore @/Users/j/Documents/GitHub/MoneroOne/build/Build/Intermediates.noindex/swift-nio-ssl.build/Debug-iphonesimulator/CNIOBoringSSL.build/Objects-normal/arm64/533656923a283fa776881f304837ed9e-common-args.resp -MMD -MT dependencies -MF /Users/j/Documents/GitHub/MoneroOne/build/Build/Intermediates.noindex/swift-nio-ssl.build/Debug-iphonesimulator/CNIOBoringSSL.build/Objects-normal/arm64/sha256-586-linux.d --serialize-diagnostics /Users/j/Documents/GitHub/MoneroOne/build/Build/Intermediates.noindex/swift-nio-ssl.build/Debug-iphonesimulator/CNIOBoringSSL.build/Objects-normal/arm64/sha256-586-linux.dia -c /Users/j/Documents/GitHub/MoneroOne/build/SourcePackages/checkouts/swift-nio-ssl/Sources/CNIOBoringSSL/gen/bcm/sha256-586-linux.S -o /Users/j/Documents/GitHub/MoneroOne/build/Build/Intermediates.noindex/swift-nio-ssl.build/Debug-iphonesimulator/CNIOBoringSSL.build/Objects-normal/arm64/sha256-586-linux.o -index-unit-output-path /swift-nio-ssl.build/Debug-iphonesimulator/CNIOBoringSSL.build/Objects-normal/arm64/sha256-586-linux.o

CompileC /Users/j/Documents/GitHub/MoneroOne/build/Build/Intermediates.noindex/swift-nio-ssl.build/Debug-iphonesimulator/CNIOBoringSSL.build/Objects-normal/arm64/sha256-586-apple.o /Users/j/Documents/GitHub/MoneroOne/build/SourcePackages/checkouts/swift-nio-ssl/Sources/CNIOBoringSSL/gen/bcm/sha256-586-apple.S normal arm64 assembler-with-cpp com.apple.compilers.llvm.clang.1_0.compiler (in target 'CNIOBoringSSL' from project 'swift-nio-ssl')
    cd /Users/j/Documents/GitHub/MoneroOne/MoneroOne.xcodeproj
    
    Using response file: /Users/j/Documents/GitHub/MoneroOne/build/Build/Intermediates.noindex/swift-nio-ssl.build/Debug-iphonesimulator/CNIOBoringSSL.build/Objects-normal/arm64/533656923a283fa776881f304837ed9e-common-args.resp
    
    /Applications/Xcode.app/Contents/Developer/Toolchains/XcodeDefault.xctoolchain/usr/bin/clang -x assembler-with-cpp -ivfsstatcache /Users/j/Documents/GitHub/MoneroOne/build/SDKStatCaches.noindex/iphonesimulator26.1-23B77-90cf18a4295e390e64c810bc6bd7acbc.sdkstatcache -fmessage-length\=0 -fdiagnostics-show-note-include-stack -fmacro-backtrace-limit\=0 -fno-color-diagnostics -fmodules-prune-interval\=86400 -fmodules-prune-after\=345600 -fbuild-session-file\=/Users/j/Documents/GitHub/MoneroOne/build/ModuleCache.noindex/Session.modulevalidation -fmodules-validate-once-per-build-session -Wnon-modular-include-in-framework-module -Werror\=non-modular-include-in-framework-module -Wno-trigraphs -Wno-missing-field-initializers -Wno-missing-prototypes -Wno-return-type -Wno-missing-braces -Wparentheses -Wswitch -Wno-unused-function -Wno-unused-label -Wno-unused-parameter -Wno-unused-variable -Wunused-value -Wno-empty-body -Wno-uninitialized -Wno-unknown-pragmas -w -Wno-shadow -Wno-four-char-constants -Wno-conversion -Wno-constant-conversion -Wno-int-conversion -Wno-bool-conversion -Wno-enum-conversion -Wno-float-conversion -Wno-non-literal-null-conversion -Wno-objc-literal-conversion -Wshorten-64-to-32 -Wno-newline-eof -Wno-implicit-fallthrough -fstrict-aliasing -Wdeprecated-declarations -Wno-sign-conversion -Wno-infinite-recursion -Wno-comma -Wno-block-capture-autoreleasing -Wno-strict-prototypes -Wno-semicolon-before-method-body -index-store-path /Users/j/Documents/GitHub/MoneroOne/build/Index.noindex/DataStore @/Users/j/Documents/GitHub/MoneroOne/build/Build/Intermediates.noindex/swift-nio-ssl.build/Debug-iphonesimulator/CNIOBoringSSL.build/Objects-normal/arm64/533656923a283fa776881f304837ed9e-common-args.resp -MMD -MT dependencies -MF /Users/j/Documents/GitHub/MoneroOne/build/Build/Intermediates.noindex/swift-nio-ssl.build/Debug-iphonesimulator/CNIOBoringSSL.build/Objects-normal/arm64/sha256-586-apple.d --serialize-diagnostics /Users/j/Documents/GitHub/MoneroOne/build/Build/Intermediates.noindex/swift-nio-ssl.build/Debug-iphonesimulator/CNIOBoringSSL.build/Objects-normal/arm64/sha256-586-apple.dia -c /Users/j/Documents/GitHub/MoneroOne/build/SourcePackages/checkouts/swift-nio-ssl/Sources/CNIOBoringSSL/gen/bcm/sha256-586-apple.S -o /Users/j/Documents/GitHub/MoneroOne/build/Build/Intermediates.noindex/swift-nio-ssl.build/Debug-iphonesimulator/CNIOBoringSSL.build/Objects-normal/arm64/sha256-586-apple.o -index-unit-output-path /swift-nio-ssl.build/Debug-iphonesimulator/CNIOBoringSSL.build/Objects-normal/arm64/sha256-586-apple.o

CompileC /Users/j/Documents/GitHub/MoneroOne/build/Build/Intermediates.noindex/swift-nio-ssl.build/Debug-iphonesimulator/CNIOBoringSSL.build/Objects-normal/arm64/sha1.o /Users/j/Documents/GitHub/MoneroOne/build/SourcePackages/checkouts/swift-nio-ssl/Sources/CNIOBoringSSL/crypto/sha/sha1.cc normal arm64 c++ com.apple.compilers.llvm.clang.1_0.compiler (in target 'CNIOBoringSSL' from project 'swift-nio-ssl')
    cd /Users/j/Documents/GitHub/MoneroOne/MoneroOne.xcodeproj
    
    Using response file: /Users/j/Documents/GitHub/MoneroOne/build/Build/Intermediates.noindex/swift-nio-ssl.build/Debug-iphonesimulator/CNIOBoringSSL.build/Objects-normal/arm64/82b82416624d2658e5098eb0a28c15c5-common-args.resp
    
    /Applications/Xcode.app/Contents/Developer/Toolchains/XcodeDefault.xctoolchain/usr/bin/clang -x c++ -ivfsstatcache /Users/j/Documents/GitHub/MoneroOne/build/SDKStatCaches.noindex/iphonesimulator26.1-23B77-90cf18a4295e390e64c810bc6bd7acbc.sdkstatcache -fmessage-length\=0 -fdiagnostics-show-note-include-stack -fmacro-backtrace-limit\=0 -fno-color-diagnostics -fmodules-prune-interval\=86400 -fmodules-prune-after\=345600 -fbuild-session-file\=/Users/j/Documents/GitHub/MoneroOne/build/ModuleCache.noindex/Session.modulevalidation -fmodules-validate-once-per-build-session -Wnon-modular-include-in-framework-module -Werror\=non-modular-include-in-framework-module -Wno-trigraphs -Wno-missing-field-initializers -Wno-missing-prototypes -Wno-return-type -Wno-non-virtual-dtor -Wno-overloaded-virtual -Wno-exit-time-destructors -Wno-missing-braces -Wparentheses -Wswitch -Wno-unused-function -Wno-unused-label -Wno-unused-parameter -Wno-unused-variable -Wunused-value -Wno-empty-body -Wno-uninitialized -Wno-unknown-pragmas -w -Wno-shadow -Wno-four-char-constants -Wno-conversion -Wno-constant-conversion -Wno-int-conversion -Wno-bool-conversion -Wno-enum-conversion -Wno-float-conversion -Wno-non-literal-null-conversion -Wno-objc-literal-conversion -Wshorten-64-to-32 -Wno-newline-eof -Wno-c++11-extensions -Wno-implicit-fallthrough -fstrict-aliasing -Wdeprecated-declarations -Winvalid-offsetof -Wno-sign-conversion -Wno-infinite-recursion -Wno-move -Wno-comma -Wno-block-capture-autoreleasing -Wno-strict-prototypes -Wno-range-loop-analysis -Wno-semicolon-before-method-body -index-store-path /Users/j/Documents/GitHub/MoneroOne/build/Index.noindex/DataStore @/Users/j/Documents/GitHub/MoneroOne/build/Build/Intermediates.noindex/swift-nio-ssl.build/Debug-iphonesimulator/CNIOBoringSSL.build/Objects-normal/arm64/82b82416624d2658e5098eb0a28c15c5-common-args.resp -MMD -MT dependencies -MF /Users/j/Documents/GitHub/MoneroOne/build/Build/Intermediates.noindex/swift-nio-ssl.build/Debug-iphonesimulator/CNIOBoringSSL.build/Objects-normal/arm64/sha1.d --serialize-diagnostics /Users/j/Documents/GitHub/MoneroOne/build/Build/Intermediates.noindex/swift-nio-ssl.build/Debug-iphonesimulator/CNIOBoringSSL.build/Objects-normal/arm64/sha1.dia -c /Users/j/Documents/GitHub/MoneroOne/build/SourcePackages/checkouts/swift-nio-ssl/Sources/CNIOBoringSSL/crypto/sha/sha1.cc -o /Users/j/Documents/GitHub/MoneroOne/build/Build/Intermediates.noindex/swift-nio-ssl.build/Debug-iphonesimulator/CNIOBoringSSL.build/Objects-normal/arm64/sha1.o -index-unit-output-path /swift-nio-ssl.build/Debug-iphonesimulator/CNIOBoringSSL.build/Objects-normal/arm64/sha1.o

CompileC /Users/j/Documents/GitHub/MoneroOne/build/Build/Intermediates.noindex/swift-nio-ssl.build/Debug-iphonesimulator/CNIOBoringSSL.build/Objects-normal/arm64/sha1-x86_64-linux.o /Users/j/Documents/GitHub/MoneroOne/build/SourcePackages/checkouts/swift-nio-ssl/Sources/CNIOBoringSSL/gen/bcm/sha1-x86_64-linux.S normal arm64 assembler-with-cpp com.apple.compilers.llvm.clang.1_0.compiler (in target 'CNIOBoringSSL' from project 'swift-nio-ssl')
    cd /Users/j/Documents/GitHub/MoneroOne/MoneroOne.xcodeproj
    
    Using response file: /Users/j/Documents/GitHub/MoneroOne/build/Build/Intermediates.noindex/swift-nio-ssl.build/Debug-iphonesimulator/CNIOBoringSSL.build/Objects-normal/arm64/533656923a283fa776881f304837ed9e-common-args.resp
    
    /Applications/Xcode.app/Contents/Developer/Toolchains/XcodeDefault.xctoolchain/usr/bin/clang -x assembler-with-cpp -ivfsstatcache /Users/j/Documents/GitHub/MoneroOne/build/SDKStatCaches.noindex/iphonesimulator26.1-23B77-90cf18a4295e390e64c810bc6bd7acbc.sdkstatcache -fmessage-length\=0 -fdiagnostics-show-note-include-stack -fmacro-backtrace-limit\=0 -fno-color-diagnostics -fmodules-prune-interval\=86400 -fmodules-prune-after\=345600 -fbuild-session-file\=/Users/j/Documents/GitHub/MoneroOne/build/ModuleCache.noindex/Session.modulevalidation -fmodules-validate-once-per-build-session -Wnon-modular-include-in-framework-module -Werror\=non-modular-include-in-framework-module -Wno-trigraphs -Wno-missing-field-initializers -Wno-missing-prototypes -Wno-return-type -Wno-missing-braces -Wparentheses -Wswitch -Wno-unused-function -Wno-unused-label -Wno-unused-parameter -Wno-unused-variable -Wunused-value -Wno-empty-body -Wno-uninitialized -Wno-unknown-pragmas -w -Wno-shadow -Wno-four-char-constants -Wno-conversion -Wno-constant-conversion -Wno-int-conversion -Wno-bool-conversion -Wno-enum-conversion -Wno-float-conversion -Wno-non-literal-null-conversion -Wno-objc-literal-conversion -Wshorten-64-to-32 -Wno-newline-eof -Wno-implicit-fallthrough -fstrict-aliasing -Wdeprecated-declarations -Wno-sign-conversion -Wno-infinite-recursion -Wno-comma -Wno-block-capture-autoreleasing -Wno-strict-prototypes -Wno-semicolon-before-method-body -index-store-path /Users/j/Documents/GitHub/MoneroOne/build/Index.noindex/DataStore @/Users/j/Documents/GitHub/MoneroOne/build/Build/Intermediates.noindex/swift-nio-ssl.build/Debug-iphonesimulator/CNIOBoringSSL.build/Objects-normal/arm64/533656923a283fa776881f304837ed9e-common-args.resp -MMD -MT dependencies -MF /Users/j/Documents/GitHub/MoneroOne/build/Build/Intermediates.noindex/swift-nio-ssl.build/Debug-iphonesimulator/CNIOBoringSSL.build/Objects-normal/arm64/sha1-x86_64-linux.d --serialize-diagnostics /Users/j/Documents/GitHub/MoneroOne/build/Build/Intermediates.noindex/swift-nio-ssl.build/Debug-iphonesimulator/CNIOBoringSSL.build/Objects-normal/arm64/sha1-x86_64-linux.dia -c /Users/j/Documents/GitHub/MoneroOne/build/SourcePackages/checkouts/swift-nio-ssl/Sources/CNIOBoringSSL/gen/bcm/sha1-x86_64-linux.S -o /Users/j/Documents/GitHub/MoneroOne/build/Build/Intermediates.noindex/swift-nio-ssl.build/Debug-iphonesimulator/CNIOBoringSSL.build/Objects-normal/arm64/sha1-x86_64-linux.o -index-unit-output-path /swift-nio-ssl.build/Debug-iphonesimulator/CNIOBoringSSL.build/Objects-normal/arm64/sha1-x86_64-linux.o

CompileC /Users/j/Documents/GitHub/MoneroOne/build/Build/Intermediates.noindex/swift-nio-ssl.build/Debug-iphonesimulator/CNIOBoringSSL.build/Objects-normal/arm64/sha1-x86_64-apple.o /Users/j/Documents/GitHub/MoneroOne/build/SourcePackages/checkouts/swift-nio-ssl/Sources/CNIOBoringSSL/gen/bcm/sha1-x86_64-apple.S normal arm64 assembler-with-cpp com.apple.compilers.llvm.clang.1_0.compiler (in target 'CNIOBoringSSL' from project 'swift-nio-ssl')
    cd /Users/j/Documents/GitHub/MoneroOne/MoneroOne.xcodeproj
    
    Using response file: /Users/j/Documents/GitHub/MoneroOne/build/Build/Intermediates.noindex/swift-nio-ssl.build/Debug-iphonesimulator/CNIOBoringSSL.build/Objects-normal/arm64/533656923a283fa776881f304837ed9e-common-args.resp
    
    /Applications/Xcode.app/Contents/Developer/Toolchains/XcodeDefault.xctoolchain/usr/bin/clang -x assembler-with-cpp -ivfsstatcache /Users/j/Documents/GitHub/MoneroOne/build/SDKStatCaches.noindex/iphonesimulator26.1-23B77-90cf18a4295e390e64c810bc6bd7acbc.sdkstatcache -fmessage-length\=0 -fdiagnostics-show-note-include-stack -fmacro-backtrace-limit\=0 -fno-color-diagnostics -fmodules-prune-interval\=86400 -fmodules-prune-after\=345600 -fbuild-session-file\=/Users/j/Documents/GitHub/MoneroOne/build/ModuleCache.noindex/Session.modulevalidation -fmodules-validate-once-per-build-session -Wnon-modular-include-in-framework-module -Werror\=non-modular-include-in-framework-module -Wno-trigraphs -Wno-missing-field-initializers -Wno-missing-prototypes -Wno-return-type -Wno-missing-braces -Wparentheses -Wswitch -Wno-unused-function -Wno-unused-label -Wno-unused-parameter -Wno-unused-variable -Wunused-value -Wno-empty-body -Wno-uninitialized -Wno-unknown-pragmas -w -Wno-shadow -Wno-four-char-constants -Wno-conversion -Wno-constant-conversion -Wno-int-conversion -Wno-bool-conversion -Wno-enum-conversion -Wno-float-conversion -Wno-non-literal-null-conversion -Wno-objc-literal-conversion -Wshorten-64-to-32 -Wno-newline-eof -Wno-implicit-fallthrough -fstrict-aliasing -Wdeprecated-declarations -Wno-sign-conversion -Wno-infinite-recursion -Wno-comma -Wno-block-capture-autoreleasing -Wno-strict-prototypes -Wno-semicolon-before-method-body -index-store-path /Users/j/Documents/GitHub/MoneroOne/build/Index.noindex/DataStore @/Users/j/Documents/GitHub/MoneroOne/build/Build/Intermediates.noindex/swift-nio-ssl.build/Debug-iphonesimulator/CNIOBoringSSL.build/Objects-normal/arm64/533656923a283fa776881f304837ed9e-common-args.resp -MMD -MT dependencies -MF /Users/j/Documents/GitHub/MoneroOne/build/Build/Intermediates.noindex/swift-nio-ssl.build/Debug-iphonesimulator/CNIOBoringSSL.build/Objects-normal/arm64/sha1-x86_64-apple.d --serialize-diagnostics /Users/j/Documents/GitHub/MoneroOne/build/Build/Intermediates.noindex/swift-nio-ssl.build/Debug-iphonesimulator/CNIOBoringSSL.build/Objects-normal/arm64/sha1-x86_64-apple.dia -c /Users/j/Documents/GitHub/MoneroOne/build/SourcePackages/checkouts/swift-nio-ssl/Sources/CNIOBoringSSL/gen/bcm/sha1-x86_64-apple.S -o /Users/j/Documents/GitHub/MoneroOne/build/Build/Intermediates.noindex/swift-nio-ssl.build/Debug-iphonesimulator/CNIOBoringSSL.build/Objects-normal/arm64/sha1-x86_64-apple.o -index-unit-output-path /swift-nio-ssl.build/Debug-iphonesimulator/CNIOBoringSSL.build/Objects-normal/arm64/sha1-x86_64-apple.o

CompileC /Users/j/Documents/GitHub/MoneroOne/build/Build/Intermediates.noindex/swift-nio-ssl.build/Debug-iphonesimulator/CNIOBoringSSL.build/Objects-normal/arm64/sha1-armv8-win.o /Users/j/Documents/GitHub/MoneroOne/build/SourcePackages/checkouts/swift-nio-ssl/Sources/CNIOBoringSSL/gen/bcm/sha1-armv8-win.S normal arm64 assembler-with-cpp com.apple.compilers.llvm.clang.1_0.compiler (in target 'CNIOBoringSSL' from project 'swift-nio-ssl')
    cd /Users/j/Documents/GitHub/MoneroOne/MoneroOne.xcodeproj
    
    Using response file: /Users/j/Documents/GitHub/MoneroOne/build/Build/Intermediates.noindex/swift-nio-ssl.build/Debug-iphonesimulator/CNIOBoringSSL.build/Objects-normal/arm64/533656923a283fa776881f304837ed9e-common-args.resp
    
    /Applications/Xcode.app/Contents/Developer/Toolchains/XcodeDefault.xctoolchain/usr/bin/clang -x assembler-with-cpp -ivfsstatcache /Users/j/Documents/GitHub/MoneroOne/build/SDKStatCaches.noindex/iphonesimulator26.1-23B77-90cf18a4295e390e64c810bc6bd7acbc.sdkstatcache -fmessage-length\=0 -fdiagnostics-show-note-include-stack -fmacro-backtrace-limit\=0 -fno-color-diagnostics -fmodules-prune-interval\=86400 -fmodules-prune-after\=345600 -fbuild-session-file\=/Users/j/Documents/GitHub/MoneroOne/build/ModuleCache.noindex/Session.modulevalidation -fmodules-validate-once-per-build-session -Wnon-modular-include-in-framework-module -Werror\=non-modular-include-in-framework-module -Wno-trigraphs -Wno-missing-field-initializers -Wno-missing-prototypes -Wno-return-type -Wno-missing-braces -Wparentheses -Wswitch -Wno-unused-function -Wno-unused-label -Wno-unused-parameter -Wno-unused-variable -Wunused-value -Wno-empty-body -Wno-uninitialized -Wno-unknown-pragmas -w -Wno-shadow -Wno-four-char-constants -Wno-conversion -Wno-constant-conversion -Wno-int-conversion -Wno-bool-conversion -Wno-enum-conversion -Wno-float-conversion -Wno-non-literal-null-conversion -Wno-objc-literal-conversion -Wshorten-64-to-32 -Wno-newline-eof -Wno-implicit-fallthrough -fstrict-aliasing -Wdeprecated-declarations -Wno-sign-conversion -Wno-infinite-recursion -Wno-comma -Wno-block-capture-autoreleasing -Wno-strict-prototypes -Wno-semicolon-before-method-body -index-store-path /Users/j/Documents/GitHub/MoneroOne/build/Index.noindex/DataStore @/Users/j/Documents/GitHub/MoneroOne/build/Build/Intermediates.noindex/swift-nio-ssl.build/Debug-iphonesimulator/CNIOBoringSSL.build/Objects-normal/arm64/533656923a283fa776881f304837ed9e-common-args.resp -MMD -MT dependencies -MF /Users/j/Documents/GitHub/MoneroOne/build/Build/Intermediates.noindex/swift-nio-ssl.build/Debug-iphonesimulator/CNIOBoringSSL.build/Objects-normal/arm64/sha1-armv8-win.d --serialize-diagnostics /Users/j/Documents/GitHub/MoneroOne/build/Build/Intermediates.noindex/swift-nio-ssl.build/Debug-iphonesimulator/CNIOBoringSSL.build/Objects-normal/arm64/sha1-armv8-win.dia -c /Users/j/Documents/GitHub/MoneroOne/build/SourcePackages/checkouts/swift-nio-ssl/Sources/CNIOBoringSSL/gen/bcm/sha1-armv8-win.S -o /Users/j/Documents/GitHub/MoneroOne/build/Build/Intermediates.noindex/swift-nio-ssl.build/Debug-iphonesimulator/CNIOBoringSSL.build/Objects-normal/arm64/sha1-armv8-win.o -index-unit-output-path /swift-nio-ssl.build/Debug-iphonesimulator/CNIOBoringSSL.build/Objects-normal/arm64/sha1-armv8-win.o

CompileC /Users/j/Documents/GitHub/MoneroOne/build/Build/Intermediates.noindex/swift-nio-ssl.build/Debug-iphonesimulator/CNIOBoringSSL.build/Objects-normal/arm64/sha1-armv8-linux.o /Users/j/Documents/GitHub/MoneroOne/build/SourcePackages/checkouts/swift-nio-ssl/Sources/CNIOBoringSSL/gen/bcm/sha1-armv8-linux.S normal arm64 assembler-with-cpp com.apple.compilers.llvm.clang.1_0.compiler (in target 'CNIOBoringSSL' from project 'swift-nio-ssl')
    cd /Users/j/Documents/GitHub/MoneroOne/MoneroOne.xcodeproj
    
    Using response file: /Users/j/Documents/GitHub/MoneroOne/build/Build/Intermediates.noindex/swift-nio-ssl.build/Debug-iphonesimulator/CNIOBoringSSL.build/Objects-normal/arm64/533656923a283fa776881f304837ed9e-common-args.resp
    
    /Applications/Xcode.app/Contents/Developer/Toolchains/XcodeDefault.xctoolchain/usr/bin/clang -x assembler-with-cpp -ivfsstatcache /Users/j/Documents/GitHub/MoneroOne/build/SDKStatCaches.noindex/iphonesimulator26.1-23B77-90cf18a4295e390e64c810bc6bd7acbc.sdkstatcache -fmessage-length\=0 -fdiagnostics-show-note-include-stack -fmacro-backtrace-limit\=0 -fno-color-diagnostics -fmodules-prune-interval\=86400 -fmodules-prune-after\=345600 -fbuild-session-file\=/Users/j/Documents/GitHub/MoneroOne/build/ModuleCache.noindex/Session.modulevalidation -fmodules-validate-once-per-build-session -Wnon-modular-include-in-framework-module -Werror\=non-modular-include-in-framework-module -Wno-trigraphs -Wno-missing-field-initializers -Wno-missing-prototypes -Wno-return-type -Wno-missing-braces -Wparentheses -Wswitch -Wno-unused-function -Wno-unused-label -Wno-unused-parameter -Wno-unused-variable -Wunused-value -Wno-empty-body -Wno-uninitialized -Wno-unknown-pragmas -w -Wno-shadow -Wno-four-char-constants -Wno-conversion -Wno-constant-conversion -Wno-int-conversion -Wno-bool-conversion -Wno-enum-conversion -Wno-float-conversion -Wno-non-literal-null-conversion -Wno-objc-literal-conversion -Wshorten-64-to-32 -Wno-newline-eof -Wno-implicit-fallthrough -fstrict-aliasing -Wdeprecated-declarations -Wno-sign-conversion -Wno-infinite-recursion -Wno-comma -Wno-block-capture-autoreleasing -Wno-strict-prototypes -Wno-semicolon-before-method-body -index-store-path /Users/j/Documents/GitHub/MoneroOne/build/Index.noindex/DataStore @/Users/j/Documents/GitHub/MoneroOne/build/Build/Intermediates.noindex/swift-nio-ssl.build/Debug-iphonesimulator/CNIOBoringSSL.build/Objects-normal/arm64/533656923a283fa776881f304837ed9e-common-args.resp -MMD -MT dependencies -MF /Users/j/Documents/GitHub/MoneroOne/build/Build/Intermediates.noindex/swift-nio-ssl.build/Debug-iphonesimulator/CNIOBoringSSL.build/Objects-normal/arm64/sha1-armv8-linux.d --serialize-diagnostics /Users/j/Documents/GitHub/MoneroOne/build/Build/Intermediates.noindex/swift-nio-ssl.build/Debug-iphonesimulator/CNIOBoringSSL.build/Objects-normal/arm64/sha1-armv8-linux.dia -c /Users/j/Documents/GitHub/MoneroOne/build/SourcePackages/checkouts/swift-nio-ssl/Sources/CNIOBoringSSL/gen/bcm/sha1-armv8-linux.S -o /Users/j/Documents/GitHub/MoneroOne/build/Build/Intermediates.noindex/swift-nio-ssl.build/Debug-iphonesimulator/CNIOBoringSSL.build/Objects-normal/arm64/sha1-armv8-linux.o -index-unit-output-path /swift-nio-ssl.build/Debug-iphonesimulator/CNIOBoringSSL.build/Objects-normal/arm64/sha1-armv8-linux.o

CompileC /Users/j/Documents/GitHub/MoneroOne/build/Build/Intermediates.noindex/swift-nio-ssl.build/Debug-iphonesimulator/CNIOBoringSSL.build/Objects-normal/arm64/sha1-armv8-apple.o /Users/j/Documents/GitHub/MoneroOne/build/SourcePackages/checkouts/swift-nio-ssl/Sources/CNIOBoringSSL/gen/bcm/sha1-armv8-apple.S normal arm64 assembler-with-cpp com.apple.compilers.llvm.clang.1_0.compiler (in target 'CNIOBoringSSL' from project 'swift-nio-ssl')
    cd /Users/j/Documents/GitHub/MoneroOne/MoneroOne.xcodeproj
    
    Using response file: /Users/j/Documents/GitHub/MoneroOne/build/Build/Intermediates.noindex/swift-nio-ssl.build/Debug-iphonesimulator/CNIOBoringSSL.build/Objects-normal/arm64/533656923a283fa776881f304837ed9e-common-args.resp
    
    /Applications/Xcode.app/Contents/Developer/Toolchains/XcodeDefault.xctoolchain/usr/bin/clang -x assembler-with-cpp -ivfsstatcache /Users/j/Documents/GitHub/MoneroOne/build/SDKStatCaches.noindex/iphonesimulator26.1-23B77-90cf18a4295e390e64c810bc6bd7acbc.sdkstatcache -fmessage-length\=0 -fdiagnostics-show-note-include-stack -fmacro-backtrace-limit\=0 -fno-color-diagnostics -fmodules-prune-interval\=86400 -fmodules-prune-after\=345600 -fbuild-session-file\=/Users/j/Documents/GitHub/MoneroOne/build/ModuleCache.noindex/Session.modulevalidation -fmodules-validate-once-per-build-session -Wnon-modular-include-in-framework-module -Werror\=non-modular-include-in-framework-module -Wno-trigraphs -Wno-missing-field-initializers -Wno-missing-prototypes -Wno-return-type -Wno-missing-braces -Wparentheses -Wswitch -Wno-unused-function -Wno-unused-label -Wno-unused-parameter -Wno-unused-variable -Wunused-value -Wno-empty-body -Wno-uninitialized -Wno-unknown-pragmas -w -Wno-shadow -Wno-four-char-constants -Wno-conversion -Wno-constant-conversion -Wno-int-conversion -Wno-bool-conversion -Wno-enum-conversion -Wno-float-conversion -Wno-non-literal-null-conversion -Wno-objc-literal-conversion -Wshorten-64-to-32 -Wno-newline-eof -Wno-implicit-fallthrough -fstrict-aliasing -Wdeprecated-declarations -Wno-sign-conversion -Wno-infinite-recursion -Wno-comma -Wno-block-capture-autoreleasing -Wno-strict-prototypes -Wno-semicolon-before-method-body -index-store-path /Users/j/Documents/GitHub/MoneroOne/build/Index.noindex/DataStore @/Users/j/Documents/GitHub/MoneroOne/build/Build/Intermediates.noindex/swift-nio-ssl.build/Debug-iphonesimulator/CNIOBoringSSL.build/Objects-normal/arm64/533656923a283fa776881f304837ed9e-common-args.resp -MMD -MT dependencies -MF /Users/j/Documents/GitHub/MoneroOne/build/Build/Intermediates.noindex/swift-nio-ssl.build/Debug-iphonesimulator/CNIOBoringSSL.build/Objects-normal/arm64/sha1-armv8-apple.d --serialize-diagnostics /Users/j/Documents/GitHub/MoneroOne/build/Build/Intermediates.noindex/swift-nio-ssl.build/Debug-iphonesimulator/CNIOBoringSSL.build/Objects-normal/arm64/sha1-armv8-apple.dia -c /Users/j/Documents/GitHub/MoneroOne/build/SourcePackages/checkouts/swift-nio-ssl/Sources/CNIOBoringSSL/gen/bcm/sha1-armv8-apple.S -o /Users/j/Documents/GitHub/MoneroOne/build/Build/Intermediates.noindex/swift-nio-ssl.build/Debug-iphonesimulator/CNIOBoringSSL.build/Objects-normal/arm64/sha1-armv8-apple.o -index-unit-output-path /swift-nio-ssl.build/Debug-iphonesimulator/CNIOBoringSSL.build/Objects-normal/arm64/sha1-armv8-apple.o

CompileC /Users/j/Documents/GitHub/MoneroOne/build/Build/Intermediates.noindex/swift-nio-ssl.build/Debug-iphonesimulator/CNIOBoringSSL.build/Objects-normal/arm64/sha1-armv4-large-linux.o /Users/j/Documents/GitHub/MoneroOne/build/SourcePackages/checkouts/swift-nio-ssl/Sources/CNIOBoringSSL/gen/bcm/sha1-armv4-large-linux.S normal arm64 assembler-with-cpp com.apple.compilers.llvm.clang.1_0.compiler (in target 'CNIOBoringSSL' from project 'swift-nio-ssl')
    cd /Users/j/Documents/GitHub/MoneroOne/MoneroOne.xcodeproj
    
    Using response file: /Users/j/Documents/GitHub/MoneroOne/build/Build/Intermediates.noindex/swift-nio-ssl.build/Debug-iphonesimulator/CNIOBoringSSL.build/Objects-normal/arm64/533656923a283fa776881f304837ed9e-common-args.resp
    
    /Applications/Xcode.app/Contents/Developer/Toolchains/XcodeDefault.xctoolchain/usr/bin/clang -x assembler-with-cpp -ivfsstatcache /Users/j/Documents/GitHub/MoneroOne/build/SDKStatCaches.noindex/iphonesimulator26.1-23B77-90cf18a4295e390e64c810bc6bd7acbc.sdkstatcache -fmessage-length\=0 -fdiagnostics-show-note-include-stack -fmacro-backtrace-limit\=0 -fno-color-diagnostics -fmodules-prune-interval\=86400 -fmodules-prune-after\=345600 -fbuild-session-file\=/Users/j/Documents/GitHub/MoneroOne/build/ModuleCache.noindex/Session.modulevalidation -fmodules-validate-once-per-build-session -Wnon-modular-include-in-framework-module -Werror\=non-modular-include-in-framework-module -Wno-trigraphs -Wno-missing-field-initializers -Wno-missing-prototypes -Wno-return-type -Wno-missing-braces -Wparentheses -Wswitch -Wno-unused-function -Wno-unused-label -Wno-unused-parameter -Wno-unused-variable -Wunused-value -Wno-empty-body -Wno-uninitialized -Wno-unknown-pragmas -w -Wno-shadow -Wno-four-char-constants -Wno-conversion -Wno-constant-conversion -Wno-int-conversion -Wno-bool-conversion -Wno-enum-conversion -Wno-float-conversion -Wno-non-literal-null-conversion -Wno-objc-literal-conversion -Wshorten-64-to-32 -Wno-newline-eof -Wno-implicit-fallthrough -fstrict-aliasing -Wdeprecated-declarations -Wno-sign-conversion -Wno-infinite-recursion -Wno-comma -Wno-block-capture-autoreleasing -Wno-strict-prototypes -Wno-semicolon-before-method-body -index-store-path /Users/j/Documents/GitHub/MoneroOne/build/Index.noindex/DataStore @/Users/j/Documents/GitHub/MoneroOne/build/Build/Intermediates.noindex/swift-nio-ssl.build/Debug-iphonesimulator/CNIOBoringSSL.build/Objects-normal/arm64/533656923a283fa776881f304837ed9e-common-args.resp -MMD -MT dependencies -MF /Users/j/Documents/GitHub/MoneroOne/build/Build/Intermediates.noindex/swift-nio-ssl.build/Debug-iphonesimulator/CNIOBoringSSL.build/Objects-normal/arm64/sha1-armv4-large-linux.d --serialize-diagnostics /Users/j/Documents/GitHub/MoneroOne/build/Build/Intermediates.noindex/swift-nio-ssl.build/Debug-iphonesimulator/CNIOBoringSSL.build/Objects-normal/arm64/sha1-armv4-large-linux.dia -c /Users/j/Documents/GitHub/MoneroOne/build/SourcePackages/checkouts/swift-nio-ssl/Sources/CNIOBoringSSL/gen/bcm/sha1-armv4-large-linux.S -o /Users/j/Documents/GitHub/MoneroOne/build/Build/Intermediates.noindex/swift-nio-ssl.build/Debug-iphonesimulator/CNIOBoringSSL.build/Objects-normal/arm64/sha1-armv4-large-linux.o -index-unit-output-path /swift-nio-ssl.build/Debug-iphonesimulator/CNIOBoringSSL.build/Objects-normal/arm64/sha1-armv4-large-linux.o

CompileC /Users/j/Documents/GitHub/MoneroOne/build/Build/Intermediates.noindex/swift-nio-ssl.build/Debug-iphonesimulator/CNIOBoringSSL.build/Objects-normal/arm64/sha1-586-linux.o /Users/j/Documents/GitHub/MoneroOne/build/SourcePackages/checkouts/swift-nio-ssl/Sources/CNIOBoringSSL/gen/bcm/sha1-586-linux.S normal arm64 assembler-with-cpp com.apple.compilers.llvm.clang.1_0.compiler (in target 'CNIOBoringSSL' from project 'swift-nio-ssl')
    cd /Users/j/Documents/GitHub/MoneroOne/MoneroOne.xcodeproj
    
    Using response file: /Users/j/Documents/GitHub/MoneroOne/build/Build/Intermediates.noindex/swift-nio-ssl.build/Debug-iphonesimulator/CNIOBoringSSL.build/Objects-normal/arm64/533656923a283fa776881f304837ed9e-common-args.resp
    
    /Applications/Xcode.app/Contents/Developer/Toolchains/XcodeDefault.xctoolchain/usr/bin/clang -x assembler-with-cpp -ivfsstatcache /Users/j/Documents/GitHub/MoneroOne/build/SDKStatCaches.noindex/iphonesimulator26.1-23B77-90cf18a4295e390e64c810bc6bd7acbc.sdkstatcache -fmessage-length\=0 -fdiagnostics-show-note-include-stack -fmacro-backtrace-limit\=0 -fno-color-diagnostics -fmodules-prune-interval\=86400 -fmodules-prune-after\=345600 -fbuild-session-file\=/Users/j/Documents/GitHub/MoneroOne/build/ModuleCache.noindex/Session.modulevalidation -fmodules-validate-once-per-build-session -Wnon-modular-include-in-framework-module -Werror\=non-modular-include-in-framework-module -Wno-trigraphs -Wno-missing-field-initializers -Wno-missing-prototypes -Wno-return-type -Wno-missing-braces -Wparentheses -Wswitch -Wno-unused-function -Wno-unused-label -Wno-unused-parameter -Wno-unused-variable -Wunused-value -Wno-empty-body -Wno-uninitialized -Wno-unknown-pragmas -w -Wno-shadow -Wno-four-char-constants -Wno-conversion -Wno-constant-conversion -Wno-int-conversion -Wno-bool-conversion -Wno-enum-conversion -Wno-float-conversion -Wno-non-literal-null-conversion -Wno-objc-literal-conversion -Wshorten-64-to-32 -Wno-newline-eof -Wno-implicit-fallthrough -fstrict-aliasing -Wdeprecated-declarations -Wno-sign-conversion -Wno-infinite-recursion -Wno-comma -Wno-block-capture-autoreleasing -Wno-strict-prototypes -Wno-semicolon-before-method-body -index-store-path /Users/j/Documents/GitHub/MoneroOne/build/Index.noindex/DataStore @/Users/j/Documents/GitHub/MoneroOne/build/Build/Intermediates.noindex/swift-nio-ssl.build/Debug-iphonesimulator/CNIOBoringSSL.build/Objects-normal/arm64/533656923a283fa776881f304837ed9e-common-args.resp -MMD -MT dependencies -MF /Users/j/Documents/GitHub/MoneroOne/build/Build/Intermediates.noindex/swift-nio-ssl.build/Debug-iphonesimulator/CNIOBoringSSL.build/Objects-normal/arm64/sha1-586-linux.d --serialize-diagnostics /Users/j/Documents/GitHub/MoneroOne/build/Build/Intermediates.noindex/swift-nio-ssl.build/Debug-iphonesimulator/CNIOBoringSSL.build/Objects-normal/arm64/sha1-586-linux.dia -c /Users/j/Documents/GitHub/MoneroOne/build/SourcePackages/checkouts/swift-nio-ssl/Sources/CNIOBoringSSL/gen/bcm/sha1-586-linux.S -o /Users/j/Documents/GitHub/MoneroOne/build/Build/Intermediates.noindex/swift-nio-ssl.build/Debug-iphonesimulator/CNIOBoringSSL.build/Objects-normal/arm64/sha1-586-linux.o -index-unit-output-path /swift-nio-ssl.build/Debug-iphonesimulator/CNIOBoringSSL.build/Objects-normal/arm64/sha1-586-linux.o

CompileC /Users/j/Documents/GitHub/MoneroOne/build/Build/Intermediates.noindex/swift-nio-ssl.build/Debug-iphonesimulator/CNIOBoringSSL.build/Objects-normal/arm64/sha1-586-apple.o /Users/j/Documents/GitHub/MoneroOne/build/SourcePackages/checkouts/swift-nio-ssl/Sources/CNIOBoringSSL/gen/bcm/sha1-586-apple.S normal arm64 assembler-with-cpp com.apple.compilers.llvm.clang.1_0.compiler (in target 'CNIOBoringSSL' from project 'swift-nio-ssl')
    cd /Users/j/Documents/GitHub/MoneroOne/MoneroOne.xcodeproj
    
    Using response file: /Users/j/Documents/GitHub/MoneroOne/build/Build/Intermediates.noindex/swift-nio-ssl.build/Debug-iphonesimulator/CNIOBoringSSL.build/Objects-normal/arm64/533656923a283fa776881f304837ed9e-common-args.resp
    
    /Applications/Xcode.app/Contents/Developer/Toolchains/XcodeDefault.xctoolchain/usr/bin/clang -x assembler-with-cpp -ivfsstatcache /Users/j/Documents/GitHub/MoneroOne/build/SDKStatCaches.noindex/iphonesimulator26.1-23B77-90cf18a4295e390e64c810bc6bd7acbc.sdkstatcache -fmessage-length\=0 -fdiagnostics-show-note-include-stack -fmacro-backtrace-limit\=0 -fno-color-diagnostics -fmodules-prune-interval\=86400 -fmodules-prune-after\=345600 -fbuild-session-file\=/Users/j/Documents/GitHub/MoneroOne/build/ModuleCache.noindex/Session.modulevalidation -fmodules-validate-once-per-build-session -Wnon-modular-include-in-framework-module -Werror\=non-modular-include-in-framework-module -Wno-trigraphs -Wno-missing-field-initializers -Wno-missing-prototypes -Wno-return-type -Wno-missing-braces -Wparentheses -Wswitch -Wno-unused-function -Wno-unused-label -Wno-unused-parameter -Wno-unused-variable -Wunused-value -Wno-empty-body -Wno-uninitialized -Wno-unknown-pragmas -w -Wno-shadow -Wno-four-char-constants -Wno-conversion -Wno-constant-conversion -Wno-int-conversion -Wno-bool-conversion -Wno-enum-conversion -Wno-float-conversion -Wno-non-literal-null-conversion -Wno-objc-literal-conversion -Wshorten-64-to-32 -Wno-newline-eof -Wno-implicit-fallthrough -fstrict-aliasing -Wdeprecated-declarations -Wno-sign-conversion -Wno-infinite-recursion -Wno-comma -Wno-block-capture-autoreleasing -Wno-strict-prototypes -Wno-semicolon-before-method-body -index-store-path /Users/j/Documents/GitHub/MoneroOne/build/Index.noindex/DataStore @/Users/j/Documents/GitHub/MoneroOne/build/Build/Intermediates.noindex/swift-nio-ssl.build/Debug-iphonesimulator/CNIOBoringSSL.build/Objects-normal/arm64/533656923a283fa776881f304837ed9e-common-args.resp -MMD -MT dependencies -MF /Users/j/Documents/GitHub/MoneroOne/build/Build/Intermediates.noindex/swift-nio-ssl.build/Debug-iphonesimulator/CNIOBoringSSL.build/Objects-normal/arm64/sha1-586-apple.d --serialize-diagnostics /Users/j/Documents/GitHub/MoneroOne/build/Build/Intermediates.noindex/swift-nio-ssl.build/Debug-iphonesimulator/CNIOBoringSSL.build/Objects-normal/arm64/sha1-586-apple.dia -c /Users/j/Documents/GitHub/MoneroOne/build/SourcePackages/checkouts/swift-nio-ssl/Sources/CNIOBoringSSL/gen/bcm/sha1-586-apple.S -o /Users/j/Documents/GitHub/MoneroOne/build/Build/Intermediates.noindex/swift-nio-ssl.build/Debug-iphonesimulator/CNIOBoringSSL.build/Objects-normal/arm64/sha1-586-apple.o -index-unit-output-path /swift-nio-ssl.build/Debug-iphonesimulator/CNIOBoringSSL.build/Objects-normal/arm64/sha1-586-apple.o

CompileC /Users/j/Documents/GitHub/MoneroOne/build/Build/Intermediates.noindex/swift-nio-ssl.build/Debug-iphonesimulator/CNIOBoringSSL.build/Objects-normal/arm64/scrypt.o /Users/j/Documents/GitHub/MoneroOne/build/SourcePackages/checkouts/swift-nio-ssl/Sources/CNIOBoringSSL/crypto/evp/scrypt.cc normal arm64 c++ com.apple.compilers.llvm.clang.1_0.compiler (in target 'CNIOBoringSSL' from project 'swift-nio-ssl')
    cd /Users/j/Documents/GitHub/MoneroOne/MoneroOne.xcodeproj
    
    Using response file: /Users/j/Documents/GitHub/MoneroOne/build/Build/Intermediates.noindex/swift-nio-ssl.build/Debug-iphonesimulator/CNIOBoringSSL.build/Objects-normal/arm64/82b82416624d2658e5098eb0a28c15c5-common-args.resp
    
    /Applications/Xcode.app/Contents/Developer/Toolchains/XcodeDefault.xctoolchain/usr/bin/clang -x c++ -ivfsstatcache /Users/j/Documents/GitHub/MoneroOne/build/SDKStatCaches.noindex/iphonesimulator26.1-23B77-90cf18a4295e390e64c810bc6bd7acbc.sdkstatcache -fmessage-length\=0 -fdiagnostics-show-note-include-stack -fmacro-backtrace-limit\=0 -fno-color-diagnostics -fmodules-prune-interval\=86400 -fmodules-prune-after\=345600 -fbuild-session-file\=/Users/j/Documents/GitHub/MoneroOne/build/ModuleCache.noindex/Session.modulevalidation -fmodules-validate-once-per-build-session -Wnon-modular-include-in-framework-module -Werror\=non-modular-include-in-framework-module -Wno-trigraphs -Wno-missing-field-initializers -Wno-missing-prototypes -Wno-return-type -Wno-non-virtual-dtor -Wno-overloaded-virtual -Wno-exit-time-destructors -Wno-missing-braces -Wparentheses -Wswitch -Wno-unused-function -Wno-unused-label -Wno-unused-parameter -Wno-unused-variable -Wunused-value -Wno-empty-body -Wno-uninitialized -Wno-unknown-pragmas -w -Wno-shadow -Wno-four-char-constants -Wno-conversion -Wno-constant-conversion -Wno-int-conversion -Wno-bool-conversion -Wno-enum-conversion -Wno-float-conversion -Wno-non-literal-null-conversion -Wno-objc-literal-conversion -Wshorten-64-to-32 -Wno-newline-eof -Wno-c++11-extensions -Wno-implicit-fallthrough -fstrict-aliasing -Wdeprecated-declarations -Winvalid-offsetof -Wno-sign-conversion -Wno-infinite-recursion -Wno-move -Wno-comma -Wno-block-capture-autoreleasing -Wno-strict-prototypes -Wno-range-loop-analysis -Wno-semicolon-before-method-body -index-store-path /Users/j/Documents/GitHub/MoneroOne/build/Index.noindex/DataStore @/Users/j/Documents/GitHub/MoneroOne/build/Build/Intermediates.noindex/swift-nio-ssl.build/Debug-iphonesimulator/CNIOBoringSSL.build/Objects-normal/arm64/82b82416624d2658e5098eb0a28c15c5-common-args.resp -MMD -MT dependencies -MF /Users/j/Documents/GitHub/MoneroOne/build/Build/Intermediates.noindex/swift-nio-ssl.build/Debug-iphonesimulator/CNIOBoringSSL.build/Objects-normal/arm64/scrypt.d --serialize-diagnostics /Users/j/Documents/GitHub/MoneroOne/build/Build/Intermediates.noindex/swift-nio-ssl.build/Debug-iphonesimulator/CNIOBoringSSL.build/Objects-normal/arm64/scrypt.dia -c /Users/j/Documents/GitHub/MoneroOne/build/SourcePackages/checkouts/swift-nio-ssl/Sources/CNIOBoringSSL/crypto/evp/scrypt.cc -o /Users/j/Documents/GitHub/MoneroOne/build/Build/Intermediates.noindex/swift-nio-ssl.build/Debug-iphonesimulator/CNIOBoringSSL.build/Objects-normal/arm64/scrypt.o -index-unit-output-path /swift-nio-ssl.build/Debug-iphonesimulator/CNIOBoringSSL.build/Objects-normal/arm64/scrypt.o

CompileC /Users/j/Documents/GitHub/MoneroOne/build/Build/Intermediates.noindex/swift-nio-ssl.build/Debug-iphonesimulator/CNIOBoringSSL.build/Objects-normal/arm64/s3_pkt.o /Users/j/Documents/GitHub/MoneroOne/build/SourcePackages/checkouts/swift-nio-ssl/Sources/CNIOBoringSSL/ssl/s3_pkt.cc normal arm64 c++ com.apple.compilers.llvm.clang.1_0.compiler (in target 'CNIOBoringSSL' from project 'swift-nio-ssl')
    cd /Users/j/Documents/GitHub/MoneroOne/MoneroOne.xcodeproj
    
    Using response file: /Users/j/Documents/GitHub/MoneroOne/build/Build/Intermediates.noindex/swift-nio-ssl.build/Debug-iphonesimulator/CNIOBoringSSL.build/Objects-normal/arm64/82b82416624d2658e5098eb0a28c15c5-common-args.resp
    
    /Applications/Xcode.app/Contents/Developer/Toolchains/XcodeDefault.xctoolchain/usr/bin/clang -x c++ -ivfsstatcache /Users/j/Documents/GitHub/MoneroOne/build/SDKStatCaches.noindex/iphonesimulator26.1-23B77-90cf18a4295e390e64c810bc6bd7acbc.sdkstatcache -fmessage-length\=0 -fdiagnostics-show-note-include-stack -fmacro-backtrace-limit\=0 -fno-color-diagnostics -fmodules-prune-interval\=86400 -fmodules-prune-after\=345600 -fbuild-session-file\=/Users/j/Documents/GitHub/MoneroOne/build/ModuleCache.noindex/Session.modulevalidation -fmodules-validate-once-per-build-session -Wnon-modular-include-in-framework-module -Werror\=non-modular-include-in-framework-module -Wno-trigraphs -Wno-missing-field-initializers -Wno-missing-prototypes -Wno-return-type -Wno-non-virtual-dtor -Wno-overloaded-virtual -Wno-exit-time-destructors -Wno-missing-braces -Wparentheses -Wswitch -Wno-unused-function -Wno-unused-label -Wno-unused-parameter -Wno-unused-variable -Wunused-value -Wno-empty-body -Wno-uninitialized -Wno-unknown-pragmas -w -Wno-shadow -Wno-four-char-constants -Wno-conversion -Wno-constant-conversion -Wno-int-conversion -Wno-bool-conversion -Wno-enum-conversion -Wno-float-conversion -Wno-non-literal-null-conversion -Wno-objc-literal-conversion -Wshorten-64-to-32 -Wno-newline-eof -Wno-c++11-extensions -Wno-implicit-fallthrough -fstrict-aliasing -Wdeprecated-declarations -Winvalid-offsetof -Wno-sign-conversion -Wno-infinite-recursion -Wno-move -Wno-comma -Wno-block-capture-autoreleasing -Wno-strict-prototypes -Wno-range-loop-analysis -Wno-semicolon-before-method-body -index-store-path /Users/j/Documents/GitHub/MoneroOne/build/Index.noindex/DataStore @/Users/j/Documents/GitHub/MoneroOne/build/Build/Intermediates.noindex/swift-nio-ssl.build/Debug-iphonesimulator/CNIOBoringSSL.build/Objects-normal/arm64/82b82416624d2658e5098eb0a28c15c5-common-args.resp -MMD -MT dependencies -MF /Users/j/Documents/GitHub/MoneroOne/build/Build/Intermediates.noindex/swift-nio-ssl.build/Debug-iphonesimulator/CNIOBoringSSL.build/Objects-normal/arm64/s3_pkt.d --serialize-diagnostics /Users/j/Documents/GitHub/MoneroOne/build/Build/Intermediates.noindex/swift-nio-ssl.build/Debug-iphonesimulator/CNIOBoringSSL.build/Objects-normal/arm64/s3_pkt.dia -c /Users/j/Documents/GitHub/MoneroOne/build/SourcePackages/checkouts/swift-nio-ssl/Sources/CNIOBoringSSL/ssl/s3_pkt.cc -o /Users/j/Documents/GitHub/MoneroOne/build/Build/Intermediates.noindex/swift-nio-ssl.build/Debug-iphonesimulator/CNIOBoringSSL.build/Objects-normal/arm64/s3_pkt.o -index-unit-output-path /swift-nio-ssl.build/Debug-iphonesimulator/CNIOBoringSSL.build/Objects-normal/arm64/s3_pkt.o

CompileC /Users/j/Documents/GitHub/MoneroOne/build/Build/Intermediates.noindex/swift-nio-ssl.build/Debug-iphonesimulator/CNIOBoringSSL.build/Objects-normal/arm64/s3_lib.o /Users/j/Documents/GitHub/MoneroOne/build/SourcePackages/checkouts/swift-nio-ssl/Sources/CNIOBoringSSL/ssl/s3_lib.cc normal arm64 c++ com.apple.compilers.llvm.clang.1_0.compiler (in target 'CNIOBoringSSL' from project 'swift-nio-ssl')
    cd /Users/j/Documents/GitHub/MoneroOne/MoneroOne.xcodeproj
    
    Using response file: /Users/j/Documents/GitHub/MoneroOne/build/Build/Intermediates.noindex/swift-nio-ssl.build/Debug-iphonesimulator/CNIOBoringSSL.build/Objects-normal/arm64/82b82416624d2658e5098eb0a28c15c5-common-args.resp
    
    /Applications/Xcode.app/Contents/Developer/Toolchains/XcodeDefault.xctoolchain/usr/bin/clang -x c++ -ivfsstatcache /Users/j/Documents/GitHub/MoneroOne/build/SDKStatCaches.noindex/iphonesimulator26.1-23B77-90cf18a4295e390e64c810bc6bd7acbc.sdkstatcache -fmessage-length\=0 -fdiagnostics-show-note-include-stack -fmacro-backtrace-limit\=0 -fno-color-diagnostics -fmodules-prune-interval\=86400 -fmodules-prune-after\=345600 -fbuild-session-file\=/Users/j/Documents/GitHub/MoneroOne/build/ModuleCache.noindex/Session.modulevalidation -fmodules-validate-once-per-build-session -Wnon-modular-include-in-framework-module -Werror\=non-modular-include-in-framework-module -Wno-trigraphs -Wno-missing-field-initializers -Wno-missing-prototypes -Wno-return-type -Wno-non-virtual-dtor -Wno-overloaded-virtual -Wno-exit-time-destructors -Wno-missing-braces -Wparentheses -Wswitch -Wno-unused-function -Wno-unused-label -Wno-unused-parameter -Wno-unused-variable -Wunused-value -Wno-empty-body -Wno-uninitialized -Wno-unknown-pragmas -w -Wno-shadow -Wno-four-char-constants -Wno-conversion -Wno-constant-conversion -Wno-int-conversion -Wno-bool-conversion -Wno-enum-conversion -Wno-float-conversion -Wno-non-literal-null-conversion -Wno-objc-literal-conversion -Wshorten-64-to-32 -Wno-newline-eof -Wno-c++11-extensions -Wno-implicit-fallthrough -fstrict-aliasing -Wdeprecated-declarations -Winvalid-offsetof -Wno-sign-conversion -Wno-infinite-recursion -Wno-move -Wno-comma -Wno-block-capture-autoreleasing -Wno-strict-prototypes -Wno-range-loop-analysis -Wno-semicolon-before-method-body -index-store-path /Users/j/Documents/GitHub/MoneroOne/build/Index.noindex/DataStore @/Users/j/Documents/GitHub/MoneroOne/build/Build/Intermediates.noindex/swift-nio-ssl.build/Debug-iphonesimulator/CNIOBoringSSL.build/Objects-normal/arm64/82b82416624d2658e5098eb0a28c15c5-common-args.resp -MMD -MT dependencies -MF /Users/j/Documents/GitHub/MoneroOne/build/Build/Intermediates.noindex/swift-nio-ssl.build/Debug-iphonesimulator/CNIOBoringSSL.build/Objects-normal/arm64/s3_lib.d --serialize-diagnostics /Users/j/Documents/GitHub/MoneroOne/build/Build/Intermediates.noindex/swift-nio-ssl.build/Debug-iphonesimulator/CNIOBoringSSL.build/Objects-normal/arm64/s3_lib.dia -c /Users/j/Documents/GitHub/MoneroOne/build/SourcePackages/checkouts/swift-nio-ssl/Sources/CNIOBoringSSL/ssl/s3_lib.cc -o /Users/j/Documents/GitHub/MoneroOne/build/Build/Intermediates.noindex/swift-nio-ssl.build/Debug-iphonesimulator/CNIOBoringSSL.build/Objects-normal/arm64/s3_lib.o -index-unit-output-path /swift-nio-ssl.build/Debug-iphonesimulator/CNIOBoringSSL.build/Objects-normal/arm64/s3_lib.o

CompileC /Users/j/Documents/GitHub/MoneroOne/build/Build/Intermediates.noindex/swift-nio-ssl.build/Debug-iphonesimulator/CNIOBoringSSL.build/Objects-normal/arm64/s3_both.o /Users/j/Documents/GitHub/MoneroOne/build/SourcePackages/checkouts/swift-nio-ssl/Sources/CNIOBoringSSL/ssl/s3_both.cc normal arm64 c++ com.apple.compilers.llvm.clang.1_0.compiler (in target 'CNIOBoringSSL' from project 'swift-nio-ssl')
    cd /Users/j/Documents/GitHub/MoneroOne/MoneroOne.xcodeproj
    
    Using response file: /Users/j/Documents/GitHub/MoneroOne/build/Build/Intermediates.noindex/swift-nio-ssl.build/Debug-iphonesimulator/CNIOBoringSSL.build/Objects-normal/arm64/82b82416624d2658e5098eb0a28c15c5-common-args.resp
    
    /Applications/Xcode.app/Contents/Developer/Toolchains/XcodeDefault.xctoolchain/usr/bin/clang -x c++ -ivfsstatcache /Users/j/Documents/GitHub/MoneroOne/build/SDKStatCaches.noindex/iphonesimulator26.1-23B77-90cf18a4295e390e64c810bc6bd7acbc.sdkstatcache -fmessage-length\=0 -fdiagnostics-show-note-include-stack -fmacro-backtrace-limit\=0 -fno-color-diagnostics -fmodules-prune-interval\=86400 -fmodules-prune-after\=345600 -fbuild-session-file\=/Users/j/Documents/GitHub/MoneroOne/build/ModuleCache.noindex/Session.modulevalidation -fmodules-validate-once-per-build-session -Wnon-modular-include-in-framework-module -Werror\=non-modular-include-in-framework-module -Wno-trigraphs -Wno-missing-field-initializers -Wno-missing-prototypes -Wno-return-type -Wno-non-virtual-dtor -Wno-overloaded-virtual -Wno-exit-time-destructors -Wno-missing-braces -Wparentheses -Wswitch -Wno-unused-function -Wno-unused-label -Wno-unused-parameter -Wno-unused-variable -Wunused-value -Wno-empty-body -Wno-uninitialized -Wno-unknown-pragmas -w -Wno-shadow -Wno-four-char-constants -Wno-conversion -Wno-constant-conversion -Wno-int-conversion -Wno-bool-conversion -Wno-enum-conversion -Wno-float-conversion -Wno-non-literal-null-conversion -Wno-objc-literal-conversion -Wshorten-64-to-32 -Wno-newline-eof -Wno-c++11-extensions -Wno-implicit-fallthrough -fstrict-aliasing -Wdeprecated-declarations -Winvalid-offsetof -Wno-sign-conversion -Wno-infinite-recursion -Wno-move -Wno-comma -Wno-block-capture-autoreleasing -Wno-strict-prototypes -Wno-range-loop-analysis -Wno-semicolon-before-method-body -index-store-path /Users/j/Documents/GitHub/MoneroOne/build/Index.noindex/DataStore @/Users/j/Documents/GitHub/MoneroOne/build/Build/Intermediates.noindex/swift-nio-ssl.build/Debug-iphonesimulator/CNIOBoringSSL.build/Objects-normal/arm64/82b82416624d2658e5098eb0a28c15c5-common-args.resp -MMD -MT dependencies -MF /Users/j/Documents/GitHub/MoneroOne/build/Build/Intermediates.noindex/swift-nio-ssl.build/Debug-iphonesimulator/CNIOBoringSSL.build/Objects-normal/arm64/s3_both.d --serialize-diagnostics /Users/j/Documents/GitHub/MoneroOne/build/Build/Intermediates.noindex/swift-nio-ssl.build/Debug-iphonesimulator/CNIOBoringSSL.build/Objects-normal/arm64/s3_both.dia -c /Users/j/Documents/GitHub/MoneroOne/build/SourcePackages/checkouts/swift-nio-ssl/Sources/CNIOBoringSSL/ssl/s3_both.cc -o /Users/j/Documents/GitHub/MoneroOne/build/Build/Intermediates.noindex/swift-nio-ssl.build/Debug-iphonesimulator/CNIOBoringSSL.build/Objects-normal/arm64/s3_both.o -index-unit-output-path /swift-nio-ssl.build/Debug-iphonesimulator/CNIOBoringSSL.build/Objects-normal/arm64/s3_both.o

CompileC /Users/j/Documents/GitHub/MoneroOne/build/Build/Intermediates.noindex/swift-nio-ssl.build/Debug-iphonesimulator/CNIOBoringSSL.build/Objects-normal/arm64/rsaz-avx2-linux.o /Users/j/Documents/GitHub/MoneroOne/build/SourcePackages/checkouts/swift-nio-ssl/Sources/CNIOBoringSSL/gen/bcm/rsaz-avx2-linux.S normal arm64 assembler-with-cpp com.apple.compilers.llvm.clang.1_0.compiler (in target 'CNIOBoringSSL' from project 'swift-nio-ssl')
    cd /Users/j/Documents/GitHub/MoneroOne/MoneroOne.xcodeproj
    
    Using response file: /Users/j/Documents/GitHub/MoneroOne/build/Build/Intermediates.noindex/swift-nio-ssl.build/Debug-iphonesimulator/CNIOBoringSSL.build/Objects-normal/arm64/533656923a283fa776881f304837ed9e-common-args.resp
    
    /Applications/Xcode.app/Contents/Developer/Toolchains/XcodeDefault.xctoolchain/usr/bin/clang -x assembler-with-cpp -ivfsstatcache /Users/j/Documents/GitHub/MoneroOne/build/SDKStatCaches.noindex/iphonesimulator26.1-23B77-90cf18a4295e390e64c810bc6bd7acbc.sdkstatcache -fmessage-length\=0 -fdiagnostics-show-note-include-stack -fmacro-backtrace-limit\=0 -fno-color-diagnostics -fmodules-prune-interval\=86400 -fmodules-prune-after\=345600 -fbuild-session-file\=/Users/j/Documents/GitHub/MoneroOne/build/ModuleCache.noindex/Session.modulevalidation -fmodules-validate-once-per-build-session -Wnon-modular-include-in-framework-module -Werror\=non-modular-include-in-framework-module -Wno-trigraphs -Wno-missing-field-initializers -Wno-missing-prototypes -Wno-return-type -Wno-missing-braces -Wparentheses -Wswitch -Wno-unused-function -Wno-unused-label -Wno-unused-parameter -Wno-unused-variable -Wunused-value -Wno-empty-body -Wno-uninitialized -Wno-unknown-pragmas -w -Wno-shadow -Wno-four-char-constants -Wno-conversion -Wno-constant-conversion -Wno-int-conversion -Wno-bool-conversion -Wno-enum-conversion -Wno-float-conversion -Wno-non-literal-null-conversion -Wno-objc-literal-conversion -Wshorten-64-to-32 -Wno-newline-eof -Wno-implicit-fallthrough -fstrict-aliasing -Wdeprecated-declarations -Wno-sign-conversion -Wno-infinite-recursion -Wno-comma -Wno-block-capture-autoreleasing -Wno-strict-prototypes -Wno-semicolon-before-method-body -index-store-path /Users/j/Documents/GitHub/MoneroOne/build/Index.noindex/DataStore @/Users/j/Documents/GitHub/MoneroOne/build/Build/Intermediates.noindex/swift-nio-ssl.build/Debug-iphonesimulator/CNIOBoringSSL.build/Objects-normal/arm64/533656923a283fa776881f304837ed9e-common-args.resp -MMD -MT dependencies -MF /Users/j/Documents/GitHub/MoneroOne/build/Build/Intermediates.noindex/swift-nio-ssl.build/Debug-iphonesimulator/CNIOBoringSSL.build/Objects-normal/arm64/rsaz-avx2-linux.d --serialize-diagnostics /Users/j/Documents/GitHub/MoneroOne/build/Build/Intermediates.noindex/swift-nio-ssl.build/Debug-iphonesimulator/CNIOBoringSSL.build/Objects-normal/arm64/rsaz-avx2-linux.dia -c /Users/j/Documents/GitHub/MoneroOne/build/SourcePackages/checkouts/swift-nio-ssl/Sources/CNIOBoringSSL/gen/bcm/rsaz-avx2-linux.S -o /Users/j/Documents/GitHub/MoneroOne/build/Build/Intermediates.noindex/swift-nio-ssl.build/Debug-iphonesimulator/CNIOBoringSSL.build/Objects-normal/arm64/rsaz-avx2-linux.o -index-unit-output-path /swift-nio-ssl.build/Debug-iphonesimulator/CNIOBoringSSL.build/Objects-normal/arm64/rsaz-avx2-linux.o

CompileC /Users/j/Documents/GitHub/MoneroOne/build/Build/Intermediates.noindex/swift-nio-ssl.build/Debug-iphonesimulator/CNIOBoringSSL.build/Objects-normal/arm64/rsaz-avx2-apple.o /Users/j/Documents/GitHub/MoneroOne/build/SourcePackages/checkouts/swift-nio-ssl/Sources/CNIOBoringSSL/gen/bcm/rsaz-avx2-apple.S normal arm64 assembler-with-cpp com.apple.compilers.llvm.clang.1_0.compiler (in target 'CNIOBoringSSL' from project 'swift-nio-ssl')
    cd /Users/j/Documents/GitHub/MoneroOne/MoneroOne.xcodeproj
    
    Using response file: /Users/j/Documents/GitHub/MoneroOne/build/Build/Intermediates.noindex/swift-nio-ssl.build/Debug-iphonesimulator/CNIOBoringSSL.build/Objects-normal/arm64/533656923a283fa776881f304837ed9e-common-args.resp
    
    /Applications/Xcode.app/Contents/Developer/Toolchains/XcodeDefault.xctoolchain/usr/bin/clang -x assembler-with-cpp -ivfsstatcache /Users/j/Documents/GitHub/MoneroOne/build/SDKStatCaches.noindex/iphonesimulator26.1-23B77-90cf18a4295e390e64c810bc6bd7acbc.sdkstatcache -fmessage-length\=0 -fdiagnostics-show-note-include-stack -fmacro-backtrace-limit\=0 -fno-color-diagnostics -fmodules-prune-interval\=86400 -fmodules-prune-after\=345600 -fbuild-session-file\=/Users/j/Documents/GitHub/MoneroOne/build/ModuleCache.noindex/Session.modulevalidation -fmodules-validate-once-per-build-session -Wnon-modular-include-in-framework-module -Werror\=non-modular-include-in-framework-module -Wno-trigraphs -Wno-missing-field-initializers -Wno-missing-prototypes -Wno-return-type -Wno-missing-braces -Wparentheses -Wswitch -Wno-unused-function -Wno-unused-label -Wno-unused-parameter -Wno-unused-variable -Wunused-value -Wno-empty-body -Wno-uninitialized -Wno-unknown-pragmas -w -Wno-shadow -Wno-four-char-constants -Wno-conversion -Wno-constant-conversion -Wno-int-conversion -Wno-bool-conversion -Wno-enum-conversion -Wno-float-conversion -Wno-non-literal-null-conversion -Wno-objc-literal-conversion -Wshorten-64-to-32 -Wno-newline-eof -Wno-implicit-fallthrough -fstrict-aliasing -Wdeprecated-declarations -Wno-sign-conversion -Wno-infinite-recursion -Wno-comma -Wno-block-capture-autoreleasing -Wno-strict-prototypes -Wno-semicolon-before-method-body -index-store-path /Users/j/Documents/GitHub/MoneroOne/build/Index.noindex/DataStore @/Users/j/Documents/GitHub/MoneroOne/build/Build/Intermediates.noindex/swift-nio-ssl.build/Debug-iphonesimulator/CNIOBoringSSL.build/Objects-normal/arm64/533656923a283fa776881f304837ed9e-common-args.resp -MMD -MT dependencies -MF /Users/j/Documents/GitHub/MoneroOne/build/Build/Intermediates.noindex/swift-nio-ssl.build/Debug-iphonesimulator/CNIOBoringSSL.build/Objects-normal/arm64/rsaz-avx2-apple.d --serialize-diagnostics /Users/j/Documents/GitHub/MoneroOne/build/Build/Intermediates.noindex/swift-nio-ssl.build/Debug-iphonesimulator/CNIOBoringSSL.build/Objects-normal/arm64/rsaz-avx2-apple.dia -c /Users/j/Documents/GitHub/MoneroOne/build/SourcePackages/checkouts/swift-nio-ssl/Sources/CNIOBoringSSL/gen/bcm/rsaz-avx2-apple.S -o /Users/j/Documents/GitHub/MoneroOne/build/Build/Intermediates.noindex/swift-nio-ssl.build/Debug-iphonesimulator/CNIOBoringSSL.build/Objects-normal/arm64/rsaz-avx2-apple.o -index-unit-output-path /swift-nio-ssl.build/Debug-iphonesimulator/CNIOBoringSSL.build/Objects-normal/arm64/rsaz-avx2-apple.o

CompileC /Users/j/Documents/GitHub/MoneroOne/build/Build/Intermediates.noindex/swift-nio-ssl.build/Debug-iphonesimulator/CNIOBoringSSL.build/Objects-normal/arm64/rsa_pss.o /Users/j/Documents/GitHub/MoneroOne/build/SourcePackages/checkouts/swift-nio-ssl/Sources/CNIOBoringSSL/crypto/x509/rsa_pss.cc normal arm64 c++ com.apple.compilers.llvm.clang.1_0.compiler (in target 'CNIOBoringSSL' from project 'swift-nio-ssl')
    cd /Users/j/Documents/GitHub/MoneroOne/MoneroOne.xcodeproj
    
    Using response file: /Users/j/Documents/GitHub/MoneroOne/build/Build/Intermediates.noindex/swift-nio-ssl.build/Debug-iphonesimulator/CNIOBoringSSL.build/Objects-normal/arm64/82b82416624d2658e5098eb0a28c15c5-common-args.resp
    
    /Applications/Xcode.app/Contents/Developer/Toolchains/XcodeDefault.xctoolchain/usr/bin/clang -x c++ -ivfsstatcache /Users/j/Documents/GitHub/MoneroOne/build/SDKStatCaches.noindex/iphonesimulator26.1-23B77-90cf18a4295e390e64c810bc6bd7acbc.sdkstatcache -fmessage-length\=0 -fdiagnostics-show-note-include-stack -fmacro-backtrace-limit\=0 -fno-color-diagnostics -fmodules-prune-interval\=86400 -fmodules-prune-after\=345600 -fbuild-session-file\=/Users/j/Documents/GitHub/MoneroOne/build/ModuleCache.noindex/Session.modulevalidation -fmodules-validate-once-per-build-session -Wnon-modular-include-in-framework-module -Werror\=non-modular-include-in-framework-module -Wno-trigraphs -Wno-missing-field-initializers -Wno-missing-prototypes -Wno-return-type -Wno-non-virtual-dtor -Wno-overloaded-virtual -Wno-exit-time-destructors -Wno-missing-braces -Wparentheses -Wswitch -Wno-unused-function -Wno-unused-label -Wno-unused-parameter -Wno-unused-variable -Wunused-value -Wno-empty-body -Wno-uninitialized -Wno-unknown-pragmas -w -Wno-shadow -Wno-four-char-constants -Wno-conversion -Wno-constant-conversion -Wno-int-conversion -Wno-bool-conversion -Wno-enum-conversion -Wno-float-conversion -Wno-non-literal-null-conversion -Wno-objc-literal-conversion -Wshorten-64-to-32 -Wno-newline-eof -Wno-c++11-extensions -Wno-implicit-fallthrough -fstrict-aliasing -Wdeprecated-declarations -Winvalid-offsetof -Wno-sign-conversion -Wno-infinite-recursion -Wno-move -Wno-comma -Wno-block-capture-autoreleasing -Wno-strict-prototypes -Wno-range-loop-analysis -Wno-semicolon-before-method-body -index-store-path /Users/j/Documents/GitHub/MoneroOne/build/Index.noindex/DataStore @/Users/j/Documents/GitHub/MoneroOne/build/Build/Intermediates.noindex/swift-nio-ssl.build/Debug-iphonesimulator/CNIOBoringSSL.build/Objects-normal/arm64/82b82416624d2658e5098eb0a28c15c5-common-args.resp -MMD -MT dependencies -MF /Users/j/Documents/GitHub/MoneroOne/build/Build/Intermediates.noindex/swift-nio-ssl.build/Debug-iphonesimulator/CNIOBoringSSL.build/Objects-normal/arm64/rsa_pss.d --serialize-diagnostics /Users/j/Documents/GitHub/MoneroOne/build/Build/Intermediates.noindex/swift-nio-ssl.build/Debug-iphonesimulator/CNIOBoringSSL.build/Objects-normal/arm64/rsa_pss.dia -c /Users/j/Documents/GitHub/MoneroOne/build/SourcePackages/checkouts/swift-nio-ssl/Sources/CNIOBoringSSL/crypto/x509/rsa_pss.cc -o /Users/j/Documents/GitHub/MoneroOne/build/Build/Intermediates.noindex/swift-nio-ssl.build/Debug-iphonesimulator/CNIOBoringSSL.build/Objects-normal/arm64/rsa_pss.o -index-unit-output-path /swift-nio-ssl.build/Debug-iphonesimulator/CNIOBoringSSL.build/Objects-normal/arm64/rsa_pss.o

CompileC /Users/j/Documents/GitHub/MoneroOne/build/Build/Intermediates.noindex/swift-nio-ssl.build/Debug-iphonesimulator/CNIOBoringSSL.build/Objects-normal/arm64/rsa_print.o /Users/j/Documents/GitHub/MoneroOne/build/SourcePackages/checkouts/swift-nio-ssl/Sources/CNIOBoringSSL/crypto/rsa/rsa_print.cc normal arm64 c++ com.apple.compilers.llvm.clang.1_0.compiler (in target 'CNIOBoringSSL' from project 'swift-nio-ssl')
    cd /Users/j/Documents/GitHub/MoneroOne/MoneroOne.xcodeproj
    
    Using response file: /Users/j/Documents/GitHub/MoneroOne/build/Build/Intermediates.noindex/swift-nio-ssl.build/Debug-iphonesimulator/CNIOBoringSSL.build/Objects-normal/arm64/82b82416624d2658e5098eb0a28c15c5-common-args.resp
    
    /Applications/Xcode.app/Contents/Developer/Toolchains/XcodeDefault.xctoolchain/usr/bin/clang -x c++ -ivfsstatcache /Users/j/Documents/GitHub/MoneroOne/build/SDKStatCaches.noindex/iphonesimulator26.1-23B77-90cf18a4295e390e64c810bc6bd7acbc.sdkstatcache -fmessage-length\=0 -fdiagnostics-show-note-include-stack -fmacro-backtrace-limit\=0 -fno-color-diagnostics -fmodules-prune-interval\=86400 -fmodules-prune-after\=345600 -fbuild-session-file\=/Users/j/Documents/GitHub/MoneroOne/build/ModuleCache.noindex/Session.modulevalidation -fmodules-validate-once-per-build-session -Wnon-modular-include-in-framework-module -Werror\=non-modular-include-in-framework-module -Wno-trigraphs -Wno-missing-field-initializers -Wno-missing-prototypes -Wno-return-type -Wno-non-virtual-dtor -Wno-overloaded-virtual -Wno-exit-time-destructors -Wno-missing-braces -Wparentheses -Wswitch -Wno-unused-function -Wno-unused-label -Wno-unused-parameter -Wno-unused-variable -Wunused-value -Wno-empty-body -Wno-uninitialized -Wno-unknown-pragmas -w -Wno-shadow -Wno-four-char-constants -Wno-conversion -Wno-constant-conversion -Wno-int-conversion -Wno-bool-conversion -Wno-enum-conversion -Wno-float-conversion -Wno-non-literal-null-conversion -Wno-objc-literal-conversion -Wshorten-64-to-32 -Wno-newline-eof -Wno-c++11-extensions -Wno-implicit-fallthrough -fstrict-aliasing -Wdeprecated-declarations -Winvalid-offsetof -Wno-sign-conversion -Wno-infinite-recursion -Wno-move -Wno-comma -Wno-block-capture-autoreleasing -Wno-strict-prototypes -Wno-range-loop-analysis -Wno-semicolon-before-method-body -index-store-path /Users/j/Documents/GitHub/MoneroOne/build/Index.noindex/DataStore @/Users/j/Documents/GitHub/MoneroOne/build/Build/Intermediates.noindex/swift-nio-ssl.build/Debug-iphonesimulator/CNIOBoringSSL.build/Objects-normal/arm64/82b82416624d2658e5098eb0a28c15c5-common-args.resp -MMD -MT dependencies -MF /Users/j/Documents/GitHub/MoneroOne/build/Build/Intermediates.noindex/swift-nio-ssl.build/Debug-iphonesimulator/CNIOBoringSSL.build/Objects-normal/arm64/rsa_print.d --serialize-diagnostics /Users/j/Documents/GitHub/MoneroOne/build/Build/Intermediates.noindex/swift-nio-ssl.build/Debug-iphonesimulator/CNIOBoringSSL.build/Objects-normal/arm64/rsa_print.dia -c /Users/j/Documents/GitHub/MoneroOne/build/SourcePackages/checkouts/swift-nio-ssl/Sources/CNIOBoringSSL/crypto/rsa/rsa_print.cc -o /Users/j/Documents/GitHub/MoneroOne/build/Build/Intermediates.noindex/swift-nio-ssl.build/Debug-iphonesimulator/CNIOBoringSSL.build/Objects-normal/arm64/rsa_print.o -index-unit-output-path /swift-nio-ssl.build/Debug-iphonesimulator/CNIOBoringSSL.build/Objects-normal/arm64/rsa_print.o

CompileC /Users/j/Documents/GitHub/MoneroOne/build/Build/Intermediates.noindex/swift-nio-ssl.build/Debug-iphonesimulator/CNIOBoringSSL.build/Objects-normal/arm64/rsa_extra.o /Users/j/Documents/GitHub/MoneroOne/build/SourcePackages/checkouts/swift-nio-ssl/Sources/CNIOBoringSSL/crypto/rsa/rsa_extra.cc normal arm64 c++ com.apple.compilers.llvm.clang.1_0.compiler (in target 'CNIOBoringSSL' from project 'swift-nio-ssl')
    cd /Users/j/Documents/GitHub/MoneroOne/MoneroOne.xcodeproj
    
    Using response file: /Users/j/Documents/GitHub/MoneroOne/build/Build/Intermediates.noindex/swift-nio-ssl.build/Debug-iphonesimulator/CNIOBoringSSL.build/Objects-normal/arm64/82b82416624d2658e5098eb0a28c15c5-common-args.resp
    
    /Applications/Xcode.app/Contents/Developer/Toolchains/XcodeDefault.xctoolchain/usr/bin/clang -x c++ -ivfsstatcache /Users/j/Documents/GitHub/MoneroOne/build/SDKStatCaches.noindex/iphonesimulator26.1-23B77-90cf18a4295e390e64c810bc6bd7acbc.sdkstatcache -fmessage-length\=0 -fdiagnostics-show-note-include-stack -fmacro-backtrace-limit\=0 -fno-color-diagnostics -fmodules-prune-interval\=86400 -fmodules-prune-after\=345600 -fbuild-session-file\=/Users/j/Documents/GitHub/MoneroOne/build/ModuleCache.noindex/Session.modulevalidation -fmodules-validate-once-per-build-session -Wnon-modular-include-in-framework-module -Werror\=non-modular-include-in-framework-module -Wno-trigraphs -Wno-missing-field-initializers -Wno-missing-prototypes -Wno-return-type -Wno-non-virtual-dtor -Wno-overloaded-virtual -Wno-exit-time-destructors -Wno-missing-braces -Wparentheses -Wswitch -Wno-unused-function -Wno-unused-label -Wno-unused-parameter -Wno-unused-variable -Wunused-value -Wno-empty-body -Wno-uninitialized -Wno-unknown-pragmas -w -Wno-shadow -Wno-four-char-constants -Wno-conversion -Wno-constant-conversion -Wno-int-conversion -Wno-bool-conversion -Wno-enum-conversion -Wno-float-conversion -Wno-non-literal-null-conversion -Wno-objc-literal-conversion -Wshorten-64-to-32 -Wno-newline-eof -Wno-c++11-extensions -Wno-implicit-fallthrough -fstrict-aliasing -Wdeprecated-declarations -Winvalid-offsetof -Wno-sign-conversion -Wno-infinite-recursion -Wno-move -Wno-comma -Wno-block-capture-autoreleasing -Wno-strict-prototypes -Wno-range-loop-analysis -Wno-semicolon-before-method-body -index-store-path /Users/j/Documents/GitHub/MoneroOne/build/Index.noindex/DataStore @/Users/j/Documents/GitHub/MoneroOne/build/Build/Intermediates.noindex/swift-nio-ssl.build/Debug-iphonesimulator/CNIOBoringSSL.build/Objects-normal/arm64/82b82416624d2658e5098eb0a28c15c5-common-args.resp -MMD -MT dependencies -MF /Users/j/Documents/GitHub/MoneroOne/build/Build/Intermediates.noindex/swift-nio-ssl.build/Debug-iphonesimulator/CNIOBoringSSL.build/Objects-normal/arm64/rsa_extra.d --serialize-diagnostics /Users/j/Documents/GitHub/MoneroOne/build/Build/Intermediates.noindex/swift-nio-ssl.build/Debug-iphonesimulator/CNIOBoringSSL.build/Objects-normal/arm64/rsa_extra.dia -c /Users/j/Documents/GitHub/MoneroOne/build/SourcePackages/checkouts/swift-nio-ssl/Sources/CNIOBoringSSL/crypto/rsa/rsa_extra.cc -o /Users/j/Documents/GitHub/MoneroOne/build/Build/Intermediates.noindex/swift-nio-ssl.build/Debug-iphonesimulator/CNIOBoringSSL.build/Objects-normal/arm64/rsa_extra.o -index-unit-output-path /swift-nio-ssl.build/Debug-iphonesimulator/CNIOBoringSSL.build/Objects-normal/arm64/rsa_extra.o

SwiftDriverJobDiscovery normal arm64 Emitting module for GRDB (in target 'GRDB' from project 'GRDB')

SwiftDriver\ Compilation\ Requirements GRDB normal arm64 com.apple.xcode.tools.swift.compiler (in target 'GRDB' from project 'GRDB')
    cd /Users/j/Documents/GitHub/MoneroOne/MoneroOne.xcodeproj
    builtin-Swift-Compilation-Requirements -- /Applications/Xcode.app/Contents/Developer/Toolchains/XcodeDefault.xctoolchain/usr/bin/swiftc -module-name GRDB -Onone -enforce-exclusivity\=checked @/Users/j/Documents/GitHub/MoneroOne/build/Build/Intermediates.noindex/GRDB.build/Debug-iphonesimulator/GRDB.build/Objects-normal/arm64/GRDB.SwiftFileList -DSWIFT_PACKAGE -DDEBUG -DSWIFT_MODULE_RESOURCE_BUNDLE_AVAILABLE -DSQLITE_ENABLE_FTS5 -Xcc -fmodule-map-file\=/Users/j/Documents/GitHub/MoneroOne/build/SourcePackages/checkouts/GRDB.swift/Sources/CSQLite/module.modulemap -DXcode -plugin-path /Applications/Xcode.app/Contents/Developer/Toolchains/XcodeDefault.xctoolchain/usr/lib/swift/host/plugins/testing -enable-experimental-feature DebugDescriptionMacro -sdk /Applications/Xcode.app/Contents/Developer/Platforms/iPhoneSimulator.platform/Developer/SDKs/iPhoneSimulator26.1.sdk -target arm64-apple-ios12.0-simulator -g -module-cache-path /Users/j/Documents/GitHub/MoneroOne/build/ModuleCache.noindex -Xfrontend -serialize-debugging-options -enable-testing -suppress-warnings -index-store-path /Users/j/Documents/GitHub/MoneroOne/build/Index.noindex/DataStore -Xcc -D_LIBCPP_HARDENING_MODE\=_LIBCPP_HARDENING_MODE_DEBUG -swift-version 5 -I /Users/j/Documents/GitHub/MoneroOne/build/Build/Products/Debug-iphonesimulator -Isystem /Applications/Xcode.app/Contents/Developer/Platforms/iPhoneSimulator.platform/Developer/usr/lib -F /Users/j/Documents/GitHub/MoneroOne/build/Build/Products/Debug-iphonesimulator -F /Applications/Xcode.app/Contents/Developer/Platforms/iPhoneSimulator.platform/Developer/Library/Frameworks -F /Applications/Xcode.app/Contents/Developer/Platforms/iPhoneSimulator.platform/Developer/SDKs/iPhoneSimulator26.1.sdk/Developer/Library/Frameworks -emit-localized-strings -emit-localized-strings-path /Users/j/Documents/GitHub/MoneroOne/build/Build/Intermediates.noindex/GRDB.build/Debug-iphonesimulator/GRDB.build/Objects-normal/arm64 -c -j12 -enable-batch-mode -incremental -Xcc -ivfsstatcache -Xcc /Users/j/Documents/GitHub/MoneroOne/build/SDKStatCaches.noindex/iphonesimulator26.1-23B77-90cf18a4295e390e64c810bc6bd7acbc.sdkstatcache -output-file-map /Users/j/Documents/GitHub/MoneroOne/build/Build/Intermediates.noindex/GRDB.build/Debug-iphonesimulator/GRDB.build/Objects-normal/arm64/GRDB-OutputFileMap.json -use-frontend-parseable-output -save-temps -no-color-diagnostics -explicit-module-build -module-cache-path /Users/j/Documents/GitHub/MoneroOne/build/Build/Intermediates.noindex/SwiftExplicitPrecompiledModules -clang-scanner-module-cache-path /Users/j/Documents/GitHub/MoneroOne/build/ModuleCache.noindex -sdk-module-cache-path /Users/j/Documents/GitHub/MoneroOne/build/ModuleCache.noindex -serialize-diagnostics -emit-dependencies -emit-module -emit-module-path /Users/j/Documents/GitHub/MoneroOne/build/Build/Intermediates.noindex/GRDB.build/Debug-iphonesimulator/GRDB.build/Objects-normal/arm64/GRDB.swiftmodule -validate-clang-modules-once -clang-build-session-file /Users/j/Documents/GitHub/MoneroOne/build/ModuleCache.noindex/Session.modulevalidation -Xcc -I/Users/j/Documents/GitHub/MoneroOne/build/Build/Intermediates.noindex/GRDB.build/Debug-iphonesimulator/GRDB.build/swift-overrides.hmap -emit-const-values -Xfrontend -const-gather-protocols-file -Xfrontend /Users/j/Documents/GitHub/MoneroOne/build/Build/Intermediates.noindex/GRDB.build/Debug-iphonesimulator/GRDB.build/Objects-normal/arm64/GRDB_const_extract_protocols.json -Xcc -I/Users/j/Documents/GitHub/MoneroOne/build/Build/Products/Debug-iphonesimulator/include -Xcc -I/Users/j/Documents/GitHub/MoneroOne/build/Build/Intermediates.noindex/GRDB.build/Debug-iphonesimulator/GRDB.build/DerivedSources-normal/arm64 -Xcc -I/Users/j/Documents/GitHub/MoneroOne/build/Build/Intermediates.noindex/GRDB.build/Debug-iphonesimulator/GRDB.build/DerivedSources/arm64 -Xcc -I/Users/j/Documents/GitHub/MoneroOne/build/Build/Intermediates.noindex/GRDB.build/Debug-iphonesimulator/GRDB.build/DerivedSources -Xcc -DSWIFT_PACKAGE -Xcc -DDEBUG\=1 -emit-objc-header -emit-objc-header-path /Users/j/Documents/GitHub/MoneroOne/build/Build/Intermediates.noindex/GRDB.build/Debug-iphonesimulator/GRDB.build/Objects-normal/arm64/GRDB-Swift.h -working-directory /Users/j/Documents/GitHub/MoneroOne/MoneroOne.xcodeproj -experimental-emit-module-separately -disable-cmo

CompileC /Users/j/Documents/GitHub/MoneroOne/build/Build/Intermediates.noindex/swift-nio-ssl.build/Debug-iphonesimulator/CNIOBoringSSL.build/Objects-normal/arm64/rsa_crypt.o /Users/j/Documents/GitHub/MoneroOne/build/SourcePackages/checkouts/swift-nio-ssl/Sources/CNIOBoringSSL/crypto/rsa/rsa_crypt.cc normal arm64 c++ com.apple.compilers.llvm.clang.1_0.compiler (in target 'CNIOBoringSSL' from project 'swift-nio-ssl')
    cd /Users/j/Documents/GitHub/MoneroOne/MoneroOne.xcodeproj
    
    Using response file: /Users/j/Documents/GitHub/MoneroOne/build/Build/Intermediates.noindex/swift-nio-ssl.build/Debug-iphonesimulator/CNIOBoringSSL.build/Objects-normal/arm64/82b82416624d2658e5098eb0a28c15c5-common-args.resp
    
    /Applications/Xcode.app/Contents/Developer/Toolchains/XcodeDefault.xctoolchain/usr/bin/clang -x c++ -ivfsstatcache /Users/j/Documents/GitHub/MoneroOne/build/SDKStatCaches.noindex/iphonesimulator26.1-23B77-90cf18a4295e390e64c810bc6bd7acbc.sdkstatcache -fmessage-length\=0 -fdiagnostics-show-note-include-stack -fmacro-backtrace-limit\=0 -fno-color-diagnostics -fmodules-prune-interval\=86400 -fmodules-prune-after\=345600 -fbuild-session-file\=/Users/j/Documents/GitHub/MoneroOne/build/ModuleCache.noindex/Session.modulevalidation -fmodules-validate-once-per-build-session -Wnon-modular-include-in-framework-module -Werror\=non-modular-include-in-framework-module -Wno-trigraphs -Wno-missing-field-initializers -Wno-missing-prototypes -Wno-return-type -Wno-non-virtual-dtor -Wno-overloaded-virtual -Wno-exit-time-destructors -Wno-missing-braces -Wparentheses -Wswitch -Wno-unused-function -Wno-unused-label -Wno-unused-parameter -Wno-unused-variable -Wunused-value -Wno-empty-body -Wno-uninitialized -Wno-unknown-pragmas -w -Wno-shadow -Wno-four-char-constants -Wno-conversion -Wno-constant-conversion -Wno-int-conversion -Wno-bool-conversion -Wno-enum-conversion -Wno-float-conversion -Wno-non-literal-null-conversion -Wno-objc-literal-conversion -Wshorten-64-to-32 -Wno-newline-eof -Wno-c++11-extensions -Wno-implicit-fallthrough -fstrict-aliasing -Wdeprecated-declarations -Winvalid-offsetof -Wno-sign-conversion -Wno-infinite-recursion -Wno-move -Wno-comma -Wno-block-capture-autoreleasing -Wno-strict-prototypes -Wno-range-loop-analysis -Wno-semicolon-before-method-body -index-store-path /Users/j/Documents/GitHub/MoneroOne/build/Index.noindex/DataStore @/Users/j/Documents/GitHub/MoneroOne/build/Build/Intermediates.noindex/swift-nio-ssl.build/Debug-iphonesimulator/CNIOBoringSSL.build/Objects-normal/arm64/82b82416624d2658e5098eb0a28c15c5-common-args.resp -MMD -MT dependencies -MF /Users/j/Documents/GitHub/MoneroOne/build/Build/Intermediates.noindex/swift-nio-ssl.build/Debug-iphonesimulator/CNIOBoringSSL.build/Objects-normal/arm64/rsa_crypt.d --serialize-diagnostics /Users/j/Documents/GitHub/MoneroOne/build/Build/Intermediates.noindex/swift-nio-ssl.build/Debug-iphonesimulator/CNIOBoringSSL.build/Objects-normal/arm64/rsa_crypt.dia -c /Users/j/Documents/GitHub/MoneroOne/build/SourcePackages/checkouts/swift-nio-ssl/Sources/CNIOBoringSSL/crypto/rsa/rsa_crypt.cc -o /Users/j/Documents/GitHub/MoneroOne/build/Build/Intermediates.noindex/swift-nio-ssl.build/Debug-iphonesimulator/CNIOBoringSSL.build/Objects-normal/arm64/rsa_crypt.o -index-unit-output-path /swift-nio-ssl.build/Debug-iphonesimulator/CNIOBoringSSL.build/Objects-normal/arm64/rsa_crypt.o

SwiftMergeGeneratedHeaders /Users/j/Documents/GitHub/MoneroOne/build/Build/Intermediates.noindex/GeneratedModuleMaps-iphonesimulator/GRDB-Swift.h /Users/j/Documents/GitHub/MoneroOne/build/Build/Intermediates.noindex/GRDB.build/Debug-iphonesimulator/GRDB.build/Objects-normal/arm64/GRDB-Swift.h (in target 'GRDB' from project 'GRDB')
    cd /Users/j/Documents/GitHub/MoneroOne/build/SourcePackages/checkouts/GRDB.swift
    builtin-swiftHeaderTool -arch arm64 /Users/j/Documents/GitHub/MoneroOne/build/Build/Intermediates.noindex/GRDB.build/Debug-iphonesimulator/GRDB.build/Objects-normal/arm64/GRDB-Swift.h -o /Users/j/Documents/GitHub/MoneroOne/build/Build/Intermediates.noindex/GeneratedModuleMaps-iphonesimulator/GRDB-Swift.h

Copy /Users/j/Documents/GitHub/MoneroOne/build/Build/Products/Debug-iphonesimulator/GRDB.swiftmodule/arm64-apple-ios-simulator.swiftmodule /Users/j/Documents/GitHub/MoneroOne/build/Build/Intermediates.noindex/GRDB.build/Debug-iphonesimulator/GRDB.build/Objects-normal/arm64/GRDB.swiftmodule (in target 'GRDB' from project 'GRDB')
    cd /Users/j/Documents/GitHub/MoneroOne/build/SourcePackages/checkouts/GRDB.swift
    builtin-copy -exclude .DS_Store -exclude CVS -exclude .svn -exclude .git -exclude .hg -resolve-src-symlinks -rename /Users/j/Documents/GitHub/MoneroOne/build/Build/Intermediates.noindex/GRDB.build/Debug-iphonesimulator/GRDB.build/Objects-normal/arm64/GRDB.swiftmodule /Users/j/Documents/GitHub/MoneroOne/build/Build/Products/Debug-iphonesimulator/GRDB.swiftmodule/arm64-apple-ios-simulator.swiftmodule

Copy /Users/j/Documents/GitHub/MoneroOne/build/Build/Products/Debug-iphonesimulator/GRDB.swiftmodule/arm64-apple-ios-simulator.swiftdoc /Users/j/Documents/GitHub/MoneroOne/build/Build/Intermediates.noindex/GRDB.build/Debug-iphonesimulator/GRDB.build/Objects-normal/arm64/GRDB.swiftdoc (in target 'GRDB' from project 'GRDB')
    cd /Users/j/Documents/GitHub/MoneroOne/build/SourcePackages/checkouts/GRDB.swift
    builtin-copy -exclude .DS_Store -exclude CVS -exclude .svn -exclude .git -exclude .hg -resolve-src-symlinks -rename /Users/j/Documents/GitHub/MoneroOne/build/Build/Intermediates.noindex/GRDB.build/Debug-iphonesimulator/GRDB.build/Objects-normal/arm64/GRDB.swiftdoc /Users/j/Documents/GitHub/MoneroOne/build/Build/Products/Debug-iphonesimulator/GRDB.swiftmodule/arm64-apple-ios-simulator.swiftdoc

Copy /Users/j/Documents/GitHub/MoneroOne/build/Build/Products/Debug-iphonesimulator/GRDB.swiftmodule/arm64-apple-ios-simulator.abi.json /Users/j/Documents/GitHub/MoneroOne/build/Build/Intermediates.noindex/GRDB.build/Debug-iphonesimulator/GRDB.build/Objects-normal/arm64/GRDB.abi.json (in target 'GRDB' from project 'GRDB')
    cd /Users/j/Documents/GitHub/MoneroOne/build/SourcePackages/checkouts/GRDB.swift
    builtin-copy -exclude .DS_Store -exclude CVS -exclude .svn -exclude .git -exclude .hg -resolve-src-symlinks -rename /Users/j/Documents/GitHub/MoneroOne/build/Build/Intermediates.noindex/GRDB.build/Debug-iphonesimulator/GRDB.build/Objects-normal/arm64/GRDB.abi.json /Users/j/Documents/GitHub/MoneroOne/build/Build/Products/Debug-iphonesimulator/GRDB.swiftmodule/arm64-apple-ios-simulator.abi.json

Copy /Users/j/Documents/GitHub/MoneroOne/build/Build/Products/Debug-iphonesimulator/GRDB.swiftmodule/Project/arm64-apple-ios-simulator.swiftsourceinfo /Users/j/Documents/GitHub/MoneroOne/build/Build/Intermediates.noindex/GRDB.build/Debug-iphonesimulator/GRDB.build/Objects-normal/arm64/GRDB.swiftsourceinfo (in target 'GRDB' from project 'GRDB')
    cd /Users/j/Documents/GitHub/MoneroOne/build/SourcePackages/checkouts/GRDB.swift
    builtin-copy -exclude .DS_Store -exclude CVS -exclude .svn -exclude .git -exclude .hg -resolve-src-symlinks -rename /Users/j/Documents/GitHub/MoneroOne/build/Build/Intermediates.noindex/GRDB.build/Debug-iphonesimulator/GRDB.build/Objects-normal/arm64/GRDB.swiftsourceinfo /Users/j/Documents/GitHub/MoneroOne/build/Build/Products/Debug-iphonesimulator/GRDB.swiftmodule/Project/arm64-apple-ios-simulator.swiftsourceinfo

CompileC /Users/j/Documents/GitHub/MoneroOne/build/Build/Intermediates.noindex/swift-nio-ssl.build/Debug-iphonesimulator/CNIOBoringSSL.build/Objects-normal/arm64/rsa_asn1.o /Users/j/Documents/GitHub/MoneroOne/build/SourcePackages/checkouts/swift-nio-ssl/Sources/CNIOBoringSSL/crypto/rsa/rsa_asn1.cc normal arm64 c++ com.apple.compilers.llvm.clang.1_0.compiler (in target 'CNIOBoringSSL' from project 'swift-nio-ssl')
    cd /Users/j/Documents/GitHub/MoneroOne/MoneroOne.xcodeproj
    
    Using response file: /Users/j/Documents/GitHub/MoneroOne/build/Build/Intermediates.noindex/swift-nio-ssl.build/Debug-iphonesimulator/CNIOBoringSSL.build/Objects-normal/arm64/82b82416624d2658e5098eb0a28c15c5-common-args.resp
    
    /Applications/Xcode.app/Contents/Developer/Toolchains/XcodeDefault.xctoolchain/usr/bin/clang -x c++ -ivfsstatcache /Users/j/Documents/GitHub/MoneroOne/build/SDKStatCaches.noindex/iphonesimulator26.1-23B77-90cf18a4295e390e64c810bc6bd7acbc.sdkstatcache -fmessage-length\=0 -fdiagnostics-show-note-include-stack -fmacro-backtrace-limit\=0 -fno-color-diagnostics -fmodules-prune-interval\=86400 -fmodules-prune-after\=345600 -fbuild-session-file\=/Users/j/Documents/GitHub/MoneroOne/build/ModuleCache.noindex/Session.modulevalidation -fmodules-validate-once-per-build-session -Wnon-modular-include-in-framework-module -Werror\=non-modular-include-in-framework-module -Wno-trigraphs -Wno-missing-field-initializers -Wno-missing-prototypes -Wno-return-type -Wno-non-virtual-dtor -Wno-overloaded-virtual -Wno-exit-time-destructors -Wno-missing-braces -Wparentheses -Wswitch -Wno-unused-function -Wno-unused-label -Wno-unused-parameter -Wno-unused-variable -Wunused-value -Wno-empty-body -Wno-uninitialized -Wno-unknown-pragmas -w -Wno-shadow -Wno-four-char-constants -Wno-conversion -Wno-constant-conversion -Wno-int-conversion -Wno-bool-conversion -Wno-enum-conversion -Wno-float-conversion -Wno-non-literal-null-conversion -Wno-objc-literal-conversion -Wshorten-64-to-32 -Wno-newline-eof -Wno-c++11-extensions -Wno-implicit-fallthrough -fstrict-aliasing -Wdeprecated-declarations -Winvalid-offsetof -Wno-sign-conversion -Wno-infinite-recursion -Wno-move -Wno-comma -Wno-block-capture-autoreleasing -Wno-strict-prototypes -Wno-range-loop-analysis -Wno-semicolon-before-method-body -index-store-path /Users/j/Documents/GitHub/MoneroOne/build/Index.noindex/DataStore @/Users/j/Documents/GitHub/MoneroOne/build/Build/Intermediates.noindex/swift-nio-ssl.build/Debug-iphonesimulator/CNIOBoringSSL.build/Objects-normal/arm64/82b82416624d2658e5098eb0a28c15c5-common-args.resp -MMD -MT dependencies -MF /Users/j/Documents/GitHub/MoneroOne/build/Build/Intermediates.noindex/swift-nio-ssl.build/Debug-iphonesimulator/CNIOBoringSSL.build/Objects-normal/arm64/rsa_asn1.d --serialize-diagnostics /Users/j/Documents/GitHub/MoneroOne/build/Build/Intermediates.noindex/swift-nio-ssl.build/Debug-iphonesimulator/CNIOBoringSSL.build/Objects-normal/arm64/rsa_asn1.dia -c /Users/j/Documents/GitHub/MoneroOne/build/SourcePackages/checkouts/swift-nio-ssl/Sources/CNIOBoringSSL/crypto/rsa/rsa_asn1.cc -o /Users/j/Documents/GitHub/MoneroOne/build/Build/Intermediates.noindex/swift-nio-ssl.build/Debug-iphonesimulator/CNIOBoringSSL.build/Objects-normal/arm64/rsa_asn1.o -index-unit-output-path /swift-nio-ssl.build/Debug-iphonesimulator/CNIOBoringSSL.build/Objects-normal/arm64/rsa_asn1.o

CompileC /Users/j/Documents/GitHub/MoneroOne/build/Build/Intermediates.noindex/swift-nio-ssl.build/Debug-iphonesimulator/CNIOBoringSSL.build/Objects-normal/arm64/refcount.o /Users/j/Documents/GitHub/MoneroOne/build/SourcePackages/checkouts/swift-nio-ssl/Sources/CNIOBoringSSL/crypto/refcount.cc normal arm64 c++ com.apple.compilers.llvm.clang.1_0.compiler (in target 'CNIOBoringSSL' from project 'swift-nio-ssl')
    cd /Users/j/Documents/GitHub/MoneroOne/MoneroOne.xcodeproj
    
    Using response file: /Users/j/Documents/GitHub/MoneroOne/build/Build/Intermediates.noindex/swift-nio-ssl.build/Debug-iphonesimulator/CNIOBoringSSL.build/Objects-normal/arm64/82b82416624d2658e5098eb0a28c15c5-common-args.resp
    
    /Applications/Xcode.app/Contents/Developer/Toolchains/XcodeDefault.xctoolchain/usr/bin/clang -x c++ -ivfsstatcache /Users/j/Documents/GitHub/MoneroOne/build/SDKStatCaches.noindex/iphonesimulator26.1-23B77-90cf18a4295e390e64c810bc6bd7acbc.sdkstatcache -fmessage-length\=0 -fdiagnostics-show-note-include-stack -fmacro-backtrace-limit\=0 -fno-color-diagnostics -fmodules-prune-interval\=86400 -fmodules-prune-after\=345600 -fbuild-session-file\=/Users/j/Documents/GitHub/MoneroOne/build/ModuleCache.noindex/Session.modulevalidation -fmodules-validate-once-per-build-session -Wnon-modular-include-in-framework-module -Werror\=non-modular-include-in-framework-module -Wno-trigraphs -Wno-missing-field-initializers -Wno-missing-prototypes -Wno-return-type -Wno-non-virtual-dtor -Wno-overloaded-virtual -Wno-exit-time-destructors -Wno-missing-braces -Wparentheses -Wswitch -Wno-unused-function -Wno-unused-label -Wno-unused-parameter -Wno-unused-variable -Wunused-value -Wno-empty-body -Wno-uninitialized -Wno-unknown-pragmas -w -Wno-shadow -Wno-four-char-constants -Wno-conversion -Wno-constant-conversion -Wno-int-conversion -Wno-bool-conversion -Wno-enum-conversion -Wno-float-conversion -Wno-non-literal-null-conversion -Wno-objc-literal-conversion -Wshorten-64-to-32 -Wno-newline-eof -Wno-c++11-extensions -Wno-implicit-fallthrough -fstrict-aliasing -Wdeprecated-declarations -Winvalid-offsetof -Wno-sign-conversion -Wno-infinite-recursion -Wno-move -Wno-comma -Wno-block-capture-autoreleasing -Wno-strict-prototypes -Wno-range-loop-analysis -Wno-semicolon-before-method-body -index-store-path /Users/j/Documents/GitHub/MoneroOne/build/Index.noindex/DataStore @/Users/j/Documents/GitHub/MoneroOne/build/Build/Intermediates.noindex/swift-nio-ssl.build/Debug-iphonesimulator/CNIOBoringSSL.build/Objects-normal/arm64/82b82416624d2658e5098eb0a28c15c5-common-args.resp -MMD -MT dependencies -MF /Users/j/Documents/GitHub/MoneroOne/build/Build/Intermediates.noindex/swift-nio-ssl.build/Debug-iphonesimulator/CNIOBoringSSL.build/Objects-normal/arm64/refcount.d --serialize-diagnostics /Users/j/Documents/GitHub/MoneroOne/build/Build/Intermediates.noindex/swift-nio-ssl.build/Debug-iphonesimulator/CNIOBoringSSL.build/Objects-normal/arm64/refcount.dia -c /Users/j/Documents/GitHub/MoneroOne/build/SourcePackages/checkouts/swift-nio-ssl/Sources/CNIOBoringSSL/crypto/refcount.cc -o /Users/j/Documents/GitHub/MoneroOne/build/Build/Intermediates.noindex/swift-nio-ssl.build/Debug-iphonesimulator/CNIOBoringSSL.build/Objects-normal/arm64/refcount.o -index-unit-output-path /swift-nio-ssl.build/Debug-iphonesimulator/CNIOBoringSSL.build/Objects-normal/arm64/refcount.o

CompileC /Users/j/Documents/GitHub/MoneroOne/build/Build/Intermediates.noindex/swift-nio-ssl.build/Debug-iphonesimulator/CNIOBoringSSL.build/Objects-normal/arm64/rdrand-x86_64-linux.o /Users/j/Documents/GitHub/MoneroOne/build/SourcePackages/checkouts/swift-nio-ssl/Sources/CNIOBoringSSL/gen/bcm/rdrand-x86_64-linux.S normal arm64 assembler-with-cpp com.apple.compilers.llvm.clang.1_0.compiler (in target 'CNIOBoringSSL' from project 'swift-nio-ssl')
    cd /Users/j/Documents/GitHub/MoneroOne/MoneroOne.xcodeproj
    
    Using response file: /Users/j/Documents/GitHub/MoneroOne/build/Build/Intermediates.noindex/swift-nio-ssl.build/Debug-iphonesimulator/CNIOBoringSSL.build/Objects-normal/arm64/533656923a283fa776881f304837ed9e-common-args.resp
    
    /Applications/Xcode.app/Contents/Developer/Toolchains/XcodeDefault.xctoolchain/usr/bin/clang -x assembler-with-cpp -ivfsstatcache /Users/j/Documents/GitHub/MoneroOne/build/SDKStatCaches.noindex/iphonesimulator26.1-23B77-90cf18a4295e390e64c810bc6bd7acbc.sdkstatcache -fmessage-length\=0 -fdiagnostics-show-note-include-stack -fmacro-backtrace-limit\=0 -fno-color-diagnostics -fmodules-prune-interval\=86400 -fmodules-prune-after\=345600 -fbuild-session-file\=/Users/j/Documents/GitHub/MoneroOne/build/ModuleCache.noindex/Session.modulevalidation -fmodules-validate-once-per-build-session -Wnon-modular-include-in-framework-module -Werror\=non-modular-include-in-framework-module -Wno-trigraphs -Wno-missing-field-initializers -Wno-missing-prototypes -Wno-return-type -Wno-missing-braces -Wparentheses -Wswitch -Wno-unused-function -Wno-unused-label -Wno-unused-parameter -Wno-unused-variable -Wunused-value -Wno-empty-body -Wno-uninitialized -Wno-unknown-pragmas -w -Wno-shadow -Wno-four-char-constants -Wno-conversion -Wno-constant-conversion -Wno-int-conversion -Wno-bool-conversion -Wno-enum-conversion -Wno-float-conversion -Wno-non-literal-null-conversion -Wno-objc-literal-conversion -Wshorten-64-to-32 -Wno-newline-eof -Wno-implicit-fallthrough -fstrict-aliasing -Wdeprecated-declarations -Wno-sign-conversion -Wno-infinite-recursion -Wno-comma -Wno-block-capture-autoreleasing -Wno-strict-prototypes -Wno-semicolon-before-method-body -index-store-path /Users/j/Documents/GitHub/MoneroOne/build/Index.noindex/DataStore @/Users/j/Documents/GitHub/MoneroOne/build/Build/Intermediates.noindex/swift-nio-ssl.build/Debug-iphonesimulator/CNIOBoringSSL.build/Objects-normal/arm64/533656923a283fa776881f304837ed9e-common-args.resp -MMD -MT dependencies -MF /Users/j/Documents/GitHub/MoneroOne/build/Build/Intermediates.noindex/swift-nio-ssl.build/Debug-iphonesimulator/CNIOBoringSSL.build/Objects-normal/arm64/rdrand-x86_64-linux.d --serialize-diagnostics /Users/j/Documents/GitHub/MoneroOne/build/Build/Intermediates.noindex/swift-nio-ssl.build/Debug-iphonesimulator/CNIOBoringSSL.build/Objects-normal/arm64/rdrand-x86_64-linux.dia -c /Users/j/Documents/GitHub/MoneroOne/build/SourcePackages/checkouts/swift-nio-ssl/Sources/CNIOBoringSSL/gen/bcm/rdrand-x86_64-linux.S -o /Users/j/Documents/GitHub/MoneroOne/build/Build/Intermediates.noindex/swift-nio-ssl.build/Debug-iphonesimulator/CNIOBoringSSL.build/Objects-normal/arm64/rdrand-x86_64-linux.o -index-unit-output-path /swift-nio-ssl.build/Debug-iphonesimulator/CNIOBoringSSL.build/Objects-normal/arm64/rdrand-x86_64-linux.o

CompileC /Users/j/Documents/GitHub/MoneroOne/build/Build/Intermediates.noindex/swift-nio-ssl.build/Debug-iphonesimulator/CNIOBoringSSL.build/Objects-normal/arm64/rdrand-x86_64-apple.o /Users/j/Documents/GitHub/MoneroOne/build/SourcePackages/checkouts/swift-nio-ssl/Sources/CNIOBoringSSL/gen/bcm/rdrand-x86_64-apple.S normal arm64 assembler-with-cpp com.apple.compilers.llvm.clang.1_0.compiler (in target 'CNIOBoringSSL' from project 'swift-nio-ssl')
    cd /Users/j/Documents/GitHub/MoneroOne/MoneroOne.xcodeproj
    
    Using response file: /Users/j/Documents/GitHub/MoneroOne/build/Build/Intermediates.noindex/swift-nio-ssl.build/Debug-iphonesimulator/CNIOBoringSSL.build/Objects-normal/arm64/533656923a283fa776881f304837ed9e-common-args.resp
    
    /Applications/Xcode.app/Contents/Developer/Toolchains/XcodeDefault.xctoolchain/usr/bin/clang -x assembler-with-cpp -ivfsstatcache /Users/j/Documents/GitHub/MoneroOne/build/SDKStatCaches.noindex/iphonesimulator26.1-23B77-90cf18a4295e390e64c810bc6bd7acbc.sdkstatcache -fmessage-length\=0 -fdiagnostics-show-note-include-stack -fmacro-backtrace-limit\=0 -fno-color-diagnostics -fmodules-prune-interval\=86400 -fmodules-prune-after\=345600 -fbuild-session-file\=/Users/j/Documents/GitHub/MoneroOne/build/ModuleCache.noindex/Session.modulevalidation -fmodules-validate-once-per-build-session -Wnon-modular-include-in-framework-module -Werror\=non-modular-include-in-framework-module -Wno-trigraphs -Wno-missing-field-initializers -Wno-missing-prototypes -Wno-return-type -Wno-missing-braces -Wparentheses -Wswitch -Wno-unused-function -Wno-unused-label -Wno-unused-parameter -Wno-unused-variable -Wunused-value -Wno-empty-body -Wno-uninitialized -Wno-unknown-pragmas -w -Wno-shadow -Wno-four-char-constants -Wno-conversion -Wno-constant-conversion -Wno-int-conversion -Wno-bool-conversion -Wno-enum-conversion -Wno-float-conversion -Wno-non-literal-null-conversion -Wno-objc-literal-conversion -Wshorten-64-to-32 -Wno-newline-eof -Wno-implicit-fallthrough -fstrict-aliasing -Wdeprecated-declarations -Wno-sign-conversion -Wno-infinite-recursion -Wno-comma -Wno-block-capture-autoreleasing -Wno-strict-prototypes -Wno-semicolon-before-method-body -index-store-path /Users/j/Documents/GitHub/MoneroOne/build/Index.noindex/DataStore @/Users/j/Documents/GitHub/MoneroOne/build/Build/Intermediates.noindex/swift-nio-ssl.build/Debug-iphonesimulator/CNIOBoringSSL.build/Objects-normal/arm64/533656923a283fa776881f304837ed9e-common-args.resp -MMD -MT dependencies -MF /Users/j/Documents/GitHub/MoneroOne/build/Build/Intermediates.noindex/swift-nio-ssl.build/Debug-iphonesimulator/CNIOBoringSSL.build/Objects-normal/arm64/rdrand-x86_64-apple.d --serialize-diagnostics /Users/j/Documents/GitHub/MoneroOne/build/Build/Intermediates.noindex/swift-nio-ssl.build/Debug-iphonesimulator/CNIOBoringSSL.build/Objects-normal/arm64/rdrand-x86_64-apple.dia -c /Users/j/Documents/GitHub/MoneroOne/build/SourcePackages/checkouts/swift-nio-ssl/Sources/CNIOBoringSSL/gen/bcm/rdrand-x86_64-apple.S -o /Users/j/Documents/GitHub/MoneroOne/build/Build/Intermediates.noindex/swift-nio-ssl.build/Debug-iphonesimulator/CNIOBoringSSL.build/Objects-normal/arm64/rdrand-x86_64-apple.o -index-unit-output-path /swift-nio-ssl.build/Debug-iphonesimulator/CNIOBoringSSL.build/Objects-normal/arm64/rdrand-x86_64-apple.o

CompileC /Users/j/Documents/GitHub/MoneroOne/build/Build/Intermediates.noindex/swift-nio-ssl.build/Debug-iphonesimulator/CNIOBoringSSL.build/Objects-normal/arm64/rc4.o /Users/j/Documents/GitHub/MoneroOne/build/SourcePackages/checkouts/swift-nio-ssl/Sources/CNIOBoringSSL/crypto/rc4/rc4.cc normal arm64 c++ com.apple.compilers.llvm.clang.1_0.compiler (in target 'CNIOBoringSSL' from project 'swift-nio-ssl')
    cd /Users/j/Documents/GitHub/MoneroOne/MoneroOne.xcodeproj
    
    Using response file: /Users/j/Documents/GitHub/MoneroOne/build/Build/Intermediates.noindex/swift-nio-ssl.build/Debug-iphonesimulator/CNIOBoringSSL.build/Objects-normal/arm64/82b82416624d2658e5098eb0a28c15c5-common-args.resp
    
    /Applications/Xcode.app/Contents/Developer/Toolchains/XcodeDefault.xctoolchain/usr/bin/clang -x c++ -ivfsstatcache /Users/j/Documents/GitHub/MoneroOne/build/SDKStatCaches.noindex/iphonesimulator26.1-23B77-90cf18a4295e390e64c810bc6bd7acbc.sdkstatcache -fmessage-length\=0 -fdiagnostics-show-note-include-stack -fmacro-backtrace-limit\=0 -fno-color-diagnostics -fmodules-prune-interval\=86400 -fmodules-prune-after\=345600 -fbuild-session-file\=/Users/j/Documents/GitHub/MoneroOne/build/ModuleCache.noindex/Session.modulevalidation -fmodules-validate-once-per-build-session -Wnon-modular-include-in-framework-module -Werror\=non-modular-include-in-framework-module -Wno-trigraphs -Wno-missing-field-initializers -Wno-missing-prototypes -Wno-return-type -Wno-non-virtual-dtor -Wno-overloaded-virtual -Wno-exit-time-destructors -Wno-missing-braces -Wparentheses -Wswitch -Wno-unused-function -Wno-unused-label -Wno-unused-parameter -Wno-unused-variable -Wunused-value -Wno-empty-body -Wno-uninitialized -Wno-unknown-pragmas -w -Wno-shadow -Wno-four-char-constants -Wno-conversion -Wno-constant-conversion -Wno-int-conversion -Wno-bool-conversion -Wno-enum-conversion -Wno-float-conversion -Wno-non-literal-null-conversion -Wno-objc-literal-conversion -Wshorten-64-to-32 -Wno-newline-eof -Wno-c++11-extensions -Wno-implicit-fallthrough -fstrict-aliasing -Wdeprecated-declarations -Winvalid-offsetof -Wno-sign-conversion -Wno-infinite-recursion -Wno-move -Wno-comma -Wno-block-capture-autoreleasing -Wno-strict-prototypes -Wno-range-loop-analysis -Wno-semicolon-before-method-body -index-store-path /Users/j/Documents/GitHub/MoneroOne/build/Index.noindex/DataStore @/Users/j/Documents/GitHub/MoneroOne/build/Build/Intermediates.noindex/swift-nio-ssl.build/Debug-iphonesimulator/CNIOBoringSSL.build/Objects-normal/arm64/82b82416624d2658e5098eb0a28c15c5-common-args.resp -MMD -MT dependencies -MF /Users/j/Documents/GitHub/MoneroOne/build/Build/Intermediates.noindex/swift-nio-ssl.build/Debug-iphonesimulator/CNIOBoringSSL.build/Objects-normal/arm64/rc4.d --serialize-diagnostics /Users/j/Documents/GitHub/MoneroOne/build/Build/Intermediates.noindex/swift-nio-ssl.build/Debug-iphonesimulator/CNIOBoringSSL.build/Objects-normal/arm64/rc4.dia -c /Users/j/Documents/GitHub/MoneroOne/build/SourcePackages/checkouts/swift-nio-ssl/Sources/CNIOBoringSSL/crypto/rc4/rc4.cc -o /Users/j/Documents/GitHub/MoneroOne/build/Build/Intermediates.noindex/swift-nio-ssl.build/Debug-iphonesimulator/CNIOBoringSSL.build/Objects-normal/arm64/rc4.o -index-unit-output-path /swift-nio-ssl.build/Debug-iphonesimulator/CNIOBoringSSL.build/Objects-normal/arm64/rc4.o

CompileC /Users/j/Documents/GitHub/MoneroOne/build/Build/Intermediates.noindex/swift-nio-ssl.build/Debug-iphonesimulator/CNIOBoringSSL.build/Objects-normal/arm64/rand.o /Users/j/Documents/GitHub/MoneroOne/build/SourcePackages/checkouts/swift-nio-ssl/Sources/CNIOBoringSSL/crypto/rand/rand.cc normal arm64 c++ com.apple.compilers.llvm.clang.1_0.compiler (in target 'CNIOBoringSSL' from project 'swift-nio-ssl')
    cd /Users/j/Documents/GitHub/MoneroOne/MoneroOne.xcodeproj
    
    Using response file: /Users/j/Documents/GitHub/MoneroOne/build/Build/Intermediates.noindex/swift-nio-ssl.build/Debug-iphonesimulator/CNIOBoringSSL.build/Objects-normal/arm64/82b82416624d2658e5098eb0a28c15c5-common-args.resp
    
    /Applications/Xcode.app/Contents/Developer/Toolchains/XcodeDefault.xctoolchain/usr/bin/clang -x c++ -ivfsstatcache /Users/j/Documents/GitHub/MoneroOne/build/SDKStatCaches.noindex/iphonesimulator26.1-23B77-90cf18a4295e390e64c810bc6bd7acbc.sdkstatcache -fmessage-length\=0 -fdiagnostics-show-note-include-stack -fmacro-backtrace-limit\=0 -fno-color-diagnostics -fmodules-prune-interval\=86400 -fmodules-prune-after\=345600 -fbuild-session-file\=/Users/j/Documents/GitHub/MoneroOne/build/ModuleCache.noindex/Session.modulevalidation -fmodules-validate-once-per-build-session -Wnon-modular-include-in-framework-module -Werror\=non-modular-include-in-framework-module -Wno-trigraphs -Wno-missing-field-initializers -Wno-missing-prototypes -Wno-return-type -Wno-non-virtual-dtor -Wno-overloaded-virtual -Wno-exit-time-destructors -Wno-missing-braces -Wparentheses -Wswitch -Wno-unused-function -Wno-unused-label -Wno-unused-parameter -Wno-unused-variable -Wunused-value -Wno-empty-body -Wno-uninitialized -Wno-unknown-pragmas -w -Wno-shadow -Wno-four-char-constants -Wno-conversion -Wno-constant-conversion -Wno-int-conversion -Wno-bool-conversion -Wno-enum-conversion -Wno-float-conversion -Wno-non-literal-null-conversion -Wno-objc-literal-conversion -Wshorten-64-to-32 -Wno-newline-eof -Wno-c++11-extensions -Wno-implicit-fallthrough -fstrict-aliasing -Wdeprecated-declarations -Winvalid-offsetof -Wno-sign-conversion -Wno-infinite-recursion -Wno-move -Wno-comma -Wno-block-capture-autoreleasing -Wno-strict-prototypes -Wno-range-loop-analysis -Wno-semicolon-before-method-body -index-store-path /Users/j/Documents/GitHub/MoneroOne/build/Index.noindex/DataStore @/Users/j/Documents/GitHub/MoneroOne/build/Build/Intermediates.noindex/swift-nio-ssl.build/Debug-iphonesimulator/CNIOBoringSSL.build/Objects-normal/arm64/82b82416624d2658e5098eb0a28c15c5-common-args.resp -MMD -MT dependencies -MF /Users/j/Documents/GitHub/MoneroOne/build/Build/Intermediates.noindex/swift-nio-ssl.build/Debug-iphonesimulator/CNIOBoringSSL.build/Objects-normal/arm64/rand.d --serialize-diagnostics /Users/j/Documents/GitHub/MoneroOne/build/Build/Intermediates.noindex/swift-nio-ssl.build/Debug-iphonesimulator/CNIOBoringSSL.build/Objects-normal/arm64/rand.dia -c /Users/j/Documents/GitHub/MoneroOne/build/SourcePackages/checkouts/swift-nio-ssl/Sources/CNIOBoringSSL/crypto/rand/rand.cc -o /Users/j/Documents/GitHub/MoneroOne/build/Build/Intermediates.noindex/swift-nio-ssl.build/Debug-iphonesimulator/CNIOBoringSSL.build/Objects-normal/arm64/rand.o -index-unit-output-path /swift-nio-ssl.build/Debug-iphonesimulator/CNIOBoringSSL.build/Objects-normal/arm64/rand.o

CompileC /Users/j/Documents/GitHub/MoneroOne/build/Build/Intermediates.noindex/swift-nio-ssl.build/Debug-iphonesimulator/CNIOBoringSSL.build/Objects-normal/arm64/printf.o /Users/j/Documents/GitHub/MoneroOne/build/SourcePackages/checkouts/swift-nio-ssl/Sources/CNIOBoringSSL/crypto/bio/printf.cc normal arm64 c++ com.apple.compilers.llvm.clang.1_0.compiler (in target 'CNIOBoringSSL' from project 'swift-nio-ssl')
    cd /Users/j/Documents/GitHub/MoneroOne/MoneroOne.xcodeproj
    
    Using response file: /Users/j/Documents/GitHub/MoneroOne/build/Build/Intermediates.noindex/swift-nio-ssl.build/Debug-iphonesimulator/CNIOBoringSSL.build/Objects-normal/arm64/82b82416624d2658e5098eb0a28c15c5-common-args.resp
    
    /Applications/Xcode.app/Contents/Developer/Toolchains/XcodeDefault.xctoolchain/usr/bin/clang -x c++ -ivfsstatcache /Users/j/Documents/GitHub/MoneroOne/build/SDKStatCaches.noindex/iphonesimulator26.1-23B77-90cf18a4295e390e64c810bc6bd7acbc.sdkstatcache -fmessage-length\=0 -fdiagnostics-show-note-include-stack -fmacro-backtrace-limit\=0 -fno-color-diagnostics -fmodules-prune-interval\=86400 -fmodules-prune-after\=345600 -fbuild-session-file\=/Users/j/Documents/GitHub/MoneroOne/build/ModuleCache.noindex/Session.modulevalidation -fmodules-validate-once-per-build-session -Wnon-modular-include-in-framework-module -Werror\=non-modular-include-in-framework-module -Wno-trigraphs -Wno-missing-field-initializers -Wno-missing-prototypes -Wno-return-type -Wno-non-virtual-dtor -Wno-overloaded-virtual -Wno-exit-time-destructors -Wno-missing-braces -Wparentheses -Wswitch -Wno-unused-function -Wno-unused-label -Wno-unused-parameter -Wno-unused-variable -Wunused-value -Wno-empty-body -Wno-uninitialized -Wno-unknown-pragmas -w -Wno-shadow -Wno-four-char-constants -Wno-conversion -Wno-constant-conversion -Wno-int-conversion -Wno-bool-conversion -Wno-enum-conversion -Wno-float-conversion -Wno-non-literal-null-conversion -Wno-objc-literal-conversion -Wshorten-64-to-32 -Wno-newline-eof -Wno-c++11-extensions -Wno-implicit-fallthrough -fstrict-aliasing -Wdeprecated-declarations -Winvalid-offsetof -Wno-sign-conversion -Wno-infinite-recursion -Wno-move -Wno-comma -Wno-block-capture-autoreleasing -Wno-strict-prototypes -Wno-range-loop-analysis -Wno-semicolon-before-method-body -index-store-path /Users/j/Documents/GitHub/MoneroOne/build/Index.noindex/DataStore @/Users/j/Documents/GitHub/MoneroOne/build/Build/Intermediates.noindex/swift-nio-ssl.build/Debug-iphonesimulator/CNIOBoringSSL.build/Objects-normal/arm64/82b82416624d2658e5098eb0a28c15c5-common-args.resp -MMD -MT dependencies -MF /Users/j/Documents/GitHub/MoneroOne/build/Build/Intermediates.noindex/swift-nio-ssl.build/Debug-iphonesimulator/CNIOBoringSSL.build/Objects-normal/arm64/printf.d --serialize-diagnostics /Users/j/Documents/GitHub/MoneroOne/build/Build/Intermediates.noindex/swift-nio-ssl.build/Debug-iphonesimulator/CNIOBoringSSL.build/Objects-normal/arm64/printf.dia -c /Users/j/Documents/GitHub/MoneroOne/build/SourcePackages/checkouts/swift-nio-ssl/Sources/CNIOBoringSSL/crypto/bio/printf.cc -o /Users/j/Documents/GitHub/MoneroOne/build/Build/Intermediates.noindex/swift-nio-ssl.build/Debug-iphonesimulator/CNIOBoringSSL.build/Objects-normal/arm64/printf.o -index-unit-output-path /swift-nio-ssl.build/Debug-iphonesimulator/CNIOBoringSSL.build/Objects-normal/arm64/printf.o

CompileC /Users/j/Documents/GitHub/MoneroOne/build/Build/Intermediates.noindex/swift-nio-ssl.build/Debug-iphonesimulator/CNIOBoringSSL.build/Objects-normal/arm64/print.o /Users/j/Documents/GitHub/MoneroOne/build/SourcePackages/checkouts/swift-nio-ssl/Sources/CNIOBoringSSL/crypto/evp/print.cc normal arm64 c++ com.apple.compilers.llvm.clang.1_0.compiler (in target 'CNIOBoringSSL' from project 'swift-nio-ssl')
    cd /Users/j/Documents/GitHub/MoneroOne/MoneroOne.xcodeproj
    
    Using response file: /Users/j/Documents/GitHub/MoneroOne/build/Build/Intermediates.noindex/swift-nio-ssl.build/Debug-iphonesimulator/CNIOBoringSSL.build/Objects-normal/arm64/82b82416624d2658e5098eb0a28c15c5-common-args.resp
    
    /Applications/Xcode.app/Contents/Developer/Toolchains/XcodeDefault.xctoolchain/usr/bin/clang -x c++ -ivfsstatcache /Users/j/Documents/GitHub/MoneroOne/build/SDKStatCaches.noindex/iphonesimulator26.1-23B77-90cf18a4295e390e64c810bc6bd7acbc.sdkstatcache -fmessage-length\=0 -fdiagnostics-show-note-include-stack -fmacro-backtrace-limit\=0 -fno-color-diagnostics -fmodules-prune-interval\=86400 -fmodules-prune-after\=345600 -fbuild-session-file\=/Users/j/Documents/GitHub/MoneroOne/build/ModuleCache.noindex/Session.modulevalidation -fmodules-validate-once-per-build-session -Wnon-modular-include-in-framework-module -Werror\=non-modular-include-in-framework-module -Wno-trigraphs -Wno-missing-field-initializers -Wno-missing-prototypes -Wno-return-type -Wno-non-virtual-dtor -Wno-overloaded-virtual -Wno-exit-time-destructors -Wno-missing-braces -Wparentheses -Wswitch -Wno-unused-function -Wno-unused-label -Wno-unused-parameter -Wno-unused-variable -Wunused-value -Wno-empty-body -Wno-uninitialized -Wno-unknown-pragmas -w -Wno-shadow -Wno-four-char-constants -Wno-conversion -Wno-constant-conversion -Wno-int-conversion -Wno-bool-conversion -Wno-enum-conversion -Wno-float-conversion -Wno-non-literal-null-conversion -Wno-objc-literal-conversion -Wshorten-64-to-32 -Wno-newline-eof -Wno-c++11-extensions -Wno-implicit-fallthrough -fstrict-aliasing -Wdeprecated-declarations -Winvalid-offsetof -Wno-sign-conversion -Wno-infinite-recursion -Wno-move -Wno-comma -Wno-block-capture-autoreleasing -Wno-strict-prototypes -Wno-range-loop-analysis -Wno-semicolon-before-method-body -index-store-path /Users/j/Documents/GitHub/MoneroOne/build/Index.noindex/DataStore @/Users/j/Documents/GitHub/MoneroOne/build/Build/Intermediates.noindex/swift-nio-ssl.build/Debug-iphonesimulator/CNIOBoringSSL.build/Objects-normal/arm64/82b82416624d2658e5098eb0a28c15c5-common-args.resp -MMD -MT dependencies -MF /Users/j/Documents/GitHub/MoneroOne/build/Build/Intermediates.noindex/swift-nio-ssl.build/Debug-iphonesimulator/CNIOBoringSSL.build/Objects-normal/arm64/print.d --serialize-diagnostics /Users/j/Documents/GitHub/MoneroOne/build/Build/Intermediates.noindex/swift-nio-ssl.build/Debug-iphonesimulator/CNIOBoringSSL.build/Objects-normal/arm64/print.dia -c /Users/j/Documents/GitHub/MoneroOne/build/SourcePackages/checkouts/swift-nio-ssl/Sources/CNIOBoringSSL/crypto/evp/print.cc -o /Users/j/Documents/GitHub/MoneroOne/build/Build/Intermediates.noindex/swift-nio-ssl.build/Debug-iphonesimulator/CNIOBoringSSL.build/Objects-normal/arm64/print.o -index-unit-output-path /swift-nio-ssl.build/Debug-iphonesimulator/CNIOBoringSSL.build/Objects-normal/arm64/print.o

CompileC /Users/j/Documents/GitHub/MoneroOne/build/Build/Intermediates.noindex/swift-nio-ssl.build/Debug-iphonesimulator/CNIOBoringSSL.build/Objects-normal/arm64/posix_time.o /Users/j/Documents/GitHub/MoneroOne/build/SourcePackages/checkouts/swift-nio-ssl/Sources/CNIOBoringSSL/crypto/asn1/posix_time.cc normal arm64 c++ com.apple.compilers.llvm.clang.1_0.compiler (in target 'CNIOBoringSSL' from project 'swift-nio-ssl')
    cd /Users/j/Documents/GitHub/MoneroOne/MoneroOne.xcodeproj
    
    Using response file: /Users/j/Documents/GitHub/MoneroOne/build/Build/Intermediates.noindex/swift-nio-ssl.build/Debug-iphonesimulator/CNIOBoringSSL.build/Objects-normal/arm64/82b82416624d2658e5098eb0a28c15c5-common-args.resp
    
    /Applications/Xcode.app/Contents/Developer/Toolchains/XcodeDefault.xctoolchain/usr/bin/clang -x c++ -ivfsstatcache /Users/j/Documents/GitHub/MoneroOne/build/SDKStatCaches.noindex/iphonesimulator26.1-23B77-90cf18a4295e390e64c810bc6bd7acbc.sdkstatcache -fmessage-length\=0 -fdiagnostics-show-note-include-stack -fmacro-backtrace-limit\=0 -fno-color-diagnostics -fmodules-prune-interval\=86400 -fmodules-prune-after\=345600 -fbuild-session-file\=/Users/j/Documents/GitHub/MoneroOne/build/ModuleCache.noindex/Session.modulevalidation -fmodules-validate-once-per-build-session -Wnon-modular-include-in-framework-module -Werror\=non-modular-include-in-framework-module -Wno-trigraphs -Wno-missing-field-initializers -Wno-missing-prototypes -Wno-return-type -Wno-non-virtual-dtor -Wno-overloaded-virtual -Wno-exit-time-destructors -Wno-missing-braces -Wparentheses -Wswitch -Wno-unused-function -Wno-unused-label -Wno-unused-parameter -Wno-unused-variable -Wunused-value -Wno-empty-body -Wno-uninitialized -Wno-unknown-pragmas -w -Wno-shadow -Wno-four-char-constants -Wno-conversion -Wno-constant-conversion -Wno-int-conversion -Wno-bool-conversion -Wno-enum-conversion -Wno-float-conversion -Wno-non-literal-null-conversion -Wno-objc-literal-conversion -Wshorten-64-to-32 -Wno-newline-eof -Wno-c++11-extensions -Wno-implicit-fallthrough -fstrict-aliasing -Wdeprecated-declarations -Winvalid-offsetof -Wno-sign-conversion -Wno-infinite-recursion -Wno-move -Wno-comma -Wno-block-capture-autoreleasing -Wno-strict-prototypes -Wno-range-loop-analysis -Wno-semicolon-before-method-body -index-store-path /Users/j/Documents/GitHub/MoneroOne/build/Index.noindex/DataStore @/Users/j/Documents/GitHub/MoneroOne/build/Build/Intermediates.noindex/swift-nio-ssl.build/Debug-iphonesimulator/CNIOBoringSSL.build/Objects-normal/arm64/82b82416624d2658e5098eb0a28c15c5-common-args.resp -MMD -MT dependencies -MF /Users/j/Documents/GitHub/MoneroOne/build/Build/Intermediates.noindex/swift-nio-ssl.build/Debug-iphonesimulator/CNIOBoringSSL.build/Objects-normal/arm64/posix_time.d --serialize-diagnostics /Users/j/Documents/GitHub/MoneroOne/build/Build/Intermediates.noindex/swift-nio-ssl.build/Debug-iphonesimulator/CNIOBoringSSL.build/Objects-normal/arm64/posix_time.dia -c /Users/j/Documents/GitHub/MoneroOne/build/SourcePackages/checkouts/swift-nio-ssl/Sources/CNIOBoringSSL/crypto/asn1/posix_time.cc -o /Users/j/Documents/GitHub/MoneroOne/build/Build/Intermediates.noindex/swift-nio-ssl.build/Debug-iphonesimulator/CNIOBoringSSL.build/Objects-normal/arm64/posix_time.o -index-unit-output-path /swift-nio-ssl.build/Debug-iphonesimulator/CNIOBoringSSL.build/Objects-normal/arm64/posix_time.o

CompileC /Users/j/Documents/GitHub/MoneroOne/build/Build/Intermediates.noindex/swift-nio-ssl.build/Debug-iphonesimulator/CNIOBoringSSL.build/Objects-normal/arm64/pool.o /Users/j/Documents/GitHub/MoneroOne/build/SourcePackages/checkouts/swift-nio-ssl/Sources/CNIOBoringSSL/crypto/pool/pool.cc normal arm64 c++ com.apple.compilers.llvm.clang.1_0.compiler (in target 'CNIOBoringSSL' from project 'swift-nio-ssl')
    cd /Users/j/Documents/GitHub/MoneroOne/MoneroOne.xcodeproj
    
    Using response file: /Users/j/Documents/GitHub/MoneroOne/build/Build/Intermediates.noindex/swift-nio-ssl.build/Debug-iphonesimulator/CNIOBoringSSL.build/Objects-normal/arm64/82b82416624d2658e5098eb0a28c15c5-common-args.resp
    
    /Applications/Xcode.app/Contents/Developer/Toolchains/XcodeDefault.xctoolchain/usr/bin/clang -x c++ -ivfsstatcache /Users/j/Documents/GitHub/MoneroOne/build/SDKStatCaches.noindex/iphonesimulator26.1-23B77-90cf18a4295e390e64c810bc6bd7acbc.sdkstatcache -fmessage-length\=0 -fdiagnostics-show-note-include-stack -fmacro-backtrace-limit\=0 -fno-color-diagnostics -fmodules-prune-interval\=86400 -fmodules-prune-after\=345600 -fbuild-session-file\=/Users/j/Documents/GitHub/MoneroOne/build/ModuleCache.noindex/Session.modulevalidation -fmodules-validate-once-per-build-session -Wnon-modular-include-in-framework-module -Werror\=non-modular-include-in-framework-module -Wno-trigraphs -Wno-missing-field-initializers -Wno-missing-prototypes -Wno-return-type -Wno-non-virtual-dtor -Wno-overloaded-virtual -Wno-exit-time-destructors -Wno-missing-braces -Wparentheses -Wswitch -Wno-unused-function -Wno-unused-label -Wno-unused-parameter -Wno-unused-variable -Wunused-value -Wno-empty-body -Wno-uninitialized -Wno-unknown-pragmas -w -Wno-shadow -Wno-four-char-constants -Wno-conversion -Wno-constant-conversion -Wno-int-conversion -Wno-bool-conversion -Wno-enum-conversion -Wno-float-conversion -Wno-non-literal-null-conversion -Wno-objc-literal-conversion -Wshorten-64-to-32 -Wno-newline-eof -Wno-c++11-extensions -Wno-implicit-fallthrough -fstrict-aliasing -Wdeprecated-declarations -Winvalid-offsetof -Wno-sign-conversion -Wno-infinite-recursion -Wno-move -Wno-comma -Wno-block-capture-autoreleasing -Wno-strict-prototypes -Wno-range-loop-analysis -Wno-semicolon-before-method-body -index-store-path /Users/j/Documents/GitHub/MoneroOne/build/Index.noindex/DataStore @/Users/j/Documents/GitHub/MoneroOne/build/Build/Intermediates.noindex/swift-nio-ssl.build/Debug-iphonesimulator/CNIOBoringSSL.build/Objects-normal/arm64/82b82416624d2658e5098eb0a28c15c5-common-args.resp -MMD -MT dependencies -MF /Users/j/Documents/GitHub/MoneroOne/build/Build/Intermediates.noindex/swift-nio-ssl.build/Debug-iphonesimulator/CNIOBoringSSL.build/Objects-normal/arm64/pool.d --serialize-diagnostics /Users/j/Documents/GitHub/MoneroOne/build/Build/Intermediates.noindex/swift-nio-ssl.build/Debug-iphonesimulator/CNIOBoringSSL.build/Objects-normal/arm64/pool.dia -c /Users/j/Documents/GitHub/MoneroOne/build/SourcePackages/checkouts/swift-nio-ssl/Sources/CNIOBoringSSL/crypto/pool/pool.cc -o /Users/j/Documents/GitHub/MoneroOne/build/Build/Intermediates.noindex/swift-nio-ssl.build/Debug-iphonesimulator/CNIOBoringSSL.build/Objects-normal/arm64/pool.o -index-unit-output-path /swift-nio-ssl.build/Debug-iphonesimulator/CNIOBoringSSL.build/Objects-normal/arm64/pool.o

CompileC /Users/j/Documents/GitHub/MoneroOne/build/Build/Intermediates.noindex/swift-nio-ssl.build/Debug-iphonesimulator/CNIOBoringSSL.build/Objects-normal/arm64/poly_rq_mul.o /Users/j/Documents/GitHub/MoneroOne/build/SourcePackages/checkouts/swift-nio-ssl/Sources/CNIOBoringSSL/crypto/hrss/asm/poly_rq_mul.S normal arm64 assembler-with-cpp com.apple.compilers.llvm.clang.1_0.compiler (in target 'CNIOBoringSSL' from project 'swift-nio-ssl')
    cd /Users/j/Documents/GitHub/MoneroOne/MoneroOne.xcodeproj
    
    Using response file: /Users/j/Documents/GitHub/MoneroOne/build/Build/Intermediates.noindex/swift-nio-ssl.build/Debug-iphonesimulator/CNIOBoringSSL.build/Objects-normal/arm64/533656923a283fa776881f304837ed9e-common-args.resp
    
    /Applications/Xcode.app/Contents/Developer/Toolchains/XcodeDefault.xctoolchain/usr/bin/clang -x assembler-with-cpp -ivfsstatcache /Users/j/Documents/GitHub/MoneroOne/build/SDKStatCaches.noindex/iphonesimulator26.1-23B77-90cf18a4295e390e64c810bc6bd7acbc.sdkstatcache -fmessage-length\=0 -fdiagnostics-show-note-include-stack -fmacro-backtrace-limit\=0 -fno-color-diagnostics -fmodules-prune-interval\=86400 -fmodules-prune-after\=345600 -fbuild-session-file\=/Users/j/Documents/GitHub/MoneroOne/build/ModuleCache.noindex/Session.modulevalidation -fmodules-validate-once-per-build-session -Wnon-modular-include-in-framework-module -Werror\=non-modular-include-in-framework-module -Wno-trigraphs -Wno-missing-field-initializers -Wno-missing-prototypes -Wno-return-type -Wno-missing-braces -Wparentheses -Wswitch -Wno-unused-function -Wno-unused-label -Wno-unused-parameter -Wno-unused-variable -Wunused-value -Wno-empty-body -Wno-uninitialized -Wno-unknown-pragmas -w -Wno-shadow -Wno-four-char-constants -Wno-conversion -Wno-constant-conversion -Wno-int-conversion -Wno-bool-conversion -Wno-enum-conversion -Wno-float-conversion -Wno-non-literal-null-conversion -Wno-objc-literal-conversion -Wshorten-64-to-32 -Wno-newline-eof -Wno-implicit-fallthrough -fstrict-aliasing -Wdeprecated-declarations -Wno-sign-conversion -Wno-infinite-recursion -Wno-comma -Wno-block-capture-autoreleasing -Wno-strict-prototypes -Wno-semicolon-before-method-body -index-store-path /Users/j/Documents/GitHub/MoneroOne/build/Index.noindex/DataStore @/Users/j/Documents/GitHub/MoneroOne/build/Build/Intermediates.noindex/swift-nio-ssl.build/Debug-iphonesimulator/CNIOBoringSSL.build/Objects-normal/arm64/533656923a283fa776881f304837ed9e-common-args.resp -MMD -MT dependencies -MF /Users/j/Documents/GitHub/MoneroOne/build/Build/Intermediates.noindex/swift-nio-ssl.build/Debug-iphonesimulator/CNIOBoringSSL.build/Objects-normal/arm64/poly_rq_mul.d --serialize-diagnostics /Users/j/Documents/GitHub/MoneroOne/build/Build/Intermediates.noindex/swift-nio-ssl.build/Debug-iphonesimulator/CNIOBoringSSL.build/Objects-normal/arm64/poly_rq_mul.dia -c /Users/j/Documents/GitHub/MoneroOne/build/SourcePackages/checkouts/swift-nio-ssl/Sources/CNIOBoringSSL/crypto/hrss/asm/poly_rq_mul.S -o /Users/j/Documents/GitHub/MoneroOne/build/Build/Intermediates.noindex/swift-nio-ssl.build/Debug-iphonesimulator/CNIOBoringSSL.build/Objects-normal/arm64/poly_rq_mul.o -index-unit-output-path /swift-nio-ssl.build/Debug-iphonesimulator/CNIOBoringSSL.build/Objects-normal/arm64/poly_rq_mul.o

CompileC /Users/j/Documents/GitHub/MoneroOne/build/Build/Intermediates.noindex/swift-nio-ssl.build/Debug-iphonesimulator/CNIOBoringSSL.build/Objects-normal/arm64/poly1305_vec.o /Users/j/Documents/GitHub/MoneroOne/build/SourcePackages/checkouts/swift-nio-ssl/Sources/CNIOBoringSSL/crypto/poly1305/poly1305_vec.cc normal arm64 c++ com.apple.compilers.llvm.clang.1_0.compiler (in target 'CNIOBoringSSL' from project 'swift-nio-ssl')
    cd /Users/j/Documents/GitHub/MoneroOne/MoneroOne.xcodeproj
    
    Using response file: /Users/j/Documents/GitHub/MoneroOne/build/Build/Intermediates.noindex/swift-nio-ssl.build/Debug-iphonesimulator/CNIOBoringSSL.build/Objects-normal/arm64/82b82416624d2658e5098eb0a28c15c5-common-args.resp
    
    /Applications/Xcode.app/Contents/Developer/Toolchains/XcodeDefault.xctoolchain/usr/bin/clang -x c++ -ivfsstatcache /Users/j/Documents/GitHub/MoneroOne/build/SDKStatCaches.noindex/iphonesimulator26.1-23B77-90cf18a4295e390e64c810bc6bd7acbc.sdkstatcache -fmessage-length\=0 -fdiagnostics-show-note-include-stack -fmacro-backtrace-limit\=0 -fno-color-diagnostics -fmodules-prune-interval\=86400 -fmodules-prune-after\=345600 -fbuild-session-file\=/Users/j/Documents/GitHub/MoneroOne/build/ModuleCache.noindex/Session.modulevalidation -fmodules-validate-once-per-build-session -Wnon-modular-include-in-framework-module -Werror\=non-modular-include-in-framework-module -Wno-trigraphs -Wno-missing-field-initializers -Wno-missing-prototypes -Wno-return-type -Wno-non-virtual-dtor -Wno-overloaded-virtual -Wno-exit-time-destructors -Wno-missing-braces -Wparentheses -Wswitch -Wno-unused-function -Wno-unused-label -Wno-unused-parameter -Wno-unused-variable -Wunused-value -Wno-empty-body -Wno-uninitialized -Wno-unknown-pragmas -w -Wno-shadow -Wno-four-char-constants -Wno-conversion -Wno-constant-conversion -Wno-int-conversion -Wno-bool-conversion -Wno-enum-conversion -Wno-float-conversion -Wno-non-literal-null-conversion -Wno-objc-literal-conversion -Wshorten-64-to-32 -Wno-newline-eof -Wno-c++11-extensions -Wno-implicit-fallthrough -fstrict-aliasing -Wdeprecated-declarations -Winvalid-offsetof -Wno-sign-conversion -Wno-infinite-recursion -Wno-move -Wno-comma -Wno-block-capture-autoreleasing -Wno-strict-prototypes -Wno-range-loop-analysis -Wno-semicolon-before-method-body -index-store-path /Users/j/Documents/GitHub/MoneroOne/build/Index.noindex/DataStore @/Users/j/Documents/GitHub/MoneroOne/build/Build/Intermediates.noindex/swift-nio-ssl.build/Debug-iphonesimulator/CNIOBoringSSL.build/Objects-normal/arm64/82b82416624d2658e5098eb0a28c15c5-common-args.resp -MMD -MT dependencies -MF /Users/j/Documents/GitHub/MoneroOne/build/Build/Intermediates.noindex/swift-nio-ssl.build/Debug-iphonesimulator/CNIOBoringSSL.build/Objects-normal/arm64/poly1305_vec.d --serialize-diagnostics /Users/j/Documents/GitHub/MoneroOne/build/Build/Intermediates.noindex/swift-nio-ssl.build/Debug-iphonesimulator/CNIOBoringSSL.build/Objects-normal/arm64/poly1305_vec.dia -c /Users/j/Documents/GitHub/MoneroOne/build/SourcePackages/checkouts/swift-nio-ssl/Sources/CNIOBoringSSL/crypto/poly1305/poly1305_vec.cc -o /Users/j/Documents/GitHub/MoneroOne/build/Build/Intermediates.noindex/swift-nio-ssl.build/Debug-iphonesimulator/CNIOBoringSSL.build/Objects-normal/arm64/poly1305_vec.o -index-unit-output-path /swift-nio-ssl.build/Debug-iphonesimulator/CNIOBoringSSL.build/Objects-normal/arm64/poly1305_vec.o

CompileC /Users/j/Documents/GitHub/MoneroOne/build/Build/Intermediates.noindex/swift-nio-ssl.build/Debug-iphonesimulator/CNIOBoringSSL.build/Objects-normal/arm64/poly1305_arm_asm.o /Users/j/Documents/GitHub/MoneroOne/build/SourcePackages/checkouts/swift-nio-ssl/Sources/CNIOBoringSSL/crypto/poly1305/poly1305_arm_asm.S normal arm64 assembler-with-cpp com.apple.compilers.llvm.clang.1_0.compiler (in target 'CNIOBoringSSL' from project 'swift-nio-ssl')
    cd /Users/j/Documents/GitHub/MoneroOne/MoneroOne.xcodeproj
    
    Using response file: /Users/j/Documents/GitHub/MoneroOne/build/Build/Intermediates.noindex/swift-nio-ssl.build/Debug-iphonesimulator/CNIOBoringSSL.build/Objects-normal/arm64/533656923a283fa776881f304837ed9e-common-args.resp
    
    /Applications/Xcode.app/Contents/Developer/Toolchains/XcodeDefault.xctoolchain/usr/bin/clang -x assembler-with-cpp -ivfsstatcache /Users/j/Documents/GitHub/MoneroOne/build/SDKStatCaches.noindex/iphonesimulator26.1-23B77-90cf18a4295e390e64c810bc6bd7acbc.sdkstatcache -fmessage-length\=0 -fdiagnostics-show-note-include-stack -fmacro-backtrace-limit\=0 -fno-color-diagnostics -fmodules-prune-interval\=86400 -fmodules-prune-after\=345600 -fbuild-session-file\=/Users/j/Documents/GitHub/MoneroOne/build/ModuleCache.noindex/Session.modulevalidation -fmodules-validate-once-per-build-session -Wnon-modular-include-in-framework-module -Werror\=non-modular-include-in-framework-module -Wno-trigraphs -Wno-missing-field-initializers -Wno-missing-prototypes -Wno-return-type -Wno-missing-braces -Wparentheses -Wswitch -Wno-unused-function -Wno-unused-label -Wno-unused-parameter -Wno-unused-variable -Wunused-value -Wno-empty-body -Wno-uninitialized -Wno-unknown-pragmas -w -Wno-shadow -Wno-four-char-constants -Wno-conversion -Wno-constant-conversion -Wno-int-conversion -Wno-bool-conversion -Wno-enum-conversion -Wno-float-conversion -Wno-non-literal-null-conversion -Wno-objc-literal-conversion -Wshorten-64-to-32 -Wno-newline-eof -Wno-implicit-fallthrough -fstrict-aliasing -Wdeprecated-declarations -Wno-sign-conversion -Wno-infinite-recursion -Wno-comma -Wno-block-capture-autoreleasing -Wno-strict-prototypes -Wno-semicolon-before-method-body -index-store-path /Users/j/Documents/GitHub/MoneroOne/build/Index.noindex/DataStore @/Users/j/Documents/GitHub/MoneroOne/build/Build/Intermediates.noindex/swift-nio-ssl.build/Debug-iphonesimulator/CNIOBoringSSL.build/Objects-normal/arm64/533656923a283fa776881f304837ed9e-common-args.resp -MMD -MT dependencies -MF /Users/j/Documents/GitHub/MoneroOne/build/Build/Intermediates.noindex/swift-nio-ssl.build/Debug-iphonesimulator/CNIOBoringSSL.build/Objects-normal/arm64/poly1305_arm_asm.d --serialize-diagnostics /Users/j/Documents/GitHub/MoneroOne/build/Build/Intermediates.noindex/swift-nio-ssl.build/Debug-iphonesimulator/CNIOBoringSSL.build/Objects-normal/arm64/poly1305_arm_asm.dia -c /Users/j/Documents/GitHub/MoneroOne/build/SourcePackages/checkouts/swift-nio-ssl/Sources/CNIOBoringSSL/crypto/poly1305/poly1305_arm_asm.S -o /Users/j/Documents/GitHub/MoneroOne/build/Build/Intermediates.noindex/swift-nio-ssl.build/Debug-iphonesimulator/CNIOBoringSSL.build/Objects-normal/arm64/poly1305_arm_asm.o -index-unit-output-path /swift-nio-ssl.build/Debug-iphonesimulator/CNIOBoringSSL.build/Objects-normal/arm64/poly1305_arm_asm.o

CompileC /Users/j/Documents/GitHub/MoneroOne/build/Build/Intermediates.noindex/swift-nio-ssl.build/Debug-iphonesimulator/CNIOBoringSSL.build/Objects-normal/arm64/poly1305_arm.o /Users/j/Documents/GitHub/MoneroOne/build/SourcePackages/checkouts/swift-nio-ssl/Sources/CNIOBoringSSL/crypto/poly1305/poly1305_arm.cc normal arm64 c++ com.apple.compilers.llvm.clang.1_0.compiler (in target 'CNIOBoringSSL' from project 'swift-nio-ssl')
    cd /Users/j/Documents/GitHub/MoneroOne/MoneroOne.xcodeproj
    
    Using response file: /Users/j/Documents/GitHub/MoneroOne/build/Build/Intermediates.noindex/swift-nio-ssl.build/Debug-iphonesimulator/CNIOBoringSSL.build/Objects-normal/arm64/82b82416624d2658e5098eb0a28c15c5-common-args.resp
    
    /Applications/Xcode.app/Contents/Developer/Toolchains/XcodeDefault.xctoolchain/usr/bin/clang -x c++ -ivfsstatcache /Users/j/Documents/GitHub/MoneroOne/build/SDKStatCaches.noindex/iphonesimulator26.1-23B77-90cf18a4295e390e64c810bc6bd7acbc.sdkstatcache -fmessage-length\=0 -fdiagnostics-show-note-include-stack -fmacro-backtrace-limit\=0 -fno-color-diagnostics -fmodules-prune-interval\=86400 -fmodules-prune-after\=345600 -fbuild-session-file\=/Users/j/Documents/GitHub/MoneroOne/build/ModuleCache.noindex/Session.modulevalidation -fmodules-validate-once-per-build-session -Wnon-modular-include-in-framework-module -Werror\=non-modular-include-in-framework-module -Wno-trigraphs -Wno-missing-field-initializers -Wno-missing-prototypes -Wno-return-type -Wno-non-virtual-dtor -Wno-overloaded-virtual -Wno-exit-time-destructors -Wno-missing-braces -Wparentheses -Wswitch -Wno-unused-function -Wno-unused-label -Wno-unused-parameter -Wno-unused-variable -Wunused-value -Wno-empty-body -Wno-uninitialized -Wno-unknown-pragmas -w -Wno-shadow -Wno-four-char-constants -Wno-conversion -Wno-constant-conversion -Wno-int-conversion -Wno-bool-conversion -Wno-enum-conversion -Wno-float-conversion -Wno-non-literal-null-conversion -Wno-objc-literal-conversion -Wshorten-64-to-32 -Wno-newline-eof -Wno-c++11-extensions -Wno-implicit-fallthrough -fstrict-aliasing -Wdeprecated-declarations -Winvalid-offsetof -Wno-sign-conversion -Wno-infinite-recursion -Wno-move -Wno-comma -Wno-block-capture-autoreleasing -Wno-strict-prototypes -Wno-range-loop-analysis -Wno-semicolon-before-method-body -index-store-path /Users/j/Documents/GitHub/MoneroOne/build/Index.noindex/DataStore @/Users/j/Documents/GitHub/MoneroOne/build/Build/Intermediates.noindex/swift-nio-ssl.build/Debug-iphonesimulator/CNIOBoringSSL.build/Objects-normal/arm64/82b82416624d2658e5098eb0a28c15c5-common-args.resp -MMD -MT dependencies -MF /Users/j/Documents/GitHub/MoneroOne/build/Build/Intermediates.noindex/swift-nio-ssl.build/Debug-iphonesimulator/CNIOBoringSSL.build/Objects-normal/arm64/poly1305_arm.d --serialize-diagnostics /Users/j/Documents/GitHub/MoneroOne/build/Build/Intermediates.noindex/swift-nio-ssl.build/Debug-iphonesimulator/CNIOBoringSSL.build/Objects-normal/arm64/poly1305_arm.dia -c /Users/j/Documents/GitHub/MoneroOne/build/SourcePackages/checkouts/swift-nio-ssl/Sources/CNIOBoringSSL/crypto/poly1305/poly1305_arm.cc -o /Users/j/Documents/GitHub/MoneroOne/build/Build/Intermediates.noindex/swift-nio-ssl.build/Debug-iphonesimulator/CNIOBoringSSL.build/Objects-normal/arm64/poly1305_arm.o -index-unit-output-path /swift-nio-ssl.build/Debug-iphonesimulator/CNIOBoringSSL.build/Objects-normal/arm64/poly1305_arm.o

CompileC /Users/j/Documents/GitHub/MoneroOne/build/Build/Intermediates.noindex/swift-nio-ssl.build/Debug-iphonesimulator/CNIOBoringSSL.build/Objects-normal/arm64/poly1305.o /Users/j/Documents/GitHub/MoneroOne/build/SourcePackages/checkouts/swift-nio-ssl/Sources/CNIOBoringSSL/crypto/poly1305/poly1305.cc normal arm64 c++ com.apple.compilers.llvm.clang.1_0.compiler (in target 'CNIOBoringSSL' from project 'swift-nio-ssl')
    cd /Users/j/Documents/GitHub/MoneroOne/MoneroOne.xcodeproj
    
    Using response file: /Users/j/Documents/GitHub/MoneroOne/build/Build/Intermediates.noindex/swift-nio-ssl.build/Debug-iphonesimulator/CNIOBoringSSL.build/Objects-normal/arm64/82b82416624d2658e5098eb0a28c15c5-common-args.resp
    
    /Applications/Xcode.app/Contents/Developer/Toolchains/XcodeDefault.xctoolchain/usr/bin/clang -x c++ -ivfsstatcache /Users/j/Documents/GitHub/MoneroOne/build/SDKStatCaches.noindex/iphonesimulator26.1-23B77-90cf18a4295e390e64c810bc6bd7acbc.sdkstatcache -fmessage-length\=0 -fdiagnostics-show-note-include-stack -fmacro-backtrace-limit\=0 -fno-color-diagnostics -fmodules-prune-interval\=86400 -fmodules-prune-after\=345600 -fbuild-session-file\=/Users/j/Documents/GitHub/MoneroOne/build/ModuleCache.noindex/Session.modulevalidation -fmodules-validate-once-per-build-session -Wnon-modular-include-in-framework-module -Werror\=non-modular-include-in-framework-module -Wno-trigraphs -Wno-missing-field-initializers -Wno-missing-prototypes -Wno-return-type -Wno-non-virtual-dtor -Wno-overloaded-virtual -Wno-exit-time-destructors -Wno-missing-braces -Wparentheses -Wswitch -Wno-unused-function -Wno-unused-label -Wno-unused-parameter -Wno-unused-variable -Wunused-value -Wno-empty-body -Wno-uninitialized -Wno-unknown-pragmas -w -Wno-shadow -Wno-four-char-constants -Wno-conversion -Wno-constant-conversion -Wno-int-conversion -Wno-bool-conversion -Wno-enum-conversion -Wno-float-conversion -Wno-non-literal-null-conversion -Wno-objc-literal-conversion -Wshorten-64-to-32 -Wno-newline-eof -Wno-c++11-extensions -Wno-implicit-fallthrough -fstrict-aliasing -Wdeprecated-declarations -Winvalid-offsetof -Wno-sign-conversion -Wno-infinite-recursion -Wno-move -Wno-comma -Wno-block-capture-autoreleasing -Wno-strict-prototypes -Wno-range-loop-analysis -Wno-semicolon-before-method-body -index-store-path /Users/j/Documents/GitHub/MoneroOne/build/Index.noindex/DataStore @/Users/j/Documents/GitHub/MoneroOne/build/Build/Intermediates.noindex/swift-nio-ssl.build/Debug-iphonesimulator/CNIOBoringSSL.build/Objects-normal/arm64/82b82416624d2658e5098eb0a28c15c5-common-args.resp -MMD -MT dependencies -MF /Users/j/Documents/GitHub/MoneroOne/build/Build/Intermediates.noindex/swift-nio-ssl.build/Debug-iphonesimulator/CNIOBoringSSL.build/Objects-normal/arm64/poly1305.d --serialize-diagnostics /Users/j/Documents/GitHub/MoneroOne/build/Build/Intermediates.noindex/swift-nio-ssl.build/Debug-iphonesimulator/CNIOBoringSSL.build/Objects-normal/arm64/poly1305.dia -c /Users/j/Documents/GitHub/MoneroOne/build/SourcePackages/checkouts/swift-nio-ssl/Sources/CNIOBoringSSL/crypto/poly1305/poly1305.cc -o /Users/j/Documents/GitHub/MoneroOne/build/Build/Intermediates.noindex/swift-nio-ssl.build/Debug-iphonesimulator/CNIOBoringSSL.build/Objects-normal/arm64/poly1305.o -index-unit-output-path /swift-nio-ssl.build/Debug-iphonesimulator/CNIOBoringSSL.build/Objects-normal/arm64/poly1305.o

CompileC /Users/j/Documents/GitHub/MoneroOne/build/Build/Intermediates.noindex/swift-nio-ssl.build/Debug-iphonesimulator/CNIOBoringSSL.build/Objects-normal/arm64/policy.o /Users/j/Documents/GitHub/MoneroOne/build/SourcePackages/checkouts/swift-nio-ssl/Sources/CNIOBoringSSL/crypto/x509/policy.cc normal arm64 c++ com.apple.compilers.llvm.clang.1_0.compiler (in target 'CNIOBoringSSL' from project 'swift-nio-ssl')
    cd /Users/j/Documents/GitHub/MoneroOne/MoneroOne.xcodeproj
    
    Using response file: /Users/j/Documents/GitHub/MoneroOne/build/Build/Intermediates.noindex/swift-nio-ssl.build/Debug-iphonesimulator/CNIOBoringSSL.build/Objects-normal/arm64/82b82416624d2658e5098eb0a28c15c5-common-args.resp
    
    /Applications/Xcode.app/Contents/Developer/Toolchains/XcodeDefault.xctoolchain/usr/bin/clang -x c++ -ivfsstatcache /Users/j/Documents/GitHub/MoneroOne/build/SDKStatCaches.noindex/iphonesimulator26.1-23B77-90cf18a4295e390e64c810bc6bd7acbc.sdkstatcache -fmessage-length\=0 -fdiagnostics-show-note-include-stack -fmacro-backtrace-limit\=0 -fno-color-diagnostics -fmodules-prune-interval\=86400 -fmodules-prune-after\=345600 -fbuild-session-file\=/Users/j/Documents/GitHub/MoneroOne/build/ModuleCache.noindex/Session.modulevalidation -fmodules-validate-once-per-build-session -Wnon-modular-include-in-framework-module -Werror\=non-modular-include-in-framework-module -Wno-trigraphs -Wno-missing-field-initializers -Wno-missing-prototypes -Wno-return-type -Wno-non-virtual-dtor -Wno-overloaded-virtual -Wno-exit-time-destructors -Wno-missing-braces -Wparentheses -Wswitch -Wno-unused-function -Wno-unused-label -Wno-unused-parameter -Wno-unused-variable -Wunused-value -Wno-empty-body -Wno-uninitialized -Wno-unknown-pragmas -w -Wno-shadow -Wno-four-char-constants -Wno-conversion -Wno-constant-conversion -Wno-int-conversion -Wno-bool-conversion -Wno-enum-conversion -Wno-float-conversion -Wno-non-literal-null-conversion -Wno-objc-literal-conversion -Wshorten-64-to-32 -Wno-newline-eof -Wno-c++11-extensions -Wno-implicit-fallthrough -fstrict-aliasing -Wdeprecated-declarations -Winvalid-offsetof -Wno-sign-conversion -Wno-infinite-recursion -Wno-move -Wno-comma -Wno-block-capture-autoreleasing -Wno-strict-prototypes -Wno-range-loop-analysis -Wno-semicolon-before-method-body -index-store-path /Users/j/Documents/GitHub/MoneroOne/build/Index.noindex/DataStore @/Users/j/Documents/GitHub/MoneroOne/build/Build/Intermediates.noindex/swift-nio-ssl.build/Debug-iphonesimulator/CNIOBoringSSL.build/Objects-normal/arm64/82b82416624d2658e5098eb0a28c15c5-common-args.resp -MMD -MT dependencies -MF /Users/j/Documents/GitHub/MoneroOne/build/Build/Intermediates.noindex/swift-nio-ssl.build/Debug-iphonesimulator/CNIOBoringSSL.build/Objects-normal/arm64/policy.d --serialize-diagnostics /Users/j/Documents/GitHub/MoneroOne/build/Build/Intermediates.noindex/swift-nio-ssl.build/Debug-iphonesimulator/CNIOBoringSSL.build/Objects-normal/arm64/policy.dia -c /Users/j/Documents/GitHub/MoneroOne/build/SourcePackages/checkouts/swift-nio-ssl/Sources/CNIOBoringSSL/crypto/x509/policy.cc -o /Users/j/Documents/GitHub/MoneroOne/build/Build/Intermediates.noindex/swift-nio-ssl.build/Debug-iphonesimulator/CNIOBoringSSL.build/Objects-normal/arm64/policy.o -index-unit-output-path /swift-nio-ssl.build/Debug-iphonesimulator/CNIOBoringSSL.build/Objects-normal/arm64/policy.o

CompileC /Users/j/Documents/GitHub/MoneroOne/build/Build/Intermediates.noindex/swift-nio-ssl.build/Debug-iphonesimulator/CNIOBoringSSL.build/Objects-normal/arm64/pmbtoken.o /Users/j/Documents/GitHub/MoneroOne/build/SourcePackages/checkouts/swift-nio-ssl/Sources/CNIOBoringSSL/crypto/trust_token/pmbtoken.cc normal arm64 c++ com.apple.compilers.llvm.clang.1_0.compiler (in target 'CNIOBoringSSL' from project 'swift-nio-ssl')
    cd /Users/j/Documents/GitHub/MoneroOne/MoneroOne.xcodeproj
    
    Using response file: /Users/j/Documents/GitHub/MoneroOne/build/Build/Intermediates.noindex/swift-nio-ssl.build/Debug-iphonesimulator/CNIOBoringSSL.build/Objects-normal/arm64/82b82416624d2658e5098eb0a28c15c5-common-args.resp
    
    /Applications/Xcode.app/Contents/Developer/Toolchains/XcodeDefault.xctoolchain/usr/bin/clang -x c++ -ivfsstatcache /Users/j/Documents/GitHub/MoneroOne/build/SDKStatCaches.noindex/iphonesimulator26.1-23B77-90cf18a4295e390e64c810bc6bd7acbc.sdkstatcache -fmessage-length\=0 -fdiagnostics-show-note-include-stack -fmacro-backtrace-limit\=0 -fno-color-diagnostics -fmodules-prune-interval\=86400 -fmodules-prune-after\=345600 -fbuild-session-file\=/Users/j/Documents/GitHub/MoneroOne/build/ModuleCache.noindex/Session.modulevalidation -fmodules-validate-once-per-build-session -Wnon-modular-include-in-framework-module -Werror\=non-modular-include-in-framework-module -Wno-trigraphs -Wno-missing-field-initializers -Wno-missing-prototypes -Wno-return-type -Wno-non-virtual-dtor -Wno-overloaded-virtual -Wno-exit-time-destructors -Wno-missing-braces -Wparentheses -Wswitch -Wno-unused-function -Wno-unused-label -Wno-unused-parameter -Wno-unused-variable -Wunused-value -Wno-empty-body -Wno-uninitialized -Wno-unknown-pragmas -w -Wno-shadow -Wno-four-char-constants -Wno-conversion -Wno-constant-conversion -Wno-int-conversion -Wno-bool-conversion -Wno-enum-conversion -Wno-float-conversion -Wno-non-literal-null-conversion -Wno-objc-literal-conversion -Wshorten-64-to-32 -Wno-newline-eof -Wno-c++11-extensions -Wno-implicit-fallthrough -fstrict-aliasing -Wdeprecated-declarations -Winvalid-offsetof -Wno-sign-conversion -Wno-infinite-recursion -Wno-move -Wno-comma -Wno-block-capture-autoreleasing -Wno-strict-prototypes -Wno-range-loop-analysis -Wno-semicolon-before-method-body -index-store-path /Users/j/Documents/GitHub/MoneroOne/build/Index.noindex/DataStore @/Users/j/Documents/GitHub/MoneroOne/build/Build/Intermediates.noindex/swift-nio-ssl.build/Debug-iphonesimulator/CNIOBoringSSL.build/Objects-normal/arm64/82b82416624d2658e5098eb0a28c15c5-common-args.resp -MMD -MT dependencies -MF /Users/j/Documents/GitHub/MoneroOne/build/Build/Intermediates.noindex/swift-nio-ssl.build/Debug-iphonesimulator/CNIOBoringSSL.build/Objects-normal/arm64/pmbtoken.d --serialize-diagnostics /Users/j/Documents/GitHub/MoneroOne/build/Build/Intermediates.noindex/swift-nio-ssl.build/Debug-iphonesimulator/CNIOBoringSSL.build/Objects-normal/arm64/pmbtoken.dia -c /Users/j/Documents/GitHub/MoneroOne/build/SourcePackages/checkouts/swift-nio-ssl/Sources/CNIOBoringSSL/crypto/trust_token/pmbtoken.cc -o /Users/j/Documents/GitHub/MoneroOne/build/Build/Intermediates.noindex/swift-nio-ssl.build/Debug-iphonesimulator/CNIOBoringSSL.build/Objects-normal/arm64/pmbtoken.o -index-unit-output-path /swift-nio-ssl.build/Debug-iphonesimulator/CNIOBoringSSL.build/Objects-normal/arm64/pmbtoken.o

CompileC /Users/j/Documents/GitHub/MoneroOne/build/Build/Intermediates.noindex/swift-nio-ssl.build/Debug-iphonesimulator/CNIOBoringSSL.build/Objects-normal/arm64/pkcs8_x509.o /Users/j/Documents/GitHub/MoneroOne/build/SourcePackages/checkouts/swift-nio-ssl/Sources/CNIOBoringSSL/crypto/pkcs8/pkcs8_x509.cc normal arm64 c++ com.apple.compilers.llvm.clang.1_0.compiler (in target 'CNIOBoringSSL' from project 'swift-nio-ssl')
    cd /Users/j/Documents/GitHub/MoneroOne/MoneroOne.xcodeproj
    
    Using response file: /Users/j/Documents/GitHub/MoneroOne/build/Build/Intermediates.noindex/swift-nio-ssl.build/Debug-iphonesimulator/CNIOBoringSSL.build/Objects-normal/arm64/82b82416624d2658e5098eb0a28c15c5-common-args.resp
    
    /Applications/Xcode.app/Contents/Developer/Toolchains/XcodeDefault.xctoolchain/usr/bin/clang -x c++ -ivfsstatcache /Users/j/Documents/GitHub/MoneroOne/build/SDKStatCaches.noindex/iphonesimulator26.1-23B77-90cf18a4295e390e64c810bc6bd7acbc.sdkstatcache -fmessage-length\=0 -fdiagnostics-show-note-include-stack -fmacro-backtrace-limit\=0 -fno-color-diagnostics -fmodules-prune-interval\=86400 -fmodules-prune-after\=345600 -fbuild-session-file\=/Users/j/Documents/GitHub/MoneroOne/build/ModuleCache.noindex/Session.modulevalidation -fmodules-validate-once-per-build-session -Wnon-modular-include-in-framework-module -Werror\=non-modular-include-in-framework-module -Wno-trigraphs -Wno-missing-field-initializers -Wno-missing-prototypes -Wno-return-type -Wno-non-virtual-dtor -Wno-overloaded-virtual -Wno-exit-time-destructors -Wno-missing-braces -Wparentheses -Wswitch -Wno-unused-function -Wno-unused-label -Wno-unused-parameter -Wno-unused-variable -Wunused-value -Wno-empty-body -Wno-uninitialized -Wno-unknown-pragmas -w -Wno-shadow -Wno-four-char-constants -Wno-conversion -Wno-constant-conversion -Wno-int-conversion -Wno-bool-conversion -Wno-enum-conversion -Wno-float-conversion -Wno-non-literal-null-conversion -Wno-objc-literal-conversion -Wshorten-64-to-32 -Wno-newline-eof -Wno-c++11-extensions -Wno-implicit-fallthrough -fstrict-aliasing -Wdeprecated-declarations -Winvalid-offsetof -Wno-sign-conversion -Wno-infinite-recursion -Wno-move -Wno-comma -Wno-block-capture-autoreleasing -Wno-strict-prototypes -Wno-range-loop-analysis -Wno-semicolon-before-method-body -index-store-path /Users/j/Documents/GitHub/MoneroOne/build/Index.noindex/DataStore @/Users/j/Documents/GitHub/MoneroOne/build/Build/Intermediates.noindex/swift-nio-ssl.build/Debug-iphonesimulator/CNIOBoringSSL.build/Objects-normal/arm64/82b82416624d2658e5098eb0a28c15c5-common-args.resp -MMD -MT dependencies -MF /Users/j/Documents/GitHub/MoneroOne/build/Build/Intermediates.noindex/swift-nio-ssl.build/Debug-iphonesimulator/CNIOBoringSSL.build/Objects-normal/arm64/pkcs8_x509.d --serialize-diagnostics /Users/j/Documents/GitHub/MoneroOne/build/Build/Intermediates.noindex/swift-nio-ssl.build/Debug-iphonesimulator/CNIOBoringSSL.build/Objects-normal/arm64/pkcs8_x509.dia -c /Users/j/Documents/GitHub/MoneroOne/build/SourcePackages/checkouts/swift-nio-ssl/Sources/CNIOBoringSSL/crypto/pkcs8/pkcs8_x509.cc -o /Users/j/Documents/GitHub/MoneroOne/build/Build/Intermediates.noindex/swift-nio-ssl.build/Debug-iphonesimulator/CNIOBoringSSL.build/Objects-normal/arm64/pkcs8_x509.o -index-unit-output-path /swift-nio-ssl.build/Debug-iphonesimulator/CNIOBoringSSL.build/Objects-normal/arm64/pkcs8_x509.o

CompileC /Users/j/Documents/GitHub/MoneroOne/build/Build/Intermediates.noindex/swift-nio-ssl.build/Debug-iphonesimulator/CNIOBoringSSL.build/Objects-normal/arm64/pkcs8.o /Users/j/Documents/GitHub/MoneroOne/build/SourcePackages/checkouts/swift-nio-ssl/Sources/CNIOBoringSSL/crypto/pkcs8/pkcs8.cc normal arm64 c++ com.apple.compilers.llvm.clang.1_0.compiler (in target 'CNIOBoringSSL' from project 'swift-nio-ssl')
    cd /Users/j/Documents/GitHub/MoneroOne/MoneroOne.xcodeproj
    
    Using response file: /Users/j/Documents/GitHub/MoneroOne/build/Build/Intermediates.noindex/swift-nio-ssl.build/Debug-iphonesimulator/CNIOBoringSSL.build/Objects-normal/arm64/82b82416624d2658e5098eb0a28c15c5-common-args.resp
    
    /Applications/Xcode.app/Contents/Developer/Toolchains/XcodeDefault.xctoolchain/usr/bin/clang -x c++ -ivfsstatcache /Users/j/Documents/GitHub/MoneroOne/build/SDKStatCaches.noindex/iphonesimulator26.1-23B77-90cf18a4295e390e64c810bc6bd7acbc.sdkstatcache -fmessage-length\=0 -fdiagnostics-show-note-include-stack -fmacro-backtrace-limit\=0 -fno-color-diagnostics -fmodules-prune-interval\=86400 -fmodules-prune-after\=345600 -fbuild-session-file\=/Users/j/Documents/GitHub/MoneroOne/build/ModuleCache.noindex/Session.modulevalidation -fmodules-validate-once-per-build-session -Wnon-modular-include-in-framework-module -Werror\=non-modular-include-in-framework-module -Wno-trigraphs -Wno-missing-field-initializers -Wno-missing-prototypes -Wno-return-type -Wno-non-virtual-dtor -Wno-overloaded-virtual -Wno-exit-time-destructors -Wno-missing-braces -Wparentheses -Wswitch -Wno-unused-function -Wno-unused-label -Wno-unused-parameter -Wno-unused-variable -Wunused-value -Wno-empty-body -Wno-uninitialized -Wno-unknown-pragmas -w -Wno-shadow -Wno-four-char-constants -Wno-conversion -Wno-constant-conversion -Wno-int-conversion -Wno-bool-conversion -Wno-enum-conversion -Wno-float-conversion -Wno-non-literal-null-conversion -Wno-objc-literal-conversion -Wshorten-64-to-32 -Wno-newline-eof -Wno-c++11-extensions -Wno-implicit-fallthrough -fstrict-aliasing -Wdeprecated-declarations -Winvalid-offsetof -Wno-sign-conversion -Wno-infinite-recursion -Wno-move -Wno-comma -Wno-block-capture-autoreleasing -Wno-strict-prototypes -Wno-range-loop-analysis -Wno-semicolon-before-method-body -index-store-path /Users/j/Documents/GitHub/MoneroOne/build/Index.noindex/DataStore @/Users/j/Documents/GitHub/MoneroOne/build/Build/Intermediates.noindex/swift-nio-ssl.build/Debug-iphonesimulator/CNIOBoringSSL.build/Objects-normal/arm64/82b82416624d2658e5098eb0a28c15c5-common-args.resp -MMD -MT dependencies -MF /Users/j/Documents/GitHub/MoneroOne/build/Build/Intermediates.noindex/swift-nio-ssl.build/Debug-iphonesimulator/CNIOBoringSSL.build/Objects-normal/arm64/pkcs8.d --serialize-diagnostics /Users/j/Documents/GitHub/MoneroOne/build/Build/Intermediates.noindex/swift-nio-ssl.build/Debug-iphonesimulator/CNIOBoringSSL.build/Objects-normal/arm64/pkcs8.dia -c /Users/j/Documents/GitHub/MoneroOne/build/SourcePackages/checkouts/swift-nio-ssl/Sources/CNIOBoringSSL/crypto/pkcs8/pkcs8.cc -o /Users/j/Documents/GitHub/MoneroOne/build/Build/Intermediates.noindex/swift-nio-ssl.build/Debug-iphonesimulator/CNIOBoringSSL.build/Objects-normal/arm64/pkcs8.o -index-unit-output-path /swift-nio-ssl.build/Debug-iphonesimulator/CNIOBoringSSL.build/Objects-normal/arm64/pkcs8.o

CompileC /Users/j/Documents/GitHub/MoneroOne/build/Build/Intermediates.noindex/swift-nio-ssl.build/Debug-iphonesimulator/CNIOBoringSSL.build/Objects-normal/arm64/pkcs7_x509.o /Users/j/Documents/GitHub/MoneroOne/build/SourcePackages/checkouts/swift-nio-ssl/Sources/CNIOBoringSSL/crypto/pkcs7/pkcs7_x509.cc normal arm64 c++ com.apple.compilers.llvm.clang.1_0.compiler (in target 'CNIOBoringSSL' from project 'swift-nio-ssl')
    cd /Users/j/Documents/GitHub/MoneroOne/MoneroOne.xcodeproj
    
    Using response file: /Users/j/Documents/GitHub/MoneroOne/build/Build/Intermediates.noindex/swift-nio-ssl.build/Debug-iphonesimulator/CNIOBoringSSL.build/Objects-normal/arm64/82b82416624d2658e5098eb0a28c15c5-common-args.resp
    
    /Applications/Xcode.app/Contents/Developer/Toolchains/XcodeDefault.xctoolchain/usr/bin/clang -x c++ -ivfsstatcache /Users/j/Documents/GitHub/MoneroOne/build/SDKStatCaches.noindex/iphonesimulator26.1-23B77-90cf18a4295e390e64c810bc6bd7acbc.sdkstatcache -fmessage-length\=0 -fdiagnostics-show-note-include-stack -fmacro-backtrace-limit\=0 -fno-color-diagnostics -fmodules-prune-interval\=86400 -fmodules-prune-after\=345600 -fbuild-session-file\=/Users/j/Documents/GitHub/MoneroOne/build/ModuleCache.noindex/Session.modulevalidation -fmodules-validate-once-per-build-session -Wnon-modular-include-in-framework-module -Werror\=non-modular-include-in-framework-module -Wno-trigraphs -Wno-missing-field-initializers -Wno-missing-prototypes -Wno-return-type -Wno-non-virtual-dtor -Wno-overloaded-virtual -Wno-exit-time-destructors -Wno-missing-braces -Wparentheses -Wswitch -Wno-unused-function -Wno-unused-label -Wno-unused-parameter -Wno-unused-variable -Wunused-value -Wno-empty-body -Wno-uninitialized -Wno-unknown-pragmas -w -Wno-shadow -Wno-four-char-constants -Wno-conversion -Wno-constant-conversion -Wno-int-conversion -Wno-bool-conversion -Wno-enum-conversion -Wno-float-conversion -Wno-non-literal-null-conversion -Wno-objc-literal-conversion -Wshorten-64-to-32 -Wno-newline-eof -Wno-c++11-extensions -Wno-implicit-fallthrough -fstrict-aliasing -Wdeprecated-declarations -Winvalid-offsetof -Wno-sign-conversion -Wno-infinite-recursion -Wno-move -Wno-comma -Wno-block-capture-autoreleasing -Wno-strict-prototypes -Wno-range-loop-analysis -Wno-semicolon-before-method-body -index-store-path /Users/j/Documents/GitHub/MoneroOne/build/Index.noindex/DataStore @/Users/j/Documents/GitHub/MoneroOne/build/Build/Intermediates.noindex/swift-nio-ssl.build/Debug-iphonesimulator/CNIOBoringSSL.build/Objects-normal/arm64/82b82416624d2658e5098eb0a28c15c5-common-args.resp -MMD -MT dependencies -MF /Users/j/Documents/GitHub/MoneroOne/build/Build/Intermediates.noindex/swift-nio-ssl.build/Debug-iphonesimulator/CNIOBoringSSL.build/Objects-normal/arm64/pkcs7_x509.d --serialize-diagnostics /Users/j/Documents/GitHub/MoneroOne/build/Build/Intermediates.noindex/swift-nio-ssl.build/Debug-iphonesimulator/CNIOBoringSSL.build/Objects-normal/arm64/pkcs7_x509.dia -c /Users/j/Documents/GitHub/MoneroOne/build/SourcePackages/checkouts/swift-nio-ssl/Sources/CNIOBoringSSL/crypto/pkcs7/pkcs7_x509.cc -o /Users/j/Documents/GitHub/MoneroOne/build/Build/Intermediates.noindex/swift-nio-ssl.build/Debug-iphonesimulator/CNIOBoringSSL.build/Objects-normal/arm64/pkcs7_x509.o -index-unit-output-path /swift-nio-ssl.build/Debug-iphonesimulator/CNIOBoringSSL.build/Objects-normal/arm64/pkcs7_x509.o

CompileC /Users/j/Documents/GitHub/MoneroOne/build/Build/Intermediates.noindex/swift-nio-ssl.build/Debug-iphonesimulator/CNIOBoringSSL.build/Objects-normal/arm64/pkcs7.o /Users/j/Documents/GitHub/MoneroOne/build/SourcePackages/checkouts/swift-nio-ssl/Sources/CNIOBoringSSL/crypto/pkcs7/pkcs7.cc normal arm64 c++ com.apple.compilers.llvm.clang.1_0.compiler (in target 'CNIOBoringSSL' from project 'swift-nio-ssl')
    cd /Users/j/Documents/GitHub/MoneroOne/MoneroOne.xcodeproj
    
    Using response file: /Users/j/Documents/GitHub/MoneroOne/build/Build/Intermediates.noindex/swift-nio-ssl.build/Debug-iphonesimulator/CNIOBoringSSL.build/Objects-normal/arm64/82b82416624d2658e5098eb0a28c15c5-common-args.resp
    
    /Applications/Xcode.app/Contents/Developer/Toolchains/XcodeDefault.xctoolchain/usr/bin/clang -x c++ -ivfsstatcache /Users/j/Documents/GitHub/MoneroOne/build/SDKStatCaches.noindex/iphonesimulator26.1-23B77-90cf18a4295e390e64c810bc6bd7acbc.sdkstatcache -fmessage-length\=0 -fdiagnostics-show-note-include-stack -fmacro-backtrace-limit\=0 -fno-color-diagnostics -fmodules-prune-interval\=86400 -fmodules-prune-after\=345600 -fbuild-session-file\=/Users/j/Documents/GitHub/MoneroOne/build/ModuleCache.noindex/Session.modulevalidation -fmodules-validate-once-per-build-session -Wnon-modular-include-in-framework-module -Werror\=non-modular-include-in-framework-module -Wno-trigraphs -Wno-missing-field-initializers -Wno-missing-prototypes -Wno-return-type -Wno-non-virtual-dtor -Wno-overloaded-virtual -Wno-exit-time-destructors -Wno-missing-braces -Wparentheses -Wswitch -Wno-unused-function -Wno-unused-label -Wno-unused-parameter -Wno-unused-variable -Wunused-value -Wno-empty-body -Wno-uninitialized -Wno-unknown-pragmas -w -Wno-shadow -Wno-four-char-constants -Wno-conversion -Wno-constant-conversion -Wno-int-conversion -Wno-bool-conversion -Wno-enum-conversion -Wno-float-conversion -Wno-non-literal-null-conversion -Wno-objc-literal-conversion -Wshorten-64-to-32 -Wno-newline-eof -Wno-c++11-extensions -Wno-implicit-fallthrough -fstrict-aliasing -Wdeprecated-declarations -Winvalid-offsetof -Wno-sign-conversion -Wno-infinite-recursion -Wno-move -Wno-comma -Wno-block-capture-autoreleasing -Wno-strict-prototypes -Wno-range-loop-analysis -Wno-semicolon-before-method-body -index-store-path /Users/j/Documents/GitHub/MoneroOne/build/Index.noindex/DataStore @/Users/j/Documents/GitHub/MoneroOne/build/Build/Intermediates.noindex/swift-nio-ssl.build/Debug-iphonesimulator/CNIOBoringSSL.build/Objects-normal/arm64/82b82416624d2658e5098eb0a28c15c5-common-args.resp -MMD -MT dependencies -MF /Users/j/Documents/GitHub/MoneroOne/build/Build/Intermediates.noindex/swift-nio-ssl.build/Debug-iphonesimulator/CNIOBoringSSL.build/Objects-normal/arm64/pkcs7.d --serialize-diagnostics /Users/j/Documents/GitHub/MoneroOne/build/Build/Intermediates.noindex/swift-nio-ssl.build/Debug-iphonesimulator/CNIOBoringSSL.build/Objects-normal/arm64/pkcs7.dia -c /Users/j/Documents/GitHub/MoneroOne/build/SourcePackages/checkouts/swift-nio-ssl/Sources/CNIOBoringSSL/crypto/pkcs7/pkcs7.cc -o /Users/j/Documents/GitHub/MoneroOne/build/Build/Intermediates.noindex/swift-nio-ssl.build/Debug-iphonesimulator/CNIOBoringSSL.build/Objects-normal/arm64/pkcs7.o -index-unit-output-path /swift-nio-ssl.build/Debug-iphonesimulator/CNIOBoringSSL.build/Objects-normal/arm64/pkcs7.o

CompileC /Users/j/Documents/GitHub/MoneroOne/build/Build/Intermediates.noindex/swift-nio-ssl.build/Debug-iphonesimulator/CNIOBoringSSL.build/Objects-normal/arm64/pem_xaux.o /Users/j/Documents/GitHub/MoneroOne/build/SourcePackages/checkouts/swift-nio-ssl/Sources/CNIOBoringSSL/crypto/pem/pem_xaux.cc normal arm64 c++ com.apple.compilers.llvm.clang.1_0.compiler (in target 'CNIOBoringSSL' from project 'swift-nio-ssl')
    cd /Users/j/Documents/GitHub/MoneroOne/MoneroOne.xcodeproj
    
    Using response file: /Users/j/Documents/GitHub/MoneroOne/build/Build/Intermediates.noindex/swift-nio-ssl.build/Debug-iphonesimulator/CNIOBoringSSL.build/Objects-normal/arm64/82b82416624d2658e5098eb0a28c15c5-common-args.resp
    
    /Applications/Xcode.app/Contents/Developer/Toolchains/XcodeDefault.xctoolchain/usr/bin/clang -x c++ -ivfsstatcache /Users/j/Documents/GitHub/MoneroOne/build/SDKStatCaches.noindex/iphonesimulator26.1-23B77-90cf18a4295e390e64c810bc6bd7acbc.sdkstatcache -fmessage-length\=0 -fdiagnostics-show-note-include-stack -fmacro-backtrace-limit\=0 -fno-color-diagnostics -fmodules-prune-interval\=86400 -fmodules-prune-after\=345600 -fbuild-session-file\=/Users/j/Documents/GitHub/MoneroOne/build/ModuleCache.noindex/Session.modulevalidation -fmodules-validate-once-per-build-session -Wnon-modular-include-in-framework-module -Werror\=non-modular-include-in-framework-module -Wno-trigraphs -Wno-missing-field-initializers -Wno-missing-prototypes -Wno-return-type -Wno-non-virtual-dtor -Wno-overloaded-virtual -Wno-exit-time-destructors -Wno-missing-braces -Wparentheses -Wswitch -Wno-unused-function -Wno-unused-label -Wno-unused-parameter -Wno-unused-variable -Wunused-value -Wno-empty-body -Wno-uninitialized -Wno-unknown-pragmas -w -Wno-shadow -Wno-four-char-constants -Wno-conversion -Wno-constant-conversion -Wno-int-conversion -Wno-bool-conversion -Wno-enum-conversion -Wno-float-conversion -Wno-non-literal-null-conversion -Wno-objc-literal-conversion -Wshorten-64-to-32 -Wno-newline-eof -Wno-c++11-extensions -Wno-implicit-fallthrough -fstrict-aliasing -Wdeprecated-declarations -Winvalid-offsetof -Wno-sign-conversion -Wno-infinite-recursion -Wno-move -Wno-comma -Wno-block-capture-autoreleasing -Wno-strict-prototypes -Wno-range-loop-analysis -Wno-semicolon-before-method-body -index-store-path /Users/j/Documents/GitHub/MoneroOne/build/Index.noindex/DataStore @/Users/j/Documents/GitHub/MoneroOne/build/Build/Intermediates.noindex/swift-nio-ssl.build/Debug-iphonesimulator/CNIOBoringSSL.build/Objects-normal/arm64/82b82416624d2658e5098eb0a28c15c5-common-args.resp -MMD -MT dependencies -MF /Users/j/Documents/GitHub/MoneroOne/build/Build/Intermediates.noindex/swift-nio-ssl.build/Debug-iphonesimulator/CNIOBoringSSL.build/Objects-normal/arm64/pem_xaux.d --serialize-diagnostics /Users/j/Documents/GitHub/MoneroOne/build/Build/Intermediates.noindex/swift-nio-ssl.build/Debug-iphonesimulator/CNIOBoringSSL.build/Objects-normal/arm64/pem_xaux.dia -c /Users/j/Documents/GitHub/MoneroOne/build/SourcePackages/checkouts/swift-nio-ssl/Sources/CNIOBoringSSL/crypto/pem/pem_xaux.cc -o /Users/j/Documents/GitHub/MoneroOne/build/Build/Intermediates.noindex/swift-nio-ssl.build/Debug-iphonesimulator/CNIOBoringSSL.build/Objects-normal/arm64/pem_xaux.o -index-unit-output-path /swift-nio-ssl.build/Debug-iphonesimulator/CNIOBoringSSL.build/Objects-normal/arm64/pem_xaux.o

CompileC /Users/j/Documents/GitHub/MoneroOne/build/Build/Intermediates.noindex/swift-nio-ssl.build/Debug-iphonesimulator/CNIOBoringSSL.build/Objects-normal/arm64/pem_x509.o /Users/j/Documents/GitHub/MoneroOne/build/SourcePackages/checkouts/swift-nio-ssl/Sources/CNIOBoringSSL/crypto/pem/pem_x509.cc normal arm64 c++ com.apple.compilers.llvm.clang.1_0.compiler (in target 'CNIOBoringSSL' from project 'swift-nio-ssl')
    cd /Users/j/Documents/GitHub/MoneroOne/MoneroOne.xcodeproj
    
    Using response file: /Users/j/Documents/GitHub/MoneroOne/build/Build/Intermediates.noindex/swift-nio-ssl.build/Debug-iphonesimulator/CNIOBoringSSL.build/Objects-normal/arm64/82b82416624d2658e5098eb0a28c15c5-common-args.resp
    
    /Applications/Xcode.app/Contents/Developer/Toolchains/XcodeDefault.xctoolchain/usr/bin/clang -x c++ -ivfsstatcache /Users/j/Documents/GitHub/MoneroOne/build/SDKStatCaches.noindex/iphonesimulator26.1-23B77-90cf18a4295e390e64c810bc6bd7acbc.sdkstatcache -fmessage-length\=0 -fdiagnostics-show-note-include-stack -fmacro-backtrace-limit\=0 -fno-color-diagnostics -fmodules-prune-interval\=86400 -fmodules-prune-after\=345600 -fbuild-session-file\=/Users/j/Documents/GitHub/MoneroOne/build/ModuleCache.noindex/Session.modulevalidation -fmodules-validate-once-per-build-session -Wnon-modular-include-in-framework-module -Werror\=non-modular-include-in-framework-module -Wno-trigraphs -Wno-missing-field-initializers -Wno-missing-prototypes -Wno-return-type -Wno-non-virtual-dtor -Wno-overloaded-virtual -Wno-exit-time-destructors -Wno-missing-braces -Wparentheses -Wswitch -Wno-unused-function -Wno-unused-label -Wno-unused-parameter -Wno-unused-variable -Wunused-value -Wno-empty-body -Wno-uninitialized -Wno-unknown-pragmas -w -Wno-shadow -Wno-four-char-constants -Wno-conversion -Wno-constant-conversion -Wno-int-conversion -Wno-bool-conversion -Wno-enum-conversion -Wno-float-conversion -Wno-non-literal-null-conversion -Wno-objc-literal-conversion -Wshorten-64-to-32 -Wno-newline-eof -Wno-c++11-extensions -Wno-implicit-fallthrough -fstrict-aliasing -Wdeprecated-declarations -Winvalid-offsetof -Wno-sign-conversion -Wno-infinite-recursion -Wno-move -Wno-comma -Wno-block-capture-autoreleasing -Wno-strict-prototypes -Wno-range-loop-analysis -Wno-semicolon-before-method-body -index-store-path /Users/j/Documents/GitHub/MoneroOne/build/Index.noindex/DataStore @/Users/j/Documents/GitHub/MoneroOne/build/Build/Intermediates.noindex/swift-nio-ssl.build/Debug-iphonesimulator/CNIOBoringSSL.build/Objects-normal/arm64/82b82416624d2658e5098eb0a28c15c5-common-args.resp -MMD -MT dependencies -MF /Users/j/Documents/GitHub/MoneroOne/build/Build/Intermediates.noindex/swift-nio-ssl.build/Debug-iphonesimulator/CNIOBoringSSL.build/Objects-normal/arm64/pem_x509.d --serialize-diagnostics /Users/j/Documents/GitHub/MoneroOne/build/Build/Intermediates.noindex/swift-nio-ssl.build/Debug-iphonesimulator/CNIOBoringSSL.build/Objects-normal/arm64/pem_x509.dia -c /Users/j/Documents/GitHub/MoneroOne/build/SourcePackages/checkouts/swift-nio-ssl/Sources/CNIOBoringSSL/crypto/pem/pem_x509.cc -o /Users/j/Documents/GitHub/MoneroOne/build/Build/Intermediates.noindex/swift-nio-ssl.build/Debug-iphonesimulator/CNIOBoringSSL.build/Objects-normal/arm64/pem_x509.o -index-unit-output-path /swift-nio-ssl.build/Debug-iphonesimulator/CNIOBoringSSL.build/Objects-normal/arm64/pem_x509.o

CompileC /Users/j/Documents/GitHub/MoneroOne/build/Build/Intermediates.noindex/swift-nio-ssl.build/Debug-iphonesimulator/CNIOBoringSSL.build/Objects-normal/arm64/pem_pkey.o /Users/j/Documents/GitHub/MoneroOne/build/SourcePackages/checkouts/swift-nio-ssl/Sources/CNIOBoringSSL/crypto/pem/pem_pkey.cc normal arm64 c++ com.apple.compilers.llvm.clang.1_0.compiler (in target 'CNIOBoringSSL' from project 'swift-nio-ssl')
    cd /Users/j/Documents/GitHub/MoneroOne/MoneroOne.xcodeproj
    
    Using response file: /Users/j/Documents/GitHub/MoneroOne/build/Build/Intermediates.noindex/swift-nio-ssl.build/Debug-iphonesimulator/CNIOBoringSSL.build/Objects-normal/arm64/82b82416624d2658e5098eb0a28c15c5-common-args.resp
    
    /Applications/Xcode.app/Contents/Developer/Toolchains/XcodeDefault.xctoolchain/usr/bin/clang -x c++ -ivfsstatcache /Users/j/Documents/GitHub/MoneroOne/build/SDKStatCaches.noindex/iphonesimulator26.1-23B77-90cf18a4295e390e64c810bc6bd7acbc.sdkstatcache -fmessage-length\=0 -fdiagnostics-show-note-include-stack -fmacro-backtrace-limit\=0 -fno-color-diagnostics -fmodules-prune-interval\=86400 -fmodules-prune-after\=345600 -fbuild-session-file\=/Users/j/Documents/GitHub/MoneroOne/build/ModuleCache.noindex/Session.modulevalidation -fmodules-validate-once-per-build-session -Wnon-modular-include-in-framework-module -Werror\=non-modular-include-in-framework-module -Wno-trigraphs -Wno-missing-field-initializers -Wno-missing-prototypes -Wno-return-type -Wno-non-virtual-dtor -Wno-overloaded-virtual -Wno-exit-time-destructors -Wno-missing-braces -Wparentheses -Wswitch -Wno-unused-function -Wno-unused-label -Wno-unused-parameter -Wno-unused-variable -Wunused-value -Wno-empty-body -Wno-uninitialized -Wno-unknown-pragmas -w -Wno-shadow -Wno-four-char-constants -Wno-conversion -Wno-constant-conversion -Wno-int-conversion -Wno-bool-conversion -Wno-enum-conversion -Wno-float-conversion -Wno-non-literal-null-conversion -Wno-objc-literal-conversion -Wshorten-64-to-32 -Wno-newline-eof -Wno-c++11-extensions -Wno-implicit-fallthrough -fstrict-aliasing -Wdeprecated-declarations -Winvalid-offsetof -Wno-sign-conversion -Wno-infinite-recursion -Wno-move -Wno-comma -Wno-block-capture-autoreleasing -Wno-strict-prototypes -Wno-range-loop-analysis -Wno-semicolon-before-method-body -index-store-path /Users/j/Documents/GitHub/MoneroOne/build/Index.noindex/DataStore @/Users/j/Documents/GitHub/MoneroOne/build/Build/Intermediates.noindex/swift-nio-ssl.build/Debug-iphonesimulator/CNIOBoringSSL.build/Objects-normal/arm64/82b82416624d2658e5098eb0a28c15c5-common-args.resp -MMD -MT dependencies -MF /Users/j/Documents/GitHub/MoneroOne/build/Build/Intermediates.noindex/swift-nio-ssl.build/Debug-iphonesimulator/CNIOBoringSSL.build/Objects-normal/arm64/pem_pkey.d --serialize-diagnostics /Users/j/Documents/GitHub/MoneroOne/build/Build/Intermediates.noindex/swift-nio-ssl.build/Debug-iphonesimulator/CNIOBoringSSL.build/Objects-normal/arm64/pem_pkey.dia -c /Users/j/Documents/GitHub/MoneroOne/build/SourcePackages/checkouts/swift-nio-ssl/Sources/CNIOBoringSSL/crypto/pem/pem_pkey.cc -o /Users/j/Documents/GitHub/MoneroOne/build/Build/Intermediates.noindex/swift-nio-ssl.build/Debug-iphonesimulator/CNIOBoringSSL.build/Objects-normal/arm64/pem_pkey.o -index-unit-output-path /swift-nio-ssl.build/Debug-iphonesimulator/CNIOBoringSSL.build/Objects-normal/arm64/pem_pkey.o

CompileC /Users/j/Documents/GitHub/MoneroOne/build/Build/Intermediates.noindex/swift-nio-ssl.build/Debug-iphonesimulator/CNIOBoringSSL.build/Objects-normal/arm64/pem_pk8.o /Users/j/Documents/GitHub/MoneroOne/build/SourcePackages/checkouts/swift-nio-ssl/Sources/CNIOBoringSSL/crypto/pem/pem_pk8.cc normal arm64 c++ com.apple.compilers.llvm.clang.1_0.compiler (in target 'CNIOBoringSSL' from project 'swift-nio-ssl')
    cd /Users/j/Documents/GitHub/MoneroOne/MoneroOne.xcodeproj
    
    Using response file: /Users/j/Documents/GitHub/MoneroOne/build/Build/Intermediates.noindex/swift-nio-ssl.build/Debug-iphonesimulator/CNIOBoringSSL.build/Objects-normal/arm64/82b82416624d2658e5098eb0a28c15c5-common-args.resp
    
    /Applications/Xcode.app/Contents/Developer/Toolchains/XcodeDefault.xctoolchain/usr/bin/clang -x c++ -ivfsstatcache /Users/j/Documents/GitHub/MoneroOne/build/SDKStatCaches.noindex/iphonesimulator26.1-23B77-90cf18a4295e390e64c810bc6bd7acbc.sdkstatcache -fmessage-length\=0 -fdiagnostics-show-note-include-stack -fmacro-backtrace-limit\=0 -fno-color-diagnostics -fmodules-prune-interval\=86400 -fmodules-prune-after\=345600 -fbuild-session-file\=/Users/j/Documents/GitHub/MoneroOne/build/ModuleCache.noindex/Session.modulevalidation -fmodules-validate-once-per-build-session -Wnon-modular-include-in-framework-module -Werror\=non-modular-include-in-framework-module -Wno-trigraphs -Wno-missing-field-initializers -Wno-missing-prototypes -Wno-return-type -Wno-non-virtual-dtor -Wno-overloaded-virtual -Wno-exit-time-destructors -Wno-missing-braces -Wparentheses -Wswitch -Wno-unused-function -Wno-unused-label -Wno-unused-parameter -Wno-unused-variable -Wunused-value -Wno-empty-body -Wno-uninitialized -Wno-unknown-pragmas -w -Wno-shadow -Wno-four-char-constants -Wno-conversion -Wno-constant-conversion -Wno-int-conversion -Wno-bool-conversion -Wno-enum-conversion -Wno-float-conversion -Wno-non-literal-null-conversion -Wno-objc-literal-conversion -Wshorten-64-to-32 -Wno-newline-eof -Wno-c++11-extensions -Wno-implicit-fallthrough -fstrict-aliasing -Wdeprecated-declarations -Winvalid-offsetof -Wno-sign-conversion -Wno-infinite-recursion -Wno-move -Wno-comma -Wno-block-capture-autoreleasing -Wno-strict-prototypes -Wno-range-loop-analysis -Wno-semicolon-before-method-body -index-store-path /Users/j/Documents/GitHub/MoneroOne/build/Index.noindex/DataStore @/Users/j/Documents/GitHub/MoneroOne/build/Build/Intermediates.noindex/swift-nio-ssl.build/Debug-iphonesimulator/CNIOBoringSSL.build/Objects-normal/arm64/82b82416624d2658e5098eb0a28c15c5-common-args.resp -MMD -MT dependencies -MF /Users/j/Documents/GitHub/MoneroOne/build/Build/Intermediates.noindex/swift-nio-ssl.build/Debug-iphonesimulator/CNIOBoringSSL.build/Objects-normal/arm64/pem_pk8.d --serialize-diagnostics /Users/j/Documents/GitHub/MoneroOne/build/Build/Intermediates.noindex/swift-nio-ssl.build/Debug-iphonesimulator/CNIOBoringSSL.build/Objects-normal/arm64/pem_pk8.dia -c /Users/j/Documents/GitHub/MoneroOne/build/SourcePackages/checkouts/swift-nio-ssl/Sources/CNIOBoringSSL/crypto/pem/pem_pk8.cc -o /Users/j/Documents/GitHub/MoneroOne/build/Build/Intermediates.noindex/swift-nio-ssl.build/Debug-iphonesimulator/CNIOBoringSSL.build/Objects-normal/arm64/pem_pk8.o -index-unit-output-path /swift-nio-ssl.build/Debug-iphonesimulator/CNIOBoringSSL.build/Objects-normal/arm64/pem_pk8.o

CompileC /Users/j/Documents/GitHub/MoneroOne/build/Build/Intermediates.noindex/swift-nio-ssl.build/Debug-iphonesimulator/CNIOBoringSSL.build/Objects-normal/arm64/pem_oth.o /Users/j/Documents/GitHub/MoneroOne/build/SourcePackages/checkouts/swift-nio-ssl/Sources/CNIOBoringSSL/crypto/pem/pem_oth.cc normal arm64 c++ com.apple.compilers.llvm.clang.1_0.compiler (in target 'CNIOBoringSSL' from project 'swift-nio-ssl')
    cd /Users/j/Documents/GitHub/MoneroOne/MoneroOne.xcodeproj
    
    Using response file: /Users/j/Documents/GitHub/MoneroOne/build/Build/Intermediates.noindex/swift-nio-ssl.build/Debug-iphonesimulator/CNIOBoringSSL.build/Objects-normal/arm64/82b82416624d2658e5098eb0a28c15c5-common-args.resp
    
    /Applications/Xcode.app/Contents/Developer/Toolchains/XcodeDefault.xctoolchain/usr/bin/clang -x c++ -ivfsstatcache /Users/j/Documents/GitHub/MoneroOne/build/SDKStatCaches.noindex/iphonesimulator26.1-23B77-90cf18a4295e390e64c810bc6bd7acbc.sdkstatcache -fmessage-length\=0 -fdiagnostics-show-note-include-stack -fmacro-backtrace-limit\=0 -fno-color-diagnostics -fmodules-prune-interval\=86400 -fmodules-prune-after\=345600 -fbuild-session-file\=/Users/j/Documents/GitHub/MoneroOne/build/ModuleCache.noindex/Session.modulevalidation -fmodules-validate-once-per-build-session -Wnon-modular-include-in-framework-module -Werror\=non-modular-include-in-framework-module -Wno-trigraphs -Wno-missing-field-initializers -Wno-missing-prototypes -Wno-return-type -Wno-non-virtual-dtor -Wno-overloaded-virtual -Wno-exit-time-destructors -Wno-missing-braces -Wparentheses -Wswitch -Wno-unused-function -Wno-unused-label -Wno-unused-parameter -Wno-unused-variable -Wunused-value -Wno-empty-body -Wno-uninitialized -Wno-unknown-pragmas -w -Wno-shadow -Wno-four-char-constants -Wno-conversion -Wno-constant-conversion -Wno-int-conversion -Wno-bool-conversion -Wno-enum-conversion -Wno-float-conversion -Wno-non-literal-null-conversion -Wno-objc-literal-conversion -Wshorten-64-to-32 -Wno-newline-eof -Wno-c++11-extensions -Wno-implicit-fallthrough -fstrict-aliasing -Wdeprecated-declarations -Winvalid-offsetof -Wno-sign-conversion -Wno-infinite-recursion -Wno-move -Wno-comma -Wno-block-capture-autoreleasing -Wno-strict-prototypes -Wno-range-loop-analysis -Wno-semicolon-before-method-body -index-store-path /Users/j/Documents/GitHub/MoneroOne/build/Index.noindex/DataStore @/Users/j/Documents/GitHub/MoneroOne/build/Build/Intermediates.noindex/swift-nio-ssl.build/Debug-iphonesimulator/CNIOBoringSSL.build/Objects-normal/arm64/82b82416624d2658e5098eb0a28c15c5-common-args.resp -MMD -MT dependencies -MF /Users/j/Documents/GitHub/MoneroOne/build/Build/Intermediates.noindex/swift-nio-ssl.build/Debug-iphonesimulator/CNIOBoringSSL.build/Objects-normal/arm64/pem_oth.d --serialize-diagnostics /Users/j/Documents/GitHub/MoneroOne/build/Build/Intermediates.noindex/swift-nio-ssl.build/Debug-iphonesimulator/CNIOBoringSSL.build/Objects-normal/arm64/pem_oth.dia -c /Users/j/Documents/GitHub/MoneroOne/build/SourcePackages/checkouts/swift-nio-ssl/Sources/CNIOBoringSSL/crypto/pem/pem_oth.cc -o /Users/j/Documents/GitHub/MoneroOne/build/Build/Intermediates.noindex/swift-nio-ssl.build/Debug-iphonesimulator/CNIOBoringSSL.build/Objects-normal/arm64/pem_oth.o -index-unit-output-path /swift-nio-ssl.build/Debug-iphonesimulator/CNIOBoringSSL.build/Objects-normal/arm64/pem_oth.o

CompileC /Users/j/Documents/GitHub/MoneroOne/build/Build/Intermediates.noindex/swift-nio-ssl.build/Debug-iphonesimulator/CNIOBoringSSL.build/Objects-normal/arm64/pem_lib.o /Users/j/Documents/GitHub/MoneroOne/build/SourcePackages/checkouts/swift-nio-ssl/Sources/CNIOBoringSSL/crypto/pem/pem_lib.cc normal arm64 c++ com.apple.compilers.llvm.clang.1_0.compiler (in target 'CNIOBoringSSL' from project 'swift-nio-ssl')
    cd /Users/j/Documents/GitHub/MoneroOne/MoneroOne.xcodeproj
    
    Using response file: /Users/j/Documents/GitHub/MoneroOne/build/Build/Intermediates.noindex/swift-nio-ssl.build/Debug-iphonesimulator/CNIOBoringSSL.build/Objects-normal/arm64/82b82416624d2658e5098eb0a28c15c5-common-args.resp
    
    /Applications/Xcode.app/Contents/Developer/Toolchains/XcodeDefault.xctoolchain/usr/bin/clang -x c++ -ivfsstatcache /Users/j/Documents/GitHub/MoneroOne/build/SDKStatCaches.noindex/iphonesimulator26.1-23B77-90cf18a4295e390e64c810bc6bd7acbc.sdkstatcache -fmessage-length\=0 -fdiagnostics-show-note-include-stack -fmacro-backtrace-limit\=0 -fno-color-diagnostics -fmodules-prune-interval\=86400 -fmodules-prune-after\=345600 -fbuild-session-file\=/Users/j/Documents/GitHub/MoneroOne/build/ModuleCache.noindex/Session.modulevalidation -fmodules-validate-once-per-build-session -Wnon-modular-include-in-framework-module -Werror\=non-modular-include-in-framework-module -Wno-trigraphs -Wno-missing-field-initializers -Wno-missing-prototypes -Wno-return-type -Wno-non-virtual-dtor -Wno-overloaded-virtual -Wno-exit-time-destructors -Wno-missing-braces -Wparentheses -Wswitch -Wno-unused-function -Wno-unused-label -Wno-unused-parameter -Wno-unused-variable -Wunused-value -Wno-empty-body -Wno-uninitialized -Wno-unknown-pragmas -w -Wno-shadow -Wno-four-char-constants -Wno-conversion -Wno-constant-conversion -Wno-int-conversion -Wno-bool-conversion -Wno-enum-conversion -Wno-float-conversion -Wno-non-literal-null-conversion -Wno-objc-literal-conversion -Wshorten-64-to-32 -Wno-newline-eof -Wno-c++11-extensions -Wno-implicit-fallthrough -fstrict-aliasing -Wdeprecated-declarations -Winvalid-offsetof -Wno-sign-conversion -Wno-infinite-recursion -Wno-move -Wno-comma -Wno-block-capture-autoreleasing -Wno-strict-prototypes -Wno-range-loop-analysis -Wno-semicolon-before-method-body -index-store-path /Users/j/Documents/GitHub/MoneroOne/build/Index.noindex/DataStore @/Users/j/Documents/GitHub/MoneroOne/build/Build/Intermediates.noindex/swift-nio-ssl.build/Debug-iphonesimulator/CNIOBoringSSL.build/Objects-normal/arm64/82b82416624d2658e5098eb0a28c15c5-common-args.resp -MMD -MT dependencies -MF /Users/j/Documents/GitHub/MoneroOne/build/Build/Intermediates.noindex/swift-nio-ssl.build/Debug-iphonesimulator/CNIOBoringSSL.build/Objects-normal/arm64/pem_lib.d --serialize-diagnostics /Users/j/Documents/GitHub/MoneroOne/build/Build/Intermediates.noindex/swift-nio-ssl.build/Debug-iphonesimulator/CNIOBoringSSL.build/Objects-normal/arm64/pem_lib.dia -c /Users/j/Documents/GitHub/MoneroOne/build/SourcePackages/checkouts/swift-nio-ssl/Sources/CNIOBoringSSL/crypto/pem/pem_lib.cc -o /Users/j/Documents/GitHub/MoneroOne/build/Build/Intermediates.noindex/swift-nio-ssl.build/Debug-iphonesimulator/CNIOBoringSSL.build/Objects-normal/arm64/pem_lib.o -index-unit-output-path /swift-nio-ssl.build/Debug-iphonesimulator/CNIOBoringSSL.build/Objects-normal/arm64/pem_lib.o

CompileC /Users/j/Documents/GitHub/MoneroOne/build/Build/Intermediates.noindex/swift-nio-ssl.build/Debug-iphonesimulator/CNIOBoringSSL.build/Objects-normal/arm64/pem_info.o /Users/j/Documents/GitHub/MoneroOne/build/SourcePackages/checkouts/swift-nio-ssl/Sources/CNIOBoringSSL/crypto/pem/pem_info.cc normal arm64 c++ com.apple.compilers.llvm.clang.1_0.compiler (in target 'CNIOBoringSSL' from project 'swift-nio-ssl')
    cd /Users/j/Documents/GitHub/MoneroOne/MoneroOne.xcodeproj
    
    Using response file: /Users/j/Documents/GitHub/MoneroOne/build/Build/Intermediates.noindex/swift-nio-ssl.build/Debug-iphonesimulator/CNIOBoringSSL.build/Objects-normal/arm64/82b82416624d2658e5098eb0a28c15c5-common-args.resp
    
    /Applications/Xcode.app/Contents/Developer/Toolchains/XcodeDefault.xctoolchain/usr/bin/clang -x c++ -ivfsstatcache /Users/j/Documents/GitHub/MoneroOne/build/SDKStatCaches.noindex/iphonesimulator26.1-23B77-90cf18a4295e390e64c810bc6bd7acbc.sdkstatcache -fmessage-length\=0 -fdiagnostics-show-note-include-stack -fmacro-backtrace-limit\=0 -fno-color-diagnostics -fmodules-prune-interval\=86400 -fmodules-prune-after\=345600 -fbuild-session-file\=/Users/j/Documents/GitHub/MoneroOne/build/ModuleCache.noindex/Session.modulevalidation -fmodules-validate-once-per-build-session -Wnon-modular-include-in-framework-module -Werror\=non-modular-include-in-framework-module -Wno-trigraphs -Wno-missing-field-initializers -Wno-missing-prototypes -Wno-return-type -Wno-non-virtual-dtor -Wno-overloaded-virtual -Wno-exit-time-destructors -Wno-missing-braces -Wparentheses -Wswitch -Wno-unused-function -Wno-unused-label -Wno-unused-parameter -Wno-unused-variable -Wunused-value -Wno-empty-body -Wno-uninitialized -Wno-unknown-pragmas -w -Wno-shadow -Wno-four-char-constants -Wno-conversion -Wno-constant-conversion -Wno-int-conversion -Wno-bool-conversion -Wno-enum-conversion -Wno-float-conversion -Wno-non-literal-null-conversion -Wno-objc-literal-conversion -Wshorten-64-to-32 -Wno-newline-eof -Wno-c++11-extensions -Wno-implicit-fallthrough -fstrict-aliasing -Wdeprecated-declarations -Winvalid-offsetof -Wno-sign-conversion -Wno-infinite-recursion -Wno-move -Wno-comma -Wno-block-capture-autoreleasing -Wno-strict-prototypes -Wno-range-loop-analysis -Wno-semicolon-before-method-body -index-store-path /Users/j/Documents/GitHub/MoneroOne/build/Index.noindex/DataStore @/Users/j/Documents/GitHub/MoneroOne/build/Build/Intermediates.noindex/swift-nio-ssl.build/Debug-iphonesimulator/CNIOBoringSSL.build/Objects-normal/arm64/82b82416624d2658e5098eb0a28c15c5-common-args.resp -MMD -MT dependencies -MF /Users/j/Documents/GitHub/MoneroOne/build/Build/Intermediates.noindex/swift-nio-ssl.build/Debug-iphonesimulator/CNIOBoringSSL.build/Objects-normal/arm64/pem_info.d --serialize-diagnostics /Users/j/Documents/GitHub/MoneroOne/build/Build/Intermediates.noindex/swift-nio-ssl.build/Debug-iphonesimulator/CNIOBoringSSL.build/Objects-normal/arm64/pem_info.dia -c /Users/j/Documents/GitHub/MoneroOne/build/SourcePackages/checkouts/swift-nio-ssl/Sources/CNIOBoringSSL/crypto/pem/pem_info.cc -o /Users/j/Documents/GitHub/MoneroOne/build/Build/Intermediates.noindex/swift-nio-ssl.build/Debug-iphonesimulator/CNIOBoringSSL.build/Objects-normal/arm64/pem_info.o -index-unit-output-path /swift-nio-ssl.build/Debug-iphonesimulator/CNIOBoringSSL.build/Objects-normal/arm64/pem_info.o

CompileC /Users/j/Documents/GitHub/MoneroOne/build/Build/Intermediates.noindex/swift-nio-ssl.build/Debug-iphonesimulator/CNIOBoringSSL.build/Objects-normal/arm64/pem_all.o /Users/j/Documents/GitHub/MoneroOne/build/SourcePackages/checkouts/swift-nio-ssl/Sources/CNIOBoringSSL/crypto/pem/pem_all.cc normal arm64 c++ com.apple.compilers.llvm.clang.1_0.compiler (in target 'CNIOBoringSSL' from project 'swift-nio-ssl')
    cd /Users/j/Documents/GitHub/MoneroOne/MoneroOne.xcodeproj
    
    Using response file: /Users/j/Documents/GitHub/MoneroOne/build/Build/Intermediates.noindex/swift-nio-ssl.build/Debug-iphonesimulator/CNIOBoringSSL.build/Objects-normal/arm64/82b82416624d2658e5098eb0a28c15c5-common-args.resp
    
    /Applications/Xcode.app/Contents/Developer/Toolchains/XcodeDefault.xctoolchain/usr/bin/clang -x c++ -ivfsstatcache /Users/j/Documents/GitHub/MoneroOne/build/SDKStatCaches.noindex/iphonesimulator26.1-23B77-90cf18a4295e390e64c810bc6bd7acbc.sdkstatcache -fmessage-length\=0 -fdiagnostics-show-note-include-stack -fmacro-backtrace-limit\=0 -fno-color-diagnostics -fmodules-prune-interval\=86400 -fmodules-prune-after\=345600 -fbuild-session-file\=/Users/j/Documents/GitHub/MoneroOne/build/ModuleCache.noindex/Session.modulevalidation -fmodules-validate-once-per-build-session -Wnon-modular-include-in-framework-module -Werror\=non-modular-include-in-framework-module -Wno-trigraphs -Wno-missing-field-initializers -Wno-missing-prototypes -Wno-return-type -Wno-non-virtual-dtor -Wno-overloaded-virtual -Wno-exit-time-destructors -Wno-missing-braces -Wparentheses -Wswitch -Wno-unused-function -Wno-unused-label -Wno-unused-parameter -Wno-unused-variable -Wunused-value -Wno-empty-body -Wno-uninitialized -Wno-unknown-pragmas -w -Wno-shadow -Wno-four-char-constants -Wno-conversion -Wno-constant-conversion -Wno-int-conversion -Wno-bool-conversion -Wno-enum-conversion -Wno-float-conversion -Wno-non-literal-null-conversion -Wno-objc-literal-conversion -Wshorten-64-to-32 -Wno-newline-eof -Wno-c++11-extensions -Wno-implicit-fallthrough -fstrict-aliasing -Wdeprecated-declarations -Winvalid-offsetof -Wno-sign-conversion -Wno-infinite-recursion -Wno-move -Wno-comma -Wno-block-capture-autoreleasing -Wno-strict-prototypes -Wno-range-loop-analysis -Wno-semicolon-before-method-body -index-store-path /Users/j/Documents/GitHub/MoneroOne/build/Index.noindex/DataStore @/Users/j/Documents/GitHub/MoneroOne/build/Build/Intermediates.noindex/swift-nio-ssl.build/Debug-iphonesimulator/CNIOBoringSSL.build/Objects-normal/arm64/82b82416624d2658e5098eb0a28c15c5-common-args.resp -MMD -MT dependencies -MF /Users/j/Documents/GitHub/MoneroOne/build/Build/Intermediates.noindex/swift-nio-ssl.build/Debug-iphonesimulator/CNIOBoringSSL.build/Objects-normal/arm64/pem_all.d --serialize-diagnostics /Users/j/Documents/GitHub/MoneroOne/build/Build/Intermediates.noindex/swift-nio-ssl.build/Debug-iphonesimulator/CNIOBoringSSL.build/Objects-normal/arm64/pem_all.dia -c /Users/j/Documents/GitHub/MoneroOne/build/SourcePackages/checkouts/swift-nio-ssl/Sources/CNIOBoringSSL/crypto/pem/pem_all.cc -o /Users/j/Documents/GitHub/MoneroOne/build/Build/Intermediates.noindex/swift-nio-ssl.build/Debug-iphonesimulator/CNIOBoringSSL.build/Objects-normal/arm64/pem_all.o -index-unit-output-path /swift-nio-ssl.build/Debug-iphonesimulator/CNIOBoringSSL.build/Objects-normal/arm64/pem_all.o

CompileC /Users/j/Documents/GitHub/MoneroOne/build/Build/Intermediates.noindex/swift-nio-ssl.build/Debug-iphonesimulator/CNIOBoringSSL.build/Objects-normal/arm64/pbkdf.o /Users/j/Documents/GitHub/MoneroOne/build/SourcePackages/checkouts/swift-nio-ssl/Sources/CNIOBoringSSL/crypto/evp/pbkdf.cc normal arm64 c++ com.apple.compilers.llvm.clang.1_0.compiler (in target 'CNIOBoringSSL' from project 'swift-nio-ssl')
    cd /Users/j/Documents/GitHub/MoneroOne/MoneroOne.xcodeproj
    
    Using response file: /Users/j/Documents/GitHub/MoneroOne/build/Build/Intermediates.noindex/swift-nio-ssl.build/Debug-iphonesimulator/CNIOBoringSSL.build/Objects-normal/arm64/82b82416624d2658e5098eb0a28c15c5-common-args.resp
    
    /Applications/Xcode.app/Contents/Developer/Toolchains/XcodeDefault.xctoolchain/usr/bin/clang -x c++ -ivfsstatcache /Users/j/Documents/GitHub/MoneroOne/build/SDKStatCaches.noindex/iphonesimulator26.1-23B77-90cf18a4295e390e64c810bc6bd7acbc.sdkstatcache -fmessage-length\=0 -fdiagnostics-show-note-include-stack -fmacro-backtrace-limit\=0 -fno-color-diagnostics -fmodules-prune-interval\=86400 -fmodules-prune-after\=345600 -fbuild-session-file\=/Users/j/Documents/GitHub/MoneroOne/build/ModuleCache.noindex/Session.modulevalidation -fmodules-validate-once-per-build-session -Wnon-modular-include-in-framework-module -Werror\=non-modular-include-in-framework-module -Wno-trigraphs -Wno-missing-field-initializers -Wno-missing-prototypes -Wno-return-type -Wno-non-virtual-dtor -Wno-overloaded-virtual -Wno-exit-time-destructors -Wno-missing-braces -Wparentheses -Wswitch -Wno-unused-function -Wno-unused-label -Wno-unused-parameter -Wno-unused-variable -Wunused-value -Wno-empty-body -Wno-uninitialized -Wno-unknown-pragmas -w -Wno-shadow -Wno-four-char-constants -Wno-conversion -Wno-constant-conversion -Wno-int-conversion -Wno-bool-conversion -Wno-enum-conversion -Wno-float-conversion -Wno-non-literal-null-conversion -Wno-objc-literal-conversion -Wshorten-64-to-32 -Wno-newline-eof -Wno-c++11-extensions -Wno-implicit-fallthrough -fstrict-aliasing -Wdeprecated-declarations -Winvalid-offsetof -Wno-sign-conversion -Wno-infinite-recursion -Wno-move -Wno-comma -Wno-block-capture-autoreleasing -Wno-strict-prototypes -Wno-range-loop-analysis -Wno-semicolon-before-method-body -index-store-path /Users/j/Documents/GitHub/MoneroOne/build/Index.noindex/DataStore @/Users/j/Documents/GitHub/MoneroOne/build/Build/Intermediates.noindex/swift-nio-ssl.build/Debug-iphonesimulator/CNIOBoringSSL.build/Objects-normal/arm64/82b82416624d2658e5098eb0a28c15c5-common-args.resp -MMD -MT dependencies -MF /Users/j/Documents/GitHub/MoneroOne/build/Build/Intermediates.noindex/swift-nio-ssl.build/Debug-iphonesimulator/CNIOBoringSSL.build/Objects-normal/arm64/pbkdf.d --serialize-diagnostics /Users/j/Documents/GitHub/MoneroOne/build/Build/Intermediates.noindex/swift-nio-ssl.build/Debug-iphonesimulator/CNIOBoringSSL.build/Objects-normal/arm64/pbkdf.dia -c /Users/j/Documents/GitHub/MoneroOne/build/SourcePackages/checkouts/swift-nio-ssl/Sources/CNIOBoringSSL/crypto/evp/pbkdf.cc -o /Users/j/Documents/GitHub/MoneroOne/build/Build/Intermediates.noindex/swift-nio-ssl.build/Debug-iphonesimulator/CNIOBoringSSL.build/Objects-normal/arm64/pbkdf.o -index-unit-output-path /swift-nio-ssl.build/Debug-iphonesimulator/CNIOBoringSSL.build/Objects-normal/arm64/pbkdf.o

CompileC /Users/j/Documents/GitHub/MoneroOne/build/Build/Intermediates.noindex/swift-nio-ssl.build/Debug-iphonesimulator/CNIOBoringSSL.build/Objects-normal/arm64/passive.o /Users/j/Documents/GitHub/MoneroOne/build/SourcePackages/checkouts/swift-nio-ssl/Sources/CNIOBoringSSL/crypto/rand/passive.cc normal arm64 c++ com.apple.compilers.llvm.clang.1_0.compiler (in target 'CNIOBoringSSL' from project 'swift-nio-ssl')
    cd /Users/j/Documents/GitHub/MoneroOne/MoneroOne.xcodeproj
    
    Using response file: /Users/j/Documents/GitHub/MoneroOne/build/Build/Intermediates.noindex/swift-nio-ssl.build/Debug-iphonesimulator/CNIOBoringSSL.build/Objects-normal/arm64/82b82416624d2658e5098eb0a28c15c5-common-args.resp
    
    /Applications/Xcode.app/Contents/Developer/Toolchains/XcodeDefault.xctoolchain/usr/bin/clang -x c++ -ivfsstatcache /Users/j/Documents/GitHub/MoneroOne/build/SDKStatCaches.noindex/iphonesimulator26.1-23B77-90cf18a4295e390e64c810bc6bd7acbc.sdkstatcache -fmessage-length\=0 -fdiagnostics-show-note-include-stack -fmacro-backtrace-limit\=0 -fno-color-diagnostics -fmodules-prune-interval\=86400 -fmodules-prune-after\=345600 -fbuild-session-file\=/Users/j/Documents/GitHub/MoneroOne/build/ModuleCache.noindex/Session.modulevalidation -fmodules-validate-once-per-build-session -Wnon-modular-include-in-framework-module -Werror\=non-modular-include-in-framework-module -Wno-trigraphs -Wno-missing-field-initializers -Wno-missing-prototypes -Wno-return-type -Wno-non-virtual-dtor -Wno-overloaded-virtual -Wno-exit-time-destructors -Wno-missing-braces -Wparentheses -Wswitch -Wno-unused-function -Wno-unused-label -Wno-unused-parameter -Wno-unused-variable -Wunused-value -Wno-empty-body -Wno-uninitialized -Wno-unknown-pragmas -w -Wno-shadow -Wno-four-char-constants -Wno-conversion -Wno-constant-conversion -Wno-int-conversion -Wno-bool-conversion -Wno-enum-conversion -Wno-float-conversion -Wno-non-literal-null-conversion -Wno-objc-literal-conversion -Wshorten-64-to-32 -Wno-newline-eof -Wno-c++11-extensions -Wno-implicit-fallthrough -fstrict-aliasing -Wdeprecated-declarations -Winvalid-offsetof -Wno-sign-conversion -Wno-infinite-recursion -Wno-move -Wno-comma -Wno-block-capture-autoreleasing -Wno-strict-prototypes -Wno-range-loop-analysis -Wno-semicolon-before-method-body -index-store-path /Users/j/Documents/GitHub/MoneroOne/build/Index.noindex/DataStore @/Users/j/Documents/GitHub/MoneroOne/build/Build/Intermediates.noindex/swift-nio-ssl.build/Debug-iphonesimulator/CNIOBoringSSL.build/Objects-normal/arm64/82b82416624d2658e5098eb0a28c15c5-common-args.resp -MMD -MT dependencies -MF /Users/j/Documents/GitHub/MoneroOne/build/Build/Intermediates.noindex/swift-nio-ssl.build/Debug-iphonesimulator/CNIOBoringSSL.build/Objects-normal/arm64/passive.d --serialize-diagnostics /Users/j/Documents/GitHub/MoneroOne/build/Build/Intermediates.noindex/swift-nio-ssl.build/Debug-iphonesimulator/CNIOBoringSSL.build/Objects-normal/arm64/passive.dia -c /Users/j/Documents/GitHub/MoneroOne/build/SourcePackages/checkouts/swift-nio-ssl/Sources/CNIOBoringSSL/crypto/rand/passive.cc -o /Users/j/Documents/GitHub/MoneroOne/build/Build/Intermediates.noindex/swift-nio-ssl.build/Debug-iphonesimulator/CNIOBoringSSL.build/Objects-normal/arm64/passive.o -index-unit-output-path /swift-nio-ssl.build/Debug-iphonesimulator/CNIOBoringSSL.build/Objects-normal/arm64/passive.o

CompileC /Users/j/Documents/GitHub/MoneroOne/build/Build/Intermediates.noindex/swift-nio-ssl.build/Debug-iphonesimulator/CNIOBoringSSL.build/Objects-normal/arm64/params.o /Users/j/Documents/GitHub/MoneroOne/build/SourcePackages/checkouts/swift-nio-ssl/Sources/CNIOBoringSSL/crypto/dh/params.cc normal arm64 c++ com.apple.compilers.llvm.clang.1_0.compiler (in target 'CNIOBoringSSL' from project 'swift-nio-ssl')
    cd /Users/j/Documents/GitHub/MoneroOne/MoneroOne.xcodeproj
    
    Using response file: /Users/j/Documents/GitHub/MoneroOne/build/Build/Intermediates.noindex/swift-nio-ssl.build/Debug-iphonesimulator/CNIOBoringSSL.build/Objects-normal/arm64/82b82416624d2658e5098eb0a28c15c5-common-args.resp
    
    /Applications/Xcode.app/Contents/Developer/Toolchains/XcodeDefault.xctoolchain/usr/bin/clang -x c++ -ivfsstatcache /Users/j/Documents/GitHub/MoneroOne/build/SDKStatCaches.noindex/iphonesimulator26.1-23B77-90cf18a4295e390e64c810bc6bd7acbc.sdkstatcache -fmessage-length\=0 -fdiagnostics-show-note-include-stack -fmacro-backtrace-limit\=0 -fno-color-diagnostics -fmodules-prune-interval\=86400 -fmodules-prune-after\=345600 -fbuild-session-file\=/Users/j/Documents/GitHub/MoneroOne/build/ModuleCache.noindex/Session.modulevalidation -fmodules-validate-once-per-build-session -Wnon-modular-include-in-framework-module -Werror\=non-modular-include-in-framework-module -Wno-trigraphs -Wno-missing-field-initializers -Wno-missing-prototypes -Wno-return-type -Wno-non-virtual-dtor -Wno-overloaded-virtual -Wno-exit-time-destructors -Wno-missing-braces -Wparentheses -Wswitch -Wno-unused-function -Wno-unused-label -Wno-unused-parameter -Wno-unused-variable -Wunused-value -Wno-empty-body -Wno-uninitialized -Wno-unknown-pragmas -w -Wno-shadow -Wno-four-char-constants -Wno-conversion -Wno-constant-conversion -Wno-int-conversion -Wno-bool-conversion -Wno-enum-conversion -Wno-float-conversion -Wno-non-literal-null-conversion -Wno-objc-literal-conversion -Wshorten-64-to-32 -Wno-newline-eof -Wno-c++11-extensions -Wno-implicit-fallthrough -fstrict-aliasing -Wdeprecated-declarations -Winvalid-offsetof -Wno-sign-conversion -Wno-infinite-recursion -Wno-move -Wno-comma -Wno-block-capture-autoreleasing -Wno-strict-prototypes -Wno-range-loop-analysis -Wno-semicolon-before-method-body -index-store-path /Users/j/Documents/GitHub/MoneroOne/build/Index.noindex/DataStore @/Users/j/Documents/GitHub/MoneroOne/build/Build/Intermediates.noindex/swift-nio-ssl.build/Debug-iphonesimulator/CNIOBoringSSL.build/Objects-normal/arm64/82b82416624d2658e5098eb0a28c15c5-common-args.resp -MMD -MT dependencies -MF /Users/j/Documents/GitHub/MoneroOne/build/Build/Intermediates.noindex/swift-nio-ssl.build/Debug-iphonesimulator/CNIOBoringSSL.build/Objects-normal/arm64/params.d --serialize-diagnostics /Users/j/Documents/GitHub/MoneroOne/build/Build/Intermediates.noindex/swift-nio-ssl.build/Debug-iphonesimulator/CNIOBoringSSL.build/Objects-normal/arm64/params.dia -c /Users/j/Documents/GitHub/MoneroOne/build/SourcePackages/checkouts/swift-nio-ssl/Sources/CNIOBoringSSL/crypto/dh/params.cc -o /Users/j/Documents/GitHub/MoneroOne/build/Build/Intermediates.noindex/swift-nio-ssl.build/Debug-iphonesimulator/CNIOBoringSSL.build/Objects-normal/arm64/params.o -index-unit-output-path /swift-nio-ssl.build/Debug-iphonesimulator/CNIOBoringSSL.build/Objects-normal/arm64/params.o

CompileC /Users/j/Documents/GitHub/MoneroOne/build/Build/Intermediates.noindex/swift-nio-ssl.build/Debug-iphonesimulator/CNIOBoringSSL.build/Objects-normal/arm64/pair.o /Users/j/Documents/GitHub/MoneroOne/build/SourcePackages/checkouts/swift-nio-ssl/Sources/CNIOBoringSSL/crypto/bio/pair.cc normal arm64 c++ com.apple.compilers.llvm.clang.1_0.compiler (in target 'CNIOBoringSSL' from project 'swift-nio-ssl')
    cd /Users/j/Documents/GitHub/MoneroOne/MoneroOne.xcodeproj
    
    Using response file: /Users/j/Documents/GitHub/MoneroOne/build/Build/Intermediates.noindex/swift-nio-ssl.build/Debug-iphonesimulator/CNIOBoringSSL.build/Objects-normal/arm64/82b82416624d2658e5098eb0a28c15c5-common-args.resp
    
    /Applications/Xcode.app/Contents/Developer/Toolchains/XcodeDefault.xctoolchain/usr/bin/clang -x c++ -ivfsstatcache /Users/j/Documents/GitHub/MoneroOne/build/SDKStatCaches.noindex/iphonesimulator26.1-23B77-90cf18a4295e390e64c810bc6bd7acbc.sdkstatcache -fmessage-length\=0 -fdiagnostics-show-note-include-stack -fmacro-backtrace-limit\=0 -fno-color-diagnostics -fmodules-prune-interval\=86400 -fmodules-prune-after\=345600 -fbuild-session-file\=/Users/j/Documents/GitHub/MoneroOne/build/ModuleCache.noindex/Session.modulevalidation -fmodules-validate-once-per-build-session -Wnon-modular-include-in-framework-module -Werror\=non-modular-include-in-framework-module -Wno-trigraphs -Wno-missing-field-initializers -Wno-missing-prototypes -Wno-return-type -Wno-non-virtual-dtor -Wno-overloaded-virtual -Wno-exit-time-destructors -Wno-missing-braces -Wparentheses -Wswitch -Wno-unused-function -Wno-unused-label -Wno-unused-parameter -Wno-unused-variable -Wunused-value -Wno-empty-body -Wno-uninitialized -Wno-unknown-pragmas -w -Wno-shadow -Wno-four-char-constants -Wno-conversion -Wno-constant-conversion -Wno-int-conversion -Wno-bool-conversion -Wno-enum-conversion -Wno-float-conversion -Wno-non-literal-null-conversion -Wno-objc-literal-conversion -Wshorten-64-to-32 -Wno-newline-eof -Wno-c++11-extensions -Wno-implicit-fallthrough -fstrict-aliasing -Wdeprecated-declarations -Winvalid-offsetof -Wno-sign-conversion -Wno-infinite-recursion -Wno-move -Wno-comma -Wno-block-capture-autoreleasing -Wno-strict-prototypes -Wno-range-loop-analysis -Wno-semicolon-before-method-body -index-store-path /Users/j/Documents/GitHub/MoneroOne/build/Index.noindex/DataStore @/Users/j/Documents/GitHub/MoneroOne/build/Build/Intermediates.noindex/swift-nio-ssl.build/Debug-iphonesimulator/CNIOBoringSSL.build/Objects-normal/arm64/82b82416624d2658e5098eb0a28c15c5-common-args.resp -MMD -MT dependencies -MF /Users/j/Documents/GitHub/MoneroOne/build/Build/Intermediates.noindex/swift-nio-ssl.build/Debug-iphonesimulator/CNIOBoringSSL.build/Objects-normal/arm64/pair.d --serialize-diagnostics /Users/j/Documents/GitHub/MoneroOne/build/Build/Intermediates.noindex/swift-nio-ssl.build/Debug-iphonesimulator/CNIOBoringSSL.build/Objects-normal/arm64/pair.dia -c /Users/j/Documents/GitHub/MoneroOne/build/SourcePackages/checkouts/swift-nio-ssl/Sources/CNIOBoringSSL/crypto/bio/pair.cc -o /Users/j/Documents/GitHub/MoneroOne/build/Build/Intermediates.noindex/swift-nio-ssl.build/Debug-iphonesimulator/CNIOBoringSSL.build/Objects-normal/arm64/pair.o -index-unit-output-path /swift-nio-ssl.build/Debug-iphonesimulator/CNIOBoringSSL.build/Objects-normal/arm64/pair.o

CompileC /Users/j/Documents/GitHub/MoneroOne/build/Build/Intermediates.noindex/swift-nio-ssl.build/Debug-iphonesimulator/CNIOBoringSSL.build/Objects-normal/arm64/p_x25519_asn1.o /Users/j/Documents/GitHub/MoneroOne/build/SourcePackages/checkouts/swift-nio-ssl/Sources/CNIOBoringSSL/crypto/evp/p_x25519_asn1.cc normal arm64 c++ com.apple.compilers.llvm.clang.1_0.compiler (in target 'CNIOBoringSSL' from project 'swift-nio-ssl')
    cd /Users/j/Documents/GitHub/MoneroOne/MoneroOne.xcodeproj
    
    Using response file: /Users/j/Documents/GitHub/MoneroOne/build/Build/Intermediates.noindex/swift-nio-ssl.build/Debug-iphonesimulator/CNIOBoringSSL.build/Objects-normal/arm64/82b82416624d2658e5098eb0a28c15c5-common-args.resp
    
    /Applications/Xcode.app/Contents/Developer/Toolchains/XcodeDefault.xctoolchain/usr/bin/clang -x c++ -ivfsstatcache /Users/j/Documents/GitHub/MoneroOne/build/SDKStatCaches.noindex/iphonesimulator26.1-23B77-90cf18a4295e390e64c810bc6bd7acbc.sdkstatcache -fmessage-length\=0 -fdiagnostics-show-note-include-stack -fmacro-backtrace-limit\=0 -fno-color-diagnostics -fmodules-prune-interval\=86400 -fmodules-prune-after\=345600 -fbuild-session-file\=/Users/j/Documents/GitHub/MoneroOne/build/ModuleCache.noindex/Session.modulevalidation -fmodules-validate-once-per-build-session -Wnon-modular-include-in-framework-module -Werror\=non-modular-include-in-framework-module -Wno-trigraphs -Wno-missing-field-initializers -Wno-missing-prototypes -Wno-return-type -Wno-non-virtual-dtor -Wno-overloaded-virtual -Wno-exit-time-destructors -Wno-missing-braces -Wparentheses -Wswitch -Wno-unused-function -Wno-unused-label -Wno-unused-parameter -Wno-unused-variable -Wunused-value -Wno-empty-body -Wno-uninitialized -Wno-unknown-pragmas -w -Wno-shadow -Wno-four-char-constants -Wno-conversion -Wno-constant-conversion -Wno-int-conversion -Wno-bool-conversion -Wno-enum-conversion -Wno-float-conversion -Wno-non-literal-null-conversion -Wno-objc-literal-conversion -Wshorten-64-to-32 -Wno-newline-eof -Wno-c++11-extensions -Wno-implicit-fallthrough -fstrict-aliasing -Wdeprecated-declarations -Winvalid-offsetof -Wno-sign-conversion -Wno-infinite-recursion -Wno-move -Wno-comma -Wno-block-capture-autoreleasing -Wno-strict-prototypes -Wno-range-loop-analysis -Wno-semicolon-before-method-body -index-store-path /Users/j/Documents/GitHub/MoneroOne/build/Index.noindex/DataStore @/Users/j/Documents/GitHub/MoneroOne/build/Build/Intermediates.noindex/swift-nio-ssl.build/Debug-iphonesimulator/CNIOBoringSSL.build/Objects-normal/arm64/82b82416624d2658e5098eb0a28c15c5-common-args.resp -MMD -MT dependencies -MF /Users/j/Documents/GitHub/MoneroOne/build/Build/Intermediates.noindex/swift-nio-ssl.build/Debug-iphonesimulator/CNIOBoringSSL.build/Objects-normal/arm64/p_x25519_asn1.d --serialize-diagnostics /Users/j/Documents/GitHub/MoneroOne/build/Build/Intermediates.noindex/swift-nio-ssl.build/Debug-iphonesimulator/CNIOBoringSSL.build/Objects-normal/arm64/p_x25519_asn1.dia -c /Users/j/Documents/GitHub/MoneroOne/build/SourcePackages/checkouts/swift-nio-ssl/Sources/CNIOBoringSSL/crypto/evp/p_x25519_asn1.cc -o /Users/j/Documents/GitHub/MoneroOne/build/Build/Intermediates.noindex/swift-nio-ssl.build/Debug-iphonesimulator/CNIOBoringSSL.build/Objects-normal/arm64/p_x25519_asn1.o -index-unit-output-path /swift-nio-ssl.build/Debug-iphonesimulator/CNIOBoringSSL.build/Objects-normal/arm64/p_x25519_asn1.o

CompileC /Users/j/Documents/GitHub/MoneroOne/build/Build/Intermediates.noindex/swift-nio-ssl.build/Debug-iphonesimulator/CNIOBoringSSL.build/Objects-normal/arm64/p_x25519.o /Users/j/Documents/GitHub/MoneroOne/build/SourcePackages/checkouts/swift-nio-ssl/Sources/CNIOBoringSSL/crypto/evp/p_x25519.cc normal arm64 c++ com.apple.compilers.llvm.clang.1_0.compiler (in target 'CNIOBoringSSL' from project 'swift-nio-ssl')
    cd /Users/j/Documents/GitHub/MoneroOne/MoneroOne.xcodeproj
    
    Using response file: /Users/j/Documents/GitHub/MoneroOne/build/Build/Intermediates.noindex/swift-nio-ssl.build/Debug-iphonesimulator/CNIOBoringSSL.build/Objects-normal/arm64/82b82416624d2658e5098eb0a28c15c5-common-args.resp
    
    /Applications/Xcode.app/Contents/Developer/Toolchains/XcodeDefault.xctoolchain/usr/bin/clang -x c++ -ivfsstatcache /Users/j/Documents/GitHub/MoneroOne/build/SDKStatCaches.noindex/iphonesimulator26.1-23B77-90cf18a4295e390e64c810bc6bd7acbc.sdkstatcache -fmessage-length\=0 -fdiagnostics-show-note-include-stack -fmacro-backtrace-limit\=0 -fno-color-diagnostics -fmodules-prune-interval\=86400 -fmodules-prune-after\=345600 -fbuild-session-file\=/Users/j/Documents/GitHub/MoneroOne/build/ModuleCache.noindex/Session.modulevalidation -fmodules-validate-once-per-build-session -Wnon-modular-include-in-framework-module -Werror\=non-modular-include-in-framework-module -Wno-trigraphs -Wno-missing-field-initializers -Wno-missing-prototypes -Wno-return-type -Wno-non-virtual-dtor -Wno-overloaded-virtual -Wno-exit-time-destructors -Wno-missing-braces -Wparentheses -Wswitch -Wno-unused-function -Wno-unused-label -Wno-unused-parameter -Wno-unused-variable -Wunused-value -Wno-empty-body -Wno-uninitialized -Wno-unknown-pragmas -w -Wno-shadow -Wno-four-char-constants -Wno-conversion -Wno-constant-conversion -Wno-int-conversion -Wno-bool-conversion -Wno-enum-conversion -Wno-float-conversion -Wno-non-literal-null-conversion -Wno-objc-literal-conversion -Wshorten-64-to-32 -Wno-newline-eof -Wno-c++11-extensions -Wno-implicit-fallthrough -fstrict-aliasing -Wdeprecated-declarations -Winvalid-offsetof -Wno-sign-conversion -Wno-infinite-recursion -Wno-move -Wno-comma -Wno-block-capture-autoreleasing -Wno-strict-prototypes -Wno-range-loop-analysis -Wno-semicolon-before-method-body -index-store-path /Users/j/Documents/GitHub/MoneroOne/build/Index.noindex/DataStore @/Users/j/Documents/GitHub/MoneroOne/build/Build/Intermediates.noindex/swift-nio-ssl.build/Debug-iphonesimulator/CNIOBoringSSL.build/Objects-normal/arm64/82b82416624d2658e5098eb0a28c15c5-common-args.resp -MMD -MT dependencies -MF /Users/j/Documents/GitHub/MoneroOne/build/Build/Intermediates.noindex/swift-nio-ssl.build/Debug-iphonesimulator/CNIOBoringSSL.build/Objects-normal/arm64/p_x25519.d --serialize-diagnostics /Users/j/Documents/GitHub/MoneroOne/build/Build/Intermediates.noindex/swift-nio-ssl.build/Debug-iphonesimulator/CNIOBoringSSL.build/Objects-normal/arm64/p_x25519.dia -c /Users/j/Documents/GitHub/MoneroOne/build/SourcePackages/checkouts/swift-nio-ssl/Sources/CNIOBoringSSL/crypto/evp/p_x25519.cc -o /Users/j/Documents/GitHub/MoneroOne/build/Build/Intermediates.noindex/swift-nio-ssl.build/Debug-iphonesimulator/CNIOBoringSSL.build/Objects-normal/arm64/p_x25519.o -index-unit-output-path /swift-nio-ssl.build/Debug-iphonesimulator/CNIOBoringSSL.build/Objects-normal/arm64/p_x25519.o

CompileC /Users/j/Documents/GitHub/MoneroOne/build/Build/Intermediates.noindex/swift-nio-ssl.build/Debug-iphonesimulator/CNIOBoringSSL.build/Objects-normal/arm64/p_rsa_asn1.o /Users/j/Documents/GitHub/MoneroOne/build/SourcePackages/checkouts/swift-nio-ssl/Sources/CNIOBoringSSL/crypto/evp/p_rsa_asn1.cc normal arm64 c++ com.apple.compilers.llvm.clang.1_0.compiler (in target 'CNIOBoringSSL' from project 'swift-nio-ssl')
    cd /Users/j/Documents/GitHub/MoneroOne/MoneroOne.xcodeproj
    
    Using response file: /Users/j/Documents/GitHub/MoneroOne/build/Build/Intermediates.noindex/swift-nio-ssl.build/Debug-iphonesimulator/CNIOBoringSSL.build/Objects-normal/arm64/82b82416624d2658e5098eb0a28c15c5-common-args.resp
    
    /Applications/Xcode.app/Contents/Developer/Toolchains/XcodeDefault.xctoolchain/usr/bin/clang -x c++ -ivfsstatcache /Users/j/Documents/GitHub/MoneroOne/build/SDKStatCaches.noindex/iphonesimulator26.1-23B77-90cf18a4295e390e64c810bc6bd7acbc.sdkstatcache -fmessage-length\=0 -fdiagnostics-show-note-include-stack -fmacro-backtrace-limit\=0 -fno-color-diagnostics -fmodules-prune-interval\=86400 -fmodules-prune-after\=345600 -fbuild-session-file\=/Users/j/Documents/GitHub/MoneroOne/build/ModuleCache.noindex/Session.modulevalidation -fmodules-validate-once-per-build-session -Wnon-modular-include-in-framework-module -Werror\=non-modular-include-in-framework-module -Wno-trigraphs -Wno-missing-field-initializers -Wno-missing-prototypes -Wno-return-type -Wno-non-virtual-dtor -Wno-overloaded-virtual -Wno-exit-time-destructors -Wno-missing-braces -Wparentheses -Wswitch -Wno-unused-function -Wno-unused-label -Wno-unused-parameter -Wno-unused-variable -Wunused-value -Wno-empty-body -Wno-uninitialized -Wno-unknown-pragmas -w -Wno-shadow -Wno-four-char-constants -Wno-conversion -Wno-constant-conversion -Wno-int-conversion -Wno-bool-conversion -Wno-enum-conversion -Wno-float-conversion -Wno-non-literal-null-conversion -Wno-objc-literal-conversion -Wshorten-64-to-32 -Wno-newline-eof -Wno-c++11-extensions -Wno-implicit-fallthrough -fstrict-aliasing -Wdeprecated-declarations -Winvalid-offsetof -Wno-sign-conversion -Wno-infinite-recursion -Wno-move -Wno-comma -Wno-block-capture-autoreleasing -Wno-strict-prototypes -Wno-range-loop-analysis -Wno-semicolon-before-method-body -index-store-path /Users/j/Documents/GitHub/MoneroOne/build/Index.noindex/DataStore @/Users/j/Documents/GitHub/MoneroOne/build/Build/Intermediates.noindex/swift-nio-ssl.build/Debug-iphonesimulator/CNIOBoringSSL.build/Objects-normal/arm64/82b82416624d2658e5098eb0a28c15c5-common-args.resp -MMD -MT dependencies -MF /Users/j/Documents/GitHub/MoneroOne/build/Build/Intermediates.noindex/swift-nio-ssl.build/Debug-iphonesimulator/CNIOBoringSSL.build/Objects-normal/arm64/p_rsa_asn1.d --serialize-diagnostics /Users/j/Documents/GitHub/MoneroOne/build/Build/Intermediates.noindex/swift-nio-ssl.build/Debug-iphonesimulator/CNIOBoringSSL.build/Objects-normal/arm64/p_rsa_asn1.dia -c /Users/j/Documents/GitHub/MoneroOne/build/SourcePackages/checkouts/swift-nio-ssl/Sources/CNIOBoringSSL/crypto/evp/p_rsa_asn1.cc -o /Users/j/Documents/GitHub/MoneroOne/build/Build/Intermediates.noindex/swift-nio-ssl.build/Debug-iphonesimulator/CNIOBoringSSL.build/Objects-normal/arm64/p_rsa_asn1.o -index-unit-output-path /swift-nio-ssl.build/Debug-iphonesimulator/CNIOBoringSSL.build/Objects-normal/arm64/p_rsa_asn1.o

CompileC /Users/j/Documents/GitHub/MoneroOne/build/Build/Intermediates.noindex/swift-nio-ssl.build/Debug-iphonesimulator/CNIOBoringSSL.build/Objects-normal/arm64/p_rsa.o /Users/j/Documents/GitHub/MoneroOne/build/SourcePackages/checkouts/swift-nio-ssl/Sources/CNIOBoringSSL/crypto/evp/p_rsa.cc normal arm64 c++ com.apple.compilers.llvm.clang.1_0.compiler (in target 'CNIOBoringSSL' from project 'swift-nio-ssl')
    cd /Users/j/Documents/GitHub/MoneroOne/MoneroOne.xcodeproj
    
    Using response file: /Users/j/Documents/GitHub/MoneroOne/build/Build/Intermediates.noindex/swift-nio-ssl.build/Debug-iphonesimulator/CNIOBoringSSL.build/Objects-normal/arm64/82b82416624d2658e5098eb0a28c15c5-common-args.resp
    
    /Applications/Xcode.app/Contents/Developer/Toolchains/XcodeDefault.xctoolchain/usr/bin/clang -x c++ -ivfsstatcache /Users/j/Documents/GitHub/MoneroOne/build/SDKStatCaches.noindex/iphonesimulator26.1-23B77-90cf18a4295e390e64c810bc6bd7acbc.sdkstatcache -fmessage-length\=0 -fdiagnostics-show-note-include-stack -fmacro-backtrace-limit\=0 -fno-color-diagnostics -fmodules-prune-interval\=86400 -fmodules-prune-after\=345600 -fbuild-session-file\=/Users/j/Documents/GitHub/MoneroOne/build/ModuleCache.noindex/Session.modulevalidation -fmodules-validate-once-per-build-session -Wnon-modular-include-in-framework-module -Werror\=non-modular-include-in-framework-module -Wno-trigraphs -Wno-missing-field-initializers -Wno-missing-prototypes -Wno-return-type -Wno-non-virtual-dtor -Wno-overloaded-virtual -Wno-exit-time-destructors -Wno-missing-braces -Wparentheses -Wswitch -Wno-unused-function -Wno-unused-label -Wno-unused-parameter -Wno-unused-variable -Wunused-value -Wno-empty-body -Wno-uninitialized -Wno-unknown-pragmas -w -Wno-shadow -Wno-four-char-constants -Wno-conversion -Wno-constant-conversion -Wno-int-conversion -Wno-bool-conversion -Wno-enum-conversion -Wno-float-conversion -Wno-non-literal-null-conversion -Wno-objc-literal-conversion -Wshorten-64-to-32 -Wno-newline-eof -Wno-c++11-extensions -Wno-implicit-fallthrough -fstrict-aliasing -Wdeprecated-declarations -Winvalid-offsetof -Wno-sign-conversion -Wno-infinite-recursion -Wno-move -Wno-comma -Wno-block-capture-autoreleasing -Wno-strict-prototypes -Wno-range-loop-analysis -Wno-semicolon-before-method-body -index-store-path /Users/j/Documents/GitHub/MoneroOne/build/Index.noindex/DataStore @/Users/j/Documents/GitHub/MoneroOne/build/Build/Intermediates.noindex/swift-nio-ssl.build/Debug-iphonesimulator/CNIOBoringSSL.build/Objects-normal/arm64/82b82416624d2658e5098eb0a28c15c5-common-args.resp -MMD -MT dependencies -MF /Users/j/Documents/GitHub/MoneroOne/build/Build/Intermediates.noindex/swift-nio-ssl.build/Debug-iphonesimulator/CNIOBoringSSL.build/Objects-normal/arm64/p_rsa.d --serialize-diagnostics /Users/j/Documents/GitHub/MoneroOne/build/Build/Intermediates.noindex/swift-nio-ssl.build/Debug-iphonesimulator/CNIOBoringSSL.build/Objects-normal/arm64/p_rsa.dia -c /Users/j/Documents/GitHub/MoneroOne/build/SourcePackages/checkouts/swift-nio-ssl/Sources/CNIOBoringSSL/crypto/evp/p_rsa.cc -o /Users/j/Documents/GitHub/MoneroOne/build/Build/Intermediates.noindex/swift-nio-ssl.build/Debug-iphonesimulator/CNIOBoringSSL.build/Objects-normal/arm64/p_rsa.o -index-unit-output-path /swift-nio-ssl.build/Debug-iphonesimulator/CNIOBoringSSL.build/Objects-normal/arm64/p_rsa.o

CompileC /Users/j/Documents/GitHub/MoneroOne/build/Build/Intermediates.noindex/swift-nio-ssl.build/Debug-iphonesimulator/CNIOBoringSSL.build/Objects-normal/arm64/p_hkdf.o /Users/j/Documents/GitHub/MoneroOne/build/SourcePackages/checkouts/swift-nio-ssl/Sources/CNIOBoringSSL/crypto/evp/p_hkdf.cc normal arm64 c++ com.apple.compilers.llvm.clang.1_0.compiler (in target 'CNIOBoringSSL' from project 'swift-nio-ssl')
    cd /Users/j/Documents/GitHub/MoneroOne/MoneroOne.xcodeproj
    
    Using response file: /Users/j/Documents/GitHub/MoneroOne/build/Build/Intermediates.noindex/swift-nio-ssl.build/Debug-iphonesimulator/CNIOBoringSSL.build/Objects-normal/arm64/82b82416624d2658e5098eb0a28c15c5-common-args.resp
    
    /Applications/Xcode.app/Contents/Developer/Toolchains/XcodeDefault.xctoolchain/usr/bin/clang -x c++ -ivfsstatcache /Users/j/Documents/GitHub/MoneroOne/build/SDKStatCaches.noindex/iphonesimulator26.1-23B77-90cf18a4295e390e64c810bc6bd7acbc.sdkstatcache -fmessage-length\=0 -fdiagnostics-show-note-include-stack -fmacro-backtrace-limit\=0 -fno-color-diagnostics -fmodules-prune-interval\=86400 -fmodules-prune-after\=345600 -fbuild-session-file\=/Users/j/Documents/GitHub/MoneroOne/build/ModuleCache.noindex/Session.modulevalidation -fmodules-validate-once-per-build-session -Wnon-modular-include-in-framework-module -Werror\=non-modular-include-in-framework-module -Wno-trigraphs -Wno-missing-field-initializers -Wno-missing-prototypes -Wno-return-type -Wno-non-virtual-dtor -Wno-overloaded-virtual -Wno-exit-time-destructors -Wno-missing-braces -Wparentheses -Wswitch -Wno-unused-function -Wno-unused-label -Wno-unused-parameter -Wno-unused-variable -Wunused-value -Wno-empty-body -Wno-uninitialized -Wno-unknown-pragmas -w -Wno-shadow -Wno-four-char-constants -Wno-conversion -Wno-constant-conversion -Wno-int-conversion -Wno-bool-conversion -Wno-enum-conversion -Wno-float-conversion -Wno-non-literal-null-conversion -Wno-objc-literal-conversion -Wshorten-64-to-32 -Wno-newline-eof -Wno-c++11-extensions -Wno-implicit-fallthrough -fstrict-aliasing -Wdeprecated-declarations -Winvalid-offsetof -Wno-sign-conversion -Wno-infinite-recursion -Wno-move -Wno-comma -Wno-block-capture-autoreleasing -Wno-strict-prototypes -Wno-range-loop-analysis -Wno-semicolon-before-method-body -index-store-path /Users/j/Documents/GitHub/MoneroOne/build/Index.noindex/DataStore @/Users/j/Documents/GitHub/MoneroOne/build/Build/Intermediates.noindex/swift-nio-ssl.build/Debug-iphonesimulator/CNIOBoringSSL.build/Objects-normal/arm64/82b82416624d2658e5098eb0a28c15c5-common-args.resp -MMD -MT dependencies -MF /Users/j/Documents/GitHub/MoneroOne/build/Build/Intermediates.noindex/swift-nio-ssl.build/Debug-iphonesimulator/CNIOBoringSSL.build/Objects-normal/arm64/p_hkdf.d --serialize-diagnostics /Users/j/Documents/GitHub/MoneroOne/build/Build/Intermediates.noindex/swift-nio-ssl.build/Debug-iphonesimulator/CNIOBoringSSL.build/Objects-normal/arm64/p_hkdf.dia -c /Users/j/Documents/GitHub/MoneroOne/build/SourcePackages/checkouts/swift-nio-ssl/Sources/CNIOBoringSSL/crypto/evp/p_hkdf.cc -o /Users/j/Documents/GitHub/MoneroOne/build/Build/Intermediates.noindex/swift-nio-ssl.build/Debug-iphonesimulator/CNIOBoringSSL.build/Objects-normal/arm64/p_hkdf.o -index-unit-output-path /swift-nio-ssl.build/Debug-iphonesimulator/CNIOBoringSSL.build/Objects-normal/arm64/p_hkdf.o

CompileC /Users/j/Documents/GitHub/MoneroOne/build/Build/Intermediates.noindex/swift-nio-ssl.build/Debug-iphonesimulator/CNIOBoringSSL.build/Objects-normal/arm64/p_ed25519_asn1.o /Users/j/Documents/GitHub/MoneroOne/build/SourcePackages/checkouts/swift-nio-ssl/Sources/CNIOBoringSSL/crypto/evp/p_ed25519_asn1.cc normal arm64 c++ com.apple.compilers.llvm.clang.1_0.compiler (in target 'CNIOBoringSSL' from project 'swift-nio-ssl')
    cd /Users/j/Documents/GitHub/MoneroOne/MoneroOne.xcodeproj
    
    Using response file: /Users/j/Documents/GitHub/MoneroOne/build/Build/Intermediates.noindex/swift-nio-ssl.build/Debug-iphonesimulator/CNIOBoringSSL.build/Objects-normal/arm64/82b82416624d2658e5098eb0a28c15c5-common-args.resp
    
    /Applications/Xcode.app/Contents/Developer/Toolchains/XcodeDefault.xctoolchain/usr/bin/clang -x c++ -ivfsstatcache /Users/j/Documents/GitHub/MoneroOne/build/SDKStatCaches.noindex/iphonesimulator26.1-23B77-90cf18a4295e390e64c810bc6bd7acbc.sdkstatcache -fmessage-length\=0 -fdiagnostics-show-note-include-stack -fmacro-backtrace-limit\=0 -fno-color-diagnostics -fmodules-prune-interval\=86400 -fmodules-prune-after\=345600 -fbuild-session-file\=/Users/j/Documents/GitHub/MoneroOne/build/ModuleCache.noindex/Session.modulevalidation -fmodules-validate-once-per-build-session -Wnon-modular-include-in-framework-module -Werror\=non-modular-include-in-framework-module -Wno-trigraphs -Wno-missing-field-initializers -Wno-missing-prototypes -Wno-return-type -Wno-non-virtual-dtor -Wno-overloaded-virtual -Wno-exit-time-destructors -Wno-missing-braces -Wparentheses -Wswitch -Wno-unused-function -Wno-unused-label -Wno-unused-parameter -Wno-unused-variable -Wunused-value -Wno-empty-body -Wno-uninitialized -Wno-unknown-pragmas -w -Wno-shadow -Wno-four-char-constants -Wno-conversion -Wno-constant-conversion -Wno-int-conversion -Wno-bool-conversion -Wno-enum-conversion -Wno-float-conversion -Wno-non-literal-null-conversion -Wno-objc-literal-conversion -Wshorten-64-to-32 -Wno-newline-eof -Wno-c++11-extensions -Wno-implicit-fallthrough -fstrict-aliasing -Wdeprecated-declarations -Winvalid-offsetof -Wno-sign-conversion -Wno-infinite-recursion -Wno-move -Wno-comma -Wno-block-capture-autoreleasing -Wno-strict-prototypes -Wno-range-loop-analysis -Wno-semicolon-before-method-body -index-store-path /Users/j/Documents/GitHub/MoneroOne/build/Index.noindex/DataStore @/Users/j/Documents/GitHub/MoneroOne/build/Build/Intermediates.noindex/swift-nio-ssl.build/Debug-iphonesimulator/CNIOBoringSSL.build/Objects-normal/arm64/82b82416624d2658e5098eb0a28c15c5-common-args.resp -MMD -MT dependencies -MF /Users/j/Documents/GitHub/MoneroOne/build/Build/Intermediates.noindex/swift-nio-ssl.build/Debug-iphonesimulator/CNIOBoringSSL.build/Objects-normal/arm64/p_ed25519_asn1.d --serialize-diagnostics /Users/j/Documents/GitHub/MoneroOne/build/Build/Intermediates.noindex/swift-nio-ssl.build/Debug-iphonesimulator/CNIOBoringSSL.build/Objects-normal/arm64/p_ed25519_asn1.dia -c /Users/j/Documents/GitHub/MoneroOne/build/SourcePackages/checkouts/swift-nio-ssl/Sources/CNIOBoringSSL/crypto/evp/p_ed25519_asn1.cc -o /Users/j/Documents/GitHub/MoneroOne/build/Build/Intermediates.noindex/swift-nio-ssl.build/Debug-iphonesimulator/CNIOBoringSSL.build/Objects-normal/arm64/p_ed25519_asn1.o -index-unit-output-path /swift-nio-ssl.build/Debug-iphonesimulator/CNIOBoringSSL.build/Objects-normal/arm64/p_ed25519_asn1.o

CompileC /Users/j/Documents/GitHub/MoneroOne/build/Build/Intermediates.noindex/swift-nio-ssl.build/Debug-iphonesimulator/CNIOBoringSSL.build/Objects-normal/arm64/p_ed25519.o /Users/j/Documents/GitHub/MoneroOne/build/SourcePackages/checkouts/swift-nio-ssl/Sources/CNIOBoringSSL/crypto/evp/p_ed25519.cc normal arm64 c++ com.apple.compilers.llvm.clang.1_0.compiler (in target 'CNIOBoringSSL' from project 'swift-nio-ssl')
    cd /Users/j/Documents/GitHub/MoneroOne/MoneroOne.xcodeproj
    
    Using response file: /Users/j/Documents/GitHub/MoneroOne/build/Build/Intermediates.noindex/swift-nio-ssl.build/Debug-iphonesimulator/CNIOBoringSSL.build/Objects-normal/arm64/82b82416624d2658e5098eb0a28c15c5-common-args.resp
    
    /Applications/Xcode.app/Contents/Developer/Toolchains/XcodeDefault.xctoolchain/usr/bin/clang -x c++ -ivfsstatcache /Users/j/Documents/GitHub/MoneroOne/build/SDKStatCaches.noindex/iphonesimulator26.1-23B77-90cf18a4295e390e64c810bc6bd7acbc.sdkstatcache -fmessage-length\=0 -fdiagnostics-show-note-include-stack -fmacro-backtrace-limit\=0 -fno-color-diagnostics -fmodules-prune-interval\=86400 -fmodules-prune-after\=345600 -fbuild-session-file\=/Users/j/Documents/GitHub/MoneroOne/build/ModuleCache.noindex/Session.modulevalidation -fmodules-validate-once-per-build-session -Wnon-modular-include-in-framework-module -Werror\=non-modular-include-in-framework-module -Wno-trigraphs -Wno-missing-field-initializers -Wno-missing-prototypes -Wno-return-type -Wno-non-virtual-dtor -Wno-overloaded-virtual -Wno-exit-time-destructors -Wno-missing-braces -Wparentheses -Wswitch -Wno-unused-function -Wno-unused-label -Wno-unused-parameter -Wno-unused-variable -Wunused-value -Wno-empty-body -Wno-uninitialized -Wno-unknown-pragmas -w -Wno-shadow -Wno-four-char-constants -Wno-conversion -Wno-constant-conversion -Wno-int-conversion -Wno-bool-conversion -Wno-enum-conversion -Wno-float-conversion -Wno-non-literal-null-conversion -Wno-objc-literal-conversion -Wshorten-64-to-32 -Wno-newline-eof -Wno-c++11-extensions -Wno-implicit-fallthrough -fstrict-aliasing -Wdeprecated-declarations -Winvalid-offsetof -Wno-sign-conversion -Wno-infinite-recursion -Wno-move -Wno-comma -Wno-block-capture-autoreleasing -Wno-strict-prototypes -Wno-range-loop-analysis -Wno-semicolon-before-method-body -index-store-path /Users/j/Documents/GitHub/MoneroOne/build/Index.noindex/DataStore @/Users/j/Documents/GitHub/MoneroOne/build/Build/Intermediates.noindex/swift-nio-ssl.build/Debug-iphonesimulator/CNIOBoringSSL.build/Objects-normal/arm64/82b82416624d2658e5098eb0a28c15c5-common-args.resp -MMD -MT dependencies -MF /Users/j/Documents/GitHub/MoneroOne/build/Build/Intermediates.noindex/swift-nio-ssl.build/Debug-iphonesimulator/CNIOBoringSSL.build/Objects-normal/arm64/p_ed25519.d --serialize-diagnostics /Users/j/Documents/GitHub/MoneroOne/build/Build/Intermediates.noindex/swift-nio-ssl.build/Debug-iphonesimulator/CNIOBoringSSL.build/Objects-normal/arm64/p_ed25519.dia -c /Users/j/Documents/GitHub/MoneroOne/build/SourcePackages/checkouts/swift-nio-ssl/Sources/CNIOBoringSSL/crypto/evp/p_ed25519.cc -o /Users/j/Documents/GitHub/MoneroOne/build/Build/Intermediates.noindex/swift-nio-ssl.build/Debug-iphonesimulator/CNIOBoringSSL.build/Objects-normal/arm64/p_ed25519.o -index-unit-output-path /swift-nio-ssl.build/Debug-iphonesimulator/CNIOBoringSSL.build/Objects-normal/arm64/p_ed25519.o

CompileC /Users/j/Documents/GitHub/MoneroOne/build/Build/Intermediates.noindex/swift-nio-ssl.build/Debug-iphonesimulator/CNIOBoringSSL.build/Objects-normal/arm64/p_ec_asn1.o /Users/j/Documents/GitHub/MoneroOne/build/SourcePackages/checkouts/swift-nio-ssl/Sources/CNIOBoringSSL/crypto/evp/p_ec_asn1.cc normal arm64 c++ com.apple.compilers.llvm.clang.1_0.compiler (in target 'CNIOBoringSSL' from project 'swift-nio-ssl')
    cd /Users/j/Documents/GitHub/MoneroOne/MoneroOne.xcodeproj
    
    Using response file: /Users/j/Documents/GitHub/MoneroOne/build/Build/Intermediates.noindex/swift-nio-ssl.build/Debug-iphonesimulator/CNIOBoringSSL.build/Objects-normal/arm64/82b82416624d2658e5098eb0a28c15c5-common-args.resp
    
    /Applications/Xcode.app/Contents/Developer/Toolchains/XcodeDefault.xctoolchain/usr/bin/clang -x c++ -ivfsstatcache /Users/j/Documents/GitHub/MoneroOne/build/SDKStatCaches.noindex/iphonesimulator26.1-23B77-90cf18a4295e390e64c810bc6bd7acbc.sdkstatcache -fmessage-length\=0 -fdiagnostics-show-note-include-stack -fmacro-backtrace-limit\=0 -fno-color-diagnostics -fmodules-prune-interval\=86400 -fmodules-prune-after\=345600 -fbuild-session-file\=/Users/j/Documents/GitHub/MoneroOne/build/ModuleCache.noindex/Session.modulevalidation -fmodules-validate-once-per-build-session -Wnon-modular-include-in-framework-module -Werror\=non-modular-include-in-framework-module -Wno-trigraphs -Wno-missing-field-initializers -Wno-missing-prototypes -Wno-return-type -Wno-non-virtual-dtor -Wno-overloaded-virtual -Wno-exit-time-destructors -Wno-missing-braces -Wparentheses -Wswitch -Wno-unused-function -Wno-unused-label -Wno-unused-parameter -Wno-unused-variable -Wunused-value -Wno-empty-body -Wno-uninitialized -Wno-unknown-pragmas -w -Wno-shadow -Wno-four-char-constants -Wno-conversion -Wno-constant-conversion -Wno-int-conversion -Wno-bool-conversion -Wno-enum-conversion -Wno-float-conversion -Wno-non-literal-null-conversion -Wno-objc-literal-conversion -Wshorten-64-to-32 -Wno-newline-eof -Wno-c++11-extensions -Wno-implicit-fallthrough -fstrict-aliasing -Wdeprecated-declarations -Winvalid-offsetof -Wno-sign-conversion -Wno-infinite-recursion -Wno-move -Wno-comma -Wno-block-capture-autoreleasing -Wno-strict-prototypes -Wno-range-loop-analysis -Wno-semicolon-before-method-body -index-store-path /Users/j/Documents/GitHub/MoneroOne/build/Index.noindex/DataStore @/Users/j/Documents/GitHub/MoneroOne/build/Build/Intermediates.noindex/swift-nio-ssl.build/Debug-iphonesimulator/CNIOBoringSSL.build/Objects-normal/arm64/82b82416624d2658e5098eb0a28c15c5-common-args.resp -MMD -MT dependencies -MF /Users/j/Documents/GitHub/MoneroOne/build/Build/Intermediates.noindex/swift-nio-ssl.build/Debug-iphonesimulator/CNIOBoringSSL.build/Objects-normal/arm64/p_ec_asn1.d --serialize-diagnostics /Users/j/Documents/GitHub/MoneroOne/build/Build/Intermediates.noindex/swift-nio-ssl.build/Debug-iphonesimulator/CNIOBoringSSL.build/Objects-normal/arm64/p_ec_asn1.dia -c /Users/j/Documents/GitHub/MoneroOne/build/SourcePackages/checkouts/swift-nio-ssl/Sources/CNIOBoringSSL/crypto/evp/p_ec_asn1.cc -o /Users/j/Documents/GitHub/MoneroOne/build/Build/Intermediates.noindex/swift-nio-ssl.build/Debug-iphonesimulator/CNIOBoringSSL.build/Objects-normal/arm64/p_ec_asn1.o -index-unit-output-path /swift-nio-ssl.build/Debug-iphonesimulator/CNIOBoringSSL.build/Objects-normal/arm64/p_ec_asn1.o

CompileC /Users/j/Documents/GitHub/MoneroOne/build/Build/Intermediates.noindex/swift-nio-ssl.build/Debug-iphonesimulator/CNIOBoringSSL.build/Objects-normal/arm64/p_ec.o /Users/j/Documents/GitHub/MoneroOne/build/SourcePackages/checkouts/swift-nio-ssl/Sources/CNIOBoringSSL/crypto/evp/p_ec.cc normal arm64 c++ com.apple.compilers.llvm.clang.1_0.compiler (in target 'CNIOBoringSSL' from project 'swift-nio-ssl')
    cd /Users/j/Documents/GitHub/MoneroOne/MoneroOne.xcodeproj
    
    Using response file: /Users/j/Documents/GitHub/MoneroOne/build/Build/Intermediates.noindex/swift-nio-ssl.build/Debug-iphonesimulator/CNIOBoringSSL.build/Objects-normal/arm64/82b82416624d2658e5098eb0a28c15c5-common-args.resp
    
    /Applications/Xcode.app/Contents/Developer/Toolchains/XcodeDefault.xctoolchain/usr/bin/clang -x c++ -ivfsstatcache /Users/j/Documents/GitHub/MoneroOne/build/SDKStatCaches.noindex/iphonesimulator26.1-23B77-90cf18a4295e390e64c810bc6bd7acbc.sdkstatcache -fmessage-length\=0 -fdiagnostics-show-note-include-stack -fmacro-backtrace-limit\=0 -fno-color-diagnostics -fmodules-prune-interval\=86400 -fmodules-prune-after\=345600 -fbuild-session-file\=/Users/j/Documents/GitHub/MoneroOne/build/ModuleCache.noindex/Session.modulevalidation -fmodules-validate-once-per-build-session -Wnon-modular-include-in-framework-module -Werror\=non-modular-include-in-framework-module -Wno-trigraphs -Wno-missing-field-initializers -Wno-missing-prototypes -Wno-return-type -Wno-non-virtual-dtor -Wno-overloaded-virtual -Wno-exit-time-destructors -Wno-missing-braces -Wparentheses -Wswitch -Wno-unused-function -Wno-unused-label -Wno-unused-parameter -Wno-unused-variable -Wunused-value -Wno-empty-body -Wno-uninitialized -Wno-unknown-pragmas -w -Wno-shadow -Wno-four-char-constants -Wno-conversion -Wno-constant-conversion -Wno-int-conversion -Wno-bool-conversion -Wno-enum-conversion -Wno-float-conversion -Wno-non-literal-null-conversion -Wno-objc-literal-conversion -Wshorten-64-to-32 -Wno-newline-eof -Wno-c++11-extensions -Wno-implicit-fallthrough -fstrict-aliasing -Wdeprecated-declarations -Winvalid-offsetof -Wno-sign-conversion -Wno-infinite-recursion -Wno-move -Wno-comma -Wno-block-capture-autoreleasing -Wno-strict-prototypes -Wno-range-loop-analysis -Wno-semicolon-before-method-body -index-store-path /Users/j/Documents/GitHub/MoneroOne/build/Index.noindex/DataStore @/Users/j/Documents/GitHub/MoneroOne/build/Build/Intermediates.noindex/swift-nio-ssl.build/Debug-iphonesimulator/CNIOBoringSSL.build/Objects-normal/arm64/82b82416624d2658e5098eb0a28c15c5-common-args.resp -MMD -MT dependencies -MF /Users/j/Documents/GitHub/MoneroOne/build/Build/Intermediates.noindex/swift-nio-ssl.build/Debug-iphonesimulator/CNIOBoringSSL.build/Objects-normal/arm64/p_ec.d --serialize-diagnostics /Users/j/Documents/GitHub/MoneroOne/build/Build/Intermediates.noindex/swift-nio-ssl.build/Debug-iphonesimulator/CNIOBoringSSL.build/Objects-normal/arm64/p_ec.dia -c /Users/j/Documents/GitHub/MoneroOne/build/SourcePackages/checkouts/swift-nio-ssl/Sources/CNIOBoringSSL/crypto/evp/p_ec.cc -o /Users/j/Documents/GitHub/MoneroOne/build/Build/Intermediates.noindex/swift-nio-ssl.build/Debug-iphonesimulator/CNIOBoringSSL.build/Objects-normal/arm64/p_ec.o -index-unit-output-path /swift-nio-ssl.build/Debug-iphonesimulator/CNIOBoringSSL.build/Objects-normal/arm64/p_ec.o

CompileC /Users/j/Documents/GitHub/MoneroOne/build/Build/Intermediates.noindex/swift-nio-ssl.build/Debug-iphonesimulator/CNIOBoringSSL.build/Objects-normal/arm64/p_dsa_asn1.o /Users/j/Documents/GitHub/MoneroOne/build/SourcePackages/checkouts/swift-nio-ssl/Sources/CNIOBoringSSL/crypto/evp/p_dsa_asn1.cc normal arm64 c++ com.apple.compilers.llvm.clang.1_0.compiler (in target 'CNIOBoringSSL' from project 'swift-nio-ssl')
    cd /Users/j/Documents/GitHub/MoneroOne/MoneroOne.xcodeproj
    
    Using response file: /Users/j/Documents/GitHub/MoneroOne/build/Build/Intermediates.noindex/swift-nio-ssl.build/Debug-iphonesimulator/CNIOBoringSSL.build/Objects-normal/arm64/82b82416624d2658e5098eb0a28c15c5-common-args.resp
    
    /Applications/Xcode.app/Contents/Developer/Toolchains/XcodeDefault.xctoolchain/usr/bin/clang -x c++ -ivfsstatcache /Users/j/Documents/GitHub/MoneroOne/build/SDKStatCaches.noindex/iphonesimulator26.1-23B77-90cf18a4295e390e64c810bc6bd7acbc.sdkstatcache -fmessage-length\=0 -fdiagnostics-show-note-include-stack -fmacro-backtrace-limit\=0 -fno-color-diagnostics -fmodules-prune-interval\=86400 -fmodules-prune-after\=345600 -fbuild-session-file\=/Users/j/Documents/GitHub/MoneroOne/build/ModuleCache.noindex/Session.modulevalidation -fmodules-validate-once-per-build-session -Wnon-modular-include-in-framework-module -Werror\=non-modular-include-in-framework-module -Wno-trigraphs -Wno-missing-field-initializers -Wno-missing-prototypes -Wno-return-type -Wno-non-virtual-dtor -Wno-overloaded-virtual -Wno-exit-time-destructors -Wno-missing-braces -Wparentheses -Wswitch -Wno-unused-function -Wno-unused-label -Wno-unused-parameter -Wno-unused-variable -Wunused-value -Wno-empty-body -Wno-uninitialized -Wno-unknown-pragmas -w -Wno-shadow -Wno-four-char-constants -Wno-conversion -Wno-constant-conversion -Wno-int-conversion -Wno-bool-conversion -Wno-enum-conversion -Wno-float-conversion -Wno-non-literal-null-conversion -Wno-objc-literal-conversion -Wshorten-64-to-32 -Wno-newline-eof -Wno-c++11-extensions -Wno-implicit-fallthrough -fstrict-aliasing -Wdeprecated-declarations -Winvalid-offsetof -Wno-sign-conversion -Wno-infinite-recursion -Wno-move -Wno-comma -Wno-block-capture-autoreleasing -Wno-strict-prototypes -Wno-range-loop-analysis -Wno-semicolon-before-method-body -index-store-path /Users/j/Documents/GitHub/MoneroOne/build/Index.noindex/DataStore @/Users/j/Documents/GitHub/MoneroOne/build/Build/Intermediates.noindex/swift-nio-ssl.build/Debug-iphonesimulator/CNIOBoringSSL.build/Objects-normal/arm64/82b82416624d2658e5098eb0a28c15c5-common-args.resp -MMD -MT dependencies -MF /Users/j/Documents/GitHub/MoneroOne/build/Build/Intermediates.noindex/swift-nio-ssl.build/Debug-iphonesimulator/CNIOBoringSSL.build/Objects-normal/arm64/p_dsa_asn1.d --serialize-diagnostics /Users/j/Documents/GitHub/MoneroOne/build/Build/Intermediates.noindex/swift-nio-ssl.build/Debug-iphonesimulator/CNIOBoringSSL.build/Objects-normal/arm64/p_dsa_asn1.dia -c /Users/j/Documents/GitHub/MoneroOne/build/SourcePackages/checkouts/swift-nio-ssl/Sources/CNIOBoringSSL/crypto/evp/p_dsa_asn1.cc -o /Users/j/Documents/GitHub/MoneroOne/build/Build/Intermediates.noindex/swift-nio-ssl.build/Debug-iphonesimulator/CNIOBoringSSL.build/Objects-normal/arm64/p_dsa_asn1.o -index-unit-output-path /swift-nio-ssl.build/Debug-iphonesimulator/CNIOBoringSSL.build/Objects-normal/arm64/p_dsa_asn1.o

CompileC /Users/j/Documents/GitHub/MoneroOne/build/Build/Intermediates.noindex/swift-nio-ssl.build/Debug-iphonesimulator/CNIOBoringSSL.build/Objects-normal/arm64/p_dh_asn1.o /Users/j/Documents/GitHub/MoneroOne/build/SourcePackages/checkouts/swift-nio-ssl/Sources/CNIOBoringSSL/crypto/evp/p_dh_asn1.cc normal arm64 c++ com.apple.compilers.llvm.clang.1_0.compiler (in target 'CNIOBoringSSL' from project 'swift-nio-ssl')
    cd /Users/j/Documents/GitHub/MoneroOne/MoneroOne.xcodeproj
    
    Using response file: /Users/j/Documents/GitHub/MoneroOne/build/Build/Intermediates.noindex/swift-nio-ssl.build/Debug-iphonesimulator/CNIOBoringSSL.build/Objects-normal/arm64/82b82416624d2658e5098eb0a28c15c5-common-args.resp
    
    /Applications/Xcode.app/Contents/Developer/Toolchains/XcodeDefault.xctoolchain/usr/bin/clang -x c++ -ivfsstatcache /Users/j/Documents/GitHub/MoneroOne/build/SDKStatCaches.noindex/iphonesimulator26.1-23B77-90cf18a4295e390e64c810bc6bd7acbc.sdkstatcache -fmessage-length\=0 -fdiagnostics-show-note-include-stack -fmacro-backtrace-limit\=0 -fno-color-diagnostics -fmodules-prune-interval\=86400 -fmodules-prune-after\=345600 -fbuild-session-file\=/Users/j/Documents/GitHub/MoneroOne/build/ModuleCache.noindex/Session.modulevalidation -fmodules-validate-once-per-build-session -Wnon-modular-include-in-framework-module -Werror\=non-modular-include-in-framework-module -Wno-trigraphs -Wno-missing-field-initializers -Wno-missing-prototypes -Wno-return-type -Wno-non-virtual-dtor -Wno-overloaded-virtual -Wno-exit-time-destructors -Wno-missing-braces -Wparentheses -Wswitch -Wno-unused-function -Wno-unused-label -Wno-unused-parameter -Wno-unused-variable -Wunused-value -Wno-empty-body -Wno-uninitialized -Wno-unknown-pragmas -w -Wno-shadow -Wno-four-char-constants -Wno-conversion -Wno-constant-conversion -Wno-int-conversion -Wno-bool-conversion -Wno-enum-conversion -Wno-float-conversion -Wno-non-literal-null-conversion -Wno-objc-literal-conversion -Wshorten-64-to-32 -Wno-newline-eof -Wno-c++11-extensions -Wno-implicit-fallthrough -fstrict-aliasing -Wdeprecated-declarations -Winvalid-offsetof -Wno-sign-conversion -Wno-infinite-recursion -Wno-move -Wno-comma -Wno-block-capture-autoreleasing -Wno-strict-prototypes -Wno-range-loop-analysis -Wno-semicolon-before-method-body -index-store-path /Users/j/Documents/GitHub/MoneroOne/build/Index.noindex/DataStore @/Users/j/Documents/GitHub/MoneroOne/build/Build/Intermediates.noindex/swift-nio-ssl.build/Debug-iphonesimulator/CNIOBoringSSL.build/Objects-normal/arm64/82b82416624d2658e5098eb0a28c15c5-common-args.resp -MMD -MT dependencies -MF /Users/j/Documents/GitHub/MoneroOne/build/Build/Intermediates.noindex/swift-nio-ssl.build/Debug-iphonesimulator/CNIOBoringSSL.build/Objects-normal/arm64/p_dh_asn1.d --serialize-diagnostics /Users/j/Documents/GitHub/MoneroOne/build/Build/Intermediates.noindex/swift-nio-ssl.build/Debug-iphonesimulator/CNIOBoringSSL.build/Objects-normal/arm64/p_dh_asn1.dia -c /Users/j/Documents/GitHub/MoneroOne/build/SourcePackages/checkouts/swift-nio-ssl/Sources/CNIOBoringSSL/crypto/evp/p_dh_asn1.cc -o /Users/j/Documents/GitHub/MoneroOne/build/Build/Intermediates.noindex/swift-nio-ssl.build/Debug-iphonesimulator/CNIOBoringSSL.build/Objects-normal/arm64/p_dh_asn1.o -index-unit-output-path /swift-nio-ssl.build/Debug-iphonesimulator/CNIOBoringSSL.build/Objects-normal/arm64/p_dh_asn1.o

CompileC /Users/j/Documents/GitHub/MoneroOne/build/Build/Intermediates.noindex/swift-nio-ssl.build/Debug-iphonesimulator/CNIOBoringSSL.build/Objects-normal/arm64/p_dh.o /Users/j/Documents/GitHub/MoneroOne/build/SourcePackages/checkouts/swift-nio-ssl/Sources/CNIOBoringSSL/crypto/evp/p_dh.cc normal arm64 c++ com.apple.compilers.llvm.clang.1_0.compiler (in target 'CNIOBoringSSL' from project 'swift-nio-ssl')
    cd /Users/j/Documents/GitHub/MoneroOne/MoneroOne.xcodeproj
    
    Using response file: /Users/j/Documents/GitHub/MoneroOne/build/Build/Intermediates.noindex/swift-nio-ssl.build/Debug-iphonesimulator/CNIOBoringSSL.build/Objects-normal/arm64/82b82416624d2658e5098eb0a28c15c5-common-args.resp
    
    /Applications/Xcode.app/Contents/Developer/Toolchains/XcodeDefault.xctoolchain/usr/bin/clang -x c++ -ivfsstatcache /Users/j/Documents/GitHub/MoneroOne/build/SDKStatCaches.noindex/iphonesimulator26.1-23B77-90cf18a4295e390e64c810bc6bd7acbc.sdkstatcache -fmessage-length\=0 -fdiagnostics-show-note-include-stack -fmacro-backtrace-limit\=0 -fno-color-diagnostics -fmodules-prune-interval\=86400 -fmodules-prune-after\=345600 -fbuild-session-file\=/Users/j/Documents/GitHub/MoneroOne/build/ModuleCache.noindex/Session.modulevalidation -fmodules-validate-once-per-build-session -Wnon-modular-include-in-framework-module -Werror\=non-modular-include-in-framework-module -Wno-trigraphs -Wno-missing-field-initializers -Wno-missing-prototypes -Wno-return-type -Wno-non-virtual-dtor -Wno-overloaded-virtual -Wno-exit-time-destructors -Wno-missing-braces -Wparentheses -Wswitch -Wno-unused-function -Wno-unused-label -Wno-unused-parameter -Wno-unused-variable -Wunused-value -Wno-empty-body -Wno-uninitialized -Wno-unknown-pragmas -w -Wno-shadow -Wno-four-char-constants -Wno-conversion -Wno-constant-conversion -Wno-int-conversion -Wno-bool-conversion -Wno-enum-conversion -Wno-float-conversion -Wno-non-literal-null-conversion -Wno-objc-literal-conversion -Wshorten-64-to-32 -Wno-newline-eof -Wno-c++11-extensions -Wno-implicit-fallthrough -fstrict-aliasing -Wdeprecated-declarations -Winvalid-offsetof -Wno-sign-conversion -Wno-infinite-recursion -Wno-move -Wno-comma -Wno-block-capture-autoreleasing -Wno-strict-prototypes -Wno-range-loop-analysis -Wno-semicolon-before-method-body -index-store-path /Users/j/Documents/GitHub/MoneroOne/build/Index.noindex/DataStore @/Users/j/Documents/GitHub/MoneroOne/build/Build/Intermediates.noindex/swift-nio-ssl.build/Debug-iphonesimulator/CNIOBoringSSL.build/Objects-normal/arm64/82b82416624d2658e5098eb0a28c15c5-common-args.resp -MMD -MT dependencies -MF /Users/j/Documents/GitHub/MoneroOne/build/Build/Intermediates.noindex/swift-nio-ssl.build/Debug-iphonesimulator/CNIOBoringSSL.build/Objects-normal/arm64/p_dh.d --serialize-diagnostics /Users/j/Documents/GitHub/MoneroOne/build/Build/Intermediates.noindex/swift-nio-ssl.build/Debug-iphonesimulator/CNIOBoringSSL.build/Objects-normal/arm64/p_dh.dia -c /Users/j/Documents/GitHub/MoneroOne/build/SourcePackages/checkouts/swift-nio-ssl/Sources/CNIOBoringSSL/crypto/evp/p_dh.cc -o /Users/j/Documents/GitHub/MoneroOne/build/Build/Intermediates.noindex/swift-nio-ssl.build/Debug-iphonesimulator/CNIOBoringSSL.build/Objects-normal/arm64/p_dh.o -index-unit-output-path /swift-nio-ssl.build/Debug-iphonesimulator/CNIOBoringSSL.build/Objects-normal/arm64/p_dh.o

CompileC /Users/j/Documents/GitHub/MoneroOne/build/Build/Intermediates.noindex/swift-nio-ssl.build/Debug-iphonesimulator/CNIOBoringSSL.build/Objects-normal/arm64/p5_pbev2.o /Users/j/Documents/GitHub/MoneroOne/build/SourcePackages/checkouts/swift-nio-ssl/Sources/CNIOBoringSSL/crypto/pkcs8/p5_pbev2.cc normal arm64 c++ com.apple.compilers.llvm.clang.1_0.compiler (in target 'CNIOBoringSSL' from project 'swift-nio-ssl')
    cd /Users/j/Documents/GitHub/MoneroOne/MoneroOne.xcodeproj
    
    Using response file: /Users/j/Documents/GitHub/MoneroOne/build/Build/Intermediates.noindex/swift-nio-ssl.build/Debug-iphonesimulator/CNIOBoringSSL.build/Objects-normal/arm64/82b82416624d2658e5098eb0a28c15c5-common-args.resp
    
    /Applications/Xcode.app/Contents/Developer/Toolchains/XcodeDefault.xctoolchain/usr/bin/clang -x c++ -ivfsstatcache /Users/j/Documents/GitHub/MoneroOne/build/SDKStatCaches.noindex/iphonesimulator26.1-23B77-90cf18a4295e390e64c810bc6bd7acbc.sdkstatcache -fmessage-length\=0 -fdiagnostics-show-note-include-stack -fmacro-backtrace-limit\=0 -fno-color-diagnostics -fmodules-prune-interval\=86400 -fmodules-prune-after\=345600 -fbuild-session-file\=/Users/j/Documents/GitHub/MoneroOne/build/ModuleCache.noindex/Session.modulevalidation -fmodules-validate-once-per-build-session -Wnon-modular-include-in-framework-module -Werror\=non-modular-include-in-framework-module -Wno-trigraphs -Wno-missing-field-initializers -Wno-missing-prototypes -Wno-return-type -Wno-non-virtual-dtor -Wno-overloaded-virtual -Wno-exit-time-destructors -Wno-missing-braces -Wparentheses -Wswitch -Wno-unused-function -Wno-unused-label -Wno-unused-parameter -Wno-unused-variable -Wunused-value -Wno-empty-body -Wno-uninitialized -Wno-unknown-pragmas -w -Wno-shadow -Wno-four-char-constants -Wno-conversion -Wno-constant-conversion -Wno-int-conversion -Wno-bool-conversion -Wno-enum-conversion -Wno-float-conversion -Wno-non-literal-null-conversion -Wno-objc-literal-conversion -Wshorten-64-to-32 -Wno-newline-eof -Wno-c++11-extensions -Wno-implicit-fallthrough -fstrict-aliasing -Wdeprecated-declarations -Winvalid-offsetof -Wno-sign-conversion -Wno-infinite-recursion -Wno-move -Wno-comma -Wno-block-capture-autoreleasing -Wno-strict-prototypes -Wno-range-loop-analysis -Wno-semicolon-before-method-body -index-store-path /Users/j/Documents/GitHub/MoneroOne/build/Index.noindex/DataStore @/Users/j/Documents/GitHub/MoneroOne/build/Build/Intermediates.noindex/swift-nio-ssl.build/Debug-iphonesimulator/CNIOBoringSSL.build/Objects-normal/arm64/82b82416624d2658e5098eb0a28c15c5-common-args.resp -MMD -MT dependencies -MF /Users/j/Documents/GitHub/MoneroOne/build/Build/Intermediates.noindex/swift-nio-ssl.build/Debug-iphonesimulator/CNIOBoringSSL.build/Objects-normal/arm64/p5_pbev2.d --serialize-diagnostics /Users/j/Documents/GitHub/MoneroOne/build/Build/Intermediates.noindex/swift-nio-ssl.build/Debug-iphonesimulator/CNIOBoringSSL.build/Objects-normal/arm64/p5_pbev2.dia -c /Users/j/Documents/GitHub/MoneroOne/build/SourcePackages/checkouts/swift-nio-ssl/Sources/CNIOBoringSSL/crypto/pkcs8/p5_pbev2.cc -o /Users/j/Documents/GitHub/MoneroOne/build/Build/Intermediates.noindex/swift-nio-ssl.build/Debug-iphonesimulator/CNIOBoringSSL.build/Objects-normal/arm64/p5_pbev2.o -index-unit-output-path /swift-nio-ssl.build/Debug-iphonesimulator/CNIOBoringSSL.build/Objects-normal/arm64/p5_pbev2.o

CompileC /Users/j/Documents/GitHub/MoneroOne/build/Build/Intermediates.noindex/swift-nio-ssl.build/Debug-iphonesimulator/CNIOBoringSSL.build/Objects-normal/arm64/p256_beeu-x86_64-asm-linux.o /Users/j/Documents/GitHub/MoneroOne/build/SourcePackages/checkouts/swift-nio-ssl/Sources/CNIOBoringSSL/gen/bcm/p256_beeu-x86_64-asm-linux.S normal arm64 assembler-with-cpp com.apple.compilers.llvm.clang.1_0.compiler (in target 'CNIOBoringSSL' from project 'swift-nio-ssl')
    cd /Users/j/Documents/GitHub/MoneroOne/MoneroOne.xcodeproj
    
    Using response file: /Users/j/Documents/GitHub/MoneroOne/build/Build/Intermediates.noindex/swift-nio-ssl.build/Debug-iphonesimulator/CNIOBoringSSL.build/Objects-normal/arm64/533656923a283fa776881f304837ed9e-common-args.resp
    
    /Applications/Xcode.app/Contents/Developer/Toolchains/XcodeDefault.xctoolchain/usr/bin/clang -x assembler-with-cpp -ivfsstatcache /Users/j/Documents/GitHub/MoneroOne/build/SDKStatCaches.noindex/iphonesimulator26.1-23B77-90cf18a4295e390e64c810bc6bd7acbc.sdkstatcache -fmessage-length\=0 -fdiagnostics-show-note-include-stack -fmacro-backtrace-limit\=0 -fno-color-diagnostics -fmodules-prune-interval\=86400 -fmodules-prune-after\=345600 -fbuild-session-file\=/Users/j/Documents/GitHub/MoneroOne/build/ModuleCache.noindex/Session.modulevalidation -fmodules-validate-once-per-build-session -Wnon-modular-include-in-framework-module -Werror\=non-modular-include-in-framework-module -Wno-trigraphs -Wno-missing-field-initializers -Wno-missing-prototypes -Wno-return-type -Wno-missing-braces -Wparentheses -Wswitch -Wno-unused-function -Wno-unused-label -Wno-unused-parameter -Wno-unused-variable -Wunused-value -Wno-empty-body -Wno-uninitialized -Wno-unknown-pragmas -w -Wno-shadow -Wno-four-char-constants -Wno-conversion -Wno-constant-conversion -Wno-int-conversion -Wno-bool-conversion -Wno-enum-conversion -Wno-float-conversion -Wno-non-literal-null-conversion -Wno-objc-literal-conversion -Wshorten-64-to-32 -Wno-newline-eof -Wno-implicit-fallthrough -fstrict-aliasing -Wdeprecated-declarations -Wno-sign-conversion -Wno-infinite-recursion -Wno-comma -Wno-block-capture-autoreleasing -Wno-strict-prototypes -Wno-semicolon-before-method-body -index-store-path /Users/j/Documents/GitHub/MoneroOne/build/Index.noindex/DataStore @/Users/j/Documents/GitHub/MoneroOne/build/Build/Intermediates.noindex/swift-nio-ssl.build/Debug-iphonesimulator/CNIOBoringSSL.build/Objects-normal/arm64/533656923a283fa776881f304837ed9e-common-args.resp -MMD -MT dependencies -MF /Users/j/Documents/GitHub/MoneroOne/build/Build/Intermediates.noindex/swift-nio-ssl.build/Debug-iphonesimulator/CNIOBoringSSL.build/Objects-normal/arm64/p256_beeu-x86_64-asm-linux.d --serialize-diagnostics /Users/j/Documents/GitHub/MoneroOne/build/Build/Intermediates.noindex/swift-nio-ssl.build/Debug-iphonesimulator/CNIOBoringSSL.build/Objects-normal/arm64/p256_beeu-x86_64-asm-linux.dia -c /Users/j/Documents/GitHub/MoneroOne/build/SourcePackages/checkouts/swift-nio-ssl/Sources/CNIOBoringSSL/gen/bcm/p256_beeu-x86_64-asm-linux.S -o /Users/j/Documents/GitHub/MoneroOne/build/Build/Intermediates.noindex/swift-nio-ssl.build/Debug-iphonesimulator/CNIOBoringSSL.build/Objects-normal/arm64/p256_beeu-x86_64-asm-linux.o -index-unit-output-path /swift-nio-ssl.build/Debug-iphonesimulator/CNIOBoringSSL.build/Objects-normal/arm64/p256_beeu-x86_64-asm-linux.o

CompileC /Users/j/Documents/GitHub/MoneroOne/build/Build/Intermediates.noindex/swift-nio-ssl.build/Debug-iphonesimulator/CNIOBoringSSL.build/Objects-normal/arm64/p256_beeu-x86_64-asm-apple.o /Users/j/Documents/GitHub/MoneroOne/build/SourcePackages/checkouts/swift-nio-ssl/Sources/CNIOBoringSSL/gen/bcm/p256_beeu-x86_64-asm-apple.S normal arm64 assembler-with-cpp com.apple.compilers.llvm.clang.1_0.compiler (in target 'CNIOBoringSSL' from project 'swift-nio-ssl')
    cd /Users/j/Documents/GitHub/MoneroOne/MoneroOne.xcodeproj
    
    Using response file: /Users/j/Documents/GitHub/MoneroOne/build/Build/Intermediates.noindex/swift-nio-ssl.build/Debug-iphonesimulator/CNIOBoringSSL.build/Objects-normal/arm64/533656923a283fa776881f304837ed9e-common-args.resp
    
    /Applications/Xcode.app/Contents/Developer/Toolchains/XcodeDefault.xctoolchain/usr/bin/clang -x assembler-with-cpp -ivfsstatcache /Users/j/Documents/GitHub/MoneroOne/build/SDKStatCaches.noindex/iphonesimulator26.1-23B77-90cf18a4295e390e64c810bc6bd7acbc.sdkstatcache -fmessage-length\=0 -fdiagnostics-show-note-include-stack -fmacro-backtrace-limit\=0 -fno-color-diagnostics -fmodules-prune-interval\=86400 -fmodules-prune-after\=345600 -fbuild-session-file\=/Users/j/Documents/GitHub/MoneroOne/build/ModuleCache.noindex/Session.modulevalidation -fmodules-validate-once-per-build-session -Wnon-modular-include-in-framework-module -Werror\=non-modular-include-in-framework-module -Wno-trigraphs -Wno-missing-field-initializers -Wno-missing-prototypes -Wno-return-type -Wno-missing-braces -Wparentheses -Wswitch -Wno-unused-function -Wno-unused-label -Wno-unused-parameter -Wno-unused-variable -Wunused-value -Wno-empty-body -Wno-uninitialized -Wno-unknown-pragmas -w -Wno-shadow -Wno-four-char-constants -Wno-conversion -Wno-constant-conversion -Wno-int-conversion -Wno-bool-conversion -Wno-enum-conversion -Wno-float-conversion -Wno-non-literal-null-conversion -Wno-objc-literal-conversion -Wshorten-64-to-32 -Wno-newline-eof -Wno-implicit-fallthrough -fstrict-aliasing -Wdeprecated-declarations -Wno-sign-conversion -Wno-infinite-recursion -Wno-comma -Wno-block-capture-autoreleasing -Wno-strict-prototypes -Wno-semicolon-before-method-body -index-store-path /Users/j/Documents/GitHub/MoneroOne/build/Index.noindex/DataStore @/Users/j/Documents/GitHub/MoneroOne/build/Build/Intermediates.noindex/swift-nio-ssl.build/Debug-iphonesimulator/CNIOBoringSSL.build/Objects-normal/arm64/533656923a283fa776881f304837ed9e-common-args.resp -MMD -MT dependencies -MF /Users/j/Documents/GitHub/MoneroOne/build/Build/Intermediates.noindex/swift-nio-ssl.build/Debug-iphonesimulator/CNIOBoringSSL.build/Objects-normal/arm64/p256_beeu-x86_64-asm-apple.d --serialize-diagnostics /Users/j/Documents/GitHub/MoneroOne/build/Build/Intermediates.noindex/swift-nio-ssl.build/Debug-iphonesimulator/CNIOBoringSSL.build/Objects-normal/arm64/p256_beeu-x86_64-asm-apple.dia -c /Users/j/Documents/GitHub/MoneroOne/build/SourcePackages/checkouts/swift-nio-ssl/Sources/CNIOBoringSSL/gen/bcm/p256_beeu-x86_64-asm-apple.S -o /Users/j/Documents/GitHub/MoneroOne/build/Build/Intermediates.noindex/swift-nio-ssl.build/Debug-iphonesimulator/CNIOBoringSSL.build/Objects-normal/arm64/p256_beeu-x86_64-asm-apple.o -index-unit-output-path /swift-nio-ssl.build/Debug-iphonesimulator/CNIOBoringSSL.build/Objects-normal/arm64/p256_beeu-x86_64-asm-apple.o

CompileC /Users/j/Documents/GitHub/MoneroOne/build/Build/Intermediates.noindex/swift-nio-ssl.build/Debug-iphonesimulator/CNIOBoringSSL.build/Objects-normal/arm64/p256_beeu-armv8-asm-win.o /Users/j/Documents/GitHub/MoneroOne/build/SourcePackages/checkouts/swift-nio-ssl/Sources/CNIOBoringSSL/gen/bcm/p256_beeu-armv8-asm-win.S normal arm64 assembler-with-cpp com.apple.compilers.llvm.clang.1_0.compiler (in target 'CNIOBoringSSL' from project 'swift-nio-ssl')
    cd /Users/j/Documents/GitHub/MoneroOne/MoneroOne.xcodeproj
    
    Using response file: /Users/j/Documents/GitHub/MoneroOne/build/Build/Intermediates.noindex/swift-nio-ssl.build/Debug-iphonesimulator/CNIOBoringSSL.build/Objects-normal/arm64/533656923a283fa776881f304837ed9e-common-args.resp
    
    /Applications/Xcode.app/Contents/Developer/Toolchains/XcodeDefault.xctoolchain/usr/bin/clang -x assembler-with-cpp -ivfsstatcache /Users/j/Documents/GitHub/MoneroOne/build/SDKStatCaches.noindex/iphonesimulator26.1-23B77-90cf18a4295e390e64c810bc6bd7acbc.sdkstatcache -fmessage-length\=0 -fdiagnostics-show-note-include-stack -fmacro-backtrace-limit\=0 -fno-color-diagnostics -fmodules-prune-interval\=86400 -fmodules-prune-after\=345600 -fbuild-session-file\=/Users/j/Documents/GitHub/MoneroOne/build/ModuleCache.noindex/Session.modulevalidation -fmodules-validate-once-per-build-session -Wnon-modular-include-in-framework-module -Werror\=non-modular-include-in-framework-module -Wno-trigraphs -Wno-missing-field-initializers -Wno-missing-prototypes -Wno-return-type -Wno-missing-braces -Wparentheses -Wswitch -Wno-unused-function -Wno-unused-label -Wno-unused-parameter -Wno-unused-variable -Wunused-value -Wno-empty-body -Wno-uninitialized -Wno-unknown-pragmas -w -Wno-shadow -Wno-four-char-constants -Wno-conversion -Wno-constant-conversion -Wno-int-conversion -Wno-bool-conversion -Wno-enum-conversion -Wno-float-conversion -Wno-non-literal-null-conversion -Wno-objc-literal-conversion -Wshorten-64-to-32 -Wno-newline-eof -Wno-implicit-fallthrough -fstrict-aliasing -Wdeprecated-declarations -Wno-sign-conversion -Wno-infinite-recursion -Wno-comma -Wno-block-capture-autoreleasing -Wno-strict-prototypes -Wno-semicolon-before-method-body -index-store-path /Users/j/Documents/GitHub/MoneroOne/build/Index.noindex/DataStore @/Users/j/Documents/GitHub/MoneroOne/build/Build/Intermediates.noindex/swift-nio-ssl.build/Debug-iphonesimulator/CNIOBoringSSL.build/Objects-normal/arm64/533656923a283fa776881f304837ed9e-common-args.resp -MMD -MT dependencies -MF /Users/j/Documents/GitHub/MoneroOne/build/Build/Intermediates.noindex/swift-nio-ssl.build/Debug-iphonesimulator/CNIOBoringSSL.build/Objects-normal/arm64/p256_beeu-armv8-asm-win.d --serialize-diagnostics /Users/j/Documents/GitHub/MoneroOne/build/Build/Intermediates.noindex/swift-nio-ssl.build/Debug-iphonesimulator/CNIOBoringSSL.build/Objects-normal/arm64/p256_beeu-armv8-asm-win.dia -c /Users/j/Documents/GitHub/MoneroOne/build/SourcePackages/checkouts/swift-nio-ssl/Sources/CNIOBoringSSL/gen/bcm/p256_beeu-armv8-asm-win.S -o /Users/j/Documents/GitHub/MoneroOne/build/Build/Intermediates.noindex/swift-nio-ssl.build/Debug-iphonesimulator/CNIOBoringSSL.build/Objects-normal/arm64/p256_beeu-armv8-asm-win.o -index-unit-output-path /swift-nio-ssl.build/Debug-iphonesimulator/CNIOBoringSSL.build/Objects-normal/arm64/p256_beeu-armv8-asm-win.o

CompileC /Users/j/Documents/GitHub/MoneroOne/build/Build/Intermediates.noindex/swift-nio-ssl.build/Debug-iphonesimulator/CNIOBoringSSL.build/Objects-normal/arm64/p256_beeu-armv8-asm-linux.o /Users/j/Documents/GitHub/MoneroOne/build/SourcePackages/checkouts/swift-nio-ssl/Sources/CNIOBoringSSL/gen/bcm/p256_beeu-armv8-asm-linux.S normal arm64 assembler-with-cpp com.apple.compilers.llvm.clang.1_0.compiler (in target 'CNIOBoringSSL' from project 'swift-nio-ssl')
    cd /Users/j/Documents/GitHub/MoneroOne/MoneroOne.xcodeproj
    
    Using response file: /Users/j/Documents/GitHub/MoneroOne/build/Build/Intermediates.noindex/swift-nio-ssl.build/Debug-iphonesimulator/CNIOBoringSSL.build/Objects-normal/arm64/533656923a283fa776881f304837ed9e-common-args.resp
    
    /Applications/Xcode.app/Contents/Developer/Toolchains/XcodeDefault.xctoolchain/usr/bin/clang -x assembler-with-cpp -ivfsstatcache /Users/j/Documents/GitHub/MoneroOne/build/SDKStatCaches.noindex/iphonesimulator26.1-23B77-90cf18a4295e390e64c810bc6bd7acbc.sdkstatcache -fmessage-length\=0 -fdiagnostics-show-note-include-stack -fmacro-backtrace-limit\=0 -fno-color-diagnostics -fmodules-prune-interval\=86400 -fmodules-prune-after\=345600 -fbuild-session-file\=/Users/j/Documents/GitHub/MoneroOne/build/ModuleCache.noindex/Session.modulevalidation -fmodules-validate-once-per-build-session -Wnon-modular-include-in-framework-module -Werror\=non-modular-include-in-framework-module -Wno-trigraphs -Wno-missing-field-initializers -Wno-missing-prototypes -Wno-return-type -Wno-missing-braces -Wparentheses -Wswitch -Wno-unused-function -Wno-unused-label -Wno-unused-parameter -Wno-unused-variable -Wunused-value -Wno-empty-body -Wno-uninitialized -Wno-unknown-pragmas -w -Wno-shadow -Wno-four-char-constants -Wno-conversion -Wno-constant-conversion -Wno-int-conversion -Wno-bool-conversion -Wno-enum-conversion -Wno-float-conversion -Wno-non-literal-null-conversion -Wno-objc-literal-conversion -Wshorten-64-to-32 -Wno-newline-eof -Wno-implicit-fallthrough -fstrict-aliasing -Wdeprecated-declarations -Wno-sign-conversion -Wno-infinite-recursion -Wno-comma -Wno-block-capture-autoreleasing -Wno-strict-prototypes -Wno-semicolon-before-method-body -index-store-path /Users/j/Documents/GitHub/MoneroOne/build/Index.noindex/DataStore @/Users/j/Documents/GitHub/MoneroOne/build/Build/Intermediates.noindex/swift-nio-ssl.build/Debug-iphonesimulator/CNIOBoringSSL.build/Objects-normal/arm64/533656923a283fa776881f304837ed9e-common-args.resp -MMD -MT dependencies -MF /Users/j/Documents/GitHub/MoneroOne/build/Build/Intermediates.noindex/swift-nio-ssl.build/Debug-iphonesimulator/CNIOBoringSSL.build/Objects-normal/arm64/p256_beeu-armv8-asm-linux.d --serialize-diagnostics /Users/j/Documents/GitHub/MoneroOne/build/Build/Intermediates.noindex/swift-nio-ssl.build/Debug-iphonesimulator/CNIOBoringSSL.build/Objects-normal/arm64/p256_beeu-armv8-asm-linux.dia -c /Users/j/Documents/GitHub/MoneroOne/build/SourcePackages/checkouts/swift-nio-ssl/Sources/CNIOBoringSSL/gen/bcm/p256_beeu-armv8-asm-linux.S -o /Users/j/Documents/GitHub/MoneroOne/build/Build/Intermediates.noindex/swift-nio-ssl.build/Debug-iphonesimulator/CNIOBoringSSL.build/Objects-normal/arm64/p256_beeu-armv8-asm-linux.o -index-unit-output-path /swift-nio-ssl.build/Debug-iphonesimulator/CNIOBoringSSL.build/Objects-normal/arm64/p256_beeu-armv8-asm-linux.o

CompileC /Users/j/Documents/GitHub/MoneroOne/build/Build/Intermediates.noindex/swift-nio-ssl.build/Debug-iphonesimulator/CNIOBoringSSL.build/Objects-normal/arm64/p256_beeu-armv8-asm-apple.o /Users/j/Documents/GitHub/MoneroOne/build/SourcePackages/checkouts/swift-nio-ssl/Sources/CNIOBoringSSL/gen/bcm/p256_beeu-armv8-asm-apple.S normal arm64 assembler-with-cpp com.apple.compilers.llvm.clang.1_0.compiler (in target 'CNIOBoringSSL' from project 'swift-nio-ssl')
    cd /Users/j/Documents/GitHub/MoneroOne/MoneroOne.xcodeproj
    
    Using response file: /Users/j/Documents/GitHub/MoneroOne/build/Build/Intermediates.noindex/swift-nio-ssl.build/Debug-iphonesimulator/CNIOBoringSSL.build/Objects-normal/arm64/533656923a283fa776881f304837ed9e-common-args.resp
    
    /Applications/Xcode.app/Contents/Developer/Toolchains/XcodeDefault.xctoolchain/usr/bin/clang -x assembler-with-cpp -ivfsstatcache /Users/j/Documents/GitHub/MoneroOne/build/SDKStatCaches.noindex/iphonesimulator26.1-23B77-90cf18a4295e390e64c810bc6bd7acbc.sdkstatcache -fmessage-length\=0 -fdiagnostics-show-note-include-stack -fmacro-backtrace-limit\=0 -fno-color-diagnostics -fmodules-prune-interval\=86400 -fmodules-prune-after\=345600 -fbuild-session-file\=/Users/j/Documents/GitHub/MoneroOne/build/ModuleCache.noindex/Session.modulevalidation -fmodules-validate-once-per-build-session -Wnon-modular-include-in-framework-module -Werror\=non-modular-include-in-framework-module -Wno-trigraphs -Wno-missing-field-initializers -Wno-missing-prototypes -Wno-return-type -Wno-missing-braces -Wparentheses -Wswitch -Wno-unused-function -Wno-unused-label -Wno-unused-parameter -Wno-unused-variable -Wunused-value -Wno-empty-body -Wno-uninitialized -Wno-unknown-pragmas -w -Wno-shadow -Wno-four-char-constants -Wno-conversion -Wno-constant-conversion -Wno-int-conversion -Wno-bool-conversion -Wno-enum-conversion -Wno-float-conversion -Wno-non-literal-null-conversion -Wno-objc-literal-conversion -Wshorten-64-to-32 -Wno-newline-eof -Wno-implicit-fallthrough -fstrict-aliasing -Wdeprecated-declarations -Wno-sign-conversion -Wno-infinite-recursion -Wno-comma -Wno-block-capture-autoreleasing -Wno-strict-prototypes -Wno-semicolon-before-method-body -index-store-path /Users/j/Documents/GitHub/MoneroOne/build/Index.noindex/DataStore @/Users/j/Documents/GitHub/MoneroOne/build/Build/Intermediates.noindex/swift-nio-ssl.build/Debug-iphonesimulator/CNIOBoringSSL.build/Objects-normal/arm64/533656923a283fa776881f304837ed9e-common-args.resp -MMD -MT dependencies -MF /Users/j/Documents/GitHub/MoneroOne/build/Build/Intermediates.noindex/swift-nio-ssl.build/Debug-iphonesimulator/CNIOBoringSSL.build/Objects-normal/arm64/p256_beeu-armv8-asm-apple.d --serialize-diagnostics /Users/j/Documents/GitHub/MoneroOne/build/Build/Intermediates.noindex/swift-nio-ssl.build/Debug-iphonesimulator/CNIOBoringSSL.build/Objects-normal/arm64/p256_beeu-armv8-asm-apple.dia -c /Users/j/Documents/GitHub/MoneroOne/build/SourcePackages/checkouts/swift-nio-ssl/Sources/CNIOBoringSSL/gen/bcm/p256_beeu-armv8-asm-apple.S -o /Users/j/Documents/GitHub/MoneroOne/build/Build/Intermediates.noindex/swift-nio-ssl.build/Debug-iphonesimulator/CNIOBoringSSL.build/Objects-normal/arm64/p256_beeu-armv8-asm-apple.o -index-unit-output-path /swift-nio-ssl.build/Debug-iphonesimulator/CNIOBoringSSL.build/Objects-normal/arm64/p256_beeu-armv8-asm-apple.o

CompileC /Users/j/Documents/GitHub/MoneroOne/build/Build/Intermediates.noindex/swift-nio-ssl.build/Debug-iphonesimulator/CNIOBoringSSL.build/Objects-normal/arm64/p256-x86_64-asm-linux.o /Users/j/Documents/GitHub/MoneroOne/build/SourcePackages/checkouts/swift-nio-ssl/Sources/CNIOBoringSSL/gen/bcm/p256-x86_64-asm-linux.S normal arm64 assembler-with-cpp com.apple.compilers.llvm.clang.1_0.compiler (in target 'CNIOBoringSSL' from project 'swift-nio-ssl')
    cd /Users/j/Documents/GitHub/MoneroOne/MoneroOne.xcodeproj
    
    Using response file: /Users/j/Documents/GitHub/MoneroOne/build/Build/Intermediates.noindex/swift-nio-ssl.build/Debug-iphonesimulator/CNIOBoringSSL.build/Objects-normal/arm64/533656923a283fa776881f304837ed9e-common-args.resp
    
    /Applications/Xcode.app/Contents/Developer/Toolchains/XcodeDefault.xctoolchain/usr/bin/clang -x assembler-with-cpp -ivfsstatcache /Users/j/Documents/GitHub/MoneroOne/build/SDKStatCaches.noindex/iphonesimulator26.1-23B77-90cf18a4295e390e64c810bc6bd7acbc.sdkstatcache -fmessage-length\=0 -fdiagnostics-show-note-include-stack -fmacro-backtrace-limit\=0 -fno-color-diagnostics -fmodules-prune-interval\=86400 -fmodules-prune-after\=345600 -fbuild-session-file\=/Users/j/Documents/GitHub/MoneroOne/build/ModuleCache.noindex/Session.modulevalidation -fmodules-validate-once-per-build-session -Wnon-modular-include-in-framework-module -Werror\=non-modular-include-in-framework-module -Wno-trigraphs -Wno-missing-field-initializers -Wno-missing-prototypes -Wno-return-type -Wno-missing-braces -Wparentheses -Wswitch -Wno-unused-function -Wno-unused-label -Wno-unused-parameter -Wno-unused-variable -Wunused-value -Wno-empty-body -Wno-uninitialized -Wno-unknown-pragmas -w -Wno-shadow -Wno-four-char-constants -Wno-conversion -Wno-constant-conversion -Wno-int-conversion -Wno-bool-conversion -Wno-enum-conversion -Wno-float-conversion -Wno-non-literal-null-conversion -Wno-objc-literal-conversion -Wshorten-64-to-32 -Wno-newline-eof -Wno-implicit-fallthrough -fstrict-aliasing -Wdeprecated-declarations -Wno-sign-conversion -Wno-infinite-recursion -Wno-comma -Wno-block-capture-autoreleasing -Wno-strict-prototypes -Wno-semicolon-before-method-body -index-store-path /Users/j/Documents/GitHub/MoneroOne/build/Index.noindex/DataStore @/Users/j/Documents/GitHub/MoneroOne/build/Build/Intermediates.noindex/swift-nio-ssl.build/Debug-iphonesimulator/CNIOBoringSSL.build/Objects-normal/arm64/533656923a283fa776881f304837ed9e-common-args.resp -MMD -MT dependencies -MF /Users/j/Documents/GitHub/MoneroOne/build/Build/Intermediates.noindex/swift-nio-ssl.build/Debug-iphonesimulator/CNIOBoringSSL.build/Objects-normal/arm64/p256-x86_64-asm-linux.d --serialize-diagnostics /Users/j/Documents/GitHub/MoneroOne/build/Build/Intermediates.noindex/swift-nio-ssl.build/Debug-iphonesimulator/CNIOBoringSSL.build/Objects-normal/arm64/p256-x86_64-asm-linux.dia -c /Users/j/Documents/GitHub/MoneroOne/build/SourcePackages/checkouts/swift-nio-ssl/Sources/CNIOBoringSSL/gen/bcm/p256-x86_64-asm-linux.S -o /Users/j/Documents/GitHub/MoneroOne/build/Build/Intermediates.noindex/swift-nio-ssl.build/Debug-iphonesimulator/CNIOBoringSSL.build/Objects-normal/arm64/p256-x86_64-asm-linux.o -index-unit-output-path /swift-nio-ssl.build/Debug-iphonesimulator/CNIOBoringSSL.build/Objects-normal/arm64/p256-x86_64-asm-linux.o

CompileC /Users/j/Documents/GitHub/MoneroOne/build/Build/Intermediates.noindex/swift-nio-ssl.build/Debug-iphonesimulator/CNIOBoringSSL.build/Objects-normal/arm64/p256-x86_64-asm-apple.o /Users/j/Documents/GitHub/MoneroOne/build/SourcePackages/checkouts/swift-nio-ssl/Sources/CNIOBoringSSL/gen/bcm/p256-x86_64-asm-apple.S normal arm64 assembler-with-cpp com.apple.compilers.llvm.clang.1_0.compiler (in target 'CNIOBoringSSL' from project 'swift-nio-ssl')
    cd /Users/j/Documents/GitHub/MoneroOne/MoneroOne.xcodeproj
    
    Using response file: /Users/j/Documents/GitHub/MoneroOne/build/Build/Intermediates.noindex/swift-nio-ssl.build/Debug-iphonesimulator/CNIOBoringSSL.build/Objects-normal/arm64/533656923a283fa776881f304837ed9e-common-args.resp
    
    /Applications/Xcode.app/Contents/Developer/Toolchains/XcodeDefault.xctoolchain/usr/bin/clang -x assembler-with-cpp -ivfsstatcache /Users/j/Documents/GitHub/MoneroOne/build/SDKStatCaches.noindex/iphonesimulator26.1-23B77-90cf18a4295e390e64c810bc6bd7acbc.sdkstatcache -fmessage-length\=0 -fdiagnostics-show-note-include-stack -fmacro-backtrace-limit\=0 -fno-color-diagnostics -fmodules-prune-interval\=86400 -fmodules-prune-after\=345600 -fbuild-session-file\=/Users/j/Documents/GitHub/MoneroOne/build/ModuleCache.noindex/Session.modulevalidation -fmodules-validate-once-per-build-session -Wnon-modular-include-in-framework-module -Werror\=non-modular-include-in-framework-module -Wno-trigraphs -Wno-missing-field-initializers -Wno-missing-prototypes -Wno-return-type -Wno-missing-braces -Wparentheses -Wswitch -Wno-unused-function -Wno-unused-label -Wno-unused-parameter -Wno-unused-variable -Wunused-value -Wno-empty-body -Wno-uninitialized -Wno-unknown-pragmas -w -Wno-shadow -Wno-four-char-constants -Wno-conversion -Wno-constant-conversion -Wno-int-conversion -Wno-bool-conversion -Wno-enum-conversion -Wno-float-conversion -Wno-non-literal-null-conversion -Wno-objc-literal-conversion -Wshorten-64-to-32 -Wno-newline-eof -Wno-implicit-fallthrough -fstrict-aliasing -Wdeprecated-declarations -Wno-sign-conversion -Wno-infinite-recursion -Wno-comma -Wno-block-capture-autoreleasing -Wno-strict-prototypes -Wno-semicolon-before-method-body -index-store-path /Users/j/Documents/GitHub/MoneroOne/build/Index.noindex/DataStore @/Users/j/Documents/GitHub/MoneroOne/build/Build/Intermediates.noindex/swift-nio-ssl.build/Debug-iphonesimulator/CNIOBoringSSL.build/Objects-normal/arm64/533656923a283fa776881f304837ed9e-common-args.resp -MMD -MT dependencies -MF /Users/j/Documents/GitHub/MoneroOne/build/Build/Intermediates.noindex/swift-nio-ssl.build/Debug-iphonesimulator/CNIOBoringSSL.build/Objects-normal/arm64/p256-x86_64-asm-apple.d --serialize-diagnostics /Users/j/Documents/GitHub/MoneroOne/build/Build/Intermediates.noindex/swift-nio-ssl.build/Debug-iphonesimulator/CNIOBoringSSL.build/Objects-normal/arm64/p256-x86_64-asm-apple.dia -c /Users/j/Documents/GitHub/MoneroOne/build/SourcePackages/checkouts/swift-nio-ssl/Sources/CNIOBoringSSL/gen/bcm/p256-x86_64-asm-apple.S -o /Users/j/Documents/GitHub/MoneroOne/build/Build/Intermediates.noindex/swift-nio-ssl.build/Debug-iphonesimulator/CNIOBoringSSL.build/Objects-normal/arm64/p256-x86_64-asm-apple.o -index-unit-output-path /swift-nio-ssl.build/Debug-iphonesimulator/CNIOBoringSSL.build/Objects-normal/arm64/p256-x86_64-asm-apple.o

CompileC /Users/j/Documents/GitHub/MoneroOne/build/Build/Intermediates.noindex/swift-nio-ssl.build/Debug-iphonesimulator/CNIOBoringSSL.build/Objects-normal/arm64/p256-armv8-asm-win.o /Users/j/Documents/GitHub/MoneroOne/build/SourcePackages/checkouts/swift-nio-ssl/Sources/CNIOBoringSSL/gen/bcm/p256-armv8-asm-win.S normal arm64 assembler-with-cpp com.apple.compilers.llvm.clang.1_0.compiler (in target 'CNIOBoringSSL' from project 'swift-nio-ssl')
    cd /Users/j/Documents/GitHub/MoneroOne/MoneroOne.xcodeproj
    
    Using response file: /Users/j/Documents/GitHub/MoneroOne/build/Build/Intermediates.noindex/swift-nio-ssl.build/Debug-iphonesimulator/CNIOBoringSSL.build/Objects-normal/arm64/533656923a283fa776881f304837ed9e-common-args.resp
    
    /Applications/Xcode.app/Contents/Developer/Toolchains/XcodeDefault.xctoolchain/usr/bin/clang -x assembler-with-cpp -ivfsstatcache /Users/j/Documents/GitHub/MoneroOne/build/SDKStatCaches.noindex/iphonesimulator26.1-23B77-90cf18a4295e390e64c810bc6bd7acbc.sdkstatcache -fmessage-length\=0 -fdiagnostics-show-note-include-stack -fmacro-backtrace-limit\=0 -fno-color-diagnostics -fmodules-prune-interval\=86400 -fmodules-prune-after\=345600 -fbuild-session-file\=/Users/j/Documents/GitHub/MoneroOne/build/ModuleCache.noindex/Session.modulevalidation -fmodules-validate-once-per-build-session -Wnon-modular-include-in-framework-module -Werror\=non-modular-include-in-framework-module -Wno-trigraphs -Wno-missing-field-initializers -Wno-missing-prototypes -Wno-return-type -Wno-missing-braces -Wparentheses -Wswitch -Wno-unused-function -Wno-unused-label -Wno-unused-parameter -Wno-unused-variable -Wunused-value -Wno-empty-body -Wno-uninitialized -Wno-unknown-pragmas -w -Wno-shadow -Wno-four-char-constants -Wno-conversion -Wno-constant-conversion -Wno-int-conversion -Wno-bool-conversion -Wno-enum-conversion -Wno-float-conversion -Wno-non-literal-null-conversion -Wno-objc-literal-conversion -Wshorten-64-to-32 -Wno-newline-eof -Wno-implicit-fallthrough -fstrict-aliasing -Wdeprecated-declarations -Wno-sign-conversion -Wno-infinite-recursion -Wno-comma -Wno-block-capture-autoreleasing -Wno-strict-prototypes -Wno-semicolon-before-method-body -index-store-path /Users/j/Documents/GitHub/MoneroOne/build/Index.noindex/DataStore @/Users/j/Documents/GitHub/MoneroOne/build/Build/Intermediates.noindex/swift-nio-ssl.build/Debug-iphonesimulator/CNIOBoringSSL.build/Objects-normal/arm64/533656923a283fa776881f304837ed9e-common-args.resp -MMD -MT dependencies -MF /Users/j/Documents/GitHub/MoneroOne/build/Build/Intermediates.noindex/swift-nio-ssl.build/Debug-iphonesimulator/CNIOBoringSSL.build/Objects-normal/arm64/p256-armv8-asm-win.d --serialize-diagnostics /Users/j/Documents/GitHub/MoneroOne/build/Build/Intermediates.noindex/swift-nio-ssl.build/Debug-iphonesimulator/CNIOBoringSSL.build/Objects-normal/arm64/p256-armv8-asm-win.dia -c /Users/j/Documents/GitHub/MoneroOne/build/SourcePackages/checkouts/swift-nio-ssl/Sources/CNIOBoringSSL/gen/bcm/p256-armv8-asm-win.S -o /Users/j/Documents/GitHub/MoneroOne/build/Build/Intermediates.noindex/swift-nio-ssl.build/Debug-iphonesimulator/CNIOBoringSSL.build/Objects-normal/arm64/p256-armv8-asm-win.o -index-unit-output-path /swift-nio-ssl.build/Debug-iphonesimulator/CNIOBoringSSL.build/Objects-normal/arm64/p256-armv8-asm-win.o

CompileC /Users/j/Documents/GitHub/MoneroOne/build/Build/Intermediates.noindex/swift-nio-ssl.build/Debug-iphonesimulator/CNIOBoringSSL.build/Objects-normal/arm64/p256-armv8-asm-linux.o /Users/j/Documents/GitHub/MoneroOne/build/SourcePackages/checkouts/swift-nio-ssl/Sources/CNIOBoringSSL/gen/bcm/p256-armv8-asm-linux.S normal arm64 assembler-with-cpp com.apple.compilers.llvm.clang.1_0.compiler (in target 'CNIOBoringSSL' from project 'swift-nio-ssl')
    cd /Users/j/Documents/GitHub/MoneroOne/MoneroOne.xcodeproj
    
    Using response file: /Users/j/Documents/GitHub/MoneroOne/build/Build/Intermediates.noindex/swift-nio-ssl.build/Debug-iphonesimulator/CNIOBoringSSL.build/Objects-normal/arm64/533656923a283fa776881f304837ed9e-common-args.resp
    
    /Applications/Xcode.app/Contents/Developer/Toolchains/XcodeDefault.xctoolchain/usr/bin/clang -x assembler-with-cpp -ivfsstatcache /Users/j/Documents/GitHub/MoneroOne/build/SDKStatCaches.noindex/iphonesimulator26.1-23B77-90cf18a4295e390e64c810bc6bd7acbc.sdkstatcache -fmessage-length\=0 -fdiagnostics-show-note-include-stack -fmacro-backtrace-limit\=0 -fno-color-diagnostics -fmodules-prune-interval\=86400 -fmodules-prune-after\=345600 -fbuild-session-file\=/Users/j/Documents/GitHub/MoneroOne/build/ModuleCache.noindex/Session.modulevalidation -fmodules-validate-once-per-build-session -Wnon-modular-include-in-framework-module -Werror\=non-modular-include-in-framework-module -Wno-trigraphs -Wno-missing-field-initializers -Wno-missing-prototypes -Wno-return-type -Wno-missing-braces -Wparentheses -Wswitch -Wno-unused-function -Wno-unused-label -Wno-unused-parameter -Wno-unused-variable -Wunused-value -Wno-empty-body -Wno-uninitialized -Wno-unknown-pragmas -w -Wno-shadow -Wno-four-char-constants -Wno-conversion -Wno-constant-conversion -Wno-int-conversion -Wno-bool-conversion -Wno-enum-conversion -Wno-float-conversion -Wno-non-literal-null-conversion -Wno-objc-literal-conversion -Wshorten-64-to-32 -Wno-newline-eof -Wno-implicit-fallthrough -fstrict-aliasing -Wdeprecated-declarations -Wno-sign-conversion -Wno-infinite-recursion -Wno-comma -Wno-block-capture-autoreleasing -Wno-strict-prototypes -Wno-semicolon-before-method-body -index-store-path /Users/j/Documents/GitHub/MoneroOne/build/Index.noindex/DataStore @/Users/j/Documents/GitHub/MoneroOne/build/Build/Intermediates.noindex/swift-nio-ssl.build/Debug-iphonesimulator/CNIOBoringSSL.build/Objects-normal/arm64/533656923a283fa776881f304837ed9e-common-args.resp -MMD -MT dependencies -MF /Users/j/Documents/GitHub/MoneroOne/build/Build/Intermediates.noindex/swift-nio-ssl.build/Debug-iphonesimulator/CNIOBoringSSL.build/Objects-normal/arm64/p256-armv8-asm-linux.d --serialize-diagnostics /Users/j/Documents/GitHub/MoneroOne/build/Build/Intermediates.noindex/swift-nio-ssl.build/Debug-iphonesimulator/CNIOBoringSSL.build/Objects-normal/arm64/p256-armv8-asm-linux.dia -c /Users/j/Documents/GitHub/MoneroOne/build/SourcePackages/checkouts/swift-nio-ssl/Sources/CNIOBoringSSL/gen/bcm/p256-armv8-asm-linux.S -o /Users/j/Documents/GitHub/MoneroOne/build/Build/Intermediates.noindex/swift-nio-ssl.build/Debug-iphonesimulator/CNIOBoringSSL.build/Objects-normal/arm64/p256-armv8-asm-linux.o -index-unit-output-path /swift-nio-ssl.build/Debug-iphonesimulator/CNIOBoringSSL.build/Objects-normal/arm64/p256-armv8-asm-linux.o

CompileC /Users/j/Documents/GitHub/MoneroOne/build/Build/Intermediates.noindex/swift-nio-ssl.build/Debug-iphonesimulator/CNIOBoringSSL.build/Objects-normal/arm64/p256-armv8-asm-apple.o /Users/j/Documents/GitHub/MoneroOne/build/SourcePackages/checkouts/swift-nio-ssl/Sources/CNIOBoringSSL/gen/bcm/p256-armv8-asm-apple.S normal arm64 assembler-with-cpp com.apple.compilers.llvm.clang.1_0.compiler (in target 'CNIOBoringSSL' from project 'swift-nio-ssl')
    cd /Users/j/Documents/GitHub/MoneroOne/MoneroOne.xcodeproj
    
    Using response file: /Users/j/Documents/GitHub/MoneroOne/build/Build/Intermediates.noindex/swift-nio-ssl.build/Debug-iphonesimulator/CNIOBoringSSL.build/Objects-normal/arm64/533656923a283fa776881f304837ed9e-common-args.resp
    
    /Applications/Xcode.app/Contents/Developer/Toolchains/XcodeDefault.xctoolchain/usr/bin/clang -x assembler-with-cpp -ivfsstatcache /Users/j/Documents/GitHub/MoneroOne/build/SDKStatCaches.noindex/iphonesimulator26.1-23B77-90cf18a4295e390e64c810bc6bd7acbc.sdkstatcache -fmessage-length\=0 -fdiagnostics-show-note-include-stack -fmacro-backtrace-limit\=0 -fno-color-diagnostics -fmodules-prune-interval\=86400 -fmodules-prune-after\=345600 -fbuild-session-file\=/Users/j/Documents/GitHub/MoneroOne/build/ModuleCache.noindex/Session.modulevalidation -fmodules-validate-once-per-build-session -Wnon-modular-include-in-framework-module -Werror\=non-modular-include-in-framework-module -Wno-trigraphs -Wno-missing-field-initializers -Wno-missing-prototypes -Wno-return-type -Wno-missing-braces -Wparentheses -Wswitch -Wno-unused-function -Wno-unused-label -Wno-unused-parameter -Wno-unused-variable -Wunused-value -Wno-empty-body -Wno-uninitialized -Wno-unknown-pragmas -w -Wno-shadow -Wno-four-char-constants -Wno-conversion -Wno-constant-conversion -Wno-int-conversion -Wno-bool-conversion -Wno-enum-conversion -Wno-float-conversion -Wno-non-literal-null-conversion -Wno-objc-literal-conversion -Wshorten-64-to-32 -Wno-newline-eof -Wno-implicit-fallthrough -fstrict-aliasing -Wdeprecated-declarations -Wno-sign-conversion -Wno-infinite-recursion -Wno-comma -Wno-block-capture-autoreleasing -Wno-strict-prototypes -Wno-semicolon-before-method-body -index-store-path /Users/j/Documents/GitHub/MoneroOne/build/Index.noindex/DataStore @/Users/j/Documents/GitHub/MoneroOne/build/Build/Intermediates.noindex/swift-nio-ssl.build/Debug-iphonesimulator/CNIOBoringSSL.build/Objects-normal/arm64/533656923a283fa776881f304837ed9e-common-args.resp -MMD -MT dependencies -MF /Users/j/Documents/GitHub/MoneroOne/build/Build/Intermediates.noindex/swift-nio-ssl.build/Debug-iphonesimulator/CNIOBoringSSL.build/Objects-normal/arm64/p256-armv8-asm-apple.d --serialize-diagnostics /Users/j/Documents/GitHub/MoneroOne/build/Build/Intermediates.noindex/swift-nio-ssl.build/Debug-iphonesimulator/CNIOBoringSSL.build/Objects-normal/arm64/p256-armv8-asm-apple.dia -c /Users/j/Documents/GitHub/MoneroOne/build/SourcePackages/checkouts/swift-nio-ssl/Sources/CNIOBoringSSL/gen/bcm/p256-armv8-asm-apple.S -o /Users/j/Documents/GitHub/MoneroOne/build/Build/Intermediates.noindex/swift-nio-ssl.build/Debug-iphonesimulator/CNIOBoringSSL.build/Objects-normal/arm64/p256-armv8-asm-apple.o -index-unit-output-path /swift-nio-ssl.build/Debug-iphonesimulator/CNIOBoringSSL.build/Objects-normal/arm64/p256-armv8-asm-apple.o

CompileC /Users/j/Documents/GitHub/MoneroOne/build/Build/Intermediates.noindex/swift-nio-ssl.build/Debug-iphonesimulator/CNIOBoringSSL.build/Objects-normal/arm64/obj_xref.o /Users/j/Documents/GitHub/MoneroOne/build/SourcePackages/checkouts/swift-nio-ssl/Sources/CNIOBoringSSL/crypto/obj/obj_xref.cc normal arm64 c++ com.apple.compilers.llvm.clang.1_0.compiler (in target 'CNIOBoringSSL' from project 'swift-nio-ssl')
    cd /Users/j/Documents/GitHub/MoneroOne/MoneroOne.xcodeproj
    
    Using response file: /Users/j/Documents/GitHub/MoneroOne/build/Build/Intermediates.noindex/swift-nio-ssl.build/Debug-iphonesimulator/CNIOBoringSSL.build/Objects-normal/arm64/82b82416624d2658e5098eb0a28c15c5-common-args.resp
    
    /Applications/Xcode.app/Contents/Developer/Toolchains/XcodeDefault.xctoolchain/usr/bin/clang -x c++ -ivfsstatcache /Users/j/Documents/GitHub/MoneroOne/build/SDKStatCaches.noindex/iphonesimulator26.1-23B77-90cf18a4295e390e64c810bc6bd7acbc.sdkstatcache -fmessage-length\=0 -fdiagnostics-show-note-include-stack -fmacro-backtrace-limit\=0 -fno-color-diagnostics -fmodules-prune-interval\=86400 -fmodules-prune-after\=345600 -fbuild-session-file\=/Users/j/Documents/GitHub/MoneroOne/build/ModuleCache.noindex/Session.modulevalidation -fmodules-validate-once-per-build-session -Wnon-modular-include-in-framework-module -Werror\=non-modular-include-in-framework-module -Wno-trigraphs -Wno-missing-field-initializers -Wno-missing-prototypes -Wno-return-type -Wno-non-virtual-dtor -Wno-overloaded-virtual -Wno-exit-time-destructors -Wno-missing-braces -Wparentheses -Wswitch -Wno-unused-function -Wno-unused-label -Wno-unused-parameter -Wno-unused-variable -Wunused-value -Wno-empty-body -Wno-uninitialized -Wno-unknown-pragmas -w -Wno-shadow -Wno-four-char-constants -Wno-conversion -Wno-constant-conversion -Wno-int-conversion -Wno-bool-conversion -Wno-enum-conversion -Wno-float-conversion -Wno-non-literal-null-conversion -Wno-objc-literal-conversion -Wshorten-64-to-32 -Wno-newline-eof -Wno-c++11-extensions -Wno-implicit-fallthrough -fstrict-aliasing -Wdeprecated-declarations -Winvalid-offsetof -Wno-sign-conversion -Wno-infinite-recursion -Wno-move -Wno-comma -Wno-block-capture-autoreleasing -Wno-strict-prototypes -Wno-range-loop-analysis -Wno-semicolon-before-method-body -index-store-path /Users/j/Documents/GitHub/MoneroOne/build/Index.noindex/DataStore @/Users/j/Documents/GitHub/MoneroOne/build/Build/Intermediates.noindex/swift-nio-ssl.build/Debug-iphonesimulator/CNIOBoringSSL.build/Objects-normal/arm64/82b82416624d2658e5098eb0a28c15c5-common-args.resp -MMD -MT dependencies -MF /Users/j/Documents/GitHub/MoneroOne/build/Build/Intermediates.noindex/swift-nio-ssl.build/Debug-iphonesimulator/CNIOBoringSSL.build/Objects-normal/arm64/obj_xref.d --serialize-diagnostics /Users/j/Documents/GitHub/MoneroOne/build/Build/Intermediates.noindex/swift-nio-ssl.build/Debug-iphonesimulator/CNIOBoringSSL.build/Objects-normal/arm64/obj_xref.dia -c /Users/j/Documents/GitHub/MoneroOne/build/SourcePackages/checkouts/swift-nio-ssl/Sources/CNIOBoringSSL/crypto/obj/obj_xref.cc -o /Users/j/Documents/GitHub/MoneroOne/build/Build/Intermediates.noindex/swift-nio-ssl.build/Debug-iphonesimulator/CNIOBoringSSL.build/Objects-normal/arm64/obj_xref.o -index-unit-output-path /swift-nio-ssl.build/Debug-iphonesimulator/CNIOBoringSSL.build/Objects-normal/arm64/obj_xref.o

CompileC /Users/j/Documents/GitHub/MoneroOne/build/Build/Intermediates.noindex/swift-nio-ssl.build/Debug-iphonesimulator/CNIOBoringSSL.build/Objects-normal/arm64/obj.o /Users/j/Documents/GitHub/MoneroOne/build/SourcePackages/checkouts/swift-nio-ssl/Sources/CNIOBoringSSL/crypto/obj/obj.cc normal arm64 c++ com.apple.compilers.llvm.clang.1_0.compiler (in target 'CNIOBoringSSL' from project 'swift-nio-ssl')
    cd /Users/j/Documents/GitHub/MoneroOne/MoneroOne.xcodeproj
    
    Using response file: /Users/j/Documents/GitHub/MoneroOne/build/Build/Intermediates.noindex/swift-nio-ssl.build/Debug-iphonesimulator/CNIOBoringSSL.build/Objects-normal/arm64/82b82416624d2658e5098eb0a28c15c5-common-args.resp
    
    /Applications/Xcode.app/Contents/Developer/Toolchains/XcodeDefault.xctoolchain/usr/bin/clang -x c++ -ivfsstatcache /Users/j/Documents/GitHub/MoneroOne/build/SDKStatCaches.noindex/iphonesimulator26.1-23B77-90cf18a4295e390e64c810bc6bd7acbc.sdkstatcache -fmessage-length\=0 -fdiagnostics-show-note-include-stack -fmacro-backtrace-limit\=0 -fno-color-diagnostics -fmodules-prune-interval\=86400 -fmodules-prune-after\=345600 -fbuild-session-file\=/Users/j/Documents/GitHub/MoneroOne/build/ModuleCache.noindex/Session.modulevalidation -fmodules-validate-once-per-build-session -Wnon-modular-include-in-framework-module -Werror\=non-modular-include-in-framework-module -Wno-trigraphs -Wno-missing-field-initializers -Wno-missing-prototypes -Wno-return-type -Wno-non-virtual-dtor -Wno-overloaded-virtual -Wno-exit-time-destructors -Wno-missing-braces -Wparentheses -Wswitch -Wno-unused-function -Wno-unused-label -Wno-unused-parameter -Wno-unused-variable -Wunused-value -Wno-empty-body -Wno-uninitialized -Wno-unknown-pragmas -w -Wno-shadow -Wno-four-char-constants -Wno-conversion -Wno-constant-conversion -Wno-int-conversion -Wno-bool-conversion -Wno-enum-conversion -Wno-float-conversion -Wno-non-literal-null-conversion -Wno-objc-literal-conversion -Wshorten-64-to-32 -Wno-newline-eof -Wno-c++11-extensions -Wno-implicit-fallthrough -fstrict-aliasing -Wdeprecated-declarations -Winvalid-offsetof -Wno-sign-conversion -Wno-infinite-recursion -Wno-move -Wno-comma -Wno-block-capture-autoreleasing -Wno-strict-prototypes -Wno-range-loop-analysis -Wno-semicolon-before-method-body -index-store-path /Users/j/Documents/GitHub/MoneroOne/build/Index.noindex/DataStore @/Users/j/Documents/GitHub/MoneroOne/build/Build/Intermediates.noindex/swift-nio-ssl.build/Debug-iphonesimulator/CNIOBoringSSL.build/Objects-normal/arm64/82b82416624d2658e5098eb0a28c15c5-common-args.resp -MMD -MT dependencies -MF /Users/j/Documents/GitHub/MoneroOne/build/Build/Intermediates.noindex/swift-nio-ssl.build/Debug-iphonesimulator/CNIOBoringSSL.build/Objects-normal/arm64/obj.d --serialize-diagnostics /Users/j/Documents/GitHub/MoneroOne/build/Build/Intermediates.noindex/swift-nio-ssl.build/Debug-iphonesimulator/CNIOBoringSSL.build/Objects-normal/arm64/obj.dia -c /Users/j/Documents/GitHub/MoneroOne/build/SourcePackages/checkouts/swift-nio-ssl/Sources/CNIOBoringSSL/crypto/obj/obj.cc -o /Users/j/Documents/GitHub/MoneroOne/build/Build/Intermediates.noindex/swift-nio-ssl.build/Debug-iphonesimulator/CNIOBoringSSL.build/Objects-normal/arm64/obj.o -index-unit-output-path /swift-nio-ssl.build/Debug-iphonesimulator/CNIOBoringSSL.build/Objects-normal/arm64/obj.o

CompileC /Users/j/Documents/GitHub/MoneroOne/build/Build/Intermediates.noindex/swift-nio-ssl.build/Debug-iphonesimulator/CNIOBoringSSL.build/Objects-normal/arm64/name_print.o /Users/j/Documents/GitHub/MoneroOne/build/SourcePackages/checkouts/swift-nio-ssl/Sources/CNIOBoringSSL/crypto/x509/name_print.cc normal arm64 c++ com.apple.compilers.llvm.clang.1_0.compiler (in target 'CNIOBoringSSL' from project 'swift-nio-ssl')
    cd /Users/j/Documents/GitHub/MoneroOne/MoneroOne.xcodeproj
    
    Using response file: /Users/j/Documents/GitHub/MoneroOne/build/Build/Intermediates.noindex/swift-nio-ssl.build/Debug-iphonesimulator/CNIOBoringSSL.build/Objects-normal/arm64/82b82416624d2658e5098eb0a28c15c5-common-args.resp
    
    /Applications/Xcode.app/Contents/Developer/Toolchains/XcodeDefault.xctoolchain/usr/bin/clang -x c++ -ivfsstatcache /Users/j/Documents/GitHub/MoneroOne/build/SDKStatCaches.noindex/iphonesimulator26.1-23B77-90cf18a4295e390e64c810bc6bd7acbc.sdkstatcache -fmessage-length\=0 -fdiagnostics-show-note-include-stack -fmacro-backtrace-limit\=0 -fno-color-diagnostics -fmodules-prune-interval\=86400 -fmodules-prune-after\=345600 -fbuild-session-file\=/Users/j/Documents/GitHub/MoneroOne/build/ModuleCache.noindex/Session.modulevalidation -fmodules-validate-once-per-build-session -Wnon-modular-include-in-framework-module -Werror\=non-modular-include-in-framework-module -Wno-trigraphs -Wno-missing-field-initializers -Wno-missing-prototypes -Wno-return-type -Wno-non-virtual-dtor -Wno-overloaded-virtual -Wno-exit-time-destructors -Wno-missing-braces -Wparentheses -Wswitch -Wno-unused-function -Wno-unused-label -Wno-unused-parameter -Wno-unused-variable -Wunused-value -Wno-empty-body -Wno-uninitialized -Wno-unknown-pragmas -w -Wno-shadow -Wno-four-char-constants -Wno-conversion -Wno-constant-conversion -Wno-int-conversion -Wno-bool-conversion -Wno-enum-conversion -Wno-float-conversion -Wno-non-literal-null-conversion -Wno-objc-literal-conversion -Wshorten-64-to-32 -Wno-newline-eof -Wno-c++11-extensions -Wno-implicit-fallthrough -fstrict-aliasing -Wdeprecated-declarations -Winvalid-offsetof -Wno-sign-conversion -Wno-infinite-recursion -Wno-move -Wno-comma -Wno-block-capture-autoreleasing -Wno-strict-prototypes -Wno-range-loop-analysis -Wno-semicolon-before-method-body -index-store-path /Users/j/Documents/GitHub/MoneroOne/build/Index.noindex/DataStore @/Users/j/Documents/GitHub/MoneroOne/build/Build/Intermediates.noindex/swift-nio-ssl.build/Debug-iphonesimulator/CNIOBoringSSL.build/Objects-normal/arm64/82b82416624d2658e5098eb0a28c15c5-common-args.resp -MMD -MT dependencies -MF /Users/j/Documents/GitHub/MoneroOne/build/Build/Intermediates.noindex/swift-nio-ssl.build/Debug-iphonesimulator/CNIOBoringSSL.build/Objects-normal/arm64/name_print.d --serialize-diagnostics /Users/j/Documents/GitHub/MoneroOne/build/Build/Intermediates.noindex/swift-nio-ssl.build/Debug-iphonesimulator/CNIOBoringSSL.build/Objects-normal/arm64/name_print.dia -c /Users/j/Documents/GitHub/MoneroOne/build/SourcePackages/checkouts/swift-nio-ssl/Sources/CNIOBoringSSL/crypto/x509/name_print.cc -o /Users/j/Documents/GitHub/MoneroOne/build/Build/Intermediates.noindex/swift-nio-ssl.build/Debug-iphonesimulator/CNIOBoringSSL.build/Objects-normal/arm64/name_print.o -index-unit-output-path /swift-nio-ssl.build/Debug-iphonesimulator/CNIOBoringSSL.build/Objects-normal/arm64/name_print.o

CompileC /Users/j/Documents/GitHub/MoneroOne/build/Build/Intermediates.noindex/swift-nio-ssl.build/Debug-iphonesimulator/CNIOBoringSSL.build/Objects-normal/arm64/mlkem.o /Users/j/Documents/GitHub/MoneroOne/build/SourcePackages/checkouts/swift-nio-ssl/Sources/CNIOBoringSSL/crypto/mlkem/mlkem.cc normal arm64 c++ com.apple.compilers.llvm.clang.1_0.compiler (in target 'CNIOBoringSSL' from project 'swift-nio-ssl')
    cd /Users/j/Documents/GitHub/MoneroOne/MoneroOne.xcodeproj
    
    Using response file: /Users/j/Documents/GitHub/MoneroOne/build/Build/Intermediates.noindex/swift-nio-ssl.build/Debug-iphonesimulator/CNIOBoringSSL.build/Objects-normal/arm64/82b82416624d2658e5098eb0a28c15c5-common-args.resp
    
    /Applications/Xcode.app/Contents/Developer/Toolchains/XcodeDefault.xctoolchain/usr/bin/clang -x c++ -ivfsstatcache /Users/j/Documents/GitHub/MoneroOne/build/SDKStatCaches.noindex/iphonesimulator26.1-23B77-90cf18a4295e390e64c810bc6bd7acbc.sdkstatcache -fmessage-length\=0 -fdiagnostics-show-note-include-stack -fmacro-backtrace-limit\=0 -fno-color-diagnostics -fmodules-prune-interval\=86400 -fmodules-prune-after\=345600 -fbuild-session-file\=/Users/j/Documents/GitHub/MoneroOne/build/ModuleCache.noindex/Session.modulevalidation -fmodules-validate-once-per-build-session -Wnon-modular-include-in-framework-module -Werror\=non-modular-include-in-framework-module -Wno-trigraphs -Wno-missing-field-initializers -Wno-missing-prototypes -Wno-return-type -Wno-non-virtual-dtor -Wno-overloaded-virtual -Wno-exit-time-destructors -Wno-missing-braces -Wparentheses -Wswitch -Wno-unused-function -Wno-unused-label -Wno-unused-parameter -Wno-unused-variable -Wunused-value -Wno-empty-body -Wno-uninitialized -Wno-unknown-pragmas -w -Wno-shadow -Wno-four-char-constants -Wno-conversion -Wno-constant-conversion -Wno-int-conversion -Wno-bool-conversion -Wno-enum-conversion -Wno-float-conversion -Wno-non-literal-null-conversion -Wno-objc-literal-conversion -Wshorten-64-to-32 -Wno-newline-eof -Wno-c++11-extensions -Wno-implicit-fallthrough -fstrict-aliasing -Wdeprecated-declarations -Winvalid-offsetof -Wno-sign-conversion -Wno-infinite-recursion -Wno-move -Wno-comma -Wno-block-capture-autoreleasing -Wno-strict-prototypes -Wno-range-loop-analysis -Wno-semicolon-before-method-body -index-store-path /Users/j/Documents/GitHub/MoneroOne/build/Index.noindex/DataStore @/Users/j/Documents/GitHub/MoneroOne/build/Build/Intermediates.noindex/swift-nio-ssl.build/Debug-iphonesimulator/CNIOBoringSSL.build/Objects-normal/arm64/82b82416624d2658e5098eb0a28c15c5-common-args.resp -MMD -MT dependencies -MF /Users/j/Documents/GitHub/MoneroOne/build/Build/Intermediates.noindex/swift-nio-ssl.build/Debug-iphonesimulator/CNIOBoringSSL.build/Objects-normal/arm64/mlkem.d --serialize-diagnostics /Users/j/Documents/GitHub/MoneroOne/build/Build/Intermediates.noindex/swift-nio-ssl.build/Debug-iphonesimulator/CNIOBoringSSL.build/Objects-normal/arm64/mlkem.dia -c /Users/j/Documents/GitHub/MoneroOne/build/SourcePackages/checkouts/swift-nio-ssl/Sources/CNIOBoringSSL/crypto/mlkem/mlkem.cc -o /Users/j/Documents/GitHub/MoneroOne/build/Build/Intermediates.noindex/swift-nio-ssl.build/Debug-iphonesimulator/CNIOBoringSSL.build/Objects-normal/arm64/mlkem.o -index-unit-output-path /swift-nio-ssl.build/Debug-iphonesimulator/CNIOBoringSSL.build/Objects-normal/arm64/mlkem.o

CompileC /Users/j/Documents/GitHub/MoneroOne/build/Build/Intermediates.noindex/swift-nio-ssl.build/Debug-iphonesimulator/CNIOBoringSSL.build/Objects-normal/arm64/mldsa.o /Users/j/Documents/GitHub/MoneroOne/build/SourcePackages/checkouts/swift-nio-ssl/Sources/CNIOBoringSSL/crypto/mldsa/mldsa.cc normal arm64 c++ com.apple.compilers.llvm.clang.1_0.compiler (in target 'CNIOBoringSSL' from project 'swift-nio-ssl')
    cd /Users/j/Documents/GitHub/MoneroOne/MoneroOne.xcodeproj
    
    Using response file: /Users/j/Documents/GitHub/MoneroOne/build/Build/Intermediates.noindex/swift-nio-ssl.build/Debug-iphonesimulator/CNIOBoringSSL.build/Objects-normal/arm64/82b82416624d2658e5098eb0a28c15c5-common-args.resp
    
    /Applications/Xcode.app/Contents/Developer/Toolchains/XcodeDefault.xctoolchain/usr/bin/clang -x c++ -ivfsstatcache /Users/j/Documents/GitHub/MoneroOne/build/SDKStatCaches.noindex/iphonesimulator26.1-23B77-90cf18a4295e390e64c810bc6bd7acbc.sdkstatcache -fmessage-length\=0 -fdiagnostics-show-note-include-stack -fmacro-backtrace-limit\=0 -fno-color-diagnostics -fmodules-prune-interval\=86400 -fmodules-prune-after\=345600 -fbuild-session-file\=/Users/j/Documents/GitHub/MoneroOne/build/ModuleCache.noindex/Session.modulevalidation -fmodules-validate-once-per-build-session -Wnon-modular-include-in-framework-module -Werror\=non-modular-include-in-framework-module -Wno-trigraphs -Wno-missing-field-initializers -Wno-missing-prototypes -Wno-return-type -Wno-non-virtual-dtor -Wno-overloaded-virtual -Wno-exit-time-destructors -Wno-missing-braces -Wparentheses -Wswitch -Wno-unused-function -Wno-unused-label -Wno-unused-parameter -Wno-unused-variable -Wunused-value -Wno-empty-body -Wno-uninitialized -Wno-unknown-pragmas -w -Wno-shadow -Wno-four-char-constants -Wno-conversion -Wno-constant-conversion -Wno-int-conversion -Wno-bool-conversion -Wno-enum-conversion -Wno-float-conversion -Wno-non-literal-null-conversion -Wno-objc-literal-conversion -Wshorten-64-to-32 -Wno-newline-eof -Wno-c++11-extensions -Wno-implicit-fallthrough -fstrict-aliasing -Wdeprecated-declarations -Winvalid-offsetof -Wno-sign-conversion -Wno-infinite-recursion -Wno-move -Wno-comma -Wno-block-capture-autoreleasing -Wno-strict-prototypes -Wno-range-loop-analysis -Wno-semicolon-before-method-body -index-store-path /Users/j/Documents/GitHub/MoneroOne/build/Index.noindex/DataStore @/Users/j/Documents/GitHub/MoneroOne/build/Build/Intermediates.noindex/swift-nio-ssl.build/Debug-iphonesimulator/CNIOBoringSSL.build/Objects-normal/arm64/82b82416624d2658e5098eb0a28c15c5-common-args.resp -MMD -MT dependencies -MF /Users/j/Documents/GitHub/MoneroOne/build/Build/Intermediates.noindex/swift-nio-ssl.build/Debug-iphonesimulator/CNIOBoringSSL.build/Objects-normal/arm64/mldsa.d --serialize-diagnostics /Users/j/Documents/GitHub/MoneroOne/build/Build/Intermediates.noindex/swift-nio-ssl.build/Debug-iphonesimulator/CNIOBoringSSL.build/Objects-normal/arm64/mldsa.dia -c /Users/j/Documents/GitHub/MoneroOne/build/SourcePackages/checkouts/swift-nio-ssl/Sources/CNIOBoringSSL/crypto/mldsa/mldsa.cc -o /Users/j/Documents/GitHub/MoneroOne/build/Build/Intermediates.noindex/swift-nio-ssl.build/Debug-iphonesimulator/CNIOBoringSSL.build/Objects-normal/arm64/mldsa.o -index-unit-output-path /swift-nio-ssl.build/Debug-iphonesimulator/CNIOBoringSSL.build/Objects-normal/arm64/mldsa.o

CompileC /Users/j/Documents/GitHub/MoneroOne/build/Build/Intermediates.noindex/swift-nio-ssl.build/Debug-iphonesimulator/CNIOBoringSSL.build/Objects-normal/arm64/mem.o /Users/j/Documents/GitHub/MoneroOne/build/SourcePackages/checkouts/swift-nio-ssl/Sources/CNIOBoringSSL/crypto/mem.cc normal arm64 c++ com.apple.compilers.llvm.clang.1_0.compiler (in target 'CNIOBoringSSL' from project 'swift-nio-ssl')
    cd /Users/j/Documents/GitHub/MoneroOne/MoneroOne.xcodeproj
    
    Using response file: /Users/j/Documents/GitHub/MoneroOne/build/Build/Intermediates.noindex/swift-nio-ssl.build/Debug-iphonesimulator/CNIOBoringSSL.build/Objects-normal/arm64/82b82416624d2658e5098eb0a28c15c5-common-args.resp
    
    /Applications/Xcode.app/Contents/Developer/Toolchains/XcodeDefault.xctoolchain/usr/bin/clang -x c++ -ivfsstatcache /Users/j/Documents/GitHub/MoneroOne/build/SDKStatCaches.noindex/iphonesimulator26.1-23B77-90cf18a4295e390e64c810bc6bd7acbc.sdkstatcache -fmessage-length\=0 -fdiagnostics-show-note-include-stack -fmacro-backtrace-limit\=0 -fno-color-diagnostics -fmodules-prune-interval\=86400 -fmodules-prune-after\=345600 -fbuild-session-file\=/Users/j/Documents/GitHub/MoneroOne/build/ModuleCache.noindex/Session.modulevalidation -fmodules-validate-once-per-build-session -Wnon-modular-include-in-framework-module -Werror\=non-modular-include-in-framework-module -Wno-trigraphs -Wno-missing-field-initializers -Wno-missing-prototypes -Wno-return-type -Wno-non-virtual-dtor -Wno-overloaded-virtual -Wno-exit-time-destructors -Wno-missing-braces -Wparentheses -Wswitch -Wno-unused-function -Wno-unused-label -Wno-unused-parameter -Wno-unused-variable -Wunused-value -Wno-empty-body -Wno-uninitialized -Wno-unknown-pragmas -w -Wno-shadow -Wno-four-char-constants -Wno-conversion -Wno-constant-conversion -Wno-int-conversion -Wno-bool-conversion -Wno-enum-conversion -Wno-float-conversion -Wno-non-literal-null-conversion -Wno-objc-literal-conversion -Wshorten-64-to-32 -Wno-newline-eof -Wno-c++11-extensions -Wno-implicit-fallthrough -fstrict-aliasing -Wdeprecated-declarations -Winvalid-offsetof -Wno-sign-conversion -Wno-infinite-recursion -Wno-move -Wno-comma -Wno-block-capture-autoreleasing -Wno-strict-prototypes -Wno-range-loop-analysis -Wno-semicolon-before-method-body -index-store-path /Users/j/Documents/GitHub/MoneroOne/build/Index.noindex/DataStore @/Users/j/Documents/GitHub/MoneroOne/build/Build/Intermediates.noindex/swift-nio-ssl.build/Debug-iphonesimulator/CNIOBoringSSL.build/Objects-normal/arm64/82b82416624d2658e5098eb0a28c15c5-common-args.resp -MMD -MT dependencies -MF /Users/j/Documents/GitHub/MoneroOne/build/Build/Intermediates.noindex/swift-nio-ssl.build/Debug-iphonesimulator/CNIOBoringSSL.build/Objects-normal/arm64/mem.d --serialize-diagnostics /Users/j/Documents/GitHub/MoneroOne/build/Build/Intermediates.noindex/swift-nio-ssl.build/Debug-iphonesimulator/CNIOBoringSSL.build/Objects-normal/arm64/mem.dia -c /Users/j/Documents/GitHub/MoneroOne/build/SourcePackages/checkouts/swift-nio-ssl/Sources/CNIOBoringSSL/crypto/mem.cc -o /Users/j/Documents/GitHub/MoneroOne/build/Build/Intermediates.noindex/swift-nio-ssl.build/Debug-iphonesimulator/CNIOBoringSSL.build/Objects-normal/arm64/mem.o -index-unit-output-path /swift-nio-ssl.build/Debug-iphonesimulator/CNIOBoringSSL.build/Objects-normal/arm64/mem.o

CompileC /Users/j/Documents/GitHub/MoneroOne/build/Build/Intermediates.noindex/swift-nio-ssl.build/Debug-iphonesimulator/CNIOBoringSSL.build/Objects-normal/arm64/md5.o /Users/j/Documents/GitHub/MoneroOne/build/SourcePackages/checkouts/swift-nio-ssl/Sources/CNIOBoringSSL/crypto/md5/md5.cc normal arm64 c++ com.apple.compilers.llvm.clang.1_0.compiler (in target 'CNIOBoringSSL' from project 'swift-nio-ssl')
    cd /Users/j/Documents/GitHub/MoneroOne/MoneroOne.xcodeproj
    
    Using response file: /Users/j/Documents/GitHub/MoneroOne/build/Build/Intermediates.noindex/swift-nio-ssl.build/Debug-iphonesimulator/CNIOBoringSSL.build/Objects-normal/arm64/82b82416624d2658e5098eb0a28c15c5-common-args.resp
    
    /Applications/Xcode.app/Contents/Developer/Toolchains/XcodeDefault.xctoolchain/usr/bin/clang -x c++ -ivfsstatcache /Users/j/Documents/GitHub/MoneroOne/build/SDKStatCaches.noindex/iphonesimulator26.1-23B77-90cf18a4295e390e64c810bc6bd7acbc.sdkstatcache -fmessage-length\=0 -fdiagnostics-show-note-include-stack -fmacro-backtrace-limit\=0 -fno-color-diagnostics -fmodules-prune-interval\=86400 -fmodules-prune-after\=345600 -fbuild-session-file\=/Users/j/Documents/GitHub/MoneroOne/build/ModuleCache.noindex/Session.modulevalidation -fmodules-validate-once-per-build-session -Wnon-modular-include-in-framework-module -Werror\=non-modular-include-in-framework-module -Wno-trigraphs -Wno-missing-field-initializers -Wno-missing-prototypes -Wno-return-type -Wno-non-virtual-dtor -Wno-overloaded-virtual -Wno-exit-time-destructors -Wno-missing-braces -Wparentheses -Wswitch -Wno-unused-function -Wno-unused-label -Wno-unused-parameter -Wno-unused-variable -Wunused-value -Wno-empty-body -Wno-uninitialized -Wno-unknown-pragmas -w -Wno-shadow -Wno-four-char-constants -Wno-conversion -Wno-constant-conversion -Wno-int-conversion -Wno-bool-conversion -Wno-enum-conversion -Wno-float-conversion -Wno-non-literal-null-conversion -Wno-objc-literal-conversion -Wshorten-64-to-32 -Wno-newline-eof -Wno-c++11-extensions -Wno-implicit-fallthrough -fstrict-aliasing -Wdeprecated-declarations -Winvalid-offsetof -Wno-sign-conversion -Wno-infinite-recursion -Wno-move -Wno-comma -Wno-block-capture-autoreleasing -Wno-strict-prototypes -Wno-range-loop-analysis -Wno-semicolon-before-method-body -index-store-path /Users/j/Documents/GitHub/MoneroOne/build/Index.noindex/DataStore @/Users/j/Documents/GitHub/MoneroOne/build/Build/Intermediates.noindex/swift-nio-ssl.build/Debug-iphonesimulator/CNIOBoringSSL.build/Objects-normal/arm64/82b82416624d2658e5098eb0a28c15c5-common-args.resp -MMD -MT dependencies -MF /Users/j/Documents/GitHub/MoneroOne/build/Build/Intermediates.noindex/swift-nio-ssl.build/Debug-iphonesimulator/CNIOBoringSSL.build/Objects-normal/arm64/md5.d --serialize-diagnostics /Users/j/Documents/GitHub/MoneroOne/build/Build/Intermediates.noindex/swift-nio-ssl.build/Debug-iphonesimulator/CNIOBoringSSL.build/Objects-normal/arm64/md5.dia -c /Users/j/Documents/GitHub/MoneroOne/build/SourcePackages/checkouts/swift-nio-ssl/Sources/CNIOBoringSSL/crypto/md5/md5.cc -o /Users/j/Documents/GitHub/MoneroOne/build/Build/Intermediates.noindex/swift-nio-ssl.build/Debug-iphonesimulator/CNIOBoringSSL.build/Objects-normal/arm64/md5.o -index-unit-output-path /swift-nio-ssl.build/Debug-iphonesimulator/CNIOBoringSSL.build/Objects-normal/arm64/md5.o

CompileC /Users/j/Documents/GitHub/MoneroOne/build/Build/Intermediates.noindex/swift-nio-ssl.build/Debug-iphonesimulator/CNIOBoringSSL.build/Objects-normal/arm64/md5-x86_64-linux.o /Users/j/Documents/GitHub/MoneroOne/build/SourcePackages/checkouts/swift-nio-ssl/Sources/CNIOBoringSSL/gen/crypto/md5-x86_64-linux.S normal arm64 assembler-with-cpp com.apple.compilers.llvm.clang.1_0.compiler (in target 'CNIOBoringSSL' from project 'swift-nio-ssl')
    cd /Users/j/Documents/GitHub/MoneroOne/MoneroOne.xcodeproj
    
    Using response file: /Users/j/Documents/GitHub/MoneroOne/build/Build/Intermediates.noindex/swift-nio-ssl.build/Debug-iphonesimulator/CNIOBoringSSL.build/Objects-normal/arm64/533656923a283fa776881f304837ed9e-common-args.resp
    
    /Applications/Xcode.app/Contents/Developer/Toolchains/XcodeDefault.xctoolchain/usr/bin/clang -x assembler-with-cpp -ivfsstatcache /Users/j/Documents/GitHub/MoneroOne/build/SDKStatCaches.noindex/iphonesimulator26.1-23B77-90cf18a4295e390e64c810bc6bd7acbc.sdkstatcache -fmessage-length\=0 -fdiagnostics-show-note-include-stack -fmacro-backtrace-limit\=0 -fno-color-diagnostics -fmodules-prune-interval\=86400 -fmodules-prune-after\=345600 -fbuild-session-file\=/Users/j/Documents/GitHub/MoneroOne/build/ModuleCache.noindex/Session.modulevalidation -fmodules-validate-once-per-build-session -Wnon-modular-include-in-framework-module -Werror\=non-modular-include-in-framework-module -Wno-trigraphs -Wno-missing-field-initializers -Wno-missing-prototypes -Wno-return-type -Wno-missing-braces -Wparentheses -Wswitch -Wno-unused-function -Wno-unused-label -Wno-unused-parameter -Wno-unused-variable -Wunused-value -Wno-empty-body -Wno-uninitialized -Wno-unknown-pragmas -w -Wno-shadow -Wno-four-char-constants -Wno-conversion -Wno-constant-conversion -Wno-int-conversion -Wno-bool-conversion -Wno-enum-conversion -Wno-float-conversion -Wno-non-literal-null-conversion -Wno-objc-literal-conversion -Wshorten-64-to-32 -Wno-newline-eof -Wno-implicit-fallthrough -fstrict-aliasing -Wdeprecated-declarations -Wno-sign-conversion -Wno-infinite-recursion -Wno-comma -Wno-block-capture-autoreleasing -Wno-strict-prototypes -Wno-semicolon-before-method-body -index-store-path /Users/j/Documents/GitHub/MoneroOne/build/Index.noindex/DataStore @/Users/j/Documents/GitHub/MoneroOne/build/Build/Intermediates.noindex/swift-nio-ssl.build/Debug-iphonesimulator/CNIOBoringSSL.build/Objects-normal/arm64/533656923a283fa776881f304837ed9e-common-args.resp -MMD -MT dependencies -MF /Users/j/Documents/GitHub/MoneroOne/build/Build/Intermediates.noindex/swift-nio-ssl.build/Debug-iphonesimulator/CNIOBoringSSL.build/Objects-normal/arm64/md5-x86_64-linux.d --serialize-diagnostics /Users/j/Documents/GitHub/MoneroOne/build/Build/Intermediates.noindex/swift-nio-ssl.build/Debug-iphonesimulator/CNIOBoringSSL.build/Objects-normal/arm64/md5-x86_64-linux.dia -c /Users/j/Documents/GitHub/MoneroOne/build/SourcePackages/checkouts/swift-nio-ssl/Sources/CNIOBoringSSL/gen/crypto/md5-x86_64-linux.S -o /Users/j/Documents/GitHub/MoneroOne/build/Build/Intermediates.noindex/swift-nio-ssl.build/Debug-iphonesimulator/CNIOBoringSSL.build/Objects-normal/arm64/md5-x86_64-linux.o -index-unit-output-path /swift-nio-ssl.build/Debug-iphonesimulator/CNIOBoringSSL.build/Objects-normal/arm64/md5-x86_64-linux.o

CompileC /Users/j/Documents/GitHub/MoneroOne/build/Build/Intermediates.noindex/swift-nio-ssl.build/Debug-iphonesimulator/CNIOBoringSSL.build/Objects-normal/arm64/md5-x86_64-apple.o /Users/j/Documents/GitHub/MoneroOne/build/SourcePackages/checkouts/swift-nio-ssl/Sources/CNIOBoringSSL/gen/crypto/md5-x86_64-apple.S normal arm64 assembler-with-cpp com.apple.compilers.llvm.clang.1_0.compiler (in target 'CNIOBoringSSL' from project 'swift-nio-ssl')
    cd /Users/j/Documents/GitHub/MoneroOne/MoneroOne.xcodeproj
    
    Using response file: /Users/j/Documents/GitHub/MoneroOne/build/Build/Intermediates.noindex/swift-nio-ssl.build/Debug-iphonesimulator/CNIOBoringSSL.build/Objects-normal/arm64/533656923a283fa776881f304837ed9e-common-args.resp
    
    /Applications/Xcode.app/Contents/Developer/Toolchains/XcodeDefault.xctoolchain/usr/bin/clang -x assembler-with-cpp -ivfsstatcache /Users/j/Documents/GitHub/MoneroOne/build/SDKStatCaches.noindex/iphonesimulator26.1-23B77-90cf18a4295e390e64c810bc6bd7acbc.sdkstatcache -fmessage-length\=0 -fdiagnostics-show-note-include-stack -fmacro-backtrace-limit\=0 -fno-color-diagnostics -fmodules-prune-interval\=86400 -fmodules-prune-after\=345600 -fbuild-session-file\=/Users/j/Documents/GitHub/MoneroOne/build/ModuleCache.noindex/Session.modulevalidation -fmodules-validate-once-per-build-session -Wnon-modular-include-in-framework-module -Werror\=non-modular-include-in-framework-module -Wno-trigraphs -Wno-missing-field-initializers -Wno-missing-prototypes -Wno-return-type -Wno-missing-braces -Wparentheses -Wswitch -Wno-unused-function -Wno-unused-label -Wno-unused-parameter -Wno-unused-variable -Wunused-value -Wno-empty-body -Wno-uninitialized -Wno-unknown-pragmas -w -Wno-shadow -Wno-four-char-constants -Wno-conversion -Wno-constant-conversion -Wno-int-conversion -Wno-bool-conversion -Wno-enum-conversion -Wno-float-conversion -Wno-non-literal-null-conversion -Wno-objc-literal-conversion -Wshorten-64-to-32 -Wno-newline-eof -Wno-implicit-fallthrough -fstrict-aliasing -Wdeprecated-declarations -Wno-sign-conversion -Wno-infinite-recursion -Wno-comma -Wno-block-capture-autoreleasing -Wno-strict-prototypes -Wno-semicolon-before-method-body -index-store-path /Users/j/Documents/GitHub/MoneroOne/build/Index.noindex/DataStore @/Users/j/Documents/GitHub/MoneroOne/build/Build/Intermediates.noindex/swift-nio-ssl.build/Debug-iphonesimulator/CNIOBoringSSL.build/Objects-normal/arm64/533656923a283fa776881f304837ed9e-common-args.resp -MMD -MT dependencies -MF /Users/j/Documents/GitHub/MoneroOne/build/Build/Intermediates.noindex/swift-nio-ssl.build/Debug-iphonesimulator/CNIOBoringSSL.build/Objects-normal/arm64/md5-x86_64-apple.d --serialize-diagnostics /Users/j/Documents/GitHub/MoneroOne/build/Build/Intermediates.noindex/swift-nio-ssl.build/Debug-iphonesimulator/CNIOBoringSSL.build/Objects-normal/arm64/md5-x86_64-apple.dia -c /Users/j/Documents/GitHub/MoneroOne/build/SourcePackages/checkouts/swift-nio-ssl/Sources/CNIOBoringSSL/gen/crypto/md5-x86_64-apple.S -o /Users/j/Documents/GitHub/MoneroOne/build/Build/Intermediates.noindex/swift-nio-ssl.build/Debug-iphonesimulator/CNIOBoringSSL.build/Objects-normal/arm64/md5-x86_64-apple.o -index-unit-output-path /swift-nio-ssl.build/Debug-iphonesimulator/CNIOBoringSSL.build/Objects-normal/arm64/md5-x86_64-apple.o

CompileC /Users/j/Documents/GitHub/MoneroOne/build/Build/Intermediates.noindex/swift-nio-ssl.build/Debug-iphonesimulator/CNIOBoringSSL.build/Objects-normal/arm64/md5-586-linux.o /Users/j/Documents/GitHub/MoneroOne/build/SourcePackages/checkouts/swift-nio-ssl/Sources/CNIOBoringSSL/gen/crypto/md5-586-linux.S normal arm64 assembler-with-cpp com.apple.compilers.llvm.clang.1_0.compiler (in target 'CNIOBoringSSL' from project 'swift-nio-ssl')
    cd /Users/j/Documents/GitHub/MoneroOne/MoneroOne.xcodeproj
    
    Using response file: /Users/j/Documents/GitHub/MoneroOne/build/Build/Intermediates.noindex/swift-nio-ssl.build/Debug-iphonesimulator/CNIOBoringSSL.build/Objects-normal/arm64/533656923a283fa776881f304837ed9e-common-args.resp
    
    /Applications/Xcode.app/Contents/Developer/Toolchains/XcodeDefault.xctoolchain/usr/bin/clang -x assembler-with-cpp -ivfsstatcache /Users/j/Documents/GitHub/MoneroOne/build/SDKStatCaches.noindex/iphonesimulator26.1-23B77-90cf18a4295e390e64c810bc6bd7acbc.sdkstatcache -fmessage-length\=0 -fdiagnostics-show-note-include-stack -fmacro-backtrace-limit\=0 -fno-color-diagnostics -fmodules-prune-interval\=86400 -fmodules-prune-after\=345600 -fbuild-session-file\=/Users/j/Documents/GitHub/MoneroOne/build/ModuleCache.noindex/Session.modulevalidation -fmodules-validate-once-per-build-session -Wnon-modular-include-in-framework-module -Werror\=non-modular-include-in-framework-module -Wno-trigraphs -Wno-missing-field-initializers -Wno-missing-prototypes -Wno-return-type -Wno-missing-braces -Wparentheses -Wswitch -Wno-unused-function -Wno-unused-label -Wno-unused-parameter -Wno-unused-variable -Wunused-value -Wno-empty-body -Wno-uninitialized -Wno-unknown-pragmas -w -Wno-shadow -Wno-four-char-constants -Wno-conversion -Wno-constant-conversion -Wno-int-conversion -Wno-bool-conversion -Wno-enum-conversion -Wno-float-conversion -Wno-non-literal-null-conversion -Wno-objc-literal-conversion -Wshorten-64-to-32 -Wno-newline-eof -Wno-implicit-fallthrough -fstrict-aliasing -Wdeprecated-declarations -Wno-sign-conversion -Wno-infinite-recursion -Wno-comma -Wno-block-capture-autoreleasing -Wno-strict-prototypes -Wno-semicolon-before-method-body -index-store-path /Users/j/Documents/GitHub/MoneroOne/build/Index.noindex/DataStore @/Users/j/Documents/GitHub/MoneroOne/build/Build/Intermediates.noindex/swift-nio-ssl.build/Debug-iphonesimulator/CNIOBoringSSL.build/Objects-normal/arm64/533656923a283fa776881f304837ed9e-common-args.resp -MMD -MT dependencies -MF /Users/j/Documents/GitHub/MoneroOne/build/Build/Intermediates.noindex/swift-nio-ssl.build/Debug-iphonesimulator/CNIOBoringSSL.build/Objects-normal/arm64/md5-586-linux.d --serialize-diagnostics /Users/j/Documents/GitHub/MoneroOne/build/Build/Intermediates.noindex/swift-nio-ssl.build/Debug-iphonesimulator/CNIOBoringSSL.build/Objects-normal/arm64/md5-586-linux.dia -c /Users/j/Documents/GitHub/MoneroOne/build/SourcePackages/checkouts/swift-nio-ssl/Sources/CNIOBoringSSL/gen/crypto/md5-586-linux.S -o /Users/j/Documents/GitHub/MoneroOne/build/Build/Intermediates.noindex/swift-nio-ssl.build/Debug-iphonesimulator/CNIOBoringSSL.build/Objects-normal/arm64/md5-586-linux.o -index-unit-output-path /swift-nio-ssl.build/Debug-iphonesimulator/CNIOBoringSSL.build/Objects-normal/arm64/md5-586-linux.o

CompileC /Users/j/Documents/GitHub/MoneroOne/build/Build/Intermediates.noindex/swift-nio-ssl.build/Debug-iphonesimulator/CNIOBoringSSL.build/Objects-normal/arm64/md5-586-apple.o /Users/j/Documents/GitHub/MoneroOne/build/SourcePackages/checkouts/swift-nio-ssl/Sources/CNIOBoringSSL/gen/crypto/md5-586-apple.S normal arm64 assembler-with-cpp com.apple.compilers.llvm.clang.1_0.compiler (in target 'CNIOBoringSSL' from project 'swift-nio-ssl')
    cd /Users/j/Documents/GitHub/MoneroOne/MoneroOne.xcodeproj
    
    Using response file: /Users/j/Documents/GitHub/MoneroOne/build/Build/Intermediates.noindex/swift-nio-ssl.build/Debug-iphonesimulator/CNIOBoringSSL.build/Objects-normal/arm64/533656923a283fa776881f304837ed9e-common-args.resp
    
    /Applications/Xcode.app/Contents/Developer/Toolchains/XcodeDefault.xctoolchain/usr/bin/clang -x assembler-with-cpp -ivfsstatcache /Users/j/Documents/GitHub/MoneroOne/build/SDKStatCaches.noindex/iphonesimulator26.1-23B77-90cf18a4295e390e64c810bc6bd7acbc.sdkstatcache -fmessage-length\=0 -fdiagnostics-show-note-include-stack -fmacro-backtrace-limit\=0 -fno-color-diagnostics -fmodules-prune-interval\=86400 -fmodules-prune-after\=345600 -fbuild-session-file\=/Users/j/Documents/GitHub/MoneroOne/build/ModuleCache.noindex/Session.modulevalidation -fmodules-validate-once-per-build-session -Wnon-modular-include-in-framework-module -Werror\=non-modular-include-in-framework-module -Wno-trigraphs -Wno-missing-field-initializers -Wno-missing-prototypes -Wno-return-type -Wno-missing-braces -Wparentheses -Wswitch -Wno-unused-function -Wno-unused-label -Wno-unused-parameter -Wno-unused-variable -Wunused-value -Wno-empty-body -Wno-uninitialized -Wno-unknown-pragmas -w -Wno-shadow -Wno-four-char-constants -Wno-conversion -Wno-constant-conversion -Wno-int-conversion -Wno-bool-conversion -Wno-enum-conversion -Wno-float-conversion -Wno-non-literal-null-conversion -Wno-objc-literal-conversion -Wshorten-64-to-32 -Wno-newline-eof -Wno-implicit-fallthrough -fstrict-aliasing -Wdeprecated-declarations -Wno-sign-conversion -Wno-infinite-recursion -Wno-comma -Wno-block-capture-autoreleasing -Wno-strict-prototypes -Wno-semicolon-before-method-body -index-store-path /Users/j/Documents/GitHub/MoneroOne/build/Index.noindex/DataStore @/Users/j/Documents/GitHub/MoneroOne/build/Build/Intermediates.noindex/swift-nio-ssl.build/Debug-iphonesimulator/CNIOBoringSSL.build/Objects-normal/arm64/533656923a283fa776881f304837ed9e-common-args.resp -MMD -MT dependencies -MF /Users/j/Documents/GitHub/MoneroOne/build/Build/Intermediates.noindex/swift-nio-ssl.build/Debug-iphonesimulator/CNIOBoringSSL.build/Objects-normal/arm64/md5-586-apple.d --serialize-diagnostics /Users/j/Documents/GitHub/MoneroOne/build/Build/Intermediates.noindex/swift-nio-ssl.build/Debug-iphonesimulator/CNIOBoringSSL.build/Objects-normal/arm64/md5-586-apple.dia -c /Users/j/Documents/GitHub/MoneroOne/build/SourcePackages/checkouts/swift-nio-ssl/Sources/CNIOBoringSSL/gen/crypto/md5-586-apple.S -o /Users/j/Documents/GitHub/MoneroOne/build/Build/Intermediates.noindex/swift-nio-ssl.build/Debug-iphonesimulator/CNIOBoringSSL.build/Objects-normal/arm64/md5-586-apple.o -index-unit-output-path /swift-nio-ssl.build/Debug-iphonesimulator/CNIOBoringSSL.build/Objects-normal/arm64/md5-586-apple.o

CompileC /Users/j/Documents/GitHub/MoneroOne/build/Build/Intermediates.noindex/swift-nio-ssl.build/Debug-iphonesimulator/CNIOBoringSSL.build/Objects-normal/arm64/md4.o /Users/j/Documents/GitHub/MoneroOne/build/SourcePackages/checkouts/swift-nio-ssl/Sources/CNIOBoringSSL/crypto/md4/md4.cc normal arm64 c++ com.apple.compilers.llvm.clang.1_0.compiler (in target 'CNIOBoringSSL' from project 'swift-nio-ssl')
    cd /Users/j/Documents/GitHub/MoneroOne/MoneroOne.xcodeproj
    
    Using response file: /Users/j/Documents/GitHub/MoneroOne/build/Build/Intermediates.noindex/swift-nio-ssl.build/Debug-iphonesimulator/CNIOBoringSSL.build/Objects-normal/arm64/82b82416624d2658e5098eb0a28c15c5-common-args.resp
    
    /Applications/Xcode.app/Contents/Developer/Toolchains/XcodeDefault.xctoolchain/usr/bin/clang -x c++ -ivfsstatcache /Users/j/Documents/GitHub/MoneroOne/build/SDKStatCaches.noindex/iphonesimulator26.1-23B77-90cf18a4295e390e64c810bc6bd7acbc.sdkstatcache -fmessage-length\=0 -fdiagnostics-show-note-include-stack -fmacro-backtrace-limit\=0 -fno-color-diagnostics -fmodules-prune-interval\=86400 -fmodules-prune-after\=345600 -fbuild-session-file\=/Users/j/Documents/GitHub/MoneroOne/build/ModuleCache.noindex/Session.modulevalidation -fmodules-validate-once-per-build-session -Wnon-modular-include-in-framework-module -Werror\=non-modular-include-in-framework-module -Wno-trigraphs -Wno-missing-field-initializers -Wno-missing-prototypes -Wno-return-type -Wno-non-virtual-dtor -Wno-overloaded-virtual -Wno-exit-time-destructors -Wno-missing-braces -Wparentheses -Wswitch -Wno-unused-function -Wno-unused-label -Wno-unused-parameter -Wno-unused-variable -Wunused-value -Wno-empty-body -Wno-uninitialized -Wno-unknown-pragmas -w -Wno-shadow -Wno-four-char-constants -Wno-conversion -Wno-constant-conversion -Wno-int-conversion -Wno-bool-conversion -Wno-enum-conversion -Wno-float-conversion -Wno-non-literal-null-conversion -Wno-objc-literal-conversion -Wshorten-64-to-32 -Wno-newline-eof -Wno-c++11-extensions -Wno-implicit-fallthrough -fstrict-aliasing -Wdeprecated-declarations -Winvalid-offsetof -Wno-sign-conversion -Wno-infinite-recursion -Wno-move -Wno-comma -Wno-block-capture-autoreleasing -Wno-strict-prototypes -Wno-range-loop-analysis -Wno-semicolon-before-method-body -index-store-path /Users/j/Documents/GitHub/MoneroOne/build/Index.noindex/DataStore @/Users/j/Documents/GitHub/MoneroOne/build/Build/Intermediates.noindex/swift-nio-ssl.build/Debug-iphonesimulator/CNIOBoringSSL.build/Objects-normal/arm64/82b82416624d2658e5098eb0a28c15c5-common-args.resp -MMD -MT dependencies -MF /Users/j/Documents/GitHub/MoneroOne/build/Build/Intermediates.noindex/swift-nio-ssl.build/Debug-iphonesimulator/CNIOBoringSSL.build/Objects-normal/arm64/md4.d --serialize-diagnostics /Users/j/Documents/GitHub/MoneroOne/build/Build/Intermediates.noindex/swift-nio-ssl.build/Debug-iphonesimulator/CNIOBoringSSL.build/Objects-normal/arm64/md4.dia -c /Users/j/Documents/GitHub/MoneroOne/build/SourcePackages/checkouts/swift-nio-ssl/Sources/CNIOBoringSSL/crypto/md4/md4.cc -o /Users/j/Documents/GitHub/MoneroOne/build/Build/Intermediates.noindex/swift-nio-ssl.build/Debug-iphonesimulator/CNIOBoringSSL.build/Objects-normal/arm64/md4.o -index-unit-output-path /swift-nio-ssl.build/Debug-iphonesimulator/CNIOBoringSSL.build/Objects-normal/arm64/md4.o

CompileC /Users/j/Documents/GitHub/MoneroOne/build/Build/Intermediates.noindex/swift-nio-ssl.build/Debug-iphonesimulator/CNIOBoringSSL.build/Objects-normal/arm64/lhash.o /Users/j/Documents/GitHub/MoneroOne/build/SourcePackages/checkouts/swift-nio-ssl/Sources/CNIOBoringSSL/crypto/lhash/lhash.cc normal arm64 c++ com.apple.compilers.llvm.clang.1_0.compiler (in target 'CNIOBoringSSL' from project 'swift-nio-ssl')
    cd /Users/j/Documents/GitHub/MoneroOne/MoneroOne.xcodeproj
    
    Using response file: /Users/j/Documents/GitHub/MoneroOne/build/Build/Intermediates.noindex/swift-nio-ssl.build/Debug-iphonesimulator/CNIOBoringSSL.build/Objects-normal/arm64/82b82416624d2658e5098eb0a28c15c5-common-args.resp
    
    /Applications/Xcode.app/Contents/Developer/Toolchains/XcodeDefault.xctoolchain/usr/bin/clang -x c++ -ivfsstatcache /Users/j/Documents/GitHub/MoneroOne/build/SDKStatCaches.noindex/iphonesimulator26.1-23B77-90cf18a4295e390e64c810bc6bd7acbc.sdkstatcache -fmessage-length\=0 -fdiagnostics-show-note-include-stack -fmacro-backtrace-limit\=0 -fno-color-diagnostics -fmodules-prune-interval\=86400 -fmodules-prune-after\=345600 -fbuild-session-file\=/Users/j/Documents/GitHub/MoneroOne/build/ModuleCache.noindex/Session.modulevalidation -fmodules-validate-once-per-build-session -Wnon-modular-include-in-framework-module -Werror\=non-modular-include-in-framework-module -Wno-trigraphs -Wno-missing-field-initializers -Wno-missing-prototypes -Wno-return-type -Wno-non-virtual-dtor -Wno-overloaded-virtual -Wno-exit-time-destructors -Wno-missing-braces -Wparentheses -Wswitch -Wno-unused-function -Wno-unused-label -Wno-unused-parameter -Wno-unused-variable -Wunused-value -Wno-empty-body -Wno-uninitialized -Wno-unknown-pragmas -w -Wno-shadow -Wno-four-char-constants -Wno-conversion -Wno-constant-conversion -Wno-int-conversion -Wno-bool-conversion -Wno-enum-conversion -Wno-float-conversion -Wno-non-literal-null-conversion -Wno-objc-literal-conversion -Wshorten-64-to-32 -Wno-newline-eof -Wno-c++11-extensions -Wno-implicit-fallthrough -fstrict-aliasing -Wdeprecated-declarations -Winvalid-offsetof -Wno-sign-conversion -Wno-infinite-recursion -Wno-move -Wno-comma -Wno-block-capture-autoreleasing -Wno-strict-prototypes -Wno-range-loop-analysis -Wno-semicolon-before-method-body -index-store-path /Users/j/Documents/GitHub/MoneroOne/build/Index.noindex/DataStore @/Users/j/Documents/GitHub/MoneroOne/build/Build/Intermediates.noindex/swift-nio-ssl.build/Debug-iphonesimulator/CNIOBoringSSL.build/Objects-normal/arm64/82b82416624d2658e5098eb0a28c15c5-common-args.resp -MMD -MT dependencies -MF /Users/j/Documents/GitHub/MoneroOne/build/Build/Intermediates.noindex/swift-nio-ssl.build/Debug-iphonesimulator/CNIOBoringSSL.build/Objects-normal/arm64/lhash.d --serialize-diagnostics /Users/j/Documents/GitHub/MoneroOne/build/Build/Intermediates.noindex/swift-nio-ssl.build/Debug-iphonesimulator/CNIOBoringSSL.build/Objects-normal/arm64/lhash.dia -c /Users/j/Documents/GitHub/MoneroOne/build/SourcePackages/checkouts/swift-nio-ssl/Sources/CNIOBoringSSL/crypto/lhash/lhash.cc -o /Users/j/Documents/GitHub/MoneroOne/build/Build/Intermediates.noindex/swift-nio-ssl.build/Debug-iphonesimulator/CNIOBoringSSL.build/Objects-normal/arm64/lhash.o -index-unit-output-path /swift-nio-ssl.build/Debug-iphonesimulator/CNIOBoringSSL.build/Objects-normal/arm64/lhash.o

CompileC /Users/j/Documents/GitHub/MoneroOne/build/Build/Intermediates.noindex/swift-nio-ssl.build/Debug-iphonesimulator/CNIOBoringSSL.build/Objects-normal/arm64/kyber.o /Users/j/Documents/GitHub/MoneroOne/build/SourcePackages/checkouts/swift-nio-ssl/Sources/CNIOBoringSSL/crypto/kyber/kyber.cc normal arm64 c++ com.apple.compilers.llvm.clang.1_0.compiler (in target 'CNIOBoringSSL' from project 'swift-nio-ssl')
    cd /Users/j/Documents/GitHub/MoneroOne/MoneroOne.xcodeproj
    
    Using response file: /Users/j/Documents/GitHub/MoneroOne/build/Build/Intermediates.noindex/swift-nio-ssl.build/Debug-iphonesimulator/CNIOBoringSSL.build/Objects-normal/arm64/82b82416624d2658e5098eb0a28c15c5-common-args.resp
    
    /Applications/Xcode.app/Contents/Developer/Toolchains/XcodeDefault.xctoolchain/usr/bin/clang -x c++ -ivfsstatcache /Users/j/Documents/GitHub/MoneroOne/build/SDKStatCaches.noindex/iphonesimulator26.1-23B77-90cf18a4295e390e64c810bc6bd7acbc.sdkstatcache -fmessage-length\=0 -fdiagnostics-show-note-include-stack -fmacro-backtrace-limit\=0 -fno-color-diagnostics -fmodules-prune-interval\=86400 -fmodules-prune-after\=345600 -fbuild-session-file\=/Users/j/Documents/GitHub/MoneroOne/build/ModuleCache.noindex/Session.modulevalidation -fmodules-validate-once-per-build-session -Wnon-modular-include-in-framework-module -Werror\=non-modular-include-in-framework-module -Wno-trigraphs -Wno-missing-field-initializers -Wno-missing-prototypes -Wno-return-type -Wno-non-virtual-dtor -Wno-overloaded-virtual -Wno-exit-time-destructors -Wno-missing-braces -Wparentheses -Wswitch -Wno-unused-function -Wno-unused-label -Wno-unused-parameter -Wno-unused-variable -Wunused-value -Wno-empty-body -Wno-uninitialized -Wno-unknown-pragmas -w -Wno-shadow -Wno-four-char-constants -Wno-conversion -Wno-constant-conversion -Wno-int-conversion -Wno-bool-conversion -Wno-enum-conversion -Wno-float-conversion -Wno-non-literal-null-conversion -Wno-objc-literal-conversion -Wshorten-64-to-32 -Wno-newline-eof -Wno-c++11-extensions -Wno-implicit-fallthrough -fstrict-aliasing -Wdeprecated-declarations -Winvalid-offsetof -Wno-sign-conversion -Wno-infinite-recursion -Wno-move -Wno-comma -Wno-block-capture-autoreleasing -Wno-strict-prototypes -Wno-range-loop-analysis -Wno-semicolon-before-method-body -index-store-path /Users/j/Documents/GitHub/MoneroOne/build/Index.noindex/DataStore @/Users/j/Documents/GitHub/MoneroOne/build/Build/Intermediates.noindex/swift-nio-ssl.build/Debug-iphonesimulator/CNIOBoringSSL.build/Objects-normal/arm64/82b82416624d2658e5098eb0a28c15c5-common-args.resp -MMD -MT dependencies -MF /Users/j/Documents/GitHub/MoneroOne/build/Build/Intermediates.noindex/swift-nio-ssl.build/Debug-iphonesimulator/CNIOBoringSSL.build/Objects-normal/arm64/kyber.d --serialize-diagnostics /Users/j/Documents/GitHub/MoneroOne/build/Build/Intermediates.noindex/swift-nio-ssl.build/Debug-iphonesimulator/CNIOBoringSSL.build/Objects-normal/arm64/kyber.dia -c /Users/j/Documents/GitHub/MoneroOne/build/SourcePackages/checkouts/swift-nio-ssl/Sources/CNIOBoringSSL/crypto/kyber/kyber.cc -o /Users/j/Documents/GitHub/MoneroOne/build/Build/Intermediates.noindex/swift-nio-ssl.build/Debug-iphonesimulator/CNIOBoringSSL.build/Objects-normal/arm64/kyber.o -index-unit-output-path /swift-nio-ssl.build/Debug-iphonesimulator/CNIOBoringSSL.build/Objects-normal/arm64/kyber.o

CompileC /Users/j/Documents/GitHub/MoneroOne/build/Build/Intermediates.noindex/swift-nio-ssl.build/Debug-iphonesimulator/CNIOBoringSSL.build/Objects-normal/arm64/ios.o /Users/j/Documents/GitHub/MoneroOne/build/SourcePackages/checkouts/swift-nio-ssl/Sources/CNIOBoringSSL/crypto/rand/ios.cc normal arm64 c++ com.apple.compilers.llvm.clang.1_0.compiler (in target 'CNIOBoringSSL' from project 'swift-nio-ssl')
    cd /Users/j/Documents/GitHub/MoneroOne/MoneroOne.xcodeproj
    
    Using response file: /Users/j/Documents/GitHub/MoneroOne/build/Build/Intermediates.noindex/swift-nio-ssl.build/Debug-iphonesimulator/CNIOBoringSSL.build/Objects-normal/arm64/82b82416624d2658e5098eb0a28c15c5-common-args.resp
    
    /Applications/Xcode.app/Contents/Developer/Toolchains/XcodeDefault.xctoolchain/usr/bin/clang -x c++ -ivfsstatcache /Users/j/Documents/GitHub/MoneroOne/build/SDKStatCaches.noindex/iphonesimulator26.1-23B77-90cf18a4295e390e64c810bc6bd7acbc.sdkstatcache -fmessage-length\=0 -fdiagnostics-show-note-include-stack -fmacro-backtrace-limit\=0 -fno-color-diagnostics -fmodules-prune-interval\=86400 -fmodules-prune-after\=345600 -fbuild-session-file\=/Users/j/Documents/GitHub/MoneroOne/build/ModuleCache.noindex/Session.modulevalidation -fmodules-validate-once-per-build-session -Wnon-modular-include-in-framework-module -Werror\=non-modular-include-in-framework-module -Wno-trigraphs -Wno-missing-field-initializers -Wno-missing-prototypes -Wno-return-type -Wno-non-virtual-dtor -Wno-overloaded-virtual -Wno-exit-time-destructors -Wno-missing-braces -Wparentheses -Wswitch -Wno-unused-function -Wno-unused-label -Wno-unused-parameter -Wno-unused-variable -Wunused-value -Wno-empty-body -Wno-uninitialized -Wno-unknown-pragmas -w -Wno-shadow -Wno-four-char-constants -Wno-conversion -Wno-constant-conversion -Wno-int-conversion -Wno-bool-conversion -Wno-enum-conversion -Wno-float-conversion -Wno-non-literal-null-conversion -Wno-objc-literal-conversion -Wshorten-64-to-32 -Wno-newline-eof -Wno-c++11-extensions -Wno-implicit-fallthrough -fstrict-aliasing -Wdeprecated-declarations -Winvalid-offsetof -Wno-sign-conversion -Wno-infinite-recursion -Wno-move -Wno-comma -Wno-block-capture-autoreleasing -Wno-strict-prototypes -Wno-range-loop-analysis -Wno-semicolon-before-method-body -index-store-path /Users/j/Documents/GitHub/MoneroOne/build/Index.noindex/DataStore @/Users/j/Documents/GitHub/MoneroOne/build/Build/Intermediates.noindex/swift-nio-ssl.build/Debug-iphonesimulator/CNIOBoringSSL.build/Objects-normal/arm64/82b82416624d2658e5098eb0a28c15c5-common-args.resp -MMD -MT dependencies -MF /Users/j/Documents/GitHub/MoneroOne/build/Build/Intermediates.noindex/swift-nio-ssl.build/Debug-iphonesimulator/CNIOBoringSSL.build/Objects-normal/arm64/ios.d --serialize-diagnostics /Users/j/Documents/GitHub/MoneroOne/build/Build/Intermediates.noindex/swift-nio-ssl.build/Debug-iphonesimulator/CNIOBoringSSL.build/Objects-normal/arm64/ios.dia -c /Users/j/Documents/GitHub/MoneroOne/build/SourcePackages/checkouts/swift-nio-ssl/Sources/CNIOBoringSSL/crypto/rand/ios.cc -o /Users/j/Documents/GitHub/MoneroOne/build/Build/Intermediates.noindex/swift-nio-ssl.build/Debug-iphonesimulator/CNIOBoringSSL.build/Objects-normal/arm64/ios.o -index-unit-output-path /swift-nio-ssl.build/Debug-iphonesimulator/CNIOBoringSSL.build/Objects-normal/arm64/ios.o

CompileC /Users/j/Documents/GitHub/MoneroOne/build/Build/Intermediates.noindex/swift-nio-ssl.build/Debug-iphonesimulator/CNIOBoringSSL.build/Objects-normal/arm64/i2d_pr.o /Users/j/Documents/GitHub/MoneroOne/build/SourcePackages/checkouts/swift-nio-ssl/Sources/CNIOBoringSSL/crypto/x509/i2d_pr.cc normal arm64 c++ com.apple.compilers.llvm.clang.1_0.compiler (in target 'CNIOBoringSSL' from project 'swift-nio-ssl')
    cd /Users/j/Documents/GitHub/MoneroOne/MoneroOne.xcodeproj
    
    Using response file: /Users/j/Documents/GitHub/MoneroOne/build/Build/Intermediates.noindex/swift-nio-ssl.build/Debug-iphonesimulator/CNIOBoringSSL.build/Objects-normal/arm64/82b82416624d2658e5098eb0a28c15c5-common-args.resp
    
    /Applications/Xcode.app/Contents/Developer/Toolchains/XcodeDefault.xctoolchain/usr/bin/clang -x c++ -ivfsstatcache /Users/j/Documents/GitHub/MoneroOne/build/SDKStatCaches.noindex/iphonesimulator26.1-23B77-90cf18a4295e390e64c810bc6bd7acbc.sdkstatcache -fmessage-length\=0 -fdiagnostics-show-note-include-stack -fmacro-backtrace-limit\=0 -fno-color-diagnostics -fmodules-prune-interval\=86400 -fmodules-prune-after\=345600 -fbuild-session-file\=/Users/j/Documents/GitHub/MoneroOne/build/ModuleCache.noindex/Session.modulevalidation -fmodules-validate-once-per-build-session -Wnon-modular-include-in-framework-module -Werror\=non-modular-include-in-framework-module -Wno-trigraphs -Wno-missing-field-initializers -Wno-missing-prototypes -Wno-return-type -Wno-non-virtual-dtor -Wno-overloaded-virtual -Wno-exit-time-destructors -Wno-missing-braces -Wparentheses -Wswitch -Wno-unused-function -Wno-unused-label -Wno-unused-parameter -Wno-unused-variable -Wunused-value -Wno-empty-body -Wno-uninitialized -Wno-unknown-pragmas -w -Wno-shadow -Wno-four-char-constants -Wno-conversion -Wno-constant-conversion -Wno-int-conversion -Wno-bool-conversion -Wno-enum-conversion -Wno-float-conversion -Wno-non-literal-null-conversion -Wno-objc-literal-conversion -Wshorten-64-to-32 -Wno-newline-eof -Wno-c++11-extensions -Wno-implicit-fallthrough -fstrict-aliasing -Wdeprecated-declarations -Winvalid-offsetof -Wno-sign-conversion -Wno-infinite-recursion -Wno-move -Wno-comma -Wno-block-capture-autoreleasing -Wno-strict-prototypes -Wno-range-loop-analysis -Wno-semicolon-before-method-body -index-store-path /Users/j/Documents/GitHub/MoneroOne/build/Index.noindex/DataStore @/Users/j/Documents/GitHub/MoneroOne/build/Build/Intermediates.noindex/swift-nio-ssl.build/Debug-iphonesimulator/CNIOBoringSSL.build/Objects-normal/arm64/82b82416624d2658e5098eb0a28c15c5-common-args.resp -MMD -MT dependencies -MF /Users/j/Documents/GitHub/MoneroOne/build/Build/Intermediates.noindex/swift-nio-ssl.build/Debug-iphonesimulator/CNIOBoringSSL.build/Objects-normal/arm64/i2d_pr.d --serialize-diagnostics /Users/j/Documents/GitHub/MoneroOne/build/Build/Intermediates.noindex/swift-nio-ssl.build/Debug-iphonesimulator/CNIOBoringSSL.build/Objects-normal/arm64/i2d_pr.dia -c /Users/j/Documents/GitHub/MoneroOne/build/SourcePackages/checkouts/swift-nio-ssl/Sources/CNIOBoringSSL/crypto/x509/i2d_pr.cc -o /Users/j/Documents/GitHub/MoneroOne/build/Build/Intermediates.noindex/swift-nio-ssl.build/Debug-iphonesimulator/CNIOBoringSSL.build/Objects-normal/arm64/i2d_pr.o -index-unit-output-path /swift-nio-ssl.build/Debug-iphonesimulator/CNIOBoringSSL.build/Objects-normal/arm64/i2d_pr.o

CompileC /Users/j/Documents/GitHub/MoneroOne/build/Build/Intermediates.noindex/swift-nio-ssl.build/Debug-iphonesimulator/CNIOBoringSSL.build/Objects-normal/arm64/hrss.o /Users/j/Documents/GitHub/MoneroOne/build/SourcePackages/checkouts/swift-nio-ssl/Sources/CNIOBoringSSL/crypto/hrss/hrss.cc normal arm64 c++ com.apple.compilers.llvm.clang.1_0.compiler (in target 'CNIOBoringSSL' from project 'swift-nio-ssl')
    cd /Users/j/Documents/GitHub/MoneroOne/MoneroOne.xcodeproj
    
    Using response file: /Users/j/Documents/GitHub/MoneroOne/build/Build/Intermediates.noindex/swift-nio-ssl.build/Debug-iphonesimulator/CNIOBoringSSL.build/Objects-normal/arm64/82b82416624d2658e5098eb0a28c15c5-common-args.resp
    
    /Applications/Xcode.app/Contents/Developer/Toolchains/XcodeDefault.xctoolchain/usr/bin/clang -x c++ -ivfsstatcache /Users/j/Documents/GitHub/MoneroOne/build/SDKStatCaches.noindex/iphonesimulator26.1-23B77-90cf18a4295e390e64c810bc6bd7acbc.sdkstatcache -fmessage-length\=0 -fdiagnostics-show-note-include-stack -fmacro-backtrace-limit\=0 -fno-color-diagnostics -fmodules-prune-interval\=86400 -fmodules-prune-after\=345600 -fbuild-session-file\=/Users/j/Documents/GitHub/MoneroOne/build/ModuleCache.noindex/Session.modulevalidation -fmodules-validate-once-per-build-session -Wnon-modular-include-in-framework-module -Werror\=non-modular-include-in-framework-module -Wno-trigraphs -Wno-missing-field-initializers -Wno-missing-prototypes -Wno-return-type -Wno-non-virtual-dtor -Wno-overloaded-virtual -Wno-exit-time-destructors -Wno-missing-braces -Wparentheses -Wswitch -Wno-unused-function -Wno-unused-label -Wno-unused-parameter -Wno-unused-variable -Wunused-value -Wno-empty-body -Wno-uninitialized -Wno-unknown-pragmas -w -Wno-shadow -Wno-four-char-constants -Wno-conversion -Wno-constant-conversion -Wno-int-conversion -Wno-bool-conversion -Wno-enum-conversion -Wno-float-conversion -Wno-non-literal-null-conversion -Wno-objc-literal-conversion -Wshorten-64-to-32 -Wno-newline-eof -Wno-c++11-extensions -Wno-implicit-fallthrough -fstrict-aliasing -Wdeprecated-declarations -Winvalid-offsetof -Wno-sign-conversion -Wno-infinite-recursion -Wno-move -Wno-comma -Wno-block-capture-autoreleasing -Wno-strict-prototypes -Wno-range-loop-analysis -Wno-semicolon-before-method-body -index-store-path /Users/j/Documents/GitHub/MoneroOne/build/Index.noindex/DataStore @/Users/j/Documents/GitHub/MoneroOne/build/Build/Intermediates.noindex/swift-nio-ssl.build/Debug-iphonesimulator/CNIOBoringSSL.build/Objects-normal/arm64/82b82416624d2658e5098eb0a28c15c5-common-args.resp -MMD -MT dependencies -MF /Users/j/Documents/GitHub/MoneroOne/build/Build/Intermediates.noindex/swift-nio-ssl.build/Debug-iphonesimulator/CNIOBoringSSL.build/Objects-normal/arm64/hrss.d --serialize-diagnostics /Users/j/Documents/GitHub/MoneroOne/build/Build/Intermediates.noindex/swift-nio-ssl.build/Debug-iphonesimulator/CNIOBoringSSL.build/Objects-normal/arm64/hrss.dia -c /Users/j/Documents/GitHub/MoneroOne/build/SourcePackages/checkouts/swift-nio-ssl/Sources/CNIOBoringSSL/crypto/hrss/hrss.cc -o /Users/j/Documents/GitHub/MoneroOne/build/Build/Intermediates.noindex/swift-nio-ssl.build/Debug-iphonesimulator/CNIOBoringSSL.build/Objects-normal/arm64/hrss.o -index-unit-output-path /swift-nio-ssl.build/Debug-iphonesimulator/CNIOBoringSSL.build/Objects-normal/arm64/hrss.o

CompileC /Users/j/Documents/GitHub/MoneroOne/build/Build/Intermediates.noindex/swift-nio-ssl.build/Debug-iphonesimulator/CNIOBoringSSL.build/Objects-normal/arm64/hpke.o /Users/j/Documents/GitHub/MoneroOne/build/SourcePackages/checkouts/swift-nio-ssl/Sources/CNIOBoringSSL/crypto/hpke/hpke.cc normal arm64 c++ com.apple.compilers.llvm.clang.1_0.compiler (in target 'CNIOBoringSSL' from project 'swift-nio-ssl')
    cd /Users/j/Documents/GitHub/MoneroOne/MoneroOne.xcodeproj
    
    Using response file: /Users/j/Documents/GitHub/MoneroOne/build/Build/Intermediates.noindex/swift-nio-ssl.build/Debug-iphonesimulator/CNIOBoringSSL.build/Objects-normal/arm64/82b82416624d2658e5098eb0a28c15c5-common-args.resp
    
    /Applications/Xcode.app/Contents/Developer/Toolchains/XcodeDefault.xctoolchain/usr/bin/clang -x c++ -ivfsstatcache /Users/j/Documents/GitHub/MoneroOne/build/SDKStatCaches.noindex/iphonesimulator26.1-23B77-90cf18a4295e390e64c810bc6bd7acbc.sdkstatcache -fmessage-length\=0 -fdiagnostics-show-note-include-stack -fmacro-backtrace-limit\=0 -fno-color-diagnostics -fmodules-prune-interval\=86400 -fmodules-prune-after\=345600 -fbuild-session-file\=/Users/j/Documents/GitHub/MoneroOne/build/ModuleCache.noindex/Session.modulevalidation -fmodules-validate-once-per-build-session -Wnon-modular-include-in-framework-module -Werror\=non-modular-include-in-framework-module -Wno-trigraphs -Wno-missing-field-initializers -Wno-missing-prototypes -Wno-return-type -Wno-non-virtual-dtor -Wno-overloaded-virtual -Wno-exit-time-destructors -Wno-missing-braces -Wparentheses -Wswitch -Wno-unused-function -Wno-unused-label -Wno-unused-parameter -Wno-unused-variable -Wunused-value -Wno-empty-body -Wno-uninitialized -Wno-unknown-pragmas -w -Wno-shadow -Wno-four-char-constants -Wno-conversion -Wno-constant-conversion -Wno-int-conversion -Wno-bool-conversion -Wno-enum-conversion -Wno-float-conversion -Wno-non-literal-null-conversion -Wno-objc-literal-conversion -Wshorten-64-to-32 -Wno-newline-eof -Wno-c++11-extensions -Wno-implicit-fallthrough -fstrict-aliasing -Wdeprecated-declarations -Winvalid-offsetof -Wno-sign-conversion -Wno-infinite-recursion -Wno-move -Wno-comma -Wno-block-capture-autoreleasing -Wno-strict-prototypes -Wno-range-loop-analysis -Wno-semicolon-before-method-body -index-store-path /Users/j/Documents/GitHub/MoneroOne/build/Index.noindex/DataStore @/Users/j/Documents/GitHub/MoneroOne/build/Build/Intermediates.noindex/swift-nio-ssl.build/Debug-iphonesimulator/CNIOBoringSSL.build/Objects-normal/arm64/82b82416624d2658e5098eb0a28c15c5-common-args.resp -MMD -MT dependencies -MF /Users/j/Documents/GitHub/MoneroOne/build/Build/Intermediates.noindex/swift-nio-ssl.build/Debug-iphonesimulator/CNIOBoringSSL.build/Objects-normal/arm64/hpke.d --serialize-diagnostics /Users/j/Documents/GitHub/MoneroOne/build/Build/Intermediates.noindex/swift-nio-ssl.build/Debug-iphonesimulator/CNIOBoringSSL.build/Objects-normal/arm64/hpke.dia -c /Users/j/Documents/GitHub/MoneroOne/build/SourcePackages/checkouts/swift-nio-ssl/Sources/CNIOBoringSSL/crypto/hpke/hpke.cc -o /Users/j/Documents/GitHub/MoneroOne/build/Build/Intermediates.noindex/swift-nio-ssl.build/Debug-iphonesimulator/CNIOBoringSSL.build/Objects-normal/arm64/hpke.o -index-unit-output-path /swift-nio-ssl.build/Debug-iphonesimulator/CNIOBoringSSL.build/Objects-normal/arm64/hpke.o

CompileC /Users/j/Documents/GitHub/MoneroOne/build/Build/Intermediates.noindex/swift-nio-ssl.build/Debug-iphonesimulator/CNIOBoringSSL.build/Objects-normal/arm64/hexdump.o /Users/j/Documents/GitHub/MoneroOne/build/SourcePackages/checkouts/swift-nio-ssl/Sources/CNIOBoringSSL/crypto/bio/hexdump.cc normal arm64 c++ com.apple.compilers.llvm.clang.1_0.compiler (in target 'CNIOBoringSSL' from project 'swift-nio-ssl')
    cd /Users/j/Documents/GitHub/MoneroOne/MoneroOne.xcodeproj
    
    Using response file: /Users/j/Documents/GitHub/MoneroOne/build/Build/Intermediates.noindex/swift-nio-ssl.build/Debug-iphonesimulator/CNIOBoringSSL.build/Objects-normal/arm64/82b82416624d2658e5098eb0a28c15c5-common-args.resp
    
    /Applications/Xcode.app/Contents/Developer/Toolchains/XcodeDefault.xctoolchain/usr/bin/clang -x c++ -ivfsstatcache /Users/j/Documents/GitHub/MoneroOne/build/SDKStatCaches.noindex/iphonesimulator26.1-23B77-90cf18a4295e390e64c810bc6bd7acbc.sdkstatcache -fmessage-length\=0 -fdiagnostics-show-note-include-stack -fmacro-backtrace-limit\=0 -fno-color-diagnostics -fmodules-prune-interval\=86400 -fmodules-prune-after\=345600 -fbuild-session-file\=/Users/j/Documents/GitHub/MoneroOne/build/ModuleCache.noindex/Session.modulevalidation -fmodules-validate-once-per-build-session -Wnon-modular-include-in-framework-module -Werror\=non-modular-include-in-framework-module -Wno-trigraphs -Wno-missing-field-initializers -Wno-missing-prototypes -Wno-return-type -Wno-non-virtual-dtor -Wno-overloaded-virtual -Wno-exit-time-destructors -Wno-missing-braces -Wparentheses -Wswitch -Wno-unused-function -Wno-unused-label -Wno-unused-parameter -Wno-unused-variable -Wunused-value -Wno-empty-body -Wno-uninitialized -Wno-unknown-pragmas -w -Wno-shadow -Wno-four-char-constants -Wno-conversion -Wno-constant-conversion -Wno-int-conversion -Wno-bool-conversion -Wno-enum-conversion -Wno-float-conversion -Wno-non-literal-null-conversion -Wno-objc-literal-conversion -Wshorten-64-to-32 -Wno-newline-eof -Wno-c++11-extensions -Wno-implicit-fallthrough -fstrict-aliasing -Wdeprecated-declarations -Winvalid-offsetof -Wno-sign-conversion -Wno-infinite-recursion -Wno-move -Wno-comma -Wno-block-capture-autoreleasing -Wno-strict-prototypes -Wno-range-loop-analysis -Wno-semicolon-before-method-body -index-store-path /Users/j/Documents/GitHub/MoneroOne/build/Index.noindex/DataStore @/Users/j/Documents/GitHub/MoneroOne/build/Build/Intermediates.noindex/swift-nio-ssl.build/Debug-iphonesimulator/CNIOBoringSSL.build/Objects-normal/arm64/82b82416624d2658e5098eb0a28c15c5-common-args.resp -MMD -MT dependencies -MF /Users/j/Documents/GitHub/MoneroOne/build/Build/Intermediates.noindex/swift-nio-ssl.build/Debug-iphonesimulator/CNIOBoringSSL.build/Objects-normal/arm64/hexdump.d --serialize-diagnostics /Users/j/Documents/GitHub/MoneroOne/build/Build/Intermediates.noindex/swift-nio-ssl.build/Debug-iphonesimulator/CNIOBoringSSL.build/Objects-normal/arm64/hexdump.dia -c /Users/j/Documents/GitHub/MoneroOne/build/SourcePackages/checkouts/swift-nio-ssl/Sources/CNIOBoringSSL/crypto/bio/hexdump.cc -o /Users/j/Documents/GitHub/MoneroOne/build/Build/Intermediates.noindex/swift-nio-ssl.build/Debug-iphonesimulator/CNIOBoringSSL.build/Objects-normal/arm64/hexdump.o -index-unit-output-path /swift-nio-ssl.build/Debug-iphonesimulator/CNIOBoringSSL.build/Objects-normal/arm64/hexdump.o

CompileC /Users/j/Documents/GitHub/MoneroOne/build/Build/Intermediates.noindex/swift-nio-ssl.build/Debug-iphonesimulator/CNIOBoringSSL.build/Objects-normal/arm64/hash_to_curve.o /Users/j/Documents/GitHub/MoneroOne/build/SourcePackages/checkouts/swift-nio-ssl/Sources/CNIOBoringSSL/crypto/ec/hash_to_curve.cc normal arm64 c++ com.apple.compilers.llvm.clang.1_0.compiler (in target 'CNIOBoringSSL' from project 'swift-nio-ssl')
    cd /Users/j/Documents/GitHub/MoneroOne/MoneroOne.xcodeproj
    
    Using response file: /Users/j/Documents/GitHub/MoneroOne/build/Build/Intermediates.noindex/swift-nio-ssl.build/Debug-iphonesimulator/CNIOBoringSSL.build/Objects-normal/arm64/82b82416624d2658e5098eb0a28c15c5-common-args.resp
    
    /Applications/Xcode.app/Contents/Developer/Toolchains/XcodeDefault.xctoolchain/usr/bin/clang -x c++ -ivfsstatcache /Users/j/Documents/GitHub/MoneroOne/build/SDKStatCaches.noindex/iphonesimulator26.1-23B77-90cf18a4295e390e64c810bc6bd7acbc.sdkstatcache -fmessage-length\=0 -fdiagnostics-show-note-include-stack -fmacro-backtrace-limit\=0 -fno-color-diagnostics -fmodules-prune-interval\=86400 -fmodules-prune-after\=345600 -fbuild-session-file\=/Users/j/Documents/GitHub/MoneroOne/build/ModuleCache.noindex/Session.modulevalidation -fmodules-validate-once-per-build-session -Wnon-modular-include-in-framework-module -Werror\=non-modular-include-in-framework-module -Wno-trigraphs -Wno-missing-field-initializers -Wno-missing-prototypes -Wno-return-type -Wno-non-virtual-dtor -Wno-overloaded-virtual -Wno-exit-time-destructors -Wno-missing-braces -Wparentheses -Wswitch -Wno-unused-function -Wno-unused-label -Wno-unused-parameter -Wno-unused-variable -Wunused-value -Wno-empty-body -Wno-uninitialized -Wno-unknown-pragmas -w -Wno-shadow -Wno-four-char-constants -Wno-conversion -Wno-constant-conversion -Wno-int-conversion -Wno-bool-conversion -Wno-enum-conversion -Wno-float-conversion -Wno-non-literal-null-conversion -Wno-objc-literal-conversion -Wshorten-64-to-32 -Wno-newline-eof -Wno-c++11-extensions -Wno-implicit-fallthrough -fstrict-aliasing -Wdeprecated-declarations -Winvalid-offsetof -Wno-sign-conversion -Wno-infinite-recursion -Wno-move -Wno-comma -Wno-block-capture-autoreleasing -Wno-strict-prototypes -Wno-range-loop-analysis -Wno-semicolon-before-method-body -index-store-path /Users/j/Documents/GitHub/MoneroOne/build/Index.noindex/DataStore @/Users/j/Documents/GitHub/MoneroOne/build/Build/Intermediates.noindex/swift-nio-ssl.build/Debug-iphonesimulator/CNIOBoringSSL.build/Objects-normal/arm64/82b82416624d2658e5098eb0a28c15c5-common-args.resp -MMD -MT dependencies -MF /Users/j/Documents/GitHub/MoneroOne/build/Build/Intermediates.noindex/swift-nio-ssl.build/Debug-iphonesimulator/CNIOBoringSSL.build/Objects-normal/arm64/hash_to_curve.d --serialize-diagnostics /Users/j/Documents/GitHub/MoneroOne/build/Build/Intermediates.noindex/swift-nio-ssl.build/Debug-iphonesimulator/CNIOBoringSSL.build/Objects-normal/arm64/hash_to_curve.dia -c /Users/j/Documents/GitHub/MoneroOne/build/SourcePackages/checkouts/swift-nio-ssl/Sources/CNIOBoringSSL/crypto/ec/hash_to_curve.cc -o /Users/j/Documents/GitHub/MoneroOne/build/Build/Intermediates.noindex/swift-nio-ssl.build/Debug-iphonesimulator/CNIOBoringSSL.build/Objects-normal/arm64/hash_to_curve.o -index-unit-output-path /swift-nio-ssl.build/Debug-iphonesimulator/CNIOBoringSSL.build/Objects-normal/arm64/hash_to_curve.o

CompileC /Users/j/Documents/GitHub/MoneroOne/build/Build/Intermediates.noindex/swift-nio-ssl.build/Debug-iphonesimulator/CNIOBoringSSL.build/Objects-normal/arm64/handshake_server.o /Users/j/Documents/GitHub/MoneroOne/build/SourcePackages/checkouts/swift-nio-ssl/Sources/CNIOBoringSSL/ssl/handshake_server.cc normal arm64 c++ com.apple.compilers.llvm.clang.1_0.compiler (in target 'CNIOBoringSSL' from project 'swift-nio-ssl')
    cd /Users/j/Documents/GitHub/MoneroOne/MoneroOne.xcodeproj
    
    Using response file: /Users/j/Documents/GitHub/MoneroOne/build/Build/Intermediates.noindex/swift-nio-ssl.build/Debug-iphonesimulator/CNIOBoringSSL.build/Objects-normal/arm64/82b82416624d2658e5098eb0a28c15c5-common-args.resp
    
    /Applications/Xcode.app/Contents/Developer/Toolchains/XcodeDefault.xctoolchain/usr/bin/clang -x c++ -ivfsstatcache /Users/j/Documents/GitHub/MoneroOne/build/SDKStatCaches.noindex/iphonesimulator26.1-23B77-90cf18a4295e390e64c810bc6bd7acbc.sdkstatcache -fmessage-length\=0 -fdiagnostics-show-note-include-stack -fmacro-backtrace-limit\=0 -fno-color-diagnostics -fmodules-prune-interval\=86400 -fmodules-prune-after\=345600 -fbuild-session-file\=/Users/j/Documents/GitHub/MoneroOne/build/ModuleCache.noindex/Session.modulevalidation -fmodules-validate-once-per-build-session -Wnon-modular-include-in-framework-module -Werror\=non-modular-include-in-framework-module -Wno-trigraphs -Wno-missing-field-initializers -Wno-missing-prototypes -Wno-return-type -Wno-non-virtual-dtor -Wno-overloaded-virtual -Wno-exit-time-destructors -Wno-missing-braces -Wparentheses -Wswitch -Wno-unused-function -Wno-unused-label -Wno-unused-parameter -Wno-unused-variable -Wunused-value -Wno-empty-body -Wno-uninitialized -Wno-unknown-pragmas -w -Wno-shadow -Wno-four-char-constants -Wno-conversion -Wno-constant-conversion -Wno-int-conversion -Wno-bool-conversion -Wno-enum-conversion -Wno-float-conversion -Wno-non-literal-null-conversion -Wno-objc-literal-conversion -Wshorten-64-to-32 -Wno-newline-eof -Wno-c++11-extensions -Wno-implicit-fallthrough -fstrict-aliasing -Wdeprecated-declarations -Winvalid-offsetof -Wno-sign-conversion -Wno-infinite-recursion -Wno-move -Wno-comma -Wno-block-capture-autoreleasing -Wno-strict-prototypes -Wno-range-loop-analysis -Wno-semicolon-before-method-body -index-store-path /Users/j/Documents/GitHub/MoneroOne/build/Index.noindex/DataStore @/Users/j/Documents/GitHub/MoneroOne/build/Build/Intermediates.noindex/swift-nio-ssl.build/Debug-iphonesimulator/CNIOBoringSSL.build/Objects-normal/arm64/82b82416624d2658e5098eb0a28c15c5-common-args.resp -MMD -MT dependencies -MF /Users/j/Documents/GitHub/MoneroOne/build/Build/Intermediates.noindex/swift-nio-ssl.build/Debug-iphonesimulator/CNIOBoringSSL.build/Objects-normal/arm64/handshake_server.d --serialize-diagnostics /Users/j/Documents/GitHub/MoneroOne/build/Build/Intermediates.noindex/swift-nio-ssl.build/Debug-iphonesimulator/CNIOBoringSSL.build/Objects-normal/arm64/handshake_server.dia -c /Users/j/Documents/GitHub/MoneroOne/build/SourcePackages/checkouts/swift-nio-ssl/Sources/CNIOBoringSSL/ssl/handshake_server.cc -o /Users/j/Documents/GitHub/MoneroOne/build/Build/Intermediates.noindex/swift-nio-ssl.build/Debug-iphonesimulator/CNIOBoringSSL.build/Objects-normal/arm64/handshake_server.o -index-unit-output-path /swift-nio-ssl.build/Debug-iphonesimulator/CNIOBoringSSL.build/Objects-normal/arm64/handshake_server.o

CompileC /Users/j/Documents/GitHub/MoneroOne/build/Build/Intermediates.noindex/swift-nio-ssl.build/Debug-iphonesimulator/CNIOBoringSSL.build/Objects-normal/arm64/handshake_client.o /Users/j/Documents/GitHub/MoneroOne/build/SourcePackages/checkouts/swift-nio-ssl/Sources/CNIOBoringSSL/ssl/handshake_client.cc normal arm64 c++ com.apple.compilers.llvm.clang.1_0.compiler (in target 'CNIOBoringSSL' from project 'swift-nio-ssl')
    cd /Users/j/Documents/GitHub/MoneroOne/MoneroOne.xcodeproj
    
    Using response file: /Users/j/Documents/GitHub/MoneroOne/build/Build/Intermediates.noindex/swift-nio-ssl.build/Debug-iphonesimulator/CNIOBoringSSL.build/Objects-normal/arm64/82b82416624d2658e5098eb0a28c15c5-common-args.resp
    
    /Applications/Xcode.app/Contents/Developer/Toolchains/XcodeDefault.xctoolchain/usr/bin/clang -x c++ -ivfsstatcache /Users/j/Documents/GitHub/MoneroOne/build/SDKStatCaches.noindex/iphonesimulator26.1-23B77-90cf18a4295e390e64c810bc6bd7acbc.sdkstatcache -fmessage-length\=0 -fdiagnostics-show-note-include-stack -fmacro-backtrace-limit\=0 -fno-color-diagnostics -fmodules-prune-interval\=86400 -fmodules-prune-after\=345600 -fbuild-session-file\=/Users/j/Documents/GitHub/MoneroOne/build/ModuleCache.noindex/Session.modulevalidation -fmodules-validate-once-per-build-session -Wnon-modular-include-in-framework-module -Werror\=non-modular-include-in-framework-module -Wno-trigraphs -Wno-missing-field-initializers -Wno-missing-prototypes -Wno-return-type -Wno-non-virtual-dtor -Wno-overloaded-virtual -Wno-exit-time-destructors -Wno-missing-braces -Wparentheses -Wswitch -Wno-unused-function -Wno-unused-label -Wno-unused-parameter -Wno-unused-variable -Wunused-value -Wno-empty-body -Wno-uninitialized -Wno-unknown-pragmas -w -Wno-shadow -Wno-four-char-constants -Wno-conversion -Wno-constant-conversion -Wno-int-conversion -Wno-bool-conversion -Wno-enum-conversion -Wno-float-conversion -Wno-non-literal-null-conversion -Wno-objc-literal-conversion -Wshorten-64-to-32 -Wno-newline-eof -Wno-c++11-extensions -Wno-implicit-fallthrough -fstrict-aliasing -Wdeprecated-declarations -Winvalid-offsetof -Wno-sign-conversion -Wno-infinite-recursion -Wno-move -Wno-comma -Wno-block-capture-autoreleasing -Wno-strict-prototypes -Wno-range-loop-analysis -Wno-semicolon-before-method-body -index-store-path /Users/j/Documents/GitHub/MoneroOne/build/Index.noindex/DataStore @/Users/j/Documents/GitHub/MoneroOne/build/Build/Intermediates.noindex/swift-nio-ssl.build/Debug-iphonesimulator/CNIOBoringSSL.build/Objects-normal/arm64/82b82416624d2658e5098eb0a28c15c5-common-args.resp -MMD -MT dependencies -MF /Users/j/Documents/GitHub/MoneroOne/build/Build/Intermediates.noindex/swift-nio-ssl.build/Debug-iphonesimulator/CNIOBoringSSL.build/Objects-normal/arm64/handshake_client.d --serialize-diagnostics /Users/j/Documents/GitHub/MoneroOne/build/Build/Intermediates.noindex/swift-nio-ssl.build/Debug-iphonesimulator/CNIOBoringSSL.build/Objects-normal/arm64/handshake_client.dia -c /Users/j/Documents/GitHub/MoneroOne/build/SourcePackages/checkouts/swift-nio-ssl/Sources/CNIOBoringSSL/ssl/handshake_client.cc -o /Users/j/Documents/GitHub/MoneroOne/build/Build/Intermediates.noindex/swift-nio-ssl.build/Debug-iphonesimulator/CNIOBoringSSL.build/Objects-normal/arm64/handshake_client.o -index-unit-output-path /swift-nio-ssl.build/Debug-iphonesimulator/CNIOBoringSSL.build/Objects-normal/arm64/handshake_client.o

CompileC /Users/j/Documents/GitHub/MoneroOne/build/Build/Intermediates.noindex/swift-nio-ssl.build/Debug-iphonesimulator/CNIOBoringSSL.build/Objects-normal/arm64/handshake.o /Users/j/Documents/GitHub/MoneroOne/build/SourcePackages/checkouts/swift-nio-ssl/Sources/CNIOBoringSSL/ssl/handshake.cc normal arm64 c++ com.apple.compilers.llvm.clang.1_0.compiler (in target 'CNIOBoringSSL' from project 'swift-nio-ssl')
    cd /Users/j/Documents/GitHub/MoneroOne/MoneroOne.xcodeproj
    
    Using response file: /Users/j/Documents/GitHub/MoneroOne/build/Build/Intermediates.noindex/swift-nio-ssl.build/Debug-iphonesimulator/CNIOBoringSSL.build/Objects-normal/arm64/82b82416624d2658e5098eb0a28c15c5-common-args.resp
    
    /Applications/Xcode.app/Contents/Developer/Toolchains/XcodeDefault.xctoolchain/usr/bin/clang -x c++ -ivfsstatcache /Users/j/Documents/GitHub/MoneroOne/build/SDKStatCaches.noindex/iphonesimulator26.1-23B77-90cf18a4295e390e64c810bc6bd7acbc.sdkstatcache -fmessage-length\=0 -fdiagnostics-show-note-include-stack -fmacro-backtrace-limit\=0 -fno-color-diagnostics -fmodules-prune-interval\=86400 -fmodules-prune-after\=345600 -fbuild-session-file\=/Users/j/Documents/GitHub/MoneroOne/build/ModuleCache.noindex/Session.modulevalidation -fmodules-validate-once-per-build-session -Wnon-modular-include-in-framework-module -Werror\=non-modular-include-in-framework-module -Wno-trigraphs -Wno-missing-field-initializers -Wno-missing-prototypes -Wno-return-type -Wno-non-virtual-dtor -Wno-overloaded-virtual -Wno-exit-time-destructors -Wno-missing-braces -Wparentheses -Wswitch -Wno-unused-function -Wno-unused-label -Wno-unused-parameter -Wno-unused-variable -Wunused-value -Wno-empty-body -Wno-uninitialized -Wno-unknown-pragmas -w -Wno-shadow -Wno-four-char-constants -Wno-conversion -Wno-constant-conversion -Wno-int-conversion -Wno-bool-conversion -Wno-enum-conversion -Wno-float-conversion -Wno-non-literal-null-conversion -Wno-objc-literal-conversion -Wshorten-64-to-32 -Wno-newline-eof -Wno-c++11-extensions -Wno-implicit-fallthrough -fstrict-aliasing -Wdeprecated-declarations -Winvalid-offsetof -Wno-sign-conversion -Wno-infinite-recursion -Wno-move -Wno-comma -Wno-block-capture-autoreleasing -Wno-strict-prototypes -Wno-range-loop-analysis -Wno-semicolon-before-method-body -index-store-path /Users/j/Documents/GitHub/MoneroOne/build/Index.noindex/DataStore @/Users/j/Documents/GitHub/MoneroOne/build/Build/Intermediates.noindex/swift-nio-ssl.build/Debug-iphonesimulator/CNIOBoringSSL.build/Objects-normal/arm64/82b82416624d2658e5098eb0a28c15c5-common-args.resp -MMD -MT dependencies -MF /Users/j/Documents/GitHub/MoneroOne/build/Build/Intermediates.noindex/swift-nio-ssl.build/Debug-iphonesimulator/CNIOBoringSSL.build/Objects-normal/arm64/handshake.d --serialize-diagnostics /Users/j/Documents/GitHub/MoneroOne/build/Build/Intermediates.noindex/swift-nio-ssl.build/Debug-iphonesimulator/CNIOBoringSSL.build/Objects-normal/arm64/handshake.dia -c /Users/j/Documents/GitHub/MoneroOne/build/SourcePackages/checkouts/swift-nio-ssl/Sources/CNIOBoringSSL/ssl/handshake.cc -o /Users/j/Documents/GitHub/MoneroOne/build/Build/Intermediates.noindex/swift-nio-ssl.build/Debug-iphonesimulator/CNIOBoringSSL.build/Objects-normal/arm64/handshake.o -index-unit-output-path /swift-nio-ssl.build/Debug-iphonesimulator/CNIOBoringSSL.build/Objects-normal/arm64/handshake.o

CompileC /Users/j/Documents/GitHub/MoneroOne/build/Build/Intermediates.noindex/swift-nio-ssl.build/Debug-iphonesimulator/CNIOBoringSSL.build/Objects-normal/arm64/handoff.o /Users/j/Documents/GitHub/MoneroOne/build/SourcePackages/checkouts/swift-nio-ssl/Sources/CNIOBoringSSL/ssl/handoff.cc normal arm64 c++ com.apple.compilers.llvm.clang.1_0.compiler (in target 'CNIOBoringSSL' from project 'swift-nio-ssl')
    cd /Users/j/Documents/GitHub/MoneroOne/MoneroOne.xcodeproj
    
    Using response file: /Users/j/Documents/GitHub/MoneroOne/build/Build/Intermediates.noindex/swift-nio-ssl.build/Debug-iphonesimulator/CNIOBoringSSL.build/Objects-normal/arm64/82b82416624d2658e5098eb0a28c15c5-common-args.resp
    
    /Applications/Xcode.app/Contents/Developer/Toolchains/XcodeDefault.xctoolchain/usr/bin/clang -x c++ -ivfsstatcache /Users/j/Documents/GitHub/MoneroOne/build/SDKStatCaches.noindex/iphonesimulator26.1-23B77-90cf18a4295e390e64c810bc6bd7acbc.sdkstatcache -fmessage-length\=0 -fdiagnostics-show-note-include-stack -fmacro-backtrace-limit\=0 -fno-color-diagnostics -fmodules-prune-interval\=86400 -fmodules-prune-after\=345600 -fbuild-session-file\=/Users/j/Documents/GitHub/MoneroOne/build/ModuleCache.noindex/Session.modulevalidation -fmodules-validate-once-per-build-session -Wnon-modular-include-in-framework-module -Werror\=non-modular-include-in-framework-module -Wno-trigraphs -Wno-missing-field-initializers -Wno-missing-prototypes -Wno-return-type -Wno-non-virtual-dtor -Wno-overloaded-virtual -Wno-exit-time-destructors -Wno-missing-braces -Wparentheses -Wswitch -Wno-unused-function -Wno-unused-label -Wno-unused-parameter -Wno-unused-variable -Wunused-value -Wno-empty-body -Wno-uninitialized -Wno-unknown-pragmas -w -Wno-shadow -Wno-four-char-constants -Wno-conversion -Wno-constant-conversion -Wno-int-conversion -Wno-bool-conversion -Wno-enum-conversion -Wno-float-conversion -Wno-non-literal-null-conversion -Wno-objc-literal-conversion -Wshorten-64-to-32 -Wno-newline-eof -Wno-c++11-extensions -Wno-implicit-fallthrough -fstrict-aliasing -Wdeprecated-declarations -Winvalid-offsetof -Wno-sign-conversion -Wno-infinite-recursion -Wno-move -Wno-comma -Wno-block-capture-autoreleasing -Wno-strict-prototypes -Wno-range-loop-analysis -Wno-semicolon-before-method-body -index-store-path /Users/j/Documents/GitHub/MoneroOne/build/Index.noindex/DataStore @/Users/j/Documents/GitHub/MoneroOne/build/Build/Intermediates.noindex/swift-nio-ssl.build/Debug-iphonesimulator/CNIOBoringSSL.build/Objects-normal/arm64/82b82416624d2658e5098eb0a28c15c5-common-args.resp -MMD -MT dependencies -MF /Users/j/Documents/GitHub/MoneroOne/build/Build/Intermediates.noindex/swift-nio-ssl.build/Debug-iphonesimulator/CNIOBoringSSL.build/Objects-normal/arm64/handoff.d --serialize-diagnostics /Users/j/Documents/GitHub/MoneroOne/build/Build/Intermediates.noindex/swift-nio-ssl.build/Debug-iphonesimulator/CNIOBoringSSL.build/Objects-normal/arm64/handoff.dia -c /Users/j/Documents/GitHub/MoneroOne/build/SourcePackages/checkouts/swift-nio-ssl/Sources/CNIOBoringSSL/ssl/handoff.cc -o /Users/j/Documents/GitHub/MoneroOne/build/Build/Intermediates.noindex/swift-nio-ssl.build/Debug-iphonesimulator/CNIOBoringSSL.build/Objects-normal/arm64/handoff.o -index-unit-output-path /swift-nio-ssl.build/Debug-iphonesimulator/CNIOBoringSSL.build/Objects-normal/arm64/handoff.o

CompileC /Users/j/Documents/GitHub/MoneroOne/build/Build/Intermediates.noindex/swift-nio-ssl.build/Debug-iphonesimulator/CNIOBoringSSL.build/Objects-normal/arm64/ghashv8-armv8-win.o /Users/j/Documents/GitHub/MoneroOne/build/SourcePackages/checkouts/swift-nio-ssl/Sources/CNIOBoringSSL/gen/bcm/ghashv8-armv8-win.S normal arm64 assembler-with-cpp com.apple.compilers.llvm.clang.1_0.compiler (in target 'CNIOBoringSSL' from project 'swift-nio-ssl')
    cd /Users/j/Documents/GitHub/MoneroOne/MoneroOne.xcodeproj
    
    Using response file: /Users/j/Documents/GitHub/MoneroOne/build/Build/Intermediates.noindex/swift-nio-ssl.build/Debug-iphonesimulator/CNIOBoringSSL.build/Objects-normal/arm64/533656923a283fa776881f304837ed9e-common-args.resp
    
    /Applications/Xcode.app/Contents/Developer/Toolchains/XcodeDefault.xctoolchain/usr/bin/clang -x assembler-with-cpp -ivfsstatcache /Users/j/Documents/GitHub/MoneroOne/build/SDKStatCaches.noindex/iphonesimulator26.1-23B77-90cf18a4295e390e64c810bc6bd7acbc.sdkstatcache -fmessage-length\=0 -fdiagnostics-show-note-include-stack -fmacro-backtrace-limit\=0 -fno-color-diagnostics -fmodules-prune-interval\=86400 -fmodules-prune-after\=345600 -fbuild-session-file\=/Users/j/Documents/GitHub/MoneroOne/build/ModuleCache.noindex/Session.modulevalidation -fmodules-validate-once-per-build-session -Wnon-modular-include-in-framework-module -Werror\=non-modular-include-in-framework-module -Wno-trigraphs -Wno-missing-field-initializers -Wno-missing-prototypes -Wno-return-type -Wno-missing-braces -Wparentheses -Wswitch -Wno-unused-function -Wno-unused-label -Wno-unused-parameter -Wno-unused-variable -Wunused-value -Wno-empty-body -Wno-uninitialized -Wno-unknown-pragmas -w -Wno-shadow -Wno-four-char-constants -Wno-conversion -Wno-constant-conversion -Wno-int-conversion -Wno-bool-conversion -Wno-enum-conversion -Wno-float-conversion -Wno-non-literal-null-conversion -Wno-objc-literal-conversion -Wshorten-64-to-32 -Wno-newline-eof -Wno-implicit-fallthrough -fstrict-aliasing -Wdeprecated-declarations -Wno-sign-conversion -Wno-infinite-recursion -Wno-comma -Wno-block-capture-autoreleasing -Wno-strict-prototypes -Wno-semicolon-before-method-body -index-store-path /Users/j/Documents/GitHub/MoneroOne/build/Index.noindex/DataStore @/Users/j/Documents/GitHub/MoneroOne/build/Build/Intermediates.noindex/swift-nio-ssl.build/Debug-iphonesimulator/CNIOBoringSSL.build/Objects-normal/arm64/533656923a283fa776881f304837ed9e-common-args.resp -MMD -MT dependencies -MF /Users/j/Documents/GitHub/MoneroOne/build/Build/Intermediates.noindex/swift-nio-ssl.build/Debug-iphonesimulator/CNIOBoringSSL.build/Objects-normal/arm64/ghashv8-armv8-win.d --serialize-diagnostics /Users/j/Documents/GitHub/MoneroOne/build/Build/Intermediates.noindex/swift-nio-ssl.build/Debug-iphonesimulator/CNIOBoringSSL.build/Objects-normal/arm64/ghashv8-armv8-win.dia -c /Users/j/Documents/GitHub/MoneroOne/build/SourcePackages/checkouts/swift-nio-ssl/Sources/CNIOBoringSSL/gen/bcm/ghashv8-armv8-win.S -o /Users/j/Documents/GitHub/MoneroOne/build/Build/Intermediates.noindex/swift-nio-ssl.build/Debug-iphonesimulator/CNIOBoringSSL.build/Objects-normal/arm64/ghashv8-armv8-win.o -index-unit-output-path /swift-nio-ssl.build/Debug-iphonesimulator/CNIOBoringSSL.build/Objects-normal/arm64/ghashv8-armv8-win.o

CompileC /Users/j/Documents/GitHub/MoneroOne/build/Build/Intermediates.noindex/swift-nio-ssl.build/Debug-iphonesimulator/CNIOBoringSSL.build/Objects-normal/arm64/ghashv8-armv8-linux.o /Users/j/Documents/GitHub/MoneroOne/build/SourcePackages/checkouts/swift-nio-ssl/Sources/CNIOBoringSSL/gen/bcm/ghashv8-armv8-linux.S normal arm64 assembler-with-cpp com.apple.compilers.llvm.clang.1_0.compiler (in target 'CNIOBoringSSL' from project 'swift-nio-ssl')
    cd /Users/j/Documents/GitHub/MoneroOne/MoneroOne.xcodeproj
    
    Using response file: /Users/j/Documents/GitHub/MoneroOne/build/Build/Intermediates.noindex/swift-nio-ssl.build/Debug-iphonesimulator/CNIOBoringSSL.build/Objects-normal/arm64/533656923a283fa776881f304837ed9e-common-args.resp
    
    /Applications/Xcode.app/Contents/Developer/Toolchains/XcodeDefault.xctoolchain/usr/bin/clang -x assembler-with-cpp -ivfsstatcache /Users/j/Documents/GitHub/MoneroOne/build/SDKStatCaches.noindex/iphonesimulator26.1-23B77-90cf18a4295e390e64c810bc6bd7acbc.sdkstatcache -fmessage-length\=0 -fdiagnostics-show-note-include-stack -fmacro-backtrace-limit\=0 -fno-color-diagnostics -fmodules-prune-interval\=86400 -fmodules-prune-after\=345600 -fbuild-session-file\=/Users/j/Documents/GitHub/MoneroOne/build/ModuleCache.noindex/Session.modulevalidation -fmodules-validate-once-per-build-session -Wnon-modular-include-in-framework-module -Werror\=non-modular-include-in-framework-module -Wno-trigraphs -Wno-missing-field-initializers -Wno-missing-prototypes -Wno-return-type -Wno-missing-braces -Wparentheses -Wswitch -Wno-unused-function -Wno-unused-label -Wno-unused-parameter -Wno-unused-variable -Wunused-value -Wno-empty-body -Wno-uninitialized -Wno-unknown-pragmas -w -Wno-shadow -Wno-four-char-constants -Wno-conversion -Wno-constant-conversion -Wno-int-conversion -Wno-bool-conversion -Wno-enum-conversion -Wno-float-conversion -Wno-non-literal-null-conversion -Wno-objc-literal-conversion -Wshorten-64-to-32 -Wno-newline-eof -Wno-implicit-fallthrough -fstrict-aliasing -Wdeprecated-declarations -Wno-sign-conversion -Wno-infinite-recursion -Wno-comma -Wno-block-capture-autoreleasing -Wno-strict-prototypes -Wno-semicolon-before-method-body -index-store-path /Users/j/Documents/GitHub/MoneroOne/build/Index.noindex/DataStore @/Users/j/Documents/GitHub/MoneroOne/build/Build/Intermediates.noindex/swift-nio-ssl.build/Debug-iphonesimulator/CNIOBoringSSL.build/Objects-normal/arm64/533656923a283fa776881f304837ed9e-common-args.resp -MMD -MT dependencies -MF /Users/j/Documents/GitHub/MoneroOne/build/Build/Intermediates.noindex/swift-nio-ssl.build/Debug-iphonesimulator/CNIOBoringSSL.build/Objects-normal/arm64/ghashv8-armv8-linux.d --serialize-diagnostics /Users/j/Documents/GitHub/MoneroOne/build/Build/Intermediates.noindex/swift-nio-ssl.build/Debug-iphonesimulator/CNIOBoringSSL.build/Objects-normal/arm64/ghashv8-armv8-linux.dia -c /Users/j/Documents/GitHub/MoneroOne/build/SourcePackages/checkouts/swift-nio-ssl/Sources/CNIOBoringSSL/gen/bcm/ghashv8-armv8-linux.S -o /Users/j/Documents/GitHub/MoneroOne/build/Build/Intermediates.noindex/swift-nio-ssl.build/Debug-iphonesimulator/CNIOBoringSSL.build/Objects-normal/arm64/ghashv8-armv8-linux.o -index-unit-output-path /swift-nio-ssl.build/Debug-iphonesimulator/CNIOBoringSSL.build/Objects-normal/arm64/ghashv8-armv8-linux.o

CompileC /Users/j/Documents/GitHub/MoneroOne/build/Build/Intermediates.noindex/swift-nio-ssl.build/Debug-iphonesimulator/CNIOBoringSSL.build/Objects-normal/arm64/ghashv8-armv8-apple.o /Users/j/Documents/GitHub/MoneroOne/build/SourcePackages/checkouts/swift-nio-ssl/Sources/CNIOBoringSSL/gen/bcm/ghashv8-armv8-apple.S normal arm64 assembler-with-cpp com.apple.compilers.llvm.clang.1_0.compiler (in target 'CNIOBoringSSL' from project 'swift-nio-ssl')
    cd /Users/j/Documents/GitHub/MoneroOne/MoneroOne.xcodeproj
    
    Using response file: /Users/j/Documents/GitHub/MoneroOne/build/Build/Intermediates.noindex/swift-nio-ssl.build/Debug-iphonesimulator/CNIOBoringSSL.build/Objects-normal/arm64/533656923a283fa776881f304837ed9e-common-args.resp
    
    /Applications/Xcode.app/Contents/Developer/Toolchains/XcodeDefault.xctoolchain/usr/bin/clang -x assembler-with-cpp -ivfsstatcache /Users/j/Documents/GitHub/MoneroOne/build/SDKStatCaches.noindex/iphonesimulator26.1-23B77-90cf18a4295e390e64c810bc6bd7acbc.sdkstatcache -fmessage-length\=0 -fdiagnostics-show-note-include-stack -fmacro-backtrace-limit\=0 -fno-color-diagnostics -fmodules-prune-interval\=86400 -fmodules-prune-after\=345600 -fbuild-session-file\=/Users/j/Documents/GitHub/MoneroOne/build/ModuleCache.noindex/Session.modulevalidation -fmodules-validate-once-per-build-session -Wnon-modular-include-in-framework-module -Werror\=non-modular-include-in-framework-module -Wno-trigraphs -Wno-missing-field-initializers -Wno-missing-prototypes -Wno-return-type -Wno-missing-braces -Wparentheses -Wswitch -Wno-unused-function -Wno-unused-label -Wno-unused-parameter -Wno-unused-variable -Wunused-value -Wno-empty-body -Wno-uninitialized -Wno-unknown-pragmas -w -Wno-shadow -Wno-four-char-constants -Wno-conversion -Wno-constant-conversion -Wno-int-conversion -Wno-bool-conversion -Wno-enum-conversion -Wno-float-conversion -Wno-non-literal-null-conversion -Wno-objc-literal-conversion -Wshorten-64-to-32 -Wno-newline-eof -Wno-implicit-fallthrough -fstrict-aliasing -Wdeprecated-declarations -Wno-sign-conversion -Wno-infinite-recursion -Wno-comma -Wno-block-capture-autoreleasing -Wno-strict-prototypes -Wno-semicolon-before-method-body -index-store-path /Users/j/Documents/GitHub/MoneroOne/build/Index.noindex/DataStore @/Users/j/Documents/GitHub/MoneroOne/build/Build/Intermediates.noindex/swift-nio-ssl.build/Debug-iphonesimulator/CNIOBoringSSL.build/Objects-normal/arm64/533656923a283fa776881f304837ed9e-common-args.resp -MMD -MT dependencies -MF /Users/j/Documents/GitHub/MoneroOne/build/Build/Intermediates.noindex/swift-nio-ssl.build/Debug-iphonesimulator/CNIOBoringSSL.build/Objects-normal/arm64/ghashv8-armv8-apple.d --serialize-diagnostics /Users/j/Documents/GitHub/MoneroOne/build/Build/Intermediates.noindex/swift-nio-ssl.build/Debug-iphonesimulator/CNIOBoringSSL.build/Objects-normal/arm64/ghashv8-armv8-apple.dia -c /Users/j/Documents/GitHub/MoneroOne/build/SourcePackages/checkouts/swift-nio-ssl/Sources/CNIOBoringSSL/gen/bcm/ghashv8-armv8-apple.S -o /Users/j/Documents/GitHub/MoneroOne/build/Build/Intermediates.noindex/swift-nio-ssl.build/Debug-iphonesimulator/CNIOBoringSSL.build/Objects-normal/arm64/ghashv8-armv8-apple.o -index-unit-output-path /swift-nio-ssl.build/Debug-iphonesimulator/CNIOBoringSSL.build/Objects-normal/arm64/ghashv8-armv8-apple.o

CompileC /Users/j/Documents/GitHub/MoneroOne/build/Build/Intermediates.noindex/swift-nio-ssl.build/Debug-iphonesimulator/CNIOBoringSSL.build/Objects-normal/arm64/ghashv8-armv7-linux.o /Users/j/Documents/GitHub/MoneroOne/build/SourcePackages/checkouts/swift-nio-ssl/Sources/CNIOBoringSSL/gen/bcm/ghashv8-armv7-linux.S normal arm64 assembler-with-cpp com.apple.compilers.llvm.clang.1_0.compiler (in target 'CNIOBoringSSL' from project 'swift-nio-ssl')
    cd /Users/j/Documents/GitHub/MoneroOne/MoneroOne.xcodeproj
    
    Using response file: /Users/j/Documents/GitHub/MoneroOne/build/Build/Intermediates.noindex/swift-nio-ssl.build/Debug-iphonesimulator/CNIOBoringSSL.build/Objects-normal/arm64/533656923a283fa776881f304837ed9e-common-args.resp
    
    /Applications/Xcode.app/Contents/Developer/Toolchains/XcodeDefault.xctoolchain/usr/bin/clang -x assembler-with-cpp -ivfsstatcache /Users/j/Documents/GitHub/MoneroOne/build/SDKStatCaches.noindex/iphonesimulator26.1-23B77-90cf18a4295e390e64c810bc6bd7acbc.sdkstatcache -fmessage-length\=0 -fdiagnostics-show-note-include-stack -fmacro-backtrace-limit\=0 -fno-color-diagnostics -fmodules-prune-interval\=86400 -fmodules-prune-after\=345600 -fbuild-session-file\=/Users/j/Documents/GitHub/MoneroOne/build/ModuleCache.noindex/Session.modulevalidation -fmodules-validate-once-per-build-session -Wnon-modular-include-in-framework-module -Werror\=non-modular-include-in-framework-module -Wno-trigraphs -Wno-missing-field-initializers -Wno-missing-prototypes -Wno-return-type -Wno-missing-braces -Wparentheses -Wswitch -Wno-unused-function -Wno-unused-label -Wno-unused-parameter -Wno-unused-variable -Wunused-value -Wno-empty-body -Wno-uninitialized -Wno-unknown-pragmas -w -Wno-shadow -Wno-four-char-constants -Wno-conversion -Wno-constant-conversion -Wno-int-conversion -Wno-bool-conversion -Wno-enum-conversion -Wno-float-conversion -Wno-non-literal-null-conversion -Wno-objc-literal-conversion -Wshorten-64-to-32 -Wno-newline-eof -Wno-implicit-fallthrough -fstrict-aliasing -Wdeprecated-declarations -Wno-sign-conversion -Wno-infinite-recursion -Wno-comma -Wno-block-capture-autoreleasing -Wno-strict-prototypes -Wno-semicolon-before-method-body -index-store-path /Users/j/Documents/GitHub/MoneroOne/build/Index.noindex/DataStore @/Users/j/Documents/GitHub/MoneroOne/build/Build/Intermediates.noindex/swift-nio-ssl.build/Debug-iphonesimulator/CNIOBoringSSL.build/Objects-normal/arm64/533656923a283fa776881f304837ed9e-common-args.resp -MMD -MT dependencies -MF /Users/j/Documents/GitHub/MoneroOne/build/Build/Intermediates.noindex/swift-nio-ssl.build/Debug-iphonesimulator/CNIOBoringSSL.build/Objects-normal/arm64/ghashv8-armv7-linux.d --serialize-diagnostics /Users/j/Documents/GitHub/MoneroOne/build/Build/Intermediates.noindex/swift-nio-ssl.build/Debug-iphonesimulator/CNIOBoringSSL.build/Objects-normal/arm64/ghashv8-armv7-linux.dia -c /Users/j/Documents/GitHub/MoneroOne/build/SourcePackages/checkouts/swift-nio-ssl/Sources/CNIOBoringSSL/gen/bcm/ghashv8-armv7-linux.S -o /Users/j/Documents/GitHub/MoneroOne/build/Build/Intermediates.noindex/swift-nio-ssl.build/Debug-iphonesimulator/CNIOBoringSSL.build/Objects-normal/arm64/ghashv8-armv7-linux.o -index-unit-output-path /swift-nio-ssl.build/Debug-iphonesimulator/CNIOBoringSSL.build/Objects-normal/arm64/ghashv8-armv7-linux.o

CompileC /Users/j/Documents/GitHub/MoneroOne/build/Build/Intermediates.noindex/swift-nio-ssl.build/Debug-iphonesimulator/CNIOBoringSSL.build/Objects-normal/arm64/ghash-x86_64-linux.o /Users/j/Documents/GitHub/MoneroOne/build/SourcePackages/checkouts/swift-nio-ssl/Sources/CNIOBoringSSL/gen/bcm/ghash-x86_64-linux.S normal arm64 assembler-with-cpp com.apple.compilers.llvm.clang.1_0.compiler (in target 'CNIOBoringSSL' from project 'swift-nio-ssl')
    cd /Users/j/Documents/GitHub/MoneroOne/MoneroOne.xcodeproj
    
    Using response file: /Users/j/Documents/GitHub/MoneroOne/build/Build/Intermediates.noindex/swift-nio-ssl.build/Debug-iphonesimulator/CNIOBoringSSL.build/Objects-normal/arm64/533656923a283fa776881f304837ed9e-common-args.resp
    
    /Applications/Xcode.app/Contents/Developer/Toolchains/XcodeDefault.xctoolchain/usr/bin/clang -x assembler-with-cpp -ivfsstatcache /Users/j/Documents/GitHub/MoneroOne/build/SDKStatCaches.noindex/iphonesimulator26.1-23B77-90cf18a4295e390e64c810bc6bd7acbc.sdkstatcache -fmessage-length\=0 -fdiagnostics-show-note-include-stack -fmacro-backtrace-limit\=0 -fno-color-diagnostics -fmodules-prune-interval\=86400 -fmodules-prune-after\=345600 -fbuild-session-file\=/Users/j/Documents/GitHub/MoneroOne/build/ModuleCache.noindex/Session.modulevalidation -fmodules-validate-once-per-build-session -Wnon-modular-include-in-framework-module -Werror\=non-modular-include-in-framework-module -Wno-trigraphs -Wno-missing-field-initializers -Wno-missing-prototypes -Wno-return-type -Wno-missing-braces -Wparentheses -Wswitch -Wno-unused-function -Wno-unused-label -Wno-unused-parameter -Wno-unused-variable -Wunused-value -Wno-empty-body -Wno-uninitialized -Wno-unknown-pragmas -w -Wno-shadow -Wno-four-char-constants -Wno-conversion -Wno-constant-conversion -Wno-int-conversion -Wno-bool-conversion -Wno-enum-conversion -Wno-float-conversion -Wno-non-literal-null-conversion -Wno-objc-literal-conversion -Wshorten-64-to-32 -Wno-newline-eof -Wno-implicit-fallthrough -fstrict-aliasing -Wdeprecated-declarations -Wno-sign-conversion -Wno-infinite-recursion -Wno-comma -Wno-block-capture-autoreleasing -Wno-strict-prototypes -Wno-semicolon-before-method-body -index-store-path /Users/j/Documents/GitHub/MoneroOne/build/Index.noindex/DataStore @/Users/j/Documents/GitHub/MoneroOne/build/Build/Intermediates.noindex/swift-nio-ssl.build/Debug-iphonesimulator/CNIOBoringSSL.build/Objects-normal/arm64/533656923a283fa776881f304837ed9e-common-args.resp -MMD -MT dependencies -MF /Users/j/Documents/GitHub/MoneroOne/build/Build/Intermediates.noindex/swift-nio-ssl.build/Debug-iphonesimulator/CNIOBoringSSL.build/Objects-normal/arm64/ghash-x86_64-linux.d --serialize-diagnostics /Users/j/Documents/GitHub/MoneroOne/build/Build/Intermediates.noindex/swift-nio-ssl.build/Debug-iphonesimulator/CNIOBoringSSL.build/Objects-normal/arm64/ghash-x86_64-linux.dia -c /Users/j/Documents/GitHub/MoneroOne/build/SourcePackages/checkouts/swift-nio-ssl/Sources/CNIOBoringSSL/gen/bcm/ghash-x86_64-linux.S -o /Users/j/Documents/GitHub/MoneroOne/build/Build/Intermediates.noindex/swift-nio-ssl.build/Debug-iphonesimulator/CNIOBoringSSL.build/Objects-normal/arm64/ghash-x86_64-linux.o -index-unit-output-path /swift-nio-ssl.build/Debug-iphonesimulator/CNIOBoringSSL.build/Objects-normal/arm64/ghash-x86_64-linux.o

CompileC /Users/j/Documents/GitHub/MoneroOne/build/Build/Intermediates.noindex/swift-nio-ssl.build/Debug-iphonesimulator/CNIOBoringSSL.build/Objects-normal/arm64/ghash-x86_64-apple.o /Users/j/Documents/GitHub/MoneroOne/build/SourcePackages/checkouts/swift-nio-ssl/Sources/CNIOBoringSSL/gen/bcm/ghash-x86_64-apple.S normal arm64 assembler-with-cpp com.apple.compilers.llvm.clang.1_0.compiler (in target 'CNIOBoringSSL' from project 'swift-nio-ssl')
    cd /Users/j/Documents/GitHub/MoneroOne/MoneroOne.xcodeproj
    
    Using response file: /Users/j/Documents/GitHub/MoneroOne/build/Build/Intermediates.noindex/swift-nio-ssl.build/Debug-iphonesimulator/CNIOBoringSSL.build/Objects-normal/arm64/533656923a283fa776881f304837ed9e-common-args.resp
    
    /Applications/Xcode.app/Contents/Developer/Toolchains/XcodeDefault.xctoolchain/usr/bin/clang -x assembler-with-cpp -ivfsstatcache /Users/j/Documents/GitHub/MoneroOne/build/SDKStatCaches.noindex/iphonesimulator26.1-23B77-90cf18a4295e390e64c810bc6bd7acbc.sdkstatcache -fmessage-length\=0 -fdiagnostics-show-note-include-stack -fmacro-backtrace-limit\=0 -fno-color-diagnostics -fmodules-prune-interval\=86400 -fmodules-prune-after\=345600 -fbuild-session-file\=/Users/j/Documents/GitHub/MoneroOne/build/ModuleCache.noindex/Session.modulevalidation -fmodules-validate-once-per-build-session -Wnon-modular-include-in-framework-module -Werror\=non-modular-include-in-framework-module -Wno-trigraphs -Wno-missing-field-initializers -Wno-missing-prototypes -Wno-return-type -Wno-missing-braces -Wparentheses -Wswitch -Wno-unused-function -Wno-unused-label -Wno-unused-parameter -Wno-unused-variable -Wunused-value -Wno-empty-body -Wno-uninitialized -Wno-unknown-pragmas -w -Wno-shadow -Wno-four-char-constants -Wno-conversion -Wno-constant-conversion -Wno-int-conversion -Wno-bool-conversion -Wno-enum-conversion -Wno-float-conversion -Wno-non-literal-null-conversion -Wno-objc-literal-conversion -Wshorten-64-to-32 -Wno-newline-eof -Wno-implicit-fallthrough -fstrict-aliasing -Wdeprecated-declarations -Wno-sign-conversion -Wno-infinite-recursion -Wno-comma -Wno-block-capture-autoreleasing -Wno-strict-prototypes -Wno-semicolon-before-method-body -index-store-path /Users/j/Documents/GitHub/MoneroOne/build/Index.noindex/DataStore @/Users/j/Documents/GitHub/MoneroOne/build/Build/Intermediates.noindex/swift-nio-ssl.build/Debug-iphonesimulator/CNIOBoringSSL.build/Objects-normal/arm64/533656923a283fa776881f304837ed9e-common-args.resp -MMD -MT dependencies -MF /Users/j/Documents/GitHub/MoneroOne/build/Build/Intermediates.noindex/swift-nio-ssl.build/Debug-iphonesimulator/CNIOBoringSSL.build/Objects-normal/arm64/ghash-x86_64-apple.d --serialize-diagnostics /Users/j/Documents/GitHub/MoneroOne/build/Build/Intermediates.noindex/swift-nio-ssl.build/Debug-iphonesimulator/CNIOBoringSSL.build/Objects-normal/arm64/ghash-x86_64-apple.dia -c /Users/j/Documents/GitHub/MoneroOne/build/SourcePackages/checkouts/swift-nio-ssl/Sources/CNIOBoringSSL/gen/bcm/ghash-x86_64-apple.S -o /Users/j/Documents/GitHub/MoneroOne/build/Build/Intermediates.noindex/swift-nio-ssl.build/Debug-iphonesimulator/CNIOBoringSSL.build/Objects-normal/arm64/ghash-x86_64-apple.o -index-unit-output-path /swift-nio-ssl.build/Debug-iphonesimulator/CNIOBoringSSL.build/Objects-normal/arm64/ghash-x86_64-apple.o

CompileC /Users/j/Documents/GitHub/MoneroOne/build/Build/Intermediates.noindex/swift-nio-ssl.build/Debug-iphonesimulator/CNIOBoringSSL.build/Objects-normal/arm64/ghash-x86-linux.o /Users/j/Documents/GitHub/MoneroOne/build/SourcePackages/checkouts/swift-nio-ssl/Sources/CNIOBoringSSL/gen/bcm/ghash-x86-linux.S normal arm64 assembler-with-cpp com.apple.compilers.llvm.clang.1_0.compiler (in target 'CNIOBoringSSL' from project 'swift-nio-ssl')
    cd /Users/j/Documents/GitHub/MoneroOne/MoneroOne.xcodeproj
    
    Using response file: /Users/j/Documents/GitHub/MoneroOne/build/Build/Intermediates.noindex/swift-nio-ssl.build/Debug-iphonesimulator/CNIOBoringSSL.build/Objects-normal/arm64/533656923a283fa776881f304837ed9e-common-args.resp
    
    /Applications/Xcode.app/Contents/Developer/Toolchains/XcodeDefault.xctoolchain/usr/bin/clang -x assembler-with-cpp -ivfsstatcache /Users/j/Documents/GitHub/MoneroOne/build/SDKStatCaches.noindex/iphonesimulator26.1-23B77-90cf18a4295e390e64c810bc6bd7acbc.sdkstatcache -fmessage-length\=0 -fdiagnostics-show-note-include-stack -fmacro-backtrace-limit\=0 -fno-color-diagnostics -fmodules-prune-interval\=86400 -fmodules-prune-after\=345600 -fbuild-session-file\=/Users/j/Documents/GitHub/MoneroOne/build/ModuleCache.noindex/Session.modulevalidation -fmodules-validate-once-per-build-session -Wnon-modular-include-in-framework-module -Werror\=non-modular-include-in-framework-module -Wno-trigraphs -Wno-missing-field-initializers -Wno-missing-prototypes -Wno-return-type -Wno-missing-braces -Wparentheses -Wswitch -Wno-unused-function -Wno-unused-label -Wno-unused-parameter -Wno-unused-variable -Wunused-value -Wno-empty-body -Wno-uninitialized -Wno-unknown-pragmas -w -Wno-shadow -Wno-four-char-constants -Wno-conversion -Wno-constant-conversion -Wno-int-conversion -Wno-bool-conversion -Wno-enum-conversion -Wno-float-conversion -Wno-non-literal-null-conversion -Wno-objc-literal-conversion -Wshorten-64-to-32 -Wno-newline-eof -Wno-implicit-fallthrough -fstrict-aliasing -Wdeprecated-declarations -Wno-sign-conversion -Wno-infinite-recursion -Wno-comma -Wno-block-capture-autoreleasing -Wno-strict-prototypes -Wno-semicolon-before-method-body -index-store-path /Users/j/Documents/GitHub/MoneroOne/build/Index.noindex/DataStore @/Users/j/Documents/GitHub/MoneroOne/build/Build/Intermediates.noindex/swift-nio-ssl.build/Debug-iphonesimulator/CNIOBoringSSL.build/Objects-normal/arm64/533656923a283fa776881f304837ed9e-common-args.resp -MMD -MT dependencies -MF /Users/j/Documents/GitHub/MoneroOne/build/Build/Intermediates.noindex/swift-nio-ssl.build/Debug-iphonesimulator/CNIOBoringSSL.build/Objects-normal/arm64/ghash-x86-linux.d --serialize-diagnostics /Users/j/Documents/GitHub/MoneroOne/build/Build/Intermediates.noindex/swift-nio-ssl.build/Debug-iphonesimulator/CNIOBoringSSL.build/Objects-normal/arm64/ghash-x86-linux.dia -c /Users/j/Documents/GitHub/MoneroOne/build/SourcePackages/checkouts/swift-nio-ssl/Sources/CNIOBoringSSL/gen/bcm/ghash-x86-linux.S -o /Users/j/Documents/GitHub/MoneroOne/build/Build/Intermediates.noindex/swift-nio-ssl.build/Debug-iphonesimulator/CNIOBoringSSL.build/Objects-normal/arm64/ghash-x86-linux.o -index-unit-output-path /swift-nio-ssl.build/Debug-iphonesimulator/CNIOBoringSSL.build/Objects-normal/arm64/ghash-x86-linux.o

CompileC /Users/j/Documents/GitHub/MoneroOne/build/Build/Intermediates.noindex/swift-nio-ssl.build/Debug-iphonesimulator/CNIOBoringSSL.build/Objects-normal/arm64/ghash-x86-apple.o /Users/j/Documents/GitHub/MoneroOne/build/SourcePackages/checkouts/swift-nio-ssl/Sources/CNIOBoringSSL/gen/bcm/ghash-x86-apple.S normal arm64 assembler-with-cpp com.apple.compilers.llvm.clang.1_0.compiler (in target 'CNIOBoringSSL' from project 'swift-nio-ssl')
    cd /Users/j/Documents/GitHub/MoneroOne/MoneroOne.xcodeproj
    
    Using response file: /Users/j/Documents/GitHub/MoneroOne/build/Build/Intermediates.noindex/swift-nio-ssl.build/Debug-iphonesimulator/CNIOBoringSSL.build/Objects-normal/arm64/533656923a283fa776881f304837ed9e-common-args.resp
    
    /Applications/Xcode.app/Contents/Developer/Toolchains/XcodeDefault.xctoolchain/usr/bin/clang -x assembler-with-cpp -ivfsstatcache /Users/j/Documents/GitHub/MoneroOne/build/SDKStatCaches.noindex/iphonesimulator26.1-23B77-90cf18a4295e390e64c810bc6bd7acbc.sdkstatcache -fmessage-length\=0 -fdiagnostics-show-note-include-stack -fmacro-backtrace-limit\=0 -fno-color-diagnostics -fmodules-prune-interval\=86400 -fmodules-prune-after\=345600 -fbuild-session-file\=/Users/j/Documents/GitHub/MoneroOne/build/ModuleCache.noindex/Session.modulevalidation -fmodules-validate-once-per-build-session -Wnon-modular-include-in-framework-module -Werror\=non-modular-include-in-framework-module -Wno-trigraphs -Wno-missing-field-initializers -Wno-missing-prototypes -Wno-return-type -Wno-missing-braces -Wparentheses -Wswitch -Wno-unused-function -Wno-unused-label -Wno-unused-parameter -Wno-unused-variable -Wunused-value -Wno-empty-body -Wno-uninitialized -Wno-unknown-pragmas -w -Wno-shadow -Wno-four-char-constants -Wno-conversion -Wno-constant-conversion -Wno-int-conversion -Wno-bool-conversion -Wno-enum-conversion -Wno-float-conversion -Wno-non-literal-null-conversion -Wno-objc-literal-conversion -Wshorten-64-to-32 -Wno-newline-eof -Wno-implicit-fallthrough -fstrict-aliasing -Wdeprecated-declarations -Wno-sign-conversion -Wno-infinite-recursion -Wno-comma -Wno-block-capture-autoreleasing -Wno-strict-prototypes -Wno-semicolon-before-method-body -index-store-path /Users/j/Documents/GitHub/MoneroOne/build/Index.noindex/DataStore @/Users/j/Documents/GitHub/MoneroOne/build/Build/Intermediates.noindex/swift-nio-ssl.build/Debug-iphonesimulator/CNIOBoringSSL.build/Objects-normal/arm64/533656923a283fa776881f304837ed9e-common-args.resp -MMD -MT dependencies -MF /Users/j/Documents/GitHub/MoneroOne/build/Build/Intermediates.noindex/swift-nio-ssl.build/Debug-iphonesimulator/CNIOBoringSSL.build/Objects-normal/arm64/ghash-x86-apple.d --serialize-diagnostics /Users/j/Documents/GitHub/MoneroOne/build/Build/Intermediates.noindex/swift-nio-ssl.build/Debug-iphonesimulator/CNIOBoringSSL.build/Objects-normal/arm64/ghash-x86-apple.dia -c /Users/j/Documents/GitHub/MoneroOne/build/SourcePackages/checkouts/swift-nio-ssl/Sources/CNIOBoringSSL/gen/bcm/ghash-x86-apple.S -o /Users/j/Documents/GitHub/MoneroOne/build/Build/Intermediates.noindex/swift-nio-ssl.build/Debug-iphonesimulator/CNIOBoringSSL.build/Objects-normal/arm64/ghash-x86-apple.o -index-unit-output-path /swift-nio-ssl.build/Debug-iphonesimulator/CNIOBoringSSL.build/Objects-normal/arm64/ghash-x86-apple.o

CompileC /Users/j/Documents/GitHub/MoneroOne/build/Build/Intermediates.noindex/swift-nio-ssl.build/Debug-iphonesimulator/CNIOBoringSSL.build/Objects-normal/arm64/ghash-ssse3-x86_64-linux.o /Users/j/Documents/GitHub/MoneroOne/build/SourcePackages/checkouts/swift-nio-ssl/Sources/CNIOBoringSSL/gen/bcm/ghash-ssse3-x86_64-linux.S normal arm64 assembler-with-cpp com.apple.compilers.llvm.clang.1_0.compiler (in target 'CNIOBoringSSL' from project 'swift-nio-ssl')
    cd /Users/j/Documents/GitHub/MoneroOne/MoneroOne.xcodeproj
    
    Using response file: /Users/j/Documents/GitHub/MoneroOne/build/Build/Intermediates.noindex/swift-nio-ssl.build/Debug-iphonesimulator/CNIOBoringSSL.build/Objects-normal/arm64/533656923a283fa776881f304837ed9e-common-args.resp
    
    /Applications/Xcode.app/Contents/Developer/Toolchains/XcodeDefault.xctoolchain/usr/bin/clang -x assembler-with-cpp -ivfsstatcache /Users/j/Documents/GitHub/MoneroOne/build/SDKStatCaches.noindex/iphonesimulator26.1-23B77-90cf18a4295e390e64c810bc6bd7acbc.sdkstatcache -fmessage-length\=0 -fdiagnostics-show-note-include-stack -fmacro-backtrace-limit\=0 -fno-color-diagnostics -fmodules-prune-interval\=86400 -fmodules-prune-after\=345600 -fbuild-session-file\=/Users/j/Documents/GitHub/MoneroOne/build/ModuleCache.noindex/Session.modulevalidation -fmodules-validate-once-per-build-session -Wnon-modular-include-in-framework-module -Werror\=non-modular-include-in-framework-module -Wno-trigraphs -Wno-missing-field-initializers -Wno-missing-prototypes -Wno-return-type -Wno-missing-braces -Wparentheses -Wswitch -Wno-unused-function -Wno-unused-label -Wno-unused-parameter -Wno-unused-variable -Wunused-value -Wno-empty-body -Wno-uninitialized -Wno-unknown-pragmas -w -Wno-shadow -Wno-four-char-constants -Wno-conversion -Wno-constant-conversion -Wno-int-conversion -Wno-bool-conversion -Wno-enum-conversion -Wno-float-conversion -Wno-non-literal-null-conversion -Wno-objc-literal-conversion -Wshorten-64-to-32 -Wno-newline-eof -Wno-implicit-fallthrough -fstrict-aliasing -Wdeprecated-declarations -Wno-sign-conversion -Wno-infinite-recursion -Wno-comma -Wno-block-capture-autoreleasing -Wno-strict-prototypes -Wno-semicolon-before-method-body -index-store-path /Users/j/Documents/GitHub/MoneroOne/build/Index.noindex/DataStore @/Users/j/Documents/GitHub/MoneroOne/build/Build/Intermediates.noindex/swift-nio-ssl.build/Debug-iphonesimulator/CNIOBoringSSL.build/Objects-normal/arm64/533656923a283fa776881f304837ed9e-common-args.resp -MMD -MT dependencies -MF /Users/j/Documents/GitHub/MoneroOne/build/Build/Intermediates.noindex/swift-nio-ssl.build/Debug-iphonesimulator/CNIOBoringSSL.build/Objects-normal/arm64/ghash-ssse3-x86_64-linux.d --serialize-diagnostics /Users/j/Documents/GitHub/MoneroOne/build/Build/Intermediates.noindex/swift-nio-ssl.build/Debug-iphonesimulator/CNIOBoringSSL.build/Objects-normal/arm64/ghash-ssse3-x86_64-linux.dia -c /Users/j/Documents/GitHub/MoneroOne/build/SourcePackages/checkouts/swift-nio-ssl/Sources/CNIOBoringSSL/gen/bcm/ghash-ssse3-x86_64-linux.S -o /Users/j/Documents/GitHub/MoneroOne/build/Build/Intermediates.noindex/swift-nio-ssl.build/Debug-iphonesimulator/CNIOBoringSSL.build/Objects-normal/arm64/ghash-ssse3-x86_64-linux.o -index-unit-output-path /swift-nio-ssl.build/Debug-iphonesimulator/CNIOBoringSSL.build/Objects-normal/arm64/ghash-ssse3-x86_64-linux.o

CompileC /Users/j/Documents/GitHub/MoneroOne/build/Build/Intermediates.noindex/swift-nio-ssl.build/Debug-iphonesimulator/CNIOBoringSSL.build/Objects-normal/arm64/ghash-ssse3-x86_64-apple.o /Users/j/Documents/GitHub/MoneroOne/build/SourcePackages/checkouts/swift-nio-ssl/Sources/CNIOBoringSSL/gen/bcm/ghash-ssse3-x86_64-apple.S normal arm64 assembler-with-cpp com.apple.compilers.llvm.clang.1_0.compiler (in target 'CNIOBoringSSL' from project 'swift-nio-ssl')
    cd /Users/j/Documents/GitHub/MoneroOne/MoneroOne.xcodeproj
    
    Using response file: /Users/j/Documents/GitHub/MoneroOne/build/Build/Intermediates.noindex/swift-nio-ssl.build/Debug-iphonesimulator/CNIOBoringSSL.build/Objects-normal/arm64/533656923a283fa776881f304837ed9e-common-args.resp
    
    /Applications/Xcode.app/Contents/Developer/Toolchains/XcodeDefault.xctoolchain/usr/bin/clang -x assembler-with-cpp -ivfsstatcache /Users/j/Documents/GitHub/MoneroOne/build/SDKStatCaches.noindex/iphonesimulator26.1-23B77-90cf18a4295e390e64c810bc6bd7acbc.sdkstatcache -fmessage-length\=0 -fdiagnostics-show-note-include-stack -fmacro-backtrace-limit\=0 -fno-color-diagnostics -fmodules-prune-interval\=86400 -fmodules-prune-after\=345600 -fbuild-session-file\=/Users/j/Documents/GitHub/MoneroOne/build/ModuleCache.noindex/Session.modulevalidation -fmodules-validate-once-per-build-session -Wnon-modular-include-in-framework-module -Werror\=non-modular-include-in-framework-module -Wno-trigraphs -Wno-missing-field-initializers -Wno-missing-prototypes -Wno-return-type -Wno-missing-braces -Wparentheses -Wswitch -Wno-unused-function -Wno-unused-label -Wno-unused-parameter -Wno-unused-variable -Wunused-value -Wno-empty-body -Wno-uninitialized -Wno-unknown-pragmas -w -Wno-shadow -Wno-four-char-constants -Wno-conversion -Wno-constant-conversion -Wno-int-conversion -Wno-bool-conversion -Wno-enum-conversion -Wno-float-conversion -Wno-non-literal-null-conversion -Wno-objc-literal-conversion -Wshorten-64-to-32 -Wno-newline-eof -Wno-implicit-fallthrough -fstrict-aliasing -Wdeprecated-declarations -Wno-sign-conversion -Wno-infinite-recursion -Wno-comma -Wno-block-capture-autoreleasing -Wno-strict-prototypes -Wno-semicolon-before-method-body -index-store-path /Users/j/Documents/GitHub/MoneroOne/build/Index.noindex/DataStore @/Users/j/Documents/GitHub/MoneroOne/build/Build/Intermediates.noindex/swift-nio-ssl.build/Debug-iphonesimulator/CNIOBoringSSL.build/Objects-normal/arm64/533656923a283fa776881f304837ed9e-common-args.resp -MMD -MT dependencies -MF /Users/j/Documents/GitHub/MoneroOne/build/Build/Intermediates.noindex/swift-nio-ssl.build/Debug-iphonesimulator/CNIOBoringSSL.build/Objects-normal/arm64/ghash-ssse3-x86_64-apple.d --serialize-diagnostics /Users/j/Documents/GitHub/MoneroOne/build/Build/Intermediates.noindex/swift-nio-ssl.build/Debug-iphonesimulator/CNIOBoringSSL.build/Objects-normal/arm64/ghash-ssse3-x86_64-apple.dia -c /Users/j/Documents/GitHub/MoneroOne/build/SourcePackages/checkouts/swift-nio-ssl/Sources/CNIOBoringSSL/gen/bcm/ghash-ssse3-x86_64-apple.S -o /Users/j/Documents/GitHub/MoneroOne/build/Build/Intermediates.noindex/swift-nio-ssl.build/Debug-iphonesimulator/CNIOBoringSSL.build/Objects-normal/arm64/ghash-ssse3-x86_64-apple.o -index-unit-output-path /swift-nio-ssl.build/Debug-iphonesimulator/CNIOBoringSSL.build/Objects-normal/arm64/ghash-ssse3-x86_64-apple.o

CompileC /Users/j/Documents/GitHub/MoneroOne/build/Build/Intermediates.noindex/swift-nio-ssl.build/Debug-iphonesimulator/CNIOBoringSSL.build/Objects-normal/arm64/ghash-ssse3-x86-linux.o /Users/j/Documents/GitHub/MoneroOne/build/SourcePackages/checkouts/swift-nio-ssl/Sources/CNIOBoringSSL/gen/bcm/ghash-ssse3-x86-linux.S normal arm64 assembler-with-cpp com.apple.compilers.llvm.clang.1_0.compiler (in target 'CNIOBoringSSL' from project 'swift-nio-ssl')
    cd /Users/j/Documents/GitHub/MoneroOne/MoneroOne.xcodeproj
    
    Using response file: /Users/j/Documents/GitHub/MoneroOne/build/Build/Intermediates.noindex/swift-nio-ssl.build/Debug-iphonesimulator/CNIOBoringSSL.build/Objects-normal/arm64/533656923a283fa776881f304837ed9e-common-args.resp
    
    /Applications/Xcode.app/Contents/Developer/Toolchains/XcodeDefault.xctoolchain/usr/bin/clang -x assembler-with-cpp -ivfsstatcache /Users/j/Documents/GitHub/MoneroOne/build/SDKStatCaches.noindex/iphonesimulator26.1-23B77-90cf18a4295e390e64c810bc6bd7acbc.sdkstatcache -fmessage-length\=0 -fdiagnostics-show-note-include-stack -fmacro-backtrace-limit\=0 -fno-color-diagnostics -fmodules-prune-interval\=86400 -fmodules-prune-after\=345600 -fbuild-session-file\=/Users/j/Documents/GitHub/MoneroOne/build/ModuleCache.noindex/Session.modulevalidation -fmodules-validate-once-per-build-session -Wnon-modular-include-in-framework-module -Werror\=non-modular-include-in-framework-module -Wno-trigraphs -Wno-missing-field-initializers -Wno-missing-prototypes -Wno-return-type -Wno-missing-braces -Wparentheses -Wswitch -Wno-unused-function -Wno-unused-label -Wno-unused-parameter -Wno-unused-variable -Wunused-value -Wno-empty-body -Wno-uninitialized -Wno-unknown-pragmas -w -Wno-shadow -Wno-four-char-constants -Wno-conversion -Wno-constant-conversion -Wno-int-conversion -Wno-bool-conversion -Wno-enum-conversion -Wno-float-conversion -Wno-non-literal-null-conversion -Wno-objc-literal-conversion -Wshorten-64-to-32 -Wno-newline-eof -Wno-implicit-fallthrough -fstrict-aliasing -Wdeprecated-declarations -Wno-sign-conversion -Wno-infinite-recursion -Wno-comma -Wno-block-capture-autoreleasing -Wno-strict-prototypes -Wno-semicolon-before-method-body -index-store-path /Users/j/Documents/GitHub/MoneroOne/build/Index.noindex/DataStore @/Users/j/Documents/GitHub/MoneroOne/build/Build/Intermediates.noindex/swift-nio-ssl.build/Debug-iphonesimulator/CNIOBoringSSL.build/Objects-normal/arm64/533656923a283fa776881f304837ed9e-common-args.resp -MMD -MT dependencies -MF /Users/j/Documents/GitHub/MoneroOne/build/Build/Intermediates.noindex/swift-nio-ssl.build/Debug-iphonesimulator/CNIOBoringSSL.build/Objects-normal/arm64/ghash-ssse3-x86-linux.d --serialize-diagnostics /Users/j/Documents/GitHub/MoneroOne/build/Build/Intermediates.noindex/swift-nio-ssl.build/Debug-iphonesimulator/CNIOBoringSSL.build/Objects-normal/arm64/ghash-ssse3-x86-linux.dia -c /Users/j/Documents/GitHub/MoneroOne/build/SourcePackages/checkouts/swift-nio-ssl/Sources/CNIOBoringSSL/gen/bcm/ghash-ssse3-x86-linux.S -o /Users/j/Documents/GitHub/MoneroOne/build/Build/Intermediates.noindex/swift-nio-ssl.build/Debug-iphonesimulator/CNIOBoringSSL.build/Objects-normal/arm64/ghash-ssse3-x86-linux.o -index-unit-output-path /swift-nio-ssl.build/Debug-iphonesimulator/CNIOBoringSSL.build/Objects-normal/arm64/ghash-ssse3-x86-linux.o

CompileC /Users/j/Documents/GitHub/MoneroOne/build/Build/Intermediates.noindex/swift-nio-ssl.build/Debug-iphonesimulator/CNIOBoringSSL.build/Objects-normal/arm64/ghash-ssse3-x86-apple.o /Users/j/Documents/GitHub/MoneroOne/build/SourcePackages/checkouts/swift-nio-ssl/Sources/CNIOBoringSSL/gen/bcm/ghash-ssse3-x86-apple.S normal arm64 assembler-with-cpp com.apple.compilers.llvm.clang.1_0.compiler (in target 'CNIOBoringSSL' from project 'swift-nio-ssl')
    cd /Users/j/Documents/GitHub/MoneroOne/MoneroOne.xcodeproj
    
    Using response file: /Users/j/Documents/GitHub/MoneroOne/build/Build/Intermediates.noindex/swift-nio-ssl.build/Debug-iphonesimulator/CNIOBoringSSL.build/Objects-normal/arm64/533656923a283fa776881f304837ed9e-common-args.resp
    
    /Applications/Xcode.app/Contents/Developer/Toolchains/XcodeDefault.xctoolchain/usr/bin/clang -x assembler-with-cpp -ivfsstatcache /Users/j/Documents/GitHub/MoneroOne/build/SDKStatCaches.noindex/iphonesimulator26.1-23B77-90cf18a4295e390e64c810bc6bd7acbc.sdkstatcache -fmessage-length\=0 -fdiagnostics-show-note-include-stack -fmacro-backtrace-limit\=0 -fno-color-diagnostics -fmodules-prune-interval\=86400 -fmodules-prune-after\=345600 -fbuild-session-file\=/Users/j/Documents/GitHub/MoneroOne/build/ModuleCache.noindex/Session.modulevalidation -fmodules-validate-once-per-build-session -Wnon-modular-include-in-framework-module -Werror\=non-modular-include-in-framework-module -Wno-trigraphs -Wno-missing-field-initializers -Wno-missing-prototypes -Wno-return-type -Wno-missing-braces -Wparentheses -Wswitch -Wno-unused-function -Wno-unused-label -Wno-unused-parameter -Wno-unused-variable -Wunused-value -Wno-empty-body -Wno-uninitialized -Wno-unknown-pragmas -w -Wno-shadow -Wno-four-char-constants -Wno-conversion -Wno-constant-conversion -Wno-int-conversion -Wno-bool-conversion -Wno-enum-conversion -Wno-float-conversion -Wno-non-literal-null-conversion -Wno-objc-literal-conversion -Wshorten-64-to-32 -Wno-newline-eof -Wno-implicit-fallthrough -fstrict-aliasing -Wdeprecated-declarations -Wno-sign-conversion -Wno-infinite-recursion -Wno-comma -Wno-block-capture-autoreleasing -Wno-strict-prototypes -Wno-semicolon-before-method-body -index-store-path /Users/j/Documents/GitHub/MoneroOne/build/Index.noindex/DataStore @/Users/j/Documents/GitHub/MoneroOne/build/Build/Intermediates.noindex/swift-nio-ssl.build/Debug-iphonesimulator/CNIOBoringSSL.build/Objects-normal/arm64/533656923a283fa776881f304837ed9e-common-args.resp -MMD -MT dependencies -MF /Users/j/Documents/GitHub/MoneroOne/build/Build/Intermediates.noindex/swift-nio-ssl.build/Debug-iphonesimulator/CNIOBoringSSL.build/Objects-normal/arm64/ghash-ssse3-x86-apple.d --serialize-diagnostics /Users/j/Documents/GitHub/MoneroOne/build/Build/Intermediates.noindex/swift-nio-ssl.build/Debug-iphonesimulator/CNIOBoringSSL.build/Objects-normal/arm64/ghash-ssse3-x86-apple.dia -c /Users/j/Documents/GitHub/MoneroOne/build/SourcePackages/checkouts/swift-nio-ssl/Sources/CNIOBoringSSL/gen/bcm/ghash-ssse3-x86-apple.S -o /Users/j/Documents/GitHub/MoneroOne/build/Build/Intermediates.noindex/swift-nio-ssl.build/Debug-iphonesimulator/CNIOBoringSSL.build/Objects-normal/arm64/ghash-ssse3-x86-apple.o -index-unit-output-path /swift-nio-ssl.build/Debug-iphonesimulator/CNIOBoringSSL.build/Objects-normal/arm64/ghash-ssse3-x86-apple.o

CompileC /Users/j/Documents/GitHub/MoneroOne/build/Build/Intermediates.noindex/swift-nio-ssl.build/Debug-iphonesimulator/CNIOBoringSSL.build/Objects-normal/arm64/ghash-neon-armv8-win.o /Users/j/Documents/GitHub/MoneroOne/build/SourcePackages/checkouts/swift-nio-ssl/Sources/CNIOBoringSSL/gen/bcm/ghash-neon-armv8-win.S normal arm64 assembler-with-cpp com.apple.compilers.llvm.clang.1_0.compiler (in target 'CNIOBoringSSL' from project 'swift-nio-ssl')
    cd /Users/j/Documents/GitHub/MoneroOne/MoneroOne.xcodeproj
    
    Using response file: /Users/j/Documents/GitHub/MoneroOne/build/Build/Intermediates.noindex/swift-nio-ssl.build/Debug-iphonesimulator/CNIOBoringSSL.build/Objects-normal/arm64/533656923a283fa776881f304837ed9e-common-args.resp
    
    /Applications/Xcode.app/Contents/Developer/Toolchains/XcodeDefault.xctoolchain/usr/bin/clang -x assembler-with-cpp -ivfsstatcache /Users/j/Documents/GitHub/MoneroOne/build/SDKStatCaches.noindex/iphonesimulator26.1-23B77-90cf18a4295e390e64c810bc6bd7acbc.sdkstatcache -fmessage-length\=0 -fdiagnostics-show-note-include-stack -fmacro-backtrace-limit\=0 -fno-color-diagnostics -fmodules-prune-interval\=86400 -fmodules-prune-after\=345600 -fbuild-session-file\=/Users/j/Documents/GitHub/MoneroOne/build/ModuleCache.noindex/Session.modulevalidation -fmodules-validate-once-per-build-session -Wnon-modular-include-in-framework-module -Werror\=non-modular-include-in-framework-module -Wno-trigraphs -Wno-missing-field-initializers -Wno-missing-prototypes -Wno-return-type -Wno-missing-braces -Wparentheses -Wswitch -Wno-unused-function -Wno-unused-label -Wno-unused-parameter -Wno-unused-variable -Wunused-value -Wno-empty-body -Wno-uninitialized -Wno-unknown-pragmas -w -Wno-shadow -Wno-four-char-constants -Wno-conversion -Wno-constant-conversion -Wno-int-conversion -Wno-bool-conversion -Wno-enum-conversion -Wno-float-conversion -Wno-non-literal-null-conversion -Wno-objc-literal-conversion -Wshorten-64-to-32 -Wno-newline-eof -Wno-implicit-fallthrough -fstrict-aliasing -Wdeprecated-declarations -Wno-sign-conversion -Wno-infinite-recursion -Wno-comma -Wno-block-capture-autoreleasing -Wno-strict-prototypes -Wno-semicolon-before-method-body -index-store-path /Users/j/Documents/GitHub/MoneroOne/build/Index.noindex/DataStore @/Users/j/Documents/GitHub/MoneroOne/build/Build/Intermediates.noindex/swift-nio-ssl.build/Debug-iphonesimulator/CNIOBoringSSL.build/Objects-normal/arm64/533656923a283fa776881f304837ed9e-common-args.resp -MMD -MT dependencies -MF /Users/j/Documents/GitHub/MoneroOne/build/Build/Intermediates.noindex/swift-nio-ssl.build/Debug-iphonesimulator/CNIOBoringSSL.build/Objects-normal/arm64/ghash-neon-armv8-win.d --serialize-diagnostics /Users/j/Documents/GitHub/MoneroOne/build/Build/Intermediates.noindex/swift-nio-ssl.build/Debug-iphonesimulator/CNIOBoringSSL.build/Objects-normal/arm64/ghash-neon-armv8-win.dia -c /Users/j/Documents/GitHub/MoneroOne/build/SourcePackages/checkouts/swift-nio-ssl/Sources/CNIOBoringSSL/gen/bcm/ghash-neon-armv8-win.S -o /Users/j/Documents/GitHub/MoneroOne/build/Build/Intermediates.noindex/swift-nio-ssl.build/Debug-iphonesimulator/CNIOBoringSSL.build/Objects-normal/arm64/ghash-neon-armv8-win.o -index-unit-output-path /swift-nio-ssl.build/Debug-iphonesimulator/CNIOBoringSSL.build/Objects-normal/arm64/ghash-neon-armv8-win.o

CompileC /Users/j/Documents/GitHub/MoneroOne/build/Build/Intermediates.noindex/swift-nio-ssl.build/Debug-iphonesimulator/CNIOBoringSSL.build/Objects-normal/arm64/ghash-neon-armv8-linux.o /Users/j/Documents/GitHub/MoneroOne/build/SourcePackages/checkouts/swift-nio-ssl/Sources/CNIOBoringSSL/gen/bcm/ghash-neon-armv8-linux.S normal arm64 assembler-with-cpp com.apple.compilers.llvm.clang.1_0.compiler (in target 'CNIOBoringSSL' from project 'swift-nio-ssl')
    cd /Users/j/Documents/GitHub/MoneroOne/MoneroOne.xcodeproj
    
    Using response file: /Users/j/Documents/GitHub/MoneroOne/build/Build/Intermediates.noindex/swift-nio-ssl.build/Debug-iphonesimulator/CNIOBoringSSL.build/Objects-normal/arm64/533656923a283fa776881f304837ed9e-common-args.resp
    
    /Applications/Xcode.app/Contents/Developer/Toolchains/XcodeDefault.xctoolchain/usr/bin/clang -x assembler-with-cpp -ivfsstatcache /Users/j/Documents/GitHub/MoneroOne/build/SDKStatCaches.noindex/iphonesimulator26.1-23B77-90cf18a4295e390e64c810bc6bd7acbc.sdkstatcache -fmessage-length\=0 -fdiagnostics-show-note-include-stack -fmacro-backtrace-limit\=0 -fno-color-diagnostics -fmodules-prune-interval\=86400 -fmodules-prune-after\=345600 -fbuild-session-file\=/Users/j/Documents/GitHub/MoneroOne/build/ModuleCache.noindex/Session.modulevalidation -fmodules-validate-once-per-build-session -Wnon-modular-include-in-framework-module -Werror\=non-modular-include-in-framework-module -Wno-trigraphs -Wno-missing-field-initializers -Wno-missing-prototypes -Wno-return-type -Wno-missing-braces -Wparentheses -Wswitch -Wno-unused-function -Wno-unused-label -Wno-unused-parameter -Wno-unused-variable -Wunused-value -Wno-empty-body -Wno-uninitialized -Wno-unknown-pragmas -w -Wno-shadow -Wno-four-char-constants -Wno-conversion -Wno-constant-conversion -Wno-int-conversion -Wno-bool-conversion -Wno-enum-conversion -Wno-float-conversion -Wno-non-literal-null-conversion -Wno-objc-literal-conversion -Wshorten-64-to-32 -Wno-newline-eof -Wno-implicit-fallthrough -fstrict-aliasing -Wdeprecated-declarations -Wno-sign-conversion -Wno-infinite-recursion -Wno-comma -Wno-block-capture-autoreleasing -Wno-strict-prototypes -Wno-semicolon-before-method-body -index-store-path /Users/j/Documents/GitHub/MoneroOne/build/Index.noindex/DataStore @/Users/j/Documents/GitHub/MoneroOne/build/Build/Intermediates.noindex/swift-nio-ssl.build/Debug-iphonesimulator/CNIOBoringSSL.build/Objects-normal/arm64/533656923a283fa776881f304837ed9e-common-args.resp -MMD -MT dependencies -MF /Users/j/Documents/GitHub/MoneroOne/build/Build/Intermediates.noindex/swift-nio-ssl.build/Debug-iphonesimulator/CNIOBoringSSL.build/Objects-normal/arm64/ghash-neon-armv8-linux.d --serialize-diagnostics /Users/j/Documents/GitHub/MoneroOne/build/Build/Intermediates.noindex/swift-nio-ssl.build/Debug-iphonesimulator/CNIOBoringSSL.build/Objects-normal/arm64/ghash-neon-armv8-linux.dia -c /Users/j/Documents/GitHub/MoneroOne/build/SourcePackages/checkouts/swift-nio-ssl/Sources/CNIOBoringSSL/gen/bcm/ghash-neon-armv8-linux.S -o /Users/j/Documents/GitHub/MoneroOne/build/Build/Intermediates.noindex/swift-nio-ssl.build/Debug-iphonesimulator/CNIOBoringSSL.build/Objects-normal/arm64/ghash-neon-armv8-linux.o -index-unit-output-path /swift-nio-ssl.build/Debug-iphonesimulator/CNIOBoringSSL.build/Objects-normal/arm64/ghash-neon-armv8-linux.o

CompileC /Users/j/Documents/GitHub/MoneroOne/build/Build/Intermediates.noindex/swift-nio-ssl.build/Debug-iphonesimulator/CNIOBoringSSL.build/Objects-normal/arm64/ghash-neon-armv8-apple.o /Users/j/Documents/GitHub/MoneroOne/build/SourcePackages/checkouts/swift-nio-ssl/Sources/CNIOBoringSSL/gen/bcm/ghash-neon-armv8-apple.S normal arm64 assembler-with-cpp com.apple.compilers.llvm.clang.1_0.compiler (in target 'CNIOBoringSSL' from project 'swift-nio-ssl')
    cd /Users/j/Documents/GitHub/MoneroOne/MoneroOne.xcodeproj
    
    Using response file: /Users/j/Documents/GitHub/MoneroOne/build/Build/Intermediates.noindex/swift-nio-ssl.build/Debug-iphonesimulator/CNIOBoringSSL.build/Objects-normal/arm64/533656923a283fa776881f304837ed9e-common-args.resp
    
    /Applications/Xcode.app/Contents/Developer/Toolchains/XcodeDefault.xctoolchain/usr/bin/clang -x assembler-with-cpp -ivfsstatcache /Users/j/Documents/GitHub/MoneroOne/build/SDKStatCaches.noindex/iphonesimulator26.1-23B77-90cf18a4295e390e64c810bc6bd7acbc.sdkstatcache -fmessage-length\=0 -fdiagnostics-show-note-include-stack -fmacro-backtrace-limit\=0 -fno-color-diagnostics -fmodules-prune-interval\=86400 -fmodules-prune-after\=345600 -fbuild-session-file\=/Users/j/Documents/GitHub/MoneroOne/build/ModuleCache.noindex/Session.modulevalidation -fmodules-validate-once-per-build-session -Wnon-modular-include-in-framework-module -Werror\=non-modular-include-in-framework-module -Wno-trigraphs -Wno-missing-field-initializers -Wno-missing-prototypes -Wno-return-type -Wno-missing-braces -Wparentheses -Wswitch -Wno-unused-function -Wno-unused-label -Wno-unused-parameter -Wno-unused-variable -Wunused-value -Wno-empty-body -Wno-uninitialized -Wno-unknown-pragmas -w -Wno-shadow -Wno-four-char-constants -Wno-conversion -Wno-constant-conversion -Wno-int-conversion -Wno-bool-conversion -Wno-enum-conversion -Wno-float-conversion -Wno-non-literal-null-conversion -Wno-objc-literal-conversion -Wshorten-64-to-32 -Wno-newline-eof -Wno-implicit-fallthrough -fstrict-aliasing -Wdeprecated-declarations -Wno-sign-conversion -Wno-infinite-recursion -Wno-comma -Wno-block-capture-autoreleasing -Wno-strict-prototypes -Wno-semicolon-before-method-body -index-store-path /Users/j/Documents/GitHub/MoneroOne/build/Index.noindex/DataStore @/Users/j/Documents/GitHub/MoneroOne/build/Build/Intermediates.noindex/swift-nio-ssl.build/Debug-iphonesimulator/CNIOBoringSSL.build/Objects-normal/arm64/533656923a283fa776881f304837ed9e-common-args.resp -MMD -MT dependencies -MF /Users/j/Documents/GitHub/MoneroOne/build/Build/Intermediates.noindex/swift-nio-ssl.build/Debug-iphonesimulator/CNIOBoringSSL.build/Objects-normal/arm64/ghash-neon-armv8-apple.d --serialize-diagnostics /Users/j/Documents/GitHub/MoneroOne/build/Build/Intermediates.noindex/swift-nio-ssl.build/Debug-iphonesimulator/CNIOBoringSSL.build/Objects-normal/arm64/ghash-neon-armv8-apple.dia -c /Users/j/Documents/GitHub/MoneroOne/build/SourcePackages/checkouts/swift-nio-ssl/Sources/CNIOBoringSSL/gen/bcm/ghash-neon-armv8-apple.S -o /Users/j/Documents/GitHub/MoneroOne/build/Build/Intermediates.noindex/swift-nio-ssl.build/Debug-iphonesimulator/CNIOBoringSSL.build/Objects-normal/arm64/ghash-neon-armv8-apple.o -index-unit-output-path /swift-nio-ssl.build/Debug-iphonesimulator/CNIOBoringSSL.build/Objects-normal/arm64/ghash-neon-armv8-apple.o

CompileC /Users/j/Documents/GitHub/MoneroOne/build/Build/Intermediates.noindex/swift-nio-ssl.build/Debug-iphonesimulator/CNIOBoringSSL.build/Objects-normal/arm64/ghash-armv4-linux.o /Users/j/Documents/GitHub/MoneroOne/build/SourcePackages/checkouts/swift-nio-ssl/Sources/CNIOBoringSSL/gen/bcm/ghash-armv4-linux.S normal arm64 assembler-with-cpp com.apple.compilers.llvm.clang.1_0.compiler (in target 'CNIOBoringSSL' from project 'swift-nio-ssl')
    cd /Users/j/Documents/GitHub/MoneroOne/MoneroOne.xcodeproj
    
    Using response file: /Users/j/Documents/GitHub/MoneroOne/build/Build/Intermediates.noindex/swift-nio-ssl.build/Debug-iphonesimulator/CNIOBoringSSL.build/Objects-normal/arm64/533656923a283fa776881f304837ed9e-common-args.resp
    
    /Applications/Xcode.app/Contents/Developer/Toolchains/XcodeDefault.xctoolchain/usr/bin/clang -x assembler-with-cpp -ivfsstatcache /Users/j/Documents/GitHub/MoneroOne/build/SDKStatCaches.noindex/iphonesimulator26.1-23B77-90cf18a4295e390e64c810bc6bd7acbc.sdkstatcache -fmessage-length\=0 -fdiagnostics-show-note-include-stack -fmacro-backtrace-limit\=0 -fno-color-diagnostics -fmodules-prune-interval\=86400 -fmodules-prune-after\=345600 -fbuild-session-file\=/Users/j/Documents/GitHub/MoneroOne/build/ModuleCache.noindex/Session.modulevalidation -fmodules-validate-once-per-build-session -Wnon-modular-include-in-framework-module -Werror\=non-modular-include-in-framework-module -Wno-trigraphs -Wno-missing-field-initializers -Wno-missing-prototypes -Wno-return-type -Wno-missing-braces -Wparentheses -Wswitch -Wno-unused-function -Wno-unused-label -Wno-unused-parameter -Wno-unused-variable -Wunused-value -Wno-empty-body -Wno-uninitialized -Wno-unknown-pragmas -w -Wno-shadow -Wno-four-char-constants -Wno-conversion -Wno-constant-conversion -Wno-int-conversion -Wno-bool-conversion -Wno-enum-conversion -Wno-float-conversion -Wno-non-literal-null-conversion -Wno-objc-literal-conversion -Wshorten-64-to-32 -Wno-newline-eof -Wno-implicit-fallthrough -fstrict-aliasing -Wdeprecated-declarations -Wno-sign-conversion -Wno-infinite-recursion -Wno-comma -Wno-block-capture-autoreleasing -Wno-strict-prototypes -Wno-semicolon-before-method-body -index-store-path /Users/j/Documents/GitHub/MoneroOne/build/Index.noindex/DataStore @/Users/j/Documents/GitHub/MoneroOne/build/Build/Intermediates.noindex/swift-nio-ssl.build/Debug-iphonesimulator/CNIOBoringSSL.build/Objects-normal/arm64/533656923a283fa776881f304837ed9e-common-args.resp -MMD -MT dependencies -MF /Users/j/Documents/GitHub/MoneroOne/build/Build/Intermediates.noindex/swift-nio-ssl.build/Debug-iphonesimulator/CNIOBoringSSL.build/Objects-normal/arm64/ghash-armv4-linux.d --serialize-diagnostics /Users/j/Documents/GitHub/MoneroOne/build/Build/Intermediates.noindex/swift-nio-ssl.build/Debug-iphonesimulator/CNIOBoringSSL.build/Objects-normal/arm64/ghash-armv4-linux.dia -c /Users/j/Documents/GitHub/MoneroOne/build/SourcePackages/checkouts/swift-nio-ssl/Sources/CNIOBoringSSL/gen/bcm/ghash-armv4-linux.S -o /Users/j/Documents/GitHub/MoneroOne/build/Build/Intermediates.noindex/swift-nio-ssl.build/Debug-iphonesimulator/CNIOBoringSSL.build/Objects-normal/arm64/ghash-armv4-linux.o -index-unit-output-path /swift-nio-ssl.build/Debug-iphonesimulator/CNIOBoringSSL.build/Objects-normal/arm64/ghash-armv4-linux.o

CompileC /Users/j/Documents/GitHub/MoneroOne/build/Build/Intermediates.noindex/swift-nio-ssl.build/Debug-iphonesimulator/CNIOBoringSSL.build/Objects-normal/arm64/getentropy.o /Users/j/Documents/GitHub/MoneroOne/build/SourcePackages/checkouts/swift-nio-ssl/Sources/CNIOBoringSSL/crypto/rand/getentropy.cc normal arm64 c++ com.apple.compilers.llvm.clang.1_0.compiler (in target 'CNIOBoringSSL' from project 'swift-nio-ssl')
    cd /Users/j/Documents/GitHub/MoneroOne/MoneroOne.xcodeproj
    
    Using response file: /Users/j/Documents/GitHub/MoneroOne/build/Build/Intermediates.noindex/swift-nio-ssl.build/Debug-iphonesimulator/CNIOBoringSSL.build/Objects-normal/arm64/82b82416624d2658e5098eb0a28c15c5-common-args.resp
    
    /Applications/Xcode.app/Contents/Developer/Toolchains/XcodeDefault.xctoolchain/usr/bin/clang -x c++ -ivfsstatcache /Users/j/Documents/GitHub/MoneroOne/build/SDKStatCaches.noindex/iphonesimulator26.1-23B77-90cf18a4295e390e64c810bc6bd7acbc.sdkstatcache -fmessage-length\=0 -fdiagnostics-show-note-include-stack -fmacro-backtrace-limit\=0 -fno-color-diagnostics -fmodules-prune-interval\=86400 -fmodules-prune-after\=345600 -fbuild-session-file\=/Users/j/Documents/GitHub/MoneroOne/build/ModuleCache.noindex/Session.modulevalidation -fmodules-validate-once-per-build-session -Wnon-modular-include-in-framework-module -Werror\=non-modular-include-in-framework-module -Wno-trigraphs -Wno-missing-field-initializers -Wno-missing-prototypes -Wno-return-type -Wno-non-virtual-dtor -Wno-overloaded-virtual -Wno-exit-time-destructors -Wno-missing-braces -Wparentheses -Wswitch -Wno-unused-function -Wno-unused-label -Wno-unused-parameter -Wno-unused-variable -Wunused-value -Wno-empty-body -Wno-uninitialized -Wno-unknown-pragmas -w -Wno-shadow -Wno-four-char-constants -Wno-conversion -Wno-constant-conversion -Wno-int-conversion -Wno-bool-conversion -Wno-enum-conversion -Wno-float-conversion -Wno-non-literal-null-conversion -Wno-objc-literal-conversion -Wshorten-64-to-32 -Wno-newline-eof -Wno-c++11-extensions -Wno-implicit-fallthrough -fstrict-aliasing -Wdeprecated-declarations -Winvalid-offsetof -Wno-sign-conversion -Wno-infinite-recursion -Wno-move -Wno-comma -Wno-block-capture-autoreleasing -Wno-strict-prototypes -Wno-range-loop-analysis -Wno-semicolon-before-method-body -index-store-path /Users/j/Documents/GitHub/MoneroOne/build/Index.noindex/DataStore @/Users/j/Documents/GitHub/MoneroOne/build/Build/Intermediates.noindex/swift-nio-ssl.build/Debug-iphonesimulator/CNIOBoringSSL.build/Objects-normal/arm64/82b82416624d2658e5098eb0a28c15c5-common-args.resp -MMD -MT dependencies -MF /Users/j/Documents/GitHub/MoneroOne/build/Build/Intermediates.noindex/swift-nio-ssl.build/Debug-iphonesimulator/CNIOBoringSSL.build/Objects-normal/arm64/getentropy.d --serialize-diagnostics /Users/j/Documents/GitHub/MoneroOne/build/Build/Intermediates.noindex/swift-nio-ssl.build/Debug-iphonesimulator/CNIOBoringSSL.build/Objects-normal/arm64/getentropy.dia -c /Users/j/Documents/GitHub/MoneroOne/build/SourcePackages/checkouts/swift-nio-ssl/Sources/CNIOBoringSSL/crypto/rand/getentropy.cc -o /Users/j/Documents/GitHub/MoneroOne/build/Build/Intermediates.noindex/swift-nio-ssl.build/Debug-iphonesimulator/CNIOBoringSSL.build/Objects-normal/arm64/getentropy.o -index-unit-output-path /swift-nio-ssl.build/Debug-iphonesimulator/CNIOBoringSSL.build/Objects-normal/arm64/getentropy.o

CompileC /Users/j/Documents/GitHub/MoneroOne/build/Build/Intermediates.noindex/swift-nio-ssl.build/Debug-iphonesimulator/CNIOBoringSSL.build/Objects-normal/arm64/get_cipher.o /Users/j/Documents/GitHub/MoneroOne/build/SourcePackages/checkouts/swift-nio-ssl/Sources/CNIOBoringSSL/crypto/cipher/get_cipher.cc normal arm64 c++ com.apple.compilers.llvm.clang.1_0.compiler (in target 'CNIOBoringSSL' from project 'swift-nio-ssl')
    cd /Users/j/Documents/GitHub/MoneroOne/MoneroOne.xcodeproj
    
    Using response file: /Users/j/Documents/GitHub/MoneroOne/build/Build/Intermediates.noindex/swift-nio-ssl.build/Debug-iphonesimulator/CNIOBoringSSL.build/Objects-normal/arm64/82b82416624d2658e5098eb0a28c15c5-common-args.resp
    
    /Applications/Xcode.app/Contents/Developer/Toolchains/XcodeDefault.xctoolchain/usr/bin/clang -x c++ -ivfsstatcache /Users/j/Documents/GitHub/MoneroOne/build/SDKStatCaches.noindex/iphonesimulator26.1-23B77-90cf18a4295e390e64c810bc6bd7acbc.sdkstatcache -fmessage-length\=0 -fdiagnostics-show-note-include-stack -fmacro-backtrace-limit\=0 -fno-color-diagnostics -fmodules-prune-interval\=86400 -fmodules-prune-after\=345600 -fbuild-session-file\=/Users/j/Documents/GitHub/MoneroOne/build/ModuleCache.noindex/Session.modulevalidation -fmodules-validate-once-per-build-session -Wnon-modular-include-in-framework-module -Werror\=non-modular-include-in-framework-module -Wno-trigraphs -Wno-missing-field-initializers -Wno-missing-prototypes -Wno-return-type -Wno-non-virtual-dtor -Wno-overloaded-virtual -Wno-exit-time-destructors -Wno-missing-braces -Wparentheses -Wswitch -Wno-unused-function -Wno-unused-label -Wno-unused-parameter -Wno-unused-variable -Wunused-value -Wno-empty-body -Wno-uninitialized -Wno-unknown-pragmas -w -Wno-shadow -Wno-four-char-constants -Wno-conversion -Wno-constant-conversion -Wno-int-conversion -Wno-bool-conversion -Wno-enum-conversion -Wno-float-conversion -Wno-non-literal-null-conversion -Wno-objc-literal-conversion -Wshorten-64-to-32 -Wno-newline-eof -Wno-c++11-extensions -Wno-implicit-fallthrough -fstrict-aliasing -Wdeprecated-declarations -Winvalid-offsetof -Wno-sign-conversion -Wno-infinite-recursion -Wno-move -Wno-comma -Wno-block-capture-autoreleasing -Wno-strict-prototypes -Wno-range-loop-analysis -Wno-semicolon-before-method-body -index-store-path /Users/j/Documents/GitHub/MoneroOne/build/Index.noindex/DataStore @/Users/j/Documents/GitHub/MoneroOne/build/Build/Intermediates.noindex/swift-nio-ssl.build/Debug-iphonesimulator/CNIOBoringSSL.build/Objects-normal/arm64/82b82416624d2658e5098eb0a28c15c5-common-args.resp -MMD -MT dependencies -MF /Users/j/Documents/GitHub/MoneroOne/build/Build/Intermediates.noindex/swift-nio-ssl.build/Debug-iphonesimulator/CNIOBoringSSL.build/Objects-normal/arm64/get_cipher.d --serialize-diagnostics /Users/j/Documents/GitHub/MoneroOne/build/Build/Intermediates.noindex/swift-nio-ssl.build/Debug-iphonesimulator/CNIOBoringSSL.build/Objects-normal/arm64/get_cipher.dia -c /Users/j/Documents/GitHub/MoneroOne/build/SourcePackages/checkouts/swift-nio-ssl/Sources/CNIOBoringSSL/crypto/cipher/get_cipher.cc -o /Users/j/Documents/GitHub/MoneroOne/build/Build/Intermediates.noindex/swift-nio-ssl.build/Debug-iphonesimulator/CNIOBoringSSL.build/Objects-normal/arm64/get_cipher.o -index-unit-output-path /swift-nio-ssl.build/Debug-iphonesimulator/CNIOBoringSSL.build/Objects-normal/arm64/get_cipher.o

CompileC /Users/j/Documents/GitHub/MoneroOne/build/Build/Intermediates.noindex/swift-nio-ssl.build/Debug-iphonesimulator/CNIOBoringSSL.build/Objects-normal/arm64/forkunsafe.o /Users/j/Documents/GitHub/MoneroOne/build/SourcePackages/checkouts/swift-nio-ssl/Sources/CNIOBoringSSL/crypto/rand/forkunsafe.cc normal arm64 c++ com.apple.compilers.llvm.clang.1_0.compiler (in target 'CNIOBoringSSL' from project 'swift-nio-ssl')
    cd /Users/j/Documents/GitHub/MoneroOne/MoneroOne.xcodeproj
    
    Using response file: /Users/j/Documents/GitHub/MoneroOne/build/Build/Intermediates.noindex/swift-nio-ssl.build/Debug-iphonesimulator/CNIOBoringSSL.build/Objects-normal/arm64/82b82416624d2658e5098eb0a28c15c5-common-args.resp
    
    /Applications/Xcode.app/Contents/Developer/Toolchains/XcodeDefault.xctoolchain/usr/bin/clang -x c++ -ivfsstatcache /Users/j/Documents/GitHub/MoneroOne/build/SDKStatCaches.noindex/iphonesimulator26.1-23B77-90cf18a4295e390e64c810bc6bd7acbc.sdkstatcache -fmessage-length\=0 -fdiagnostics-show-note-include-stack -fmacro-backtrace-limit\=0 -fno-color-diagnostics -fmodules-prune-interval\=86400 -fmodules-prune-after\=345600 -fbuild-session-file\=/Users/j/Documents/GitHub/MoneroOne/build/ModuleCache.noindex/Session.modulevalidation -fmodules-validate-once-per-build-session -Wnon-modular-include-in-framework-module -Werror\=non-modular-include-in-framework-module -Wno-trigraphs -Wno-missing-field-initializers -Wno-missing-prototypes -Wno-return-type -Wno-non-virtual-dtor -Wno-overloaded-virtual -Wno-exit-time-destructors -Wno-missing-braces -Wparentheses -Wswitch -Wno-unused-function -Wno-unused-label -Wno-unused-parameter -Wno-unused-variable -Wunused-value -Wno-empty-body -Wno-uninitialized -Wno-unknown-pragmas -w -Wno-shadow -Wno-four-char-constants -Wno-conversion -Wno-constant-conversion -Wno-int-conversion -Wno-bool-conversion -Wno-enum-conversion -Wno-float-conversion -Wno-non-literal-null-conversion -Wno-objc-literal-conversion -Wshorten-64-to-32 -Wno-newline-eof -Wno-c++11-extensions -Wno-implicit-fallthrough -fstrict-aliasing -Wdeprecated-declarations -Winvalid-offsetof -Wno-sign-conversion -Wno-infinite-recursion -Wno-move -Wno-comma -Wno-block-capture-autoreleasing -Wno-strict-prototypes -Wno-range-loop-analysis -Wno-semicolon-before-method-body -index-store-path /Users/j/Documents/GitHub/MoneroOne/build/Index.noindex/DataStore @/Users/j/Documents/GitHub/MoneroOne/build/Build/Intermediates.noindex/swift-nio-ssl.build/Debug-iphonesimulator/CNIOBoringSSL.build/Objects-normal/arm64/82b82416624d2658e5098eb0a28c15c5-common-args.resp -MMD -MT dependencies -MF /Users/j/Documents/GitHub/MoneroOne/build/Build/Intermediates.noindex/swift-nio-ssl.build/Debug-iphonesimulator/CNIOBoringSSL.build/Objects-normal/arm64/forkunsafe.d --serialize-diagnostics /Users/j/Documents/GitHub/MoneroOne/build/Build/Intermediates.noindex/swift-nio-ssl.build/Debug-iphonesimulator/CNIOBoringSSL.build/Objects-normal/arm64/forkunsafe.dia -c /Users/j/Documents/GitHub/MoneroOne/build/SourcePackages/checkouts/swift-nio-ssl/Sources/CNIOBoringSSL/crypto/rand/forkunsafe.cc -o /Users/j/Documents/GitHub/MoneroOne/build/Build/Intermediates.noindex/swift-nio-ssl.build/Debug-iphonesimulator/CNIOBoringSSL.build/Objects-normal/arm64/forkunsafe.o -index-unit-output-path /swift-nio-ssl.build/Debug-iphonesimulator/CNIOBoringSSL.build/Objects-normal/arm64/forkunsafe.o

CompileC /Users/j/Documents/GitHub/MoneroOne/build/Build/Intermediates.noindex/swift-nio-ssl.build/Debug-iphonesimulator/CNIOBoringSSL.build/Objects-normal/arm64/fork_detect.o /Users/j/Documents/GitHub/MoneroOne/build/SourcePackages/checkouts/swift-nio-ssl/Sources/CNIOBoringSSL/crypto/rand/fork_detect.cc normal arm64 c++ com.apple.compilers.llvm.clang.1_0.compiler (in target 'CNIOBoringSSL' from project 'swift-nio-ssl')
    cd /Users/j/Documents/GitHub/MoneroOne/MoneroOne.xcodeproj
    
    Using response file: /Users/j/Documents/GitHub/MoneroOne/build/Build/Intermediates.noindex/swift-nio-ssl.build/Debug-iphonesimulator/CNIOBoringSSL.build/Objects-normal/arm64/82b82416624d2658e5098eb0a28c15c5-common-args.resp
    
    /Applications/Xcode.app/Contents/Developer/Toolchains/XcodeDefault.xctoolchain/usr/bin/clang -x c++ -ivfsstatcache /Users/j/Documents/GitHub/MoneroOne/build/SDKStatCaches.noindex/iphonesimulator26.1-23B77-90cf18a4295e390e64c810bc6bd7acbc.sdkstatcache -fmessage-length\=0 -fdiagnostics-show-note-include-stack -fmacro-backtrace-limit\=0 -fno-color-diagnostics -fmodules-prune-interval\=86400 -fmodules-prune-after\=345600 -fbuild-session-file\=/Users/j/Documents/GitHub/MoneroOne/build/ModuleCache.noindex/Session.modulevalidation -fmodules-validate-once-per-build-session -Wnon-modular-include-in-framework-module -Werror\=non-modular-include-in-framework-module -Wno-trigraphs -Wno-missing-field-initializers -Wno-missing-prototypes -Wno-return-type -Wno-non-virtual-dtor -Wno-overloaded-virtual -Wno-exit-time-destructors -Wno-missing-braces -Wparentheses -Wswitch -Wno-unused-function -Wno-unused-label -Wno-unused-parameter -Wno-unused-variable -Wunused-value -Wno-empty-body -Wno-uninitialized -Wno-unknown-pragmas -w -Wno-shadow -Wno-four-char-constants -Wno-conversion -Wno-constant-conversion -Wno-int-conversion -Wno-bool-conversion -Wno-enum-conversion -Wno-float-conversion -Wno-non-literal-null-conversion -Wno-objc-literal-conversion -Wshorten-64-to-32 -Wno-newline-eof -Wno-c++11-extensions -Wno-implicit-fallthrough -fstrict-aliasing -Wdeprecated-declarations -Winvalid-offsetof -Wno-sign-conversion -Wno-infinite-recursion -Wno-move -Wno-comma -Wno-block-capture-autoreleasing -Wno-strict-prototypes -Wno-range-loop-analysis -Wno-semicolon-before-method-body -index-store-path /Users/j/Documents/GitHub/MoneroOne/build/Index.noindex/DataStore @/Users/j/Documents/GitHub/MoneroOne/build/Build/Intermediates.noindex/swift-nio-ssl.build/Debug-iphonesimulator/CNIOBoringSSL.build/Objects-normal/arm64/82b82416624d2658e5098eb0a28c15c5-common-args.resp -MMD -MT dependencies -MF /Users/j/Documents/GitHub/MoneroOne/build/Build/Intermediates.noindex/swift-nio-ssl.build/Debug-iphonesimulator/CNIOBoringSSL.build/Objects-normal/arm64/fork_detect.d --serialize-diagnostics /Users/j/Documents/GitHub/MoneroOne/build/Build/Intermediates.noindex/swift-nio-ssl.build/Debug-iphonesimulator/CNIOBoringSSL.build/Objects-normal/arm64/fork_detect.dia -c /Users/j/Documents/GitHub/MoneroOne/build/SourcePackages/checkouts/swift-nio-ssl/Sources/CNIOBoringSSL/crypto/rand/fork_detect.cc -o /Users/j/Documents/GitHub/MoneroOne/build/Build/Intermediates.noindex/swift-nio-ssl.build/Debug-iphonesimulator/CNIOBoringSSL.build/Objects-normal/arm64/fork_detect.o -index-unit-output-path /swift-nio-ssl.build/Debug-iphonesimulator/CNIOBoringSSL.build/Objects-normal/arm64/fork_detect.o

CompileC /Users/j/Documents/GitHub/MoneroOne/build/Build/Intermediates.noindex/swift-nio-ssl.build/Debug-iphonesimulator/CNIOBoringSSL.build/Objects-normal/arm64/fips_shared_support.o /Users/j/Documents/GitHub/MoneroOne/build/SourcePackages/checkouts/swift-nio-ssl/Sources/CNIOBoringSSL/crypto/fipsmodule/fips_shared_support.cc normal arm64 c++ com.apple.compilers.llvm.clang.1_0.compiler (in target 'CNIOBoringSSL' from project 'swift-nio-ssl')
    cd /Users/j/Documents/GitHub/MoneroOne/MoneroOne.xcodeproj
    
    Using response file: /Users/j/Documents/GitHub/MoneroOne/build/Build/Intermediates.noindex/swift-nio-ssl.build/Debug-iphonesimulator/CNIOBoringSSL.build/Objects-normal/arm64/82b82416624d2658e5098eb0a28c15c5-common-args.resp
    
    /Applications/Xcode.app/Contents/Developer/Toolchains/XcodeDefault.xctoolchain/usr/bin/clang -x c++ -ivfsstatcache /Users/j/Documents/GitHub/MoneroOne/build/SDKStatCaches.noindex/iphonesimulator26.1-23B77-90cf18a4295e390e64c810bc6bd7acbc.sdkstatcache -fmessage-length\=0 -fdiagnostics-show-note-include-stack -fmacro-backtrace-limit\=0 -fno-color-diagnostics -fmodules-prune-interval\=86400 -fmodules-prune-after\=345600 -fbuild-session-file\=/Users/j/Documents/GitHub/MoneroOne/build/ModuleCache.noindex/Session.modulevalidation -fmodules-validate-once-per-build-session -Wnon-modular-include-in-framework-module -Werror\=non-modular-include-in-framework-module -Wno-trigraphs -Wno-missing-field-initializers -Wno-missing-prototypes -Wno-return-type -Wno-non-virtual-dtor -Wno-overloaded-virtual -Wno-exit-time-destructors -Wno-missing-braces -Wparentheses -Wswitch -Wno-unused-function -Wno-unused-label -Wno-unused-parameter -Wno-unused-variable -Wunused-value -Wno-empty-body -Wno-uninitialized -Wno-unknown-pragmas -w -Wno-shadow -Wno-four-char-constants -Wno-conversion -Wno-constant-conversion -Wno-int-conversion -Wno-bool-conversion -Wno-enum-conversion -Wno-float-conversion -Wno-non-literal-null-conversion -Wno-objc-literal-conversion -Wshorten-64-to-32 -Wno-newline-eof -Wno-c++11-extensions -Wno-implicit-fallthrough -fstrict-aliasing -Wdeprecated-declarations -Winvalid-offsetof -Wno-sign-conversion -Wno-infinite-recursion -Wno-move -Wno-comma -Wno-block-capture-autoreleasing -Wno-strict-prototypes -Wno-range-loop-analysis -Wno-semicolon-before-method-body -index-store-path /Users/j/Documents/GitHub/MoneroOne/build/Index.noindex/DataStore @/Users/j/Documents/GitHub/MoneroOne/build/Build/Intermediates.noindex/swift-nio-ssl.build/Debug-iphonesimulator/CNIOBoringSSL.build/Objects-normal/arm64/82b82416624d2658e5098eb0a28c15c5-common-args.resp -MMD -MT dependencies -MF /Users/j/Documents/GitHub/MoneroOne/build/Build/Intermediates.noindex/swift-nio-ssl.build/Debug-iphonesimulator/CNIOBoringSSL.build/Objects-normal/arm64/fips_shared_support.d --serialize-diagnostics /Users/j/Documents/GitHub/MoneroOne/build/Build/Intermediates.noindex/swift-nio-ssl.build/Debug-iphonesimulator/CNIOBoringSSL.build/Objects-normal/arm64/fips_shared_support.dia -c /Users/j/Documents/GitHub/MoneroOne/build/SourcePackages/checkouts/swift-nio-ssl/Sources/CNIOBoringSSL/crypto/fipsmodule/fips_shared_support.cc -o /Users/j/Documents/GitHub/MoneroOne/build/Build/Intermediates.noindex/swift-nio-ssl.build/Debug-iphonesimulator/CNIOBoringSSL.build/Objects-normal/arm64/fips_shared_support.o -index-unit-output-path /swift-nio-ssl.build/Debug-iphonesimulator/CNIOBoringSSL.build/Objects-normal/arm64/fips_shared_support.o

CompileC /Users/j/Documents/GitHub/MoneroOne/build/Build/Intermediates.noindex/swift-nio-ssl.build/Debug-iphonesimulator/CNIOBoringSSL.build/Objects-normal/arm64/file.o /Users/j/Documents/GitHub/MoneroOne/build/SourcePackages/checkouts/swift-nio-ssl/Sources/CNIOBoringSSL/crypto/bio/file.cc normal arm64 c++ com.apple.compilers.llvm.clang.1_0.compiler (in target 'CNIOBoringSSL' from project 'swift-nio-ssl')
    cd /Users/j/Documents/GitHub/MoneroOne/MoneroOne.xcodeproj
    
    Using response file: /Users/j/Documents/GitHub/MoneroOne/build/Build/Intermediates.noindex/swift-nio-ssl.build/Debug-iphonesimulator/CNIOBoringSSL.build/Objects-normal/arm64/82b82416624d2658e5098eb0a28c15c5-common-args.resp
    
    /Applications/Xcode.app/Contents/Developer/Toolchains/XcodeDefault.xctoolchain/usr/bin/clang -x c++ -ivfsstatcache /Users/j/Documents/GitHub/MoneroOne/build/SDKStatCaches.noindex/iphonesimulator26.1-23B77-90cf18a4295e390e64c810bc6bd7acbc.sdkstatcache -fmessage-length\=0 -fdiagnostics-show-note-include-stack -fmacro-backtrace-limit\=0 -fno-color-diagnostics -fmodules-prune-interval\=86400 -fmodules-prune-after\=345600 -fbuild-session-file\=/Users/j/Documents/GitHub/MoneroOne/build/ModuleCache.noindex/Session.modulevalidation -fmodules-validate-once-per-build-session -Wnon-modular-include-in-framework-module -Werror\=non-modular-include-in-framework-module -Wno-trigraphs -Wno-missing-field-initializers -Wno-missing-prototypes -Wno-return-type -Wno-non-virtual-dtor -Wno-overloaded-virtual -Wno-exit-time-destructors -Wno-missing-braces -Wparentheses -Wswitch -Wno-unused-function -Wno-unused-label -Wno-unused-parameter -Wno-unused-variable -Wunused-value -Wno-empty-body -Wno-uninitialized -Wno-unknown-pragmas -w -Wno-shadow -Wno-four-char-constants -Wno-conversion -Wno-constant-conversion -Wno-int-conversion -Wno-bool-conversion -Wno-enum-conversion -Wno-float-conversion -Wno-non-literal-null-conversion -Wno-objc-literal-conversion -Wshorten-64-to-32 -Wno-newline-eof -Wno-c++11-extensions -Wno-implicit-fallthrough -fstrict-aliasing -Wdeprecated-declarations -Winvalid-offsetof -Wno-sign-conversion -Wno-infinite-recursion -Wno-move -Wno-comma -Wno-block-capture-autoreleasing -Wno-strict-prototypes -Wno-range-loop-analysis -Wno-semicolon-before-method-body -index-store-path /Users/j/Documents/GitHub/MoneroOne/build/Index.noindex/DataStore @/Users/j/Documents/GitHub/MoneroOne/build/Build/Intermediates.noindex/swift-nio-ssl.build/Debug-iphonesimulator/CNIOBoringSSL.build/Objects-normal/arm64/82b82416624d2658e5098eb0a28c15c5-common-args.resp -MMD -MT dependencies -MF /Users/j/Documents/GitHub/MoneroOne/build/Build/Intermediates.noindex/swift-nio-ssl.build/Debug-iphonesimulator/CNIOBoringSSL.build/Objects-normal/arm64/file.d --serialize-diagnostics /Users/j/Documents/GitHub/MoneroOne/build/Build/Intermediates.noindex/swift-nio-ssl.build/Debug-iphonesimulator/CNIOBoringSSL.build/Objects-normal/arm64/file.dia -c /Users/j/Documents/GitHub/MoneroOne/build/SourcePackages/checkouts/swift-nio-ssl/Sources/CNIOBoringSSL/crypto/bio/file.cc -o /Users/j/Documents/GitHub/MoneroOne/build/Build/Intermediates.noindex/swift-nio-ssl.build/Debug-iphonesimulator/CNIOBoringSSL.build/Objects-normal/arm64/file.o -index-unit-output-path /swift-nio-ssl.build/Debug-iphonesimulator/CNIOBoringSSL.build/Objects-normal/arm64/file.o

CompileC /Users/j/Documents/GitHub/MoneroOne/build/Build/Intermediates.noindex/swift-nio-ssl.build/Debug-iphonesimulator/CNIOBoringSSL.build/Objects-normal/arm64/fiat_p256_adx_sqr.o /Users/j/Documents/GitHub/MoneroOne/build/SourcePackages/checkouts/swift-nio-ssl/Sources/CNIOBoringSSL/third_party/fiat/asm/fiat_p256_adx_sqr.S normal arm64 assembler-with-cpp com.apple.compilers.llvm.clang.1_0.compiler (in target 'CNIOBoringSSL' from project 'swift-nio-ssl')
    cd /Users/j/Documents/GitHub/MoneroOne/MoneroOne.xcodeproj
    
    Using response file: /Users/j/Documents/GitHub/MoneroOne/build/Build/Intermediates.noindex/swift-nio-ssl.build/Debug-iphonesimulator/CNIOBoringSSL.build/Objects-normal/arm64/533656923a283fa776881f304837ed9e-common-args.resp
    
    /Applications/Xcode.app/Contents/Developer/Toolchains/XcodeDefault.xctoolchain/usr/bin/clang -x assembler-with-cpp -ivfsstatcache /Users/j/Documents/GitHub/MoneroOne/build/SDKStatCaches.noindex/iphonesimulator26.1-23B77-90cf18a4295e390e64c810bc6bd7acbc.sdkstatcache -fmessage-length\=0 -fdiagnostics-show-note-include-stack -fmacro-backtrace-limit\=0 -fno-color-diagnostics -fmodules-prune-interval\=86400 -fmodules-prune-after\=345600 -fbuild-session-file\=/Users/j/Documents/GitHub/MoneroOne/build/ModuleCache.noindex/Session.modulevalidation -fmodules-validate-once-per-build-session -Wnon-modular-include-in-framework-module -Werror\=non-modular-include-in-framework-module -Wno-trigraphs -Wno-missing-field-initializers -Wno-missing-prototypes -Wno-return-type -Wno-missing-braces -Wparentheses -Wswitch -Wno-unused-function -Wno-unused-label -Wno-unused-parameter -Wno-unused-variable -Wunused-value -Wno-empty-body -Wno-uninitialized -Wno-unknown-pragmas -w -Wno-shadow -Wno-four-char-constants -Wno-conversion -Wno-constant-conversion -Wno-int-conversion -Wno-bool-conversion -Wno-enum-conversion -Wno-float-conversion -Wno-non-literal-null-conversion -Wno-objc-literal-conversion -Wshorten-64-to-32 -Wno-newline-eof -Wno-implicit-fallthrough -fstrict-aliasing -Wdeprecated-declarations -Wno-sign-conversion -Wno-infinite-recursion -Wno-comma -Wno-block-capture-autoreleasing -Wno-strict-prototypes -Wno-semicolon-before-method-body -index-store-path /Users/j/Documents/GitHub/MoneroOne/build/Index.noindex/DataStore @/Users/j/Documents/GitHub/MoneroOne/build/Build/Intermediates.noindex/swift-nio-ssl.build/Debug-iphonesimulator/CNIOBoringSSL.build/Objects-normal/arm64/533656923a283fa776881f304837ed9e-common-args.resp -MMD -MT dependencies -MF /Users/j/Documents/GitHub/MoneroOne/build/Build/Intermediates.noindex/swift-nio-ssl.build/Debug-iphonesimulator/CNIOBoringSSL.build/Objects-normal/arm64/fiat_p256_adx_sqr.d --serialize-diagnostics /Users/j/Documents/GitHub/MoneroOne/build/Build/Intermediates.noindex/swift-nio-ssl.build/Debug-iphonesimulator/CNIOBoringSSL.build/Objects-normal/arm64/fiat_p256_adx_sqr.dia -c /Users/j/Documents/GitHub/MoneroOne/build/SourcePackages/checkouts/swift-nio-ssl/Sources/CNIOBoringSSL/third_party/fiat/asm/fiat_p256_adx_sqr.S -o /Users/j/Documents/GitHub/MoneroOne/build/Build/Intermediates.noindex/swift-nio-ssl.build/Debug-iphonesimulator/CNIOBoringSSL.build/Objects-normal/arm64/fiat_p256_adx_sqr.o -index-unit-output-path /swift-nio-ssl.build/Debug-iphonesimulator/CNIOBoringSSL.build/Objects-normal/arm64/fiat_p256_adx_sqr.o

CompileC /Users/j/Documents/GitHub/MoneroOne/build/Build/Intermediates.noindex/swift-nio-ssl.build/Debug-iphonesimulator/CNIOBoringSSL.build/Objects-normal/arm64/fiat_p256_adx_mul.o /Users/j/Documents/GitHub/MoneroOne/build/SourcePackages/checkouts/swift-nio-ssl/Sources/CNIOBoringSSL/third_party/fiat/asm/fiat_p256_adx_mul.S normal arm64 assembler-with-cpp com.apple.compilers.llvm.clang.1_0.compiler (in target 'CNIOBoringSSL' from project 'swift-nio-ssl')
    cd /Users/j/Documents/GitHub/MoneroOne/MoneroOne.xcodeproj
    
    Using response file: /Users/j/Documents/GitHub/MoneroOne/build/Build/Intermediates.noindex/swift-nio-ssl.build/Debug-iphonesimulator/CNIOBoringSSL.build/Objects-normal/arm64/533656923a283fa776881f304837ed9e-common-args.resp
    
    /Applications/Xcode.app/Contents/Developer/Toolchains/XcodeDefault.xctoolchain/usr/bin/clang -x assembler-with-cpp -ivfsstatcache /Users/j/Documents/GitHub/MoneroOne/build/SDKStatCaches.noindex/iphonesimulator26.1-23B77-90cf18a4295e390e64c810bc6bd7acbc.sdkstatcache -fmessage-length\=0 -fdiagnostics-show-note-include-stack -fmacro-backtrace-limit\=0 -fno-color-diagnostics -fmodules-prune-interval\=86400 -fmodules-prune-after\=345600 -fbuild-session-file\=/Users/j/Documents/GitHub/MoneroOne/build/ModuleCache.noindex/Session.modulevalidation -fmodules-validate-once-per-build-session -Wnon-modular-include-in-framework-module -Werror\=non-modular-include-in-framework-module -Wno-trigraphs -Wno-missing-field-initializers -Wno-missing-prototypes -Wno-return-type -Wno-missing-braces -Wparentheses -Wswitch -Wno-unused-function -Wno-unused-label -Wno-unused-parameter -Wno-unused-variable -Wunused-value -Wno-empty-body -Wno-uninitialized -Wno-unknown-pragmas -w -Wno-shadow -Wno-four-char-constants -Wno-conversion -Wno-constant-conversion -Wno-int-conversion -Wno-bool-conversion -Wno-enum-conversion -Wno-float-conversion -Wno-non-literal-null-conversion -Wno-objc-literal-conversion -Wshorten-64-to-32 -Wno-newline-eof -Wno-implicit-fallthrough -fstrict-aliasing -Wdeprecated-declarations -Wno-sign-conversion -Wno-infinite-recursion -Wno-comma -Wno-block-capture-autoreleasing -Wno-strict-prototypes -Wno-semicolon-before-method-body -index-store-path /Users/j/Documents/GitHub/MoneroOne/build/Index.noindex/DataStore @/Users/j/Documents/GitHub/MoneroOne/build/Build/Intermediates.noindex/swift-nio-ssl.build/Debug-iphonesimulator/CNIOBoringSSL.build/Objects-normal/arm64/533656923a283fa776881f304837ed9e-common-args.resp -MMD -MT dependencies -MF /Users/j/Documents/GitHub/MoneroOne/build/Build/Intermediates.noindex/swift-nio-ssl.build/Debug-iphonesimulator/CNIOBoringSSL.build/Objects-normal/arm64/fiat_p256_adx_mul.d --serialize-diagnostics /Users/j/Documents/GitHub/MoneroOne/build/Build/Intermediates.noindex/swift-nio-ssl.build/Debug-iphonesimulator/CNIOBoringSSL.build/Objects-normal/arm64/fiat_p256_adx_mul.dia -c /Users/j/Documents/GitHub/MoneroOne/build/SourcePackages/checkouts/swift-nio-ssl/Sources/CNIOBoringSSL/third_party/fiat/asm/fiat_p256_adx_mul.S -o /Users/j/Documents/GitHub/MoneroOne/build/Build/Intermediates.noindex/swift-nio-ssl.build/Debug-iphonesimulator/CNIOBoringSSL.build/Objects-normal/arm64/fiat_p256_adx_mul.o -index-unit-output-path /swift-nio-ssl.build/Debug-iphonesimulator/CNIOBoringSSL.build/Objects-normal/arm64/fiat_p256_adx_mul.o

CompileC /Users/j/Documents/GitHub/MoneroOne/build/Build/Intermediates.noindex/swift-nio-ssl.build/Debug-iphonesimulator/CNIOBoringSSL.build/Objects-normal/arm64/fiat_curve25519_adx_square.o /Users/j/Documents/GitHub/MoneroOne/build/SourcePackages/checkouts/swift-nio-ssl/Sources/CNIOBoringSSL/third_party/fiat/asm/fiat_curve25519_adx_square.S normal arm64 assembler-with-cpp com.apple.compilers.llvm.clang.1_0.compiler (in target 'CNIOBoringSSL' from project 'swift-nio-ssl')
    cd /Users/j/Documents/GitHub/MoneroOne/MoneroOne.xcodeproj
    
    Using response file: /Users/j/Documents/GitHub/MoneroOne/build/Build/Intermediates.noindex/swift-nio-ssl.build/Debug-iphonesimulator/CNIOBoringSSL.build/Objects-normal/arm64/533656923a283fa776881f304837ed9e-common-args.resp
    
    /Applications/Xcode.app/Contents/Developer/Toolchains/XcodeDefault.xctoolchain/usr/bin/clang -x assembler-with-cpp -ivfsstatcache /Users/j/Documents/GitHub/MoneroOne/build/SDKStatCaches.noindex/iphonesimulator26.1-23B77-90cf18a4295e390e64c810bc6bd7acbc.sdkstatcache -fmessage-length\=0 -fdiagnostics-show-note-include-stack -fmacro-backtrace-limit\=0 -fno-color-diagnostics -fmodules-prune-interval\=86400 -fmodules-prune-after\=345600 -fbuild-session-file\=/Users/j/Documents/GitHub/MoneroOne/build/ModuleCache.noindex/Session.modulevalidation -fmodules-validate-once-per-build-session -Wnon-modular-include-in-framework-module -Werror\=non-modular-include-in-framework-module -Wno-trigraphs -Wno-missing-field-initializers -Wno-missing-prototypes -Wno-return-type -Wno-missing-braces -Wparentheses -Wswitch -Wno-unused-function -Wno-unused-label -Wno-unused-parameter -Wno-unused-variable -Wunused-value -Wno-empty-body -Wno-uninitialized -Wno-unknown-pragmas -w -Wno-shadow -Wno-four-char-constants -Wno-conversion -Wno-constant-conversion -Wno-int-conversion -Wno-bool-conversion -Wno-enum-conversion -Wno-float-conversion -Wno-non-literal-null-conversion -Wno-objc-literal-conversion -Wshorten-64-to-32 -Wno-newline-eof -Wno-implicit-fallthrough -fstrict-aliasing -Wdeprecated-declarations -Wno-sign-conversion -Wno-infinite-recursion -Wno-comma -Wno-block-capture-autoreleasing -Wno-strict-prototypes -Wno-semicolon-before-method-body -index-store-path /Users/j/Documents/GitHub/MoneroOne/build/Index.noindex/DataStore @/Users/j/Documents/GitHub/MoneroOne/build/Build/Intermediates.noindex/swift-nio-ssl.build/Debug-iphonesimulator/CNIOBoringSSL.build/Objects-normal/arm64/533656923a283fa776881f304837ed9e-common-args.resp -MMD -MT dependencies -MF /Users/j/Documents/GitHub/MoneroOne/build/Build/Intermediates.noindex/swift-nio-ssl.build/Debug-iphonesimulator/CNIOBoringSSL.build/Objects-normal/arm64/fiat_curve25519_adx_square.d --serialize-diagnostics /Users/j/Documents/GitHub/MoneroOne/build/Build/Intermediates.noindex/swift-nio-ssl.build/Debug-iphonesimulator/CNIOBoringSSL.build/Objects-normal/arm64/fiat_curve25519_adx_square.dia -c /Users/j/Documents/GitHub/MoneroOne/build/SourcePackages/checkouts/swift-nio-ssl/Sources/CNIOBoringSSL/third_party/fiat/asm/fiat_curve25519_adx_square.S -o /Users/j/Documents/GitHub/MoneroOne/build/Build/Intermediates.noindex/swift-nio-ssl.build/Debug-iphonesimulator/CNIOBoringSSL.build/Objects-normal/arm64/fiat_curve25519_adx_square.o -index-unit-output-path /swift-nio-ssl.build/Debug-iphonesimulator/CNIOBoringSSL.build/Objects-normal/arm64/fiat_curve25519_adx_square.o

CompileC /Users/j/Documents/GitHub/MoneroOne/build/Build/Intermediates.noindex/swift-nio-ssl.build/Debug-iphonesimulator/CNIOBoringSSL.build/Objects-normal/arm64/fiat_curve25519_adx_mul.o /Users/j/Documents/GitHub/MoneroOne/build/SourcePackages/checkouts/swift-nio-ssl/Sources/CNIOBoringSSL/third_party/fiat/asm/fiat_curve25519_adx_mul.S normal arm64 assembler-with-cpp com.apple.compilers.llvm.clang.1_0.compiler (in target 'CNIOBoringSSL' from project 'swift-nio-ssl')
    cd /Users/j/Documents/GitHub/MoneroOne/MoneroOne.xcodeproj
    
    Using response file: /Users/j/Documents/GitHub/MoneroOne/build/Build/Intermediates.noindex/swift-nio-ssl.build/Debug-iphonesimulator/CNIOBoringSSL.build/Objects-normal/arm64/533656923a283fa776881f304837ed9e-common-args.resp
    
    /Applications/Xcode.app/Contents/Developer/Toolchains/XcodeDefault.xctoolchain/usr/bin/clang -x assembler-with-cpp -ivfsstatcache /Users/j/Documents/GitHub/MoneroOne/build/SDKStatCaches.noindex/iphonesimulator26.1-23B77-90cf18a4295e390e64c810bc6bd7acbc.sdkstatcache -fmessage-length\=0 -fdiagnostics-show-note-include-stack -fmacro-backtrace-limit\=0 -fno-color-diagnostics -fmodules-prune-interval\=86400 -fmodules-prune-after\=345600 -fbuild-session-file\=/Users/j/Documents/GitHub/MoneroOne/build/ModuleCache.noindex/Session.modulevalidation -fmodules-validate-once-per-build-session -Wnon-modular-include-in-framework-module -Werror\=non-modular-include-in-framework-module -Wno-trigraphs -Wno-missing-field-initializers -Wno-missing-prototypes -Wno-return-type -Wno-missing-braces -Wparentheses -Wswitch -Wno-unused-function -Wno-unused-label -Wno-unused-parameter -Wno-unused-variable -Wunused-value -Wno-empty-body -Wno-uninitialized -Wno-unknown-pragmas -w -Wno-shadow -Wno-four-char-constants -Wno-conversion -Wno-constant-conversion -Wno-int-conversion -Wno-bool-conversion -Wno-enum-conversion -Wno-float-conversion -Wno-non-literal-null-conversion -Wno-objc-literal-conversion -Wshorten-64-to-32 -Wno-newline-eof -Wno-implicit-fallthrough -fstrict-aliasing -Wdeprecated-declarations -Wno-sign-conversion -Wno-infinite-recursion -Wno-comma -Wno-block-capture-autoreleasing -Wno-strict-prototypes -Wno-semicolon-before-method-body -index-store-path /Users/j/Documents/GitHub/MoneroOne/build/Index.noindex/DataStore @/Users/j/Documents/GitHub/MoneroOne/build/Build/Intermediates.noindex/swift-nio-ssl.build/Debug-iphonesimulator/CNIOBoringSSL.build/Objects-normal/arm64/533656923a283fa776881f304837ed9e-common-args.resp -MMD -MT dependencies -MF /Users/j/Documents/GitHub/MoneroOne/build/Build/Intermediates.noindex/swift-nio-ssl.build/Debug-iphonesimulator/CNIOBoringSSL.build/Objects-normal/arm64/fiat_curve25519_adx_mul.d --serialize-diagnostics /Users/j/Documents/GitHub/MoneroOne/build/Build/Intermediates.noindex/swift-nio-ssl.build/Debug-iphonesimulator/CNIOBoringSSL.build/Objects-normal/arm64/fiat_curve25519_adx_mul.dia -c /Users/j/Documents/GitHub/MoneroOne/build/SourcePackages/checkouts/swift-nio-ssl/Sources/CNIOBoringSSL/third_party/fiat/asm/fiat_curve25519_adx_mul.S -o /Users/j/Documents/GitHub/MoneroOne/build/Build/Intermediates.noindex/swift-nio-ssl.build/Debug-iphonesimulator/CNIOBoringSSL.build/Objects-normal/arm64/fiat_curve25519_adx_mul.o -index-unit-output-path /swift-nio-ssl.build/Debug-iphonesimulator/CNIOBoringSSL.build/Objects-normal/arm64/fiat_curve25519_adx_mul.o

CompileC /Users/j/Documents/GitHub/MoneroOne/build/Build/Intermediates.noindex/swift-nio-ssl.build/Debug-iphonesimulator/CNIOBoringSSL.build/Objects-normal/arm64/fd.o /Users/j/Documents/GitHub/MoneroOne/build/SourcePackages/checkouts/swift-nio-ssl/Sources/CNIOBoringSSL/crypto/bio/fd.cc normal arm64 c++ com.apple.compilers.llvm.clang.1_0.compiler (in target 'CNIOBoringSSL' from project 'swift-nio-ssl')
    cd /Users/j/Documents/GitHub/MoneroOne/MoneroOne.xcodeproj
    
    Using response file: /Users/j/Documents/GitHub/MoneroOne/build/Build/Intermediates.noindex/swift-nio-ssl.build/Debug-iphonesimulator/CNIOBoringSSL.build/Objects-normal/arm64/82b82416624d2658e5098eb0a28c15c5-common-args.resp
    
    /Applications/Xcode.app/Contents/Developer/Toolchains/XcodeDefault.xctoolchain/usr/bin/clang -x c++ -ivfsstatcache /Users/j/Documents/GitHub/MoneroOne/build/SDKStatCaches.noindex/iphonesimulator26.1-23B77-90cf18a4295e390e64c810bc6bd7acbc.sdkstatcache -fmessage-length\=0 -fdiagnostics-show-note-include-stack -fmacro-backtrace-limit\=0 -fno-color-diagnostics -fmodules-prune-interval\=86400 -fmodules-prune-after\=345600 -fbuild-session-file\=/Users/j/Documents/GitHub/MoneroOne/build/ModuleCache.noindex/Session.modulevalidation -fmodules-validate-once-per-build-session -Wnon-modular-include-in-framework-module -Werror\=non-modular-include-in-framework-module -Wno-trigraphs -Wno-missing-field-initializers -Wno-missing-prototypes -Wno-return-type -Wno-non-virtual-dtor -Wno-overloaded-virtual -Wno-exit-time-destructors -Wno-missing-braces -Wparentheses -Wswitch -Wno-unused-function -Wno-unused-label -Wno-unused-parameter -Wno-unused-variable -Wunused-value -Wno-empty-body -Wno-uninitialized -Wno-unknown-pragmas -w -Wno-shadow -Wno-four-char-constants -Wno-conversion -Wno-constant-conversion -Wno-int-conversion -Wno-bool-conversion -Wno-enum-conversion -Wno-float-conversion -Wno-non-literal-null-conversion -Wno-objc-literal-conversion -Wshorten-64-to-32 -Wno-newline-eof -Wno-c++11-extensions -Wno-implicit-fallthrough -fstrict-aliasing -Wdeprecated-declarations -Winvalid-offsetof -Wno-sign-conversion -Wno-infinite-recursion -Wno-move -Wno-comma -Wno-block-capture-autoreleasing -Wno-strict-prototypes -Wno-range-loop-analysis -Wno-semicolon-before-method-body -index-store-path /Users/j/Documents/GitHub/MoneroOne/build/Index.noindex/DataStore @/Users/j/Documents/GitHub/MoneroOne/build/Build/Intermediates.noindex/swift-nio-ssl.build/Debug-iphonesimulator/CNIOBoringSSL.build/Objects-normal/arm64/82b82416624d2658e5098eb0a28c15c5-common-args.resp -MMD -MT dependencies -MF /Users/j/Documents/GitHub/MoneroOne/build/Build/Intermediates.noindex/swift-nio-ssl.build/Debug-iphonesimulator/CNIOBoringSSL.build/Objects-normal/arm64/fd.d --serialize-diagnostics /Users/j/Documents/GitHub/MoneroOne/build/Build/Intermediates.noindex/swift-nio-ssl.build/Debug-iphonesimulator/CNIOBoringSSL.build/Objects-normal/arm64/fd.dia -c /Users/j/Documents/GitHub/MoneroOne/build/SourcePackages/checkouts/swift-nio-ssl/Sources/CNIOBoringSSL/crypto/bio/fd.cc -o /Users/j/Documents/GitHub/MoneroOne/build/Build/Intermediates.noindex/swift-nio-ssl.build/Debug-iphonesimulator/CNIOBoringSSL.build/Objects-normal/arm64/fd.o -index-unit-output-path /swift-nio-ssl.build/Debug-iphonesimulator/CNIOBoringSSL.build/Objects-normal/arm64/fd.o

CompileC /Users/j/Documents/GitHub/MoneroOne/build/Build/Intermediates.noindex/swift-nio-ssl.build/Debug-iphonesimulator/CNIOBoringSSL.build/Objects-normal/arm64/f_string.o /Users/j/Documents/GitHub/MoneroOne/build/SourcePackages/checkouts/swift-nio-ssl/Sources/CNIOBoringSSL/crypto/asn1/f_string.cc normal arm64 c++ com.apple.compilers.llvm.clang.1_0.compiler (in target 'CNIOBoringSSL' from project 'swift-nio-ssl')
    cd /Users/j/Documents/GitHub/MoneroOne/MoneroOne.xcodeproj
    
    Using response file: /Users/j/Documents/GitHub/MoneroOne/build/Build/Intermediates.noindex/swift-nio-ssl.build/Debug-iphonesimulator/CNIOBoringSSL.build/Objects-normal/arm64/82b82416624d2658e5098eb0a28c15c5-common-args.resp
    
    /Applications/Xcode.app/Contents/Developer/Toolchains/XcodeDefault.xctoolchain/usr/bin/clang -x c++ -ivfsstatcache /Users/j/Documents/GitHub/MoneroOne/build/SDKStatCaches.noindex/iphonesimulator26.1-23B77-90cf18a4295e390e64c810bc6bd7acbc.sdkstatcache -fmessage-length\=0 -fdiagnostics-show-note-include-stack -fmacro-backtrace-limit\=0 -fno-color-diagnostics -fmodules-prune-interval\=86400 -fmodules-prune-after\=345600 -fbuild-session-file\=/Users/j/Documents/GitHub/MoneroOne/build/ModuleCache.noindex/Session.modulevalidation -fmodules-validate-once-per-build-session -Wnon-modular-include-in-framework-module -Werror\=non-modular-include-in-framework-module -Wno-trigraphs -Wno-missing-field-initializers -Wno-missing-prototypes -Wno-return-type -Wno-non-virtual-dtor -Wno-overloaded-virtual -Wno-exit-time-destructors -Wno-missing-braces -Wparentheses -Wswitch -Wno-unused-function -Wno-unused-label -Wno-unused-parameter -Wno-unused-variable -Wunused-value -Wno-empty-body -Wno-uninitialized -Wno-unknown-pragmas -w -Wno-shadow -Wno-four-char-constants -Wno-conversion -Wno-constant-conversion -Wno-int-conversion -Wno-bool-conversion -Wno-enum-conversion -Wno-float-conversion -Wno-non-literal-null-conversion -Wno-objc-literal-conversion -Wshorten-64-to-32 -Wno-newline-eof -Wno-c++11-extensions -Wno-implicit-fallthrough -fstrict-aliasing -Wdeprecated-declarations -Winvalid-offsetof -Wno-sign-conversion -Wno-infinite-recursion -Wno-move -Wno-comma -Wno-block-capture-autoreleasing -Wno-strict-prototypes -Wno-range-loop-analysis -Wno-semicolon-before-method-body -index-store-path /Users/j/Documents/GitHub/MoneroOne/build/Index.noindex/DataStore @/Users/j/Documents/GitHub/MoneroOne/build/Build/Intermediates.noindex/swift-nio-ssl.build/Debug-iphonesimulator/CNIOBoringSSL.build/Objects-normal/arm64/82b82416624d2658e5098eb0a28c15c5-common-args.resp -MMD -MT dependencies -MF /Users/j/Documents/GitHub/MoneroOne/build/Build/Intermediates.noindex/swift-nio-ssl.build/Debug-iphonesimulator/CNIOBoringSSL.build/Objects-normal/arm64/f_string.d --serialize-diagnostics /Users/j/Documents/GitHub/MoneroOne/build/Build/Intermediates.noindex/swift-nio-ssl.build/Debug-iphonesimulator/CNIOBoringSSL.build/Objects-normal/arm64/f_string.dia -c /Users/j/Documents/GitHub/MoneroOne/build/SourcePackages/checkouts/swift-nio-ssl/Sources/CNIOBoringSSL/crypto/asn1/f_string.cc -o /Users/j/Documents/GitHub/MoneroOne/build/Build/Intermediates.noindex/swift-nio-ssl.build/Debug-iphonesimulator/CNIOBoringSSL.build/Objects-normal/arm64/f_string.o -index-unit-output-path /swift-nio-ssl.build/Debug-iphonesimulator/CNIOBoringSSL.build/Objects-normal/arm64/f_string.o

CompileC /Users/j/Documents/GitHub/MoneroOne/build/Build/Intermediates.noindex/swift-nio-ssl.build/Debug-iphonesimulator/CNIOBoringSSL.build/Objects-normal/arm64/f_int.o /Users/j/Documents/GitHub/MoneroOne/build/SourcePackages/checkouts/swift-nio-ssl/Sources/CNIOBoringSSL/crypto/asn1/f_int.cc normal arm64 c++ com.apple.compilers.llvm.clang.1_0.compiler (in target 'CNIOBoringSSL' from project 'swift-nio-ssl')
    cd /Users/j/Documents/GitHub/MoneroOne/MoneroOne.xcodeproj
    
    Using response file: /Users/j/Documents/GitHub/MoneroOne/build/Build/Intermediates.noindex/swift-nio-ssl.build/Debug-iphonesimulator/CNIOBoringSSL.build/Objects-normal/arm64/82b82416624d2658e5098eb0a28c15c5-common-args.resp
    
    /Applications/Xcode.app/Contents/Developer/Toolchains/XcodeDefault.xctoolchain/usr/bin/clang -x c++ -ivfsstatcache /Users/j/Documents/GitHub/MoneroOne/build/SDKStatCaches.noindex/iphonesimulator26.1-23B77-90cf18a4295e390e64c810bc6bd7acbc.sdkstatcache -fmessage-length\=0 -fdiagnostics-show-note-include-stack -fmacro-backtrace-limit\=0 -fno-color-diagnostics -fmodules-prune-interval\=86400 -fmodules-prune-after\=345600 -fbuild-session-file\=/Users/j/Documents/GitHub/MoneroOne/build/ModuleCache.noindex/Session.modulevalidation -fmodules-validate-once-per-build-session -Wnon-modular-include-in-framework-module -Werror\=non-modular-include-in-framework-module -Wno-trigraphs -Wno-missing-field-initializers -Wno-missing-prototypes -Wno-return-type -Wno-non-virtual-dtor -Wno-overloaded-virtual -Wno-exit-time-destructors -Wno-missing-braces -Wparentheses -Wswitch -Wno-unused-function -Wno-unused-label -Wno-unused-parameter -Wno-unused-variable -Wunused-value -Wno-empty-body -Wno-uninitialized -Wno-unknown-pragmas -w -Wno-shadow -Wno-four-char-constants -Wno-conversion -Wno-constant-conversion -Wno-int-conversion -Wno-bool-conversion -Wno-enum-conversion -Wno-float-conversion -Wno-non-literal-null-conversion -Wno-objc-literal-conversion -Wshorten-64-to-32 -Wno-newline-eof -Wno-c++11-extensions -Wno-implicit-fallthrough -fstrict-aliasing -Wdeprecated-declarations -Winvalid-offsetof -Wno-sign-conversion -Wno-infinite-recursion -Wno-move -Wno-comma -Wno-block-capture-autoreleasing -Wno-strict-prototypes -Wno-range-loop-analysis -Wno-semicolon-before-method-body -index-store-path /Users/j/Documents/GitHub/MoneroOne/build/Index.noindex/DataStore @/Users/j/Documents/GitHub/MoneroOne/build/Build/Intermediates.noindex/swift-nio-ssl.build/Debug-iphonesimulator/CNIOBoringSSL.build/Objects-normal/arm64/82b82416624d2658e5098eb0a28c15c5-common-args.resp -MMD -MT dependencies -MF /Users/j/Documents/GitHub/MoneroOne/build/Build/Intermediates.noindex/swift-nio-ssl.build/Debug-iphonesimulator/CNIOBoringSSL.build/Objects-normal/arm64/f_int.d --serialize-diagnostics /Users/j/Documents/GitHub/MoneroOne/build/Build/Intermediates.noindex/swift-nio-ssl.build/Debug-iphonesimulator/CNIOBoringSSL.build/Objects-normal/arm64/f_int.dia -c /Users/j/Documents/GitHub/MoneroOne/build/SourcePackages/checkouts/swift-nio-ssl/Sources/CNIOBoringSSL/crypto/asn1/f_int.cc -o /Users/j/Documents/GitHub/MoneroOne/build/Build/Intermediates.noindex/swift-nio-ssl.build/Debug-iphonesimulator/CNIOBoringSSL.build/Objects-normal/arm64/f_int.o -index-unit-output-path /swift-nio-ssl.build/Debug-iphonesimulator/CNIOBoringSSL.build/Objects-normal/arm64/f_int.o

CompileC /Users/j/Documents/GitHub/MoneroOne/build/Build/Intermediates.noindex/swift-nio-ssl.build/Debug-iphonesimulator/CNIOBoringSSL.build/Objects-normal/arm64/extensions.o /Users/j/Documents/GitHub/MoneroOne/build/SourcePackages/checkouts/swift-nio-ssl/Sources/CNIOBoringSSL/ssl/extensions.cc normal arm64 c++ com.apple.compilers.llvm.clang.1_0.compiler (in target 'CNIOBoringSSL' from project 'swift-nio-ssl')
    cd /Users/j/Documents/GitHub/MoneroOne/MoneroOne.xcodeproj
    
    Using response file: /Users/j/Documents/GitHub/MoneroOne/build/Build/Intermediates.noindex/swift-nio-ssl.build/Debug-iphonesimulator/CNIOBoringSSL.build/Objects-normal/arm64/82b82416624d2658e5098eb0a28c15c5-common-args.resp
    
    /Applications/Xcode.app/Contents/Developer/Toolchains/XcodeDefault.xctoolchain/usr/bin/clang -x c++ -ivfsstatcache /Users/j/Documents/GitHub/MoneroOne/build/SDKStatCaches.noindex/iphonesimulator26.1-23B77-90cf18a4295e390e64c810bc6bd7acbc.sdkstatcache -fmessage-length\=0 -fdiagnostics-show-note-include-stack -fmacro-backtrace-limit\=0 -fno-color-diagnostics -fmodules-prune-interval\=86400 -fmodules-prune-after\=345600 -fbuild-session-file\=/Users/j/Documents/GitHub/MoneroOne/build/ModuleCache.noindex/Session.modulevalidation -fmodules-validate-once-per-build-session -Wnon-modular-include-in-framework-module -Werror\=non-modular-include-in-framework-module -Wno-trigraphs -Wno-missing-field-initializers -Wno-missing-prototypes -Wno-return-type -Wno-non-virtual-dtor -Wno-overloaded-virtual -Wno-exit-time-destructors -Wno-missing-braces -Wparentheses -Wswitch -Wno-unused-function -Wno-unused-label -Wno-unused-parameter -Wno-unused-variable -Wunused-value -Wno-empty-body -Wno-uninitialized -Wno-unknown-pragmas -w -Wno-shadow -Wno-four-char-constants -Wno-conversion -Wno-constant-conversion -Wno-int-conversion -Wno-bool-conversion -Wno-enum-conversion -Wno-float-conversion -Wno-non-literal-null-conversion -Wno-objc-literal-conversion -Wshorten-64-to-32 -Wno-newline-eof -Wno-c++11-extensions -Wno-implicit-fallthrough -fstrict-aliasing -Wdeprecated-declarations -Winvalid-offsetof -Wno-sign-conversion -Wno-infinite-recursion -Wno-move -Wno-comma -Wno-block-capture-autoreleasing -Wno-strict-prototypes -Wno-range-loop-analysis -Wno-semicolon-before-method-body -index-store-path /Users/j/Documents/GitHub/MoneroOne/build/Index.noindex/DataStore @/Users/j/Documents/GitHub/MoneroOne/build/Build/Intermediates.noindex/swift-nio-ssl.build/Debug-iphonesimulator/CNIOBoringSSL.build/Objects-normal/arm64/82b82416624d2658e5098eb0a28c15c5-common-args.resp -MMD -MT dependencies -MF /Users/j/Documents/GitHub/MoneroOne/build/Build/Intermediates.noindex/swift-nio-ssl.build/Debug-iphonesimulator/CNIOBoringSSL.build/Objects-normal/arm64/extensions.d --serialize-diagnostics /Users/j/Documents/GitHub/MoneroOne/build/Build/Intermediates.noindex/swift-nio-ssl.build/Debug-iphonesimulator/CNIOBoringSSL.build/Objects-normal/arm64/extensions.dia -c /Users/j/Documents/GitHub/MoneroOne/build/SourcePackages/checkouts/swift-nio-ssl/Sources/CNIOBoringSSL/ssl/extensions.cc -o /Users/j/Documents/GitHub/MoneroOne/build/Build/Intermediates.noindex/swift-nio-ssl.build/Debug-iphonesimulator/CNIOBoringSSL.build/Objects-normal/arm64/extensions.o -index-unit-output-path /swift-nio-ssl.build/Debug-iphonesimulator/CNIOBoringSSL.build/Objects-normal/arm64/extensions.o

CompileC /Users/j/Documents/GitHub/MoneroOne/build/Build/Intermediates.noindex/swift-nio-ssl.build/Debug-iphonesimulator/CNIOBoringSSL.build/Objects-normal/arm64/ex_data.o /Users/j/Documents/GitHub/MoneroOne/build/SourcePackages/checkouts/swift-nio-ssl/Sources/CNIOBoringSSL/crypto/ex_data.cc normal arm64 c++ com.apple.compilers.llvm.clang.1_0.compiler (in target 'CNIOBoringSSL' from project 'swift-nio-ssl')
    cd /Users/j/Documents/GitHub/MoneroOne/MoneroOne.xcodeproj
    
    Using response file: /Users/j/Documents/GitHub/MoneroOne/build/Build/Intermediates.noindex/swift-nio-ssl.build/Debug-iphonesimulator/CNIOBoringSSL.build/Objects-normal/arm64/82b82416624d2658e5098eb0a28c15c5-common-args.resp
    
    /Applications/Xcode.app/Contents/Developer/Toolchains/XcodeDefault.xctoolchain/usr/bin/clang -x c++ -ivfsstatcache /Users/j/Documents/GitHub/MoneroOne/build/SDKStatCaches.noindex/iphonesimulator26.1-23B77-90cf18a4295e390e64c810bc6bd7acbc.sdkstatcache -fmessage-length\=0 -fdiagnostics-show-note-include-stack -fmacro-backtrace-limit\=0 -fno-color-diagnostics -fmodules-prune-interval\=86400 -fmodules-prune-after\=345600 -fbuild-session-file\=/Users/j/Documents/GitHub/MoneroOne/build/ModuleCache.noindex/Session.modulevalidation -fmodules-validate-once-per-build-session -Wnon-modular-include-in-framework-module -Werror\=non-modular-include-in-framework-module -Wno-trigraphs -Wno-missing-field-initializers -Wno-missing-prototypes -Wno-return-type -Wno-non-virtual-dtor -Wno-overloaded-virtual -Wno-exit-time-destructors -Wno-missing-braces -Wparentheses -Wswitch -Wno-unused-function -Wno-unused-label -Wno-unused-parameter -Wno-unused-variable -Wunused-value -Wno-empty-body -Wno-uninitialized -Wno-unknown-pragmas -w -Wno-shadow -Wno-four-char-constants -Wno-conversion -Wno-constant-conversion -Wno-int-conversion -Wno-bool-conversion -Wno-enum-conversion -Wno-float-conversion -Wno-non-literal-null-conversion -Wno-objc-literal-conversion -Wshorten-64-to-32 -Wno-newline-eof -Wno-c++11-extensions -Wno-implicit-fallthrough -fstrict-aliasing -Wdeprecated-declarations -Winvalid-offsetof -Wno-sign-conversion -Wno-infinite-recursion -Wno-move -Wno-comma -Wno-block-capture-autoreleasing -Wno-strict-prototypes -Wno-range-loop-analysis -Wno-semicolon-before-method-body -index-store-path /Users/j/Documents/GitHub/MoneroOne/build/Index.noindex/DataStore @/Users/j/Documents/GitHub/MoneroOne/build/Build/Intermediates.noindex/swift-nio-ssl.build/Debug-iphonesimulator/CNIOBoringSSL.build/Objects-normal/arm64/82b82416624d2658e5098eb0a28c15c5-common-args.resp -MMD -MT dependencies -MF /Users/j/Documents/GitHub/MoneroOne/build/Build/Intermediates.noindex/swift-nio-ssl.build/Debug-iphonesimulator/CNIOBoringSSL.build/Objects-normal/arm64/ex_data.d --serialize-diagnostics /Users/j/Documents/GitHub/MoneroOne/build/Build/Intermediates.noindex/swift-nio-ssl.build/Debug-iphonesimulator/CNIOBoringSSL.build/Objects-normal/arm64/ex_data.dia -c /Users/j/Documents/GitHub/MoneroOne/build/SourcePackages/checkouts/swift-nio-ssl/Sources/CNIOBoringSSL/crypto/ex_data.cc -o /Users/j/Documents/GitHub/MoneroOne/build/Build/Intermediates.noindex/swift-nio-ssl.build/Debug-iphonesimulator/CNIOBoringSSL.build/Objects-normal/arm64/ex_data.o -index-unit-output-path /swift-nio-ssl.build/Debug-iphonesimulator/CNIOBoringSSL.build/Objects-normal/arm64/ex_data.o

CompileC /Users/j/Documents/GitHub/MoneroOne/build/Build/Intermediates.noindex/swift-nio-ssl.build/Debug-iphonesimulator/CNIOBoringSSL.build/Objects-normal/arm64/evp_ctx.o /Users/j/Documents/GitHub/MoneroOne/build/SourcePackages/checkouts/swift-nio-ssl/Sources/CNIOBoringSSL/crypto/evp/evp_ctx.cc normal arm64 c++ com.apple.compilers.llvm.clang.1_0.compiler (in target 'CNIOBoringSSL' from project 'swift-nio-ssl')
    cd /Users/j/Documents/GitHub/MoneroOne/MoneroOne.xcodeproj
    
    Using response file: /Users/j/Documents/GitHub/MoneroOne/build/Build/Intermediates.noindex/swift-nio-ssl.build/Debug-iphonesimulator/CNIOBoringSSL.build/Objects-normal/arm64/82b82416624d2658e5098eb0a28c15c5-common-args.resp
    
    /Applications/Xcode.app/Contents/Developer/Toolchains/XcodeDefault.xctoolchain/usr/bin/clang -x c++ -ivfsstatcache /Users/j/Documents/GitHub/MoneroOne/build/SDKStatCaches.noindex/iphonesimulator26.1-23B77-90cf18a4295e390e64c810bc6bd7acbc.sdkstatcache -fmessage-length\=0 -fdiagnostics-show-note-include-stack -fmacro-backtrace-limit\=0 -fno-color-diagnostics -fmodules-prune-interval\=86400 -fmodules-prune-after\=345600 -fbuild-session-file\=/Users/j/Documents/GitHub/MoneroOne/build/ModuleCache.noindex/Session.modulevalidation -fmodules-validate-once-per-build-session -Wnon-modular-include-in-framework-module -Werror\=non-modular-include-in-framework-module -Wno-trigraphs -Wno-missing-field-initializers -Wno-missing-prototypes -Wno-return-type -Wno-non-virtual-dtor -Wno-overloaded-virtual -Wno-exit-time-destructors -Wno-missing-braces -Wparentheses -Wswitch -Wno-unused-function -Wno-unused-label -Wno-unused-parameter -Wno-unused-variable -Wunused-value -Wno-empty-body -Wno-uninitialized -Wno-unknown-pragmas -w -Wno-shadow -Wno-four-char-constants -Wno-conversion -Wno-constant-conversion -Wno-int-conversion -Wno-bool-conversion -Wno-enum-conversion -Wno-float-conversion -Wno-non-literal-null-conversion -Wno-objc-literal-conversion -Wshorten-64-to-32 -Wno-newline-eof -Wno-c++11-extensions -Wno-implicit-fallthrough -fstrict-aliasing -Wdeprecated-declarations -Winvalid-offsetof -Wno-sign-conversion -Wno-infinite-recursion -Wno-move -Wno-comma -Wno-block-capture-autoreleasing -Wno-strict-prototypes -Wno-range-loop-analysis -Wno-semicolon-before-method-body -index-store-path /Users/j/Documents/GitHub/MoneroOne/build/Index.noindex/DataStore @/Users/j/Documents/GitHub/MoneroOne/build/Build/Intermediates.noindex/swift-nio-ssl.build/Debug-iphonesimulator/CNIOBoringSSL.build/Objects-normal/arm64/82b82416624d2658e5098eb0a28c15c5-common-args.resp -MMD -MT dependencies -MF /Users/j/Documents/GitHub/MoneroOne/build/Build/Intermediates.noindex/swift-nio-ssl.build/Debug-iphonesimulator/CNIOBoringSSL.build/Objects-normal/arm64/evp_ctx.d --serialize-diagnostics /Users/j/Documents/GitHub/MoneroOne/build/Build/Intermediates.noindex/swift-nio-ssl.build/Debug-iphonesimulator/CNIOBoringSSL.build/Objects-normal/arm64/evp_ctx.dia -c /Users/j/Documents/GitHub/MoneroOne/build/SourcePackages/checkouts/swift-nio-ssl/Sources/CNIOBoringSSL/crypto/evp/evp_ctx.cc -o /Users/j/Documents/GitHub/MoneroOne/build/Build/Intermediates.noindex/swift-nio-ssl.build/Debug-iphonesimulator/CNIOBoringSSL.build/Objects-normal/arm64/evp_ctx.o -index-unit-output-path /swift-nio-ssl.build/Debug-iphonesimulator/CNIOBoringSSL.build/Objects-normal/arm64/evp_ctx.o

CompileC /Users/j/Documents/GitHub/MoneroOne/build/Build/Intermediates.noindex/swift-nio-ssl.build/Debug-iphonesimulator/CNIOBoringSSL.build/Objects-normal/arm64/evp_asn1.o /Users/j/Documents/GitHub/MoneroOne/build/SourcePackages/checkouts/swift-nio-ssl/Sources/CNIOBoringSSL/crypto/evp/evp_asn1.cc normal arm64 c++ com.apple.compilers.llvm.clang.1_0.compiler (in target 'CNIOBoringSSL' from project 'swift-nio-ssl')
    cd /Users/j/Documents/GitHub/MoneroOne/MoneroOne.xcodeproj
    
    Using response file: /Users/j/Documents/GitHub/MoneroOne/build/Build/Intermediates.noindex/swift-nio-ssl.build/Debug-iphonesimulator/CNIOBoringSSL.build/Objects-normal/arm64/82b82416624d2658e5098eb0a28c15c5-common-args.resp
    
    /Applications/Xcode.app/Contents/Developer/Toolchains/XcodeDefault.xctoolchain/usr/bin/clang -x c++ -ivfsstatcache /Users/j/Documents/GitHub/MoneroOne/build/SDKStatCaches.noindex/iphonesimulator26.1-23B77-90cf18a4295e390e64c810bc6bd7acbc.sdkstatcache -fmessage-length\=0 -fdiagnostics-show-note-include-stack -fmacro-backtrace-limit\=0 -fno-color-diagnostics -fmodules-prune-interval\=86400 -fmodules-prune-after\=345600 -fbuild-session-file\=/Users/j/Documents/GitHub/MoneroOne/build/ModuleCache.noindex/Session.modulevalidation -fmodules-validate-once-per-build-session -Wnon-modular-include-in-framework-module -Werror\=non-modular-include-in-framework-module -Wno-trigraphs -Wno-missing-field-initializers -Wno-missing-prototypes -Wno-return-type -Wno-non-virtual-dtor -Wno-overloaded-virtual -Wno-exit-time-destructors -Wno-missing-braces -Wparentheses -Wswitch -Wno-unused-function -Wno-unused-label -Wno-unused-parameter -Wno-unused-variable -Wunused-value -Wno-empty-body -Wno-uninitialized -Wno-unknown-pragmas -w -Wno-shadow -Wno-four-char-constants -Wno-conversion -Wno-constant-conversion -Wno-int-conversion -Wno-bool-conversion -Wno-enum-conversion -Wno-float-conversion -Wno-non-literal-null-conversion -Wno-objc-literal-conversion -Wshorten-64-to-32 -Wno-newline-eof -Wno-c++11-extensions -Wno-implicit-fallthrough -fstrict-aliasing -Wdeprecated-declarations -Winvalid-offsetof -Wno-sign-conversion -Wno-infinite-recursion -Wno-move -Wno-comma -Wno-block-capture-autoreleasing -Wno-strict-prototypes -Wno-range-loop-analysis -Wno-semicolon-before-method-body -index-store-path /Users/j/Documents/GitHub/MoneroOne/build/Index.noindex/DataStore @/Users/j/Documents/GitHub/MoneroOne/build/Build/Intermediates.noindex/swift-nio-ssl.build/Debug-iphonesimulator/CNIOBoringSSL.build/Objects-normal/arm64/82b82416624d2658e5098eb0a28c15c5-common-args.resp -MMD -MT dependencies -MF /Users/j/Documents/GitHub/MoneroOne/build/Build/Intermediates.noindex/swift-nio-ssl.build/Debug-iphonesimulator/CNIOBoringSSL.build/Objects-normal/arm64/evp_asn1.d --serialize-diagnostics /Users/j/Documents/GitHub/MoneroOne/build/Build/Intermediates.noindex/swift-nio-ssl.build/Debug-iphonesimulator/CNIOBoringSSL.build/Objects-normal/arm64/evp_asn1.dia -c /Users/j/Documents/GitHub/MoneroOne/build/SourcePackages/checkouts/swift-nio-ssl/Sources/CNIOBoringSSL/crypto/evp/evp_asn1.cc -o /Users/j/Documents/GitHub/MoneroOne/build/Build/Intermediates.noindex/swift-nio-ssl.build/Debug-iphonesimulator/CNIOBoringSSL.build/Objects-normal/arm64/evp_asn1.o -index-unit-output-path /swift-nio-ssl.build/Debug-iphonesimulator/CNIOBoringSSL.build/Objects-normal/arm64/evp_asn1.o

CompileC /Users/j/Documents/GitHub/MoneroOne/build/Build/Intermediates.noindex/swift-nio-ssl.build/Debug-iphonesimulator/CNIOBoringSSL.build/Objects-normal/arm64/evp.o /Users/j/Documents/GitHub/MoneroOne/build/SourcePackages/checkouts/swift-nio-ssl/Sources/CNIOBoringSSL/crypto/evp/evp.cc normal arm64 c++ com.apple.compilers.llvm.clang.1_0.compiler (in target 'CNIOBoringSSL' from project 'swift-nio-ssl')
    cd /Users/j/Documents/GitHub/MoneroOne/MoneroOne.xcodeproj
    
    Using response file: /Users/j/Documents/GitHub/MoneroOne/build/Build/Intermediates.noindex/swift-nio-ssl.build/Debug-iphonesimulator/CNIOBoringSSL.build/Objects-normal/arm64/82b82416624d2658e5098eb0a28c15c5-common-args.resp
    
    /Applications/Xcode.app/Contents/Developer/Toolchains/XcodeDefault.xctoolchain/usr/bin/clang -x c++ -ivfsstatcache /Users/j/Documents/GitHub/MoneroOne/build/SDKStatCaches.noindex/iphonesimulator26.1-23B77-90cf18a4295e390e64c810bc6bd7acbc.sdkstatcache -fmessage-length\=0 -fdiagnostics-show-note-include-stack -fmacro-backtrace-limit\=0 -fno-color-diagnostics -fmodules-prune-interval\=86400 -fmodules-prune-after\=345600 -fbuild-session-file\=/Users/j/Documents/GitHub/MoneroOne/build/ModuleCache.noindex/Session.modulevalidation -fmodules-validate-once-per-build-session -Wnon-modular-include-in-framework-module -Werror\=non-modular-include-in-framework-module -Wno-trigraphs -Wno-missing-field-initializers -Wno-missing-prototypes -Wno-return-type -Wno-non-virtual-dtor -Wno-overloaded-virtual -Wno-exit-time-destructors -Wno-missing-braces -Wparentheses -Wswitch -Wno-unused-function -Wno-unused-label -Wno-unused-parameter -Wno-unused-variable -Wunused-value -Wno-empty-body -Wno-uninitialized -Wno-unknown-pragmas -w -Wno-shadow -Wno-four-char-constants -Wno-conversion -Wno-constant-conversion -Wno-int-conversion -Wno-bool-conversion -Wno-enum-conversion -Wno-float-conversion -Wno-non-literal-null-conversion -Wno-objc-literal-conversion -Wshorten-64-to-32 -Wno-newline-eof -Wno-c++11-extensions -Wno-implicit-fallthrough -fstrict-aliasing -Wdeprecated-declarations -Winvalid-offsetof -Wno-sign-conversion -Wno-infinite-recursion -Wno-move -Wno-comma -Wno-block-capture-autoreleasing -Wno-strict-prototypes -Wno-range-loop-analysis -Wno-semicolon-before-method-body -index-store-path /Users/j/Documents/GitHub/MoneroOne/build/Index.noindex/DataStore @/Users/j/Documents/GitHub/MoneroOne/build/Build/Intermediates.noindex/swift-nio-ssl.build/Debug-iphonesimulator/CNIOBoringSSL.build/Objects-normal/arm64/82b82416624d2658e5098eb0a28c15c5-common-args.resp -MMD -MT dependencies -MF /Users/j/Documents/GitHub/MoneroOne/build/Build/Intermediates.noindex/swift-nio-ssl.build/Debug-iphonesimulator/CNIOBoringSSL.build/Objects-normal/arm64/evp.d --serialize-diagnostics /Users/j/Documents/GitHub/MoneroOne/build/Build/Intermediates.noindex/swift-nio-ssl.build/Debug-iphonesimulator/CNIOBoringSSL.build/Objects-normal/arm64/evp.dia -c /Users/j/Documents/GitHub/MoneroOne/build/SourcePackages/checkouts/swift-nio-ssl/Sources/CNIOBoringSSL/crypto/evp/evp.cc -o /Users/j/Documents/GitHub/MoneroOne/build/Build/Intermediates.noindex/swift-nio-ssl.build/Debug-iphonesimulator/CNIOBoringSSL.build/Objects-normal/arm64/evp.o -index-unit-output-path /swift-nio-ssl.build/Debug-iphonesimulator/CNIOBoringSSL.build/Objects-normal/arm64/evp.o

CompileC /Users/j/Documents/GitHub/MoneroOne/build/Build/Intermediates.noindex/swift-nio-ssl.build/Debug-iphonesimulator/CNIOBoringSSL.build/Objects-normal/arm64/errno.o /Users/j/Documents/GitHub/MoneroOne/build/SourcePackages/checkouts/swift-nio-ssl/Sources/CNIOBoringSSL/crypto/bio/errno.cc normal arm64 c++ com.apple.compilers.llvm.clang.1_0.compiler (in target 'CNIOBoringSSL' from project 'swift-nio-ssl')
    cd /Users/j/Documents/GitHub/MoneroOne/MoneroOne.xcodeproj
    
    Using response file: /Users/j/Documents/GitHub/MoneroOne/build/Build/Intermediates.noindex/swift-nio-ssl.build/Debug-iphonesimulator/CNIOBoringSSL.build/Objects-normal/arm64/82b82416624d2658e5098eb0a28c15c5-common-args.resp
    
    /Applications/Xcode.app/Contents/Developer/Toolchains/XcodeDefault.xctoolchain/usr/bin/clang -x c++ -ivfsstatcache /Users/j/Documents/GitHub/MoneroOne/build/SDKStatCaches.noindex/iphonesimulator26.1-23B77-90cf18a4295e390e64c810bc6bd7acbc.sdkstatcache -fmessage-length\=0 -fdiagnostics-show-note-include-stack -fmacro-backtrace-limit\=0 -fno-color-diagnostics -fmodules-prune-interval\=86400 -fmodules-prune-after\=345600 -fbuild-session-file\=/Users/j/Documents/GitHub/MoneroOne/build/ModuleCache.noindex/Session.modulevalidation -fmodules-validate-once-per-build-session -Wnon-modular-include-in-framework-module -Werror\=non-modular-include-in-framework-module -Wno-trigraphs -Wno-missing-field-initializers -Wno-missing-prototypes -Wno-return-type -Wno-non-virtual-dtor -Wno-overloaded-virtual -Wno-exit-time-destructors -Wno-missing-braces -Wparentheses -Wswitch -Wno-unused-function -Wno-unused-label -Wno-unused-parameter -Wno-unused-variable -Wunused-value -Wno-empty-body -Wno-uninitialized -Wno-unknown-pragmas -w -Wno-shadow -Wno-four-char-constants -Wno-conversion -Wno-constant-conversion -Wno-int-conversion -Wno-bool-conversion -Wno-enum-conversion -Wno-float-conversion -Wno-non-literal-null-conversion -Wno-objc-literal-conversion -Wshorten-64-to-32 -Wno-newline-eof -Wno-c++11-extensions -Wno-implicit-fallthrough -fstrict-aliasing -Wdeprecated-declarations -Winvalid-offsetof -Wno-sign-conversion -Wno-infinite-recursion -Wno-move -Wno-comma -Wno-block-capture-autoreleasing -Wno-strict-prototypes -Wno-range-loop-analysis -Wno-semicolon-before-method-body -index-store-path /Users/j/Documents/GitHub/MoneroOne/build/Index.noindex/DataStore @/Users/j/Documents/GitHub/MoneroOne/build/Build/Intermediates.noindex/swift-nio-ssl.build/Debug-iphonesimulator/CNIOBoringSSL.build/Objects-normal/arm64/82b82416624d2658e5098eb0a28c15c5-common-args.resp -MMD -MT dependencies -MF /Users/j/Documents/GitHub/MoneroOne/build/Build/Intermediates.noindex/swift-nio-ssl.build/Debug-iphonesimulator/CNIOBoringSSL.build/Objects-normal/arm64/errno.d --serialize-diagnostics /Users/j/Documents/GitHub/MoneroOne/build/Build/Intermediates.noindex/swift-nio-ssl.build/Debug-iphonesimulator/CNIOBoringSSL.build/Objects-normal/arm64/errno.dia -c /Users/j/Documents/GitHub/MoneroOne/build/SourcePackages/checkouts/swift-nio-ssl/Sources/CNIOBoringSSL/crypto/bio/errno.cc -o /Users/j/Documents/GitHub/MoneroOne/build/Build/Intermediates.noindex/swift-nio-ssl.build/Debug-iphonesimulator/CNIOBoringSSL.build/Objects-normal/arm64/errno.o -index-unit-output-path /swift-nio-ssl.build/Debug-iphonesimulator/CNIOBoringSSL.build/Objects-normal/arm64/errno.o

CompileC /Users/j/Documents/GitHub/MoneroOne/build/Build/Intermediates.noindex/swift-nio-ssl.build/Debug-iphonesimulator/CNIOBoringSSL.build/Objects-normal/arm64/err_data.o /Users/j/Documents/GitHub/MoneroOne/build/SourcePackages/checkouts/swift-nio-ssl/Sources/CNIOBoringSSL/gen/crypto/err_data.cc normal arm64 c++ com.apple.compilers.llvm.clang.1_0.compiler (in target 'CNIOBoringSSL' from project 'swift-nio-ssl')
    cd /Users/j/Documents/GitHub/MoneroOne/MoneroOne.xcodeproj
    
    Using response file: /Users/j/Documents/GitHub/MoneroOne/build/Build/Intermediates.noindex/swift-nio-ssl.build/Debug-iphonesimulator/CNIOBoringSSL.build/Objects-normal/arm64/82b82416624d2658e5098eb0a28c15c5-common-args.resp
    
    /Applications/Xcode.app/Contents/Developer/Toolchains/XcodeDefault.xctoolchain/usr/bin/clang -x c++ -ivfsstatcache /Users/j/Documents/GitHub/MoneroOne/build/SDKStatCaches.noindex/iphonesimulator26.1-23B77-90cf18a4295e390e64c810bc6bd7acbc.sdkstatcache -fmessage-length\=0 -fdiagnostics-show-note-include-stack -fmacro-backtrace-limit\=0 -fno-color-diagnostics -fmodules-prune-interval\=86400 -fmodules-prune-after\=345600 -fbuild-session-file\=/Users/j/Documents/GitHub/MoneroOne/build/ModuleCache.noindex/Session.modulevalidation -fmodules-validate-once-per-build-session -Wnon-modular-include-in-framework-module -Werror\=non-modular-include-in-framework-module -Wno-trigraphs -Wno-missing-field-initializers -Wno-missing-prototypes -Wno-return-type -Wno-non-virtual-dtor -Wno-overloaded-virtual -Wno-exit-time-destructors -Wno-missing-braces -Wparentheses -Wswitch -Wno-unused-function -Wno-unused-label -Wno-unused-parameter -Wno-unused-variable -Wunused-value -Wno-empty-body -Wno-uninitialized -Wno-unknown-pragmas -w -Wno-shadow -Wno-four-char-constants -Wno-conversion -Wno-constant-conversion -Wno-int-conversion -Wno-bool-conversion -Wno-enum-conversion -Wno-float-conversion -Wno-non-literal-null-conversion -Wno-objc-literal-conversion -Wshorten-64-to-32 -Wno-newline-eof -Wno-c++11-extensions -Wno-implicit-fallthrough -fstrict-aliasing -Wdeprecated-declarations -Winvalid-offsetof -Wno-sign-conversion -Wno-infinite-recursion -Wno-move -Wno-comma -Wno-block-capture-autoreleasing -Wno-strict-prototypes -Wno-range-loop-analysis -Wno-semicolon-before-method-body -index-store-path /Users/j/Documents/GitHub/MoneroOne/build/Index.noindex/DataStore @/Users/j/Documents/GitHub/MoneroOne/build/Build/Intermediates.noindex/swift-nio-ssl.build/Debug-iphonesimulator/CNIOBoringSSL.build/Objects-normal/arm64/82b82416624d2658e5098eb0a28c15c5-common-args.resp -MMD -MT dependencies -MF /Users/j/Documents/GitHub/MoneroOne/build/Build/Intermediates.noindex/swift-nio-ssl.build/Debug-iphonesimulator/CNIOBoringSSL.build/Objects-normal/arm64/err_data.d --serialize-diagnostics /Users/j/Documents/GitHub/MoneroOne/build/Build/Intermediates.noindex/swift-nio-ssl.build/Debug-iphonesimulator/CNIOBoringSSL.build/Objects-normal/arm64/err_data.dia -c /Users/j/Documents/GitHub/MoneroOne/build/SourcePackages/checkouts/swift-nio-ssl/Sources/CNIOBoringSSL/gen/crypto/err_data.cc -o /Users/j/Documents/GitHub/MoneroOne/build/Build/Intermediates.noindex/swift-nio-ssl.build/Debug-iphonesimulator/CNIOBoringSSL.build/Objects-normal/arm64/err_data.o -index-unit-output-path /swift-nio-ssl.build/Debug-iphonesimulator/CNIOBoringSSL.build/Objects-normal/arm64/err_data.o

CompileC /Users/j/Documents/GitHub/MoneroOne/build/Build/Intermediates.noindex/swift-nio-ssl.build/Debug-iphonesimulator/CNIOBoringSSL.build/Objects-normal/arm64/err.o /Users/j/Documents/GitHub/MoneroOne/build/SourcePackages/checkouts/swift-nio-ssl/Sources/CNIOBoringSSL/crypto/err/err.cc normal arm64 c++ com.apple.compilers.llvm.clang.1_0.compiler (in target 'CNIOBoringSSL' from project 'swift-nio-ssl')
    cd /Users/j/Documents/GitHub/MoneroOne/MoneroOne.xcodeproj
    
    Using response file: /Users/j/Documents/GitHub/MoneroOne/build/Build/Intermediates.noindex/swift-nio-ssl.build/Debug-iphonesimulator/CNIOBoringSSL.build/Objects-normal/arm64/82b82416624d2658e5098eb0a28c15c5-common-args.resp
    
    /Applications/Xcode.app/Contents/Developer/Toolchains/XcodeDefault.xctoolchain/usr/bin/clang -x c++ -ivfsstatcache /Users/j/Documents/GitHub/MoneroOne/build/SDKStatCaches.noindex/iphonesimulator26.1-23B77-90cf18a4295e390e64c810bc6bd7acbc.sdkstatcache -fmessage-length\=0 -fdiagnostics-show-note-include-stack -fmacro-backtrace-limit\=0 -fno-color-diagnostics -fmodules-prune-interval\=86400 -fmodules-prune-after\=345600 -fbuild-session-file\=/Users/j/Documents/GitHub/MoneroOne/build/ModuleCache.noindex/Session.modulevalidation -fmodules-validate-once-per-build-session -Wnon-modular-include-in-framework-module -Werror\=non-modular-include-in-framework-module -Wno-trigraphs -Wno-missing-field-initializers -Wno-missing-prototypes -Wno-return-type -Wno-non-virtual-dtor -Wno-overloaded-virtual -Wno-exit-time-destructors -Wno-missing-braces -Wparentheses -Wswitch -Wno-unused-function -Wno-unused-label -Wno-unused-parameter -Wno-unused-variable -Wunused-value -Wno-empty-body -Wno-uninitialized -Wno-unknown-pragmas -w -Wno-shadow -Wno-four-char-constants -Wno-conversion -Wno-constant-conversion -Wno-int-conversion -Wno-bool-conversion -Wno-enum-conversion -Wno-float-conversion -Wno-non-literal-null-conversion -Wno-objc-literal-conversion -Wshorten-64-to-32 -Wno-newline-eof -Wno-c++11-extensions -Wno-implicit-fallthrough -fstrict-aliasing -Wdeprecated-declarations -Winvalid-offsetof -Wno-sign-conversion -Wno-infinite-recursion -Wno-move -Wno-comma -Wno-block-capture-autoreleasing -Wno-strict-prototypes -Wno-range-loop-analysis -Wno-semicolon-before-method-body -index-store-path /Users/j/Documents/GitHub/MoneroOne/build/Index.noindex/DataStore @/Users/j/Documents/GitHub/MoneroOne/build/Build/Intermediates.noindex/swift-nio-ssl.build/Debug-iphonesimulator/CNIOBoringSSL.build/Objects-normal/arm64/82b82416624d2658e5098eb0a28c15c5-common-args.resp -MMD -MT dependencies -MF /Users/j/Documents/GitHub/MoneroOne/build/Build/Intermediates.noindex/swift-nio-ssl.build/Debug-iphonesimulator/CNIOBoringSSL.build/Objects-normal/arm64/err.d --serialize-diagnostics /Users/j/Documents/GitHub/MoneroOne/build/Build/Intermediates.noindex/swift-nio-ssl.build/Debug-iphonesimulator/CNIOBoringSSL.build/Objects-normal/arm64/err.dia -c /Users/j/Documents/GitHub/MoneroOne/build/SourcePackages/checkouts/swift-nio-ssl/Sources/CNIOBoringSSL/crypto/err/err.cc -o /Users/j/Documents/GitHub/MoneroOne/build/Build/Intermediates.noindex/swift-nio-ssl.build/Debug-iphonesimulator/CNIOBoringSSL.build/Objects-normal/arm64/err.o -index-unit-output-path /swift-nio-ssl.build/Debug-iphonesimulator/CNIOBoringSSL.build/Objects-normal/arm64/err.o

CompileC /Users/j/Documents/GitHub/MoneroOne/build/Build/Intermediates.noindex/swift-nio-ssl.build/Debug-iphonesimulator/CNIOBoringSSL.build/Objects-normal/arm64/engine.o /Users/j/Documents/GitHub/MoneroOne/build/SourcePackages/checkouts/swift-nio-ssl/Sources/CNIOBoringSSL/crypto/engine/engine.cc normal arm64 c++ com.apple.compilers.llvm.clang.1_0.compiler (in target 'CNIOBoringSSL' from project 'swift-nio-ssl')
    cd /Users/j/Documents/GitHub/MoneroOne/MoneroOne.xcodeproj
    
    Using response file: /Users/j/Documents/GitHub/MoneroOne/build/Build/Intermediates.noindex/swift-nio-ssl.build/Debug-iphonesimulator/CNIOBoringSSL.build/Objects-normal/arm64/82b82416624d2658e5098eb0a28c15c5-common-args.resp
    
    /Applications/Xcode.app/Contents/Developer/Toolchains/XcodeDefault.xctoolchain/usr/bin/clang -x c++ -ivfsstatcache /Users/j/Documents/GitHub/MoneroOne/build/SDKStatCaches.noindex/iphonesimulator26.1-23B77-90cf18a4295e390e64c810bc6bd7acbc.sdkstatcache -fmessage-length\=0 -fdiagnostics-show-note-include-stack -fmacro-backtrace-limit\=0 -fno-color-diagnostics -fmodules-prune-interval\=86400 -fmodules-prune-after\=345600 -fbuild-session-file\=/Users/j/Documents/GitHub/MoneroOne/build/ModuleCache.noindex/Session.modulevalidation -fmodules-validate-once-per-build-session -Wnon-modular-include-in-framework-module -Werror\=non-modular-include-in-framework-module -Wno-trigraphs -Wno-missing-field-initializers -Wno-missing-prototypes -Wno-return-type -Wno-non-virtual-dtor -Wno-overloaded-virtual -Wno-exit-time-destructors -Wno-missing-braces -Wparentheses -Wswitch -Wno-unused-function -Wno-unused-label -Wno-unused-parameter -Wno-unused-variable -Wunused-value -Wno-empty-body -Wno-uninitialized -Wno-unknown-pragmas -w -Wno-shadow -Wno-four-char-constants -Wno-conversion -Wno-constant-conversion -Wno-int-conversion -Wno-bool-conversion -Wno-enum-conversion -Wno-float-conversion -Wno-non-literal-null-conversion -Wno-objc-literal-conversion -Wshorten-64-to-32 -Wno-newline-eof -Wno-c++11-extensions -Wno-implicit-fallthrough -fstrict-aliasing -Wdeprecated-declarations -Winvalid-offsetof -Wno-sign-conversion -Wno-infinite-recursion -Wno-move -Wno-comma -Wno-block-capture-autoreleasing -Wno-strict-prototypes -Wno-range-loop-analysis -Wno-semicolon-before-method-body -index-store-path /Users/j/Documents/GitHub/MoneroOne/build/Index.noindex/DataStore @/Users/j/Documents/GitHub/MoneroOne/build/Build/Intermediates.noindex/swift-nio-ssl.build/Debug-iphonesimulator/CNIOBoringSSL.build/Objects-normal/arm64/82b82416624d2658e5098eb0a28c15c5-common-args.resp -MMD -MT dependencies -MF /Users/j/Documents/GitHub/MoneroOne/build/Build/Intermediates.noindex/swift-nio-ssl.build/Debug-iphonesimulator/CNIOBoringSSL.build/Objects-normal/arm64/engine.d --serialize-diagnostics /Users/j/Documents/GitHub/MoneroOne/build/Build/Intermediates.noindex/swift-nio-ssl.build/Debug-iphonesimulator/CNIOBoringSSL.build/Objects-normal/arm64/engine.dia -c /Users/j/Documents/GitHub/MoneroOne/build/SourcePackages/checkouts/swift-nio-ssl/Sources/CNIOBoringSSL/crypto/engine/engine.cc -o /Users/j/Documents/GitHub/MoneroOne/build/Build/Intermediates.noindex/swift-nio-ssl.build/Debug-iphonesimulator/CNIOBoringSSL.build/Objects-normal/arm64/engine.o -index-unit-output-path /swift-nio-ssl.build/Debug-iphonesimulator/CNIOBoringSSL.build/Objects-normal/arm64/engine.o

CompileC /Users/j/Documents/GitHub/MoneroOne/build/Build/Intermediates.noindex/swift-nio-ssl.build/Debug-iphonesimulator/CNIOBoringSSL.build/Objects-normal/arm64/encrypted_client_hello.o /Users/j/Documents/GitHub/MoneroOne/build/SourcePackages/checkouts/swift-nio-ssl/Sources/CNIOBoringSSL/ssl/encrypted_client_hello.cc normal arm64 c++ com.apple.compilers.llvm.clang.1_0.compiler (in target 'CNIOBoringSSL' from project 'swift-nio-ssl')
    cd /Users/j/Documents/GitHub/MoneroOne/MoneroOne.xcodeproj
    
    Using response file: /Users/j/Documents/GitHub/MoneroOne/build/Build/Intermediates.noindex/swift-nio-ssl.build/Debug-iphonesimulator/CNIOBoringSSL.build/Objects-normal/arm64/82b82416624d2658e5098eb0a28c15c5-common-args.resp
    
    /Applications/Xcode.app/Contents/Developer/Toolchains/XcodeDefault.xctoolchain/usr/bin/clang -x c++ -ivfsstatcache /Users/j/Documents/GitHub/MoneroOne/build/SDKStatCaches.noindex/iphonesimulator26.1-23B77-90cf18a4295e390e64c810bc6bd7acbc.sdkstatcache -fmessage-length\=0 -fdiagnostics-show-note-include-stack -fmacro-backtrace-limit\=0 -fno-color-diagnostics -fmodules-prune-interval\=86400 -fmodules-prune-after\=345600 -fbuild-session-file\=/Users/j/Documents/GitHub/MoneroOne/build/ModuleCache.noindex/Session.modulevalidation -fmodules-validate-once-per-build-session -Wnon-modular-include-in-framework-module -Werror\=non-modular-include-in-framework-module -Wno-trigraphs -Wno-missing-field-initializers -Wno-missing-prototypes -Wno-return-type -Wno-non-virtual-dtor -Wno-overloaded-virtual -Wno-exit-time-destructors -Wno-missing-braces -Wparentheses -Wswitch -Wno-unused-function -Wno-unused-label -Wno-unused-parameter -Wno-unused-variable -Wunused-value -Wno-empty-body -Wno-uninitialized -Wno-unknown-pragmas -w -Wno-shadow -Wno-four-char-constants -Wno-conversion -Wno-constant-conversion -Wno-int-conversion -Wno-bool-conversion -Wno-enum-conversion -Wno-float-conversion -Wno-non-literal-null-conversion -Wno-objc-literal-conversion -Wshorten-64-to-32 -Wno-newline-eof -Wno-c++11-extensions -Wno-implicit-fallthrough -fstrict-aliasing -Wdeprecated-declarations -Winvalid-offsetof -Wno-sign-conversion -Wno-infinite-recursion -Wno-move -Wno-comma -Wno-block-capture-autoreleasing -Wno-strict-prototypes -Wno-range-loop-analysis -Wno-semicolon-before-method-body -index-store-path /Users/j/Documents/GitHub/MoneroOne/build/Index.noindex/DataStore @/Users/j/Documents/GitHub/MoneroOne/build/Build/Intermediates.noindex/swift-nio-ssl.build/Debug-iphonesimulator/CNIOBoringSSL.build/Objects-normal/arm64/82b82416624d2658e5098eb0a28c15c5-common-args.resp -MMD -MT dependencies -MF /Users/j/Documents/GitHub/MoneroOne/build/Build/Intermediates.noindex/swift-nio-ssl.build/Debug-iphonesimulator/CNIOBoringSSL.build/Objects-normal/arm64/encrypted_client_hello.d --serialize-diagnostics /Users/j/Documents/GitHub/MoneroOne/build/Build/Intermediates.noindex/swift-nio-ssl.build/Debug-iphonesimulator/CNIOBoringSSL.build/Objects-normal/arm64/encrypted_client_hello.dia -c /Users/j/Documents/GitHub/MoneroOne/build/SourcePackages/checkouts/swift-nio-ssl/Sources/CNIOBoringSSL/ssl/encrypted_client_hello.cc -o /Users/j/Documents/GitHub/MoneroOne/build/Build/Intermediates.noindex/swift-nio-ssl.build/Debug-iphonesimulator/CNIOBoringSSL.build/Objects-normal/arm64/encrypted_client_hello.o -index-unit-output-path /swift-nio-ssl.build/Debug-iphonesimulator/CNIOBoringSSL.build/Objects-normal/arm64/encrypted_client_hello.o

CompileC /Users/j/Documents/GitHub/MoneroOne/build/Build/Intermediates.noindex/swift-nio-ssl.build/Debug-iphonesimulator/CNIOBoringSSL.build/Objects-normal/arm64/ecdsa_asn1.o /Users/j/Documents/GitHub/MoneroOne/build/SourcePackages/checkouts/swift-nio-ssl/Sources/CNIOBoringSSL/crypto/ecdsa/ecdsa_asn1.cc normal arm64 c++ com.apple.compilers.llvm.clang.1_0.compiler (in target 'CNIOBoringSSL' from project 'swift-nio-ssl')
    cd /Users/j/Documents/GitHub/MoneroOne/MoneroOne.xcodeproj
    
    Using response file: /Users/j/Documents/GitHub/MoneroOne/build/Build/Intermediates.noindex/swift-nio-ssl.build/Debug-iphonesimulator/CNIOBoringSSL.build/Objects-normal/arm64/82b82416624d2658e5098eb0a28c15c5-common-args.resp
    
    /Applications/Xcode.app/Contents/Developer/Toolchains/XcodeDefault.xctoolchain/usr/bin/clang -x c++ -ivfsstatcache /Users/j/Documents/GitHub/MoneroOne/build/SDKStatCaches.noindex/iphonesimulator26.1-23B77-90cf18a4295e390e64c810bc6bd7acbc.sdkstatcache -fmessage-length\=0 -fdiagnostics-show-note-include-stack -fmacro-backtrace-limit\=0 -fno-color-diagnostics -fmodules-prune-interval\=86400 -fmodules-prune-after\=345600 -fbuild-session-file\=/Users/j/Documents/GitHub/MoneroOne/build/ModuleCache.noindex/Session.modulevalidation -fmodules-validate-once-per-build-session -Wnon-modular-include-in-framework-module -Werror\=non-modular-include-in-framework-module -Wno-trigraphs -Wno-missing-field-initializers -Wno-missing-prototypes -Wno-return-type -Wno-non-virtual-dtor -Wno-overloaded-virtual -Wno-exit-time-destructors -Wno-missing-braces -Wparentheses -Wswitch -Wno-unused-function -Wno-unused-label -Wno-unused-parameter -Wno-unused-variable -Wunused-value -Wno-empty-body -Wno-uninitialized -Wno-unknown-pragmas -w -Wno-shadow -Wno-four-char-constants -Wno-conversion -Wno-constant-conversion -Wno-int-conversion -Wno-bool-conversion -Wno-enum-conversion -Wno-float-conversion -Wno-non-literal-null-conversion -Wno-objc-literal-conversion -Wshorten-64-to-32 -Wno-newline-eof -Wno-c++11-extensions -Wno-implicit-fallthrough -fstrict-aliasing -Wdeprecated-declarations -Winvalid-offsetof -Wno-sign-conversion -Wno-infinite-recursion -Wno-move -Wno-comma -Wno-block-capture-autoreleasing -Wno-strict-prototypes -Wno-range-loop-analysis -Wno-semicolon-before-method-body -index-store-path /Users/j/Documents/GitHub/MoneroOne/build/Index.noindex/DataStore @/Users/j/Documents/GitHub/MoneroOne/build/Build/Intermediates.noindex/swift-nio-ssl.build/Debug-iphonesimulator/CNIOBoringSSL.build/Objects-normal/arm64/82b82416624d2658e5098eb0a28c15c5-common-args.resp -MMD -MT dependencies -MF /Users/j/Documents/GitHub/MoneroOne/build/Build/Intermediates.noindex/swift-nio-ssl.build/Debug-iphonesimulator/CNIOBoringSSL.build/Objects-normal/arm64/ecdsa_asn1.d --serialize-diagnostics /Users/j/Documents/GitHub/MoneroOne/build/Build/Intermediates.noindex/swift-nio-ssl.build/Debug-iphonesimulator/CNIOBoringSSL.build/Objects-normal/arm64/ecdsa_asn1.dia -c /Users/j/Documents/GitHub/MoneroOne/build/SourcePackages/checkouts/swift-nio-ssl/Sources/CNIOBoringSSL/crypto/ecdsa/ecdsa_asn1.cc -o /Users/j/Documents/GitHub/MoneroOne/build/Build/Intermediates.noindex/swift-nio-ssl.build/Debug-iphonesimulator/CNIOBoringSSL.build/Objects-normal/arm64/ecdsa_asn1.o -index-unit-output-path /swift-nio-ssl.build/Debug-iphonesimulator/CNIOBoringSSL.build/Objects-normal/arm64/ecdsa_asn1.o

CompileC /Users/j/Documents/GitHub/MoneroOne/build/Build/Intermediates.noindex/swift-nio-ssl.build/Debug-iphonesimulator/CNIOBoringSSL.build/Objects-normal/arm64/ecdh.o /Users/j/Documents/GitHub/MoneroOne/build/SourcePackages/checkouts/swift-nio-ssl/Sources/CNIOBoringSSL/crypto/ecdh/ecdh.cc normal arm64 c++ com.apple.compilers.llvm.clang.1_0.compiler (in target 'CNIOBoringSSL' from project 'swift-nio-ssl')
    cd /Users/j/Documents/GitHub/MoneroOne/MoneroOne.xcodeproj
    
    Using response file: /Users/j/Documents/GitHub/MoneroOne/build/Build/Intermediates.noindex/swift-nio-ssl.build/Debug-iphonesimulator/CNIOBoringSSL.build/Objects-normal/arm64/82b82416624d2658e5098eb0a28c15c5-common-args.resp
    
    /Applications/Xcode.app/Contents/Developer/Toolchains/XcodeDefault.xctoolchain/usr/bin/clang -x c++ -ivfsstatcache /Users/j/Documents/GitHub/MoneroOne/build/SDKStatCaches.noindex/iphonesimulator26.1-23B77-90cf18a4295e390e64c810bc6bd7acbc.sdkstatcache -fmessage-length\=0 -fdiagnostics-show-note-include-stack -fmacro-backtrace-limit\=0 -fno-color-diagnostics -fmodules-prune-interval\=86400 -fmodules-prune-after\=345600 -fbuild-session-file\=/Users/j/Documents/GitHub/MoneroOne/build/ModuleCache.noindex/Session.modulevalidation -fmodules-validate-once-per-build-session -Wnon-modular-include-in-framework-module -Werror\=non-modular-include-in-framework-module -Wno-trigraphs -Wno-missing-field-initializers -Wno-missing-prototypes -Wno-return-type -Wno-non-virtual-dtor -Wno-overloaded-virtual -Wno-exit-time-destructors -Wno-missing-braces -Wparentheses -Wswitch -Wno-unused-function -Wno-unused-label -Wno-unused-parameter -Wno-unused-variable -Wunused-value -Wno-empty-body -Wno-uninitialized -Wno-unknown-pragmas -w -Wno-shadow -Wno-four-char-constants -Wno-conversion -Wno-constant-conversion -Wno-int-conversion -Wno-bool-conversion -Wno-enum-conversion -Wno-float-conversion -Wno-non-literal-null-conversion -Wno-objc-literal-conversion -Wshorten-64-to-32 -Wno-newline-eof -Wno-c++11-extensions -Wno-implicit-fallthrough -fstrict-aliasing -Wdeprecated-declarations -Winvalid-offsetof -Wno-sign-conversion -Wno-infinite-recursion -Wno-move -Wno-comma -Wno-block-capture-autoreleasing -Wno-strict-prototypes -Wno-range-loop-analysis -Wno-semicolon-before-method-body -index-store-path /Users/j/Documents/GitHub/MoneroOne/build/Index.noindex/DataStore @/Users/j/Documents/GitHub/MoneroOne/build/Build/Intermediates.noindex/swift-nio-ssl.build/Debug-iphonesimulator/CNIOBoringSSL.build/Objects-normal/arm64/82b82416624d2658e5098eb0a28c15c5-common-args.resp -MMD -MT dependencies -MF /Users/j/Documents/GitHub/MoneroOne/build/Build/Intermediates.noindex/swift-nio-ssl.build/Debug-iphonesimulator/CNIOBoringSSL.build/Objects-normal/arm64/ecdh.d --serialize-diagnostics /Users/j/Documents/GitHub/MoneroOne/build/Build/Intermediates.noindex/swift-nio-ssl.build/Debug-iphonesimulator/CNIOBoringSSL.build/Objects-normal/arm64/ecdh.dia -c /Users/j/Documents/GitHub/MoneroOne/build/SourcePackages/checkouts/swift-nio-ssl/Sources/CNIOBoringSSL/crypto/ecdh/ecdh.cc -o /Users/j/Documents/GitHub/MoneroOne/build/Build/Intermediates.noindex/swift-nio-ssl.build/Debug-iphonesimulator/CNIOBoringSSL.build/Objects-normal/arm64/ecdh.o -index-unit-output-path /swift-nio-ssl.build/Debug-iphonesimulator/CNIOBoringSSL.build/Objects-normal/arm64/ecdh.o

CompileC /Users/j/Documents/GitHub/MoneroOne/build/Build/Intermediates.noindex/swift-nio-ssl.build/Debug-iphonesimulator/CNIOBoringSSL.build/Objects-normal/arm64/ec_derive.o /Users/j/Documents/GitHub/MoneroOne/build/SourcePackages/checkouts/swift-nio-ssl/Sources/CNIOBoringSSL/crypto/ec/ec_derive.cc normal arm64 c++ com.apple.compilers.llvm.clang.1_0.compiler (in target 'CNIOBoringSSL' from project 'swift-nio-ssl')
    cd /Users/j/Documents/GitHub/MoneroOne/MoneroOne.xcodeproj
    
    Using response file: /Users/j/Documents/GitHub/MoneroOne/build/Build/Intermediates.noindex/swift-nio-ssl.build/Debug-iphonesimulator/CNIOBoringSSL.build/Objects-normal/arm64/82b82416624d2658e5098eb0a28c15c5-common-args.resp
    
    /Applications/Xcode.app/Contents/Developer/Toolchains/XcodeDefault.xctoolchain/usr/bin/clang -x c++ -ivfsstatcache /Users/j/Documents/GitHub/MoneroOne/build/SDKStatCaches.noindex/iphonesimulator26.1-23B77-90cf18a4295e390e64c810bc6bd7acbc.sdkstatcache -fmessage-length\=0 -fdiagnostics-show-note-include-stack -fmacro-backtrace-limit\=0 -fno-color-diagnostics -fmodules-prune-interval\=86400 -fmodules-prune-after\=345600 -fbuild-session-file\=/Users/j/Documents/GitHub/MoneroOne/build/ModuleCache.noindex/Session.modulevalidation -fmodules-validate-once-per-build-session -Wnon-modular-include-in-framework-module -Werror\=non-modular-include-in-framework-module -Wno-trigraphs -Wno-missing-field-initializers -Wno-missing-prototypes -Wno-return-type -Wno-non-virtual-dtor -Wno-overloaded-virtual -Wno-exit-time-destructors -Wno-missing-braces -Wparentheses -Wswitch -Wno-unused-function -Wno-unused-label -Wno-unused-parameter -Wno-unused-variable -Wunused-value -Wno-empty-body -Wno-uninitialized -Wno-unknown-pragmas -w -Wno-shadow -Wno-four-char-constants -Wno-conversion -Wno-constant-conversion -Wno-int-conversion -Wno-bool-conversion -Wno-enum-conversion -Wno-float-conversion -Wno-non-literal-null-conversion -Wno-objc-literal-conversion -Wshorten-64-to-32 -Wno-newline-eof -Wno-c++11-extensions -Wno-implicit-fallthrough -fstrict-aliasing -Wdeprecated-declarations -Winvalid-offsetof -Wno-sign-conversion -Wno-infinite-recursion -Wno-move -Wno-comma -Wno-block-capture-autoreleasing -Wno-strict-prototypes -Wno-range-loop-analysis -Wno-semicolon-before-method-body -index-store-path /Users/j/Documents/GitHub/MoneroOne/build/Index.noindex/DataStore @/Users/j/Documents/GitHub/MoneroOne/build/Build/Intermediates.noindex/swift-nio-ssl.build/Debug-iphonesimulator/CNIOBoringSSL.build/Objects-normal/arm64/82b82416624d2658e5098eb0a28c15c5-common-args.resp -MMD -MT dependencies -MF /Users/j/Documents/GitHub/MoneroOne/build/Build/Intermediates.noindex/swift-nio-ssl.build/Debug-iphonesimulator/CNIOBoringSSL.build/Objects-normal/arm64/ec_derive.d --serialize-diagnostics /Users/j/Documents/GitHub/MoneroOne/build/Build/Intermediates.noindex/swift-nio-ssl.build/Debug-iphonesimulator/CNIOBoringSSL.build/Objects-normal/arm64/ec_derive.dia -c /Users/j/Documents/GitHub/MoneroOne/build/SourcePackages/checkouts/swift-nio-ssl/Sources/CNIOBoringSSL/crypto/ec/ec_derive.cc -o /Users/j/Documents/GitHub/MoneroOne/build/Build/Intermediates.noindex/swift-nio-ssl.build/Debug-iphonesimulator/CNIOBoringSSL.build/Objects-normal/arm64/ec_derive.o -index-unit-output-path /swift-nio-ssl.build/Debug-iphonesimulator/CNIOBoringSSL.build/Objects-normal/arm64/ec_derive.o

CompileC /Users/j/Documents/GitHub/MoneroOne/build/Build/Intermediates.noindex/swift-nio-ssl.build/Debug-iphonesimulator/CNIOBoringSSL.build/Objects-normal/arm64/ec_asn1.o /Users/j/Documents/GitHub/MoneroOne/build/SourcePackages/checkouts/swift-nio-ssl/Sources/CNIOBoringSSL/crypto/ec/ec_asn1.cc normal arm64 c++ com.apple.compilers.llvm.clang.1_0.compiler (in target 'CNIOBoringSSL' from project 'swift-nio-ssl')
    cd /Users/j/Documents/GitHub/MoneroOne/MoneroOne.xcodeproj
    
    Using response file: /Users/j/Documents/GitHub/MoneroOne/build/Build/Intermediates.noindex/swift-nio-ssl.build/Debug-iphonesimulator/CNIOBoringSSL.build/Objects-normal/arm64/82b82416624d2658e5098eb0a28c15c5-common-args.resp
    
    /Applications/Xcode.app/Contents/Developer/Toolchains/XcodeDefault.xctoolchain/usr/bin/clang -x c++ -ivfsstatcache /Users/j/Documents/GitHub/MoneroOne/build/SDKStatCaches.noindex/iphonesimulator26.1-23B77-90cf18a4295e390e64c810bc6bd7acbc.sdkstatcache -fmessage-length\=0 -fdiagnostics-show-note-include-stack -fmacro-backtrace-limit\=0 -fno-color-diagnostics -fmodules-prune-interval\=86400 -fmodules-prune-after\=345600 -fbuild-session-file\=/Users/j/Documents/GitHub/MoneroOne/build/ModuleCache.noindex/Session.modulevalidation -fmodules-validate-once-per-build-session -Wnon-modular-include-in-framework-module -Werror\=non-modular-include-in-framework-module -Wno-trigraphs -Wno-missing-field-initializers -Wno-missing-prototypes -Wno-return-type -Wno-non-virtual-dtor -Wno-overloaded-virtual -Wno-exit-time-destructors -Wno-missing-braces -Wparentheses -Wswitch -Wno-unused-function -Wno-unused-label -Wno-unused-parameter -Wno-unused-variable -Wunused-value -Wno-empty-body -Wno-uninitialized -Wno-unknown-pragmas -w -Wno-shadow -Wno-four-char-constants -Wno-conversion -Wno-constant-conversion -Wno-int-conversion -Wno-bool-conversion -Wno-enum-conversion -Wno-float-conversion -Wno-non-literal-null-conversion -Wno-objc-literal-conversion -Wshorten-64-to-32 -Wno-newline-eof -Wno-c++11-extensions -Wno-implicit-fallthrough -fstrict-aliasing -Wdeprecated-declarations -Winvalid-offsetof -Wno-sign-conversion -Wno-infinite-recursion -Wno-move -Wno-comma -Wno-block-capture-autoreleasing -Wno-strict-prototypes -Wno-range-loop-analysis -Wno-semicolon-before-method-body -index-store-path /Users/j/Documents/GitHub/MoneroOne/build/Index.noindex/DataStore @/Users/j/Documents/GitHub/MoneroOne/build/Build/Intermediates.noindex/swift-nio-ssl.build/Debug-iphonesimulator/CNIOBoringSSL.build/Objects-normal/arm64/82b82416624d2658e5098eb0a28c15c5-common-args.resp -MMD -MT dependencies -MF /Users/j/Documents/GitHub/MoneroOne/build/Build/Intermediates.noindex/swift-nio-ssl.build/Debug-iphonesimulator/CNIOBoringSSL.build/Objects-normal/arm64/ec_asn1.d --serialize-diagnostics /Users/j/Documents/GitHub/MoneroOne/build/Build/Intermediates.noindex/swift-nio-ssl.build/Debug-iphonesimulator/CNIOBoringSSL.build/Objects-normal/arm64/ec_asn1.dia -c /Users/j/Documents/GitHub/MoneroOne/build/SourcePackages/checkouts/swift-nio-ssl/Sources/CNIOBoringSSL/crypto/ec/ec_asn1.cc -o /Users/j/Documents/GitHub/MoneroOne/build/Build/Intermediates.noindex/swift-nio-ssl.build/Debug-iphonesimulator/CNIOBoringSSL.build/Objects-normal/arm64/ec_asn1.o -index-unit-output-path /swift-nio-ssl.build/Debug-iphonesimulator/CNIOBoringSSL.build/Objects-normal/arm64/ec_asn1.o

CompileC /Users/j/Documents/GitHub/MoneroOne/build/Build/Intermediates.noindex/swift-nio-ssl.build/Debug-iphonesimulator/CNIOBoringSSL.build/Objects-normal/arm64/e_tls.o /Users/j/Documents/GitHub/MoneroOne/build/SourcePackages/checkouts/swift-nio-ssl/Sources/CNIOBoringSSL/crypto/cipher/e_tls.cc normal arm64 c++ com.apple.compilers.llvm.clang.1_0.compiler (in target 'CNIOBoringSSL' from project 'swift-nio-ssl')
    cd /Users/j/Documents/GitHub/MoneroOne/MoneroOne.xcodeproj
    
    Using response file: /Users/j/Documents/GitHub/MoneroOne/build/Build/Intermediates.noindex/swift-nio-ssl.build/Debug-iphonesimulator/CNIOBoringSSL.build/Objects-normal/arm64/82b82416624d2658e5098eb0a28c15c5-common-args.resp
    
    /Applications/Xcode.app/Contents/Developer/Toolchains/XcodeDefault.xctoolchain/usr/bin/clang -x c++ -ivfsstatcache /Users/j/Documents/GitHub/MoneroOne/build/SDKStatCaches.noindex/iphonesimulator26.1-23B77-90cf18a4295e390e64c810bc6bd7acbc.sdkstatcache -fmessage-length\=0 -fdiagnostics-show-note-include-stack -fmacro-backtrace-limit\=0 -fno-color-diagnostics -fmodules-prune-interval\=86400 -fmodules-prune-after\=345600 -fbuild-session-file\=/Users/j/Documents/GitHub/MoneroOne/build/ModuleCache.noindex/Session.modulevalidation -fmodules-validate-once-per-build-session -Wnon-modular-include-in-framework-module -Werror\=non-modular-include-in-framework-module -Wno-trigraphs -Wno-missing-field-initializers -Wno-missing-prototypes -Wno-return-type -Wno-non-virtual-dtor -Wno-overloaded-virtual -Wno-exit-time-destructors -Wno-missing-braces -Wparentheses -Wswitch -Wno-unused-function -Wno-unused-label -Wno-unused-parameter -Wno-unused-variable -Wunused-value -Wno-empty-body -Wno-uninitialized -Wno-unknown-pragmas -w -Wno-shadow -Wno-four-char-constants -Wno-conversion -Wno-constant-conversion -Wno-int-conversion -Wno-bool-conversion -Wno-enum-conversion -Wno-float-conversion -Wno-non-literal-null-conversion -Wno-objc-literal-conversion -Wshorten-64-to-32 -Wno-newline-eof -Wno-c++11-extensions -Wno-implicit-fallthrough -fstrict-aliasing -Wdeprecated-declarations -Winvalid-offsetof -Wno-sign-conversion -Wno-infinite-recursion -Wno-move -Wno-comma -Wno-block-capture-autoreleasing -Wno-strict-prototypes -Wno-range-loop-analysis -Wno-semicolon-before-method-body -index-store-path /Users/j/Documents/GitHub/MoneroOne/build/Index.noindex/DataStore @/Users/j/Documents/GitHub/MoneroOne/build/Build/Intermediates.noindex/swift-nio-ssl.build/Debug-iphonesimulator/CNIOBoringSSL.build/Objects-normal/arm64/82b82416624d2658e5098eb0a28c15c5-common-args.resp -MMD -MT dependencies -MF /Users/j/Documents/GitHub/MoneroOne/build/Build/Intermediates.noindex/swift-nio-ssl.build/Debug-iphonesimulator/CNIOBoringSSL.build/Objects-normal/arm64/e_tls.d --serialize-diagnostics /Users/j/Documents/GitHub/MoneroOne/build/Build/Intermediates.noindex/swift-nio-ssl.build/Debug-iphonesimulator/CNIOBoringSSL.build/Objects-normal/arm64/e_tls.dia -c /Users/j/Documents/GitHub/MoneroOne/build/SourcePackages/checkouts/swift-nio-ssl/Sources/CNIOBoringSSL/crypto/cipher/e_tls.cc -o /Users/j/Documents/GitHub/MoneroOne/build/Build/Intermediates.noindex/swift-nio-ssl.build/Debug-iphonesimulator/CNIOBoringSSL.build/Objects-normal/arm64/e_tls.o -index-unit-output-path /swift-nio-ssl.build/Debug-iphonesimulator/CNIOBoringSSL.build/Objects-normal/arm64/e_tls.o

CompileC /Users/j/Documents/GitHub/MoneroOne/build/Build/Intermediates.noindex/swift-nio-ssl.build/Debug-iphonesimulator/CNIOBoringSSL.build/Objects-normal/arm64/e_rc4.o /Users/j/Documents/GitHub/MoneroOne/build/SourcePackages/checkouts/swift-nio-ssl/Sources/CNIOBoringSSL/crypto/cipher/e_rc4.cc normal arm64 c++ com.apple.compilers.llvm.clang.1_0.compiler (in target 'CNIOBoringSSL' from project 'swift-nio-ssl')
    cd /Users/j/Documents/GitHub/MoneroOne/MoneroOne.xcodeproj
    
    Using response file: /Users/j/Documents/GitHub/MoneroOne/build/Build/Intermediates.noindex/swift-nio-ssl.build/Debug-iphonesimulator/CNIOBoringSSL.build/Objects-normal/arm64/82b82416624d2658e5098eb0a28c15c5-common-args.resp
    
    /Applications/Xcode.app/Contents/Developer/Toolchains/XcodeDefault.xctoolchain/usr/bin/clang -x c++ -ivfsstatcache /Users/j/Documents/GitHub/MoneroOne/build/SDKStatCaches.noindex/iphonesimulator26.1-23B77-90cf18a4295e390e64c810bc6bd7acbc.sdkstatcache -fmessage-length\=0 -fdiagnostics-show-note-include-stack -fmacro-backtrace-limit\=0 -fno-color-diagnostics -fmodules-prune-interval\=86400 -fmodules-prune-after\=345600 -fbuild-session-file\=/Users/j/Documents/GitHub/MoneroOne/build/ModuleCache.noindex/Session.modulevalidation -fmodules-validate-once-per-build-session -Wnon-modular-include-in-framework-module -Werror\=non-modular-include-in-framework-module -Wno-trigraphs -Wno-missing-field-initializers -Wno-missing-prototypes -Wno-return-type -Wno-non-virtual-dtor -Wno-overloaded-virtual -Wno-exit-time-destructors -Wno-missing-braces -Wparentheses -Wswitch -Wno-unused-function -Wno-unused-label -Wno-unused-parameter -Wno-unused-variable -Wunused-value -Wno-empty-body -Wno-uninitialized -Wno-unknown-pragmas -w -Wno-shadow -Wno-four-char-constants -Wno-conversion -Wno-constant-conversion -Wno-int-conversion -Wno-bool-conversion -Wno-enum-conversion -Wno-float-conversion -Wno-non-literal-null-conversion -Wno-objc-literal-conversion -Wshorten-64-to-32 -Wno-newline-eof -Wno-c++11-extensions -Wno-implicit-fallthrough -fstrict-aliasing -Wdeprecated-declarations -Winvalid-offsetof -Wno-sign-conversion -Wno-infinite-recursion -Wno-move -Wno-comma -Wno-block-capture-autoreleasing -Wno-strict-prototypes -Wno-range-loop-analysis -Wno-semicolon-before-method-body -index-store-path /Users/j/Documents/GitHub/MoneroOne/build/Index.noindex/DataStore @/Users/j/Documents/GitHub/MoneroOne/build/Build/Intermediates.noindex/swift-nio-ssl.build/Debug-iphonesimulator/CNIOBoringSSL.build/Objects-normal/arm64/82b82416624d2658e5098eb0a28c15c5-common-args.resp -MMD -MT dependencies -MF /Users/j/Documents/GitHub/MoneroOne/build/Build/Intermediates.noindex/swift-nio-ssl.build/Debug-iphonesimulator/CNIOBoringSSL.build/Objects-normal/arm64/e_rc4.d --serialize-diagnostics /Users/j/Documents/GitHub/MoneroOne/build/Build/Intermediates.noindex/swift-nio-ssl.build/Debug-iphonesimulator/CNIOBoringSSL.build/Objects-normal/arm64/e_rc4.dia -c /Users/j/Documents/GitHub/MoneroOne/build/SourcePackages/checkouts/swift-nio-ssl/Sources/CNIOBoringSSL/crypto/cipher/e_rc4.cc -o /Users/j/Documents/GitHub/MoneroOne/build/Build/Intermediates.noindex/swift-nio-ssl.build/Debug-iphonesimulator/CNIOBoringSSL.build/Objects-normal/arm64/e_rc4.o -index-unit-output-path /swift-nio-ssl.build/Debug-iphonesimulator/CNIOBoringSSL.build/Objects-normal/arm64/e_rc4.o

CompileC /Users/j/Documents/GitHub/MoneroOne/build/Build/Intermediates.noindex/swift-nio-ssl.build/Debug-iphonesimulator/CNIOBoringSSL.build/Objects-normal/arm64/e_rc2.o /Users/j/Documents/GitHub/MoneroOne/build/SourcePackages/checkouts/swift-nio-ssl/Sources/CNIOBoringSSL/crypto/cipher/e_rc2.cc normal arm64 c++ com.apple.compilers.llvm.clang.1_0.compiler (in target 'CNIOBoringSSL' from project 'swift-nio-ssl')
    cd /Users/j/Documents/GitHub/MoneroOne/MoneroOne.xcodeproj
    
    Using response file: /Users/j/Documents/GitHub/MoneroOne/build/Build/Intermediates.noindex/swift-nio-ssl.build/Debug-iphonesimulator/CNIOBoringSSL.build/Objects-normal/arm64/82b82416624d2658e5098eb0a28c15c5-common-args.resp
    
    /Applications/Xcode.app/Contents/Developer/Toolchains/XcodeDefault.xctoolchain/usr/bin/clang -x c++ -ivfsstatcache /Users/j/Documents/GitHub/MoneroOne/build/SDKStatCaches.noindex/iphonesimulator26.1-23B77-90cf18a4295e390e64c810bc6bd7acbc.sdkstatcache -fmessage-length\=0 -fdiagnostics-show-note-include-stack -fmacro-backtrace-limit\=0 -fno-color-diagnostics -fmodules-prune-interval\=86400 -fmodules-prune-after\=345600 -fbuild-session-file\=/Users/j/Documents/GitHub/MoneroOne/build/ModuleCache.noindex/Session.modulevalidation -fmodules-validate-once-per-build-session -Wnon-modular-include-in-framework-module -Werror\=non-modular-include-in-framework-module -Wno-trigraphs -Wno-missing-field-initializers -Wno-missing-prototypes -Wno-return-type -Wno-non-virtual-dtor -Wno-overloaded-virtual -Wno-exit-time-destructors -Wno-missing-braces -Wparentheses -Wswitch -Wno-unused-function -Wno-unused-label -Wno-unused-parameter -Wno-unused-variable -Wunused-value -Wno-empty-body -Wno-uninitialized -Wno-unknown-pragmas -w -Wno-shadow -Wno-four-char-constants -Wno-conversion -Wno-constant-conversion -Wno-int-conversion -Wno-bool-conversion -Wno-enum-conversion -Wno-float-conversion -Wno-non-literal-null-conversion -Wno-objc-literal-conversion -Wshorten-64-to-32 -Wno-newline-eof -Wno-c++11-extensions -Wno-implicit-fallthrough -fstrict-aliasing -Wdeprecated-declarations -Winvalid-offsetof -Wno-sign-conversion -Wno-infinite-recursion -Wno-move -Wno-comma -Wno-block-capture-autoreleasing -Wno-strict-prototypes -Wno-range-loop-analysis -Wno-semicolon-before-method-body -index-store-path /Users/j/Documents/GitHub/MoneroOne/build/Index.noindex/DataStore @/Users/j/Documents/GitHub/MoneroOne/build/Build/Intermediates.noindex/swift-nio-ssl.build/Debug-iphonesimulator/CNIOBoringSSL.build/Objects-normal/arm64/82b82416624d2658e5098eb0a28c15c5-common-args.resp -MMD -MT dependencies -MF /Users/j/Documents/GitHub/MoneroOne/build/Build/Intermediates.noindex/swift-nio-ssl.build/Debug-iphonesimulator/CNIOBoringSSL.build/Objects-normal/arm64/e_rc2.d --serialize-diagnostics /Users/j/Documents/GitHub/MoneroOne/build/Build/Intermediates.noindex/swift-nio-ssl.build/Debug-iphonesimulator/CNIOBoringSSL.build/Objects-normal/arm64/e_rc2.dia -c /Users/j/Documents/GitHub/MoneroOne/build/SourcePackages/checkouts/swift-nio-ssl/Sources/CNIOBoringSSL/crypto/cipher/e_rc2.cc -o /Users/j/Documents/GitHub/MoneroOne/build/Build/Intermediates.noindex/swift-nio-ssl.build/Debug-iphonesimulator/CNIOBoringSSL.build/Objects-normal/arm64/e_rc2.o -index-unit-output-path /swift-nio-ssl.build/Debug-iphonesimulator/CNIOBoringSSL.build/Objects-normal/arm64/e_rc2.o

CompileC /Users/j/Documents/GitHub/MoneroOne/build/Build/Intermediates.noindex/swift-nio-ssl.build/Debug-iphonesimulator/CNIOBoringSSL.build/Objects-normal/arm64/e_null.o /Users/j/Documents/GitHub/MoneroOne/build/SourcePackages/checkouts/swift-nio-ssl/Sources/CNIOBoringSSL/crypto/cipher/e_null.cc normal arm64 c++ com.apple.compilers.llvm.clang.1_0.compiler (in target 'CNIOBoringSSL' from project 'swift-nio-ssl')
    cd /Users/j/Documents/GitHub/MoneroOne/MoneroOne.xcodeproj
    
    Using response file: /Users/j/Documents/GitHub/MoneroOne/build/Build/Intermediates.noindex/swift-nio-ssl.build/Debug-iphonesimulator/CNIOBoringSSL.build/Objects-normal/arm64/82b82416624d2658e5098eb0a28c15c5-common-args.resp
    
    /Applications/Xcode.app/Contents/Developer/Toolchains/XcodeDefault.xctoolchain/usr/bin/clang -x c++ -ivfsstatcache /Users/j/Documents/GitHub/MoneroOne/build/SDKStatCaches.noindex/iphonesimulator26.1-23B77-90cf18a4295e390e64c810bc6bd7acbc.sdkstatcache -fmessage-length\=0 -fdiagnostics-show-note-include-stack -fmacro-backtrace-limit\=0 -fno-color-diagnostics -fmodules-prune-interval\=86400 -fmodules-prune-after\=345600 -fbuild-session-file\=/Users/j/Documents/GitHub/MoneroOne/build/ModuleCache.noindex/Session.modulevalidation -fmodules-validate-once-per-build-session -Wnon-modular-include-in-framework-module -Werror\=non-modular-include-in-framework-module -Wno-trigraphs -Wno-missing-field-initializers -Wno-missing-prototypes -Wno-return-type -Wno-non-virtual-dtor -Wno-overloaded-virtual -Wno-exit-time-destructors -Wno-missing-braces -Wparentheses -Wswitch -Wno-unused-function -Wno-unused-label -Wno-unused-parameter -Wno-unused-variable -Wunused-value -Wno-empty-body -Wno-uninitialized -Wno-unknown-pragmas -w -Wno-shadow -Wno-four-char-constants -Wno-conversion -Wno-constant-conversion -Wno-int-conversion -Wno-bool-conversion -Wno-enum-conversion -Wno-float-conversion -Wno-non-literal-null-conversion -Wno-objc-literal-conversion -Wshorten-64-to-32 -Wno-newline-eof -Wno-c++11-extensions -Wno-implicit-fallthrough -fstrict-aliasing -Wdeprecated-declarations -Winvalid-offsetof -Wno-sign-conversion -Wno-infinite-recursion -Wno-move -Wno-comma -Wno-block-capture-autoreleasing -Wno-strict-prototypes -Wno-range-loop-analysis -Wno-semicolon-before-method-body -index-store-path /Users/j/Documents/GitHub/MoneroOne/build/Index.noindex/DataStore @/Users/j/Documents/GitHub/MoneroOne/build/Build/Intermediates.noindex/swift-nio-ssl.build/Debug-iphonesimulator/CNIOBoringSSL.build/Objects-normal/arm64/82b82416624d2658e5098eb0a28c15c5-common-args.resp -MMD -MT dependencies -MF /Users/j/Documents/GitHub/MoneroOne/build/Build/Intermediates.noindex/swift-nio-ssl.build/Debug-iphonesimulator/CNIOBoringSSL.build/Objects-normal/arm64/e_null.d --serialize-diagnostics /Users/j/Documents/GitHub/MoneroOne/build/Build/Intermediates.noindex/swift-nio-ssl.build/Debug-iphonesimulator/CNIOBoringSSL.build/Objects-normal/arm64/e_null.dia -c /Users/j/Documents/GitHub/MoneroOne/build/SourcePackages/checkouts/swift-nio-ssl/Sources/CNIOBoringSSL/crypto/cipher/e_null.cc -o /Users/j/Documents/GitHub/MoneroOne/build/Build/Intermediates.noindex/swift-nio-ssl.build/Debug-iphonesimulator/CNIOBoringSSL.build/Objects-normal/arm64/e_null.o -index-unit-output-path /swift-nio-ssl.build/Debug-iphonesimulator/CNIOBoringSSL.build/Objects-normal/arm64/e_null.o

CompileC /Users/j/Documents/GitHub/MoneroOne/build/Build/Intermediates.noindex/swift-nio-ssl.build/Debug-iphonesimulator/CNIOBoringSSL.build/Objects-normal/arm64/e_des.o /Users/j/Documents/GitHub/MoneroOne/build/SourcePackages/checkouts/swift-nio-ssl/Sources/CNIOBoringSSL/crypto/cipher/e_des.cc normal arm64 c++ com.apple.compilers.llvm.clang.1_0.compiler (in target 'CNIOBoringSSL' from project 'swift-nio-ssl')
    cd /Users/j/Documents/GitHub/MoneroOne/MoneroOne.xcodeproj
    
    Using response file: /Users/j/Documents/GitHub/MoneroOne/build/Build/Intermediates.noindex/swift-nio-ssl.build/Debug-iphonesimulator/CNIOBoringSSL.build/Objects-normal/arm64/82b82416624d2658e5098eb0a28c15c5-common-args.resp
    
    /Applications/Xcode.app/Contents/Developer/Toolchains/XcodeDefault.xctoolchain/usr/bin/clang -x c++ -ivfsstatcache /Users/j/Documents/GitHub/MoneroOne/build/SDKStatCaches.noindex/iphonesimulator26.1-23B77-90cf18a4295e390e64c810bc6bd7acbc.sdkstatcache -fmessage-length\=0 -fdiagnostics-show-note-include-stack -fmacro-backtrace-limit\=0 -fno-color-diagnostics -fmodules-prune-interval\=86400 -fmodules-prune-after\=345600 -fbuild-session-file\=/Users/j/Documents/GitHub/MoneroOne/build/ModuleCache.noindex/Session.modulevalidation -fmodules-validate-once-per-build-session -Wnon-modular-include-in-framework-module -Werror\=non-modular-include-in-framework-module -Wno-trigraphs -Wno-missing-field-initializers -Wno-missing-prototypes -Wno-return-type -Wno-non-virtual-dtor -Wno-overloaded-virtual -Wno-exit-time-destructors -Wno-missing-braces -Wparentheses -Wswitch -Wno-unused-function -Wno-unused-label -Wno-unused-parameter -Wno-unused-variable -Wunused-value -Wno-empty-body -Wno-uninitialized -Wno-unknown-pragmas -w -Wno-shadow -Wno-four-char-constants -Wno-conversion -Wno-constant-conversion -Wno-int-conversion -Wno-bool-conversion -Wno-enum-conversion -Wno-float-conversion -Wno-non-literal-null-conversion -Wno-objc-literal-conversion -Wshorten-64-to-32 -Wno-newline-eof -Wno-c++11-extensions -Wno-implicit-fallthrough -fstrict-aliasing -Wdeprecated-declarations -Winvalid-offsetof -Wno-sign-conversion -Wno-infinite-recursion -Wno-move -Wno-comma -Wno-block-capture-autoreleasing -Wno-strict-prototypes -Wno-range-loop-analysis -Wno-semicolon-before-method-body -index-store-path /Users/j/Documents/GitHub/MoneroOne/build/Index.noindex/DataStore @/Users/j/Documents/GitHub/MoneroOne/build/Build/Intermediates.noindex/swift-nio-ssl.build/Debug-iphonesimulator/CNIOBoringSSL.build/Objects-normal/arm64/82b82416624d2658e5098eb0a28c15c5-common-args.resp -MMD -MT dependencies -MF /Users/j/Documents/GitHub/MoneroOne/build/Build/Intermediates.noindex/swift-nio-ssl.build/Debug-iphonesimulator/CNIOBoringSSL.build/Objects-normal/arm64/e_des.d --serialize-diagnostics /Users/j/Documents/GitHub/MoneroOne/build/Build/Intermediates.noindex/swift-nio-ssl.build/Debug-iphonesimulator/CNIOBoringSSL.build/Objects-normal/arm64/e_des.dia -c /Users/j/Documents/GitHub/MoneroOne/build/SourcePackages/checkouts/swift-nio-ssl/Sources/CNIOBoringSSL/crypto/cipher/e_des.cc -o /Users/j/Documents/GitHub/MoneroOne/build/Build/Intermediates.noindex/swift-nio-ssl.build/Debug-iphonesimulator/CNIOBoringSSL.build/Objects-normal/arm64/e_des.o -index-unit-output-path /swift-nio-ssl.build/Debug-iphonesimulator/CNIOBoringSSL.build/Objects-normal/arm64/e_des.o

CompileC /Users/j/Documents/GitHub/MoneroOne/build/Build/Intermediates.noindex/swift-nio-ssl.build/Debug-iphonesimulator/CNIOBoringSSL.build/Objects-normal/arm64/e_chacha20poly1305.o /Users/j/Documents/GitHub/MoneroOne/build/SourcePackages/checkouts/swift-nio-ssl/Sources/CNIOBoringSSL/crypto/cipher/e_chacha20poly1305.cc normal arm64 c++ com.apple.compilers.llvm.clang.1_0.compiler (in target 'CNIOBoringSSL' from project 'swift-nio-ssl')
    cd /Users/j/Documents/GitHub/MoneroOne/MoneroOne.xcodeproj
    
    Using response file: /Users/j/Documents/GitHub/MoneroOne/build/Build/Intermediates.noindex/swift-nio-ssl.build/Debug-iphonesimulator/CNIOBoringSSL.build/Objects-normal/arm64/82b82416624d2658e5098eb0a28c15c5-common-args.resp
    
    /Applications/Xcode.app/Contents/Developer/Toolchains/XcodeDefault.xctoolchain/usr/bin/clang -x c++ -ivfsstatcache /Users/j/Documents/GitHub/MoneroOne/build/SDKStatCaches.noindex/iphonesimulator26.1-23B77-90cf18a4295e390e64c810bc6bd7acbc.sdkstatcache -fmessage-length\=0 -fdiagnostics-show-note-include-stack -fmacro-backtrace-limit\=0 -fno-color-diagnostics -fmodules-prune-interval\=86400 -fmodules-prune-after\=345600 -fbuild-session-file\=/Users/j/Documents/GitHub/MoneroOne/build/ModuleCache.noindex/Session.modulevalidation -fmodules-validate-once-per-build-session -Wnon-modular-include-in-framework-module -Werror\=non-modular-include-in-framework-module -Wno-trigraphs -Wno-missing-field-initializers -Wno-missing-prototypes -Wno-return-type -Wno-non-virtual-dtor -Wno-overloaded-virtual -Wno-exit-time-destructors -Wno-missing-braces -Wparentheses -Wswitch -Wno-unused-function -Wno-unused-label -Wno-unused-parameter -Wno-unused-variable -Wunused-value -Wno-empty-body -Wno-uninitialized -Wno-unknown-pragmas -w -Wno-shadow -Wno-four-char-constants -Wno-conversion -Wno-constant-conversion -Wno-int-conversion -Wno-bool-conversion -Wno-enum-conversion -Wno-float-conversion -Wno-non-literal-null-conversion -Wno-objc-literal-conversion -Wshorten-64-to-32 -Wno-newline-eof -Wno-c++11-extensions -Wno-implicit-fallthrough -fstrict-aliasing -Wdeprecated-declarations -Winvalid-offsetof -Wno-sign-conversion -Wno-infinite-recursion -Wno-move -Wno-comma -Wno-block-capture-autoreleasing -Wno-strict-prototypes -Wno-range-loop-analysis -Wno-semicolon-before-method-body -index-store-path /Users/j/Documents/GitHub/MoneroOne/build/Index.noindex/DataStore @/Users/j/Documents/GitHub/MoneroOne/build/Build/Intermediates.noindex/swift-nio-ssl.build/Debug-iphonesimulator/CNIOBoringSSL.build/Objects-normal/arm64/82b82416624d2658e5098eb0a28c15c5-common-args.resp -MMD -MT dependencies -MF /Users/j/Documents/GitHub/MoneroOne/build/Build/Intermediates.noindex/swift-nio-ssl.build/Debug-iphonesimulator/CNIOBoringSSL.build/Objects-normal/arm64/e_chacha20poly1305.d --serialize-diagnostics /Users/j/Documents/GitHub/MoneroOne/build/Build/Intermediates.noindex/swift-nio-ssl.build/Debug-iphonesimulator/CNIOBoringSSL.build/Objects-normal/arm64/e_chacha20poly1305.dia -c /Users/j/Documents/GitHub/MoneroOne/build/SourcePackages/checkouts/swift-nio-ssl/Sources/CNIOBoringSSL/crypto/cipher/e_chacha20poly1305.cc -o /Users/j/Documents/GitHub/MoneroOne/build/Build/Intermediates.noindex/swift-nio-ssl.build/Debug-iphonesimulator/CNIOBoringSSL.build/Objects-normal/arm64/e_chacha20poly1305.o -index-unit-output-path /swift-nio-ssl.build/Debug-iphonesimulator/CNIOBoringSSL.build/Objects-normal/arm64/e_chacha20poly1305.o

CompileC /Users/j/Documents/GitHub/MoneroOne/build/Build/Intermediates.noindex/swift-nio-ssl.build/Debug-iphonesimulator/CNIOBoringSSL.build/Objects-normal/arm64/e_aesgcmsiv.o /Users/j/Documents/GitHub/MoneroOne/build/SourcePackages/checkouts/swift-nio-ssl/Sources/CNIOBoringSSL/crypto/cipher/e_aesgcmsiv.cc normal arm64 c++ com.apple.compilers.llvm.clang.1_0.compiler (in target 'CNIOBoringSSL' from project 'swift-nio-ssl')
    cd /Users/j/Documents/GitHub/MoneroOne/MoneroOne.xcodeproj
    
    Using response file: /Users/j/Documents/GitHub/MoneroOne/build/Build/Intermediates.noindex/swift-nio-ssl.build/Debug-iphonesimulator/CNIOBoringSSL.build/Objects-normal/arm64/82b82416624d2658e5098eb0a28c15c5-common-args.resp
    
    /Applications/Xcode.app/Contents/Developer/Toolchains/XcodeDefault.xctoolchain/usr/bin/clang -x c++ -ivfsstatcache /Users/j/Documents/GitHub/MoneroOne/build/SDKStatCaches.noindex/iphonesimulator26.1-23B77-90cf18a4295e390e64c810bc6bd7acbc.sdkstatcache -fmessage-length\=0 -fdiagnostics-show-note-include-stack -fmacro-backtrace-limit\=0 -fno-color-diagnostics -fmodules-prune-interval\=86400 -fmodules-prune-after\=345600 -fbuild-session-file\=/Users/j/Documents/GitHub/MoneroOne/build/ModuleCache.noindex/Session.modulevalidation -fmodules-validate-once-per-build-session -Wnon-modular-include-in-framework-module -Werror\=non-modular-include-in-framework-module -Wno-trigraphs -Wno-missing-field-initializers -Wno-missing-prototypes -Wno-return-type -Wno-non-virtual-dtor -Wno-overloaded-virtual -Wno-exit-time-destructors -Wno-missing-braces -Wparentheses -Wswitch -Wno-unused-function -Wno-unused-label -Wno-unused-parameter -Wno-unused-variable -Wunused-value -Wno-empty-body -Wno-uninitialized -Wno-unknown-pragmas -w -Wno-shadow -Wno-four-char-constants -Wno-conversion -Wno-constant-conversion -Wno-int-conversion -Wno-bool-conversion -Wno-enum-conversion -Wno-float-conversion -Wno-non-literal-null-conversion -Wno-objc-literal-conversion -Wshorten-64-to-32 -Wno-newline-eof -Wno-c++11-extensions -Wno-implicit-fallthrough -fstrict-aliasing -Wdeprecated-declarations -Winvalid-offsetof -Wno-sign-conversion -Wno-infinite-recursion -Wno-move -Wno-comma -Wno-block-capture-autoreleasing -Wno-strict-prototypes -Wno-range-loop-analysis -Wno-semicolon-before-method-body -index-store-path /Users/j/Documents/GitHub/MoneroOne/build/Index.noindex/DataStore @/Users/j/Documents/GitHub/MoneroOne/build/Build/Intermediates.noindex/swift-nio-ssl.build/Debug-iphonesimulator/CNIOBoringSSL.build/Objects-normal/arm64/82b82416624d2658e5098eb0a28c15c5-common-args.resp -MMD -MT dependencies -MF /Users/j/Documents/GitHub/MoneroOne/build/Build/Intermediates.noindex/swift-nio-ssl.build/Debug-iphonesimulator/CNIOBoringSSL.build/Objects-normal/arm64/e_aesgcmsiv.d --serialize-diagnostics /Users/j/Documents/GitHub/MoneroOne/build/Build/Intermediates.noindex/swift-nio-ssl.build/Debug-iphonesimulator/CNIOBoringSSL.build/Objects-normal/arm64/e_aesgcmsiv.dia -c /Users/j/Documents/GitHub/MoneroOne/build/SourcePackages/checkouts/swift-nio-ssl/Sources/CNIOBoringSSL/crypto/cipher/e_aesgcmsiv.cc -o /Users/j/Documents/GitHub/MoneroOne/build/Build/Intermediates.noindex/swift-nio-ssl.build/Debug-iphonesimulator/CNIOBoringSSL.build/Objects-normal/arm64/e_aesgcmsiv.o -index-unit-output-path /swift-nio-ssl.build/Debug-iphonesimulator/CNIOBoringSSL.build/Objects-normal/arm64/e_aesgcmsiv.o

CompileC /Users/j/Documents/GitHub/MoneroOne/build/Build/Intermediates.noindex/swift-nio-ssl.build/Debug-iphonesimulator/CNIOBoringSSL.build/Objects-normal/arm64/e_aesctrhmac.o /Users/j/Documents/GitHub/MoneroOne/build/SourcePackages/checkouts/swift-nio-ssl/Sources/CNIOBoringSSL/crypto/cipher/e_aesctrhmac.cc normal arm64 c++ com.apple.compilers.llvm.clang.1_0.compiler (in target 'CNIOBoringSSL' from project 'swift-nio-ssl')
    cd /Users/j/Documents/GitHub/MoneroOne/MoneroOne.xcodeproj
    
    Using response file: /Users/j/Documents/GitHub/MoneroOne/build/Build/Intermediates.noindex/swift-nio-ssl.build/Debug-iphonesimulator/CNIOBoringSSL.build/Objects-normal/arm64/82b82416624d2658e5098eb0a28c15c5-common-args.resp
    
    /Applications/Xcode.app/Contents/Developer/Toolchains/XcodeDefault.xctoolchain/usr/bin/clang -x c++ -ivfsstatcache /Users/j/Documents/GitHub/MoneroOne/build/SDKStatCaches.noindex/iphonesimulator26.1-23B77-90cf18a4295e390e64c810bc6bd7acbc.sdkstatcache -fmessage-length\=0 -fdiagnostics-show-note-include-stack -fmacro-backtrace-limit\=0 -fno-color-diagnostics -fmodules-prune-interval\=86400 -fmodules-prune-after\=345600 -fbuild-session-file\=/Users/j/Documents/GitHub/MoneroOne/build/ModuleCache.noindex/Session.modulevalidation -fmodules-validate-once-per-build-session -Wnon-modular-include-in-framework-module -Werror\=non-modular-include-in-framework-module -Wno-trigraphs -Wno-missing-field-initializers -Wno-missing-prototypes -Wno-return-type -Wno-non-virtual-dtor -Wno-overloaded-virtual -Wno-exit-time-destructors -Wno-missing-braces -Wparentheses -Wswitch -Wno-unused-function -Wno-unused-label -Wno-unused-parameter -Wno-unused-variable -Wunused-value -Wno-empty-body -Wno-uninitialized -Wno-unknown-pragmas -w -Wno-shadow -Wno-four-char-constants -Wno-conversion -Wno-constant-conversion -Wno-int-conversion -Wno-bool-conversion -Wno-enum-conversion -Wno-float-conversion -Wno-non-literal-null-conversion -Wno-objc-literal-conversion -Wshorten-64-to-32 -Wno-newline-eof -Wno-c++11-extensions -Wno-implicit-fallthrough -fstrict-aliasing -Wdeprecated-declarations -Winvalid-offsetof -Wno-sign-conversion -Wno-infinite-recursion -Wno-move -Wno-comma -Wno-block-capture-autoreleasing -Wno-strict-prototypes -Wno-range-loop-analysis -Wno-semicolon-before-method-body -index-store-path /Users/j/Documents/GitHub/MoneroOne/build/Index.noindex/DataStore @/Users/j/Documents/GitHub/MoneroOne/build/Build/Intermediates.noindex/swift-nio-ssl.build/Debug-iphonesimulator/CNIOBoringSSL.build/Objects-normal/arm64/82b82416624d2658e5098eb0a28c15c5-common-args.resp -MMD -MT dependencies -MF /Users/j/Documents/GitHub/MoneroOne/build/Build/Intermediates.noindex/swift-nio-ssl.build/Debug-iphonesimulator/CNIOBoringSSL.build/Objects-normal/arm64/e_aesctrhmac.d --serialize-diagnostics /Users/j/Documents/GitHub/MoneroOne/build/Build/Intermediates.noindex/swift-nio-ssl.build/Debug-iphonesimulator/CNIOBoringSSL.build/Objects-normal/arm64/e_aesctrhmac.dia -c /Users/j/Documents/GitHub/MoneroOne/build/SourcePackages/checkouts/swift-nio-ssl/Sources/CNIOBoringSSL/crypto/cipher/e_aesctrhmac.cc -o /Users/j/Documents/GitHub/MoneroOne/build/Build/Intermediates.noindex/swift-nio-ssl.build/Debug-iphonesimulator/CNIOBoringSSL.build/Objects-normal/arm64/e_aesctrhmac.o -index-unit-output-path /swift-nio-ssl.build/Debug-iphonesimulator/CNIOBoringSSL.build/Objects-normal/arm64/e_aesctrhmac.o

CompileC /Users/j/Documents/GitHub/MoneroOne/build/Build/Intermediates.noindex/swift-nio-ssl.build/Debug-iphonesimulator/CNIOBoringSSL.build/Objects-normal/arm64/dtls_record.o /Users/j/Documents/GitHub/MoneroOne/build/SourcePackages/checkouts/swift-nio-ssl/Sources/CNIOBoringSSL/ssl/dtls_record.cc normal arm64 c++ com.apple.compilers.llvm.clang.1_0.compiler (in target 'CNIOBoringSSL' from project 'swift-nio-ssl')
    cd /Users/j/Documents/GitHub/MoneroOne/MoneroOne.xcodeproj
    
    Using response file: /Users/j/Documents/GitHub/MoneroOne/build/Build/Intermediates.noindex/swift-nio-ssl.build/Debug-iphonesimulator/CNIOBoringSSL.build/Objects-normal/arm64/82b82416624d2658e5098eb0a28c15c5-common-args.resp
    
    /Applications/Xcode.app/Contents/Developer/Toolchains/XcodeDefault.xctoolchain/usr/bin/clang -x c++ -ivfsstatcache /Users/j/Documents/GitHub/MoneroOne/build/SDKStatCaches.noindex/iphonesimulator26.1-23B77-90cf18a4295e390e64c810bc6bd7acbc.sdkstatcache -fmessage-length\=0 -fdiagnostics-show-note-include-stack -fmacro-backtrace-limit\=0 -fno-color-diagnostics -fmodules-prune-interval\=86400 -fmodules-prune-after\=345600 -fbuild-session-file\=/Users/j/Documents/GitHub/MoneroOne/build/ModuleCache.noindex/Session.modulevalidation -fmodules-validate-once-per-build-session -Wnon-modular-include-in-framework-module -Werror\=non-modular-include-in-framework-module -Wno-trigraphs -Wno-missing-field-initializers -Wno-missing-prototypes -Wno-return-type -Wno-non-virtual-dtor -Wno-overloaded-virtual -Wno-exit-time-destructors -Wno-missing-braces -Wparentheses -Wswitch -Wno-unused-function -Wno-unused-label -Wno-unused-parameter -Wno-unused-variable -Wunused-value -Wno-empty-body -Wno-uninitialized -Wno-unknown-pragmas -w -Wno-shadow -Wno-four-char-constants -Wno-conversion -Wno-constant-conversion -Wno-int-conversion -Wno-bool-conversion -Wno-enum-conversion -Wno-float-conversion -Wno-non-literal-null-conversion -Wno-objc-literal-conversion -Wshorten-64-to-32 -Wno-newline-eof -Wno-c++11-extensions -Wno-implicit-fallthrough -fstrict-aliasing -Wdeprecated-declarations -Winvalid-offsetof -Wno-sign-conversion -Wno-infinite-recursion -Wno-move -Wno-comma -Wno-block-capture-autoreleasing -Wno-strict-prototypes -Wno-range-loop-analysis -Wno-semicolon-before-method-body -index-store-path /Users/j/Documents/GitHub/MoneroOne/build/Index.noindex/DataStore @/Users/j/Documents/GitHub/MoneroOne/build/Build/Intermediates.noindex/swift-nio-ssl.build/Debug-iphonesimulator/CNIOBoringSSL.build/Objects-normal/arm64/82b82416624d2658e5098eb0a28c15c5-common-args.resp -MMD -MT dependencies -MF /Users/j/Documents/GitHub/MoneroOne/build/Build/Intermediates.noindex/swift-nio-ssl.build/Debug-iphonesimulator/CNIOBoringSSL.build/Objects-normal/arm64/dtls_record.d --serialize-diagnostics /Users/j/Documents/GitHub/MoneroOne/build/Build/Intermediates.noindex/swift-nio-ssl.build/Debug-iphonesimulator/CNIOBoringSSL.build/Objects-normal/arm64/dtls_record.dia -c /Users/j/Documents/GitHub/MoneroOne/build/SourcePackages/checkouts/swift-nio-ssl/Sources/CNIOBoringSSL/ssl/dtls_record.cc -o /Users/j/Documents/GitHub/MoneroOne/build/Build/Intermediates.noindex/swift-nio-ssl.build/Debug-iphonesimulator/CNIOBoringSSL.build/Objects-normal/arm64/dtls_record.o -index-unit-output-path /swift-nio-ssl.build/Debug-iphonesimulator/CNIOBoringSSL.build/Objects-normal/arm64/dtls_record.o

CompileC /Users/j/Documents/GitHub/MoneroOne/build/Build/Intermediates.noindex/swift-nio-ssl.build/Debug-iphonesimulator/CNIOBoringSSL.build/Objects-normal/arm64/dtls_method.o /Users/j/Documents/GitHub/MoneroOne/build/SourcePackages/checkouts/swift-nio-ssl/Sources/CNIOBoringSSL/ssl/dtls_method.cc normal arm64 c++ com.apple.compilers.llvm.clang.1_0.compiler (in target 'CNIOBoringSSL' from project 'swift-nio-ssl')
    cd /Users/j/Documents/GitHub/MoneroOne/MoneroOne.xcodeproj
    
    Using response file: /Users/j/Documents/GitHub/MoneroOne/build/Build/Intermediates.noindex/swift-nio-ssl.build/Debug-iphonesimulator/CNIOBoringSSL.build/Objects-normal/arm64/82b82416624d2658e5098eb0a28c15c5-common-args.resp
    
    /Applications/Xcode.app/Contents/Developer/Toolchains/XcodeDefault.xctoolchain/usr/bin/clang -x c++ -ivfsstatcache /Users/j/Documents/GitHub/MoneroOne/build/SDKStatCaches.noindex/iphonesimulator26.1-23B77-90cf18a4295e390e64c810bc6bd7acbc.sdkstatcache -fmessage-length\=0 -fdiagnostics-show-note-include-stack -fmacro-backtrace-limit\=0 -fno-color-diagnostics -fmodules-prune-interval\=86400 -fmodules-prune-after\=345600 -fbuild-session-file\=/Users/j/Documents/GitHub/MoneroOne/build/ModuleCache.noindex/Session.modulevalidation -fmodules-validate-once-per-build-session -Wnon-modular-include-in-framework-module -Werror\=non-modular-include-in-framework-module -Wno-trigraphs -Wno-missing-field-initializers -Wno-missing-prototypes -Wno-return-type -Wno-non-virtual-dtor -Wno-overloaded-virtual -Wno-exit-time-destructors -Wno-missing-braces -Wparentheses -Wswitch -Wno-unused-function -Wno-unused-label -Wno-unused-parameter -Wno-unused-variable -Wunused-value -Wno-empty-body -Wno-uninitialized -Wno-unknown-pragmas -w -Wno-shadow -Wno-four-char-constants -Wno-conversion -Wno-constant-conversion -Wno-int-conversion -Wno-bool-conversion -Wno-enum-conversion -Wno-float-conversion -Wno-non-literal-null-conversion -Wno-objc-literal-conversion -Wshorten-64-to-32 -Wno-newline-eof -Wno-c++11-extensions -Wno-implicit-fallthrough -fstrict-aliasing -Wdeprecated-declarations -Winvalid-offsetof -Wno-sign-conversion -Wno-infinite-recursion -Wno-move -Wno-comma -Wno-block-capture-autoreleasing -Wno-strict-prototypes -Wno-range-loop-analysis -Wno-semicolon-before-method-body -index-store-path /Users/j/Documents/GitHub/MoneroOne/build/Index.noindex/DataStore @/Users/j/Documents/GitHub/MoneroOne/build/Build/Intermediates.noindex/swift-nio-ssl.build/Debug-iphonesimulator/CNIOBoringSSL.build/Objects-normal/arm64/82b82416624d2658e5098eb0a28c15c5-common-args.resp -MMD -MT dependencies -MF /Users/j/Documents/GitHub/MoneroOne/build/Build/Intermediates.noindex/swift-nio-ssl.build/Debug-iphonesimulator/CNIOBoringSSL.build/Objects-normal/arm64/dtls_method.d --serialize-diagnostics /Users/j/Documents/GitHub/MoneroOne/build/Build/Intermediates.noindex/swift-nio-ssl.build/Debug-iphonesimulator/CNIOBoringSSL.build/Objects-normal/arm64/dtls_method.dia -c /Users/j/Documents/GitHub/MoneroOne/build/SourcePackages/checkouts/swift-nio-ssl/Sources/CNIOBoringSSL/ssl/dtls_method.cc -o /Users/j/Documents/GitHub/MoneroOne/build/Build/Intermediates.noindex/swift-nio-ssl.build/Debug-iphonesimulator/CNIOBoringSSL.build/Objects-normal/arm64/dtls_method.o -index-unit-output-path /swift-nio-ssl.build/Debug-iphonesimulator/CNIOBoringSSL.build/Objects-normal/arm64/dtls_method.o

CompileC /Users/j/Documents/GitHub/MoneroOne/build/Build/Intermediates.noindex/swift-nio-ssl.build/Debug-iphonesimulator/CNIOBoringSSL.build/Objects-normal/arm64/dsa_asn1.o /Users/j/Documents/GitHub/MoneroOne/build/SourcePackages/checkouts/swift-nio-ssl/Sources/CNIOBoringSSL/crypto/dsa/dsa_asn1.cc normal arm64 c++ com.apple.compilers.llvm.clang.1_0.compiler (in target 'CNIOBoringSSL' from project 'swift-nio-ssl')
    cd /Users/j/Documents/GitHub/MoneroOne/MoneroOne.xcodeproj
    
    Using response file: /Users/j/Documents/GitHub/MoneroOne/build/Build/Intermediates.noindex/swift-nio-ssl.build/Debug-iphonesimulator/CNIOBoringSSL.build/Objects-normal/arm64/82b82416624d2658e5098eb0a28c15c5-common-args.resp
    
    /Applications/Xcode.app/Contents/Developer/Toolchains/XcodeDefault.xctoolchain/usr/bin/clang -x c++ -ivfsstatcache /Users/j/Documents/GitHub/MoneroOne/build/SDKStatCaches.noindex/iphonesimulator26.1-23B77-90cf18a4295e390e64c810bc6bd7acbc.sdkstatcache -fmessage-length\=0 -fdiagnostics-show-note-include-stack -fmacro-backtrace-limit\=0 -fno-color-diagnostics -fmodules-prune-interval\=86400 -fmodules-prune-after\=345600 -fbuild-session-file\=/Users/j/Documents/GitHub/MoneroOne/build/ModuleCache.noindex/Session.modulevalidation -fmodules-validate-once-per-build-session -Wnon-modular-include-in-framework-module -Werror\=non-modular-include-in-framework-module -Wno-trigraphs -Wno-missing-field-initializers -Wno-missing-prototypes -Wno-return-type -Wno-non-virtual-dtor -Wno-overloaded-virtual -Wno-exit-time-destructors -Wno-missing-braces -Wparentheses -Wswitch -Wno-unused-function -Wno-unused-label -Wno-unused-parameter -Wno-unused-variable -Wunused-value -Wno-empty-body -Wno-uninitialized -Wno-unknown-pragmas -w -Wno-shadow -Wno-four-char-constants -Wno-conversion -Wno-constant-conversion -Wno-int-conversion -Wno-bool-conversion -Wno-enum-conversion -Wno-float-conversion -Wno-non-literal-null-conversion -Wno-objc-literal-conversion -Wshorten-64-to-32 -Wno-newline-eof -Wno-c++11-extensions -Wno-implicit-fallthrough -fstrict-aliasing -Wdeprecated-declarations -Winvalid-offsetof -Wno-sign-conversion -Wno-infinite-recursion -Wno-move -Wno-comma -Wno-block-capture-autoreleasing -Wno-strict-prototypes -Wno-range-loop-analysis -Wno-semicolon-before-method-body -index-store-path /Users/j/Documents/GitHub/MoneroOne/build/Index.noindex/DataStore @/Users/j/Documents/GitHub/MoneroOne/build/Build/Intermediates.noindex/swift-nio-ssl.build/Debug-iphonesimulator/CNIOBoringSSL.build/Objects-normal/arm64/82b82416624d2658e5098eb0a28c15c5-common-args.resp -MMD -MT dependencies -MF /Users/j/Documents/GitHub/MoneroOne/build/Build/Intermediates.noindex/swift-nio-ssl.build/Debug-iphonesimulator/CNIOBoringSSL.build/Objects-normal/arm64/dsa_asn1.d --serialize-diagnostics /Users/j/Documents/GitHub/MoneroOne/build/Build/Intermediates.noindex/swift-nio-ssl.build/Debug-iphonesimulator/CNIOBoringSSL.build/Objects-normal/arm64/dsa_asn1.dia -c /Users/j/Documents/GitHub/MoneroOne/build/SourcePackages/checkouts/swift-nio-ssl/Sources/CNIOBoringSSL/crypto/dsa/dsa_asn1.cc -o /Users/j/Documents/GitHub/MoneroOne/build/Build/Intermediates.noindex/swift-nio-ssl.build/Debug-iphonesimulator/CNIOBoringSSL.build/Objects-normal/arm64/dsa_asn1.o -index-unit-output-path /swift-nio-ssl.build/Debug-iphonesimulator/CNIOBoringSSL.build/Objects-normal/arm64/dsa_asn1.o

CompileC /Users/j/Documents/GitHub/MoneroOne/build/Build/Intermediates.noindex/swift-nio-ssl.build/Debug-iphonesimulator/CNIOBoringSSL.build/Objects-normal/arm64/dsa.o /Users/j/Documents/GitHub/MoneroOne/build/SourcePackages/checkouts/swift-nio-ssl/Sources/CNIOBoringSSL/crypto/dsa/dsa.cc normal arm64 c++ com.apple.compilers.llvm.clang.1_0.compiler (in target 'CNIOBoringSSL' from project 'swift-nio-ssl')
    cd /Users/j/Documents/GitHub/MoneroOne/MoneroOne.xcodeproj
    
    Using response file: /Users/j/Documents/GitHub/MoneroOne/build/Build/Intermediates.noindex/swift-nio-ssl.build/Debug-iphonesimulator/CNIOBoringSSL.build/Objects-normal/arm64/82b82416624d2658e5098eb0a28c15c5-common-args.resp
    
    /Applications/Xcode.app/Contents/Developer/Toolchains/XcodeDefault.xctoolchain/usr/bin/clang -x c++ -ivfsstatcache /Users/j/Documents/GitHub/MoneroOne/build/SDKStatCaches.noindex/iphonesimulator26.1-23B77-90cf18a4295e390e64c810bc6bd7acbc.sdkstatcache -fmessage-length\=0 -fdiagnostics-show-note-include-stack -fmacro-backtrace-limit\=0 -fno-color-diagnostics -fmodules-prune-interval\=86400 -fmodules-prune-after\=345600 -fbuild-session-file\=/Users/j/Documents/GitHub/MoneroOne/build/ModuleCache.noindex/Session.modulevalidation -fmodules-validate-once-per-build-session -Wnon-modular-include-in-framework-module -Werror\=non-modular-include-in-framework-module -Wno-trigraphs -Wno-missing-field-initializers -Wno-missing-prototypes -Wno-return-type -Wno-non-virtual-dtor -Wno-overloaded-virtual -Wno-exit-time-destructors -Wno-missing-braces -Wparentheses -Wswitch -Wno-unused-function -Wno-unused-label -Wno-unused-parameter -Wno-unused-variable -Wunused-value -Wno-empty-body -Wno-uninitialized -Wno-unknown-pragmas -w -Wno-shadow -Wno-four-char-constants -Wno-conversion -Wno-constant-conversion -Wno-int-conversion -Wno-bool-conversion -Wno-enum-conversion -Wno-float-conversion -Wno-non-literal-null-conversion -Wno-objc-literal-conversion -Wshorten-64-to-32 -Wno-newline-eof -Wno-c++11-extensions -Wno-implicit-fallthrough -fstrict-aliasing -Wdeprecated-declarations -Winvalid-offsetof -Wno-sign-conversion -Wno-infinite-recursion -Wno-move -Wno-comma -Wno-block-capture-autoreleasing -Wno-strict-prototypes -Wno-range-loop-analysis -Wno-semicolon-before-method-body -index-store-path /Users/j/Documents/GitHub/MoneroOne/build/Index.noindex/DataStore @/Users/j/Documents/GitHub/MoneroOne/build/Build/Intermediates.noindex/swift-nio-ssl.build/Debug-iphonesimulator/CNIOBoringSSL.build/Objects-normal/arm64/82b82416624d2658e5098eb0a28c15c5-common-args.resp -MMD -MT dependencies -MF /Users/j/Documents/GitHub/MoneroOne/build/Build/Intermediates.noindex/swift-nio-ssl.build/Debug-iphonesimulator/CNIOBoringSSL.build/Objects-normal/arm64/dsa.d --serialize-diagnostics /Users/j/Documents/GitHub/MoneroOne/build/Build/Intermediates.noindex/swift-nio-ssl.build/Debug-iphonesimulator/CNIOBoringSSL.build/Objects-normal/arm64/dsa.dia -c /Users/j/Documents/GitHub/MoneroOne/build/SourcePackages/checkouts/swift-nio-ssl/Sources/CNIOBoringSSL/crypto/dsa/dsa.cc -o /Users/j/Documents/GitHub/MoneroOne/build/Build/Intermediates.noindex/swift-nio-ssl.build/Debug-iphonesimulator/CNIOBoringSSL.build/Objects-normal/arm64/dsa.o -index-unit-output-path /swift-nio-ssl.build/Debug-iphonesimulator/CNIOBoringSSL.build/Objects-normal/arm64/dsa.o

CompileC /Users/j/Documents/GitHub/MoneroOne/build/Build/Intermediates.noindex/swift-nio-ssl.build/Debug-iphonesimulator/CNIOBoringSSL.build/Objects-normal/arm64/digest_extra.o /Users/j/Documents/GitHub/MoneroOne/build/SourcePackages/checkouts/swift-nio-ssl/Sources/CNIOBoringSSL/crypto/digest/digest_extra.cc normal arm64 c++ com.apple.compilers.llvm.clang.1_0.compiler (in target 'CNIOBoringSSL' from project 'swift-nio-ssl')
    cd /Users/j/Documents/GitHub/MoneroOne/MoneroOne.xcodeproj
    
    Using response file: /Users/j/Documents/GitHub/MoneroOne/build/Build/Intermediates.noindex/swift-nio-ssl.build/Debug-iphonesimulator/CNIOBoringSSL.build/Objects-normal/arm64/82b82416624d2658e5098eb0a28c15c5-common-args.resp
    
    /Applications/Xcode.app/Contents/Developer/Toolchains/XcodeDefault.xctoolchain/usr/bin/clang -x c++ -ivfsstatcache /Users/j/Documents/GitHub/MoneroOne/build/SDKStatCaches.noindex/iphonesimulator26.1-23B77-90cf18a4295e390e64c810bc6bd7acbc.sdkstatcache -fmessage-length\=0 -fdiagnostics-show-note-include-stack -fmacro-backtrace-limit\=0 -fno-color-diagnostics -fmodules-prune-interval\=86400 -fmodules-prune-after\=345600 -fbuild-session-file\=/Users/j/Documents/GitHub/MoneroOne/build/ModuleCache.noindex/Session.modulevalidation -fmodules-validate-once-per-build-session -Wnon-modular-include-in-framework-module -Werror\=non-modular-include-in-framework-module -Wno-trigraphs -Wno-missing-field-initializers -Wno-missing-prototypes -Wno-return-type -Wno-non-virtual-dtor -Wno-overloaded-virtual -Wno-exit-time-destructors -Wno-missing-braces -Wparentheses -Wswitch -Wno-unused-function -Wno-unused-label -Wno-unused-parameter -Wno-unused-variable -Wunused-value -Wno-empty-body -Wno-uninitialized -Wno-unknown-pragmas -w -Wno-shadow -Wno-four-char-constants -Wno-conversion -Wno-constant-conversion -Wno-int-conversion -Wno-bool-conversion -Wno-enum-conversion -Wno-float-conversion -Wno-non-literal-null-conversion -Wno-objc-literal-conversion -Wshorten-64-to-32 -Wno-newline-eof -Wno-c++11-extensions -Wno-implicit-fallthrough -fstrict-aliasing -Wdeprecated-declarations -Winvalid-offsetof -Wno-sign-conversion -Wno-infinite-recursion -Wno-move -Wno-comma -Wno-block-capture-autoreleasing -Wno-strict-prototypes -Wno-range-loop-analysis -Wno-semicolon-before-method-body -index-store-path /Users/j/Documents/GitHub/MoneroOne/build/Index.noindex/DataStore @/Users/j/Documents/GitHub/MoneroOne/build/Build/Intermediates.noindex/swift-nio-ssl.build/Debug-iphonesimulator/CNIOBoringSSL.build/Objects-normal/arm64/82b82416624d2658e5098eb0a28c15c5-common-args.resp -MMD -MT dependencies -MF /Users/j/Documents/GitHub/MoneroOne/build/Build/Intermediates.noindex/swift-nio-ssl.build/Debug-iphonesimulator/CNIOBoringSSL.build/Objects-normal/arm64/digest_extra.d --serialize-diagnostics /Users/j/Documents/GitHub/MoneroOne/build/Build/Intermediates.noindex/swift-nio-ssl.build/Debug-iphonesimulator/CNIOBoringSSL.build/Objects-normal/arm64/digest_extra.dia -c /Users/j/Documents/GitHub/MoneroOne/build/SourcePackages/checkouts/swift-nio-ssl/Sources/CNIOBoringSSL/crypto/digest/digest_extra.cc -o /Users/j/Documents/GitHub/MoneroOne/build/Build/Intermediates.noindex/swift-nio-ssl.build/Debug-iphonesimulator/CNIOBoringSSL.build/Objects-normal/arm64/digest_extra.o -index-unit-output-path /swift-nio-ssl.build/Debug-iphonesimulator/CNIOBoringSSL.build/Objects-normal/arm64/digest_extra.o

CompileC /Users/j/Documents/GitHub/MoneroOne/build/Build/Intermediates.noindex/swift-nio-ssl.build/Debug-iphonesimulator/CNIOBoringSSL.build/Objects-normal/arm64/dh_asn1.o /Users/j/Documents/GitHub/MoneroOne/build/SourcePackages/checkouts/swift-nio-ssl/Sources/CNIOBoringSSL/crypto/dh/dh_asn1.cc normal arm64 c++ com.apple.compilers.llvm.clang.1_0.compiler (in target 'CNIOBoringSSL' from project 'swift-nio-ssl')
    cd /Users/j/Documents/GitHub/MoneroOne/MoneroOne.xcodeproj
    
    Using response file: /Users/j/Documents/GitHub/MoneroOne/build/Build/Intermediates.noindex/swift-nio-ssl.build/Debug-iphonesimulator/CNIOBoringSSL.build/Objects-normal/arm64/82b82416624d2658e5098eb0a28c15c5-common-args.resp
    
    /Applications/Xcode.app/Contents/Developer/Toolchains/XcodeDefault.xctoolchain/usr/bin/clang -x c++ -ivfsstatcache /Users/j/Documents/GitHub/MoneroOne/build/SDKStatCaches.noindex/iphonesimulator26.1-23B77-90cf18a4295e390e64c810bc6bd7acbc.sdkstatcache -fmessage-length\=0 -fdiagnostics-show-note-include-stack -fmacro-backtrace-limit\=0 -fno-color-diagnostics -fmodules-prune-interval\=86400 -fmodules-prune-after\=345600 -fbuild-session-file\=/Users/j/Documents/GitHub/MoneroOne/build/ModuleCache.noindex/Session.modulevalidation -fmodules-validate-once-per-build-session -Wnon-modular-include-in-framework-module -Werror\=non-modular-include-in-framework-module -Wno-trigraphs -Wno-missing-field-initializers -Wno-missing-prototypes -Wno-return-type -Wno-non-virtual-dtor -Wno-overloaded-virtual -Wno-exit-time-destructors -Wno-missing-braces -Wparentheses -Wswitch -Wno-unused-function -Wno-unused-label -Wno-unused-parameter -Wno-unused-variable -Wunused-value -Wno-empty-body -Wno-uninitialized -Wno-unknown-pragmas -w -Wno-shadow -Wno-four-char-constants -Wno-conversion -Wno-constant-conversion -Wno-int-conversion -Wno-bool-conversion -Wno-enum-conversion -Wno-float-conversion -Wno-non-literal-null-conversion -Wno-objc-literal-conversion -Wshorten-64-to-32 -Wno-newline-eof -Wno-c++11-extensions -Wno-implicit-fallthrough -fstrict-aliasing -Wdeprecated-declarations -Winvalid-offsetof -Wno-sign-conversion -Wno-infinite-recursion -Wno-move -Wno-comma -Wno-block-capture-autoreleasing -Wno-strict-prototypes -Wno-range-loop-analysis -Wno-semicolon-before-method-body -index-store-path /Users/j/Documents/GitHub/MoneroOne/build/Index.noindex/DataStore @/Users/j/Documents/GitHub/MoneroOne/build/Build/Intermediates.noindex/swift-nio-ssl.build/Debug-iphonesimulator/CNIOBoringSSL.build/Objects-normal/arm64/82b82416624d2658e5098eb0a28c15c5-common-args.resp -MMD -MT dependencies -MF /Users/j/Documents/GitHub/MoneroOne/build/Build/Intermediates.noindex/swift-nio-ssl.build/Debug-iphonesimulator/CNIOBoringSSL.build/Objects-normal/arm64/dh_asn1.d --serialize-diagnostics /Users/j/Documents/GitHub/MoneroOne/build/Build/Intermediates.noindex/swift-nio-ssl.build/Debug-iphonesimulator/CNIOBoringSSL.build/Objects-normal/arm64/dh_asn1.dia -c /Users/j/Documents/GitHub/MoneroOne/build/SourcePackages/checkouts/swift-nio-ssl/Sources/CNIOBoringSSL/crypto/dh/dh_asn1.cc -o /Users/j/Documents/GitHub/MoneroOne/build/Build/Intermediates.noindex/swift-nio-ssl.build/Debug-iphonesimulator/CNIOBoringSSL.build/Objects-normal/arm64/dh_asn1.o -index-unit-output-path /swift-nio-ssl.build/Debug-iphonesimulator/CNIOBoringSSL.build/Objects-normal/arm64/dh_asn1.o

CompileC /Users/j/Documents/GitHub/MoneroOne/build/Build/Intermediates.noindex/swift-nio-ssl.build/Debug-iphonesimulator/CNIOBoringSSL.build/Objects-normal/arm64/deterministic.o /Users/j/Documents/GitHub/MoneroOne/build/SourcePackages/checkouts/swift-nio-ssl/Sources/CNIOBoringSSL/crypto/rand/deterministic.cc normal arm64 c++ com.apple.compilers.llvm.clang.1_0.compiler (in target 'CNIOBoringSSL' from project 'swift-nio-ssl')
    cd /Users/j/Documents/GitHub/MoneroOne/MoneroOne.xcodeproj
    
    Using response file: /Users/j/Documents/GitHub/MoneroOne/build/Build/Intermediates.noindex/swift-nio-ssl.build/Debug-iphonesimulator/CNIOBoringSSL.build/Objects-normal/arm64/82b82416624d2658e5098eb0a28c15c5-common-args.resp
    
    /Applications/Xcode.app/Contents/Developer/Toolchains/XcodeDefault.xctoolchain/usr/bin/clang -x c++ -ivfsstatcache /Users/j/Documents/GitHub/MoneroOne/build/SDKStatCaches.noindex/iphonesimulator26.1-23B77-90cf18a4295e390e64c810bc6bd7acbc.sdkstatcache -fmessage-length\=0 -fdiagnostics-show-note-include-stack -fmacro-backtrace-limit\=0 -fno-color-diagnostics -fmodules-prune-interval\=86400 -fmodules-prune-after\=345600 -fbuild-session-file\=/Users/j/Documents/GitHub/MoneroOne/build/ModuleCache.noindex/Session.modulevalidation -fmodules-validate-once-per-build-session -Wnon-modular-include-in-framework-module -Werror\=non-modular-include-in-framework-module -Wno-trigraphs -Wno-missing-field-initializers -Wno-missing-prototypes -Wno-return-type -Wno-non-virtual-dtor -Wno-overloaded-virtual -Wno-exit-time-destructors -Wno-missing-braces -Wparentheses -Wswitch -Wno-unused-function -Wno-unused-label -Wno-unused-parameter -Wno-unused-variable -Wunused-value -Wno-empty-body -Wno-uninitialized -Wno-unknown-pragmas -w -Wno-shadow -Wno-four-char-constants -Wno-conversion -Wno-constant-conversion -Wno-int-conversion -Wno-bool-conversion -Wno-enum-conversion -Wno-float-conversion -Wno-non-literal-null-conversion -Wno-objc-literal-conversion -Wshorten-64-to-32 -Wno-newline-eof -Wno-c++11-extensions -Wno-implicit-fallthrough -fstrict-aliasing -Wdeprecated-declarations -Winvalid-offsetof -Wno-sign-conversion -Wno-infinite-recursion -Wno-move -Wno-comma -Wno-block-capture-autoreleasing -Wno-strict-prototypes -Wno-range-loop-analysis -Wno-semicolon-before-method-body -index-store-path /Users/j/Documents/GitHub/MoneroOne/build/Index.noindex/DataStore @/Users/j/Documents/GitHub/MoneroOne/build/Build/Intermediates.noindex/swift-nio-ssl.build/Debug-iphonesimulator/CNIOBoringSSL.build/Objects-normal/arm64/82b82416624d2658e5098eb0a28c15c5-common-args.resp -MMD -MT dependencies -MF /Users/j/Documents/GitHub/MoneroOne/build/Build/Intermediates.noindex/swift-nio-ssl.build/Debug-iphonesimulator/CNIOBoringSSL.build/Objects-normal/arm64/deterministic.d --serialize-diagnostics /Users/j/Documents/GitHub/MoneroOne/build/Build/Intermediates.noindex/swift-nio-ssl.build/Debug-iphonesimulator/CNIOBoringSSL.build/Objects-normal/arm64/deterministic.dia -c /Users/j/Documents/GitHub/MoneroOne/build/SourcePackages/checkouts/swift-nio-ssl/Sources/CNIOBoringSSL/crypto/rand/deterministic.cc -o /Users/j/Documents/GitHub/MoneroOne/build/Build/Intermediates.noindex/swift-nio-ssl.build/Debug-iphonesimulator/CNIOBoringSSL.build/Objects-normal/arm64/deterministic.o -index-unit-output-path /swift-nio-ssl.build/Debug-iphonesimulator/CNIOBoringSSL.build/Objects-normal/arm64/deterministic.o

CompileC /Users/j/Documents/GitHub/MoneroOne/build/Build/Intermediates.noindex/swift-nio-ssl.build/Debug-iphonesimulator/CNIOBoringSSL.build/Objects-normal/arm64/des.o /Users/j/Documents/GitHub/MoneroOne/build/SourcePackages/checkouts/swift-nio-ssl/Sources/CNIOBoringSSL/crypto/des/des.cc normal arm64 c++ com.apple.compilers.llvm.clang.1_0.compiler (in target 'CNIOBoringSSL' from project 'swift-nio-ssl')
    cd /Users/j/Documents/GitHub/MoneroOne/MoneroOne.xcodeproj
    
    Using response file: /Users/j/Documents/GitHub/MoneroOne/build/Build/Intermediates.noindex/swift-nio-ssl.build/Debug-iphonesimulator/CNIOBoringSSL.build/Objects-normal/arm64/82b82416624d2658e5098eb0a28c15c5-common-args.resp
    
    /Applications/Xcode.app/Contents/Developer/Toolchains/XcodeDefault.xctoolchain/usr/bin/clang -x c++ -ivfsstatcache /Users/j/Documents/GitHub/MoneroOne/build/SDKStatCaches.noindex/iphonesimulator26.1-23B77-90cf18a4295e390e64c810bc6bd7acbc.sdkstatcache -fmessage-length\=0 -fdiagnostics-show-note-include-stack -fmacro-backtrace-limit\=0 -fno-color-diagnostics -fmodules-prune-interval\=86400 -fmodules-prune-after\=345600 -fbuild-session-file\=/Users/j/Documents/GitHub/MoneroOne/build/ModuleCache.noindex/Session.modulevalidation -fmodules-validate-once-per-build-session -Wnon-modular-include-in-framework-module -Werror\=non-modular-include-in-framework-module -Wno-trigraphs -Wno-missing-field-initializers -Wno-missing-prototypes -Wno-return-type -Wno-non-virtual-dtor -Wno-overloaded-virtual -Wno-exit-time-destructors -Wno-missing-braces -Wparentheses -Wswitch -Wno-unused-function -Wno-unused-label -Wno-unused-parameter -Wno-unused-variable -Wunused-value -Wno-empty-body -Wno-uninitialized -Wno-unknown-pragmas -w -Wno-shadow -Wno-four-char-constants -Wno-conversion -Wno-constant-conversion -Wno-int-conversion -Wno-bool-conversion -Wno-enum-conversion -Wno-float-conversion -Wno-non-literal-null-conversion -Wno-objc-literal-conversion -Wshorten-64-to-32 -Wno-newline-eof -Wno-c++11-extensions -Wno-implicit-fallthrough -fstrict-aliasing -Wdeprecated-declarations -Winvalid-offsetof -Wno-sign-conversion -Wno-infinite-recursion -Wno-move -Wno-comma -Wno-block-capture-autoreleasing -Wno-strict-prototypes -Wno-range-loop-analysis -Wno-semicolon-before-method-body -index-store-path /Users/j/Documents/GitHub/MoneroOne/build/Index.noindex/DataStore @/Users/j/Documents/GitHub/MoneroOne/build/Build/Intermediates.noindex/swift-nio-ssl.build/Debug-iphonesimulator/CNIOBoringSSL.build/Objects-normal/arm64/82b82416624d2658e5098eb0a28c15c5-common-args.resp -MMD -MT dependencies -MF /Users/j/Documents/GitHub/MoneroOne/build/Build/Intermediates.noindex/swift-nio-ssl.build/Debug-iphonesimulator/CNIOBoringSSL.build/Objects-normal/arm64/des.d --serialize-diagnostics /Users/j/Documents/GitHub/MoneroOne/build/Build/Intermediates.noindex/swift-nio-ssl.build/Debug-iphonesimulator/CNIOBoringSSL.build/Objects-normal/arm64/des.dia -c /Users/j/Documents/GitHub/MoneroOne/build/SourcePackages/checkouts/swift-nio-ssl/Sources/CNIOBoringSSL/crypto/des/des.cc -o /Users/j/Documents/GitHub/MoneroOne/build/Build/Intermediates.noindex/swift-nio-ssl.build/Debug-iphonesimulator/CNIOBoringSSL.build/Objects-normal/arm64/des.o -index-unit-output-path /swift-nio-ssl.build/Debug-iphonesimulator/CNIOBoringSSL.build/Objects-normal/arm64/des.o

CompileC /Users/j/Documents/GitHub/MoneroOne/build/Build/Intermediates.noindex/swift-nio-ssl.build/Debug-iphonesimulator/CNIOBoringSSL.build/Objects-normal/arm64/derive_key.o /Users/j/Documents/GitHub/MoneroOne/build/SourcePackages/checkouts/swift-nio-ssl/Sources/CNIOBoringSSL/crypto/cipher/derive_key.cc normal arm64 c++ com.apple.compilers.llvm.clang.1_0.compiler (in target 'CNIOBoringSSL' from project 'swift-nio-ssl')
    cd /Users/j/Documents/GitHub/MoneroOne/MoneroOne.xcodeproj
    
    Using response file: /Users/j/Documents/GitHub/MoneroOne/build/Build/Intermediates.noindex/swift-nio-ssl.build/Debug-iphonesimulator/CNIOBoringSSL.build/Objects-normal/arm64/82b82416624d2658e5098eb0a28c15c5-common-args.resp
    
    /Applications/Xcode.app/Contents/Developer/Toolchains/XcodeDefault.xctoolchain/usr/bin/clang -x c++ -ivfsstatcache /Users/j/Documents/GitHub/MoneroOne/build/SDKStatCaches.noindex/iphonesimulator26.1-23B77-90cf18a4295e390e64c810bc6bd7acbc.sdkstatcache -fmessage-length\=0 -fdiagnostics-show-note-include-stack -fmacro-backtrace-limit\=0 -fno-color-diagnostics -fmodules-prune-interval\=86400 -fmodules-prune-after\=345600 -fbuild-session-file\=/Users/j/Documents/GitHub/MoneroOne/build/ModuleCache.noindex/Session.modulevalidation -fmodules-validate-once-per-build-session -Wnon-modular-include-in-framework-module -Werror\=non-modular-include-in-framework-module -Wno-trigraphs -Wno-missing-field-initializers -Wno-missing-prototypes -Wno-return-type -Wno-non-virtual-dtor -Wno-overloaded-virtual -Wno-exit-time-destructors -Wno-missing-braces -Wparentheses -Wswitch -Wno-unused-function -Wno-unused-label -Wno-unused-parameter -Wno-unused-variable -Wunused-value -Wno-empty-body -Wno-uninitialized -Wno-unknown-pragmas -w -Wno-shadow -Wno-four-char-constants -Wno-conversion -Wno-constant-conversion -Wno-int-conversion -Wno-bool-conversion -Wno-enum-conversion -Wno-float-conversion -Wno-non-literal-null-conversion -Wno-objc-literal-conversion -Wshorten-64-to-32 -Wno-newline-eof -Wno-c++11-extensions -Wno-implicit-fallthrough -fstrict-aliasing -Wdeprecated-declarations -Winvalid-offsetof -Wno-sign-conversion -Wno-infinite-recursion -Wno-move -Wno-comma -Wno-block-capture-autoreleasing -Wno-strict-prototypes -Wno-range-loop-analysis -Wno-semicolon-before-method-body -index-store-path /Users/j/Documents/GitHub/MoneroOne/build/Index.noindex/DataStore @/Users/j/Documents/GitHub/MoneroOne/build/Build/Intermediates.noindex/swift-nio-ssl.build/Debug-iphonesimulator/CNIOBoringSSL.build/Objects-normal/arm64/82b82416624d2658e5098eb0a28c15c5-common-args.resp -MMD -MT dependencies -MF /Users/j/Documents/GitHub/MoneroOne/build/Build/Intermediates.noindex/swift-nio-ssl.build/Debug-iphonesimulator/CNIOBoringSSL.build/Objects-normal/arm64/derive_key.d --serialize-diagnostics /Users/j/Documents/GitHub/MoneroOne/build/Build/Intermediates.noindex/swift-nio-ssl.build/Debug-iphonesimulator/CNIOBoringSSL.build/Objects-normal/arm64/derive_key.dia -c /Users/j/Documents/GitHub/MoneroOne/build/SourcePackages/checkouts/swift-nio-ssl/Sources/CNIOBoringSSL/crypto/cipher/derive_key.cc -o /Users/j/Documents/GitHub/MoneroOne/build/Build/Intermediates.noindex/swift-nio-ssl.build/Debug-iphonesimulator/CNIOBoringSSL.build/Objects-normal/arm64/derive_key.o -index-unit-output-path /swift-nio-ssl.build/Debug-iphonesimulator/CNIOBoringSSL.build/Objects-normal/arm64/derive_key.o

CompileC /Users/j/Documents/GitHub/MoneroOne/build/Build/Intermediates.noindex/swift-nio-ssl.build/Debug-iphonesimulator/CNIOBoringSSL.build/Objects-normal/arm64/d1_srtp.o /Users/j/Documents/GitHub/MoneroOne/build/SourcePackages/checkouts/swift-nio-ssl/Sources/CNIOBoringSSL/ssl/d1_srtp.cc normal arm64 c++ com.apple.compilers.llvm.clang.1_0.compiler (in target 'CNIOBoringSSL' from project 'swift-nio-ssl')
    cd /Users/j/Documents/GitHub/MoneroOne/MoneroOne.xcodeproj
    
    Using response file: /Users/j/Documents/GitHub/MoneroOne/build/Build/Intermediates.noindex/swift-nio-ssl.build/Debug-iphonesimulator/CNIOBoringSSL.build/Objects-normal/arm64/82b82416624d2658e5098eb0a28c15c5-common-args.resp
    
    /Applications/Xcode.app/Contents/Developer/Toolchains/XcodeDefault.xctoolchain/usr/bin/clang -x c++ -ivfsstatcache /Users/j/Documents/GitHub/MoneroOne/build/SDKStatCaches.noindex/iphonesimulator26.1-23B77-90cf18a4295e390e64c810bc6bd7acbc.sdkstatcache -fmessage-length\=0 -fdiagnostics-show-note-include-stack -fmacro-backtrace-limit\=0 -fno-color-diagnostics -fmodules-prune-interval\=86400 -fmodules-prune-after\=345600 -fbuild-session-file\=/Users/j/Documents/GitHub/MoneroOne/build/ModuleCache.noindex/Session.modulevalidation -fmodules-validate-once-per-build-session -Wnon-modular-include-in-framework-module -Werror\=non-modular-include-in-framework-module -Wno-trigraphs -Wno-missing-field-initializers -Wno-missing-prototypes -Wno-return-type -Wno-non-virtual-dtor -Wno-overloaded-virtual -Wno-exit-time-destructors -Wno-missing-braces -Wparentheses -Wswitch -Wno-unused-function -Wno-unused-label -Wno-unused-parameter -Wno-unused-variable -Wunused-value -Wno-empty-body -Wno-uninitialized -Wno-unknown-pragmas -w -Wno-shadow -Wno-four-char-constants -Wno-conversion -Wno-constant-conversion -Wno-int-conversion -Wno-bool-conversion -Wno-enum-conversion -Wno-float-conversion -Wno-non-literal-null-conversion -Wno-objc-literal-conversion -Wshorten-64-to-32 -Wno-newline-eof -Wno-c++11-extensions -Wno-implicit-fallthrough -fstrict-aliasing -Wdeprecated-declarations -Winvalid-offsetof -Wno-sign-conversion -Wno-infinite-recursion -Wno-move -Wno-comma -Wno-block-capture-autoreleasing -Wno-strict-prototypes -Wno-range-loop-analysis -Wno-semicolon-before-method-body -index-store-path /Users/j/Documents/GitHub/MoneroOne/build/Index.noindex/DataStore @/Users/j/Documents/GitHub/MoneroOne/build/Build/Intermediates.noindex/swift-nio-ssl.build/Debug-iphonesimulator/CNIOBoringSSL.build/Objects-normal/arm64/82b82416624d2658e5098eb0a28c15c5-common-args.resp -MMD -MT dependencies -MF /Users/j/Documents/GitHub/MoneroOne/build/Build/Intermediates.noindex/swift-nio-ssl.build/Debug-iphonesimulator/CNIOBoringSSL.build/Objects-normal/arm64/d1_srtp.d --serialize-diagnostics /Users/j/Documents/GitHub/MoneroOne/build/Build/Intermediates.noindex/swift-nio-ssl.build/Debug-iphonesimulator/CNIOBoringSSL.build/Objects-normal/arm64/d1_srtp.dia -c /Users/j/Documents/GitHub/MoneroOne/build/SourcePackages/checkouts/swift-nio-ssl/Sources/CNIOBoringSSL/ssl/d1_srtp.cc -o /Users/j/Documents/GitHub/MoneroOne/build/Build/Intermediates.noindex/swift-nio-ssl.build/Debug-iphonesimulator/CNIOBoringSSL.build/Objects-normal/arm64/d1_srtp.o -index-unit-output-path /swift-nio-ssl.build/Debug-iphonesimulator/CNIOBoringSSL.build/Objects-normal/arm64/d1_srtp.o

CompileC /Users/j/Documents/GitHub/MoneroOne/build/Build/Intermediates.noindex/swift-nio-ssl.build/Debug-iphonesimulator/CNIOBoringSSL.build/Objects-normal/arm64/d1_pkt.o /Users/j/Documents/GitHub/MoneroOne/build/SourcePackages/checkouts/swift-nio-ssl/Sources/CNIOBoringSSL/ssl/d1_pkt.cc normal arm64 c++ com.apple.compilers.llvm.clang.1_0.compiler (in target 'CNIOBoringSSL' from project 'swift-nio-ssl')
    cd /Users/j/Documents/GitHub/MoneroOne/MoneroOne.xcodeproj
    
    Using response file: /Users/j/Documents/GitHub/MoneroOne/build/Build/Intermediates.noindex/swift-nio-ssl.build/Debug-iphonesimulator/CNIOBoringSSL.build/Objects-normal/arm64/82b82416624d2658e5098eb0a28c15c5-common-args.resp
    
    /Applications/Xcode.app/Contents/Developer/Toolchains/XcodeDefault.xctoolchain/usr/bin/clang -x c++ -ivfsstatcache /Users/j/Documents/GitHub/MoneroOne/build/SDKStatCaches.noindex/iphonesimulator26.1-23B77-90cf18a4295e390e64c810bc6bd7acbc.sdkstatcache -fmessage-length\=0 -fdiagnostics-show-note-include-stack -fmacro-backtrace-limit\=0 -fno-color-diagnostics -fmodules-prune-interval\=86400 -fmodules-prune-after\=345600 -fbuild-session-file\=/Users/j/Documents/GitHub/MoneroOne/build/ModuleCache.noindex/Session.modulevalidation -fmodules-validate-once-per-build-session -Wnon-modular-include-in-framework-module -Werror\=non-modular-include-in-framework-module -Wno-trigraphs -Wno-missing-field-initializers -Wno-missing-prototypes -Wno-return-type -Wno-non-virtual-dtor -Wno-overloaded-virtual -Wno-exit-time-destructors -Wno-missing-braces -Wparentheses -Wswitch -Wno-unused-function -Wno-unused-label -Wno-unused-parameter -Wno-unused-variable -Wunused-value -Wno-empty-body -Wno-uninitialized -Wno-unknown-pragmas -w -Wno-shadow -Wno-four-char-constants -Wno-conversion -Wno-constant-conversion -Wno-int-conversion -Wno-bool-conversion -Wno-enum-conversion -Wno-float-conversion -Wno-non-literal-null-conversion -Wno-objc-literal-conversion -Wshorten-64-to-32 -Wno-newline-eof -Wno-c++11-extensions -Wno-implicit-fallthrough -fstrict-aliasing -Wdeprecated-declarations -Winvalid-offsetof -Wno-sign-conversion -Wno-infinite-recursion -Wno-move -Wno-comma -Wno-block-capture-autoreleasing -Wno-strict-prototypes -Wno-range-loop-analysis -Wno-semicolon-before-method-body -index-store-path /Users/j/Documents/GitHub/MoneroOne/build/Index.noindex/DataStore @/Users/j/Documents/GitHub/MoneroOne/build/Build/Intermediates.noindex/swift-nio-ssl.build/Debug-iphonesimulator/CNIOBoringSSL.build/Objects-normal/arm64/82b82416624d2658e5098eb0a28c15c5-common-args.resp -MMD -MT dependencies -MF /Users/j/Documents/GitHub/MoneroOne/build/Build/Intermediates.noindex/swift-nio-ssl.build/Debug-iphonesimulator/CNIOBoringSSL.build/Objects-normal/arm64/d1_pkt.d --serialize-diagnostics /Users/j/Documents/GitHub/MoneroOne/build/Build/Intermediates.noindex/swift-nio-ssl.build/Debug-iphonesimulator/CNIOBoringSSL.build/Objects-normal/arm64/d1_pkt.dia -c /Users/j/Documents/GitHub/MoneroOne/build/SourcePackages/checkouts/swift-nio-ssl/Sources/CNIOBoringSSL/ssl/d1_pkt.cc -o /Users/j/Documents/GitHub/MoneroOne/build/Build/Intermediates.noindex/swift-nio-ssl.build/Debug-iphonesimulator/CNIOBoringSSL.build/Objects-normal/arm64/d1_pkt.o -index-unit-output-path /swift-nio-ssl.build/Debug-iphonesimulator/CNIOBoringSSL.build/Objects-normal/arm64/d1_pkt.o

CompileC /Users/j/Documents/GitHub/MoneroOne/build/Build/Intermediates.noindex/swift-nio-ssl.build/Debug-iphonesimulator/CNIOBoringSSL.build/Objects-normal/arm64/d1_lib.o /Users/j/Documents/GitHub/MoneroOne/build/SourcePackages/checkouts/swift-nio-ssl/Sources/CNIOBoringSSL/ssl/d1_lib.cc normal arm64 c++ com.apple.compilers.llvm.clang.1_0.compiler (in target 'CNIOBoringSSL' from project 'swift-nio-ssl')
    cd /Users/j/Documents/GitHub/MoneroOne/MoneroOne.xcodeproj
    
    Using response file: /Users/j/Documents/GitHub/MoneroOne/build/Build/Intermediates.noindex/swift-nio-ssl.build/Debug-iphonesimulator/CNIOBoringSSL.build/Objects-normal/arm64/82b82416624d2658e5098eb0a28c15c5-common-args.resp
    
    /Applications/Xcode.app/Contents/Developer/Toolchains/XcodeDefault.xctoolchain/usr/bin/clang -x c++ -ivfsstatcache /Users/j/Documents/GitHub/MoneroOne/build/SDKStatCaches.noindex/iphonesimulator26.1-23B77-90cf18a4295e390e64c810bc6bd7acbc.sdkstatcache -fmessage-length\=0 -fdiagnostics-show-note-include-stack -fmacro-backtrace-limit\=0 -fno-color-diagnostics -fmodules-prune-interval\=86400 -fmodules-prune-after\=345600 -fbuild-session-file\=/Users/j/Documents/GitHub/MoneroOne/build/ModuleCache.noindex/Session.modulevalidation -fmodules-validate-once-per-build-session -Wnon-modular-include-in-framework-module -Werror\=non-modular-include-in-framework-module -Wno-trigraphs -Wno-missing-field-initializers -Wno-missing-prototypes -Wno-return-type -Wno-non-virtual-dtor -Wno-overloaded-virtual -Wno-exit-time-destructors -Wno-missing-braces -Wparentheses -Wswitch -Wno-unused-function -Wno-unused-label -Wno-unused-parameter -Wno-unused-variable -Wunused-value -Wno-empty-body -Wno-uninitialized -Wno-unknown-pragmas -w -Wno-shadow -Wno-four-char-constants -Wno-conversion -Wno-constant-conversion -Wno-int-conversion -Wno-bool-conversion -Wno-enum-conversion -Wno-float-conversion -Wno-non-literal-null-conversion -Wno-objc-literal-conversion -Wshorten-64-to-32 -Wno-newline-eof -Wno-c++11-extensions -Wno-implicit-fallthrough -fstrict-aliasing -Wdeprecated-declarations -Winvalid-offsetof -Wno-sign-conversion -Wno-infinite-recursion -Wno-move -Wno-comma -Wno-block-capture-autoreleasing -Wno-strict-prototypes -Wno-range-loop-analysis -Wno-semicolon-before-method-body -index-store-path /Users/j/Documents/GitHub/MoneroOne/build/Index.noindex/DataStore @/Users/j/Documents/GitHub/MoneroOne/build/Build/Intermediates.noindex/swift-nio-ssl.build/Debug-iphonesimulator/CNIOBoringSSL.build/Objects-normal/arm64/82b82416624d2658e5098eb0a28c15c5-common-args.resp -MMD -MT dependencies -MF /Users/j/Documents/GitHub/MoneroOne/build/Build/Intermediates.noindex/swift-nio-ssl.build/Debug-iphonesimulator/CNIOBoringSSL.build/Objects-normal/arm64/d1_lib.d --serialize-diagnostics /Users/j/Documents/GitHub/MoneroOne/build/Build/Intermediates.noindex/swift-nio-ssl.build/Debug-iphonesimulator/CNIOBoringSSL.build/Objects-normal/arm64/d1_lib.dia -c /Users/j/Documents/GitHub/MoneroOne/build/SourcePackages/checkouts/swift-nio-ssl/Sources/CNIOBoringSSL/ssl/d1_lib.cc -o /Users/j/Documents/GitHub/MoneroOne/build/Build/Intermediates.noindex/swift-nio-ssl.build/Debug-iphonesimulator/CNIOBoringSSL.build/Objects-normal/arm64/d1_lib.o -index-unit-output-path /swift-nio-ssl.build/Debug-iphonesimulator/CNIOBoringSSL.build/Objects-normal/arm64/d1_lib.o

CompileC /Users/j/Documents/GitHub/MoneroOne/build/Build/Intermediates.noindex/swift-nio-ssl.build/Debug-iphonesimulator/CNIOBoringSSL.build/Objects-normal/arm64/d1_both.o /Users/j/Documents/GitHub/MoneroOne/build/SourcePackages/checkouts/swift-nio-ssl/Sources/CNIOBoringSSL/ssl/d1_both.cc normal arm64 c++ com.apple.compilers.llvm.clang.1_0.compiler (in target 'CNIOBoringSSL' from project 'swift-nio-ssl')
    cd /Users/j/Documents/GitHub/MoneroOne/MoneroOne.xcodeproj
    
    Using response file: /Users/j/Documents/GitHub/MoneroOne/build/Build/Intermediates.noindex/swift-nio-ssl.build/Debug-iphonesimulator/CNIOBoringSSL.build/Objects-normal/arm64/82b82416624d2658e5098eb0a28c15c5-common-args.resp
    
    /Applications/Xcode.app/Contents/Developer/Toolchains/XcodeDefault.xctoolchain/usr/bin/clang -x c++ -ivfsstatcache /Users/j/Documents/GitHub/MoneroOne/build/SDKStatCaches.noindex/iphonesimulator26.1-23B77-90cf18a4295e390e64c810bc6bd7acbc.sdkstatcache -fmessage-length\=0 -fdiagnostics-show-note-include-stack -fmacro-backtrace-limit\=0 -fno-color-diagnostics -fmodules-prune-interval\=86400 -fmodules-prune-after\=345600 -fbuild-session-file\=/Users/j/Documents/GitHub/MoneroOne/build/ModuleCache.noindex/Session.modulevalidation -fmodules-validate-once-per-build-session -Wnon-modular-include-in-framework-module -Werror\=non-modular-include-in-framework-module -Wno-trigraphs -Wno-missing-field-initializers -Wno-missing-prototypes -Wno-return-type -Wno-non-virtual-dtor -Wno-overloaded-virtual -Wno-exit-time-destructors -Wno-missing-braces -Wparentheses -Wswitch -Wno-unused-function -Wno-unused-label -Wno-unused-parameter -Wno-unused-variable -Wunused-value -Wno-empty-body -Wno-uninitialized -Wno-unknown-pragmas -w -Wno-shadow -Wno-four-char-constants -Wno-conversion -Wno-constant-conversion -Wno-int-conversion -Wno-bool-conversion -Wno-enum-conversion -Wno-float-conversion -Wno-non-literal-null-conversion -Wno-objc-literal-conversion -Wshorten-64-to-32 -Wno-newline-eof -Wno-c++11-extensions -Wno-implicit-fallthrough -fstrict-aliasing -Wdeprecated-declarations -Winvalid-offsetof -Wno-sign-conversion -Wno-infinite-recursion -Wno-move -Wno-comma -Wno-block-capture-autoreleasing -Wno-strict-prototypes -Wno-range-loop-analysis -Wno-semicolon-before-method-body -index-store-path /Users/j/Documents/GitHub/MoneroOne/build/Index.noindex/DataStore @/Users/j/Documents/GitHub/MoneroOne/build/Build/Intermediates.noindex/swift-nio-ssl.build/Debug-iphonesimulator/CNIOBoringSSL.build/Objects-normal/arm64/82b82416624d2658e5098eb0a28c15c5-common-args.resp -MMD -MT dependencies -MF /Users/j/Documents/GitHub/MoneroOne/build/Build/Intermediates.noindex/swift-nio-ssl.build/Debug-iphonesimulator/CNIOBoringSSL.build/Objects-normal/arm64/d1_both.d --serialize-diagnostics /Users/j/Documents/GitHub/MoneroOne/build/Build/Intermediates.noindex/swift-nio-ssl.build/Debug-iphonesimulator/CNIOBoringSSL.build/Objects-normal/arm64/d1_both.dia -c /Users/j/Documents/GitHub/MoneroOne/build/SourcePackages/checkouts/swift-nio-ssl/Sources/CNIOBoringSSL/ssl/d1_both.cc -o /Users/j/Documents/GitHub/MoneroOne/build/Build/Intermediates.noindex/swift-nio-ssl.build/Debug-iphonesimulator/CNIOBoringSSL.build/Objects-normal/arm64/d1_both.o -index-unit-output-path /swift-nio-ssl.build/Debug-iphonesimulator/CNIOBoringSSL.build/Objects-normal/arm64/d1_both.o

CompileC /Users/j/Documents/GitHub/MoneroOne/build/Build/Intermediates.noindex/swift-nio-ssl.build/Debug-iphonesimulator/CNIOBoringSSL.build/Objects-normal/arm64/curve25519_64_adx.o /Users/j/Documents/GitHub/MoneroOne/build/SourcePackages/checkouts/swift-nio-ssl/Sources/CNIOBoringSSL/crypto/curve25519/curve25519_64_adx.cc normal arm64 c++ com.apple.compilers.llvm.clang.1_0.compiler (in target 'CNIOBoringSSL' from project 'swift-nio-ssl')
    cd /Users/j/Documents/GitHub/MoneroOne/MoneroOne.xcodeproj
    
    Using response file: /Users/j/Documents/GitHub/MoneroOne/build/Build/Intermediates.noindex/swift-nio-ssl.build/Debug-iphonesimulator/CNIOBoringSSL.build/Objects-normal/arm64/82b82416624d2658e5098eb0a28c15c5-common-args.resp
    
    /Applications/Xcode.app/Contents/Developer/Toolchains/XcodeDefault.xctoolchain/usr/bin/clang -x c++ -ivfsstatcache /Users/j/Documents/GitHub/MoneroOne/build/SDKStatCaches.noindex/iphonesimulator26.1-23B77-90cf18a4295e390e64c810bc6bd7acbc.sdkstatcache -fmessage-length\=0 -fdiagnostics-show-note-include-stack -fmacro-backtrace-limit\=0 -fno-color-diagnostics -fmodules-prune-interval\=86400 -fmodules-prune-after\=345600 -fbuild-session-file\=/Users/j/Documents/GitHub/MoneroOne/build/ModuleCache.noindex/Session.modulevalidation -fmodules-validate-once-per-build-session -Wnon-modular-include-in-framework-module -Werror\=non-modular-include-in-framework-module -Wno-trigraphs -Wno-missing-field-initializers -Wno-missing-prototypes -Wno-return-type -Wno-non-virtual-dtor -Wno-overloaded-virtual -Wno-exit-time-destructors -Wno-missing-braces -Wparentheses -Wswitch -Wno-unused-function -Wno-unused-label -Wno-unused-parameter -Wno-unused-variable -Wunused-value -Wno-empty-body -Wno-uninitialized -Wno-unknown-pragmas -w -Wno-shadow -Wno-four-char-constants -Wno-conversion -Wno-constant-conversion -Wno-int-conversion -Wno-bool-conversion -Wno-enum-conversion -Wno-float-conversion -Wno-non-literal-null-conversion -Wno-objc-literal-conversion -Wshorten-64-to-32 -Wno-newline-eof -Wno-c++11-extensions -Wno-implicit-fallthrough -fstrict-aliasing -Wdeprecated-declarations -Winvalid-offsetof -Wno-sign-conversion -Wno-infinite-recursion -Wno-move -Wno-comma -Wno-block-capture-autoreleasing -Wno-strict-prototypes -Wno-range-loop-analysis -Wno-semicolon-before-method-body -index-store-path /Users/j/Documents/GitHub/MoneroOne/build/Index.noindex/DataStore @/Users/j/Documents/GitHub/MoneroOne/build/Build/Intermediates.noindex/swift-nio-ssl.build/Debug-iphonesimulator/CNIOBoringSSL.build/Objects-normal/arm64/82b82416624d2658e5098eb0a28c15c5-common-args.resp -MMD -MT dependencies -MF /Users/j/Documents/GitHub/MoneroOne/build/Build/Intermediates.noindex/swift-nio-ssl.build/Debug-iphonesimulator/CNIOBoringSSL.build/Objects-normal/arm64/curve25519_64_adx.d --serialize-diagnostics /Users/j/Documents/GitHub/MoneroOne/build/Build/Intermediates.noindex/swift-nio-ssl.build/Debug-iphonesimulator/CNIOBoringSSL.build/Objects-normal/arm64/curve25519_64_adx.dia -c /Users/j/Documents/GitHub/MoneroOne/build/SourcePackages/checkouts/swift-nio-ssl/Sources/CNIOBoringSSL/crypto/curve25519/curve25519_64_adx.cc -o /Users/j/Documents/GitHub/MoneroOne/build/Build/Intermediates.noindex/swift-nio-ssl.build/Debug-iphonesimulator/CNIOBoringSSL.build/Objects-normal/arm64/curve25519_64_adx.o -index-unit-output-path /swift-nio-ssl.build/Debug-iphonesimulator/CNIOBoringSSL.build/Objects-normal/arm64/curve25519_64_adx.o

CompileC /Users/j/Documents/GitHub/MoneroOne/build/Build/Intermediates.noindex/swift-nio-ssl.build/Debug-iphonesimulator/CNIOBoringSSL.build/Objects-normal/arm64/curve25519.o /Users/j/Documents/GitHub/MoneroOne/build/SourcePackages/checkouts/swift-nio-ssl/Sources/CNIOBoringSSL/crypto/curve25519/curve25519.cc normal arm64 c++ com.apple.compilers.llvm.clang.1_0.compiler (in target 'CNIOBoringSSL' from project 'swift-nio-ssl')
    cd /Users/j/Documents/GitHub/MoneroOne/MoneroOne.xcodeproj
    
    Using response file: /Users/j/Documents/GitHub/MoneroOne/build/Build/Intermediates.noindex/swift-nio-ssl.build/Debug-iphonesimulator/CNIOBoringSSL.build/Objects-normal/arm64/82b82416624d2658e5098eb0a28c15c5-common-args.resp
    
    /Applications/Xcode.app/Contents/Developer/Toolchains/XcodeDefault.xctoolchain/usr/bin/clang -x c++ -ivfsstatcache /Users/j/Documents/GitHub/MoneroOne/build/SDKStatCaches.noindex/iphonesimulator26.1-23B77-90cf18a4295e390e64c810bc6bd7acbc.sdkstatcache -fmessage-length\=0 -fdiagnostics-show-note-include-stack -fmacro-backtrace-limit\=0 -fno-color-diagnostics -fmodules-prune-interval\=86400 -fmodules-prune-after\=345600 -fbuild-session-file\=/Users/j/Documents/GitHub/MoneroOne/build/ModuleCache.noindex/Session.modulevalidation -fmodules-validate-once-per-build-session -Wnon-modular-include-in-framework-module -Werror\=non-modular-include-in-framework-module -Wno-trigraphs -Wno-missing-field-initializers -Wno-missing-prototypes -Wno-return-type -Wno-non-virtual-dtor -Wno-overloaded-virtual -Wno-exit-time-destructors -Wno-missing-braces -Wparentheses -Wswitch -Wno-unused-function -Wno-unused-label -Wno-unused-parameter -Wno-unused-variable -Wunused-value -Wno-empty-body -Wno-uninitialized -Wno-unknown-pragmas -w -Wno-shadow -Wno-four-char-constants -Wno-conversion -Wno-constant-conversion -Wno-int-conversion -Wno-bool-conversion -Wno-enum-conversion -Wno-float-conversion -Wno-non-literal-null-conversion -Wno-objc-literal-conversion -Wshorten-64-to-32 -Wno-newline-eof -Wno-c++11-extensions -Wno-implicit-fallthrough -fstrict-aliasing -Wdeprecated-declarations -Winvalid-offsetof -Wno-sign-conversion -Wno-infinite-recursion -Wno-move -Wno-comma -Wno-block-capture-autoreleasing -Wno-strict-prototypes -Wno-range-loop-analysis -Wno-semicolon-before-method-body -index-store-path /Users/j/Documents/GitHub/MoneroOne/build/Index.noindex/DataStore @/Users/j/Documents/GitHub/MoneroOne/build/Build/Intermediates.noindex/swift-nio-ssl.build/Debug-iphonesimulator/CNIOBoringSSL.build/Objects-normal/arm64/82b82416624d2658e5098eb0a28c15c5-common-args.resp -MMD -MT dependencies -MF /Users/j/Documents/GitHub/MoneroOne/build/Build/Intermediates.noindex/swift-nio-ssl.build/Debug-iphonesimulator/CNIOBoringSSL.build/Objects-normal/arm64/curve25519.d --serialize-diagnostics /Users/j/Documents/GitHub/MoneroOne/build/Build/Intermediates.noindex/swift-nio-ssl.build/Debug-iphonesimulator/CNIOBoringSSL.build/Objects-normal/arm64/curve25519.dia -c /Users/j/Documents/GitHub/MoneroOne/build/SourcePackages/checkouts/swift-nio-ssl/Sources/CNIOBoringSSL/crypto/curve25519/curve25519.cc -o /Users/j/Documents/GitHub/MoneroOne/build/Build/Intermediates.noindex/swift-nio-ssl.build/Debug-iphonesimulator/CNIOBoringSSL.build/Objects-normal/arm64/curve25519.o -index-unit-output-path /swift-nio-ssl.build/Debug-iphonesimulator/CNIOBoringSSL.build/Objects-normal/arm64/curve25519.o

CompileC /Users/j/Documents/GitHub/MoneroOne/build/Build/Intermediates.noindex/swift-nio-ssl.build/Debug-iphonesimulator/CNIOBoringSSL.build/Objects-normal/arm64/crypto.o /Users/j/Documents/GitHub/MoneroOne/build/SourcePackages/checkouts/swift-nio-ssl/Sources/CNIOBoringSSL/crypto/crypto.cc normal arm64 c++ com.apple.compilers.llvm.clang.1_0.compiler (in target 'CNIOBoringSSL' from project 'swift-nio-ssl')
    cd /Users/j/Documents/GitHub/MoneroOne/MoneroOne.xcodeproj
    
    Using response file: /Users/j/Documents/GitHub/MoneroOne/build/Build/Intermediates.noindex/swift-nio-ssl.build/Debug-iphonesimulator/CNIOBoringSSL.build/Objects-normal/arm64/82b82416624d2658e5098eb0a28c15c5-common-args.resp
    
    /Applications/Xcode.app/Contents/Developer/Toolchains/XcodeDefault.xctoolchain/usr/bin/clang -x c++ -ivfsstatcache /Users/j/Documents/GitHub/MoneroOne/build/SDKStatCaches.noindex/iphonesimulator26.1-23B77-90cf18a4295e390e64c810bc6bd7acbc.sdkstatcache -fmessage-length\=0 -fdiagnostics-show-note-include-stack -fmacro-backtrace-limit\=0 -fno-color-diagnostics -fmodules-prune-interval\=86400 -fmodules-prune-after\=345600 -fbuild-session-file\=/Users/j/Documents/GitHub/MoneroOne/build/ModuleCache.noindex/Session.modulevalidation -fmodules-validate-once-per-build-session -Wnon-modular-include-in-framework-module -Werror\=non-modular-include-in-framework-module -Wno-trigraphs -Wno-missing-field-initializers -Wno-missing-prototypes -Wno-return-type -Wno-non-virtual-dtor -Wno-overloaded-virtual -Wno-exit-time-destructors -Wno-missing-braces -Wparentheses -Wswitch -Wno-unused-function -Wno-unused-label -Wno-unused-parameter -Wno-unused-variable -Wunused-value -Wno-empty-body -Wno-uninitialized -Wno-unknown-pragmas -w -Wno-shadow -Wno-four-char-constants -Wno-conversion -Wno-constant-conversion -Wno-int-conversion -Wno-bool-conversion -Wno-enum-conversion -Wno-float-conversion -Wno-non-literal-null-conversion -Wno-objc-literal-conversion -Wshorten-64-to-32 -Wno-newline-eof -Wno-c++11-extensions -Wno-implicit-fallthrough -fstrict-aliasing -Wdeprecated-declarations -Winvalid-offsetof -Wno-sign-conversion -Wno-infinite-recursion -Wno-move -Wno-comma -Wno-block-capture-autoreleasing -Wno-strict-prototypes -Wno-range-loop-analysis -Wno-semicolon-before-method-body -index-store-path /Users/j/Documents/GitHub/MoneroOne/build/Index.noindex/DataStore @/Users/j/Documents/GitHub/MoneroOne/build/Build/Intermediates.noindex/swift-nio-ssl.build/Debug-iphonesimulator/CNIOBoringSSL.build/Objects-normal/arm64/82b82416624d2658e5098eb0a28c15c5-common-args.resp -MMD -MT dependencies -MF /Users/j/Documents/GitHub/MoneroOne/build/Build/Intermediates.noindex/swift-nio-ssl.build/Debug-iphonesimulator/CNIOBoringSSL.build/Objects-normal/arm64/crypto.d --serialize-diagnostics /Users/j/Documents/GitHub/MoneroOne/build/Build/Intermediates.noindex/swift-nio-ssl.build/Debug-iphonesimulator/CNIOBoringSSL.build/Objects-normal/arm64/crypto.dia -c /Users/j/Documents/GitHub/MoneroOne/build/SourcePackages/checkouts/swift-nio-ssl/Sources/CNIOBoringSSL/crypto/crypto.cc -o /Users/j/Documents/GitHub/MoneroOne/build/Build/Intermediates.noindex/swift-nio-ssl.build/Debug-iphonesimulator/CNIOBoringSSL.build/Objects-normal/arm64/crypto.o -index-unit-output-path /swift-nio-ssl.build/Debug-iphonesimulator/CNIOBoringSSL.build/Objects-normal/arm64/crypto.o

CompileC /Users/j/Documents/GitHub/MoneroOne/build/Build/Intermediates.noindex/swift-nio-ssl.build/Debug-iphonesimulator/CNIOBoringSSL.build/Objects-normal/arm64/cpu_intel.o /Users/j/Documents/GitHub/MoneroOne/build/SourcePackages/checkouts/swift-nio-ssl/Sources/CNIOBoringSSL/crypto/cpu_intel.cc normal arm64 c++ com.apple.compilers.llvm.clang.1_0.compiler (in target 'CNIOBoringSSL' from project 'swift-nio-ssl')
    cd /Users/j/Documents/GitHub/MoneroOne/MoneroOne.xcodeproj
    
    Using response file: /Users/j/Documents/GitHub/MoneroOne/build/Build/Intermediates.noindex/swift-nio-ssl.build/Debug-iphonesimulator/CNIOBoringSSL.build/Objects-normal/arm64/82b82416624d2658e5098eb0a28c15c5-common-args.resp
    
    /Applications/Xcode.app/Contents/Developer/Toolchains/XcodeDefault.xctoolchain/usr/bin/clang -x c++ -ivfsstatcache /Users/j/Documents/GitHub/MoneroOne/build/SDKStatCaches.noindex/iphonesimulator26.1-23B77-90cf18a4295e390e64c810bc6bd7acbc.sdkstatcache -fmessage-length\=0 -fdiagnostics-show-note-include-stack -fmacro-backtrace-limit\=0 -fno-color-diagnostics -fmodules-prune-interval\=86400 -fmodules-prune-after\=345600 -fbuild-session-file\=/Users/j/Documents/GitHub/MoneroOne/build/ModuleCache.noindex/Session.modulevalidation -fmodules-validate-once-per-build-session -Wnon-modular-include-in-framework-module -Werror\=non-modular-include-in-framework-module -Wno-trigraphs -Wno-missing-field-initializers -Wno-missing-prototypes -Wno-return-type -Wno-non-virtual-dtor -Wno-overloaded-virtual -Wno-exit-time-destructors -Wno-missing-braces -Wparentheses -Wswitch -Wno-unused-function -Wno-unused-label -Wno-unused-parameter -Wno-unused-variable -Wunused-value -Wno-empty-body -Wno-uninitialized -Wno-unknown-pragmas -w -Wno-shadow -Wno-four-char-constants -Wno-conversion -Wno-constant-conversion -Wno-int-conversion -Wno-bool-conversion -Wno-enum-conversion -Wno-float-conversion -Wno-non-literal-null-conversion -Wno-objc-literal-conversion -Wshorten-64-to-32 -Wno-newline-eof -Wno-c++11-extensions -Wno-implicit-fallthrough -fstrict-aliasing -Wdeprecated-declarations -Winvalid-offsetof -Wno-sign-conversion -Wno-infinite-recursion -Wno-move -Wno-comma -Wno-block-capture-autoreleasing -Wno-strict-prototypes -Wno-range-loop-analysis -Wno-semicolon-before-method-body -index-store-path /Users/j/Documents/GitHub/MoneroOne/build/Index.noindex/DataStore @/Users/j/Documents/GitHub/MoneroOne/build/Build/Intermediates.noindex/swift-nio-ssl.build/Debug-iphonesimulator/CNIOBoringSSL.build/Objects-normal/arm64/82b82416624d2658e5098eb0a28c15c5-common-args.resp -MMD -MT dependencies -MF /Users/j/Documents/GitHub/MoneroOne/build/Build/Intermediates.noindex/swift-nio-ssl.build/Debug-iphonesimulator/CNIOBoringSSL.build/Objects-normal/arm64/cpu_intel.d --serialize-diagnostics /Users/j/Documents/GitHub/MoneroOne/build/Build/Intermediates.noindex/swift-nio-ssl.build/Debug-iphonesimulator/CNIOBoringSSL.build/Objects-normal/arm64/cpu_intel.dia -c /Users/j/Documents/GitHub/MoneroOne/build/SourcePackages/checkouts/swift-nio-ssl/Sources/CNIOBoringSSL/crypto/cpu_intel.cc -o /Users/j/Documents/GitHub/MoneroOne/build/Build/Intermediates.noindex/swift-nio-ssl.build/Debug-iphonesimulator/CNIOBoringSSL.build/Objects-normal/arm64/cpu_intel.o -index-unit-output-path /swift-nio-ssl.build/Debug-iphonesimulator/CNIOBoringSSL.build/Objects-normal/arm64/cpu_intel.o

CompileC /Users/j/Documents/GitHub/MoneroOne/build/Build/Intermediates.noindex/swift-nio-ssl.build/Debug-iphonesimulator/CNIOBoringSSL.build/Objects-normal/arm64/cpu_arm_linux.o /Users/j/Documents/GitHub/MoneroOne/build/SourcePackages/checkouts/swift-nio-ssl/Sources/CNIOBoringSSL/crypto/cpu_arm_linux.cc normal arm64 c++ com.apple.compilers.llvm.clang.1_0.compiler (in target 'CNIOBoringSSL' from project 'swift-nio-ssl')
    cd /Users/j/Documents/GitHub/MoneroOne/MoneroOne.xcodeproj
    
    Using response file: /Users/j/Documents/GitHub/MoneroOne/build/Build/Intermediates.noindex/swift-nio-ssl.build/Debug-iphonesimulator/CNIOBoringSSL.build/Objects-normal/arm64/82b82416624d2658e5098eb0a28c15c5-common-args.resp
    
    /Applications/Xcode.app/Contents/Developer/Toolchains/XcodeDefault.xctoolchain/usr/bin/clang -x c++ -ivfsstatcache /Users/j/Documents/GitHub/MoneroOne/build/SDKStatCaches.noindex/iphonesimulator26.1-23B77-90cf18a4295e390e64c810bc6bd7acbc.sdkstatcache -fmessage-length\=0 -fdiagnostics-show-note-include-stack -fmacro-backtrace-limit\=0 -fno-color-diagnostics -fmodules-prune-interval\=86400 -fmodules-prune-after\=345600 -fbuild-session-file\=/Users/j/Documents/GitHub/MoneroOne/build/ModuleCache.noindex/Session.modulevalidation -fmodules-validate-once-per-build-session -Wnon-modular-include-in-framework-module -Werror\=non-modular-include-in-framework-module -Wno-trigraphs -Wno-missing-field-initializers -Wno-missing-prototypes -Wno-return-type -Wno-non-virtual-dtor -Wno-overloaded-virtual -Wno-exit-time-destructors -Wno-missing-braces -Wparentheses -Wswitch -Wno-unused-function -Wno-unused-label -Wno-unused-parameter -Wno-unused-variable -Wunused-value -Wno-empty-body -Wno-uninitialized -Wno-unknown-pragmas -w -Wno-shadow -Wno-four-char-constants -Wno-conversion -Wno-constant-conversion -Wno-int-conversion -Wno-bool-conversion -Wno-enum-conversion -Wno-float-conversion -Wno-non-literal-null-conversion -Wno-objc-literal-conversion -Wshorten-64-to-32 -Wno-newline-eof -Wno-c++11-extensions -Wno-implicit-fallthrough -fstrict-aliasing -Wdeprecated-declarations -Winvalid-offsetof -Wno-sign-conversion -Wno-infinite-recursion -Wno-move -Wno-comma -Wno-block-capture-autoreleasing -Wno-strict-prototypes -Wno-range-loop-analysis -Wno-semicolon-before-method-body -index-store-path /Users/j/Documents/GitHub/MoneroOne/build/Index.noindex/DataStore @/Users/j/Documents/GitHub/MoneroOne/build/Build/Intermediates.noindex/swift-nio-ssl.build/Debug-iphonesimulator/CNIOBoringSSL.build/Objects-normal/arm64/82b82416624d2658e5098eb0a28c15c5-common-args.resp -MMD -MT dependencies -MF /Users/j/Documents/GitHub/MoneroOne/build/Build/Intermediates.noindex/swift-nio-ssl.build/Debug-iphonesimulator/CNIOBoringSSL.build/Objects-normal/arm64/cpu_arm_linux.d --serialize-diagnostics /Users/j/Documents/GitHub/MoneroOne/build/Build/Intermediates.noindex/swift-nio-ssl.build/Debug-iphonesimulator/CNIOBoringSSL.build/Objects-normal/arm64/cpu_arm_linux.dia -c /Users/j/Documents/GitHub/MoneroOne/build/SourcePackages/checkouts/swift-nio-ssl/Sources/CNIOBoringSSL/crypto/cpu_arm_linux.cc -o /Users/j/Documents/GitHub/MoneroOne/build/Build/Intermediates.noindex/swift-nio-ssl.build/Debug-iphonesimulator/CNIOBoringSSL.build/Objects-normal/arm64/cpu_arm_linux.o -index-unit-output-path /swift-nio-ssl.build/Debug-iphonesimulator/CNIOBoringSSL.build/Objects-normal/arm64/cpu_arm_linux.o

CompileC /Users/j/Documents/GitHub/MoneroOne/build/Build/Intermediates.noindex/swift-nio-ssl.build/Debug-iphonesimulator/CNIOBoringSSL.build/Objects-normal/arm64/cpu_arm_freebsd.o /Users/j/Documents/GitHub/MoneroOne/build/SourcePackages/checkouts/swift-nio-ssl/Sources/CNIOBoringSSL/crypto/cpu_arm_freebsd.cc normal arm64 c++ com.apple.compilers.llvm.clang.1_0.compiler (in target 'CNIOBoringSSL' from project 'swift-nio-ssl')
    cd /Users/j/Documents/GitHub/MoneroOne/MoneroOne.xcodeproj
    
    Using response file: /Users/j/Documents/GitHub/MoneroOne/build/Build/Intermediates.noindex/swift-nio-ssl.build/Debug-iphonesimulator/CNIOBoringSSL.build/Objects-normal/arm64/82b82416624d2658e5098eb0a28c15c5-common-args.resp
    
    /Applications/Xcode.app/Contents/Developer/Toolchains/XcodeDefault.xctoolchain/usr/bin/clang -x c++ -ivfsstatcache /Users/j/Documents/GitHub/MoneroOne/build/SDKStatCaches.noindex/iphonesimulator26.1-23B77-90cf18a4295e390e64c810bc6bd7acbc.sdkstatcache -fmessage-length\=0 -fdiagnostics-show-note-include-stack -fmacro-backtrace-limit\=0 -fno-color-diagnostics -fmodules-prune-interval\=86400 -fmodules-prune-after\=345600 -fbuild-session-file\=/Users/j/Documents/GitHub/MoneroOne/build/ModuleCache.noindex/Session.modulevalidation -fmodules-validate-once-per-build-session -Wnon-modular-include-in-framework-module -Werror\=non-modular-include-in-framework-module -Wno-trigraphs -Wno-missing-field-initializers -Wno-missing-prototypes -Wno-return-type -Wno-non-virtual-dtor -Wno-overloaded-virtual -Wno-exit-time-destructors -Wno-missing-braces -Wparentheses -Wswitch -Wno-unused-function -Wno-unused-label -Wno-unused-parameter -Wno-unused-variable -Wunused-value -Wno-empty-body -Wno-uninitialized -Wno-unknown-pragmas -w -Wno-shadow -Wno-four-char-constants -Wno-conversion -Wno-constant-conversion -Wno-int-conversion -Wno-bool-conversion -Wno-enum-conversion -Wno-float-conversion -Wno-non-literal-null-conversion -Wno-objc-literal-conversion -Wshorten-64-to-32 -Wno-newline-eof -Wno-c++11-extensions -Wno-implicit-fallthrough -fstrict-aliasing -Wdeprecated-declarations -Winvalid-offsetof -Wno-sign-conversion -Wno-infinite-recursion -Wno-move -Wno-comma -Wno-block-capture-autoreleasing -Wno-strict-prototypes -Wno-range-loop-analysis -Wno-semicolon-before-method-body -index-store-path /Users/j/Documents/GitHub/MoneroOne/build/Index.noindex/DataStore @/Users/j/Documents/GitHub/MoneroOne/build/Build/Intermediates.noindex/swift-nio-ssl.build/Debug-iphonesimulator/CNIOBoringSSL.build/Objects-normal/arm64/82b82416624d2658e5098eb0a28c15c5-common-args.resp -MMD -MT dependencies -MF /Users/j/Documents/GitHub/MoneroOne/build/Build/Intermediates.noindex/swift-nio-ssl.build/Debug-iphonesimulator/CNIOBoringSSL.build/Objects-normal/arm64/cpu_arm_freebsd.d --serialize-diagnostics /Users/j/Documents/GitHub/MoneroOne/build/Build/Intermediates.noindex/swift-nio-ssl.build/Debug-iphonesimulator/CNIOBoringSSL.build/Objects-normal/arm64/cpu_arm_freebsd.dia -c /Users/j/Documents/GitHub/MoneroOne/build/SourcePackages/checkouts/swift-nio-ssl/Sources/CNIOBoringSSL/crypto/cpu_arm_freebsd.cc -o /Users/j/Documents/GitHub/MoneroOne/build/Build/Intermediates.noindex/swift-nio-ssl.build/Debug-iphonesimulator/CNIOBoringSSL.build/Objects-normal/arm64/cpu_arm_freebsd.o -index-unit-output-path /swift-nio-ssl.build/Debug-iphonesimulator/CNIOBoringSSL.build/Objects-normal/arm64/cpu_arm_freebsd.o

CompileC /Users/j/Documents/GitHub/MoneroOne/build/Build/Intermediates.noindex/swift-nio-ssl.build/Debug-iphonesimulator/CNIOBoringSSL.build/Objects-normal/arm64/cpu_aarch64_win.o /Users/j/Documents/GitHub/MoneroOne/build/SourcePackages/checkouts/swift-nio-ssl/Sources/CNIOBoringSSL/crypto/cpu_aarch64_win.cc normal arm64 c++ com.apple.compilers.llvm.clang.1_0.compiler (in target 'CNIOBoringSSL' from project 'swift-nio-ssl')
    cd /Users/j/Documents/GitHub/MoneroOne/MoneroOne.xcodeproj
    
    Using response file: /Users/j/Documents/GitHub/MoneroOne/build/Build/Intermediates.noindex/swift-nio-ssl.build/Debug-iphonesimulator/CNIOBoringSSL.build/Objects-normal/arm64/82b82416624d2658e5098eb0a28c15c5-common-args.resp
    
    /Applications/Xcode.app/Contents/Developer/Toolchains/XcodeDefault.xctoolchain/usr/bin/clang -x c++ -ivfsstatcache /Users/j/Documents/GitHub/MoneroOne/build/SDKStatCaches.noindex/iphonesimulator26.1-23B77-90cf18a4295e390e64c810bc6bd7acbc.sdkstatcache -fmessage-length\=0 -fdiagnostics-show-note-include-stack -fmacro-backtrace-limit\=0 -fno-color-diagnostics -fmodules-prune-interval\=86400 -fmodules-prune-after\=345600 -fbuild-session-file\=/Users/j/Documents/GitHub/MoneroOne/build/ModuleCache.noindex/Session.modulevalidation -fmodules-validate-once-per-build-session -Wnon-modular-include-in-framework-module -Werror\=non-modular-include-in-framework-module -Wno-trigraphs -Wno-missing-field-initializers -Wno-missing-prototypes -Wno-return-type -Wno-non-virtual-dtor -Wno-overloaded-virtual -Wno-exit-time-destructors -Wno-missing-braces -Wparentheses -Wswitch -Wno-unused-function -Wno-unused-label -Wno-unused-parameter -Wno-unused-variable -Wunused-value -Wno-empty-body -Wno-uninitialized -Wno-unknown-pragmas -w -Wno-shadow -Wno-four-char-constants -Wno-conversion -Wno-constant-conversion -Wno-int-conversion -Wno-bool-conversion -Wno-enum-conversion -Wno-float-conversion -Wno-non-literal-null-conversion -Wno-objc-literal-conversion -Wshorten-64-to-32 -Wno-newline-eof -Wno-c++11-extensions -Wno-implicit-fallthrough -fstrict-aliasing -Wdeprecated-declarations -Winvalid-offsetof -Wno-sign-conversion -Wno-infinite-recursion -Wno-move -Wno-comma -Wno-block-capture-autoreleasing -Wno-strict-prototypes -Wno-range-loop-analysis -Wno-semicolon-before-method-body -index-store-path /Users/j/Documents/GitHub/MoneroOne/build/Index.noindex/DataStore @/Users/j/Documents/GitHub/MoneroOne/build/Build/Intermediates.noindex/swift-nio-ssl.build/Debug-iphonesimulator/CNIOBoringSSL.build/Objects-normal/arm64/82b82416624d2658e5098eb0a28c15c5-common-args.resp -MMD -MT dependencies -MF /Users/j/Documents/GitHub/MoneroOne/build/Build/Intermediates.noindex/swift-nio-ssl.build/Debug-iphonesimulator/CNIOBoringSSL.build/Objects-normal/arm64/cpu_aarch64_win.d --serialize-diagnostics /Users/j/Documents/GitHub/MoneroOne/build/Build/Intermediates.noindex/swift-nio-ssl.build/Debug-iphonesimulator/CNIOBoringSSL.build/Objects-normal/arm64/cpu_aarch64_win.dia -c /Users/j/Documents/GitHub/MoneroOne/build/SourcePackages/checkouts/swift-nio-ssl/Sources/CNIOBoringSSL/crypto/cpu_aarch64_win.cc -o /Users/j/Documents/GitHub/MoneroOne/build/Build/Intermediates.noindex/swift-nio-ssl.build/Debug-iphonesimulator/CNIOBoringSSL.build/Objects-normal/arm64/cpu_aarch64_win.o -index-unit-output-path /swift-nio-ssl.build/Debug-iphonesimulator/CNIOBoringSSL.build/Objects-normal/arm64/cpu_aarch64_win.o

CompileC /Users/j/Documents/GitHub/MoneroOne/build/Build/Intermediates.noindex/swift-nio-ssl.build/Debug-iphonesimulator/CNIOBoringSSL.build/Objects-normal/arm64/cpu_aarch64_sysreg.o /Users/j/Documents/GitHub/MoneroOne/build/SourcePackages/checkouts/swift-nio-ssl/Sources/CNIOBoringSSL/crypto/cpu_aarch64_sysreg.cc normal arm64 c++ com.apple.compilers.llvm.clang.1_0.compiler (in target 'CNIOBoringSSL' from project 'swift-nio-ssl')
    cd /Users/j/Documents/GitHub/MoneroOne/MoneroOne.xcodeproj
    
    Using response file: /Users/j/Documents/GitHub/MoneroOne/build/Build/Intermediates.noindex/swift-nio-ssl.build/Debug-iphonesimulator/CNIOBoringSSL.build/Objects-normal/arm64/82b82416624d2658e5098eb0a28c15c5-common-args.resp
    
    /Applications/Xcode.app/Contents/Developer/Toolchains/XcodeDefault.xctoolchain/usr/bin/clang -x c++ -ivfsstatcache /Users/j/Documents/GitHub/MoneroOne/build/SDKStatCaches.noindex/iphonesimulator26.1-23B77-90cf18a4295e390e64c810bc6bd7acbc.sdkstatcache -fmessage-length\=0 -fdiagnostics-show-note-include-stack -fmacro-backtrace-limit\=0 -fno-color-diagnostics -fmodules-prune-interval\=86400 -fmodules-prune-after\=345600 -fbuild-session-file\=/Users/j/Documents/GitHub/MoneroOne/build/ModuleCache.noindex/Session.modulevalidation -fmodules-validate-once-per-build-session -Wnon-modular-include-in-framework-module -Werror\=non-modular-include-in-framework-module -Wno-trigraphs -Wno-missing-field-initializers -Wno-missing-prototypes -Wno-return-type -Wno-non-virtual-dtor -Wno-overloaded-virtual -Wno-exit-time-destructors -Wno-missing-braces -Wparentheses -Wswitch -Wno-unused-function -Wno-unused-label -Wno-unused-parameter -Wno-unused-variable -Wunused-value -Wno-empty-body -Wno-uninitialized -Wno-unknown-pragmas -w -Wno-shadow -Wno-four-char-constants -Wno-conversion -Wno-constant-conversion -Wno-int-conversion -Wno-bool-conversion -Wno-enum-conversion -Wno-float-conversion -Wno-non-literal-null-conversion -Wno-objc-literal-conversion -Wshorten-64-to-32 -Wno-newline-eof -Wno-c++11-extensions -Wno-implicit-fallthrough -fstrict-aliasing -Wdeprecated-declarations -Winvalid-offsetof -Wno-sign-conversion -Wno-infinite-recursion -Wno-move -Wno-comma -Wno-block-capture-autoreleasing -Wno-strict-prototypes -Wno-range-loop-analysis -Wno-semicolon-before-method-body -index-store-path /Users/j/Documents/GitHub/MoneroOne/build/Index.noindex/DataStore @/Users/j/Documents/GitHub/MoneroOne/build/Build/Intermediates.noindex/swift-nio-ssl.build/Debug-iphonesimulator/CNIOBoringSSL.build/Objects-normal/arm64/82b82416624d2658e5098eb0a28c15c5-common-args.resp -MMD -MT dependencies -MF /Users/j/Documents/GitHub/MoneroOne/build/Build/Intermediates.noindex/swift-nio-ssl.build/Debug-iphonesimulator/CNIOBoringSSL.build/Objects-normal/arm64/cpu_aarch64_sysreg.d --serialize-diagnostics /Users/j/Documents/GitHub/MoneroOne/build/Build/Intermediates.noindex/swift-nio-ssl.build/Debug-iphonesimulator/CNIOBoringSSL.build/Objects-normal/arm64/cpu_aarch64_sysreg.dia -c /Users/j/Documents/GitHub/MoneroOne/build/SourcePackages/checkouts/swift-nio-ssl/Sources/CNIOBoringSSL/crypto/cpu_aarch64_sysreg.cc -o /Users/j/Documents/GitHub/MoneroOne/build/Build/Intermediates.noindex/swift-nio-ssl.build/Debug-iphonesimulator/CNIOBoringSSL.build/Objects-normal/arm64/cpu_aarch64_sysreg.o -index-unit-output-path /swift-nio-ssl.build/Debug-iphonesimulator/CNIOBoringSSL.build/Objects-normal/arm64/cpu_aarch64_sysreg.o

CompileC /Users/j/Documents/GitHub/MoneroOne/build/Build/Intermediates.noindex/swift-nio-ssl.build/Debug-iphonesimulator/CNIOBoringSSL.build/Objects-normal/arm64/cpu_aarch64_openbsd.o /Users/j/Documents/GitHub/MoneroOne/build/SourcePackages/checkouts/swift-nio-ssl/Sources/CNIOBoringSSL/crypto/cpu_aarch64_openbsd.cc normal arm64 c++ com.apple.compilers.llvm.clang.1_0.compiler (in target 'CNIOBoringSSL' from project 'swift-nio-ssl')
    cd /Users/j/Documents/GitHub/MoneroOne/MoneroOne.xcodeproj
    
    Using response file: /Users/j/Documents/GitHub/MoneroOne/build/Build/Intermediates.noindex/swift-nio-ssl.build/Debug-iphonesimulator/CNIOBoringSSL.build/Objects-normal/arm64/82b82416624d2658e5098eb0a28c15c5-common-args.resp
    
    /Applications/Xcode.app/Contents/Developer/Toolchains/XcodeDefault.xctoolchain/usr/bin/clang -x c++ -ivfsstatcache /Users/j/Documents/GitHub/MoneroOne/build/SDKStatCaches.noindex/iphonesimulator26.1-23B77-90cf18a4295e390e64c810bc6bd7acbc.sdkstatcache -fmessage-length\=0 -fdiagnostics-show-note-include-stack -fmacro-backtrace-limit\=0 -fno-color-diagnostics -fmodules-prune-interval\=86400 -fmodules-prune-after\=345600 -fbuild-session-file\=/Users/j/Documents/GitHub/MoneroOne/build/ModuleCache.noindex/Session.modulevalidation -fmodules-validate-once-per-build-session -Wnon-modular-include-in-framework-module -Werror\=non-modular-include-in-framework-module -Wno-trigraphs -Wno-missing-field-initializers -Wno-missing-prototypes -Wno-return-type -Wno-non-virtual-dtor -Wno-overloaded-virtual -Wno-exit-time-destructors -Wno-missing-braces -Wparentheses -Wswitch -Wno-unused-function -Wno-unused-label -Wno-unused-parameter -Wno-unused-variable -Wunused-value -Wno-empty-body -Wno-uninitialized -Wno-unknown-pragmas -w -Wno-shadow -Wno-four-char-constants -Wno-conversion -Wno-constant-conversion -Wno-int-conversion -Wno-bool-conversion -Wno-enum-conversion -Wno-float-conversion -Wno-non-literal-null-conversion -Wno-objc-literal-conversion -Wshorten-64-to-32 -Wno-newline-eof -Wno-c++11-extensions -Wno-implicit-fallthrough -fstrict-aliasing -Wdeprecated-declarations -Winvalid-offsetof -Wno-sign-conversion -Wno-infinite-recursion -Wno-move -Wno-comma -Wno-block-capture-autoreleasing -Wno-strict-prototypes -Wno-range-loop-analysis -Wno-semicolon-before-method-body -index-store-path /Users/j/Documents/GitHub/MoneroOne/build/Index.noindex/DataStore @/Users/j/Documents/GitHub/MoneroOne/build/Build/Intermediates.noindex/swift-nio-ssl.build/Debug-iphonesimulator/CNIOBoringSSL.build/Objects-normal/arm64/82b82416624d2658e5098eb0a28c15c5-common-args.resp -MMD -MT dependencies -MF /Users/j/Documents/GitHub/MoneroOne/build/Build/Intermediates.noindex/swift-nio-ssl.build/Debug-iphonesimulator/CNIOBoringSSL.build/Objects-normal/arm64/cpu_aarch64_openbsd.d --serialize-diagnostics /Users/j/Documents/GitHub/MoneroOne/build/Build/Intermediates.noindex/swift-nio-ssl.build/Debug-iphonesimulator/CNIOBoringSSL.build/Objects-normal/arm64/cpu_aarch64_openbsd.dia -c /Users/j/Documents/GitHub/MoneroOne/build/SourcePackages/checkouts/swift-nio-ssl/Sources/CNIOBoringSSL/crypto/cpu_aarch64_openbsd.cc -o /Users/j/Documents/GitHub/MoneroOne/build/Build/Intermediates.noindex/swift-nio-ssl.build/Debug-iphonesimulator/CNIOBoringSSL.build/Objects-normal/arm64/cpu_aarch64_openbsd.o -index-unit-output-path /swift-nio-ssl.build/Debug-iphonesimulator/CNIOBoringSSL.build/Objects-normal/arm64/cpu_aarch64_openbsd.o

CompileC /Users/j/Documents/GitHub/MoneroOne/build/Build/Intermediates.noindex/swift-nio-ssl.build/Debug-iphonesimulator/CNIOBoringSSL.build/Objects-normal/arm64/cpu_aarch64_linux.o /Users/j/Documents/GitHub/MoneroOne/build/SourcePackages/checkouts/swift-nio-ssl/Sources/CNIOBoringSSL/crypto/cpu_aarch64_linux.cc normal arm64 c++ com.apple.compilers.llvm.clang.1_0.compiler (in target 'CNIOBoringSSL' from project 'swift-nio-ssl')
    cd /Users/j/Documents/GitHub/MoneroOne/MoneroOne.xcodeproj
    
    Using response file: /Users/j/Documents/GitHub/MoneroOne/build/Build/Intermediates.noindex/swift-nio-ssl.build/Debug-iphonesimulator/CNIOBoringSSL.build/Objects-normal/arm64/82b82416624d2658e5098eb0a28c15c5-common-args.resp
    
    /Applications/Xcode.app/Contents/Developer/Toolchains/XcodeDefault.xctoolchain/usr/bin/clang -x c++ -ivfsstatcache /Users/j/Documents/GitHub/MoneroOne/build/SDKStatCaches.noindex/iphonesimulator26.1-23B77-90cf18a4295e390e64c810bc6bd7acbc.sdkstatcache -fmessage-length\=0 -fdiagnostics-show-note-include-stack -fmacro-backtrace-limit\=0 -fno-color-diagnostics -fmodules-prune-interval\=86400 -fmodules-prune-after\=345600 -fbuild-session-file\=/Users/j/Documents/GitHub/MoneroOne/build/ModuleCache.noindex/Session.modulevalidation -fmodules-validate-once-per-build-session -Wnon-modular-include-in-framework-module -Werror\=non-modular-include-in-framework-module -Wno-trigraphs -Wno-missing-field-initializers -Wno-missing-prototypes -Wno-return-type -Wno-non-virtual-dtor -Wno-overloaded-virtual -Wno-exit-time-destructors -Wno-missing-braces -Wparentheses -Wswitch -Wno-unused-function -Wno-unused-label -Wno-unused-parameter -Wno-unused-variable -Wunused-value -Wno-empty-body -Wno-uninitialized -Wno-unknown-pragmas -w -Wno-shadow -Wno-four-char-constants -Wno-conversion -Wno-constant-conversion -Wno-int-conversion -Wno-bool-conversion -Wno-enum-conversion -Wno-float-conversion -Wno-non-literal-null-conversion -Wno-objc-literal-conversion -Wshorten-64-to-32 -Wno-newline-eof -Wno-c++11-extensions -Wno-implicit-fallthrough -fstrict-aliasing -Wdeprecated-declarations -Winvalid-offsetof -Wno-sign-conversion -Wno-infinite-recursion -Wno-move -Wno-comma -Wno-block-capture-autoreleasing -Wno-strict-prototypes -Wno-range-loop-analysis -Wno-semicolon-before-method-body -index-store-path /Users/j/Documents/GitHub/MoneroOne/build/Index.noindex/DataStore @/Users/j/Documents/GitHub/MoneroOne/build/Build/Intermediates.noindex/swift-nio-ssl.build/Debug-iphonesimulator/CNIOBoringSSL.build/Objects-normal/arm64/82b82416624d2658e5098eb0a28c15c5-common-args.resp -MMD -MT dependencies -MF /Users/j/Documents/GitHub/MoneroOne/build/Build/Intermediates.noindex/swift-nio-ssl.build/Debug-iphonesimulator/CNIOBoringSSL.build/Objects-normal/arm64/cpu_aarch64_linux.d --serialize-diagnostics /Users/j/Documents/GitHub/MoneroOne/build/Build/Intermediates.noindex/swift-nio-ssl.build/Debug-iphonesimulator/CNIOBoringSSL.build/Objects-normal/arm64/cpu_aarch64_linux.dia -c /Users/j/Documents/GitHub/MoneroOne/build/SourcePackages/checkouts/swift-nio-ssl/Sources/CNIOBoringSSL/crypto/cpu_aarch64_linux.cc -o /Users/j/Documents/GitHub/MoneroOne/build/Build/Intermediates.noindex/swift-nio-ssl.build/Debug-iphonesimulator/CNIOBoringSSL.build/Objects-normal/arm64/cpu_aarch64_linux.o -index-unit-output-path /swift-nio-ssl.build/Debug-iphonesimulator/CNIOBoringSSL.build/Objects-normal/arm64/cpu_aarch64_linux.o

CompileC /Users/j/Documents/GitHub/MoneroOne/build/Build/Intermediates.noindex/swift-nio-ssl.build/Debug-iphonesimulator/CNIOBoringSSL.build/Objects-normal/arm64/cpu_aarch64_fuchsia.o /Users/j/Documents/GitHub/MoneroOne/build/SourcePackages/checkouts/swift-nio-ssl/Sources/CNIOBoringSSL/crypto/cpu_aarch64_fuchsia.cc normal arm64 c++ com.apple.compilers.llvm.clang.1_0.compiler (in target 'CNIOBoringSSL' from project 'swift-nio-ssl')
    cd /Users/j/Documents/GitHub/MoneroOne/MoneroOne.xcodeproj
    
    Using response file: /Users/j/Documents/GitHub/MoneroOne/build/Build/Intermediates.noindex/swift-nio-ssl.build/Debug-iphonesimulator/CNIOBoringSSL.build/Objects-normal/arm64/82b82416624d2658e5098eb0a28c15c5-common-args.resp
    
    /Applications/Xcode.app/Contents/Developer/Toolchains/XcodeDefault.xctoolchain/usr/bin/clang -x c++ -ivfsstatcache /Users/j/Documents/GitHub/MoneroOne/build/SDKStatCaches.noindex/iphonesimulator26.1-23B77-90cf18a4295e390e64c810bc6bd7acbc.sdkstatcache -fmessage-length\=0 -fdiagnostics-show-note-include-stack -fmacro-backtrace-limit\=0 -fno-color-diagnostics -fmodules-prune-interval\=86400 -fmodules-prune-after\=345600 -fbuild-session-file\=/Users/j/Documents/GitHub/MoneroOne/build/ModuleCache.noindex/Session.modulevalidation -fmodules-validate-once-per-build-session -Wnon-modular-include-in-framework-module -Werror\=non-modular-include-in-framework-module -Wno-trigraphs -Wno-missing-field-initializers -Wno-missing-prototypes -Wno-return-type -Wno-non-virtual-dtor -Wno-overloaded-virtual -Wno-exit-time-destructors -Wno-missing-braces -Wparentheses -Wswitch -Wno-unused-function -Wno-unused-label -Wno-unused-parameter -Wno-unused-variable -Wunused-value -Wno-empty-body -Wno-uninitialized -Wno-unknown-pragmas -w -Wno-shadow -Wno-four-char-constants -Wno-conversion -Wno-constant-conversion -Wno-int-conversion -Wno-bool-conversion -Wno-enum-conversion -Wno-float-conversion -Wno-non-literal-null-conversion -Wno-objc-literal-conversion -Wshorten-64-to-32 -Wno-newline-eof -Wno-c++11-extensions -Wno-implicit-fallthrough -fstrict-aliasing -Wdeprecated-declarations -Winvalid-offsetof -Wno-sign-conversion -Wno-infinite-recursion -Wno-move -Wno-comma -Wno-block-capture-autoreleasing -Wno-strict-prototypes -Wno-range-loop-analysis -Wno-semicolon-before-method-body -index-store-path /Users/j/Documents/GitHub/MoneroOne/build/Index.noindex/DataStore @/Users/j/Documents/GitHub/MoneroOne/build/Build/Intermediates.noindex/swift-nio-ssl.build/Debug-iphonesimulator/CNIOBoringSSL.build/Objects-normal/arm64/82b82416624d2658e5098eb0a28c15c5-common-args.resp -MMD -MT dependencies -MF /Users/j/Documents/GitHub/MoneroOne/build/Build/Intermediates.noindex/swift-nio-ssl.build/Debug-iphonesimulator/CNIOBoringSSL.build/Objects-normal/arm64/cpu_aarch64_fuchsia.d --serialize-diagnostics /Users/j/Documents/GitHub/MoneroOne/build/Build/Intermediates.noindex/swift-nio-ssl.build/Debug-iphonesimulator/CNIOBoringSSL.build/Objects-normal/arm64/cpu_aarch64_fuchsia.dia -c /Users/j/Documents/GitHub/MoneroOne/build/SourcePackages/checkouts/swift-nio-ssl/Sources/CNIOBoringSSL/crypto/cpu_aarch64_fuchsia.cc -o /Users/j/Documents/GitHub/MoneroOne/build/Build/Intermediates.noindex/swift-nio-ssl.build/Debug-iphonesimulator/CNIOBoringSSL.build/Objects-normal/arm64/cpu_aarch64_fuchsia.o -index-unit-output-path /swift-nio-ssl.build/Debug-iphonesimulator/CNIOBoringSSL.build/Objects-normal/arm64/cpu_aarch64_fuchsia.o

CompileC /Users/j/Documents/GitHub/MoneroOne/build/Build/Intermediates.noindex/swift-nio-ssl.build/Debug-iphonesimulator/CNIOBoringSSL.build/Objects-normal/arm64/cpu_aarch64_apple.o /Users/j/Documents/GitHub/MoneroOne/build/SourcePackages/checkouts/swift-nio-ssl/Sources/CNIOBoringSSL/crypto/cpu_aarch64_apple.cc normal arm64 c++ com.apple.compilers.llvm.clang.1_0.compiler (in target 'CNIOBoringSSL' from project 'swift-nio-ssl')
    cd /Users/j/Documents/GitHub/MoneroOne/MoneroOne.xcodeproj
    
    Using response file: /Users/j/Documents/GitHub/MoneroOne/build/Build/Intermediates.noindex/swift-nio-ssl.build/Debug-iphonesimulator/CNIOBoringSSL.build/Objects-normal/arm64/82b82416624d2658e5098eb0a28c15c5-common-args.resp
    
    /Applications/Xcode.app/Contents/Developer/Toolchains/XcodeDefault.xctoolchain/usr/bin/clang -x c++ -ivfsstatcache /Users/j/Documents/GitHub/MoneroOne/build/SDKStatCaches.noindex/iphonesimulator26.1-23B77-90cf18a4295e390e64c810bc6bd7acbc.sdkstatcache -fmessage-length\=0 -fdiagnostics-show-note-include-stack -fmacro-backtrace-limit\=0 -fno-color-diagnostics -fmodules-prune-interval\=86400 -fmodules-prune-after\=345600 -fbuild-session-file\=/Users/j/Documents/GitHub/MoneroOne/build/ModuleCache.noindex/Session.modulevalidation -fmodules-validate-once-per-build-session -Wnon-modular-include-in-framework-module -Werror\=non-modular-include-in-framework-module -Wno-trigraphs -Wno-missing-field-initializers -Wno-missing-prototypes -Wno-return-type -Wno-non-virtual-dtor -Wno-overloaded-virtual -Wno-exit-time-destructors -Wno-missing-braces -Wparentheses -Wswitch -Wno-unused-function -Wno-unused-label -Wno-unused-parameter -Wno-unused-variable -Wunused-value -Wno-empty-body -Wno-uninitialized -Wno-unknown-pragmas -w -Wno-shadow -Wno-four-char-constants -Wno-conversion -Wno-constant-conversion -Wno-int-conversion -Wno-bool-conversion -Wno-enum-conversion -Wno-float-conversion -Wno-non-literal-null-conversion -Wno-objc-literal-conversion -Wshorten-64-to-32 -Wno-newline-eof -Wno-c++11-extensions -Wno-implicit-fallthrough -fstrict-aliasing -Wdeprecated-declarations -Winvalid-offsetof -Wno-sign-conversion -Wno-infinite-recursion -Wno-move -Wno-comma -Wno-block-capture-autoreleasing -Wno-strict-prototypes -Wno-range-loop-analysis -Wno-semicolon-before-method-body -index-store-path /Users/j/Documents/GitHub/MoneroOne/build/Index.noindex/DataStore @/Users/j/Documents/GitHub/MoneroOne/build/Build/Intermediates.noindex/swift-nio-ssl.build/Debug-iphonesimulator/CNIOBoringSSL.build/Objects-normal/arm64/82b82416624d2658e5098eb0a28c15c5-common-args.resp -MMD -MT dependencies -MF /Users/j/Documents/GitHub/MoneroOne/build/Build/Intermediates.noindex/swift-nio-ssl.build/Debug-iphonesimulator/CNIOBoringSSL.build/Objects-normal/arm64/cpu_aarch64_apple.d --serialize-diagnostics /Users/j/Documents/GitHub/MoneroOne/build/Build/Intermediates.noindex/swift-nio-ssl.build/Debug-iphonesimulator/CNIOBoringSSL.build/Objects-normal/arm64/cpu_aarch64_apple.dia -c /Users/j/Documents/GitHub/MoneroOne/build/SourcePackages/checkouts/swift-nio-ssl/Sources/CNIOBoringSSL/crypto/cpu_aarch64_apple.cc -o /Users/j/Documents/GitHub/MoneroOne/build/Build/Intermediates.noindex/swift-nio-ssl.build/Debug-iphonesimulator/CNIOBoringSSL.build/Objects-normal/arm64/cpu_aarch64_apple.o -index-unit-output-path /swift-nio-ssl.build/Debug-iphonesimulator/CNIOBoringSSL.build/Objects-normal/arm64/cpu_aarch64_apple.o

CompileC /Users/j/Documents/GitHub/MoneroOne/build/Build/Intermediates.noindex/swift-nio-ssl.build/Debug-iphonesimulator/CNIOBoringSSL.build/Objects-normal/arm64/convert.o /Users/j/Documents/GitHub/MoneroOne/build/SourcePackages/checkouts/swift-nio-ssl/Sources/CNIOBoringSSL/crypto/bn/convert.cc normal arm64 c++ com.apple.compilers.llvm.clang.1_0.compiler (in target 'CNIOBoringSSL' from project 'swift-nio-ssl')
    cd /Users/j/Documents/GitHub/MoneroOne/MoneroOne.xcodeproj
    
    Using response file: /Users/j/Documents/GitHub/MoneroOne/build/Build/Intermediates.noindex/swift-nio-ssl.build/Debug-iphonesimulator/CNIOBoringSSL.build/Objects-normal/arm64/82b82416624d2658e5098eb0a28c15c5-common-args.resp
    
    /Applications/Xcode.app/Contents/Developer/Toolchains/XcodeDefault.xctoolchain/usr/bin/clang -x c++ -ivfsstatcache /Users/j/Documents/GitHub/MoneroOne/build/SDKStatCaches.noindex/iphonesimulator26.1-23B77-90cf18a4295e390e64c810bc6bd7acbc.sdkstatcache -fmessage-length\=0 -fdiagnostics-show-note-include-stack -fmacro-backtrace-limit\=0 -fno-color-diagnostics -fmodules-prune-interval\=86400 -fmodules-prune-after\=345600 -fbuild-session-file\=/Users/j/Documents/GitHub/MoneroOne/build/ModuleCache.noindex/Session.modulevalidation -fmodules-validate-once-per-build-session -Wnon-modular-include-in-framework-module -Werror\=non-modular-include-in-framework-module -Wno-trigraphs -Wno-missing-field-initializers -Wno-missing-prototypes -Wno-return-type -Wno-non-virtual-dtor -Wno-overloaded-virtual -Wno-exit-time-destructors -Wno-missing-braces -Wparentheses -Wswitch -Wno-unused-function -Wno-unused-label -Wno-unused-parameter -Wno-unused-variable -Wunused-value -Wno-empty-body -Wno-uninitialized -Wno-unknown-pragmas -w -Wno-shadow -Wno-four-char-constants -Wno-conversion -Wno-constant-conversion -Wno-int-conversion -Wno-bool-conversion -Wno-enum-conversion -Wno-float-conversion -Wno-non-literal-null-conversion -Wno-objc-literal-conversion -Wshorten-64-to-32 -Wno-newline-eof -Wno-c++11-extensions -Wno-implicit-fallthrough -fstrict-aliasing -Wdeprecated-declarations -Winvalid-offsetof -Wno-sign-conversion -Wno-infinite-recursion -Wno-move -Wno-comma -Wno-block-capture-autoreleasing -Wno-strict-prototypes -Wno-range-loop-analysis -Wno-semicolon-before-method-body -index-store-path /Users/j/Documents/GitHub/MoneroOne/build/Index.noindex/DataStore @/Users/j/Documents/GitHub/MoneroOne/build/Build/Intermediates.noindex/swift-nio-ssl.build/Debug-iphonesimulator/CNIOBoringSSL.build/Objects-normal/arm64/82b82416624d2658e5098eb0a28c15c5-common-args.resp -MMD -MT dependencies -MF /Users/j/Documents/GitHub/MoneroOne/build/Build/Intermediates.noindex/swift-nio-ssl.build/Debug-iphonesimulator/CNIOBoringSSL.build/Objects-normal/arm64/convert.d --serialize-diagnostics /Users/j/Documents/GitHub/MoneroOne/build/Build/Intermediates.noindex/swift-nio-ssl.build/Debug-iphonesimulator/CNIOBoringSSL.build/Objects-normal/arm64/convert.dia -c /Users/j/Documents/GitHub/MoneroOne/build/SourcePackages/checkouts/swift-nio-ssl/Sources/CNIOBoringSSL/crypto/bn/convert.cc -o /Users/j/Documents/GitHub/MoneroOne/build/Build/Intermediates.noindex/swift-nio-ssl.build/Debug-iphonesimulator/CNIOBoringSSL.build/Objects-normal/arm64/convert.o -index-unit-output-path /swift-nio-ssl.build/Debug-iphonesimulator/CNIOBoringSSL.build/Objects-normal/arm64/convert.o

CompileC /Users/j/Documents/GitHub/MoneroOne/build/Build/Intermediates.noindex/swift-nio-ssl.build/Debug-iphonesimulator/CNIOBoringSSL.build/Objects-normal/arm64/connect.o /Users/j/Documents/GitHub/MoneroOne/build/SourcePackages/checkouts/swift-nio-ssl/Sources/CNIOBoringSSL/crypto/bio/connect.cc normal arm64 c++ com.apple.compilers.llvm.clang.1_0.compiler (in target 'CNIOBoringSSL' from project 'swift-nio-ssl')
    cd /Users/j/Documents/GitHub/MoneroOne/MoneroOne.xcodeproj
    
    Using response file: /Users/j/Documents/GitHub/MoneroOne/build/Build/Intermediates.noindex/swift-nio-ssl.build/Debug-iphonesimulator/CNIOBoringSSL.build/Objects-normal/arm64/82b82416624d2658e5098eb0a28c15c5-common-args.resp
    
    /Applications/Xcode.app/Contents/Developer/Toolchains/XcodeDefault.xctoolchain/usr/bin/clang -x c++ -ivfsstatcache /Users/j/Documents/GitHub/MoneroOne/build/SDKStatCaches.noindex/iphonesimulator26.1-23B77-90cf18a4295e390e64c810bc6bd7acbc.sdkstatcache -fmessage-length\=0 -fdiagnostics-show-note-include-stack -fmacro-backtrace-limit\=0 -fno-color-diagnostics -fmodules-prune-interval\=86400 -fmodules-prune-after\=345600 -fbuild-session-file\=/Users/j/Documents/GitHub/MoneroOne/build/ModuleCache.noindex/Session.modulevalidation -fmodules-validate-once-per-build-session -Wnon-modular-include-in-framework-module -Werror\=non-modular-include-in-framework-module -Wno-trigraphs -Wno-missing-field-initializers -Wno-missing-prototypes -Wno-return-type -Wno-non-virtual-dtor -Wno-overloaded-virtual -Wno-exit-time-destructors -Wno-missing-braces -Wparentheses -Wswitch -Wno-unused-function -Wno-unused-label -Wno-unused-parameter -Wno-unused-variable -Wunused-value -Wno-empty-body -Wno-uninitialized -Wno-unknown-pragmas -w -Wno-shadow -Wno-four-char-constants -Wno-conversion -Wno-constant-conversion -Wno-int-conversion -Wno-bool-conversion -Wno-enum-conversion -Wno-float-conversion -Wno-non-literal-null-conversion -Wno-objc-literal-conversion -Wshorten-64-to-32 -Wno-newline-eof -Wno-c++11-extensions -Wno-implicit-fallthrough -fstrict-aliasing -Wdeprecated-declarations -Winvalid-offsetof -Wno-sign-conversion -Wno-infinite-recursion -Wno-move -Wno-comma -Wno-block-capture-autoreleasing -Wno-strict-prototypes -Wno-range-loop-analysis -Wno-semicolon-before-method-body -index-store-path /Users/j/Documents/GitHub/MoneroOne/build/Index.noindex/DataStore @/Users/j/Documents/GitHub/MoneroOne/build/Build/Intermediates.noindex/swift-nio-ssl.build/Debug-iphonesimulator/CNIOBoringSSL.build/Objects-normal/arm64/82b82416624d2658e5098eb0a28c15c5-common-args.resp -MMD -MT dependencies -MF /Users/j/Documents/GitHub/MoneroOne/build/Build/Intermediates.noindex/swift-nio-ssl.build/Debug-iphonesimulator/CNIOBoringSSL.build/Objects-normal/arm64/connect.d --serialize-diagnostics /Users/j/Documents/GitHub/MoneroOne/build/Build/Intermediates.noindex/swift-nio-ssl.build/Debug-iphonesimulator/CNIOBoringSSL.build/Objects-normal/arm64/connect.dia -c /Users/j/Documents/GitHub/MoneroOne/build/SourcePackages/checkouts/swift-nio-ssl/Sources/CNIOBoringSSL/crypto/bio/connect.cc -o /Users/j/Documents/GitHub/MoneroOne/build/Build/Intermediates.noindex/swift-nio-ssl.build/Debug-iphonesimulator/CNIOBoringSSL.build/Objects-normal/arm64/connect.o -index-unit-output-path /swift-nio-ssl.build/Debug-iphonesimulator/CNIOBoringSSL.build/Objects-normal/arm64/connect.o

CompileC /Users/j/Documents/GitHub/MoneroOne/build/Build/Intermediates.noindex/swift-nio-ssl.build/Debug-iphonesimulator/CNIOBoringSSL.build/Objects-normal/arm64/conf.o /Users/j/Documents/GitHub/MoneroOne/build/SourcePackages/checkouts/swift-nio-ssl/Sources/CNIOBoringSSL/crypto/conf/conf.cc normal arm64 c++ com.apple.compilers.llvm.clang.1_0.compiler (in target 'CNIOBoringSSL' from project 'swift-nio-ssl')
    cd /Users/j/Documents/GitHub/MoneroOne/MoneroOne.xcodeproj
    
    Using response file: /Users/j/Documents/GitHub/MoneroOne/build/Build/Intermediates.noindex/swift-nio-ssl.build/Debug-iphonesimulator/CNIOBoringSSL.build/Objects-normal/arm64/82b82416624d2658e5098eb0a28c15c5-common-args.resp
    
    /Applications/Xcode.app/Contents/Developer/Toolchains/XcodeDefault.xctoolchain/usr/bin/clang -x c++ -ivfsstatcache /Users/j/Documents/GitHub/MoneroOne/build/SDKStatCaches.noindex/iphonesimulator26.1-23B77-90cf18a4295e390e64c810bc6bd7acbc.sdkstatcache -fmessage-length\=0 -fdiagnostics-show-note-include-stack -fmacro-backtrace-limit\=0 -fno-color-diagnostics -fmodules-prune-interval\=86400 -fmodules-prune-after\=345600 -fbuild-session-file\=/Users/j/Documents/GitHub/MoneroOne/build/ModuleCache.noindex/Session.modulevalidation -fmodules-validate-once-per-build-session -Wnon-modular-include-in-framework-module -Werror\=non-modular-include-in-framework-module -Wno-trigraphs -Wno-missing-field-initializers -Wno-missing-prototypes -Wno-return-type -Wno-non-virtual-dtor -Wno-overloaded-virtual -Wno-exit-time-destructors -Wno-missing-braces -Wparentheses -Wswitch -Wno-unused-function -Wno-unused-label -Wno-unused-parameter -Wno-unused-variable -Wunused-value -Wno-empty-body -Wno-uninitialized -Wno-unknown-pragmas -w -Wno-shadow -Wno-four-char-constants -Wno-conversion -Wno-constant-conversion -Wno-int-conversion -Wno-bool-conversion -Wno-enum-conversion -Wno-float-conversion -Wno-non-literal-null-conversion -Wno-objc-literal-conversion -Wshorten-64-to-32 -Wno-newline-eof -Wno-c++11-extensions -Wno-implicit-fallthrough -fstrict-aliasing -Wdeprecated-declarations -Winvalid-offsetof -Wno-sign-conversion -Wno-infinite-recursion -Wno-move -Wno-comma -Wno-block-capture-autoreleasing -Wno-strict-prototypes -Wno-range-loop-analysis -Wno-semicolon-before-method-body -index-store-path /Users/j/Documents/GitHub/MoneroOne/build/Index.noindex/DataStore @/Users/j/Documents/GitHub/MoneroOne/build/Build/Intermediates.noindex/swift-nio-ssl.build/Debug-iphonesimulator/CNIOBoringSSL.build/Objects-normal/arm64/82b82416624d2658e5098eb0a28c15c5-common-args.resp -MMD -MT dependencies -MF /Users/j/Documents/GitHub/MoneroOne/build/Build/Intermediates.noindex/swift-nio-ssl.build/Debug-iphonesimulator/CNIOBoringSSL.build/Objects-normal/arm64/conf.d --serialize-diagnostics /Users/j/Documents/GitHub/MoneroOne/build/Build/Intermediates.noindex/swift-nio-ssl.build/Debug-iphonesimulator/CNIOBoringSSL.build/Objects-normal/arm64/conf.dia -c /Users/j/Documents/GitHub/MoneroOne/build/SourcePackages/checkouts/swift-nio-ssl/Sources/CNIOBoringSSL/crypto/conf/conf.cc -o /Users/j/Documents/GitHub/MoneroOne/build/Build/Intermediates.noindex/swift-nio-ssl.build/Debug-iphonesimulator/CNIOBoringSSL.build/Objects-normal/arm64/conf.o -index-unit-output-path /swift-nio-ssl.build/Debug-iphonesimulator/CNIOBoringSSL.build/Objects-normal/arm64/conf.o

CompileC /Users/j/Documents/GitHub/MoneroOne/build/Build/Intermediates.noindex/swift-nio-ssl.build/Debug-iphonesimulator/CNIOBoringSSL.build/Objects-normal/arm64/co-586-linux.o /Users/j/Documents/GitHub/MoneroOne/build/SourcePackages/checkouts/swift-nio-ssl/Sources/CNIOBoringSSL/gen/bcm/co-586-linux.S normal arm64 assembler-with-cpp com.apple.compilers.llvm.clang.1_0.compiler (in target 'CNIOBoringSSL' from project 'swift-nio-ssl')
    cd /Users/j/Documents/GitHub/MoneroOne/MoneroOne.xcodeproj
    
    Using response file: /Users/j/Documents/GitHub/MoneroOne/build/Build/Intermediates.noindex/swift-nio-ssl.build/Debug-iphonesimulator/CNIOBoringSSL.build/Objects-normal/arm64/533656923a283fa776881f304837ed9e-common-args.resp
    
    /Applications/Xcode.app/Contents/Developer/Toolchains/XcodeDefault.xctoolchain/usr/bin/clang -x assembler-with-cpp -ivfsstatcache /Users/j/Documents/GitHub/MoneroOne/build/SDKStatCaches.noindex/iphonesimulator26.1-23B77-90cf18a4295e390e64c810bc6bd7acbc.sdkstatcache -fmessage-length\=0 -fdiagnostics-show-note-include-stack -fmacro-backtrace-limit\=0 -fno-color-diagnostics -fmodules-prune-interval\=86400 -fmodules-prune-after\=345600 -fbuild-session-file\=/Users/j/Documents/GitHub/MoneroOne/build/ModuleCache.noindex/Session.modulevalidation -fmodules-validate-once-per-build-session -Wnon-modular-include-in-framework-module -Werror\=non-modular-include-in-framework-module -Wno-trigraphs -Wno-missing-field-initializers -Wno-missing-prototypes -Wno-return-type -Wno-missing-braces -Wparentheses -Wswitch -Wno-unused-function -Wno-unused-label -Wno-unused-parameter -Wno-unused-variable -Wunused-value -Wno-empty-body -Wno-uninitialized -Wno-unknown-pragmas -w -Wno-shadow -Wno-four-char-constants -Wno-conversion -Wno-constant-conversion -Wno-int-conversion -Wno-bool-conversion -Wno-enum-conversion -Wno-float-conversion -Wno-non-literal-null-conversion -Wno-objc-literal-conversion -Wshorten-64-to-32 -Wno-newline-eof -Wno-implicit-fallthrough -fstrict-aliasing -Wdeprecated-declarations -Wno-sign-conversion -Wno-infinite-recursion -Wno-comma -Wno-block-capture-autoreleasing -Wno-strict-prototypes -Wno-semicolon-before-method-body -index-store-path /Users/j/Documents/GitHub/MoneroOne/build/Index.noindex/DataStore @/Users/j/Documents/GitHub/MoneroOne/build/Build/Intermediates.noindex/swift-nio-ssl.build/Debug-iphonesimulator/CNIOBoringSSL.build/Objects-normal/arm64/533656923a283fa776881f304837ed9e-common-args.resp -MMD -MT dependencies -MF /Users/j/Documents/GitHub/MoneroOne/build/Build/Intermediates.noindex/swift-nio-ssl.build/Debug-iphonesimulator/CNIOBoringSSL.build/Objects-normal/arm64/co-586-linux.d --serialize-diagnostics /Users/j/Documents/GitHub/MoneroOne/build/Build/Intermediates.noindex/swift-nio-ssl.build/Debug-iphonesimulator/CNIOBoringSSL.build/Objects-normal/arm64/co-586-linux.dia -c /Users/j/Documents/GitHub/MoneroOne/build/SourcePackages/checkouts/swift-nio-ssl/Sources/CNIOBoringSSL/gen/bcm/co-586-linux.S -o /Users/j/Documents/GitHub/MoneroOne/build/Build/Intermediates.noindex/swift-nio-ssl.build/Debug-iphonesimulator/CNIOBoringSSL.build/Objects-normal/arm64/co-586-linux.o -index-unit-output-path /swift-nio-ssl.build/Debug-iphonesimulator/CNIOBoringSSL.build/Objects-normal/arm64/co-586-linux.o

CompileC /Users/j/Documents/GitHub/MoneroOne/build/Build/Intermediates.noindex/swift-nio-ssl.build/Debug-iphonesimulator/CNIOBoringSSL.build/Objects-normal/arm64/co-586-apple.o /Users/j/Documents/GitHub/MoneroOne/build/SourcePackages/checkouts/swift-nio-ssl/Sources/CNIOBoringSSL/gen/bcm/co-586-apple.S normal arm64 assembler-with-cpp com.apple.compilers.llvm.clang.1_0.compiler (in target 'CNIOBoringSSL' from project 'swift-nio-ssl')
    cd /Users/j/Documents/GitHub/MoneroOne/MoneroOne.xcodeproj
    
    Using response file: /Users/j/Documents/GitHub/MoneroOne/build/Build/Intermediates.noindex/swift-nio-ssl.build/Debug-iphonesimulator/CNIOBoringSSL.build/Objects-normal/arm64/533656923a283fa776881f304837ed9e-common-args.resp
    
    /Applications/Xcode.app/Contents/Developer/Toolchains/XcodeDefault.xctoolchain/usr/bin/clang -x assembler-with-cpp -ivfsstatcache /Users/j/Documents/GitHub/MoneroOne/build/SDKStatCaches.noindex/iphonesimulator26.1-23B77-90cf18a4295e390e64c810bc6bd7acbc.sdkstatcache -fmessage-length\=0 -fdiagnostics-show-note-include-stack -fmacro-backtrace-limit\=0 -fno-color-diagnostics -fmodules-prune-interval\=86400 -fmodules-prune-after\=345600 -fbuild-session-file\=/Users/j/Documents/GitHub/MoneroOne/build/ModuleCache.noindex/Session.modulevalidation -fmodules-validate-once-per-build-session -Wnon-modular-include-in-framework-module -Werror\=non-modular-include-in-framework-module -Wno-trigraphs -Wno-missing-field-initializers -Wno-missing-prototypes -Wno-return-type -Wno-missing-braces -Wparentheses -Wswitch -Wno-unused-function -Wno-unused-label -Wno-unused-parameter -Wno-unused-variable -Wunused-value -Wno-empty-body -Wno-uninitialized -Wno-unknown-pragmas -w -Wno-shadow -Wno-four-char-constants -Wno-conversion -Wno-constant-conversion -Wno-int-conversion -Wno-bool-conversion -Wno-enum-conversion -Wno-float-conversion -Wno-non-literal-null-conversion -Wno-objc-literal-conversion -Wshorten-64-to-32 -Wno-newline-eof -Wno-implicit-fallthrough -fstrict-aliasing -Wdeprecated-declarations -Wno-sign-conversion -Wno-infinite-recursion -Wno-comma -Wno-block-capture-autoreleasing -Wno-strict-prototypes -Wno-semicolon-before-method-body -index-store-path /Users/j/Documents/GitHub/MoneroOne/build/Index.noindex/DataStore @/Users/j/Documents/GitHub/MoneroOne/build/Build/Intermediates.noindex/swift-nio-ssl.build/Debug-iphonesimulator/CNIOBoringSSL.build/Objects-normal/arm64/533656923a283fa776881f304837ed9e-common-args.resp -MMD -MT dependencies -MF /Users/j/Documents/GitHub/MoneroOne/build/Build/Intermediates.noindex/swift-nio-ssl.build/Debug-iphonesimulator/CNIOBoringSSL.build/Objects-normal/arm64/co-586-apple.d --serialize-diagnostics /Users/j/Documents/GitHub/MoneroOne/build/Build/Intermediates.noindex/swift-nio-ssl.build/Debug-iphonesimulator/CNIOBoringSSL.build/Objects-normal/arm64/co-586-apple.dia -c /Users/j/Documents/GitHub/MoneroOne/build/SourcePackages/checkouts/swift-nio-ssl/Sources/CNIOBoringSSL/gen/bcm/co-586-apple.S -o /Users/j/Documents/GitHub/MoneroOne/build/Build/Intermediates.noindex/swift-nio-ssl.build/Debug-iphonesimulator/CNIOBoringSSL.build/Objects-normal/arm64/co-586-apple.o -index-unit-output-path /swift-nio-ssl.build/Debug-iphonesimulator/CNIOBoringSSL.build/Objects-normal/arm64/co-586-apple.o

CompileC /Users/j/Documents/GitHub/MoneroOne/build/Build/Intermediates.noindex/swift-nio-ssl.build/Debug-iphonesimulator/CNIOBoringSSL.build/Objects-normal/arm64/chacha20_poly1305_x86_64-linux.o /Users/j/Documents/GitHub/MoneroOne/build/SourcePackages/checkouts/swift-nio-ssl/Sources/CNIOBoringSSL/gen/crypto/chacha20_poly1305_x86_64-linux.S normal arm64 assembler-with-cpp com.apple.compilers.llvm.clang.1_0.compiler (in target 'CNIOBoringSSL' from project 'swift-nio-ssl')
    cd /Users/j/Documents/GitHub/MoneroOne/MoneroOne.xcodeproj
    
    Using response file: /Users/j/Documents/GitHub/MoneroOne/build/Build/Intermediates.noindex/swift-nio-ssl.build/Debug-iphonesimulator/CNIOBoringSSL.build/Objects-normal/arm64/533656923a283fa776881f304837ed9e-common-args.resp
    
    /Applications/Xcode.app/Contents/Developer/Toolchains/XcodeDefault.xctoolchain/usr/bin/clang -x assembler-with-cpp -ivfsstatcache /Users/j/Documents/GitHub/MoneroOne/build/SDKStatCaches.noindex/iphonesimulator26.1-23B77-90cf18a4295e390e64c810bc6bd7acbc.sdkstatcache -fmessage-length\=0 -fdiagnostics-show-note-include-stack -fmacro-backtrace-limit\=0 -fno-color-diagnostics -fmodules-prune-interval\=86400 -fmodules-prune-after\=345600 -fbuild-session-file\=/Users/j/Documents/GitHub/MoneroOne/build/ModuleCache.noindex/Session.modulevalidation -fmodules-validate-once-per-build-session -Wnon-modular-include-in-framework-module -Werror\=non-modular-include-in-framework-module -Wno-trigraphs -Wno-missing-field-initializers -Wno-missing-prototypes -Wno-return-type -Wno-missing-braces -Wparentheses -Wswitch -Wno-unused-function -Wno-unused-label -Wno-unused-parameter -Wno-unused-variable -Wunused-value -Wno-empty-body -Wno-uninitialized -Wno-unknown-pragmas -w -Wno-shadow -Wno-four-char-constants -Wno-conversion -Wno-constant-conversion -Wno-int-conversion -Wno-bool-conversion -Wno-enum-conversion -Wno-float-conversion -Wno-non-literal-null-conversion -Wno-objc-literal-conversion -Wshorten-64-to-32 -Wno-newline-eof -Wno-implicit-fallthrough -fstrict-aliasing -Wdeprecated-declarations -Wno-sign-conversion -Wno-infinite-recursion -Wno-comma -Wno-block-capture-autoreleasing -Wno-strict-prototypes -Wno-semicolon-before-method-body -index-store-path /Users/j/Documents/GitHub/MoneroOne/build/Index.noindex/DataStore @/Users/j/Documents/GitHub/MoneroOne/build/Build/Intermediates.noindex/swift-nio-ssl.build/Debug-iphonesimulator/CNIOBoringSSL.build/Objects-normal/arm64/533656923a283fa776881f304837ed9e-common-args.resp -MMD -MT dependencies -MF /Users/j/Documents/GitHub/MoneroOne/build/Build/Intermediates.noindex/swift-nio-ssl.build/Debug-iphonesimulator/CNIOBoringSSL.build/Objects-normal/arm64/chacha20_poly1305_x86_64-linux.d --serialize-diagnostics /Users/j/Documents/GitHub/MoneroOne/build/Build/Intermediates.noindex/swift-nio-ssl.build/Debug-iphonesimulator/CNIOBoringSSL.build/Objects-normal/arm64/chacha20_poly1305_x86_64-linux.dia -c /Users/j/Documents/GitHub/MoneroOne/build/SourcePackages/checkouts/swift-nio-ssl/Sources/CNIOBoringSSL/gen/crypto/chacha20_poly1305_x86_64-linux.S -o /Users/j/Documents/GitHub/MoneroOne/build/Build/Intermediates.noindex/swift-nio-ssl.build/Debug-iphonesimulator/CNIOBoringSSL.build/Objects-normal/arm64/chacha20_poly1305_x86_64-linux.o -index-unit-output-path /swift-nio-ssl.build/Debug-iphonesimulator/CNIOBoringSSL.build/Objects-normal/arm64/chacha20_poly1305_x86_64-linux.o

CompileC /Users/j/Documents/GitHub/MoneroOne/build/Build/Intermediates.noindex/swift-nio-ssl.build/Debug-iphonesimulator/CNIOBoringSSL.build/Objects-normal/arm64/chacha20_poly1305_x86_64-apple.o /Users/j/Documents/GitHub/MoneroOne/build/SourcePackages/checkouts/swift-nio-ssl/Sources/CNIOBoringSSL/gen/crypto/chacha20_poly1305_x86_64-apple.S normal arm64 assembler-with-cpp com.apple.compilers.llvm.clang.1_0.compiler (in target 'CNIOBoringSSL' from project 'swift-nio-ssl')
    cd /Users/j/Documents/GitHub/MoneroOne/MoneroOne.xcodeproj
    
    Using response file: /Users/j/Documents/GitHub/MoneroOne/build/Build/Intermediates.noindex/swift-nio-ssl.build/Debug-iphonesimulator/CNIOBoringSSL.build/Objects-normal/arm64/533656923a283fa776881f304837ed9e-common-args.resp
    
    /Applications/Xcode.app/Contents/Developer/Toolchains/XcodeDefault.xctoolchain/usr/bin/clang -x assembler-with-cpp -ivfsstatcache /Users/j/Documents/GitHub/MoneroOne/build/SDKStatCaches.noindex/iphonesimulator26.1-23B77-90cf18a4295e390e64c810bc6bd7acbc.sdkstatcache -fmessage-length\=0 -fdiagnostics-show-note-include-stack -fmacro-backtrace-limit\=0 -fno-color-diagnostics -fmodules-prune-interval\=86400 -fmodules-prune-after\=345600 -fbuild-session-file\=/Users/j/Documents/GitHub/MoneroOne/build/ModuleCache.noindex/Session.modulevalidation -fmodules-validate-once-per-build-session -Wnon-modular-include-in-framework-module -Werror\=non-modular-include-in-framework-module -Wno-trigraphs -Wno-missing-field-initializers -Wno-missing-prototypes -Wno-return-type -Wno-missing-braces -Wparentheses -Wswitch -Wno-unused-function -Wno-unused-label -Wno-unused-parameter -Wno-unused-variable -Wunused-value -Wno-empty-body -Wno-uninitialized -Wno-unknown-pragmas -w -Wno-shadow -Wno-four-char-constants -Wno-conversion -Wno-constant-conversion -Wno-int-conversion -Wno-bool-conversion -Wno-enum-conversion -Wno-float-conversion -Wno-non-literal-null-conversion -Wno-objc-literal-conversion -Wshorten-64-to-32 -Wno-newline-eof -Wno-implicit-fallthrough -fstrict-aliasing -Wdeprecated-declarations -Wno-sign-conversion -Wno-infinite-recursion -Wno-comma -Wno-block-capture-autoreleasing -Wno-strict-prototypes -Wno-semicolon-before-method-body -index-store-path /Users/j/Documents/GitHub/MoneroOne/build/Index.noindex/DataStore @/Users/j/Documents/GitHub/MoneroOne/build/Build/Intermediates.noindex/swift-nio-ssl.build/Debug-iphonesimulator/CNIOBoringSSL.build/Objects-normal/arm64/533656923a283fa776881f304837ed9e-common-args.resp -MMD -MT dependencies -MF /Users/j/Documents/GitHub/MoneroOne/build/Build/Intermediates.noindex/swift-nio-ssl.build/Debug-iphonesimulator/CNIOBoringSSL.build/Objects-normal/arm64/chacha20_poly1305_x86_64-apple.d --serialize-diagnostics /Users/j/Documents/GitHub/MoneroOne/build/Build/Intermediates.noindex/swift-nio-ssl.build/Debug-iphonesimulator/CNIOBoringSSL.build/Objects-normal/arm64/chacha20_poly1305_x86_64-apple.dia -c /Users/j/Documents/GitHub/MoneroOne/build/SourcePackages/checkouts/swift-nio-ssl/Sources/CNIOBoringSSL/gen/crypto/chacha20_poly1305_x86_64-apple.S -o /Users/j/Documents/GitHub/MoneroOne/build/Build/Intermediates.noindex/swift-nio-ssl.build/Debug-iphonesimulator/CNIOBoringSSL.build/Objects-normal/arm64/chacha20_poly1305_x86_64-apple.o -index-unit-output-path /swift-nio-ssl.build/Debug-iphonesimulator/CNIOBoringSSL.build/Objects-normal/arm64/chacha20_poly1305_x86_64-apple.o

CompileC /Users/j/Documents/GitHub/MoneroOne/build/Build/Intermediates.noindex/swift-nio-ssl.build/Debug-iphonesimulator/CNIOBoringSSL.build/Objects-normal/arm64/chacha20_poly1305_armv8-win.o /Users/j/Documents/GitHub/MoneroOne/build/SourcePackages/checkouts/swift-nio-ssl/Sources/CNIOBoringSSL/gen/crypto/chacha20_poly1305_armv8-win.S normal arm64 assembler-with-cpp com.apple.compilers.llvm.clang.1_0.compiler (in target 'CNIOBoringSSL' from project 'swift-nio-ssl')
    cd /Users/j/Documents/GitHub/MoneroOne/MoneroOne.xcodeproj
    
    Using response file: /Users/j/Documents/GitHub/MoneroOne/build/Build/Intermediates.noindex/swift-nio-ssl.build/Debug-iphonesimulator/CNIOBoringSSL.build/Objects-normal/arm64/533656923a283fa776881f304837ed9e-common-args.resp
    
    /Applications/Xcode.app/Contents/Developer/Toolchains/XcodeDefault.xctoolchain/usr/bin/clang -x assembler-with-cpp -ivfsstatcache /Users/j/Documents/GitHub/MoneroOne/build/SDKStatCaches.noindex/iphonesimulator26.1-23B77-90cf18a4295e390e64c810bc6bd7acbc.sdkstatcache -fmessage-length\=0 -fdiagnostics-show-note-include-stack -fmacro-backtrace-limit\=0 -fno-color-diagnostics -fmodules-prune-interval\=86400 -fmodules-prune-after\=345600 -fbuild-session-file\=/Users/j/Documents/GitHub/MoneroOne/build/ModuleCache.noindex/Session.modulevalidation -fmodules-validate-once-per-build-session -Wnon-modular-include-in-framework-module -Werror\=non-modular-include-in-framework-module -Wno-trigraphs -Wno-missing-field-initializers -Wno-missing-prototypes -Wno-return-type -Wno-missing-braces -Wparentheses -Wswitch -Wno-unused-function -Wno-unused-label -Wno-unused-parameter -Wno-unused-variable -Wunused-value -Wno-empty-body -Wno-uninitialized -Wno-unknown-pragmas -w -Wno-shadow -Wno-four-char-constants -Wno-conversion -Wno-constant-conversion -Wno-int-conversion -Wno-bool-conversion -Wno-enum-conversion -Wno-float-conversion -Wno-non-literal-null-conversion -Wno-objc-literal-conversion -Wshorten-64-to-32 -Wno-newline-eof -Wno-implicit-fallthrough -fstrict-aliasing -Wdeprecated-declarations -Wno-sign-conversion -Wno-infinite-recursion -Wno-comma -Wno-block-capture-autoreleasing -Wno-strict-prototypes -Wno-semicolon-before-method-body -index-store-path /Users/j/Documents/GitHub/MoneroOne/build/Index.noindex/DataStore @/Users/j/Documents/GitHub/MoneroOne/build/Build/Intermediates.noindex/swift-nio-ssl.build/Debug-iphonesimulator/CNIOBoringSSL.build/Objects-normal/arm64/533656923a283fa776881f304837ed9e-common-args.resp -MMD -MT dependencies -MF /Users/j/Documents/GitHub/MoneroOne/build/Build/Intermediates.noindex/swift-nio-ssl.build/Debug-iphonesimulator/CNIOBoringSSL.build/Objects-normal/arm64/chacha20_poly1305_armv8-win.d --serialize-diagnostics /Users/j/Documents/GitHub/MoneroOne/build/Build/Intermediates.noindex/swift-nio-ssl.build/Debug-iphonesimulator/CNIOBoringSSL.build/Objects-normal/arm64/chacha20_poly1305_armv8-win.dia -c /Users/j/Documents/GitHub/MoneroOne/build/SourcePackages/checkouts/swift-nio-ssl/Sources/CNIOBoringSSL/gen/crypto/chacha20_poly1305_armv8-win.S -o /Users/j/Documents/GitHub/MoneroOne/build/Build/Intermediates.noindex/swift-nio-ssl.build/Debug-iphonesimulator/CNIOBoringSSL.build/Objects-normal/arm64/chacha20_poly1305_armv8-win.o -index-unit-output-path /swift-nio-ssl.build/Debug-iphonesimulator/CNIOBoringSSL.build/Objects-normal/arm64/chacha20_poly1305_armv8-win.o

CompileC /Users/j/Documents/GitHub/MoneroOne/build/Build/Intermediates.noindex/swift-nio-ssl.build/Debug-iphonesimulator/CNIOBoringSSL.build/Objects-normal/arm64/chacha20_poly1305_armv8-linux.o /Users/j/Documents/GitHub/MoneroOne/build/SourcePackages/checkouts/swift-nio-ssl/Sources/CNIOBoringSSL/gen/crypto/chacha20_poly1305_armv8-linux.S normal arm64 assembler-with-cpp com.apple.compilers.llvm.clang.1_0.compiler (in target 'CNIOBoringSSL' from project 'swift-nio-ssl')
    cd /Users/j/Documents/GitHub/MoneroOne/MoneroOne.xcodeproj
    
    Using response file: /Users/j/Documents/GitHub/MoneroOne/build/Build/Intermediates.noindex/swift-nio-ssl.build/Debug-iphonesimulator/CNIOBoringSSL.build/Objects-normal/arm64/533656923a283fa776881f304837ed9e-common-args.resp
    
    /Applications/Xcode.app/Contents/Developer/Toolchains/XcodeDefault.xctoolchain/usr/bin/clang -x assembler-with-cpp -ivfsstatcache /Users/j/Documents/GitHub/MoneroOne/build/SDKStatCaches.noindex/iphonesimulator26.1-23B77-90cf18a4295e390e64c810bc6bd7acbc.sdkstatcache -fmessage-length\=0 -fdiagnostics-show-note-include-stack -fmacro-backtrace-limit\=0 -fno-color-diagnostics -fmodules-prune-interval\=86400 -fmodules-prune-after\=345600 -fbuild-session-file\=/Users/j/Documents/GitHub/MoneroOne/build/ModuleCache.noindex/Session.modulevalidation -fmodules-validate-once-per-build-session -Wnon-modular-include-in-framework-module -Werror\=non-modular-include-in-framework-module -Wno-trigraphs -Wno-missing-field-initializers -Wno-missing-prototypes -Wno-return-type -Wno-missing-braces -Wparentheses -Wswitch -Wno-unused-function -Wno-unused-label -Wno-unused-parameter -Wno-unused-variable -Wunused-value -Wno-empty-body -Wno-uninitialized -Wno-unknown-pragmas -w -Wno-shadow -Wno-four-char-constants -Wno-conversion -Wno-constant-conversion -Wno-int-conversion -Wno-bool-conversion -Wno-enum-conversion -Wno-float-conversion -Wno-non-literal-null-conversion -Wno-objc-literal-conversion -Wshorten-64-to-32 -Wno-newline-eof -Wno-implicit-fallthrough -fstrict-aliasing -Wdeprecated-declarations -Wno-sign-conversion -Wno-infinite-recursion -Wno-comma -Wno-block-capture-autoreleasing -Wno-strict-prototypes -Wno-semicolon-before-method-body -index-store-path /Users/j/Documents/GitHub/MoneroOne/build/Index.noindex/DataStore @/Users/j/Documents/GitHub/MoneroOne/build/Build/Intermediates.noindex/swift-nio-ssl.build/Debug-iphonesimulator/CNIOBoringSSL.build/Objects-normal/arm64/533656923a283fa776881f304837ed9e-common-args.resp -MMD -MT dependencies -MF /Users/j/Documents/GitHub/MoneroOne/build/Build/Intermediates.noindex/swift-nio-ssl.build/Debug-iphonesimulator/CNIOBoringSSL.build/Objects-normal/arm64/chacha20_poly1305_armv8-linux.d --serialize-diagnostics /Users/j/Documents/GitHub/MoneroOne/build/Build/Intermediates.noindex/swift-nio-ssl.build/Debug-iphonesimulator/CNIOBoringSSL.build/Objects-normal/arm64/chacha20_poly1305_armv8-linux.dia -c /Users/j/Documents/GitHub/MoneroOne/build/SourcePackages/checkouts/swift-nio-ssl/Sources/CNIOBoringSSL/gen/crypto/chacha20_poly1305_armv8-linux.S -o /Users/j/Documents/GitHub/MoneroOne/build/Build/Intermediates.noindex/swift-nio-ssl.build/Debug-iphonesimulator/CNIOBoringSSL.build/Objects-normal/arm64/chacha20_poly1305_armv8-linux.o -index-unit-output-path /swift-nio-ssl.build/Debug-iphonesimulator/CNIOBoringSSL.build/Objects-normal/arm64/chacha20_poly1305_armv8-linux.o

CompileC /Users/j/Documents/GitHub/MoneroOne/build/Build/Intermediates.noindex/swift-nio-ssl.build/Debug-iphonesimulator/CNIOBoringSSL.build/Objects-normal/arm64/chacha20_poly1305_armv8-apple.o /Users/j/Documents/GitHub/MoneroOne/build/SourcePackages/checkouts/swift-nio-ssl/Sources/CNIOBoringSSL/gen/crypto/chacha20_poly1305_armv8-apple.S normal arm64 assembler-with-cpp com.apple.compilers.llvm.clang.1_0.compiler (in target 'CNIOBoringSSL' from project 'swift-nio-ssl')
    cd /Users/j/Documents/GitHub/MoneroOne/MoneroOne.xcodeproj
    
    Using response file: /Users/j/Documents/GitHub/MoneroOne/build/Build/Intermediates.noindex/swift-nio-ssl.build/Debug-iphonesimulator/CNIOBoringSSL.build/Objects-normal/arm64/533656923a283fa776881f304837ed9e-common-args.resp
    
    /Applications/Xcode.app/Contents/Developer/Toolchains/XcodeDefault.xctoolchain/usr/bin/clang -x assembler-with-cpp -ivfsstatcache /Users/j/Documents/GitHub/MoneroOne/build/SDKStatCaches.noindex/iphonesimulator26.1-23B77-90cf18a4295e390e64c810bc6bd7acbc.sdkstatcache -fmessage-length\=0 -fdiagnostics-show-note-include-stack -fmacro-backtrace-limit\=0 -fno-color-diagnostics -fmodules-prune-interval\=86400 -fmodules-prune-after\=345600 -fbuild-session-file\=/Users/j/Documents/GitHub/MoneroOne/build/ModuleCache.noindex/Session.modulevalidation -fmodules-validate-once-per-build-session -Wnon-modular-include-in-framework-module -Werror\=non-modular-include-in-framework-module -Wno-trigraphs -Wno-missing-field-initializers -Wno-missing-prototypes -Wno-return-type -Wno-missing-braces -Wparentheses -Wswitch -Wno-unused-function -Wno-unused-label -Wno-unused-parameter -Wno-unused-variable -Wunused-value -Wno-empty-body -Wno-uninitialized -Wno-unknown-pragmas -w -Wno-shadow -Wno-four-char-constants -Wno-conversion -Wno-constant-conversion -Wno-int-conversion -Wno-bool-conversion -Wno-enum-conversion -Wno-float-conversion -Wno-non-literal-null-conversion -Wno-objc-literal-conversion -Wshorten-64-to-32 -Wno-newline-eof -Wno-implicit-fallthrough -fstrict-aliasing -Wdeprecated-declarations -Wno-sign-conversion -Wno-infinite-recursion -Wno-comma -Wno-block-capture-autoreleasing -Wno-strict-prototypes -Wno-semicolon-before-method-body -index-store-path /Users/j/Documents/GitHub/MoneroOne/build/Index.noindex/DataStore @/Users/j/Documents/GitHub/MoneroOne/build/Build/Intermediates.noindex/swift-nio-ssl.build/Debug-iphonesimulator/CNIOBoringSSL.build/Objects-normal/arm64/533656923a283fa776881f304837ed9e-common-args.resp -MMD -MT dependencies -MF /Users/j/Documents/GitHub/MoneroOne/build/Build/Intermediates.noindex/swift-nio-ssl.build/Debug-iphonesimulator/CNIOBoringSSL.build/Objects-normal/arm64/chacha20_poly1305_armv8-apple.d --serialize-diagnostics /Users/j/Documents/GitHub/MoneroOne/build/Build/Intermediates.noindex/swift-nio-ssl.build/Debug-iphonesimulator/CNIOBoringSSL.build/Objects-normal/arm64/chacha20_poly1305_armv8-apple.dia -c /Users/j/Documents/GitHub/MoneroOne/build/SourcePackages/checkouts/swift-nio-ssl/Sources/CNIOBoringSSL/gen/crypto/chacha20_poly1305_armv8-apple.S -o /Users/j/Documents/GitHub/MoneroOne/build/Build/Intermediates.noindex/swift-nio-ssl.build/Debug-iphonesimulator/CNIOBoringSSL.build/Objects-normal/arm64/chacha20_poly1305_armv8-apple.o -index-unit-output-path /swift-nio-ssl.build/Debug-iphonesimulator/CNIOBoringSSL.build/Objects-normal/arm64/chacha20_poly1305_armv8-apple.o

CompileC /Users/j/Documents/GitHub/MoneroOne/build/Build/Intermediates.noindex/swift-nio-ssl.build/Debug-iphonesimulator/CNIOBoringSSL.build/Objects-normal/arm64/chacha.o /Users/j/Documents/GitHub/MoneroOne/build/SourcePackages/checkouts/swift-nio-ssl/Sources/CNIOBoringSSL/crypto/chacha/chacha.cc normal arm64 c++ com.apple.compilers.llvm.clang.1_0.compiler (in target 'CNIOBoringSSL' from project 'swift-nio-ssl')
    cd /Users/j/Documents/GitHub/MoneroOne/MoneroOne.xcodeproj
    
    Using response file: /Users/j/Documents/GitHub/MoneroOne/build/Build/Intermediates.noindex/swift-nio-ssl.build/Debug-iphonesimulator/CNIOBoringSSL.build/Objects-normal/arm64/82b82416624d2658e5098eb0a28c15c5-common-args.resp
    
    /Applications/Xcode.app/Contents/Developer/Toolchains/XcodeDefault.xctoolchain/usr/bin/clang -x c++ -ivfsstatcache /Users/j/Documents/GitHub/MoneroOne/build/SDKStatCaches.noindex/iphonesimulator26.1-23B77-90cf18a4295e390e64c810bc6bd7acbc.sdkstatcache -fmessage-length\=0 -fdiagnostics-show-note-include-stack -fmacro-backtrace-limit\=0 -fno-color-diagnostics -fmodules-prune-interval\=86400 -fmodules-prune-after\=345600 -fbuild-session-file\=/Users/j/Documents/GitHub/MoneroOne/build/ModuleCache.noindex/Session.modulevalidation -fmodules-validate-once-per-build-session -Wnon-modular-include-in-framework-module -Werror\=non-modular-include-in-framework-module -Wno-trigraphs -Wno-missing-field-initializers -Wno-missing-prototypes -Wno-return-type -Wno-non-virtual-dtor -Wno-overloaded-virtual -Wno-exit-time-destructors -Wno-missing-braces -Wparentheses -Wswitch -Wno-unused-function -Wno-unused-label -Wno-unused-parameter -Wno-unused-variable -Wunused-value -Wno-empty-body -Wno-uninitialized -Wno-unknown-pragmas -w -Wno-shadow -Wno-four-char-constants -Wno-conversion -Wno-constant-conversion -Wno-int-conversion -Wno-bool-conversion -Wno-enum-conversion -Wno-float-conversion -Wno-non-literal-null-conversion -Wno-objc-literal-conversion -Wshorten-64-to-32 -Wno-newline-eof -Wno-c++11-extensions -Wno-implicit-fallthrough -fstrict-aliasing -Wdeprecated-declarations -Winvalid-offsetof -Wno-sign-conversion -Wno-infinite-recursion -Wno-move -Wno-comma -Wno-block-capture-autoreleasing -Wno-strict-prototypes -Wno-range-loop-analysis -Wno-semicolon-before-method-body -index-store-path /Users/j/Documents/GitHub/MoneroOne/build/Index.noindex/DataStore @/Users/j/Documents/GitHub/MoneroOne/build/Build/Intermediates.noindex/swift-nio-ssl.build/Debug-iphonesimulator/CNIOBoringSSL.build/Objects-normal/arm64/82b82416624d2658e5098eb0a28c15c5-common-args.resp -MMD -MT dependencies -MF /Users/j/Documents/GitHub/MoneroOne/build/Build/Intermediates.noindex/swift-nio-ssl.build/Debug-iphonesimulator/CNIOBoringSSL.build/Objects-normal/arm64/chacha.d --serialize-diagnostics /Users/j/Documents/GitHub/MoneroOne/build/Build/Intermediates.noindex/swift-nio-ssl.build/Debug-iphonesimulator/CNIOBoringSSL.build/Objects-normal/arm64/chacha.dia -c /Users/j/Documents/GitHub/MoneroOne/build/SourcePackages/checkouts/swift-nio-ssl/Sources/CNIOBoringSSL/crypto/chacha/chacha.cc -o /Users/j/Documents/GitHub/MoneroOne/build/Build/Intermediates.noindex/swift-nio-ssl.build/Debug-iphonesimulator/CNIOBoringSSL.build/Objects-normal/arm64/chacha.o -index-unit-output-path /swift-nio-ssl.build/Debug-iphonesimulator/CNIOBoringSSL.build/Objects-normal/arm64/chacha.o

CompileC /Users/j/Documents/GitHub/MoneroOne/build/Build/Intermediates.noindex/swift-nio-ssl.build/Debug-iphonesimulator/CNIOBoringSSL.build/Objects-normal/arm64/chacha-x86_64-linux.o /Users/j/Documents/GitHub/MoneroOne/build/SourcePackages/checkouts/swift-nio-ssl/Sources/CNIOBoringSSL/gen/crypto/chacha-x86_64-linux.S normal arm64 assembler-with-cpp com.apple.compilers.llvm.clang.1_0.compiler (in target 'CNIOBoringSSL' from project 'swift-nio-ssl')
    cd /Users/j/Documents/GitHub/MoneroOne/MoneroOne.xcodeproj
    
    Using response file: /Users/j/Documents/GitHub/MoneroOne/build/Build/Intermediates.noindex/swift-nio-ssl.build/Debug-iphonesimulator/CNIOBoringSSL.build/Objects-normal/arm64/533656923a283fa776881f304837ed9e-common-args.resp
    
    /Applications/Xcode.app/Contents/Developer/Toolchains/XcodeDefault.xctoolchain/usr/bin/clang -x assembler-with-cpp -ivfsstatcache /Users/j/Documents/GitHub/MoneroOne/build/SDKStatCaches.noindex/iphonesimulator26.1-23B77-90cf18a4295e390e64c810bc6bd7acbc.sdkstatcache -fmessage-length\=0 -fdiagnostics-show-note-include-stack -fmacro-backtrace-limit\=0 -fno-color-diagnostics -fmodules-prune-interval\=86400 -fmodules-prune-after\=345600 -fbuild-session-file\=/Users/j/Documents/GitHub/MoneroOne/build/ModuleCache.noindex/Session.modulevalidation -fmodules-validate-once-per-build-session -Wnon-modular-include-in-framework-module -Werror\=non-modular-include-in-framework-module -Wno-trigraphs -Wno-missing-field-initializers -Wno-missing-prototypes -Wno-return-type -Wno-missing-braces -Wparentheses -Wswitch -Wno-unused-function -Wno-unused-label -Wno-unused-parameter -Wno-unused-variable -Wunused-value -Wno-empty-body -Wno-uninitialized -Wno-unknown-pragmas -w -Wno-shadow -Wno-four-char-constants -Wno-conversion -Wno-constant-conversion -Wno-int-conversion -Wno-bool-conversion -Wno-enum-conversion -Wno-float-conversion -Wno-non-literal-null-conversion -Wno-objc-literal-conversion -Wshorten-64-to-32 -Wno-newline-eof -Wno-implicit-fallthrough -fstrict-aliasing -Wdeprecated-declarations -Wno-sign-conversion -Wno-infinite-recursion -Wno-comma -Wno-block-capture-autoreleasing -Wno-strict-prototypes -Wno-semicolon-before-method-body -index-store-path /Users/j/Documents/GitHub/MoneroOne/build/Index.noindex/DataStore @/Users/j/Documents/GitHub/MoneroOne/build/Build/Intermediates.noindex/swift-nio-ssl.build/Debug-iphonesimulator/CNIOBoringSSL.build/Objects-normal/arm64/533656923a283fa776881f304837ed9e-common-args.resp -MMD -MT dependencies -MF /Users/j/Documents/GitHub/MoneroOne/build/Build/Intermediates.noindex/swift-nio-ssl.build/Debug-iphonesimulator/CNIOBoringSSL.build/Objects-normal/arm64/chacha-x86_64-linux.d --serialize-diagnostics /Users/j/Documents/GitHub/MoneroOne/build/Build/Intermediates.noindex/swift-nio-ssl.build/Debug-iphonesimulator/CNIOBoringSSL.build/Objects-normal/arm64/chacha-x86_64-linux.dia -c /Users/j/Documents/GitHub/MoneroOne/build/SourcePackages/checkouts/swift-nio-ssl/Sources/CNIOBoringSSL/gen/crypto/chacha-x86_64-linux.S -o /Users/j/Documents/GitHub/MoneroOne/build/Build/Intermediates.noindex/swift-nio-ssl.build/Debug-iphonesimulator/CNIOBoringSSL.build/Objects-normal/arm64/chacha-x86_64-linux.o -index-unit-output-path /swift-nio-ssl.build/Debug-iphonesimulator/CNIOBoringSSL.build/Objects-normal/arm64/chacha-x86_64-linux.o

CompileC /Users/j/Documents/GitHub/MoneroOne/build/Build/Intermediates.noindex/swift-nio-ssl.build/Debug-iphonesimulator/CNIOBoringSSL.build/Objects-normal/arm64/chacha-x86_64-apple.o /Users/j/Documents/GitHub/MoneroOne/build/SourcePackages/checkouts/swift-nio-ssl/Sources/CNIOBoringSSL/gen/crypto/chacha-x86_64-apple.S normal arm64 assembler-with-cpp com.apple.compilers.llvm.clang.1_0.compiler (in target 'CNIOBoringSSL' from project 'swift-nio-ssl')
    cd /Users/j/Documents/GitHub/MoneroOne/MoneroOne.xcodeproj
    
    Using response file: /Users/j/Documents/GitHub/MoneroOne/build/Build/Intermediates.noindex/swift-nio-ssl.build/Debug-iphonesimulator/CNIOBoringSSL.build/Objects-normal/arm64/533656923a283fa776881f304837ed9e-common-args.resp
    
    /Applications/Xcode.app/Contents/Developer/Toolchains/XcodeDefault.xctoolchain/usr/bin/clang -x assembler-with-cpp -ivfsstatcache /Users/j/Documents/GitHub/MoneroOne/build/SDKStatCaches.noindex/iphonesimulator26.1-23B77-90cf18a4295e390e64c810bc6bd7acbc.sdkstatcache -fmessage-length\=0 -fdiagnostics-show-note-include-stack -fmacro-backtrace-limit\=0 -fno-color-diagnostics -fmodules-prune-interval\=86400 -fmodules-prune-after\=345600 -fbuild-session-file\=/Users/j/Documents/GitHub/MoneroOne/build/ModuleCache.noindex/Session.modulevalidation -fmodules-validate-once-per-build-session -Wnon-modular-include-in-framework-module -Werror\=non-modular-include-in-framework-module -Wno-trigraphs -Wno-missing-field-initializers -Wno-missing-prototypes -Wno-return-type -Wno-missing-braces -Wparentheses -Wswitch -Wno-unused-function -Wno-unused-label -Wno-unused-parameter -Wno-unused-variable -Wunused-value -Wno-empty-body -Wno-uninitialized -Wno-unknown-pragmas -w -Wno-shadow -Wno-four-char-constants -Wno-conversion -Wno-constant-conversion -Wno-int-conversion -Wno-bool-conversion -Wno-enum-conversion -Wno-float-conversion -Wno-non-literal-null-conversion -Wno-objc-literal-conversion -Wshorten-64-to-32 -Wno-newline-eof -Wno-implicit-fallthrough -fstrict-aliasing -Wdeprecated-declarations -Wno-sign-conversion -Wno-infinite-recursion -Wno-comma -Wno-block-capture-autoreleasing -Wno-strict-prototypes -Wno-semicolon-before-method-body -index-store-path /Users/j/Documents/GitHub/MoneroOne/build/Index.noindex/DataStore @/Users/j/Documents/GitHub/MoneroOne/build/Build/Intermediates.noindex/swift-nio-ssl.build/Debug-iphonesimulator/CNIOBoringSSL.build/Objects-normal/arm64/533656923a283fa776881f304837ed9e-common-args.resp -MMD -MT dependencies -MF /Users/j/Documents/GitHub/MoneroOne/build/Build/Intermediates.noindex/swift-nio-ssl.build/Debug-iphonesimulator/CNIOBoringSSL.build/Objects-normal/arm64/chacha-x86_64-apple.d --serialize-diagnostics /Users/j/Documents/GitHub/MoneroOne/build/Build/Intermediates.noindex/swift-nio-ssl.build/Debug-iphonesimulator/CNIOBoringSSL.build/Objects-normal/arm64/chacha-x86_64-apple.dia -c /Users/j/Documents/GitHub/MoneroOne/build/SourcePackages/checkouts/swift-nio-ssl/Sources/CNIOBoringSSL/gen/crypto/chacha-x86_64-apple.S -o /Users/j/Documents/GitHub/MoneroOne/build/Build/Intermediates.noindex/swift-nio-ssl.build/Debug-iphonesimulator/CNIOBoringSSL.build/Objects-normal/arm64/chacha-x86_64-apple.o -index-unit-output-path /swift-nio-ssl.build/Debug-iphonesimulator/CNIOBoringSSL.build/Objects-normal/arm64/chacha-x86_64-apple.o

CompileC /Users/j/Documents/GitHub/MoneroOne/build/Build/Intermediates.noindex/swift-nio-ssl.build/Debug-iphonesimulator/CNIOBoringSSL.build/Objects-normal/arm64/chacha-x86-linux.o /Users/j/Documents/GitHub/MoneroOne/build/SourcePackages/checkouts/swift-nio-ssl/Sources/CNIOBoringSSL/gen/crypto/chacha-x86-linux.S normal arm64 assembler-with-cpp com.apple.compilers.llvm.clang.1_0.compiler (in target 'CNIOBoringSSL' from project 'swift-nio-ssl')
    cd /Users/j/Documents/GitHub/MoneroOne/MoneroOne.xcodeproj
    
    Using response file: /Users/j/Documents/GitHub/MoneroOne/build/Build/Intermediates.noindex/swift-nio-ssl.build/Debug-iphonesimulator/CNIOBoringSSL.build/Objects-normal/arm64/533656923a283fa776881f304837ed9e-common-args.resp
    
    /Applications/Xcode.app/Contents/Developer/Toolchains/XcodeDefault.xctoolchain/usr/bin/clang -x assembler-with-cpp -ivfsstatcache /Users/j/Documents/GitHub/MoneroOne/build/SDKStatCaches.noindex/iphonesimulator26.1-23B77-90cf18a4295e390e64c810bc6bd7acbc.sdkstatcache -fmessage-length\=0 -fdiagnostics-show-note-include-stack -fmacro-backtrace-limit\=0 -fno-color-diagnostics -fmodules-prune-interval\=86400 -fmodules-prune-after\=345600 -fbuild-session-file\=/Users/j/Documents/GitHub/MoneroOne/build/ModuleCache.noindex/Session.modulevalidation -fmodules-validate-once-per-build-session -Wnon-modular-include-in-framework-module -Werror\=non-modular-include-in-framework-module -Wno-trigraphs -Wno-missing-field-initializers -Wno-missing-prototypes -Wno-return-type -Wno-missing-braces -Wparentheses -Wswitch -Wno-unused-function -Wno-unused-label -Wno-unused-parameter -Wno-unused-variable -Wunused-value -Wno-empty-body -Wno-uninitialized -Wno-unknown-pragmas -w -Wno-shadow -Wno-four-char-constants -Wno-conversion -Wno-constant-conversion -Wno-int-conversion -Wno-bool-conversion -Wno-enum-conversion -Wno-float-conversion -Wno-non-literal-null-conversion -Wno-objc-literal-conversion -Wshorten-64-to-32 -Wno-newline-eof -Wno-implicit-fallthrough -fstrict-aliasing -Wdeprecated-declarations -Wno-sign-conversion -Wno-infinite-recursion -Wno-comma -Wno-block-capture-autoreleasing -Wno-strict-prototypes -Wno-semicolon-before-method-body -index-store-path /Users/j/Documents/GitHub/MoneroOne/build/Index.noindex/DataStore @/Users/j/Documents/GitHub/MoneroOne/build/Build/Intermediates.noindex/swift-nio-ssl.build/Debug-iphonesimulator/CNIOBoringSSL.build/Objects-normal/arm64/533656923a283fa776881f304837ed9e-common-args.resp -MMD -MT dependencies -MF /Users/j/Documents/GitHub/MoneroOne/build/Build/Intermediates.noindex/swift-nio-ssl.build/Debug-iphonesimulator/CNIOBoringSSL.build/Objects-normal/arm64/chacha-x86-linux.d --serialize-diagnostics /Users/j/Documents/GitHub/MoneroOne/build/Build/Intermediates.noindex/swift-nio-ssl.build/Debug-iphonesimulator/CNIOBoringSSL.build/Objects-normal/arm64/chacha-x86-linux.dia -c /Users/j/Documents/GitHub/MoneroOne/build/SourcePackages/checkouts/swift-nio-ssl/Sources/CNIOBoringSSL/gen/crypto/chacha-x86-linux.S -o /Users/j/Documents/GitHub/MoneroOne/build/Build/Intermediates.noindex/swift-nio-ssl.build/Debug-iphonesimulator/CNIOBoringSSL.build/Objects-normal/arm64/chacha-x86-linux.o -index-unit-output-path /swift-nio-ssl.build/Debug-iphonesimulator/CNIOBoringSSL.build/Objects-normal/arm64/chacha-x86-linux.o

CompileC /Users/j/Documents/GitHub/MoneroOne/build/Build/Intermediates.noindex/swift-nio-ssl.build/Debug-iphonesimulator/CNIOBoringSSL.build/Objects-normal/arm64/chacha-x86-apple.o /Users/j/Documents/GitHub/MoneroOne/build/SourcePackages/checkouts/swift-nio-ssl/Sources/CNIOBoringSSL/gen/crypto/chacha-x86-apple.S normal arm64 assembler-with-cpp com.apple.compilers.llvm.clang.1_0.compiler (in target 'CNIOBoringSSL' from project 'swift-nio-ssl')
    cd /Users/j/Documents/GitHub/MoneroOne/MoneroOne.xcodeproj
    
    Using response file: /Users/j/Documents/GitHub/MoneroOne/build/Build/Intermediates.noindex/swift-nio-ssl.build/Debug-iphonesimulator/CNIOBoringSSL.build/Objects-normal/arm64/533656923a283fa776881f304837ed9e-common-args.resp
    
    /Applications/Xcode.app/Contents/Developer/Toolchains/XcodeDefault.xctoolchain/usr/bin/clang -x assembler-with-cpp -ivfsstatcache /Users/j/Documents/GitHub/MoneroOne/build/SDKStatCaches.noindex/iphonesimulator26.1-23B77-90cf18a4295e390e64c810bc6bd7acbc.sdkstatcache -fmessage-length\=0 -fdiagnostics-show-note-include-stack -fmacro-backtrace-limit\=0 -fno-color-diagnostics -fmodules-prune-interval\=86400 -fmodules-prune-after\=345600 -fbuild-session-file\=/Users/j/Documents/GitHub/MoneroOne/build/ModuleCache.noindex/Session.modulevalidation -fmodules-validate-once-per-build-session -Wnon-modular-include-in-framework-module -Werror\=non-modular-include-in-framework-module -Wno-trigraphs -Wno-missing-field-initializers -Wno-missing-prototypes -Wno-return-type -Wno-missing-braces -Wparentheses -Wswitch -Wno-unused-function -Wno-unused-label -Wno-unused-parameter -Wno-unused-variable -Wunused-value -Wno-empty-body -Wno-uninitialized -Wno-unknown-pragmas -w -Wno-shadow -Wno-four-char-constants -Wno-conversion -Wno-constant-conversion -Wno-int-conversion -Wno-bool-conversion -Wno-enum-conversion -Wno-float-conversion -Wno-non-literal-null-conversion -Wno-objc-literal-conversion -Wshorten-64-to-32 -Wno-newline-eof -Wno-implicit-fallthrough -fstrict-aliasing -Wdeprecated-declarations -Wno-sign-conversion -Wno-infinite-recursion -Wno-comma -Wno-block-capture-autoreleasing -Wno-strict-prototypes -Wno-semicolon-before-method-body -index-store-path /Users/j/Documents/GitHub/MoneroOne/build/Index.noindex/DataStore @/Users/j/Documents/GitHub/MoneroOne/build/Build/Intermediates.noindex/swift-nio-ssl.build/Debug-iphonesimulator/CNIOBoringSSL.build/Objects-normal/arm64/533656923a283fa776881f304837ed9e-common-args.resp -MMD -MT dependencies -MF /Users/j/Documents/GitHub/MoneroOne/build/Build/Intermediates.noindex/swift-nio-ssl.build/Debug-iphonesimulator/CNIOBoringSSL.build/Objects-normal/arm64/chacha-x86-apple.d --serialize-diagnostics /Users/j/Documents/GitHub/MoneroOne/build/Build/Intermediates.noindex/swift-nio-ssl.build/Debug-iphonesimulator/CNIOBoringSSL.build/Objects-normal/arm64/chacha-x86-apple.dia -c /Users/j/Documents/GitHub/MoneroOne/build/SourcePackages/checkouts/swift-nio-ssl/Sources/CNIOBoringSSL/gen/crypto/chacha-x86-apple.S -o /Users/j/Documents/GitHub/MoneroOne/build/Build/Intermediates.noindex/swift-nio-ssl.build/Debug-iphonesimulator/CNIOBoringSSL.build/Objects-normal/arm64/chacha-x86-apple.o -index-unit-output-path /swift-nio-ssl.build/Debug-iphonesimulator/CNIOBoringSSL.build/Objects-normal/arm64/chacha-x86-apple.o

CompileC /Users/j/Documents/GitHub/MoneroOne/build/Build/Intermediates.noindex/swift-nio-ssl.build/Debug-iphonesimulator/CNIOBoringSSL.build/Objects-normal/arm64/chacha-armv8-win.o /Users/j/Documents/GitHub/MoneroOne/build/SourcePackages/checkouts/swift-nio-ssl/Sources/CNIOBoringSSL/gen/crypto/chacha-armv8-win.S normal arm64 assembler-with-cpp com.apple.compilers.llvm.clang.1_0.compiler (in target 'CNIOBoringSSL' from project 'swift-nio-ssl')
    cd /Users/j/Documents/GitHub/MoneroOne/MoneroOne.xcodeproj
    
    Using response file: /Users/j/Documents/GitHub/MoneroOne/build/Build/Intermediates.noindex/swift-nio-ssl.build/Debug-iphonesimulator/CNIOBoringSSL.build/Objects-normal/arm64/533656923a283fa776881f304837ed9e-common-args.resp
    
    /Applications/Xcode.app/Contents/Developer/Toolchains/XcodeDefault.xctoolchain/usr/bin/clang -x assembler-with-cpp -ivfsstatcache /Users/j/Documents/GitHub/MoneroOne/build/SDKStatCaches.noindex/iphonesimulator26.1-23B77-90cf18a4295e390e64c810bc6bd7acbc.sdkstatcache -fmessage-length\=0 -fdiagnostics-show-note-include-stack -fmacro-backtrace-limit\=0 -fno-color-diagnostics -fmodules-prune-interval\=86400 -fmodules-prune-after\=345600 -fbuild-session-file\=/Users/j/Documents/GitHub/MoneroOne/build/ModuleCache.noindex/Session.modulevalidation -fmodules-validate-once-per-build-session -Wnon-modular-include-in-framework-module -Werror\=non-modular-include-in-framework-module -Wno-trigraphs -Wno-missing-field-initializers -Wno-missing-prototypes -Wno-return-type -Wno-missing-braces -Wparentheses -Wswitch -Wno-unused-function -Wno-unused-label -Wno-unused-parameter -Wno-unused-variable -Wunused-value -Wno-empty-body -Wno-uninitialized -Wno-unknown-pragmas -w -Wno-shadow -Wno-four-char-constants -Wno-conversion -Wno-constant-conversion -Wno-int-conversion -Wno-bool-conversion -Wno-enum-conversion -Wno-float-conversion -Wno-non-literal-null-conversion -Wno-objc-literal-conversion -Wshorten-64-to-32 -Wno-newline-eof -Wno-implicit-fallthrough -fstrict-aliasing -Wdeprecated-declarations -Wno-sign-conversion -Wno-infinite-recursion -Wno-comma -Wno-block-capture-autoreleasing -Wno-strict-prototypes -Wno-semicolon-before-method-body -index-store-path /Users/j/Documents/GitHub/MoneroOne/build/Index.noindex/DataStore @/Users/j/Documents/GitHub/MoneroOne/build/Build/Intermediates.noindex/swift-nio-ssl.build/Debug-iphonesimulator/CNIOBoringSSL.build/Objects-normal/arm64/533656923a283fa776881f304837ed9e-common-args.resp -MMD -MT dependencies -MF /Users/j/Documents/GitHub/MoneroOne/build/Build/Intermediates.noindex/swift-nio-ssl.build/Debug-iphonesimulator/CNIOBoringSSL.build/Objects-normal/arm64/chacha-armv8-win.d --serialize-diagnostics /Users/j/Documents/GitHub/MoneroOne/build/Build/Intermediates.noindex/swift-nio-ssl.build/Debug-iphonesimulator/CNIOBoringSSL.build/Objects-normal/arm64/chacha-armv8-win.dia -c /Users/j/Documents/GitHub/MoneroOne/build/SourcePackages/checkouts/swift-nio-ssl/Sources/CNIOBoringSSL/gen/crypto/chacha-armv8-win.S -o /Users/j/Documents/GitHub/MoneroOne/build/Build/Intermediates.noindex/swift-nio-ssl.build/Debug-iphonesimulator/CNIOBoringSSL.build/Objects-normal/arm64/chacha-armv8-win.o -index-unit-output-path /swift-nio-ssl.build/Debug-iphonesimulator/CNIOBoringSSL.build/Objects-normal/arm64/chacha-armv8-win.o

CompileC /Users/j/Documents/GitHub/MoneroOne/build/Build/Intermediates.noindex/swift-nio-ssl.build/Debug-iphonesimulator/CNIOBoringSSL.build/Objects-normal/arm64/chacha-armv8-linux.o /Users/j/Documents/GitHub/MoneroOne/build/SourcePackages/checkouts/swift-nio-ssl/Sources/CNIOBoringSSL/gen/crypto/chacha-armv8-linux.S normal arm64 assembler-with-cpp com.apple.compilers.llvm.clang.1_0.compiler (in target 'CNIOBoringSSL' from project 'swift-nio-ssl')
    cd /Users/j/Documents/GitHub/MoneroOne/MoneroOne.xcodeproj
    
    Using response file: /Users/j/Documents/GitHub/MoneroOne/build/Build/Intermediates.noindex/swift-nio-ssl.build/Debug-iphonesimulator/CNIOBoringSSL.build/Objects-normal/arm64/533656923a283fa776881f304837ed9e-common-args.resp
    
    /Applications/Xcode.app/Contents/Developer/Toolchains/XcodeDefault.xctoolchain/usr/bin/clang -x assembler-with-cpp -ivfsstatcache /Users/j/Documents/GitHub/MoneroOne/build/SDKStatCaches.noindex/iphonesimulator26.1-23B77-90cf18a4295e390e64c810bc6bd7acbc.sdkstatcache -fmessage-length\=0 -fdiagnostics-show-note-include-stack -fmacro-backtrace-limit\=0 -fno-color-diagnostics -fmodules-prune-interval\=86400 -fmodules-prune-after\=345600 -fbuild-session-file\=/Users/j/Documents/GitHub/MoneroOne/build/ModuleCache.noindex/Session.modulevalidation -fmodules-validate-once-per-build-session -Wnon-modular-include-in-framework-module -Werror\=non-modular-include-in-framework-module -Wno-trigraphs -Wno-missing-field-initializers -Wno-missing-prototypes -Wno-return-type -Wno-missing-braces -Wparentheses -Wswitch -Wno-unused-function -Wno-unused-label -Wno-unused-parameter -Wno-unused-variable -Wunused-value -Wno-empty-body -Wno-uninitialized -Wno-unknown-pragmas -w -Wno-shadow -Wno-four-char-constants -Wno-conversion -Wno-constant-conversion -Wno-int-conversion -Wno-bool-conversion -Wno-enum-conversion -Wno-float-conversion -Wno-non-literal-null-conversion -Wno-objc-literal-conversion -Wshorten-64-to-32 -Wno-newline-eof -Wno-implicit-fallthrough -fstrict-aliasing -Wdeprecated-declarations -Wno-sign-conversion -Wno-infinite-recursion -Wno-comma -Wno-block-capture-autoreleasing -Wno-strict-prototypes -Wno-semicolon-before-method-body -index-store-path /Users/j/Documents/GitHub/MoneroOne/build/Index.noindex/DataStore @/Users/j/Documents/GitHub/MoneroOne/build/Build/Intermediates.noindex/swift-nio-ssl.build/Debug-iphonesimulator/CNIOBoringSSL.build/Objects-normal/arm64/533656923a283fa776881f304837ed9e-common-args.resp -MMD -MT dependencies -MF /Users/j/Documents/GitHub/MoneroOne/build/Build/Intermediates.noindex/swift-nio-ssl.build/Debug-iphonesimulator/CNIOBoringSSL.build/Objects-normal/arm64/chacha-armv8-linux.d --serialize-diagnostics /Users/j/Documents/GitHub/MoneroOne/build/Build/Intermediates.noindex/swift-nio-ssl.build/Debug-iphonesimulator/CNIOBoringSSL.build/Objects-normal/arm64/chacha-armv8-linux.dia -c /Users/j/Documents/GitHub/MoneroOne/build/SourcePackages/checkouts/swift-nio-ssl/Sources/CNIOBoringSSL/gen/crypto/chacha-armv8-linux.S -o /Users/j/Documents/GitHub/MoneroOne/build/Build/Intermediates.noindex/swift-nio-ssl.build/Debug-iphonesimulator/CNIOBoringSSL.build/Objects-normal/arm64/chacha-armv8-linux.o -index-unit-output-path /swift-nio-ssl.build/Debug-iphonesimulator/CNIOBoringSSL.build/Objects-normal/arm64/chacha-armv8-linux.o

CompileC /Users/j/Documents/GitHub/MoneroOne/build/Build/Intermediates.noindex/swift-nio-ssl.build/Debug-iphonesimulator/CNIOBoringSSL.build/Objects-normal/arm64/chacha-armv8-apple.o /Users/j/Documents/GitHub/MoneroOne/build/SourcePackages/checkouts/swift-nio-ssl/Sources/CNIOBoringSSL/gen/crypto/chacha-armv8-apple.S normal arm64 assembler-with-cpp com.apple.compilers.llvm.clang.1_0.compiler (in target 'CNIOBoringSSL' from project 'swift-nio-ssl')
    cd /Users/j/Documents/GitHub/MoneroOne/MoneroOne.xcodeproj
    
    Using response file: /Users/j/Documents/GitHub/MoneroOne/build/Build/Intermediates.noindex/swift-nio-ssl.build/Debug-iphonesimulator/CNIOBoringSSL.build/Objects-normal/arm64/533656923a283fa776881f304837ed9e-common-args.resp
    
    /Applications/Xcode.app/Contents/Developer/Toolchains/XcodeDefault.xctoolchain/usr/bin/clang -x assembler-with-cpp -ivfsstatcache /Users/j/Documents/GitHub/MoneroOne/build/SDKStatCaches.noindex/iphonesimulator26.1-23B77-90cf18a4295e390e64c810bc6bd7acbc.sdkstatcache -fmessage-length\=0 -fdiagnostics-show-note-include-stack -fmacro-backtrace-limit\=0 -fno-color-diagnostics -fmodules-prune-interval\=86400 -fmodules-prune-after\=345600 -fbuild-session-file\=/Users/j/Documents/GitHub/MoneroOne/build/ModuleCache.noindex/Session.modulevalidation -fmodules-validate-once-per-build-session -Wnon-modular-include-in-framework-module -Werror\=non-modular-include-in-framework-module -Wno-trigraphs -Wno-missing-field-initializers -Wno-missing-prototypes -Wno-return-type -Wno-missing-braces -Wparentheses -Wswitch -Wno-unused-function -Wno-unused-label -Wno-unused-parameter -Wno-unused-variable -Wunused-value -Wno-empty-body -Wno-uninitialized -Wno-unknown-pragmas -w -Wno-shadow -Wno-four-char-constants -Wno-conversion -Wno-constant-conversion -Wno-int-conversion -Wno-bool-conversion -Wno-enum-conversion -Wno-float-conversion -Wno-non-literal-null-conversion -Wno-objc-literal-conversion -Wshorten-64-to-32 -Wno-newline-eof -Wno-implicit-fallthrough -fstrict-aliasing -Wdeprecated-declarations -Wno-sign-conversion -Wno-infinite-recursion -Wno-comma -Wno-block-capture-autoreleasing -Wno-strict-prototypes -Wno-semicolon-before-method-body -index-store-path /Users/j/Documents/GitHub/MoneroOne/build/Index.noindex/DataStore @/Users/j/Documents/GitHub/MoneroOne/build/Build/Intermediates.noindex/swift-nio-ssl.build/Debug-iphonesimulator/CNIOBoringSSL.build/Objects-normal/arm64/533656923a283fa776881f304837ed9e-common-args.resp -MMD -MT dependencies -MF /Users/j/Documents/GitHub/MoneroOne/build/Build/Intermediates.noindex/swift-nio-ssl.build/Debug-iphonesimulator/CNIOBoringSSL.build/Objects-normal/arm64/chacha-armv8-apple.d --serialize-diagnostics /Users/j/Documents/GitHub/MoneroOne/build/Build/Intermediates.noindex/swift-nio-ssl.build/Debug-iphonesimulator/CNIOBoringSSL.build/Objects-normal/arm64/chacha-armv8-apple.dia -c /Users/j/Documents/GitHub/MoneroOne/build/SourcePackages/checkouts/swift-nio-ssl/Sources/CNIOBoringSSL/gen/crypto/chacha-armv8-apple.S -o /Users/j/Documents/GitHub/MoneroOne/build/Build/Intermediates.noindex/swift-nio-ssl.build/Debug-iphonesimulator/CNIOBoringSSL.build/Objects-normal/arm64/chacha-armv8-apple.o -index-unit-output-path /swift-nio-ssl.build/Debug-iphonesimulator/CNIOBoringSSL.build/Objects-normal/arm64/chacha-armv8-apple.o

CompileC /Users/j/Documents/GitHub/MoneroOne/build/Build/Intermediates.noindex/swift-nio-ssl.build/Debug-iphonesimulator/CNIOBoringSSL.build/Objects-normal/arm64/chacha-armv4-linux.o /Users/j/Documents/GitHub/MoneroOne/build/SourcePackages/checkouts/swift-nio-ssl/Sources/CNIOBoringSSL/gen/crypto/chacha-armv4-linux.S normal arm64 assembler-with-cpp com.apple.compilers.llvm.clang.1_0.compiler (in target 'CNIOBoringSSL' from project 'swift-nio-ssl')
    cd /Users/j/Documents/GitHub/MoneroOne/MoneroOne.xcodeproj
    
    Using response file: /Users/j/Documents/GitHub/MoneroOne/build/Build/Intermediates.noindex/swift-nio-ssl.build/Debug-iphonesimulator/CNIOBoringSSL.build/Objects-normal/arm64/533656923a283fa776881f304837ed9e-common-args.resp
    
    /Applications/Xcode.app/Contents/Developer/Toolchains/XcodeDefault.xctoolchain/usr/bin/clang -x assembler-with-cpp -ivfsstatcache /Users/j/Documents/GitHub/MoneroOne/build/SDKStatCaches.noindex/iphonesimulator26.1-23B77-90cf18a4295e390e64c810bc6bd7acbc.sdkstatcache -fmessage-length\=0 -fdiagnostics-show-note-include-stack -fmacro-backtrace-limit\=0 -fno-color-diagnostics -fmodules-prune-interval\=86400 -fmodules-prune-after\=345600 -fbuild-session-file\=/Users/j/Documents/GitHub/MoneroOne/build/ModuleCache.noindex/Session.modulevalidation -fmodules-validate-once-per-build-session -Wnon-modular-include-in-framework-module -Werror\=non-modular-include-in-framework-module -Wno-trigraphs -Wno-missing-field-initializers -Wno-missing-prototypes -Wno-return-type -Wno-missing-braces -Wparentheses -Wswitch -Wno-unused-function -Wno-unused-label -Wno-unused-parameter -Wno-unused-variable -Wunused-value -Wno-empty-body -Wno-uninitialized -Wno-unknown-pragmas -w -Wno-shadow -Wno-four-char-constants -Wno-conversion -Wno-constant-conversion -Wno-int-conversion -Wno-bool-conversion -Wno-enum-conversion -Wno-float-conversion -Wno-non-literal-null-conversion -Wno-objc-literal-conversion -Wshorten-64-to-32 -Wno-newline-eof -Wno-implicit-fallthrough -fstrict-aliasing -Wdeprecated-declarations -Wno-sign-conversion -Wno-infinite-recursion -Wno-comma -Wno-block-capture-autoreleasing -Wno-strict-prototypes -Wno-semicolon-before-method-body -index-store-path /Users/j/Documents/GitHub/MoneroOne/build/Index.noindex/DataStore @/Users/j/Documents/GitHub/MoneroOne/build/Build/Intermediates.noindex/swift-nio-ssl.build/Debug-iphonesimulator/CNIOBoringSSL.build/Objects-normal/arm64/533656923a283fa776881f304837ed9e-common-args.resp -MMD -MT dependencies -MF /Users/j/Documents/GitHub/MoneroOne/build/Build/Intermediates.noindex/swift-nio-ssl.build/Debug-iphonesimulator/CNIOBoringSSL.build/Objects-normal/arm64/chacha-armv4-linux.d --serialize-diagnostics /Users/j/Documents/GitHub/MoneroOne/build/Build/Intermediates.noindex/swift-nio-ssl.build/Debug-iphonesimulator/CNIOBoringSSL.build/Objects-normal/arm64/chacha-armv4-linux.dia -c /Users/j/Documents/GitHub/MoneroOne/build/SourcePackages/checkouts/swift-nio-ssl/Sources/CNIOBoringSSL/gen/crypto/chacha-armv4-linux.S -o /Users/j/Documents/GitHub/MoneroOne/build/Build/Intermediates.noindex/swift-nio-ssl.build/Debug-iphonesimulator/CNIOBoringSSL.build/Objects-normal/arm64/chacha-armv4-linux.o -index-unit-output-path /swift-nio-ssl.build/Debug-iphonesimulator/CNIOBoringSSL.build/Objects-normal/arm64/chacha-armv4-linux.o

CompileC /Users/j/Documents/GitHub/MoneroOne/build/Build/Intermediates.noindex/swift-nio-ssl.build/Debug-iphonesimulator/CNIOBoringSSL.build/Objects-normal/arm64/cbs.o /Users/j/Documents/GitHub/MoneroOne/build/SourcePackages/checkouts/swift-nio-ssl/Sources/CNIOBoringSSL/crypto/bytestring/cbs.cc normal arm64 c++ com.apple.compilers.llvm.clang.1_0.compiler (in target 'CNIOBoringSSL' from project 'swift-nio-ssl')
    cd /Users/j/Documents/GitHub/MoneroOne/MoneroOne.xcodeproj
    
    Using response file: /Users/j/Documents/GitHub/MoneroOne/build/Build/Intermediates.noindex/swift-nio-ssl.build/Debug-iphonesimulator/CNIOBoringSSL.build/Objects-normal/arm64/82b82416624d2658e5098eb0a28c15c5-common-args.resp
    
    /Applications/Xcode.app/Contents/Developer/Toolchains/XcodeDefault.xctoolchain/usr/bin/clang -x c++ -ivfsstatcache /Users/j/Documents/GitHub/MoneroOne/build/SDKStatCaches.noindex/iphonesimulator26.1-23B77-90cf18a4295e390e64c810bc6bd7acbc.sdkstatcache -fmessage-length\=0 -fdiagnostics-show-note-include-stack -fmacro-backtrace-limit\=0 -fno-color-diagnostics -fmodules-prune-interval\=86400 -fmodules-prune-after\=345600 -fbuild-session-file\=/Users/j/Documents/GitHub/MoneroOne/build/ModuleCache.noindex/Session.modulevalidation -fmodules-validate-once-per-build-session -Wnon-modular-include-in-framework-module -Werror\=non-modular-include-in-framework-module -Wno-trigraphs -Wno-missing-field-initializers -Wno-missing-prototypes -Wno-return-type -Wno-non-virtual-dtor -Wno-overloaded-virtual -Wno-exit-time-destructors -Wno-missing-braces -Wparentheses -Wswitch -Wno-unused-function -Wno-unused-label -Wno-unused-parameter -Wno-unused-variable -Wunused-value -Wno-empty-body -Wno-uninitialized -Wno-unknown-pragmas -w -Wno-shadow -Wno-four-char-constants -Wno-conversion -Wno-constant-conversion -Wno-int-conversion -Wno-bool-conversion -Wno-enum-conversion -Wno-float-conversion -Wno-non-literal-null-conversion -Wno-objc-literal-conversion -Wshorten-64-to-32 -Wno-newline-eof -Wno-c++11-extensions -Wno-implicit-fallthrough -fstrict-aliasing -Wdeprecated-declarations -Winvalid-offsetof -Wno-sign-conversion -Wno-infinite-recursion -Wno-move -Wno-comma -Wno-block-capture-autoreleasing -Wno-strict-prototypes -Wno-range-loop-analysis -Wno-semicolon-before-method-body -index-store-path /Users/j/Documents/GitHub/MoneroOne/build/Index.noindex/DataStore @/Users/j/Documents/GitHub/MoneroOne/build/Build/Intermediates.noindex/swift-nio-ssl.build/Debug-iphonesimulator/CNIOBoringSSL.build/Objects-normal/arm64/82b82416624d2658e5098eb0a28c15c5-common-args.resp -MMD -MT dependencies -MF /Users/j/Documents/GitHub/MoneroOne/build/Build/Intermediates.noindex/swift-nio-ssl.build/Debug-iphonesimulator/CNIOBoringSSL.build/Objects-normal/arm64/cbs.d --serialize-diagnostics /Users/j/Documents/GitHub/MoneroOne/build/Build/Intermediates.noindex/swift-nio-ssl.build/Debug-iphonesimulator/CNIOBoringSSL.build/Objects-normal/arm64/cbs.dia -c /Users/j/Documents/GitHub/MoneroOne/build/SourcePackages/checkouts/swift-nio-ssl/Sources/CNIOBoringSSL/crypto/bytestring/cbs.cc -o /Users/j/Documents/GitHub/MoneroOne/build/Build/Intermediates.noindex/swift-nio-ssl.build/Debug-iphonesimulator/CNIOBoringSSL.build/Objects-normal/arm64/cbs.o -index-unit-output-path /swift-nio-ssl.build/Debug-iphonesimulator/CNIOBoringSSL.build/Objects-normal/arm64/cbs.o

CompileC /Users/j/Documents/GitHub/MoneroOne/build/Build/Intermediates.noindex/swift-nio-ssl.build/Debug-iphonesimulator/CNIOBoringSSL.build/Objects-normal/arm64/cbb.o /Users/j/Documents/GitHub/MoneroOne/build/SourcePackages/checkouts/swift-nio-ssl/Sources/CNIOBoringSSL/crypto/bytestring/cbb.cc normal arm64 c++ com.apple.compilers.llvm.clang.1_0.compiler (in target 'CNIOBoringSSL' from project 'swift-nio-ssl')
    cd /Users/j/Documents/GitHub/MoneroOne/MoneroOne.xcodeproj
    
    Using response file: /Users/j/Documents/GitHub/MoneroOne/build/Build/Intermediates.noindex/swift-nio-ssl.build/Debug-iphonesimulator/CNIOBoringSSL.build/Objects-normal/arm64/82b82416624d2658e5098eb0a28c15c5-common-args.resp
    
    /Applications/Xcode.app/Contents/Developer/Toolchains/XcodeDefault.xctoolchain/usr/bin/clang -x c++ -ivfsstatcache /Users/j/Documents/GitHub/MoneroOne/build/SDKStatCaches.noindex/iphonesimulator26.1-23B77-90cf18a4295e390e64c810bc6bd7acbc.sdkstatcache -fmessage-length\=0 -fdiagnostics-show-note-include-stack -fmacro-backtrace-limit\=0 -fno-color-diagnostics -fmodules-prune-interval\=86400 -fmodules-prune-after\=345600 -fbuild-session-file\=/Users/j/Documents/GitHub/MoneroOne/build/ModuleCache.noindex/Session.modulevalidation -fmodules-validate-once-per-build-session -Wnon-modular-include-in-framework-module -Werror\=non-modular-include-in-framework-module -Wno-trigraphs -Wno-missing-field-initializers -Wno-missing-prototypes -Wno-return-type -Wno-non-virtual-dtor -Wno-overloaded-virtual -Wno-exit-time-destructors -Wno-missing-braces -Wparentheses -Wswitch -Wno-unused-function -Wno-unused-label -Wno-unused-parameter -Wno-unused-variable -Wunused-value -Wno-empty-body -Wno-uninitialized -Wno-unknown-pragmas -w -Wno-shadow -Wno-four-char-constants -Wno-conversion -Wno-constant-conversion -Wno-int-conversion -Wno-bool-conversion -Wno-enum-conversion -Wno-float-conversion -Wno-non-literal-null-conversion -Wno-objc-literal-conversion -Wshorten-64-to-32 -Wno-newline-eof -Wno-c++11-extensions -Wno-implicit-fallthrough -fstrict-aliasing -Wdeprecated-declarations -Winvalid-offsetof -Wno-sign-conversion -Wno-infinite-recursion -Wno-move -Wno-comma -Wno-block-capture-autoreleasing -Wno-strict-prototypes -Wno-range-loop-analysis -Wno-semicolon-before-method-body -index-store-path /Users/j/Documents/GitHub/MoneroOne/build/Index.noindex/DataStore @/Users/j/Documents/GitHub/MoneroOne/build/Build/Intermediates.noindex/swift-nio-ssl.build/Debug-iphonesimulator/CNIOBoringSSL.build/Objects-normal/arm64/82b82416624d2658e5098eb0a28c15c5-common-args.resp -MMD -MT dependencies -MF /Users/j/Documents/GitHub/MoneroOne/build/Build/Intermediates.noindex/swift-nio-ssl.build/Debug-iphonesimulator/CNIOBoringSSL.build/Objects-normal/arm64/cbb.d --serialize-diagnostics /Users/j/Documents/GitHub/MoneroOne/build/Build/Intermediates.noindex/swift-nio-ssl.build/Debug-iphonesimulator/CNIOBoringSSL.build/Objects-normal/arm64/cbb.dia -c /Users/j/Documents/GitHub/MoneroOne/build/SourcePackages/checkouts/swift-nio-ssl/Sources/CNIOBoringSSL/crypto/bytestring/cbb.cc -o /Users/j/Documents/GitHub/MoneroOne/build/Build/Intermediates.noindex/swift-nio-ssl.build/Debug-iphonesimulator/CNIOBoringSSL.build/Objects-normal/arm64/cbb.o -index-unit-output-path /swift-nio-ssl.build/Debug-iphonesimulator/CNIOBoringSSL.build/Objects-normal/arm64/cbb.o

CompileC /Users/j/Documents/GitHub/MoneroOne/build/Build/Intermediates.noindex/swift-nio-ssl.build/Debug-iphonesimulator/CNIOBoringSSL.build/Objects-normal/arm64/by_file.o /Users/j/Documents/GitHub/MoneroOne/build/SourcePackages/checkouts/swift-nio-ssl/Sources/CNIOBoringSSL/crypto/x509/by_file.cc normal arm64 c++ com.apple.compilers.llvm.clang.1_0.compiler (in target 'CNIOBoringSSL' from project 'swift-nio-ssl')
    cd /Users/j/Documents/GitHub/MoneroOne/MoneroOne.xcodeproj
    
    Using response file: /Users/j/Documents/GitHub/MoneroOne/build/Build/Intermediates.noindex/swift-nio-ssl.build/Debug-iphonesimulator/CNIOBoringSSL.build/Objects-normal/arm64/82b82416624d2658e5098eb0a28c15c5-common-args.resp
    
    /Applications/Xcode.app/Contents/Developer/Toolchains/XcodeDefault.xctoolchain/usr/bin/clang -x c++ -ivfsstatcache /Users/j/Documents/GitHub/MoneroOne/build/SDKStatCaches.noindex/iphonesimulator26.1-23B77-90cf18a4295e390e64c810bc6bd7acbc.sdkstatcache -fmessage-length\=0 -fdiagnostics-show-note-include-stack -fmacro-backtrace-limit\=0 -fno-color-diagnostics -fmodules-prune-interval\=86400 -fmodules-prune-after\=345600 -fbuild-session-file\=/Users/j/Documents/GitHub/MoneroOne/build/ModuleCache.noindex/Session.modulevalidation -fmodules-validate-once-per-build-session -Wnon-modular-include-in-framework-module -Werror\=non-modular-include-in-framework-module -Wno-trigraphs -Wno-missing-field-initializers -Wno-missing-prototypes -Wno-return-type -Wno-non-virtual-dtor -Wno-overloaded-virtual -Wno-exit-time-destructors -Wno-missing-braces -Wparentheses -Wswitch -Wno-unused-function -Wno-unused-label -Wno-unused-parameter -Wno-unused-variable -Wunused-value -Wno-empty-body -Wno-uninitialized -Wno-unknown-pragmas -w -Wno-shadow -Wno-four-char-constants -Wno-conversion -Wno-constant-conversion -Wno-int-conversion -Wno-bool-conversion -Wno-enum-conversion -Wno-float-conversion -Wno-non-literal-null-conversion -Wno-objc-literal-conversion -Wshorten-64-to-32 -Wno-newline-eof -Wno-c++11-extensions -Wno-implicit-fallthrough -fstrict-aliasing -Wdeprecated-declarations -Winvalid-offsetof -Wno-sign-conversion -Wno-infinite-recursion -Wno-move -Wno-comma -Wno-block-capture-autoreleasing -Wno-strict-prototypes -Wno-range-loop-analysis -Wno-semicolon-before-method-body -index-store-path /Users/j/Documents/GitHub/MoneroOne/build/Index.noindex/DataStore @/Users/j/Documents/GitHub/MoneroOne/build/Build/Intermediates.noindex/swift-nio-ssl.build/Debug-iphonesimulator/CNIOBoringSSL.build/Objects-normal/arm64/82b82416624d2658e5098eb0a28c15c5-common-args.resp -MMD -MT dependencies -MF /Users/j/Documents/GitHub/MoneroOne/build/Build/Intermediates.noindex/swift-nio-ssl.build/Debug-iphonesimulator/CNIOBoringSSL.build/Objects-normal/arm64/by_file.d --serialize-diagnostics /Users/j/Documents/GitHub/MoneroOne/build/Build/Intermediates.noindex/swift-nio-ssl.build/Debug-iphonesimulator/CNIOBoringSSL.build/Objects-normal/arm64/by_file.dia -c /Users/j/Documents/GitHub/MoneroOne/build/SourcePackages/checkouts/swift-nio-ssl/Sources/CNIOBoringSSL/crypto/x509/by_file.cc -o /Users/j/Documents/GitHub/MoneroOne/build/Build/Intermediates.noindex/swift-nio-ssl.build/Debug-iphonesimulator/CNIOBoringSSL.build/Objects-normal/arm64/by_file.o -index-unit-output-path /swift-nio-ssl.build/Debug-iphonesimulator/CNIOBoringSSL.build/Objects-normal/arm64/by_file.o

CompileC /Users/j/Documents/GitHub/MoneroOne/build/Build/Intermediates.noindex/swift-nio-ssl.build/Debug-iphonesimulator/CNIOBoringSSL.build/Objects-normal/arm64/by_dir.o /Users/j/Documents/GitHub/MoneroOne/build/SourcePackages/checkouts/swift-nio-ssl/Sources/CNIOBoringSSL/crypto/x509/by_dir.cc normal arm64 c++ com.apple.compilers.llvm.clang.1_0.compiler (in target 'CNIOBoringSSL' from project 'swift-nio-ssl')
    cd /Users/j/Documents/GitHub/MoneroOne/MoneroOne.xcodeproj
    
    Using response file: /Users/j/Documents/GitHub/MoneroOne/build/Build/Intermediates.noindex/swift-nio-ssl.build/Debug-iphonesimulator/CNIOBoringSSL.build/Objects-normal/arm64/82b82416624d2658e5098eb0a28c15c5-common-args.resp
    
    /Applications/Xcode.app/Contents/Developer/Toolchains/XcodeDefault.xctoolchain/usr/bin/clang -x c++ -ivfsstatcache /Users/j/Documents/GitHub/MoneroOne/build/SDKStatCaches.noindex/iphonesimulator26.1-23B77-90cf18a4295e390e64c810bc6bd7acbc.sdkstatcache -fmessage-length\=0 -fdiagnostics-show-note-include-stack -fmacro-backtrace-limit\=0 -fno-color-diagnostics -fmodules-prune-interval\=86400 -fmodules-prune-after\=345600 -fbuild-session-file\=/Users/j/Documents/GitHub/MoneroOne/build/ModuleCache.noindex/Session.modulevalidation -fmodules-validate-once-per-build-session -Wnon-modular-include-in-framework-module -Werror\=non-modular-include-in-framework-module -Wno-trigraphs -Wno-missing-field-initializers -Wno-missing-prototypes -Wno-return-type -Wno-non-virtual-dtor -Wno-overloaded-virtual -Wno-exit-time-destructors -Wno-missing-braces -Wparentheses -Wswitch -Wno-unused-function -Wno-unused-label -Wno-unused-parameter -Wno-unused-variable -Wunused-value -Wno-empty-body -Wno-uninitialized -Wno-unknown-pragmas -w -Wno-shadow -Wno-four-char-constants -Wno-conversion -Wno-constant-conversion -Wno-int-conversion -Wno-bool-conversion -Wno-enum-conversion -Wno-float-conversion -Wno-non-literal-null-conversion -Wno-objc-literal-conversion -Wshorten-64-to-32 -Wno-newline-eof -Wno-c++11-extensions -Wno-implicit-fallthrough -fstrict-aliasing -Wdeprecated-declarations -Winvalid-offsetof -Wno-sign-conversion -Wno-infinite-recursion -Wno-move -Wno-comma -Wno-block-capture-autoreleasing -Wno-strict-prototypes -Wno-range-loop-analysis -Wno-semicolon-before-method-body -index-store-path /Users/j/Documents/GitHub/MoneroOne/build/Index.noindex/DataStore @/Users/j/Documents/GitHub/MoneroOne/build/Build/Intermediates.noindex/swift-nio-ssl.build/Debug-iphonesimulator/CNIOBoringSSL.build/Objects-normal/arm64/82b82416624d2658e5098eb0a28c15c5-common-args.resp -MMD -MT dependencies -MF /Users/j/Documents/GitHub/MoneroOne/build/Build/Intermediates.noindex/swift-nio-ssl.build/Debug-iphonesimulator/CNIOBoringSSL.build/Objects-normal/arm64/by_dir.d --serialize-diagnostics /Users/j/Documents/GitHub/MoneroOne/build/Build/Intermediates.noindex/swift-nio-ssl.build/Debug-iphonesimulator/CNIOBoringSSL.build/Objects-normal/arm64/by_dir.dia -c /Users/j/Documents/GitHub/MoneroOne/build/SourcePackages/checkouts/swift-nio-ssl/Sources/CNIOBoringSSL/crypto/x509/by_dir.cc -o /Users/j/Documents/GitHub/MoneroOne/build/Build/Intermediates.noindex/swift-nio-ssl.build/Debug-iphonesimulator/CNIOBoringSSL.build/Objects-normal/arm64/by_dir.o -index-unit-output-path /swift-nio-ssl.build/Debug-iphonesimulator/CNIOBoringSSL.build/Objects-normal/arm64/by_dir.o

CompileC /Users/j/Documents/GitHub/MoneroOne/build/Build/Intermediates.noindex/swift-nio-ssl.build/Debug-iphonesimulator/CNIOBoringSSL.build/Objects-normal/arm64/buf.o /Users/j/Documents/GitHub/MoneroOne/build/SourcePackages/checkouts/swift-nio-ssl/Sources/CNIOBoringSSL/crypto/buf/buf.cc normal arm64 c++ com.apple.compilers.llvm.clang.1_0.compiler (in target 'CNIOBoringSSL' from project 'swift-nio-ssl')
    cd /Users/j/Documents/GitHub/MoneroOne/MoneroOne.xcodeproj
    
    Using response file: /Users/j/Documents/GitHub/MoneroOne/build/Build/Intermediates.noindex/swift-nio-ssl.build/Debug-iphonesimulator/CNIOBoringSSL.build/Objects-normal/arm64/82b82416624d2658e5098eb0a28c15c5-common-args.resp
    
    /Applications/Xcode.app/Contents/Developer/Toolchains/XcodeDefault.xctoolchain/usr/bin/clang -x c++ -ivfsstatcache /Users/j/Documents/GitHub/MoneroOne/build/SDKStatCaches.noindex/iphonesimulator26.1-23B77-90cf18a4295e390e64c810bc6bd7acbc.sdkstatcache -fmessage-length\=0 -fdiagnostics-show-note-include-stack -fmacro-backtrace-limit\=0 -fno-color-diagnostics -fmodules-prune-interval\=86400 -fmodules-prune-after\=345600 -fbuild-session-file\=/Users/j/Documents/GitHub/MoneroOne/build/ModuleCache.noindex/Session.modulevalidation -fmodules-validate-once-per-build-session -Wnon-modular-include-in-framework-module -Werror\=non-modular-include-in-framework-module -Wno-trigraphs -Wno-missing-field-initializers -Wno-missing-prototypes -Wno-return-type -Wno-non-virtual-dtor -Wno-overloaded-virtual -Wno-exit-time-destructors -Wno-missing-braces -Wparentheses -Wswitch -Wno-unused-function -Wno-unused-label -Wno-unused-parameter -Wno-unused-variable -Wunused-value -Wno-empty-body -Wno-uninitialized -Wno-unknown-pragmas -w -Wno-shadow -Wno-four-char-constants -Wno-conversion -Wno-constant-conversion -Wno-int-conversion -Wno-bool-conversion -Wno-enum-conversion -Wno-float-conversion -Wno-non-literal-null-conversion -Wno-objc-literal-conversion -Wshorten-64-to-32 -Wno-newline-eof -Wno-c++11-extensions -Wno-implicit-fallthrough -fstrict-aliasing -Wdeprecated-declarations -Winvalid-offsetof -Wno-sign-conversion -Wno-infinite-recursion -Wno-move -Wno-comma -Wno-block-capture-autoreleasing -Wno-strict-prototypes -Wno-range-loop-analysis -Wno-semicolon-before-method-body -index-store-path /Users/j/Documents/GitHub/MoneroOne/build/Index.noindex/DataStore @/Users/j/Documents/GitHub/MoneroOne/build/Build/Intermediates.noindex/swift-nio-ssl.build/Debug-iphonesimulator/CNIOBoringSSL.build/Objects-normal/arm64/82b82416624d2658e5098eb0a28c15c5-common-args.resp -MMD -MT dependencies -MF /Users/j/Documents/GitHub/MoneroOne/build/Build/Intermediates.noindex/swift-nio-ssl.build/Debug-iphonesimulator/CNIOBoringSSL.build/Objects-normal/arm64/buf.d --serialize-diagnostics /Users/j/Documents/GitHub/MoneroOne/build/Build/Intermediates.noindex/swift-nio-ssl.build/Debug-iphonesimulator/CNIOBoringSSL.build/Objects-normal/arm64/buf.dia -c /Users/j/Documents/GitHub/MoneroOne/build/SourcePackages/checkouts/swift-nio-ssl/Sources/CNIOBoringSSL/crypto/buf/buf.cc -o /Users/j/Documents/GitHub/MoneroOne/build/Build/Intermediates.noindex/swift-nio-ssl.build/Debug-iphonesimulator/CNIOBoringSSL.build/Objects-normal/arm64/buf.o -index-unit-output-path /swift-nio-ssl.build/Debug-iphonesimulator/CNIOBoringSSL.build/Objects-normal/arm64/buf.o

CompileC /Users/j/Documents/GitHub/MoneroOne/build/Build/Intermediates.noindex/swift-nio-ssl.build/Debug-iphonesimulator/CNIOBoringSSL.build/Objects-normal/arm64/bsaes-armv7-linux.o /Users/j/Documents/GitHub/MoneroOne/build/SourcePackages/checkouts/swift-nio-ssl/Sources/CNIOBoringSSL/gen/bcm/bsaes-armv7-linux.S normal arm64 assembler-with-cpp com.apple.compilers.llvm.clang.1_0.compiler (in target 'CNIOBoringSSL' from project 'swift-nio-ssl')
    cd /Users/j/Documents/GitHub/MoneroOne/MoneroOne.xcodeproj
    
    Using response file: /Users/j/Documents/GitHub/MoneroOne/build/Build/Intermediates.noindex/swift-nio-ssl.build/Debug-iphonesimulator/CNIOBoringSSL.build/Objects-normal/arm64/533656923a283fa776881f304837ed9e-common-args.resp
    
    /Applications/Xcode.app/Contents/Developer/Toolchains/XcodeDefault.xctoolchain/usr/bin/clang -x assembler-with-cpp -ivfsstatcache /Users/j/Documents/GitHub/MoneroOne/build/SDKStatCaches.noindex/iphonesimulator26.1-23B77-90cf18a4295e390e64c810bc6bd7acbc.sdkstatcache -fmessage-length\=0 -fdiagnostics-show-note-include-stack -fmacro-backtrace-limit\=0 -fno-color-diagnostics -fmodules-prune-interval\=86400 -fmodules-prune-after\=345600 -fbuild-session-file\=/Users/j/Documents/GitHub/MoneroOne/build/ModuleCache.noindex/Session.modulevalidation -fmodules-validate-once-per-build-session -Wnon-modular-include-in-framework-module -Werror\=non-modular-include-in-framework-module -Wno-trigraphs -Wno-missing-field-initializers -Wno-missing-prototypes -Wno-return-type -Wno-missing-braces -Wparentheses -Wswitch -Wno-unused-function -Wno-unused-label -Wno-unused-parameter -Wno-unused-variable -Wunused-value -Wno-empty-body -Wno-uninitialized -Wno-unknown-pragmas -w -Wno-shadow -Wno-four-char-constants -Wno-conversion -Wno-constant-conversion -Wno-int-conversion -Wno-bool-conversion -Wno-enum-conversion -Wno-float-conversion -Wno-non-literal-null-conversion -Wno-objc-literal-conversion -Wshorten-64-to-32 -Wno-newline-eof -Wno-implicit-fallthrough -fstrict-aliasing -Wdeprecated-declarations -Wno-sign-conversion -Wno-infinite-recursion -Wno-comma -Wno-block-capture-autoreleasing -Wno-strict-prototypes -Wno-semicolon-before-method-body -index-store-path /Users/j/Documents/GitHub/MoneroOne/build/Index.noindex/DataStore @/Users/j/Documents/GitHub/MoneroOne/build/Build/Intermediates.noindex/swift-nio-ssl.build/Debug-iphonesimulator/CNIOBoringSSL.build/Objects-normal/arm64/533656923a283fa776881f304837ed9e-common-args.resp -MMD -MT dependencies -MF /Users/j/Documents/GitHub/MoneroOne/build/Build/Intermediates.noindex/swift-nio-ssl.build/Debug-iphonesimulator/CNIOBoringSSL.build/Objects-normal/arm64/bsaes-armv7-linux.d --serialize-diagnostics /Users/j/Documents/GitHub/MoneroOne/build/Build/Intermediates.noindex/swift-nio-ssl.build/Debug-iphonesimulator/CNIOBoringSSL.build/Objects-normal/arm64/bsaes-armv7-linux.dia -c /Users/j/Documents/GitHub/MoneroOne/build/SourcePackages/checkouts/swift-nio-ssl/Sources/CNIOBoringSSL/gen/bcm/bsaes-armv7-linux.S -o /Users/j/Documents/GitHub/MoneroOne/build/Build/Intermediates.noindex/swift-nio-ssl.build/Debug-iphonesimulator/CNIOBoringSSL.build/Objects-normal/arm64/bsaes-armv7-linux.o -index-unit-output-path /swift-nio-ssl.build/Debug-iphonesimulator/CNIOBoringSSL.build/Objects-normal/arm64/bsaes-armv7-linux.o

CompileC /Users/j/Documents/GitHub/MoneroOne/build/Build/Intermediates.noindex/swift-nio-ssl.build/Debug-iphonesimulator/CNIOBoringSSL.build/Objects-normal/arm64/bn_asn1.o /Users/j/Documents/GitHub/MoneroOne/build/SourcePackages/checkouts/swift-nio-ssl/Sources/CNIOBoringSSL/crypto/bn/bn_asn1.cc normal arm64 c++ com.apple.compilers.llvm.clang.1_0.compiler (in target 'CNIOBoringSSL' from project 'swift-nio-ssl')
    cd /Users/j/Documents/GitHub/MoneroOne/MoneroOne.xcodeproj
    
    Using response file: /Users/j/Documents/GitHub/MoneroOne/build/Build/Intermediates.noindex/swift-nio-ssl.build/Debug-iphonesimulator/CNIOBoringSSL.build/Objects-normal/arm64/82b82416624d2658e5098eb0a28c15c5-common-args.resp
    
    /Applications/Xcode.app/Contents/Developer/Toolchains/XcodeDefault.xctoolchain/usr/bin/clang -x c++ -ivfsstatcache /Users/j/Documents/GitHub/MoneroOne/build/SDKStatCaches.noindex/iphonesimulator26.1-23B77-90cf18a4295e390e64c810bc6bd7acbc.sdkstatcache -fmessage-length\=0 -fdiagnostics-show-note-include-stack -fmacro-backtrace-limit\=0 -fno-color-diagnostics -fmodules-prune-interval\=86400 -fmodules-prune-after\=345600 -fbuild-session-file\=/Users/j/Documents/GitHub/MoneroOne/build/ModuleCache.noindex/Session.modulevalidation -fmodules-validate-once-per-build-session -Wnon-modular-include-in-framework-module -Werror\=non-modular-include-in-framework-module -Wno-trigraphs -Wno-missing-field-initializers -Wno-missing-prototypes -Wno-return-type -Wno-non-virtual-dtor -Wno-overloaded-virtual -Wno-exit-time-destructors -Wno-missing-braces -Wparentheses -Wswitch -Wno-unused-function -Wno-unused-label -Wno-unused-parameter -Wno-unused-variable -Wunused-value -Wno-empty-body -Wno-uninitialized -Wno-unknown-pragmas -w -Wno-shadow -Wno-four-char-constants -Wno-conversion -Wno-constant-conversion -Wno-int-conversion -Wno-bool-conversion -Wno-enum-conversion -Wno-float-conversion -Wno-non-literal-null-conversion -Wno-objc-literal-conversion -Wshorten-64-to-32 -Wno-newline-eof -Wno-c++11-extensions -Wno-implicit-fallthrough -fstrict-aliasing -Wdeprecated-declarations -Winvalid-offsetof -Wno-sign-conversion -Wno-infinite-recursion -Wno-move -Wno-comma -Wno-block-capture-autoreleasing -Wno-strict-prototypes -Wno-range-loop-analysis -Wno-semicolon-before-method-body -index-store-path /Users/j/Documents/GitHub/MoneroOne/build/Index.noindex/DataStore @/Users/j/Documents/GitHub/MoneroOne/build/Build/Intermediates.noindex/swift-nio-ssl.build/Debug-iphonesimulator/CNIOBoringSSL.build/Objects-normal/arm64/82b82416624d2658e5098eb0a28c15c5-common-args.resp -MMD -MT dependencies -MF /Users/j/Documents/GitHub/MoneroOne/build/Build/Intermediates.noindex/swift-nio-ssl.build/Debug-iphonesimulator/CNIOBoringSSL.build/Objects-normal/arm64/bn_asn1.d --serialize-diagnostics /Users/j/Documents/GitHub/MoneroOne/build/Build/Intermediates.noindex/swift-nio-ssl.build/Debug-iphonesimulator/CNIOBoringSSL.build/Objects-normal/arm64/bn_asn1.dia -c /Users/j/Documents/GitHub/MoneroOne/build/SourcePackages/checkouts/swift-nio-ssl/Sources/CNIOBoringSSL/crypto/bn/bn_asn1.cc -o /Users/j/Documents/GitHub/MoneroOne/build/Build/Intermediates.noindex/swift-nio-ssl.build/Debug-iphonesimulator/CNIOBoringSSL.build/Objects-normal/arm64/bn_asn1.o -index-unit-output-path /swift-nio-ssl.build/Debug-iphonesimulator/CNIOBoringSSL.build/Objects-normal/arm64/bn_asn1.o

CompileC /Users/j/Documents/GitHub/MoneroOne/build/Build/Intermediates.noindex/swift-nio-ssl.build/Debug-iphonesimulator/CNIOBoringSSL.build/Objects-normal/arm64/bn-armv8-win.o /Users/j/Documents/GitHub/MoneroOne/build/SourcePackages/checkouts/swift-nio-ssl/Sources/CNIOBoringSSL/gen/bcm/bn-armv8-win.S normal arm64 assembler-with-cpp com.apple.compilers.llvm.clang.1_0.compiler (in target 'CNIOBoringSSL' from project 'swift-nio-ssl')
    cd /Users/j/Documents/GitHub/MoneroOne/MoneroOne.xcodeproj
    
    Using response file: /Users/j/Documents/GitHub/MoneroOne/build/Build/Intermediates.noindex/swift-nio-ssl.build/Debug-iphonesimulator/CNIOBoringSSL.build/Objects-normal/arm64/533656923a283fa776881f304837ed9e-common-args.resp
    
    /Applications/Xcode.app/Contents/Developer/Toolchains/XcodeDefault.xctoolchain/usr/bin/clang -x assembler-with-cpp -ivfsstatcache /Users/j/Documents/GitHub/MoneroOne/build/SDKStatCaches.noindex/iphonesimulator26.1-23B77-90cf18a4295e390e64c810bc6bd7acbc.sdkstatcache -fmessage-length\=0 -fdiagnostics-show-note-include-stack -fmacro-backtrace-limit\=0 -fno-color-diagnostics -fmodules-prune-interval\=86400 -fmodules-prune-after\=345600 -fbuild-session-file\=/Users/j/Documents/GitHub/MoneroOne/build/ModuleCache.noindex/Session.modulevalidation -fmodules-validate-once-per-build-session -Wnon-modular-include-in-framework-module -Werror\=non-modular-include-in-framework-module -Wno-trigraphs -Wno-missing-field-initializers -Wno-missing-prototypes -Wno-return-type -Wno-missing-braces -Wparentheses -Wswitch -Wno-unused-function -Wno-unused-label -Wno-unused-parameter -Wno-unused-variable -Wunused-value -Wno-empty-body -Wno-uninitialized -Wno-unknown-pragmas -w -Wno-shadow -Wno-four-char-constants -Wno-conversion -Wno-constant-conversion -Wno-int-conversion -Wno-bool-conversion -Wno-enum-conversion -Wno-float-conversion -Wno-non-literal-null-conversion -Wno-objc-literal-conversion -Wshorten-64-to-32 -Wno-newline-eof -Wno-implicit-fallthrough -fstrict-aliasing -Wdeprecated-declarations -Wno-sign-conversion -Wno-infinite-recursion -Wno-comma -Wno-block-capture-autoreleasing -Wno-strict-prototypes -Wno-semicolon-before-method-body -index-store-path /Users/j/Documents/GitHub/MoneroOne/build/Index.noindex/DataStore @/Users/j/Documents/GitHub/MoneroOne/build/Build/Intermediates.noindex/swift-nio-ssl.build/Debug-iphonesimulator/CNIOBoringSSL.build/Objects-normal/arm64/533656923a283fa776881f304837ed9e-common-args.resp -MMD -MT dependencies -MF /Users/j/Documents/GitHub/MoneroOne/build/Build/Intermediates.noindex/swift-nio-ssl.build/Debug-iphonesimulator/CNIOBoringSSL.build/Objects-normal/arm64/bn-armv8-win.d --serialize-diagnostics /Users/j/Documents/GitHub/MoneroOne/build/Build/Intermediates.noindex/swift-nio-ssl.build/Debug-iphonesimulator/CNIOBoringSSL.build/Objects-normal/arm64/bn-armv8-win.dia -c /Users/j/Documents/GitHub/MoneroOne/build/SourcePackages/checkouts/swift-nio-ssl/Sources/CNIOBoringSSL/gen/bcm/bn-armv8-win.S -o /Users/j/Documents/GitHub/MoneroOne/build/Build/Intermediates.noindex/swift-nio-ssl.build/Debug-iphonesimulator/CNIOBoringSSL.build/Objects-normal/arm64/bn-armv8-win.o -index-unit-output-path /swift-nio-ssl.build/Debug-iphonesimulator/CNIOBoringSSL.build/Objects-normal/arm64/bn-armv8-win.o

CompileC /Users/j/Documents/GitHub/MoneroOne/build/Build/Intermediates.noindex/swift-nio-ssl.build/Debug-iphonesimulator/CNIOBoringSSL.build/Objects-normal/arm64/bn-armv8-linux.o /Users/j/Documents/GitHub/MoneroOne/build/SourcePackages/checkouts/swift-nio-ssl/Sources/CNIOBoringSSL/gen/bcm/bn-armv8-linux.S normal arm64 assembler-with-cpp com.apple.compilers.llvm.clang.1_0.compiler (in target 'CNIOBoringSSL' from project 'swift-nio-ssl')
    cd /Users/j/Documents/GitHub/MoneroOne/MoneroOne.xcodeproj
    
    Using response file: /Users/j/Documents/GitHub/MoneroOne/build/Build/Intermediates.noindex/swift-nio-ssl.build/Debug-iphonesimulator/CNIOBoringSSL.build/Objects-normal/arm64/533656923a283fa776881f304837ed9e-common-args.resp
    
    /Applications/Xcode.app/Contents/Developer/Toolchains/XcodeDefault.xctoolchain/usr/bin/clang -x assembler-with-cpp -ivfsstatcache /Users/j/Documents/GitHub/MoneroOne/build/SDKStatCaches.noindex/iphonesimulator26.1-23B77-90cf18a4295e390e64c810bc6bd7acbc.sdkstatcache -fmessage-length\=0 -fdiagnostics-show-note-include-stack -fmacro-backtrace-limit\=0 -fno-color-diagnostics -fmodules-prune-interval\=86400 -fmodules-prune-after\=345600 -fbuild-session-file\=/Users/j/Documents/GitHub/MoneroOne/build/ModuleCache.noindex/Session.modulevalidation -fmodules-validate-once-per-build-session -Wnon-modular-include-in-framework-module -Werror\=non-modular-include-in-framework-module -Wno-trigraphs -Wno-missing-field-initializers -Wno-missing-prototypes -Wno-return-type -Wno-missing-braces -Wparentheses -Wswitch -Wno-unused-function -Wno-unused-label -Wno-unused-parameter -Wno-unused-variable -Wunused-value -Wno-empty-body -Wno-uninitialized -Wno-unknown-pragmas -w -Wno-shadow -Wno-four-char-constants -Wno-conversion -Wno-constant-conversion -Wno-int-conversion -Wno-bool-conversion -Wno-enum-conversion -Wno-float-conversion -Wno-non-literal-null-conversion -Wno-objc-literal-conversion -Wshorten-64-to-32 -Wno-newline-eof -Wno-implicit-fallthrough -fstrict-aliasing -Wdeprecated-declarations -Wno-sign-conversion -Wno-infinite-recursion -Wno-comma -Wno-block-capture-autoreleasing -Wno-strict-prototypes -Wno-semicolon-before-method-body -index-store-path /Users/j/Documents/GitHub/MoneroOne/build/Index.noindex/DataStore @/Users/j/Documents/GitHub/MoneroOne/build/Build/Intermediates.noindex/swift-nio-ssl.build/Debug-iphonesimulator/CNIOBoringSSL.build/Objects-normal/arm64/533656923a283fa776881f304837ed9e-common-args.resp -MMD -MT dependencies -MF /Users/j/Documents/GitHub/MoneroOne/build/Build/Intermediates.noindex/swift-nio-ssl.build/Debug-iphonesimulator/CNIOBoringSSL.build/Objects-normal/arm64/bn-armv8-linux.d --serialize-diagnostics /Users/j/Documents/GitHub/MoneroOne/build/Build/Intermediates.noindex/swift-nio-ssl.build/Debug-iphonesimulator/CNIOBoringSSL.build/Objects-normal/arm64/bn-armv8-linux.dia -c /Users/j/Documents/GitHub/MoneroOne/build/SourcePackages/checkouts/swift-nio-ssl/Sources/CNIOBoringSSL/gen/bcm/bn-armv8-linux.S -o /Users/j/Documents/GitHub/MoneroOne/build/Build/Intermediates.noindex/swift-nio-ssl.build/Debug-iphonesimulator/CNIOBoringSSL.build/Objects-normal/arm64/bn-armv8-linux.o -index-unit-output-path /swift-nio-ssl.build/Debug-iphonesimulator/CNIOBoringSSL.build/Objects-normal/arm64/bn-armv8-linux.o

CompileC /Users/j/Documents/GitHub/MoneroOne/build/Build/Intermediates.noindex/swift-nio-ssl.build/Debug-iphonesimulator/CNIOBoringSSL.build/Objects-normal/arm64/bn-armv8-apple.o /Users/j/Documents/GitHub/MoneroOne/build/SourcePackages/checkouts/swift-nio-ssl/Sources/CNIOBoringSSL/gen/bcm/bn-armv8-apple.S normal arm64 assembler-with-cpp com.apple.compilers.llvm.clang.1_0.compiler (in target 'CNIOBoringSSL' from project 'swift-nio-ssl')
    cd /Users/j/Documents/GitHub/MoneroOne/MoneroOne.xcodeproj
    
    Using response file: /Users/j/Documents/GitHub/MoneroOne/build/Build/Intermediates.noindex/swift-nio-ssl.build/Debug-iphonesimulator/CNIOBoringSSL.build/Objects-normal/arm64/533656923a283fa776881f304837ed9e-common-args.resp
    
    /Applications/Xcode.app/Contents/Developer/Toolchains/XcodeDefault.xctoolchain/usr/bin/clang -x assembler-with-cpp -ivfsstatcache /Users/j/Documents/GitHub/MoneroOne/build/SDKStatCaches.noindex/iphonesimulator26.1-23B77-90cf18a4295e390e64c810bc6bd7acbc.sdkstatcache -fmessage-length\=0 -fdiagnostics-show-note-include-stack -fmacro-backtrace-limit\=0 -fno-color-diagnostics -fmodules-prune-interval\=86400 -fmodules-prune-after\=345600 -fbuild-session-file\=/Users/j/Documents/GitHub/MoneroOne/build/ModuleCache.noindex/Session.modulevalidation -fmodules-validate-once-per-build-session -Wnon-modular-include-in-framework-module -Werror\=non-modular-include-in-framework-module -Wno-trigraphs -Wno-missing-field-initializers -Wno-missing-prototypes -Wno-return-type -Wno-missing-braces -Wparentheses -Wswitch -Wno-unused-function -Wno-unused-label -Wno-unused-parameter -Wno-unused-variable -Wunused-value -Wno-empty-body -Wno-uninitialized -Wno-unknown-pragmas -w -Wno-shadow -Wno-four-char-constants -Wno-conversion -Wno-constant-conversion -Wno-int-conversion -Wno-bool-conversion -Wno-enum-conversion -Wno-float-conversion -Wno-non-literal-null-conversion -Wno-objc-literal-conversion -Wshorten-64-to-32 -Wno-newline-eof -Wno-implicit-fallthrough -fstrict-aliasing -Wdeprecated-declarations -Wno-sign-conversion -Wno-infinite-recursion -Wno-comma -Wno-block-capture-autoreleasing -Wno-strict-prototypes -Wno-semicolon-before-method-body -index-store-path /Users/j/Documents/GitHub/MoneroOne/build/Index.noindex/DataStore @/Users/j/Documents/GitHub/MoneroOne/build/Build/Intermediates.noindex/swift-nio-ssl.build/Debug-iphonesimulator/CNIOBoringSSL.build/Objects-normal/arm64/533656923a283fa776881f304837ed9e-common-args.resp -MMD -MT dependencies -MF /Users/j/Documents/GitHub/MoneroOne/build/Build/Intermediates.noindex/swift-nio-ssl.build/Debug-iphonesimulator/CNIOBoringSSL.build/Objects-normal/arm64/bn-armv8-apple.d --serialize-diagnostics /Users/j/Documents/GitHub/MoneroOne/build/Build/Intermediates.noindex/swift-nio-ssl.build/Debug-iphonesimulator/CNIOBoringSSL.build/Objects-normal/arm64/bn-armv8-apple.dia -c /Users/j/Documents/GitHub/MoneroOne/build/SourcePackages/checkouts/swift-nio-ssl/Sources/CNIOBoringSSL/gen/bcm/bn-armv8-apple.S -o /Users/j/Documents/GitHub/MoneroOne/build/Build/Intermediates.noindex/swift-nio-ssl.build/Debug-iphonesimulator/CNIOBoringSSL.build/Objects-normal/arm64/bn-armv8-apple.o -index-unit-output-path /swift-nio-ssl.build/Debug-iphonesimulator/CNIOBoringSSL.build/Objects-normal/arm64/bn-armv8-apple.o

CompileC /Users/j/Documents/GitHub/MoneroOne/build/Build/Intermediates.noindex/swift-nio-ssl.build/Debug-iphonesimulator/CNIOBoringSSL.build/Objects-normal/arm64/bn-586-linux.o /Users/j/Documents/GitHub/MoneroOne/build/SourcePackages/checkouts/swift-nio-ssl/Sources/CNIOBoringSSL/gen/bcm/bn-586-linux.S normal arm64 assembler-with-cpp com.apple.compilers.llvm.clang.1_0.compiler (in target 'CNIOBoringSSL' from project 'swift-nio-ssl')
    cd /Users/j/Documents/GitHub/MoneroOne/MoneroOne.xcodeproj
    
    Using response file: /Users/j/Documents/GitHub/MoneroOne/build/Build/Intermediates.noindex/swift-nio-ssl.build/Debug-iphonesimulator/CNIOBoringSSL.build/Objects-normal/arm64/533656923a283fa776881f304837ed9e-common-args.resp
    
    /Applications/Xcode.app/Contents/Developer/Toolchains/XcodeDefault.xctoolchain/usr/bin/clang -x assembler-with-cpp -ivfsstatcache /Users/j/Documents/GitHub/MoneroOne/build/SDKStatCaches.noindex/iphonesimulator26.1-23B77-90cf18a4295e390e64c810bc6bd7acbc.sdkstatcache -fmessage-length\=0 -fdiagnostics-show-note-include-stack -fmacro-backtrace-limit\=0 -fno-color-diagnostics -fmodules-prune-interval\=86400 -fmodules-prune-after\=345600 -fbuild-session-file\=/Users/j/Documents/GitHub/MoneroOne/build/ModuleCache.noindex/Session.modulevalidation -fmodules-validate-once-per-build-session -Wnon-modular-include-in-framework-module -Werror\=non-modular-include-in-framework-module -Wno-trigraphs -Wno-missing-field-initializers -Wno-missing-prototypes -Wno-return-type -Wno-missing-braces -Wparentheses -Wswitch -Wno-unused-function -Wno-unused-label -Wno-unused-parameter -Wno-unused-variable -Wunused-value -Wno-empty-body -Wno-uninitialized -Wno-unknown-pragmas -w -Wno-shadow -Wno-four-char-constants -Wno-conversion -Wno-constant-conversion -Wno-int-conversion -Wno-bool-conversion -Wno-enum-conversion -Wno-float-conversion -Wno-non-literal-null-conversion -Wno-objc-literal-conversion -Wshorten-64-to-32 -Wno-newline-eof -Wno-implicit-fallthrough -fstrict-aliasing -Wdeprecated-declarations -Wno-sign-conversion -Wno-infinite-recursion -Wno-comma -Wno-block-capture-autoreleasing -Wno-strict-prototypes -Wno-semicolon-before-method-body -index-store-path /Users/j/Documents/GitHub/MoneroOne/build/Index.noindex/DataStore @/Users/j/Documents/GitHub/MoneroOne/build/Build/Intermediates.noindex/swift-nio-ssl.build/Debug-iphonesimulator/CNIOBoringSSL.build/Objects-normal/arm64/533656923a283fa776881f304837ed9e-common-args.resp -MMD -MT dependencies -MF /Users/j/Documents/GitHub/MoneroOne/build/Build/Intermediates.noindex/swift-nio-ssl.build/Debug-iphonesimulator/CNIOBoringSSL.build/Objects-normal/arm64/bn-586-linux.d --serialize-diagnostics /Users/j/Documents/GitHub/MoneroOne/build/Build/Intermediates.noindex/swift-nio-ssl.build/Debug-iphonesimulator/CNIOBoringSSL.build/Objects-normal/arm64/bn-586-linux.dia -c /Users/j/Documents/GitHub/MoneroOne/build/SourcePackages/checkouts/swift-nio-ssl/Sources/CNIOBoringSSL/gen/bcm/bn-586-linux.S -o /Users/j/Documents/GitHub/MoneroOne/build/Build/Intermediates.noindex/swift-nio-ssl.build/Debug-iphonesimulator/CNIOBoringSSL.build/Objects-normal/arm64/bn-586-linux.o -index-unit-output-path /swift-nio-ssl.build/Debug-iphonesimulator/CNIOBoringSSL.build/Objects-normal/arm64/bn-586-linux.o

CompileC /Users/j/Documents/GitHub/MoneroOne/build/Build/Intermediates.noindex/swift-nio-ssl.build/Debug-iphonesimulator/CNIOBoringSSL.build/Objects-normal/arm64/bn-586-apple.o /Users/j/Documents/GitHub/MoneroOne/build/SourcePackages/checkouts/swift-nio-ssl/Sources/CNIOBoringSSL/gen/bcm/bn-586-apple.S normal arm64 assembler-with-cpp com.apple.compilers.llvm.clang.1_0.compiler (in target 'CNIOBoringSSL' from project 'swift-nio-ssl')
    cd /Users/j/Documents/GitHub/MoneroOne/MoneroOne.xcodeproj
    
    Using response file: /Users/j/Documents/GitHub/MoneroOne/build/Build/Intermediates.noindex/swift-nio-ssl.build/Debug-iphonesimulator/CNIOBoringSSL.build/Objects-normal/arm64/533656923a283fa776881f304837ed9e-common-args.resp
    
    /Applications/Xcode.app/Contents/Developer/Toolchains/XcodeDefault.xctoolchain/usr/bin/clang -x assembler-with-cpp -ivfsstatcache /Users/j/Documents/GitHub/MoneroOne/build/SDKStatCaches.noindex/iphonesimulator26.1-23B77-90cf18a4295e390e64c810bc6bd7acbc.sdkstatcache -fmessage-length\=0 -fdiagnostics-show-note-include-stack -fmacro-backtrace-limit\=0 -fno-color-diagnostics -fmodules-prune-interval\=86400 -fmodules-prune-after\=345600 -fbuild-session-file\=/Users/j/Documents/GitHub/MoneroOne/build/ModuleCache.noindex/Session.modulevalidation -fmodules-validate-once-per-build-session -Wnon-modular-include-in-framework-module -Werror\=non-modular-include-in-framework-module -Wno-trigraphs -Wno-missing-field-initializers -Wno-missing-prototypes -Wno-return-type -Wno-missing-braces -Wparentheses -Wswitch -Wno-unused-function -Wno-unused-label -Wno-unused-parameter -Wno-unused-variable -Wunused-value -Wno-empty-body -Wno-uninitialized -Wno-unknown-pragmas -w -Wno-shadow -Wno-four-char-constants -Wno-conversion -Wno-constant-conversion -Wno-int-conversion -Wno-bool-conversion -Wno-enum-conversion -Wno-float-conversion -Wno-non-literal-null-conversion -Wno-objc-literal-conversion -Wshorten-64-to-32 -Wno-newline-eof -Wno-implicit-fallthrough -fstrict-aliasing -Wdeprecated-declarations -Wno-sign-conversion -Wno-infinite-recursion -Wno-comma -Wno-block-capture-autoreleasing -Wno-strict-prototypes -Wno-semicolon-before-method-body -index-store-path /Users/j/Documents/GitHub/MoneroOne/build/Index.noindex/DataStore @/Users/j/Documents/GitHub/MoneroOne/build/Build/Intermediates.noindex/swift-nio-ssl.build/Debug-iphonesimulator/CNIOBoringSSL.build/Objects-normal/arm64/533656923a283fa776881f304837ed9e-common-args.resp -MMD -MT dependencies -MF /Users/j/Documents/GitHub/MoneroOne/build/Build/Intermediates.noindex/swift-nio-ssl.build/Debug-iphonesimulator/CNIOBoringSSL.build/Objects-normal/arm64/bn-586-apple.d --serialize-diagnostics /Users/j/Documents/GitHub/MoneroOne/build/Build/Intermediates.noindex/swift-nio-ssl.build/Debug-iphonesimulator/CNIOBoringSSL.build/Objects-normal/arm64/bn-586-apple.dia -c /Users/j/Documents/GitHub/MoneroOne/build/SourcePackages/checkouts/swift-nio-ssl/Sources/CNIOBoringSSL/gen/bcm/bn-586-apple.S -o /Users/j/Documents/GitHub/MoneroOne/build/Build/Intermediates.noindex/swift-nio-ssl.build/Debug-iphonesimulator/CNIOBoringSSL.build/Objects-normal/arm64/bn-586-apple.o -index-unit-output-path /swift-nio-ssl.build/Debug-iphonesimulator/CNIOBoringSSL.build/Objects-normal/arm64/bn-586-apple.o

CompileC /Users/j/Documents/GitHub/MoneroOne/build/Build/Intermediates.noindex/swift-nio-ssl.build/Debug-iphonesimulator/CNIOBoringSSL.build/Objects-normal/arm64/blake2.o /Users/j/Documents/GitHub/MoneroOne/build/SourcePackages/checkouts/swift-nio-ssl/Sources/CNIOBoringSSL/crypto/blake2/blake2.cc normal arm64 c++ com.apple.compilers.llvm.clang.1_0.compiler (in target 'CNIOBoringSSL' from project 'swift-nio-ssl')
    cd /Users/j/Documents/GitHub/MoneroOne/MoneroOne.xcodeproj
    
    Using response file: /Users/j/Documents/GitHub/MoneroOne/build/Build/Intermediates.noindex/swift-nio-ssl.build/Debug-iphonesimulator/CNIOBoringSSL.build/Objects-normal/arm64/82b82416624d2658e5098eb0a28c15c5-common-args.resp
    
    /Applications/Xcode.app/Contents/Developer/Toolchains/XcodeDefault.xctoolchain/usr/bin/clang -x c++ -ivfsstatcache /Users/j/Documents/GitHub/MoneroOne/build/SDKStatCaches.noindex/iphonesimulator26.1-23B77-90cf18a4295e390e64c810bc6bd7acbc.sdkstatcache -fmessage-length\=0 -fdiagnostics-show-note-include-stack -fmacro-backtrace-limit\=0 -fno-color-diagnostics -fmodules-prune-interval\=86400 -fmodules-prune-after\=345600 -fbuild-session-file\=/Users/j/Documents/GitHub/MoneroOne/build/ModuleCache.noindex/Session.modulevalidation -fmodules-validate-once-per-build-session -Wnon-modular-include-in-framework-module -Werror\=non-modular-include-in-framework-module -Wno-trigraphs -Wno-missing-field-initializers -Wno-missing-prototypes -Wno-return-type -Wno-non-virtual-dtor -Wno-overloaded-virtual -Wno-exit-time-destructors -Wno-missing-braces -Wparentheses -Wswitch -Wno-unused-function -Wno-unused-label -Wno-unused-parameter -Wno-unused-variable -Wunused-value -Wno-empty-body -Wno-uninitialized -Wno-unknown-pragmas -w -Wno-shadow -Wno-four-char-constants -Wno-conversion -Wno-constant-conversion -Wno-int-conversion -Wno-bool-conversion -Wno-enum-conversion -Wno-float-conversion -Wno-non-literal-null-conversion -Wno-objc-literal-conversion -Wshorten-64-to-32 -Wno-newline-eof -Wno-c++11-extensions -Wno-implicit-fallthrough -fstrict-aliasing -Wdeprecated-declarations -Winvalid-offsetof -Wno-sign-conversion -Wno-infinite-recursion -Wno-move -Wno-comma -Wno-block-capture-autoreleasing -Wno-strict-prototypes -Wno-range-loop-analysis -Wno-semicolon-before-method-body -index-store-path /Users/j/Documents/GitHub/MoneroOne/build/Index.noindex/DataStore @/Users/j/Documents/GitHub/MoneroOne/build/Build/Intermediates.noindex/swift-nio-ssl.build/Debug-iphonesimulator/CNIOBoringSSL.build/Objects-normal/arm64/82b82416624d2658e5098eb0a28c15c5-common-args.resp -MMD -MT dependencies -MF /Users/j/Documents/GitHub/MoneroOne/build/Build/Intermediates.noindex/swift-nio-ssl.build/Debug-iphonesimulator/CNIOBoringSSL.build/Objects-normal/arm64/blake2.d --serialize-diagnostics /Users/j/Documents/GitHub/MoneroOne/build/Build/Intermediates.noindex/swift-nio-ssl.build/Debug-iphonesimulator/CNIOBoringSSL.build/Objects-normal/arm64/blake2.dia -c /Users/j/Documents/GitHub/MoneroOne/build/SourcePackages/checkouts/swift-nio-ssl/Sources/CNIOBoringSSL/crypto/blake2/blake2.cc -o /Users/j/Documents/GitHub/MoneroOne/build/Build/Intermediates.noindex/swift-nio-ssl.build/Debug-iphonesimulator/CNIOBoringSSL.build/Objects-normal/arm64/blake2.o -index-unit-output-path /swift-nio-ssl.build/Debug-iphonesimulator/CNIOBoringSSL.build/Objects-normal/arm64/blake2.o

CompileC /Users/j/Documents/GitHub/MoneroOne/build/Build/Intermediates.noindex/swift-nio-ssl.build/Debug-iphonesimulator/CNIOBoringSSL.build/Objects-normal/arm64/bio_ssl.o /Users/j/Documents/GitHub/MoneroOne/build/SourcePackages/checkouts/swift-nio-ssl/Sources/CNIOBoringSSL/ssl/bio_ssl.cc normal arm64 c++ com.apple.compilers.llvm.clang.1_0.compiler (in target 'CNIOBoringSSL' from project 'swift-nio-ssl')
    cd /Users/j/Documents/GitHub/MoneroOne/MoneroOne.xcodeproj
    
    Using response file: /Users/j/Documents/GitHub/MoneroOne/build/Build/Intermediates.noindex/swift-nio-ssl.build/Debug-iphonesimulator/CNIOBoringSSL.build/Objects-normal/arm64/82b82416624d2658e5098eb0a28c15c5-common-args.resp
    
    /Applications/Xcode.app/Contents/Developer/Toolchains/XcodeDefault.xctoolchain/usr/bin/clang -x c++ -ivfsstatcache /Users/j/Documents/GitHub/MoneroOne/build/SDKStatCaches.noindex/iphonesimulator26.1-23B77-90cf18a4295e390e64c810bc6bd7acbc.sdkstatcache -fmessage-length\=0 -fdiagnostics-show-note-include-stack -fmacro-backtrace-limit\=0 -fno-color-diagnostics -fmodules-prune-interval\=86400 -fmodules-prune-after\=345600 -fbuild-session-file\=/Users/j/Documents/GitHub/MoneroOne/build/ModuleCache.noindex/Session.modulevalidation -fmodules-validate-once-per-build-session -Wnon-modular-include-in-framework-module -Werror\=non-modular-include-in-framework-module -Wno-trigraphs -Wno-missing-field-initializers -Wno-missing-prototypes -Wno-return-type -Wno-non-virtual-dtor -Wno-overloaded-virtual -Wno-exit-time-destructors -Wno-missing-braces -Wparentheses -Wswitch -Wno-unused-function -Wno-unused-label -Wno-unused-parameter -Wno-unused-variable -Wunused-value -Wno-empty-body -Wno-uninitialized -Wno-unknown-pragmas -w -Wno-shadow -Wno-four-char-constants -Wno-conversion -Wno-constant-conversion -Wno-int-conversion -Wno-bool-conversion -Wno-enum-conversion -Wno-float-conversion -Wno-non-literal-null-conversion -Wno-objc-literal-conversion -Wshorten-64-to-32 -Wno-newline-eof -Wno-c++11-extensions -Wno-implicit-fallthrough -fstrict-aliasing -Wdeprecated-declarations -Winvalid-offsetof -Wno-sign-conversion -Wno-infinite-recursion -Wno-move -Wno-comma -Wno-block-capture-autoreleasing -Wno-strict-prototypes -Wno-range-loop-analysis -Wno-semicolon-before-method-body -index-store-path /Users/j/Documents/GitHub/MoneroOne/build/Index.noindex/DataStore @/Users/j/Documents/GitHub/MoneroOne/build/Build/Intermediates.noindex/swift-nio-ssl.build/Debug-iphonesimulator/CNIOBoringSSL.build/Objects-normal/arm64/82b82416624d2658e5098eb0a28c15c5-common-args.resp -MMD -MT dependencies -MF /Users/j/Documents/GitHub/MoneroOne/build/Build/Intermediates.noindex/swift-nio-ssl.build/Debug-iphonesimulator/CNIOBoringSSL.build/Objects-normal/arm64/bio_ssl.d --serialize-diagnostics /Users/j/Documents/GitHub/MoneroOne/build/Build/Intermediates.noindex/swift-nio-ssl.build/Debug-iphonesimulator/CNIOBoringSSL.build/Objects-normal/arm64/bio_ssl.dia -c /Users/j/Documents/GitHub/MoneroOne/build/SourcePackages/checkouts/swift-nio-ssl/Sources/CNIOBoringSSL/ssl/bio_ssl.cc -o /Users/j/Documents/GitHub/MoneroOne/build/Build/Intermediates.noindex/swift-nio-ssl.build/Debug-iphonesimulator/CNIOBoringSSL.build/Objects-normal/arm64/bio_ssl.o -index-unit-output-path /swift-nio-ssl.build/Debug-iphonesimulator/CNIOBoringSSL.build/Objects-normal/arm64/bio_ssl.o

CompileC /Users/j/Documents/GitHub/MoneroOne/build/Build/Intermediates.noindex/swift-nio-ssl.build/Debug-iphonesimulator/CNIOBoringSSL.build/Objects-normal/arm64/bio_mem.o /Users/j/Documents/GitHub/MoneroOne/build/SourcePackages/checkouts/swift-nio-ssl/Sources/CNIOBoringSSL/crypto/bio/bio_mem.cc normal arm64 c++ com.apple.compilers.llvm.clang.1_0.compiler (in target 'CNIOBoringSSL' from project 'swift-nio-ssl')
    cd /Users/j/Documents/GitHub/MoneroOne/MoneroOne.xcodeproj
    
    Using response file: /Users/j/Documents/GitHub/MoneroOne/build/Build/Intermediates.noindex/swift-nio-ssl.build/Debug-iphonesimulator/CNIOBoringSSL.build/Objects-normal/arm64/82b82416624d2658e5098eb0a28c15c5-common-args.resp
    
    /Applications/Xcode.app/Contents/Developer/Toolchains/XcodeDefault.xctoolchain/usr/bin/clang -x c++ -ivfsstatcache /Users/j/Documents/GitHub/MoneroOne/build/SDKStatCaches.noindex/iphonesimulator26.1-23B77-90cf18a4295e390e64c810bc6bd7acbc.sdkstatcache -fmessage-length\=0 -fdiagnostics-show-note-include-stack -fmacro-backtrace-limit\=0 -fno-color-diagnostics -fmodules-prune-interval\=86400 -fmodules-prune-after\=345600 -fbuild-session-file\=/Users/j/Documents/GitHub/MoneroOne/build/ModuleCache.noindex/Session.modulevalidation -fmodules-validate-once-per-build-session -Wnon-modular-include-in-framework-module -Werror\=non-modular-include-in-framework-module -Wno-trigraphs -Wno-missing-field-initializers -Wno-missing-prototypes -Wno-return-type -Wno-non-virtual-dtor -Wno-overloaded-virtual -Wno-exit-time-destructors -Wno-missing-braces -Wparentheses -Wswitch -Wno-unused-function -Wno-unused-label -Wno-unused-parameter -Wno-unused-variable -Wunused-value -Wno-empty-body -Wno-uninitialized -Wno-unknown-pragmas -w -Wno-shadow -Wno-four-char-constants -Wno-conversion -Wno-constant-conversion -Wno-int-conversion -Wno-bool-conversion -Wno-enum-conversion -Wno-float-conversion -Wno-non-literal-null-conversion -Wno-objc-literal-conversion -Wshorten-64-to-32 -Wno-newline-eof -Wno-c++11-extensions -Wno-implicit-fallthrough -fstrict-aliasing -Wdeprecated-declarations -Winvalid-offsetof -Wno-sign-conversion -Wno-infinite-recursion -Wno-move -Wno-comma -Wno-block-capture-autoreleasing -Wno-strict-prototypes -Wno-range-loop-analysis -Wno-semicolon-before-method-body -index-store-path /Users/j/Documents/GitHub/MoneroOne/build/Index.noindex/DataStore @/Users/j/Documents/GitHub/MoneroOne/build/Build/Intermediates.noindex/swift-nio-ssl.build/Debug-iphonesimulator/CNIOBoringSSL.build/Objects-normal/arm64/82b82416624d2658e5098eb0a28c15c5-common-args.resp -MMD -MT dependencies -MF /Users/j/Documents/GitHub/MoneroOne/build/Build/Intermediates.noindex/swift-nio-ssl.build/Debug-iphonesimulator/CNIOBoringSSL.build/Objects-normal/arm64/bio_mem.d --serialize-diagnostics /Users/j/Documents/GitHub/MoneroOne/build/Build/Intermediates.noindex/swift-nio-ssl.build/Debug-iphonesimulator/CNIOBoringSSL.build/Objects-normal/arm64/bio_mem.dia -c /Users/j/Documents/GitHub/MoneroOne/build/SourcePackages/checkouts/swift-nio-ssl/Sources/CNIOBoringSSL/crypto/bio/bio_mem.cc -o /Users/j/Documents/GitHub/MoneroOne/build/Build/Intermediates.noindex/swift-nio-ssl.build/Debug-iphonesimulator/CNIOBoringSSL.build/Objects-normal/arm64/bio_mem.o -index-unit-output-path /swift-nio-ssl.build/Debug-iphonesimulator/CNIOBoringSSL.build/Objects-normal/arm64/bio_mem.o

CompileC /Users/j/Documents/GitHub/MoneroOne/build/Build/Intermediates.noindex/swift-nio-ssl.build/Debug-iphonesimulator/CNIOBoringSSL.build/Objects-normal/arm64/bio.o /Users/j/Documents/GitHub/MoneroOne/build/SourcePackages/checkouts/swift-nio-ssl/Sources/CNIOBoringSSL/crypto/bio/bio.cc normal arm64 c++ com.apple.compilers.llvm.clang.1_0.compiler (in target 'CNIOBoringSSL' from project 'swift-nio-ssl')
    cd /Users/j/Documents/GitHub/MoneroOne/MoneroOne.xcodeproj
    
    Using response file: /Users/j/Documents/GitHub/MoneroOne/build/Build/Intermediates.noindex/swift-nio-ssl.build/Debug-iphonesimulator/CNIOBoringSSL.build/Objects-normal/arm64/82b82416624d2658e5098eb0a28c15c5-common-args.resp
    
    /Applications/Xcode.app/Contents/Developer/Toolchains/XcodeDefault.xctoolchain/usr/bin/clang -x c++ -ivfsstatcache /Users/j/Documents/GitHub/MoneroOne/build/SDKStatCaches.noindex/iphonesimulator26.1-23B77-90cf18a4295e390e64c810bc6bd7acbc.sdkstatcache -fmessage-length\=0 -fdiagnostics-show-note-include-stack -fmacro-backtrace-limit\=0 -fno-color-diagnostics -fmodules-prune-interval\=86400 -fmodules-prune-after\=345600 -fbuild-session-file\=/Users/j/Documents/GitHub/MoneroOne/build/ModuleCache.noindex/Session.modulevalidation -fmodules-validate-once-per-build-session -Wnon-modular-include-in-framework-module -Werror\=non-modular-include-in-framework-module -Wno-trigraphs -Wno-missing-field-initializers -Wno-missing-prototypes -Wno-return-type -Wno-non-virtual-dtor -Wno-overloaded-virtual -Wno-exit-time-destructors -Wno-missing-braces -Wparentheses -Wswitch -Wno-unused-function -Wno-unused-label -Wno-unused-parameter -Wno-unused-variable -Wunused-value -Wno-empty-body -Wno-uninitialized -Wno-unknown-pragmas -w -Wno-shadow -Wno-four-char-constants -Wno-conversion -Wno-constant-conversion -Wno-int-conversion -Wno-bool-conversion -Wno-enum-conversion -Wno-float-conversion -Wno-non-literal-null-conversion -Wno-objc-literal-conversion -Wshorten-64-to-32 -Wno-newline-eof -Wno-c++11-extensions -Wno-implicit-fallthrough -fstrict-aliasing -Wdeprecated-declarations -Winvalid-offsetof -Wno-sign-conversion -Wno-infinite-recursion -Wno-move -Wno-comma -Wno-block-capture-autoreleasing -Wno-strict-prototypes -Wno-range-loop-analysis -Wno-semicolon-before-method-body -index-store-path /Users/j/Documents/GitHub/MoneroOne/build/Index.noindex/DataStore @/Users/j/Documents/GitHub/MoneroOne/build/Build/Intermediates.noindex/swift-nio-ssl.build/Debug-iphonesimulator/CNIOBoringSSL.build/Objects-normal/arm64/82b82416624d2658e5098eb0a28c15c5-common-args.resp -MMD -MT dependencies -MF /Users/j/Documents/GitHub/MoneroOne/build/Build/Intermediates.noindex/swift-nio-ssl.build/Debug-iphonesimulator/CNIOBoringSSL.build/Objects-normal/arm64/bio.d --serialize-diagnostics /Users/j/Documents/GitHub/MoneroOne/build/Build/Intermediates.noindex/swift-nio-ssl.build/Debug-iphonesimulator/CNIOBoringSSL.build/Objects-normal/arm64/bio.dia -c /Users/j/Documents/GitHub/MoneroOne/build/SourcePackages/checkouts/swift-nio-ssl/Sources/CNIOBoringSSL/crypto/bio/bio.cc -o /Users/j/Documents/GitHub/MoneroOne/build/Build/Intermediates.noindex/swift-nio-ssl.build/Debug-iphonesimulator/CNIOBoringSSL.build/Objects-normal/arm64/bio.o -index-unit-output-path /swift-nio-ssl.build/Debug-iphonesimulator/CNIOBoringSSL.build/Objects-normal/arm64/bio.o

CompileC /Users/j/Documents/GitHub/MoneroOne/build/Build/Intermediates.noindex/swift-nio-ssl.build/Debug-iphonesimulator/CNIOBoringSSL.build/Objects-normal/arm64/ber.o /Users/j/Documents/GitHub/MoneroOne/build/SourcePackages/checkouts/swift-nio-ssl/Sources/CNIOBoringSSL/crypto/bytestring/ber.cc normal arm64 c++ com.apple.compilers.llvm.clang.1_0.compiler (in target 'CNIOBoringSSL' from project 'swift-nio-ssl')
    cd /Users/j/Documents/GitHub/MoneroOne/MoneroOne.xcodeproj
    
    Using response file: /Users/j/Documents/GitHub/MoneroOne/build/Build/Intermediates.noindex/swift-nio-ssl.build/Debug-iphonesimulator/CNIOBoringSSL.build/Objects-normal/arm64/82b82416624d2658e5098eb0a28c15c5-common-args.resp
    
    /Applications/Xcode.app/Contents/Developer/Toolchains/XcodeDefault.xctoolchain/usr/bin/clang -x c++ -ivfsstatcache /Users/j/Documents/GitHub/MoneroOne/build/SDKStatCaches.noindex/iphonesimulator26.1-23B77-90cf18a4295e390e64c810bc6bd7acbc.sdkstatcache -fmessage-length\=0 -fdiagnostics-show-note-include-stack -fmacro-backtrace-limit\=0 -fno-color-diagnostics -fmodules-prune-interval\=86400 -fmodules-prune-after\=345600 -fbuild-session-file\=/Users/j/Documents/GitHub/MoneroOne/build/ModuleCache.noindex/Session.modulevalidation -fmodules-validate-once-per-build-session -Wnon-modular-include-in-framework-module -Werror\=non-modular-include-in-framework-module -Wno-trigraphs -Wno-missing-field-initializers -Wno-missing-prototypes -Wno-return-type -Wno-non-virtual-dtor -Wno-overloaded-virtual -Wno-exit-time-destructors -Wno-missing-braces -Wparentheses -Wswitch -Wno-unused-function -Wno-unused-label -Wno-unused-parameter -Wno-unused-variable -Wunused-value -Wno-empty-body -Wno-uninitialized -Wno-unknown-pragmas -w -Wno-shadow -Wno-four-char-constants -Wno-conversion -Wno-constant-conversion -Wno-int-conversion -Wno-bool-conversion -Wno-enum-conversion -Wno-float-conversion -Wno-non-literal-null-conversion -Wno-objc-literal-conversion -Wshorten-64-to-32 -Wno-newline-eof -Wno-c++11-extensions -Wno-implicit-fallthrough -fstrict-aliasing -Wdeprecated-declarations -Winvalid-offsetof -Wno-sign-conversion -Wno-infinite-recursion -Wno-move -Wno-comma -Wno-block-capture-autoreleasing -Wno-strict-prototypes -Wno-range-loop-analysis -Wno-semicolon-before-method-body -index-store-path /Users/j/Documents/GitHub/MoneroOne/build/Index.noindex/DataStore @/Users/j/Documents/GitHub/MoneroOne/build/Build/Intermediates.noindex/swift-nio-ssl.build/Debug-iphonesimulator/CNIOBoringSSL.build/Objects-normal/arm64/82b82416624d2658e5098eb0a28c15c5-common-args.resp -MMD -MT dependencies -MF /Users/j/Documents/GitHub/MoneroOne/build/Build/Intermediates.noindex/swift-nio-ssl.build/Debug-iphonesimulator/CNIOBoringSSL.build/Objects-normal/arm64/ber.d --serialize-diagnostics /Users/j/Documents/GitHub/MoneroOne/build/Build/Intermediates.noindex/swift-nio-ssl.build/Debug-iphonesimulator/CNIOBoringSSL.build/Objects-normal/arm64/ber.dia -c /Users/j/Documents/GitHub/MoneroOne/build/SourcePackages/checkouts/swift-nio-ssl/Sources/CNIOBoringSSL/crypto/bytestring/ber.cc -o /Users/j/Documents/GitHub/MoneroOne/build/Build/Intermediates.noindex/swift-nio-ssl.build/Debug-iphonesimulator/CNIOBoringSSL.build/Objects-normal/arm64/ber.o -index-unit-output-path /swift-nio-ssl.build/Debug-iphonesimulator/CNIOBoringSSL.build/Objects-normal/arm64/ber.o

CompileC /Users/j/Documents/GitHub/MoneroOne/build/Build/Intermediates.noindex/swift-nio-ssl.build/Debug-iphonesimulator/CNIOBoringSSL.build/Objects-normal/arm64/bcm.o /Users/j/Documents/GitHub/MoneroOne/build/SourcePackages/checkouts/swift-nio-ssl/Sources/CNIOBoringSSL/crypto/fipsmodule/bcm.cc normal arm64 c++ com.apple.compilers.llvm.clang.1_0.compiler (in target 'CNIOBoringSSL' from project 'swift-nio-ssl')
    cd /Users/j/Documents/GitHub/MoneroOne/MoneroOne.xcodeproj
    
    Using response file: /Users/j/Documents/GitHub/MoneroOne/build/Build/Intermediates.noindex/swift-nio-ssl.build/Debug-iphonesimulator/CNIOBoringSSL.build/Objects-normal/arm64/82b82416624d2658e5098eb0a28c15c5-common-args.resp
    
    /Applications/Xcode.app/Contents/Developer/Toolchains/XcodeDefault.xctoolchain/usr/bin/clang -x c++ -ivfsstatcache /Users/j/Documents/GitHub/MoneroOne/build/SDKStatCaches.noindex/iphonesimulator26.1-23B77-90cf18a4295e390e64c810bc6bd7acbc.sdkstatcache -fmessage-length\=0 -fdiagnostics-show-note-include-stack -fmacro-backtrace-limit\=0 -fno-color-diagnostics -fmodules-prune-interval\=86400 -fmodules-prune-after\=345600 -fbuild-session-file\=/Users/j/Documents/GitHub/MoneroOne/build/ModuleCache.noindex/Session.modulevalidation -fmodules-validate-once-per-build-session -Wnon-modular-include-in-framework-module -Werror\=non-modular-include-in-framework-module -Wno-trigraphs -Wno-missing-field-initializers -Wno-missing-prototypes -Wno-return-type -Wno-non-virtual-dtor -Wno-overloaded-virtual -Wno-exit-time-destructors -Wno-missing-braces -Wparentheses -Wswitch -Wno-unused-function -Wno-unused-label -Wno-unused-parameter -Wno-unused-variable -Wunused-value -Wno-empty-body -Wno-uninitialized -Wno-unknown-pragmas -w -Wno-shadow -Wno-four-char-constants -Wno-conversion -Wno-constant-conversion -Wno-int-conversion -Wno-bool-conversion -Wno-enum-conversion -Wno-float-conversion -Wno-non-literal-null-conversion -Wno-objc-literal-conversion -Wshorten-64-to-32 -Wno-newline-eof -Wno-c++11-extensions -Wno-implicit-fallthrough -fstrict-aliasing -Wdeprecated-declarations -Winvalid-offsetof -Wno-sign-conversion -Wno-infinite-recursion -Wno-move -Wno-comma -Wno-block-capture-autoreleasing -Wno-strict-prototypes -Wno-range-loop-analysis -Wno-semicolon-before-method-body -index-store-path /Users/j/Documents/GitHub/MoneroOne/build/Index.noindex/DataStore @/Users/j/Documents/GitHub/MoneroOne/build/Build/Intermediates.noindex/swift-nio-ssl.build/Debug-iphonesimulator/CNIOBoringSSL.build/Objects-normal/arm64/82b82416624d2658e5098eb0a28c15c5-common-args.resp -MMD -MT dependencies -MF /Users/j/Documents/GitHub/MoneroOne/build/Build/Intermediates.noindex/swift-nio-ssl.build/Debug-iphonesimulator/CNIOBoringSSL.build/Objects-normal/arm64/bcm.d --serialize-diagnostics /Users/j/Documents/GitHub/MoneroOne/build/Build/Intermediates.noindex/swift-nio-ssl.build/Debug-iphonesimulator/CNIOBoringSSL.build/Objects-normal/arm64/bcm.dia -c /Users/j/Documents/GitHub/MoneroOne/build/SourcePackages/checkouts/swift-nio-ssl/Sources/CNIOBoringSSL/crypto/fipsmodule/bcm.cc -o /Users/j/Documents/GitHub/MoneroOne/build/Build/Intermediates.noindex/swift-nio-ssl.build/Debug-iphonesimulator/CNIOBoringSSL.build/Objects-normal/arm64/bcm.o -index-unit-output-path /swift-nio-ssl.build/Debug-iphonesimulator/CNIOBoringSSL.build/Objects-normal/arm64/bcm.o

CompileC /Users/j/Documents/GitHub/MoneroOne/build/Build/Intermediates.noindex/swift-nio-ssl.build/Debug-iphonesimulator/CNIOBoringSSL.build/Objects-normal/arm64/base64.o /Users/j/Documents/GitHub/MoneroOne/build/SourcePackages/checkouts/swift-nio-ssl/Sources/CNIOBoringSSL/crypto/base64/base64.cc normal arm64 c++ com.apple.compilers.llvm.clang.1_0.compiler (in target 'CNIOBoringSSL' from project 'swift-nio-ssl')
    cd /Users/j/Documents/GitHub/MoneroOne/MoneroOne.xcodeproj
    
    Using response file: /Users/j/Documents/GitHub/MoneroOne/build/Build/Intermediates.noindex/swift-nio-ssl.build/Debug-iphonesimulator/CNIOBoringSSL.build/Objects-normal/arm64/82b82416624d2658e5098eb0a28c15c5-common-args.resp
    
    /Applications/Xcode.app/Contents/Developer/Toolchains/XcodeDefault.xctoolchain/usr/bin/clang -x c++ -ivfsstatcache /Users/j/Documents/GitHub/MoneroOne/build/SDKStatCaches.noindex/iphonesimulator26.1-23B77-90cf18a4295e390e64c810bc6bd7acbc.sdkstatcache -fmessage-length\=0 -fdiagnostics-show-note-include-stack -fmacro-backtrace-limit\=0 -fno-color-diagnostics -fmodules-prune-interval\=86400 -fmodules-prune-after\=345600 -fbuild-session-file\=/Users/j/Documents/GitHub/MoneroOne/build/ModuleCache.noindex/Session.modulevalidation -fmodules-validate-once-per-build-session -Wnon-modular-include-in-framework-module -Werror\=non-modular-include-in-framework-module -Wno-trigraphs -Wno-missing-field-initializers -Wno-missing-prototypes -Wno-return-type -Wno-non-virtual-dtor -Wno-overloaded-virtual -Wno-exit-time-destructors -Wno-missing-braces -Wparentheses -Wswitch -Wno-unused-function -Wno-unused-label -Wno-unused-parameter -Wno-unused-variable -Wunused-value -Wno-empty-body -Wno-uninitialized -Wno-unknown-pragmas -w -Wno-shadow -Wno-four-char-constants -Wno-conversion -Wno-constant-conversion -Wno-int-conversion -Wno-bool-conversion -Wno-enum-conversion -Wno-float-conversion -Wno-non-literal-null-conversion -Wno-objc-literal-conversion -Wshorten-64-to-32 -Wno-newline-eof -Wno-c++11-extensions -Wno-implicit-fallthrough -fstrict-aliasing -Wdeprecated-declarations -Winvalid-offsetof -Wno-sign-conversion -Wno-infinite-recursion -Wno-move -Wno-comma -Wno-block-capture-autoreleasing -Wno-strict-prototypes -Wno-range-loop-analysis -Wno-semicolon-before-method-body -index-store-path /Users/j/Documents/GitHub/MoneroOne/build/Index.noindex/DataStore @/Users/j/Documents/GitHub/MoneroOne/build/Build/Intermediates.noindex/swift-nio-ssl.build/Debug-iphonesimulator/CNIOBoringSSL.build/Objects-normal/arm64/82b82416624d2658e5098eb0a28c15c5-common-args.resp -MMD -MT dependencies -MF /Users/j/Documents/GitHub/MoneroOne/build/Build/Intermediates.noindex/swift-nio-ssl.build/Debug-iphonesimulator/CNIOBoringSSL.build/Objects-normal/arm64/base64.d --serialize-diagnostics /Users/j/Documents/GitHub/MoneroOne/build/Build/Intermediates.noindex/swift-nio-ssl.build/Debug-iphonesimulator/CNIOBoringSSL.build/Objects-normal/arm64/base64.dia -c /Users/j/Documents/GitHub/MoneroOne/build/SourcePackages/checkouts/swift-nio-ssl/Sources/CNIOBoringSSL/crypto/base64/base64.cc -o /Users/j/Documents/GitHub/MoneroOne/build/Build/Intermediates.noindex/swift-nio-ssl.build/Debug-iphonesimulator/CNIOBoringSSL.build/Objects-normal/arm64/base64.o -index-unit-output-path /swift-nio-ssl.build/Debug-iphonesimulator/CNIOBoringSSL.build/Objects-normal/arm64/base64.o

CompileC /Users/j/Documents/GitHub/MoneroOne/build/Build/Intermediates.noindex/swift-nio-ssl.build/Debug-iphonesimulator/CNIOBoringSSL.build/Objects-normal/arm64/asn_pack.o /Users/j/Documents/GitHub/MoneroOne/build/SourcePackages/checkouts/swift-nio-ssl/Sources/CNIOBoringSSL/crypto/asn1/asn_pack.cc normal arm64 c++ com.apple.compilers.llvm.clang.1_0.compiler (in target 'CNIOBoringSSL' from project 'swift-nio-ssl')
    cd /Users/j/Documents/GitHub/MoneroOne/MoneroOne.xcodeproj
    
    Using response file: /Users/j/Documents/GitHub/MoneroOne/build/Build/Intermediates.noindex/swift-nio-ssl.build/Debug-iphonesimulator/CNIOBoringSSL.build/Objects-normal/arm64/82b82416624d2658e5098eb0a28c15c5-common-args.resp
    
    /Applications/Xcode.app/Contents/Developer/Toolchains/XcodeDefault.xctoolchain/usr/bin/clang -x c++ -ivfsstatcache /Users/j/Documents/GitHub/MoneroOne/build/SDKStatCaches.noindex/iphonesimulator26.1-23B77-90cf18a4295e390e64c810bc6bd7acbc.sdkstatcache -fmessage-length\=0 -fdiagnostics-show-note-include-stack -fmacro-backtrace-limit\=0 -fno-color-diagnostics -fmodules-prune-interval\=86400 -fmodules-prune-after\=345600 -fbuild-session-file\=/Users/j/Documents/GitHub/MoneroOne/build/ModuleCache.noindex/Session.modulevalidation -fmodules-validate-once-per-build-session -Wnon-modular-include-in-framework-module -Werror\=non-modular-include-in-framework-module -Wno-trigraphs -Wno-missing-field-initializers -Wno-missing-prototypes -Wno-return-type -Wno-non-virtual-dtor -Wno-overloaded-virtual -Wno-exit-time-destructors -Wno-missing-braces -Wparentheses -Wswitch -Wno-unused-function -Wno-unused-label -Wno-unused-parameter -Wno-unused-variable -Wunused-value -Wno-empty-body -Wno-uninitialized -Wno-unknown-pragmas -w -Wno-shadow -Wno-four-char-constants -Wno-conversion -Wno-constant-conversion -Wno-int-conversion -Wno-bool-conversion -Wno-enum-conversion -Wno-float-conversion -Wno-non-literal-null-conversion -Wno-objc-literal-conversion -Wshorten-64-to-32 -Wno-newline-eof -Wno-c++11-extensions -Wno-implicit-fallthrough -fstrict-aliasing -Wdeprecated-declarations -Winvalid-offsetof -Wno-sign-conversion -Wno-infinite-recursion -Wno-move -Wno-comma -Wno-block-capture-autoreleasing -Wno-strict-prototypes -Wno-range-loop-analysis -Wno-semicolon-before-method-body -index-store-path /Users/j/Documents/GitHub/MoneroOne/build/Index.noindex/DataStore @/Users/j/Documents/GitHub/MoneroOne/build/Build/Intermediates.noindex/swift-nio-ssl.build/Debug-iphonesimulator/CNIOBoringSSL.build/Objects-normal/arm64/82b82416624d2658e5098eb0a28c15c5-common-args.resp -MMD -MT dependencies -MF /Users/j/Documents/GitHub/MoneroOne/build/Build/Intermediates.noindex/swift-nio-ssl.build/Debug-iphonesimulator/CNIOBoringSSL.build/Objects-normal/arm64/asn_pack.d --serialize-diagnostics /Users/j/Documents/GitHub/MoneroOne/build/Build/Intermediates.noindex/swift-nio-ssl.build/Debug-iphonesimulator/CNIOBoringSSL.build/Objects-normal/arm64/asn_pack.dia -c /Users/j/Documents/GitHub/MoneroOne/build/SourcePackages/checkouts/swift-nio-ssl/Sources/CNIOBoringSSL/crypto/asn1/asn_pack.cc -o /Users/j/Documents/GitHub/MoneroOne/build/Build/Intermediates.noindex/swift-nio-ssl.build/Debug-iphonesimulator/CNIOBoringSSL.build/Objects-normal/arm64/asn_pack.o -index-unit-output-path /swift-nio-ssl.build/Debug-iphonesimulator/CNIOBoringSSL.build/Objects-normal/arm64/asn_pack.o

CompileC /Users/j/Documents/GitHub/MoneroOne/build/Build/Intermediates.noindex/swift-nio-ssl.build/Debug-iphonesimulator/CNIOBoringSSL.build/Objects-normal/arm64/asn1_par.o /Users/j/Documents/GitHub/MoneroOne/build/SourcePackages/checkouts/swift-nio-ssl/Sources/CNIOBoringSSL/crypto/asn1/asn1_par.cc normal arm64 c++ com.apple.compilers.llvm.clang.1_0.compiler (in target 'CNIOBoringSSL' from project 'swift-nio-ssl')
    cd /Users/j/Documents/GitHub/MoneroOne/MoneroOne.xcodeproj
    
    Using response file: /Users/j/Documents/GitHub/MoneroOne/build/Build/Intermediates.noindex/swift-nio-ssl.build/Debug-iphonesimulator/CNIOBoringSSL.build/Objects-normal/arm64/82b82416624d2658e5098eb0a28c15c5-common-args.resp
    
    /Applications/Xcode.app/Contents/Developer/Toolchains/XcodeDefault.xctoolchain/usr/bin/clang -x c++ -ivfsstatcache /Users/j/Documents/GitHub/MoneroOne/build/SDKStatCaches.noindex/iphonesimulator26.1-23B77-90cf18a4295e390e64c810bc6bd7acbc.sdkstatcache -fmessage-length\=0 -fdiagnostics-show-note-include-stack -fmacro-backtrace-limit\=0 -fno-color-diagnostics -fmodules-prune-interval\=86400 -fmodules-prune-after\=345600 -fbuild-session-file\=/Users/j/Documents/GitHub/MoneroOne/build/ModuleCache.noindex/Session.modulevalidation -fmodules-validate-once-per-build-session -Wnon-modular-include-in-framework-module -Werror\=non-modular-include-in-framework-module -Wno-trigraphs -Wno-missing-field-initializers -Wno-missing-prototypes -Wno-return-type -Wno-non-virtual-dtor -Wno-overloaded-virtual -Wno-exit-time-destructors -Wno-missing-braces -Wparentheses -Wswitch -Wno-unused-function -Wno-unused-label -Wno-unused-parameter -Wno-unused-variable -Wunused-value -Wno-empty-body -Wno-uninitialized -Wno-unknown-pragmas -w -Wno-shadow -Wno-four-char-constants -Wno-conversion -Wno-constant-conversion -Wno-int-conversion -Wno-bool-conversion -Wno-enum-conversion -Wno-float-conversion -Wno-non-literal-null-conversion -Wno-objc-literal-conversion -Wshorten-64-to-32 -Wno-newline-eof -Wno-c++11-extensions -Wno-implicit-fallthrough -fstrict-aliasing -Wdeprecated-declarations -Winvalid-offsetof -Wno-sign-conversion -Wno-infinite-recursion -Wno-move -Wno-comma -Wno-block-capture-autoreleasing -Wno-strict-prototypes -Wno-range-loop-analysis -Wno-semicolon-before-method-body -index-store-path /Users/j/Documents/GitHub/MoneroOne/build/Index.noindex/DataStore @/Users/j/Documents/GitHub/MoneroOne/build/Build/Intermediates.noindex/swift-nio-ssl.build/Debug-iphonesimulator/CNIOBoringSSL.build/Objects-normal/arm64/82b82416624d2658e5098eb0a28c15c5-common-args.resp -MMD -MT dependencies -MF /Users/j/Documents/GitHub/MoneroOne/build/Build/Intermediates.noindex/swift-nio-ssl.build/Debug-iphonesimulator/CNIOBoringSSL.build/Objects-normal/arm64/asn1_par.d --serialize-diagnostics /Users/j/Documents/GitHub/MoneroOne/build/Build/Intermediates.noindex/swift-nio-ssl.build/Debug-iphonesimulator/CNIOBoringSSL.build/Objects-normal/arm64/asn1_par.dia -c /Users/j/Documents/GitHub/MoneroOne/build/SourcePackages/checkouts/swift-nio-ssl/Sources/CNIOBoringSSL/crypto/asn1/asn1_par.cc -o /Users/j/Documents/GitHub/MoneroOne/build/Build/Intermediates.noindex/swift-nio-ssl.build/Debug-iphonesimulator/CNIOBoringSSL.build/Objects-normal/arm64/asn1_par.o -index-unit-output-path /swift-nio-ssl.build/Debug-iphonesimulator/CNIOBoringSSL.build/Objects-normal/arm64/asn1_par.o

CompileC /Users/j/Documents/GitHub/MoneroOne/build/Build/Intermediates.noindex/swift-nio-ssl.build/Debug-iphonesimulator/CNIOBoringSSL.build/Objects-normal/arm64/asn1_lib.o /Users/j/Documents/GitHub/MoneroOne/build/SourcePackages/checkouts/swift-nio-ssl/Sources/CNIOBoringSSL/crypto/asn1/asn1_lib.cc normal arm64 c++ com.apple.compilers.llvm.clang.1_0.compiler (in target 'CNIOBoringSSL' from project 'swift-nio-ssl')
    cd /Users/j/Documents/GitHub/MoneroOne/MoneroOne.xcodeproj
    
    Using response file: /Users/j/Documents/GitHub/MoneroOne/build/Build/Intermediates.noindex/swift-nio-ssl.build/Debug-iphonesimulator/CNIOBoringSSL.build/Objects-normal/arm64/82b82416624d2658e5098eb0a28c15c5-common-args.resp
    
    /Applications/Xcode.app/Contents/Developer/Toolchains/XcodeDefault.xctoolchain/usr/bin/clang -x c++ -ivfsstatcache /Users/j/Documents/GitHub/MoneroOne/build/SDKStatCaches.noindex/iphonesimulator26.1-23B77-90cf18a4295e390e64c810bc6bd7acbc.sdkstatcache -fmessage-length\=0 -fdiagnostics-show-note-include-stack -fmacro-backtrace-limit\=0 -fno-color-diagnostics -fmodules-prune-interval\=86400 -fmodules-prune-after\=345600 -fbuild-session-file\=/Users/j/Documents/GitHub/MoneroOne/build/ModuleCache.noindex/Session.modulevalidation -fmodules-validate-once-per-build-session -Wnon-modular-include-in-framework-module -Werror\=non-modular-include-in-framework-module -Wno-trigraphs -Wno-missing-field-initializers -Wno-missing-prototypes -Wno-return-type -Wno-non-virtual-dtor -Wno-overloaded-virtual -Wno-exit-time-destructors -Wno-missing-braces -Wparentheses -Wswitch -Wno-unused-function -Wno-unused-label -Wno-unused-parameter -Wno-unused-variable -Wunused-value -Wno-empty-body -Wno-uninitialized -Wno-unknown-pragmas -w -Wno-shadow -Wno-four-char-constants -Wno-conversion -Wno-constant-conversion -Wno-int-conversion -Wno-bool-conversion -Wno-enum-conversion -Wno-float-conversion -Wno-non-literal-null-conversion -Wno-objc-literal-conversion -Wshorten-64-to-32 -Wno-newline-eof -Wno-c++11-extensions -Wno-implicit-fallthrough -fstrict-aliasing -Wdeprecated-declarations -Winvalid-offsetof -Wno-sign-conversion -Wno-infinite-recursion -Wno-move -Wno-comma -Wno-block-capture-autoreleasing -Wno-strict-prototypes -Wno-range-loop-analysis -Wno-semicolon-before-method-body -index-store-path /Users/j/Documents/GitHub/MoneroOne/build/Index.noindex/DataStore @/Users/j/Documents/GitHub/MoneroOne/build/Build/Intermediates.noindex/swift-nio-ssl.build/Debug-iphonesimulator/CNIOBoringSSL.build/Objects-normal/arm64/82b82416624d2658e5098eb0a28c15c5-common-args.resp -MMD -MT dependencies -MF /Users/j/Documents/GitHub/MoneroOne/build/Build/Intermediates.noindex/swift-nio-ssl.build/Debug-iphonesimulator/CNIOBoringSSL.build/Objects-normal/arm64/asn1_lib.d --serialize-diagnostics /Users/j/Documents/GitHub/MoneroOne/build/Build/Intermediates.noindex/swift-nio-ssl.build/Debug-iphonesimulator/CNIOBoringSSL.build/Objects-normal/arm64/asn1_lib.dia -c /Users/j/Documents/GitHub/MoneroOne/build/SourcePackages/checkouts/swift-nio-ssl/Sources/CNIOBoringSSL/crypto/asn1/asn1_lib.cc -o /Users/j/Documents/GitHub/MoneroOne/build/Build/Intermediates.noindex/swift-nio-ssl.build/Debug-iphonesimulator/CNIOBoringSSL.build/Objects-normal/arm64/asn1_lib.o -index-unit-output-path /swift-nio-ssl.build/Debug-iphonesimulator/CNIOBoringSSL.build/Objects-normal/arm64/asn1_lib.o

CompileC /Users/j/Documents/GitHub/MoneroOne/build/Build/Intermediates.noindex/swift-nio-ssl.build/Debug-iphonesimulator/CNIOBoringSSL.build/Objects-normal/arm64/asn1_gen.o /Users/j/Documents/GitHub/MoneroOne/build/SourcePackages/checkouts/swift-nio-ssl/Sources/CNIOBoringSSL/crypto/x509/asn1_gen.cc normal arm64 c++ com.apple.compilers.llvm.clang.1_0.compiler (in target 'CNIOBoringSSL' from project 'swift-nio-ssl')
    cd /Users/j/Documents/GitHub/MoneroOne/MoneroOne.xcodeproj
    
    Using response file: /Users/j/Documents/GitHub/MoneroOne/build/Build/Intermediates.noindex/swift-nio-ssl.build/Debug-iphonesimulator/CNIOBoringSSL.build/Objects-normal/arm64/82b82416624d2658e5098eb0a28c15c5-common-args.resp
    
    /Applications/Xcode.app/Contents/Developer/Toolchains/XcodeDefault.xctoolchain/usr/bin/clang -x c++ -ivfsstatcache /Users/j/Documents/GitHub/MoneroOne/build/SDKStatCaches.noindex/iphonesimulator26.1-23B77-90cf18a4295e390e64c810bc6bd7acbc.sdkstatcache -fmessage-length\=0 -fdiagnostics-show-note-include-stack -fmacro-backtrace-limit\=0 -fno-color-diagnostics -fmodules-prune-interval\=86400 -fmodules-prune-after\=345600 -fbuild-session-file\=/Users/j/Documents/GitHub/MoneroOne/build/ModuleCache.noindex/Session.modulevalidation -fmodules-validate-once-per-build-session -Wnon-modular-include-in-framework-module -Werror\=non-modular-include-in-framework-module -Wno-trigraphs -Wno-missing-field-initializers -Wno-missing-prototypes -Wno-return-type -Wno-non-virtual-dtor -Wno-overloaded-virtual -Wno-exit-time-destructors -Wno-missing-braces -Wparentheses -Wswitch -Wno-unused-function -Wno-unused-label -Wno-unused-parameter -Wno-unused-variable -Wunused-value -Wno-empty-body -Wno-uninitialized -Wno-unknown-pragmas -w -Wno-shadow -Wno-four-char-constants -Wno-conversion -Wno-constant-conversion -Wno-int-conversion -Wno-bool-conversion -Wno-enum-conversion -Wno-float-conversion -Wno-non-literal-null-conversion -Wno-objc-literal-conversion -Wshorten-64-to-32 -Wno-newline-eof -Wno-c++11-extensions -Wno-implicit-fallthrough -fstrict-aliasing -Wdeprecated-declarations -Winvalid-offsetof -Wno-sign-conversion -Wno-infinite-recursion -Wno-move -Wno-comma -Wno-block-capture-autoreleasing -Wno-strict-prototypes -Wno-range-loop-analysis -Wno-semicolon-before-method-body -index-store-path /Users/j/Documents/GitHub/MoneroOne/build/Index.noindex/DataStore @/Users/j/Documents/GitHub/MoneroOne/build/Build/Intermediates.noindex/swift-nio-ssl.build/Debug-iphonesimulator/CNIOBoringSSL.build/Objects-normal/arm64/82b82416624d2658e5098eb0a28c15c5-common-args.resp -MMD -MT dependencies -MF /Users/j/Documents/GitHub/MoneroOne/build/Build/Intermediates.noindex/swift-nio-ssl.build/Debug-iphonesimulator/CNIOBoringSSL.build/Objects-normal/arm64/asn1_gen.d --serialize-diagnostics /Users/j/Documents/GitHub/MoneroOne/build/Build/Intermediates.noindex/swift-nio-ssl.build/Debug-iphonesimulator/CNIOBoringSSL.build/Objects-normal/arm64/asn1_gen.dia -c /Users/j/Documents/GitHub/MoneroOne/build/SourcePackages/checkouts/swift-nio-ssl/Sources/CNIOBoringSSL/crypto/x509/asn1_gen.cc -o /Users/j/Documents/GitHub/MoneroOne/build/Build/Intermediates.noindex/swift-nio-ssl.build/Debug-iphonesimulator/CNIOBoringSSL.build/Objects-normal/arm64/asn1_gen.o -index-unit-output-path /swift-nio-ssl.build/Debug-iphonesimulator/CNIOBoringSSL.build/Objects-normal/arm64/asn1_gen.o

CompileC /Users/j/Documents/GitHub/MoneroOne/build/Build/Intermediates.noindex/swift-nio-ssl.build/Debug-iphonesimulator/CNIOBoringSSL.build/Objects-normal/arm64/asn1_compat.o /Users/j/Documents/GitHub/MoneroOne/build/SourcePackages/checkouts/swift-nio-ssl/Sources/CNIOBoringSSL/crypto/bytestring/asn1_compat.cc normal arm64 c++ com.apple.compilers.llvm.clang.1_0.compiler (in target 'CNIOBoringSSL' from project 'swift-nio-ssl')
    cd /Users/j/Documents/GitHub/MoneroOne/MoneroOne.xcodeproj
    
    Using response file: /Users/j/Documents/GitHub/MoneroOne/build/Build/Intermediates.noindex/swift-nio-ssl.build/Debug-iphonesimulator/CNIOBoringSSL.build/Objects-normal/arm64/82b82416624d2658e5098eb0a28c15c5-common-args.resp
    
    /Applications/Xcode.app/Contents/Developer/Toolchains/XcodeDefault.xctoolchain/usr/bin/clang -x c++ -ivfsstatcache /Users/j/Documents/GitHub/MoneroOne/build/SDKStatCaches.noindex/iphonesimulator26.1-23B77-90cf18a4295e390e64c810bc6bd7acbc.sdkstatcache -fmessage-length\=0 -fdiagnostics-show-note-include-stack -fmacro-backtrace-limit\=0 -fno-color-diagnostics -fmodules-prune-interval\=86400 -fmodules-prune-after\=345600 -fbuild-session-file\=/Users/j/Documents/GitHub/MoneroOne/build/ModuleCache.noindex/Session.modulevalidation -fmodules-validate-once-per-build-session -Wnon-modular-include-in-framework-module -Werror\=non-modular-include-in-framework-module -Wno-trigraphs -Wno-missing-field-initializers -Wno-missing-prototypes -Wno-return-type -Wno-non-virtual-dtor -Wno-overloaded-virtual -Wno-exit-time-destructors -Wno-missing-braces -Wparentheses -Wswitch -Wno-unused-function -Wno-unused-label -Wno-unused-parameter -Wno-unused-variable -Wunused-value -Wno-empty-body -Wno-uninitialized -Wno-unknown-pragmas -w -Wno-shadow -Wno-four-char-constants -Wno-conversion -Wno-constant-conversion -Wno-int-conversion -Wno-bool-conversion -Wno-enum-conversion -Wno-float-conversion -Wno-non-literal-null-conversion -Wno-objc-literal-conversion -Wshorten-64-to-32 -Wno-newline-eof -Wno-c++11-extensions -Wno-implicit-fallthrough -fstrict-aliasing -Wdeprecated-declarations -Winvalid-offsetof -Wno-sign-conversion -Wno-infinite-recursion -Wno-move -Wno-comma -Wno-block-capture-autoreleasing -Wno-strict-prototypes -Wno-range-loop-analysis -Wno-semicolon-before-method-body -index-store-path /Users/j/Documents/GitHub/MoneroOne/build/Index.noindex/DataStore @/Users/j/Documents/GitHub/MoneroOne/build/Build/Intermediates.noindex/swift-nio-ssl.build/Debug-iphonesimulator/CNIOBoringSSL.build/Objects-normal/arm64/82b82416624d2658e5098eb0a28c15c5-common-args.resp -MMD -MT dependencies -MF /Users/j/Documents/GitHub/MoneroOne/build/Build/Intermediates.noindex/swift-nio-ssl.build/Debug-iphonesimulator/CNIOBoringSSL.build/Objects-normal/arm64/asn1_compat.d --serialize-diagnostics /Users/j/Documents/GitHub/MoneroOne/build/Build/Intermediates.noindex/swift-nio-ssl.build/Debug-iphonesimulator/CNIOBoringSSL.build/Objects-normal/arm64/asn1_compat.dia -c /Users/j/Documents/GitHub/MoneroOne/build/SourcePackages/checkouts/swift-nio-ssl/Sources/CNIOBoringSSL/crypto/bytestring/asn1_compat.cc -o /Users/j/Documents/GitHub/MoneroOne/build/Build/Intermediates.noindex/swift-nio-ssl.build/Debug-iphonesimulator/CNIOBoringSSL.build/Objects-normal/arm64/asn1_compat.o -index-unit-output-path /swift-nio-ssl.build/Debug-iphonesimulator/CNIOBoringSSL.build/Objects-normal/arm64/asn1_compat.o

CompileC /Users/j/Documents/GitHub/MoneroOne/build/Build/Intermediates.noindex/swift-nio-ssl.build/Debug-iphonesimulator/CNIOBoringSSL.build/Objects-normal/arm64/armv8-mont-win.o /Users/j/Documents/GitHub/MoneroOne/build/SourcePackages/checkouts/swift-nio-ssl/Sources/CNIOBoringSSL/gen/bcm/armv8-mont-win.S normal arm64 assembler-with-cpp com.apple.compilers.llvm.clang.1_0.compiler (in target 'CNIOBoringSSL' from project 'swift-nio-ssl')
    cd /Users/j/Documents/GitHub/MoneroOne/MoneroOne.xcodeproj
    
    Using response file: /Users/j/Documents/GitHub/MoneroOne/build/Build/Intermediates.noindex/swift-nio-ssl.build/Debug-iphonesimulator/CNIOBoringSSL.build/Objects-normal/arm64/533656923a283fa776881f304837ed9e-common-args.resp
    
    /Applications/Xcode.app/Contents/Developer/Toolchains/XcodeDefault.xctoolchain/usr/bin/clang -x assembler-with-cpp -ivfsstatcache /Users/j/Documents/GitHub/MoneroOne/build/SDKStatCaches.noindex/iphonesimulator26.1-23B77-90cf18a4295e390e64c810bc6bd7acbc.sdkstatcache -fmessage-length\=0 -fdiagnostics-show-note-include-stack -fmacro-backtrace-limit\=0 -fno-color-diagnostics -fmodules-prune-interval\=86400 -fmodules-prune-after\=345600 -fbuild-session-file\=/Users/j/Documents/GitHub/MoneroOne/build/ModuleCache.noindex/Session.modulevalidation -fmodules-validate-once-per-build-session -Wnon-modular-include-in-framework-module -Werror\=non-modular-include-in-framework-module -Wno-trigraphs -Wno-missing-field-initializers -Wno-missing-prototypes -Wno-return-type -Wno-missing-braces -Wparentheses -Wswitch -Wno-unused-function -Wno-unused-label -Wno-unused-parameter -Wno-unused-variable -Wunused-value -Wno-empty-body -Wno-uninitialized -Wno-unknown-pragmas -w -Wno-shadow -Wno-four-char-constants -Wno-conversion -Wno-constant-conversion -Wno-int-conversion -Wno-bool-conversion -Wno-enum-conversion -Wno-float-conversion -Wno-non-literal-null-conversion -Wno-objc-literal-conversion -Wshorten-64-to-32 -Wno-newline-eof -Wno-implicit-fallthrough -fstrict-aliasing -Wdeprecated-declarations -Wno-sign-conversion -Wno-infinite-recursion -Wno-comma -Wno-block-capture-autoreleasing -Wno-strict-prototypes -Wno-semicolon-before-method-body -index-store-path /Users/j/Documents/GitHub/MoneroOne/build/Index.noindex/DataStore @/Users/j/Documents/GitHub/MoneroOne/build/Build/Intermediates.noindex/swift-nio-ssl.build/Debug-iphonesimulator/CNIOBoringSSL.build/Objects-normal/arm64/533656923a283fa776881f304837ed9e-common-args.resp -MMD -MT dependencies -MF /Users/j/Documents/GitHub/MoneroOne/build/Build/Intermediates.noindex/swift-nio-ssl.build/Debug-iphonesimulator/CNIOBoringSSL.build/Objects-normal/arm64/armv8-mont-win.d --serialize-diagnostics /Users/j/Documents/GitHub/MoneroOne/build/Build/Intermediates.noindex/swift-nio-ssl.build/Debug-iphonesimulator/CNIOBoringSSL.build/Objects-normal/arm64/armv8-mont-win.dia -c /Users/j/Documents/GitHub/MoneroOne/build/SourcePackages/checkouts/swift-nio-ssl/Sources/CNIOBoringSSL/gen/bcm/armv8-mont-win.S -o /Users/j/Documents/GitHub/MoneroOne/build/Build/Intermediates.noindex/swift-nio-ssl.build/Debug-iphonesimulator/CNIOBoringSSL.build/Objects-normal/arm64/armv8-mont-win.o -index-unit-output-path /swift-nio-ssl.build/Debug-iphonesimulator/CNIOBoringSSL.build/Objects-normal/arm64/armv8-mont-win.o

CompileC /Users/j/Documents/GitHub/MoneroOne/build/Build/Intermediates.noindex/swift-nio-ssl.build/Debug-iphonesimulator/CNIOBoringSSL.build/Objects-normal/arm64/armv8-mont-linux.o /Users/j/Documents/GitHub/MoneroOne/build/SourcePackages/checkouts/swift-nio-ssl/Sources/CNIOBoringSSL/gen/bcm/armv8-mont-linux.S normal arm64 assembler-with-cpp com.apple.compilers.llvm.clang.1_0.compiler (in target 'CNIOBoringSSL' from project 'swift-nio-ssl')
    cd /Users/j/Documents/GitHub/MoneroOne/MoneroOne.xcodeproj
    
    Using response file: /Users/j/Documents/GitHub/MoneroOne/build/Build/Intermediates.noindex/swift-nio-ssl.build/Debug-iphonesimulator/CNIOBoringSSL.build/Objects-normal/arm64/533656923a283fa776881f304837ed9e-common-args.resp
    
    /Applications/Xcode.app/Contents/Developer/Toolchains/XcodeDefault.xctoolchain/usr/bin/clang -x assembler-with-cpp -ivfsstatcache /Users/j/Documents/GitHub/MoneroOne/build/SDKStatCaches.noindex/iphonesimulator26.1-23B77-90cf18a4295e390e64c810bc6bd7acbc.sdkstatcache -fmessage-length\=0 -fdiagnostics-show-note-include-stack -fmacro-backtrace-limit\=0 -fno-color-diagnostics -fmodules-prune-interval\=86400 -fmodules-prune-after\=345600 -fbuild-session-file\=/Users/j/Documents/GitHub/MoneroOne/build/ModuleCache.noindex/Session.modulevalidation -fmodules-validate-once-per-build-session -Wnon-modular-include-in-framework-module -Werror\=non-modular-include-in-framework-module -Wno-trigraphs -Wno-missing-field-initializers -Wno-missing-prototypes -Wno-return-type -Wno-missing-braces -Wparentheses -Wswitch -Wno-unused-function -Wno-unused-label -Wno-unused-parameter -Wno-unused-variable -Wunused-value -Wno-empty-body -Wno-uninitialized -Wno-unknown-pragmas -w -Wno-shadow -Wno-four-char-constants -Wno-conversion -Wno-constant-conversion -Wno-int-conversion -Wno-bool-conversion -Wno-enum-conversion -Wno-float-conversion -Wno-non-literal-null-conversion -Wno-objc-literal-conversion -Wshorten-64-to-32 -Wno-newline-eof -Wno-implicit-fallthrough -fstrict-aliasing -Wdeprecated-declarations -Wno-sign-conversion -Wno-infinite-recursion -Wno-comma -Wno-block-capture-autoreleasing -Wno-strict-prototypes -Wno-semicolon-before-method-body -index-store-path /Users/j/Documents/GitHub/MoneroOne/build/Index.noindex/DataStore @/Users/j/Documents/GitHub/MoneroOne/build/Build/Intermediates.noindex/swift-nio-ssl.build/Debug-iphonesimulator/CNIOBoringSSL.build/Objects-normal/arm64/533656923a283fa776881f304837ed9e-common-args.resp -MMD -MT dependencies -MF /Users/j/Documents/GitHub/MoneroOne/build/Build/Intermediates.noindex/swift-nio-ssl.build/Debug-iphonesimulator/CNIOBoringSSL.build/Objects-normal/arm64/armv8-mont-linux.d --serialize-diagnostics /Users/j/Documents/GitHub/MoneroOne/build/Build/Intermediates.noindex/swift-nio-ssl.build/Debug-iphonesimulator/CNIOBoringSSL.build/Objects-normal/arm64/armv8-mont-linux.dia -c /Users/j/Documents/GitHub/MoneroOne/build/SourcePackages/checkouts/swift-nio-ssl/Sources/CNIOBoringSSL/gen/bcm/armv8-mont-linux.S -o /Users/j/Documents/GitHub/MoneroOne/build/Build/Intermediates.noindex/swift-nio-ssl.build/Debug-iphonesimulator/CNIOBoringSSL.build/Objects-normal/arm64/armv8-mont-linux.o -index-unit-output-path /swift-nio-ssl.build/Debug-iphonesimulator/CNIOBoringSSL.build/Objects-normal/arm64/armv8-mont-linux.o

CompileC /Users/j/Documents/GitHub/MoneroOne/build/Build/Intermediates.noindex/swift-nio-ssl.build/Debug-iphonesimulator/CNIOBoringSSL.build/Objects-normal/arm64/armv8-mont-apple.o /Users/j/Documents/GitHub/MoneroOne/build/SourcePackages/checkouts/swift-nio-ssl/Sources/CNIOBoringSSL/gen/bcm/armv8-mont-apple.S normal arm64 assembler-with-cpp com.apple.compilers.llvm.clang.1_0.compiler (in target 'CNIOBoringSSL' from project 'swift-nio-ssl')
    cd /Users/j/Documents/GitHub/MoneroOne/MoneroOne.xcodeproj
    
    Using response file: /Users/j/Documents/GitHub/MoneroOne/build/Build/Intermediates.noindex/swift-nio-ssl.build/Debug-iphonesimulator/CNIOBoringSSL.build/Objects-normal/arm64/533656923a283fa776881f304837ed9e-common-args.resp
    
    /Applications/Xcode.app/Contents/Developer/Toolchains/XcodeDefault.xctoolchain/usr/bin/clang -x assembler-with-cpp -ivfsstatcache /Users/j/Documents/GitHub/MoneroOne/build/SDKStatCaches.noindex/iphonesimulator26.1-23B77-90cf18a4295e390e64c810bc6bd7acbc.sdkstatcache -fmessage-length\=0 -fdiagnostics-show-note-include-stack -fmacro-backtrace-limit\=0 -fno-color-diagnostics -fmodules-prune-interval\=86400 -fmodules-prune-after\=345600 -fbuild-session-file\=/Users/j/Documents/GitHub/MoneroOne/build/ModuleCache.noindex/Session.modulevalidation -fmodules-validate-once-per-build-session -Wnon-modular-include-in-framework-module -Werror\=non-modular-include-in-framework-module -Wno-trigraphs -Wno-missing-field-initializers -Wno-missing-prototypes -Wno-return-type -Wno-missing-braces -Wparentheses -Wswitch -Wno-unused-function -Wno-unused-label -Wno-unused-parameter -Wno-unused-variable -Wunused-value -Wno-empty-body -Wno-uninitialized -Wno-unknown-pragmas -w -Wno-shadow -Wno-four-char-constants -Wno-conversion -Wno-constant-conversion -Wno-int-conversion -Wno-bool-conversion -Wno-enum-conversion -Wno-float-conversion -Wno-non-literal-null-conversion -Wno-objc-literal-conversion -Wshorten-64-to-32 -Wno-newline-eof -Wno-implicit-fallthrough -fstrict-aliasing -Wdeprecated-declarations -Wno-sign-conversion -Wno-infinite-recursion -Wno-comma -Wno-block-capture-autoreleasing -Wno-strict-prototypes -Wno-semicolon-before-method-body -index-store-path /Users/j/Documents/GitHub/MoneroOne/build/Index.noindex/DataStore @/Users/j/Documents/GitHub/MoneroOne/build/Build/Intermediates.noindex/swift-nio-ssl.build/Debug-iphonesimulator/CNIOBoringSSL.build/Objects-normal/arm64/533656923a283fa776881f304837ed9e-common-args.resp -MMD -MT dependencies -MF /Users/j/Documents/GitHub/MoneroOne/build/Build/Intermediates.noindex/swift-nio-ssl.build/Debug-iphonesimulator/CNIOBoringSSL.build/Objects-normal/arm64/armv8-mont-apple.d --serialize-diagnostics /Users/j/Documents/GitHub/MoneroOne/build/Build/Intermediates.noindex/swift-nio-ssl.build/Debug-iphonesimulator/CNIOBoringSSL.build/Objects-normal/arm64/armv8-mont-apple.dia -c /Users/j/Documents/GitHub/MoneroOne/build/SourcePackages/checkouts/swift-nio-ssl/Sources/CNIOBoringSSL/gen/bcm/armv8-mont-apple.S -o /Users/j/Documents/GitHub/MoneroOne/build/Build/Intermediates.noindex/swift-nio-ssl.build/Debug-iphonesimulator/CNIOBoringSSL.build/Objects-normal/arm64/armv8-mont-apple.o -index-unit-output-path /swift-nio-ssl.build/Debug-iphonesimulator/CNIOBoringSSL.build/Objects-normal/arm64/armv8-mont-apple.o

CompileC /Users/j/Documents/GitHub/MoneroOne/build/Build/Intermediates.noindex/swift-nio-ssl.build/Debug-iphonesimulator/CNIOBoringSSL.build/Objects-normal/arm64/armv4-mont-linux.o /Users/j/Documents/GitHub/MoneroOne/build/SourcePackages/checkouts/swift-nio-ssl/Sources/CNIOBoringSSL/gen/bcm/armv4-mont-linux.S normal arm64 assembler-with-cpp com.apple.compilers.llvm.clang.1_0.compiler (in target 'CNIOBoringSSL' from project 'swift-nio-ssl')
    cd /Users/j/Documents/GitHub/MoneroOne/MoneroOne.xcodeproj
    
    Using response file: /Users/j/Documents/GitHub/MoneroOne/build/Build/Intermediates.noindex/swift-nio-ssl.build/Debug-iphonesimulator/CNIOBoringSSL.build/Objects-normal/arm64/533656923a283fa776881f304837ed9e-common-args.resp
    
    /Applications/Xcode.app/Contents/Developer/Toolchains/XcodeDefault.xctoolchain/usr/bin/clang -x assembler-with-cpp -ivfsstatcache /Users/j/Documents/GitHub/MoneroOne/build/SDKStatCaches.noindex/iphonesimulator26.1-23B77-90cf18a4295e390e64c810bc6bd7acbc.sdkstatcache -fmessage-length\=0 -fdiagnostics-show-note-include-stack -fmacro-backtrace-limit\=0 -fno-color-diagnostics -fmodules-prune-interval\=86400 -fmodules-prune-after\=345600 -fbuild-session-file\=/Users/j/Documents/GitHub/MoneroOne/build/ModuleCache.noindex/Session.modulevalidation -fmodules-validate-once-per-build-session -Wnon-modular-include-in-framework-module -Werror\=non-modular-include-in-framework-module -Wno-trigraphs -Wno-missing-field-initializers -Wno-missing-prototypes -Wno-return-type -Wno-missing-braces -Wparentheses -Wswitch -Wno-unused-function -Wno-unused-label -Wno-unused-parameter -Wno-unused-variable -Wunused-value -Wno-empty-body -Wno-uninitialized -Wno-unknown-pragmas -w -Wno-shadow -Wno-four-char-constants -Wno-conversion -Wno-constant-conversion -Wno-int-conversion -Wno-bool-conversion -Wno-enum-conversion -Wno-float-conversion -Wno-non-literal-null-conversion -Wno-objc-literal-conversion -Wshorten-64-to-32 -Wno-newline-eof -Wno-implicit-fallthrough -fstrict-aliasing -Wdeprecated-declarations -Wno-sign-conversion -Wno-infinite-recursion -Wno-comma -Wno-block-capture-autoreleasing -Wno-strict-prototypes -Wno-semicolon-before-method-body -index-store-path /Users/j/Documents/GitHub/MoneroOne/build/Index.noindex/DataStore @/Users/j/Documents/GitHub/MoneroOne/build/Build/Intermediates.noindex/swift-nio-ssl.build/Debug-iphonesimulator/CNIOBoringSSL.build/Objects-normal/arm64/533656923a283fa776881f304837ed9e-common-args.resp -MMD -MT dependencies -MF /Users/j/Documents/GitHub/MoneroOne/build/Build/Intermediates.noindex/swift-nio-ssl.build/Debug-iphonesimulator/CNIOBoringSSL.build/Objects-normal/arm64/armv4-mont-linux.d --serialize-diagnostics /Users/j/Documents/GitHub/MoneroOne/build/Build/Intermediates.noindex/swift-nio-ssl.build/Debug-iphonesimulator/CNIOBoringSSL.build/Objects-normal/arm64/armv4-mont-linux.dia -c /Users/j/Documents/GitHub/MoneroOne/build/SourcePackages/checkouts/swift-nio-ssl/Sources/CNIOBoringSSL/gen/bcm/armv4-mont-linux.S -o /Users/j/Documents/GitHub/MoneroOne/build/Build/Intermediates.noindex/swift-nio-ssl.build/Debug-iphonesimulator/CNIOBoringSSL.build/Objects-normal/arm64/armv4-mont-linux.o -index-unit-output-path /swift-nio-ssl.build/Debug-iphonesimulator/CNIOBoringSSL.build/Objects-normal/arm64/armv4-mont-linux.o

CompileC /Users/j/Documents/GitHub/MoneroOne/build/Build/Intermediates.noindex/swift-nio-ssl.build/Debug-iphonesimulator/CNIOBoringSSL.build/Objects-normal/arm64/algorithm.o /Users/j/Documents/GitHub/MoneroOne/build/SourcePackages/checkouts/swift-nio-ssl/Sources/CNIOBoringSSL/crypto/x509/algorithm.cc normal arm64 c++ com.apple.compilers.llvm.clang.1_0.compiler (in target 'CNIOBoringSSL' from project 'swift-nio-ssl')
    cd /Users/j/Documents/GitHub/MoneroOne/MoneroOne.xcodeproj
    
    Using response file: /Users/j/Documents/GitHub/MoneroOne/build/Build/Intermediates.noindex/swift-nio-ssl.build/Debug-iphonesimulator/CNIOBoringSSL.build/Objects-normal/arm64/82b82416624d2658e5098eb0a28c15c5-common-args.resp
    
    /Applications/Xcode.app/Contents/Developer/Toolchains/XcodeDefault.xctoolchain/usr/bin/clang -x c++ -ivfsstatcache /Users/j/Documents/GitHub/MoneroOne/build/SDKStatCaches.noindex/iphonesimulator26.1-23B77-90cf18a4295e390e64c810bc6bd7acbc.sdkstatcache -fmessage-length\=0 -fdiagnostics-show-note-include-stack -fmacro-backtrace-limit\=0 -fno-color-diagnostics -fmodules-prune-interval\=86400 -fmodules-prune-after\=345600 -fbuild-session-file\=/Users/j/Documents/GitHub/MoneroOne/build/ModuleCache.noindex/Session.modulevalidation -fmodules-validate-once-per-build-session -Wnon-modular-include-in-framework-module -Werror\=non-modular-include-in-framework-module -Wno-trigraphs -Wno-missing-field-initializers -Wno-missing-prototypes -Wno-return-type -Wno-non-virtual-dtor -Wno-overloaded-virtual -Wno-exit-time-destructors -Wno-missing-braces -Wparentheses -Wswitch -Wno-unused-function -Wno-unused-label -Wno-unused-parameter -Wno-unused-variable -Wunused-value -Wno-empty-body -Wno-uninitialized -Wno-unknown-pragmas -w -Wno-shadow -Wno-four-char-constants -Wno-conversion -Wno-constant-conversion -Wno-int-conversion -Wno-bool-conversion -Wno-enum-conversion -Wno-float-conversion -Wno-non-literal-null-conversion -Wno-objc-literal-conversion -Wshorten-64-to-32 -Wno-newline-eof -Wno-c++11-extensions -Wno-implicit-fallthrough -fstrict-aliasing -Wdeprecated-declarations -Winvalid-offsetof -Wno-sign-conversion -Wno-infinite-recursion -Wno-move -Wno-comma -Wno-block-capture-autoreleasing -Wno-strict-prototypes -Wno-range-loop-analysis -Wno-semicolon-before-method-body -index-store-path /Users/j/Documents/GitHub/MoneroOne/build/Index.noindex/DataStore @/Users/j/Documents/GitHub/MoneroOne/build/Build/Intermediates.noindex/swift-nio-ssl.build/Debug-iphonesimulator/CNIOBoringSSL.build/Objects-normal/arm64/82b82416624d2658e5098eb0a28c15c5-common-args.resp -MMD -MT dependencies -MF /Users/j/Documents/GitHub/MoneroOne/build/Build/Intermediates.noindex/swift-nio-ssl.build/Debug-iphonesimulator/CNIOBoringSSL.build/Objects-normal/arm64/algorithm.d --serialize-diagnostics /Users/j/Documents/GitHub/MoneroOne/build/Build/Intermediates.noindex/swift-nio-ssl.build/Debug-iphonesimulator/CNIOBoringSSL.build/Objects-normal/arm64/algorithm.dia -c /Users/j/Documents/GitHub/MoneroOne/build/SourcePackages/checkouts/swift-nio-ssl/Sources/CNIOBoringSSL/crypto/x509/algorithm.cc -o /Users/j/Documents/GitHub/MoneroOne/build/Build/Intermediates.noindex/swift-nio-ssl.build/Debug-iphonesimulator/CNIOBoringSSL.build/Objects-normal/arm64/algorithm.o -index-unit-output-path /swift-nio-ssl.build/Debug-iphonesimulator/CNIOBoringSSL.build/Objects-normal/arm64/algorithm.o

CompileC /Users/j/Documents/GitHub/MoneroOne/build/Build/Intermediates.noindex/swift-nio-ssl.build/Debug-iphonesimulator/CNIOBoringSSL.build/Objects-normal/arm64/aesv8-gcm-armv8-win.o /Users/j/Documents/GitHub/MoneroOne/build/SourcePackages/checkouts/swift-nio-ssl/Sources/CNIOBoringSSL/gen/bcm/aesv8-gcm-armv8-win.S normal arm64 assembler-with-cpp com.apple.compilers.llvm.clang.1_0.compiler (in target 'CNIOBoringSSL' from project 'swift-nio-ssl')
    cd /Users/j/Documents/GitHub/MoneroOne/MoneroOne.xcodeproj
    
    Using response file: /Users/j/Documents/GitHub/MoneroOne/build/Build/Intermediates.noindex/swift-nio-ssl.build/Debug-iphonesimulator/CNIOBoringSSL.build/Objects-normal/arm64/533656923a283fa776881f304837ed9e-common-args.resp
    
    /Applications/Xcode.app/Contents/Developer/Toolchains/XcodeDefault.xctoolchain/usr/bin/clang -x assembler-with-cpp -ivfsstatcache /Users/j/Documents/GitHub/MoneroOne/build/SDKStatCaches.noindex/iphonesimulator26.1-23B77-90cf18a4295e390e64c810bc6bd7acbc.sdkstatcache -fmessage-length\=0 -fdiagnostics-show-note-include-stack -fmacro-backtrace-limit\=0 -fno-color-diagnostics -fmodules-prune-interval\=86400 -fmodules-prune-after\=345600 -fbuild-session-file\=/Users/j/Documents/GitHub/MoneroOne/build/ModuleCache.noindex/Session.modulevalidation -fmodules-validate-once-per-build-session -Wnon-modular-include-in-framework-module -Werror\=non-modular-include-in-framework-module -Wno-trigraphs -Wno-missing-field-initializers -Wno-missing-prototypes -Wno-return-type -Wno-missing-braces -Wparentheses -Wswitch -Wno-unused-function -Wno-unused-label -Wno-unused-parameter -Wno-unused-variable -Wunused-value -Wno-empty-body -Wno-uninitialized -Wno-unknown-pragmas -w -Wno-shadow -Wno-four-char-constants -Wno-conversion -Wno-constant-conversion -Wno-int-conversion -Wno-bool-conversion -Wno-enum-conversion -Wno-float-conversion -Wno-non-literal-null-conversion -Wno-objc-literal-conversion -Wshorten-64-to-32 -Wno-newline-eof -Wno-implicit-fallthrough -fstrict-aliasing -Wdeprecated-declarations -Wno-sign-conversion -Wno-infinite-recursion -Wno-comma -Wno-block-capture-autoreleasing -Wno-strict-prototypes -Wno-semicolon-before-method-body -index-store-path /Users/j/Documents/GitHub/MoneroOne/build/Index.noindex/DataStore @/Users/j/Documents/GitHub/MoneroOne/build/Build/Intermediates.noindex/swift-nio-ssl.build/Debug-iphonesimulator/CNIOBoringSSL.build/Objects-normal/arm64/533656923a283fa776881f304837ed9e-common-args.resp -MMD -MT dependencies -MF /Users/j/Documents/GitHub/MoneroOne/build/Build/Intermediates.noindex/swift-nio-ssl.build/Debug-iphonesimulator/CNIOBoringSSL.build/Objects-normal/arm64/aesv8-gcm-armv8-win.d --serialize-diagnostics /Users/j/Documents/GitHub/MoneroOne/build/Build/Intermediates.noindex/swift-nio-ssl.build/Debug-iphonesimulator/CNIOBoringSSL.build/Objects-normal/arm64/aesv8-gcm-armv8-win.dia -c /Users/j/Documents/GitHub/MoneroOne/build/SourcePackages/checkouts/swift-nio-ssl/Sources/CNIOBoringSSL/gen/bcm/aesv8-gcm-armv8-win.S -o /Users/j/Documents/GitHub/MoneroOne/build/Build/Intermediates.noindex/swift-nio-ssl.build/Debug-iphonesimulator/CNIOBoringSSL.build/Objects-normal/arm64/aesv8-gcm-armv8-win.o -index-unit-output-path /swift-nio-ssl.build/Debug-iphonesimulator/CNIOBoringSSL.build/Objects-normal/arm64/aesv8-gcm-armv8-win.o

CompileC /Users/j/Documents/GitHub/MoneroOne/build/Build/Intermediates.noindex/swift-nio-ssl.build/Debug-iphonesimulator/CNIOBoringSSL.build/Objects-normal/arm64/aesv8-gcm-armv8-linux.o /Users/j/Documents/GitHub/MoneroOne/build/SourcePackages/checkouts/swift-nio-ssl/Sources/CNIOBoringSSL/gen/bcm/aesv8-gcm-armv8-linux.S normal arm64 assembler-with-cpp com.apple.compilers.llvm.clang.1_0.compiler (in target 'CNIOBoringSSL' from project 'swift-nio-ssl')
    cd /Users/j/Documents/GitHub/MoneroOne/MoneroOne.xcodeproj
    
    Using response file: /Users/j/Documents/GitHub/MoneroOne/build/Build/Intermediates.noindex/swift-nio-ssl.build/Debug-iphonesimulator/CNIOBoringSSL.build/Objects-normal/arm64/533656923a283fa776881f304837ed9e-common-args.resp
    
    /Applications/Xcode.app/Contents/Developer/Toolchains/XcodeDefault.xctoolchain/usr/bin/clang -x assembler-with-cpp -ivfsstatcache /Users/j/Documents/GitHub/MoneroOne/build/SDKStatCaches.noindex/iphonesimulator26.1-23B77-90cf18a4295e390e64c810bc6bd7acbc.sdkstatcache -fmessage-length\=0 -fdiagnostics-show-note-include-stack -fmacro-backtrace-limit\=0 -fno-color-diagnostics -fmodules-prune-interval\=86400 -fmodules-prune-after\=345600 -fbuild-session-file\=/Users/j/Documents/GitHub/MoneroOne/build/ModuleCache.noindex/Session.modulevalidation -fmodules-validate-once-per-build-session -Wnon-modular-include-in-framework-module -Werror\=non-modular-include-in-framework-module -Wno-trigraphs -Wno-missing-field-initializers -Wno-missing-prototypes -Wno-return-type -Wno-missing-braces -Wparentheses -Wswitch -Wno-unused-function -Wno-unused-label -Wno-unused-parameter -Wno-unused-variable -Wunused-value -Wno-empty-body -Wno-uninitialized -Wno-unknown-pragmas -w -Wno-shadow -Wno-four-char-constants -Wno-conversion -Wno-constant-conversion -Wno-int-conversion -Wno-bool-conversion -Wno-enum-conversion -Wno-float-conversion -Wno-non-literal-null-conversion -Wno-objc-literal-conversion -Wshorten-64-to-32 -Wno-newline-eof -Wno-implicit-fallthrough -fstrict-aliasing -Wdeprecated-declarations -Wno-sign-conversion -Wno-infinite-recursion -Wno-comma -Wno-block-capture-autoreleasing -Wno-strict-prototypes -Wno-semicolon-before-method-body -index-store-path /Users/j/Documents/GitHub/MoneroOne/build/Index.noindex/DataStore @/Users/j/Documents/GitHub/MoneroOne/build/Build/Intermediates.noindex/swift-nio-ssl.build/Debug-iphonesimulator/CNIOBoringSSL.build/Objects-normal/arm64/533656923a283fa776881f304837ed9e-common-args.resp -MMD -MT dependencies -MF /Users/j/Documents/GitHub/MoneroOne/build/Build/Intermediates.noindex/swift-nio-ssl.build/Debug-iphonesimulator/CNIOBoringSSL.build/Objects-normal/arm64/aesv8-gcm-armv8-linux.d --serialize-diagnostics /Users/j/Documents/GitHub/MoneroOne/build/Build/Intermediates.noindex/swift-nio-ssl.build/Debug-iphonesimulator/CNIOBoringSSL.build/Objects-normal/arm64/aesv8-gcm-armv8-linux.dia -c /Users/j/Documents/GitHub/MoneroOne/build/SourcePackages/checkouts/swift-nio-ssl/Sources/CNIOBoringSSL/gen/bcm/aesv8-gcm-armv8-linux.S -o /Users/j/Documents/GitHub/MoneroOne/build/Build/Intermediates.noindex/swift-nio-ssl.build/Debug-iphonesimulator/CNIOBoringSSL.build/Objects-normal/arm64/aesv8-gcm-armv8-linux.o -index-unit-output-path /swift-nio-ssl.build/Debug-iphonesimulator/CNIOBoringSSL.build/Objects-normal/arm64/aesv8-gcm-armv8-linux.o

CompileC /Users/j/Documents/GitHub/MoneroOne/build/Build/Intermediates.noindex/swift-nio-ssl.build/Debug-iphonesimulator/CNIOBoringSSL.build/Objects-normal/arm64/aesv8-gcm-armv8-apple.o /Users/j/Documents/GitHub/MoneroOne/build/SourcePackages/checkouts/swift-nio-ssl/Sources/CNIOBoringSSL/gen/bcm/aesv8-gcm-armv8-apple.S normal arm64 assembler-with-cpp com.apple.compilers.llvm.clang.1_0.compiler (in target 'CNIOBoringSSL' from project 'swift-nio-ssl')
    cd /Users/j/Documents/GitHub/MoneroOne/MoneroOne.xcodeproj
    
    Using response file: /Users/j/Documents/GitHub/MoneroOne/build/Build/Intermediates.noindex/swift-nio-ssl.build/Debug-iphonesimulator/CNIOBoringSSL.build/Objects-normal/arm64/533656923a283fa776881f304837ed9e-common-args.resp
    
    /Applications/Xcode.app/Contents/Developer/Toolchains/XcodeDefault.xctoolchain/usr/bin/clang -x assembler-with-cpp -ivfsstatcache /Users/j/Documents/GitHub/MoneroOne/build/SDKStatCaches.noindex/iphonesimulator26.1-23B77-90cf18a4295e390e64c810bc6bd7acbc.sdkstatcache -fmessage-length\=0 -fdiagnostics-show-note-include-stack -fmacro-backtrace-limit\=0 -fno-color-diagnostics -fmodules-prune-interval\=86400 -fmodules-prune-after\=345600 -fbuild-session-file\=/Users/j/Documents/GitHub/MoneroOne/build/ModuleCache.noindex/Session.modulevalidation -fmodules-validate-once-per-build-session -Wnon-modular-include-in-framework-module -Werror\=non-modular-include-in-framework-module -Wno-trigraphs -Wno-missing-field-initializers -Wno-missing-prototypes -Wno-return-type -Wno-missing-braces -Wparentheses -Wswitch -Wno-unused-function -Wno-unused-label -Wno-unused-parameter -Wno-unused-variable -Wunused-value -Wno-empty-body -Wno-uninitialized -Wno-unknown-pragmas -w -Wno-shadow -Wno-four-char-constants -Wno-conversion -Wno-constant-conversion -Wno-int-conversion -Wno-bool-conversion -Wno-enum-conversion -Wno-float-conversion -Wno-non-literal-null-conversion -Wno-objc-literal-conversion -Wshorten-64-to-32 -Wno-newline-eof -Wno-implicit-fallthrough -fstrict-aliasing -Wdeprecated-declarations -Wno-sign-conversion -Wno-infinite-recursion -Wno-comma -Wno-block-capture-autoreleasing -Wno-strict-prototypes -Wno-semicolon-before-method-body -index-store-path /Users/j/Documents/GitHub/MoneroOne/build/Index.noindex/DataStore @/Users/j/Documents/GitHub/MoneroOne/build/Build/Intermediates.noindex/swift-nio-ssl.build/Debug-iphonesimulator/CNIOBoringSSL.build/Objects-normal/arm64/533656923a283fa776881f304837ed9e-common-args.resp -MMD -MT dependencies -MF /Users/j/Documents/GitHub/MoneroOne/build/Build/Intermediates.noindex/swift-nio-ssl.build/Debug-iphonesimulator/CNIOBoringSSL.build/Objects-normal/arm64/aesv8-gcm-armv8-apple.d --serialize-diagnostics /Users/j/Documents/GitHub/MoneroOne/build/Build/Intermediates.noindex/swift-nio-ssl.build/Debug-iphonesimulator/CNIOBoringSSL.build/Objects-normal/arm64/aesv8-gcm-armv8-apple.dia -c /Users/j/Documents/GitHub/MoneroOne/build/SourcePackages/checkouts/swift-nio-ssl/Sources/CNIOBoringSSL/gen/bcm/aesv8-gcm-armv8-apple.S -o /Users/j/Documents/GitHub/MoneroOne/build/Build/Intermediates.noindex/swift-nio-ssl.build/Debug-iphonesimulator/CNIOBoringSSL.build/Objects-normal/arm64/aesv8-gcm-armv8-apple.o -index-unit-output-path /swift-nio-ssl.build/Debug-iphonesimulator/CNIOBoringSSL.build/Objects-normal/arm64/aesv8-gcm-armv8-apple.o

CompileC /Users/j/Documents/GitHub/MoneroOne/build/Build/Intermediates.noindex/swift-nio-ssl.build/Debug-iphonesimulator/CNIOBoringSSL.build/Objects-normal/arm64/aesv8-armv8-win.o /Users/j/Documents/GitHub/MoneroOne/build/SourcePackages/checkouts/swift-nio-ssl/Sources/CNIOBoringSSL/gen/bcm/aesv8-armv8-win.S normal arm64 assembler-with-cpp com.apple.compilers.llvm.clang.1_0.compiler (in target 'CNIOBoringSSL' from project 'swift-nio-ssl')
    cd /Users/j/Documents/GitHub/MoneroOne/MoneroOne.xcodeproj
    
    Using response file: /Users/j/Documents/GitHub/MoneroOne/build/Build/Intermediates.noindex/swift-nio-ssl.build/Debug-iphonesimulator/CNIOBoringSSL.build/Objects-normal/arm64/533656923a283fa776881f304837ed9e-common-args.resp
    
    /Applications/Xcode.app/Contents/Developer/Toolchains/XcodeDefault.xctoolchain/usr/bin/clang -x assembler-with-cpp -ivfsstatcache /Users/j/Documents/GitHub/MoneroOne/build/SDKStatCaches.noindex/iphonesimulator26.1-23B77-90cf18a4295e390e64c810bc6bd7acbc.sdkstatcache -fmessage-length\=0 -fdiagnostics-show-note-include-stack -fmacro-backtrace-limit\=0 -fno-color-diagnostics -fmodules-prune-interval\=86400 -fmodules-prune-after\=345600 -fbuild-session-file\=/Users/j/Documents/GitHub/MoneroOne/build/ModuleCache.noindex/Session.modulevalidation -fmodules-validate-once-per-build-session -Wnon-modular-include-in-framework-module -Werror\=non-modular-include-in-framework-module -Wno-trigraphs -Wno-missing-field-initializers -Wno-missing-prototypes -Wno-return-type -Wno-missing-braces -Wparentheses -Wswitch -Wno-unused-function -Wno-unused-label -Wno-unused-parameter -Wno-unused-variable -Wunused-value -Wno-empty-body -Wno-uninitialized -Wno-unknown-pragmas -w -Wno-shadow -Wno-four-char-constants -Wno-conversion -Wno-constant-conversion -Wno-int-conversion -Wno-bool-conversion -Wno-enum-conversion -Wno-float-conversion -Wno-non-literal-null-conversion -Wno-objc-literal-conversion -Wshorten-64-to-32 -Wno-newline-eof -Wno-implicit-fallthrough -fstrict-aliasing -Wdeprecated-declarations -Wno-sign-conversion -Wno-infinite-recursion -Wno-comma -Wno-block-capture-autoreleasing -Wno-strict-prototypes -Wno-semicolon-before-method-body -index-store-path /Users/j/Documents/GitHub/MoneroOne/build/Index.noindex/DataStore @/Users/j/Documents/GitHub/MoneroOne/build/Build/Intermediates.noindex/swift-nio-ssl.build/Debug-iphonesimulator/CNIOBoringSSL.build/Objects-normal/arm64/533656923a283fa776881f304837ed9e-common-args.resp -MMD -MT dependencies -MF /Users/j/Documents/GitHub/MoneroOne/build/Build/Intermediates.noindex/swift-nio-ssl.build/Debug-iphonesimulator/CNIOBoringSSL.build/Objects-normal/arm64/aesv8-armv8-win.d --serialize-diagnostics /Users/j/Documents/GitHub/MoneroOne/build/Build/Intermediates.noindex/swift-nio-ssl.build/Debug-iphonesimulator/CNIOBoringSSL.build/Objects-normal/arm64/aesv8-armv8-win.dia -c /Users/j/Documents/GitHub/MoneroOne/build/SourcePackages/checkouts/swift-nio-ssl/Sources/CNIOBoringSSL/gen/bcm/aesv8-armv8-win.S -o /Users/j/Documents/GitHub/MoneroOne/build/Build/Intermediates.noindex/swift-nio-ssl.build/Debug-iphonesimulator/CNIOBoringSSL.build/Objects-normal/arm64/aesv8-armv8-win.o -index-unit-output-path /swift-nio-ssl.build/Debug-iphonesimulator/CNIOBoringSSL.build/Objects-normal/arm64/aesv8-armv8-win.o

CompileC /Users/j/Documents/GitHub/MoneroOne/build/Build/Intermediates.noindex/swift-nio-ssl.build/Debug-iphonesimulator/CNIOBoringSSL.build/Objects-normal/arm64/aesv8-armv8-linux.o /Users/j/Documents/GitHub/MoneroOne/build/SourcePackages/checkouts/swift-nio-ssl/Sources/CNIOBoringSSL/gen/bcm/aesv8-armv8-linux.S normal arm64 assembler-with-cpp com.apple.compilers.llvm.clang.1_0.compiler (in target 'CNIOBoringSSL' from project 'swift-nio-ssl')
    cd /Users/j/Documents/GitHub/MoneroOne/MoneroOne.xcodeproj
    
    Using response file: /Users/j/Documents/GitHub/MoneroOne/build/Build/Intermediates.noindex/swift-nio-ssl.build/Debug-iphonesimulator/CNIOBoringSSL.build/Objects-normal/arm64/533656923a283fa776881f304837ed9e-common-args.resp
    
    /Applications/Xcode.app/Contents/Developer/Toolchains/XcodeDefault.xctoolchain/usr/bin/clang -x assembler-with-cpp -ivfsstatcache /Users/j/Documents/GitHub/MoneroOne/build/SDKStatCaches.noindex/iphonesimulator26.1-23B77-90cf18a4295e390e64c810bc6bd7acbc.sdkstatcache -fmessage-length\=0 -fdiagnostics-show-note-include-stack -fmacro-backtrace-limit\=0 -fno-color-diagnostics -fmodules-prune-interval\=86400 -fmodules-prune-after\=345600 -fbuild-session-file\=/Users/j/Documents/GitHub/MoneroOne/build/ModuleCache.noindex/Session.modulevalidation -fmodules-validate-once-per-build-session -Wnon-modular-include-in-framework-module -Werror\=non-modular-include-in-framework-module -Wno-trigraphs -Wno-missing-field-initializers -Wno-missing-prototypes -Wno-return-type -Wno-missing-braces -Wparentheses -Wswitch -Wno-unused-function -Wno-unused-label -Wno-unused-parameter -Wno-unused-variable -Wunused-value -Wno-empty-body -Wno-uninitialized -Wno-unknown-pragmas -w -Wno-shadow -Wno-four-char-constants -Wno-conversion -Wno-constant-conversion -Wno-int-conversion -Wno-bool-conversion -Wno-enum-conversion -Wno-float-conversion -Wno-non-literal-null-conversion -Wno-objc-literal-conversion -Wshorten-64-to-32 -Wno-newline-eof -Wno-implicit-fallthrough -fstrict-aliasing -Wdeprecated-declarations -Wno-sign-conversion -Wno-infinite-recursion -Wno-comma -Wno-block-capture-autoreleasing -Wno-strict-prototypes -Wno-semicolon-before-method-body -index-store-path /Users/j/Documents/GitHub/MoneroOne/build/Index.noindex/DataStore @/Users/j/Documents/GitHub/MoneroOne/build/Build/Intermediates.noindex/swift-nio-ssl.build/Debug-iphonesimulator/CNIOBoringSSL.build/Objects-normal/arm64/533656923a283fa776881f304837ed9e-common-args.resp -MMD -MT dependencies -MF /Users/j/Documents/GitHub/MoneroOne/build/Build/Intermediates.noindex/swift-nio-ssl.build/Debug-iphonesimulator/CNIOBoringSSL.build/Objects-normal/arm64/aesv8-armv8-linux.d --serialize-diagnostics /Users/j/Documents/GitHub/MoneroOne/build/Build/Intermediates.noindex/swift-nio-ssl.build/Debug-iphonesimulator/CNIOBoringSSL.build/Objects-normal/arm64/aesv8-armv8-linux.dia -c /Users/j/Documents/GitHub/MoneroOne/build/SourcePackages/checkouts/swift-nio-ssl/Sources/CNIOBoringSSL/gen/bcm/aesv8-armv8-linux.S -o /Users/j/Documents/GitHub/MoneroOne/build/Build/Intermediates.noindex/swift-nio-ssl.build/Debug-iphonesimulator/CNIOBoringSSL.build/Objects-normal/arm64/aesv8-armv8-linux.o -index-unit-output-path /swift-nio-ssl.build/Debug-iphonesimulator/CNIOBoringSSL.build/Objects-normal/arm64/aesv8-armv8-linux.o

CompileC /Users/j/Documents/GitHub/MoneroOne/build/Build/Intermediates.noindex/swift-nio-ssl.build/Debug-iphonesimulator/CNIOBoringSSL.build/Objects-normal/arm64/aesv8-armv8-apple.o /Users/j/Documents/GitHub/MoneroOne/build/SourcePackages/checkouts/swift-nio-ssl/Sources/CNIOBoringSSL/gen/bcm/aesv8-armv8-apple.S normal arm64 assembler-with-cpp com.apple.compilers.llvm.clang.1_0.compiler (in target 'CNIOBoringSSL' from project 'swift-nio-ssl')
    cd /Users/j/Documents/GitHub/MoneroOne/MoneroOne.xcodeproj
    
    Using response file: /Users/j/Documents/GitHub/MoneroOne/build/Build/Intermediates.noindex/swift-nio-ssl.build/Debug-iphonesimulator/CNIOBoringSSL.build/Objects-normal/arm64/533656923a283fa776881f304837ed9e-common-args.resp
    
    /Applications/Xcode.app/Contents/Developer/Toolchains/XcodeDefault.xctoolchain/usr/bin/clang -x assembler-with-cpp -ivfsstatcache /Users/j/Documents/GitHub/MoneroOne/build/SDKStatCaches.noindex/iphonesimulator26.1-23B77-90cf18a4295e390e64c810bc6bd7acbc.sdkstatcache -fmessage-length\=0 -fdiagnostics-show-note-include-stack -fmacro-backtrace-limit\=0 -fno-color-diagnostics -fmodules-prune-interval\=86400 -fmodules-prune-after\=345600 -fbuild-session-file\=/Users/j/Documents/GitHub/MoneroOne/build/ModuleCache.noindex/Session.modulevalidation -fmodules-validate-once-per-build-session -Wnon-modular-include-in-framework-module -Werror\=non-modular-include-in-framework-module -Wno-trigraphs -Wno-missing-field-initializers -Wno-missing-prototypes -Wno-return-type -Wno-missing-braces -Wparentheses -Wswitch -Wno-unused-function -Wno-unused-label -Wno-unused-parameter -Wno-unused-variable -Wunused-value -Wno-empty-body -Wno-uninitialized -Wno-unknown-pragmas -w -Wno-shadow -Wno-four-char-constants -Wno-conversion -Wno-constant-conversion -Wno-int-conversion -Wno-bool-conversion -Wno-enum-conversion -Wno-float-conversion -Wno-non-literal-null-conversion -Wno-objc-literal-conversion -Wshorten-64-to-32 -Wno-newline-eof -Wno-implicit-fallthrough -fstrict-aliasing -Wdeprecated-declarations -Wno-sign-conversion -Wno-infinite-recursion -Wno-comma -Wno-block-capture-autoreleasing -Wno-strict-prototypes -Wno-semicolon-before-method-body -index-store-path /Users/j/Documents/GitHub/MoneroOne/build/Index.noindex/DataStore @/Users/j/Documents/GitHub/MoneroOne/build/Build/Intermediates.noindex/swift-nio-ssl.build/Debug-iphonesimulator/CNIOBoringSSL.build/Objects-normal/arm64/533656923a283fa776881f304837ed9e-common-args.resp -MMD -MT dependencies -MF /Users/j/Documents/GitHub/MoneroOne/build/Build/Intermediates.noindex/swift-nio-ssl.build/Debug-iphonesimulator/CNIOBoringSSL.build/Objects-normal/arm64/aesv8-armv8-apple.d --serialize-diagnostics /Users/j/Documents/GitHub/MoneroOne/build/Build/Intermediates.noindex/swift-nio-ssl.build/Debug-iphonesimulator/CNIOBoringSSL.build/Objects-normal/arm64/aesv8-armv8-apple.dia -c /Users/j/Documents/GitHub/MoneroOne/build/SourcePackages/checkouts/swift-nio-ssl/Sources/CNIOBoringSSL/gen/bcm/aesv8-armv8-apple.S -o /Users/j/Documents/GitHub/MoneroOne/build/Build/Intermediates.noindex/swift-nio-ssl.build/Debug-iphonesimulator/CNIOBoringSSL.build/Objects-normal/arm64/aesv8-armv8-apple.o -index-unit-output-path /swift-nio-ssl.build/Debug-iphonesimulator/CNIOBoringSSL.build/Objects-normal/arm64/aesv8-armv8-apple.o

CompileC /Users/j/Documents/GitHub/MoneroOne/build/Build/Intermediates.noindex/swift-nio-ssl.build/Debug-iphonesimulator/CNIOBoringSSL.build/Objects-normal/arm64/aesv8-armv7-linux.o /Users/j/Documents/GitHub/MoneroOne/build/SourcePackages/checkouts/swift-nio-ssl/Sources/CNIOBoringSSL/gen/bcm/aesv8-armv7-linux.S normal arm64 assembler-with-cpp com.apple.compilers.llvm.clang.1_0.compiler (in target 'CNIOBoringSSL' from project 'swift-nio-ssl')
    cd /Users/j/Documents/GitHub/MoneroOne/MoneroOne.xcodeproj
    
    Using response file: /Users/j/Documents/GitHub/MoneroOne/build/Build/Intermediates.noindex/swift-nio-ssl.build/Debug-iphonesimulator/CNIOBoringSSL.build/Objects-normal/arm64/533656923a283fa776881f304837ed9e-common-args.resp
    
    /Applications/Xcode.app/Contents/Developer/Toolchains/XcodeDefault.xctoolchain/usr/bin/clang -x assembler-with-cpp -ivfsstatcache /Users/j/Documents/GitHub/MoneroOne/build/SDKStatCaches.noindex/iphonesimulator26.1-23B77-90cf18a4295e390e64c810bc6bd7acbc.sdkstatcache -fmessage-length\=0 -fdiagnostics-show-note-include-stack -fmacro-backtrace-limit\=0 -fno-color-diagnostics -fmodules-prune-interval\=86400 -fmodules-prune-after\=345600 -fbuild-session-file\=/Users/j/Documents/GitHub/MoneroOne/build/ModuleCache.noindex/Session.modulevalidation -fmodules-validate-once-per-build-session -Wnon-modular-include-in-framework-module -Werror\=non-modular-include-in-framework-module -Wno-trigraphs -Wno-missing-field-initializers -Wno-missing-prototypes -Wno-return-type -Wno-missing-braces -Wparentheses -Wswitch -Wno-unused-function -Wno-unused-label -Wno-unused-parameter -Wno-unused-variable -Wunused-value -Wno-empty-body -Wno-uninitialized -Wno-unknown-pragmas -w -Wno-shadow -Wno-four-char-constants -Wno-conversion -Wno-constant-conversion -Wno-int-conversion -Wno-bool-conversion -Wno-enum-conversion -Wno-float-conversion -Wno-non-literal-null-conversion -Wno-objc-literal-conversion -Wshorten-64-to-32 -Wno-newline-eof -Wno-implicit-fallthrough -fstrict-aliasing -Wdeprecated-declarations -Wno-sign-conversion -Wno-infinite-recursion -Wno-comma -Wno-block-capture-autoreleasing -Wno-strict-prototypes -Wno-semicolon-before-method-body -index-store-path /Users/j/Documents/GitHub/MoneroOne/build/Index.noindex/DataStore @/Users/j/Documents/GitHub/MoneroOne/build/Build/Intermediates.noindex/swift-nio-ssl.build/Debug-iphonesimulator/CNIOBoringSSL.build/Objects-normal/arm64/533656923a283fa776881f304837ed9e-common-args.resp -MMD -MT dependencies -MF /Users/j/Documents/GitHub/MoneroOne/build/Build/Intermediates.noindex/swift-nio-ssl.build/Debug-iphonesimulator/CNIOBoringSSL.build/Objects-normal/arm64/aesv8-armv7-linux.d --serialize-diagnostics /Users/j/Documents/GitHub/MoneroOne/build/Build/Intermediates.noindex/swift-nio-ssl.build/Debug-iphonesimulator/CNIOBoringSSL.build/Objects-normal/arm64/aesv8-armv7-linux.dia -c /Users/j/Documents/GitHub/MoneroOne/build/SourcePackages/checkouts/swift-nio-ssl/Sources/CNIOBoringSSL/gen/bcm/aesv8-armv7-linux.S -o /Users/j/Documents/GitHub/MoneroOne/build/Build/Intermediates.noindex/swift-nio-ssl.build/Debug-iphonesimulator/CNIOBoringSSL.build/Objects-normal/arm64/aesv8-armv7-linux.o -index-unit-output-path /swift-nio-ssl.build/Debug-iphonesimulator/CNIOBoringSSL.build/Objects-normal/arm64/aesv8-armv7-linux.o

CompileC /Users/j/Documents/GitHub/MoneroOne/build/Build/Intermediates.noindex/swift-nio-ssl.build/Debug-iphonesimulator/CNIOBoringSSL.build/Objects-normal/arm64/aesni-x86_64-linux.o /Users/j/Documents/GitHub/MoneroOne/build/SourcePackages/checkouts/swift-nio-ssl/Sources/CNIOBoringSSL/gen/bcm/aesni-x86_64-linux.S normal arm64 assembler-with-cpp com.apple.compilers.llvm.clang.1_0.compiler (in target 'CNIOBoringSSL' from project 'swift-nio-ssl')
    cd /Users/j/Documents/GitHub/MoneroOne/MoneroOne.xcodeproj
    
    Using response file: /Users/j/Documents/GitHub/MoneroOne/build/Build/Intermediates.noindex/swift-nio-ssl.build/Debug-iphonesimulator/CNIOBoringSSL.build/Objects-normal/arm64/533656923a283fa776881f304837ed9e-common-args.resp
    
    /Applications/Xcode.app/Contents/Developer/Toolchains/XcodeDefault.xctoolchain/usr/bin/clang -x assembler-with-cpp -ivfsstatcache /Users/j/Documents/GitHub/MoneroOne/build/SDKStatCaches.noindex/iphonesimulator26.1-23B77-90cf18a4295e390e64c810bc6bd7acbc.sdkstatcache -fmessage-length\=0 -fdiagnostics-show-note-include-stack -fmacro-backtrace-limit\=0 -fno-color-diagnostics -fmodules-prune-interval\=86400 -fmodules-prune-after\=345600 -fbuild-session-file\=/Users/j/Documents/GitHub/MoneroOne/build/ModuleCache.noindex/Session.modulevalidation -fmodules-validate-once-per-build-session -Wnon-modular-include-in-framework-module -Werror\=non-modular-include-in-framework-module -Wno-trigraphs -Wno-missing-field-initializers -Wno-missing-prototypes -Wno-return-type -Wno-missing-braces -Wparentheses -Wswitch -Wno-unused-function -Wno-unused-label -Wno-unused-parameter -Wno-unused-variable -Wunused-value -Wno-empty-body -Wno-uninitialized -Wno-unknown-pragmas -w -Wno-shadow -Wno-four-char-constants -Wno-conversion -Wno-constant-conversion -Wno-int-conversion -Wno-bool-conversion -Wno-enum-conversion -Wno-float-conversion -Wno-non-literal-null-conversion -Wno-objc-literal-conversion -Wshorten-64-to-32 -Wno-newline-eof -Wno-implicit-fallthrough -fstrict-aliasing -Wdeprecated-declarations -Wno-sign-conversion -Wno-infinite-recursion -Wno-comma -Wno-block-capture-autoreleasing -Wno-strict-prototypes -Wno-semicolon-before-method-body -index-store-path /Users/j/Documents/GitHub/MoneroOne/build/Index.noindex/DataStore @/Users/j/Documents/GitHub/MoneroOne/build/Build/Intermediates.noindex/swift-nio-ssl.build/Debug-iphonesimulator/CNIOBoringSSL.build/Objects-normal/arm64/533656923a283fa776881f304837ed9e-common-args.resp -MMD -MT dependencies -MF /Users/j/Documents/GitHub/MoneroOne/build/Build/Intermediates.noindex/swift-nio-ssl.build/Debug-iphonesimulator/CNIOBoringSSL.build/Objects-normal/arm64/aesni-x86_64-linux.d --serialize-diagnostics /Users/j/Documents/GitHub/MoneroOne/build/Build/Intermediates.noindex/swift-nio-ssl.build/Debug-iphonesimulator/CNIOBoringSSL.build/Objects-normal/arm64/aesni-x86_64-linux.dia -c /Users/j/Documents/GitHub/MoneroOne/build/SourcePackages/checkouts/swift-nio-ssl/Sources/CNIOBoringSSL/gen/bcm/aesni-x86_64-linux.S -o /Users/j/Documents/GitHub/MoneroOne/build/Build/Intermediates.noindex/swift-nio-ssl.build/Debug-iphonesimulator/CNIOBoringSSL.build/Objects-normal/arm64/aesni-x86_64-linux.o -index-unit-output-path /swift-nio-ssl.build/Debug-iphonesimulator/CNIOBoringSSL.build/Objects-normal/arm64/aesni-x86_64-linux.o

CompileC /Users/j/Documents/GitHub/MoneroOne/build/Build/Intermediates.noindex/swift-nio-ssl.build/Debug-iphonesimulator/CNIOBoringSSL.build/Objects-normal/arm64/aesni-x86_64-apple.o /Users/j/Documents/GitHub/MoneroOne/build/SourcePackages/checkouts/swift-nio-ssl/Sources/CNIOBoringSSL/gen/bcm/aesni-x86_64-apple.S normal arm64 assembler-with-cpp com.apple.compilers.llvm.clang.1_0.compiler (in target 'CNIOBoringSSL' from project 'swift-nio-ssl')
    cd /Users/j/Documents/GitHub/MoneroOne/MoneroOne.xcodeproj
    
    Using response file: /Users/j/Documents/GitHub/MoneroOne/build/Build/Intermediates.noindex/swift-nio-ssl.build/Debug-iphonesimulator/CNIOBoringSSL.build/Objects-normal/arm64/533656923a283fa776881f304837ed9e-common-args.resp
    
    /Applications/Xcode.app/Contents/Developer/Toolchains/XcodeDefault.xctoolchain/usr/bin/clang -x assembler-with-cpp -ivfsstatcache /Users/j/Documents/GitHub/MoneroOne/build/SDKStatCaches.noindex/iphonesimulator26.1-23B77-90cf18a4295e390e64c810bc6bd7acbc.sdkstatcache -fmessage-length\=0 -fdiagnostics-show-note-include-stack -fmacro-backtrace-limit\=0 -fno-color-diagnostics -fmodules-prune-interval\=86400 -fmodules-prune-after\=345600 -fbuild-session-file\=/Users/j/Documents/GitHub/MoneroOne/build/ModuleCache.noindex/Session.modulevalidation -fmodules-validate-once-per-build-session -Wnon-modular-include-in-framework-module -Werror\=non-modular-include-in-framework-module -Wno-trigraphs -Wno-missing-field-initializers -Wno-missing-prototypes -Wno-return-type -Wno-missing-braces -Wparentheses -Wswitch -Wno-unused-function -Wno-unused-label -Wno-unused-parameter -Wno-unused-variable -Wunused-value -Wno-empty-body -Wno-uninitialized -Wno-unknown-pragmas -w -Wno-shadow -Wno-four-char-constants -Wno-conversion -Wno-constant-conversion -Wno-int-conversion -Wno-bool-conversion -Wno-enum-conversion -Wno-float-conversion -Wno-non-literal-null-conversion -Wno-objc-literal-conversion -Wshorten-64-to-32 -Wno-newline-eof -Wno-implicit-fallthrough -fstrict-aliasing -Wdeprecated-declarations -Wno-sign-conversion -Wno-infinite-recursion -Wno-comma -Wno-block-capture-autoreleasing -Wno-strict-prototypes -Wno-semicolon-before-method-body -index-store-path /Users/j/Documents/GitHub/MoneroOne/build/Index.noindex/DataStore @/Users/j/Documents/GitHub/MoneroOne/build/Build/Intermediates.noindex/swift-nio-ssl.build/Debug-iphonesimulator/CNIOBoringSSL.build/Objects-normal/arm64/533656923a283fa776881f304837ed9e-common-args.resp -MMD -MT dependencies -MF /Users/j/Documents/GitHub/MoneroOne/build/Build/Intermediates.noindex/swift-nio-ssl.build/Debug-iphonesimulator/CNIOBoringSSL.build/Objects-normal/arm64/aesni-x86_64-apple.d --serialize-diagnostics /Users/j/Documents/GitHub/MoneroOne/build/Build/Intermediates.noindex/swift-nio-ssl.build/Debug-iphonesimulator/CNIOBoringSSL.build/Objects-normal/arm64/aesni-x86_64-apple.dia -c /Users/j/Documents/GitHub/MoneroOne/build/SourcePackages/checkouts/swift-nio-ssl/Sources/CNIOBoringSSL/gen/bcm/aesni-x86_64-apple.S -o /Users/j/Documents/GitHub/MoneroOne/build/Build/Intermediates.noindex/swift-nio-ssl.build/Debug-iphonesimulator/CNIOBoringSSL.build/Objects-normal/arm64/aesni-x86_64-apple.o -index-unit-output-path /swift-nio-ssl.build/Debug-iphonesimulator/CNIOBoringSSL.build/Objects-normal/arm64/aesni-x86_64-apple.o

CompileC /Users/j/Documents/GitHub/MoneroOne/build/Build/Intermediates.noindex/swift-nio-ssl.build/Debug-iphonesimulator/CNIOBoringSSL.build/Objects-normal/arm64/aesni-x86-linux.o /Users/j/Documents/GitHub/MoneroOne/build/SourcePackages/checkouts/swift-nio-ssl/Sources/CNIOBoringSSL/gen/bcm/aesni-x86-linux.S normal arm64 assembler-with-cpp com.apple.compilers.llvm.clang.1_0.compiler (in target 'CNIOBoringSSL' from project 'swift-nio-ssl')
    cd /Users/j/Documents/GitHub/MoneroOne/MoneroOne.xcodeproj
    
    Using response file: /Users/j/Documents/GitHub/MoneroOne/build/Build/Intermediates.noindex/swift-nio-ssl.build/Debug-iphonesimulator/CNIOBoringSSL.build/Objects-normal/arm64/533656923a283fa776881f304837ed9e-common-args.resp
    
    /Applications/Xcode.app/Contents/Developer/Toolchains/XcodeDefault.xctoolchain/usr/bin/clang -x assembler-with-cpp -ivfsstatcache /Users/j/Documents/GitHub/MoneroOne/build/SDKStatCaches.noindex/iphonesimulator26.1-23B77-90cf18a4295e390e64c810bc6bd7acbc.sdkstatcache -fmessage-length\=0 -fdiagnostics-show-note-include-stack -fmacro-backtrace-limit\=0 -fno-color-diagnostics -fmodules-prune-interval\=86400 -fmodules-prune-after\=345600 -fbuild-session-file\=/Users/j/Documents/GitHub/MoneroOne/build/ModuleCache.noindex/Session.modulevalidation -fmodules-validate-once-per-build-session -Wnon-modular-include-in-framework-module -Werror\=non-modular-include-in-framework-module -Wno-trigraphs -Wno-missing-field-initializers -Wno-missing-prototypes -Wno-return-type -Wno-missing-braces -Wparentheses -Wswitch -Wno-unused-function -Wno-unused-label -Wno-unused-parameter -Wno-unused-variable -Wunused-value -Wno-empty-body -Wno-uninitialized -Wno-unknown-pragmas -w -Wno-shadow -Wno-four-char-constants -Wno-conversion -Wno-constant-conversion -Wno-int-conversion -Wno-bool-conversion -Wno-enum-conversion -Wno-float-conversion -Wno-non-literal-null-conversion -Wno-objc-literal-conversion -Wshorten-64-to-32 -Wno-newline-eof -Wno-implicit-fallthrough -fstrict-aliasing -Wdeprecated-declarations -Wno-sign-conversion -Wno-infinite-recursion -Wno-comma -Wno-block-capture-autoreleasing -Wno-strict-prototypes -Wno-semicolon-before-method-body -index-store-path /Users/j/Documents/GitHub/MoneroOne/build/Index.noindex/DataStore @/Users/j/Documents/GitHub/MoneroOne/build/Build/Intermediates.noindex/swift-nio-ssl.build/Debug-iphonesimulator/CNIOBoringSSL.build/Objects-normal/arm64/533656923a283fa776881f304837ed9e-common-args.resp -MMD -MT dependencies -MF /Users/j/Documents/GitHub/MoneroOne/build/Build/Intermediates.noindex/swift-nio-ssl.build/Debug-iphonesimulator/CNIOBoringSSL.build/Objects-normal/arm64/aesni-x86-linux.d --serialize-diagnostics /Users/j/Documents/GitHub/MoneroOne/build/Build/Intermediates.noindex/swift-nio-ssl.build/Debug-iphonesimulator/CNIOBoringSSL.build/Objects-normal/arm64/aesni-x86-linux.dia -c /Users/j/Documents/GitHub/MoneroOne/build/SourcePackages/checkouts/swift-nio-ssl/Sources/CNIOBoringSSL/gen/bcm/aesni-x86-linux.S -o /Users/j/Documents/GitHub/MoneroOne/build/Build/Intermediates.noindex/swift-nio-ssl.build/Debug-iphonesimulator/CNIOBoringSSL.build/Objects-normal/arm64/aesni-x86-linux.o -index-unit-output-path /swift-nio-ssl.build/Debug-iphonesimulator/CNIOBoringSSL.build/Objects-normal/arm64/aesni-x86-linux.o

CompileC /Users/j/Documents/GitHub/MoneroOne/build/Build/Intermediates.noindex/swift-nio-ssl.build/Debug-iphonesimulator/CNIOBoringSSL.build/Objects-normal/arm64/aesni-x86-apple.o /Users/j/Documents/GitHub/MoneroOne/build/SourcePackages/checkouts/swift-nio-ssl/Sources/CNIOBoringSSL/gen/bcm/aesni-x86-apple.S normal arm64 assembler-with-cpp com.apple.compilers.llvm.clang.1_0.compiler (in target 'CNIOBoringSSL' from project 'swift-nio-ssl')
    cd /Users/j/Documents/GitHub/MoneroOne/MoneroOne.xcodeproj
    
    Using response file: /Users/j/Documents/GitHub/MoneroOne/build/Build/Intermediates.noindex/swift-nio-ssl.build/Debug-iphonesimulator/CNIOBoringSSL.build/Objects-normal/arm64/533656923a283fa776881f304837ed9e-common-args.resp
    
    /Applications/Xcode.app/Contents/Developer/Toolchains/XcodeDefault.xctoolchain/usr/bin/clang -x assembler-with-cpp -ivfsstatcache /Users/j/Documents/GitHub/MoneroOne/build/SDKStatCaches.noindex/iphonesimulator26.1-23B77-90cf18a4295e390e64c810bc6bd7acbc.sdkstatcache -fmessage-length\=0 -fdiagnostics-show-note-include-stack -fmacro-backtrace-limit\=0 -fno-color-diagnostics -fmodules-prune-interval\=86400 -fmodules-prune-after\=345600 -fbuild-session-file\=/Users/j/Documents/GitHub/MoneroOne/build/ModuleCache.noindex/Session.modulevalidation -fmodules-validate-once-per-build-session -Wnon-modular-include-in-framework-module -Werror\=non-modular-include-in-framework-module -Wno-trigraphs -Wno-missing-field-initializers -Wno-missing-prototypes -Wno-return-type -Wno-missing-braces -Wparentheses -Wswitch -Wno-unused-function -Wno-unused-label -Wno-unused-parameter -Wno-unused-variable -Wunused-value -Wno-empty-body -Wno-uninitialized -Wno-unknown-pragmas -w -Wno-shadow -Wno-four-char-constants -Wno-conversion -Wno-constant-conversion -Wno-int-conversion -Wno-bool-conversion -Wno-enum-conversion -Wno-float-conversion -Wno-non-literal-null-conversion -Wno-objc-literal-conversion -Wshorten-64-to-32 -Wno-newline-eof -Wno-implicit-fallthrough -fstrict-aliasing -Wdeprecated-declarations -Wno-sign-conversion -Wno-infinite-recursion -Wno-comma -Wno-block-capture-autoreleasing -Wno-strict-prototypes -Wno-semicolon-before-method-body -index-store-path /Users/j/Documents/GitHub/MoneroOne/build/Index.noindex/DataStore @/Users/j/Documents/GitHub/MoneroOne/build/Build/Intermediates.noindex/swift-nio-ssl.build/Debug-iphonesimulator/CNIOBoringSSL.build/Objects-normal/arm64/533656923a283fa776881f304837ed9e-common-args.resp -MMD -MT dependencies -MF /Users/j/Documents/GitHub/MoneroOne/build/Build/Intermediates.noindex/swift-nio-ssl.build/Debug-iphonesimulator/CNIOBoringSSL.build/Objects-normal/arm64/aesni-x86-apple.d --serialize-diagnostics /Users/j/Documents/GitHub/MoneroOne/build/Build/Intermediates.noindex/swift-nio-ssl.build/Debug-iphonesimulator/CNIOBoringSSL.build/Objects-normal/arm64/aesni-x86-apple.dia -c /Users/j/Documents/GitHub/MoneroOne/build/SourcePackages/checkouts/swift-nio-ssl/Sources/CNIOBoringSSL/gen/bcm/aesni-x86-apple.S -o /Users/j/Documents/GitHub/MoneroOne/build/Build/Intermediates.noindex/swift-nio-ssl.build/Debug-iphonesimulator/CNIOBoringSSL.build/Objects-normal/arm64/aesni-x86-apple.o -index-unit-output-path /swift-nio-ssl.build/Debug-iphonesimulator/CNIOBoringSSL.build/Objects-normal/arm64/aesni-x86-apple.o

CompileC /Users/j/Documents/GitHub/MoneroOne/build/Build/Intermediates.noindex/swift-nio-ssl.build/Debug-iphonesimulator/CNIOBoringSSL.build/Objects-normal/arm64/aesni-gcm-x86_64-linux.o /Users/j/Documents/GitHub/MoneroOne/build/SourcePackages/checkouts/swift-nio-ssl/Sources/CNIOBoringSSL/gen/bcm/aesni-gcm-x86_64-linux.S normal arm64 assembler-with-cpp com.apple.compilers.llvm.clang.1_0.compiler (in target 'CNIOBoringSSL' from project 'swift-nio-ssl')
    cd /Users/j/Documents/GitHub/MoneroOne/MoneroOne.xcodeproj
    
    Using response file: /Users/j/Documents/GitHub/MoneroOne/build/Build/Intermediates.noindex/swift-nio-ssl.build/Debug-iphonesimulator/CNIOBoringSSL.build/Objects-normal/arm64/533656923a283fa776881f304837ed9e-common-args.resp
    
    /Applications/Xcode.app/Contents/Developer/Toolchains/XcodeDefault.xctoolchain/usr/bin/clang -x assembler-with-cpp -ivfsstatcache /Users/j/Documents/GitHub/MoneroOne/build/SDKStatCaches.noindex/iphonesimulator26.1-23B77-90cf18a4295e390e64c810bc6bd7acbc.sdkstatcache -fmessage-length\=0 -fdiagnostics-show-note-include-stack -fmacro-backtrace-limit\=0 -fno-color-diagnostics -fmodules-prune-interval\=86400 -fmodules-prune-after\=345600 -fbuild-session-file\=/Users/j/Documents/GitHub/MoneroOne/build/ModuleCache.noindex/Session.modulevalidation -fmodules-validate-once-per-build-session -Wnon-modular-include-in-framework-module -Werror\=non-modular-include-in-framework-module -Wno-trigraphs -Wno-missing-field-initializers -Wno-missing-prototypes -Wno-return-type -Wno-missing-braces -Wparentheses -Wswitch -Wno-unused-function -Wno-unused-label -Wno-unused-parameter -Wno-unused-variable -Wunused-value -Wno-empty-body -Wno-uninitialized -Wno-unknown-pragmas -w -Wno-shadow -Wno-four-char-constants -Wno-conversion -Wno-constant-conversion -Wno-int-conversion -Wno-bool-conversion -Wno-enum-conversion -Wno-float-conversion -Wno-non-literal-null-conversion -Wno-objc-literal-conversion -Wshorten-64-to-32 -Wno-newline-eof -Wno-implicit-fallthrough -fstrict-aliasing -Wdeprecated-declarations -Wno-sign-conversion -Wno-infinite-recursion -Wno-comma -Wno-block-capture-autoreleasing -Wno-strict-prototypes -Wno-semicolon-before-method-body -index-store-path /Users/j/Documents/GitHub/MoneroOne/build/Index.noindex/DataStore @/Users/j/Documents/GitHub/MoneroOne/build/Build/Intermediates.noindex/swift-nio-ssl.build/Debug-iphonesimulator/CNIOBoringSSL.build/Objects-normal/arm64/533656923a283fa776881f304837ed9e-common-args.resp -MMD -MT dependencies -MF /Users/j/Documents/GitHub/MoneroOne/build/Build/Intermediates.noindex/swift-nio-ssl.build/Debug-iphonesimulator/CNIOBoringSSL.build/Objects-normal/arm64/aesni-gcm-x86_64-linux.d --serialize-diagnostics /Users/j/Documents/GitHub/MoneroOne/build/Build/Intermediates.noindex/swift-nio-ssl.build/Debug-iphonesimulator/CNIOBoringSSL.build/Objects-normal/arm64/aesni-gcm-x86_64-linux.dia -c /Users/j/Documents/GitHub/MoneroOne/build/SourcePackages/checkouts/swift-nio-ssl/Sources/CNIOBoringSSL/gen/bcm/aesni-gcm-x86_64-linux.S -o /Users/j/Documents/GitHub/MoneroOne/build/Build/Intermediates.noindex/swift-nio-ssl.build/Debug-iphonesimulator/CNIOBoringSSL.build/Objects-normal/arm64/aesni-gcm-x86_64-linux.o -index-unit-output-path /swift-nio-ssl.build/Debug-iphonesimulator/CNIOBoringSSL.build/Objects-normal/arm64/aesni-gcm-x86_64-linux.o

CompileC /Users/j/Documents/GitHub/MoneroOne/build/Build/Intermediates.noindex/swift-nio-ssl.build/Debug-iphonesimulator/CNIOBoringSSL.build/Objects-normal/arm64/aesni-gcm-x86_64-apple.o /Users/j/Documents/GitHub/MoneroOne/build/SourcePackages/checkouts/swift-nio-ssl/Sources/CNIOBoringSSL/gen/bcm/aesni-gcm-x86_64-apple.S normal arm64 assembler-with-cpp com.apple.compilers.llvm.clang.1_0.compiler (in target 'CNIOBoringSSL' from project 'swift-nio-ssl')
    cd /Users/j/Documents/GitHub/MoneroOne/MoneroOne.xcodeproj
    
    Using response file: /Users/j/Documents/GitHub/MoneroOne/build/Build/Intermediates.noindex/swift-nio-ssl.build/Debug-iphonesimulator/CNIOBoringSSL.build/Objects-normal/arm64/533656923a283fa776881f304837ed9e-common-args.resp
    
    /Applications/Xcode.app/Contents/Developer/Toolchains/XcodeDefault.xctoolchain/usr/bin/clang -x assembler-with-cpp -ivfsstatcache /Users/j/Documents/GitHub/MoneroOne/build/SDKStatCaches.noindex/iphonesimulator26.1-23B77-90cf18a4295e390e64c810bc6bd7acbc.sdkstatcache -fmessage-length\=0 -fdiagnostics-show-note-include-stack -fmacro-backtrace-limit\=0 -fno-color-diagnostics -fmodules-prune-interval\=86400 -fmodules-prune-after\=345600 -fbuild-session-file\=/Users/j/Documents/GitHub/MoneroOne/build/ModuleCache.noindex/Session.modulevalidation -fmodules-validate-once-per-build-session -Wnon-modular-include-in-framework-module -Werror\=non-modular-include-in-framework-module -Wno-trigraphs -Wno-missing-field-initializers -Wno-missing-prototypes -Wno-return-type -Wno-missing-braces -Wparentheses -Wswitch -Wno-unused-function -Wno-unused-label -Wno-unused-parameter -Wno-unused-variable -Wunused-value -Wno-empty-body -Wno-uninitialized -Wno-unknown-pragmas -w -Wno-shadow -Wno-four-char-constants -Wno-conversion -Wno-constant-conversion -Wno-int-conversion -Wno-bool-conversion -Wno-enum-conversion -Wno-float-conversion -Wno-non-literal-null-conversion -Wno-objc-literal-conversion -Wshorten-64-to-32 -Wno-newline-eof -Wno-implicit-fallthrough -fstrict-aliasing -Wdeprecated-declarations -Wno-sign-conversion -Wno-infinite-recursion -Wno-comma -Wno-block-capture-autoreleasing -Wno-strict-prototypes -Wno-semicolon-before-method-body -index-store-path /Users/j/Documents/GitHub/MoneroOne/build/Index.noindex/DataStore @/Users/j/Documents/GitHub/MoneroOne/build/Build/Intermediates.noindex/swift-nio-ssl.build/Debug-iphonesimulator/CNIOBoringSSL.build/Objects-normal/arm64/533656923a283fa776881f304837ed9e-common-args.resp -MMD -MT dependencies -MF /Users/j/Documents/GitHub/MoneroOne/build/Build/Intermediates.noindex/swift-nio-ssl.build/Debug-iphonesimulator/CNIOBoringSSL.build/Objects-normal/arm64/aesni-gcm-x86_64-apple.d --serialize-diagnostics /Users/j/Documents/GitHub/MoneroOne/build/Build/Intermediates.noindex/swift-nio-ssl.build/Debug-iphonesimulator/CNIOBoringSSL.build/Objects-normal/arm64/aesni-gcm-x86_64-apple.dia -c /Users/j/Documents/GitHub/MoneroOne/build/SourcePackages/checkouts/swift-nio-ssl/Sources/CNIOBoringSSL/gen/bcm/aesni-gcm-x86_64-apple.S -o /Users/j/Documents/GitHub/MoneroOne/build/Build/Intermediates.noindex/swift-nio-ssl.build/Debug-iphonesimulator/CNIOBoringSSL.build/Objects-normal/arm64/aesni-gcm-x86_64-apple.o -index-unit-output-path /swift-nio-ssl.build/Debug-iphonesimulator/CNIOBoringSSL.build/Objects-normal/arm64/aesni-gcm-x86_64-apple.o

CompileC /Users/j/Documents/GitHub/MoneroOne/build/Build/Intermediates.noindex/swift-nio-ssl.build/Debug-iphonesimulator/CNIOBoringSSL.build/Objects-normal/arm64/aes128gcmsiv-x86_64-linux.o /Users/j/Documents/GitHub/MoneroOne/build/SourcePackages/checkouts/swift-nio-ssl/Sources/CNIOBoringSSL/gen/crypto/aes128gcmsiv-x86_64-linux.S normal arm64 assembler-with-cpp com.apple.compilers.llvm.clang.1_0.compiler (in target 'CNIOBoringSSL' from project 'swift-nio-ssl')
    cd /Users/j/Documents/GitHub/MoneroOne/MoneroOne.xcodeproj
    
    Using response file: /Users/j/Documents/GitHub/MoneroOne/build/Build/Intermediates.noindex/swift-nio-ssl.build/Debug-iphonesimulator/CNIOBoringSSL.build/Objects-normal/arm64/533656923a283fa776881f304837ed9e-common-args.resp
    
    /Applications/Xcode.app/Contents/Developer/Toolchains/XcodeDefault.xctoolchain/usr/bin/clang -x assembler-with-cpp -ivfsstatcache /Users/j/Documents/GitHub/MoneroOne/build/SDKStatCaches.noindex/iphonesimulator26.1-23B77-90cf18a4295e390e64c810bc6bd7acbc.sdkstatcache -fmessage-length\=0 -fdiagnostics-show-note-include-stack -fmacro-backtrace-limit\=0 -fno-color-diagnostics -fmodules-prune-interval\=86400 -fmodules-prune-after\=345600 -fbuild-session-file\=/Users/j/Documents/GitHub/MoneroOne/build/ModuleCache.noindex/Session.modulevalidation -fmodules-validate-once-per-build-session -Wnon-modular-include-in-framework-module -Werror\=non-modular-include-in-framework-module -Wno-trigraphs -Wno-missing-field-initializers -Wno-missing-prototypes -Wno-return-type -Wno-missing-braces -Wparentheses -Wswitch -Wno-unused-function -Wno-unused-label -Wno-unused-parameter -Wno-unused-variable -Wunused-value -Wno-empty-body -Wno-uninitialized -Wno-unknown-pragmas -w -Wno-shadow -Wno-four-char-constants -Wno-conversion -Wno-constant-conversion -Wno-int-conversion -Wno-bool-conversion -Wno-enum-conversion -Wno-float-conversion -Wno-non-literal-null-conversion -Wno-objc-literal-conversion -Wshorten-64-to-32 -Wno-newline-eof -Wno-implicit-fallthrough -fstrict-aliasing -Wdeprecated-declarations -Wno-sign-conversion -Wno-infinite-recursion -Wno-comma -Wno-block-capture-autoreleasing -Wno-strict-prototypes -Wno-semicolon-before-method-body -index-store-path /Users/j/Documents/GitHub/MoneroOne/build/Index.noindex/DataStore @/Users/j/Documents/GitHub/MoneroOne/build/Build/Intermediates.noindex/swift-nio-ssl.build/Debug-iphonesimulator/CNIOBoringSSL.build/Objects-normal/arm64/533656923a283fa776881f304837ed9e-common-args.resp -MMD -MT dependencies -MF /Users/j/Documents/GitHub/MoneroOne/build/Build/Intermediates.noindex/swift-nio-ssl.build/Debug-iphonesimulator/CNIOBoringSSL.build/Objects-normal/arm64/aes128gcmsiv-x86_64-linux.d --serialize-diagnostics /Users/j/Documents/GitHub/MoneroOne/build/Build/Intermediates.noindex/swift-nio-ssl.build/Debug-iphonesimulator/CNIOBoringSSL.build/Objects-normal/arm64/aes128gcmsiv-x86_64-linux.dia -c /Users/j/Documents/GitHub/MoneroOne/build/SourcePackages/checkouts/swift-nio-ssl/Sources/CNIOBoringSSL/gen/crypto/aes128gcmsiv-x86_64-linux.S -o /Users/j/Documents/GitHub/MoneroOne/build/Build/Intermediates.noindex/swift-nio-ssl.build/Debug-iphonesimulator/CNIOBoringSSL.build/Objects-normal/arm64/aes128gcmsiv-x86_64-linux.o -index-unit-output-path /swift-nio-ssl.build/Debug-iphonesimulator/CNIOBoringSSL.build/Objects-normal/arm64/aes128gcmsiv-x86_64-linux.o

CompileC /Users/j/Documents/GitHub/MoneroOne/build/Build/Intermediates.noindex/swift-nio-ssl.build/Debug-iphonesimulator/CNIOBoringSSL.build/Objects-normal/arm64/aes128gcmsiv-x86_64-apple.o /Users/j/Documents/GitHub/MoneroOne/build/SourcePackages/checkouts/swift-nio-ssl/Sources/CNIOBoringSSL/gen/crypto/aes128gcmsiv-x86_64-apple.S normal arm64 assembler-with-cpp com.apple.compilers.llvm.clang.1_0.compiler (in target 'CNIOBoringSSL' from project 'swift-nio-ssl')
    cd /Users/j/Documents/GitHub/MoneroOne/MoneroOne.xcodeproj
    
    Using response file: /Users/j/Documents/GitHub/MoneroOne/build/Build/Intermediates.noindex/swift-nio-ssl.build/Debug-iphonesimulator/CNIOBoringSSL.build/Objects-normal/arm64/533656923a283fa776881f304837ed9e-common-args.resp
    
    /Applications/Xcode.app/Contents/Developer/Toolchains/XcodeDefault.xctoolchain/usr/bin/clang -x assembler-with-cpp -ivfsstatcache /Users/j/Documents/GitHub/MoneroOne/build/SDKStatCaches.noindex/iphonesimulator26.1-23B77-90cf18a4295e390e64c810bc6bd7acbc.sdkstatcache -fmessage-length\=0 -fdiagnostics-show-note-include-stack -fmacro-backtrace-limit\=0 -fno-color-diagnostics -fmodules-prune-interval\=86400 -fmodules-prune-after\=345600 -fbuild-session-file\=/Users/j/Documents/GitHub/MoneroOne/build/ModuleCache.noindex/Session.modulevalidation -fmodules-validate-once-per-build-session -Wnon-modular-include-in-framework-module -Werror\=non-modular-include-in-framework-module -Wno-trigraphs -Wno-missing-field-initializers -Wno-missing-prototypes -Wno-return-type -Wno-missing-braces -Wparentheses -Wswitch -Wno-unused-function -Wno-unused-label -Wno-unused-parameter -Wno-unused-variable -Wunused-value -Wno-empty-body -Wno-uninitialized -Wno-unknown-pragmas -w -Wno-shadow -Wno-four-char-constants -Wno-conversion -Wno-constant-conversion -Wno-int-conversion -Wno-bool-conversion -Wno-enum-conversion -Wno-float-conversion -Wno-non-literal-null-conversion -Wno-objc-literal-conversion -Wshorten-64-to-32 -Wno-newline-eof -Wno-implicit-fallthrough -fstrict-aliasing -Wdeprecated-declarations -Wno-sign-conversion -Wno-infinite-recursion -Wno-comma -Wno-block-capture-autoreleasing -Wno-strict-prototypes -Wno-semicolon-before-method-body -index-store-path /Users/j/Documents/GitHub/MoneroOne/build/Index.noindex/DataStore @/Users/j/Documents/GitHub/MoneroOne/build/Build/Intermediates.noindex/swift-nio-ssl.build/Debug-iphonesimulator/CNIOBoringSSL.build/Objects-normal/arm64/533656923a283fa776881f304837ed9e-common-args.resp -MMD -MT dependencies -MF /Users/j/Documents/GitHub/MoneroOne/build/Build/Intermediates.noindex/swift-nio-ssl.build/Debug-iphonesimulator/CNIOBoringSSL.build/Objects-normal/arm64/aes128gcmsiv-x86_64-apple.d --serialize-diagnostics /Users/j/Documents/GitHub/MoneroOne/build/Build/Intermediates.noindex/swift-nio-ssl.build/Debug-iphonesimulator/CNIOBoringSSL.build/Objects-normal/arm64/aes128gcmsiv-x86_64-apple.dia -c /Users/j/Documents/GitHub/MoneroOne/build/SourcePackages/checkouts/swift-nio-ssl/Sources/CNIOBoringSSL/gen/crypto/aes128gcmsiv-x86_64-apple.S -o /Users/j/Documents/GitHub/MoneroOne/build/Build/Intermediates.noindex/swift-nio-ssl.build/Debug-iphonesimulator/CNIOBoringSSL.build/Objects-normal/arm64/aes128gcmsiv-x86_64-apple.o -index-unit-output-path /swift-nio-ssl.build/Debug-iphonesimulator/CNIOBoringSSL.build/Objects-normal/arm64/aes128gcmsiv-x86_64-apple.o

CompileC /Users/j/Documents/GitHub/MoneroOne/build/Build/Intermediates.noindex/swift-nio-ssl.build/Debug-iphonesimulator/CNIOBoringSSL.build/Objects-normal/arm64/aes-gcm-avx2-x86_64-linux.o /Users/j/Documents/GitHub/MoneroOne/build/SourcePackages/checkouts/swift-nio-ssl/Sources/CNIOBoringSSL/gen/bcm/aes-gcm-avx2-x86_64-linux.S normal arm64 assembler-with-cpp com.apple.compilers.llvm.clang.1_0.compiler (in target 'CNIOBoringSSL' from project 'swift-nio-ssl')
    cd /Users/j/Documents/GitHub/MoneroOne/MoneroOne.xcodeproj
    
    Using response file: /Users/j/Documents/GitHub/MoneroOne/build/Build/Intermediates.noindex/swift-nio-ssl.build/Debug-iphonesimulator/CNIOBoringSSL.build/Objects-normal/arm64/533656923a283fa776881f304837ed9e-common-args.resp
    
    /Applications/Xcode.app/Contents/Developer/Toolchains/XcodeDefault.xctoolchain/usr/bin/clang -x assembler-with-cpp -ivfsstatcache /Users/j/Documents/GitHub/MoneroOne/build/SDKStatCaches.noindex/iphonesimulator26.1-23B77-90cf18a4295e390e64c810bc6bd7acbc.sdkstatcache -fmessage-length\=0 -fdiagnostics-show-note-include-stack -fmacro-backtrace-limit\=0 -fno-color-diagnostics -fmodules-prune-interval\=86400 -fmodules-prune-after\=345600 -fbuild-session-file\=/Users/j/Documents/GitHub/MoneroOne/build/ModuleCache.noindex/Session.modulevalidation -fmodules-validate-once-per-build-session -Wnon-modular-include-in-framework-module -Werror\=non-modular-include-in-framework-module -Wno-trigraphs -Wno-missing-field-initializers -Wno-missing-prototypes -Wno-return-type -Wno-missing-braces -Wparentheses -Wswitch -Wno-unused-function -Wno-unused-label -Wno-unused-parameter -Wno-unused-variable -Wunused-value -Wno-empty-body -Wno-uninitialized -Wno-unknown-pragmas -w -Wno-shadow -Wno-four-char-constants -Wno-conversion -Wno-constant-conversion -Wno-int-conversion -Wno-bool-conversion -Wno-enum-conversion -Wno-float-conversion -Wno-non-literal-null-conversion -Wno-objc-literal-conversion -Wshorten-64-to-32 -Wno-newline-eof -Wno-implicit-fallthrough -fstrict-aliasing -Wdeprecated-declarations -Wno-sign-conversion -Wno-infinite-recursion -Wno-comma -Wno-block-capture-autoreleasing -Wno-strict-prototypes -Wno-semicolon-before-method-body -index-store-path /Users/j/Documents/GitHub/MoneroOne/build/Index.noindex/DataStore @/Users/j/Documents/GitHub/MoneroOne/build/Build/Intermediates.noindex/swift-nio-ssl.build/Debug-iphonesimulator/CNIOBoringSSL.build/Objects-normal/arm64/533656923a283fa776881f304837ed9e-common-args.resp -MMD -MT dependencies -MF /Users/j/Documents/GitHub/MoneroOne/build/Build/Intermediates.noindex/swift-nio-ssl.build/Debug-iphonesimulator/CNIOBoringSSL.build/Objects-normal/arm64/aes-gcm-avx2-x86_64-linux.d --serialize-diagnostics /Users/j/Documents/GitHub/MoneroOne/build/Build/Intermediates.noindex/swift-nio-ssl.build/Debug-iphonesimulator/CNIOBoringSSL.build/Objects-normal/arm64/aes-gcm-avx2-x86_64-linux.dia -c /Users/j/Documents/GitHub/MoneroOne/build/SourcePackages/checkouts/swift-nio-ssl/Sources/CNIOBoringSSL/gen/bcm/aes-gcm-avx2-x86_64-linux.S -o /Users/j/Documents/GitHub/MoneroOne/build/Build/Intermediates.noindex/swift-nio-ssl.build/Debug-iphonesimulator/CNIOBoringSSL.build/Objects-normal/arm64/aes-gcm-avx2-x86_64-linux.o -index-unit-output-path /swift-nio-ssl.build/Debug-iphonesimulator/CNIOBoringSSL.build/Objects-normal/arm64/aes-gcm-avx2-x86_64-linux.o

CompileC /Users/j/Documents/GitHub/MoneroOne/build/Build/Intermediates.noindex/swift-nio-ssl.build/Debug-iphonesimulator/CNIOBoringSSL.build/Objects-normal/arm64/aes-gcm-avx2-x86_64-apple.o /Users/j/Documents/GitHub/MoneroOne/build/SourcePackages/checkouts/swift-nio-ssl/Sources/CNIOBoringSSL/gen/bcm/aes-gcm-avx2-x86_64-apple.S normal arm64 assembler-with-cpp com.apple.compilers.llvm.clang.1_0.compiler (in target 'CNIOBoringSSL' from project 'swift-nio-ssl')
    cd /Users/j/Documents/GitHub/MoneroOne/MoneroOne.xcodeproj
    
    Using response file: /Users/j/Documents/GitHub/MoneroOne/build/Build/Intermediates.noindex/swift-nio-ssl.build/Debug-iphonesimulator/CNIOBoringSSL.build/Objects-normal/arm64/533656923a283fa776881f304837ed9e-common-args.resp
    
    /Applications/Xcode.app/Contents/Developer/Toolchains/XcodeDefault.xctoolchain/usr/bin/clang -x assembler-with-cpp -ivfsstatcache /Users/j/Documents/GitHub/MoneroOne/build/SDKStatCaches.noindex/iphonesimulator26.1-23B77-90cf18a4295e390e64c810bc6bd7acbc.sdkstatcache -fmessage-length\=0 -fdiagnostics-show-note-include-stack -fmacro-backtrace-limit\=0 -fno-color-diagnostics -fmodules-prune-interval\=86400 -fmodules-prune-after\=345600 -fbuild-session-file\=/Users/j/Documents/GitHub/MoneroOne/build/ModuleCache.noindex/Session.modulevalidation -fmodules-validate-once-per-build-session -Wnon-modular-include-in-framework-module -Werror\=non-modular-include-in-framework-module -Wno-trigraphs -Wno-missing-field-initializers -Wno-missing-prototypes -Wno-return-type -Wno-missing-braces -Wparentheses -Wswitch -Wno-unused-function -Wno-unused-label -Wno-unused-parameter -Wno-unused-variable -Wunused-value -Wno-empty-body -Wno-uninitialized -Wno-unknown-pragmas -w -Wno-shadow -Wno-four-char-constants -Wno-conversion -Wno-constant-conversion -Wno-int-conversion -Wno-bool-conversion -Wno-enum-conversion -Wno-float-conversion -Wno-non-literal-null-conversion -Wno-objc-literal-conversion -Wshorten-64-to-32 -Wno-newline-eof -Wno-implicit-fallthrough -fstrict-aliasing -Wdeprecated-declarations -Wno-sign-conversion -Wno-infinite-recursion -Wno-comma -Wno-block-capture-autoreleasing -Wno-strict-prototypes -Wno-semicolon-before-method-body -index-store-path /Users/j/Documents/GitHub/MoneroOne/build/Index.noindex/DataStore @/Users/j/Documents/GitHub/MoneroOne/build/Build/Intermediates.noindex/swift-nio-ssl.build/Debug-iphonesimulator/CNIOBoringSSL.build/Objects-normal/arm64/533656923a283fa776881f304837ed9e-common-args.resp -MMD -MT dependencies -MF /Users/j/Documents/GitHub/MoneroOne/build/Build/Intermediates.noindex/swift-nio-ssl.build/Debug-iphonesimulator/CNIOBoringSSL.build/Objects-normal/arm64/aes-gcm-avx2-x86_64-apple.d --serialize-diagnostics /Users/j/Documents/GitHub/MoneroOne/build/Build/Intermediates.noindex/swift-nio-ssl.build/Debug-iphonesimulator/CNIOBoringSSL.build/Objects-normal/arm64/aes-gcm-avx2-x86_64-apple.dia -c /Users/j/Documents/GitHub/MoneroOne/build/SourcePackages/checkouts/swift-nio-ssl/Sources/CNIOBoringSSL/gen/bcm/aes-gcm-avx2-x86_64-apple.S -o /Users/j/Documents/GitHub/MoneroOne/build/Build/Intermediates.noindex/swift-nio-ssl.build/Debug-iphonesimulator/CNIOBoringSSL.build/Objects-normal/arm64/aes-gcm-avx2-x86_64-apple.o -index-unit-output-path /swift-nio-ssl.build/Debug-iphonesimulator/CNIOBoringSSL.build/Objects-normal/arm64/aes-gcm-avx2-x86_64-apple.o

CompileC /Users/j/Documents/GitHub/MoneroOne/build/Build/Intermediates.noindex/swift-nio-ssl.build/Debug-iphonesimulator/CNIOBoringSSL.build/Objects-normal/arm64/aes-gcm-avx10-x86_64-linux.o /Users/j/Documents/GitHub/MoneroOne/build/SourcePackages/checkouts/swift-nio-ssl/Sources/CNIOBoringSSL/gen/bcm/aes-gcm-avx10-x86_64-linux.S normal arm64 assembler-with-cpp com.apple.compilers.llvm.clang.1_0.compiler (in target 'CNIOBoringSSL' from project 'swift-nio-ssl')
    cd /Users/j/Documents/GitHub/MoneroOne/MoneroOne.xcodeproj
    
    Using response file: /Users/j/Documents/GitHub/MoneroOne/build/Build/Intermediates.noindex/swift-nio-ssl.build/Debug-iphonesimulator/CNIOBoringSSL.build/Objects-normal/arm64/533656923a283fa776881f304837ed9e-common-args.resp
    
    /Applications/Xcode.app/Contents/Developer/Toolchains/XcodeDefault.xctoolchain/usr/bin/clang -x assembler-with-cpp -ivfsstatcache /Users/j/Documents/GitHub/MoneroOne/build/SDKStatCaches.noindex/iphonesimulator26.1-23B77-90cf18a4295e390e64c810bc6bd7acbc.sdkstatcache -fmessage-length\=0 -fdiagnostics-show-note-include-stack -fmacro-backtrace-limit\=0 -fno-color-diagnostics -fmodules-prune-interval\=86400 -fmodules-prune-after\=345600 -fbuild-session-file\=/Users/j/Documents/GitHub/MoneroOne/build/ModuleCache.noindex/Session.modulevalidation -fmodules-validate-once-per-build-session -Wnon-modular-include-in-framework-module -Werror\=non-modular-include-in-framework-module -Wno-trigraphs -Wno-missing-field-initializers -Wno-missing-prototypes -Wno-return-type -Wno-missing-braces -Wparentheses -Wswitch -Wno-unused-function -Wno-unused-label -Wno-unused-parameter -Wno-unused-variable -Wunused-value -Wno-empty-body -Wno-uninitialized -Wno-unknown-pragmas -w -Wno-shadow -Wno-four-char-constants -Wno-conversion -Wno-constant-conversion -Wno-int-conversion -Wno-bool-conversion -Wno-enum-conversion -Wno-float-conversion -Wno-non-literal-null-conversion -Wno-objc-literal-conversion -Wshorten-64-to-32 -Wno-newline-eof -Wno-implicit-fallthrough -fstrict-aliasing -Wdeprecated-declarations -Wno-sign-conversion -Wno-infinite-recursion -Wno-comma -Wno-block-capture-autoreleasing -Wno-strict-prototypes -Wno-semicolon-before-method-body -index-store-path /Users/j/Documents/GitHub/MoneroOne/build/Index.noindex/DataStore @/Users/j/Documents/GitHub/MoneroOne/build/Build/Intermediates.noindex/swift-nio-ssl.build/Debug-iphonesimulator/CNIOBoringSSL.build/Objects-normal/arm64/533656923a283fa776881f304837ed9e-common-args.resp -MMD -MT dependencies -MF /Users/j/Documents/GitHub/MoneroOne/build/Build/Intermediates.noindex/swift-nio-ssl.build/Debug-iphonesimulator/CNIOBoringSSL.build/Objects-normal/arm64/aes-gcm-avx10-x86_64-linux.d --serialize-diagnostics /Users/j/Documents/GitHub/MoneroOne/build/Build/Intermediates.noindex/swift-nio-ssl.build/Debug-iphonesimulator/CNIOBoringSSL.build/Objects-normal/arm64/aes-gcm-avx10-x86_64-linux.dia -c /Users/j/Documents/GitHub/MoneroOne/build/SourcePackages/checkouts/swift-nio-ssl/Sources/CNIOBoringSSL/gen/bcm/aes-gcm-avx10-x86_64-linux.S -o /Users/j/Documents/GitHub/MoneroOne/build/Build/Intermediates.noindex/swift-nio-ssl.build/Debug-iphonesimulator/CNIOBoringSSL.build/Objects-normal/arm64/aes-gcm-avx10-x86_64-linux.o -index-unit-output-path /swift-nio-ssl.build/Debug-iphonesimulator/CNIOBoringSSL.build/Objects-normal/arm64/aes-gcm-avx10-x86_64-linux.o

CompileC /Users/j/Documents/GitHub/MoneroOne/build/Build/Intermediates.noindex/swift-nio-ssl.build/Debug-iphonesimulator/CNIOBoringSSL.build/Objects-normal/arm64/aes-gcm-avx10-x86_64-apple.o /Users/j/Documents/GitHub/MoneroOne/build/SourcePackages/checkouts/swift-nio-ssl/Sources/CNIOBoringSSL/gen/bcm/aes-gcm-avx10-x86_64-apple.S normal arm64 assembler-with-cpp com.apple.compilers.llvm.clang.1_0.compiler (in target 'CNIOBoringSSL' from project 'swift-nio-ssl')
    cd /Users/j/Documents/GitHub/MoneroOne/MoneroOne.xcodeproj
    
    Using response file: /Users/j/Documents/GitHub/MoneroOne/build/Build/Intermediates.noindex/swift-nio-ssl.build/Debug-iphonesimulator/CNIOBoringSSL.build/Objects-normal/arm64/533656923a283fa776881f304837ed9e-common-args.resp
    
    /Applications/Xcode.app/Contents/Developer/Toolchains/XcodeDefault.xctoolchain/usr/bin/clang -x assembler-with-cpp -ivfsstatcache /Users/j/Documents/GitHub/MoneroOne/build/SDKStatCaches.noindex/iphonesimulator26.1-23B77-90cf18a4295e390e64c810bc6bd7acbc.sdkstatcache -fmessage-length\=0 -fdiagnostics-show-note-include-stack -fmacro-backtrace-limit\=0 -fno-color-diagnostics -fmodules-prune-interval\=86400 -fmodules-prune-after\=345600 -fbuild-session-file\=/Users/j/Documents/GitHub/MoneroOne/build/ModuleCache.noindex/Session.modulevalidation -fmodules-validate-once-per-build-session -Wnon-modular-include-in-framework-module -Werror\=non-modular-include-in-framework-module -Wno-trigraphs -Wno-missing-field-initializers -Wno-missing-prototypes -Wno-return-type -Wno-missing-braces -Wparentheses -Wswitch -Wno-unused-function -Wno-unused-label -Wno-unused-parameter -Wno-unused-variable -Wunused-value -Wno-empty-body -Wno-uninitialized -Wno-unknown-pragmas -w -Wno-shadow -Wno-four-char-constants -Wno-conversion -Wno-constant-conversion -Wno-int-conversion -Wno-bool-conversion -Wno-enum-conversion -Wno-float-conversion -Wno-non-literal-null-conversion -Wno-objc-literal-conversion -Wshorten-64-to-32 -Wno-newline-eof -Wno-implicit-fallthrough -fstrict-aliasing -Wdeprecated-declarations -Wno-sign-conversion -Wno-infinite-recursion -Wno-comma -Wno-block-capture-autoreleasing -Wno-strict-prototypes -Wno-semicolon-before-method-body -index-store-path /Users/j/Documents/GitHub/MoneroOne/build/Index.noindex/DataStore @/Users/j/Documents/GitHub/MoneroOne/build/Build/Intermediates.noindex/swift-nio-ssl.build/Debug-iphonesimulator/CNIOBoringSSL.build/Objects-normal/arm64/533656923a283fa776881f304837ed9e-common-args.resp -MMD -MT dependencies -MF /Users/j/Documents/GitHub/MoneroOne/build/Build/Intermediates.noindex/swift-nio-ssl.build/Debug-iphonesimulator/CNIOBoringSSL.build/Objects-normal/arm64/aes-gcm-avx10-x86_64-apple.d --serialize-diagnostics /Users/j/Documents/GitHub/MoneroOne/build/Build/Intermediates.noindex/swift-nio-ssl.build/Debug-iphonesimulator/CNIOBoringSSL.build/Objects-normal/arm64/aes-gcm-avx10-x86_64-apple.dia -c /Users/j/Documents/GitHub/MoneroOne/build/SourcePackages/checkouts/swift-nio-ssl/Sources/CNIOBoringSSL/gen/bcm/aes-gcm-avx10-x86_64-apple.S -o /Users/j/Documents/GitHub/MoneroOne/build/Build/Intermediates.noindex/swift-nio-ssl.build/Debug-iphonesimulator/CNIOBoringSSL.build/Objects-normal/arm64/aes-gcm-avx10-x86_64-apple.o -index-unit-output-path /swift-nio-ssl.build/Debug-iphonesimulator/CNIOBoringSSL.build/Objects-normal/arm64/aes-gcm-avx10-x86_64-apple.o

CompileC /Users/j/Documents/GitHub/MoneroOne/build/Build/Intermediates.noindex/swift-nio-ssl.build/Debug-iphonesimulator/CNIOBoringSSL.build/Objects-normal/arm64/a_verify.o /Users/j/Documents/GitHub/MoneroOne/build/SourcePackages/checkouts/swift-nio-ssl/Sources/CNIOBoringSSL/crypto/x509/a_verify.cc normal arm64 c++ com.apple.compilers.llvm.clang.1_0.compiler (in target 'CNIOBoringSSL' from project 'swift-nio-ssl')
    cd /Users/j/Documents/GitHub/MoneroOne/MoneroOne.xcodeproj
    
    Using response file: /Users/j/Documents/GitHub/MoneroOne/build/Build/Intermediates.noindex/swift-nio-ssl.build/Debug-iphonesimulator/CNIOBoringSSL.build/Objects-normal/arm64/82b82416624d2658e5098eb0a28c15c5-common-args.resp
    
    /Applications/Xcode.app/Contents/Developer/Toolchains/XcodeDefault.xctoolchain/usr/bin/clang -x c++ -ivfsstatcache /Users/j/Documents/GitHub/MoneroOne/build/SDKStatCaches.noindex/iphonesimulator26.1-23B77-90cf18a4295e390e64c810bc6bd7acbc.sdkstatcache -fmessage-length\=0 -fdiagnostics-show-note-include-stack -fmacro-backtrace-limit\=0 -fno-color-diagnostics -fmodules-prune-interval\=86400 -fmodules-prune-after\=345600 -fbuild-session-file\=/Users/j/Documents/GitHub/MoneroOne/build/ModuleCache.noindex/Session.modulevalidation -fmodules-validate-once-per-build-session -Wnon-modular-include-in-framework-module -Werror\=non-modular-include-in-framework-module -Wno-trigraphs -Wno-missing-field-initializers -Wno-missing-prototypes -Wno-return-type -Wno-non-virtual-dtor -Wno-overloaded-virtual -Wno-exit-time-destructors -Wno-missing-braces -Wparentheses -Wswitch -Wno-unused-function -Wno-unused-label -Wno-unused-parameter -Wno-unused-variable -Wunused-value -Wno-empty-body -Wno-uninitialized -Wno-unknown-pragmas -w -Wno-shadow -Wno-four-char-constants -Wno-conversion -Wno-constant-conversion -Wno-int-conversion -Wno-bool-conversion -Wno-enum-conversion -Wno-float-conversion -Wno-non-literal-null-conversion -Wno-objc-literal-conversion -Wshorten-64-to-32 -Wno-newline-eof -Wno-c++11-extensions -Wno-implicit-fallthrough -fstrict-aliasing -Wdeprecated-declarations -Winvalid-offsetof -Wno-sign-conversion -Wno-infinite-recursion -Wno-move -Wno-comma -Wno-block-capture-autoreleasing -Wno-strict-prototypes -Wno-range-loop-analysis -Wno-semicolon-before-method-body -index-store-path /Users/j/Documents/GitHub/MoneroOne/build/Index.noindex/DataStore @/Users/j/Documents/GitHub/MoneroOne/build/Build/Intermediates.noindex/swift-nio-ssl.build/Debug-iphonesimulator/CNIOBoringSSL.build/Objects-normal/arm64/82b82416624d2658e5098eb0a28c15c5-common-args.resp -MMD -MT dependencies -MF /Users/j/Documents/GitHub/MoneroOne/build/Build/Intermediates.noindex/swift-nio-ssl.build/Debug-iphonesimulator/CNIOBoringSSL.build/Objects-normal/arm64/a_verify.d --serialize-diagnostics /Users/j/Documents/GitHub/MoneroOne/build/Build/Intermediates.noindex/swift-nio-ssl.build/Debug-iphonesimulator/CNIOBoringSSL.build/Objects-normal/arm64/a_verify.dia -c /Users/j/Documents/GitHub/MoneroOne/build/SourcePackages/checkouts/swift-nio-ssl/Sources/CNIOBoringSSL/crypto/x509/a_verify.cc -o /Users/j/Documents/GitHub/MoneroOne/build/Build/Intermediates.noindex/swift-nio-ssl.build/Debug-iphonesimulator/CNIOBoringSSL.build/Objects-normal/arm64/a_verify.o -index-unit-output-path /swift-nio-ssl.build/Debug-iphonesimulator/CNIOBoringSSL.build/Objects-normal/arm64/a_verify.o

CompileC /Users/j/Documents/GitHub/MoneroOne/build/Build/Intermediates.noindex/swift-nio-ssl.build/Debug-iphonesimulator/CNIOBoringSSL.build/Objects-normal/arm64/a_utctm.o /Users/j/Documents/GitHub/MoneroOne/build/SourcePackages/checkouts/swift-nio-ssl/Sources/CNIOBoringSSL/crypto/asn1/a_utctm.cc normal arm64 c++ com.apple.compilers.llvm.clang.1_0.compiler (in target 'CNIOBoringSSL' from project 'swift-nio-ssl')
    cd /Users/j/Documents/GitHub/MoneroOne/MoneroOne.xcodeproj
    
    Using response file: /Users/j/Documents/GitHub/MoneroOne/build/Build/Intermediates.noindex/swift-nio-ssl.build/Debug-iphonesimulator/CNIOBoringSSL.build/Objects-normal/arm64/82b82416624d2658e5098eb0a28c15c5-common-args.resp
    
    /Applications/Xcode.app/Contents/Developer/Toolchains/XcodeDefault.xctoolchain/usr/bin/clang -x c++ -ivfsstatcache /Users/j/Documents/GitHub/MoneroOne/build/SDKStatCaches.noindex/iphonesimulator26.1-23B77-90cf18a4295e390e64c810bc6bd7acbc.sdkstatcache -fmessage-length\=0 -fdiagnostics-show-note-include-stack -fmacro-backtrace-limit\=0 -fno-color-diagnostics -fmodules-prune-interval\=86400 -fmodules-prune-after\=345600 -fbuild-session-file\=/Users/j/Documents/GitHub/MoneroOne/build/ModuleCache.noindex/Session.modulevalidation -fmodules-validate-once-per-build-session -Wnon-modular-include-in-framework-module -Werror\=non-modular-include-in-framework-module -Wno-trigraphs -Wno-missing-field-initializers -Wno-missing-prototypes -Wno-return-type -Wno-non-virtual-dtor -Wno-overloaded-virtual -Wno-exit-time-destructors -Wno-missing-braces -Wparentheses -Wswitch -Wno-unused-function -Wno-unused-label -Wno-unused-parameter -Wno-unused-variable -Wunused-value -Wno-empty-body -Wno-uninitialized -Wno-unknown-pragmas -w -Wno-shadow -Wno-four-char-constants -Wno-conversion -Wno-constant-conversion -Wno-int-conversion -Wno-bool-conversion -Wno-enum-conversion -Wno-float-conversion -Wno-non-literal-null-conversion -Wno-objc-literal-conversion -Wshorten-64-to-32 -Wno-newline-eof -Wno-c++11-extensions -Wno-implicit-fallthrough -fstrict-aliasing -Wdeprecated-declarations -Winvalid-offsetof -Wno-sign-conversion -Wno-infinite-recursion -Wno-move -Wno-comma -Wno-block-capture-autoreleasing -Wno-strict-prototypes -Wno-range-loop-analysis -Wno-semicolon-before-method-body -index-store-path /Users/j/Documents/GitHub/MoneroOne/build/Index.noindex/DataStore @/Users/j/Documents/GitHub/MoneroOne/build/Build/Intermediates.noindex/swift-nio-ssl.build/Debug-iphonesimulator/CNIOBoringSSL.build/Objects-normal/arm64/82b82416624d2658e5098eb0a28c15c5-common-args.resp -MMD -MT dependencies -MF /Users/j/Documents/GitHub/MoneroOne/build/Build/Intermediates.noindex/swift-nio-ssl.build/Debug-iphonesimulator/CNIOBoringSSL.build/Objects-normal/arm64/a_utctm.d --serialize-diagnostics /Users/j/Documents/GitHub/MoneroOne/build/Build/Intermediates.noindex/swift-nio-ssl.build/Debug-iphonesimulator/CNIOBoringSSL.build/Objects-normal/arm64/a_utctm.dia -c /Users/j/Documents/GitHub/MoneroOne/build/SourcePackages/checkouts/swift-nio-ssl/Sources/CNIOBoringSSL/crypto/asn1/a_utctm.cc -o /Users/j/Documents/GitHub/MoneroOne/build/Build/Intermediates.noindex/swift-nio-ssl.build/Debug-iphonesimulator/CNIOBoringSSL.build/Objects-normal/arm64/a_utctm.o -index-unit-output-path /swift-nio-ssl.build/Debug-iphonesimulator/CNIOBoringSSL.build/Objects-normal/arm64/a_utctm.o

CompileC /Users/j/Documents/GitHub/MoneroOne/build/Build/Intermediates.noindex/swift-nio-ssl.build/Debug-iphonesimulator/CNIOBoringSSL.build/Objects-normal/arm64/a_type.o /Users/j/Documents/GitHub/MoneroOne/build/SourcePackages/checkouts/swift-nio-ssl/Sources/CNIOBoringSSL/crypto/asn1/a_type.cc normal arm64 c++ com.apple.compilers.llvm.clang.1_0.compiler (in target 'CNIOBoringSSL' from project 'swift-nio-ssl')
    cd /Users/j/Documents/GitHub/MoneroOne/MoneroOne.xcodeproj
    
    Using response file: /Users/j/Documents/GitHub/MoneroOne/build/Build/Intermediates.noindex/swift-nio-ssl.build/Debug-iphonesimulator/CNIOBoringSSL.build/Objects-normal/arm64/82b82416624d2658e5098eb0a28c15c5-common-args.resp
    
    /Applications/Xcode.app/Contents/Developer/Toolchains/XcodeDefault.xctoolchain/usr/bin/clang -x c++ -ivfsstatcache /Users/j/Documents/GitHub/MoneroOne/build/SDKStatCaches.noindex/iphonesimulator26.1-23B77-90cf18a4295e390e64c810bc6bd7acbc.sdkstatcache -fmessage-length\=0 -fdiagnostics-show-note-include-stack -fmacro-backtrace-limit\=0 -fno-color-diagnostics -fmodules-prune-interval\=86400 -fmodules-prune-after\=345600 -fbuild-session-file\=/Users/j/Documents/GitHub/MoneroOne/build/ModuleCache.noindex/Session.modulevalidation -fmodules-validate-once-per-build-session -Wnon-modular-include-in-framework-module -Werror\=non-modular-include-in-framework-module -Wno-trigraphs -Wno-missing-field-initializers -Wno-missing-prototypes -Wno-return-type -Wno-non-virtual-dtor -Wno-overloaded-virtual -Wno-exit-time-destructors -Wno-missing-braces -Wparentheses -Wswitch -Wno-unused-function -Wno-unused-label -Wno-unused-parameter -Wno-unused-variable -Wunused-value -Wno-empty-body -Wno-uninitialized -Wno-unknown-pragmas -w -Wno-shadow -Wno-four-char-constants -Wno-conversion -Wno-constant-conversion -Wno-int-conversion -Wno-bool-conversion -Wno-enum-conversion -Wno-float-conversion -Wno-non-literal-null-conversion -Wno-objc-literal-conversion -Wshorten-64-to-32 -Wno-newline-eof -Wno-c++11-extensions -Wno-implicit-fallthrough -fstrict-aliasing -Wdeprecated-declarations -Winvalid-offsetof -Wno-sign-conversion -Wno-infinite-recursion -Wno-move -Wno-comma -Wno-block-capture-autoreleasing -Wno-strict-prototypes -Wno-range-loop-analysis -Wno-semicolon-before-method-body -index-store-path /Users/j/Documents/GitHub/MoneroOne/build/Index.noindex/DataStore @/Users/j/Documents/GitHub/MoneroOne/build/Build/Intermediates.noindex/swift-nio-ssl.build/Debug-iphonesimulator/CNIOBoringSSL.build/Objects-normal/arm64/82b82416624d2658e5098eb0a28c15c5-common-args.resp -MMD -MT dependencies -MF /Users/j/Documents/GitHub/MoneroOne/build/Build/Intermediates.noindex/swift-nio-ssl.build/Debug-iphonesimulator/CNIOBoringSSL.build/Objects-normal/arm64/a_type.d --serialize-diagnostics /Users/j/Documents/GitHub/MoneroOne/build/Build/Intermediates.noindex/swift-nio-ssl.build/Debug-iphonesimulator/CNIOBoringSSL.build/Objects-normal/arm64/a_type.dia -c /Users/j/Documents/GitHub/MoneroOne/build/SourcePackages/checkouts/swift-nio-ssl/Sources/CNIOBoringSSL/crypto/asn1/a_type.cc -o /Users/j/Documents/GitHub/MoneroOne/build/Build/Intermediates.noindex/swift-nio-ssl.build/Debug-iphonesimulator/CNIOBoringSSL.build/Objects-normal/arm64/a_type.o -index-unit-output-path /swift-nio-ssl.build/Debug-iphonesimulator/CNIOBoringSSL.build/Objects-normal/arm64/a_type.o

CompileC /Users/j/Documents/GitHub/MoneroOne/build/Build/Intermediates.noindex/swift-nio-ssl.build/Debug-iphonesimulator/CNIOBoringSSL.build/Objects-normal/arm64/a_time.o /Users/j/Documents/GitHub/MoneroOne/build/SourcePackages/checkouts/swift-nio-ssl/Sources/CNIOBoringSSL/crypto/asn1/a_time.cc normal arm64 c++ com.apple.compilers.llvm.clang.1_0.compiler (in target 'CNIOBoringSSL' from project 'swift-nio-ssl')
    cd /Users/j/Documents/GitHub/MoneroOne/MoneroOne.xcodeproj
    
    Using response file: /Users/j/Documents/GitHub/MoneroOne/build/Build/Intermediates.noindex/swift-nio-ssl.build/Debug-iphonesimulator/CNIOBoringSSL.build/Objects-normal/arm64/82b82416624d2658e5098eb0a28c15c5-common-args.resp
    
    /Applications/Xcode.app/Contents/Developer/Toolchains/XcodeDefault.xctoolchain/usr/bin/clang -x c++ -ivfsstatcache /Users/j/Documents/GitHub/MoneroOne/build/SDKStatCaches.noindex/iphonesimulator26.1-23B77-90cf18a4295e390e64c810bc6bd7acbc.sdkstatcache -fmessage-length\=0 -fdiagnostics-show-note-include-stack -fmacro-backtrace-limit\=0 -fno-color-diagnostics -fmodules-prune-interval\=86400 -fmodules-prune-after\=345600 -fbuild-session-file\=/Users/j/Documents/GitHub/MoneroOne/build/ModuleCache.noindex/Session.modulevalidation -fmodules-validate-once-per-build-session -Wnon-modular-include-in-framework-module -Werror\=non-modular-include-in-framework-module -Wno-trigraphs -Wno-missing-field-initializers -Wno-missing-prototypes -Wno-return-type -Wno-non-virtual-dtor -Wno-overloaded-virtual -Wno-exit-time-destructors -Wno-missing-braces -Wparentheses -Wswitch -Wno-unused-function -Wno-unused-label -Wno-unused-parameter -Wno-unused-variable -Wunused-value -Wno-empty-body -Wno-uninitialized -Wno-unknown-pragmas -w -Wno-shadow -Wno-four-char-constants -Wno-conversion -Wno-constant-conversion -Wno-int-conversion -Wno-bool-conversion -Wno-enum-conversion -Wno-float-conversion -Wno-non-literal-null-conversion -Wno-objc-literal-conversion -Wshorten-64-to-32 -Wno-newline-eof -Wno-c++11-extensions -Wno-implicit-fallthrough -fstrict-aliasing -Wdeprecated-declarations -Winvalid-offsetof -Wno-sign-conversion -Wno-infinite-recursion -Wno-move -Wno-comma -Wno-block-capture-autoreleasing -Wno-strict-prototypes -Wno-range-loop-analysis -Wno-semicolon-before-method-body -index-store-path /Users/j/Documents/GitHub/MoneroOne/build/Index.noindex/DataStore @/Users/j/Documents/GitHub/MoneroOne/build/Build/Intermediates.noindex/swift-nio-ssl.build/Debug-iphonesimulator/CNIOBoringSSL.build/Objects-normal/arm64/82b82416624d2658e5098eb0a28c15c5-common-args.resp -MMD -MT dependencies -MF /Users/j/Documents/GitHub/MoneroOne/build/Build/Intermediates.noindex/swift-nio-ssl.build/Debug-iphonesimulator/CNIOBoringSSL.build/Objects-normal/arm64/a_time.d --serialize-diagnostics /Users/j/Documents/GitHub/MoneroOne/build/Build/Intermediates.noindex/swift-nio-ssl.build/Debug-iphonesimulator/CNIOBoringSSL.build/Objects-normal/arm64/a_time.dia -c /Users/j/Documents/GitHub/MoneroOne/build/SourcePackages/checkouts/swift-nio-ssl/Sources/CNIOBoringSSL/crypto/asn1/a_time.cc -o /Users/j/Documents/GitHub/MoneroOne/build/Build/Intermediates.noindex/swift-nio-ssl.build/Debug-iphonesimulator/CNIOBoringSSL.build/Objects-normal/arm64/a_time.o -index-unit-output-path /swift-nio-ssl.build/Debug-iphonesimulator/CNIOBoringSSL.build/Objects-normal/arm64/a_time.o

CompileC /Users/j/Documents/GitHub/MoneroOne/build/Build/Intermediates.noindex/swift-nio-ssl.build/Debug-iphonesimulator/CNIOBoringSSL.build/Objects-normal/arm64/a_strnid.o /Users/j/Documents/GitHub/MoneroOne/build/SourcePackages/checkouts/swift-nio-ssl/Sources/CNIOBoringSSL/crypto/asn1/a_strnid.cc normal arm64 c++ com.apple.compilers.llvm.clang.1_0.compiler (in target 'CNIOBoringSSL' from project 'swift-nio-ssl')
    cd /Users/j/Documents/GitHub/MoneroOne/MoneroOne.xcodeproj
    
    Using response file: /Users/j/Documents/GitHub/MoneroOne/build/Build/Intermediates.noindex/swift-nio-ssl.build/Debug-iphonesimulator/CNIOBoringSSL.build/Objects-normal/arm64/82b82416624d2658e5098eb0a28c15c5-common-args.resp
    
    /Applications/Xcode.app/Contents/Developer/Toolchains/XcodeDefault.xctoolchain/usr/bin/clang -x c++ -ivfsstatcache /Users/j/Documents/GitHub/MoneroOne/build/SDKStatCaches.noindex/iphonesimulator26.1-23B77-90cf18a4295e390e64c810bc6bd7acbc.sdkstatcache -fmessage-length\=0 -fdiagnostics-show-note-include-stack -fmacro-backtrace-limit\=0 -fno-color-diagnostics -fmodules-prune-interval\=86400 -fmodules-prune-after\=345600 -fbuild-session-file\=/Users/j/Documents/GitHub/MoneroOne/build/ModuleCache.noindex/Session.modulevalidation -fmodules-validate-once-per-build-session -Wnon-modular-include-in-framework-module -Werror\=non-modular-include-in-framework-module -Wno-trigraphs -Wno-missing-field-initializers -Wno-missing-prototypes -Wno-return-type -Wno-non-virtual-dtor -Wno-overloaded-virtual -Wno-exit-time-destructors -Wno-missing-braces -Wparentheses -Wswitch -Wno-unused-function -Wno-unused-label -Wno-unused-parameter -Wno-unused-variable -Wunused-value -Wno-empty-body -Wno-uninitialized -Wno-unknown-pragmas -w -Wno-shadow -Wno-four-char-constants -Wno-conversion -Wno-constant-conversion -Wno-int-conversion -Wno-bool-conversion -Wno-enum-conversion -Wno-float-conversion -Wno-non-literal-null-conversion -Wno-objc-literal-conversion -Wshorten-64-to-32 -Wno-newline-eof -Wno-c++11-extensions -Wno-implicit-fallthrough -fstrict-aliasing -Wdeprecated-declarations -Winvalid-offsetof -Wno-sign-conversion -Wno-infinite-recursion -Wno-move -Wno-comma -Wno-block-capture-autoreleasing -Wno-strict-prototypes -Wno-range-loop-analysis -Wno-semicolon-before-method-body -index-store-path /Users/j/Documents/GitHub/MoneroOne/build/Index.noindex/DataStore @/Users/j/Documents/GitHub/MoneroOne/build/Build/Intermediates.noindex/swift-nio-ssl.build/Debug-iphonesimulator/CNIOBoringSSL.build/Objects-normal/arm64/82b82416624d2658e5098eb0a28c15c5-common-args.resp -MMD -MT dependencies -MF /Users/j/Documents/GitHub/MoneroOne/build/Build/Intermediates.noindex/swift-nio-ssl.build/Debug-iphonesimulator/CNIOBoringSSL.build/Objects-normal/arm64/a_strnid.d --serialize-diagnostics /Users/j/Documents/GitHub/MoneroOne/build/Build/Intermediates.noindex/swift-nio-ssl.build/Debug-iphonesimulator/CNIOBoringSSL.build/Objects-normal/arm64/a_strnid.dia -c /Users/j/Documents/GitHub/MoneroOne/build/SourcePackages/checkouts/swift-nio-ssl/Sources/CNIOBoringSSL/crypto/asn1/a_strnid.cc -o /Users/j/Documents/GitHub/MoneroOne/build/Build/Intermediates.noindex/swift-nio-ssl.build/Debug-iphonesimulator/CNIOBoringSSL.build/Objects-normal/arm64/a_strnid.o -index-unit-output-path /swift-nio-ssl.build/Debug-iphonesimulator/CNIOBoringSSL.build/Objects-normal/arm64/a_strnid.o

CompileC /Users/j/Documents/GitHub/MoneroOne/build/Build/Intermediates.noindex/swift-nio-ssl.build/Debug-iphonesimulator/CNIOBoringSSL.build/Objects-normal/arm64/a_strex.o /Users/j/Documents/GitHub/MoneroOne/build/SourcePackages/checkouts/swift-nio-ssl/Sources/CNIOBoringSSL/crypto/asn1/a_strex.cc normal arm64 c++ com.apple.compilers.llvm.clang.1_0.compiler (in target 'CNIOBoringSSL' from project 'swift-nio-ssl')
    cd /Users/j/Documents/GitHub/MoneroOne/MoneroOne.xcodeproj
    
    Using response file: /Users/j/Documents/GitHub/MoneroOne/build/Build/Intermediates.noindex/swift-nio-ssl.build/Debug-iphonesimulator/CNIOBoringSSL.build/Objects-normal/arm64/82b82416624d2658e5098eb0a28c15c5-common-args.resp
    
    /Applications/Xcode.app/Contents/Developer/Toolchains/XcodeDefault.xctoolchain/usr/bin/clang -x c++ -ivfsstatcache /Users/j/Documents/GitHub/MoneroOne/build/SDKStatCaches.noindex/iphonesimulator26.1-23B77-90cf18a4295e390e64c810bc6bd7acbc.sdkstatcache -fmessage-length\=0 -fdiagnostics-show-note-include-stack -fmacro-backtrace-limit\=0 -fno-color-diagnostics -fmodules-prune-interval\=86400 -fmodules-prune-after\=345600 -fbuild-session-file\=/Users/j/Documents/GitHub/MoneroOne/build/ModuleCache.noindex/Session.modulevalidation -fmodules-validate-once-per-build-session -Wnon-modular-include-in-framework-module -Werror\=non-modular-include-in-framework-module -Wno-trigraphs -Wno-missing-field-initializers -Wno-missing-prototypes -Wno-return-type -Wno-non-virtual-dtor -Wno-overloaded-virtual -Wno-exit-time-destructors -Wno-missing-braces -Wparentheses -Wswitch -Wno-unused-function -Wno-unused-label -Wno-unused-parameter -Wno-unused-variable -Wunused-value -Wno-empty-body -Wno-uninitialized -Wno-unknown-pragmas -w -Wno-shadow -Wno-four-char-constants -Wno-conversion -Wno-constant-conversion -Wno-int-conversion -Wno-bool-conversion -Wno-enum-conversion -Wno-float-conversion -Wno-non-literal-null-conversion -Wno-objc-literal-conversion -Wshorten-64-to-32 -Wno-newline-eof -Wno-c++11-extensions -Wno-implicit-fallthrough -fstrict-aliasing -Wdeprecated-declarations -Winvalid-offsetof -Wno-sign-conversion -Wno-infinite-recursion -Wno-move -Wno-comma -Wno-block-capture-autoreleasing -Wno-strict-prototypes -Wno-range-loop-analysis -Wno-semicolon-before-method-body -index-store-path /Users/j/Documents/GitHub/MoneroOne/build/Index.noindex/DataStore @/Users/j/Documents/GitHub/MoneroOne/build/Build/Intermediates.noindex/swift-nio-ssl.build/Debug-iphonesimulator/CNIOBoringSSL.build/Objects-normal/arm64/82b82416624d2658e5098eb0a28c15c5-common-args.resp -MMD -MT dependencies -MF /Users/j/Documents/GitHub/MoneroOne/build/Build/Intermediates.noindex/swift-nio-ssl.build/Debug-iphonesimulator/CNIOBoringSSL.build/Objects-normal/arm64/a_strex.d --serialize-diagnostics /Users/j/Documents/GitHub/MoneroOne/build/Build/Intermediates.noindex/swift-nio-ssl.build/Debug-iphonesimulator/CNIOBoringSSL.build/Objects-normal/arm64/a_strex.dia -c /Users/j/Documents/GitHub/MoneroOne/build/SourcePackages/checkouts/swift-nio-ssl/Sources/CNIOBoringSSL/crypto/asn1/a_strex.cc -o /Users/j/Documents/GitHub/MoneroOne/build/Build/Intermediates.noindex/swift-nio-ssl.build/Debug-iphonesimulator/CNIOBoringSSL.build/Objects-normal/arm64/a_strex.o -index-unit-output-path /swift-nio-ssl.build/Debug-iphonesimulator/CNIOBoringSSL.build/Objects-normal/arm64/a_strex.o

CompileC /Users/j/Documents/GitHub/MoneroOne/build/Build/Intermediates.noindex/swift-nio-ssl.build/Debug-iphonesimulator/CNIOBoringSSL.build/Objects-normal/arm64/a_sign.o /Users/j/Documents/GitHub/MoneroOne/build/SourcePackages/checkouts/swift-nio-ssl/Sources/CNIOBoringSSL/crypto/x509/a_sign.cc normal arm64 c++ com.apple.compilers.llvm.clang.1_0.compiler (in target 'CNIOBoringSSL' from project 'swift-nio-ssl')
    cd /Users/j/Documents/GitHub/MoneroOne/MoneroOne.xcodeproj
    
    Using response file: /Users/j/Documents/GitHub/MoneroOne/build/Build/Intermediates.noindex/swift-nio-ssl.build/Debug-iphonesimulator/CNIOBoringSSL.build/Objects-normal/arm64/82b82416624d2658e5098eb0a28c15c5-common-args.resp
    
    /Applications/Xcode.app/Contents/Developer/Toolchains/XcodeDefault.xctoolchain/usr/bin/clang -x c++ -ivfsstatcache /Users/j/Documents/GitHub/MoneroOne/build/SDKStatCaches.noindex/iphonesimulator26.1-23B77-90cf18a4295e390e64c810bc6bd7acbc.sdkstatcache -fmessage-length\=0 -fdiagnostics-show-note-include-stack -fmacro-backtrace-limit\=0 -fno-color-diagnostics -fmodules-prune-interval\=86400 -fmodules-prune-after\=345600 -fbuild-session-file\=/Users/j/Documents/GitHub/MoneroOne/build/ModuleCache.noindex/Session.modulevalidation -fmodules-validate-once-per-build-session -Wnon-modular-include-in-framework-module -Werror\=non-modular-include-in-framework-module -Wno-trigraphs -Wno-missing-field-initializers -Wno-missing-prototypes -Wno-return-type -Wno-non-virtual-dtor -Wno-overloaded-virtual -Wno-exit-time-destructors -Wno-missing-braces -Wparentheses -Wswitch -Wno-unused-function -Wno-unused-label -Wno-unused-parameter -Wno-unused-variable -Wunused-value -Wno-empty-body -Wno-uninitialized -Wno-unknown-pragmas -w -Wno-shadow -Wno-four-char-constants -Wno-conversion -Wno-constant-conversion -Wno-int-conversion -Wno-bool-conversion -Wno-enum-conversion -Wno-float-conversion -Wno-non-literal-null-conversion -Wno-objc-literal-conversion -Wshorten-64-to-32 -Wno-newline-eof -Wno-c++11-extensions -Wno-implicit-fallthrough -fstrict-aliasing -Wdeprecated-declarations -Winvalid-offsetof -Wno-sign-conversion -Wno-infinite-recursion -Wno-move -Wno-comma -Wno-block-capture-autoreleasing -Wno-strict-prototypes -Wno-range-loop-analysis -Wno-semicolon-before-method-body -index-store-path /Users/j/Documents/GitHub/MoneroOne/build/Index.noindex/DataStore @/Users/j/Documents/GitHub/MoneroOne/build/Build/Intermediates.noindex/swift-nio-ssl.build/Debug-iphonesimulator/CNIOBoringSSL.build/Objects-normal/arm64/82b82416624d2658e5098eb0a28c15c5-common-args.resp -MMD -MT dependencies -MF /Users/j/Documents/GitHub/MoneroOne/build/Build/Intermediates.noindex/swift-nio-ssl.build/Debug-iphonesimulator/CNIOBoringSSL.build/Objects-normal/arm64/a_sign.d --serialize-diagnostics /Users/j/Documents/GitHub/MoneroOne/build/Build/Intermediates.noindex/swift-nio-ssl.build/Debug-iphonesimulator/CNIOBoringSSL.build/Objects-normal/arm64/a_sign.dia -c /Users/j/Documents/GitHub/MoneroOne/build/SourcePackages/checkouts/swift-nio-ssl/Sources/CNIOBoringSSL/crypto/x509/a_sign.cc -o /Users/j/Documents/GitHub/MoneroOne/build/Build/Intermediates.noindex/swift-nio-ssl.build/Debug-iphonesimulator/CNIOBoringSSL.build/Objects-normal/arm64/a_sign.o -index-unit-output-path /swift-nio-ssl.build/Debug-iphonesimulator/CNIOBoringSSL.build/Objects-normal/arm64/a_sign.o

CompileC /Users/j/Documents/GitHub/MoneroOne/build/Build/Intermediates.noindex/swift-nio-ssl.build/Debug-iphonesimulator/CNIOBoringSSL.build/Objects-normal/arm64/a_octet.o /Users/j/Documents/GitHub/MoneroOne/build/SourcePackages/checkouts/swift-nio-ssl/Sources/CNIOBoringSSL/crypto/asn1/a_octet.cc normal arm64 c++ com.apple.compilers.llvm.clang.1_0.compiler (in target 'CNIOBoringSSL' from project 'swift-nio-ssl')
    cd /Users/j/Documents/GitHub/MoneroOne/MoneroOne.xcodeproj
    
    Using response file: /Users/j/Documents/GitHub/MoneroOne/build/Build/Intermediates.noindex/swift-nio-ssl.build/Debug-iphonesimulator/CNIOBoringSSL.build/Objects-normal/arm64/82b82416624d2658e5098eb0a28c15c5-common-args.resp
    
    /Applications/Xcode.app/Contents/Developer/Toolchains/XcodeDefault.xctoolchain/usr/bin/clang -x c++ -ivfsstatcache /Users/j/Documents/GitHub/MoneroOne/build/SDKStatCaches.noindex/iphonesimulator26.1-23B77-90cf18a4295e390e64c810bc6bd7acbc.sdkstatcache -fmessage-length\=0 -fdiagnostics-show-note-include-stack -fmacro-backtrace-limit\=0 -fno-color-diagnostics -fmodules-prune-interval\=86400 -fmodules-prune-after\=345600 -fbuild-session-file\=/Users/j/Documents/GitHub/MoneroOne/build/ModuleCache.noindex/Session.modulevalidation -fmodules-validate-once-per-build-session -Wnon-modular-include-in-framework-module -Werror\=non-modular-include-in-framework-module -Wno-trigraphs -Wno-missing-field-initializers -Wno-missing-prototypes -Wno-return-type -Wno-non-virtual-dtor -Wno-overloaded-virtual -Wno-exit-time-destructors -Wno-missing-braces -Wparentheses -Wswitch -Wno-unused-function -Wno-unused-label -Wno-unused-parameter -Wno-unused-variable -Wunused-value -Wno-empty-body -Wno-uninitialized -Wno-unknown-pragmas -w -Wno-shadow -Wno-four-char-constants -Wno-conversion -Wno-constant-conversion -Wno-int-conversion -Wno-bool-conversion -Wno-enum-conversion -Wno-float-conversion -Wno-non-literal-null-conversion -Wno-objc-literal-conversion -Wshorten-64-to-32 -Wno-newline-eof -Wno-c++11-extensions -Wno-implicit-fallthrough -fstrict-aliasing -Wdeprecated-declarations -Winvalid-offsetof -Wno-sign-conversion -Wno-infinite-recursion -Wno-move -Wno-comma -Wno-block-capture-autoreleasing -Wno-strict-prototypes -Wno-range-loop-analysis -Wno-semicolon-before-method-body -index-store-path /Users/j/Documents/GitHub/MoneroOne/build/Index.noindex/DataStore @/Users/j/Documents/GitHub/MoneroOne/build/Build/Intermediates.noindex/swift-nio-ssl.build/Debug-iphonesimulator/CNIOBoringSSL.build/Objects-normal/arm64/82b82416624d2658e5098eb0a28c15c5-common-args.resp -MMD -MT dependencies -MF /Users/j/Documents/GitHub/MoneroOne/build/Build/Intermediates.noindex/swift-nio-ssl.build/Debug-iphonesimulator/CNIOBoringSSL.build/Objects-normal/arm64/a_octet.d --serialize-diagnostics /Users/j/Documents/GitHub/MoneroOne/build/Build/Intermediates.noindex/swift-nio-ssl.build/Debug-iphonesimulator/CNIOBoringSSL.build/Objects-normal/arm64/a_octet.dia -c /Users/j/Documents/GitHub/MoneroOne/build/SourcePackages/checkouts/swift-nio-ssl/Sources/CNIOBoringSSL/crypto/asn1/a_octet.cc -o /Users/j/Documents/GitHub/MoneroOne/build/Build/Intermediates.noindex/swift-nio-ssl.build/Debug-iphonesimulator/CNIOBoringSSL.build/Objects-normal/arm64/a_octet.o -index-unit-output-path /swift-nio-ssl.build/Debug-iphonesimulator/CNIOBoringSSL.build/Objects-normal/arm64/a_octet.o

CompileC /Users/j/Documents/GitHub/MoneroOne/build/Build/Intermediates.noindex/swift-nio-ssl.build/Debug-iphonesimulator/CNIOBoringSSL.build/Objects-normal/arm64/a_object.o /Users/j/Documents/GitHub/MoneroOne/build/SourcePackages/checkouts/swift-nio-ssl/Sources/CNIOBoringSSL/crypto/asn1/a_object.cc normal arm64 c++ com.apple.compilers.llvm.clang.1_0.compiler (in target 'CNIOBoringSSL' from project 'swift-nio-ssl')
    cd /Users/j/Documents/GitHub/MoneroOne/MoneroOne.xcodeproj
    
    Using response file: /Users/j/Documents/GitHub/MoneroOne/build/Build/Intermediates.noindex/swift-nio-ssl.build/Debug-iphonesimulator/CNIOBoringSSL.build/Objects-normal/arm64/82b82416624d2658e5098eb0a28c15c5-common-args.resp
    
    /Applications/Xcode.app/Contents/Developer/Toolchains/XcodeDefault.xctoolchain/usr/bin/clang -x c++ -ivfsstatcache /Users/j/Documents/GitHub/MoneroOne/build/SDKStatCaches.noindex/iphonesimulator26.1-23B77-90cf18a4295e390e64c810bc6bd7acbc.sdkstatcache -fmessage-length\=0 -fdiagnostics-show-note-include-stack -fmacro-backtrace-limit\=0 -fno-color-diagnostics -fmodules-prune-interval\=86400 -fmodules-prune-after\=345600 -fbuild-session-file\=/Users/j/Documents/GitHub/MoneroOne/build/ModuleCache.noindex/Session.modulevalidation -fmodules-validate-once-per-build-session -Wnon-modular-include-in-framework-module -Werror\=non-modular-include-in-framework-module -Wno-trigraphs -Wno-missing-field-initializers -Wno-missing-prototypes -Wno-return-type -Wno-non-virtual-dtor -Wno-overloaded-virtual -Wno-exit-time-destructors -Wno-missing-braces -Wparentheses -Wswitch -Wno-unused-function -Wno-unused-label -Wno-unused-parameter -Wno-unused-variable -Wunused-value -Wno-empty-body -Wno-uninitialized -Wno-unknown-pragmas -w -Wno-shadow -Wno-four-char-constants -Wno-conversion -Wno-constant-conversion -Wno-int-conversion -Wno-bool-conversion -Wno-enum-conversion -Wno-float-conversion -Wno-non-literal-null-conversion -Wno-objc-literal-conversion -Wshorten-64-to-32 -Wno-newline-eof -Wno-c++11-extensions -Wno-implicit-fallthrough -fstrict-aliasing -Wdeprecated-declarations -Winvalid-offsetof -Wno-sign-conversion -Wno-infinite-recursion -Wno-move -Wno-comma -Wno-block-capture-autoreleasing -Wno-strict-prototypes -Wno-range-loop-analysis -Wno-semicolon-before-method-body -index-store-path /Users/j/Documents/GitHub/MoneroOne/build/Index.noindex/DataStore @/Users/j/Documents/GitHub/MoneroOne/build/Build/Intermediates.noindex/swift-nio-ssl.build/Debug-iphonesimulator/CNIOBoringSSL.build/Objects-normal/arm64/82b82416624d2658e5098eb0a28c15c5-common-args.resp -MMD -MT dependencies -MF /Users/j/Documents/GitHub/MoneroOne/build/Build/Intermediates.noindex/swift-nio-ssl.build/Debug-iphonesimulator/CNIOBoringSSL.build/Objects-normal/arm64/a_object.d --serialize-diagnostics /Users/j/Documents/GitHub/MoneroOne/build/Build/Intermediates.noindex/swift-nio-ssl.build/Debug-iphonesimulator/CNIOBoringSSL.build/Objects-normal/arm64/a_object.dia -c /Users/j/Documents/GitHub/MoneroOne/build/SourcePackages/checkouts/swift-nio-ssl/Sources/CNIOBoringSSL/crypto/asn1/a_object.cc -o /Users/j/Documents/GitHub/MoneroOne/build/Build/Intermediates.noindex/swift-nio-ssl.build/Debug-iphonesimulator/CNIOBoringSSL.build/Objects-normal/arm64/a_object.o -index-unit-output-path /swift-nio-ssl.build/Debug-iphonesimulator/CNIOBoringSSL.build/Objects-normal/arm64/a_object.o

CompileC /Users/j/Documents/GitHub/MoneroOne/build/Build/Intermediates.noindex/swift-nio-ssl.build/Debug-iphonesimulator/CNIOBoringSSL.build/Objects-normal/arm64/a_mbstr.o /Users/j/Documents/GitHub/MoneroOne/build/SourcePackages/checkouts/swift-nio-ssl/Sources/CNIOBoringSSL/crypto/asn1/a_mbstr.cc normal arm64 c++ com.apple.compilers.llvm.clang.1_0.compiler (in target 'CNIOBoringSSL' from project 'swift-nio-ssl')
    cd /Users/j/Documents/GitHub/MoneroOne/MoneroOne.xcodeproj
    
    Using response file: /Users/j/Documents/GitHub/MoneroOne/build/Build/Intermediates.noindex/swift-nio-ssl.build/Debug-iphonesimulator/CNIOBoringSSL.build/Objects-normal/arm64/82b82416624d2658e5098eb0a28c15c5-common-args.resp
    
    /Applications/Xcode.app/Contents/Developer/Toolchains/XcodeDefault.xctoolchain/usr/bin/clang -x c++ -ivfsstatcache /Users/j/Documents/GitHub/MoneroOne/build/SDKStatCaches.noindex/iphonesimulator26.1-23B77-90cf18a4295e390e64c810bc6bd7acbc.sdkstatcache -fmessage-length\=0 -fdiagnostics-show-note-include-stack -fmacro-backtrace-limit\=0 -fno-color-diagnostics -fmodules-prune-interval\=86400 -fmodules-prune-after\=345600 -fbuild-session-file\=/Users/j/Documents/GitHub/MoneroOne/build/ModuleCache.noindex/Session.modulevalidation -fmodules-validate-once-per-build-session -Wnon-modular-include-in-framework-module -Werror\=non-modular-include-in-framework-module -Wno-trigraphs -Wno-missing-field-initializers -Wno-missing-prototypes -Wno-return-type -Wno-non-virtual-dtor -Wno-overloaded-virtual -Wno-exit-time-destructors -Wno-missing-braces -Wparentheses -Wswitch -Wno-unused-function -Wno-unused-label -Wno-unused-parameter -Wno-unused-variable -Wunused-value -Wno-empty-body -Wno-uninitialized -Wno-unknown-pragmas -w -Wno-shadow -Wno-four-char-constants -Wno-conversion -Wno-constant-conversion -Wno-int-conversion -Wno-bool-conversion -Wno-enum-conversion -Wno-float-conversion -Wno-non-literal-null-conversion -Wno-objc-literal-conversion -Wshorten-64-to-32 -Wno-newline-eof -Wno-c++11-extensions -Wno-implicit-fallthrough -fstrict-aliasing -Wdeprecated-declarations -Winvalid-offsetof -Wno-sign-conversion -Wno-infinite-recursion -Wno-move -Wno-comma -Wno-block-capture-autoreleasing -Wno-strict-prototypes -Wno-range-loop-analysis -Wno-semicolon-before-method-body -index-store-path /Users/j/Documents/GitHub/MoneroOne/build/Index.noindex/DataStore @/Users/j/Documents/GitHub/MoneroOne/build/Build/Intermediates.noindex/swift-nio-ssl.build/Debug-iphonesimulator/CNIOBoringSSL.build/Objects-normal/arm64/82b82416624d2658e5098eb0a28c15c5-common-args.resp -MMD -MT dependencies -MF /Users/j/Documents/GitHub/MoneroOne/build/Build/Intermediates.noindex/swift-nio-ssl.build/Debug-iphonesimulator/CNIOBoringSSL.build/Objects-normal/arm64/a_mbstr.d --serialize-diagnostics /Users/j/Documents/GitHub/MoneroOne/build/Build/Intermediates.noindex/swift-nio-ssl.build/Debug-iphonesimulator/CNIOBoringSSL.build/Objects-normal/arm64/a_mbstr.dia -c /Users/j/Documents/GitHub/MoneroOne/build/SourcePackages/checkouts/swift-nio-ssl/Sources/CNIOBoringSSL/crypto/asn1/a_mbstr.cc -o /Users/j/Documents/GitHub/MoneroOne/build/Build/Intermediates.noindex/swift-nio-ssl.build/Debug-iphonesimulator/CNIOBoringSSL.build/Objects-normal/arm64/a_mbstr.o -index-unit-output-path /swift-nio-ssl.build/Debug-iphonesimulator/CNIOBoringSSL.build/Objects-normal/arm64/a_mbstr.o

CompileC /Users/j/Documents/GitHub/MoneroOne/build/Build/Intermediates.noindex/swift-nio-ssl.build/Debug-iphonesimulator/CNIOBoringSSL.build/Objects-normal/arm64/a_int.o /Users/j/Documents/GitHub/MoneroOne/build/SourcePackages/checkouts/swift-nio-ssl/Sources/CNIOBoringSSL/crypto/asn1/a_int.cc normal arm64 c++ com.apple.compilers.llvm.clang.1_0.compiler (in target 'CNIOBoringSSL' from project 'swift-nio-ssl')
    cd /Users/j/Documents/GitHub/MoneroOne/MoneroOne.xcodeproj
    
    Using response file: /Users/j/Documents/GitHub/MoneroOne/build/Build/Intermediates.noindex/swift-nio-ssl.build/Debug-iphonesimulator/CNIOBoringSSL.build/Objects-normal/arm64/82b82416624d2658e5098eb0a28c15c5-common-args.resp
    
    /Applications/Xcode.app/Contents/Developer/Toolchains/XcodeDefault.xctoolchain/usr/bin/clang -x c++ -ivfsstatcache /Users/j/Documents/GitHub/MoneroOne/build/SDKStatCaches.noindex/iphonesimulator26.1-23B77-90cf18a4295e390e64c810bc6bd7acbc.sdkstatcache -fmessage-length\=0 -fdiagnostics-show-note-include-stack -fmacro-backtrace-limit\=0 -fno-color-diagnostics -fmodules-prune-interval\=86400 -fmodules-prune-after\=345600 -fbuild-session-file\=/Users/j/Documents/GitHub/MoneroOne/build/ModuleCache.noindex/Session.modulevalidation -fmodules-validate-once-per-build-session -Wnon-modular-include-in-framework-module -Werror\=non-modular-include-in-framework-module -Wno-trigraphs -Wno-missing-field-initializers -Wno-missing-prototypes -Wno-return-type -Wno-non-virtual-dtor -Wno-overloaded-virtual -Wno-exit-time-destructors -Wno-missing-braces -Wparentheses -Wswitch -Wno-unused-function -Wno-unused-label -Wno-unused-parameter -Wno-unused-variable -Wunused-value -Wno-empty-body -Wno-uninitialized -Wno-unknown-pragmas -w -Wno-shadow -Wno-four-char-constants -Wno-conversion -Wno-constant-conversion -Wno-int-conversion -Wno-bool-conversion -Wno-enum-conversion -Wno-float-conversion -Wno-non-literal-null-conversion -Wno-objc-literal-conversion -Wshorten-64-to-32 -Wno-newline-eof -Wno-c++11-extensions -Wno-implicit-fallthrough -fstrict-aliasing -Wdeprecated-declarations -Winvalid-offsetof -Wno-sign-conversion -Wno-infinite-recursion -Wno-move -Wno-comma -Wno-block-capture-autoreleasing -Wno-strict-prototypes -Wno-range-loop-analysis -Wno-semicolon-before-method-body -index-store-path /Users/j/Documents/GitHub/MoneroOne/build/Index.noindex/DataStore @/Users/j/Documents/GitHub/MoneroOne/build/Build/Intermediates.noindex/swift-nio-ssl.build/Debug-iphonesimulator/CNIOBoringSSL.build/Objects-normal/arm64/82b82416624d2658e5098eb0a28c15c5-common-args.resp -MMD -MT dependencies -MF /Users/j/Documents/GitHub/MoneroOne/build/Build/Intermediates.noindex/swift-nio-ssl.build/Debug-iphonesimulator/CNIOBoringSSL.build/Objects-normal/arm64/a_int.d --serialize-diagnostics /Users/j/Documents/GitHub/MoneroOne/build/Build/Intermediates.noindex/swift-nio-ssl.build/Debug-iphonesimulator/CNIOBoringSSL.build/Objects-normal/arm64/a_int.dia -c /Users/j/Documents/GitHub/MoneroOne/build/SourcePackages/checkouts/swift-nio-ssl/Sources/CNIOBoringSSL/crypto/asn1/a_int.cc -o /Users/j/Documents/GitHub/MoneroOne/build/Build/Intermediates.noindex/swift-nio-ssl.build/Debug-iphonesimulator/CNIOBoringSSL.build/Objects-normal/arm64/a_int.o -index-unit-output-path /swift-nio-ssl.build/Debug-iphonesimulator/CNIOBoringSSL.build/Objects-normal/arm64/a_int.o

CompileC /Users/j/Documents/GitHub/MoneroOne/build/Build/Intermediates.noindex/swift-nio-ssl.build/Debug-iphonesimulator/CNIOBoringSSL.build/Objects-normal/arm64/a_i2d_fp.o /Users/j/Documents/GitHub/MoneroOne/build/SourcePackages/checkouts/swift-nio-ssl/Sources/CNIOBoringSSL/crypto/asn1/a_i2d_fp.cc normal arm64 c++ com.apple.compilers.llvm.clang.1_0.compiler (in target 'CNIOBoringSSL' from project 'swift-nio-ssl')
    cd /Users/j/Documents/GitHub/MoneroOne/MoneroOne.xcodeproj
    
    Using response file: /Users/j/Documents/GitHub/MoneroOne/build/Build/Intermediates.noindex/swift-nio-ssl.build/Debug-iphonesimulator/CNIOBoringSSL.build/Objects-normal/arm64/82b82416624d2658e5098eb0a28c15c5-common-args.resp
    
    /Applications/Xcode.app/Contents/Developer/Toolchains/XcodeDefault.xctoolchain/usr/bin/clang -x c++ -ivfsstatcache /Users/j/Documents/GitHub/MoneroOne/build/SDKStatCaches.noindex/iphonesimulator26.1-23B77-90cf18a4295e390e64c810bc6bd7acbc.sdkstatcache -fmessage-length\=0 -fdiagnostics-show-note-include-stack -fmacro-backtrace-limit\=0 -fno-color-diagnostics -fmodules-prune-interval\=86400 -fmodules-prune-after\=345600 -fbuild-session-file\=/Users/j/Documents/GitHub/MoneroOne/build/ModuleCache.noindex/Session.modulevalidation -fmodules-validate-once-per-build-session -Wnon-modular-include-in-framework-module -Werror\=non-modular-include-in-framework-module -Wno-trigraphs -Wno-missing-field-initializers -Wno-missing-prototypes -Wno-return-type -Wno-non-virtual-dtor -Wno-overloaded-virtual -Wno-exit-time-destructors -Wno-missing-braces -Wparentheses -Wswitch -Wno-unused-function -Wno-unused-label -Wno-unused-parameter -Wno-unused-variable -Wunused-value -Wno-empty-body -Wno-uninitialized -Wno-unknown-pragmas -w -Wno-shadow -Wno-four-char-constants -Wno-conversion -Wno-constant-conversion -Wno-int-conversion -Wno-bool-conversion -Wno-enum-conversion -Wno-float-conversion -Wno-non-literal-null-conversion -Wno-objc-literal-conversion -Wshorten-64-to-32 -Wno-newline-eof -Wno-c++11-extensions -Wno-implicit-fallthrough -fstrict-aliasing -Wdeprecated-declarations -Winvalid-offsetof -Wno-sign-conversion -Wno-infinite-recursion -Wno-move -Wno-comma -Wno-block-capture-autoreleasing -Wno-strict-prototypes -Wno-range-loop-analysis -Wno-semicolon-before-method-body -index-store-path /Users/j/Documents/GitHub/MoneroOne/build/Index.noindex/DataStore @/Users/j/Documents/GitHub/MoneroOne/build/Build/Intermediates.noindex/swift-nio-ssl.build/Debug-iphonesimulator/CNIOBoringSSL.build/Objects-normal/arm64/82b82416624d2658e5098eb0a28c15c5-common-args.resp -MMD -MT dependencies -MF /Users/j/Documents/GitHub/MoneroOne/build/Build/Intermediates.noindex/swift-nio-ssl.build/Debug-iphonesimulator/CNIOBoringSSL.build/Objects-normal/arm64/a_i2d_fp.d --serialize-diagnostics /Users/j/Documents/GitHub/MoneroOne/build/Build/Intermediates.noindex/swift-nio-ssl.build/Debug-iphonesimulator/CNIOBoringSSL.build/Objects-normal/arm64/a_i2d_fp.dia -c /Users/j/Documents/GitHub/MoneroOne/build/SourcePackages/checkouts/swift-nio-ssl/Sources/CNIOBoringSSL/crypto/asn1/a_i2d_fp.cc -o /Users/j/Documents/GitHub/MoneroOne/build/Build/Intermediates.noindex/swift-nio-ssl.build/Debug-iphonesimulator/CNIOBoringSSL.build/Objects-normal/arm64/a_i2d_fp.o -index-unit-output-path /swift-nio-ssl.build/Debug-iphonesimulator/CNIOBoringSSL.build/Objects-normal/arm64/a_i2d_fp.o

CompileC /Users/j/Documents/GitHub/MoneroOne/build/Build/Intermediates.noindex/swift-nio-ssl.build/Debug-iphonesimulator/CNIOBoringSSL.build/Objects-normal/arm64/a_gentm.o /Users/j/Documents/GitHub/MoneroOne/build/SourcePackages/checkouts/swift-nio-ssl/Sources/CNIOBoringSSL/crypto/asn1/a_gentm.cc normal arm64 c++ com.apple.compilers.llvm.clang.1_0.compiler (in target 'CNIOBoringSSL' from project 'swift-nio-ssl')
    cd /Users/j/Documents/GitHub/MoneroOne/MoneroOne.xcodeproj
    
    Using response file: /Users/j/Documents/GitHub/MoneroOne/build/Build/Intermediates.noindex/swift-nio-ssl.build/Debug-iphonesimulator/CNIOBoringSSL.build/Objects-normal/arm64/82b82416624d2658e5098eb0a28c15c5-common-args.resp
    
    /Applications/Xcode.app/Contents/Developer/Toolchains/XcodeDefault.xctoolchain/usr/bin/clang -x c++ -ivfsstatcache /Users/j/Documents/GitHub/MoneroOne/build/SDKStatCaches.noindex/iphonesimulator26.1-23B77-90cf18a4295e390e64c810bc6bd7acbc.sdkstatcache -fmessage-length\=0 -fdiagnostics-show-note-include-stack -fmacro-backtrace-limit\=0 -fno-color-diagnostics -fmodules-prune-interval\=86400 -fmodules-prune-after\=345600 -fbuild-session-file\=/Users/j/Documents/GitHub/MoneroOne/build/ModuleCache.noindex/Session.modulevalidation -fmodules-validate-once-per-build-session -Wnon-modular-include-in-framework-module -Werror\=non-modular-include-in-framework-module -Wno-trigraphs -Wno-missing-field-initializers -Wno-missing-prototypes -Wno-return-type -Wno-non-virtual-dtor -Wno-overloaded-virtual -Wno-exit-time-destructors -Wno-missing-braces -Wparentheses -Wswitch -Wno-unused-function -Wno-unused-label -Wno-unused-parameter -Wno-unused-variable -Wunused-value -Wno-empty-body -Wno-uninitialized -Wno-unknown-pragmas -w -Wno-shadow -Wno-four-char-constants -Wno-conversion -Wno-constant-conversion -Wno-int-conversion -Wno-bool-conversion -Wno-enum-conversion -Wno-float-conversion -Wno-non-literal-null-conversion -Wno-objc-literal-conversion -Wshorten-64-to-32 -Wno-newline-eof -Wno-c++11-extensions -Wno-implicit-fallthrough -fstrict-aliasing -Wdeprecated-declarations -Winvalid-offsetof -Wno-sign-conversion -Wno-infinite-recursion -Wno-move -Wno-comma -Wno-block-capture-autoreleasing -Wno-strict-prototypes -Wno-range-loop-analysis -Wno-semicolon-before-method-body -index-store-path /Users/j/Documents/GitHub/MoneroOne/build/Index.noindex/DataStore @/Users/j/Documents/GitHub/MoneroOne/build/Build/Intermediates.noindex/swift-nio-ssl.build/Debug-iphonesimulator/CNIOBoringSSL.build/Objects-normal/arm64/82b82416624d2658e5098eb0a28c15c5-common-args.resp -MMD -MT dependencies -MF /Users/j/Documents/GitHub/MoneroOne/build/Build/Intermediates.noindex/swift-nio-ssl.build/Debug-iphonesimulator/CNIOBoringSSL.build/Objects-normal/arm64/a_gentm.d --serialize-diagnostics /Users/j/Documents/GitHub/MoneroOne/build/Build/Intermediates.noindex/swift-nio-ssl.build/Debug-iphonesimulator/CNIOBoringSSL.build/Objects-normal/arm64/a_gentm.dia -c /Users/j/Documents/GitHub/MoneroOne/build/SourcePackages/checkouts/swift-nio-ssl/Sources/CNIOBoringSSL/crypto/asn1/a_gentm.cc -o /Users/j/Documents/GitHub/MoneroOne/build/Build/Intermediates.noindex/swift-nio-ssl.build/Debug-iphonesimulator/CNIOBoringSSL.build/Objects-normal/arm64/a_gentm.o -index-unit-output-path /swift-nio-ssl.build/Debug-iphonesimulator/CNIOBoringSSL.build/Objects-normal/arm64/a_gentm.o

CompileC /Users/j/Documents/GitHub/MoneroOne/build/Build/Intermediates.noindex/swift-nio-ssl.build/Debug-iphonesimulator/CNIOBoringSSL.build/Objects-normal/arm64/a_dup.o /Users/j/Documents/GitHub/MoneroOne/build/SourcePackages/checkouts/swift-nio-ssl/Sources/CNIOBoringSSL/crypto/asn1/a_dup.cc normal arm64 c++ com.apple.compilers.llvm.clang.1_0.compiler (in target 'CNIOBoringSSL' from project 'swift-nio-ssl')
    cd /Users/j/Documents/GitHub/MoneroOne/MoneroOne.xcodeproj
    
    Using response file: /Users/j/Documents/GitHub/MoneroOne/build/Build/Intermediates.noindex/swift-nio-ssl.build/Debug-iphonesimulator/CNIOBoringSSL.build/Objects-normal/arm64/82b82416624d2658e5098eb0a28c15c5-common-args.resp
    
    /Applications/Xcode.app/Contents/Developer/Toolchains/XcodeDefault.xctoolchain/usr/bin/clang -x c++ -ivfsstatcache /Users/j/Documents/GitHub/MoneroOne/build/SDKStatCaches.noindex/iphonesimulator26.1-23B77-90cf18a4295e390e64c810bc6bd7acbc.sdkstatcache -fmessage-length\=0 -fdiagnostics-show-note-include-stack -fmacro-backtrace-limit\=0 -fno-color-diagnostics -fmodules-prune-interval\=86400 -fmodules-prune-after\=345600 -fbuild-session-file\=/Users/j/Documents/GitHub/MoneroOne/build/ModuleCache.noindex/Session.modulevalidation -fmodules-validate-once-per-build-session -Wnon-modular-include-in-framework-module -Werror\=non-modular-include-in-framework-module -Wno-trigraphs -Wno-missing-field-initializers -Wno-missing-prototypes -Wno-return-type -Wno-non-virtual-dtor -Wno-overloaded-virtual -Wno-exit-time-destructors -Wno-missing-braces -Wparentheses -Wswitch -Wno-unused-function -Wno-unused-label -Wno-unused-parameter -Wno-unused-variable -Wunused-value -Wno-empty-body -Wno-uninitialized -Wno-unknown-pragmas -w -Wno-shadow -Wno-four-char-constants -Wno-conversion -Wno-constant-conversion -Wno-int-conversion -Wno-bool-conversion -Wno-enum-conversion -Wno-float-conversion -Wno-non-literal-null-conversion -Wno-objc-literal-conversion -Wshorten-64-to-32 -Wno-newline-eof -Wno-c++11-extensions -Wno-implicit-fallthrough -fstrict-aliasing -Wdeprecated-declarations -Winvalid-offsetof -Wno-sign-conversion -Wno-infinite-recursion -Wno-move -Wno-comma -Wno-block-capture-autoreleasing -Wno-strict-prototypes -Wno-range-loop-analysis -Wno-semicolon-before-method-body -index-store-path /Users/j/Documents/GitHub/MoneroOne/build/Index.noindex/DataStore @/Users/j/Documents/GitHub/MoneroOne/build/Build/Intermediates.noindex/swift-nio-ssl.build/Debug-iphonesimulator/CNIOBoringSSL.build/Objects-normal/arm64/82b82416624d2658e5098eb0a28c15c5-common-args.resp -MMD -MT dependencies -MF /Users/j/Documents/GitHub/MoneroOne/build/Build/Intermediates.noindex/swift-nio-ssl.build/Debug-iphonesimulator/CNIOBoringSSL.build/Objects-normal/arm64/a_dup.d --serialize-diagnostics /Users/j/Documents/GitHub/MoneroOne/build/Build/Intermediates.noindex/swift-nio-ssl.build/Debug-iphonesimulator/CNIOBoringSSL.build/Objects-normal/arm64/a_dup.dia -c /Users/j/Documents/GitHub/MoneroOne/build/SourcePackages/checkouts/swift-nio-ssl/Sources/CNIOBoringSSL/crypto/asn1/a_dup.cc -o /Users/j/Documents/GitHub/MoneroOne/build/Build/Intermediates.noindex/swift-nio-ssl.build/Debug-iphonesimulator/CNIOBoringSSL.build/Objects-normal/arm64/a_dup.o -index-unit-output-path /swift-nio-ssl.build/Debug-iphonesimulator/CNIOBoringSSL.build/Objects-normal/arm64/a_dup.o

CompileC /Users/j/Documents/GitHub/MoneroOne/build/Build/Intermediates.noindex/swift-nio-ssl.build/Debug-iphonesimulator/CNIOBoringSSL.build/Objects-normal/arm64/a_digest.o /Users/j/Documents/GitHub/MoneroOne/build/SourcePackages/checkouts/swift-nio-ssl/Sources/CNIOBoringSSL/crypto/x509/a_digest.cc normal arm64 c++ com.apple.compilers.llvm.clang.1_0.compiler (in target 'CNIOBoringSSL' from project 'swift-nio-ssl')
    cd /Users/j/Documents/GitHub/MoneroOne/MoneroOne.xcodeproj
    
    Using response file: /Users/j/Documents/GitHub/MoneroOne/build/Build/Intermediates.noindex/swift-nio-ssl.build/Debug-iphonesimulator/CNIOBoringSSL.build/Objects-normal/arm64/82b82416624d2658e5098eb0a28c15c5-common-args.resp
    
    /Applications/Xcode.app/Contents/Developer/Toolchains/XcodeDefault.xctoolchain/usr/bin/clang -x c++ -ivfsstatcache /Users/j/Documents/GitHub/MoneroOne/build/SDKStatCaches.noindex/iphonesimulator26.1-23B77-90cf18a4295e390e64c810bc6bd7acbc.sdkstatcache -fmessage-length\=0 -fdiagnostics-show-note-include-stack -fmacro-backtrace-limit\=0 -fno-color-diagnostics -fmodules-prune-interval\=86400 -fmodules-prune-after\=345600 -fbuild-session-file\=/Users/j/Documents/GitHub/MoneroOne/build/ModuleCache.noindex/Session.modulevalidation -fmodules-validate-once-per-build-session -Wnon-modular-include-in-framework-module -Werror\=non-modular-include-in-framework-module -Wno-trigraphs -Wno-missing-field-initializers -Wno-missing-prototypes -Wno-return-type -Wno-non-virtual-dtor -Wno-overloaded-virtual -Wno-exit-time-destructors -Wno-missing-braces -Wparentheses -Wswitch -Wno-unused-function -Wno-unused-label -Wno-unused-parameter -Wno-unused-variable -Wunused-value -Wno-empty-body -Wno-uninitialized -Wno-unknown-pragmas -w -Wno-shadow -Wno-four-char-constants -Wno-conversion -Wno-constant-conversion -Wno-int-conversion -Wno-bool-conversion -Wno-enum-conversion -Wno-float-conversion -Wno-non-literal-null-conversion -Wno-objc-literal-conversion -Wshorten-64-to-32 -Wno-newline-eof -Wno-c++11-extensions -Wno-implicit-fallthrough -fstrict-aliasing -Wdeprecated-declarations -Winvalid-offsetof -Wno-sign-conversion -Wno-infinite-recursion -Wno-move -Wno-comma -Wno-block-capture-autoreleasing -Wno-strict-prototypes -Wno-range-loop-analysis -Wno-semicolon-before-method-body -index-store-path /Users/j/Documents/GitHub/MoneroOne/build/Index.noindex/DataStore @/Users/j/Documents/GitHub/MoneroOne/build/Build/Intermediates.noindex/swift-nio-ssl.build/Debug-iphonesimulator/CNIOBoringSSL.build/Objects-normal/arm64/82b82416624d2658e5098eb0a28c15c5-common-args.resp -MMD -MT dependencies -MF /Users/j/Documents/GitHub/MoneroOne/build/Build/Intermediates.noindex/swift-nio-ssl.build/Debug-iphonesimulator/CNIOBoringSSL.build/Objects-normal/arm64/a_digest.d --serialize-diagnostics /Users/j/Documents/GitHub/MoneroOne/build/Build/Intermediates.noindex/swift-nio-ssl.build/Debug-iphonesimulator/CNIOBoringSSL.build/Objects-normal/arm64/a_digest.dia -c /Users/j/Documents/GitHub/MoneroOne/build/SourcePackages/checkouts/swift-nio-ssl/Sources/CNIOBoringSSL/crypto/x509/a_digest.cc -o /Users/j/Documents/GitHub/MoneroOne/build/Build/Intermediates.noindex/swift-nio-ssl.build/Debug-iphonesimulator/CNIOBoringSSL.build/Objects-normal/arm64/a_digest.o -index-unit-output-path /swift-nio-ssl.build/Debug-iphonesimulator/CNIOBoringSSL.build/Objects-normal/arm64/a_digest.o

CompileC /Users/j/Documents/GitHub/MoneroOne/build/Build/Intermediates.noindex/swift-nio-ssl.build/Debug-iphonesimulator/CNIOBoringSSL.build/Objects-normal/arm64/a_d2i_fp.o /Users/j/Documents/GitHub/MoneroOne/build/SourcePackages/checkouts/swift-nio-ssl/Sources/CNIOBoringSSL/crypto/asn1/a_d2i_fp.cc normal arm64 c++ com.apple.compilers.llvm.clang.1_0.compiler (in target 'CNIOBoringSSL' from project 'swift-nio-ssl')
    cd /Users/j/Documents/GitHub/MoneroOne/MoneroOne.xcodeproj
    
    Using response file: /Users/j/Documents/GitHub/MoneroOne/build/Build/Intermediates.noindex/swift-nio-ssl.build/Debug-iphonesimulator/CNIOBoringSSL.build/Objects-normal/arm64/82b82416624d2658e5098eb0a28c15c5-common-args.resp
    
    /Applications/Xcode.app/Contents/Developer/Toolchains/XcodeDefault.xctoolchain/usr/bin/clang -x c++ -ivfsstatcache /Users/j/Documents/GitHub/MoneroOne/build/SDKStatCaches.noindex/iphonesimulator26.1-23B77-90cf18a4295e390e64c810bc6bd7acbc.sdkstatcache -fmessage-length\=0 -fdiagnostics-show-note-include-stack -fmacro-backtrace-limit\=0 -fno-color-diagnostics -fmodules-prune-interval\=86400 -fmodules-prune-after\=345600 -fbuild-session-file\=/Users/j/Documents/GitHub/MoneroOne/build/ModuleCache.noindex/Session.modulevalidation -fmodules-validate-once-per-build-session -Wnon-modular-include-in-framework-module -Werror\=non-modular-include-in-framework-module -Wno-trigraphs -Wno-missing-field-initializers -Wno-missing-prototypes -Wno-return-type -Wno-non-virtual-dtor -Wno-overloaded-virtual -Wno-exit-time-destructors -Wno-missing-braces -Wparentheses -Wswitch -Wno-unused-function -Wno-unused-label -Wno-unused-parameter -Wno-unused-variable -Wunused-value -Wno-empty-body -Wno-uninitialized -Wno-unknown-pragmas -w -Wno-shadow -Wno-four-char-constants -Wno-conversion -Wno-constant-conversion -Wno-int-conversion -Wno-bool-conversion -Wno-enum-conversion -Wno-float-conversion -Wno-non-literal-null-conversion -Wno-objc-literal-conversion -Wshorten-64-to-32 -Wno-newline-eof -Wno-c++11-extensions -Wno-implicit-fallthrough -fstrict-aliasing -Wdeprecated-declarations -Winvalid-offsetof -Wno-sign-conversion -Wno-infinite-recursion -Wno-move -Wno-comma -Wno-block-capture-autoreleasing -Wno-strict-prototypes -Wno-range-loop-analysis -Wno-semicolon-before-method-body -index-store-path /Users/j/Documents/GitHub/MoneroOne/build/Index.noindex/DataStore @/Users/j/Documents/GitHub/MoneroOne/build/Build/Intermediates.noindex/swift-nio-ssl.build/Debug-iphonesimulator/CNIOBoringSSL.build/Objects-normal/arm64/82b82416624d2658e5098eb0a28c15c5-common-args.resp -MMD -MT dependencies -MF /Users/j/Documents/GitHub/MoneroOne/build/Build/Intermediates.noindex/swift-nio-ssl.build/Debug-iphonesimulator/CNIOBoringSSL.build/Objects-normal/arm64/a_d2i_fp.d --serialize-diagnostics /Users/j/Documents/GitHub/MoneroOne/build/Build/Intermediates.noindex/swift-nio-ssl.build/Debug-iphonesimulator/CNIOBoringSSL.build/Objects-normal/arm64/a_d2i_fp.dia -c /Users/j/Documents/GitHub/MoneroOne/build/SourcePackages/checkouts/swift-nio-ssl/Sources/CNIOBoringSSL/crypto/asn1/a_d2i_fp.cc -o /Users/j/Documents/GitHub/MoneroOne/build/Build/Intermediates.noindex/swift-nio-ssl.build/Debug-iphonesimulator/CNIOBoringSSL.build/Objects-normal/arm64/a_d2i_fp.o -index-unit-output-path /swift-nio-ssl.build/Debug-iphonesimulator/CNIOBoringSSL.build/Objects-normal/arm64/a_d2i_fp.o

CompileC /Users/j/Documents/GitHub/MoneroOne/build/Build/Intermediates.noindex/swift-nio-ssl.build/Debug-iphonesimulator/CNIOBoringSSL.build/Objects-normal/arm64/a_bool.o /Users/j/Documents/GitHub/MoneroOne/build/SourcePackages/checkouts/swift-nio-ssl/Sources/CNIOBoringSSL/crypto/asn1/a_bool.cc normal arm64 c++ com.apple.compilers.llvm.clang.1_0.compiler (in target 'CNIOBoringSSL' from project 'swift-nio-ssl')
    cd /Users/j/Documents/GitHub/MoneroOne/MoneroOne.xcodeproj
    
    Using response file: /Users/j/Documents/GitHub/MoneroOne/build/Build/Intermediates.noindex/swift-nio-ssl.build/Debug-iphonesimulator/CNIOBoringSSL.build/Objects-normal/arm64/82b82416624d2658e5098eb0a28c15c5-common-args.resp
    
    /Applications/Xcode.app/Contents/Developer/Toolchains/XcodeDefault.xctoolchain/usr/bin/clang -x c++ -ivfsstatcache /Users/j/Documents/GitHub/MoneroOne/build/SDKStatCaches.noindex/iphonesimulator26.1-23B77-90cf18a4295e390e64c810bc6bd7acbc.sdkstatcache -fmessage-length\=0 -fdiagnostics-show-note-include-stack -fmacro-backtrace-limit\=0 -fno-color-diagnostics -fmodules-prune-interval\=86400 -fmodules-prune-after\=345600 -fbuild-session-file\=/Users/j/Documents/GitHub/MoneroOne/build/ModuleCache.noindex/Session.modulevalidation -fmodules-validate-once-per-build-session -Wnon-modular-include-in-framework-module -Werror\=non-modular-include-in-framework-module -Wno-trigraphs -Wno-missing-field-initializers -Wno-missing-prototypes -Wno-return-type -Wno-non-virtual-dtor -Wno-overloaded-virtual -Wno-exit-time-destructors -Wno-missing-braces -Wparentheses -Wswitch -Wno-unused-function -Wno-unused-label -Wno-unused-parameter -Wno-unused-variable -Wunused-value -Wno-empty-body -Wno-uninitialized -Wno-unknown-pragmas -w -Wno-shadow -Wno-four-char-constants -Wno-conversion -Wno-constant-conversion -Wno-int-conversion -Wno-bool-conversion -Wno-enum-conversion -Wno-float-conversion -Wno-non-literal-null-conversion -Wno-objc-literal-conversion -Wshorten-64-to-32 -Wno-newline-eof -Wno-c++11-extensions -Wno-implicit-fallthrough -fstrict-aliasing -Wdeprecated-declarations -Winvalid-offsetof -Wno-sign-conversion -Wno-infinite-recursion -Wno-move -Wno-comma -Wno-block-capture-autoreleasing -Wno-strict-prototypes -Wno-range-loop-analysis -Wno-semicolon-before-method-body -index-store-path /Users/j/Documents/GitHub/MoneroOne/build/Index.noindex/DataStore @/Users/j/Documents/GitHub/MoneroOne/build/Build/Intermediates.noindex/swift-nio-ssl.build/Debug-iphonesimulator/CNIOBoringSSL.build/Objects-normal/arm64/82b82416624d2658e5098eb0a28c15c5-common-args.resp -MMD -MT dependencies -MF /Users/j/Documents/GitHub/MoneroOne/build/Build/Intermediates.noindex/swift-nio-ssl.build/Debug-iphonesimulator/CNIOBoringSSL.build/Objects-normal/arm64/a_bool.d --serialize-diagnostics /Users/j/Documents/GitHub/MoneroOne/build/Build/Intermediates.noindex/swift-nio-ssl.build/Debug-iphonesimulator/CNIOBoringSSL.build/Objects-normal/arm64/a_bool.dia -c /Users/j/Documents/GitHub/MoneroOne/build/SourcePackages/checkouts/swift-nio-ssl/Sources/CNIOBoringSSL/crypto/asn1/a_bool.cc -o /Users/j/Documents/GitHub/MoneroOne/build/Build/Intermediates.noindex/swift-nio-ssl.build/Debug-iphonesimulator/CNIOBoringSSL.build/Objects-normal/arm64/a_bool.o -index-unit-output-path /swift-nio-ssl.build/Debug-iphonesimulator/CNIOBoringSSL.build/Objects-normal/arm64/a_bool.o

CompileC /Users/j/Documents/GitHub/MoneroOne/build/Build/Intermediates.noindex/swift-nio-ssl.build/Debug-iphonesimulator/CNIOBoringSSL.build/Objects-normal/arm64/a_bitstr.o /Users/j/Documents/GitHub/MoneroOne/build/SourcePackages/checkouts/swift-nio-ssl/Sources/CNIOBoringSSL/crypto/asn1/a_bitstr.cc normal arm64 c++ com.apple.compilers.llvm.clang.1_0.compiler (in target 'CNIOBoringSSL' from project 'swift-nio-ssl')
    cd /Users/j/Documents/GitHub/MoneroOne/MoneroOne.xcodeproj
    
    Using response file: /Users/j/Documents/GitHub/MoneroOne/build/Build/Intermediates.noindex/swift-nio-ssl.build/Debug-iphonesimulator/CNIOBoringSSL.build/Objects-normal/arm64/82b82416624d2658e5098eb0a28c15c5-common-args.resp
    
    /Applications/Xcode.app/Contents/Developer/Toolchains/XcodeDefault.xctoolchain/usr/bin/clang -x c++ -ivfsstatcache /Users/j/Documents/GitHub/MoneroOne/build/SDKStatCaches.noindex/iphonesimulator26.1-23B77-90cf18a4295e390e64c810bc6bd7acbc.sdkstatcache -fmessage-length\=0 -fdiagnostics-show-note-include-stack -fmacro-backtrace-limit\=0 -fno-color-diagnostics -fmodules-prune-interval\=86400 -fmodules-prune-after\=345600 -fbuild-session-file\=/Users/j/Documents/GitHub/MoneroOne/build/ModuleCache.noindex/Session.modulevalidation -fmodules-validate-once-per-build-session -Wnon-modular-include-in-framework-module -Werror\=non-modular-include-in-framework-module -Wno-trigraphs -Wno-missing-field-initializers -Wno-missing-prototypes -Wno-return-type -Wno-non-virtual-dtor -Wno-overloaded-virtual -Wno-exit-time-destructors -Wno-missing-braces -Wparentheses -Wswitch -Wno-unused-function -Wno-unused-label -Wno-unused-parameter -Wno-unused-variable -Wunused-value -Wno-empty-body -Wno-uninitialized -Wno-unknown-pragmas -w -Wno-shadow -Wno-four-char-constants -Wno-conversion -Wno-constant-conversion -Wno-int-conversion -Wno-bool-conversion -Wno-enum-conversion -Wno-float-conversion -Wno-non-literal-null-conversion -Wno-objc-literal-conversion -Wshorten-64-to-32 -Wno-newline-eof -Wno-c++11-extensions -Wno-implicit-fallthrough -fstrict-aliasing -Wdeprecated-declarations -Winvalid-offsetof -Wno-sign-conversion -Wno-infinite-recursion -Wno-move -Wno-comma -Wno-block-capture-autoreleasing -Wno-strict-prototypes -Wno-range-loop-analysis -Wno-semicolon-before-method-body -index-store-path /Users/j/Documents/GitHub/MoneroOne/build/Index.noindex/DataStore @/Users/j/Documents/GitHub/MoneroOne/build/Build/Intermediates.noindex/swift-nio-ssl.build/Debug-iphonesimulator/CNIOBoringSSL.build/Objects-normal/arm64/82b82416624d2658e5098eb0a28c15c5-common-args.resp -MMD -MT dependencies -MF /Users/j/Documents/GitHub/MoneroOne/build/Build/Intermediates.noindex/swift-nio-ssl.build/Debug-iphonesimulator/CNIOBoringSSL.build/Objects-normal/arm64/a_bitstr.d --serialize-diagnostics /Users/j/Documents/GitHub/MoneroOne/build/Build/Intermediates.noindex/swift-nio-ssl.build/Debug-iphonesimulator/CNIOBoringSSL.build/Objects-normal/arm64/a_bitstr.dia -c /Users/j/Documents/GitHub/MoneroOne/build/SourcePackages/checkouts/swift-nio-ssl/Sources/CNIOBoringSSL/crypto/asn1/a_bitstr.cc -o /Users/j/Documents/GitHub/MoneroOne/build/Build/Intermediates.noindex/swift-nio-ssl.build/Debug-iphonesimulator/CNIOBoringSSL.build/Objects-normal/arm64/a_bitstr.o -index-unit-output-path /swift-nio-ssl.build/Debug-iphonesimulator/CNIOBoringSSL.build/Objects-normal/arm64/a_bitstr.o

CompileC /Users/j/Documents/GitHub/MoneroOne/build/Build/Intermediates.noindex/MoneroKit.swift.build/Debug-iphonesimulator/CMonero.build/Objects-normal/arm64/wallet2_api_c.o /Users/j/Documents/GitHub/MoneroKit.Swift/Sources/CMonero/wallet2_api_c.cpp normal arm64 c++ com.apple.compilers.llvm.clang.1_0.compiler (in target 'CMonero' from project 'MoneroKit.swift')
    cd /Users/j/Documents/GitHub/MoneroOne/MoneroOne.xcodeproj
    
    Using response file: /Users/j/Documents/GitHub/MoneroOne/build/Build/Intermediates.noindex/MoneroKit.swift.build/Debug-iphonesimulator/CMonero.build/Objects-normal/arm64/82b82416624d2658e5098eb0a28c15c5-common-args.resp
    
    /Applications/Xcode.app/Contents/Developer/Toolchains/XcodeDefault.xctoolchain/usr/bin/clang -x c++ -ivfsstatcache /Users/j/Documents/GitHub/MoneroOne/build/SDKStatCaches.noindex/iphonesimulator26.1-23B77-90cf18a4295e390e64c810bc6bd7acbc.sdkstatcache -fmessage-length\=0 -fdiagnostics-show-note-include-stack -fmacro-backtrace-limit\=0 -fno-color-diagnostics -fmodules-prune-interval\=86400 -fmodules-prune-after\=345600 -fbuild-session-file\=/Users/j/Documents/GitHub/MoneroOne/build/ModuleCache.noindex/Session.modulevalidation -fmodules-validate-once-per-build-session -Wnon-modular-include-in-framework-module -Werror\=non-modular-include-in-framework-module -Wno-trigraphs -Wno-missing-field-initializers -Wno-missing-prototypes -Wno-return-type -Wno-non-virtual-dtor -Wno-overloaded-virtual -Wno-exit-time-destructors -Wno-missing-braces -Wparentheses -Wswitch -Wno-unused-function -Wno-unused-label -Wno-unused-parameter -Wno-unused-variable -Wunused-value -Wno-empty-body -Wno-uninitialized -Wno-unknown-pragmas -Wno-shadow -Wno-four-char-constants -Wno-conversion -Wno-constant-conversion -Wno-int-conversion -Wno-bool-conversion -Wno-enum-conversion -Wno-float-conversion -Wno-non-literal-null-conversion -Wno-objc-literal-conversion -Wshorten-64-to-32 -Wno-newline-eof -Wno-c++11-extensions -Wno-implicit-fallthrough -fstrict-aliasing -Wdeprecated-declarations -Winvalid-offsetof -Wno-sign-conversion -Wno-infinite-recursion -Wno-move -Wno-comma -Wno-block-capture-autoreleasing -Wno-strict-prototypes -Wno-range-loop-analysis -Wno-semicolon-before-method-body -index-store-path /Users/j/Documents/GitHub/MoneroOne/build/Index.noindex/DataStore @/Users/j/Documents/GitHub/MoneroOne/build/Build/Intermediates.noindex/MoneroKit.swift.build/Debug-iphonesimulator/CMonero.build/Objects-normal/arm64/82b82416624d2658e5098eb0a28c15c5-common-args.resp -MMD -MT dependencies -MF /Users/j/Documents/GitHub/MoneroOne/build/Build/Intermediates.noindex/MoneroKit.swift.build/Debug-iphonesimulator/CMonero.build/Objects-normal/arm64/wallet2_api_c.d --serialize-diagnostics /Users/j/Documents/GitHub/MoneroOne/build/Build/Intermediates.noindex/MoneroKit.swift.build/Debug-iphonesimulator/CMonero.build/Objects-normal/arm64/wallet2_api_c.dia -c /Users/j/Documents/GitHub/MoneroKit.Swift/Sources/CMonero/wallet2_api_c.cpp -o /Users/j/Documents/GitHub/MoneroOne/build/Build/Intermediates.noindex/MoneroKit.swift.build/Debug-iphonesimulator/CMonero.build/Objects-normal/arm64/wallet2_api_c.o -index-unit-output-path /MoneroKit.swift.build/Debug-iphonesimulator/CMonero.build/Objects-normal/arm64/wallet2_api_c.o
/Users/j/Documents/GitHub/MoneroKit.Swift/Sources/CMonero/wallet2_api_c.cpp:386:32: warning: implicit conversion loses integer precision: 'size_type' (aka 'unsigned long') to 'int' [-Wshorten-64-to-32]
  386 |     return txInfo->transfers().size();
      |     ~~~~~~ ~~~~~~~~~~~~~~~~~~~~^~~~~~
/Users/j/Documents/GitHub/MoneroKit.Swift/Sources/CMonero/wallet2_api_c.cpp:503:34: warning: implicit conversion loses integer precision: 'size_type' (aka 'unsigned long') to 'int' [-Wshorten-64-to-32]
  503 |     return addressBook->getAll().size();
      |     ~~~~~~ ~~~~~~~~~~~~~~~~~~~~~~^~~~~~
/Users/j/Documents/GitHub/MoneroKit.Swift/Sources/CMonero/wallet2_api_c.cpp:760:28: warning: implicit conversion loses integer precision: 'size_type' (aka 'unsigned long') to 'int' [-Wshorten-64-to-32]
  760 |     return coins->getAll().size();
      |     ~~~~~~ ~~~~~~~~~~~~~~~~^~~~~~
/Users/j/Documents/GitHub/MoneroKit.Swift/Sources/CMonero/wallet2_api_c.cpp:869:33: warning: implicit conversion loses integer precision: 'size_type' (aka 'unsigned long') to 'int' [-Wshorten-64-to-32]
  869 |     return subaddress->getAll().size();
      |     ~~~~~~ ~~~~~~~~~~~~~~~~~~~~~^~~~~~
/Users/j/Documents/GitHub/MoneroKit.Swift/Sources/CMonero/wallet2_api_c.cpp:972:33: warning: implicit conversion loses integer precision: 'size_type' (aka 'unsigned long') to 'int' [-Wshorten-64-to-32]
  972 |     return subaddress->getAll().size();
      |     ~~~~~~ ~~~~~~~~~~~~~~~~~~~~~^~~~~~
/Users/j/Documents/GitHub/MoneroKit.Swift/Sources/CMonero/wallet2_api_c.cpp:1144:53: warning: implicit conversion loses integer precision: 'uint64_t' (aka 'unsigned long long') to 'uint32_t' (aka 'unsigned int') [-Wshorten-64-to-32]
 1144 |     std::string str = wallet->address(accountIndex, addressIndex);
      |                               ~~~~~~~               ^~~~~~~~~~~~
/Users/j/Documents/GitHub/MoneroKit.Swift/Sources/CMonero/wallet2_api_c.cpp:1144:39: warning: implicit conversion loses integer precision: 'uint64_t' (aka 'unsigned long long') to 'uint32_t' (aka 'unsigned int') [-Wshorten-64-to-32]
 1144 |     std::string str = wallet->address(accountIndex, addressIndex);
      |                               ~~~~~~~ ^~~~~~~~~~~~
/Users/j/Documents/GitHub/MoneroKit.Swift/Sources/CMonero/wallet2_api_c.cpp:2547:22: warning: implicit conversion loses integer precision: 'uint64_t' (aka 'unsigned long long') to 'int' [-Wshorten-64-to-32]
 2547 |     int *y = new int(x);
      |              ~~~     ^
8 warnings generated.

CompileC /Users/j/Documents/GitHub/MoneroOne/build/Build/Intermediates.noindex/MoneroKit.swift.build/Debug-iphonesimulator/CMonero.build/Objects-normal/arm64/helpers.o /Users/j/Documents/GitHub/MoneroKit.Swift/Sources/CMonero/helpers.cpp normal arm64 c++ com.apple.compilers.llvm.clang.1_0.compiler (in target 'CMonero' from project 'MoneroKit.swift')
    cd /Users/j/Documents/GitHub/MoneroOne/MoneroOne.xcodeproj
    
    Using response file: /Users/j/Documents/GitHub/MoneroOne/build/Build/Intermediates.noindex/MoneroKit.swift.build/Debug-iphonesimulator/CMonero.build/Objects-normal/arm64/82b82416624d2658e5098eb0a28c15c5-common-args.resp
    
    /Applications/Xcode.app/Contents/Developer/Toolchains/XcodeDefault.xctoolchain/usr/bin/clang -x c++ -ivfsstatcache /Users/j/Documents/GitHub/MoneroOne/build/SDKStatCaches.noindex/iphonesimulator26.1-23B77-90cf18a4295e390e64c810bc6bd7acbc.sdkstatcache -fmessage-length\=0 -fdiagnostics-show-note-include-stack -fmacro-backtrace-limit\=0 -fno-color-diagnostics -fmodules-prune-interval\=86400 -fmodules-prune-after\=345600 -fbuild-session-file\=/Users/j/Documents/GitHub/MoneroOne/build/ModuleCache.noindex/Session.modulevalidation -fmodules-validate-once-per-build-session -Wnon-modular-include-in-framework-module -Werror\=non-modular-include-in-framework-module -Wno-trigraphs -Wno-missing-field-initializers -Wno-missing-prototypes -Wno-return-type -Wno-non-virtual-dtor -Wno-overloaded-virtual -Wno-exit-time-destructors -Wno-missing-braces -Wparentheses -Wswitch -Wno-unused-function -Wno-unused-label -Wno-unused-parameter -Wno-unused-variable -Wunused-value -Wno-empty-body -Wno-uninitialized -Wno-unknown-pragmas -Wno-shadow -Wno-four-char-constants -Wno-conversion -Wno-constant-conversion -Wno-int-conversion -Wno-bool-conversion -Wno-enum-conversion -Wno-float-conversion -Wno-non-literal-null-conversion -Wno-objc-literal-conversion -Wshorten-64-to-32 -Wno-newline-eof -Wno-c++11-extensions -Wno-implicit-fallthrough -fstrict-aliasing -Wdeprecated-declarations -Winvalid-offsetof -Wno-sign-conversion -Wno-infinite-recursion -Wno-move -Wno-comma -Wno-block-capture-autoreleasing -Wno-strict-prototypes -Wno-range-loop-analysis -Wno-semicolon-before-method-body -index-store-path /Users/j/Documents/GitHub/MoneroOne/build/Index.noindex/DataStore @/Users/j/Documents/GitHub/MoneroOne/build/Build/Intermediates.noindex/MoneroKit.swift.build/Debug-iphonesimulator/CMonero.build/Objects-normal/arm64/82b82416624d2658e5098eb0a28c15c5-common-args.resp -MMD -MT dependencies -MF /Users/j/Documents/GitHub/MoneroOne/build/Build/Intermediates.noindex/MoneroKit.swift.build/Debug-iphonesimulator/CMonero.build/Objects-normal/arm64/helpers.d --serialize-diagnostics /Users/j/Documents/GitHub/MoneroOne/build/Build/Intermediates.noindex/MoneroKit.swift.build/Debug-iphonesimulator/CMonero.build/Objects-normal/arm64/helpers.dia -c /Users/j/Documents/GitHub/MoneroKit.Swift/Sources/CMonero/helpers.cpp -o /Users/j/Documents/GitHub/MoneroOne/build/Build/Intermediates.noindex/MoneroKit.swift.build/Debug-iphonesimulator/CMonero.build/Objects-normal/arm64/helpers.o -index-unit-output-path /MoneroKit.swift.build/Debug-iphonesimulator/CMonero.build/Objects-normal/arm64/helpers.o

CompileC /Users/j/Documents/GitHub/MoneroOne/build/Build/Intermediates.noindex/swift-crypto.build/Debug-iphonesimulator/CCryptoBoringSSL.build/Objects-normal/arm64/x86_64-mont5-mac.mac.x86_64.o /Users/j/Documents/GitHub/MoneroOne/build/SourcePackages/checkouts/swift-crypto/Sources/CCryptoBoringSSL/crypto/fipsmodule/x86_64-mont5-mac.mac.x86_64.S normal arm64 assembler-with-cpp com.apple.compilers.llvm.clang.1_0.compiler (in target 'CCryptoBoringSSL' from project 'swift-crypto')
    cd /Users/j/Documents/GitHub/MoneroOne/MoneroOne.xcodeproj
    
    Using response file: /Users/j/Documents/GitHub/MoneroOne/build/Build/Intermediates.noindex/swift-crypto.build/Debug-iphonesimulator/CCryptoBoringSSL.build/Objects-normal/arm64/533656923a283fa776881f304837ed9e-common-args.resp
    
    /Applications/Xcode.app/Contents/Developer/Toolchains/XcodeDefault.xctoolchain/usr/bin/clang -x assembler-with-cpp -ivfsstatcache /Users/j/Documents/GitHub/MoneroOne/build/SDKStatCaches.noindex/iphonesimulator26.1-23B77-90cf18a4295e390e64c810bc6bd7acbc.sdkstatcache -fmessage-length\=0 -fdiagnostics-show-note-include-stack -fmacro-backtrace-limit\=0 -fno-color-diagnostics -fmodules-prune-interval\=86400 -fmodules-prune-after\=345600 -fbuild-session-file\=/Users/j/Documents/GitHub/MoneroOne/build/ModuleCache.noindex/Session.modulevalidation -fmodules-validate-once-per-build-session -Wnon-modular-include-in-framework-module -Werror\=non-modular-include-in-framework-module -Wno-trigraphs -Wno-missing-field-initializers -Wno-missing-prototypes -Wno-return-type -Wno-missing-braces -Wparentheses -Wswitch -Wno-unused-function -Wno-unused-label -Wno-unused-parameter -Wno-unused-variable -Wunused-value -Wno-empty-body -Wno-uninitialized -Wno-unknown-pragmas -w -Wno-shadow -Wno-four-char-constants -Wno-conversion -Wno-constant-conversion -Wno-int-conversion -Wno-bool-conversion -Wno-enum-conversion -Wno-float-conversion -Wno-non-literal-null-conversion -Wno-objc-literal-conversion -Wshorten-64-to-32 -Wno-newline-eof -Wno-implicit-fallthrough -fstrict-aliasing -Wdeprecated-declarations -Wno-sign-conversion -Wno-infinite-recursion -Wno-comma -Wno-block-capture-autoreleasing -Wno-strict-prototypes -Wno-semicolon-before-method-body -index-store-path /Users/j/Documents/GitHub/MoneroOne/build/Index.noindex/DataStore @/Users/j/Documents/GitHub/MoneroOne/build/Build/Intermediates.noindex/swift-crypto.build/Debug-iphonesimulator/CCryptoBoringSSL.build/Objects-normal/arm64/533656923a283fa776881f304837ed9e-common-args.resp -MMD -MT dependencies -MF /Users/j/Documents/GitHub/MoneroOne/build/Build/Intermediates.noindex/swift-crypto.build/Debug-iphonesimulator/CCryptoBoringSSL.build/Objects-normal/arm64/x86_64-mont5-mac.mac.x86_64.d --serialize-diagnostics /Users/j/Documents/GitHub/MoneroOne/build/Build/Intermediates.noindex/swift-crypto.build/Debug-iphonesimulator/CCryptoBoringSSL.build/Objects-normal/arm64/x86_64-mont5-mac.mac.x86_64.dia -c /Users/j/Documents/GitHub/MoneroOne/build/SourcePackages/checkouts/swift-crypto/Sources/CCryptoBoringSSL/crypto/fipsmodule/x86_64-mont5-mac.mac.x86_64.S -o /Users/j/Documents/GitHub/MoneroOne/build/Build/Intermediates.noindex/swift-crypto.build/Debug-iphonesimulator/CCryptoBoringSSL.build/Objects-normal/arm64/x86_64-mont5-mac.mac.x86_64.o -index-unit-output-path /swift-crypto.build/Debug-iphonesimulator/CCryptoBoringSSL.build/Objects-normal/arm64/x86_64-mont5-mac.mac.x86_64.o

CompileC /Users/j/Documents/GitHub/MoneroOne/build/Build/Intermediates.noindex/swift-crypto.build/Debug-iphonesimulator/CCryptoBoringSSL.build/Objects-normal/arm64/x86_64-mont5-linux.linux.x86_64.o /Users/j/Documents/GitHub/MoneroOne/build/SourcePackages/checkouts/swift-crypto/Sources/CCryptoBoringSSL/crypto/fipsmodule/x86_64-mont5-linux.linux.x86_64.S normal arm64 assembler-with-cpp com.apple.compilers.llvm.clang.1_0.compiler (in target 'CCryptoBoringSSL' from project 'swift-crypto')
    cd /Users/j/Documents/GitHub/MoneroOne/MoneroOne.xcodeproj
    
    Using response file: /Users/j/Documents/GitHub/MoneroOne/build/Build/Intermediates.noindex/swift-crypto.build/Debug-iphonesimulator/CCryptoBoringSSL.build/Objects-normal/arm64/533656923a283fa776881f304837ed9e-common-args.resp
    
    /Applications/Xcode.app/Contents/Developer/Toolchains/XcodeDefault.xctoolchain/usr/bin/clang -x assembler-with-cpp -ivfsstatcache /Users/j/Documents/GitHub/MoneroOne/build/SDKStatCaches.noindex/iphonesimulator26.1-23B77-90cf18a4295e390e64c810bc6bd7acbc.sdkstatcache -fmessage-length\=0 -fdiagnostics-show-note-include-stack -fmacro-backtrace-limit\=0 -fno-color-diagnostics -fmodules-prune-interval\=86400 -fmodules-prune-after\=345600 -fbuild-session-file\=/Users/j/Documents/GitHub/MoneroOne/build/ModuleCache.noindex/Session.modulevalidation -fmodules-validate-once-per-build-session -Wnon-modular-include-in-framework-module -Werror\=non-modular-include-in-framework-module -Wno-trigraphs -Wno-missing-field-initializers -Wno-missing-prototypes -Wno-return-type -Wno-missing-braces -Wparentheses -Wswitch -Wno-unused-function -Wno-unused-label -Wno-unused-parameter -Wno-unused-variable -Wunused-value -Wno-empty-body -Wno-uninitialized -Wno-unknown-pragmas -w -Wno-shadow -Wno-four-char-constants -Wno-conversion -Wno-constant-conversion -Wno-int-conversion -Wno-bool-conversion -Wno-enum-conversion -Wno-float-conversion -Wno-non-literal-null-conversion -Wno-objc-literal-conversion -Wshorten-64-to-32 -Wno-newline-eof -Wno-implicit-fallthrough -fstrict-aliasing -Wdeprecated-declarations -Wno-sign-conversion -Wno-infinite-recursion -Wno-comma -Wno-block-capture-autoreleasing -Wno-strict-prototypes -Wno-semicolon-before-method-body -index-store-path /Users/j/Documents/GitHub/MoneroOne/build/Index.noindex/DataStore @/Users/j/Documents/GitHub/MoneroOne/build/Build/Intermediates.noindex/swift-crypto.build/Debug-iphonesimulator/CCryptoBoringSSL.build/Objects-normal/arm64/533656923a283fa776881f304837ed9e-common-args.resp -MMD -MT dependencies -MF /Users/j/Documents/GitHub/MoneroOne/build/Build/Intermediates.noindex/swift-crypto.build/Debug-iphonesimulator/CCryptoBoringSSL.build/Objects-normal/arm64/x86_64-mont5-linux.linux.x86_64.d --serialize-diagnostics /Users/j/Documents/GitHub/MoneroOne/build/Build/Intermediates.noindex/swift-crypto.build/Debug-iphonesimulator/CCryptoBoringSSL.build/Objects-normal/arm64/x86_64-mont5-linux.linux.x86_64.dia -c /Users/j/Documents/GitHub/MoneroOne/build/SourcePackages/checkouts/swift-crypto/Sources/CCryptoBoringSSL/crypto/fipsmodule/x86_64-mont5-linux.linux.x86_64.S -o /Users/j/Documents/GitHub/MoneroOne/build/Build/Intermediates.noindex/swift-crypto.build/Debug-iphonesimulator/CCryptoBoringSSL.build/Objects-normal/arm64/x86_64-mont5-linux.linux.x86_64.o -index-unit-output-path /swift-crypto.build/Debug-iphonesimulator/CCryptoBoringSSL.build/Objects-normal/arm64/x86_64-mont5-linux.linux.x86_64.o

CompileC /Users/j/Documents/GitHub/MoneroOne/build/Build/Intermediates.noindex/swift-crypto.build/Debug-iphonesimulator/CCryptoBoringSSL.build/Objects-normal/arm64/x86_64-mont-mac.mac.x86_64.o /Users/j/Documents/GitHub/MoneroOne/build/SourcePackages/checkouts/swift-crypto/Sources/CCryptoBoringSSL/crypto/fipsmodule/x86_64-mont-mac.mac.x86_64.S normal arm64 assembler-with-cpp com.apple.compilers.llvm.clang.1_0.compiler (in target 'CCryptoBoringSSL' from project 'swift-crypto')
    cd /Users/j/Documents/GitHub/MoneroOne/MoneroOne.xcodeproj
    
    Using response file: /Users/j/Documents/GitHub/MoneroOne/build/Build/Intermediates.noindex/swift-crypto.build/Debug-iphonesimulator/CCryptoBoringSSL.build/Objects-normal/arm64/533656923a283fa776881f304837ed9e-common-args.resp
    
    /Applications/Xcode.app/Contents/Developer/Toolchains/XcodeDefault.xctoolchain/usr/bin/clang -x assembler-with-cpp -ivfsstatcache /Users/j/Documents/GitHub/MoneroOne/build/SDKStatCaches.noindex/iphonesimulator26.1-23B77-90cf18a4295e390e64c810bc6bd7acbc.sdkstatcache -fmessage-length\=0 -fdiagnostics-show-note-include-stack -fmacro-backtrace-limit\=0 -fno-color-diagnostics -fmodules-prune-interval\=86400 -fmodules-prune-after\=345600 -fbuild-session-file\=/Users/j/Documents/GitHub/MoneroOne/build/ModuleCache.noindex/Session.modulevalidation -fmodules-validate-once-per-build-session -Wnon-modular-include-in-framework-module -Werror\=non-modular-include-in-framework-module -Wno-trigraphs -Wno-missing-field-initializers -Wno-missing-prototypes -Wno-return-type -Wno-missing-braces -Wparentheses -Wswitch -Wno-unused-function -Wno-unused-label -Wno-unused-parameter -Wno-unused-variable -Wunused-value -Wno-empty-body -Wno-uninitialized -Wno-unknown-pragmas -w -Wno-shadow -Wno-four-char-constants -Wno-conversion -Wno-constant-conversion -Wno-int-conversion -Wno-bool-conversion -Wno-enum-conversion -Wno-float-conversion -Wno-non-literal-null-conversion -Wno-objc-literal-conversion -Wshorten-64-to-32 -Wno-newline-eof -Wno-implicit-fallthrough -fstrict-aliasing -Wdeprecated-declarations -Wno-sign-conversion -Wno-infinite-recursion -Wno-comma -Wno-block-capture-autoreleasing -Wno-strict-prototypes -Wno-semicolon-before-method-body -index-store-path /Users/j/Documents/GitHub/MoneroOne/build/Index.noindex/DataStore @/Users/j/Documents/GitHub/MoneroOne/build/Build/Intermediates.noindex/swift-crypto.build/Debug-iphonesimulator/CCryptoBoringSSL.build/Objects-normal/arm64/533656923a283fa776881f304837ed9e-common-args.resp -MMD -MT dependencies -MF /Users/j/Documents/GitHub/MoneroOne/build/Build/Intermediates.noindex/swift-crypto.build/Debug-iphonesimulator/CCryptoBoringSSL.build/Objects-normal/arm64/x86_64-mont-mac.mac.x86_64.d --serialize-diagnostics /Users/j/Documents/GitHub/MoneroOne/build/Build/Intermediates.noindex/swift-crypto.build/Debug-iphonesimulator/CCryptoBoringSSL.build/Objects-normal/arm64/x86_64-mont-mac.mac.x86_64.dia -c /Users/j/Documents/GitHub/MoneroOne/build/SourcePackages/checkouts/swift-crypto/Sources/CCryptoBoringSSL/crypto/fipsmodule/x86_64-mont-mac.mac.x86_64.S -o /Users/j/Documents/GitHub/MoneroOne/build/Build/Intermediates.noindex/swift-crypto.build/Debug-iphonesimulator/CCryptoBoringSSL.build/Objects-normal/arm64/x86_64-mont-mac.mac.x86_64.o -index-unit-output-path /swift-crypto.build/Debug-iphonesimulator/CCryptoBoringSSL.build/Objects-normal/arm64/x86_64-mont-mac.mac.x86_64.o

CompileC /Users/j/Documents/GitHub/MoneroOne/build/Build/Intermediates.noindex/swift-crypto.build/Debug-iphonesimulator/CCryptoBoringSSL.build/Objects-normal/arm64/x86_64-mont-linux.linux.x86_64.o /Users/j/Documents/GitHub/MoneroOne/build/SourcePackages/checkouts/swift-crypto/Sources/CCryptoBoringSSL/crypto/fipsmodule/x86_64-mont-linux.linux.x86_64.S normal arm64 assembler-with-cpp com.apple.compilers.llvm.clang.1_0.compiler (in target 'CCryptoBoringSSL' from project 'swift-crypto')
    cd /Users/j/Documents/GitHub/MoneroOne/MoneroOne.xcodeproj
    
    Using response file: /Users/j/Documents/GitHub/MoneroOne/build/Build/Intermediates.noindex/swift-crypto.build/Debug-iphonesimulator/CCryptoBoringSSL.build/Objects-normal/arm64/533656923a283fa776881f304837ed9e-common-args.resp
    
    /Applications/Xcode.app/Contents/Developer/Toolchains/XcodeDefault.xctoolchain/usr/bin/clang -x assembler-with-cpp -ivfsstatcache /Users/j/Documents/GitHub/MoneroOne/build/SDKStatCaches.noindex/iphonesimulator26.1-23B77-90cf18a4295e390e64c810bc6bd7acbc.sdkstatcache -fmessage-length\=0 -fdiagnostics-show-note-include-stack -fmacro-backtrace-limit\=0 -fno-color-diagnostics -fmodules-prune-interval\=86400 -fmodules-prune-after\=345600 -fbuild-session-file\=/Users/j/Documents/GitHub/MoneroOne/build/ModuleCache.noindex/Session.modulevalidation -fmodules-validate-once-per-build-session -Wnon-modular-include-in-framework-module -Werror\=non-modular-include-in-framework-module -Wno-trigraphs -Wno-missing-field-initializers -Wno-missing-prototypes -Wno-return-type -Wno-missing-braces -Wparentheses -Wswitch -Wno-unused-function -Wno-unused-label -Wno-unused-parameter -Wno-unused-variable -Wunused-value -Wno-empty-body -Wno-uninitialized -Wno-unknown-pragmas -w -Wno-shadow -Wno-four-char-constants -Wno-conversion -Wno-constant-conversion -Wno-int-conversion -Wno-bool-conversion -Wno-enum-conversion -Wno-float-conversion -Wno-non-literal-null-conversion -Wno-objc-literal-conversion -Wshorten-64-to-32 -Wno-newline-eof -Wno-implicit-fallthrough -fstrict-aliasing -Wdeprecated-declarations -Wno-sign-conversion -Wno-infinite-recursion -Wno-comma -Wno-block-capture-autoreleasing -Wno-strict-prototypes -Wno-semicolon-before-method-body -index-store-path /Users/j/Documents/GitHub/MoneroOne/build/Index.noindex/DataStore @/Users/j/Documents/GitHub/MoneroOne/build/Build/Intermediates.noindex/swift-crypto.build/Debug-iphonesimulator/CCryptoBoringSSL.build/Objects-normal/arm64/533656923a283fa776881f304837ed9e-common-args.resp -MMD -MT dependencies -MF /Users/j/Documents/GitHub/MoneroOne/build/Build/Intermediates.noindex/swift-crypto.build/Debug-iphonesimulator/CCryptoBoringSSL.build/Objects-normal/arm64/x86_64-mont-linux.linux.x86_64.d --serialize-diagnostics /Users/j/Documents/GitHub/MoneroOne/build/Build/Intermediates.noindex/swift-crypto.build/Debug-iphonesimulator/CCryptoBoringSSL.build/Objects-normal/arm64/x86_64-mont-linux.linux.x86_64.dia -c /Users/j/Documents/GitHub/MoneroOne/build/SourcePackages/checkouts/swift-crypto/Sources/CCryptoBoringSSL/crypto/fipsmodule/x86_64-mont-linux.linux.x86_64.S -o /Users/j/Documents/GitHub/MoneroOne/build/Build/Intermediates.noindex/swift-crypto.build/Debug-iphonesimulator/CCryptoBoringSSL.build/Objects-normal/arm64/x86_64-mont-linux.linux.x86_64.o -index-unit-output-path /swift-crypto.build/Debug-iphonesimulator/CCryptoBoringSSL.build/Objects-normal/arm64/x86_64-mont-linux.linux.x86_64.o

CompileC /Users/j/Documents/GitHub/MoneroOne/build/Build/Intermediates.noindex/swift-crypto.build/Debug-iphonesimulator/CCryptoBoringSSL.build/Objects-normal/arm64/x86-mont-windows.windows.x86.o /Users/j/Documents/GitHub/MoneroOne/build/SourcePackages/checkouts/swift-crypto/Sources/CCryptoBoringSSL/crypto/fipsmodule/x86-mont-windows.windows.x86.S normal arm64 assembler-with-cpp com.apple.compilers.llvm.clang.1_0.compiler (in target 'CCryptoBoringSSL' from project 'swift-crypto')
    cd /Users/j/Documents/GitHub/MoneroOne/MoneroOne.xcodeproj
    
    Using response file: /Users/j/Documents/GitHub/MoneroOne/build/Build/Intermediates.noindex/swift-crypto.build/Debug-iphonesimulator/CCryptoBoringSSL.build/Objects-normal/arm64/533656923a283fa776881f304837ed9e-common-args.resp
    
    /Applications/Xcode.app/Contents/Developer/Toolchains/XcodeDefault.xctoolchain/usr/bin/clang -x assembler-with-cpp -ivfsstatcache /Users/j/Documents/GitHub/MoneroOne/build/SDKStatCaches.noindex/iphonesimulator26.1-23B77-90cf18a4295e390e64c810bc6bd7acbc.sdkstatcache -fmessage-length\=0 -fdiagnostics-show-note-include-stack -fmacro-backtrace-limit\=0 -fno-color-diagnostics -fmodules-prune-interval\=86400 -fmodules-prune-after\=345600 -fbuild-session-file\=/Users/j/Documents/GitHub/MoneroOne/build/ModuleCache.noindex/Session.modulevalidation -fmodules-validate-once-per-build-session -Wnon-modular-include-in-framework-module -Werror\=non-modular-include-in-framework-module -Wno-trigraphs -Wno-missing-field-initializers -Wno-missing-prototypes -Wno-return-type -Wno-missing-braces -Wparentheses -Wswitch -Wno-unused-function -Wno-unused-label -Wno-unused-parameter -Wno-unused-variable -Wunused-value -Wno-empty-body -Wno-uninitialized -Wno-unknown-pragmas -w -Wno-shadow -Wno-four-char-constants -Wno-conversion -Wno-constant-conversion -Wno-int-conversion -Wno-bool-conversion -Wno-enum-conversion -Wno-float-conversion -Wno-non-literal-null-conversion -Wno-objc-literal-conversion -Wshorten-64-to-32 -Wno-newline-eof -Wno-implicit-fallthrough -fstrict-aliasing -Wdeprecated-declarations -Wno-sign-conversion -Wno-infinite-recursion -Wno-comma -Wno-block-capture-autoreleasing -Wno-strict-prototypes -Wno-semicolon-before-method-body -index-store-path /Users/j/Documents/GitHub/MoneroOne/build/Index.noindex/DataStore @/Users/j/Documents/GitHub/MoneroOne/build/Build/Intermediates.noindex/swift-crypto.build/Debug-iphonesimulator/CCryptoBoringSSL.build/Objects-normal/arm64/533656923a283fa776881f304837ed9e-common-args.resp -MMD -MT dependencies -MF /Users/j/Documents/GitHub/MoneroOne/build/Build/Intermediates.noindex/swift-crypto.build/Debug-iphonesimulator/CCryptoBoringSSL.build/Objects-normal/arm64/x86-mont-windows.windows.x86.d --serialize-diagnostics /Users/j/Documents/GitHub/MoneroOne/build/Build/Intermediates.noindex/swift-crypto.build/Debug-iphonesimulator/CCryptoBoringSSL.build/Objects-normal/arm64/x86-mont-windows.windows.x86.dia -c /Users/j/Documents/GitHub/MoneroOne/build/SourcePackages/checkouts/swift-crypto/Sources/CCryptoBoringSSL/crypto/fipsmodule/x86-mont-windows.windows.x86.S -o /Users/j/Documents/GitHub/MoneroOne/build/Build/Intermediates.noindex/swift-crypto.build/Debug-iphonesimulator/CCryptoBoringSSL.build/Objects-normal/arm64/x86-mont-windows.windows.x86.o -index-unit-output-path /swift-crypto.build/Debug-iphonesimulator/CCryptoBoringSSL.build/Objects-normal/arm64/x86-mont-windows.windows.x86.o

CompileC /Users/j/Documents/GitHub/MoneroOne/build/Build/Intermediates.noindex/swift-crypto.build/Debug-iphonesimulator/CCryptoBoringSSL.build/Objects-normal/arm64/x86-mont-linux.linux.x86.o /Users/j/Documents/GitHub/MoneroOne/build/SourcePackages/checkouts/swift-crypto/Sources/CCryptoBoringSSL/crypto/fipsmodule/x86-mont-linux.linux.x86.S normal arm64 assembler-with-cpp com.apple.compilers.llvm.clang.1_0.compiler (in target 'CCryptoBoringSSL' from project 'swift-crypto')
    cd /Users/j/Documents/GitHub/MoneroOne/MoneroOne.xcodeproj
    
    Using response file: /Users/j/Documents/GitHub/MoneroOne/build/Build/Intermediates.noindex/swift-crypto.build/Debug-iphonesimulator/CCryptoBoringSSL.build/Objects-normal/arm64/533656923a283fa776881f304837ed9e-common-args.resp
    
    /Applications/Xcode.app/Contents/Developer/Toolchains/XcodeDefault.xctoolchain/usr/bin/clang -x assembler-with-cpp -ivfsstatcache /Users/j/Documents/GitHub/MoneroOne/build/SDKStatCaches.noindex/iphonesimulator26.1-23B77-90cf18a4295e390e64c810bc6bd7acbc.sdkstatcache -fmessage-length\=0 -fdiagnostics-show-note-include-stack -fmacro-backtrace-limit\=0 -fno-color-diagnostics -fmodules-prune-interval\=86400 -fmodules-prune-after\=345600 -fbuild-session-file\=/Users/j/Documents/GitHub/MoneroOne/build/ModuleCache.noindex/Session.modulevalidation -fmodules-validate-once-per-build-session -Wnon-modular-include-in-framework-module -Werror\=non-modular-include-in-framework-module -Wno-trigraphs -Wno-missing-field-initializers -Wno-missing-prototypes -Wno-return-type -Wno-missing-braces -Wparentheses -Wswitch -Wno-unused-function -Wno-unused-label -Wno-unused-parameter -Wno-unused-variable -Wunused-value -Wno-empty-body -Wno-uninitialized -Wno-unknown-pragmas -w -Wno-shadow -Wno-four-char-constants -Wno-conversion -Wno-constant-conversion -Wno-int-conversion -Wno-bool-conversion -Wno-enum-conversion -Wno-float-conversion -Wno-non-literal-null-conversion -Wno-objc-literal-conversion -Wshorten-64-to-32 -Wno-newline-eof -Wno-implicit-fallthrough -fstrict-aliasing -Wdeprecated-declarations -Wno-sign-conversion -Wno-infinite-recursion -Wno-comma -Wno-block-capture-autoreleasing -Wno-strict-prototypes -Wno-semicolon-before-method-body -index-store-path /Users/j/Documents/GitHub/MoneroOne/build/Index.noindex/DataStore @/Users/j/Documents/GitHub/MoneroOne/build/Build/Intermediates.noindex/swift-crypto.build/Debug-iphonesimulator/CCryptoBoringSSL.build/Objects-normal/arm64/533656923a283fa776881f304837ed9e-common-args.resp -MMD -MT dependencies -MF /Users/j/Documents/GitHub/MoneroOne/build/Build/Intermediates.noindex/swift-crypto.build/Debug-iphonesimulator/CCryptoBoringSSL.build/Objects-normal/arm64/x86-mont-linux.linux.x86.d --serialize-diagnostics /Users/j/Documents/GitHub/MoneroOne/build/Build/Intermediates.noindex/swift-crypto.build/Debug-iphonesimulator/CCryptoBoringSSL.build/Objects-normal/arm64/x86-mont-linux.linux.x86.dia -c /Users/j/Documents/GitHub/MoneroOne/build/SourcePackages/checkouts/swift-crypto/Sources/CCryptoBoringSSL/crypto/fipsmodule/x86-mont-linux.linux.x86.S -o /Users/j/Documents/GitHub/MoneroOne/build/Build/Intermediates.noindex/swift-crypto.build/Debug-iphonesimulator/CCryptoBoringSSL.build/Objects-normal/arm64/x86-mont-linux.linux.x86.o -index-unit-output-path /swift-crypto.build/Debug-iphonesimulator/CCryptoBoringSSL.build/Objects-normal/arm64/x86-mont-linux.linux.x86.o

CompileC /Users/j/Documents/GitHub/MoneroOne/build/Build/Intermediates.noindex/swift-crypto.build/Debug-iphonesimulator/CCryptoBoringSSL.build/Objects-normal/arm64/x25519-asm-arm.o /Users/j/Documents/GitHub/MoneroOne/build/SourcePackages/checkouts/swift-crypto/Sources/CCryptoBoringSSL/crypto/curve25519/asm/x25519-asm-arm.S normal arm64 assembler-with-cpp com.apple.compilers.llvm.clang.1_0.compiler (in target 'CCryptoBoringSSL' from project 'swift-crypto')
    cd /Users/j/Documents/GitHub/MoneroOne/MoneroOne.xcodeproj
    
    Using response file: /Users/j/Documents/GitHub/MoneroOne/build/Build/Intermediates.noindex/swift-crypto.build/Debug-iphonesimulator/CCryptoBoringSSL.build/Objects-normal/arm64/533656923a283fa776881f304837ed9e-common-args.resp
    
    /Applications/Xcode.app/Contents/Developer/Toolchains/XcodeDefault.xctoolchain/usr/bin/clang -x assembler-with-cpp -ivfsstatcache /Users/j/Documents/GitHub/MoneroOne/build/SDKStatCaches.noindex/iphonesimulator26.1-23B77-90cf18a4295e390e64c810bc6bd7acbc.sdkstatcache -fmessage-length\=0 -fdiagnostics-show-note-include-stack -fmacro-backtrace-limit\=0 -fno-color-diagnostics -fmodules-prune-interval\=86400 -fmodules-prune-after\=345600 -fbuild-session-file\=/Users/j/Documents/GitHub/MoneroOne/build/ModuleCache.noindex/Session.modulevalidation -fmodules-validate-once-per-build-session -Wnon-modular-include-in-framework-module -Werror\=non-modular-include-in-framework-module -Wno-trigraphs -Wno-missing-field-initializers -Wno-missing-prototypes -Wno-return-type -Wno-missing-braces -Wparentheses -Wswitch -Wno-unused-function -Wno-unused-label -Wno-unused-parameter -Wno-unused-variable -Wunused-value -Wno-empty-body -Wno-uninitialized -Wno-unknown-pragmas -w -Wno-shadow -Wno-four-char-constants -Wno-conversion -Wno-constant-conversion -Wno-int-conversion -Wno-bool-conversion -Wno-enum-conversion -Wno-float-conversion -Wno-non-literal-null-conversion -Wno-objc-literal-conversion -Wshorten-64-to-32 -Wno-newline-eof -Wno-implicit-fallthrough -fstrict-aliasing -Wdeprecated-declarations -Wno-sign-conversion -Wno-infinite-recursion -Wno-comma -Wno-block-capture-autoreleasing -Wno-strict-prototypes -Wno-semicolon-before-method-body -index-store-path /Users/j/Documents/GitHub/MoneroOne/build/Index.noindex/DataStore @/Users/j/Documents/GitHub/MoneroOne/build/Build/Intermediates.noindex/swift-crypto.build/Debug-iphonesimulator/CCryptoBoringSSL.build/Objects-normal/arm64/533656923a283fa776881f304837ed9e-common-args.resp -MMD -MT dependencies -MF /Users/j/Documents/GitHub/MoneroOne/build/Build/Intermediates.noindex/swift-crypto.build/Debug-iphonesimulator/CCryptoBoringSSL.build/Objects-normal/arm64/x25519-asm-arm.d --serialize-diagnostics /Users/j/Documents/GitHub/MoneroOne/build/Build/Intermediates.noindex/swift-crypto.build/Debug-iphonesimulator/CCryptoBoringSSL.build/Objects-normal/arm64/x25519-asm-arm.dia -c /Users/j/Documents/GitHub/MoneroOne/build/SourcePackages/checkouts/swift-crypto/Sources/CCryptoBoringSSL/crypto/curve25519/asm/x25519-asm-arm.S -o /Users/j/Documents/GitHub/MoneroOne/build/Build/Intermediates.noindex/swift-crypto.build/Debug-iphonesimulator/CCryptoBoringSSL.build/Objects-normal/arm64/x25519-asm-arm.o -index-unit-output-path /swift-crypto.build/Debug-iphonesimulator/CCryptoBoringSSL.build/Objects-normal/arm64/x25519-asm-arm.o

CompileC /Users/j/Documents/GitHub/MoneroOne/build/Build/Intermediates.noindex/swift-crypto.build/Debug-iphonesimulator/CCryptoBoringSSL.build/Objects-normal/arm64/vpaes-x86_64-mac.mac.x86_64.o /Users/j/Documents/GitHub/MoneroOne/build/SourcePackages/checkouts/swift-crypto/Sources/CCryptoBoringSSL/crypto/fipsmodule/vpaes-x86_64-mac.mac.x86_64.S normal arm64 assembler-with-cpp com.apple.compilers.llvm.clang.1_0.compiler (in target 'CCryptoBoringSSL' from project 'swift-crypto')
    cd /Users/j/Documents/GitHub/MoneroOne/MoneroOne.xcodeproj
    
    Using response file: /Users/j/Documents/GitHub/MoneroOne/build/Build/Intermediates.noindex/swift-crypto.build/Debug-iphonesimulator/CCryptoBoringSSL.build/Objects-normal/arm64/533656923a283fa776881f304837ed9e-common-args.resp
    
    /Applications/Xcode.app/Contents/Developer/Toolchains/XcodeDefault.xctoolchain/usr/bin/clang -x assembler-with-cpp -ivfsstatcache /Users/j/Documents/GitHub/MoneroOne/build/SDKStatCaches.noindex/iphonesimulator26.1-23B77-90cf18a4295e390e64c810bc6bd7acbc.sdkstatcache -fmessage-length\=0 -fdiagnostics-show-note-include-stack -fmacro-backtrace-limit\=0 -fno-color-diagnostics -fmodules-prune-interval\=86400 -fmodules-prune-after\=345600 -fbuild-session-file\=/Users/j/Documents/GitHub/MoneroOne/build/ModuleCache.noindex/Session.modulevalidation -fmodules-validate-once-per-build-session -Wnon-modular-include-in-framework-module -Werror\=non-modular-include-in-framework-module -Wno-trigraphs -Wno-missing-field-initializers -Wno-missing-prototypes -Wno-return-type -Wno-missing-braces -Wparentheses -Wswitch -Wno-unused-function -Wno-unused-label -Wno-unused-parameter -Wno-unused-variable -Wunused-value -Wno-empty-body -Wno-uninitialized -Wno-unknown-pragmas -w -Wno-shadow -Wno-four-char-constants -Wno-conversion -Wno-constant-conversion -Wno-int-conversion -Wno-bool-conversion -Wno-enum-conversion -Wno-float-conversion -Wno-non-literal-null-conversion -Wno-objc-literal-conversion -Wshorten-64-to-32 -Wno-newline-eof -Wno-implicit-fallthrough -fstrict-aliasing -Wdeprecated-declarations -Wno-sign-conversion -Wno-infinite-recursion -Wno-comma -Wno-block-capture-autoreleasing -Wno-strict-prototypes -Wno-semicolon-before-method-body -index-store-path /Users/j/Documents/GitHub/MoneroOne/build/Index.noindex/DataStore @/Users/j/Documents/GitHub/MoneroOne/build/Build/Intermediates.noindex/swift-crypto.build/Debug-iphonesimulator/CCryptoBoringSSL.build/Objects-normal/arm64/533656923a283fa776881f304837ed9e-common-args.resp -MMD -MT dependencies -MF /Users/j/Documents/GitHub/MoneroOne/build/Build/Intermediates.noindex/swift-crypto.build/Debug-iphonesimulator/CCryptoBoringSSL.build/Objects-normal/arm64/vpaes-x86_64-mac.mac.x86_64.d --serialize-diagnostics /Users/j/Documents/GitHub/MoneroOne/build/Build/Intermediates.noindex/swift-crypto.build/Debug-iphonesimulator/CCryptoBoringSSL.build/Objects-normal/arm64/vpaes-x86_64-mac.mac.x86_64.dia -c /Users/j/Documents/GitHub/MoneroOne/build/SourcePackages/checkouts/swift-crypto/Sources/CCryptoBoringSSL/crypto/fipsmodule/vpaes-x86_64-mac.mac.x86_64.S -o /Users/j/Documents/GitHub/MoneroOne/build/Build/Intermediates.noindex/swift-crypto.build/Debug-iphonesimulator/CCryptoBoringSSL.build/Objects-normal/arm64/vpaes-x86_64-mac.mac.x86_64.o -index-unit-output-path /swift-crypto.build/Debug-iphonesimulator/CCryptoBoringSSL.build/Objects-normal/arm64/vpaes-x86_64-mac.mac.x86_64.o

CompileC /Users/j/Documents/GitHub/MoneroOne/build/Build/Intermediates.noindex/swift-crypto.build/Debug-iphonesimulator/CCryptoBoringSSL.build/Objects-normal/arm64/vpaes-x86_64-linux.linux.x86_64.o /Users/j/Documents/GitHub/MoneroOne/build/SourcePackages/checkouts/swift-crypto/Sources/CCryptoBoringSSL/crypto/fipsmodule/vpaes-x86_64-linux.linux.x86_64.S normal arm64 assembler-with-cpp com.apple.compilers.llvm.clang.1_0.compiler (in target 'CCryptoBoringSSL' from project 'swift-crypto')
    cd /Users/j/Documents/GitHub/MoneroOne/MoneroOne.xcodeproj
    
    Using response file: /Users/j/Documents/GitHub/MoneroOne/build/Build/Intermediates.noindex/swift-crypto.build/Debug-iphonesimulator/CCryptoBoringSSL.build/Objects-normal/arm64/533656923a283fa776881f304837ed9e-common-args.resp
    
    /Applications/Xcode.app/Contents/Developer/Toolchains/XcodeDefault.xctoolchain/usr/bin/clang -x assembler-with-cpp -ivfsstatcache /Users/j/Documents/GitHub/MoneroOne/build/SDKStatCaches.noindex/iphonesimulator26.1-23B77-90cf18a4295e390e64c810bc6bd7acbc.sdkstatcache -fmessage-length\=0 -fdiagnostics-show-note-include-stack -fmacro-backtrace-limit\=0 -fno-color-diagnostics -fmodules-prune-interval\=86400 -fmodules-prune-after\=345600 -fbuild-session-file\=/Users/j/Documents/GitHub/MoneroOne/build/ModuleCache.noindex/Session.modulevalidation -fmodules-validate-once-per-build-session -Wnon-modular-include-in-framework-module -Werror\=non-modular-include-in-framework-module -Wno-trigraphs -Wno-missing-field-initializers -Wno-missing-prototypes -Wno-return-type -Wno-missing-braces -Wparentheses -Wswitch -Wno-unused-function -Wno-unused-label -Wno-unused-parameter -Wno-unused-variable -Wunused-value -Wno-empty-body -Wno-uninitialized -Wno-unknown-pragmas -w -Wno-shadow -Wno-four-char-constants -Wno-conversion -Wno-constant-conversion -Wno-int-conversion -Wno-bool-conversion -Wno-enum-conversion -Wno-float-conversion -Wno-non-literal-null-conversion -Wno-objc-literal-conversion -Wshorten-64-to-32 -Wno-newline-eof -Wno-implicit-fallthrough -fstrict-aliasing -Wdeprecated-declarations -Wno-sign-conversion -Wno-infinite-recursion -Wno-comma -Wno-block-capture-autoreleasing -Wno-strict-prototypes -Wno-semicolon-before-method-body -index-store-path /Users/j/Documents/GitHub/MoneroOne/build/Index.noindex/DataStore @/Users/j/Documents/GitHub/MoneroOne/build/Build/Intermediates.noindex/swift-crypto.build/Debug-iphonesimulator/CCryptoBoringSSL.build/Objects-normal/arm64/533656923a283fa776881f304837ed9e-common-args.resp -MMD -MT dependencies -MF /Users/j/Documents/GitHub/MoneroOne/build/Build/Intermediates.noindex/swift-crypto.build/Debug-iphonesimulator/CCryptoBoringSSL.build/Objects-normal/arm64/vpaes-x86_64-linux.linux.x86_64.d --serialize-diagnostics /Users/j/Documents/GitHub/MoneroOne/build/Build/Intermediates.noindex/swift-crypto.build/Debug-iphonesimulator/CCryptoBoringSSL.build/Objects-normal/arm64/vpaes-x86_64-linux.linux.x86_64.dia -c /Users/j/Documents/GitHub/MoneroOne/build/SourcePackages/checkouts/swift-crypto/Sources/CCryptoBoringSSL/crypto/fipsmodule/vpaes-x86_64-linux.linux.x86_64.S -o /Users/j/Documents/GitHub/MoneroOne/build/Build/Intermediates.noindex/swift-crypto.build/Debug-iphonesimulator/CCryptoBoringSSL.build/Objects-normal/arm64/vpaes-x86_64-linux.linux.x86_64.o -index-unit-output-path /swift-crypto.build/Debug-iphonesimulator/CCryptoBoringSSL.build/Objects-normal/arm64/vpaes-x86_64-linux.linux.x86_64.o

CompileC /Users/j/Documents/GitHub/MoneroOne/build/Build/Intermediates.noindex/swift-crypto.build/Debug-iphonesimulator/CCryptoBoringSSL.build/Objects-normal/arm64/vpaes-x86-windows.windows.x86.o /Users/j/Documents/GitHub/MoneroOne/build/SourcePackages/checkouts/swift-crypto/Sources/CCryptoBoringSSL/crypto/fipsmodule/vpaes-x86-windows.windows.x86.S normal arm64 assembler-with-cpp com.apple.compilers.llvm.clang.1_0.compiler (in target 'CCryptoBoringSSL' from project 'swift-crypto')
    cd /Users/j/Documents/GitHub/MoneroOne/MoneroOne.xcodeproj
    
    Using response file: /Users/j/Documents/GitHub/MoneroOne/build/Build/Intermediates.noindex/swift-crypto.build/Debug-iphonesimulator/CCryptoBoringSSL.build/Objects-normal/arm64/533656923a283fa776881f304837ed9e-common-args.resp
    
    /Applications/Xcode.app/Contents/Developer/Toolchains/XcodeDefault.xctoolchain/usr/bin/clang -x assembler-with-cpp -ivfsstatcache /Users/j/Documents/GitHub/MoneroOne/build/SDKStatCaches.noindex/iphonesimulator26.1-23B77-90cf18a4295e390e64c810bc6bd7acbc.sdkstatcache -fmessage-length\=0 -fdiagnostics-show-note-include-stack -fmacro-backtrace-limit\=0 -fno-color-diagnostics -fmodules-prune-interval\=86400 -fmodules-prune-after\=345600 -fbuild-session-file\=/Users/j/Documents/GitHub/MoneroOne/build/ModuleCache.noindex/Session.modulevalidation -fmodules-validate-once-per-build-session -Wnon-modular-include-in-framework-module -Werror\=non-modular-include-in-framework-module -Wno-trigraphs -Wno-missing-field-initializers -Wno-missing-prototypes -Wno-return-type -Wno-missing-braces -Wparentheses -Wswitch -Wno-unused-function -Wno-unused-label -Wno-unused-parameter -Wno-unused-variable -Wunused-value -Wno-empty-body -Wno-uninitialized -Wno-unknown-pragmas -w -Wno-shadow -Wno-four-char-constants -Wno-conversion -Wno-constant-conversion -Wno-int-conversion -Wno-bool-conversion -Wno-enum-conversion -Wno-float-conversion -Wno-non-literal-null-conversion -Wno-objc-literal-conversion -Wshorten-64-to-32 -Wno-newline-eof -Wno-implicit-fallthrough -fstrict-aliasing -Wdeprecated-declarations -Wno-sign-conversion -Wno-infinite-recursion -Wno-comma -Wno-block-capture-autoreleasing -Wno-strict-prototypes -Wno-semicolon-before-method-body -index-store-path /Users/j/Documents/GitHub/MoneroOne/build/Index.noindex/DataStore @/Users/j/Documents/GitHub/MoneroOne/build/Build/Intermediates.noindex/swift-crypto.build/Debug-iphonesimulator/CCryptoBoringSSL.build/Objects-normal/arm64/533656923a283fa776881f304837ed9e-common-args.resp -MMD -MT dependencies -MF /Users/j/Documents/GitHub/MoneroOne/build/Build/Intermediates.noindex/swift-crypto.build/Debug-iphonesimulator/CCryptoBoringSSL.build/Objects-normal/arm64/vpaes-x86-windows.windows.x86.d --serialize-diagnostics /Users/j/Documents/GitHub/MoneroOne/build/Build/Intermediates.noindex/swift-crypto.build/Debug-iphonesimulator/CCryptoBoringSSL.build/Objects-normal/arm64/vpaes-x86-windows.windows.x86.dia -c /Users/j/Documents/GitHub/MoneroOne/build/SourcePackages/checkouts/swift-crypto/Sources/CCryptoBoringSSL/crypto/fipsmodule/vpaes-x86-windows.windows.x86.S -o /Users/j/Documents/GitHub/MoneroOne/build/Build/Intermediates.noindex/swift-crypto.build/Debug-iphonesimulator/CCryptoBoringSSL.build/Objects-normal/arm64/vpaes-x86-windows.windows.x86.o -index-unit-output-path /swift-crypto.build/Debug-iphonesimulator/CCryptoBoringSSL.build/Objects-normal/arm64/vpaes-x86-windows.windows.x86.o

CompileC /Users/j/Documents/GitHub/MoneroOne/build/Build/Intermediates.noindex/swift-crypto.build/Debug-iphonesimulator/CCryptoBoringSSL.build/Objects-normal/arm64/vpaes-x86-linux.linux.x86.o /Users/j/Documents/GitHub/MoneroOne/build/SourcePackages/checkouts/swift-crypto/Sources/CCryptoBoringSSL/crypto/fipsmodule/vpaes-x86-linux.linux.x86.S normal arm64 assembler-with-cpp com.apple.compilers.llvm.clang.1_0.compiler (in target 'CCryptoBoringSSL' from project 'swift-crypto')
    cd /Users/j/Documents/GitHub/MoneroOne/MoneroOne.xcodeproj
    
    Using response file: /Users/j/Documents/GitHub/MoneroOne/build/Build/Intermediates.noindex/swift-crypto.build/Debug-iphonesimulator/CCryptoBoringSSL.build/Objects-normal/arm64/533656923a283fa776881f304837ed9e-common-args.resp
    
    /Applications/Xcode.app/Contents/Developer/Toolchains/XcodeDefault.xctoolchain/usr/bin/clang -x assembler-with-cpp -ivfsstatcache /Users/j/Documents/GitHub/MoneroOne/build/SDKStatCaches.noindex/iphonesimulator26.1-23B77-90cf18a4295e390e64c810bc6bd7acbc.sdkstatcache -fmessage-length\=0 -fdiagnostics-show-note-include-stack -fmacro-backtrace-limit\=0 -fno-color-diagnostics -fmodules-prune-interval\=86400 -fmodules-prune-after\=345600 -fbuild-session-file\=/Users/j/Documents/GitHub/MoneroOne/build/ModuleCache.noindex/Session.modulevalidation -fmodules-validate-once-per-build-session -Wnon-modular-include-in-framework-module -Werror\=non-modular-include-in-framework-module -Wno-trigraphs -Wno-missing-field-initializers -Wno-missing-prototypes -Wno-return-type -Wno-missing-braces -Wparentheses -Wswitch -Wno-unused-function -Wno-unused-label -Wno-unused-parameter -Wno-unused-variable -Wunused-value -Wno-empty-body -Wno-uninitialized -Wno-unknown-pragmas -w -Wno-shadow -Wno-four-char-constants -Wno-conversion -Wno-constant-conversion -Wno-int-conversion -Wno-bool-conversion -Wno-enum-conversion -Wno-float-conversion -Wno-non-literal-null-conversion -Wno-objc-literal-conversion -Wshorten-64-to-32 -Wno-newline-eof -Wno-implicit-fallthrough -fstrict-aliasing -Wdeprecated-declarations -Wno-sign-conversion -Wno-infinite-recursion -Wno-comma -Wno-block-capture-autoreleasing -Wno-strict-prototypes -Wno-semicolon-before-method-body -index-store-path /Users/j/Documents/GitHub/MoneroOne/build/Index.noindex/DataStore @/Users/j/Documents/GitHub/MoneroOne/build/Build/Intermediates.noindex/swift-crypto.build/Debug-iphonesimulator/CCryptoBoringSSL.build/Objects-normal/arm64/533656923a283fa776881f304837ed9e-common-args.resp -MMD -MT dependencies -MF /Users/j/Documents/GitHub/MoneroOne/build/Build/Intermediates.noindex/swift-crypto.build/Debug-iphonesimulator/CCryptoBoringSSL.build/Objects-normal/arm64/vpaes-x86-linux.linux.x86.d --serialize-diagnostics /Users/j/Documents/GitHub/MoneroOne/build/Build/Intermediates.noindex/swift-crypto.build/Debug-iphonesimulator/CCryptoBoringSSL.build/Objects-normal/arm64/vpaes-x86-linux.linux.x86.dia -c /Users/j/Documents/GitHub/MoneroOne/build/SourcePackages/checkouts/swift-crypto/Sources/CCryptoBoringSSL/crypto/fipsmodule/vpaes-x86-linux.linux.x86.S -o /Users/j/Documents/GitHub/MoneroOne/build/Build/Intermediates.noindex/swift-crypto.build/Debug-iphonesimulator/CCryptoBoringSSL.build/Objects-normal/arm64/vpaes-x86-linux.linux.x86.o -index-unit-output-path /swift-crypto.build/Debug-iphonesimulator/CCryptoBoringSSL.build/Objects-normal/arm64/vpaes-x86-linux.linux.x86.o

CompileC /Users/j/Documents/GitHub/MoneroOne/build/Build/Intermediates.noindex/swift-crypto.build/Debug-iphonesimulator/CCryptoBoringSSL.build/Objects-normal/arm64/vpaes-armv8-linux.linux.aarch64.o /Users/j/Documents/GitHub/MoneroOne/build/SourcePackages/checkouts/swift-crypto/Sources/CCryptoBoringSSL/crypto/fipsmodule/vpaes-armv8-linux.linux.aarch64.S normal arm64 assembler-with-cpp com.apple.compilers.llvm.clang.1_0.compiler (in target 'CCryptoBoringSSL' from project 'swift-crypto')
    cd /Users/j/Documents/GitHub/MoneroOne/MoneroOne.xcodeproj
    
    Using response file: /Users/j/Documents/GitHub/MoneroOne/build/Build/Intermediates.noindex/swift-crypto.build/Debug-iphonesimulator/CCryptoBoringSSL.build/Objects-normal/arm64/533656923a283fa776881f304837ed9e-common-args.resp
    
    /Applications/Xcode.app/Contents/Developer/Toolchains/XcodeDefault.xctoolchain/usr/bin/clang -x assembler-with-cpp -ivfsstatcache /Users/j/Documents/GitHub/MoneroOne/build/SDKStatCaches.noindex/iphonesimulator26.1-23B77-90cf18a4295e390e64c810bc6bd7acbc.sdkstatcache -fmessage-length\=0 -fdiagnostics-show-note-include-stack -fmacro-backtrace-limit\=0 -fno-color-diagnostics -fmodules-prune-interval\=86400 -fmodules-prune-after\=345600 -fbuild-session-file\=/Users/j/Documents/GitHub/MoneroOne/build/ModuleCache.noindex/Session.modulevalidation -fmodules-validate-once-per-build-session -Wnon-modular-include-in-framework-module -Werror\=non-modular-include-in-framework-module -Wno-trigraphs -Wno-missing-field-initializers -Wno-missing-prototypes -Wno-return-type -Wno-missing-braces -Wparentheses -Wswitch -Wno-unused-function -Wno-unused-label -Wno-unused-parameter -Wno-unused-variable -Wunused-value -Wno-empty-body -Wno-uninitialized -Wno-unknown-pragmas -w -Wno-shadow -Wno-four-char-constants -Wno-conversion -Wno-constant-conversion -Wno-int-conversion -Wno-bool-conversion -Wno-enum-conversion -Wno-float-conversion -Wno-non-literal-null-conversion -Wno-objc-literal-conversion -Wshorten-64-to-32 -Wno-newline-eof -Wno-implicit-fallthrough -fstrict-aliasing -Wdeprecated-declarations -Wno-sign-conversion -Wno-infinite-recursion -Wno-comma -Wno-block-capture-autoreleasing -Wno-strict-prototypes -Wno-semicolon-before-method-body -index-store-path /Users/j/Documents/GitHub/MoneroOne/build/Index.noindex/DataStore @/Users/j/Documents/GitHub/MoneroOne/build/Build/Intermediates.noindex/swift-crypto.build/Debug-iphonesimulator/CCryptoBoringSSL.build/Objects-normal/arm64/533656923a283fa776881f304837ed9e-common-args.resp -MMD -MT dependencies -MF /Users/j/Documents/GitHub/MoneroOne/build/Build/Intermediates.noindex/swift-crypto.build/Debug-iphonesimulator/CCryptoBoringSSL.build/Objects-normal/arm64/vpaes-armv8-linux.linux.aarch64.d --serialize-diagnostics /Users/j/Documents/GitHub/MoneroOne/build/Build/Intermediates.noindex/swift-crypto.build/Debug-iphonesimulator/CCryptoBoringSSL.build/Objects-normal/arm64/vpaes-armv8-linux.linux.aarch64.dia -c /Users/j/Documents/GitHub/MoneroOne/build/SourcePackages/checkouts/swift-crypto/Sources/CCryptoBoringSSL/crypto/fipsmodule/vpaes-armv8-linux.linux.aarch64.S -o /Users/j/Documents/GitHub/MoneroOne/build/Build/Intermediates.noindex/swift-crypto.build/Debug-iphonesimulator/CCryptoBoringSSL.build/Objects-normal/arm64/vpaes-armv8-linux.linux.aarch64.o -index-unit-output-path /swift-crypto.build/Debug-iphonesimulator/CCryptoBoringSSL.build/Objects-normal/arm64/vpaes-armv8-linux.linux.aarch64.o

CompileC /Users/j/Documents/GitHub/MoneroOne/build/Build/Intermediates.noindex/swift-crypto.build/Debug-iphonesimulator/CCryptoBoringSSL.build/Objects-normal/arm64/vpaes-armv8-ios.ios.aarch64.o /Users/j/Documents/GitHub/MoneroOne/build/SourcePackages/checkouts/swift-crypto/Sources/CCryptoBoringSSL/crypto/fipsmodule/vpaes-armv8-ios.ios.aarch64.S normal arm64 assembler-with-cpp com.apple.compilers.llvm.clang.1_0.compiler (in target 'CCryptoBoringSSL' from project 'swift-crypto')
    cd /Users/j/Documents/GitHub/MoneroOne/MoneroOne.xcodeproj
    
    Using response file: /Users/j/Documents/GitHub/MoneroOne/build/Build/Intermediates.noindex/swift-crypto.build/Debug-iphonesimulator/CCryptoBoringSSL.build/Objects-normal/arm64/533656923a283fa776881f304837ed9e-common-args.resp
    
    /Applications/Xcode.app/Contents/Developer/Toolchains/XcodeDefault.xctoolchain/usr/bin/clang -x assembler-with-cpp -ivfsstatcache /Users/j/Documents/GitHub/MoneroOne/build/SDKStatCaches.noindex/iphonesimulator26.1-23B77-90cf18a4295e390e64c810bc6bd7acbc.sdkstatcache -fmessage-length\=0 -fdiagnostics-show-note-include-stack -fmacro-backtrace-limit\=0 -fno-color-diagnostics -fmodules-prune-interval\=86400 -fmodules-prune-after\=345600 -fbuild-session-file\=/Users/j/Documents/GitHub/MoneroOne/build/ModuleCache.noindex/Session.modulevalidation -fmodules-validate-once-per-build-session -Wnon-modular-include-in-framework-module -Werror\=non-modular-include-in-framework-module -Wno-trigraphs -Wno-missing-field-initializers -Wno-missing-prototypes -Wno-return-type -Wno-missing-braces -Wparentheses -Wswitch -Wno-unused-function -Wno-unused-label -Wno-unused-parameter -Wno-unused-variable -Wunused-value -Wno-empty-body -Wno-uninitialized -Wno-unknown-pragmas -w -Wno-shadow -Wno-four-char-constants -Wno-conversion -Wno-constant-conversion -Wno-int-conversion -Wno-bool-conversion -Wno-enum-conversion -Wno-float-conversion -Wno-non-literal-null-conversion -Wno-objc-literal-conversion -Wshorten-64-to-32 -Wno-newline-eof -Wno-implicit-fallthrough -fstrict-aliasing -Wdeprecated-declarations -Wno-sign-conversion -Wno-infinite-recursion -Wno-comma -Wno-block-capture-autoreleasing -Wno-strict-prototypes -Wno-semicolon-before-method-body -index-store-path /Users/j/Documents/GitHub/MoneroOne/build/Index.noindex/DataStore @/Users/j/Documents/GitHub/MoneroOne/build/Build/Intermediates.noindex/swift-crypto.build/Debug-iphonesimulator/CCryptoBoringSSL.build/Objects-normal/arm64/533656923a283fa776881f304837ed9e-common-args.resp -MMD -MT dependencies -MF /Users/j/Documents/GitHub/MoneroOne/build/Build/Intermediates.noindex/swift-crypto.build/Debug-iphonesimulator/CCryptoBoringSSL.build/Objects-normal/arm64/vpaes-armv8-ios.ios.aarch64.d --serialize-diagnostics /Users/j/Documents/GitHub/MoneroOne/build/Build/Intermediates.noindex/swift-crypto.build/Debug-iphonesimulator/CCryptoBoringSSL.build/Objects-normal/arm64/vpaes-armv8-ios.ios.aarch64.dia -c /Users/j/Documents/GitHub/MoneroOne/build/SourcePackages/checkouts/swift-crypto/Sources/CCryptoBoringSSL/crypto/fipsmodule/vpaes-armv8-ios.ios.aarch64.S -o /Users/j/Documents/GitHub/MoneroOne/build/Build/Intermediates.noindex/swift-crypto.build/Debug-iphonesimulator/CCryptoBoringSSL.build/Objects-normal/arm64/vpaes-armv8-ios.ios.aarch64.o -index-unit-output-path /swift-crypto.build/Debug-iphonesimulator/CCryptoBoringSSL.build/Objects-normal/arm64/vpaes-armv8-ios.ios.aarch64.o

CompileC /Users/j/Documents/GitHub/MoneroOne/build/Build/Intermediates.noindex/swift-crypto.build/Debug-iphonesimulator/CCryptoBoringSSL.build/Objects-normal/arm64/vpaes-armv7-linux.linux.arm.o /Users/j/Documents/GitHub/MoneroOne/build/SourcePackages/checkouts/swift-crypto/Sources/CCryptoBoringSSL/crypto/fipsmodule/vpaes-armv7-linux.linux.arm.S normal arm64 assembler-with-cpp com.apple.compilers.llvm.clang.1_0.compiler (in target 'CCryptoBoringSSL' from project 'swift-crypto')
    cd /Users/j/Documents/GitHub/MoneroOne/MoneroOne.xcodeproj
    
    Using response file: /Users/j/Documents/GitHub/MoneroOne/build/Build/Intermediates.noindex/swift-crypto.build/Debug-iphonesimulator/CCryptoBoringSSL.build/Objects-normal/arm64/533656923a283fa776881f304837ed9e-common-args.resp
    
    /Applications/Xcode.app/Contents/Developer/Toolchains/XcodeDefault.xctoolchain/usr/bin/clang -x assembler-with-cpp -ivfsstatcache /Users/j/Documents/GitHub/MoneroOne/build/SDKStatCaches.noindex/iphonesimulator26.1-23B77-90cf18a4295e390e64c810bc6bd7acbc.sdkstatcache -fmessage-length\=0 -fdiagnostics-show-note-include-stack -fmacro-backtrace-limit\=0 -fno-color-diagnostics -fmodules-prune-interval\=86400 -fmodules-prune-after\=345600 -fbuild-session-file\=/Users/j/Documents/GitHub/MoneroOne/build/ModuleCache.noindex/Session.modulevalidation -fmodules-validate-once-per-build-session -Wnon-modular-include-in-framework-module -Werror\=non-modular-include-in-framework-module -Wno-trigraphs -Wno-missing-field-initializers -Wno-missing-prototypes -Wno-return-type -Wno-missing-braces -Wparentheses -Wswitch -Wno-unused-function -Wno-unused-label -Wno-unused-parameter -Wno-unused-variable -Wunused-value -Wno-empty-body -Wno-uninitialized -Wno-unknown-pragmas -w -Wno-shadow -Wno-four-char-constants -Wno-conversion -Wno-constant-conversion -Wno-int-conversion -Wno-bool-conversion -Wno-enum-conversion -Wno-float-conversion -Wno-non-literal-null-conversion -Wno-objc-literal-conversion -Wshorten-64-to-32 -Wno-newline-eof -Wno-implicit-fallthrough -fstrict-aliasing -Wdeprecated-declarations -Wno-sign-conversion -Wno-infinite-recursion -Wno-comma -Wno-block-capture-autoreleasing -Wno-strict-prototypes -Wno-semicolon-before-method-body -index-store-path /Users/j/Documents/GitHub/MoneroOne/build/Index.noindex/DataStore @/Users/j/Documents/GitHub/MoneroOne/build/Build/Intermediates.noindex/swift-crypto.build/Debug-iphonesimulator/CCryptoBoringSSL.build/Objects-normal/arm64/533656923a283fa776881f304837ed9e-common-args.resp -MMD -MT dependencies -MF /Users/j/Documents/GitHub/MoneroOne/build/Build/Intermediates.noindex/swift-crypto.build/Debug-iphonesimulator/CCryptoBoringSSL.build/Objects-normal/arm64/vpaes-armv7-linux.linux.arm.d --serialize-diagnostics /Users/j/Documents/GitHub/MoneroOne/build/Build/Intermediates.noindex/swift-crypto.build/Debug-iphonesimulator/CCryptoBoringSSL.build/Objects-normal/arm64/vpaes-armv7-linux.linux.arm.dia -c /Users/j/Documents/GitHub/MoneroOne/build/SourcePackages/checkouts/swift-crypto/Sources/CCryptoBoringSSL/crypto/fipsmodule/vpaes-armv7-linux.linux.arm.S -o /Users/j/Documents/GitHub/MoneroOne/build/Build/Intermediates.noindex/swift-crypto.build/Debug-iphonesimulator/CCryptoBoringSSL.build/Objects-normal/arm64/vpaes-armv7-linux.linux.arm.o -index-unit-output-path /swift-crypto.build/Debug-iphonesimulator/CCryptoBoringSSL.build/Objects-normal/arm64/vpaes-armv7-linux.linux.arm.o

CompileC /Users/j/Documents/GitHub/MoneroOne/build/Build/Intermediates.noindex/swift-crypto.build/Debug-iphonesimulator/CCryptoBoringSSL.build/Objects-normal/arm64/vpaes-armv7-ios.ios.arm.o /Users/j/Documents/GitHub/MoneroOne/build/SourcePackages/checkouts/swift-crypto/Sources/CCryptoBoringSSL/crypto/fipsmodule/vpaes-armv7-ios.ios.arm.S normal arm64 assembler-with-cpp com.apple.compilers.llvm.clang.1_0.compiler (in target 'CCryptoBoringSSL' from project 'swift-crypto')
    cd /Users/j/Documents/GitHub/MoneroOne/MoneroOne.xcodeproj
    
    Using response file: /Users/j/Documents/GitHub/MoneroOne/build/Build/Intermediates.noindex/swift-crypto.build/Debug-iphonesimulator/CCryptoBoringSSL.build/Objects-normal/arm64/533656923a283fa776881f304837ed9e-common-args.resp
    
    /Applications/Xcode.app/Contents/Developer/Toolchains/XcodeDefault.xctoolchain/usr/bin/clang -x assembler-with-cpp -ivfsstatcache /Users/j/Documents/GitHub/MoneroOne/build/SDKStatCaches.noindex/iphonesimulator26.1-23B77-90cf18a4295e390e64c810bc6bd7acbc.sdkstatcache -fmessage-length\=0 -fdiagnostics-show-note-include-stack -fmacro-backtrace-limit\=0 -fno-color-diagnostics -fmodules-prune-interval\=86400 -fmodules-prune-after\=345600 -fbuild-session-file\=/Users/j/Documents/GitHub/MoneroOne/build/ModuleCache.noindex/Session.modulevalidation -fmodules-validate-once-per-build-session -Wnon-modular-include-in-framework-module -Werror\=non-modular-include-in-framework-module -Wno-trigraphs -Wno-missing-field-initializers -Wno-missing-prototypes -Wno-return-type -Wno-missing-braces -Wparentheses -Wswitch -Wno-unused-function -Wno-unused-label -Wno-unused-parameter -Wno-unused-variable -Wunused-value -Wno-empty-body -Wno-uninitialized -Wno-unknown-pragmas -w -Wno-shadow -Wno-four-char-constants -Wno-conversion -Wno-constant-conversion -Wno-int-conversion -Wno-bool-conversion -Wno-enum-conversion -Wno-float-conversion -Wno-non-literal-null-conversion -Wno-objc-literal-conversion -Wshorten-64-to-32 -Wno-newline-eof -Wno-implicit-fallthrough -fstrict-aliasing -Wdeprecated-declarations -Wno-sign-conversion -Wno-infinite-recursion -Wno-comma -Wno-block-capture-autoreleasing -Wno-strict-prototypes -Wno-semicolon-before-method-body -index-store-path /Users/j/Documents/GitHub/MoneroOne/build/Index.noindex/DataStore @/Users/j/Documents/GitHub/MoneroOne/build/Build/Intermediates.noindex/swift-crypto.build/Debug-iphonesimulator/CCryptoBoringSSL.build/Objects-normal/arm64/533656923a283fa776881f304837ed9e-common-args.resp -MMD -MT dependencies -MF /Users/j/Documents/GitHub/MoneroOne/build/Build/Intermediates.noindex/swift-crypto.build/Debug-iphonesimulator/CCryptoBoringSSL.build/Objects-normal/arm64/vpaes-armv7-ios.ios.arm.d --serialize-diagnostics /Users/j/Documents/GitHub/MoneroOne/build/Build/Intermediates.noindex/swift-crypto.build/Debug-iphonesimulator/CCryptoBoringSSL.build/Objects-normal/arm64/vpaes-armv7-ios.ios.arm.dia -c /Users/j/Documents/GitHub/MoneroOne/build/SourcePackages/checkouts/swift-crypto/Sources/CCryptoBoringSSL/crypto/fipsmodule/vpaes-armv7-ios.ios.arm.S -o /Users/j/Documents/GitHub/MoneroOne/build/Build/Intermediates.noindex/swift-crypto.build/Debug-iphonesimulator/CCryptoBoringSSL.build/Objects-normal/arm64/vpaes-armv7-ios.ios.arm.o -index-unit-output-path /swift-crypto.build/Debug-iphonesimulator/CCryptoBoringSSL.build/Objects-normal/arm64/vpaes-armv7-ios.ios.arm.o

CompileC /Users/j/Documents/GitHub/MoneroOne/build/Build/Intermediates.noindex/swift-crypto.build/Debug-iphonesimulator/CCryptoBoringSSL.build/Objects-normal/arm64/sha512-x86_64-mac.mac.x86_64.o /Users/j/Documents/GitHub/MoneroOne/build/SourcePackages/checkouts/swift-crypto/Sources/CCryptoBoringSSL/crypto/fipsmodule/sha512-x86_64-mac.mac.x86_64.S normal arm64 assembler-with-cpp com.apple.compilers.llvm.clang.1_0.compiler (in target 'CCryptoBoringSSL' from project 'swift-crypto')
    cd /Users/j/Documents/GitHub/MoneroOne/MoneroOne.xcodeproj
    
    Using response file: /Users/j/Documents/GitHub/MoneroOne/build/Build/Intermediates.noindex/swift-crypto.build/Debug-iphonesimulator/CCryptoBoringSSL.build/Objects-normal/arm64/533656923a283fa776881f304837ed9e-common-args.resp
    
    /Applications/Xcode.app/Contents/Developer/Toolchains/XcodeDefault.xctoolchain/usr/bin/clang -x assembler-with-cpp -ivfsstatcache /Users/j/Documents/GitHub/MoneroOne/build/SDKStatCaches.noindex/iphonesimulator26.1-23B77-90cf18a4295e390e64c810bc6bd7acbc.sdkstatcache -fmessage-length\=0 -fdiagnostics-show-note-include-stack -fmacro-backtrace-limit\=0 -fno-color-diagnostics -fmodules-prune-interval\=86400 -fmodules-prune-after\=345600 -fbuild-session-file\=/Users/j/Documents/GitHub/MoneroOne/build/ModuleCache.noindex/Session.modulevalidation -fmodules-validate-once-per-build-session -Wnon-modular-include-in-framework-module -Werror\=non-modular-include-in-framework-module -Wno-trigraphs -Wno-missing-field-initializers -Wno-missing-prototypes -Wno-return-type -Wno-missing-braces -Wparentheses -Wswitch -Wno-unused-function -Wno-unused-label -Wno-unused-parameter -Wno-unused-variable -Wunused-value -Wno-empty-body -Wno-uninitialized -Wno-unknown-pragmas -w -Wno-shadow -Wno-four-char-constants -Wno-conversion -Wno-constant-conversion -Wno-int-conversion -Wno-bool-conversion -Wno-enum-conversion -Wno-float-conversion -Wno-non-literal-null-conversion -Wno-objc-literal-conversion -Wshorten-64-to-32 -Wno-newline-eof -Wno-implicit-fallthrough -fstrict-aliasing -Wdeprecated-declarations -Wno-sign-conversion -Wno-infinite-recursion -Wno-comma -Wno-block-capture-autoreleasing -Wno-strict-prototypes -Wno-semicolon-before-method-body -index-store-path /Users/j/Documents/GitHub/MoneroOne/build/Index.noindex/DataStore @/Users/j/Documents/GitHub/MoneroOne/build/Build/Intermediates.noindex/swift-crypto.build/Debug-iphonesimulator/CCryptoBoringSSL.build/Objects-normal/arm64/533656923a283fa776881f304837ed9e-common-args.resp -MMD -MT dependencies -MF /Users/j/Documents/GitHub/MoneroOne/build/Build/Intermediates.noindex/swift-crypto.build/Debug-iphonesimulator/CCryptoBoringSSL.build/Objects-normal/arm64/sha512-x86_64-mac.mac.x86_64.d --serialize-diagnostics /Users/j/Documents/GitHub/MoneroOne/build/Build/Intermediates.noindex/swift-crypto.build/Debug-iphonesimulator/CCryptoBoringSSL.build/Objects-normal/arm64/sha512-x86_64-mac.mac.x86_64.dia -c /Users/j/Documents/GitHub/MoneroOne/build/SourcePackages/checkouts/swift-crypto/Sources/CCryptoBoringSSL/crypto/fipsmodule/sha512-x86_64-mac.mac.x86_64.S -o /Users/j/Documents/GitHub/MoneroOne/build/Build/Intermediates.noindex/swift-crypto.build/Debug-iphonesimulator/CCryptoBoringSSL.build/Objects-normal/arm64/sha512-x86_64-mac.mac.x86_64.o -index-unit-output-path /swift-crypto.build/Debug-iphonesimulator/CCryptoBoringSSL.build/Objects-normal/arm64/sha512-x86_64-mac.mac.x86_64.o

CompileC /Users/j/Documents/GitHub/MoneroOne/build/Build/Intermediates.noindex/swift-crypto.build/Debug-iphonesimulator/CCryptoBoringSSL.build/Objects-normal/arm64/sha512-x86_64-linux.linux.x86_64.o /Users/j/Documents/GitHub/MoneroOne/build/SourcePackages/checkouts/swift-crypto/Sources/CCryptoBoringSSL/crypto/fipsmodule/sha512-x86_64-linux.linux.x86_64.S normal arm64 assembler-with-cpp com.apple.compilers.llvm.clang.1_0.compiler (in target 'CCryptoBoringSSL' from project 'swift-crypto')
    cd /Users/j/Documents/GitHub/MoneroOne/MoneroOne.xcodeproj
    
    Using response file: /Users/j/Documents/GitHub/MoneroOne/build/Build/Intermediates.noindex/swift-crypto.build/Debug-iphonesimulator/CCryptoBoringSSL.build/Objects-normal/arm64/533656923a283fa776881f304837ed9e-common-args.resp
    
    /Applications/Xcode.app/Contents/Developer/Toolchains/XcodeDefault.xctoolchain/usr/bin/clang -x assembler-with-cpp -ivfsstatcache /Users/j/Documents/GitHub/MoneroOne/build/SDKStatCaches.noindex/iphonesimulator26.1-23B77-90cf18a4295e390e64c810bc6bd7acbc.sdkstatcache -fmessage-length\=0 -fdiagnostics-show-note-include-stack -fmacro-backtrace-limit\=0 -fno-color-diagnostics -fmodules-prune-interval\=86400 -fmodules-prune-after\=345600 -fbuild-session-file\=/Users/j/Documents/GitHub/MoneroOne/build/ModuleCache.noindex/Session.modulevalidation -fmodules-validate-once-per-build-session -Wnon-modular-include-in-framework-module -Werror\=non-modular-include-in-framework-module -Wno-trigraphs -Wno-missing-field-initializers -Wno-missing-prototypes -Wno-return-type -Wno-missing-braces -Wparentheses -Wswitch -Wno-unused-function -Wno-unused-label -Wno-unused-parameter -Wno-unused-variable -Wunused-value -Wno-empty-body -Wno-uninitialized -Wno-unknown-pragmas -w -Wno-shadow -Wno-four-char-constants -Wno-conversion -Wno-constant-conversion -Wno-int-conversion -Wno-bool-conversion -Wno-enum-conversion -Wno-float-conversion -Wno-non-literal-null-conversion -Wno-objc-literal-conversion -Wshorten-64-to-32 -Wno-newline-eof -Wno-implicit-fallthrough -fstrict-aliasing -Wdeprecated-declarations -Wno-sign-conversion -Wno-infinite-recursion -Wno-comma -Wno-block-capture-autoreleasing -Wno-strict-prototypes -Wno-semicolon-before-method-body -index-store-path /Users/j/Documents/GitHub/MoneroOne/build/Index.noindex/DataStore @/Users/j/Documents/GitHub/MoneroOne/build/Build/Intermediates.noindex/swift-crypto.build/Debug-iphonesimulator/CCryptoBoringSSL.build/Objects-normal/arm64/533656923a283fa776881f304837ed9e-common-args.resp -MMD -MT dependencies -MF /Users/j/Documents/GitHub/MoneroOne/build/Build/Intermediates.noindex/swift-crypto.build/Debug-iphonesimulator/CCryptoBoringSSL.build/Objects-normal/arm64/sha512-x86_64-linux.linux.x86_64.d --serialize-diagnostics /Users/j/Documents/GitHub/MoneroOne/build/Build/Intermediates.noindex/swift-crypto.build/Debug-iphonesimulator/CCryptoBoringSSL.build/Objects-normal/arm64/sha512-x86_64-linux.linux.x86_64.dia -c /Users/j/Documents/GitHub/MoneroOne/build/SourcePackages/checkouts/swift-crypto/Sources/CCryptoBoringSSL/crypto/fipsmodule/sha512-x86_64-linux.linux.x86_64.S -o /Users/j/Documents/GitHub/MoneroOne/build/Build/Intermediates.noindex/swift-crypto.build/Debug-iphonesimulator/CCryptoBoringSSL.build/Objects-normal/arm64/sha512-x86_64-linux.linux.x86_64.o -index-unit-output-path /swift-crypto.build/Debug-iphonesimulator/CCryptoBoringSSL.build/Objects-normal/arm64/sha512-x86_64-linux.linux.x86_64.o

CompileC /Users/j/Documents/GitHub/MoneroOne/build/Build/Intermediates.noindex/swift-crypto.build/Debug-iphonesimulator/CCryptoBoringSSL.build/Objects-normal/arm64/sha512-armv8-linux.linux.aarch64.o /Users/j/Documents/GitHub/MoneroOne/build/SourcePackages/checkouts/swift-crypto/Sources/CCryptoBoringSSL/crypto/fipsmodule/sha512-armv8-linux.linux.aarch64.S normal arm64 assembler-with-cpp com.apple.compilers.llvm.clang.1_0.compiler (in target 'CCryptoBoringSSL' from project 'swift-crypto')
    cd /Users/j/Documents/GitHub/MoneroOne/MoneroOne.xcodeproj
    
    Using response file: /Users/j/Documents/GitHub/MoneroOne/build/Build/Intermediates.noindex/swift-crypto.build/Debug-iphonesimulator/CCryptoBoringSSL.build/Objects-normal/arm64/533656923a283fa776881f304837ed9e-common-args.resp
    
    /Applications/Xcode.app/Contents/Developer/Toolchains/XcodeDefault.xctoolchain/usr/bin/clang -x assembler-with-cpp -ivfsstatcache /Users/j/Documents/GitHub/MoneroOne/build/SDKStatCaches.noindex/iphonesimulator26.1-23B77-90cf18a4295e390e64c810bc6bd7acbc.sdkstatcache -fmessage-length\=0 -fdiagnostics-show-note-include-stack -fmacro-backtrace-limit\=0 -fno-color-diagnostics -fmodules-prune-interval\=86400 -fmodules-prune-after\=345600 -fbuild-session-file\=/Users/j/Documents/GitHub/MoneroOne/build/ModuleCache.noindex/Session.modulevalidation -fmodules-validate-once-per-build-session -Wnon-modular-include-in-framework-module -Werror\=non-modular-include-in-framework-module -Wno-trigraphs -Wno-missing-field-initializers -Wno-missing-prototypes -Wno-return-type -Wno-missing-braces -Wparentheses -Wswitch -Wno-unused-function -Wno-unused-label -Wno-unused-parameter -Wno-unused-variable -Wunused-value -Wno-empty-body -Wno-uninitialized -Wno-unknown-pragmas -w -Wno-shadow -Wno-four-char-constants -Wno-conversion -Wno-constant-conversion -Wno-int-conversion -Wno-bool-conversion -Wno-enum-conversion -Wno-float-conversion -Wno-non-literal-null-conversion -Wno-objc-literal-conversion -Wshorten-64-to-32 -Wno-newline-eof -Wno-implicit-fallthrough -fstrict-aliasing -Wdeprecated-declarations -Wno-sign-conversion -Wno-infinite-recursion -Wno-comma -Wno-block-capture-autoreleasing -Wno-strict-prototypes -Wno-semicolon-before-method-body -index-store-path /Users/j/Documents/GitHub/MoneroOne/build/Index.noindex/DataStore @/Users/j/Documents/GitHub/MoneroOne/build/Build/Intermediates.noindex/swift-crypto.build/Debug-iphonesimulator/CCryptoBoringSSL.build/Objects-normal/arm64/533656923a283fa776881f304837ed9e-common-args.resp -MMD -MT dependencies -MF /Users/j/Documents/GitHub/MoneroOne/build/Build/Intermediates.noindex/swift-crypto.build/Debug-iphonesimulator/CCryptoBoringSSL.build/Objects-normal/arm64/sha512-armv8-linux.linux.aarch64.d --serialize-diagnostics /Users/j/Documents/GitHub/MoneroOne/build/Build/Intermediates.noindex/swift-crypto.build/Debug-iphonesimulator/CCryptoBoringSSL.build/Objects-normal/arm64/sha512-armv8-linux.linux.aarch64.dia -c /Users/j/Documents/GitHub/MoneroOne/build/SourcePackages/checkouts/swift-crypto/Sources/CCryptoBoringSSL/crypto/fipsmodule/sha512-armv8-linux.linux.aarch64.S -o /Users/j/Documents/GitHub/MoneroOne/build/Build/Intermediates.noindex/swift-crypto.build/Debug-iphonesimulator/CCryptoBoringSSL.build/Objects-normal/arm64/sha512-armv8-linux.linux.aarch64.o -index-unit-output-path /swift-crypto.build/Debug-iphonesimulator/CCryptoBoringSSL.build/Objects-normal/arm64/sha512-armv8-linux.linux.aarch64.o

CompileC /Users/j/Documents/GitHub/MoneroOne/build/Build/Intermediates.noindex/swift-crypto.build/Debug-iphonesimulator/CCryptoBoringSSL.build/Objects-normal/arm64/sha512-armv8-ios.ios.aarch64.o /Users/j/Documents/GitHub/MoneroOne/build/SourcePackages/checkouts/swift-crypto/Sources/CCryptoBoringSSL/crypto/fipsmodule/sha512-armv8-ios.ios.aarch64.S normal arm64 assembler-with-cpp com.apple.compilers.llvm.clang.1_0.compiler (in target 'CCryptoBoringSSL' from project 'swift-crypto')
    cd /Users/j/Documents/GitHub/MoneroOne/MoneroOne.xcodeproj
    
    Using response file: /Users/j/Documents/GitHub/MoneroOne/build/Build/Intermediates.noindex/swift-crypto.build/Debug-iphonesimulator/CCryptoBoringSSL.build/Objects-normal/arm64/533656923a283fa776881f304837ed9e-common-args.resp
    
    /Applications/Xcode.app/Contents/Developer/Toolchains/XcodeDefault.xctoolchain/usr/bin/clang -x assembler-with-cpp -ivfsstatcache /Users/j/Documents/GitHub/MoneroOne/build/SDKStatCaches.noindex/iphonesimulator26.1-23B77-90cf18a4295e390e64c810bc6bd7acbc.sdkstatcache -fmessage-length\=0 -fdiagnostics-show-note-include-stack -fmacro-backtrace-limit\=0 -fno-color-diagnostics -fmodules-prune-interval\=86400 -fmodules-prune-after\=345600 -fbuild-session-file\=/Users/j/Documents/GitHub/MoneroOne/build/ModuleCache.noindex/Session.modulevalidation -fmodules-validate-once-per-build-session -Wnon-modular-include-in-framework-module -Werror\=non-modular-include-in-framework-module -Wno-trigraphs -Wno-missing-field-initializers -Wno-missing-prototypes -Wno-return-type -Wno-missing-braces -Wparentheses -Wswitch -Wno-unused-function -Wno-unused-label -Wno-unused-parameter -Wno-unused-variable -Wunused-value -Wno-empty-body -Wno-uninitialized -Wno-unknown-pragmas -w -Wno-shadow -Wno-four-char-constants -Wno-conversion -Wno-constant-conversion -Wno-int-conversion -Wno-bool-conversion -Wno-enum-conversion -Wno-float-conversion -Wno-non-literal-null-conversion -Wno-objc-literal-conversion -Wshorten-64-to-32 -Wno-newline-eof -Wno-implicit-fallthrough -fstrict-aliasing -Wdeprecated-declarations -Wno-sign-conversion -Wno-infinite-recursion -Wno-comma -Wno-block-capture-autoreleasing -Wno-strict-prototypes -Wno-semicolon-before-method-body -index-store-path /Users/j/Documents/GitHub/MoneroOne/build/Index.noindex/DataStore @/Users/j/Documents/GitHub/MoneroOne/build/Build/Intermediates.noindex/swift-crypto.build/Debug-iphonesimulator/CCryptoBoringSSL.build/Objects-normal/arm64/533656923a283fa776881f304837ed9e-common-args.resp -MMD -MT dependencies -MF /Users/j/Documents/GitHub/MoneroOne/build/Build/Intermediates.noindex/swift-crypto.build/Debug-iphonesimulator/CCryptoBoringSSL.build/Objects-normal/arm64/sha512-armv8-ios.ios.aarch64.d --serialize-diagnostics /Users/j/Documents/GitHub/MoneroOne/build/Build/Intermediates.noindex/swift-crypto.build/Debug-iphonesimulator/CCryptoBoringSSL.build/Objects-normal/arm64/sha512-armv8-ios.ios.aarch64.dia -c /Users/j/Documents/GitHub/MoneroOne/build/SourcePackages/checkouts/swift-crypto/Sources/CCryptoBoringSSL/crypto/fipsmodule/sha512-armv8-ios.ios.aarch64.S -o /Users/j/Documents/GitHub/MoneroOne/build/Build/Intermediates.noindex/swift-crypto.build/Debug-iphonesimulator/CCryptoBoringSSL.build/Objects-normal/arm64/sha512-armv8-ios.ios.aarch64.o -index-unit-output-path /swift-crypto.build/Debug-iphonesimulator/CCryptoBoringSSL.build/Objects-normal/arm64/sha512-armv8-ios.ios.aarch64.o

CompileC /Users/j/Documents/GitHub/MoneroOne/build/Build/Intermediates.noindex/swift-crypto.build/Debug-iphonesimulator/CCryptoBoringSSL.build/Objects-normal/arm64/sha512-armv4-linux.linux.arm.o /Users/j/Documents/GitHub/MoneroOne/build/SourcePackages/checkouts/swift-crypto/Sources/CCryptoBoringSSL/crypto/fipsmodule/sha512-armv4-linux.linux.arm.S normal arm64 assembler-with-cpp com.apple.compilers.llvm.clang.1_0.compiler (in target 'CCryptoBoringSSL' from project 'swift-crypto')
    cd /Users/j/Documents/GitHub/MoneroOne/MoneroOne.xcodeproj
    
    Using response file: /Users/j/Documents/GitHub/MoneroOne/build/Build/Intermediates.noindex/swift-crypto.build/Debug-iphonesimulator/CCryptoBoringSSL.build/Objects-normal/arm64/533656923a283fa776881f304837ed9e-common-args.resp
    
    /Applications/Xcode.app/Contents/Developer/Toolchains/XcodeDefault.xctoolchain/usr/bin/clang -x assembler-with-cpp -ivfsstatcache /Users/j/Documents/GitHub/MoneroOne/build/SDKStatCaches.noindex/iphonesimulator26.1-23B77-90cf18a4295e390e64c810bc6bd7acbc.sdkstatcache -fmessage-length\=0 -fdiagnostics-show-note-include-stack -fmacro-backtrace-limit\=0 -fno-color-diagnostics -fmodules-prune-interval\=86400 -fmodules-prune-after\=345600 -fbuild-session-file\=/Users/j/Documents/GitHub/MoneroOne/build/ModuleCache.noindex/Session.modulevalidation -fmodules-validate-once-per-build-session -Wnon-modular-include-in-framework-module -Werror\=non-modular-include-in-framework-module -Wno-trigraphs -Wno-missing-field-initializers -Wno-missing-prototypes -Wno-return-type -Wno-missing-braces -Wparentheses -Wswitch -Wno-unused-function -Wno-unused-label -Wno-unused-parameter -Wno-unused-variable -Wunused-value -Wno-empty-body -Wno-uninitialized -Wno-unknown-pragmas -w -Wno-shadow -Wno-four-char-constants -Wno-conversion -Wno-constant-conversion -Wno-int-conversion -Wno-bool-conversion -Wno-enum-conversion -Wno-float-conversion -Wno-non-literal-null-conversion -Wno-objc-literal-conversion -Wshorten-64-to-32 -Wno-newline-eof -Wno-implicit-fallthrough -fstrict-aliasing -Wdeprecated-declarations -Wno-sign-conversion -Wno-infinite-recursion -Wno-comma -Wno-block-capture-autoreleasing -Wno-strict-prototypes -Wno-semicolon-before-method-body -index-store-path /Users/j/Documents/GitHub/MoneroOne/build/Index.noindex/DataStore @/Users/j/Documents/GitHub/MoneroOne/build/Build/Intermediates.noindex/swift-crypto.build/Debug-iphonesimulator/CCryptoBoringSSL.build/Objects-normal/arm64/533656923a283fa776881f304837ed9e-common-args.resp -MMD -MT dependencies -MF /Users/j/Documents/GitHub/MoneroOne/build/Build/Intermediates.noindex/swift-crypto.build/Debug-iphonesimulator/CCryptoBoringSSL.build/Objects-normal/arm64/sha512-armv4-linux.linux.arm.d --serialize-diagnostics /Users/j/Documents/GitHub/MoneroOne/build/Build/Intermediates.noindex/swift-crypto.build/Debug-iphonesimulator/CCryptoBoringSSL.build/Objects-normal/arm64/sha512-armv4-linux.linux.arm.dia -c /Users/j/Documents/GitHub/MoneroOne/build/SourcePackages/checkouts/swift-crypto/Sources/CCryptoBoringSSL/crypto/fipsmodule/sha512-armv4-linux.linux.arm.S -o /Users/j/Documents/GitHub/MoneroOne/build/Build/Intermediates.noindex/swift-crypto.build/Debug-iphonesimulator/CCryptoBoringSSL.build/Objects-normal/arm64/sha512-armv4-linux.linux.arm.o -index-unit-output-path /swift-crypto.build/Debug-iphonesimulator/CCryptoBoringSSL.build/Objects-normal/arm64/sha512-armv4-linux.linux.arm.o

CompileC /Users/j/Documents/GitHub/MoneroOne/build/Build/Intermediates.noindex/swift-crypto.build/Debug-iphonesimulator/CCryptoBoringSSL.build/Objects-normal/arm64/sha512-armv4-ios.ios.arm.o /Users/j/Documents/GitHub/MoneroOne/build/SourcePackages/checkouts/swift-crypto/Sources/CCryptoBoringSSL/crypto/fipsmodule/sha512-armv4-ios.ios.arm.S normal arm64 assembler-with-cpp com.apple.compilers.llvm.clang.1_0.compiler (in target 'CCryptoBoringSSL' from project 'swift-crypto')
    cd /Users/j/Documents/GitHub/MoneroOne/MoneroOne.xcodeproj
    
    Using response file: /Users/j/Documents/GitHub/MoneroOne/build/Build/Intermediates.noindex/swift-crypto.build/Debug-iphonesimulator/CCryptoBoringSSL.build/Objects-normal/arm64/533656923a283fa776881f304837ed9e-common-args.resp
    
    /Applications/Xcode.app/Contents/Developer/Toolchains/XcodeDefault.xctoolchain/usr/bin/clang -x assembler-with-cpp -ivfsstatcache /Users/j/Documents/GitHub/MoneroOne/build/SDKStatCaches.noindex/iphonesimulator26.1-23B77-90cf18a4295e390e64c810bc6bd7acbc.sdkstatcache -fmessage-length\=0 -fdiagnostics-show-note-include-stack -fmacro-backtrace-limit\=0 -fno-color-diagnostics -fmodules-prune-interval\=86400 -fmodules-prune-after\=345600 -fbuild-session-file\=/Users/j/Documents/GitHub/MoneroOne/build/ModuleCache.noindex/Session.modulevalidation -fmodules-validate-once-per-build-session -Wnon-modular-include-in-framework-module -Werror\=non-modular-include-in-framework-module -Wno-trigraphs -Wno-missing-field-initializers -Wno-missing-prototypes -Wno-return-type -Wno-missing-braces -Wparentheses -Wswitch -Wno-unused-function -Wno-unused-label -Wno-unused-parameter -Wno-unused-variable -Wunused-value -Wno-empty-body -Wno-uninitialized -Wno-unknown-pragmas -w -Wno-shadow -Wno-four-char-constants -Wno-conversion -Wno-constant-conversion -Wno-int-conversion -Wno-bool-conversion -Wno-enum-conversion -Wno-float-conversion -Wno-non-literal-null-conversion -Wno-objc-literal-conversion -Wshorten-64-to-32 -Wno-newline-eof -Wno-implicit-fallthrough -fstrict-aliasing -Wdeprecated-declarations -Wno-sign-conversion -Wno-infinite-recursion -Wno-comma -Wno-block-capture-autoreleasing -Wno-strict-prototypes -Wno-semicolon-before-method-body -index-store-path /Users/j/Documents/GitHub/MoneroOne/build/Index.noindex/DataStore @/Users/j/Documents/GitHub/MoneroOne/build/Build/Intermediates.noindex/swift-crypto.build/Debug-iphonesimulator/CCryptoBoringSSL.build/Objects-normal/arm64/533656923a283fa776881f304837ed9e-common-args.resp -MMD -MT dependencies -MF /Users/j/Documents/GitHub/MoneroOne/build/Build/Intermediates.noindex/swift-crypto.build/Debug-iphonesimulator/CCryptoBoringSSL.build/Objects-normal/arm64/sha512-armv4-ios.ios.arm.d --serialize-diagnostics /Users/j/Documents/GitHub/MoneroOne/build/Build/Intermediates.noindex/swift-crypto.build/Debug-iphonesimulator/CCryptoBoringSSL.build/Objects-normal/arm64/sha512-armv4-ios.ios.arm.dia -c /Users/j/Documents/GitHub/MoneroOne/build/SourcePackages/checkouts/swift-crypto/Sources/CCryptoBoringSSL/crypto/fipsmodule/sha512-armv4-ios.ios.arm.S -o /Users/j/Documents/GitHub/MoneroOne/build/Build/Intermediates.noindex/swift-crypto.build/Debug-iphonesimulator/CCryptoBoringSSL.build/Objects-normal/arm64/sha512-armv4-ios.ios.arm.o -index-unit-output-path /swift-crypto.build/Debug-iphonesimulator/CCryptoBoringSSL.build/Objects-normal/arm64/sha512-armv4-ios.ios.arm.o

CompileC /Users/j/Documents/GitHub/MoneroOne/build/Build/Intermediates.noindex/swift-crypto.build/Debug-iphonesimulator/CCryptoBoringSSL.build/Objects-normal/arm64/sha512-586-windows.windows.x86.o /Users/j/Documents/GitHub/MoneroOne/build/SourcePackages/checkouts/swift-crypto/Sources/CCryptoBoringSSL/crypto/fipsmodule/sha512-586-windows.windows.x86.S normal arm64 assembler-with-cpp com.apple.compilers.llvm.clang.1_0.compiler (in target 'CCryptoBoringSSL' from project 'swift-crypto')
    cd /Users/j/Documents/GitHub/MoneroOne/MoneroOne.xcodeproj
    
    Using response file: /Users/j/Documents/GitHub/MoneroOne/build/Build/Intermediates.noindex/swift-crypto.build/Debug-iphonesimulator/CCryptoBoringSSL.build/Objects-normal/arm64/533656923a283fa776881f304837ed9e-common-args.resp
    
    /Applications/Xcode.app/Contents/Developer/Toolchains/XcodeDefault.xctoolchain/usr/bin/clang -x assembler-with-cpp -ivfsstatcache /Users/j/Documents/GitHub/MoneroOne/build/SDKStatCaches.noindex/iphonesimulator26.1-23B77-90cf18a4295e390e64c810bc6bd7acbc.sdkstatcache -fmessage-length\=0 -fdiagnostics-show-note-include-stack -fmacro-backtrace-limit\=0 -fno-color-diagnostics -fmodules-prune-interval\=86400 -fmodules-prune-after\=345600 -fbuild-session-file\=/Users/j/Documents/GitHub/MoneroOne/build/ModuleCache.noindex/Session.modulevalidation -fmodules-validate-once-per-build-session -Wnon-modular-include-in-framework-module -Werror\=non-modular-include-in-framework-module -Wno-trigraphs -Wno-missing-field-initializers -Wno-missing-prototypes -Wno-return-type -Wno-missing-braces -Wparentheses -Wswitch -Wno-unused-function -Wno-unused-label -Wno-unused-parameter -Wno-unused-variable -Wunused-value -Wno-empty-body -Wno-uninitialized -Wno-unknown-pragmas -w -Wno-shadow -Wno-four-char-constants -Wno-conversion -Wno-constant-conversion -Wno-int-conversion -Wno-bool-conversion -Wno-enum-conversion -Wno-float-conversion -Wno-non-literal-null-conversion -Wno-objc-literal-conversion -Wshorten-64-to-32 -Wno-newline-eof -Wno-implicit-fallthrough -fstrict-aliasing -Wdeprecated-declarations -Wno-sign-conversion -Wno-infinite-recursion -Wno-comma -Wno-block-capture-autoreleasing -Wno-strict-prototypes -Wno-semicolon-before-method-body -index-store-path /Users/j/Documents/GitHub/MoneroOne/build/Index.noindex/DataStore @/Users/j/Documents/GitHub/MoneroOne/build/Build/Intermediates.noindex/swift-crypto.build/Debug-iphonesimulator/CCryptoBoringSSL.build/Objects-normal/arm64/533656923a283fa776881f304837ed9e-common-args.resp -MMD -MT dependencies -MF /Users/j/Documents/GitHub/MoneroOne/build/Build/Intermediates.noindex/swift-crypto.build/Debug-iphonesimulator/CCryptoBoringSSL.build/Objects-normal/arm64/sha512-586-windows.windows.x86.d --serialize-diagnostics /Users/j/Documents/GitHub/MoneroOne/build/Build/Intermediates.noindex/swift-crypto.build/Debug-iphonesimulator/CCryptoBoringSSL.build/Objects-normal/arm64/sha512-586-windows.windows.x86.dia -c /Users/j/Documents/GitHub/MoneroOne/build/SourcePackages/checkouts/swift-crypto/Sources/CCryptoBoringSSL/crypto/fipsmodule/sha512-586-windows.windows.x86.S -o /Users/j/Documents/GitHub/MoneroOne/build/Build/Intermediates.noindex/swift-crypto.build/Debug-iphonesimulator/CCryptoBoringSSL.build/Objects-normal/arm64/sha512-586-windows.windows.x86.o -index-unit-output-path /swift-crypto.build/Debug-iphonesimulator/CCryptoBoringSSL.build/Objects-normal/arm64/sha512-586-windows.windows.x86.o

CompileC /Users/j/Documents/GitHub/MoneroOne/build/Build/Intermediates.noindex/swift-crypto.build/Debug-iphonesimulator/CCryptoBoringSSL.build/Objects-normal/arm64/sha512-586-linux.linux.x86.o /Users/j/Documents/GitHub/MoneroOne/build/SourcePackages/checkouts/swift-crypto/Sources/CCryptoBoringSSL/crypto/fipsmodule/sha512-586-linux.linux.x86.S normal arm64 assembler-with-cpp com.apple.compilers.llvm.clang.1_0.compiler (in target 'CCryptoBoringSSL' from project 'swift-crypto')
    cd /Users/j/Documents/GitHub/MoneroOne/MoneroOne.xcodeproj
    
    Using response file: /Users/j/Documents/GitHub/MoneroOne/build/Build/Intermediates.noindex/swift-crypto.build/Debug-iphonesimulator/CCryptoBoringSSL.build/Objects-normal/arm64/533656923a283fa776881f304837ed9e-common-args.resp
    
    /Applications/Xcode.app/Contents/Developer/Toolchains/XcodeDefault.xctoolchain/usr/bin/clang -x assembler-with-cpp -ivfsstatcache /Users/j/Documents/GitHub/MoneroOne/build/SDKStatCaches.noindex/iphonesimulator26.1-23B77-90cf18a4295e390e64c810bc6bd7acbc.sdkstatcache -fmessage-length\=0 -fdiagnostics-show-note-include-stack -fmacro-backtrace-limit\=0 -fno-color-diagnostics -fmodules-prune-interval\=86400 -fmodules-prune-after\=345600 -fbuild-session-file\=/Users/j/Documents/GitHub/MoneroOne/build/ModuleCache.noindex/Session.modulevalidation -fmodules-validate-once-per-build-session -Wnon-modular-include-in-framework-module -Werror\=non-modular-include-in-framework-module -Wno-trigraphs -Wno-missing-field-initializers -Wno-missing-prototypes -Wno-return-type -Wno-missing-braces -Wparentheses -Wswitch -Wno-unused-function -Wno-unused-label -Wno-unused-parameter -Wno-unused-variable -Wunused-value -Wno-empty-body -Wno-uninitialized -Wno-unknown-pragmas -w -Wno-shadow -Wno-four-char-constants -Wno-conversion -Wno-constant-conversion -Wno-int-conversion -Wno-bool-conversion -Wno-enum-conversion -Wno-float-conversion -Wno-non-literal-null-conversion -Wno-objc-literal-conversion -Wshorten-64-to-32 -Wno-newline-eof -Wno-implicit-fallthrough -fstrict-aliasing -Wdeprecated-declarations -Wno-sign-conversion -Wno-infinite-recursion -Wno-comma -Wno-block-capture-autoreleasing -Wno-strict-prototypes -Wno-semicolon-before-method-body -index-store-path /Users/j/Documents/GitHub/MoneroOne/build/Index.noindex/DataStore @/Users/j/Documents/GitHub/MoneroOne/build/Build/Intermediates.noindex/swift-crypto.build/Debug-iphonesimulator/CCryptoBoringSSL.build/Objects-normal/arm64/533656923a283fa776881f304837ed9e-common-args.resp -MMD -MT dependencies -MF /Users/j/Documents/GitHub/MoneroOne/build/Build/Intermediates.noindex/swift-crypto.build/Debug-iphonesimulator/CCryptoBoringSSL.build/Objects-normal/arm64/sha512-586-linux.linux.x86.d --serialize-diagnostics /Users/j/Documents/GitHub/MoneroOne/build/Build/Intermediates.noindex/swift-crypto.build/Debug-iphonesimulator/CCryptoBoringSSL.build/Objects-normal/arm64/sha512-586-linux.linux.x86.dia -c /Users/j/Documents/GitHub/MoneroOne/build/SourcePackages/checkouts/swift-crypto/Sources/CCryptoBoringSSL/crypto/fipsmodule/sha512-586-linux.linux.x86.S -o /Users/j/Documents/GitHub/MoneroOne/build/Build/Intermediates.noindex/swift-crypto.build/Debug-iphonesimulator/CCryptoBoringSSL.build/Objects-normal/arm64/sha512-586-linux.linux.x86.o -index-unit-output-path /swift-crypto.build/Debug-iphonesimulator/CCryptoBoringSSL.build/Objects-normal/arm64/sha512-586-linux.linux.x86.o

CompileC /Users/j/Documents/GitHub/MoneroOne/build/Build/Intermediates.noindex/swift-crypto.build/Debug-iphonesimulator/CCryptoBoringSSL.build/Objects-normal/arm64/sha256-x86_64-mac.mac.x86_64.o /Users/j/Documents/GitHub/MoneroOne/build/SourcePackages/checkouts/swift-crypto/Sources/CCryptoBoringSSL/crypto/fipsmodule/sha256-x86_64-mac.mac.x86_64.S normal arm64 assembler-with-cpp com.apple.compilers.llvm.clang.1_0.compiler (in target 'CCryptoBoringSSL' from project 'swift-crypto')
    cd /Users/j/Documents/GitHub/MoneroOne/MoneroOne.xcodeproj
    
    Using response file: /Users/j/Documents/GitHub/MoneroOne/build/Build/Intermediates.noindex/swift-crypto.build/Debug-iphonesimulator/CCryptoBoringSSL.build/Objects-normal/arm64/533656923a283fa776881f304837ed9e-common-args.resp
    
    /Applications/Xcode.app/Contents/Developer/Toolchains/XcodeDefault.xctoolchain/usr/bin/clang -x assembler-with-cpp -ivfsstatcache /Users/j/Documents/GitHub/MoneroOne/build/SDKStatCaches.noindex/iphonesimulator26.1-23B77-90cf18a4295e390e64c810bc6bd7acbc.sdkstatcache -fmessage-length\=0 -fdiagnostics-show-note-include-stack -fmacro-backtrace-limit\=0 -fno-color-diagnostics -fmodules-prune-interval\=86400 -fmodules-prune-after\=345600 -fbuild-session-file\=/Users/j/Documents/GitHub/MoneroOne/build/ModuleCache.noindex/Session.modulevalidation -fmodules-validate-once-per-build-session -Wnon-modular-include-in-framework-module -Werror\=non-modular-include-in-framework-module -Wno-trigraphs -Wno-missing-field-initializers -Wno-missing-prototypes -Wno-return-type -Wno-missing-braces -Wparentheses -Wswitch -Wno-unused-function -Wno-unused-label -Wno-unused-parameter -Wno-unused-variable -Wunused-value -Wno-empty-body -Wno-uninitialized -Wno-unknown-pragmas -w -Wno-shadow -Wno-four-char-constants -Wno-conversion -Wno-constant-conversion -Wno-int-conversion -Wno-bool-conversion -Wno-enum-conversion -Wno-float-conversion -Wno-non-literal-null-conversion -Wno-objc-literal-conversion -Wshorten-64-to-32 -Wno-newline-eof -Wno-implicit-fallthrough -fstrict-aliasing -Wdeprecated-declarations -Wno-sign-conversion -Wno-infinite-recursion -Wno-comma -Wno-block-capture-autoreleasing -Wno-strict-prototypes -Wno-semicolon-before-method-body -index-store-path /Users/j/Documents/GitHub/MoneroOne/build/Index.noindex/DataStore @/Users/j/Documents/GitHub/MoneroOne/build/Build/Intermediates.noindex/swift-crypto.build/Debug-iphonesimulator/CCryptoBoringSSL.build/Objects-normal/arm64/533656923a283fa776881f304837ed9e-common-args.resp -MMD -MT dependencies -MF /Users/j/Documents/GitHub/MoneroOne/build/Build/Intermediates.noindex/swift-crypto.build/Debug-iphonesimulator/CCryptoBoringSSL.build/Objects-normal/arm64/sha256-x86_64-mac.mac.x86_64.d --serialize-diagnostics /Users/j/Documents/GitHub/MoneroOne/build/Build/Intermediates.noindex/swift-crypto.build/Debug-iphonesimulator/CCryptoBoringSSL.build/Objects-normal/arm64/sha256-x86_64-mac.mac.x86_64.dia -c /Users/j/Documents/GitHub/MoneroOne/build/SourcePackages/checkouts/swift-crypto/Sources/CCryptoBoringSSL/crypto/fipsmodule/sha256-x86_64-mac.mac.x86_64.S -o /Users/j/Documents/GitHub/MoneroOne/build/Build/Intermediates.noindex/swift-crypto.build/Debug-iphonesimulator/CCryptoBoringSSL.build/Objects-normal/arm64/sha256-x86_64-mac.mac.x86_64.o -index-unit-output-path /swift-crypto.build/Debug-iphonesimulator/CCryptoBoringSSL.build/Objects-normal/arm64/sha256-x86_64-mac.mac.x86_64.o

CompileC /Users/j/Documents/GitHub/MoneroOne/build/Build/Intermediates.noindex/swift-crypto.build/Debug-iphonesimulator/CCryptoBoringSSL.build/Objects-normal/arm64/sha256-x86_64-linux.linux.x86_64.o /Users/j/Documents/GitHub/MoneroOne/build/SourcePackages/checkouts/swift-crypto/Sources/CCryptoBoringSSL/crypto/fipsmodule/sha256-x86_64-linux.linux.x86_64.S normal arm64 assembler-with-cpp com.apple.compilers.llvm.clang.1_0.compiler (in target 'CCryptoBoringSSL' from project 'swift-crypto')
    cd /Users/j/Documents/GitHub/MoneroOne/MoneroOne.xcodeproj
    
    Using response file: /Users/j/Documents/GitHub/MoneroOne/build/Build/Intermediates.noindex/swift-crypto.build/Debug-iphonesimulator/CCryptoBoringSSL.build/Objects-normal/arm64/533656923a283fa776881f304837ed9e-common-args.resp
    
    /Applications/Xcode.app/Contents/Developer/Toolchains/XcodeDefault.xctoolchain/usr/bin/clang -x assembler-with-cpp -ivfsstatcache /Users/j/Documents/GitHub/MoneroOne/build/SDKStatCaches.noindex/iphonesimulator26.1-23B77-90cf18a4295e390e64c810bc6bd7acbc.sdkstatcache -fmessage-length\=0 -fdiagnostics-show-note-include-stack -fmacro-backtrace-limit\=0 -fno-color-diagnostics -fmodules-prune-interval\=86400 -fmodules-prune-after\=345600 -fbuild-session-file\=/Users/j/Documents/GitHub/MoneroOne/build/ModuleCache.noindex/Session.modulevalidation -fmodules-validate-once-per-build-session -Wnon-modular-include-in-framework-module -Werror\=non-modular-include-in-framework-module -Wno-trigraphs -Wno-missing-field-initializers -Wno-missing-prototypes -Wno-return-type -Wno-missing-braces -Wparentheses -Wswitch -Wno-unused-function -Wno-unused-label -Wno-unused-parameter -Wno-unused-variable -Wunused-value -Wno-empty-body -Wno-uninitialized -Wno-unknown-pragmas -w -Wno-shadow -Wno-four-char-constants -Wno-conversion -Wno-constant-conversion -Wno-int-conversion -Wno-bool-conversion -Wno-enum-conversion -Wno-float-conversion -Wno-non-literal-null-conversion -Wno-objc-literal-conversion -Wshorten-64-to-32 -Wno-newline-eof -Wno-implicit-fallthrough -fstrict-aliasing -Wdeprecated-declarations -Wno-sign-conversion -Wno-infinite-recursion -Wno-comma -Wno-block-capture-autoreleasing -Wno-strict-prototypes -Wno-semicolon-before-method-body -index-store-path /Users/j/Documents/GitHub/MoneroOne/build/Index.noindex/DataStore @/Users/j/Documents/GitHub/MoneroOne/build/Build/Intermediates.noindex/swift-crypto.build/Debug-iphonesimulator/CCryptoBoringSSL.build/Objects-normal/arm64/533656923a283fa776881f304837ed9e-common-args.resp -MMD -MT dependencies -MF /Users/j/Documents/GitHub/MoneroOne/build/Build/Intermediates.noindex/swift-crypto.build/Debug-iphonesimulator/CCryptoBoringSSL.build/Objects-normal/arm64/sha256-x86_64-linux.linux.x86_64.d --serialize-diagnostics /Users/j/Documents/GitHub/MoneroOne/build/Build/Intermediates.noindex/swift-crypto.build/Debug-iphonesimulator/CCryptoBoringSSL.build/Objects-normal/arm64/sha256-x86_64-linux.linux.x86_64.dia -c /Users/j/Documents/GitHub/MoneroOne/build/SourcePackages/checkouts/swift-crypto/Sources/CCryptoBoringSSL/crypto/fipsmodule/sha256-x86_64-linux.linux.x86_64.S -o /Users/j/Documents/GitHub/MoneroOne/build/Build/Intermediates.noindex/swift-crypto.build/Debug-iphonesimulator/CCryptoBoringSSL.build/Objects-normal/arm64/sha256-x86_64-linux.linux.x86_64.o -index-unit-output-path /swift-crypto.build/Debug-iphonesimulator/CCryptoBoringSSL.build/Objects-normal/arm64/sha256-x86_64-linux.linux.x86_64.o

CompileC /Users/j/Documents/GitHub/MoneroOne/build/Build/Intermediates.noindex/swift-crypto.build/Debug-iphonesimulator/CCryptoBoringSSL.build/Objects-normal/arm64/sha256-armv8-linux.linux.aarch64.o /Users/j/Documents/GitHub/MoneroOne/build/SourcePackages/checkouts/swift-crypto/Sources/CCryptoBoringSSL/crypto/fipsmodule/sha256-armv8-linux.linux.aarch64.S normal arm64 assembler-with-cpp com.apple.compilers.llvm.clang.1_0.compiler (in target 'CCryptoBoringSSL' from project 'swift-crypto')
    cd /Users/j/Documents/GitHub/MoneroOne/MoneroOne.xcodeproj
    
    Using response file: /Users/j/Documents/GitHub/MoneroOne/build/Build/Intermediates.noindex/swift-crypto.build/Debug-iphonesimulator/CCryptoBoringSSL.build/Objects-normal/arm64/533656923a283fa776881f304837ed9e-common-args.resp
    
    /Applications/Xcode.app/Contents/Developer/Toolchains/XcodeDefault.xctoolchain/usr/bin/clang -x assembler-with-cpp -ivfsstatcache /Users/j/Documents/GitHub/MoneroOne/build/SDKStatCaches.noindex/iphonesimulator26.1-23B77-90cf18a4295e390e64c810bc6bd7acbc.sdkstatcache -fmessage-length\=0 -fdiagnostics-show-note-include-stack -fmacro-backtrace-limit\=0 -fno-color-diagnostics -fmodules-prune-interval\=86400 -fmodules-prune-after\=345600 -fbuild-session-file\=/Users/j/Documents/GitHub/MoneroOne/build/ModuleCache.noindex/Session.modulevalidation -fmodules-validate-once-per-build-session -Wnon-modular-include-in-framework-module -Werror\=non-modular-include-in-framework-module -Wno-trigraphs -Wno-missing-field-initializers -Wno-missing-prototypes -Wno-return-type -Wno-missing-braces -Wparentheses -Wswitch -Wno-unused-function -Wno-unused-label -Wno-unused-parameter -Wno-unused-variable -Wunused-value -Wno-empty-body -Wno-uninitialized -Wno-unknown-pragmas -w -Wno-shadow -Wno-four-char-constants -Wno-conversion -Wno-constant-conversion -Wno-int-conversion -Wno-bool-conversion -Wno-enum-conversion -Wno-float-conversion -Wno-non-literal-null-conversion -Wno-objc-literal-conversion -Wshorten-64-to-32 -Wno-newline-eof -Wno-implicit-fallthrough -fstrict-aliasing -Wdeprecated-declarations -Wno-sign-conversion -Wno-infinite-recursion -Wno-comma -Wno-block-capture-autoreleasing -Wno-strict-prototypes -Wno-semicolon-before-method-body -index-store-path /Users/j/Documents/GitHub/MoneroOne/build/Index.noindex/DataStore @/Users/j/Documents/GitHub/MoneroOne/build/Build/Intermediates.noindex/swift-crypto.build/Debug-iphonesimulator/CCryptoBoringSSL.build/Objects-normal/arm64/533656923a283fa776881f304837ed9e-common-args.resp -MMD -MT dependencies -MF /Users/j/Documents/GitHub/MoneroOne/build/Build/Intermediates.noindex/swift-crypto.build/Debug-iphonesimulator/CCryptoBoringSSL.build/Objects-normal/arm64/sha256-armv8-linux.linux.aarch64.d --serialize-diagnostics /Users/j/Documents/GitHub/MoneroOne/build/Build/Intermediates.noindex/swift-crypto.build/Debug-iphonesimulator/CCryptoBoringSSL.build/Objects-normal/arm64/sha256-armv8-linux.linux.aarch64.dia -c /Users/j/Documents/GitHub/MoneroOne/build/SourcePackages/checkouts/swift-crypto/Sources/CCryptoBoringSSL/crypto/fipsmodule/sha256-armv8-linux.linux.aarch64.S -o /Users/j/Documents/GitHub/MoneroOne/build/Build/Intermediates.noindex/swift-crypto.build/Debug-iphonesimulator/CCryptoBoringSSL.build/Objects-normal/arm64/sha256-armv8-linux.linux.aarch64.o -index-unit-output-path /swift-crypto.build/Debug-iphonesimulator/CCryptoBoringSSL.build/Objects-normal/arm64/sha256-armv8-linux.linux.aarch64.o

CompileC /Users/j/Documents/GitHub/MoneroOne/build/Build/Intermediates.noindex/swift-crypto.build/Debug-iphonesimulator/CCryptoBoringSSL.build/Objects-normal/arm64/sha256-armv8-ios.ios.aarch64.o /Users/j/Documents/GitHub/MoneroOne/build/SourcePackages/checkouts/swift-crypto/Sources/CCryptoBoringSSL/crypto/fipsmodule/sha256-armv8-ios.ios.aarch64.S normal arm64 assembler-with-cpp com.apple.compilers.llvm.clang.1_0.compiler (in target 'CCryptoBoringSSL' from project 'swift-crypto')
    cd /Users/j/Documents/GitHub/MoneroOne/MoneroOne.xcodeproj
    
    Using response file: /Users/j/Documents/GitHub/MoneroOne/build/Build/Intermediates.noindex/swift-crypto.build/Debug-iphonesimulator/CCryptoBoringSSL.build/Objects-normal/arm64/533656923a283fa776881f304837ed9e-common-args.resp
    
    /Applications/Xcode.app/Contents/Developer/Toolchains/XcodeDefault.xctoolchain/usr/bin/clang -x assembler-with-cpp -ivfsstatcache /Users/j/Documents/GitHub/MoneroOne/build/SDKStatCaches.noindex/iphonesimulator26.1-23B77-90cf18a4295e390e64c810bc6bd7acbc.sdkstatcache -fmessage-length\=0 -fdiagnostics-show-note-include-stack -fmacro-backtrace-limit\=0 -fno-color-diagnostics -fmodules-prune-interval\=86400 -fmodules-prune-after\=345600 -fbuild-session-file\=/Users/j/Documents/GitHub/MoneroOne/build/ModuleCache.noindex/Session.modulevalidation -fmodules-validate-once-per-build-session -Wnon-modular-include-in-framework-module -Werror\=non-modular-include-in-framework-module -Wno-trigraphs -Wno-missing-field-initializers -Wno-missing-prototypes -Wno-return-type -Wno-missing-braces -Wparentheses -Wswitch -Wno-unused-function -Wno-unused-label -Wno-unused-parameter -Wno-unused-variable -Wunused-value -Wno-empty-body -Wno-uninitialized -Wno-unknown-pragmas -w -Wno-shadow -Wno-four-char-constants -Wno-conversion -Wno-constant-conversion -Wno-int-conversion -Wno-bool-conversion -Wno-enum-conversion -Wno-float-conversion -Wno-non-literal-null-conversion -Wno-objc-literal-conversion -Wshorten-64-to-32 -Wno-newline-eof -Wno-implicit-fallthrough -fstrict-aliasing -Wdeprecated-declarations -Wno-sign-conversion -Wno-infinite-recursion -Wno-comma -Wno-block-capture-autoreleasing -Wno-strict-prototypes -Wno-semicolon-before-method-body -index-store-path /Users/j/Documents/GitHub/MoneroOne/build/Index.noindex/DataStore @/Users/j/Documents/GitHub/MoneroOne/build/Build/Intermediates.noindex/swift-crypto.build/Debug-iphonesimulator/CCryptoBoringSSL.build/Objects-normal/arm64/533656923a283fa776881f304837ed9e-common-args.resp -MMD -MT dependencies -MF /Users/j/Documents/GitHub/MoneroOne/build/Build/Intermediates.noindex/swift-crypto.build/Debug-iphonesimulator/CCryptoBoringSSL.build/Objects-normal/arm64/sha256-armv8-ios.ios.aarch64.d --serialize-diagnostics /Users/j/Documents/GitHub/MoneroOne/build/Build/Intermediates.noindex/swift-crypto.build/Debug-iphonesimulator/CCryptoBoringSSL.build/Objects-normal/arm64/sha256-armv8-ios.ios.aarch64.dia -c /Users/j/Documents/GitHub/MoneroOne/build/SourcePackages/checkouts/swift-crypto/Sources/CCryptoBoringSSL/crypto/fipsmodule/sha256-armv8-ios.ios.aarch64.S -o /Users/j/Documents/GitHub/MoneroOne/build/Build/Intermediates.noindex/swift-crypto.build/Debug-iphonesimulator/CCryptoBoringSSL.build/Objects-normal/arm64/sha256-armv8-ios.ios.aarch64.o -index-unit-output-path /swift-crypto.build/Debug-iphonesimulator/CCryptoBoringSSL.build/Objects-normal/arm64/sha256-armv8-ios.ios.aarch64.o

CompileC /Users/j/Documents/GitHub/MoneroOne/build/Build/Intermediates.noindex/swift-crypto.build/Debug-iphonesimulator/CCryptoBoringSSL.build/Objects-normal/arm64/sha256-armv4-linux.linux.arm.o /Users/j/Documents/GitHub/MoneroOne/build/SourcePackages/checkouts/swift-crypto/Sources/CCryptoBoringSSL/crypto/fipsmodule/sha256-armv4-linux.linux.arm.S normal arm64 assembler-with-cpp com.apple.compilers.llvm.clang.1_0.compiler (in target 'CCryptoBoringSSL' from project 'swift-crypto')
    cd /Users/j/Documents/GitHub/MoneroOne/MoneroOne.xcodeproj
    
    Using response file: /Users/j/Documents/GitHub/MoneroOne/build/Build/Intermediates.noindex/swift-crypto.build/Debug-iphonesimulator/CCryptoBoringSSL.build/Objects-normal/arm64/533656923a283fa776881f304837ed9e-common-args.resp
    
    /Applications/Xcode.app/Contents/Developer/Toolchains/XcodeDefault.xctoolchain/usr/bin/clang -x assembler-with-cpp -ivfsstatcache /Users/j/Documents/GitHub/MoneroOne/build/SDKStatCaches.noindex/iphonesimulator26.1-23B77-90cf18a4295e390e64c810bc6bd7acbc.sdkstatcache -fmessage-length\=0 -fdiagnostics-show-note-include-stack -fmacro-backtrace-limit\=0 -fno-color-diagnostics -fmodules-prune-interval\=86400 -fmodules-prune-after\=345600 -fbuild-session-file\=/Users/j/Documents/GitHub/MoneroOne/build/ModuleCache.noindex/Session.modulevalidation -fmodules-validate-once-per-build-session -Wnon-modular-include-in-framework-module -Werror\=non-modular-include-in-framework-module -Wno-trigraphs -Wno-missing-field-initializers -Wno-missing-prototypes -Wno-return-type -Wno-missing-braces -Wparentheses -Wswitch -Wno-unused-function -Wno-unused-label -Wno-unused-parameter -Wno-unused-variable -Wunused-value -Wno-empty-body -Wno-uninitialized -Wno-unknown-pragmas -w -Wno-shadow -Wno-four-char-constants -Wno-conversion -Wno-constant-conversion -Wno-int-conversion -Wno-bool-conversion -Wno-enum-conversion -Wno-float-conversion -Wno-non-literal-null-conversion -Wno-objc-literal-conversion -Wshorten-64-to-32 -Wno-newline-eof -Wno-implicit-fallthrough -fstrict-aliasing -Wdeprecated-declarations -Wno-sign-conversion -Wno-infinite-recursion -Wno-comma -Wno-block-capture-autoreleasing -Wno-strict-prototypes -Wno-semicolon-before-method-body -index-store-path /Users/j/Documents/GitHub/MoneroOne/build/Index.noindex/DataStore @/Users/j/Documents/GitHub/MoneroOne/build/Build/Intermediates.noindex/swift-crypto.build/Debug-iphonesimulator/CCryptoBoringSSL.build/Objects-normal/arm64/533656923a283fa776881f304837ed9e-common-args.resp -MMD -MT dependencies -MF /Users/j/Documents/GitHub/MoneroOne/build/Build/Intermediates.noindex/swift-crypto.build/Debug-iphonesimulator/CCryptoBoringSSL.build/Objects-normal/arm64/sha256-armv4-linux.linux.arm.d --serialize-diagnostics /Users/j/Documents/GitHub/MoneroOne/build/Build/Intermediates.noindex/swift-crypto.build/Debug-iphonesimulator/CCryptoBoringSSL.build/Objects-normal/arm64/sha256-armv4-linux.linux.arm.dia -c /Users/j/Documents/GitHub/MoneroOne/build/SourcePackages/checkouts/swift-crypto/Sources/CCryptoBoringSSL/crypto/fipsmodule/sha256-armv4-linux.linux.arm.S -o /Users/j/Documents/GitHub/MoneroOne/build/Build/Intermediates.noindex/swift-crypto.build/Debug-iphonesimulator/CCryptoBoringSSL.build/Objects-normal/arm64/sha256-armv4-linux.linux.arm.o -index-unit-output-path /swift-crypto.build/Debug-iphonesimulator/CCryptoBoringSSL.build/Objects-normal/arm64/sha256-armv4-linux.linux.arm.o

CompileC /Users/j/Documents/GitHub/MoneroOne/build/Build/Intermediates.noindex/swift-crypto.build/Debug-iphonesimulator/CCryptoBoringSSL.build/Objects-normal/arm64/sha256-armv4-ios.ios.arm.o /Users/j/Documents/GitHub/MoneroOne/build/SourcePackages/checkouts/swift-crypto/Sources/CCryptoBoringSSL/crypto/fipsmodule/sha256-armv4-ios.ios.arm.S normal arm64 assembler-with-cpp com.apple.compilers.llvm.clang.1_0.compiler (in target 'CCryptoBoringSSL' from project 'swift-crypto')
    cd /Users/j/Documents/GitHub/MoneroOne/MoneroOne.xcodeproj
    
    Using response file: /Users/j/Documents/GitHub/MoneroOne/build/Build/Intermediates.noindex/swift-crypto.build/Debug-iphonesimulator/CCryptoBoringSSL.build/Objects-normal/arm64/533656923a283fa776881f304837ed9e-common-args.resp
    
    /Applications/Xcode.app/Contents/Developer/Toolchains/XcodeDefault.xctoolchain/usr/bin/clang -x assembler-with-cpp -ivfsstatcache /Users/j/Documents/GitHub/MoneroOne/build/SDKStatCaches.noindex/iphonesimulator26.1-23B77-90cf18a4295e390e64c810bc6bd7acbc.sdkstatcache -fmessage-length\=0 -fdiagnostics-show-note-include-stack -fmacro-backtrace-limit\=0 -fno-color-diagnostics -fmodules-prune-interval\=86400 -fmodules-prune-after\=345600 -fbuild-session-file\=/Users/j/Documents/GitHub/MoneroOne/build/ModuleCache.noindex/Session.modulevalidation -fmodules-validate-once-per-build-session -Wnon-modular-include-in-framework-module -Werror\=non-modular-include-in-framework-module -Wno-trigraphs -Wno-missing-field-initializers -Wno-missing-prototypes -Wno-return-type -Wno-missing-braces -Wparentheses -Wswitch -Wno-unused-function -Wno-unused-label -Wno-unused-parameter -Wno-unused-variable -Wunused-value -Wno-empty-body -Wno-uninitialized -Wno-unknown-pragmas -w -Wno-shadow -Wno-four-char-constants -Wno-conversion -Wno-constant-conversion -Wno-int-conversion -Wno-bool-conversion -Wno-enum-conversion -Wno-float-conversion -Wno-non-literal-null-conversion -Wno-objc-literal-conversion -Wshorten-64-to-32 -Wno-newline-eof -Wno-implicit-fallthrough -fstrict-aliasing -Wdeprecated-declarations -Wno-sign-conversion -Wno-infinite-recursion -Wno-comma -Wno-block-capture-autoreleasing -Wno-strict-prototypes -Wno-semicolon-before-method-body -index-store-path /Users/j/Documents/GitHub/MoneroOne/build/Index.noindex/DataStore @/Users/j/Documents/GitHub/MoneroOne/build/Build/Intermediates.noindex/swift-crypto.build/Debug-iphonesimulator/CCryptoBoringSSL.build/Objects-normal/arm64/533656923a283fa776881f304837ed9e-common-args.resp -MMD -MT dependencies -MF /Users/j/Documents/GitHub/MoneroOne/build/Build/Intermediates.noindex/swift-crypto.build/Debug-iphonesimulator/CCryptoBoringSSL.build/Objects-normal/arm64/sha256-armv4-ios.ios.arm.d --serialize-diagnostics /Users/j/Documents/GitHub/MoneroOne/build/Build/Intermediates.noindex/swift-crypto.build/Debug-iphonesimulator/CCryptoBoringSSL.build/Objects-normal/arm64/sha256-armv4-ios.ios.arm.dia -c /Users/j/Documents/GitHub/MoneroOne/build/SourcePackages/checkouts/swift-crypto/Sources/CCryptoBoringSSL/crypto/fipsmodule/sha256-armv4-ios.ios.arm.S -o /Users/j/Documents/GitHub/MoneroOne/build/Build/Intermediates.noindex/swift-crypto.build/Debug-iphonesimulator/CCryptoBoringSSL.build/Objects-normal/arm64/sha256-armv4-ios.ios.arm.o -index-unit-output-path /swift-crypto.build/Debug-iphonesimulator/CCryptoBoringSSL.build/Objects-normal/arm64/sha256-armv4-ios.ios.arm.o

CompileC /Users/j/Documents/GitHub/MoneroOne/build/Build/Intermediates.noindex/swift-crypto.build/Debug-iphonesimulator/CCryptoBoringSSL.build/Objects-normal/arm64/sha256-586-windows.windows.x86.o /Users/j/Documents/GitHub/MoneroOne/build/SourcePackages/checkouts/swift-crypto/Sources/CCryptoBoringSSL/crypto/fipsmodule/sha256-586-windows.windows.x86.S normal arm64 assembler-with-cpp com.apple.compilers.llvm.clang.1_0.compiler (in target 'CCryptoBoringSSL' from project 'swift-crypto')
    cd /Users/j/Documents/GitHub/MoneroOne/MoneroOne.xcodeproj
    
    Using response file: /Users/j/Documents/GitHub/MoneroOne/build/Build/Intermediates.noindex/swift-crypto.build/Debug-iphonesimulator/CCryptoBoringSSL.build/Objects-normal/arm64/533656923a283fa776881f304837ed9e-common-args.resp
    
    /Applications/Xcode.app/Contents/Developer/Toolchains/XcodeDefault.xctoolchain/usr/bin/clang -x assembler-with-cpp -ivfsstatcache /Users/j/Documents/GitHub/MoneroOne/build/SDKStatCaches.noindex/iphonesimulator26.1-23B77-90cf18a4295e390e64c810bc6bd7acbc.sdkstatcache -fmessage-length\=0 -fdiagnostics-show-note-include-stack -fmacro-backtrace-limit\=0 -fno-color-diagnostics -fmodules-prune-interval\=86400 -fmodules-prune-after\=345600 -fbuild-session-file\=/Users/j/Documents/GitHub/MoneroOne/build/ModuleCache.noindex/Session.modulevalidation -fmodules-validate-once-per-build-session -Wnon-modular-include-in-framework-module -Werror\=non-modular-include-in-framework-module -Wno-trigraphs -Wno-missing-field-initializers -Wno-missing-prototypes -Wno-return-type -Wno-missing-braces -Wparentheses -Wswitch -Wno-unused-function -Wno-unused-label -Wno-unused-parameter -Wno-unused-variable -Wunused-value -Wno-empty-body -Wno-uninitialized -Wno-unknown-pragmas -w -Wno-shadow -Wno-four-char-constants -Wno-conversion -Wno-constant-conversion -Wno-int-conversion -Wno-bool-conversion -Wno-enum-conversion -Wno-float-conversion -Wno-non-literal-null-conversion -Wno-objc-literal-conversion -Wshorten-64-to-32 -Wno-newline-eof -Wno-implicit-fallthrough -fstrict-aliasing -Wdeprecated-declarations -Wno-sign-conversion -Wno-infinite-recursion -Wno-comma -Wno-block-capture-autoreleasing -Wno-strict-prototypes -Wno-semicolon-before-method-body -index-store-path /Users/j/Documents/GitHub/MoneroOne/build/Index.noindex/DataStore @/Users/j/Documents/GitHub/MoneroOne/build/Build/Intermediates.noindex/swift-crypto.build/Debug-iphonesimulator/CCryptoBoringSSL.build/Objects-normal/arm64/533656923a283fa776881f304837ed9e-common-args.resp -MMD -MT dependencies -MF /Users/j/Documents/GitHub/MoneroOne/build/Build/Intermediates.noindex/swift-crypto.build/Debug-iphonesimulator/CCryptoBoringSSL.build/Objects-normal/arm64/sha256-586-windows.windows.x86.d --serialize-diagnostics /Users/j/Documents/GitHub/MoneroOne/build/Build/Intermediates.noindex/swift-crypto.build/Debug-iphonesimulator/CCryptoBoringSSL.build/Objects-normal/arm64/sha256-586-windows.windows.x86.dia -c /Users/j/Documents/GitHub/MoneroOne/build/SourcePackages/checkouts/swift-crypto/Sources/CCryptoBoringSSL/crypto/fipsmodule/sha256-586-windows.windows.x86.S -o /Users/j/Documents/GitHub/MoneroOne/build/Build/Intermediates.noindex/swift-crypto.build/Debug-iphonesimulator/CCryptoBoringSSL.build/Objects-normal/arm64/sha256-586-windows.windows.x86.o -index-unit-output-path /swift-crypto.build/Debug-iphonesimulator/CCryptoBoringSSL.build/Objects-normal/arm64/sha256-586-windows.windows.x86.o

CompileC /Users/j/Documents/GitHub/MoneroOne/build/Build/Intermediates.noindex/swift-crypto.build/Debug-iphonesimulator/CCryptoBoringSSL.build/Objects-normal/arm64/sha256-586-linux.linux.x86.o /Users/j/Documents/GitHub/MoneroOne/build/SourcePackages/checkouts/swift-crypto/Sources/CCryptoBoringSSL/crypto/fipsmodule/sha256-586-linux.linux.x86.S normal arm64 assembler-with-cpp com.apple.compilers.llvm.clang.1_0.compiler (in target 'CCryptoBoringSSL' from project 'swift-crypto')
    cd /Users/j/Documents/GitHub/MoneroOne/MoneroOne.xcodeproj
    
    Using response file: /Users/j/Documents/GitHub/MoneroOne/build/Build/Intermediates.noindex/swift-crypto.build/Debug-iphonesimulator/CCryptoBoringSSL.build/Objects-normal/arm64/533656923a283fa776881f304837ed9e-common-args.resp
    
    /Applications/Xcode.app/Contents/Developer/Toolchains/XcodeDefault.xctoolchain/usr/bin/clang -x assembler-with-cpp -ivfsstatcache /Users/j/Documents/GitHub/MoneroOne/build/SDKStatCaches.noindex/iphonesimulator26.1-23B77-90cf18a4295e390e64c810bc6bd7acbc.sdkstatcache -fmessage-length\=0 -fdiagnostics-show-note-include-stack -fmacro-backtrace-limit\=0 -fno-color-diagnostics -fmodules-prune-interval\=86400 -fmodules-prune-after\=345600 -fbuild-session-file\=/Users/j/Documents/GitHub/MoneroOne/build/ModuleCache.noindex/Session.modulevalidation -fmodules-validate-once-per-build-session -Wnon-modular-include-in-framework-module -Werror\=non-modular-include-in-framework-module -Wno-trigraphs -Wno-missing-field-initializers -Wno-missing-prototypes -Wno-return-type -Wno-missing-braces -Wparentheses -Wswitch -Wno-unused-function -Wno-unused-label -Wno-unused-parameter -Wno-unused-variable -Wunused-value -Wno-empty-body -Wno-uninitialized -Wno-unknown-pragmas -w -Wno-shadow -Wno-four-char-constants -Wno-conversion -Wno-constant-conversion -Wno-int-conversion -Wno-bool-conversion -Wno-enum-conversion -Wno-float-conversion -Wno-non-literal-null-conversion -Wno-objc-literal-conversion -Wshorten-64-to-32 -Wno-newline-eof -Wno-implicit-fallthrough -fstrict-aliasing -Wdeprecated-declarations -Wno-sign-conversion -Wno-infinite-recursion -Wno-comma -Wno-block-capture-autoreleasing -Wno-strict-prototypes -Wno-semicolon-before-method-body -index-store-path /Users/j/Documents/GitHub/MoneroOne/build/Index.noindex/DataStore @/Users/j/Documents/GitHub/MoneroOne/build/Build/Intermediates.noindex/swift-crypto.build/Debug-iphonesimulator/CCryptoBoringSSL.build/Objects-normal/arm64/533656923a283fa776881f304837ed9e-common-args.resp -MMD -MT dependencies -MF /Users/j/Documents/GitHub/MoneroOne/build/Build/Intermediates.noindex/swift-crypto.build/Debug-iphonesimulator/CCryptoBoringSSL.build/Objects-normal/arm64/sha256-586-linux.linux.x86.d --serialize-diagnostics /Users/j/Documents/GitHub/MoneroOne/build/Build/Intermediates.noindex/swift-crypto.build/Debug-iphonesimulator/CCryptoBoringSSL.build/Objects-normal/arm64/sha256-586-linux.linux.x86.dia -c /Users/j/Documents/GitHub/MoneroOne/build/SourcePackages/checkouts/swift-crypto/Sources/CCryptoBoringSSL/crypto/fipsmodule/sha256-586-linux.linux.x86.S -o /Users/j/Documents/GitHub/MoneroOne/build/Build/Intermediates.noindex/swift-crypto.build/Debug-iphonesimulator/CCryptoBoringSSL.build/Objects-normal/arm64/sha256-586-linux.linux.x86.o -index-unit-output-path /swift-crypto.build/Debug-iphonesimulator/CCryptoBoringSSL.build/Objects-normal/arm64/sha256-586-linux.linux.x86.o

CompileC /Users/j/Documents/GitHub/MoneroOne/build/Build/Intermediates.noindex/swift-crypto.build/Debug-iphonesimulator/CCryptoBoringSSL.build/Objects-normal/arm64/sha1-x86_64-mac.mac.x86_64.o /Users/j/Documents/GitHub/MoneroOne/build/SourcePackages/checkouts/swift-crypto/Sources/CCryptoBoringSSL/crypto/fipsmodule/sha1-x86_64-mac.mac.x86_64.S normal arm64 assembler-with-cpp com.apple.compilers.llvm.clang.1_0.compiler (in target 'CCryptoBoringSSL' from project 'swift-crypto')
    cd /Users/j/Documents/GitHub/MoneroOne/MoneroOne.xcodeproj
    
    Using response file: /Users/j/Documents/GitHub/MoneroOne/build/Build/Intermediates.noindex/swift-crypto.build/Debug-iphonesimulator/CCryptoBoringSSL.build/Objects-normal/arm64/533656923a283fa776881f304837ed9e-common-args.resp
    
    /Applications/Xcode.app/Contents/Developer/Toolchains/XcodeDefault.xctoolchain/usr/bin/clang -x assembler-with-cpp -ivfsstatcache /Users/j/Documents/GitHub/MoneroOne/build/SDKStatCaches.noindex/iphonesimulator26.1-23B77-90cf18a4295e390e64c810bc6bd7acbc.sdkstatcache -fmessage-length\=0 -fdiagnostics-show-note-include-stack -fmacro-backtrace-limit\=0 -fno-color-diagnostics -fmodules-prune-interval\=86400 -fmodules-prune-after\=345600 -fbuild-session-file\=/Users/j/Documents/GitHub/MoneroOne/build/ModuleCache.noindex/Session.modulevalidation -fmodules-validate-once-per-build-session -Wnon-modular-include-in-framework-module -Werror\=non-modular-include-in-framework-module -Wno-trigraphs -Wno-missing-field-initializers -Wno-missing-prototypes -Wno-return-type -Wno-missing-braces -Wparentheses -Wswitch -Wno-unused-function -Wno-unused-label -Wno-unused-parameter -Wno-unused-variable -Wunused-value -Wno-empty-body -Wno-uninitialized -Wno-unknown-pragmas -w -Wno-shadow -Wno-four-char-constants -Wno-conversion -Wno-constant-conversion -Wno-int-conversion -Wno-bool-conversion -Wno-enum-conversion -Wno-float-conversion -Wno-non-literal-null-conversion -Wno-objc-literal-conversion -Wshorten-64-to-32 -Wno-newline-eof -Wno-implicit-fallthrough -fstrict-aliasing -Wdeprecated-declarations -Wno-sign-conversion -Wno-infinite-recursion -Wno-comma -Wno-block-capture-autoreleasing -Wno-strict-prototypes -Wno-semicolon-before-method-body -index-store-path /Users/j/Documents/GitHub/MoneroOne/build/Index.noindex/DataStore @/Users/j/Documents/GitHub/MoneroOne/build/Build/Intermediates.noindex/swift-crypto.build/Debug-iphonesimulator/CCryptoBoringSSL.build/Objects-normal/arm64/533656923a283fa776881f304837ed9e-common-args.resp -MMD -MT dependencies -MF /Users/j/Documents/GitHub/MoneroOne/build/Build/Intermediates.noindex/swift-crypto.build/Debug-iphonesimulator/CCryptoBoringSSL.build/Objects-normal/arm64/sha1-x86_64-mac.mac.x86_64.d --serialize-diagnostics /Users/j/Documents/GitHub/MoneroOne/build/Build/Intermediates.noindex/swift-crypto.build/Debug-iphonesimulator/CCryptoBoringSSL.build/Objects-normal/arm64/sha1-x86_64-mac.mac.x86_64.dia -c /Users/j/Documents/GitHub/MoneroOne/build/SourcePackages/checkouts/swift-crypto/Sources/CCryptoBoringSSL/crypto/fipsmodule/sha1-x86_64-mac.mac.x86_64.S -o /Users/j/Documents/GitHub/MoneroOne/build/Build/Intermediates.noindex/swift-crypto.build/Debug-iphonesimulator/CCryptoBoringSSL.build/Objects-normal/arm64/sha1-x86_64-mac.mac.x86_64.o -index-unit-output-path /swift-crypto.build/Debug-iphonesimulator/CCryptoBoringSSL.build/Objects-normal/arm64/sha1-x86_64-mac.mac.x86_64.o

CompileC /Users/j/Documents/GitHub/MoneroOne/build/Build/Intermediates.noindex/swift-crypto.build/Debug-iphonesimulator/CCryptoBoringSSL.build/Objects-normal/arm64/sha1-x86_64-linux.linux.x86_64.o /Users/j/Documents/GitHub/MoneroOne/build/SourcePackages/checkouts/swift-crypto/Sources/CCryptoBoringSSL/crypto/fipsmodule/sha1-x86_64-linux.linux.x86_64.S normal arm64 assembler-with-cpp com.apple.compilers.llvm.clang.1_0.compiler (in target 'CCryptoBoringSSL' from project 'swift-crypto')
    cd /Users/j/Documents/GitHub/MoneroOne/MoneroOne.xcodeproj
    
    Using response file: /Users/j/Documents/GitHub/MoneroOne/build/Build/Intermediates.noindex/swift-crypto.build/Debug-iphonesimulator/CCryptoBoringSSL.build/Objects-normal/arm64/533656923a283fa776881f304837ed9e-common-args.resp
    
    /Applications/Xcode.app/Contents/Developer/Toolchains/XcodeDefault.xctoolchain/usr/bin/clang -x assembler-with-cpp -ivfsstatcache /Users/j/Documents/GitHub/MoneroOne/build/SDKStatCaches.noindex/iphonesimulator26.1-23B77-90cf18a4295e390e64c810bc6bd7acbc.sdkstatcache -fmessage-length\=0 -fdiagnostics-show-note-include-stack -fmacro-backtrace-limit\=0 -fno-color-diagnostics -fmodules-prune-interval\=86400 -fmodules-prune-after\=345600 -fbuild-session-file\=/Users/j/Documents/GitHub/MoneroOne/build/ModuleCache.noindex/Session.modulevalidation -fmodules-validate-once-per-build-session -Wnon-modular-include-in-framework-module -Werror\=non-modular-include-in-framework-module -Wno-trigraphs -Wno-missing-field-initializers -Wno-missing-prototypes -Wno-return-type -Wno-missing-braces -Wparentheses -Wswitch -Wno-unused-function -Wno-unused-label -Wno-unused-parameter -Wno-unused-variable -Wunused-value -Wno-empty-body -Wno-uninitialized -Wno-unknown-pragmas -w -Wno-shadow -Wno-four-char-constants -Wno-conversion -Wno-constant-conversion -Wno-int-conversion -Wno-bool-conversion -Wno-enum-conversion -Wno-float-conversion -Wno-non-literal-null-conversion -Wno-objc-literal-conversion -Wshorten-64-to-32 -Wno-newline-eof -Wno-implicit-fallthrough -fstrict-aliasing -Wdeprecated-declarations -Wno-sign-conversion -Wno-infinite-recursion -Wno-comma -Wno-block-capture-autoreleasing -Wno-strict-prototypes -Wno-semicolon-before-method-body -index-store-path /Users/j/Documents/GitHub/MoneroOne/build/Index.noindex/DataStore @/Users/j/Documents/GitHub/MoneroOne/build/Build/Intermediates.noindex/swift-crypto.build/Debug-iphonesimulator/CCryptoBoringSSL.build/Objects-normal/arm64/533656923a283fa776881f304837ed9e-common-args.resp -MMD -MT dependencies -MF /Users/j/Documents/GitHub/MoneroOne/build/Build/Intermediates.noindex/swift-crypto.build/Debug-iphonesimulator/CCryptoBoringSSL.build/Objects-normal/arm64/sha1-x86_64-linux.linux.x86_64.d --serialize-diagnostics /Users/j/Documents/GitHub/MoneroOne/build/Build/Intermediates.noindex/swift-crypto.build/Debug-iphonesimulator/CCryptoBoringSSL.build/Objects-normal/arm64/sha1-x86_64-linux.linux.x86_64.dia -c /Users/j/Documents/GitHub/MoneroOne/build/SourcePackages/checkouts/swift-crypto/Sources/CCryptoBoringSSL/crypto/fipsmodule/sha1-x86_64-linux.linux.x86_64.S -o /Users/j/Documents/GitHub/MoneroOne/build/Build/Intermediates.noindex/swift-crypto.build/Debug-iphonesimulator/CCryptoBoringSSL.build/Objects-normal/arm64/sha1-x86_64-linux.linux.x86_64.o -index-unit-output-path /swift-crypto.build/Debug-iphonesimulator/CCryptoBoringSSL.build/Objects-normal/arm64/sha1-x86_64-linux.linux.x86_64.o

CompileC /Users/j/Documents/GitHub/MoneroOne/build/Build/Intermediates.noindex/swift-crypto.build/Debug-iphonesimulator/CCryptoBoringSSL.build/Objects-normal/arm64/sha1-armv8-linux.linux.aarch64.o /Users/j/Documents/GitHub/MoneroOne/build/SourcePackages/checkouts/swift-crypto/Sources/CCryptoBoringSSL/crypto/fipsmodule/sha1-armv8-linux.linux.aarch64.S normal arm64 assembler-with-cpp com.apple.compilers.llvm.clang.1_0.compiler (in target 'CCryptoBoringSSL' from project 'swift-crypto')
    cd /Users/j/Documents/GitHub/MoneroOne/MoneroOne.xcodeproj
    
    Using response file: /Users/j/Documents/GitHub/MoneroOne/build/Build/Intermediates.noindex/swift-crypto.build/Debug-iphonesimulator/CCryptoBoringSSL.build/Objects-normal/arm64/533656923a283fa776881f304837ed9e-common-args.resp
    
    /Applications/Xcode.app/Contents/Developer/Toolchains/XcodeDefault.xctoolchain/usr/bin/clang -x assembler-with-cpp -ivfsstatcache /Users/j/Documents/GitHub/MoneroOne/build/SDKStatCaches.noindex/iphonesimulator26.1-23B77-90cf18a4295e390e64c810bc6bd7acbc.sdkstatcache -fmessage-length\=0 -fdiagnostics-show-note-include-stack -fmacro-backtrace-limit\=0 -fno-color-diagnostics -fmodules-prune-interval\=86400 -fmodules-prune-after\=345600 -fbuild-session-file\=/Users/j/Documents/GitHub/MoneroOne/build/ModuleCache.noindex/Session.modulevalidation -fmodules-validate-once-per-build-session -Wnon-modular-include-in-framework-module -Werror\=non-modular-include-in-framework-module -Wno-trigraphs -Wno-missing-field-initializers -Wno-missing-prototypes -Wno-return-type -Wno-missing-braces -Wparentheses -Wswitch -Wno-unused-function -Wno-unused-label -Wno-unused-parameter -Wno-unused-variable -Wunused-value -Wno-empty-body -Wno-uninitialized -Wno-unknown-pragmas -w -Wno-shadow -Wno-four-char-constants -Wno-conversion -Wno-constant-conversion -Wno-int-conversion -Wno-bool-conversion -Wno-enum-conversion -Wno-float-conversion -Wno-non-literal-null-conversion -Wno-objc-literal-conversion -Wshorten-64-to-32 -Wno-newline-eof -Wno-implicit-fallthrough -fstrict-aliasing -Wdeprecated-declarations -Wno-sign-conversion -Wno-infinite-recursion -Wno-comma -Wno-block-capture-autoreleasing -Wno-strict-prototypes -Wno-semicolon-before-method-body -index-store-path /Users/j/Documents/GitHub/MoneroOne/build/Index.noindex/DataStore @/Users/j/Documents/GitHub/MoneroOne/build/Build/Intermediates.noindex/swift-crypto.build/Debug-iphonesimulator/CCryptoBoringSSL.build/Objects-normal/arm64/533656923a283fa776881f304837ed9e-common-args.resp -MMD -MT dependencies -MF /Users/j/Documents/GitHub/MoneroOne/build/Build/Intermediates.noindex/swift-crypto.build/Debug-iphonesimulator/CCryptoBoringSSL.build/Objects-normal/arm64/sha1-armv8-linux.linux.aarch64.d --serialize-diagnostics /Users/j/Documents/GitHub/MoneroOne/build/Build/Intermediates.noindex/swift-crypto.build/Debug-iphonesimulator/CCryptoBoringSSL.build/Objects-normal/arm64/sha1-armv8-linux.linux.aarch64.dia -c /Users/j/Documents/GitHub/MoneroOne/build/SourcePackages/checkouts/swift-crypto/Sources/CCryptoBoringSSL/crypto/fipsmodule/sha1-armv8-linux.linux.aarch64.S -o /Users/j/Documents/GitHub/MoneroOne/build/Build/Intermediates.noindex/swift-crypto.build/Debug-iphonesimulator/CCryptoBoringSSL.build/Objects-normal/arm64/sha1-armv8-linux.linux.aarch64.o -index-unit-output-path /swift-crypto.build/Debug-iphonesimulator/CCryptoBoringSSL.build/Objects-normal/arm64/sha1-armv8-linux.linux.aarch64.o

CompileC /Users/j/Documents/GitHub/MoneroOne/build/Build/Intermediates.noindex/swift-crypto.build/Debug-iphonesimulator/CCryptoBoringSSL.build/Objects-normal/arm64/sha1-armv8-ios.ios.aarch64.o /Users/j/Documents/GitHub/MoneroOne/build/SourcePackages/checkouts/swift-crypto/Sources/CCryptoBoringSSL/crypto/fipsmodule/sha1-armv8-ios.ios.aarch64.S normal arm64 assembler-with-cpp com.apple.compilers.llvm.clang.1_0.compiler (in target 'CCryptoBoringSSL' from project 'swift-crypto')
    cd /Users/j/Documents/GitHub/MoneroOne/MoneroOne.xcodeproj
    
    Using response file: /Users/j/Documents/GitHub/MoneroOne/build/Build/Intermediates.noindex/swift-crypto.build/Debug-iphonesimulator/CCryptoBoringSSL.build/Objects-normal/arm64/533656923a283fa776881f304837ed9e-common-args.resp
    
    /Applications/Xcode.app/Contents/Developer/Toolchains/XcodeDefault.xctoolchain/usr/bin/clang -x assembler-with-cpp -ivfsstatcache /Users/j/Documents/GitHub/MoneroOne/build/SDKStatCaches.noindex/iphonesimulator26.1-23B77-90cf18a4295e390e64c810bc6bd7acbc.sdkstatcache -fmessage-length\=0 -fdiagnostics-show-note-include-stack -fmacro-backtrace-limit\=0 -fno-color-diagnostics -fmodules-prune-interval\=86400 -fmodules-prune-after\=345600 -fbuild-session-file\=/Users/j/Documents/GitHub/MoneroOne/build/ModuleCache.noindex/Session.modulevalidation -fmodules-validate-once-per-build-session -Wnon-modular-include-in-framework-module -Werror\=non-modular-include-in-framework-module -Wno-trigraphs -Wno-missing-field-initializers -Wno-missing-prototypes -Wno-return-type -Wno-missing-braces -Wparentheses -Wswitch -Wno-unused-function -Wno-unused-label -Wno-unused-parameter -Wno-unused-variable -Wunused-value -Wno-empty-body -Wno-uninitialized -Wno-unknown-pragmas -w -Wno-shadow -Wno-four-char-constants -Wno-conversion -Wno-constant-conversion -Wno-int-conversion -Wno-bool-conversion -Wno-enum-conversion -Wno-float-conversion -Wno-non-literal-null-conversion -Wno-objc-literal-conversion -Wshorten-64-to-32 -Wno-newline-eof -Wno-implicit-fallthrough -fstrict-aliasing -Wdeprecated-declarations -Wno-sign-conversion -Wno-infinite-recursion -Wno-comma -Wno-block-capture-autoreleasing -Wno-strict-prototypes -Wno-semicolon-before-method-body -index-store-path /Users/j/Documents/GitHub/MoneroOne/build/Index.noindex/DataStore @/Users/j/Documents/GitHub/MoneroOne/build/Build/Intermediates.noindex/swift-crypto.build/Debug-iphonesimulator/CCryptoBoringSSL.build/Objects-normal/arm64/533656923a283fa776881f304837ed9e-common-args.resp -MMD -MT dependencies -MF /Users/j/Documents/GitHub/MoneroOne/build/Build/Intermediates.noindex/swift-crypto.build/Debug-iphonesimulator/CCryptoBoringSSL.build/Objects-normal/arm64/sha1-armv8-ios.ios.aarch64.d --serialize-diagnostics /Users/j/Documents/GitHub/MoneroOne/build/Build/Intermediates.noindex/swift-crypto.build/Debug-iphonesimulator/CCryptoBoringSSL.build/Objects-normal/arm64/sha1-armv8-ios.ios.aarch64.dia -c /Users/j/Documents/GitHub/MoneroOne/build/SourcePackages/checkouts/swift-crypto/Sources/CCryptoBoringSSL/crypto/fipsmodule/sha1-armv8-ios.ios.aarch64.S -o /Users/j/Documents/GitHub/MoneroOne/build/Build/Intermediates.noindex/swift-crypto.build/Debug-iphonesimulator/CCryptoBoringSSL.build/Objects-normal/arm64/sha1-armv8-ios.ios.aarch64.o -index-unit-output-path /swift-crypto.build/Debug-iphonesimulator/CCryptoBoringSSL.build/Objects-normal/arm64/sha1-armv8-ios.ios.aarch64.o

CompileC /Users/j/Documents/GitHub/MoneroOne/build/Build/Intermediates.noindex/swift-crypto.build/Debug-iphonesimulator/CCryptoBoringSSL.build/Objects-normal/arm64/sha1-armv4-large-linux.linux.arm.o /Users/j/Documents/GitHub/MoneroOne/build/SourcePackages/checkouts/swift-crypto/Sources/CCryptoBoringSSL/crypto/fipsmodule/sha1-armv4-large-linux.linux.arm.S normal arm64 assembler-with-cpp com.apple.compilers.llvm.clang.1_0.compiler (in target 'CCryptoBoringSSL' from project 'swift-crypto')
    cd /Users/j/Documents/GitHub/MoneroOne/MoneroOne.xcodeproj
    
    Using response file: /Users/j/Documents/GitHub/MoneroOne/build/Build/Intermediates.noindex/swift-crypto.build/Debug-iphonesimulator/CCryptoBoringSSL.build/Objects-normal/arm64/533656923a283fa776881f304837ed9e-common-args.resp
    
    /Applications/Xcode.app/Contents/Developer/Toolchains/XcodeDefault.xctoolchain/usr/bin/clang -x assembler-with-cpp -ivfsstatcache /Users/j/Documents/GitHub/MoneroOne/build/SDKStatCaches.noindex/iphonesimulator26.1-23B77-90cf18a4295e390e64c810bc6bd7acbc.sdkstatcache -fmessage-length\=0 -fdiagnostics-show-note-include-stack -fmacro-backtrace-limit\=0 -fno-color-diagnostics -fmodules-prune-interval\=86400 -fmodules-prune-after\=345600 -fbuild-session-file\=/Users/j/Documents/GitHub/MoneroOne/build/ModuleCache.noindex/Session.modulevalidation -fmodules-validate-once-per-build-session -Wnon-modular-include-in-framework-module -Werror\=non-modular-include-in-framework-module -Wno-trigraphs -Wno-missing-field-initializers -Wno-missing-prototypes -Wno-return-type -Wno-missing-braces -Wparentheses -Wswitch -Wno-unused-function -Wno-unused-label -Wno-unused-parameter -Wno-unused-variable -Wunused-value -Wno-empty-body -Wno-uninitialized -Wno-unknown-pragmas -w -Wno-shadow -Wno-four-char-constants -Wno-conversion -Wno-constant-conversion -Wno-int-conversion -Wno-bool-conversion -Wno-enum-conversion -Wno-float-conversion -Wno-non-literal-null-conversion -Wno-objc-literal-conversion -Wshorten-64-to-32 -Wno-newline-eof -Wno-implicit-fallthrough -fstrict-aliasing -Wdeprecated-declarations -Wno-sign-conversion -Wno-infinite-recursion -Wno-comma -Wno-block-capture-autoreleasing -Wno-strict-prototypes -Wno-semicolon-before-method-body -index-store-path /Users/j/Documents/GitHub/MoneroOne/build/Index.noindex/DataStore @/Users/j/Documents/GitHub/MoneroOne/build/Build/Intermediates.noindex/swift-crypto.build/Debug-iphonesimulator/CCryptoBoringSSL.build/Objects-normal/arm64/533656923a283fa776881f304837ed9e-common-args.resp -MMD -MT dependencies -MF /Users/j/Documents/GitHub/MoneroOne/build/Build/Intermediates.noindex/swift-crypto.build/Debug-iphonesimulator/CCryptoBoringSSL.build/Objects-normal/arm64/sha1-armv4-large-linux.linux.arm.d --serialize-diagnostics /Users/j/Documents/GitHub/MoneroOne/build/Build/Intermediates.noindex/swift-crypto.build/Debug-iphonesimulator/CCryptoBoringSSL.build/Objects-normal/arm64/sha1-armv4-large-linux.linux.arm.dia -c /Users/j/Documents/GitHub/MoneroOne/build/SourcePackages/checkouts/swift-crypto/Sources/CCryptoBoringSSL/crypto/fipsmodule/sha1-armv4-large-linux.linux.arm.S -o /Users/j/Documents/GitHub/MoneroOne/build/Build/Intermediates.noindex/swift-crypto.build/Debug-iphonesimulator/CCryptoBoringSSL.build/Objects-normal/arm64/sha1-armv4-large-linux.linux.arm.o -index-unit-output-path /swift-crypto.build/Debug-iphonesimulator/CCryptoBoringSSL.build/Objects-normal/arm64/sha1-armv4-large-linux.linux.arm.o

CompileC /Users/j/Documents/GitHub/MoneroOne/build/Build/Intermediates.noindex/swift-crypto.build/Debug-iphonesimulator/CCryptoBoringSSL.build/Objects-normal/arm64/sha1-armv4-large-ios.ios.arm.o /Users/j/Documents/GitHub/MoneroOne/build/SourcePackages/checkouts/swift-crypto/Sources/CCryptoBoringSSL/crypto/fipsmodule/sha1-armv4-large-ios.ios.arm.S normal arm64 assembler-with-cpp com.apple.compilers.llvm.clang.1_0.compiler (in target 'CCryptoBoringSSL' from project 'swift-crypto')
    cd /Users/j/Documents/GitHub/MoneroOne/MoneroOne.xcodeproj
    
    Using response file: /Users/j/Documents/GitHub/MoneroOne/build/Build/Intermediates.noindex/swift-crypto.build/Debug-iphonesimulator/CCryptoBoringSSL.build/Objects-normal/arm64/533656923a283fa776881f304837ed9e-common-args.resp
    
    /Applications/Xcode.app/Contents/Developer/Toolchains/XcodeDefault.xctoolchain/usr/bin/clang -x assembler-with-cpp -ivfsstatcache /Users/j/Documents/GitHub/MoneroOne/build/SDKStatCaches.noindex/iphonesimulator26.1-23B77-90cf18a4295e390e64c810bc6bd7acbc.sdkstatcache -fmessage-length\=0 -fdiagnostics-show-note-include-stack -fmacro-backtrace-limit\=0 -fno-color-diagnostics -fmodules-prune-interval\=86400 -fmodules-prune-after\=345600 -fbuild-session-file\=/Users/j/Documents/GitHub/MoneroOne/build/ModuleCache.noindex/Session.modulevalidation -fmodules-validate-once-per-build-session -Wnon-modular-include-in-framework-module -Werror\=non-modular-include-in-framework-module -Wno-trigraphs -Wno-missing-field-initializers -Wno-missing-prototypes -Wno-return-type -Wno-missing-braces -Wparentheses -Wswitch -Wno-unused-function -Wno-unused-label -Wno-unused-parameter -Wno-unused-variable -Wunused-value -Wno-empty-body -Wno-uninitialized -Wno-unknown-pragmas -w -Wno-shadow -Wno-four-char-constants -Wno-conversion -Wno-constant-conversion -Wno-int-conversion -Wno-bool-conversion -Wno-enum-conversion -Wno-float-conversion -Wno-non-literal-null-conversion -Wno-objc-literal-conversion -Wshorten-64-to-32 -Wno-newline-eof -Wno-implicit-fallthrough -fstrict-aliasing -Wdeprecated-declarations -Wno-sign-conversion -Wno-infinite-recursion -Wno-comma -Wno-block-capture-autoreleasing -Wno-strict-prototypes -Wno-semicolon-before-method-body -index-store-path /Users/j/Documents/GitHub/MoneroOne/build/Index.noindex/DataStore @/Users/j/Documents/GitHub/MoneroOne/build/Build/Intermediates.noindex/swift-crypto.build/Debug-iphonesimulator/CCryptoBoringSSL.build/Objects-normal/arm64/533656923a283fa776881f304837ed9e-common-args.resp -MMD -MT dependencies -MF /Users/j/Documents/GitHub/MoneroOne/build/Build/Intermediates.noindex/swift-crypto.build/Debug-iphonesimulator/CCryptoBoringSSL.build/Objects-normal/arm64/sha1-armv4-large-ios.ios.arm.d --serialize-diagnostics /Users/j/Documents/GitHub/MoneroOne/build/Build/Intermediates.noindex/swift-crypto.build/Debug-iphonesimulator/CCryptoBoringSSL.build/Objects-normal/arm64/sha1-armv4-large-ios.ios.arm.dia -c /Users/j/Documents/GitHub/MoneroOne/build/SourcePackages/checkouts/swift-crypto/Sources/CCryptoBoringSSL/crypto/fipsmodule/sha1-armv4-large-ios.ios.arm.S -o /Users/j/Documents/GitHub/MoneroOne/build/Build/Intermediates.noindex/swift-crypto.build/Debug-iphonesimulator/CCryptoBoringSSL.build/Objects-normal/arm64/sha1-armv4-large-ios.ios.arm.o -index-unit-output-path /swift-crypto.build/Debug-iphonesimulator/CCryptoBoringSSL.build/Objects-normal/arm64/sha1-armv4-large-ios.ios.arm.o

CompileC /Users/j/Documents/GitHub/MoneroOne/build/Build/Intermediates.noindex/swift-crypto.build/Debug-iphonesimulator/CCryptoBoringSSL.build/Objects-normal/arm64/sha1-586-windows.windows.x86.o /Users/j/Documents/GitHub/MoneroOne/build/SourcePackages/checkouts/swift-crypto/Sources/CCryptoBoringSSL/crypto/fipsmodule/sha1-586-windows.windows.x86.S normal arm64 assembler-with-cpp com.apple.compilers.llvm.clang.1_0.compiler (in target 'CCryptoBoringSSL' from project 'swift-crypto')
    cd /Users/j/Documents/GitHub/MoneroOne/MoneroOne.xcodeproj
    
    Using response file: /Users/j/Documents/GitHub/MoneroOne/build/Build/Intermediates.noindex/swift-crypto.build/Debug-iphonesimulator/CCryptoBoringSSL.build/Objects-normal/arm64/533656923a283fa776881f304837ed9e-common-args.resp
    
    /Applications/Xcode.app/Contents/Developer/Toolchains/XcodeDefault.xctoolchain/usr/bin/clang -x assembler-with-cpp -ivfsstatcache /Users/j/Documents/GitHub/MoneroOne/build/SDKStatCaches.noindex/iphonesimulator26.1-23B77-90cf18a4295e390e64c810bc6bd7acbc.sdkstatcache -fmessage-length\=0 -fdiagnostics-show-note-include-stack -fmacro-backtrace-limit\=0 -fno-color-diagnostics -fmodules-prune-interval\=86400 -fmodules-prune-after\=345600 -fbuild-session-file\=/Users/j/Documents/GitHub/MoneroOne/build/ModuleCache.noindex/Session.modulevalidation -fmodules-validate-once-per-build-session -Wnon-modular-include-in-framework-module -Werror\=non-modular-include-in-framework-module -Wno-trigraphs -Wno-missing-field-initializers -Wno-missing-prototypes -Wno-return-type -Wno-missing-braces -Wparentheses -Wswitch -Wno-unused-function -Wno-unused-label -Wno-unused-parameter -Wno-unused-variable -Wunused-value -Wno-empty-body -Wno-uninitialized -Wno-unknown-pragmas -w -Wno-shadow -Wno-four-char-constants -Wno-conversion -Wno-constant-conversion -Wno-int-conversion -Wno-bool-conversion -Wno-enum-conversion -Wno-float-conversion -Wno-non-literal-null-conversion -Wno-objc-literal-conversion -Wshorten-64-to-32 -Wno-newline-eof -Wno-implicit-fallthrough -fstrict-aliasing -Wdeprecated-declarations -Wno-sign-conversion -Wno-infinite-recursion -Wno-comma -Wno-block-capture-autoreleasing -Wno-strict-prototypes -Wno-semicolon-before-method-body -index-store-path /Users/j/Documents/GitHub/MoneroOne/build/Index.noindex/DataStore @/Users/j/Documents/GitHub/MoneroOne/build/Build/Intermediates.noindex/swift-crypto.build/Debug-iphonesimulator/CCryptoBoringSSL.build/Objects-normal/arm64/533656923a283fa776881f304837ed9e-common-args.resp -MMD -MT dependencies -MF /Users/j/Documents/GitHub/MoneroOne/build/Build/Intermediates.noindex/swift-crypto.build/Debug-iphonesimulator/CCryptoBoringSSL.build/Objects-normal/arm64/sha1-586-windows.windows.x86.d --serialize-diagnostics /Users/j/Documents/GitHub/MoneroOne/build/Build/Intermediates.noindex/swift-crypto.build/Debug-iphonesimulator/CCryptoBoringSSL.build/Objects-normal/arm64/sha1-586-windows.windows.x86.dia -c /Users/j/Documents/GitHub/MoneroOne/build/SourcePackages/checkouts/swift-crypto/Sources/CCryptoBoringSSL/crypto/fipsmodule/sha1-586-windows.windows.x86.S -o /Users/j/Documents/GitHub/MoneroOne/build/Build/Intermediates.noindex/swift-crypto.build/Debug-iphonesimulator/CCryptoBoringSSL.build/Objects-normal/arm64/sha1-586-windows.windows.x86.o -index-unit-output-path /swift-crypto.build/Debug-iphonesimulator/CCryptoBoringSSL.build/Objects-normal/arm64/sha1-586-windows.windows.x86.o

CompileC /Users/j/Documents/GitHub/MoneroOne/build/Build/Intermediates.noindex/swift-crypto.build/Debug-iphonesimulator/CCryptoBoringSSL.build/Objects-normal/arm64/sha1-586-linux.linux.x86.o /Users/j/Documents/GitHub/MoneroOne/build/SourcePackages/checkouts/swift-crypto/Sources/CCryptoBoringSSL/crypto/fipsmodule/sha1-586-linux.linux.x86.S normal arm64 assembler-with-cpp com.apple.compilers.llvm.clang.1_0.compiler (in target 'CCryptoBoringSSL' from project 'swift-crypto')
    cd /Users/j/Documents/GitHub/MoneroOne/MoneroOne.xcodeproj
    
    Using response file: /Users/j/Documents/GitHub/MoneroOne/build/Build/Intermediates.noindex/swift-crypto.build/Debug-iphonesimulator/CCryptoBoringSSL.build/Objects-normal/arm64/533656923a283fa776881f304837ed9e-common-args.resp
    
    /Applications/Xcode.app/Contents/Developer/Toolchains/XcodeDefault.xctoolchain/usr/bin/clang -x assembler-with-cpp -ivfsstatcache /Users/j/Documents/GitHub/MoneroOne/build/SDKStatCaches.noindex/iphonesimulator26.1-23B77-90cf18a4295e390e64c810bc6bd7acbc.sdkstatcache -fmessage-length\=0 -fdiagnostics-show-note-include-stack -fmacro-backtrace-limit\=0 -fno-color-diagnostics -fmodules-prune-interval\=86400 -fmodules-prune-after\=345600 -fbuild-session-file\=/Users/j/Documents/GitHub/MoneroOne/build/ModuleCache.noindex/Session.modulevalidation -fmodules-validate-once-per-build-session -Wnon-modular-include-in-framework-module -Werror\=non-modular-include-in-framework-module -Wno-trigraphs -Wno-missing-field-initializers -Wno-missing-prototypes -Wno-return-type -Wno-missing-braces -Wparentheses -Wswitch -Wno-unused-function -Wno-unused-label -Wno-unused-parameter -Wno-unused-variable -Wunused-value -Wno-empty-body -Wno-uninitialized -Wno-unknown-pragmas -w -Wno-shadow -Wno-four-char-constants -Wno-conversion -Wno-constant-conversion -Wno-int-conversion -Wno-bool-conversion -Wno-enum-conversion -Wno-float-conversion -Wno-non-literal-null-conversion -Wno-objc-literal-conversion -Wshorten-64-to-32 -Wno-newline-eof -Wno-implicit-fallthrough -fstrict-aliasing -Wdeprecated-declarations -Wno-sign-conversion -Wno-infinite-recursion -Wno-comma -Wno-block-capture-autoreleasing -Wno-strict-prototypes -Wno-semicolon-before-method-body -index-store-path /Users/j/Documents/GitHub/MoneroOne/build/Index.noindex/DataStore @/Users/j/Documents/GitHub/MoneroOne/build/Build/Intermediates.noindex/swift-crypto.build/Debug-iphonesimulator/CCryptoBoringSSL.build/Objects-normal/arm64/533656923a283fa776881f304837ed9e-common-args.resp -MMD -MT dependencies -MF /Users/j/Documents/GitHub/MoneroOne/build/Build/Intermediates.noindex/swift-crypto.build/Debug-iphonesimulator/CCryptoBoringSSL.build/Objects-normal/arm64/sha1-586-linux.linux.x86.d --serialize-diagnostics /Users/j/Documents/GitHub/MoneroOne/build/Build/Intermediates.noindex/swift-crypto.build/Debug-iphonesimulator/CCryptoBoringSSL.build/Objects-normal/arm64/sha1-586-linux.linux.x86.dia -c /Users/j/Documents/GitHub/MoneroOne/build/SourcePackages/checkouts/swift-crypto/Sources/CCryptoBoringSSL/crypto/fipsmodule/sha1-586-linux.linux.x86.S -o /Users/j/Documents/GitHub/MoneroOne/build/Build/Intermediates.noindex/swift-crypto.build/Debug-iphonesimulator/CCryptoBoringSSL.build/Objects-normal/arm64/sha1-586-linux.linux.x86.o -index-unit-output-path /swift-crypto.build/Debug-iphonesimulator/CCryptoBoringSSL.build/Objects-normal/arm64/sha1-586-linux.linux.x86.o

CompileC /Users/j/Documents/GitHub/MoneroOne/build/Build/Intermediates.noindex/swift-crypto.build/Debug-iphonesimulator/CCryptoBoringSSL.build/Objects-normal/arm64/rsaz-avx2-mac.mac.x86_64.o /Users/j/Documents/GitHub/MoneroOne/build/SourcePackages/checkouts/swift-crypto/Sources/CCryptoBoringSSL/crypto/fipsmodule/rsaz-avx2-mac.mac.x86_64.S normal arm64 assembler-with-cpp com.apple.compilers.llvm.clang.1_0.compiler (in target 'CCryptoBoringSSL' from project 'swift-crypto')
    cd /Users/j/Documents/GitHub/MoneroOne/MoneroOne.xcodeproj
    
    Using response file: /Users/j/Documents/GitHub/MoneroOne/build/Build/Intermediates.noindex/swift-crypto.build/Debug-iphonesimulator/CCryptoBoringSSL.build/Objects-normal/arm64/533656923a283fa776881f304837ed9e-common-args.resp
    
    /Applications/Xcode.app/Contents/Developer/Toolchains/XcodeDefault.xctoolchain/usr/bin/clang -x assembler-with-cpp -ivfsstatcache /Users/j/Documents/GitHub/MoneroOne/build/SDKStatCaches.noindex/iphonesimulator26.1-23B77-90cf18a4295e390e64c810bc6bd7acbc.sdkstatcache -fmessage-length\=0 -fdiagnostics-show-note-include-stack -fmacro-backtrace-limit\=0 -fno-color-diagnostics -fmodules-prune-interval\=86400 -fmodules-prune-after\=345600 -fbuild-session-file\=/Users/j/Documents/GitHub/MoneroOne/build/ModuleCache.noindex/Session.modulevalidation -fmodules-validate-once-per-build-session -Wnon-modular-include-in-framework-module -Werror\=non-modular-include-in-framework-module -Wno-trigraphs -Wno-missing-field-initializers -Wno-missing-prototypes -Wno-return-type -Wno-missing-braces -Wparentheses -Wswitch -Wno-unused-function -Wno-unused-label -Wno-unused-parameter -Wno-unused-variable -Wunused-value -Wno-empty-body -Wno-uninitialized -Wno-unknown-pragmas -w -Wno-shadow -Wno-four-char-constants -Wno-conversion -Wno-constant-conversion -Wno-int-conversion -Wno-bool-conversion -Wno-enum-conversion -Wno-float-conversion -Wno-non-literal-null-conversion -Wno-objc-literal-conversion -Wshorten-64-to-32 -Wno-newline-eof -Wno-implicit-fallthrough -fstrict-aliasing -Wdeprecated-declarations -Wno-sign-conversion -Wno-infinite-recursion -Wno-comma -Wno-block-capture-autoreleasing -Wno-strict-prototypes -Wno-semicolon-before-method-body -index-store-path /Users/j/Documents/GitHub/MoneroOne/build/Index.noindex/DataStore @/Users/j/Documents/GitHub/MoneroOne/build/Build/Intermediates.noindex/swift-crypto.build/Debug-iphonesimulator/CCryptoBoringSSL.build/Objects-normal/arm64/533656923a283fa776881f304837ed9e-common-args.resp -MMD -MT dependencies -MF /Users/j/Documents/GitHub/MoneroOne/build/Build/Intermediates.noindex/swift-crypto.build/Debug-iphonesimulator/CCryptoBoringSSL.build/Objects-normal/arm64/rsaz-avx2-mac.mac.x86_64.d --serialize-diagnostics /Users/j/Documents/GitHub/MoneroOne/build/Build/Intermediates.noindex/swift-crypto.build/Debug-iphonesimulator/CCryptoBoringSSL.build/Objects-normal/arm64/rsaz-avx2-mac.mac.x86_64.dia -c /Users/j/Documents/GitHub/MoneroOne/build/SourcePackages/checkouts/swift-crypto/Sources/CCryptoBoringSSL/crypto/fipsmodule/rsaz-avx2-mac.mac.x86_64.S -o /Users/j/Documents/GitHub/MoneroOne/build/Build/Intermediates.noindex/swift-crypto.build/Debug-iphonesimulator/CCryptoBoringSSL.build/Objects-normal/arm64/rsaz-avx2-mac.mac.x86_64.o -index-unit-output-path /swift-crypto.build/Debug-iphonesimulator/CCryptoBoringSSL.build/Objects-normal/arm64/rsaz-avx2-mac.mac.x86_64.o

CompileC /Users/j/Documents/GitHub/MoneroOne/build/Build/Intermediates.noindex/swift-crypto.build/Debug-iphonesimulator/CCryptoBoringSSL.build/Objects-normal/arm64/rsaz-avx2-linux.linux.x86_64.o /Users/j/Documents/GitHub/MoneroOne/build/SourcePackages/checkouts/swift-crypto/Sources/CCryptoBoringSSL/crypto/fipsmodule/rsaz-avx2-linux.linux.x86_64.S normal arm64 assembler-with-cpp com.apple.compilers.llvm.clang.1_0.compiler (in target 'CCryptoBoringSSL' from project 'swift-crypto')
    cd /Users/j/Documents/GitHub/MoneroOne/MoneroOne.xcodeproj
    
    Using response file: /Users/j/Documents/GitHub/MoneroOne/build/Build/Intermediates.noindex/swift-crypto.build/Debug-iphonesimulator/CCryptoBoringSSL.build/Objects-normal/arm64/533656923a283fa776881f304837ed9e-common-args.resp
    
    /Applications/Xcode.app/Contents/Developer/Toolchains/XcodeDefault.xctoolchain/usr/bin/clang -x assembler-with-cpp -ivfsstatcache /Users/j/Documents/GitHub/MoneroOne/build/SDKStatCaches.noindex/iphonesimulator26.1-23B77-90cf18a4295e390e64c810bc6bd7acbc.sdkstatcache -fmessage-length\=0 -fdiagnostics-show-note-include-stack -fmacro-backtrace-limit\=0 -fno-color-diagnostics -fmodules-prune-interval\=86400 -fmodules-prune-after\=345600 -fbuild-session-file\=/Users/j/Documents/GitHub/MoneroOne/build/ModuleCache.noindex/Session.modulevalidation -fmodules-validate-once-per-build-session -Wnon-modular-include-in-framework-module -Werror\=non-modular-include-in-framework-module -Wno-trigraphs -Wno-missing-field-initializers -Wno-missing-prototypes -Wno-return-type -Wno-missing-braces -Wparentheses -Wswitch -Wno-unused-function -Wno-unused-label -Wno-unused-parameter -Wno-unused-variable -Wunused-value -Wno-empty-body -Wno-uninitialized -Wno-unknown-pragmas -w -Wno-shadow -Wno-four-char-constants -Wno-conversion -Wno-constant-conversion -Wno-int-conversion -Wno-bool-conversion -Wno-enum-conversion -Wno-float-conversion -Wno-non-literal-null-conversion -Wno-objc-literal-conversion -Wshorten-64-to-32 -Wno-newline-eof -Wno-implicit-fallthrough -fstrict-aliasing -Wdeprecated-declarations -Wno-sign-conversion -Wno-infinite-recursion -Wno-comma -Wno-block-capture-autoreleasing -Wno-strict-prototypes -Wno-semicolon-before-method-body -index-store-path /Users/j/Documents/GitHub/MoneroOne/build/Index.noindex/DataStore @/Users/j/Documents/GitHub/MoneroOne/build/Build/Intermediates.noindex/swift-crypto.build/Debug-iphonesimulator/CCryptoBoringSSL.build/Objects-normal/arm64/533656923a283fa776881f304837ed9e-common-args.resp -MMD -MT dependencies -MF /Users/j/Documents/GitHub/MoneroOne/build/Build/Intermediates.noindex/swift-crypto.build/Debug-iphonesimulator/CCryptoBoringSSL.build/Objects-normal/arm64/rsaz-avx2-linux.linux.x86_64.d --serialize-diagnostics /Users/j/Documents/GitHub/MoneroOne/build/Build/Intermediates.noindex/swift-crypto.build/Debug-iphonesimulator/CCryptoBoringSSL.build/Objects-normal/arm64/rsaz-avx2-linux.linux.x86_64.dia -c /Users/j/Documents/GitHub/MoneroOne/build/SourcePackages/checkouts/swift-crypto/Sources/CCryptoBoringSSL/crypto/fipsmodule/rsaz-avx2-linux.linux.x86_64.S -o /Users/j/Documents/GitHub/MoneroOne/build/Build/Intermediates.noindex/swift-crypto.build/Debug-iphonesimulator/CCryptoBoringSSL.build/Objects-normal/arm64/rsaz-avx2-linux.linux.x86_64.o -index-unit-output-path /swift-crypto.build/Debug-iphonesimulator/CCryptoBoringSSL.build/Objects-normal/arm64/rsaz-avx2-linux.linux.x86_64.o

CompileC /Users/j/Documents/GitHub/MoneroOne/build/Build/Intermediates.noindex/swift-crypto.build/Debug-iphonesimulator/CCryptoBoringSSL.build/Objects-normal/arm64/rdrand-x86_64-mac.mac.x86_64.o /Users/j/Documents/GitHub/MoneroOne/build/SourcePackages/checkouts/swift-crypto/Sources/CCryptoBoringSSL/crypto/fipsmodule/rdrand-x86_64-mac.mac.x86_64.S normal arm64 assembler-with-cpp com.apple.compilers.llvm.clang.1_0.compiler (in target 'CCryptoBoringSSL' from project 'swift-crypto')
    cd /Users/j/Documents/GitHub/MoneroOne/MoneroOne.xcodeproj
    
    Using response file: /Users/j/Documents/GitHub/MoneroOne/build/Build/Intermediates.noindex/swift-crypto.build/Debug-iphonesimulator/CCryptoBoringSSL.build/Objects-normal/arm64/533656923a283fa776881f304837ed9e-common-args.resp
    
    /Applications/Xcode.app/Contents/Developer/Toolchains/XcodeDefault.xctoolchain/usr/bin/clang -x assembler-with-cpp -ivfsstatcache /Users/j/Documents/GitHub/MoneroOne/build/SDKStatCaches.noindex/iphonesimulator26.1-23B77-90cf18a4295e390e64c810bc6bd7acbc.sdkstatcache -fmessage-length\=0 -fdiagnostics-show-note-include-stack -fmacro-backtrace-limit\=0 -fno-color-diagnostics -fmodules-prune-interval\=86400 -fmodules-prune-after\=345600 -fbuild-session-file\=/Users/j/Documents/GitHub/MoneroOne/build/ModuleCache.noindex/Session.modulevalidation -fmodules-validate-once-per-build-session -Wnon-modular-include-in-framework-module -Werror\=non-modular-include-in-framework-module -Wno-trigraphs -Wno-missing-field-initializers -Wno-missing-prototypes -Wno-return-type -Wno-missing-braces -Wparentheses -Wswitch -Wno-unused-function -Wno-unused-label -Wno-unused-parameter -Wno-unused-variable -Wunused-value -Wno-empty-body -Wno-uninitialized -Wno-unknown-pragmas -w -Wno-shadow -Wno-four-char-constants -Wno-conversion -Wno-constant-conversion -Wno-int-conversion -Wno-bool-conversion -Wno-enum-conversion -Wno-float-conversion -Wno-non-literal-null-conversion -Wno-objc-literal-conversion -Wshorten-64-to-32 -Wno-newline-eof -Wno-implicit-fallthrough -fstrict-aliasing -Wdeprecated-declarations -Wno-sign-conversion -Wno-infinite-recursion -Wno-comma -Wno-block-capture-autoreleasing -Wno-strict-prototypes -Wno-semicolon-before-method-body -index-store-path /Users/j/Documents/GitHub/MoneroOne/build/Index.noindex/DataStore @/Users/j/Documents/GitHub/MoneroOne/build/Build/Intermediates.noindex/swift-crypto.build/Debug-iphonesimulator/CCryptoBoringSSL.build/Objects-normal/arm64/533656923a283fa776881f304837ed9e-common-args.resp -MMD -MT dependencies -MF /Users/j/Documents/GitHub/MoneroOne/build/Build/Intermediates.noindex/swift-crypto.build/Debug-iphonesimulator/CCryptoBoringSSL.build/Objects-normal/arm64/rdrand-x86_64-mac.mac.x86_64.d --serialize-diagnostics /Users/j/Documents/GitHub/MoneroOne/build/Build/Intermediates.noindex/swift-crypto.build/Debug-iphonesimulator/CCryptoBoringSSL.build/Objects-normal/arm64/rdrand-x86_64-mac.mac.x86_64.dia -c /Users/j/Documents/GitHub/MoneroOne/build/SourcePackages/checkouts/swift-crypto/Sources/CCryptoBoringSSL/crypto/fipsmodule/rdrand-x86_64-mac.mac.x86_64.S -o /Users/j/Documents/GitHub/MoneroOne/build/Build/Intermediates.noindex/swift-crypto.build/Debug-iphonesimulator/CCryptoBoringSSL.build/Objects-normal/arm64/rdrand-x86_64-mac.mac.x86_64.o -index-unit-output-path /swift-crypto.build/Debug-iphonesimulator/CCryptoBoringSSL.build/Objects-normal/arm64/rdrand-x86_64-mac.mac.x86_64.o

CompileC /Users/j/Documents/GitHub/MoneroOne/build/Build/Intermediates.noindex/swift-crypto.build/Debug-iphonesimulator/CCryptoBoringSSL.build/Objects-normal/arm64/rdrand-x86_64-linux.linux.x86_64.o /Users/j/Documents/GitHub/MoneroOne/build/SourcePackages/checkouts/swift-crypto/Sources/CCryptoBoringSSL/crypto/fipsmodule/rdrand-x86_64-linux.linux.x86_64.S normal arm64 assembler-with-cpp com.apple.compilers.llvm.clang.1_0.compiler (in target 'CCryptoBoringSSL' from project 'swift-crypto')
    cd /Users/j/Documents/GitHub/MoneroOne/MoneroOne.xcodeproj
    
    Using response file: /Users/j/Documents/GitHub/MoneroOne/build/Build/Intermediates.noindex/swift-crypto.build/Debug-iphonesimulator/CCryptoBoringSSL.build/Objects-normal/arm64/533656923a283fa776881f304837ed9e-common-args.resp
    
    /Applications/Xcode.app/Contents/Developer/Toolchains/XcodeDefault.xctoolchain/usr/bin/clang -x assembler-with-cpp -ivfsstatcache /Users/j/Documents/GitHub/MoneroOne/build/SDKStatCaches.noindex/iphonesimulator26.1-23B77-90cf18a4295e390e64c810bc6bd7acbc.sdkstatcache -fmessage-length\=0 -fdiagnostics-show-note-include-stack -fmacro-backtrace-limit\=0 -fno-color-diagnostics -fmodules-prune-interval\=86400 -fmodules-prune-after\=345600 -fbuild-session-file\=/Users/j/Documents/GitHub/MoneroOne/build/ModuleCache.noindex/Session.modulevalidation -fmodules-validate-once-per-build-session -Wnon-modular-include-in-framework-module -Werror\=non-modular-include-in-framework-module -Wno-trigraphs -Wno-missing-field-initializers -Wno-missing-prototypes -Wno-return-type -Wno-missing-braces -Wparentheses -Wswitch -Wno-unused-function -Wno-unused-label -Wno-unused-parameter -Wno-unused-variable -Wunused-value -Wno-empty-body -Wno-uninitialized -Wno-unknown-pragmas -w -Wno-shadow -Wno-four-char-constants -Wno-conversion -Wno-constant-conversion -Wno-int-conversion -Wno-bool-conversion -Wno-enum-conversion -Wno-float-conversion -Wno-non-literal-null-conversion -Wno-objc-literal-conversion -Wshorten-64-to-32 -Wno-newline-eof -Wno-implicit-fallthrough -fstrict-aliasing -Wdeprecated-declarations -Wno-sign-conversion -Wno-infinite-recursion -Wno-comma -Wno-block-capture-autoreleasing -Wno-strict-prototypes -Wno-semicolon-before-method-body -index-store-path /Users/j/Documents/GitHub/MoneroOne/build/Index.noindex/DataStore @/Users/j/Documents/GitHub/MoneroOne/build/Build/Intermediates.noindex/swift-crypto.build/Debug-iphonesimulator/CCryptoBoringSSL.build/Objects-normal/arm64/533656923a283fa776881f304837ed9e-common-args.resp -MMD -MT dependencies -MF /Users/j/Documents/GitHub/MoneroOne/build/Build/Intermediates.noindex/swift-crypto.build/Debug-iphonesimulator/CCryptoBoringSSL.build/Objects-normal/arm64/rdrand-x86_64-linux.linux.x86_64.d --serialize-diagnostics /Users/j/Documents/GitHub/MoneroOne/build/Build/Intermediates.noindex/swift-crypto.build/Debug-iphonesimulator/CCryptoBoringSSL.build/Objects-normal/arm64/rdrand-x86_64-linux.linux.x86_64.dia -c /Users/j/Documents/GitHub/MoneroOne/build/SourcePackages/checkouts/swift-crypto/Sources/CCryptoBoringSSL/crypto/fipsmodule/rdrand-x86_64-linux.linux.x86_64.S -o /Users/j/Documents/GitHub/MoneroOne/build/Build/Intermediates.noindex/swift-crypto.build/Debug-iphonesimulator/CCryptoBoringSSL.build/Objects-normal/arm64/rdrand-x86_64-linux.linux.x86_64.o -index-unit-output-path /swift-crypto.build/Debug-iphonesimulator/CCryptoBoringSSL.build/Objects-normal/arm64/rdrand-x86_64-linux.linux.x86_64.o

CompileC /Users/j/Documents/GitHub/MoneroOne/build/Build/Intermediates.noindex/swift-crypto.build/Debug-iphonesimulator/CCryptoBoringSSL.build/Objects-normal/arm64/poly_rq_mul.o /Users/j/Documents/GitHub/MoneroOne/build/SourcePackages/checkouts/swift-crypto/Sources/CCryptoBoringSSL/crypto/hrss/asm/poly_rq_mul.S normal arm64 assembler-with-cpp com.apple.compilers.llvm.clang.1_0.compiler (in target 'CCryptoBoringSSL' from project 'swift-crypto')
    cd /Users/j/Documents/GitHub/MoneroOne/MoneroOne.xcodeproj
    
    Using response file: /Users/j/Documents/GitHub/MoneroOne/build/Build/Intermediates.noindex/swift-crypto.build/Debug-iphonesimulator/CCryptoBoringSSL.build/Objects-normal/arm64/533656923a283fa776881f304837ed9e-common-args.resp
    
    /Applications/Xcode.app/Contents/Developer/Toolchains/XcodeDefault.xctoolchain/usr/bin/clang -x assembler-with-cpp -ivfsstatcache /Users/j/Documents/GitHub/MoneroOne/build/SDKStatCaches.noindex/iphonesimulator26.1-23B77-90cf18a4295e390e64c810bc6bd7acbc.sdkstatcache -fmessage-length\=0 -fdiagnostics-show-note-include-stack -fmacro-backtrace-limit\=0 -fno-color-diagnostics -fmodules-prune-interval\=86400 -fmodules-prune-after\=345600 -fbuild-session-file\=/Users/j/Documents/GitHub/MoneroOne/build/ModuleCache.noindex/Session.modulevalidation -fmodules-validate-once-per-build-session -Wnon-modular-include-in-framework-module -Werror\=non-modular-include-in-framework-module -Wno-trigraphs -Wno-missing-field-initializers -Wno-missing-prototypes -Wno-return-type -Wno-missing-braces -Wparentheses -Wswitch -Wno-unused-function -Wno-unused-label -Wno-unused-parameter -Wno-unused-variable -Wunused-value -Wno-empty-body -Wno-uninitialized -Wno-unknown-pragmas -w -Wno-shadow -Wno-four-char-constants -Wno-conversion -Wno-constant-conversion -Wno-int-conversion -Wno-bool-conversion -Wno-enum-conversion -Wno-float-conversion -Wno-non-literal-null-conversion -Wno-objc-literal-conversion -Wshorten-64-to-32 -Wno-newline-eof -Wno-implicit-fallthrough -fstrict-aliasing -Wdeprecated-declarations -Wno-sign-conversion -Wno-infinite-recursion -Wno-comma -Wno-block-capture-autoreleasing -Wno-strict-prototypes -Wno-semicolon-before-method-body -index-store-path /Users/j/Documents/GitHub/MoneroOne/build/Index.noindex/DataStore @/Users/j/Documents/GitHub/MoneroOne/build/Build/Intermediates.noindex/swift-crypto.build/Debug-iphonesimulator/CCryptoBoringSSL.build/Objects-normal/arm64/533656923a283fa776881f304837ed9e-common-args.resp -MMD -MT dependencies -MF /Users/j/Documents/GitHub/MoneroOne/build/Build/Intermediates.noindex/swift-crypto.build/Debug-iphonesimulator/CCryptoBoringSSL.build/Objects-normal/arm64/poly_rq_mul.d --serialize-diagnostics /Users/j/Documents/GitHub/MoneroOne/build/Build/Intermediates.noindex/swift-crypto.build/Debug-iphonesimulator/CCryptoBoringSSL.build/Objects-normal/arm64/poly_rq_mul.dia -c /Users/j/Documents/GitHub/MoneroOne/build/SourcePackages/checkouts/swift-crypto/Sources/CCryptoBoringSSL/crypto/hrss/asm/poly_rq_mul.S -o /Users/j/Documents/GitHub/MoneroOne/build/Build/Intermediates.noindex/swift-crypto.build/Debug-iphonesimulator/CCryptoBoringSSL.build/Objects-normal/arm64/poly_rq_mul.o -index-unit-output-path /swift-crypto.build/Debug-iphonesimulator/CCryptoBoringSSL.build/Objects-normal/arm64/poly_rq_mul.o

CompileC /Users/j/Documents/GitHub/MoneroOne/build/Build/Intermediates.noindex/swift-crypto.build/Debug-iphonesimulator/CCryptoBoringSSL.build/Objects-normal/arm64/poly1305_arm_asm.o /Users/j/Documents/GitHub/MoneroOne/build/SourcePackages/checkouts/swift-crypto/Sources/CCryptoBoringSSL/crypto/poly1305/poly1305_arm_asm.S normal arm64 assembler-with-cpp com.apple.compilers.llvm.clang.1_0.compiler (in target 'CCryptoBoringSSL' from project 'swift-crypto')
    cd /Users/j/Documents/GitHub/MoneroOne/MoneroOne.xcodeproj
    
    Using response file: /Users/j/Documents/GitHub/MoneroOne/build/Build/Intermediates.noindex/swift-crypto.build/Debug-iphonesimulator/CCryptoBoringSSL.build/Objects-normal/arm64/533656923a283fa776881f304837ed9e-common-args.resp
    
    /Applications/Xcode.app/Contents/Developer/Toolchains/XcodeDefault.xctoolchain/usr/bin/clang -x assembler-with-cpp -ivfsstatcache /Users/j/Documents/GitHub/MoneroOne/build/SDKStatCaches.noindex/iphonesimulator26.1-23B77-90cf18a4295e390e64c810bc6bd7acbc.sdkstatcache -fmessage-length\=0 -fdiagnostics-show-note-include-stack -fmacro-backtrace-limit\=0 -fno-color-diagnostics -fmodules-prune-interval\=86400 -fmodules-prune-after\=345600 -fbuild-session-file\=/Users/j/Documents/GitHub/MoneroOne/build/ModuleCache.noindex/Session.modulevalidation -fmodules-validate-once-per-build-session -Wnon-modular-include-in-framework-module -Werror\=non-modular-include-in-framework-module -Wno-trigraphs -Wno-missing-field-initializers -Wno-missing-prototypes -Wno-return-type -Wno-missing-braces -Wparentheses -Wswitch -Wno-unused-function -Wno-unused-label -Wno-unused-parameter -Wno-unused-variable -Wunused-value -Wno-empty-body -Wno-uninitialized -Wno-unknown-pragmas -w -Wno-shadow -Wno-four-char-constants -Wno-conversion -Wno-constant-conversion -Wno-int-conversion -Wno-bool-conversion -Wno-enum-conversion -Wno-float-conversion -Wno-non-literal-null-conversion -Wno-objc-literal-conversion -Wshorten-64-to-32 -Wno-newline-eof -Wno-implicit-fallthrough -fstrict-aliasing -Wdeprecated-declarations -Wno-sign-conversion -Wno-infinite-recursion -Wno-comma -Wno-block-capture-autoreleasing -Wno-strict-prototypes -Wno-semicolon-before-method-body -index-store-path /Users/j/Documents/GitHub/MoneroOne/build/Index.noindex/DataStore @/Users/j/Documents/GitHub/MoneroOne/build/Build/Intermediates.noindex/swift-crypto.build/Debug-iphonesimulator/CCryptoBoringSSL.build/Objects-normal/arm64/533656923a283fa776881f304837ed9e-common-args.resp -MMD -MT dependencies -MF /Users/j/Documents/GitHub/MoneroOne/build/Build/Intermediates.noindex/swift-crypto.build/Debug-iphonesimulator/CCryptoBoringSSL.build/Objects-normal/arm64/poly1305_arm_asm.d --serialize-diagnostics /Users/j/Documents/GitHub/MoneroOne/build/Build/Intermediates.noindex/swift-crypto.build/Debug-iphonesimulator/CCryptoBoringSSL.build/Objects-normal/arm64/poly1305_arm_asm.dia -c /Users/j/Documents/GitHub/MoneroOne/build/SourcePackages/checkouts/swift-crypto/Sources/CCryptoBoringSSL/crypto/poly1305/poly1305_arm_asm.S -o /Users/j/Documents/GitHub/MoneroOne/build/Build/Intermediates.noindex/swift-crypto.build/Debug-iphonesimulator/CCryptoBoringSSL.build/Objects-normal/arm64/poly1305_arm_asm.o -index-unit-output-path /swift-crypto.build/Debug-iphonesimulator/CCryptoBoringSSL.build/Objects-normal/arm64/poly1305_arm_asm.o

CompileC /Users/j/Documents/GitHub/MoneroOne/build/Build/Intermediates.noindex/swift-crypto.build/Debug-iphonesimulator/CCryptoBoringSSL.build/Objects-normal/arm64/p256_beeu-x86_64-asm-mac.mac.x86_64.o /Users/j/Documents/GitHub/MoneroOne/build/SourcePackages/checkouts/swift-crypto/Sources/CCryptoBoringSSL/crypto/fipsmodule/p256_beeu-x86_64-asm-mac.mac.x86_64.S normal arm64 assembler-with-cpp com.apple.compilers.llvm.clang.1_0.compiler (in target 'CCryptoBoringSSL' from project 'swift-crypto')
    cd /Users/j/Documents/GitHub/MoneroOne/MoneroOne.xcodeproj
    
    Using response file: /Users/j/Documents/GitHub/MoneroOne/build/Build/Intermediates.noindex/swift-crypto.build/Debug-iphonesimulator/CCryptoBoringSSL.build/Objects-normal/arm64/533656923a283fa776881f304837ed9e-common-args.resp
    
    /Applications/Xcode.app/Contents/Developer/Toolchains/XcodeDefault.xctoolchain/usr/bin/clang -x assembler-with-cpp -ivfsstatcache /Users/j/Documents/GitHub/MoneroOne/build/SDKStatCaches.noindex/iphonesimulator26.1-23B77-90cf18a4295e390e64c810bc6bd7acbc.sdkstatcache -fmessage-length\=0 -fdiagnostics-show-note-include-stack -fmacro-backtrace-limit\=0 -fno-color-diagnostics -fmodules-prune-interval\=86400 -fmodules-prune-after\=345600 -fbuild-session-file\=/Users/j/Documents/GitHub/MoneroOne/build/ModuleCache.noindex/Session.modulevalidation -fmodules-validate-once-per-build-session -Wnon-modular-include-in-framework-module -Werror\=non-modular-include-in-framework-module -Wno-trigraphs -Wno-missing-field-initializers -Wno-missing-prototypes -Wno-return-type -Wno-missing-braces -Wparentheses -Wswitch -Wno-unused-function -Wno-unused-label -Wno-unused-parameter -Wno-unused-variable -Wunused-value -Wno-empty-body -Wno-uninitialized -Wno-unknown-pragmas -w -Wno-shadow -Wno-four-char-constants -Wno-conversion -Wno-constant-conversion -Wno-int-conversion -Wno-bool-conversion -Wno-enum-conversion -Wno-float-conversion -Wno-non-literal-null-conversion -Wno-objc-literal-conversion -Wshorten-64-to-32 -Wno-newline-eof -Wno-implicit-fallthrough -fstrict-aliasing -Wdeprecated-declarations -Wno-sign-conversion -Wno-infinite-recursion -Wno-comma -Wno-block-capture-autoreleasing -Wno-strict-prototypes -Wno-semicolon-before-method-body -index-store-path /Users/j/Documents/GitHub/MoneroOne/build/Index.noindex/DataStore @/Users/j/Documents/GitHub/MoneroOne/build/Build/Intermediates.noindex/swift-crypto.build/Debug-iphonesimulator/CCryptoBoringSSL.build/Objects-normal/arm64/533656923a283fa776881f304837ed9e-common-args.resp -MMD -MT dependencies -MF /Users/j/Documents/GitHub/MoneroOne/build/Build/Intermediates.noindex/swift-crypto.build/Debug-iphonesimulator/CCryptoBoringSSL.build/Objects-normal/arm64/p256_beeu-x86_64-asm-mac.mac.x86_64.d --serialize-diagnostics /Users/j/Documents/GitHub/MoneroOne/build/Build/Intermediates.noindex/swift-crypto.build/Debug-iphonesimulator/CCryptoBoringSSL.build/Objects-normal/arm64/p256_beeu-x86_64-asm-mac.mac.x86_64.dia -c /Users/j/Documents/GitHub/MoneroOne/build/SourcePackages/checkouts/swift-crypto/Sources/CCryptoBoringSSL/crypto/fipsmodule/p256_beeu-x86_64-asm-mac.mac.x86_64.S -o /Users/j/Documents/GitHub/MoneroOne/build/Build/Intermediates.noindex/swift-crypto.build/Debug-iphonesimulator/CCryptoBoringSSL.build/Objects-normal/arm64/p256_beeu-x86_64-asm-mac.mac.x86_64.o -index-unit-output-path /swift-crypto.build/Debug-iphonesimulator/CCryptoBoringSSL.build/Objects-normal/arm64/p256_beeu-x86_64-asm-mac.mac.x86_64.o

CompileC /Users/j/Documents/GitHub/MoneroOne/build/Build/Intermediates.noindex/swift-crypto.build/Debug-iphonesimulator/CCryptoBoringSSL.build/Objects-normal/arm64/p256_beeu-x86_64-asm-linux.linux.x86_64.o /Users/j/Documents/GitHub/MoneroOne/build/SourcePackages/checkouts/swift-crypto/Sources/CCryptoBoringSSL/crypto/fipsmodule/p256_beeu-x86_64-asm-linux.linux.x86_64.S normal arm64 assembler-with-cpp com.apple.compilers.llvm.clang.1_0.compiler (in target 'CCryptoBoringSSL' from project 'swift-crypto')
    cd /Users/j/Documents/GitHub/MoneroOne/MoneroOne.xcodeproj
    
    Using response file: /Users/j/Documents/GitHub/MoneroOne/build/Build/Intermediates.noindex/swift-crypto.build/Debug-iphonesimulator/CCryptoBoringSSL.build/Objects-normal/arm64/533656923a283fa776881f304837ed9e-common-args.resp
    
    /Applications/Xcode.app/Contents/Developer/Toolchains/XcodeDefault.xctoolchain/usr/bin/clang -x assembler-with-cpp -ivfsstatcache /Users/j/Documents/GitHub/MoneroOne/build/SDKStatCaches.noindex/iphonesimulator26.1-23B77-90cf18a4295e390e64c810bc6bd7acbc.sdkstatcache -fmessage-length\=0 -fdiagnostics-show-note-include-stack -fmacro-backtrace-limit\=0 -fno-color-diagnostics -fmodules-prune-interval\=86400 -fmodules-prune-after\=345600 -fbuild-session-file\=/Users/j/Documents/GitHub/MoneroOne/build/ModuleCache.noindex/Session.modulevalidation -fmodules-validate-once-per-build-session -Wnon-modular-include-in-framework-module -Werror\=non-modular-include-in-framework-module -Wno-trigraphs -Wno-missing-field-initializers -Wno-missing-prototypes -Wno-return-type -Wno-missing-braces -Wparentheses -Wswitch -Wno-unused-function -Wno-unused-label -Wno-unused-parameter -Wno-unused-variable -Wunused-value -Wno-empty-body -Wno-uninitialized -Wno-unknown-pragmas -w -Wno-shadow -Wno-four-char-constants -Wno-conversion -Wno-constant-conversion -Wno-int-conversion -Wno-bool-conversion -Wno-enum-conversion -Wno-float-conversion -Wno-non-literal-null-conversion -Wno-objc-literal-conversion -Wshorten-64-to-32 -Wno-newline-eof -Wno-implicit-fallthrough -fstrict-aliasing -Wdeprecated-declarations -Wno-sign-conversion -Wno-infinite-recursion -Wno-comma -Wno-block-capture-autoreleasing -Wno-strict-prototypes -Wno-semicolon-before-method-body -index-store-path /Users/j/Documents/GitHub/MoneroOne/build/Index.noindex/DataStore @/Users/j/Documents/GitHub/MoneroOne/build/Build/Intermediates.noindex/swift-crypto.build/Debug-iphonesimulator/CCryptoBoringSSL.build/Objects-normal/arm64/533656923a283fa776881f304837ed9e-common-args.resp -MMD -MT dependencies -MF /Users/j/Documents/GitHub/MoneroOne/build/Build/Intermediates.noindex/swift-crypto.build/Debug-iphonesimulator/CCryptoBoringSSL.build/Objects-normal/arm64/p256_beeu-x86_64-asm-linux.linux.x86_64.d --serialize-diagnostics /Users/j/Documents/GitHub/MoneroOne/build/Build/Intermediates.noindex/swift-crypto.build/Debug-iphonesimulator/CCryptoBoringSSL.build/Objects-normal/arm64/p256_beeu-x86_64-asm-linux.linux.x86_64.dia -c /Users/j/Documents/GitHub/MoneroOne/build/SourcePackages/checkouts/swift-crypto/Sources/CCryptoBoringSSL/crypto/fipsmodule/p256_beeu-x86_64-asm-linux.linux.x86_64.S -o /Users/j/Documents/GitHub/MoneroOne/build/Build/Intermediates.noindex/swift-crypto.build/Debug-iphonesimulator/CCryptoBoringSSL.build/Objects-normal/arm64/p256_beeu-x86_64-asm-linux.linux.x86_64.o -index-unit-output-path /swift-crypto.build/Debug-iphonesimulator/CCryptoBoringSSL.build/Objects-normal/arm64/p256_beeu-x86_64-asm-linux.linux.x86_64.o

CompileC /Users/j/Documents/GitHub/MoneroOne/build/Build/Intermediates.noindex/swift-crypto.build/Debug-iphonesimulator/CCryptoBoringSSL.build/Objects-normal/arm64/p256_beeu-armv8-asm-linux.linux.aarch64.o /Users/j/Documents/GitHub/MoneroOne/build/SourcePackages/checkouts/swift-crypto/Sources/CCryptoBoringSSL/crypto/fipsmodule/p256_beeu-armv8-asm-linux.linux.aarch64.S normal arm64 assembler-with-cpp com.apple.compilers.llvm.clang.1_0.compiler (in target 'CCryptoBoringSSL' from project 'swift-crypto')
    cd /Users/j/Documents/GitHub/MoneroOne/MoneroOne.xcodeproj
    
    Using response file: /Users/j/Documents/GitHub/MoneroOne/build/Build/Intermediates.noindex/swift-crypto.build/Debug-iphonesimulator/CCryptoBoringSSL.build/Objects-normal/arm64/533656923a283fa776881f304837ed9e-common-args.resp
    
    /Applications/Xcode.app/Contents/Developer/Toolchains/XcodeDefault.xctoolchain/usr/bin/clang -x assembler-with-cpp -ivfsstatcache /Users/j/Documents/GitHub/MoneroOne/build/SDKStatCaches.noindex/iphonesimulator26.1-23B77-90cf18a4295e390e64c810bc6bd7acbc.sdkstatcache -fmessage-length\=0 -fdiagnostics-show-note-include-stack -fmacro-backtrace-limit\=0 -fno-color-diagnostics -fmodules-prune-interval\=86400 -fmodules-prune-after\=345600 -fbuild-session-file\=/Users/j/Documents/GitHub/MoneroOne/build/ModuleCache.noindex/Session.modulevalidation -fmodules-validate-once-per-build-session -Wnon-modular-include-in-framework-module -Werror\=non-modular-include-in-framework-module -Wno-trigraphs -Wno-missing-field-initializers -Wno-missing-prototypes -Wno-return-type -Wno-missing-braces -Wparentheses -Wswitch -Wno-unused-function -Wno-unused-label -Wno-unused-parameter -Wno-unused-variable -Wunused-value -Wno-empty-body -Wno-uninitialized -Wno-unknown-pragmas -w -Wno-shadow -Wno-four-char-constants -Wno-conversion -Wno-constant-conversion -Wno-int-conversion -Wno-bool-conversion -Wno-enum-conversion -Wno-float-conversion -Wno-non-literal-null-conversion -Wno-objc-literal-conversion -Wshorten-64-to-32 -Wno-newline-eof -Wno-implicit-fallthrough -fstrict-aliasing -Wdeprecated-declarations -Wno-sign-conversion -Wno-infinite-recursion -Wno-comma -Wno-block-capture-autoreleasing -Wno-strict-prototypes -Wno-semicolon-before-method-body -index-store-path /Users/j/Documents/GitHub/MoneroOne/build/Index.noindex/DataStore @/Users/j/Documents/GitHub/MoneroOne/build/Build/Intermediates.noindex/swift-crypto.build/Debug-iphonesimulator/CCryptoBoringSSL.build/Objects-normal/arm64/533656923a283fa776881f304837ed9e-common-args.resp -MMD -MT dependencies -MF /Users/j/Documents/GitHub/MoneroOne/build/Build/Intermediates.noindex/swift-crypto.build/Debug-iphonesimulator/CCryptoBoringSSL.build/Objects-normal/arm64/p256_beeu-armv8-asm-linux.linux.aarch64.d --serialize-diagnostics /Users/j/Documents/GitHub/MoneroOne/build/Build/Intermediates.noindex/swift-crypto.build/Debug-iphonesimulator/CCryptoBoringSSL.build/Objects-normal/arm64/p256_beeu-armv8-asm-linux.linux.aarch64.dia -c /Users/j/Documents/GitHub/MoneroOne/build/SourcePackages/checkouts/swift-crypto/Sources/CCryptoBoringSSL/crypto/fipsmodule/p256_beeu-armv8-asm-linux.linux.aarch64.S -o /Users/j/Documents/GitHub/MoneroOne/build/Build/Intermediates.noindex/swift-crypto.build/Debug-iphonesimulator/CCryptoBoringSSL.build/Objects-normal/arm64/p256_beeu-armv8-asm-linux.linux.aarch64.o -index-unit-output-path /swift-crypto.build/Debug-iphonesimulator/CCryptoBoringSSL.build/Objects-normal/arm64/p256_beeu-armv8-asm-linux.linux.aarch64.o

CompileC /Users/j/Documents/GitHub/MoneroOne/build/Build/Intermediates.noindex/swift-crypto.build/Debug-iphonesimulator/CCryptoBoringSSL.build/Objects-normal/arm64/p256_beeu-armv8-asm-ios.ios.aarch64.o /Users/j/Documents/GitHub/MoneroOne/build/SourcePackages/checkouts/swift-crypto/Sources/CCryptoBoringSSL/crypto/fipsmodule/p256_beeu-armv8-asm-ios.ios.aarch64.S normal arm64 assembler-with-cpp com.apple.compilers.llvm.clang.1_0.compiler (in target 'CCryptoBoringSSL' from project 'swift-crypto')
    cd /Users/j/Documents/GitHub/MoneroOne/MoneroOne.xcodeproj
    
    Using response file: /Users/j/Documents/GitHub/MoneroOne/build/Build/Intermediates.noindex/swift-crypto.build/Debug-iphonesimulator/CCryptoBoringSSL.build/Objects-normal/arm64/533656923a283fa776881f304837ed9e-common-args.resp
    
    /Applications/Xcode.app/Contents/Developer/Toolchains/XcodeDefault.xctoolchain/usr/bin/clang -x assembler-with-cpp -ivfsstatcache /Users/j/Documents/GitHub/MoneroOne/build/SDKStatCaches.noindex/iphonesimulator26.1-23B77-90cf18a4295e390e64c810bc6bd7acbc.sdkstatcache -fmessage-length\=0 -fdiagnostics-show-note-include-stack -fmacro-backtrace-limit\=0 -fno-color-diagnostics -fmodules-prune-interval\=86400 -fmodules-prune-after\=345600 -fbuild-session-file\=/Users/j/Documents/GitHub/MoneroOne/build/ModuleCache.noindex/Session.modulevalidation -fmodules-validate-once-per-build-session -Wnon-modular-include-in-framework-module -Werror\=non-modular-include-in-framework-module -Wno-trigraphs -Wno-missing-field-initializers -Wno-missing-prototypes -Wno-return-type -Wno-missing-braces -Wparentheses -Wswitch -Wno-unused-function -Wno-unused-label -Wno-unused-parameter -Wno-unused-variable -Wunused-value -Wno-empty-body -Wno-uninitialized -Wno-unknown-pragmas -w -Wno-shadow -Wno-four-char-constants -Wno-conversion -Wno-constant-conversion -Wno-int-conversion -Wno-bool-conversion -Wno-enum-conversion -Wno-float-conversion -Wno-non-literal-null-conversion -Wno-objc-literal-conversion -Wshorten-64-to-32 -Wno-newline-eof -Wno-implicit-fallthrough -fstrict-aliasing -Wdeprecated-declarations -Wno-sign-conversion -Wno-infinite-recursion -Wno-comma -Wno-block-capture-autoreleasing -Wno-strict-prototypes -Wno-semicolon-before-method-body -index-store-path /Users/j/Documents/GitHub/MoneroOne/build/Index.noindex/DataStore @/Users/j/Documents/GitHub/MoneroOne/build/Build/Intermediates.noindex/swift-crypto.build/Debug-iphonesimulator/CCryptoBoringSSL.build/Objects-normal/arm64/533656923a283fa776881f304837ed9e-common-args.resp -MMD -MT dependencies -MF /Users/j/Documents/GitHub/MoneroOne/build/Build/Intermediates.noindex/swift-crypto.build/Debug-iphonesimulator/CCryptoBoringSSL.build/Objects-normal/arm64/p256_beeu-armv8-asm-ios.ios.aarch64.d --serialize-diagnostics /Users/j/Documents/GitHub/MoneroOne/build/Build/Intermediates.noindex/swift-crypto.build/Debug-iphonesimulator/CCryptoBoringSSL.build/Objects-normal/arm64/p256_beeu-armv8-asm-ios.ios.aarch64.dia -c /Users/j/Documents/GitHub/MoneroOne/build/SourcePackages/checkouts/swift-crypto/Sources/CCryptoBoringSSL/crypto/fipsmodule/p256_beeu-armv8-asm-ios.ios.aarch64.S -o /Users/j/Documents/GitHub/MoneroOne/build/Build/Intermediates.noindex/swift-crypto.build/Debug-iphonesimulator/CCryptoBoringSSL.build/Objects-normal/arm64/p256_beeu-armv8-asm-ios.ios.aarch64.o -index-unit-output-path /swift-crypto.build/Debug-iphonesimulator/CCryptoBoringSSL.build/Objects-normal/arm64/p256_beeu-armv8-asm-ios.ios.aarch64.o

CompileC /Users/j/Documents/GitHub/MoneroOne/build/Build/Intermediates.noindex/swift-crypto.build/Debug-iphonesimulator/CCryptoBoringSSL.build/Objects-normal/arm64/p256-x86_64-asm-mac.mac.x86_64.o /Users/j/Documents/GitHub/MoneroOne/build/SourcePackages/checkouts/swift-crypto/Sources/CCryptoBoringSSL/crypto/fipsmodule/p256-x86_64-asm-mac.mac.x86_64.S normal arm64 assembler-with-cpp com.apple.compilers.llvm.clang.1_0.compiler (in target 'CCryptoBoringSSL' from project 'swift-crypto')
    cd /Users/j/Documents/GitHub/MoneroOne/MoneroOne.xcodeproj
    
    Using response file: /Users/j/Documents/GitHub/MoneroOne/build/Build/Intermediates.noindex/swift-crypto.build/Debug-iphonesimulator/CCryptoBoringSSL.build/Objects-normal/arm64/533656923a283fa776881f304837ed9e-common-args.resp
    
    /Applications/Xcode.app/Contents/Developer/Toolchains/XcodeDefault.xctoolchain/usr/bin/clang -x assembler-with-cpp -ivfsstatcache /Users/j/Documents/GitHub/MoneroOne/build/SDKStatCaches.noindex/iphonesimulator26.1-23B77-90cf18a4295e390e64c810bc6bd7acbc.sdkstatcache -fmessage-length\=0 -fdiagnostics-show-note-include-stack -fmacro-backtrace-limit\=0 -fno-color-diagnostics -fmodules-prune-interval\=86400 -fmodules-prune-after\=345600 -fbuild-session-file\=/Users/j/Documents/GitHub/MoneroOne/build/ModuleCache.noindex/Session.modulevalidation -fmodules-validate-once-per-build-session -Wnon-modular-include-in-framework-module -Werror\=non-modular-include-in-framework-module -Wno-trigraphs -Wno-missing-field-initializers -Wno-missing-prototypes -Wno-return-type -Wno-missing-braces -Wparentheses -Wswitch -Wno-unused-function -Wno-unused-label -Wno-unused-parameter -Wno-unused-variable -Wunused-value -Wno-empty-body -Wno-uninitialized -Wno-unknown-pragmas -w -Wno-shadow -Wno-four-char-constants -Wno-conversion -Wno-constant-conversion -Wno-int-conversion -Wno-bool-conversion -Wno-enum-conversion -Wno-float-conversion -Wno-non-literal-null-conversion -Wno-objc-literal-conversion -Wshorten-64-to-32 -Wno-newline-eof -Wno-implicit-fallthrough -fstrict-aliasing -Wdeprecated-declarations -Wno-sign-conversion -Wno-infinite-recursion -Wno-comma -Wno-block-capture-autoreleasing -Wno-strict-prototypes -Wno-semicolon-before-method-body -index-store-path /Users/j/Documents/GitHub/MoneroOne/build/Index.noindex/DataStore @/Users/j/Documents/GitHub/MoneroOne/build/Build/Intermediates.noindex/swift-crypto.build/Debug-iphonesimulator/CCryptoBoringSSL.build/Objects-normal/arm64/533656923a283fa776881f304837ed9e-common-args.resp -MMD -MT dependencies -MF /Users/j/Documents/GitHub/MoneroOne/build/Build/Intermediates.noindex/swift-crypto.build/Debug-iphonesimulator/CCryptoBoringSSL.build/Objects-normal/arm64/p256-x86_64-asm-mac.mac.x86_64.d --serialize-diagnostics /Users/j/Documents/GitHub/MoneroOne/build/Build/Intermediates.noindex/swift-crypto.build/Debug-iphonesimulator/CCryptoBoringSSL.build/Objects-normal/arm64/p256-x86_64-asm-mac.mac.x86_64.dia -c /Users/j/Documents/GitHub/MoneroOne/build/SourcePackages/checkouts/swift-crypto/Sources/CCryptoBoringSSL/crypto/fipsmodule/p256-x86_64-asm-mac.mac.x86_64.S -o /Users/j/Documents/GitHub/MoneroOne/build/Build/Intermediates.noindex/swift-crypto.build/Debug-iphonesimulator/CCryptoBoringSSL.build/Objects-normal/arm64/p256-x86_64-asm-mac.mac.x86_64.o -index-unit-output-path /swift-crypto.build/Debug-iphonesimulator/CCryptoBoringSSL.build/Objects-normal/arm64/p256-x86_64-asm-mac.mac.x86_64.o

CompileC /Users/j/Documents/GitHub/MoneroOne/build/Build/Intermediates.noindex/swift-crypto.build/Debug-iphonesimulator/CCryptoBoringSSL.build/Objects-normal/arm64/p256-x86_64-asm-linux.linux.x86_64.o /Users/j/Documents/GitHub/MoneroOne/build/SourcePackages/checkouts/swift-crypto/Sources/CCryptoBoringSSL/crypto/fipsmodule/p256-x86_64-asm-linux.linux.x86_64.S normal arm64 assembler-with-cpp com.apple.compilers.llvm.clang.1_0.compiler (in target 'CCryptoBoringSSL' from project 'swift-crypto')
    cd /Users/j/Documents/GitHub/MoneroOne/MoneroOne.xcodeproj
    
    Using response file: /Users/j/Documents/GitHub/MoneroOne/build/Build/Intermediates.noindex/swift-crypto.build/Debug-iphonesimulator/CCryptoBoringSSL.build/Objects-normal/arm64/533656923a283fa776881f304837ed9e-common-args.resp
    
    /Applications/Xcode.app/Contents/Developer/Toolchains/XcodeDefault.xctoolchain/usr/bin/clang -x assembler-with-cpp -ivfsstatcache /Users/j/Documents/GitHub/MoneroOne/build/SDKStatCaches.noindex/iphonesimulator26.1-23B77-90cf18a4295e390e64c810bc6bd7acbc.sdkstatcache -fmessage-length\=0 -fdiagnostics-show-note-include-stack -fmacro-backtrace-limit\=0 -fno-color-diagnostics -fmodules-prune-interval\=86400 -fmodules-prune-after\=345600 -fbuild-session-file\=/Users/j/Documents/GitHub/MoneroOne/build/ModuleCache.noindex/Session.modulevalidation -fmodules-validate-once-per-build-session -Wnon-modular-include-in-framework-module -Werror\=non-modular-include-in-framework-module -Wno-trigraphs -Wno-missing-field-initializers -Wno-missing-prototypes -Wno-return-type -Wno-missing-braces -Wparentheses -Wswitch -Wno-unused-function -Wno-unused-label -Wno-unused-parameter -Wno-unused-variable -Wunused-value -Wno-empty-body -Wno-uninitialized -Wno-unknown-pragmas -w -Wno-shadow -Wno-four-char-constants -Wno-conversion -Wno-constant-conversion -Wno-int-conversion -Wno-bool-conversion -Wno-enum-conversion -Wno-float-conversion -Wno-non-literal-null-conversion -Wno-objc-literal-conversion -Wshorten-64-to-32 -Wno-newline-eof -Wno-implicit-fallthrough -fstrict-aliasing -Wdeprecated-declarations -Wno-sign-conversion -Wno-infinite-recursion -Wno-comma -Wno-block-capture-autoreleasing -Wno-strict-prototypes -Wno-semicolon-before-method-body -index-store-path /Users/j/Documents/GitHub/MoneroOne/build/Index.noindex/DataStore @/Users/j/Documents/GitHub/MoneroOne/build/Build/Intermediates.noindex/swift-crypto.build/Debug-iphonesimulator/CCryptoBoringSSL.build/Objects-normal/arm64/533656923a283fa776881f304837ed9e-common-args.resp -MMD -MT dependencies -MF /Users/j/Documents/GitHub/MoneroOne/build/Build/Intermediates.noindex/swift-crypto.build/Debug-iphonesimulator/CCryptoBoringSSL.build/Objects-normal/arm64/p256-x86_64-asm-linux.linux.x86_64.d --serialize-diagnostics /Users/j/Documents/GitHub/MoneroOne/build/Build/Intermediates.noindex/swift-crypto.build/Debug-iphonesimulator/CCryptoBoringSSL.build/Objects-normal/arm64/p256-x86_64-asm-linux.linux.x86_64.dia -c /Users/j/Documents/GitHub/MoneroOne/build/SourcePackages/checkouts/swift-crypto/Sources/CCryptoBoringSSL/crypto/fipsmodule/p256-x86_64-asm-linux.linux.x86_64.S -o /Users/j/Documents/GitHub/MoneroOne/build/Build/Intermediates.noindex/swift-crypto.build/Debug-iphonesimulator/CCryptoBoringSSL.build/Objects-normal/arm64/p256-x86_64-asm-linux.linux.x86_64.o -index-unit-output-path /swift-crypto.build/Debug-iphonesimulator/CCryptoBoringSSL.build/Objects-normal/arm64/p256-x86_64-asm-linux.linux.x86_64.o

CompileC /Users/j/Documents/GitHub/MoneroOne/build/Build/Intermediates.noindex/swift-crypto.build/Debug-iphonesimulator/CCryptoBoringSSL.build/Objects-normal/arm64/p256-armv8-asm-linux.linux.aarch64.o /Users/j/Documents/GitHub/MoneroOne/build/SourcePackages/checkouts/swift-crypto/Sources/CCryptoBoringSSL/crypto/fipsmodule/p256-armv8-asm-linux.linux.aarch64.S normal arm64 assembler-with-cpp com.apple.compilers.llvm.clang.1_0.compiler (in target 'CCryptoBoringSSL' from project 'swift-crypto')
    cd /Users/j/Documents/GitHub/MoneroOne/MoneroOne.xcodeproj
    
    Using response file: /Users/j/Documents/GitHub/MoneroOne/build/Build/Intermediates.noindex/swift-crypto.build/Debug-iphonesimulator/CCryptoBoringSSL.build/Objects-normal/arm64/533656923a283fa776881f304837ed9e-common-args.resp
    
    /Applications/Xcode.app/Contents/Developer/Toolchains/XcodeDefault.xctoolchain/usr/bin/clang -x assembler-with-cpp -ivfsstatcache /Users/j/Documents/GitHub/MoneroOne/build/SDKStatCaches.noindex/iphonesimulator26.1-23B77-90cf18a4295e390e64c810bc6bd7acbc.sdkstatcache -fmessage-length\=0 -fdiagnostics-show-note-include-stack -fmacro-backtrace-limit\=0 -fno-color-diagnostics -fmodules-prune-interval\=86400 -fmodules-prune-after\=345600 -fbuild-session-file\=/Users/j/Documents/GitHub/MoneroOne/build/ModuleCache.noindex/Session.modulevalidation -fmodules-validate-once-per-build-session -Wnon-modular-include-in-framework-module -Werror\=non-modular-include-in-framework-module -Wno-trigraphs -Wno-missing-field-initializers -Wno-missing-prototypes -Wno-return-type -Wno-missing-braces -Wparentheses -Wswitch -Wno-unused-function -Wno-unused-label -Wno-unused-parameter -Wno-unused-variable -Wunused-value -Wno-empty-body -Wno-uninitialized -Wno-unknown-pragmas -w -Wno-shadow -Wno-four-char-constants -Wno-conversion -Wno-constant-conversion -Wno-int-conversion -Wno-bool-conversion -Wno-enum-conversion -Wno-float-conversion -Wno-non-literal-null-conversion -Wno-objc-literal-conversion -Wshorten-64-to-32 -Wno-newline-eof -Wno-implicit-fallthrough -fstrict-aliasing -Wdeprecated-declarations -Wno-sign-conversion -Wno-infinite-recursion -Wno-comma -Wno-block-capture-autoreleasing -Wno-strict-prototypes -Wno-semicolon-before-method-body -index-store-path /Users/j/Documents/GitHub/MoneroOne/build/Index.noindex/DataStore @/Users/j/Documents/GitHub/MoneroOne/build/Build/Intermediates.noindex/swift-crypto.build/Debug-iphonesimulator/CCryptoBoringSSL.build/Objects-normal/arm64/533656923a283fa776881f304837ed9e-common-args.resp -MMD -MT dependencies -MF /Users/j/Documents/GitHub/MoneroOne/build/Build/Intermediates.noindex/swift-crypto.build/Debug-iphonesimulator/CCryptoBoringSSL.build/Objects-normal/arm64/p256-armv8-asm-linux.linux.aarch64.d --serialize-diagnostics /Users/j/Documents/GitHub/MoneroOne/build/Build/Intermediates.noindex/swift-crypto.build/Debug-iphonesimulator/CCryptoBoringSSL.build/Objects-normal/arm64/p256-armv8-asm-linux.linux.aarch64.dia -c /Users/j/Documents/GitHub/MoneroOne/build/SourcePackages/checkouts/swift-crypto/Sources/CCryptoBoringSSL/crypto/fipsmodule/p256-armv8-asm-linux.linux.aarch64.S -o /Users/j/Documents/GitHub/MoneroOne/build/Build/Intermediates.noindex/swift-crypto.build/Debug-iphonesimulator/CCryptoBoringSSL.build/Objects-normal/arm64/p256-armv8-asm-linux.linux.aarch64.o -index-unit-output-path /swift-crypto.build/Debug-iphonesimulator/CCryptoBoringSSL.build/Objects-normal/arm64/p256-armv8-asm-linux.linux.aarch64.o

CompileC /Users/j/Documents/GitHub/MoneroOne/build/Build/Intermediates.noindex/swift-crypto.build/Debug-iphonesimulator/CCryptoBoringSSL.build/Objects-normal/arm64/p256-armv8-asm-ios.ios.aarch64.o /Users/j/Documents/GitHub/MoneroOne/build/SourcePackages/checkouts/swift-crypto/Sources/CCryptoBoringSSL/crypto/fipsmodule/p256-armv8-asm-ios.ios.aarch64.S normal arm64 assembler-with-cpp com.apple.compilers.llvm.clang.1_0.compiler (in target 'CCryptoBoringSSL' from project 'swift-crypto')
    cd /Users/j/Documents/GitHub/MoneroOne/MoneroOne.xcodeproj
    
    Using response file: /Users/j/Documents/GitHub/MoneroOne/build/Build/Intermediates.noindex/swift-crypto.build/Debug-iphonesimulator/CCryptoBoringSSL.build/Objects-normal/arm64/533656923a283fa776881f304837ed9e-common-args.resp
    
    /Applications/Xcode.app/Contents/Developer/Toolchains/XcodeDefault.xctoolchain/usr/bin/clang -x assembler-with-cpp -ivfsstatcache /Users/j/Documents/GitHub/MoneroOne/build/SDKStatCaches.noindex/iphonesimulator26.1-23B77-90cf18a4295e390e64c810bc6bd7acbc.sdkstatcache -fmessage-length\=0 -fdiagnostics-show-note-include-stack -fmacro-backtrace-limit\=0 -fno-color-diagnostics -fmodules-prune-interval\=86400 -fmodules-prune-after\=345600 -fbuild-session-file\=/Users/j/Documents/GitHub/MoneroOne/build/ModuleCache.noindex/Session.modulevalidation -fmodules-validate-once-per-build-session -Wnon-modular-include-in-framework-module -Werror\=non-modular-include-in-framework-module -Wno-trigraphs -Wno-missing-field-initializers -Wno-missing-prototypes -Wno-return-type -Wno-missing-braces -Wparentheses -Wswitch -Wno-unused-function -Wno-unused-label -Wno-unused-parameter -Wno-unused-variable -Wunused-value -Wno-empty-body -Wno-uninitialized -Wno-unknown-pragmas -w -Wno-shadow -Wno-four-char-constants -Wno-conversion -Wno-constant-conversion -Wno-int-conversion -Wno-bool-conversion -Wno-enum-conversion -Wno-float-conversion -Wno-non-literal-null-conversion -Wno-objc-literal-conversion -Wshorten-64-to-32 -Wno-newline-eof -Wno-implicit-fallthrough -fstrict-aliasing -Wdeprecated-declarations -Wno-sign-conversion -Wno-infinite-recursion -Wno-comma -Wno-block-capture-autoreleasing -Wno-strict-prototypes -Wno-semicolon-before-method-body -index-store-path /Users/j/Documents/GitHub/MoneroOne/build/Index.noindex/DataStore @/Users/j/Documents/GitHub/MoneroOne/build/Build/Intermediates.noindex/swift-crypto.build/Debug-iphonesimulator/CCryptoBoringSSL.build/Objects-normal/arm64/533656923a283fa776881f304837ed9e-common-args.resp -MMD -MT dependencies -MF /Users/j/Documents/GitHub/MoneroOne/build/Build/Intermediates.noindex/swift-crypto.build/Debug-iphonesimulator/CCryptoBoringSSL.build/Objects-normal/arm64/p256-armv8-asm-ios.ios.aarch64.d --serialize-diagnostics /Users/j/Documents/GitHub/MoneroOne/build/Build/Intermediates.noindex/swift-crypto.build/Debug-iphonesimulator/CCryptoBoringSSL.build/Objects-normal/arm64/p256-armv8-asm-ios.ios.aarch64.dia -c /Users/j/Documents/GitHub/MoneroOne/build/SourcePackages/checkouts/swift-crypto/Sources/CCryptoBoringSSL/crypto/fipsmodule/p256-armv8-asm-ios.ios.aarch64.S -o /Users/j/Documents/GitHub/MoneroOne/build/Build/Intermediates.noindex/swift-crypto.build/Debug-iphonesimulator/CCryptoBoringSSL.build/Objects-normal/arm64/p256-armv8-asm-ios.ios.aarch64.o -index-unit-output-path /swift-crypto.build/Debug-iphonesimulator/CCryptoBoringSSL.build/Objects-normal/arm64/p256-armv8-asm-ios.ios.aarch64.o

CompileC /Users/j/Documents/GitHub/MoneroOne/build/Build/Intermediates.noindex/swift-crypto.build/Debug-iphonesimulator/CCryptoBoringSSL.build/Objects-normal/arm64/md5-x86_64-mac.mac.x86_64.o /Users/j/Documents/GitHub/MoneroOne/build/SourcePackages/checkouts/swift-crypto/Sources/CCryptoBoringSSL/crypto/fipsmodule/md5-x86_64-mac.mac.x86_64.S normal arm64 assembler-with-cpp com.apple.compilers.llvm.clang.1_0.compiler (in target 'CCryptoBoringSSL' from project 'swift-crypto')
    cd /Users/j/Documents/GitHub/MoneroOne/MoneroOne.xcodeproj
    
    Using response file: /Users/j/Documents/GitHub/MoneroOne/build/Build/Intermediates.noindex/swift-crypto.build/Debug-iphonesimulator/CCryptoBoringSSL.build/Objects-normal/arm64/533656923a283fa776881f304837ed9e-common-args.resp
    
    /Applications/Xcode.app/Contents/Developer/Toolchains/XcodeDefault.xctoolchain/usr/bin/clang -x assembler-with-cpp -ivfsstatcache /Users/j/Documents/GitHub/MoneroOne/build/SDKStatCaches.noindex/iphonesimulator26.1-23B77-90cf18a4295e390e64c810bc6bd7acbc.sdkstatcache -fmessage-length\=0 -fdiagnostics-show-note-include-stack -fmacro-backtrace-limit\=0 -fno-color-diagnostics -fmodules-prune-interval\=86400 -fmodules-prune-after\=345600 -fbuild-session-file\=/Users/j/Documents/GitHub/MoneroOne/build/ModuleCache.noindex/Session.modulevalidation -fmodules-validate-once-per-build-session -Wnon-modular-include-in-framework-module -Werror\=non-modular-include-in-framework-module -Wno-trigraphs -Wno-missing-field-initializers -Wno-missing-prototypes -Wno-return-type -Wno-missing-braces -Wparentheses -Wswitch -Wno-unused-function -Wno-unused-label -Wno-unused-parameter -Wno-unused-variable -Wunused-value -Wno-empty-body -Wno-uninitialized -Wno-unknown-pragmas -w -Wno-shadow -Wno-four-char-constants -Wno-conversion -Wno-constant-conversion -Wno-int-conversion -Wno-bool-conversion -Wno-enum-conversion -Wno-float-conversion -Wno-non-literal-null-conversion -Wno-objc-literal-conversion -Wshorten-64-to-32 -Wno-newline-eof -Wno-implicit-fallthrough -fstrict-aliasing -Wdeprecated-declarations -Wno-sign-conversion -Wno-infinite-recursion -Wno-comma -Wno-block-capture-autoreleasing -Wno-strict-prototypes -Wno-semicolon-before-method-body -index-store-path /Users/j/Documents/GitHub/MoneroOne/build/Index.noindex/DataStore @/Users/j/Documents/GitHub/MoneroOne/build/Build/Intermediates.noindex/swift-crypto.build/Debug-iphonesimulator/CCryptoBoringSSL.build/Objects-normal/arm64/533656923a283fa776881f304837ed9e-common-args.resp -MMD -MT dependencies -MF /Users/j/Documents/GitHub/MoneroOne/build/Build/Intermediates.noindex/swift-crypto.build/Debug-iphonesimulator/CCryptoBoringSSL.build/Objects-normal/arm64/md5-x86_64-mac.mac.x86_64.d --serialize-diagnostics /Users/j/Documents/GitHub/MoneroOne/build/Build/Intermediates.noindex/swift-crypto.build/Debug-iphonesimulator/CCryptoBoringSSL.build/Objects-normal/arm64/md5-x86_64-mac.mac.x86_64.dia -c /Users/j/Documents/GitHub/MoneroOne/build/SourcePackages/checkouts/swift-crypto/Sources/CCryptoBoringSSL/crypto/fipsmodule/md5-x86_64-mac.mac.x86_64.S -o /Users/j/Documents/GitHub/MoneroOne/build/Build/Intermediates.noindex/swift-crypto.build/Debug-iphonesimulator/CCryptoBoringSSL.build/Objects-normal/arm64/md5-x86_64-mac.mac.x86_64.o -index-unit-output-path /swift-crypto.build/Debug-iphonesimulator/CCryptoBoringSSL.build/Objects-normal/arm64/md5-x86_64-mac.mac.x86_64.o

CompileC /Users/j/Documents/GitHub/MoneroOne/build/Build/Intermediates.noindex/swift-crypto.build/Debug-iphonesimulator/CCryptoBoringSSL.build/Objects-normal/arm64/md5-x86_64-linux.linux.x86_64.o /Users/j/Documents/GitHub/MoneroOne/build/SourcePackages/checkouts/swift-crypto/Sources/CCryptoBoringSSL/crypto/fipsmodule/md5-x86_64-linux.linux.x86_64.S normal arm64 assembler-with-cpp com.apple.compilers.llvm.clang.1_0.compiler (in target 'CCryptoBoringSSL' from project 'swift-crypto')
    cd /Users/j/Documents/GitHub/MoneroOne/MoneroOne.xcodeproj
    
    Using response file: /Users/j/Documents/GitHub/MoneroOne/build/Build/Intermediates.noindex/swift-crypto.build/Debug-iphonesimulator/CCryptoBoringSSL.build/Objects-normal/arm64/533656923a283fa776881f304837ed9e-common-args.resp
    
    /Applications/Xcode.app/Contents/Developer/Toolchains/XcodeDefault.xctoolchain/usr/bin/clang -x assembler-with-cpp -ivfsstatcache /Users/j/Documents/GitHub/MoneroOne/build/SDKStatCaches.noindex/iphonesimulator26.1-23B77-90cf18a4295e390e64c810bc6bd7acbc.sdkstatcache -fmessage-length\=0 -fdiagnostics-show-note-include-stack -fmacro-backtrace-limit\=0 -fno-color-diagnostics -fmodules-prune-interval\=86400 -fmodules-prune-after\=345600 -fbuild-session-file\=/Users/j/Documents/GitHub/MoneroOne/build/ModuleCache.noindex/Session.modulevalidation -fmodules-validate-once-per-build-session -Wnon-modular-include-in-framework-module -Werror\=non-modular-include-in-framework-module -Wno-trigraphs -Wno-missing-field-initializers -Wno-missing-prototypes -Wno-return-type -Wno-missing-braces -Wparentheses -Wswitch -Wno-unused-function -Wno-unused-label -Wno-unused-parameter -Wno-unused-variable -Wunused-value -Wno-empty-body -Wno-uninitialized -Wno-unknown-pragmas -w -Wno-shadow -Wno-four-char-constants -Wno-conversion -Wno-constant-conversion -Wno-int-conversion -Wno-bool-conversion -Wno-enum-conversion -Wno-float-conversion -Wno-non-literal-null-conversion -Wno-objc-literal-conversion -Wshorten-64-to-32 -Wno-newline-eof -Wno-implicit-fallthrough -fstrict-aliasing -Wdeprecated-declarations -Wno-sign-conversion -Wno-infinite-recursion -Wno-comma -Wno-block-capture-autoreleasing -Wno-strict-prototypes -Wno-semicolon-before-method-body -index-store-path /Users/j/Documents/GitHub/MoneroOne/build/Index.noindex/DataStore @/Users/j/Documents/GitHub/MoneroOne/build/Build/Intermediates.noindex/swift-crypto.build/Debug-iphonesimulator/CCryptoBoringSSL.build/Objects-normal/arm64/533656923a283fa776881f304837ed9e-common-args.resp -MMD -MT dependencies -MF /Users/j/Documents/GitHub/MoneroOne/build/Build/Intermediates.noindex/swift-crypto.build/Debug-iphonesimulator/CCryptoBoringSSL.build/Objects-normal/arm64/md5-x86_64-linux.linux.x86_64.d --serialize-diagnostics /Users/j/Documents/GitHub/MoneroOne/build/Build/Intermediates.noindex/swift-crypto.build/Debug-iphonesimulator/CCryptoBoringSSL.build/Objects-normal/arm64/md5-x86_64-linux.linux.x86_64.dia -c /Users/j/Documents/GitHub/MoneroOne/build/SourcePackages/checkouts/swift-crypto/Sources/CCryptoBoringSSL/crypto/fipsmodule/md5-x86_64-linux.linux.x86_64.S -o /Users/j/Documents/GitHub/MoneroOne/build/Build/Intermediates.noindex/swift-crypto.build/Debug-iphonesimulator/CCryptoBoringSSL.build/Objects-normal/arm64/md5-x86_64-linux.linux.x86_64.o -index-unit-output-path /swift-crypto.build/Debug-iphonesimulator/CCryptoBoringSSL.build/Objects-normal/arm64/md5-x86_64-linux.linux.x86_64.o

CompileC /Users/j/Documents/GitHub/MoneroOne/build/Build/Intermediates.noindex/swift-crypto.build/Debug-iphonesimulator/CCryptoBoringSSL.build/Objects-normal/arm64/md5-586-windows.windows.x86.o /Users/j/Documents/GitHub/MoneroOne/build/SourcePackages/checkouts/swift-crypto/Sources/CCryptoBoringSSL/crypto/fipsmodule/md5-586-windows.windows.x86.S normal arm64 assembler-with-cpp com.apple.compilers.llvm.clang.1_0.compiler (in target 'CCryptoBoringSSL' from project 'swift-crypto')
    cd /Users/j/Documents/GitHub/MoneroOne/MoneroOne.xcodeproj
    
    Using response file: /Users/j/Documents/GitHub/MoneroOne/build/Build/Intermediates.noindex/swift-crypto.build/Debug-iphonesimulator/CCryptoBoringSSL.build/Objects-normal/arm64/533656923a283fa776881f304837ed9e-common-args.resp
    
    /Applications/Xcode.app/Contents/Developer/Toolchains/XcodeDefault.xctoolchain/usr/bin/clang -x assembler-with-cpp -ivfsstatcache /Users/j/Documents/GitHub/MoneroOne/build/SDKStatCaches.noindex/iphonesimulator26.1-23B77-90cf18a4295e390e64c810bc6bd7acbc.sdkstatcache -fmessage-length\=0 -fdiagnostics-show-note-include-stack -fmacro-backtrace-limit\=0 -fno-color-diagnostics -fmodules-prune-interval\=86400 -fmodules-prune-after\=345600 -fbuild-session-file\=/Users/j/Documents/GitHub/MoneroOne/build/ModuleCache.noindex/Session.modulevalidation -fmodules-validate-once-per-build-session -Wnon-modular-include-in-framework-module -Werror\=non-modular-include-in-framework-module -Wno-trigraphs -Wno-missing-field-initializers -Wno-missing-prototypes -Wno-return-type -Wno-missing-braces -Wparentheses -Wswitch -Wno-unused-function -Wno-unused-label -Wno-unused-parameter -Wno-unused-variable -Wunused-value -Wno-empty-body -Wno-uninitialized -Wno-unknown-pragmas -w -Wno-shadow -Wno-four-char-constants -Wno-conversion -Wno-constant-conversion -Wno-int-conversion -Wno-bool-conversion -Wno-enum-conversion -Wno-float-conversion -Wno-non-literal-null-conversion -Wno-objc-literal-conversion -Wshorten-64-to-32 -Wno-newline-eof -Wno-implicit-fallthrough -fstrict-aliasing -Wdeprecated-declarations -Wno-sign-conversion -Wno-infinite-recursion -Wno-comma -Wno-block-capture-autoreleasing -Wno-strict-prototypes -Wno-semicolon-before-method-body -index-store-path /Users/j/Documents/GitHub/MoneroOne/build/Index.noindex/DataStore @/Users/j/Documents/GitHub/MoneroOne/build/Build/Intermediates.noindex/swift-crypto.build/Debug-iphonesimulator/CCryptoBoringSSL.build/Objects-normal/arm64/533656923a283fa776881f304837ed9e-common-args.resp -MMD -MT dependencies -MF /Users/j/Documents/GitHub/MoneroOne/build/Build/Intermediates.noindex/swift-crypto.build/Debug-iphonesimulator/CCryptoBoringSSL.build/Objects-normal/arm64/md5-586-windows.windows.x86.d --serialize-diagnostics /Users/j/Documents/GitHub/MoneroOne/build/Build/Intermediates.noindex/swift-crypto.build/Debug-iphonesimulator/CCryptoBoringSSL.build/Objects-normal/arm64/md5-586-windows.windows.x86.dia -c /Users/j/Documents/GitHub/MoneroOne/build/SourcePackages/checkouts/swift-crypto/Sources/CCryptoBoringSSL/crypto/fipsmodule/md5-586-windows.windows.x86.S -o /Users/j/Documents/GitHub/MoneroOne/build/Build/Intermediates.noindex/swift-crypto.build/Debug-iphonesimulator/CCryptoBoringSSL.build/Objects-normal/arm64/md5-586-windows.windows.x86.o -index-unit-output-path /swift-crypto.build/Debug-iphonesimulator/CCryptoBoringSSL.build/Objects-normal/arm64/md5-586-windows.windows.x86.o

CompileC /Users/j/Documents/GitHub/MoneroOne/build/Build/Intermediates.noindex/swift-crypto.build/Debug-iphonesimulator/CCryptoBoringSSL.build/Objects-normal/arm64/md5-586-linux.linux.x86.o /Users/j/Documents/GitHub/MoneroOne/build/SourcePackages/checkouts/swift-crypto/Sources/CCryptoBoringSSL/crypto/fipsmodule/md5-586-linux.linux.x86.S normal arm64 assembler-with-cpp com.apple.compilers.llvm.clang.1_0.compiler (in target 'CCryptoBoringSSL' from project 'swift-crypto')
    cd /Users/j/Documents/GitHub/MoneroOne/MoneroOne.xcodeproj
    
    Using response file: /Users/j/Documents/GitHub/MoneroOne/build/Build/Intermediates.noindex/swift-crypto.build/Debug-iphonesimulator/CCryptoBoringSSL.build/Objects-normal/arm64/533656923a283fa776881f304837ed9e-common-args.resp
    
    /Applications/Xcode.app/Contents/Developer/Toolchains/XcodeDefault.xctoolchain/usr/bin/clang -x assembler-with-cpp -ivfsstatcache /Users/j/Documents/GitHub/MoneroOne/build/SDKStatCaches.noindex/iphonesimulator26.1-23B77-90cf18a4295e390e64c810bc6bd7acbc.sdkstatcache -fmessage-length\=0 -fdiagnostics-show-note-include-stack -fmacro-backtrace-limit\=0 -fno-color-diagnostics -fmodules-prune-interval\=86400 -fmodules-prune-after\=345600 -fbuild-session-file\=/Users/j/Documents/GitHub/MoneroOne/build/ModuleCache.noindex/Session.modulevalidation -fmodules-validate-once-per-build-session -Wnon-modular-include-in-framework-module -Werror\=non-modular-include-in-framework-module -Wno-trigraphs -Wno-missing-field-initializers -Wno-missing-prototypes -Wno-return-type -Wno-missing-braces -Wparentheses -Wswitch -Wno-unused-function -Wno-unused-label -Wno-unused-parameter -Wno-unused-variable -Wunused-value -Wno-empty-body -Wno-uninitialized -Wno-unknown-pragmas -w -Wno-shadow -Wno-four-char-constants -Wno-conversion -Wno-constant-conversion -Wno-int-conversion -Wno-bool-conversion -Wno-enum-conversion -Wno-float-conversion -Wno-non-literal-null-conversion -Wno-objc-literal-conversion -Wshorten-64-to-32 -Wno-newline-eof -Wno-implicit-fallthrough -fstrict-aliasing -Wdeprecated-declarations -Wno-sign-conversion -Wno-infinite-recursion -Wno-comma -Wno-block-capture-autoreleasing -Wno-strict-prototypes -Wno-semicolon-before-method-body -index-store-path /Users/j/Documents/GitHub/MoneroOne/build/Index.noindex/DataStore @/Users/j/Documents/GitHub/MoneroOne/build/Build/Intermediates.noindex/swift-crypto.build/Debug-iphonesimulator/CCryptoBoringSSL.build/Objects-normal/arm64/533656923a283fa776881f304837ed9e-common-args.resp -MMD -MT dependencies -MF /Users/j/Documents/GitHub/MoneroOne/build/Build/Intermediates.noindex/swift-crypto.build/Debug-iphonesimulator/CCryptoBoringSSL.build/Objects-normal/arm64/md5-586-linux.linux.x86.d --serialize-diagnostics /Users/j/Documents/GitHub/MoneroOne/build/Build/Intermediates.noindex/swift-crypto.build/Debug-iphonesimulator/CCryptoBoringSSL.build/Objects-normal/arm64/md5-586-linux.linux.x86.dia -c /Users/j/Documents/GitHub/MoneroOne/build/SourcePackages/checkouts/swift-crypto/Sources/CCryptoBoringSSL/crypto/fipsmodule/md5-586-linux.linux.x86.S -o /Users/j/Documents/GitHub/MoneroOne/build/Build/Intermediates.noindex/swift-crypto.build/Debug-iphonesimulator/CCryptoBoringSSL.build/Objects-normal/arm64/md5-586-linux.linux.x86.o -index-unit-output-path /swift-crypto.build/Debug-iphonesimulator/CCryptoBoringSSL.build/Objects-normal/arm64/md5-586-linux.linux.x86.o

CompileC /Users/j/Documents/GitHub/MoneroOne/build/Build/Intermediates.noindex/swift-crypto.build/Debug-iphonesimulator/CCryptoBoringSSL.build/Objects-normal/arm64/ghashv8-armv8-linux.linux.aarch64.o /Users/j/Documents/GitHub/MoneroOne/build/SourcePackages/checkouts/swift-crypto/Sources/CCryptoBoringSSL/crypto/fipsmodule/ghashv8-armv8-linux.linux.aarch64.S normal arm64 assembler-with-cpp com.apple.compilers.llvm.clang.1_0.compiler (in target 'CCryptoBoringSSL' from project 'swift-crypto')
    cd /Users/j/Documents/GitHub/MoneroOne/MoneroOne.xcodeproj
    
    Using response file: /Users/j/Documents/GitHub/MoneroOne/build/Build/Intermediates.noindex/swift-crypto.build/Debug-iphonesimulator/CCryptoBoringSSL.build/Objects-normal/arm64/533656923a283fa776881f304837ed9e-common-args.resp
    
    /Applications/Xcode.app/Contents/Developer/Toolchains/XcodeDefault.xctoolchain/usr/bin/clang -x assembler-with-cpp -ivfsstatcache /Users/j/Documents/GitHub/MoneroOne/build/SDKStatCaches.noindex/iphonesimulator26.1-23B77-90cf18a4295e390e64c810bc6bd7acbc.sdkstatcache -fmessage-length\=0 -fdiagnostics-show-note-include-stack -fmacro-backtrace-limit\=0 -fno-color-diagnostics -fmodules-prune-interval\=86400 -fmodules-prune-after\=345600 -fbuild-session-file\=/Users/j/Documents/GitHub/MoneroOne/build/ModuleCache.noindex/Session.modulevalidation -fmodules-validate-once-per-build-session -Wnon-modular-include-in-framework-module -Werror\=non-modular-include-in-framework-module -Wno-trigraphs -Wno-missing-field-initializers -Wno-missing-prototypes -Wno-return-type -Wno-missing-braces -Wparentheses -Wswitch -Wno-unused-function -Wno-unused-label -Wno-unused-parameter -Wno-unused-variable -Wunused-value -Wno-empty-body -Wno-uninitialized -Wno-unknown-pragmas -w -Wno-shadow -Wno-four-char-constants -Wno-conversion -Wno-constant-conversion -Wno-int-conversion -Wno-bool-conversion -Wno-enum-conversion -Wno-float-conversion -Wno-non-literal-null-conversion -Wno-objc-literal-conversion -Wshorten-64-to-32 -Wno-newline-eof -Wno-implicit-fallthrough -fstrict-aliasing -Wdeprecated-declarations -Wno-sign-conversion -Wno-infinite-recursion -Wno-comma -Wno-block-capture-autoreleasing -Wno-strict-prototypes -Wno-semicolon-before-method-body -index-store-path /Users/j/Documents/GitHub/MoneroOne/build/Index.noindex/DataStore @/Users/j/Documents/GitHub/MoneroOne/build/Build/Intermediates.noindex/swift-crypto.build/Debug-iphonesimulator/CCryptoBoringSSL.build/Objects-normal/arm64/533656923a283fa776881f304837ed9e-common-args.resp -MMD -MT dependencies -MF /Users/j/Documents/GitHub/MoneroOne/build/Build/Intermediates.noindex/swift-crypto.build/Debug-iphonesimulator/CCryptoBoringSSL.build/Objects-normal/arm64/ghashv8-armv8-linux.linux.aarch64.d --serialize-diagnostics /Users/j/Documents/GitHub/MoneroOne/build/Build/Intermediates.noindex/swift-crypto.build/Debug-iphonesimulator/CCryptoBoringSSL.build/Objects-normal/arm64/ghashv8-armv8-linux.linux.aarch64.dia -c /Users/j/Documents/GitHub/MoneroOne/build/SourcePackages/checkouts/swift-crypto/Sources/CCryptoBoringSSL/crypto/fipsmodule/ghashv8-armv8-linux.linux.aarch64.S -o /Users/j/Documents/GitHub/MoneroOne/build/Build/Intermediates.noindex/swift-crypto.build/Debug-iphonesimulator/CCryptoBoringSSL.build/Objects-normal/arm64/ghashv8-armv8-linux.linux.aarch64.o -index-unit-output-path /swift-crypto.build/Debug-iphonesimulator/CCryptoBoringSSL.build/Objects-normal/arm64/ghashv8-armv8-linux.linux.aarch64.o

CompileC /Users/j/Documents/GitHub/MoneroOne/build/Build/Intermediates.noindex/swift-crypto.build/Debug-iphonesimulator/CCryptoBoringSSL.build/Objects-normal/arm64/ghashv8-armv8-ios.ios.aarch64.o /Users/j/Documents/GitHub/MoneroOne/build/SourcePackages/checkouts/swift-crypto/Sources/CCryptoBoringSSL/crypto/fipsmodule/ghashv8-armv8-ios.ios.aarch64.S normal arm64 assembler-with-cpp com.apple.compilers.llvm.clang.1_0.compiler (in target 'CCryptoBoringSSL' from project 'swift-crypto')
    cd /Users/j/Documents/GitHub/MoneroOne/MoneroOne.xcodeproj
    
    Using response file: /Users/j/Documents/GitHub/MoneroOne/build/Build/Intermediates.noindex/swift-crypto.build/Debug-iphonesimulator/CCryptoBoringSSL.build/Objects-normal/arm64/533656923a283fa776881f304837ed9e-common-args.resp
    
    /Applications/Xcode.app/Contents/Developer/Toolchains/XcodeDefault.xctoolchain/usr/bin/clang -x assembler-with-cpp -ivfsstatcache /Users/j/Documents/GitHub/MoneroOne/build/SDKStatCaches.noindex/iphonesimulator26.1-23B77-90cf18a4295e390e64c810bc6bd7acbc.sdkstatcache -fmessage-length\=0 -fdiagnostics-show-note-include-stack -fmacro-backtrace-limit\=0 -fno-color-diagnostics -fmodules-prune-interval\=86400 -fmodules-prune-after\=345600 -fbuild-session-file\=/Users/j/Documents/GitHub/MoneroOne/build/ModuleCache.noindex/Session.modulevalidation -fmodules-validate-once-per-build-session -Wnon-modular-include-in-framework-module -Werror\=non-modular-include-in-framework-module -Wno-trigraphs -Wno-missing-field-initializers -Wno-missing-prototypes -Wno-return-type -Wno-missing-braces -Wparentheses -Wswitch -Wno-unused-function -Wno-unused-label -Wno-unused-parameter -Wno-unused-variable -Wunused-value -Wno-empty-body -Wno-uninitialized -Wno-unknown-pragmas -w -Wno-shadow -Wno-four-char-constants -Wno-conversion -Wno-constant-conversion -Wno-int-conversion -Wno-bool-conversion -Wno-enum-conversion -Wno-float-conversion -Wno-non-literal-null-conversion -Wno-objc-literal-conversion -Wshorten-64-to-32 -Wno-newline-eof -Wno-implicit-fallthrough -fstrict-aliasing -Wdeprecated-declarations -Wno-sign-conversion -Wno-infinite-recursion -Wno-comma -Wno-block-capture-autoreleasing -Wno-strict-prototypes -Wno-semicolon-before-method-body -index-store-path /Users/j/Documents/GitHub/MoneroOne/build/Index.noindex/DataStore @/Users/j/Documents/GitHub/MoneroOne/build/Build/Intermediates.noindex/swift-crypto.build/Debug-iphonesimulator/CCryptoBoringSSL.build/Objects-normal/arm64/533656923a283fa776881f304837ed9e-common-args.resp -MMD -MT dependencies -MF /Users/j/Documents/GitHub/MoneroOne/build/Build/Intermediates.noindex/swift-crypto.build/Debug-iphonesimulator/CCryptoBoringSSL.build/Objects-normal/arm64/ghashv8-armv8-ios.ios.aarch64.d --serialize-diagnostics /Users/j/Documents/GitHub/MoneroOne/build/Build/Intermediates.noindex/swift-crypto.build/Debug-iphonesimulator/CCryptoBoringSSL.build/Objects-normal/arm64/ghashv8-armv8-ios.ios.aarch64.dia -c /Users/j/Documents/GitHub/MoneroOne/build/SourcePackages/checkouts/swift-crypto/Sources/CCryptoBoringSSL/crypto/fipsmodule/ghashv8-armv8-ios.ios.aarch64.S -o /Users/j/Documents/GitHub/MoneroOne/build/Build/Intermediates.noindex/swift-crypto.build/Debug-iphonesimulator/CCryptoBoringSSL.build/Objects-normal/arm64/ghashv8-armv8-ios.ios.aarch64.o -index-unit-output-path /swift-crypto.build/Debug-iphonesimulator/CCryptoBoringSSL.build/Objects-normal/arm64/ghashv8-armv8-ios.ios.aarch64.o

CompileC /Users/j/Documents/GitHub/MoneroOne/build/Build/Intermediates.noindex/swift-crypto.build/Debug-iphonesimulator/CCryptoBoringSSL.build/Objects-normal/arm64/ghashv8-armv7-linux.linux.arm.o /Users/j/Documents/GitHub/MoneroOne/build/SourcePackages/checkouts/swift-crypto/Sources/CCryptoBoringSSL/crypto/fipsmodule/ghashv8-armv7-linux.linux.arm.S normal arm64 assembler-with-cpp com.apple.compilers.llvm.clang.1_0.compiler (in target 'CCryptoBoringSSL' from project 'swift-crypto')
    cd /Users/j/Documents/GitHub/MoneroOne/MoneroOne.xcodeproj
    
    Using response file: /Users/j/Documents/GitHub/MoneroOne/build/Build/Intermediates.noindex/swift-crypto.build/Debug-iphonesimulator/CCryptoBoringSSL.build/Objects-normal/arm64/533656923a283fa776881f304837ed9e-common-args.resp
    
    /Applications/Xcode.app/Contents/Developer/Toolchains/XcodeDefault.xctoolchain/usr/bin/clang -x assembler-with-cpp -ivfsstatcache /Users/j/Documents/GitHub/MoneroOne/build/SDKStatCaches.noindex/iphonesimulator26.1-23B77-90cf18a4295e390e64c810bc6bd7acbc.sdkstatcache -fmessage-length\=0 -fdiagnostics-show-note-include-stack -fmacro-backtrace-limit\=0 -fno-color-diagnostics -fmodules-prune-interval\=86400 -fmodules-prune-after\=345600 -fbuild-session-file\=/Users/j/Documents/GitHub/MoneroOne/build/ModuleCache.noindex/Session.modulevalidation -fmodules-validate-once-per-build-session -Wnon-modular-include-in-framework-module -Werror\=non-modular-include-in-framework-module -Wno-trigraphs -Wno-missing-field-initializers -Wno-missing-prototypes -Wno-return-type -Wno-missing-braces -Wparentheses -Wswitch -Wno-unused-function -Wno-unused-label -Wno-unused-parameter -Wno-unused-variable -Wunused-value -Wno-empty-body -Wno-uninitialized -Wno-unknown-pragmas -w -Wno-shadow -Wno-four-char-constants -Wno-conversion -Wno-constant-conversion -Wno-int-conversion -Wno-bool-conversion -Wno-enum-conversion -Wno-float-conversion -Wno-non-literal-null-conversion -Wno-objc-literal-conversion -Wshorten-64-to-32 -Wno-newline-eof -Wno-implicit-fallthrough -fstrict-aliasing -Wdeprecated-declarations -Wno-sign-conversion -Wno-infinite-recursion -Wno-comma -Wno-block-capture-autoreleasing -Wno-strict-prototypes -Wno-semicolon-before-method-body -index-store-path /Users/j/Documents/GitHub/MoneroOne/build/Index.noindex/DataStore @/Users/j/Documents/GitHub/MoneroOne/build/Build/Intermediates.noindex/swift-crypto.build/Debug-iphonesimulator/CCryptoBoringSSL.build/Objects-normal/arm64/533656923a283fa776881f304837ed9e-common-args.resp -MMD -MT dependencies -MF /Users/j/Documents/GitHub/MoneroOne/build/Build/Intermediates.noindex/swift-crypto.build/Debug-iphonesimulator/CCryptoBoringSSL.build/Objects-normal/arm64/ghashv8-armv7-linux.linux.arm.d --serialize-diagnostics /Users/j/Documents/GitHub/MoneroOne/build/Build/Intermediates.noindex/swift-crypto.build/Debug-iphonesimulator/CCryptoBoringSSL.build/Objects-normal/arm64/ghashv8-armv7-linux.linux.arm.dia -c /Users/j/Documents/GitHub/MoneroOne/build/SourcePackages/checkouts/swift-crypto/Sources/CCryptoBoringSSL/crypto/fipsmodule/ghashv8-armv7-linux.linux.arm.S -o /Users/j/Documents/GitHub/MoneroOne/build/Build/Intermediates.noindex/swift-crypto.build/Debug-iphonesimulator/CCryptoBoringSSL.build/Objects-normal/arm64/ghashv8-armv7-linux.linux.arm.o -index-unit-output-path /swift-crypto.build/Debug-iphonesimulator/CCryptoBoringSSL.build/Objects-normal/arm64/ghashv8-armv7-linux.linux.arm.o

CompileC /Users/j/Documents/GitHub/MoneroOne/build/Build/Intermediates.noindex/swift-crypto.build/Debug-iphonesimulator/CCryptoBoringSSL.build/Objects-normal/arm64/ghashv8-armv7-ios.ios.arm.o /Users/j/Documents/GitHub/MoneroOne/build/SourcePackages/checkouts/swift-crypto/Sources/CCryptoBoringSSL/crypto/fipsmodule/ghashv8-armv7-ios.ios.arm.S normal arm64 assembler-with-cpp com.apple.compilers.llvm.clang.1_0.compiler (in target 'CCryptoBoringSSL' from project 'swift-crypto')
    cd /Users/j/Documents/GitHub/MoneroOne/MoneroOne.xcodeproj
    
    Using response file: /Users/j/Documents/GitHub/MoneroOne/build/Build/Intermediates.noindex/swift-crypto.build/Debug-iphonesimulator/CCryptoBoringSSL.build/Objects-normal/arm64/533656923a283fa776881f304837ed9e-common-args.resp
    
    /Applications/Xcode.app/Contents/Developer/Toolchains/XcodeDefault.xctoolchain/usr/bin/clang -x assembler-with-cpp -ivfsstatcache /Users/j/Documents/GitHub/MoneroOne/build/SDKStatCaches.noindex/iphonesimulator26.1-23B77-90cf18a4295e390e64c810bc6bd7acbc.sdkstatcache -fmessage-length\=0 -fdiagnostics-show-note-include-stack -fmacro-backtrace-limit\=0 -fno-color-diagnostics -fmodules-prune-interval\=86400 -fmodules-prune-after\=345600 -fbuild-session-file\=/Users/j/Documents/GitHub/MoneroOne/build/ModuleCache.noindex/Session.modulevalidation -fmodules-validate-once-per-build-session -Wnon-modular-include-in-framework-module -Werror\=non-modular-include-in-framework-module -Wno-trigraphs -Wno-missing-field-initializers -Wno-missing-prototypes -Wno-return-type -Wno-missing-braces -Wparentheses -Wswitch -Wno-unused-function -Wno-unused-label -Wno-unused-parameter -Wno-unused-variable -Wunused-value -Wno-empty-body -Wno-uninitialized -Wno-unknown-pragmas -w -Wno-shadow -Wno-four-char-constants -Wno-conversion -Wno-constant-conversion -Wno-int-conversion -Wno-bool-conversion -Wno-enum-conversion -Wno-float-conversion -Wno-non-literal-null-conversion -Wno-objc-literal-conversion -Wshorten-64-to-32 -Wno-newline-eof -Wno-implicit-fallthrough -fstrict-aliasing -Wdeprecated-declarations -Wno-sign-conversion -Wno-infinite-recursion -Wno-comma -Wno-block-capture-autoreleasing -Wno-strict-prototypes -Wno-semicolon-before-method-body -index-store-path /Users/j/Documents/GitHub/MoneroOne/build/Index.noindex/DataStore @/Users/j/Documents/GitHub/MoneroOne/build/Build/Intermediates.noindex/swift-crypto.build/Debug-iphonesimulator/CCryptoBoringSSL.build/Objects-normal/arm64/533656923a283fa776881f304837ed9e-common-args.resp -MMD -MT dependencies -MF /Users/j/Documents/GitHub/MoneroOne/build/Build/Intermediates.noindex/swift-crypto.build/Debug-iphonesimulator/CCryptoBoringSSL.build/Objects-normal/arm64/ghashv8-armv7-ios.ios.arm.d --serialize-diagnostics /Users/j/Documents/GitHub/MoneroOne/build/Build/Intermediates.noindex/swift-crypto.build/Debug-iphonesimulator/CCryptoBoringSSL.build/Objects-normal/arm64/ghashv8-armv7-ios.ios.arm.dia -c /Users/j/Documents/GitHub/MoneroOne/build/SourcePackages/checkouts/swift-crypto/Sources/CCryptoBoringSSL/crypto/fipsmodule/ghashv8-armv7-ios.ios.arm.S -o /Users/j/Documents/GitHub/MoneroOne/build/Build/Intermediates.noindex/swift-crypto.build/Debug-iphonesimulator/CCryptoBoringSSL.build/Objects-normal/arm64/ghashv8-armv7-ios.ios.arm.o -index-unit-output-path /swift-crypto.build/Debug-iphonesimulator/CCryptoBoringSSL.build/Objects-normal/arm64/ghashv8-armv7-ios.ios.arm.o

CompileC /Users/j/Documents/GitHub/MoneroOne/build/Build/Intermediates.noindex/swift-crypto.build/Debug-iphonesimulator/CCryptoBoringSSL.build/Objects-normal/arm64/ghash-x86_64-mac.mac.x86_64.o /Users/j/Documents/GitHub/MoneroOne/build/SourcePackages/checkouts/swift-crypto/Sources/CCryptoBoringSSL/crypto/fipsmodule/ghash-x86_64-mac.mac.x86_64.S normal arm64 assembler-with-cpp com.apple.compilers.llvm.clang.1_0.compiler (in target 'CCryptoBoringSSL' from project 'swift-crypto')
    cd /Users/j/Documents/GitHub/MoneroOne/MoneroOne.xcodeproj
    
    Using response file: /Users/j/Documents/GitHub/MoneroOne/build/Build/Intermediates.noindex/swift-crypto.build/Debug-iphonesimulator/CCryptoBoringSSL.build/Objects-normal/arm64/533656923a283fa776881f304837ed9e-common-args.resp
    
    /Applications/Xcode.app/Contents/Developer/Toolchains/XcodeDefault.xctoolchain/usr/bin/clang -x assembler-with-cpp -ivfsstatcache /Users/j/Documents/GitHub/MoneroOne/build/SDKStatCaches.noindex/iphonesimulator26.1-23B77-90cf18a4295e390e64c810bc6bd7acbc.sdkstatcache -fmessage-length\=0 -fdiagnostics-show-note-include-stack -fmacro-backtrace-limit\=0 -fno-color-diagnostics -fmodules-prune-interval\=86400 -fmodules-prune-after\=345600 -fbuild-session-file\=/Users/j/Documents/GitHub/MoneroOne/build/ModuleCache.noindex/Session.modulevalidation -fmodules-validate-once-per-build-session -Wnon-modular-include-in-framework-module -Werror\=non-modular-include-in-framework-module -Wno-trigraphs -Wno-missing-field-initializers -Wno-missing-prototypes -Wno-return-type -Wno-missing-braces -Wparentheses -Wswitch -Wno-unused-function -Wno-unused-label -Wno-unused-parameter -Wno-unused-variable -Wunused-value -Wno-empty-body -Wno-uninitialized -Wno-unknown-pragmas -w -Wno-shadow -Wno-four-char-constants -Wno-conversion -Wno-constant-conversion -Wno-int-conversion -Wno-bool-conversion -Wno-enum-conversion -Wno-float-conversion -Wno-non-literal-null-conversion -Wno-objc-literal-conversion -Wshorten-64-to-32 -Wno-newline-eof -Wno-implicit-fallthrough -fstrict-aliasing -Wdeprecated-declarations -Wno-sign-conversion -Wno-infinite-recursion -Wno-comma -Wno-block-capture-autoreleasing -Wno-strict-prototypes -Wno-semicolon-before-method-body -index-store-path /Users/j/Documents/GitHub/MoneroOne/build/Index.noindex/DataStore @/Users/j/Documents/GitHub/MoneroOne/build/Build/Intermediates.noindex/swift-crypto.build/Debug-iphonesimulator/CCryptoBoringSSL.build/Objects-normal/arm64/533656923a283fa776881f304837ed9e-common-args.resp -MMD -MT dependencies -MF /Users/j/Documents/GitHub/MoneroOne/build/Build/Intermediates.noindex/swift-crypto.build/Debug-iphonesimulator/CCryptoBoringSSL.build/Objects-normal/arm64/ghash-x86_64-mac.mac.x86_64.d --serialize-diagnostics /Users/j/Documents/GitHub/MoneroOne/build/Build/Intermediates.noindex/swift-crypto.build/Debug-iphonesimulator/CCryptoBoringSSL.build/Objects-normal/arm64/ghash-x86_64-mac.mac.x86_64.dia -c /Users/j/Documents/GitHub/MoneroOne/build/SourcePackages/checkouts/swift-crypto/Sources/CCryptoBoringSSL/crypto/fipsmodule/ghash-x86_64-mac.mac.x86_64.S -o /Users/j/Documents/GitHub/MoneroOne/build/Build/Intermediates.noindex/swift-crypto.build/Debug-iphonesimulator/CCryptoBoringSSL.build/Objects-normal/arm64/ghash-x86_64-mac.mac.x86_64.o -index-unit-output-path /swift-crypto.build/Debug-iphonesimulator/CCryptoBoringSSL.build/Objects-normal/arm64/ghash-x86_64-mac.mac.x86_64.o

CompileC /Users/j/Documents/GitHub/MoneroOne/build/Build/Intermediates.noindex/swift-crypto.build/Debug-iphonesimulator/CCryptoBoringSSL.build/Objects-normal/arm64/ghash-x86_64-linux.linux.x86_64.o /Users/j/Documents/GitHub/MoneroOne/build/SourcePackages/checkouts/swift-crypto/Sources/CCryptoBoringSSL/crypto/fipsmodule/ghash-x86_64-linux.linux.x86_64.S normal arm64 assembler-with-cpp com.apple.compilers.llvm.clang.1_0.compiler (in target 'CCryptoBoringSSL' from project 'swift-crypto')
    cd /Users/j/Documents/GitHub/MoneroOne/MoneroOne.xcodeproj
    
    Using response file: /Users/j/Documents/GitHub/MoneroOne/build/Build/Intermediates.noindex/swift-crypto.build/Debug-iphonesimulator/CCryptoBoringSSL.build/Objects-normal/arm64/533656923a283fa776881f304837ed9e-common-args.resp
    
    /Applications/Xcode.app/Contents/Developer/Toolchains/XcodeDefault.xctoolchain/usr/bin/clang -x assembler-with-cpp -ivfsstatcache /Users/j/Documents/GitHub/MoneroOne/build/SDKStatCaches.noindex/iphonesimulator26.1-23B77-90cf18a4295e390e64c810bc6bd7acbc.sdkstatcache -fmessage-length\=0 -fdiagnostics-show-note-include-stack -fmacro-backtrace-limit\=0 -fno-color-diagnostics -fmodules-prune-interval\=86400 -fmodules-prune-after\=345600 -fbuild-session-file\=/Users/j/Documents/GitHub/MoneroOne/build/ModuleCache.noindex/Session.modulevalidation -fmodules-validate-once-per-build-session -Wnon-modular-include-in-framework-module -Werror\=non-modular-include-in-framework-module -Wno-trigraphs -Wno-missing-field-initializers -Wno-missing-prototypes -Wno-return-type -Wno-missing-braces -Wparentheses -Wswitch -Wno-unused-function -Wno-unused-label -Wno-unused-parameter -Wno-unused-variable -Wunused-value -Wno-empty-body -Wno-uninitialized -Wno-unknown-pragmas -w -Wno-shadow -Wno-four-char-constants -Wno-conversion -Wno-constant-conversion -Wno-int-conversion -Wno-bool-conversion -Wno-enum-conversion -Wno-float-conversion -Wno-non-literal-null-conversion -Wno-objc-literal-conversion -Wshorten-64-to-32 -Wno-newline-eof -Wno-implicit-fallthrough -fstrict-aliasing -Wdeprecated-declarations -Wno-sign-conversion -Wno-infinite-recursion -Wno-comma -Wno-block-capture-autoreleasing -Wno-strict-prototypes -Wno-semicolon-before-method-body -index-store-path /Users/j/Documents/GitHub/MoneroOne/build/Index.noindex/DataStore @/Users/j/Documents/GitHub/MoneroOne/build/Build/Intermediates.noindex/swift-crypto.build/Debug-iphonesimulator/CCryptoBoringSSL.build/Objects-normal/arm64/533656923a283fa776881f304837ed9e-common-args.resp -MMD -MT dependencies -MF /Users/j/Documents/GitHub/MoneroOne/build/Build/Intermediates.noindex/swift-crypto.build/Debug-iphonesimulator/CCryptoBoringSSL.build/Objects-normal/arm64/ghash-x86_64-linux.linux.x86_64.d --serialize-diagnostics /Users/j/Documents/GitHub/MoneroOne/build/Build/Intermediates.noindex/swift-crypto.build/Debug-iphonesimulator/CCryptoBoringSSL.build/Objects-normal/arm64/ghash-x86_64-linux.linux.x86_64.dia -c /Users/j/Documents/GitHub/MoneroOne/build/SourcePackages/checkouts/swift-crypto/Sources/CCryptoBoringSSL/crypto/fipsmodule/ghash-x86_64-linux.linux.x86_64.S -o /Users/j/Documents/GitHub/MoneroOne/build/Build/Intermediates.noindex/swift-crypto.build/Debug-iphonesimulator/CCryptoBoringSSL.build/Objects-normal/arm64/ghash-x86_64-linux.linux.x86_64.o -index-unit-output-path /swift-crypto.build/Debug-iphonesimulator/CCryptoBoringSSL.build/Objects-normal/arm64/ghash-x86_64-linux.linux.x86_64.o

CompileC /Users/j/Documents/GitHub/MoneroOne/build/Build/Intermediates.noindex/swift-crypto.build/Debug-iphonesimulator/CCryptoBoringSSL.build/Objects-normal/arm64/ghash-x86-windows.windows.x86.o /Users/j/Documents/GitHub/MoneroOne/build/SourcePackages/checkouts/swift-crypto/Sources/CCryptoBoringSSL/crypto/fipsmodule/ghash-x86-windows.windows.x86.S normal arm64 assembler-with-cpp com.apple.compilers.llvm.clang.1_0.compiler (in target 'CCryptoBoringSSL' from project 'swift-crypto')
    cd /Users/j/Documents/GitHub/MoneroOne/MoneroOne.xcodeproj
    
    Using response file: /Users/j/Documents/GitHub/MoneroOne/build/Build/Intermediates.noindex/swift-crypto.build/Debug-iphonesimulator/CCryptoBoringSSL.build/Objects-normal/arm64/533656923a283fa776881f304837ed9e-common-args.resp
    
    /Applications/Xcode.app/Contents/Developer/Toolchains/XcodeDefault.xctoolchain/usr/bin/clang -x assembler-with-cpp -ivfsstatcache /Users/j/Documents/GitHub/MoneroOne/build/SDKStatCaches.noindex/iphonesimulator26.1-23B77-90cf18a4295e390e64c810bc6bd7acbc.sdkstatcache -fmessage-length\=0 -fdiagnostics-show-note-include-stack -fmacro-backtrace-limit\=0 -fno-color-diagnostics -fmodules-prune-interval\=86400 -fmodules-prune-after\=345600 -fbuild-session-file\=/Users/j/Documents/GitHub/MoneroOne/build/ModuleCache.noindex/Session.modulevalidation -fmodules-validate-once-per-build-session -Wnon-modular-include-in-framework-module -Werror\=non-modular-include-in-framework-module -Wno-trigraphs -Wno-missing-field-initializers -Wno-missing-prototypes -Wno-return-type -Wno-missing-braces -Wparentheses -Wswitch -Wno-unused-function -Wno-unused-label -Wno-unused-parameter -Wno-unused-variable -Wunused-value -Wno-empty-body -Wno-uninitialized -Wno-unknown-pragmas -w -Wno-shadow -Wno-four-char-constants -Wno-conversion -Wno-constant-conversion -Wno-int-conversion -Wno-bool-conversion -Wno-enum-conversion -Wno-float-conversion -Wno-non-literal-null-conversion -Wno-objc-literal-conversion -Wshorten-64-to-32 -Wno-newline-eof -Wno-implicit-fallthrough -fstrict-aliasing -Wdeprecated-declarations -Wno-sign-conversion -Wno-infinite-recursion -Wno-comma -Wno-block-capture-autoreleasing -Wno-strict-prototypes -Wno-semicolon-before-method-body -index-store-path /Users/j/Documents/GitHub/MoneroOne/build/Index.noindex/DataStore @/Users/j/Documents/GitHub/MoneroOne/build/Build/Intermediates.noindex/swift-crypto.build/Debug-iphonesimulator/CCryptoBoringSSL.build/Objects-normal/arm64/533656923a283fa776881f304837ed9e-common-args.resp -MMD -MT dependencies -MF /Users/j/Documents/GitHub/MoneroOne/build/Build/Intermediates.noindex/swift-crypto.build/Debug-iphonesimulator/CCryptoBoringSSL.build/Objects-normal/arm64/ghash-x86-windows.windows.x86.d --serialize-diagnostics /Users/j/Documents/GitHub/MoneroOne/build/Build/Intermediates.noindex/swift-crypto.build/Debug-iphonesimulator/CCryptoBoringSSL.build/Objects-normal/arm64/ghash-x86-windows.windows.x86.dia -c /Users/j/Documents/GitHub/MoneroOne/build/SourcePackages/checkouts/swift-crypto/Sources/CCryptoBoringSSL/crypto/fipsmodule/ghash-x86-windows.windows.x86.S -o /Users/j/Documents/GitHub/MoneroOne/build/Build/Intermediates.noindex/swift-crypto.build/Debug-iphonesimulator/CCryptoBoringSSL.build/Objects-normal/arm64/ghash-x86-windows.windows.x86.o -index-unit-output-path /swift-crypto.build/Debug-iphonesimulator/CCryptoBoringSSL.build/Objects-normal/arm64/ghash-x86-windows.windows.x86.o

CompileC /Users/j/Documents/GitHub/MoneroOne/build/Build/Intermediates.noindex/swift-crypto.build/Debug-iphonesimulator/CCryptoBoringSSL.build/Objects-normal/arm64/ghash-x86-linux.linux.x86.o /Users/j/Documents/GitHub/MoneroOne/build/SourcePackages/checkouts/swift-crypto/Sources/CCryptoBoringSSL/crypto/fipsmodule/ghash-x86-linux.linux.x86.S normal arm64 assembler-with-cpp com.apple.compilers.llvm.clang.1_0.compiler (in target 'CCryptoBoringSSL' from project 'swift-crypto')
    cd /Users/j/Documents/GitHub/MoneroOne/MoneroOne.xcodeproj
    
    Using response file: /Users/j/Documents/GitHub/MoneroOne/build/Build/Intermediates.noindex/swift-crypto.build/Debug-iphonesimulator/CCryptoBoringSSL.build/Objects-normal/arm64/533656923a283fa776881f304837ed9e-common-args.resp
    
    /Applications/Xcode.app/Contents/Developer/Toolchains/XcodeDefault.xctoolchain/usr/bin/clang -x assembler-with-cpp -ivfsstatcache /Users/j/Documents/GitHub/MoneroOne/build/SDKStatCaches.noindex/iphonesimulator26.1-23B77-90cf18a4295e390e64c810bc6bd7acbc.sdkstatcache -fmessage-length\=0 -fdiagnostics-show-note-include-stack -fmacro-backtrace-limit\=0 -fno-color-diagnostics -fmodules-prune-interval\=86400 -fmodules-prune-after\=345600 -fbuild-session-file\=/Users/j/Documents/GitHub/MoneroOne/build/ModuleCache.noindex/Session.modulevalidation -fmodules-validate-once-per-build-session -Wnon-modular-include-in-framework-module -Werror\=non-modular-include-in-framework-module -Wno-trigraphs -Wno-missing-field-initializers -Wno-missing-prototypes -Wno-return-type -Wno-missing-braces -Wparentheses -Wswitch -Wno-unused-function -Wno-unused-label -Wno-unused-parameter -Wno-unused-variable -Wunused-value -Wno-empty-body -Wno-uninitialized -Wno-unknown-pragmas -w -Wno-shadow -Wno-four-char-constants -Wno-conversion -Wno-constant-conversion -Wno-int-conversion -Wno-bool-conversion -Wno-enum-conversion -Wno-float-conversion -Wno-non-literal-null-conversion -Wno-objc-literal-conversion -Wshorten-64-to-32 -Wno-newline-eof -Wno-implicit-fallthrough -fstrict-aliasing -Wdeprecated-declarations -Wno-sign-conversion -Wno-infinite-recursion -Wno-comma -Wno-block-capture-autoreleasing -Wno-strict-prototypes -Wno-semicolon-before-method-body -index-store-path /Users/j/Documents/GitHub/MoneroOne/build/Index.noindex/DataStore @/Users/j/Documents/GitHub/MoneroOne/build/Build/Intermediates.noindex/swift-crypto.build/Debug-iphonesimulator/CCryptoBoringSSL.build/Objects-normal/arm64/533656923a283fa776881f304837ed9e-common-args.resp -MMD -MT dependencies -MF /Users/j/Documents/GitHub/MoneroOne/build/Build/Intermediates.noindex/swift-crypto.build/Debug-iphonesimulator/CCryptoBoringSSL.build/Objects-normal/arm64/ghash-x86-linux.linux.x86.d --serialize-diagnostics /Users/j/Documents/GitHub/MoneroOne/build/Build/Intermediates.noindex/swift-crypto.build/Debug-iphonesimulator/CCryptoBoringSSL.build/Objects-normal/arm64/ghash-x86-linux.linux.x86.dia -c /Users/j/Documents/GitHub/MoneroOne/build/SourcePackages/checkouts/swift-crypto/Sources/CCryptoBoringSSL/crypto/fipsmodule/ghash-x86-linux.linux.x86.S -o /Users/j/Documents/GitHub/MoneroOne/build/Build/Intermediates.noindex/swift-crypto.build/Debug-iphonesimulator/CCryptoBoringSSL.build/Objects-normal/arm64/ghash-x86-linux.linux.x86.o -index-unit-output-path /swift-crypto.build/Debug-iphonesimulator/CCryptoBoringSSL.build/Objects-normal/arm64/ghash-x86-linux.linux.x86.o

CompileC /Users/j/Documents/GitHub/MoneroOne/build/Build/Intermediates.noindex/swift-crypto.build/Debug-iphonesimulator/CCryptoBoringSSL.build/Objects-normal/arm64/ghash-ssse3-x86_64-mac.mac.x86_64.o /Users/j/Documents/GitHub/MoneroOne/build/SourcePackages/checkouts/swift-crypto/Sources/CCryptoBoringSSL/crypto/fipsmodule/ghash-ssse3-x86_64-mac.mac.x86_64.S normal arm64 assembler-with-cpp com.apple.compilers.llvm.clang.1_0.compiler (in target 'CCryptoBoringSSL' from project 'swift-crypto')
    cd /Users/j/Documents/GitHub/MoneroOne/MoneroOne.xcodeproj
    
    Using response file: /Users/j/Documents/GitHub/MoneroOne/build/Build/Intermediates.noindex/swift-crypto.build/Debug-iphonesimulator/CCryptoBoringSSL.build/Objects-normal/arm64/533656923a283fa776881f304837ed9e-common-args.resp
    
    /Applications/Xcode.app/Contents/Developer/Toolchains/XcodeDefault.xctoolchain/usr/bin/clang -x assembler-with-cpp -ivfsstatcache /Users/j/Documents/GitHub/MoneroOne/build/SDKStatCaches.noindex/iphonesimulator26.1-23B77-90cf18a4295e390e64c810bc6bd7acbc.sdkstatcache -fmessage-length\=0 -fdiagnostics-show-note-include-stack -fmacro-backtrace-limit\=0 -fno-color-diagnostics -fmodules-prune-interval\=86400 -fmodules-prune-after\=345600 -fbuild-session-file\=/Users/j/Documents/GitHub/MoneroOne/build/ModuleCache.noindex/Session.modulevalidation -fmodules-validate-once-per-build-session -Wnon-modular-include-in-framework-module -Werror\=non-modular-include-in-framework-module -Wno-trigraphs -Wno-missing-field-initializers -Wno-missing-prototypes -Wno-return-type -Wno-missing-braces -Wparentheses -Wswitch -Wno-unused-function -Wno-unused-label -Wno-unused-parameter -Wno-unused-variable -Wunused-value -Wno-empty-body -Wno-uninitialized -Wno-unknown-pragmas -w -Wno-shadow -Wno-four-char-constants -Wno-conversion -Wno-constant-conversion -Wno-int-conversion -Wno-bool-conversion -Wno-enum-conversion -Wno-float-conversion -Wno-non-literal-null-conversion -Wno-objc-literal-conversion -Wshorten-64-to-32 -Wno-newline-eof -Wno-implicit-fallthrough -fstrict-aliasing -Wdeprecated-declarations -Wno-sign-conversion -Wno-infinite-recursion -Wno-comma -Wno-block-capture-autoreleasing -Wno-strict-prototypes -Wno-semicolon-before-method-body -index-store-path /Users/j/Documents/GitHub/MoneroOne/build/Index.noindex/DataStore @/Users/j/Documents/GitHub/MoneroOne/build/Build/Intermediates.noindex/swift-crypto.build/Debug-iphonesimulator/CCryptoBoringSSL.build/Objects-normal/arm64/533656923a283fa776881f304837ed9e-common-args.resp -MMD -MT dependencies -MF /Users/j/Documents/GitHub/MoneroOne/build/Build/Intermediates.noindex/swift-crypto.build/Debug-iphonesimulator/CCryptoBoringSSL.build/Objects-normal/arm64/ghash-ssse3-x86_64-mac.mac.x86_64.d --serialize-diagnostics /Users/j/Documents/GitHub/MoneroOne/build/Build/Intermediates.noindex/swift-crypto.build/Debug-iphonesimulator/CCryptoBoringSSL.build/Objects-normal/arm64/ghash-ssse3-x86_64-mac.mac.x86_64.dia -c /Users/j/Documents/GitHub/MoneroOne/build/SourcePackages/checkouts/swift-crypto/Sources/CCryptoBoringSSL/crypto/fipsmodule/ghash-ssse3-x86_64-mac.mac.x86_64.S -o /Users/j/Documents/GitHub/MoneroOne/build/Build/Intermediates.noindex/swift-crypto.build/Debug-iphonesimulator/CCryptoBoringSSL.build/Objects-normal/arm64/ghash-ssse3-x86_64-mac.mac.x86_64.o -index-unit-output-path /swift-crypto.build/Debug-iphonesimulator/CCryptoBoringSSL.build/Objects-normal/arm64/ghash-ssse3-x86_64-mac.mac.x86_64.o

CompileC /Users/j/Documents/GitHub/MoneroOne/build/Build/Intermediates.noindex/swift-crypto.build/Debug-iphonesimulator/CCryptoBoringSSL.build/Objects-normal/arm64/ghash-ssse3-x86_64-linux.linux.x86_64.o /Users/j/Documents/GitHub/MoneroOne/build/SourcePackages/checkouts/swift-crypto/Sources/CCryptoBoringSSL/crypto/fipsmodule/ghash-ssse3-x86_64-linux.linux.x86_64.S normal arm64 assembler-with-cpp com.apple.compilers.llvm.clang.1_0.compiler (in target 'CCryptoBoringSSL' from project 'swift-crypto')
    cd /Users/j/Documents/GitHub/MoneroOne/MoneroOne.xcodeproj
    
    Using response file: /Users/j/Documents/GitHub/MoneroOne/build/Build/Intermediates.noindex/swift-crypto.build/Debug-iphonesimulator/CCryptoBoringSSL.build/Objects-normal/arm64/533656923a283fa776881f304837ed9e-common-args.resp
    
    /Applications/Xcode.app/Contents/Developer/Toolchains/XcodeDefault.xctoolchain/usr/bin/clang -x assembler-with-cpp -ivfsstatcache /Users/j/Documents/GitHub/MoneroOne/build/SDKStatCaches.noindex/iphonesimulator26.1-23B77-90cf18a4295e390e64c810bc6bd7acbc.sdkstatcache -fmessage-length\=0 -fdiagnostics-show-note-include-stack -fmacro-backtrace-limit\=0 -fno-color-diagnostics -fmodules-prune-interval\=86400 -fmodules-prune-after\=345600 -fbuild-session-file\=/Users/j/Documents/GitHub/MoneroOne/build/ModuleCache.noindex/Session.modulevalidation -fmodules-validate-once-per-build-session -Wnon-modular-include-in-framework-module -Werror\=non-modular-include-in-framework-module -Wno-trigraphs -Wno-missing-field-initializers -Wno-missing-prototypes -Wno-return-type -Wno-missing-braces -Wparentheses -Wswitch -Wno-unused-function -Wno-unused-label -Wno-unused-parameter -Wno-unused-variable -Wunused-value -Wno-empty-body -Wno-uninitialized -Wno-unknown-pragmas -w -Wno-shadow -Wno-four-char-constants -Wno-conversion -Wno-constant-conversion -Wno-int-conversion -Wno-bool-conversion -Wno-enum-conversion -Wno-float-conversion -Wno-non-literal-null-conversion -Wno-objc-literal-conversion -Wshorten-64-to-32 -Wno-newline-eof -Wno-implicit-fallthrough -fstrict-aliasing -Wdeprecated-declarations -Wno-sign-conversion -Wno-infinite-recursion -Wno-comma -Wno-block-capture-autoreleasing -Wno-strict-prototypes -Wno-semicolon-before-method-body -index-store-path /Users/j/Documents/GitHub/MoneroOne/build/Index.noindex/DataStore @/Users/j/Documents/GitHub/MoneroOne/build/Build/Intermediates.noindex/swift-crypto.build/Debug-iphonesimulator/CCryptoBoringSSL.build/Objects-normal/arm64/533656923a283fa776881f304837ed9e-common-args.resp -MMD -MT dependencies -MF /Users/j/Documents/GitHub/MoneroOne/build/Build/Intermediates.noindex/swift-crypto.build/Debug-iphonesimulator/CCryptoBoringSSL.build/Objects-normal/arm64/ghash-ssse3-x86_64-linux.linux.x86_64.d --serialize-diagnostics /Users/j/Documents/GitHub/MoneroOne/build/Build/Intermediates.noindex/swift-crypto.build/Debug-iphonesimulator/CCryptoBoringSSL.build/Objects-normal/arm64/ghash-ssse3-x86_64-linux.linux.x86_64.dia -c /Users/j/Documents/GitHub/MoneroOne/build/SourcePackages/checkouts/swift-crypto/Sources/CCryptoBoringSSL/crypto/fipsmodule/ghash-ssse3-x86_64-linux.linux.x86_64.S -o /Users/j/Documents/GitHub/MoneroOne/build/Build/Intermediates.noindex/swift-crypto.build/Debug-iphonesimulator/CCryptoBoringSSL.build/Objects-normal/arm64/ghash-ssse3-x86_64-linux.linux.x86_64.o -index-unit-output-path /swift-crypto.build/Debug-iphonesimulator/CCryptoBoringSSL.build/Objects-normal/arm64/ghash-ssse3-x86_64-linux.linux.x86_64.o

CompileC /Users/j/Documents/GitHub/MoneroOne/build/Build/Intermediates.noindex/swift-crypto.build/Debug-iphonesimulator/CCryptoBoringSSL.build/Objects-normal/arm64/ghash-ssse3-x86-windows.windows.x86.o /Users/j/Documents/GitHub/MoneroOne/build/SourcePackages/checkouts/swift-crypto/Sources/CCryptoBoringSSL/crypto/fipsmodule/ghash-ssse3-x86-windows.windows.x86.S normal arm64 assembler-with-cpp com.apple.compilers.llvm.clang.1_0.compiler (in target 'CCryptoBoringSSL' from project 'swift-crypto')
    cd /Users/j/Documents/GitHub/MoneroOne/MoneroOne.xcodeproj
    
    Using response file: /Users/j/Documents/GitHub/MoneroOne/build/Build/Intermediates.noindex/swift-crypto.build/Debug-iphonesimulator/CCryptoBoringSSL.build/Objects-normal/arm64/533656923a283fa776881f304837ed9e-common-args.resp
    
    /Applications/Xcode.app/Contents/Developer/Toolchains/XcodeDefault.xctoolchain/usr/bin/clang -x assembler-with-cpp -ivfsstatcache /Users/j/Documents/GitHub/MoneroOne/build/SDKStatCaches.noindex/iphonesimulator26.1-23B77-90cf18a4295e390e64c810bc6bd7acbc.sdkstatcache -fmessage-length\=0 -fdiagnostics-show-note-include-stack -fmacro-backtrace-limit\=0 -fno-color-diagnostics -fmodules-prune-interval\=86400 -fmodules-prune-after\=345600 -fbuild-session-file\=/Users/j/Documents/GitHub/MoneroOne/build/ModuleCache.noindex/Session.modulevalidation -fmodules-validate-once-per-build-session -Wnon-modular-include-in-framework-module -Werror\=non-modular-include-in-framework-module -Wno-trigraphs -Wno-missing-field-initializers -Wno-missing-prototypes -Wno-return-type -Wno-missing-braces -Wparentheses -Wswitch -Wno-unused-function -Wno-unused-label -Wno-unused-parameter -Wno-unused-variable -Wunused-value -Wno-empty-body -Wno-uninitialized -Wno-unknown-pragmas -w -Wno-shadow -Wno-four-char-constants -Wno-conversion -Wno-constant-conversion -Wno-int-conversion -Wno-bool-conversion -Wno-enum-conversion -Wno-float-conversion -Wno-non-literal-null-conversion -Wno-objc-literal-conversion -Wshorten-64-to-32 -Wno-newline-eof -Wno-implicit-fallthrough -fstrict-aliasing -Wdeprecated-declarations -Wno-sign-conversion -Wno-infinite-recursion -Wno-comma -Wno-block-capture-autoreleasing -Wno-strict-prototypes -Wno-semicolon-before-method-body -index-store-path /Users/j/Documents/GitHub/MoneroOne/build/Index.noindex/DataStore @/Users/j/Documents/GitHub/MoneroOne/build/Build/Intermediates.noindex/swift-crypto.build/Debug-iphonesimulator/CCryptoBoringSSL.build/Objects-normal/arm64/533656923a283fa776881f304837ed9e-common-args.resp -MMD -MT dependencies -MF /Users/j/Documents/GitHub/MoneroOne/build/Build/Intermediates.noindex/swift-crypto.build/Debug-iphonesimulator/CCryptoBoringSSL.build/Objects-normal/arm64/ghash-ssse3-x86-windows.windows.x86.d --serialize-diagnostics /Users/j/Documents/GitHub/MoneroOne/build/Build/Intermediates.noindex/swift-crypto.build/Debug-iphonesimulator/CCryptoBoringSSL.build/Objects-normal/arm64/ghash-ssse3-x86-windows.windows.x86.dia -c /Users/j/Documents/GitHub/MoneroOne/build/SourcePackages/checkouts/swift-crypto/Sources/CCryptoBoringSSL/crypto/fipsmodule/ghash-ssse3-x86-windows.windows.x86.S -o /Users/j/Documents/GitHub/MoneroOne/build/Build/Intermediates.noindex/swift-crypto.build/Debug-iphonesimulator/CCryptoBoringSSL.build/Objects-normal/arm64/ghash-ssse3-x86-windows.windows.x86.o -index-unit-output-path /swift-crypto.build/Debug-iphonesimulator/CCryptoBoringSSL.build/Objects-normal/arm64/ghash-ssse3-x86-windows.windows.x86.o

CompileC /Users/j/Documents/GitHub/MoneroOne/build/Build/Intermediates.noindex/swift-crypto.build/Debug-iphonesimulator/CCryptoBoringSSL.build/Objects-normal/arm64/ghash-ssse3-x86-linux.linux.x86.o /Users/j/Documents/GitHub/MoneroOne/build/SourcePackages/checkouts/swift-crypto/Sources/CCryptoBoringSSL/crypto/fipsmodule/ghash-ssse3-x86-linux.linux.x86.S normal arm64 assembler-with-cpp com.apple.compilers.llvm.clang.1_0.compiler (in target 'CCryptoBoringSSL' from project 'swift-crypto')
    cd /Users/j/Documents/GitHub/MoneroOne/MoneroOne.xcodeproj
    
    Using response file: /Users/j/Documents/GitHub/MoneroOne/build/Build/Intermediates.noindex/swift-crypto.build/Debug-iphonesimulator/CCryptoBoringSSL.build/Objects-normal/arm64/533656923a283fa776881f304837ed9e-common-args.resp
    
    /Applications/Xcode.app/Contents/Developer/Toolchains/XcodeDefault.xctoolchain/usr/bin/clang -x assembler-with-cpp -ivfsstatcache /Users/j/Documents/GitHub/MoneroOne/build/SDKStatCaches.noindex/iphonesimulator26.1-23B77-90cf18a4295e390e64c810bc6bd7acbc.sdkstatcache -fmessage-length\=0 -fdiagnostics-show-note-include-stack -fmacro-backtrace-limit\=0 -fno-color-diagnostics -fmodules-prune-interval\=86400 -fmodules-prune-after\=345600 -fbuild-session-file\=/Users/j/Documents/GitHub/MoneroOne/build/ModuleCache.noindex/Session.modulevalidation -fmodules-validate-once-per-build-session -Wnon-modular-include-in-framework-module -Werror\=non-modular-include-in-framework-module -Wno-trigraphs -Wno-missing-field-initializers -Wno-missing-prototypes -Wno-return-type -Wno-missing-braces -Wparentheses -Wswitch -Wno-unused-function -Wno-unused-label -Wno-unused-parameter -Wno-unused-variable -Wunused-value -Wno-empty-body -Wno-uninitialized -Wno-unknown-pragmas -w -Wno-shadow -Wno-four-char-constants -Wno-conversion -Wno-constant-conversion -Wno-int-conversion -Wno-bool-conversion -Wno-enum-conversion -Wno-float-conversion -Wno-non-literal-null-conversion -Wno-objc-literal-conversion -Wshorten-64-to-32 -Wno-newline-eof -Wno-implicit-fallthrough -fstrict-aliasing -Wdeprecated-declarations -Wno-sign-conversion -Wno-infinite-recursion -Wno-comma -Wno-block-capture-autoreleasing -Wno-strict-prototypes -Wno-semicolon-before-method-body -index-store-path /Users/j/Documents/GitHub/MoneroOne/build/Index.noindex/DataStore @/Users/j/Documents/GitHub/MoneroOne/build/Build/Intermediates.noindex/swift-crypto.build/Debug-iphonesimulator/CCryptoBoringSSL.build/Objects-normal/arm64/533656923a283fa776881f304837ed9e-common-args.resp -MMD -MT dependencies -MF /Users/j/Documents/GitHub/MoneroOne/build/Build/Intermediates.noindex/swift-crypto.build/Debug-iphonesimulator/CCryptoBoringSSL.build/Objects-normal/arm64/ghash-ssse3-x86-linux.linux.x86.d --serialize-diagnostics /Users/j/Documents/GitHub/MoneroOne/build/Build/Intermediates.noindex/swift-crypto.build/Debug-iphonesimulator/CCryptoBoringSSL.build/Objects-normal/arm64/ghash-ssse3-x86-linux.linux.x86.dia -c /Users/j/Documents/GitHub/MoneroOne/build/SourcePackages/checkouts/swift-crypto/Sources/CCryptoBoringSSL/crypto/fipsmodule/ghash-ssse3-x86-linux.linux.x86.S -o /Users/j/Documents/GitHub/MoneroOne/build/Build/Intermediates.noindex/swift-crypto.build/Debug-iphonesimulator/CCryptoBoringSSL.build/Objects-normal/arm64/ghash-ssse3-x86-linux.linux.x86.o -index-unit-output-path /swift-crypto.build/Debug-iphonesimulator/CCryptoBoringSSL.build/Objects-normal/arm64/ghash-ssse3-x86-linux.linux.x86.o

CompileC /Users/j/Documents/GitHub/MoneroOne/build/Build/Intermediates.noindex/swift-crypto.build/Debug-iphonesimulator/CCryptoBoringSSL.build/Objects-normal/arm64/ghash-neon-armv8-linux.linux.aarch64.o /Users/j/Documents/GitHub/MoneroOne/build/SourcePackages/checkouts/swift-crypto/Sources/CCryptoBoringSSL/crypto/fipsmodule/ghash-neon-armv8-linux.linux.aarch64.S normal arm64 assembler-with-cpp com.apple.compilers.llvm.clang.1_0.compiler (in target 'CCryptoBoringSSL' from project 'swift-crypto')
    cd /Users/j/Documents/GitHub/MoneroOne/MoneroOne.xcodeproj
    
    Using response file: /Users/j/Documents/GitHub/MoneroOne/build/Build/Intermediates.noindex/swift-crypto.build/Debug-iphonesimulator/CCryptoBoringSSL.build/Objects-normal/arm64/533656923a283fa776881f304837ed9e-common-args.resp
    
    /Applications/Xcode.app/Contents/Developer/Toolchains/XcodeDefault.xctoolchain/usr/bin/clang -x assembler-with-cpp -ivfsstatcache /Users/j/Documents/GitHub/MoneroOne/build/SDKStatCaches.noindex/iphonesimulator26.1-23B77-90cf18a4295e390e64c810bc6bd7acbc.sdkstatcache -fmessage-length\=0 -fdiagnostics-show-note-include-stack -fmacro-backtrace-limit\=0 -fno-color-diagnostics -fmodules-prune-interval\=86400 -fmodules-prune-after\=345600 -fbuild-session-file\=/Users/j/Documents/GitHub/MoneroOne/build/ModuleCache.noindex/Session.modulevalidation -fmodules-validate-once-per-build-session -Wnon-modular-include-in-framework-module -Werror\=non-modular-include-in-framework-module -Wno-trigraphs -Wno-missing-field-initializers -Wno-missing-prototypes -Wno-return-type -Wno-missing-braces -Wparentheses -Wswitch -Wno-unused-function -Wno-unused-label -Wno-unused-parameter -Wno-unused-variable -Wunused-value -Wno-empty-body -Wno-uninitialized -Wno-unknown-pragmas -w -Wno-shadow -Wno-four-char-constants -Wno-conversion -Wno-constant-conversion -Wno-int-conversion -Wno-bool-conversion -Wno-enum-conversion -Wno-float-conversion -Wno-non-literal-null-conversion -Wno-objc-literal-conversion -Wshorten-64-to-32 -Wno-newline-eof -Wno-implicit-fallthrough -fstrict-aliasing -Wdeprecated-declarations -Wno-sign-conversion -Wno-infinite-recursion -Wno-comma -Wno-block-capture-autoreleasing -Wno-strict-prototypes -Wno-semicolon-before-method-body -index-store-path /Users/j/Documents/GitHub/MoneroOne/build/Index.noindex/DataStore @/Users/j/Documents/GitHub/MoneroOne/build/Build/Intermediates.noindex/swift-crypto.build/Debug-iphonesimulator/CCryptoBoringSSL.build/Objects-normal/arm64/533656923a283fa776881f304837ed9e-common-args.resp -MMD -MT dependencies -MF /Users/j/Documents/GitHub/MoneroOne/build/Build/Intermediates.noindex/swift-crypto.build/Debug-iphonesimulator/CCryptoBoringSSL.build/Objects-normal/arm64/ghash-neon-armv8-linux.linux.aarch64.d --serialize-diagnostics /Users/j/Documents/GitHub/MoneroOne/build/Build/Intermediates.noindex/swift-crypto.build/Debug-iphonesimulator/CCryptoBoringSSL.build/Objects-normal/arm64/ghash-neon-armv8-linux.linux.aarch64.dia -c /Users/j/Documents/GitHub/MoneroOne/build/SourcePackages/checkouts/swift-crypto/Sources/CCryptoBoringSSL/crypto/fipsmodule/ghash-neon-armv8-linux.linux.aarch64.S -o /Users/j/Documents/GitHub/MoneroOne/build/Build/Intermediates.noindex/swift-crypto.build/Debug-iphonesimulator/CCryptoBoringSSL.build/Objects-normal/arm64/ghash-neon-armv8-linux.linux.aarch64.o -index-unit-output-path /swift-crypto.build/Debug-iphonesimulator/CCryptoBoringSSL.build/Objects-normal/arm64/ghash-neon-armv8-linux.linux.aarch64.o

CompileC /Users/j/Documents/GitHub/MoneroOne/build/Build/Intermediates.noindex/swift-crypto.build/Debug-iphonesimulator/CCryptoBoringSSL.build/Objects-normal/arm64/ghash-neon-armv8-ios.ios.aarch64.o /Users/j/Documents/GitHub/MoneroOne/build/SourcePackages/checkouts/swift-crypto/Sources/CCryptoBoringSSL/crypto/fipsmodule/ghash-neon-armv8-ios.ios.aarch64.S normal arm64 assembler-with-cpp com.apple.compilers.llvm.clang.1_0.compiler (in target 'CCryptoBoringSSL' from project 'swift-crypto')
    cd /Users/j/Documents/GitHub/MoneroOne/MoneroOne.xcodeproj
    
    Using response file: /Users/j/Documents/GitHub/MoneroOne/build/Build/Intermediates.noindex/swift-crypto.build/Debug-iphonesimulator/CCryptoBoringSSL.build/Objects-normal/arm64/533656923a283fa776881f304837ed9e-common-args.resp
    
    /Applications/Xcode.app/Contents/Developer/Toolchains/XcodeDefault.xctoolchain/usr/bin/clang -x assembler-with-cpp -ivfsstatcache /Users/j/Documents/GitHub/MoneroOne/build/SDKStatCaches.noindex/iphonesimulator26.1-23B77-90cf18a4295e390e64c810bc6bd7acbc.sdkstatcache -fmessage-length\=0 -fdiagnostics-show-note-include-stack -fmacro-backtrace-limit\=0 -fno-color-diagnostics -fmodules-prune-interval\=86400 -fmodules-prune-after\=345600 -fbuild-session-file\=/Users/j/Documents/GitHub/MoneroOne/build/ModuleCache.noindex/Session.modulevalidation -fmodules-validate-once-per-build-session -Wnon-modular-include-in-framework-module -Werror\=non-modular-include-in-framework-module -Wno-trigraphs -Wno-missing-field-initializers -Wno-missing-prototypes -Wno-return-type -Wno-missing-braces -Wparentheses -Wswitch -Wno-unused-function -Wno-unused-label -Wno-unused-parameter -Wno-unused-variable -Wunused-value -Wno-empty-body -Wno-uninitialized -Wno-unknown-pragmas -w -Wno-shadow -Wno-four-char-constants -Wno-conversion -Wno-constant-conversion -Wno-int-conversion -Wno-bool-conversion -Wno-enum-conversion -Wno-float-conversion -Wno-non-literal-null-conversion -Wno-objc-literal-conversion -Wshorten-64-to-32 -Wno-newline-eof -Wno-implicit-fallthrough -fstrict-aliasing -Wdeprecated-declarations -Wno-sign-conversion -Wno-infinite-recursion -Wno-comma -Wno-block-capture-autoreleasing -Wno-strict-prototypes -Wno-semicolon-before-method-body -index-store-path /Users/j/Documents/GitHub/MoneroOne/build/Index.noindex/DataStore @/Users/j/Documents/GitHub/MoneroOne/build/Build/Intermediates.noindex/swift-crypto.build/Debug-iphonesimulator/CCryptoBoringSSL.build/Objects-normal/arm64/533656923a283fa776881f304837ed9e-common-args.resp -MMD -MT dependencies -MF /Users/j/Documents/GitHub/MoneroOne/build/Build/Intermediates.noindex/swift-crypto.build/Debug-iphonesimulator/CCryptoBoringSSL.build/Objects-normal/arm64/ghash-neon-armv8-ios.ios.aarch64.d --serialize-diagnostics /Users/j/Documents/GitHub/MoneroOne/build/Build/Intermediates.noindex/swift-crypto.build/Debug-iphonesimulator/CCryptoBoringSSL.build/Objects-normal/arm64/ghash-neon-armv8-ios.ios.aarch64.dia -c /Users/j/Documents/GitHub/MoneroOne/build/SourcePackages/checkouts/swift-crypto/Sources/CCryptoBoringSSL/crypto/fipsmodule/ghash-neon-armv8-ios.ios.aarch64.S -o /Users/j/Documents/GitHub/MoneroOne/build/Build/Intermediates.noindex/swift-crypto.build/Debug-iphonesimulator/CCryptoBoringSSL.build/Objects-normal/arm64/ghash-neon-armv8-ios.ios.aarch64.o -index-unit-output-path /swift-crypto.build/Debug-iphonesimulator/CCryptoBoringSSL.build/Objects-normal/arm64/ghash-neon-armv8-ios.ios.aarch64.o

CompileC /Users/j/Documents/GitHub/MoneroOne/build/Build/Intermediates.noindex/swift-crypto.build/Debug-iphonesimulator/CCryptoBoringSSL.build/Objects-normal/arm64/ghash-armv4-linux.linux.arm.o /Users/j/Documents/GitHub/MoneroOne/build/SourcePackages/checkouts/swift-crypto/Sources/CCryptoBoringSSL/crypto/fipsmodule/ghash-armv4-linux.linux.arm.S normal arm64 assembler-with-cpp com.apple.compilers.llvm.clang.1_0.compiler (in target 'CCryptoBoringSSL' from project 'swift-crypto')
    cd /Users/j/Documents/GitHub/MoneroOne/MoneroOne.xcodeproj
    
    Using response file: /Users/j/Documents/GitHub/MoneroOne/build/Build/Intermediates.noindex/swift-crypto.build/Debug-iphonesimulator/CCryptoBoringSSL.build/Objects-normal/arm64/533656923a283fa776881f304837ed9e-common-args.resp
    
    /Applications/Xcode.app/Contents/Developer/Toolchains/XcodeDefault.xctoolchain/usr/bin/clang -x assembler-with-cpp -ivfsstatcache /Users/j/Documents/GitHub/MoneroOne/build/SDKStatCaches.noindex/iphonesimulator26.1-23B77-90cf18a4295e390e64c810bc6bd7acbc.sdkstatcache -fmessage-length\=0 -fdiagnostics-show-note-include-stack -fmacro-backtrace-limit\=0 -fno-color-diagnostics -fmodules-prune-interval\=86400 -fmodules-prune-after\=345600 -fbuild-session-file\=/Users/j/Documents/GitHub/MoneroOne/build/ModuleCache.noindex/Session.modulevalidation -fmodules-validate-once-per-build-session -Wnon-modular-include-in-framework-module -Werror\=non-modular-include-in-framework-module -Wno-trigraphs -Wno-missing-field-initializers -Wno-missing-prototypes -Wno-return-type -Wno-missing-braces -Wparentheses -Wswitch -Wno-unused-function -Wno-unused-label -Wno-unused-parameter -Wno-unused-variable -Wunused-value -Wno-empty-body -Wno-uninitialized -Wno-unknown-pragmas -w -Wno-shadow -Wno-four-char-constants -Wno-conversion -Wno-constant-conversion -Wno-int-conversion -Wno-bool-conversion -Wno-enum-conversion -Wno-float-conversion -Wno-non-literal-null-conversion -Wno-objc-literal-conversion -Wshorten-64-to-32 -Wno-newline-eof -Wno-implicit-fallthrough -fstrict-aliasing -Wdeprecated-declarations -Wno-sign-conversion -Wno-infinite-recursion -Wno-comma -Wno-block-capture-autoreleasing -Wno-strict-prototypes -Wno-semicolon-before-method-body -index-store-path /Users/j/Documents/GitHub/MoneroOne/build/Index.noindex/DataStore @/Users/j/Documents/GitHub/MoneroOne/build/Build/Intermediates.noindex/swift-crypto.build/Debug-iphonesimulator/CCryptoBoringSSL.build/Objects-normal/arm64/533656923a283fa776881f304837ed9e-common-args.resp -MMD -MT dependencies -MF /Users/j/Documents/GitHub/MoneroOne/build/Build/Intermediates.noindex/swift-crypto.build/Debug-iphonesimulator/CCryptoBoringSSL.build/Objects-normal/arm64/ghash-armv4-linux.linux.arm.d --serialize-diagnostics /Users/j/Documents/GitHub/MoneroOne/build/Build/Intermediates.noindex/swift-crypto.build/Debug-iphonesimulator/CCryptoBoringSSL.build/Objects-normal/arm64/ghash-armv4-linux.linux.arm.dia -c /Users/j/Documents/GitHub/MoneroOne/build/SourcePackages/checkouts/swift-crypto/Sources/CCryptoBoringSSL/crypto/fipsmodule/ghash-armv4-linux.linux.arm.S -o /Users/j/Documents/GitHub/MoneroOne/build/Build/Intermediates.noindex/swift-crypto.build/Debug-iphonesimulator/CCryptoBoringSSL.build/Objects-normal/arm64/ghash-armv4-linux.linux.arm.o -index-unit-output-path /swift-crypto.build/Debug-iphonesimulator/CCryptoBoringSSL.build/Objects-normal/arm64/ghash-armv4-linux.linux.arm.o

CompileC /Users/j/Documents/GitHub/MoneroOne/build/Build/Intermediates.noindex/swift-crypto.build/Debug-iphonesimulator/CCryptoBoringSSL.build/Objects-normal/arm64/ghash-armv4-ios.ios.arm.o /Users/j/Documents/GitHub/MoneroOne/build/SourcePackages/checkouts/swift-crypto/Sources/CCryptoBoringSSL/crypto/fipsmodule/ghash-armv4-ios.ios.arm.S normal arm64 assembler-with-cpp com.apple.compilers.llvm.clang.1_0.compiler (in target 'CCryptoBoringSSL' from project 'swift-crypto')
    cd /Users/j/Documents/GitHub/MoneroOne/MoneroOne.xcodeproj
    
    Using response file: /Users/j/Documents/GitHub/MoneroOne/build/Build/Intermediates.noindex/swift-crypto.build/Debug-iphonesimulator/CCryptoBoringSSL.build/Objects-normal/arm64/533656923a283fa776881f304837ed9e-common-args.resp
    
    /Applications/Xcode.app/Contents/Developer/Toolchains/XcodeDefault.xctoolchain/usr/bin/clang -x assembler-with-cpp -ivfsstatcache /Users/j/Documents/GitHub/MoneroOne/build/SDKStatCaches.noindex/iphonesimulator26.1-23B77-90cf18a4295e390e64c810bc6bd7acbc.sdkstatcache -fmessage-length\=0 -fdiagnostics-show-note-include-stack -fmacro-backtrace-limit\=0 -fno-color-diagnostics -fmodules-prune-interval\=86400 -fmodules-prune-after\=345600 -fbuild-session-file\=/Users/j/Documents/GitHub/MoneroOne/build/ModuleCache.noindex/Session.modulevalidation -fmodules-validate-once-per-build-session -Wnon-modular-include-in-framework-module -Werror\=non-modular-include-in-framework-module -Wno-trigraphs -Wno-missing-field-initializers -Wno-missing-prototypes -Wno-return-type -Wno-missing-braces -Wparentheses -Wswitch -Wno-unused-function -Wno-unused-label -Wno-unused-parameter -Wno-unused-variable -Wunused-value -Wno-empty-body -Wno-uninitialized -Wno-unknown-pragmas -w -Wno-shadow -Wno-four-char-constants -Wno-conversion -Wno-constant-conversion -Wno-int-conversion -Wno-bool-conversion -Wno-enum-conversion -Wno-float-conversion -Wno-non-literal-null-conversion -Wno-objc-literal-conversion -Wshorten-64-to-32 -Wno-newline-eof -Wno-implicit-fallthrough -fstrict-aliasing -Wdeprecated-declarations -Wno-sign-conversion -Wno-infinite-recursion -Wno-comma -Wno-block-capture-autoreleasing -Wno-strict-prototypes -Wno-semicolon-before-method-body -index-store-path /Users/j/Documents/GitHub/MoneroOne/build/Index.noindex/DataStore @/Users/j/Documents/GitHub/MoneroOne/build/Build/Intermediates.noindex/swift-crypto.build/Debug-iphonesimulator/CCryptoBoringSSL.build/Objects-normal/arm64/533656923a283fa776881f304837ed9e-common-args.resp -MMD -MT dependencies -MF /Users/j/Documents/GitHub/MoneroOne/build/Build/Intermediates.noindex/swift-crypto.build/Debug-iphonesimulator/CCryptoBoringSSL.build/Objects-normal/arm64/ghash-armv4-ios.ios.arm.d --serialize-diagnostics /Users/j/Documents/GitHub/MoneroOne/build/Build/Intermediates.noindex/swift-crypto.build/Debug-iphonesimulator/CCryptoBoringSSL.build/Objects-normal/arm64/ghash-armv4-ios.ios.arm.dia -c /Users/j/Documents/GitHub/MoneroOne/build/SourcePackages/checkouts/swift-crypto/Sources/CCryptoBoringSSL/crypto/fipsmodule/ghash-armv4-ios.ios.arm.S -o /Users/j/Documents/GitHub/MoneroOne/build/Build/Intermediates.noindex/swift-crypto.build/Debug-iphonesimulator/CCryptoBoringSSL.build/Objects-normal/arm64/ghash-armv4-ios.ios.arm.o -index-unit-output-path /swift-crypto.build/Debug-iphonesimulator/CCryptoBoringSSL.build/Objects-normal/arm64/ghash-armv4-ios.ios.arm.o

CompileC /Users/j/Documents/GitHub/MoneroOne/build/Build/Intermediates.noindex/swift-crypto.build/Debug-iphonesimulator/CCryptoBoringSSL.build/Objects-normal/arm64/fiat_curve25519_adx_square.o /Users/j/Documents/GitHub/MoneroOne/build/SourcePackages/checkouts/swift-crypto/Sources/CCryptoBoringSSL/third_party/fiat/asm/fiat_curve25519_adx_square.S normal arm64 assembler-with-cpp com.apple.compilers.llvm.clang.1_0.compiler (in target 'CCryptoBoringSSL' from project 'swift-crypto')
    cd /Users/j/Documents/GitHub/MoneroOne/MoneroOne.xcodeproj
    
    Using response file: /Users/j/Documents/GitHub/MoneroOne/build/Build/Intermediates.noindex/swift-crypto.build/Debug-iphonesimulator/CCryptoBoringSSL.build/Objects-normal/arm64/533656923a283fa776881f304837ed9e-common-args.resp
    
    /Applications/Xcode.app/Contents/Developer/Toolchains/XcodeDefault.xctoolchain/usr/bin/clang -x assembler-with-cpp -ivfsstatcache /Users/j/Documents/GitHub/MoneroOne/build/SDKStatCaches.noindex/iphonesimulator26.1-23B77-90cf18a4295e390e64c810bc6bd7acbc.sdkstatcache -fmessage-length\=0 -fdiagnostics-show-note-include-stack -fmacro-backtrace-limit\=0 -fno-color-diagnostics -fmodules-prune-interval\=86400 -fmodules-prune-after\=345600 -fbuild-session-file\=/Users/j/Documents/GitHub/MoneroOne/build/ModuleCache.noindex/Session.modulevalidation -fmodules-validate-once-per-build-session -Wnon-modular-include-in-framework-module -Werror\=non-modular-include-in-framework-module -Wno-trigraphs -Wno-missing-field-initializers -Wno-missing-prototypes -Wno-return-type -Wno-missing-braces -Wparentheses -Wswitch -Wno-unused-function -Wno-unused-label -Wno-unused-parameter -Wno-unused-variable -Wunused-value -Wno-empty-body -Wno-uninitialized -Wno-unknown-pragmas -w -Wno-shadow -Wno-four-char-constants -Wno-conversion -Wno-constant-conversion -Wno-int-conversion -Wno-bool-conversion -Wno-enum-conversion -Wno-float-conversion -Wno-non-literal-null-conversion -Wno-objc-literal-conversion -Wshorten-64-to-32 -Wno-newline-eof -Wno-implicit-fallthrough -fstrict-aliasing -Wdeprecated-declarations -Wno-sign-conversion -Wno-infinite-recursion -Wno-comma -Wno-block-capture-autoreleasing -Wno-strict-prototypes -Wno-semicolon-before-method-body -index-store-path /Users/j/Documents/GitHub/MoneroOne/build/Index.noindex/DataStore @/Users/j/Documents/GitHub/MoneroOne/build/Build/Intermediates.noindex/swift-crypto.build/Debug-iphonesimulator/CCryptoBoringSSL.build/Objects-normal/arm64/533656923a283fa776881f304837ed9e-common-args.resp -MMD -MT dependencies -MF /Users/j/Documents/GitHub/MoneroOne/build/Build/Intermediates.noindex/swift-crypto.build/Debug-iphonesimulator/CCryptoBoringSSL.build/Objects-normal/arm64/fiat_curve25519_adx_square.d --serialize-diagnostics /Users/j/Documents/GitHub/MoneroOne/build/Build/Intermediates.noindex/swift-crypto.build/Debug-iphonesimulator/CCryptoBoringSSL.build/Objects-normal/arm64/fiat_curve25519_adx_square.dia -c /Users/j/Documents/GitHub/MoneroOne/build/SourcePackages/checkouts/swift-crypto/Sources/CCryptoBoringSSL/third_party/fiat/asm/fiat_curve25519_adx_square.S -o /Users/j/Documents/GitHub/MoneroOne/build/Build/Intermediates.noindex/swift-crypto.build/Debug-iphonesimulator/CCryptoBoringSSL.build/Objects-normal/arm64/fiat_curve25519_adx_square.o -index-unit-output-path /swift-crypto.build/Debug-iphonesimulator/CCryptoBoringSSL.build/Objects-normal/arm64/fiat_curve25519_adx_square.o

CompileC /Users/j/Documents/GitHub/MoneroOne/build/Build/Intermediates.noindex/swift-crypto.build/Debug-iphonesimulator/CCryptoBoringSSL.build/Objects-normal/arm64/fiat_curve25519_adx_mul.o /Users/j/Documents/GitHub/MoneroOne/build/SourcePackages/checkouts/swift-crypto/Sources/CCryptoBoringSSL/third_party/fiat/asm/fiat_curve25519_adx_mul.S normal arm64 assembler-with-cpp com.apple.compilers.llvm.clang.1_0.compiler (in target 'CCryptoBoringSSL' from project 'swift-crypto')
    cd /Users/j/Documents/GitHub/MoneroOne/MoneroOne.xcodeproj
    
    Using response file: /Users/j/Documents/GitHub/MoneroOne/build/Build/Intermediates.noindex/swift-crypto.build/Debug-iphonesimulator/CCryptoBoringSSL.build/Objects-normal/arm64/533656923a283fa776881f304837ed9e-common-args.resp
    
    /Applications/Xcode.app/Contents/Developer/Toolchains/XcodeDefault.xctoolchain/usr/bin/clang -x assembler-with-cpp -ivfsstatcache /Users/j/Documents/GitHub/MoneroOne/build/SDKStatCaches.noindex/iphonesimulator26.1-23B77-90cf18a4295e390e64c810bc6bd7acbc.sdkstatcache -fmessage-length\=0 -fdiagnostics-show-note-include-stack -fmacro-backtrace-limit\=0 -fno-color-diagnostics -fmodules-prune-interval\=86400 -fmodules-prune-after\=345600 -fbuild-session-file\=/Users/j/Documents/GitHub/MoneroOne/build/ModuleCache.noindex/Session.modulevalidation -fmodules-validate-once-per-build-session -Wnon-modular-include-in-framework-module -Werror\=non-modular-include-in-framework-module -Wno-trigraphs -Wno-missing-field-initializers -Wno-missing-prototypes -Wno-return-type -Wno-missing-braces -Wparentheses -Wswitch -Wno-unused-function -Wno-unused-label -Wno-unused-parameter -Wno-unused-variable -Wunused-value -Wno-empty-body -Wno-uninitialized -Wno-unknown-pragmas -w -Wno-shadow -Wno-four-char-constants -Wno-conversion -Wno-constant-conversion -Wno-int-conversion -Wno-bool-conversion -Wno-enum-conversion -Wno-float-conversion -Wno-non-literal-null-conversion -Wno-objc-literal-conversion -Wshorten-64-to-32 -Wno-newline-eof -Wno-implicit-fallthrough -fstrict-aliasing -Wdeprecated-declarations -Wno-sign-conversion -Wno-infinite-recursion -Wno-comma -Wno-block-capture-autoreleasing -Wno-strict-prototypes -Wno-semicolon-before-method-body -index-store-path /Users/j/Documents/GitHub/MoneroOne/build/Index.noindex/DataStore @/Users/j/Documents/GitHub/MoneroOne/build/Build/Intermediates.noindex/swift-crypto.build/Debug-iphonesimulator/CCryptoBoringSSL.build/Objects-normal/arm64/533656923a283fa776881f304837ed9e-common-args.resp -MMD -MT dependencies -MF /Users/j/Documents/GitHub/MoneroOne/build/Build/Intermediates.noindex/swift-crypto.build/Debug-iphonesimulator/CCryptoBoringSSL.build/Objects-normal/arm64/fiat_curve25519_adx_mul.d --serialize-diagnostics /Users/j/Documents/GitHub/MoneroOne/build/Build/Intermediates.noindex/swift-crypto.build/Debug-iphonesimulator/CCryptoBoringSSL.build/Objects-normal/arm64/fiat_curve25519_adx_mul.dia -c /Users/j/Documents/GitHub/MoneroOne/build/SourcePackages/checkouts/swift-crypto/Sources/CCryptoBoringSSL/third_party/fiat/asm/fiat_curve25519_adx_mul.S -o /Users/j/Documents/GitHub/MoneroOne/build/Build/Intermediates.noindex/swift-crypto.build/Debug-iphonesimulator/CCryptoBoringSSL.build/Objects-normal/arm64/fiat_curve25519_adx_mul.o -index-unit-output-path /swift-crypto.build/Debug-iphonesimulator/CCryptoBoringSSL.build/Objects-normal/arm64/fiat_curve25519_adx_mul.o

CompileC /Users/j/Documents/GitHub/MoneroOne/build/Build/Intermediates.noindex/swift-crypto.build/Debug-iphonesimulator/CCryptoBoringSSL.build/Objects-normal/arm64/co-586-windows.windows.x86.o /Users/j/Documents/GitHub/MoneroOne/build/SourcePackages/checkouts/swift-crypto/Sources/CCryptoBoringSSL/crypto/fipsmodule/co-586-windows.windows.x86.S normal arm64 assembler-with-cpp com.apple.compilers.llvm.clang.1_0.compiler (in target 'CCryptoBoringSSL' from project 'swift-crypto')
    cd /Users/j/Documents/GitHub/MoneroOne/MoneroOne.xcodeproj
    
    Using response file: /Users/j/Documents/GitHub/MoneroOne/build/Build/Intermediates.noindex/swift-crypto.build/Debug-iphonesimulator/CCryptoBoringSSL.build/Objects-normal/arm64/533656923a283fa776881f304837ed9e-common-args.resp
    
    /Applications/Xcode.app/Contents/Developer/Toolchains/XcodeDefault.xctoolchain/usr/bin/clang -x assembler-with-cpp -ivfsstatcache /Users/j/Documents/GitHub/MoneroOne/build/SDKStatCaches.noindex/iphonesimulator26.1-23B77-90cf18a4295e390e64c810bc6bd7acbc.sdkstatcache -fmessage-length\=0 -fdiagnostics-show-note-include-stack -fmacro-backtrace-limit\=0 -fno-color-diagnostics -fmodules-prune-interval\=86400 -fmodules-prune-after\=345600 -fbuild-session-file\=/Users/j/Documents/GitHub/MoneroOne/build/ModuleCache.noindex/Session.modulevalidation -fmodules-validate-once-per-build-session -Wnon-modular-include-in-framework-module -Werror\=non-modular-include-in-framework-module -Wno-trigraphs -Wno-missing-field-initializers -Wno-missing-prototypes -Wno-return-type -Wno-missing-braces -Wparentheses -Wswitch -Wno-unused-function -Wno-unused-label -Wno-unused-parameter -Wno-unused-variable -Wunused-value -Wno-empty-body -Wno-uninitialized -Wno-unknown-pragmas -w -Wno-shadow -Wno-four-char-constants -Wno-conversion -Wno-constant-conversion -Wno-int-conversion -Wno-bool-conversion -Wno-enum-conversion -Wno-float-conversion -Wno-non-literal-null-conversion -Wno-objc-literal-conversion -Wshorten-64-to-32 -Wno-newline-eof -Wno-implicit-fallthrough -fstrict-aliasing -Wdeprecated-declarations -Wno-sign-conversion -Wno-infinite-recursion -Wno-comma -Wno-block-capture-autoreleasing -Wno-strict-prototypes -Wno-semicolon-before-method-body -index-store-path /Users/j/Documents/GitHub/MoneroOne/build/Index.noindex/DataStore @/Users/j/Documents/GitHub/MoneroOne/build/Build/Intermediates.noindex/swift-crypto.build/Debug-iphonesimulator/CCryptoBoringSSL.build/Objects-normal/arm64/533656923a283fa776881f304837ed9e-common-args.resp -MMD -MT dependencies -MF /Users/j/Documents/GitHub/MoneroOne/build/Build/Intermediates.noindex/swift-crypto.build/Debug-iphonesimulator/CCryptoBoringSSL.build/Objects-normal/arm64/co-586-windows.windows.x86.d --serialize-diagnostics /Users/j/Documents/GitHub/MoneroOne/build/Build/Intermediates.noindex/swift-crypto.build/Debug-iphonesimulator/CCryptoBoringSSL.build/Objects-normal/arm64/co-586-windows.windows.x86.dia -c /Users/j/Documents/GitHub/MoneroOne/build/SourcePackages/checkouts/swift-crypto/Sources/CCryptoBoringSSL/crypto/fipsmodule/co-586-windows.windows.x86.S -o /Users/j/Documents/GitHub/MoneroOne/build/Build/Intermediates.noindex/swift-crypto.build/Debug-iphonesimulator/CCryptoBoringSSL.build/Objects-normal/arm64/co-586-windows.windows.x86.o -index-unit-output-path /swift-crypto.build/Debug-iphonesimulator/CCryptoBoringSSL.build/Objects-normal/arm64/co-586-windows.windows.x86.o

CompileC /Users/j/Documents/GitHub/MoneroOne/build/Build/Intermediates.noindex/swift-crypto.build/Debug-iphonesimulator/CCryptoBoringSSL.build/Objects-normal/arm64/co-586-linux.linux.x86.o /Users/j/Documents/GitHub/MoneroOne/build/SourcePackages/checkouts/swift-crypto/Sources/CCryptoBoringSSL/crypto/fipsmodule/co-586-linux.linux.x86.S normal arm64 assembler-with-cpp com.apple.compilers.llvm.clang.1_0.compiler (in target 'CCryptoBoringSSL' from project 'swift-crypto')
    cd /Users/j/Documents/GitHub/MoneroOne/MoneroOne.xcodeproj
    
    Using response file: /Users/j/Documents/GitHub/MoneroOne/build/Build/Intermediates.noindex/swift-crypto.build/Debug-iphonesimulator/CCryptoBoringSSL.build/Objects-normal/arm64/533656923a283fa776881f304837ed9e-common-args.resp
    
    /Applications/Xcode.app/Contents/Developer/Toolchains/XcodeDefault.xctoolchain/usr/bin/clang -x assembler-with-cpp -ivfsstatcache /Users/j/Documents/GitHub/MoneroOne/build/SDKStatCaches.noindex/iphonesimulator26.1-23B77-90cf18a4295e390e64c810bc6bd7acbc.sdkstatcache -fmessage-length\=0 -fdiagnostics-show-note-include-stack -fmacro-backtrace-limit\=0 -fno-color-diagnostics -fmodules-prune-interval\=86400 -fmodules-prune-after\=345600 -fbuild-session-file\=/Users/j/Documents/GitHub/MoneroOne/build/ModuleCache.noindex/Session.modulevalidation -fmodules-validate-once-per-build-session -Wnon-modular-include-in-framework-module -Werror\=non-modular-include-in-framework-module -Wno-trigraphs -Wno-missing-field-initializers -Wno-missing-prototypes -Wno-return-type -Wno-missing-braces -Wparentheses -Wswitch -Wno-unused-function -Wno-unused-label -Wno-unused-parameter -Wno-unused-variable -Wunused-value -Wno-empty-body -Wno-uninitialized -Wno-unknown-pragmas -w -Wno-shadow -Wno-four-char-constants -Wno-conversion -Wno-constant-conversion -Wno-int-conversion -Wno-bool-conversion -Wno-enum-conversion -Wno-float-conversion -Wno-non-literal-null-conversion -Wno-objc-literal-conversion -Wshorten-64-to-32 -Wno-newline-eof -Wno-implicit-fallthrough -fstrict-aliasing -Wdeprecated-declarations -Wno-sign-conversion -Wno-infinite-recursion -Wno-comma -Wno-block-capture-autoreleasing -Wno-strict-prototypes -Wno-semicolon-before-method-body -index-store-path /Users/j/Documents/GitHub/MoneroOne/build/Index.noindex/DataStore @/Users/j/Documents/GitHub/MoneroOne/build/Build/Intermediates.noindex/swift-crypto.build/Debug-iphonesimulator/CCryptoBoringSSL.build/Objects-normal/arm64/533656923a283fa776881f304837ed9e-common-args.resp -MMD -MT dependencies -MF /Users/j/Documents/GitHub/MoneroOne/build/Build/Intermediates.noindex/swift-crypto.build/Debug-iphonesimulator/CCryptoBoringSSL.build/Objects-normal/arm64/co-586-linux.linux.x86.d --serialize-diagnostics /Users/j/Documents/GitHub/MoneroOne/build/Build/Intermediates.noindex/swift-crypto.build/Debug-iphonesimulator/CCryptoBoringSSL.build/Objects-normal/arm64/co-586-linux.linux.x86.dia -c /Users/j/Documents/GitHub/MoneroOne/build/SourcePackages/checkouts/swift-crypto/Sources/CCryptoBoringSSL/crypto/fipsmodule/co-586-linux.linux.x86.S -o /Users/j/Documents/GitHub/MoneroOne/build/Build/Intermediates.noindex/swift-crypto.build/Debug-iphonesimulator/CCryptoBoringSSL.build/Objects-normal/arm64/co-586-linux.linux.x86.o -index-unit-output-path /swift-crypto.build/Debug-iphonesimulator/CCryptoBoringSSL.build/Objects-normal/arm64/co-586-linux.linux.x86.o

CompileC /Users/j/Documents/GitHub/MoneroOne/build/Build/Intermediates.noindex/swift-crypto.build/Debug-iphonesimulator/CCryptoBoringSSL.build/Objects-normal/arm64/chacha20_poly1305_x86_64-mac.mac.x86_64.o /Users/j/Documents/GitHub/MoneroOne/build/SourcePackages/checkouts/swift-crypto/Sources/CCryptoBoringSSL/crypto/cipher_extra/chacha20_poly1305_x86_64-mac.mac.x86_64.S normal arm64 assembler-with-cpp com.apple.compilers.llvm.clang.1_0.compiler (in target 'CCryptoBoringSSL' from project 'swift-crypto')
    cd /Users/j/Documents/GitHub/MoneroOne/MoneroOne.xcodeproj
    
    Using response file: /Users/j/Documents/GitHub/MoneroOne/build/Build/Intermediates.noindex/swift-crypto.build/Debug-iphonesimulator/CCryptoBoringSSL.build/Objects-normal/arm64/533656923a283fa776881f304837ed9e-common-args.resp
    
    /Applications/Xcode.app/Contents/Developer/Toolchains/XcodeDefault.xctoolchain/usr/bin/clang -x assembler-with-cpp -ivfsstatcache /Users/j/Documents/GitHub/MoneroOne/build/SDKStatCaches.noindex/iphonesimulator26.1-23B77-90cf18a4295e390e64c810bc6bd7acbc.sdkstatcache -fmessage-length\=0 -fdiagnostics-show-note-include-stack -fmacro-backtrace-limit\=0 -fno-color-diagnostics -fmodules-prune-interval\=86400 -fmodules-prune-after\=345600 -fbuild-session-file\=/Users/j/Documents/GitHub/MoneroOne/build/ModuleCache.noindex/Session.modulevalidation -fmodules-validate-once-per-build-session -Wnon-modular-include-in-framework-module -Werror\=non-modular-include-in-framework-module -Wno-trigraphs -Wno-missing-field-initializers -Wno-missing-prototypes -Wno-return-type -Wno-missing-braces -Wparentheses -Wswitch -Wno-unused-function -Wno-unused-label -Wno-unused-parameter -Wno-unused-variable -Wunused-value -Wno-empty-body -Wno-uninitialized -Wno-unknown-pragmas -w -Wno-shadow -Wno-four-char-constants -Wno-conversion -Wno-constant-conversion -Wno-int-conversion -Wno-bool-conversion -Wno-enum-conversion -Wno-float-conversion -Wno-non-literal-null-conversion -Wno-objc-literal-conversion -Wshorten-64-to-32 -Wno-newline-eof -Wno-implicit-fallthrough -fstrict-aliasing -Wdeprecated-declarations -Wno-sign-conversion -Wno-infinite-recursion -Wno-comma -Wno-block-capture-autoreleasing -Wno-strict-prototypes -Wno-semicolon-before-method-body -index-store-path /Users/j/Documents/GitHub/MoneroOne/build/Index.noindex/DataStore @/Users/j/Documents/GitHub/MoneroOne/build/Build/Intermediates.noindex/swift-crypto.build/Debug-iphonesimulator/CCryptoBoringSSL.build/Objects-normal/arm64/533656923a283fa776881f304837ed9e-common-args.resp -MMD -MT dependencies -MF /Users/j/Documents/GitHub/MoneroOne/build/Build/Intermediates.noindex/swift-crypto.build/Debug-iphonesimulator/CCryptoBoringSSL.build/Objects-normal/arm64/chacha20_poly1305_x86_64-mac.mac.x86_64.d --serialize-diagnostics /Users/j/Documents/GitHub/MoneroOne/build/Build/Intermediates.noindex/swift-crypto.build/Debug-iphonesimulator/CCryptoBoringSSL.build/Objects-normal/arm64/chacha20_poly1305_x86_64-mac.mac.x86_64.dia -c /Users/j/Documents/GitHub/MoneroOne/build/SourcePackages/checkouts/swift-crypto/Sources/CCryptoBoringSSL/crypto/cipher_extra/chacha20_poly1305_x86_64-mac.mac.x86_64.S -o /Users/j/Documents/GitHub/MoneroOne/build/Build/Intermediates.noindex/swift-crypto.build/Debug-iphonesimulator/CCryptoBoringSSL.build/Objects-normal/arm64/chacha20_poly1305_x86_64-mac.mac.x86_64.o -index-unit-output-path /swift-crypto.build/Debug-iphonesimulator/CCryptoBoringSSL.build/Objects-normal/arm64/chacha20_poly1305_x86_64-mac.mac.x86_64.o

CompileC /Users/j/Documents/GitHub/MoneroOne/build/Build/Intermediates.noindex/swift-crypto.build/Debug-iphonesimulator/CCryptoBoringSSL.build/Objects-normal/arm64/chacha20_poly1305_x86_64-linux.linux.x86_64.o /Users/j/Documents/GitHub/MoneroOne/build/SourcePackages/checkouts/swift-crypto/Sources/CCryptoBoringSSL/crypto/cipher_extra/chacha20_poly1305_x86_64-linux.linux.x86_64.S normal arm64 assembler-with-cpp com.apple.compilers.llvm.clang.1_0.compiler (in target 'CCryptoBoringSSL' from project 'swift-crypto')
    cd /Users/j/Documents/GitHub/MoneroOne/MoneroOne.xcodeproj
    
    Using response file: /Users/j/Documents/GitHub/MoneroOne/build/Build/Intermediates.noindex/swift-crypto.build/Debug-iphonesimulator/CCryptoBoringSSL.build/Objects-normal/arm64/533656923a283fa776881f304837ed9e-common-args.resp
    
    /Applications/Xcode.app/Contents/Developer/Toolchains/XcodeDefault.xctoolchain/usr/bin/clang -x assembler-with-cpp -ivfsstatcache /Users/j/Documents/GitHub/MoneroOne/build/SDKStatCaches.noindex/iphonesimulator26.1-23B77-90cf18a4295e390e64c810bc6bd7acbc.sdkstatcache -fmessage-length\=0 -fdiagnostics-show-note-include-stack -fmacro-backtrace-limit\=0 -fno-color-diagnostics -fmodules-prune-interval\=86400 -fmodules-prune-after\=345600 -fbuild-session-file\=/Users/j/Documents/GitHub/MoneroOne/build/ModuleCache.noindex/Session.modulevalidation -fmodules-validate-once-per-build-session -Wnon-modular-include-in-framework-module -Werror\=non-modular-include-in-framework-module -Wno-trigraphs -Wno-missing-field-initializers -Wno-missing-prototypes -Wno-return-type -Wno-missing-braces -Wparentheses -Wswitch -Wno-unused-function -Wno-unused-label -Wno-unused-parameter -Wno-unused-variable -Wunused-value -Wno-empty-body -Wno-uninitialized -Wno-unknown-pragmas -w -Wno-shadow -Wno-four-char-constants -Wno-conversion -Wno-constant-conversion -Wno-int-conversion -Wno-bool-conversion -Wno-enum-conversion -Wno-float-conversion -Wno-non-literal-null-conversion -Wno-objc-literal-conversion -Wshorten-64-to-32 -Wno-newline-eof -Wno-implicit-fallthrough -fstrict-aliasing -Wdeprecated-declarations -Wno-sign-conversion -Wno-infinite-recursion -Wno-comma -Wno-block-capture-autoreleasing -Wno-strict-prototypes -Wno-semicolon-before-method-body -index-store-path /Users/j/Documents/GitHub/MoneroOne/build/Index.noindex/DataStore @/Users/j/Documents/GitHub/MoneroOne/build/Build/Intermediates.noindex/swift-crypto.build/Debug-iphonesimulator/CCryptoBoringSSL.build/Objects-normal/arm64/533656923a283fa776881f304837ed9e-common-args.resp -MMD -MT dependencies -MF /Users/j/Documents/GitHub/MoneroOne/build/Build/Intermediates.noindex/swift-crypto.build/Debug-iphonesimulator/CCryptoBoringSSL.build/Objects-normal/arm64/chacha20_poly1305_x86_64-linux.linux.x86_64.d --serialize-diagnostics /Users/j/Documents/GitHub/MoneroOne/build/Build/Intermediates.noindex/swift-crypto.build/Debug-iphonesimulator/CCryptoBoringSSL.build/Objects-normal/arm64/chacha20_poly1305_x86_64-linux.linux.x86_64.dia -c /Users/j/Documents/GitHub/MoneroOne/build/SourcePackages/checkouts/swift-crypto/Sources/CCryptoBoringSSL/crypto/cipher_extra/chacha20_poly1305_x86_64-linux.linux.x86_64.S -o /Users/j/Documents/GitHub/MoneroOne/build/Build/Intermediates.noindex/swift-crypto.build/Debug-iphonesimulator/CCryptoBoringSSL.build/Objects-normal/arm64/chacha20_poly1305_x86_64-linux.linux.x86_64.o -index-unit-output-path /swift-crypto.build/Debug-iphonesimulator/CCryptoBoringSSL.build/Objects-normal/arm64/chacha20_poly1305_x86_64-linux.linux.x86_64.o

CompileC /Users/j/Documents/GitHub/MoneroOne/build/Build/Intermediates.noindex/swift-crypto.build/Debug-iphonesimulator/CCryptoBoringSSL.build/Objects-normal/arm64/chacha20_poly1305_armv8-linux.linux.aarch64.o /Users/j/Documents/GitHub/MoneroOne/build/SourcePackages/checkouts/swift-crypto/Sources/CCryptoBoringSSL/crypto/cipher_extra/chacha20_poly1305_armv8-linux.linux.aarch64.S normal arm64 assembler-with-cpp com.apple.compilers.llvm.clang.1_0.compiler (in target 'CCryptoBoringSSL' from project 'swift-crypto')
    cd /Users/j/Documents/GitHub/MoneroOne/MoneroOne.xcodeproj
    
    Using response file: /Users/j/Documents/GitHub/MoneroOne/build/Build/Intermediates.noindex/swift-crypto.build/Debug-iphonesimulator/CCryptoBoringSSL.build/Objects-normal/arm64/533656923a283fa776881f304837ed9e-common-args.resp
    
    /Applications/Xcode.app/Contents/Developer/Toolchains/XcodeDefault.xctoolchain/usr/bin/clang -x assembler-with-cpp -ivfsstatcache /Users/j/Documents/GitHub/MoneroOne/build/SDKStatCaches.noindex/iphonesimulator26.1-23B77-90cf18a4295e390e64c810bc6bd7acbc.sdkstatcache -fmessage-length\=0 -fdiagnostics-show-note-include-stack -fmacro-backtrace-limit\=0 -fno-color-diagnostics -fmodules-prune-interval\=86400 -fmodules-prune-after\=345600 -fbuild-session-file\=/Users/j/Documents/GitHub/MoneroOne/build/ModuleCache.noindex/Session.modulevalidation -fmodules-validate-once-per-build-session -Wnon-modular-include-in-framework-module -Werror\=non-modular-include-in-framework-module -Wno-trigraphs -Wno-missing-field-initializers -Wno-missing-prototypes -Wno-return-type -Wno-missing-braces -Wparentheses -Wswitch -Wno-unused-function -Wno-unused-label -Wno-unused-parameter -Wno-unused-variable -Wunused-value -Wno-empty-body -Wno-uninitialized -Wno-unknown-pragmas -w -Wno-shadow -Wno-four-char-constants -Wno-conversion -Wno-constant-conversion -Wno-int-conversion -Wno-bool-conversion -Wno-enum-conversion -Wno-float-conversion -Wno-non-literal-null-conversion -Wno-objc-literal-conversion -Wshorten-64-to-32 -Wno-newline-eof -Wno-implicit-fallthrough -fstrict-aliasing -Wdeprecated-declarations -Wno-sign-conversion -Wno-infinite-recursion -Wno-comma -Wno-block-capture-autoreleasing -Wno-strict-prototypes -Wno-semicolon-before-method-body -index-store-path /Users/j/Documents/GitHub/MoneroOne/build/Index.noindex/DataStore @/Users/j/Documents/GitHub/MoneroOne/build/Build/Intermediates.noindex/swift-crypto.build/Debug-iphonesimulator/CCryptoBoringSSL.build/Objects-normal/arm64/533656923a283fa776881f304837ed9e-common-args.resp -MMD -MT dependencies -MF /Users/j/Documents/GitHub/MoneroOne/build/Build/Intermediates.noindex/swift-crypto.build/Debug-iphonesimulator/CCryptoBoringSSL.build/Objects-normal/arm64/chacha20_poly1305_armv8-linux.linux.aarch64.d --serialize-diagnostics /Users/j/Documents/GitHub/MoneroOne/build/Build/Intermediates.noindex/swift-crypto.build/Debug-iphonesimulator/CCryptoBoringSSL.build/Objects-normal/arm64/chacha20_poly1305_armv8-linux.linux.aarch64.dia -c /Users/j/Documents/GitHub/MoneroOne/build/SourcePackages/checkouts/swift-crypto/Sources/CCryptoBoringSSL/crypto/cipher_extra/chacha20_poly1305_armv8-linux.linux.aarch64.S -o /Users/j/Documents/GitHub/MoneroOne/build/Build/Intermediates.noindex/swift-crypto.build/Debug-iphonesimulator/CCryptoBoringSSL.build/Objects-normal/arm64/chacha20_poly1305_armv8-linux.linux.aarch64.o -index-unit-output-path /swift-crypto.build/Debug-iphonesimulator/CCryptoBoringSSL.build/Objects-normal/arm64/chacha20_poly1305_armv8-linux.linux.aarch64.o

CompileC /Users/j/Documents/GitHub/MoneroOne/build/Build/Intermediates.noindex/swift-crypto.build/Debug-iphonesimulator/CCryptoBoringSSL.build/Objects-normal/arm64/chacha20_poly1305_armv8-ios.ios.aarch64.o /Users/j/Documents/GitHub/MoneroOne/build/SourcePackages/checkouts/swift-crypto/Sources/CCryptoBoringSSL/crypto/cipher_extra/chacha20_poly1305_armv8-ios.ios.aarch64.S normal arm64 assembler-with-cpp com.apple.compilers.llvm.clang.1_0.compiler (in target 'CCryptoBoringSSL' from project 'swift-crypto')
    cd /Users/j/Documents/GitHub/MoneroOne/MoneroOne.xcodeproj
    
    Using response file: /Users/j/Documents/GitHub/MoneroOne/build/Build/Intermediates.noindex/swift-crypto.build/Debug-iphonesimulator/CCryptoBoringSSL.build/Objects-normal/arm64/533656923a283fa776881f304837ed9e-common-args.resp
    
    /Applications/Xcode.app/Contents/Developer/Toolchains/XcodeDefault.xctoolchain/usr/bin/clang -x assembler-with-cpp -ivfsstatcache /Users/j/Documents/GitHub/MoneroOne/build/SDKStatCaches.noindex/iphonesimulator26.1-23B77-90cf18a4295e390e64c810bc6bd7acbc.sdkstatcache -fmessage-length\=0 -fdiagnostics-show-note-include-stack -fmacro-backtrace-limit\=0 -fno-color-diagnostics -fmodules-prune-interval\=86400 -fmodules-prune-after\=345600 -fbuild-session-file\=/Users/j/Documents/GitHub/MoneroOne/build/ModuleCache.noindex/Session.modulevalidation -fmodules-validate-once-per-build-session -Wnon-modular-include-in-framework-module -Werror\=non-modular-include-in-framework-module -Wno-trigraphs -Wno-missing-field-initializers -Wno-missing-prototypes -Wno-return-type -Wno-missing-braces -Wparentheses -Wswitch -Wno-unused-function -Wno-unused-label -Wno-unused-parameter -Wno-unused-variable -Wunused-value -Wno-empty-body -Wno-uninitialized -Wno-unknown-pragmas -w -Wno-shadow -Wno-four-char-constants -Wno-conversion -Wno-constant-conversion -Wno-int-conversion -Wno-bool-conversion -Wno-enum-conversion -Wno-float-conversion -Wno-non-literal-null-conversion -Wno-objc-literal-conversion -Wshorten-64-to-32 -Wno-newline-eof -Wno-implicit-fallthrough -fstrict-aliasing -Wdeprecated-declarations -Wno-sign-conversion -Wno-infinite-recursion -Wno-comma -Wno-block-capture-autoreleasing -Wno-strict-prototypes -Wno-semicolon-before-method-body -index-store-path /Users/j/Documents/GitHub/MoneroOne/build/Index.noindex/DataStore @/Users/j/Documents/GitHub/MoneroOne/build/Build/Intermediates.noindex/swift-crypto.build/Debug-iphonesimulator/CCryptoBoringSSL.build/Objects-normal/arm64/533656923a283fa776881f304837ed9e-common-args.resp -MMD -MT dependencies -MF /Users/j/Documents/GitHub/MoneroOne/build/Build/Intermediates.noindex/swift-crypto.build/Debug-iphonesimulator/CCryptoBoringSSL.build/Objects-normal/arm64/chacha20_poly1305_armv8-ios.ios.aarch64.d --serialize-diagnostics /Users/j/Documents/GitHub/MoneroOne/build/Build/Intermediates.noindex/swift-crypto.build/Debug-iphonesimulator/CCryptoBoringSSL.build/Objects-normal/arm64/chacha20_poly1305_armv8-ios.ios.aarch64.dia -c /Users/j/Documents/GitHub/MoneroOne/build/SourcePackages/checkouts/swift-crypto/Sources/CCryptoBoringSSL/crypto/cipher_extra/chacha20_poly1305_armv8-ios.ios.aarch64.S -o /Users/j/Documents/GitHub/MoneroOne/build/Build/Intermediates.noindex/swift-crypto.build/Debug-iphonesimulator/CCryptoBoringSSL.build/Objects-normal/arm64/chacha20_poly1305_armv8-ios.ios.aarch64.o -index-unit-output-path /swift-crypto.build/Debug-iphonesimulator/CCryptoBoringSSL.build/Objects-normal/arm64/chacha20_poly1305_armv8-ios.ios.aarch64.o

CompileC /Users/j/Documents/GitHub/MoneroOne/build/Build/Intermediates.noindex/swift-crypto.build/Debug-iphonesimulator/CCryptoBoringSSL.build/Objects-normal/arm64/chacha-x86_64-mac.mac.x86_64.o /Users/j/Documents/GitHub/MoneroOne/build/SourcePackages/checkouts/swift-crypto/Sources/CCryptoBoringSSL/crypto/chacha/chacha-x86_64-mac.mac.x86_64.S normal arm64 assembler-with-cpp com.apple.compilers.llvm.clang.1_0.compiler (in target 'CCryptoBoringSSL' from project 'swift-crypto')
    cd /Users/j/Documents/GitHub/MoneroOne/MoneroOne.xcodeproj
    
    Using response file: /Users/j/Documents/GitHub/MoneroOne/build/Build/Intermediates.noindex/swift-crypto.build/Debug-iphonesimulator/CCryptoBoringSSL.build/Objects-normal/arm64/533656923a283fa776881f304837ed9e-common-args.resp
    
    /Applications/Xcode.app/Contents/Developer/Toolchains/XcodeDefault.xctoolchain/usr/bin/clang -x assembler-with-cpp -ivfsstatcache /Users/j/Documents/GitHub/MoneroOne/build/SDKStatCaches.noindex/iphonesimulator26.1-23B77-90cf18a4295e390e64c810bc6bd7acbc.sdkstatcache -fmessage-length\=0 -fdiagnostics-show-note-include-stack -fmacro-backtrace-limit\=0 -fno-color-diagnostics -fmodules-prune-interval\=86400 -fmodules-prune-after\=345600 -fbuild-session-file\=/Users/j/Documents/GitHub/MoneroOne/build/ModuleCache.noindex/Session.modulevalidation -fmodules-validate-once-per-build-session -Wnon-modular-include-in-framework-module -Werror\=non-modular-include-in-framework-module -Wno-trigraphs -Wno-missing-field-initializers -Wno-missing-prototypes -Wno-return-type -Wno-missing-braces -Wparentheses -Wswitch -Wno-unused-function -Wno-unused-label -Wno-unused-parameter -Wno-unused-variable -Wunused-value -Wno-empty-body -Wno-uninitialized -Wno-unknown-pragmas -w -Wno-shadow -Wno-four-char-constants -Wno-conversion -Wno-constant-conversion -Wno-int-conversion -Wno-bool-conversion -Wno-enum-conversion -Wno-float-conversion -Wno-non-literal-null-conversion -Wno-objc-literal-conversion -Wshorten-64-to-32 -Wno-newline-eof -Wno-implicit-fallthrough -fstrict-aliasing -Wdeprecated-declarations -Wno-sign-conversion -Wno-infinite-recursion -Wno-comma -Wno-block-capture-autoreleasing -Wno-strict-prototypes -Wno-semicolon-before-method-body -index-store-path /Users/j/Documents/GitHub/MoneroOne/build/Index.noindex/DataStore @/Users/j/Documents/GitHub/MoneroOne/build/Build/Intermediates.noindex/swift-crypto.build/Debug-iphonesimulator/CCryptoBoringSSL.build/Objects-normal/arm64/533656923a283fa776881f304837ed9e-common-args.resp -MMD -MT dependencies -MF /Users/j/Documents/GitHub/MoneroOne/build/Build/Intermediates.noindex/swift-crypto.build/Debug-iphonesimulator/CCryptoBoringSSL.build/Objects-normal/arm64/chacha-x86_64-mac.mac.x86_64.d --serialize-diagnostics /Users/j/Documents/GitHub/MoneroOne/build/Build/Intermediates.noindex/swift-crypto.build/Debug-iphonesimulator/CCryptoBoringSSL.build/Objects-normal/arm64/chacha-x86_64-mac.mac.x86_64.dia -c /Users/j/Documents/GitHub/MoneroOne/build/SourcePackages/checkouts/swift-crypto/Sources/CCryptoBoringSSL/crypto/chacha/chacha-x86_64-mac.mac.x86_64.S -o /Users/j/Documents/GitHub/MoneroOne/build/Build/Intermediates.noindex/swift-crypto.build/Debug-iphonesimulator/CCryptoBoringSSL.build/Objects-normal/arm64/chacha-x86_64-mac.mac.x86_64.o -index-unit-output-path /swift-crypto.build/Debug-iphonesimulator/CCryptoBoringSSL.build/Objects-normal/arm64/chacha-x86_64-mac.mac.x86_64.o

CompileC /Users/j/Documents/GitHub/MoneroOne/build/Build/Intermediates.noindex/swift-crypto.build/Debug-iphonesimulator/CCryptoBoringSSL.build/Objects-normal/arm64/chacha-x86_64-linux.linux.x86_64.o /Users/j/Documents/GitHub/MoneroOne/build/SourcePackages/checkouts/swift-crypto/Sources/CCryptoBoringSSL/crypto/chacha/chacha-x86_64-linux.linux.x86_64.S normal arm64 assembler-with-cpp com.apple.compilers.llvm.clang.1_0.compiler (in target 'CCryptoBoringSSL' from project 'swift-crypto')
    cd /Users/j/Documents/GitHub/MoneroOne/MoneroOne.xcodeproj
    
    Using response file: /Users/j/Documents/GitHub/MoneroOne/build/Build/Intermediates.noindex/swift-crypto.build/Debug-iphonesimulator/CCryptoBoringSSL.build/Objects-normal/arm64/533656923a283fa776881f304837ed9e-common-args.resp
    
    /Applications/Xcode.app/Contents/Developer/Toolchains/XcodeDefault.xctoolchain/usr/bin/clang -x assembler-with-cpp -ivfsstatcache /Users/j/Documents/GitHub/MoneroOne/build/SDKStatCaches.noindex/iphonesimulator26.1-23B77-90cf18a4295e390e64c810bc6bd7acbc.sdkstatcache -fmessage-length\=0 -fdiagnostics-show-note-include-stack -fmacro-backtrace-limit\=0 -fno-color-diagnostics -fmodules-prune-interval\=86400 -fmodules-prune-after\=345600 -fbuild-session-file\=/Users/j/Documents/GitHub/MoneroOne/build/ModuleCache.noindex/Session.modulevalidation -fmodules-validate-once-per-build-session -Wnon-modular-include-in-framework-module -Werror\=non-modular-include-in-framework-module -Wno-trigraphs -Wno-missing-field-initializers -Wno-missing-prototypes -Wno-return-type -Wno-missing-braces -Wparentheses -Wswitch -Wno-unused-function -Wno-unused-label -Wno-unused-parameter -Wno-unused-variable -Wunused-value -Wno-empty-body -Wno-uninitialized -Wno-unknown-pragmas -w -Wno-shadow -Wno-four-char-constants -Wno-conversion -Wno-constant-conversion -Wno-int-conversion -Wno-bool-conversion -Wno-enum-conversion -Wno-float-conversion -Wno-non-literal-null-conversion -Wno-objc-literal-conversion -Wshorten-64-to-32 -Wno-newline-eof -Wno-implicit-fallthrough -fstrict-aliasing -Wdeprecated-declarations -Wno-sign-conversion -Wno-infinite-recursion -Wno-comma -Wno-block-capture-autoreleasing -Wno-strict-prototypes -Wno-semicolon-before-method-body -index-store-path /Users/j/Documents/GitHub/MoneroOne/build/Index.noindex/DataStore @/Users/j/Documents/GitHub/MoneroOne/build/Build/Intermediates.noindex/swift-crypto.build/Debug-iphonesimulator/CCryptoBoringSSL.build/Objects-normal/arm64/533656923a283fa776881f304837ed9e-common-args.resp -MMD -MT dependencies -MF /Users/j/Documents/GitHub/MoneroOne/build/Build/Intermediates.noindex/swift-crypto.build/Debug-iphonesimulator/CCryptoBoringSSL.build/Objects-normal/arm64/chacha-x86_64-linux.linux.x86_64.d --serialize-diagnostics /Users/j/Documents/GitHub/MoneroOne/build/Build/Intermediates.noindex/swift-crypto.build/Debug-iphonesimulator/CCryptoBoringSSL.build/Objects-normal/arm64/chacha-x86_64-linux.linux.x86_64.dia -c /Users/j/Documents/GitHub/MoneroOne/build/SourcePackages/checkouts/swift-crypto/Sources/CCryptoBoringSSL/crypto/chacha/chacha-x86_64-linux.linux.x86_64.S -o /Users/j/Documents/GitHub/MoneroOne/build/Build/Intermediates.noindex/swift-crypto.build/Debug-iphonesimulator/CCryptoBoringSSL.build/Objects-normal/arm64/chacha-x86_64-linux.linux.x86_64.o -index-unit-output-path /swift-crypto.build/Debug-iphonesimulator/CCryptoBoringSSL.build/Objects-normal/arm64/chacha-x86_64-linux.linux.x86_64.o

CompileC /Users/j/Documents/GitHub/MoneroOne/build/Build/Intermediates.noindex/swift-crypto.build/Debug-iphonesimulator/CCryptoBoringSSL.build/Objects-normal/arm64/chacha-x86-windows.windows.x86.o /Users/j/Documents/GitHub/MoneroOne/build/SourcePackages/checkouts/swift-crypto/Sources/CCryptoBoringSSL/crypto/chacha/chacha-x86-windows.windows.x86.S normal arm64 assembler-with-cpp com.apple.compilers.llvm.clang.1_0.compiler (in target 'CCryptoBoringSSL' from project 'swift-crypto')
    cd /Users/j/Documents/GitHub/MoneroOne/MoneroOne.xcodeproj
    
    Using response file: /Users/j/Documents/GitHub/MoneroOne/build/Build/Intermediates.noindex/swift-crypto.build/Debug-iphonesimulator/CCryptoBoringSSL.build/Objects-normal/arm64/533656923a283fa776881f304837ed9e-common-args.resp
    
    /Applications/Xcode.app/Contents/Developer/Toolchains/XcodeDefault.xctoolchain/usr/bin/clang -x assembler-with-cpp -ivfsstatcache /Users/j/Documents/GitHub/MoneroOne/build/SDKStatCaches.noindex/iphonesimulator26.1-23B77-90cf18a4295e390e64c810bc6bd7acbc.sdkstatcache -fmessage-length\=0 -fdiagnostics-show-note-include-stack -fmacro-backtrace-limit\=0 -fno-color-diagnostics -fmodules-prune-interval\=86400 -fmodules-prune-after\=345600 -fbuild-session-file\=/Users/j/Documents/GitHub/MoneroOne/build/ModuleCache.noindex/Session.modulevalidation -fmodules-validate-once-per-build-session -Wnon-modular-include-in-framework-module -Werror\=non-modular-include-in-framework-module -Wno-trigraphs -Wno-missing-field-initializers -Wno-missing-prototypes -Wno-return-type -Wno-missing-braces -Wparentheses -Wswitch -Wno-unused-function -Wno-unused-label -Wno-unused-parameter -Wno-unused-variable -Wunused-value -Wno-empty-body -Wno-uninitialized -Wno-unknown-pragmas -w -Wno-shadow -Wno-four-char-constants -Wno-conversion -Wno-constant-conversion -Wno-int-conversion -Wno-bool-conversion -Wno-enum-conversion -Wno-float-conversion -Wno-non-literal-null-conversion -Wno-objc-literal-conversion -Wshorten-64-to-32 -Wno-newline-eof -Wno-implicit-fallthrough -fstrict-aliasing -Wdeprecated-declarations -Wno-sign-conversion -Wno-infinite-recursion -Wno-comma -Wno-block-capture-autoreleasing -Wno-strict-prototypes -Wno-semicolon-before-method-body -index-store-path /Users/j/Documents/GitHub/MoneroOne/build/Index.noindex/DataStore @/Users/j/Documents/GitHub/MoneroOne/build/Build/Intermediates.noindex/swift-crypto.build/Debug-iphonesimulator/CCryptoBoringSSL.build/Objects-normal/arm64/533656923a283fa776881f304837ed9e-common-args.resp -MMD -MT dependencies -MF /Users/j/Documents/GitHub/MoneroOne/build/Build/Intermediates.noindex/swift-crypto.build/Debug-iphonesimulator/CCryptoBoringSSL.build/Objects-normal/arm64/chacha-x86-windows.windows.x86.d --serialize-diagnostics /Users/j/Documents/GitHub/MoneroOne/build/Build/Intermediates.noindex/swift-crypto.build/Debug-iphonesimulator/CCryptoBoringSSL.build/Objects-normal/arm64/chacha-x86-windows.windows.x86.dia -c /Users/j/Documents/GitHub/MoneroOne/build/SourcePackages/checkouts/swift-crypto/Sources/CCryptoBoringSSL/crypto/chacha/chacha-x86-windows.windows.x86.S -o /Users/j/Documents/GitHub/MoneroOne/build/Build/Intermediates.noindex/swift-crypto.build/Debug-iphonesimulator/CCryptoBoringSSL.build/Objects-normal/arm64/chacha-x86-windows.windows.x86.o -index-unit-output-path /swift-crypto.build/Debug-iphonesimulator/CCryptoBoringSSL.build/Objects-normal/arm64/chacha-x86-windows.windows.x86.o

CompileC /Users/j/Documents/GitHub/MoneroOne/build/Build/Intermediates.noindex/swift-crypto.build/Debug-iphonesimulator/CCryptoBoringSSL.build/Objects-normal/arm64/chacha-x86-linux.linux.x86.o /Users/j/Documents/GitHub/MoneroOne/build/SourcePackages/checkouts/swift-crypto/Sources/CCryptoBoringSSL/crypto/chacha/chacha-x86-linux.linux.x86.S normal arm64 assembler-with-cpp com.apple.compilers.llvm.clang.1_0.compiler (in target 'CCryptoBoringSSL' from project 'swift-crypto')
    cd /Users/j/Documents/GitHub/MoneroOne/MoneroOne.xcodeproj
    
    Using response file: /Users/j/Documents/GitHub/MoneroOne/build/Build/Intermediates.noindex/swift-crypto.build/Debug-iphonesimulator/CCryptoBoringSSL.build/Objects-normal/arm64/533656923a283fa776881f304837ed9e-common-args.resp
    
    /Applications/Xcode.app/Contents/Developer/Toolchains/XcodeDefault.xctoolchain/usr/bin/clang -x assembler-with-cpp -ivfsstatcache /Users/j/Documents/GitHub/MoneroOne/build/SDKStatCaches.noindex/iphonesimulator26.1-23B77-90cf18a4295e390e64c810bc6bd7acbc.sdkstatcache -fmessage-length\=0 -fdiagnostics-show-note-include-stack -fmacro-backtrace-limit\=0 -fno-color-diagnostics -fmodules-prune-interval\=86400 -fmodules-prune-after\=345600 -fbuild-session-file\=/Users/j/Documents/GitHub/MoneroOne/build/ModuleCache.noindex/Session.modulevalidation -fmodules-validate-once-per-build-session -Wnon-modular-include-in-framework-module -Werror\=non-modular-include-in-framework-module -Wno-trigraphs -Wno-missing-field-initializers -Wno-missing-prototypes -Wno-return-type -Wno-missing-braces -Wparentheses -Wswitch -Wno-unused-function -Wno-unused-label -Wno-unused-parameter -Wno-unused-variable -Wunused-value -Wno-empty-body -Wno-uninitialized -Wno-unknown-pragmas -w -Wno-shadow -Wno-four-char-constants -Wno-conversion -Wno-constant-conversion -Wno-int-conversion -Wno-bool-conversion -Wno-enum-conversion -Wno-float-conversion -Wno-non-literal-null-conversion -Wno-objc-literal-conversion -Wshorten-64-to-32 -Wno-newline-eof -Wno-implicit-fallthrough -fstrict-aliasing -Wdeprecated-declarations -Wno-sign-conversion -Wno-infinite-recursion -Wno-comma -Wno-block-capture-autoreleasing -Wno-strict-prototypes -Wno-semicolon-before-method-body -index-store-path /Users/j/Documents/GitHub/MoneroOne/build/Index.noindex/DataStore @/Users/j/Documents/GitHub/MoneroOne/build/Build/Intermediates.noindex/swift-crypto.build/Debug-iphonesimulator/CCryptoBoringSSL.build/Objects-normal/arm64/533656923a283fa776881f304837ed9e-common-args.resp -MMD -MT dependencies -MF /Users/j/Documents/GitHub/MoneroOne/build/Build/Intermediates.noindex/swift-crypto.build/Debug-iphonesimulator/CCryptoBoringSSL.build/Objects-normal/arm64/chacha-x86-linux.linux.x86.d --serialize-diagnostics /Users/j/Documents/GitHub/MoneroOne/build/Build/Intermediates.noindex/swift-crypto.build/Debug-iphonesimulator/CCryptoBoringSSL.build/Objects-normal/arm64/chacha-x86-linux.linux.x86.dia -c /Users/j/Documents/GitHub/MoneroOne/build/SourcePackages/checkouts/swift-crypto/Sources/CCryptoBoringSSL/crypto/chacha/chacha-x86-linux.linux.x86.S -o /Users/j/Documents/GitHub/MoneroOne/build/Build/Intermediates.noindex/swift-crypto.build/Debug-iphonesimulator/CCryptoBoringSSL.build/Objects-normal/arm64/chacha-x86-linux.linux.x86.o -index-unit-output-path /swift-crypto.build/Debug-iphonesimulator/CCryptoBoringSSL.build/Objects-normal/arm64/chacha-x86-linux.linux.x86.o

CompileC /Users/j/Documents/GitHub/MoneroOne/build/Build/Intermediates.noindex/swift-crypto.build/Debug-iphonesimulator/CCryptoBoringSSL.build/Objects-normal/arm64/chacha-armv8-linux.linux.aarch64.o /Users/j/Documents/GitHub/MoneroOne/build/SourcePackages/checkouts/swift-crypto/Sources/CCryptoBoringSSL/crypto/chacha/chacha-armv8-linux.linux.aarch64.S normal arm64 assembler-with-cpp com.apple.compilers.llvm.clang.1_0.compiler (in target 'CCryptoBoringSSL' from project 'swift-crypto')
    cd /Users/j/Documents/GitHub/MoneroOne/MoneroOne.xcodeproj
    
    Using response file: /Users/j/Documents/GitHub/MoneroOne/build/Build/Intermediates.noindex/swift-crypto.build/Debug-iphonesimulator/CCryptoBoringSSL.build/Objects-normal/arm64/533656923a283fa776881f304837ed9e-common-args.resp
    
    /Applications/Xcode.app/Contents/Developer/Toolchains/XcodeDefault.xctoolchain/usr/bin/clang -x assembler-with-cpp -ivfsstatcache /Users/j/Documents/GitHub/MoneroOne/build/SDKStatCaches.noindex/iphonesimulator26.1-23B77-90cf18a4295e390e64c810bc6bd7acbc.sdkstatcache -fmessage-length\=0 -fdiagnostics-show-note-include-stack -fmacro-backtrace-limit\=0 -fno-color-diagnostics -fmodules-prune-interval\=86400 -fmodules-prune-after\=345600 -fbuild-session-file\=/Users/j/Documents/GitHub/MoneroOne/build/ModuleCache.noindex/Session.modulevalidation -fmodules-validate-once-per-build-session -Wnon-modular-include-in-framework-module -Werror\=non-modular-include-in-framework-module -Wno-trigraphs -Wno-missing-field-initializers -Wno-missing-prototypes -Wno-return-type -Wno-missing-braces -Wparentheses -Wswitch -Wno-unused-function -Wno-unused-label -Wno-unused-parameter -Wno-unused-variable -Wunused-value -Wno-empty-body -Wno-uninitialized -Wno-unknown-pragmas -w -Wno-shadow -Wno-four-char-constants -Wno-conversion -Wno-constant-conversion -Wno-int-conversion -Wno-bool-conversion -Wno-enum-conversion -Wno-float-conversion -Wno-non-literal-null-conversion -Wno-objc-literal-conversion -Wshorten-64-to-32 -Wno-newline-eof -Wno-implicit-fallthrough -fstrict-aliasing -Wdeprecated-declarations -Wno-sign-conversion -Wno-infinite-recursion -Wno-comma -Wno-block-capture-autoreleasing -Wno-strict-prototypes -Wno-semicolon-before-method-body -index-store-path /Users/j/Documents/GitHub/MoneroOne/build/Index.noindex/DataStore @/Users/j/Documents/GitHub/MoneroOne/build/Build/Intermediates.noindex/swift-crypto.build/Debug-iphonesimulator/CCryptoBoringSSL.build/Objects-normal/arm64/533656923a283fa776881f304837ed9e-common-args.resp -MMD -MT dependencies -MF /Users/j/Documents/GitHub/MoneroOne/build/Build/Intermediates.noindex/swift-crypto.build/Debug-iphonesimulator/CCryptoBoringSSL.build/Objects-normal/arm64/chacha-armv8-linux.linux.aarch64.d --serialize-diagnostics /Users/j/Documents/GitHub/MoneroOne/build/Build/Intermediates.noindex/swift-crypto.build/Debug-iphonesimulator/CCryptoBoringSSL.build/Objects-normal/arm64/chacha-armv8-linux.linux.aarch64.dia -c /Users/j/Documents/GitHub/MoneroOne/build/SourcePackages/checkouts/swift-crypto/Sources/CCryptoBoringSSL/crypto/chacha/chacha-armv8-linux.linux.aarch64.S -o /Users/j/Documents/GitHub/MoneroOne/build/Build/Intermediates.noindex/swift-crypto.build/Debug-iphonesimulator/CCryptoBoringSSL.build/Objects-normal/arm64/chacha-armv8-linux.linux.aarch64.o -index-unit-output-path /swift-crypto.build/Debug-iphonesimulator/CCryptoBoringSSL.build/Objects-normal/arm64/chacha-armv8-linux.linux.aarch64.o

CompileC /Users/j/Documents/GitHub/MoneroOne/build/Build/Intermediates.noindex/swift-crypto.build/Debug-iphonesimulator/CCryptoBoringSSL.build/Objects-normal/arm64/chacha-armv8-ios.ios.aarch64.o /Users/j/Documents/GitHub/MoneroOne/build/SourcePackages/checkouts/swift-crypto/Sources/CCryptoBoringSSL/crypto/chacha/chacha-armv8-ios.ios.aarch64.S normal arm64 assembler-with-cpp com.apple.compilers.llvm.clang.1_0.compiler (in target 'CCryptoBoringSSL' from project 'swift-crypto')
    cd /Users/j/Documents/GitHub/MoneroOne/MoneroOne.xcodeproj
    
    Using response file: /Users/j/Documents/GitHub/MoneroOne/build/Build/Intermediates.noindex/swift-crypto.build/Debug-iphonesimulator/CCryptoBoringSSL.build/Objects-normal/arm64/533656923a283fa776881f304837ed9e-common-args.resp
    
    /Applications/Xcode.app/Contents/Developer/Toolchains/XcodeDefault.xctoolchain/usr/bin/clang -x assembler-with-cpp -ivfsstatcache /Users/j/Documents/GitHub/MoneroOne/build/SDKStatCaches.noindex/iphonesimulator26.1-23B77-90cf18a4295e390e64c810bc6bd7acbc.sdkstatcache -fmessage-length\=0 -fdiagnostics-show-note-include-stack -fmacro-backtrace-limit\=0 -fno-color-diagnostics -fmodules-prune-interval\=86400 -fmodules-prune-after\=345600 -fbuild-session-file\=/Users/j/Documents/GitHub/MoneroOne/build/ModuleCache.noindex/Session.modulevalidation -fmodules-validate-once-per-build-session -Wnon-modular-include-in-framework-module -Werror\=non-modular-include-in-framework-module -Wno-trigraphs -Wno-missing-field-initializers -Wno-missing-prototypes -Wno-return-type -Wno-missing-braces -Wparentheses -Wswitch -Wno-unused-function -Wno-unused-label -Wno-unused-parameter -Wno-unused-variable -Wunused-value -Wno-empty-body -Wno-uninitialized -Wno-unknown-pragmas -w -Wno-shadow -Wno-four-char-constants -Wno-conversion -Wno-constant-conversion -Wno-int-conversion -Wno-bool-conversion -Wno-enum-conversion -Wno-float-conversion -Wno-non-literal-null-conversion -Wno-objc-literal-conversion -Wshorten-64-to-32 -Wno-newline-eof -Wno-implicit-fallthrough -fstrict-aliasing -Wdeprecated-declarations -Wno-sign-conversion -Wno-infinite-recursion -Wno-comma -Wno-block-capture-autoreleasing -Wno-strict-prototypes -Wno-semicolon-before-method-body -index-store-path /Users/j/Documents/GitHub/MoneroOne/build/Index.noindex/DataStore @/Users/j/Documents/GitHub/MoneroOne/build/Build/Intermediates.noindex/swift-crypto.build/Debug-iphonesimulator/CCryptoBoringSSL.build/Objects-normal/arm64/533656923a283fa776881f304837ed9e-common-args.resp -MMD -MT dependencies -MF /Users/j/Documents/GitHub/MoneroOne/build/Build/Intermediates.noindex/swift-crypto.build/Debug-iphonesimulator/CCryptoBoringSSL.build/Objects-normal/arm64/chacha-armv8-ios.ios.aarch64.d --serialize-diagnostics /Users/j/Documents/GitHub/MoneroOne/build/Build/Intermediates.noindex/swift-crypto.build/Debug-iphonesimulator/CCryptoBoringSSL.build/Objects-normal/arm64/chacha-armv8-ios.ios.aarch64.dia -c /Users/j/Documents/GitHub/MoneroOne/build/SourcePackages/checkouts/swift-crypto/Sources/CCryptoBoringSSL/crypto/chacha/chacha-armv8-ios.ios.aarch64.S -o /Users/j/Documents/GitHub/MoneroOne/build/Build/Intermediates.noindex/swift-crypto.build/Debug-iphonesimulator/CCryptoBoringSSL.build/Objects-normal/arm64/chacha-armv8-ios.ios.aarch64.o -index-unit-output-path /swift-crypto.build/Debug-iphonesimulator/CCryptoBoringSSL.build/Objects-normal/arm64/chacha-armv8-ios.ios.aarch64.o

CompileC /Users/j/Documents/GitHub/MoneroOne/build/Build/Intermediates.noindex/swift-crypto.build/Debug-iphonesimulator/CCryptoBoringSSL.build/Objects-normal/arm64/chacha-armv4-linux.linux.arm.o /Users/j/Documents/GitHub/MoneroOne/build/SourcePackages/checkouts/swift-crypto/Sources/CCryptoBoringSSL/crypto/chacha/chacha-armv4-linux.linux.arm.S normal arm64 assembler-with-cpp com.apple.compilers.llvm.clang.1_0.compiler (in target 'CCryptoBoringSSL' from project 'swift-crypto')
    cd /Users/j/Documents/GitHub/MoneroOne/MoneroOne.xcodeproj
    
    Using response file: /Users/j/Documents/GitHub/MoneroOne/build/Build/Intermediates.noindex/swift-crypto.build/Debug-iphonesimulator/CCryptoBoringSSL.build/Objects-normal/arm64/533656923a283fa776881f304837ed9e-common-args.resp
    
    /Applications/Xcode.app/Contents/Developer/Toolchains/XcodeDefault.xctoolchain/usr/bin/clang -x assembler-with-cpp -ivfsstatcache /Users/j/Documents/GitHub/MoneroOne/build/SDKStatCaches.noindex/iphonesimulator26.1-23B77-90cf18a4295e390e64c810bc6bd7acbc.sdkstatcache -fmessage-length\=0 -fdiagnostics-show-note-include-stack -fmacro-backtrace-limit\=0 -fno-color-diagnostics -fmodules-prune-interval\=86400 -fmodules-prune-after\=345600 -fbuild-session-file\=/Users/j/Documents/GitHub/MoneroOne/build/ModuleCache.noindex/Session.modulevalidation -fmodules-validate-once-per-build-session -Wnon-modular-include-in-framework-module -Werror\=non-modular-include-in-framework-module -Wno-trigraphs -Wno-missing-field-initializers -Wno-missing-prototypes -Wno-return-type -Wno-missing-braces -Wparentheses -Wswitch -Wno-unused-function -Wno-unused-label -Wno-unused-parameter -Wno-unused-variable -Wunused-value -Wno-empty-body -Wno-uninitialized -Wno-unknown-pragmas -w -Wno-shadow -Wno-four-char-constants -Wno-conversion -Wno-constant-conversion -Wno-int-conversion -Wno-bool-conversion -Wno-enum-conversion -Wno-float-conversion -Wno-non-literal-null-conversion -Wno-objc-literal-conversion -Wshorten-64-to-32 -Wno-newline-eof -Wno-implicit-fallthrough -fstrict-aliasing -Wdeprecated-declarations -Wno-sign-conversion -Wno-infinite-recursion -Wno-comma -Wno-block-capture-autoreleasing -Wno-strict-prototypes -Wno-semicolon-before-method-body -index-store-path /Users/j/Documents/GitHub/MoneroOne/build/Index.noindex/DataStore @/Users/j/Documents/GitHub/MoneroOne/build/Build/Intermediates.noindex/swift-crypto.build/Debug-iphonesimulator/CCryptoBoringSSL.build/Objects-normal/arm64/533656923a283fa776881f304837ed9e-common-args.resp -MMD -MT dependencies -MF /Users/j/Documents/GitHub/MoneroOne/build/Build/Intermediates.noindex/swift-crypto.build/Debug-iphonesimulator/CCryptoBoringSSL.build/Objects-normal/arm64/chacha-armv4-linux.linux.arm.d --serialize-diagnostics /Users/j/Documents/GitHub/MoneroOne/build/Build/Intermediates.noindex/swift-crypto.build/Debug-iphonesimulator/CCryptoBoringSSL.build/Objects-normal/arm64/chacha-armv4-linux.linux.arm.dia -c /Users/j/Documents/GitHub/MoneroOne/build/SourcePackages/checkouts/swift-crypto/Sources/CCryptoBoringSSL/crypto/chacha/chacha-armv4-linux.linux.arm.S -o /Users/j/Documents/GitHub/MoneroOne/build/Build/Intermediates.noindex/swift-crypto.build/Debug-iphonesimulator/CCryptoBoringSSL.build/Objects-normal/arm64/chacha-armv4-linux.linux.arm.o -index-unit-output-path /swift-crypto.build/Debug-iphonesimulator/CCryptoBoringSSL.build/Objects-normal/arm64/chacha-armv4-linux.linux.arm.o

CompileC /Users/j/Documents/GitHub/MoneroOne/build/Build/Intermediates.noindex/swift-crypto.build/Debug-iphonesimulator/CCryptoBoringSSL.build/Objects-normal/arm64/chacha-armv4-ios.ios.arm.o /Users/j/Documents/GitHub/MoneroOne/build/SourcePackages/checkouts/swift-crypto/Sources/CCryptoBoringSSL/crypto/chacha/chacha-armv4-ios.ios.arm.S normal arm64 assembler-with-cpp com.apple.compilers.llvm.clang.1_0.compiler (in target 'CCryptoBoringSSL' from project 'swift-crypto')
    cd /Users/j/Documents/GitHub/MoneroOne/MoneroOne.xcodeproj
    
    Using response file: /Users/j/Documents/GitHub/MoneroOne/build/Build/Intermediates.noindex/swift-crypto.build/Debug-iphonesimulator/CCryptoBoringSSL.build/Objects-normal/arm64/533656923a283fa776881f304837ed9e-common-args.resp
    
    /Applications/Xcode.app/Contents/Developer/Toolchains/XcodeDefault.xctoolchain/usr/bin/clang -x assembler-with-cpp -ivfsstatcache /Users/j/Documents/GitHub/MoneroOne/build/SDKStatCaches.noindex/iphonesimulator26.1-23B77-90cf18a4295e390e64c810bc6bd7acbc.sdkstatcache -fmessage-length\=0 -fdiagnostics-show-note-include-stack -fmacro-backtrace-limit\=0 -fno-color-diagnostics -fmodules-prune-interval\=86400 -fmodules-prune-after\=345600 -fbuild-session-file\=/Users/j/Documents/GitHub/MoneroOne/build/ModuleCache.noindex/Session.modulevalidation -fmodules-validate-once-per-build-session -Wnon-modular-include-in-framework-module -Werror\=non-modular-include-in-framework-module -Wno-trigraphs -Wno-missing-field-initializers -Wno-missing-prototypes -Wno-return-type -Wno-missing-braces -Wparentheses -Wswitch -Wno-unused-function -Wno-unused-label -Wno-unused-parameter -Wno-unused-variable -Wunused-value -Wno-empty-body -Wno-uninitialized -Wno-unknown-pragmas -w -Wno-shadow -Wno-four-char-constants -Wno-conversion -Wno-constant-conversion -Wno-int-conversion -Wno-bool-conversion -Wno-enum-conversion -Wno-float-conversion -Wno-non-literal-null-conversion -Wno-objc-literal-conversion -Wshorten-64-to-32 -Wno-newline-eof -Wno-implicit-fallthrough -fstrict-aliasing -Wdeprecated-declarations -Wno-sign-conversion -Wno-infinite-recursion -Wno-comma -Wno-block-capture-autoreleasing -Wno-strict-prototypes -Wno-semicolon-before-method-body -index-store-path /Users/j/Documents/GitHub/MoneroOne/build/Index.noindex/DataStore @/Users/j/Documents/GitHub/MoneroOne/build/Build/Intermediates.noindex/swift-crypto.build/Debug-iphonesimulator/CCryptoBoringSSL.build/Objects-normal/arm64/533656923a283fa776881f304837ed9e-common-args.resp -MMD -MT dependencies -MF /Users/j/Documents/GitHub/MoneroOne/build/Build/Intermediates.noindex/swift-crypto.build/Debug-iphonesimulator/CCryptoBoringSSL.build/Objects-normal/arm64/chacha-armv4-ios.ios.arm.d --serialize-diagnostics /Users/j/Documents/GitHub/MoneroOne/build/Build/Intermediates.noindex/swift-crypto.build/Debug-iphonesimulator/CCryptoBoringSSL.build/Objects-normal/arm64/chacha-armv4-ios.ios.arm.dia -c /Users/j/Documents/GitHub/MoneroOne/build/SourcePackages/checkouts/swift-crypto/Sources/CCryptoBoringSSL/crypto/chacha/chacha-armv4-ios.ios.arm.S -o /Users/j/Documents/GitHub/MoneroOne/build/Build/Intermediates.noindex/swift-crypto.build/Debug-iphonesimulator/CCryptoBoringSSL.build/Objects-normal/arm64/chacha-armv4-ios.ios.arm.o -index-unit-output-path /swift-crypto.build/Debug-iphonesimulator/CCryptoBoringSSL.build/Objects-normal/arm64/chacha-armv4-ios.ios.arm.o

Ld /Users/j/Documents/GitHub/MoneroOne/build/Build/Products/Debug-iphonesimulator/CNIOBoringSSL.o normal (in target 'CNIOBoringSSL' from project 'swift-nio-ssl')
    cd /Users/j/Documents/GitHub/MoneroOne/build/SourcePackages/checkouts/swift-nio-ssl
    /Applications/Xcode.app/Contents/Developer/Toolchains/XcodeDefault.xctoolchain/usr/bin/clang++ -Xlinker -reproducible -target arm64-apple-ios12.0-simulator -r -isysroot /Applications/Xcode.app/Contents/Developer/Platforms/iPhoneSimulator.platform/Developer/SDKs/iPhoneSimulator26.1.sdk -O0 -w -L/Users/j/Documents/GitHub/MoneroOne/build/Build/Intermediates.noindex/EagerLinkingTBDs/Debug-iphonesimulator -L/Users/j/Documents/GitHub/MoneroOne/build/Build/Products/Debug-iphonesimulator -L/Applications/Xcode.app/Contents/Developer/Platforms/iPhoneSimulator.platform/Developer/usr/lib -F/Users/j/Documents/GitHub/MoneroOne/build/Build/Intermediates.noindex/EagerLinkingTBDs/Debug-iphonesimulator -F/Users/j/Documents/GitHub/MoneroOne/build/Build/Products/Debug-iphonesimulator -iframework /Applications/Xcode.app/Contents/Developer/Platforms/iPhoneSimulator.platform/Developer/Library/Frameworks -iframework /Applications/Xcode.app/Contents/Developer/Platforms/iPhoneSimulator.platform/Developer/SDKs/iPhoneSimulator26.1.sdk/Developer/Library/Frameworks -filelist /Users/j/Documents/GitHub/MoneroOne/build/Build/Intermediates.noindex/swift-nio-ssl.build/Debug-iphonesimulator/CNIOBoringSSL.build/Objects-normal/arm64/CNIOBoringSSL.LinkFileList -nostdlib -Xlinker -object_path_lto -Xlinker /Users/j/Documents/GitHub/MoneroOne/build/Build/Intermediates.noindex/swift-nio-ssl.build/Debug-iphonesimulator/CNIOBoringSSL.build/Objects-normal/arm64/CNIOBoringSSL_lto.o -rdynamic -Xlinker -no_deduplicate -Xlinker -objc_abi_version -Xlinker 2 -Xlinker -dependency_info -Xlinker /Users/j/Documents/GitHub/MoneroOne/build/Build/Intermediates.noindex/swift-nio-ssl.build/Debug-iphonesimulator/CNIOBoringSSL.build/Objects-normal/arm64/CNIOBoringSSL_dependency_info.dat -o /Users/j/Documents/GitHub/MoneroOne/build/Build/Products/Debug-iphonesimulator/CNIOBoringSSL.o

CompileC /Users/j/Documents/GitHub/MoneroOne/build/Build/Intermediates.noindex/swift-crypto.build/Debug-iphonesimulator/CCryptoBoringSSL.build/Objects-normal/arm64/bsaes-armv7-linux.linux.arm.o /Users/j/Documents/GitHub/MoneroOne/build/SourcePackages/checkouts/swift-crypto/Sources/CCryptoBoringSSL/crypto/fipsmodule/bsaes-armv7-linux.linux.arm.S normal arm64 assembler-with-cpp com.apple.compilers.llvm.clang.1_0.compiler (in target 'CCryptoBoringSSL' from project 'swift-crypto')
    cd /Users/j/Documents/GitHub/MoneroOne/MoneroOne.xcodeproj
    
    Using response file: /Users/j/Documents/GitHub/MoneroOne/build/Build/Intermediates.noindex/swift-crypto.build/Debug-iphonesimulator/CCryptoBoringSSL.build/Objects-normal/arm64/533656923a283fa776881f304837ed9e-common-args.resp
    
    /Applications/Xcode.app/Contents/Developer/Toolchains/XcodeDefault.xctoolchain/usr/bin/clang -x assembler-with-cpp -ivfsstatcache /Users/j/Documents/GitHub/MoneroOne/build/SDKStatCaches.noindex/iphonesimulator26.1-23B77-90cf18a4295e390e64c810bc6bd7acbc.sdkstatcache -fmessage-length\=0 -fdiagnostics-show-note-include-stack -fmacro-backtrace-limit\=0 -fno-color-diagnostics -fmodules-prune-interval\=86400 -fmodules-prune-after\=345600 -fbuild-session-file\=/Users/j/Documents/GitHub/MoneroOne/build/ModuleCache.noindex/Session.modulevalidation -fmodules-validate-once-per-build-session -Wnon-modular-include-in-framework-module -Werror\=non-modular-include-in-framework-module -Wno-trigraphs -Wno-missing-field-initializers -Wno-missing-prototypes -Wno-return-type -Wno-missing-braces -Wparentheses -Wswitch -Wno-unused-function -Wno-unused-label -Wno-unused-parameter -Wno-unused-variable -Wunused-value -Wno-empty-body -Wno-uninitialized -Wno-unknown-pragmas -w -Wno-shadow -Wno-four-char-constants -Wno-conversion -Wno-constant-conversion -Wno-int-conversion -Wno-bool-conversion -Wno-enum-conversion -Wno-float-conversion -Wno-non-literal-null-conversion -Wno-objc-literal-conversion -Wshorten-64-to-32 -Wno-newline-eof -Wno-implicit-fallthrough -fstrict-aliasing -Wdeprecated-declarations -Wno-sign-conversion -Wno-infinite-recursion -Wno-comma -Wno-block-capture-autoreleasing -Wno-strict-prototypes -Wno-semicolon-before-method-body -index-store-path /Users/j/Documents/GitHub/MoneroOne/build/Index.noindex/DataStore @/Users/j/Documents/GitHub/MoneroOne/build/Build/Intermediates.noindex/swift-crypto.build/Debug-iphonesimulator/CCryptoBoringSSL.build/Objects-normal/arm64/533656923a283fa776881f304837ed9e-common-args.resp -MMD -MT dependencies -MF /Users/j/Documents/GitHub/MoneroOne/build/Build/Intermediates.noindex/swift-crypto.build/Debug-iphonesimulator/CCryptoBoringSSL.build/Objects-normal/arm64/bsaes-armv7-linux.linux.arm.d --serialize-diagnostics /Users/j/Documents/GitHub/MoneroOne/build/Build/Intermediates.noindex/swift-crypto.build/Debug-iphonesimulator/CCryptoBoringSSL.build/Objects-normal/arm64/bsaes-armv7-linux.linux.arm.dia -c /Users/j/Documents/GitHub/MoneroOne/build/SourcePackages/checkouts/swift-crypto/Sources/CCryptoBoringSSL/crypto/fipsmodule/bsaes-armv7-linux.linux.arm.S -o /Users/j/Documents/GitHub/MoneroOne/build/Build/Intermediates.noindex/swift-crypto.build/Debug-iphonesimulator/CCryptoBoringSSL.build/Objects-normal/arm64/bsaes-armv7-linux.linux.arm.o -index-unit-output-path /swift-crypto.build/Debug-iphonesimulator/CCryptoBoringSSL.build/Objects-normal/arm64/bsaes-armv7-linux.linux.arm.o

CompileC /Users/j/Documents/GitHub/MoneroOne/build/Build/Intermediates.noindex/swift-crypto.build/Debug-iphonesimulator/CCryptoBoringSSL.build/Objects-normal/arm64/bsaes-armv7-ios.ios.arm.o /Users/j/Documents/GitHub/MoneroOne/build/SourcePackages/checkouts/swift-crypto/Sources/CCryptoBoringSSL/crypto/fipsmodule/bsaes-armv7-ios.ios.arm.S normal arm64 assembler-with-cpp com.apple.compilers.llvm.clang.1_0.compiler (in target 'CCryptoBoringSSL' from project 'swift-crypto')
    cd /Users/j/Documents/GitHub/MoneroOne/MoneroOne.xcodeproj
    
    Using response file: /Users/j/Documents/GitHub/MoneroOne/build/Build/Intermediates.noindex/swift-crypto.build/Debug-iphonesimulator/CCryptoBoringSSL.build/Objects-normal/arm64/533656923a283fa776881f304837ed9e-common-args.resp
    
    /Applications/Xcode.app/Contents/Developer/Toolchains/XcodeDefault.xctoolchain/usr/bin/clang -x assembler-with-cpp -ivfsstatcache /Users/j/Documents/GitHub/MoneroOne/build/SDKStatCaches.noindex/iphonesimulator26.1-23B77-90cf18a4295e390e64c810bc6bd7acbc.sdkstatcache -fmessage-length\=0 -fdiagnostics-show-note-include-stack -fmacro-backtrace-limit\=0 -fno-color-diagnostics -fmodules-prune-interval\=86400 -fmodules-prune-after\=345600 -fbuild-session-file\=/Users/j/Documents/GitHub/MoneroOne/build/ModuleCache.noindex/Session.modulevalidation -fmodules-validate-once-per-build-session -Wnon-modular-include-in-framework-module -Werror\=non-modular-include-in-framework-module -Wno-trigraphs -Wno-missing-field-initializers -Wno-missing-prototypes -Wno-return-type -Wno-missing-braces -Wparentheses -Wswitch -Wno-unused-function -Wno-unused-label -Wno-unused-parameter -Wno-unused-variable -Wunused-value -Wno-empty-body -Wno-uninitialized -Wno-unknown-pragmas -w -Wno-shadow -Wno-four-char-constants -Wno-conversion -Wno-constant-conversion -Wno-int-conversion -Wno-bool-conversion -Wno-enum-conversion -Wno-float-conversion -Wno-non-literal-null-conversion -Wno-objc-literal-conversion -Wshorten-64-to-32 -Wno-newline-eof -Wno-implicit-fallthrough -fstrict-aliasing -Wdeprecated-declarations -Wno-sign-conversion -Wno-infinite-recursion -Wno-comma -Wno-block-capture-autoreleasing -Wno-strict-prototypes -Wno-semicolon-before-method-body -index-store-path /Users/j/Documents/GitHub/MoneroOne/build/Index.noindex/DataStore @/Users/j/Documents/GitHub/MoneroOne/build/Build/Intermediates.noindex/swift-crypto.build/Debug-iphonesimulator/CCryptoBoringSSL.build/Objects-normal/arm64/533656923a283fa776881f304837ed9e-common-args.resp -MMD -MT dependencies -MF /Users/j/Documents/GitHub/MoneroOne/build/Build/Intermediates.noindex/swift-crypto.build/Debug-iphonesimulator/CCryptoBoringSSL.build/Objects-normal/arm64/bsaes-armv7-ios.ios.arm.d --serialize-diagnostics /Users/j/Documents/GitHub/MoneroOne/build/Build/Intermediates.noindex/swift-crypto.build/Debug-iphonesimulator/CCryptoBoringSSL.build/Objects-normal/arm64/bsaes-armv7-ios.ios.arm.dia -c /Users/j/Documents/GitHub/MoneroOne/build/SourcePackages/checkouts/swift-crypto/Sources/CCryptoBoringSSL/crypto/fipsmodule/bsaes-armv7-ios.ios.arm.S -o /Users/j/Documents/GitHub/MoneroOne/build/Build/Intermediates.noindex/swift-crypto.build/Debug-iphonesimulator/CCryptoBoringSSL.build/Objects-normal/arm64/bsaes-armv7-ios.ios.arm.o -index-unit-output-path /swift-crypto.build/Debug-iphonesimulator/CCryptoBoringSSL.build/Objects-normal/arm64/bsaes-armv7-ios.ios.arm.o

CompileC /Users/j/Documents/GitHub/MoneroOne/build/Build/Intermediates.noindex/swift-crypto.build/Debug-iphonesimulator/CCryptoBoringSSL.build/Objects-normal/arm64/bn-armv8-linux.linux.aarch64.o /Users/j/Documents/GitHub/MoneroOne/build/SourcePackages/checkouts/swift-crypto/Sources/CCryptoBoringSSL/crypto/fipsmodule/bn-armv8-linux.linux.aarch64.S normal arm64 assembler-with-cpp com.apple.compilers.llvm.clang.1_0.compiler (in target 'CCryptoBoringSSL' from project 'swift-crypto')
    cd /Users/j/Documents/GitHub/MoneroOne/MoneroOne.xcodeproj
    
    Using response file: /Users/j/Documents/GitHub/MoneroOne/build/Build/Intermediates.noindex/swift-crypto.build/Debug-iphonesimulator/CCryptoBoringSSL.build/Objects-normal/arm64/533656923a283fa776881f304837ed9e-common-args.resp
    
    /Applications/Xcode.app/Contents/Developer/Toolchains/XcodeDefault.xctoolchain/usr/bin/clang -x assembler-with-cpp -ivfsstatcache /Users/j/Documents/GitHub/MoneroOne/build/SDKStatCaches.noindex/iphonesimulator26.1-23B77-90cf18a4295e390e64c810bc6bd7acbc.sdkstatcache -fmessage-length\=0 -fdiagnostics-show-note-include-stack -fmacro-backtrace-limit\=0 -fno-color-diagnostics -fmodules-prune-interval\=86400 -fmodules-prune-after\=345600 -fbuild-session-file\=/Users/j/Documents/GitHub/MoneroOne/build/ModuleCache.noindex/Session.modulevalidation -fmodules-validate-once-per-build-session -Wnon-modular-include-in-framework-module -Werror\=non-modular-include-in-framework-module -Wno-trigraphs -Wno-missing-field-initializers -Wno-missing-prototypes -Wno-return-type -Wno-missing-braces -Wparentheses -Wswitch -Wno-unused-function -Wno-unused-label -Wno-unused-parameter -Wno-unused-variable -Wunused-value -Wno-empty-body -Wno-uninitialized -Wno-unknown-pragmas -w -Wno-shadow -Wno-four-char-constants -Wno-conversion -Wno-constant-conversion -Wno-int-conversion -Wno-bool-conversion -Wno-enum-conversion -Wno-float-conversion -Wno-non-literal-null-conversion -Wno-objc-literal-conversion -Wshorten-64-to-32 -Wno-newline-eof -Wno-implicit-fallthrough -fstrict-aliasing -Wdeprecated-declarations -Wno-sign-conversion -Wno-infinite-recursion -Wno-comma -Wno-block-capture-autoreleasing -Wno-strict-prototypes -Wno-semicolon-before-method-body -index-store-path /Users/j/Documents/GitHub/MoneroOne/build/Index.noindex/DataStore @/Users/j/Documents/GitHub/MoneroOne/build/Build/Intermediates.noindex/swift-crypto.build/Debug-iphonesimulator/CCryptoBoringSSL.build/Objects-normal/arm64/533656923a283fa776881f304837ed9e-common-args.resp -MMD -MT dependencies -MF /Users/j/Documents/GitHub/MoneroOne/build/Build/Intermediates.noindex/swift-crypto.build/Debug-iphonesimulator/CCryptoBoringSSL.build/Objects-normal/arm64/bn-armv8-linux.linux.aarch64.d --serialize-diagnostics /Users/j/Documents/GitHub/MoneroOne/build/Build/Intermediates.noindex/swift-crypto.build/Debug-iphonesimulator/CCryptoBoringSSL.build/Objects-normal/arm64/bn-armv8-linux.linux.aarch64.dia -c /Users/j/Documents/GitHub/MoneroOne/build/SourcePackages/checkouts/swift-crypto/Sources/CCryptoBoringSSL/crypto/fipsmodule/bn-armv8-linux.linux.aarch64.S -o /Users/j/Documents/GitHub/MoneroOne/build/Build/Intermediates.noindex/swift-crypto.build/Debug-iphonesimulator/CCryptoBoringSSL.build/Objects-normal/arm64/bn-armv8-linux.linux.aarch64.o -index-unit-output-path /swift-crypto.build/Debug-iphonesimulator/CCryptoBoringSSL.build/Objects-normal/arm64/bn-armv8-linux.linux.aarch64.o

CompileC /Users/j/Documents/GitHub/MoneroOne/build/Build/Intermediates.noindex/swift-crypto.build/Debug-iphonesimulator/CCryptoBoringSSL.build/Objects-normal/arm64/bn-armv8-ios.ios.aarch64.o /Users/j/Documents/GitHub/MoneroOne/build/SourcePackages/checkouts/swift-crypto/Sources/CCryptoBoringSSL/crypto/fipsmodule/bn-armv8-ios.ios.aarch64.S normal arm64 assembler-with-cpp com.apple.compilers.llvm.clang.1_0.compiler (in target 'CCryptoBoringSSL' from project 'swift-crypto')
    cd /Users/j/Documents/GitHub/MoneroOne/MoneroOne.xcodeproj
    
    Using response file: /Users/j/Documents/GitHub/MoneroOne/build/Build/Intermediates.noindex/swift-crypto.build/Debug-iphonesimulator/CCryptoBoringSSL.build/Objects-normal/arm64/533656923a283fa776881f304837ed9e-common-args.resp
    
    /Applications/Xcode.app/Contents/Developer/Toolchains/XcodeDefault.xctoolchain/usr/bin/clang -x assembler-with-cpp -ivfsstatcache /Users/j/Documents/GitHub/MoneroOne/build/SDKStatCaches.noindex/iphonesimulator26.1-23B77-90cf18a4295e390e64c810bc6bd7acbc.sdkstatcache -fmessage-length\=0 -fdiagnostics-show-note-include-stack -fmacro-backtrace-limit\=0 -fno-color-diagnostics -fmodules-prune-interval\=86400 -fmodules-prune-after\=345600 -fbuild-session-file\=/Users/j/Documents/GitHub/MoneroOne/build/ModuleCache.noindex/Session.modulevalidation -fmodules-validate-once-per-build-session -Wnon-modular-include-in-framework-module -Werror\=non-modular-include-in-framework-module -Wno-trigraphs -Wno-missing-field-initializers -Wno-missing-prototypes -Wno-return-type -Wno-missing-braces -Wparentheses -Wswitch -Wno-unused-function -Wno-unused-label -Wno-unused-parameter -Wno-unused-variable -Wunused-value -Wno-empty-body -Wno-uninitialized -Wno-unknown-pragmas -w -Wno-shadow -Wno-four-char-constants -Wno-conversion -Wno-constant-conversion -Wno-int-conversion -Wno-bool-conversion -Wno-enum-conversion -Wno-float-conversion -Wno-non-literal-null-conversion -Wno-objc-literal-conversion -Wshorten-64-to-32 -Wno-newline-eof -Wno-implicit-fallthrough -fstrict-aliasing -Wdeprecated-declarations -Wno-sign-conversion -Wno-infinite-recursion -Wno-comma -Wno-block-capture-autoreleasing -Wno-strict-prototypes -Wno-semicolon-before-method-body -index-store-path /Users/j/Documents/GitHub/MoneroOne/build/Index.noindex/DataStore @/Users/j/Documents/GitHub/MoneroOne/build/Build/Intermediates.noindex/swift-crypto.build/Debug-iphonesimulator/CCryptoBoringSSL.build/Objects-normal/arm64/533656923a283fa776881f304837ed9e-common-args.resp -MMD -MT dependencies -MF /Users/j/Documents/GitHub/MoneroOne/build/Build/Intermediates.noindex/swift-crypto.build/Debug-iphonesimulator/CCryptoBoringSSL.build/Objects-normal/arm64/bn-armv8-ios.ios.aarch64.d --serialize-diagnostics /Users/j/Documents/GitHub/MoneroOne/build/Build/Intermediates.noindex/swift-crypto.build/Debug-iphonesimulator/CCryptoBoringSSL.build/Objects-normal/arm64/bn-armv8-ios.ios.aarch64.dia -c /Users/j/Documents/GitHub/MoneroOne/build/SourcePackages/checkouts/swift-crypto/Sources/CCryptoBoringSSL/crypto/fipsmodule/bn-armv8-ios.ios.aarch64.S -o /Users/j/Documents/GitHub/MoneroOne/build/Build/Intermediates.noindex/swift-crypto.build/Debug-iphonesimulator/CCryptoBoringSSL.build/Objects-normal/arm64/bn-armv8-ios.ios.aarch64.o -index-unit-output-path /swift-crypto.build/Debug-iphonesimulator/CCryptoBoringSSL.build/Objects-normal/arm64/bn-armv8-ios.ios.aarch64.o

CompileC /Users/j/Documents/GitHub/MoneroOne/build/Build/Intermediates.noindex/swift-crypto.build/Debug-iphonesimulator/CCryptoBoringSSL.build/Objects-normal/arm64/bn-586-windows.windows.x86.o /Users/j/Documents/GitHub/MoneroOne/build/SourcePackages/checkouts/swift-crypto/Sources/CCryptoBoringSSL/crypto/fipsmodule/bn-586-windows.windows.x86.S normal arm64 assembler-with-cpp com.apple.compilers.llvm.clang.1_0.compiler (in target 'CCryptoBoringSSL' from project 'swift-crypto')
    cd /Users/j/Documents/GitHub/MoneroOne/MoneroOne.xcodeproj
    
    Using response file: /Users/j/Documents/GitHub/MoneroOne/build/Build/Intermediates.noindex/swift-crypto.build/Debug-iphonesimulator/CCryptoBoringSSL.build/Objects-normal/arm64/533656923a283fa776881f304837ed9e-common-args.resp
    
    /Applications/Xcode.app/Contents/Developer/Toolchains/XcodeDefault.xctoolchain/usr/bin/clang -x assembler-with-cpp -ivfsstatcache /Users/j/Documents/GitHub/MoneroOne/build/SDKStatCaches.noindex/iphonesimulator26.1-23B77-90cf18a4295e390e64c810bc6bd7acbc.sdkstatcache -fmessage-length\=0 -fdiagnostics-show-note-include-stack -fmacro-backtrace-limit\=0 -fno-color-diagnostics -fmodules-prune-interval\=86400 -fmodules-prune-after\=345600 -fbuild-session-file\=/Users/j/Documents/GitHub/MoneroOne/build/ModuleCache.noindex/Session.modulevalidation -fmodules-validate-once-per-build-session -Wnon-modular-include-in-framework-module -Werror\=non-modular-include-in-framework-module -Wno-trigraphs -Wno-missing-field-initializers -Wno-missing-prototypes -Wno-return-type -Wno-missing-braces -Wparentheses -Wswitch -Wno-unused-function -Wno-unused-label -Wno-unused-parameter -Wno-unused-variable -Wunused-value -Wno-empty-body -Wno-uninitialized -Wno-unknown-pragmas -w -Wno-shadow -Wno-four-char-constants -Wno-conversion -Wno-constant-conversion -Wno-int-conversion -Wno-bool-conversion -Wno-enum-conversion -Wno-float-conversion -Wno-non-literal-null-conversion -Wno-objc-literal-conversion -Wshorten-64-to-32 -Wno-newline-eof -Wno-implicit-fallthrough -fstrict-aliasing -Wdeprecated-declarations -Wno-sign-conversion -Wno-infinite-recursion -Wno-comma -Wno-block-capture-autoreleasing -Wno-strict-prototypes -Wno-semicolon-before-method-body -index-store-path /Users/j/Documents/GitHub/MoneroOne/build/Index.noindex/DataStore @/Users/j/Documents/GitHub/MoneroOne/build/Build/Intermediates.noindex/swift-crypto.build/Debug-iphonesimulator/CCryptoBoringSSL.build/Objects-normal/arm64/533656923a283fa776881f304837ed9e-common-args.resp -MMD -MT dependencies -MF /Users/j/Documents/GitHub/MoneroOne/build/Build/Intermediates.noindex/swift-crypto.build/Debug-iphonesimulator/CCryptoBoringSSL.build/Objects-normal/arm64/bn-586-windows.windows.x86.d --serialize-diagnostics /Users/j/Documents/GitHub/MoneroOne/build/Build/Intermediates.noindex/swift-crypto.build/Debug-iphonesimulator/CCryptoBoringSSL.build/Objects-normal/arm64/bn-586-windows.windows.x86.dia -c /Users/j/Documents/GitHub/MoneroOne/build/SourcePackages/checkouts/swift-crypto/Sources/CCryptoBoringSSL/crypto/fipsmodule/bn-586-windows.windows.x86.S -o /Users/j/Documents/GitHub/MoneroOne/build/Build/Intermediates.noindex/swift-crypto.build/Debug-iphonesimulator/CCryptoBoringSSL.build/Objects-normal/arm64/bn-586-windows.windows.x86.o -index-unit-output-path /swift-crypto.build/Debug-iphonesimulator/CCryptoBoringSSL.build/Objects-normal/arm64/bn-586-windows.windows.x86.o

CompileC /Users/j/Documents/GitHub/MoneroOne/build/Build/Intermediates.noindex/swift-crypto.build/Debug-iphonesimulator/CCryptoBoringSSL.build/Objects-normal/arm64/bn-586-linux.linux.x86.o /Users/j/Documents/GitHub/MoneroOne/build/SourcePackages/checkouts/swift-crypto/Sources/CCryptoBoringSSL/crypto/fipsmodule/bn-586-linux.linux.x86.S normal arm64 assembler-with-cpp com.apple.compilers.llvm.clang.1_0.compiler (in target 'CCryptoBoringSSL' from project 'swift-crypto')
    cd /Users/j/Documents/GitHub/MoneroOne/MoneroOne.xcodeproj
    
    Using response file: /Users/j/Documents/GitHub/MoneroOne/build/Build/Intermediates.noindex/swift-crypto.build/Debug-iphonesimulator/CCryptoBoringSSL.build/Objects-normal/arm64/533656923a283fa776881f304837ed9e-common-args.resp
    
    /Applications/Xcode.app/Contents/Developer/Toolchains/XcodeDefault.xctoolchain/usr/bin/clang -x assembler-with-cpp -ivfsstatcache /Users/j/Documents/GitHub/MoneroOne/build/SDKStatCaches.noindex/iphonesimulator26.1-23B77-90cf18a4295e390e64c810bc6bd7acbc.sdkstatcache -fmessage-length\=0 -fdiagnostics-show-note-include-stack -fmacro-backtrace-limit\=0 -fno-color-diagnostics -fmodules-prune-interval\=86400 -fmodules-prune-after\=345600 -fbuild-session-file\=/Users/j/Documents/GitHub/MoneroOne/build/ModuleCache.noindex/Session.modulevalidation -fmodules-validate-once-per-build-session -Wnon-modular-include-in-framework-module -Werror\=non-modular-include-in-framework-module -Wno-trigraphs -Wno-missing-field-initializers -Wno-missing-prototypes -Wno-return-type -Wno-missing-braces -Wparentheses -Wswitch -Wno-unused-function -Wno-unused-label -Wno-unused-parameter -Wno-unused-variable -Wunused-value -Wno-empty-body -Wno-uninitialized -Wno-unknown-pragmas -w -Wno-shadow -Wno-four-char-constants -Wno-conversion -Wno-constant-conversion -Wno-int-conversion -Wno-bool-conversion -Wno-enum-conversion -Wno-float-conversion -Wno-non-literal-null-conversion -Wno-objc-literal-conversion -Wshorten-64-to-32 -Wno-newline-eof -Wno-implicit-fallthrough -fstrict-aliasing -Wdeprecated-declarations -Wno-sign-conversion -Wno-infinite-recursion -Wno-comma -Wno-block-capture-autoreleasing -Wno-strict-prototypes -Wno-semicolon-before-method-body -index-store-path /Users/j/Documents/GitHub/MoneroOne/build/Index.noindex/DataStore @/Users/j/Documents/GitHub/MoneroOne/build/Build/Intermediates.noindex/swift-crypto.build/Debug-iphonesimulator/CCryptoBoringSSL.build/Objects-normal/arm64/533656923a283fa776881f304837ed9e-common-args.resp -MMD -MT dependencies -MF /Users/j/Documents/GitHub/MoneroOne/build/Build/Intermediates.noindex/swift-crypto.build/Debug-iphonesimulator/CCryptoBoringSSL.build/Objects-normal/arm64/bn-586-linux.linux.x86.d --serialize-diagnostics /Users/j/Documents/GitHub/MoneroOne/build/Build/Intermediates.noindex/swift-crypto.build/Debug-iphonesimulator/CCryptoBoringSSL.build/Objects-normal/arm64/bn-586-linux.linux.x86.dia -c /Users/j/Documents/GitHub/MoneroOne/build/SourcePackages/checkouts/swift-crypto/Sources/CCryptoBoringSSL/crypto/fipsmodule/bn-586-linux.linux.x86.S -o /Users/j/Documents/GitHub/MoneroOne/build/Build/Intermediates.noindex/swift-crypto.build/Debug-iphonesimulator/CCryptoBoringSSL.build/Objects-normal/arm64/bn-586-linux.linux.x86.o -index-unit-output-path /swift-crypto.build/Debug-iphonesimulator/CCryptoBoringSSL.build/Objects-normal/arm64/bn-586-linux.linux.x86.o

CompileC /Users/j/Documents/GitHub/MoneroOne/build/Build/Intermediates.noindex/swift-crypto.build/Debug-iphonesimulator/CCryptoBoringSSL.build/Objects-normal/arm64/armv8-mont-linux.linux.aarch64.o /Users/j/Documents/GitHub/MoneroOne/build/SourcePackages/checkouts/swift-crypto/Sources/CCryptoBoringSSL/crypto/fipsmodule/armv8-mont-linux.linux.aarch64.S normal arm64 assembler-with-cpp com.apple.compilers.llvm.clang.1_0.compiler (in target 'CCryptoBoringSSL' from project 'swift-crypto')
    cd /Users/j/Documents/GitHub/MoneroOne/MoneroOne.xcodeproj
    
    Using response file: /Users/j/Documents/GitHub/MoneroOne/build/Build/Intermediates.noindex/swift-crypto.build/Debug-iphonesimulator/CCryptoBoringSSL.build/Objects-normal/arm64/533656923a283fa776881f304837ed9e-common-args.resp
    
    /Applications/Xcode.app/Contents/Developer/Toolchains/XcodeDefault.xctoolchain/usr/bin/clang -x assembler-with-cpp -ivfsstatcache /Users/j/Documents/GitHub/MoneroOne/build/SDKStatCaches.noindex/iphonesimulator26.1-23B77-90cf18a4295e390e64c810bc6bd7acbc.sdkstatcache -fmessage-length\=0 -fdiagnostics-show-note-include-stack -fmacro-backtrace-limit\=0 -fno-color-diagnostics -fmodules-prune-interval\=86400 -fmodules-prune-after\=345600 -fbuild-session-file\=/Users/j/Documents/GitHub/MoneroOne/build/ModuleCache.noindex/Session.modulevalidation -fmodules-validate-once-per-build-session -Wnon-modular-include-in-framework-module -Werror\=non-modular-include-in-framework-module -Wno-trigraphs -Wno-missing-field-initializers -Wno-missing-prototypes -Wno-return-type -Wno-missing-braces -Wparentheses -Wswitch -Wno-unused-function -Wno-unused-label -Wno-unused-parameter -Wno-unused-variable -Wunused-value -Wno-empty-body -Wno-uninitialized -Wno-unknown-pragmas -w -Wno-shadow -Wno-four-char-constants -Wno-conversion -Wno-constant-conversion -Wno-int-conversion -Wno-bool-conversion -Wno-enum-conversion -Wno-float-conversion -Wno-non-literal-null-conversion -Wno-objc-literal-conversion -Wshorten-64-to-32 -Wno-newline-eof -Wno-implicit-fallthrough -fstrict-aliasing -Wdeprecated-declarations -Wno-sign-conversion -Wno-infinite-recursion -Wno-comma -Wno-block-capture-autoreleasing -Wno-strict-prototypes -Wno-semicolon-before-method-body -index-store-path /Users/j/Documents/GitHub/MoneroOne/build/Index.noindex/DataStore @/Users/j/Documents/GitHub/MoneroOne/build/Build/Intermediates.noindex/swift-crypto.build/Debug-iphonesimulator/CCryptoBoringSSL.build/Objects-normal/arm64/533656923a283fa776881f304837ed9e-common-args.resp -MMD -MT dependencies -MF /Users/j/Documents/GitHub/MoneroOne/build/Build/Intermediates.noindex/swift-crypto.build/Debug-iphonesimulator/CCryptoBoringSSL.build/Objects-normal/arm64/armv8-mont-linux.linux.aarch64.d --serialize-diagnostics /Users/j/Documents/GitHub/MoneroOne/build/Build/Intermediates.noindex/swift-crypto.build/Debug-iphonesimulator/CCryptoBoringSSL.build/Objects-normal/arm64/armv8-mont-linux.linux.aarch64.dia -c /Users/j/Documents/GitHub/MoneroOne/build/SourcePackages/checkouts/swift-crypto/Sources/CCryptoBoringSSL/crypto/fipsmodule/armv8-mont-linux.linux.aarch64.S -o /Users/j/Documents/GitHub/MoneroOne/build/Build/Intermediates.noindex/swift-crypto.build/Debug-iphonesimulator/CCryptoBoringSSL.build/Objects-normal/arm64/armv8-mont-linux.linux.aarch64.o -index-unit-output-path /swift-crypto.build/Debug-iphonesimulator/CCryptoBoringSSL.build/Objects-normal/arm64/armv8-mont-linux.linux.aarch64.o

CompileC /Users/j/Documents/GitHub/MoneroOne/build/Build/Intermediates.noindex/swift-crypto.build/Debug-iphonesimulator/CCryptoBoringSSL.build/Objects-normal/arm64/armv8-mont-ios.ios.aarch64.o /Users/j/Documents/GitHub/MoneroOne/build/SourcePackages/checkouts/swift-crypto/Sources/CCryptoBoringSSL/crypto/fipsmodule/armv8-mont-ios.ios.aarch64.S normal arm64 assembler-with-cpp com.apple.compilers.llvm.clang.1_0.compiler (in target 'CCryptoBoringSSL' from project 'swift-crypto')
    cd /Users/j/Documents/GitHub/MoneroOne/MoneroOne.xcodeproj
    
    Using response file: /Users/j/Documents/GitHub/MoneroOne/build/Build/Intermediates.noindex/swift-crypto.build/Debug-iphonesimulator/CCryptoBoringSSL.build/Objects-normal/arm64/533656923a283fa776881f304837ed9e-common-args.resp
    
    /Applications/Xcode.app/Contents/Developer/Toolchains/XcodeDefault.xctoolchain/usr/bin/clang -x assembler-with-cpp -ivfsstatcache /Users/j/Documents/GitHub/MoneroOne/build/SDKStatCaches.noindex/iphonesimulator26.1-23B77-90cf18a4295e390e64c810bc6bd7acbc.sdkstatcache -fmessage-length\=0 -fdiagnostics-show-note-include-stack -fmacro-backtrace-limit\=0 -fno-color-diagnostics -fmodules-prune-interval\=86400 -fmodules-prune-after\=345600 -fbuild-session-file\=/Users/j/Documents/GitHub/MoneroOne/build/ModuleCache.noindex/Session.modulevalidation -fmodules-validate-once-per-build-session -Wnon-modular-include-in-framework-module -Werror\=non-modular-include-in-framework-module -Wno-trigraphs -Wno-missing-field-initializers -Wno-missing-prototypes -Wno-return-type -Wno-missing-braces -Wparentheses -Wswitch -Wno-unused-function -Wno-unused-label -Wno-unused-parameter -Wno-unused-variable -Wunused-value -Wno-empty-body -Wno-uninitialized -Wno-unknown-pragmas -w -Wno-shadow -Wno-four-char-constants -Wno-conversion -Wno-constant-conversion -Wno-int-conversion -Wno-bool-conversion -Wno-enum-conversion -Wno-float-conversion -Wno-non-literal-null-conversion -Wno-objc-literal-conversion -Wshorten-64-to-32 -Wno-newline-eof -Wno-implicit-fallthrough -fstrict-aliasing -Wdeprecated-declarations -Wno-sign-conversion -Wno-infinite-recursion -Wno-comma -Wno-block-capture-autoreleasing -Wno-strict-prototypes -Wno-semicolon-before-method-body -index-store-path /Users/j/Documents/GitHub/MoneroOne/build/Index.noindex/DataStore @/Users/j/Documents/GitHub/MoneroOne/build/Build/Intermediates.noindex/swift-crypto.build/Debug-iphonesimulator/CCryptoBoringSSL.build/Objects-normal/arm64/533656923a283fa776881f304837ed9e-common-args.resp -MMD -MT dependencies -MF /Users/j/Documents/GitHub/MoneroOne/build/Build/Intermediates.noindex/swift-crypto.build/Debug-iphonesimulator/CCryptoBoringSSL.build/Objects-normal/arm64/armv8-mont-ios.ios.aarch64.d --serialize-diagnostics /Users/j/Documents/GitHub/MoneroOne/build/Build/Intermediates.noindex/swift-crypto.build/Debug-iphonesimulator/CCryptoBoringSSL.build/Objects-normal/arm64/armv8-mont-ios.ios.aarch64.dia -c /Users/j/Documents/GitHub/MoneroOne/build/SourcePackages/checkouts/swift-crypto/Sources/CCryptoBoringSSL/crypto/fipsmodule/armv8-mont-ios.ios.aarch64.S -o /Users/j/Documents/GitHub/MoneroOne/build/Build/Intermediates.noindex/swift-crypto.build/Debug-iphonesimulator/CCryptoBoringSSL.build/Objects-normal/arm64/armv8-mont-ios.ios.aarch64.o -index-unit-output-path /swift-crypto.build/Debug-iphonesimulator/CCryptoBoringSSL.build/Objects-normal/arm64/armv8-mont-ios.ios.aarch64.o

CompileC /Users/j/Documents/GitHub/MoneroOne/build/Build/Intermediates.noindex/swift-crypto.build/Debug-iphonesimulator/CCryptoBoringSSL.build/Objects-normal/arm64/armv4-mont-linux.linux.arm.o /Users/j/Documents/GitHub/MoneroOne/build/SourcePackages/checkouts/swift-crypto/Sources/CCryptoBoringSSL/crypto/fipsmodule/armv4-mont-linux.linux.arm.S normal arm64 assembler-with-cpp com.apple.compilers.llvm.clang.1_0.compiler (in target 'CCryptoBoringSSL' from project 'swift-crypto')
    cd /Users/j/Documents/GitHub/MoneroOne/MoneroOne.xcodeproj
    
    Using response file: /Users/j/Documents/GitHub/MoneroOne/build/Build/Intermediates.noindex/swift-crypto.build/Debug-iphonesimulator/CCryptoBoringSSL.build/Objects-normal/arm64/533656923a283fa776881f304837ed9e-common-args.resp
    
    /Applications/Xcode.app/Contents/Developer/Toolchains/XcodeDefault.xctoolchain/usr/bin/clang -x assembler-with-cpp -ivfsstatcache /Users/j/Documents/GitHub/MoneroOne/build/SDKStatCaches.noindex/iphonesimulator26.1-23B77-90cf18a4295e390e64c810bc6bd7acbc.sdkstatcache -fmessage-length\=0 -fdiagnostics-show-note-include-stack -fmacro-backtrace-limit\=0 -fno-color-diagnostics -fmodules-prune-interval\=86400 -fmodules-prune-after\=345600 -fbuild-session-file\=/Users/j/Documents/GitHub/MoneroOne/build/ModuleCache.noindex/Session.modulevalidation -fmodules-validate-once-per-build-session -Wnon-modular-include-in-framework-module -Werror\=non-modular-include-in-framework-module -Wno-trigraphs -Wno-missing-field-initializers -Wno-missing-prototypes -Wno-return-type -Wno-missing-braces -Wparentheses -Wswitch -Wno-unused-function -Wno-unused-label -Wno-unused-parameter -Wno-unused-variable -Wunused-value -Wno-empty-body -Wno-uninitialized -Wno-unknown-pragmas -w -Wno-shadow -Wno-four-char-constants -Wno-conversion -Wno-constant-conversion -Wno-int-conversion -Wno-bool-conversion -Wno-enum-conversion -Wno-float-conversion -Wno-non-literal-null-conversion -Wno-objc-literal-conversion -Wshorten-64-to-32 -Wno-newline-eof -Wno-implicit-fallthrough -fstrict-aliasing -Wdeprecated-declarations -Wno-sign-conversion -Wno-infinite-recursion -Wno-comma -Wno-block-capture-autoreleasing -Wno-strict-prototypes -Wno-semicolon-before-method-body -index-store-path /Users/j/Documents/GitHub/MoneroOne/build/Index.noindex/DataStore @/Users/j/Documents/GitHub/MoneroOne/build/Build/Intermediates.noindex/swift-crypto.build/Debug-iphonesimulator/CCryptoBoringSSL.build/Objects-normal/arm64/533656923a283fa776881f304837ed9e-common-args.resp -MMD -MT dependencies -MF /Users/j/Documents/GitHub/MoneroOne/build/Build/Intermediates.noindex/swift-crypto.build/Debug-iphonesimulator/CCryptoBoringSSL.build/Objects-normal/arm64/armv4-mont-linux.linux.arm.d --serialize-diagnostics /Users/j/Documents/GitHub/MoneroOne/build/Build/Intermediates.noindex/swift-crypto.build/Debug-iphonesimulator/CCryptoBoringSSL.build/Objects-normal/arm64/armv4-mont-linux.linux.arm.dia -c /Users/j/Documents/GitHub/MoneroOne/build/SourcePackages/checkouts/swift-crypto/Sources/CCryptoBoringSSL/crypto/fipsmodule/armv4-mont-linux.linux.arm.S -o /Users/j/Documents/GitHub/MoneroOne/build/Build/Intermediates.noindex/swift-crypto.build/Debug-iphonesimulator/CCryptoBoringSSL.build/Objects-normal/arm64/armv4-mont-linux.linux.arm.o -index-unit-output-path /swift-crypto.build/Debug-iphonesimulator/CCryptoBoringSSL.build/Objects-normal/arm64/armv4-mont-linux.linux.arm.o

CompileC /Users/j/Documents/GitHub/MoneroOne/build/Build/Intermediates.noindex/swift-crypto.build/Debug-iphonesimulator/CCryptoBoringSSL.build/Objects-normal/arm64/armv4-mont-ios.ios.arm.o /Users/j/Documents/GitHub/MoneroOne/build/SourcePackages/checkouts/swift-crypto/Sources/CCryptoBoringSSL/crypto/fipsmodule/armv4-mont-ios.ios.arm.S normal arm64 assembler-with-cpp com.apple.compilers.llvm.clang.1_0.compiler (in target 'CCryptoBoringSSL' from project 'swift-crypto')
    cd /Users/j/Documents/GitHub/MoneroOne/MoneroOne.xcodeproj
    
    Using response file: /Users/j/Documents/GitHub/MoneroOne/build/Build/Intermediates.noindex/swift-crypto.build/Debug-iphonesimulator/CCryptoBoringSSL.build/Objects-normal/arm64/533656923a283fa776881f304837ed9e-common-args.resp
    
    /Applications/Xcode.app/Contents/Developer/Toolchains/XcodeDefault.xctoolchain/usr/bin/clang -x assembler-with-cpp -ivfsstatcache /Users/j/Documents/GitHub/MoneroOne/build/SDKStatCaches.noindex/iphonesimulator26.1-23B77-90cf18a4295e390e64c810bc6bd7acbc.sdkstatcache -fmessage-length\=0 -fdiagnostics-show-note-include-stack -fmacro-backtrace-limit\=0 -fno-color-diagnostics -fmodules-prune-interval\=86400 -fmodules-prune-after\=345600 -fbuild-session-file\=/Users/j/Documents/GitHub/MoneroOne/build/ModuleCache.noindex/Session.modulevalidation -fmodules-validate-once-per-build-session -Wnon-modular-include-in-framework-module -Werror\=non-modular-include-in-framework-module -Wno-trigraphs -Wno-missing-field-initializers -Wno-missing-prototypes -Wno-return-type -Wno-missing-braces -Wparentheses -Wswitch -Wno-unused-function -Wno-unused-label -Wno-unused-parameter -Wno-unused-variable -Wunused-value -Wno-empty-body -Wno-uninitialized -Wno-unknown-pragmas -w -Wno-shadow -Wno-four-char-constants -Wno-conversion -Wno-constant-conversion -Wno-int-conversion -Wno-bool-conversion -Wno-enum-conversion -Wno-float-conversion -Wno-non-literal-null-conversion -Wno-objc-literal-conversion -Wshorten-64-to-32 -Wno-newline-eof -Wno-implicit-fallthrough -fstrict-aliasing -Wdeprecated-declarations -Wno-sign-conversion -Wno-infinite-recursion -Wno-comma -Wno-block-capture-autoreleasing -Wno-strict-prototypes -Wno-semicolon-before-method-body -index-store-path /Users/j/Documents/GitHub/MoneroOne/build/Index.noindex/DataStore @/Users/j/Documents/GitHub/MoneroOne/build/Build/Intermediates.noindex/swift-crypto.build/Debug-iphonesimulator/CCryptoBoringSSL.build/Objects-normal/arm64/533656923a283fa776881f304837ed9e-common-args.resp -MMD -MT dependencies -MF /Users/j/Documents/GitHub/MoneroOne/build/Build/Intermediates.noindex/swift-crypto.build/Debug-iphonesimulator/CCryptoBoringSSL.build/Objects-normal/arm64/armv4-mont-ios.ios.arm.d --serialize-diagnostics /Users/j/Documents/GitHub/MoneroOne/build/Build/Intermediates.noindex/swift-crypto.build/Debug-iphonesimulator/CCryptoBoringSSL.build/Objects-normal/arm64/armv4-mont-ios.ios.arm.dia -c /Users/j/Documents/GitHub/MoneroOne/build/SourcePackages/checkouts/swift-crypto/Sources/CCryptoBoringSSL/crypto/fipsmodule/armv4-mont-ios.ios.arm.S -o /Users/j/Documents/GitHub/MoneroOne/build/Build/Intermediates.noindex/swift-crypto.build/Debug-iphonesimulator/CCryptoBoringSSL.build/Objects-normal/arm64/armv4-mont-ios.ios.arm.o -index-unit-output-path /swift-crypto.build/Debug-iphonesimulator/CCryptoBoringSSL.build/Objects-normal/arm64/armv4-mont-ios.ios.arm.o

CompileC /Users/j/Documents/GitHub/MoneroOne/build/Build/Intermediates.noindex/swift-crypto.build/Debug-iphonesimulator/CCryptoBoringSSL.build/Objects-normal/arm64/aesv8-gcm-armv8-linux.linux.aarch64.o /Users/j/Documents/GitHub/MoneroOne/build/SourcePackages/checkouts/swift-crypto/Sources/CCryptoBoringSSL/crypto/fipsmodule/aesv8-gcm-armv8-linux.linux.aarch64.S normal arm64 assembler-with-cpp com.apple.compilers.llvm.clang.1_0.compiler (in target 'CCryptoBoringSSL' from project 'swift-crypto')
    cd /Users/j/Documents/GitHub/MoneroOne/MoneroOne.xcodeproj
    
    Using response file: /Users/j/Documents/GitHub/MoneroOne/build/Build/Intermediates.noindex/swift-crypto.build/Debug-iphonesimulator/CCryptoBoringSSL.build/Objects-normal/arm64/533656923a283fa776881f304837ed9e-common-args.resp
    
    /Applications/Xcode.app/Contents/Developer/Toolchains/XcodeDefault.xctoolchain/usr/bin/clang -x assembler-with-cpp -ivfsstatcache /Users/j/Documents/GitHub/MoneroOne/build/SDKStatCaches.noindex/iphonesimulator26.1-23B77-90cf18a4295e390e64c810bc6bd7acbc.sdkstatcache -fmessage-length\=0 -fdiagnostics-show-note-include-stack -fmacro-backtrace-limit\=0 -fno-color-diagnostics -fmodules-prune-interval\=86400 -fmodules-prune-after\=345600 -fbuild-session-file\=/Users/j/Documents/GitHub/MoneroOne/build/ModuleCache.noindex/Session.modulevalidation -fmodules-validate-once-per-build-session -Wnon-modular-include-in-framework-module -Werror\=non-modular-include-in-framework-module -Wno-trigraphs -Wno-missing-field-initializers -Wno-missing-prototypes -Wno-return-type -Wno-missing-braces -Wparentheses -Wswitch -Wno-unused-function -Wno-unused-label -Wno-unused-parameter -Wno-unused-variable -Wunused-value -Wno-empty-body -Wno-uninitialized -Wno-unknown-pragmas -w -Wno-shadow -Wno-four-char-constants -Wno-conversion -Wno-constant-conversion -Wno-int-conversion -Wno-bool-conversion -Wno-enum-conversion -Wno-float-conversion -Wno-non-literal-null-conversion -Wno-objc-literal-conversion -Wshorten-64-to-32 -Wno-newline-eof -Wno-implicit-fallthrough -fstrict-aliasing -Wdeprecated-declarations -Wno-sign-conversion -Wno-infinite-recursion -Wno-comma -Wno-block-capture-autoreleasing -Wno-strict-prototypes -Wno-semicolon-before-method-body -index-store-path /Users/j/Documents/GitHub/MoneroOne/build/Index.noindex/DataStore @/Users/j/Documents/GitHub/MoneroOne/build/Build/Intermediates.noindex/swift-crypto.build/Debug-iphonesimulator/CCryptoBoringSSL.build/Objects-normal/arm64/533656923a283fa776881f304837ed9e-common-args.resp -MMD -MT dependencies -MF /Users/j/Documents/GitHub/MoneroOne/build/Build/Intermediates.noindex/swift-crypto.build/Debug-iphonesimulator/CCryptoBoringSSL.build/Objects-normal/arm64/aesv8-gcm-armv8-linux.linux.aarch64.d --serialize-diagnostics /Users/j/Documents/GitHub/MoneroOne/build/Build/Intermediates.noindex/swift-crypto.build/Debug-iphonesimulator/CCryptoBoringSSL.build/Objects-normal/arm64/aesv8-gcm-armv8-linux.linux.aarch64.dia -c /Users/j/Documents/GitHub/MoneroOne/build/SourcePackages/checkouts/swift-crypto/Sources/CCryptoBoringSSL/crypto/fipsmodule/aesv8-gcm-armv8-linux.linux.aarch64.S -o /Users/j/Documents/GitHub/MoneroOne/build/Build/Intermediates.noindex/swift-crypto.build/Debug-iphonesimulator/CCryptoBoringSSL.build/Objects-normal/arm64/aesv8-gcm-armv8-linux.linux.aarch64.o -index-unit-output-path /swift-crypto.build/Debug-iphonesimulator/CCryptoBoringSSL.build/Objects-normal/arm64/aesv8-gcm-armv8-linux.linux.aarch64.o

CompileC /Users/j/Documents/GitHub/MoneroOne/build/Build/Intermediates.noindex/swift-crypto.build/Debug-iphonesimulator/CCryptoBoringSSL.build/Objects-normal/arm64/aesv8-gcm-armv8-ios.ios.aarch64.o /Users/j/Documents/GitHub/MoneroOne/build/SourcePackages/checkouts/swift-crypto/Sources/CCryptoBoringSSL/crypto/fipsmodule/aesv8-gcm-armv8-ios.ios.aarch64.S normal arm64 assembler-with-cpp com.apple.compilers.llvm.clang.1_0.compiler (in target 'CCryptoBoringSSL' from project 'swift-crypto')
    cd /Users/j/Documents/GitHub/MoneroOne/MoneroOne.xcodeproj
    
    Using response file: /Users/j/Documents/GitHub/MoneroOne/build/Build/Intermediates.noindex/swift-crypto.build/Debug-iphonesimulator/CCryptoBoringSSL.build/Objects-normal/arm64/533656923a283fa776881f304837ed9e-common-args.resp
    
    /Applications/Xcode.app/Contents/Developer/Toolchains/XcodeDefault.xctoolchain/usr/bin/clang -x assembler-with-cpp -ivfsstatcache /Users/j/Documents/GitHub/MoneroOne/build/SDKStatCaches.noindex/iphonesimulator26.1-23B77-90cf18a4295e390e64c810bc6bd7acbc.sdkstatcache -fmessage-length\=0 -fdiagnostics-show-note-include-stack -fmacro-backtrace-limit\=0 -fno-color-diagnostics -fmodules-prune-interval\=86400 -fmodules-prune-after\=345600 -fbuild-session-file\=/Users/j/Documents/GitHub/MoneroOne/build/ModuleCache.noindex/Session.modulevalidation -fmodules-validate-once-per-build-session -Wnon-modular-include-in-framework-module -Werror\=non-modular-include-in-framework-module -Wno-trigraphs -Wno-missing-field-initializers -Wno-missing-prototypes -Wno-return-type -Wno-missing-braces -Wparentheses -Wswitch -Wno-unused-function -Wno-unused-label -Wno-unused-parameter -Wno-unused-variable -Wunused-value -Wno-empty-body -Wno-uninitialized -Wno-unknown-pragmas -w -Wno-shadow -Wno-four-char-constants -Wno-conversion -Wno-constant-conversion -Wno-int-conversion -Wno-bool-conversion -Wno-enum-conversion -Wno-float-conversion -Wno-non-literal-null-conversion -Wno-objc-literal-conversion -Wshorten-64-to-32 -Wno-newline-eof -Wno-implicit-fallthrough -fstrict-aliasing -Wdeprecated-declarations -Wno-sign-conversion -Wno-infinite-recursion -Wno-comma -Wno-block-capture-autoreleasing -Wno-strict-prototypes -Wno-semicolon-before-method-body -index-store-path /Users/j/Documents/GitHub/MoneroOne/build/Index.noindex/DataStore @/Users/j/Documents/GitHub/MoneroOne/build/Build/Intermediates.noindex/swift-crypto.build/Debug-iphonesimulator/CCryptoBoringSSL.build/Objects-normal/arm64/533656923a283fa776881f304837ed9e-common-args.resp -MMD -MT dependencies -MF /Users/j/Documents/GitHub/MoneroOne/build/Build/Intermediates.noindex/swift-crypto.build/Debug-iphonesimulator/CCryptoBoringSSL.build/Objects-normal/arm64/aesv8-gcm-armv8-ios.ios.aarch64.d --serialize-diagnostics /Users/j/Documents/GitHub/MoneroOne/build/Build/Intermediates.noindex/swift-crypto.build/Debug-iphonesimulator/CCryptoBoringSSL.build/Objects-normal/arm64/aesv8-gcm-armv8-ios.ios.aarch64.dia -c /Users/j/Documents/GitHub/MoneroOne/build/SourcePackages/checkouts/swift-crypto/Sources/CCryptoBoringSSL/crypto/fipsmodule/aesv8-gcm-armv8-ios.ios.aarch64.S -o /Users/j/Documents/GitHub/MoneroOne/build/Build/Intermediates.noindex/swift-crypto.build/Debug-iphonesimulator/CCryptoBoringSSL.build/Objects-normal/arm64/aesv8-gcm-armv8-ios.ios.aarch64.o -index-unit-output-path /swift-crypto.build/Debug-iphonesimulator/CCryptoBoringSSL.build/Objects-normal/arm64/aesv8-gcm-armv8-ios.ios.aarch64.o

CompileC /Users/j/Documents/GitHub/MoneroOne/build/Build/Intermediates.noindex/swift-crypto.build/Debug-iphonesimulator/CCryptoBoringSSL.build/Objects-normal/arm64/aesv8-armv8-linux.linux.aarch64.o /Users/j/Documents/GitHub/MoneroOne/build/SourcePackages/checkouts/swift-crypto/Sources/CCryptoBoringSSL/crypto/fipsmodule/aesv8-armv8-linux.linux.aarch64.S normal arm64 assembler-with-cpp com.apple.compilers.llvm.clang.1_0.compiler (in target 'CCryptoBoringSSL' from project 'swift-crypto')
    cd /Users/j/Documents/GitHub/MoneroOne/MoneroOne.xcodeproj
    
    Using response file: /Users/j/Documents/GitHub/MoneroOne/build/Build/Intermediates.noindex/swift-crypto.build/Debug-iphonesimulator/CCryptoBoringSSL.build/Objects-normal/arm64/533656923a283fa776881f304837ed9e-common-args.resp
    
    /Applications/Xcode.app/Contents/Developer/Toolchains/XcodeDefault.xctoolchain/usr/bin/clang -x assembler-with-cpp -ivfsstatcache /Users/j/Documents/GitHub/MoneroOne/build/SDKStatCaches.noindex/iphonesimulator26.1-23B77-90cf18a4295e390e64c810bc6bd7acbc.sdkstatcache -fmessage-length\=0 -fdiagnostics-show-note-include-stack -fmacro-backtrace-limit\=0 -fno-color-diagnostics -fmodules-prune-interval\=86400 -fmodules-prune-after\=345600 -fbuild-session-file\=/Users/j/Documents/GitHub/MoneroOne/build/ModuleCache.noindex/Session.modulevalidation -fmodules-validate-once-per-build-session -Wnon-modular-include-in-framework-module -Werror\=non-modular-include-in-framework-module -Wno-trigraphs -Wno-missing-field-initializers -Wno-missing-prototypes -Wno-return-type -Wno-missing-braces -Wparentheses -Wswitch -Wno-unused-function -Wno-unused-label -Wno-unused-parameter -Wno-unused-variable -Wunused-value -Wno-empty-body -Wno-uninitialized -Wno-unknown-pragmas -w -Wno-shadow -Wno-four-char-constants -Wno-conversion -Wno-constant-conversion -Wno-int-conversion -Wno-bool-conversion -Wno-enum-conversion -Wno-float-conversion -Wno-non-literal-null-conversion -Wno-objc-literal-conversion -Wshorten-64-to-32 -Wno-newline-eof -Wno-implicit-fallthrough -fstrict-aliasing -Wdeprecated-declarations -Wno-sign-conversion -Wno-infinite-recursion -Wno-comma -Wno-block-capture-autoreleasing -Wno-strict-prototypes -Wno-semicolon-before-method-body -index-store-path /Users/j/Documents/GitHub/MoneroOne/build/Index.noindex/DataStore @/Users/j/Documents/GitHub/MoneroOne/build/Build/Intermediates.noindex/swift-crypto.build/Debug-iphonesimulator/CCryptoBoringSSL.build/Objects-normal/arm64/533656923a283fa776881f304837ed9e-common-args.resp -MMD -MT dependencies -MF /Users/j/Documents/GitHub/MoneroOne/build/Build/Intermediates.noindex/swift-crypto.build/Debug-iphonesimulator/CCryptoBoringSSL.build/Objects-normal/arm64/aesv8-armv8-linux.linux.aarch64.d --serialize-diagnostics /Users/j/Documents/GitHub/MoneroOne/build/Build/Intermediates.noindex/swift-crypto.build/Debug-iphonesimulator/CCryptoBoringSSL.build/Objects-normal/arm64/aesv8-armv8-linux.linux.aarch64.dia -c /Users/j/Documents/GitHub/MoneroOne/build/SourcePackages/checkouts/swift-crypto/Sources/CCryptoBoringSSL/crypto/fipsmodule/aesv8-armv8-linux.linux.aarch64.S -o /Users/j/Documents/GitHub/MoneroOne/build/Build/Intermediates.noindex/swift-crypto.build/Debug-iphonesimulator/CCryptoBoringSSL.build/Objects-normal/arm64/aesv8-armv8-linux.linux.aarch64.o -index-unit-output-path /swift-crypto.build/Debug-iphonesimulator/CCryptoBoringSSL.build/Objects-normal/arm64/aesv8-armv8-linux.linux.aarch64.o

CompileC /Users/j/Documents/GitHub/MoneroOne/build/Build/Intermediates.noindex/swift-crypto.build/Debug-iphonesimulator/CCryptoBoringSSL.build/Objects-normal/arm64/aesv8-armv8-ios.ios.aarch64.o /Users/j/Documents/GitHub/MoneroOne/build/SourcePackages/checkouts/swift-crypto/Sources/CCryptoBoringSSL/crypto/fipsmodule/aesv8-armv8-ios.ios.aarch64.S normal arm64 assembler-with-cpp com.apple.compilers.llvm.clang.1_0.compiler (in target 'CCryptoBoringSSL' from project 'swift-crypto')
    cd /Users/j/Documents/GitHub/MoneroOne/MoneroOne.xcodeproj
    
    Using response file: /Users/j/Documents/GitHub/MoneroOne/build/Build/Intermediates.noindex/swift-crypto.build/Debug-iphonesimulator/CCryptoBoringSSL.build/Objects-normal/arm64/533656923a283fa776881f304837ed9e-common-args.resp
    
    /Applications/Xcode.app/Contents/Developer/Toolchains/XcodeDefault.xctoolchain/usr/bin/clang -x assembler-with-cpp -ivfsstatcache /Users/j/Documents/GitHub/MoneroOne/build/SDKStatCaches.noindex/iphonesimulator26.1-23B77-90cf18a4295e390e64c810bc6bd7acbc.sdkstatcache -fmessage-length\=0 -fdiagnostics-show-note-include-stack -fmacro-backtrace-limit\=0 -fno-color-diagnostics -fmodules-prune-interval\=86400 -fmodules-prune-after\=345600 -fbuild-session-file\=/Users/j/Documents/GitHub/MoneroOne/build/ModuleCache.noindex/Session.modulevalidation -fmodules-validate-once-per-build-session -Wnon-modular-include-in-framework-module -Werror\=non-modular-include-in-framework-module -Wno-trigraphs -Wno-missing-field-initializers -Wno-missing-prototypes -Wno-return-type -Wno-missing-braces -Wparentheses -Wswitch -Wno-unused-function -Wno-unused-label -Wno-unused-parameter -Wno-unused-variable -Wunused-value -Wno-empty-body -Wno-uninitialized -Wno-unknown-pragmas -w -Wno-shadow -Wno-four-char-constants -Wno-conversion -Wno-constant-conversion -Wno-int-conversion -Wno-bool-conversion -Wno-enum-conversion -Wno-float-conversion -Wno-non-literal-null-conversion -Wno-objc-literal-conversion -Wshorten-64-to-32 -Wno-newline-eof -Wno-implicit-fallthrough -fstrict-aliasing -Wdeprecated-declarations -Wno-sign-conversion -Wno-infinite-recursion -Wno-comma -Wno-block-capture-autoreleasing -Wno-strict-prototypes -Wno-semicolon-before-method-body -index-store-path /Users/j/Documents/GitHub/MoneroOne/build/Index.noindex/DataStore @/Users/j/Documents/GitHub/MoneroOne/build/Build/Intermediates.noindex/swift-crypto.build/Debug-iphonesimulator/CCryptoBoringSSL.build/Objects-normal/arm64/533656923a283fa776881f304837ed9e-common-args.resp -MMD -MT dependencies -MF /Users/j/Documents/GitHub/MoneroOne/build/Build/Intermediates.noindex/swift-crypto.build/Debug-iphonesimulator/CCryptoBoringSSL.build/Objects-normal/arm64/aesv8-armv8-ios.ios.aarch64.d --serialize-diagnostics /Users/j/Documents/GitHub/MoneroOne/build/Build/Intermediates.noindex/swift-crypto.build/Debug-iphonesimulator/CCryptoBoringSSL.build/Objects-normal/arm64/aesv8-armv8-ios.ios.aarch64.dia -c /Users/j/Documents/GitHub/MoneroOne/build/SourcePackages/checkouts/swift-crypto/Sources/CCryptoBoringSSL/crypto/fipsmodule/aesv8-armv8-ios.ios.aarch64.S -o /Users/j/Documents/GitHub/MoneroOne/build/Build/Intermediates.noindex/swift-crypto.build/Debug-iphonesimulator/CCryptoBoringSSL.build/Objects-normal/arm64/aesv8-armv8-ios.ios.aarch64.o -index-unit-output-path /swift-crypto.build/Debug-iphonesimulator/CCryptoBoringSSL.build/Objects-normal/arm64/aesv8-armv8-ios.ios.aarch64.o

CompileC /Users/j/Documents/GitHub/MoneroOne/build/Build/Intermediates.noindex/swift-crypto.build/Debug-iphonesimulator/CCryptoBoringSSL.build/Objects-normal/arm64/aesv8-armv7-linux.linux.arm.o /Users/j/Documents/GitHub/MoneroOne/build/SourcePackages/checkouts/swift-crypto/Sources/CCryptoBoringSSL/crypto/fipsmodule/aesv8-armv7-linux.linux.arm.S normal arm64 assembler-with-cpp com.apple.compilers.llvm.clang.1_0.compiler (in target 'CCryptoBoringSSL' from project 'swift-crypto')
    cd /Users/j/Documents/GitHub/MoneroOne/MoneroOne.xcodeproj
    
    Using response file: /Users/j/Documents/GitHub/MoneroOne/build/Build/Intermediates.noindex/swift-crypto.build/Debug-iphonesimulator/CCryptoBoringSSL.build/Objects-normal/arm64/533656923a283fa776881f304837ed9e-common-args.resp
    
    /Applications/Xcode.app/Contents/Developer/Toolchains/XcodeDefault.xctoolchain/usr/bin/clang -x assembler-with-cpp -ivfsstatcache /Users/j/Documents/GitHub/MoneroOne/build/SDKStatCaches.noindex/iphonesimulator26.1-23B77-90cf18a4295e390e64c810bc6bd7acbc.sdkstatcache -fmessage-length\=0 -fdiagnostics-show-note-include-stack -fmacro-backtrace-limit\=0 -fno-color-diagnostics -fmodules-prune-interval\=86400 -fmodules-prune-after\=345600 -fbuild-session-file\=/Users/j/Documents/GitHub/MoneroOne/build/ModuleCache.noindex/Session.modulevalidation -fmodules-validate-once-per-build-session -Wnon-modular-include-in-framework-module -Werror\=non-modular-include-in-framework-module -Wno-trigraphs -Wno-missing-field-initializers -Wno-missing-prototypes -Wno-return-type -Wno-missing-braces -Wparentheses -Wswitch -Wno-unused-function -Wno-unused-label -Wno-unused-parameter -Wno-unused-variable -Wunused-value -Wno-empty-body -Wno-uninitialized -Wno-unknown-pragmas -w -Wno-shadow -Wno-four-char-constants -Wno-conversion -Wno-constant-conversion -Wno-int-conversion -Wno-bool-conversion -Wno-enum-conversion -Wno-float-conversion -Wno-non-literal-null-conversion -Wno-objc-literal-conversion -Wshorten-64-to-32 -Wno-newline-eof -Wno-implicit-fallthrough -fstrict-aliasing -Wdeprecated-declarations -Wno-sign-conversion -Wno-infinite-recursion -Wno-comma -Wno-block-capture-autoreleasing -Wno-strict-prototypes -Wno-semicolon-before-method-body -index-store-path /Users/j/Documents/GitHub/MoneroOne/build/Index.noindex/DataStore @/Users/j/Documents/GitHub/MoneroOne/build/Build/Intermediates.noindex/swift-crypto.build/Debug-iphonesimulator/CCryptoBoringSSL.build/Objects-normal/arm64/533656923a283fa776881f304837ed9e-common-args.resp -MMD -MT dependencies -MF /Users/j/Documents/GitHub/MoneroOne/build/Build/Intermediates.noindex/swift-crypto.build/Debug-iphonesimulator/CCryptoBoringSSL.build/Objects-normal/arm64/aesv8-armv7-linux.linux.arm.d --serialize-diagnostics /Users/j/Documents/GitHub/MoneroOne/build/Build/Intermediates.noindex/swift-crypto.build/Debug-iphonesimulator/CCryptoBoringSSL.build/Objects-normal/arm64/aesv8-armv7-linux.linux.arm.dia -c /Users/j/Documents/GitHub/MoneroOne/build/SourcePackages/checkouts/swift-crypto/Sources/CCryptoBoringSSL/crypto/fipsmodule/aesv8-armv7-linux.linux.arm.S -o /Users/j/Documents/GitHub/MoneroOne/build/Build/Intermediates.noindex/swift-crypto.build/Debug-iphonesimulator/CCryptoBoringSSL.build/Objects-normal/arm64/aesv8-armv7-linux.linux.arm.o -index-unit-output-path /swift-crypto.build/Debug-iphonesimulator/CCryptoBoringSSL.build/Objects-normal/arm64/aesv8-armv7-linux.linux.arm.o

CompileC /Users/j/Documents/GitHub/MoneroOne/build/Build/Intermediates.noindex/swift-crypto.build/Debug-iphonesimulator/CCryptoBoringSSL.build/Objects-normal/arm64/aesv8-armv7-ios.ios.arm.o /Users/j/Documents/GitHub/MoneroOne/build/SourcePackages/checkouts/swift-crypto/Sources/CCryptoBoringSSL/crypto/fipsmodule/aesv8-armv7-ios.ios.arm.S normal arm64 assembler-with-cpp com.apple.compilers.llvm.clang.1_0.compiler (in target 'CCryptoBoringSSL' from project 'swift-crypto')
    cd /Users/j/Documents/GitHub/MoneroOne/MoneroOne.xcodeproj
    
    Using response file: /Users/j/Documents/GitHub/MoneroOne/build/Build/Intermediates.noindex/swift-crypto.build/Debug-iphonesimulator/CCryptoBoringSSL.build/Objects-normal/arm64/533656923a283fa776881f304837ed9e-common-args.resp
    
    /Applications/Xcode.app/Contents/Developer/Toolchains/XcodeDefault.xctoolchain/usr/bin/clang -x assembler-with-cpp -ivfsstatcache /Users/j/Documents/GitHub/MoneroOne/build/SDKStatCaches.noindex/iphonesimulator26.1-23B77-90cf18a4295e390e64c810bc6bd7acbc.sdkstatcache -fmessage-length\=0 -fdiagnostics-show-note-include-stack -fmacro-backtrace-limit\=0 -fno-color-diagnostics -fmodules-prune-interval\=86400 -fmodules-prune-after\=345600 -fbuild-session-file\=/Users/j/Documents/GitHub/MoneroOne/build/ModuleCache.noindex/Session.modulevalidation -fmodules-validate-once-per-build-session -Wnon-modular-include-in-framework-module -Werror\=non-modular-include-in-framework-module -Wno-trigraphs -Wno-missing-field-initializers -Wno-missing-prototypes -Wno-return-type -Wno-missing-braces -Wparentheses -Wswitch -Wno-unused-function -Wno-unused-label -Wno-unused-parameter -Wno-unused-variable -Wunused-value -Wno-empty-body -Wno-uninitialized -Wno-unknown-pragmas -w -Wno-shadow -Wno-four-char-constants -Wno-conversion -Wno-constant-conversion -Wno-int-conversion -Wno-bool-conversion -Wno-enum-conversion -Wno-float-conversion -Wno-non-literal-null-conversion -Wno-objc-literal-conversion -Wshorten-64-to-32 -Wno-newline-eof -Wno-implicit-fallthrough -fstrict-aliasing -Wdeprecated-declarations -Wno-sign-conversion -Wno-infinite-recursion -Wno-comma -Wno-block-capture-autoreleasing -Wno-strict-prototypes -Wno-semicolon-before-method-body -index-store-path /Users/j/Documents/GitHub/MoneroOne/build/Index.noindex/DataStore @/Users/j/Documents/GitHub/MoneroOne/build/Build/Intermediates.noindex/swift-crypto.build/Debug-iphonesimulator/CCryptoBoringSSL.build/Objects-normal/arm64/533656923a283fa776881f304837ed9e-common-args.resp -MMD -MT dependencies -MF /Users/j/Documents/GitHub/MoneroOne/build/Build/Intermediates.noindex/swift-crypto.build/Debug-iphonesimulator/CCryptoBoringSSL.build/Objects-normal/arm64/aesv8-armv7-ios.ios.arm.d --serialize-diagnostics /Users/j/Documents/GitHub/MoneroOne/build/Build/Intermediates.noindex/swift-crypto.build/Debug-iphonesimulator/CCryptoBoringSSL.build/Objects-normal/arm64/aesv8-armv7-ios.ios.arm.dia -c /Users/j/Documents/GitHub/MoneroOne/build/SourcePackages/checkouts/swift-crypto/Sources/CCryptoBoringSSL/crypto/fipsmodule/aesv8-armv7-ios.ios.arm.S -o /Users/j/Documents/GitHub/MoneroOne/build/Build/Intermediates.noindex/swift-crypto.build/Debug-iphonesimulator/CCryptoBoringSSL.build/Objects-normal/arm64/aesv8-armv7-ios.ios.arm.o -index-unit-output-path /swift-crypto.build/Debug-iphonesimulator/CCryptoBoringSSL.build/Objects-normal/arm64/aesv8-armv7-ios.ios.arm.o

CompileC /Users/j/Documents/GitHub/MoneroOne/build/Build/Intermediates.noindex/swift-crypto.build/Debug-iphonesimulator/CCryptoBoringSSL.build/Objects-normal/arm64/aesni-x86_64-mac.mac.x86_64.o /Users/j/Documents/GitHub/MoneroOne/build/SourcePackages/checkouts/swift-crypto/Sources/CCryptoBoringSSL/crypto/fipsmodule/aesni-x86_64-mac.mac.x86_64.S normal arm64 assembler-with-cpp com.apple.compilers.llvm.clang.1_0.compiler (in target 'CCryptoBoringSSL' from project 'swift-crypto')
    cd /Users/j/Documents/GitHub/MoneroOne/MoneroOne.xcodeproj
    
    Using response file: /Users/j/Documents/GitHub/MoneroOne/build/Build/Intermediates.noindex/swift-crypto.build/Debug-iphonesimulator/CCryptoBoringSSL.build/Objects-normal/arm64/533656923a283fa776881f304837ed9e-common-args.resp
    
    /Applications/Xcode.app/Contents/Developer/Toolchains/XcodeDefault.xctoolchain/usr/bin/clang -x assembler-with-cpp -ivfsstatcache /Users/j/Documents/GitHub/MoneroOne/build/SDKStatCaches.noindex/iphonesimulator26.1-23B77-90cf18a4295e390e64c810bc6bd7acbc.sdkstatcache -fmessage-length\=0 -fdiagnostics-show-note-include-stack -fmacro-backtrace-limit\=0 -fno-color-diagnostics -fmodules-prune-interval\=86400 -fmodules-prune-after\=345600 -fbuild-session-file\=/Users/j/Documents/GitHub/MoneroOne/build/ModuleCache.noindex/Session.modulevalidation -fmodules-validate-once-per-build-session -Wnon-modular-include-in-framework-module -Werror\=non-modular-include-in-framework-module -Wno-trigraphs -Wno-missing-field-initializers -Wno-missing-prototypes -Wno-return-type -Wno-missing-braces -Wparentheses -Wswitch -Wno-unused-function -Wno-unused-label -Wno-unused-parameter -Wno-unused-variable -Wunused-value -Wno-empty-body -Wno-uninitialized -Wno-unknown-pragmas -w -Wno-shadow -Wno-four-char-constants -Wno-conversion -Wno-constant-conversion -Wno-int-conversion -Wno-bool-conversion -Wno-enum-conversion -Wno-float-conversion -Wno-non-literal-null-conversion -Wno-objc-literal-conversion -Wshorten-64-to-32 -Wno-newline-eof -Wno-implicit-fallthrough -fstrict-aliasing -Wdeprecated-declarations -Wno-sign-conversion -Wno-infinite-recursion -Wno-comma -Wno-block-capture-autoreleasing -Wno-strict-prototypes -Wno-semicolon-before-method-body -index-store-path /Users/j/Documents/GitHub/MoneroOne/build/Index.noindex/DataStore @/Users/j/Documents/GitHub/MoneroOne/build/Build/Intermediates.noindex/swift-crypto.build/Debug-iphonesimulator/CCryptoBoringSSL.build/Objects-normal/arm64/533656923a283fa776881f304837ed9e-common-args.resp -MMD -MT dependencies -MF /Users/j/Documents/GitHub/MoneroOne/build/Build/Intermediates.noindex/swift-crypto.build/Debug-iphonesimulator/CCryptoBoringSSL.build/Objects-normal/arm64/aesni-x86_64-mac.mac.x86_64.d --serialize-diagnostics /Users/j/Documents/GitHub/MoneroOne/build/Build/Intermediates.noindex/swift-crypto.build/Debug-iphonesimulator/CCryptoBoringSSL.build/Objects-normal/arm64/aesni-x86_64-mac.mac.x86_64.dia -c /Users/j/Documents/GitHub/MoneroOne/build/SourcePackages/checkouts/swift-crypto/Sources/CCryptoBoringSSL/crypto/fipsmodule/aesni-x86_64-mac.mac.x86_64.S -o /Users/j/Documents/GitHub/MoneroOne/build/Build/Intermediates.noindex/swift-crypto.build/Debug-iphonesimulator/CCryptoBoringSSL.build/Objects-normal/arm64/aesni-x86_64-mac.mac.x86_64.o -index-unit-output-path /swift-crypto.build/Debug-iphonesimulator/CCryptoBoringSSL.build/Objects-normal/arm64/aesni-x86_64-mac.mac.x86_64.o

CompileC /Users/j/Documents/GitHub/MoneroOne/build/Build/Intermediates.noindex/swift-crypto.build/Debug-iphonesimulator/CCryptoBoringSSL.build/Objects-normal/arm64/aesni-x86_64-linux.linux.x86_64.o /Users/j/Documents/GitHub/MoneroOne/build/SourcePackages/checkouts/swift-crypto/Sources/CCryptoBoringSSL/crypto/fipsmodule/aesni-x86_64-linux.linux.x86_64.S normal arm64 assembler-with-cpp com.apple.compilers.llvm.clang.1_0.compiler (in target 'CCryptoBoringSSL' from project 'swift-crypto')
    cd /Users/j/Documents/GitHub/MoneroOne/MoneroOne.xcodeproj
    
    Using response file: /Users/j/Documents/GitHub/MoneroOne/build/Build/Intermediates.noindex/swift-crypto.build/Debug-iphonesimulator/CCryptoBoringSSL.build/Objects-normal/arm64/533656923a283fa776881f304837ed9e-common-args.resp
    
    /Applications/Xcode.app/Contents/Developer/Toolchains/XcodeDefault.xctoolchain/usr/bin/clang -x assembler-with-cpp -ivfsstatcache /Users/j/Documents/GitHub/MoneroOne/build/SDKStatCaches.noindex/iphonesimulator26.1-23B77-90cf18a4295e390e64c810bc6bd7acbc.sdkstatcache -fmessage-length\=0 -fdiagnostics-show-note-include-stack -fmacro-backtrace-limit\=0 -fno-color-diagnostics -fmodules-prune-interval\=86400 -fmodules-prune-after\=345600 -fbuild-session-file\=/Users/j/Documents/GitHub/MoneroOne/build/ModuleCache.noindex/Session.modulevalidation -fmodules-validate-once-per-build-session -Wnon-modular-include-in-framework-module -Werror\=non-modular-include-in-framework-module -Wno-trigraphs -Wno-missing-field-initializers -Wno-missing-prototypes -Wno-return-type -Wno-missing-braces -Wparentheses -Wswitch -Wno-unused-function -Wno-unused-label -Wno-unused-parameter -Wno-unused-variable -Wunused-value -Wno-empty-body -Wno-uninitialized -Wno-unknown-pragmas -w -Wno-shadow -Wno-four-char-constants -Wno-conversion -Wno-constant-conversion -Wno-int-conversion -Wno-bool-conversion -Wno-enum-conversion -Wno-float-conversion -Wno-non-literal-null-conversion -Wno-objc-literal-conversion -Wshorten-64-to-32 -Wno-newline-eof -Wno-implicit-fallthrough -fstrict-aliasing -Wdeprecated-declarations -Wno-sign-conversion -Wno-infinite-recursion -Wno-comma -Wno-block-capture-autoreleasing -Wno-strict-prototypes -Wno-semicolon-before-method-body -index-store-path /Users/j/Documents/GitHub/MoneroOne/build/Index.noindex/DataStore @/Users/j/Documents/GitHub/MoneroOne/build/Build/Intermediates.noindex/swift-crypto.build/Debug-iphonesimulator/CCryptoBoringSSL.build/Objects-normal/arm64/533656923a283fa776881f304837ed9e-common-args.resp -MMD -MT dependencies -MF /Users/j/Documents/GitHub/MoneroOne/build/Build/Intermediates.noindex/swift-crypto.build/Debug-iphonesimulator/CCryptoBoringSSL.build/Objects-normal/arm64/aesni-x86_64-linux.linux.x86_64.d --serialize-diagnostics /Users/j/Documents/GitHub/MoneroOne/build/Build/Intermediates.noindex/swift-crypto.build/Debug-iphonesimulator/CCryptoBoringSSL.build/Objects-normal/arm64/aesni-x86_64-linux.linux.x86_64.dia -c /Users/j/Documents/GitHub/MoneroOne/build/SourcePackages/checkouts/swift-crypto/Sources/CCryptoBoringSSL/crypto/fipsmodule/aesni-x86_64-linux.linux.x86_64.S -o /Users/j/Documents/GitHub/MoneroOne/build/Build/Intermediates.noindex/swift-crypto.build/Debug-iphonesimulator/CCryptoBoringSSL.build/Objects-normal/arm64/aesni-x86_64-linux.linux.x86_64.o -index-unit-output-path /swift-crypto.build/Debug-iphonesimulator/CCryptoBoringSSL.build/Objects-normal/arm64/aesni-x86_64-linux.linux.x86_64.o

CompileC /Users/j/Documents/GitHub/MoneroOne/build/Build/Intermediates.noindex/swift-crypto.build/Debug-iphonesimulator/CCryptoBoringSSL.build/Objects-normal/arm64/aesni-x86-windows.windows.x86.o /Users/j/Documents/GitHub/MoneroOne/build/SourcePackages/checkouts/swift-crypto/Sources/CCryptoBoringSSL/crypto/fipsmodule/aesni-x86-windows.windows.x86.S normal arm64 assembler-with-cpp com.apple.compilers.llvm.clang.1_0.compiler (in target 'CCryptoBoringSSL' from project 'swift-crypto')
    cd /Users/j/Documents/GitHub/MoneroOne/MoneroOne.xcodeproj
    
    Using response file: /Users/j/Documents/GitHub/MoneroOne/build/Build/Intermediates.noindex/swift-crypto.build/Debug-iphonesimulator/CCryptoBoringSSL.build/Objects-normal/arm64/533656923a283fa776881f304837ed9e-common-args.resp
    
    /Applications/Xcode.app/Contents/Developer/Toolchains/XcodeDefault.xctoolchain/usr/bin/clang -x assembler-with-cpp -ivfsstatcache /Users/j/Documents/GitHub/MoneroOne/build/SDKStatCaches.noindex/iphonesimulator26.1-23B77-90cf18a4295e390e64c810bc6bd7acbc.sdkstatcache -fmessage-length\=0 -fdiagnostics-show-note-include-stack -fmacro-backtrace-limit\=0 -fno-color-diagnostics -fmodules-prune-interval\=86400 -fmodules-prune-after\=345600 -fbuild-session-file\=/Users/j/Documents/GitHub/MoneroOne/build/ModuleCache.noindex/Session.modulevalidation -fmodules-validate-once-per-build-session -Wnon-modular-include-in-framework-module -Werror\=non-modular-include-in-framework-module -Wno-trigraphs -Wno-missing-field-initializers -Wno-missing-prototypes -Wno-return-type -Wno-missing-braces -Wparentheses -Wswitch -Wno-unused-function -Wno-unused-label -Wno-unused-parameter -Wno-unused-variable -Wunused-value -Wno-empty-body -Wno-uninitialized -Wno-unknown-pragmas -w -Wno-shadow -Wno-four-char-constants -Wno-conversion -Wno-constant-conversion -Wno-int-conversion -Wno-bool-conversion -Wno-enum-conversion -Wno-float-conversion -Wno-non-literal-null-conversion -Wno-objc-literal-conversion -Wshorten-64-to-32 -Wno-newline-eof -Wno-implicit-fallthrough -fstrict-aliasing -Wdeprecated-declarations -Wno-sign-conversion -Wno-infinite-recursion -Wno-comma -Wno-block-capture-autoreleasing -Wno-strict-prototypes -Wno-semicolon-before-method-body -index-store-path /Users/j/Documents/GitHub/MoneroOne/build/Index.noindex/DataStore @/Users/j/Documents/GitHub/MoneroOne/build/Build/Intermediates.noindex/swift-crypto.build/Debug-iphonesimulator/CCryptoBoringSSL.build/Objects-normal/arm64/533656923a283fa776881f304837ed9e-common-args.resp -MMD -MT dependencies -MF /Users/j/Documents/GitHub/MoneroOne/build/Build/Intermediates.noindex/swift-crypto.build/Debug-iphonesimulator/CCryptoBoringSSL.build/Objects-normal/arm64/aesni-x86-windows.windows.x86.d --serialize-diagnostics /Users/j/Documents/GitHub/MoneroOne/build/Build/Intermediates.noindex/swift-crypto.build/Debug-iphonesimulator/CCryptoBoringSSL.build/Objects-normal/arm64/aesni-x86-windows.windows.x86.dia -c /Users/j/Documents/GitHub/MoneroOne/build/SourcePackages/checkouts/swift-crypto/Sources/CCryptoBoringSSL/crypto/fipsmodule/aesni-x86-windows.windows.x86.S -o /Users/j/Documents/GitHub/MoneroOne/build/Build/Intermediates.noindex/swift-crypto.build/Debug-iphonesimulator/CCryptoBoringSSL.build/Objects-normal/arm64/aesni-x86-windows.windows.x86.o -index-unit-output-path /swift-crypto.build/Debug-iphonesimulator/CCryptoBoringSSL.build/Objects-normal/arm64/aesni-x86-windows.windows.x86.o

CompileC /Users/j/Documents/GitHub/MoneroOne/build/Build/Intermediates.noindex/swift-crypto.build/Debug-iphonesimulator/CCryptoBoringSSL.build/Objects-normal/arm64/aesni-x86-linux.linux.x86.o /Users/j/Documents/GitHub/MoneroOne/build/SourcePackages/checkouts/swift-crypto/Sources/CCryptoBoringSSL/crypto/fipsmodule/aesni-x86-linux.linux.x86.S normal arm64 assembler-with-cpp com.apple.compilers.llvm.clang.1_0.compiler (in target 'CCryptoBoringSSL' from project 'swift-crypto')
    cd /Users/j/Documents/GitHub/MoneroOne/MoneroOne.xcodeproj
    
    Using response file: /Users/j/Documents/GitHub/MoneroOne/build/Build/Intermediates.noindex/swift-crypto.build/Debug-iphonesimulator/CCryptoBoringSSL.build/Objects-normal/arm64/533656923a283fa776881f304837ed9e-common-args.resp
    
    /Applications/Xcode.app/Contents/Developer/Toolchains/XcodeDefault.xctoolchain/usr/bin/clang -x assembler-with-cpp -ivfsstatcache /Users/j/Documents/GitHub/MoneroOne/build/SDKStatCaches.noindex/iphonesimulator26.1-23B77-90cf18a4295e390e64c810bc6bd7acbc.sdkstatcache -fmessage-length\=0 -fdiagnostics-show-note-include-stack -fmacro-backtrace-limit\=0 -fno-color-diagnostics -fmodules-prune-interval\=86400 -fmodules-prune-after\=345600 -fbuild-session-file\=/Users/j/Documents/GitHub/MoneroOne/build/ModuleCache.noindex/Session.modulevalidation -fmodules-validate-once-per-build-session -Wnon-modular-include-in-framework-module -Werror\=non-modular-include-in-framework-module -Wno-trigraphs -Wno-missing-field-initializers -Wno-missing-prototypes -Wno-return-type -Wno-missing-braces -Wparentheses -Wswitch -Wno-unused-function -Wno-unused-label -Wno-unused-parameter -Wno-unused-variable -Wunused-value -Wno-empty-body -Wno-uninitialized -Wno-unknown-pragmas -w -Wno-shadow -Wno-four-char-constants -Wno-conversion -Wno-constant-conversion -Wno-int-conversion -Wno-bool-conversion -Wno-enum-conversion -Wno-float-conversion -Wno-non-literal-null-conversion -Wno-objc-literal-conversion -Wshorten-64-to-32 -Wno-newline-eof -Wno-implicit-fallthrough -fstrict-aliasing -Wdeprecated-declarations -Wno-sign-conversion -Wno-infinite-recursion -Wno-comma -Wno-block-capture-autoreleasing -Wno-strict-prototypes -Wno-semicolon-before-method-body -index-store-path /Users/j/Documents/GitHub/MoneroOne/build/Index.noindex/DataStore @/Users/j/Documents/GitHub/MoneroOne/build/Build/Intermediates.noindex/swift-crypto.build/Debug-iphonesimulator/CCryptoBoringSSL.build/Objects-normal/arm64/533656923a283fa776881f304837ed9e-common-args.resp -MMD -MT dependencies -MF /Users/j/Documents/GitHub/MoneroOne/build/Build/Intermediates.noindex/swift-crypto.build/Debug-iphonesimulator/CCryptoBoringSSL.build/Objects-normal/arm64/aesni-x86-linux.linux.x86.d --serialize-diagnostics /Users/j/Documents/GitHub/MoneroOne/build/Build/Intermediates.noindex/swift-crypto.build/Debug-iphonesimulator/CCryptoBoringSSL.build/Objects-normal/arm64/aesni-x86-linux.linux.x86.dia -c /Users/j/Documents/GitHub/MoneroOne/build/SourcePackages/checkouts/swift-crypto/Sources/CCryptoBoringSSL/crypto/fipsmodule/aesni-x86-linux.linux.x86.S -o /Users/j/Documents/GitHub/MoneroOne/build/Build/Intermediates.noindex/swift-crypto.build/Debug-iphonesimulator/CCryptoBoringSSL.build/Objects-normal/arm64/aesni-x86-linux.linux.x86.o -index-unit-output-path /swift-crypto.build/Debug-iphonesimulator/CCryptoBoringSSL.build/Objects-normal/arm64/aesni-x86-linux.linux.x86.o

CompileC /Users/j/Documents/GitHub/MoneroOne/build/Build/Intermediates.noindex/swift-crypto.build/Debug-iphonesimulator/CCryptoBoringSSL.build/Objects-normal/arm64/aesni-gcm-x86_64-mac.mac.x86_64.o /Users/j/Documents/GitHub/MoneroOne/build/SourcePackages/checkouts/swift-crypto/Sources/CCryptoBoringSSL/crypto/fipsmodule/aesni-gcm-x86_64-mac.mac.x86_64.S normal arm64 assembler-with-cpp com.apple.compilers.llvm.clang.1_0.compiler (in target 'CCryptoBoringSSL' from project 'swift-crypto')
    cd /Users/j/Documents/GitHub/MoneroOne/MoneroOne.xcodeproj
    
    Using response file: /Users/j/Documents/GitHub/MoneroOne/build/Build/Intermediates.noindex/swift-crypto.build/Debug-iphonesimulator/CCryptoBoringSSL.build/Objects-normal/arm64/533656923a283fa776881f304837ed9e-common-args.resp
    
    /Applications/Xcode.app/Contents/Developer/Toolchains/XcodeDefault.xctoolchain/usr/bin/clang -x assembler-with-cpp -ivfsstatcache /Users/j/Documents/GitHub/MoneroOne/build/SDKStatCaches.noindex/iphonesimulator26.1-23B77-90cf18a4295e390e64c810bc6bd7acbc.sdkstatcache -fmessage-length\=0 -fdiagnostics-show-note-include-stack -fmacro-backtrace-limit\=0 -fno-color-diagnostics -fmodules-prune-interval\=86400 -fmodules-prune-after\=345600 -fbuild-session-file\=/Users/j/Documents/GitHub/MoneroOne/build/ModuleCache.noindex/Session.modulevalidation -fmodules-validate-once-per-build-session -Wnon-modular-include-in-framework-module -Werror\=non-modular-include-in-framework-module -Wno-trigraphs -Wno-missing-field-initializers -Wno-missing-prototypes -Wno-return-type -Wno-missing-braces -Wparentheses -Wswitch -Wno-unused-function -Wno-unused-label -Wno-unused-parameter -Wno-unused-variable -Wunused-value -Wno-empty-body -Wno-uninitialized -Wno-unknown-pragmas -w -Wno-shadow -Wno-four-char-constants -Wno-conversion -Wno-constant-conversion -Wno-int-conversion -Wno-bool-conversion -Wno-enum-conversion -Wno-float-conversion -Wno-non-literal-null-conversion -Wno-objc-literal-conversion -Wshorten-64-to-32 -Wno-newline-eof -Wno-implicit-fallthrough -fstrict-aliasing -Wdeprecated-declarations -Wno-sign-conversion -Wno-infinite-recursion -Wno-comma -Wno-block-capture-autoreleasing -Wno-strict-prototypes -Wno-semicolon-before-method-body -index-store-path /Users/j/Documents/GitHub/MoneroOne/build/Index.noindex/DataStore @/Users/j/Documents/GitHub/MoneroOne/build/Build/Intermediates.noindex/swift-crypto.build/Debug-iphonesimulator/CCryptoBoringSSL.build/Objects-normal/arm64/533656923a283fa776881f304837ed9e-common-args.resp -MMD -MT dependencies -MF /Users/j/Documents/GitHub/MoneroOne/build/Build/Intermediates.noindex/swift-crypto.build/Debug-iphonesimulator/CCryptoBoringSSL.build/Objects-normal/arm64/aesni-gcm-x86_64-mac.mac.x86_64.d --serialize-diagnostics /Users/j/Documents/GitHub/MoneroOne/build/Build/Intermediates.noindex/swift-crypto.build/Debug-iphonesimulator/CCryptoBoringSSL.build/Objects-normal/arm64/aesni-gcm-x86_64-mac.mac.x86_64.dia -c /Users/j/Documents/GitHub/MoneroOne/build/SourcePackages/checkouts/swift-crypto/Sources/CCryptoBoringSSL/crypto/fipsmodule/aesni-gcm-x86_64-mac.mac.x86_64.S -o /Users/j/Documents/GitHub/MoneroOne/build/Build/Intermediates.noindex/swift-crypto.build/Debug-iphonesimulator/CCryptoBoringSSL.build/Objects-normal/arm64/aesni-gcm-x86_64-mac.mac.x86_64.o -index-unit-output-path /swift-crypto.build/Debug-iphonesimulator/CCryptoBoringSSL.build/Objects-normal/arm64/aesni-gcm-x86_64-mac.mac.x86_64.o

CompileC /Users/j/Documents/GitHub/MoneroOne/build/Build/Intermediates.noindex/swift-crypto.build/Debug-iphonesimulator/CCryptoBoringSSL.build/Objects-normal/arm64/aesni-gcm-x86_64-linux.linux.x86_64.o /Users/j/Documents/GitHub/MoneroOne/build/SourcePackages/checkouts/swift-crypto/Sources/CCryptoBoringSSL/crypto/fipsmodule/aesni-gcm-x86_64-linux.linux.x86_64.S normal arm64 assembler-with-cpp com.apple.compilers.llvm.clang.1_0.compiler (in target 'CCryptoBoringSSL' from project 'swift-crypto')
    cd /Users/j/Documents/GitHub/MoneroOne/MoneroOne.xcodeproj
    
    Using response file: /Users/j/Documents/GitHub/MoneroOne/build/Build/Intermediates.noindex/swift-crypto.build/Debug-iphonesimulator/CCryptoBoringSSL.build/Objects-normal/arm64/533656923a283fa776881f304837ed9e-common-args.resp
    
    /Applications/Xcode.app/Contents/Developer/Toolchains/XcodeDefault.xctoolchain/usr/bin/clang -x assembler-with-cpp -ivfsstatcache /Users/j/Documents/GitHub/MoneroOne/build/SDKStatCaches.noindex/iphonesimulator26.1-23B77-90cf18a4295e390e64c810bc6bd7acbc.sdkstatcache -fmessage-length\=0 -fdiagnostics-show-note-include-stack -fmacro-backtrace-limit\=0 -fno-color-diagnostics -fmodules-prune-interval\=86400 -fmodules-prune-after\=345600 -fbuild-session-file\=/Users/j/Documents/GitHub/MoneroOne/build/ModuleCache.noindex/Session.modulevalidation -fmodules-validate-once-per-build-session -Wnon-modular-include-in-framework-module -Werror\=non-modular-include-in-framework-module -Wno-trigraphs -Wno-missing-field-initializers -Wno-missing-prototypes -Wno-return-type -Wno-missing-braces -Wparentheses -Wswitch -Wno-unused-function -Wno-unused-label -Wno-unused-parameter -Wno-unused-variable -Wunused-value -Wno-empty-body -Wno-uninitialized -Wno-unknown-pragmas -w -Wno-shadow -Wno-four-char-constants -Wno-conversion -Wno-constant-conversion -Wno-int-conversion -Wno-bool-conversion -Wno-enum-conversion -Wno-float-conversion -Wno-non-literal-null-conversion -Wno-objc-literal-conversion -Wshorten-64-to-32 -Wno-newline-eof -Wno-implicit-fallthrough -fstrict-aliasing -Wdeprecated-declarations -Wno-sign-conversion -Wno-infinite-recursion -Wno-comma -Wno-block-capture-autoreleasing -Wno-strict-prototypes -Wno-semicolon-before-method-body -index-store-path /Users/j/Documents/GitHub/MoneroOne/build/Index.noindex/DataStore @/Users/j/Documents/GitHub/MoneroOne/build/Build/Intermediates.noindex/swift-crypto.build/Debug-iphonesimulator/CCryptoBoringSSL.build/Objects-normal/arm64/533656923a283fa776881f304837ed9e-common-args.resp -MMD -MT dependencies -MF /Users/j/Documents/GitHub/MoneroOne/build/Build/Intermediates.noindex/swift-crypto.build/Debug-iphonesimulator/CCryptoBoringSSL.build/Objects-normal/arm64/aesni-gcm-x86_64-linux.linux.x86_64.d --serialize-diagnostics /Users/j/Documents/GitHub/MoneroOne/build/Build/Intermediates.noindex/swift-crypto.build/Debug-iphonesimulator/CCryptoBoringSSL.build/Objects-normal/arm64/aesni-gcm-x86_64-linux.linux.x86_64.dia -c /Users/j/Documents/GitHub/MoneroOne/build/SourcePackages/checkouts/swift-crypto/Sources/CCryptoBoringSSL/crypto/fipsmodule/aesni-gcm-x86_64-linux.linux.x86_64.S -o /Users/j/Documents/GitHub/MoneroOne/build/Build/Intermediates.noindex/swift-crypto.build/Debug-iphonesimulator/CCryptoBoringSSL.build/Objects-normal/arm64/aesni-gcm-x86_64-linux.linux.x86_64.o -index-unit-output-path /swift-crypto.build/Debug-iphonesimulator/CCryptoBoringSSL.build/Objects-normal/arm64/aesni-gcm-x86_64-linux.linux.x86_64.o

CompileC /Users/j/Documents/GitHub/MoneroOne/build/Build/Intermediates.noindex/swift-crypto.build/Debug-iphonesimulator/CCryptoBoringSSL.build/Objects-normal/arm64/aes128gcmsiv-x86_64-mac.mac.x86_64.o /Users/j/Documents/GitHub/MoneroOne/build/SourcePackages/checkouts/swift-crypto/Sources/CCryptoBoringSSL/crypto/cipher_extra/aes128gcmsiv-x86_64-mac.mac.x86_64.S normal arm64 assembler-with-cpp com.apple.compilers.llvm.clang.1_0.compiler (in target 'CCryptoBoringSSL' from project 'swift-crypto')
    cd /Users/j/Documents/GitHub/MoneroOne/MoneroOne.xcodeproj
    
    Using response file: /Users/j/Documents/GitHub/MoneroOne/build/Build/Intermediates.noindex/swift-crypto.build/Debug-iphonesimulator/CCryptoBoringSSL.build/Objects-normal/arm64/533656923a283fa776881f304837ed9e-common-args.resp
    
    /Applications/Xcode.app/Contents/Developer/Toolchains/XcodeDefault.xctoolchain/usr/bin/clang -x assembler-with-cpp -ivfsstatcache /Users/j/Documents/GitHub/MoneroOne/build/SDKStatCaches.noindex/iphonesimulator26.1-23B77-90cf18a4295e390e64c810bc6bd7acbc.sdkstatcache -fmessage-length\=0 -fdiagnostics-show-note-include-stack -fmacro-backtrace-limit\=0 -fno-color-diagnostics -fmodules-prune-interval\=86400 -fmodules-prune-after\=345600 -fbuild-session-file\=/Users/j/Documents/GitHub/MoneroOne/build/ModuleCache.noindex/Session.modulevalidation -fmodules-validate-once-per-build-session -Wnon-modular-include-in-framework-module -Werror\=non-modular-include-in-framework-module -Wno-trigraphs -Wno-missing-field-initializers -Wno-missing-prototypes -Wno-return-type -Wno-missing-braces -Wparentheses -Wswitch -Wno-unused-function -Wno-unused-label -Wno-unused-parameter -Wno-unused-variable -Wunused-value -Wno-empty-body -Wno-uninitialized -Wno-unknown-pragmas -w -Wno-shadow -Wno-four-char-constants -Wno-conversion -Wno-constant-conversion -Wno-int-conversion -Wno-bool-conversion -Wno-enum-conversion -Wno-float-conversion -Wno-non-literal-null-conversion -Wno-objc-literal-conversion -Wshorten-64-to-32 -Wno-newline-eof -Wno-implicit-fallthrough -fstrict-aliasing -Wdeprecated-declarations -Wno-sign-conversion -Wno-infinite-recursion -Wno-comma -Wno-block-capture-autoreleasing -Wno-strict-prototypes -Wno-semicolon-before-method-body -index-store-path /Users/j/Documents/GitHub/MoneroOne/build/Index.noindex/DataStore @/Users/j/Documents/GitHub/MoneroOne/build/Build/Intermediates.noindex/swift-crypto.build/Debug-iphonesimulator/CCryptoBoringSSL.build/Objects-normal/arm64/533656923a283fa776881f304837ed9e-common-args.resp -MMD -MT dependencies -MF /Users/j/Documents/GitHub/MoneroOne/build/Build/Intermediates.noindex/swift-crypto.build/Debug-iphonesimulator/CCryptoBoringSSL.build/Objects-normal/arm64/aes128gcmsiv-x86_64-mac.mac.x86_64.d --serialize-diagnostics /Users/j/Documents/GitHub/MoneroOne/build/Build/Intermediates.noindex/swift-crypto.build/Debug-iphonesimulator/CCryptoBoringSSL.build/Objects-normal/arm64/aes128gcmsiv-x86_64-mac.mac.x86_64.dia -c /Users/j/Documents/GitHub/MoneroOne/build/SourcePackages/checkouts/swift-crypto/Sources/CCryptoBoringSSL/crypto/cipher_extra/aes128gcmsiv-x86_64-mac.mac.x86_64.S -o /Users/j/Documents/GitHub/MoneroOne/build/Build/Intermediates.noindex/swift-crypto.build/Debug-iphonesimulator/CCryptoBoringSSL.build/Objects-normal/arm64/aes128gcmsiv-x86_64-mac.mac.x86_64.o -index-unit-output-path /swift-crypto.build/Debug-iphonesimulator/CCryptoBoringSSL.build/Objects-normal/arm64/aes128gcmsiv-x86_64-mac.mac.x86_64.o

CompileC /Users/j/Documents/GitHub/MoneroOne/build/Build/Intermediates.noindex/swift-crypto.build/Debug-iphonesimulator/CCryptoBoringSSL.build/Objects-normal/arm64/aes128gcmsiv-x86_64-linux.linux.x86_64.o /Users/j/Documents/GitHub/MoneroOne/build/SourcePackages/checkouts/swift-crypto/Sources/CCryptoBoringSSL/crypto/cipher_extra/aes128gcmsiv-x86_64-linux.linux.x86_64.S normal arm64 assembler-with-cpp com.apple.compilers.llvm.clang.1_0.compiler (in target 'CCryptoBoringSSL' from project 'swift-crypto')
    cd /Users/j/Documents/GitHub/MoneroOne/MoneroOne.xcodeproj
    
    Using response file: /Users/j/Documents/GitHub/MoneroOne/build/Build/Intermediates.noindex/swift-crypto.build/Debug-iphonesimulator/CCryptoBoringSSL.build/Objects-normal/arm64/533656923a283fa776881f304837ed9e-common-args.resp
    
    /Applications/Xcode.app/Contents/Developer/Toolchains/XcodeDefault.xctoolchain/usr/bin/clang -x assembler-with-cpp -ivfsstatcache /Users/j/Documents/GitHub/MoneroOne/build/SDKStatCaches.noindex/iphonesimulator26.1-23B77-90cf18a4295e390e64c810bc6bd7acbc.sdkstatcache -fmessage-length\=0 -fdiagnostics-show-note-include-stack -fmacro-backtrace-limit\=0 -fno-color-diagnostics -fmodules-prune-interval\=86400 -fmodules-prune-after\=345600 -fbuild-session-file\=/Users/j/Documents/GitHub/MoneroOne/build/ModuleCache.noindex/Session.modulevalidation -fmodules-validate-once-per-build-session -Wnon-modular-include-in-framework-module -Werror\=non-modular-include-in-framework-module -Wno-trigraphs -Wno-missing-field-initializers -Wno-missing-prototypes -Wno-return-type -Wno-missing-braces -Wparentheses -Wswitch -Wno-unused-function -Wno-unused-label -Wno-unused-parameter -Wno-unused-variable -Wunused-value -Wno-empty-body -Wno-uninitialized -Wno-unknown-pragmas -w -Wno-shadow -Wno-four-char-constants -Wno-conversion -Wno-constant-conversion -Wno-int-conversion -Wno-bool-conversion -Wno-enum-conversion -Wno-float-conversion -Wno-non-literal-null-conversion -Wno-objc-literal-conversion -Wshorten-64-to-32 -Wno-newline-eof -Wno-implicit-fallthrough -fstrict-aliasing -Wdeprecated-declarations -Wno-sign-conversion -Wno-infinite-recursion -Wno-comma -Wno-block-capture-autoreleasing -Wno-strict-prototypes -Wno-semicolon-before-method-body -index-store-path /Users/j/Documents/GitHub/MoneroOne/build/Index.noindex/DataStore @/Users/j/Documents/GitHub/MoneroOne/build/Build/Intermediates.noindex/swift-crypto.build/Debug-iphonesimulator/CCryptoBoringSSL.build/Objects-normal/arm64/533656923a283fa776881f304837ed9e-common-args.resp -MMD -MT dependencies -MF /Users/j/Documents/GitHub/MoneroOne/build/Build/Intermediates.noindex/swift-crypto.build/Debug-iphonesimulator/CCryptoBoringSSL.build/Objects-normal/arm64/aes128gcmsiv-x86_64-linux.linux.x86_64.d --serialize-diagnostics /Users/j/Documents/GitHub/MoneroOne/build/Build/Intermediates.noindex/swift-crypto.build/Debug-iphonesimulator/CCryptoBoringSSL.build/Objects-normal/arm64/aes128gcmsiv-x86_64-linux.linux.x86_64.dia -c /Users/j/Documents/GitHub/MoneroOne/build/SourcePackages/checkouts/swift-crypto/Sources/CCryptoBoringSSL/crypto/cipher_extra/aes128gcmsiv-x86_64-linux.linux.x86_64.S -o /Users/j/Documents/GitHub/MoneroOne/build/Build/Intermediates.noindex/swift-crypto.build/Debug-iphonesimulator/CCryptoBoringSSL.build/Objects-normal/arm64/aes128gcmsiv-x86_64-linux.linux.x86_64.o -index-unit-output-path /swift-crypto.build/Debug-iphonesimulator/CCryptoBoringSSL.build/Objects-normal/arm64/aes128gcmsiv-x86_64-linux.linux.x86_64.o

PrecompileModule /Users/j/Documents/GitHub/MoneroOne/build/Build/Intermediates.noindex/ExplicitPrecompiledModules/_Builtin_stdarg-1VTJB5IEXY7A1MFCREOZG9ZCO.scan
    cd /
    builtin-precompileModule /Users/j/Documents/GitHub/MoneroOne/build/Build/Intermediates.noindex/ExplicitPrecompiledModules/_Builtin_stdarg-1VTJB5IEXY7A1MFCREOZG9ZCO.scan

PrecompileModule /Users/j/Documents/GitHub/MoneroOne/build/Build/Intermediates.noindex/ExplicitPrecompiledModules/_Builtin_stdarg-3TRAT1DMI9EDS10NDTYECHNJ1.scan
    cd /
    builtin-precompileModule /Users/j/Documents/GitHub/MoneroOne/build/Build/Intermediates.noindex/ExplicitPrecompiledModules/_Builtin_stdarg-3TRAT1DMI9EDS10NDTYECHNJ1.scan

PrecompileModule /Users/j/Documents/GitHub/MoneroOne/build/Build/Intermediates.noindex/ExplicitPrecompiledModules/_Builtin_stddef-6CHN2016SAR2UBE0JL39CPJV.scan
    cd /
    builtin-precompileModule /Users/j/Documents/GitHub/MoneroOne/build/Build/Intermediates.noindex/ExplicitPrecompiledModules/_Builtin_stddef-6CHN2016SAR2UBE0JL39CPJV.scan

PrecompileModule /Users/j/Documents/GitHub/MoneroOne/build/Build/Intermediates.noindex/ExplicitPrecompiledModules/_Builtin_stdarg-4PUMSXDCSA757AIV0PDQNRYEO.scan
    cd /
    builtin-precompileModule /Users/j/Documents/GitHub/MoneroOne/build/Build/Intermediates.noindex/ExplicitPrecompiledModules/_Builtin_stdarg-4PUMSXDCSA757AIV0PDQNRYEO.scan

PrecompileModule /Users/j/Documents/GitHub/MoneroOne/build/Build/Intermediates.noindex/ExplicitPrecompiledModules/ptrcheck-6VNXC7NQQ09EKT1MNPFQD0QBP.scan
    cd /
    builtin-precompileModule /Users/j/Documents/GitHub/MoneroOne/build/Build/Intermediates.noindex/ExplicitPrecompiledModules/ptrcheck-6VNXC7NQQ09EKT1MNPFQD0QBP.scan

PrecompileModule /Users/j/Documents/GitHub/MoneroOne/build/Build/Intermediates.noindex/ExplicitPrecompiledModules/_AvailabilityInternal-D662F0WDN02A226VDMV3FPG3O.scan
    cd /
    builtin-precompileModule /Users/j/Documents/GitHub/MoneroOne/build/Build/Intermediates.noindex/ExplicitPrecompiledModules/_AvailabilityInternal-D662F0WDN02A226VDMV3FPG3O.scan

PrecompileModule /Users/j/Documents/GitHub/MoneroOne/build/Build/Intermediates.noindex/ExplicitPrecompiledModules/_Builtin_stddef-CI6E4MFWNQ1FPLFHWGYUYADL5.scan
    cd /
    builtin-precompileModule /Users/j/Documents/GitHub/MoneroOne/build/Build/Intermediates.noindex/ExplicitPrecompiledModules/_Builtin_stddef-CI6E4MFWNQ1FPLFHWGYUYADL5.scan

PrecompileModule /Users/j/Documents/GitHub/MoneroOne/build/Build/Intermediates.noindex/ExplicitPrecompiledModules/_AvailabilityInternal-O44NLSY7VLVOPS8HKW2VDT0K.scan
    cd /
    builtin-precompileModule /Users/j/Documents/GitHub/MoneroOne/build/Build/Intermediates.noindex/ExplicitPrecompiledModules/_AvailabilityInternal-O44NLSY7VLVOPS8HKW2VDT0K.scan

PrecompileModule /Users/j/Documents/GitHub/MoneroOne/build/Build/Intermediates.noindex/ExplicitPrecompiledModules/_AvailabilityInternal-2692S8EC6SHOJOHYVVMY0QR6N.scan
    cd /
    builtin-precompileModule /Users/j/Documents/GitHub/MoneroOne/build/Build/Intermediates.noindex/ExplicitPrecompiledModules/_AvailabilityInternal-2692S8EC6SHOJOHYVVMY0QR6N.scan

PrecompileModule /Users/j/Documents/GitHub/MoneroOne/build/Build/Intermediates.noindex/ExplicitPrecompiledModules/ptrcheck-4FS926HR7U4SU2UDZJ2P7ZY73.scan
    cd /
    builtin-precompileModule /Users/j/Documents/GitHub/MoneroOne/build/Build/Intermediates.noindex/ExplicitPrecompiledModules/ptrcheck-4FS926HR7U4SU2UDZJ2P7ZY73.scan

PrecompileModule /Users/j/Documents/GitHub/MoneroOne/build/Build/Intermediates.noindex/ExplicitPrecompiledModules/_Builtin_stddef-BAELAVILLGOI7D3OCAKGBSS66.scan
    cd /
    builtin-precompileModule /Users/j/Documents/GitHub/MoneroOne/build/Build/Intermediates.noindex/ExplicitPrecompiledModules/_Builtin_stddef-BAELAVILLGOI7D3OCAKGBSS66.scan

PrecompileModule /Users/j/Documents/GitHub/MoneroOne/build/Build/Intermediates.noindex/ExplicitPrecompiledModules/ptrcheck-6RHHCCNHSWXO793FBV5A3DFRV.scan
    cd /
    builtin-precompileModule /Users/j/Documents/GitHub/MoneroOne/build/Build/Intermediates.noindex/ExplicitPrecompiledModules/ptrcheck-6RHHCCNHSWXO793FBV5A3DFRV.scan

PrecompileModule /Users/j/Documents/GitHub/MoneroOne/build/Build/Intermediates.noindex/ExplicitPrecompiledModules/_Builtin_stddef-AOVIRNHGLMQVLJYO2LRT6MFO4.scan
    cd /
    builtin-precompileModule /Users/j/Documents/GitHub/MoneroOne/build/Build/Intermediates.noindex/ExplicitPrecompiledModules/_Builtin_stddef-AOVIRNHGLMQVLJYO2LRT6MFO4.scan

PrecompileModule /Users/j/Documents/GitHub/MoneroOne/build/Build/Intermediates.noindex/ExplicitPrecompiledModules/ptrcheck-98JITIF227YG4VRURVKUB7FAG.scan
    cd /
    builtin-precompileModule /Users/j/Documents/GitHub/MoneroOne/build/Build/Intermediates.noindex/ExplicitPrecompiledModules/ptrcheck-98JITIF227YG4VRURVKUB7FAG.scan

PrecompileModule /Users/j/Documents/GitHub/MoneroOne/build/Build/Intermediates.noindex/ExplicitPrecompiledModules/_AvailabilityInternal-BQMIIQ9LI389ZZLNA7BFNLEIZ.scan
    cd /
    builtin-precompileModule /Users/j/Documents/GitHub/MoneroOne/build/Build/Intermediates.noindex/ExplicitPrecompiledModules/_AvailabilityInternal-BQMIIQ9LI389ZZLNA7BFNLEIZ.scan

PrecompileModule /Users/j/Documents/GitHub/MoneroOne/build/Build/Intermediates.noindex/ExplicitPrecompiledModules/_Builtin_stdbool-22CEKR0QD693NPMM1X7Q3ALOD.scan
    cd /
    builtin-precompileModule /Users/j/Documents/GitHub/MoneroOne/build/Build/Intermediates.noindex/ExplicitPrecompiledModules/_Builtin_stdbool-22CEKR0QD693NPMM1X7Q3ALOD.scan

PrecompileModule /Users/j/Documents/GitHub/MoneroOne/build/Build/Intermediates.noindex/ExplicitPrecompiledModules/_Builtin_stdarg-2O1VMZOMLMHZ4P2E14KC3E1VB.scan
    cd /
    builtin-precompileModule /Users/j/Documents/GitHub/MoneroOne/build/Build/Intermediates.noindex/ExplicitPrecompiledModules/_Builtin_stdarg-2O1VMZOMLMHZ4P2E14KC3E1VB.scan

SwiftCompile normal arm64 Compiling\ HashDigest.swift,\ PrettyBytes.swift /Users/j/Documents/GitHub/MoneroOne/build/SourcePackages/checkouts/secp256k1.swift/Sources/secp256k1/HashDigest.swift /Users/j/Documents/GitHub/MoneroOne/build/SourcePackages/checkouts/secp256k1.swift/Sources/secp256k1/PrettyBytes.swift (in target 'secp256k1' from project 'secp256k1')
SwiftCompile normal arm64 /Users/j/Documents/GitHub/MoneroOne/build/SourcePackages/checkouts/secp256k1.swift/Sources/secp256k1/HashDigest.swift (in target 'secp256k1' from project 'secp256k1')
    cd /Users/j/Documents/GitHub/MoneroOne/MoneroOne.xcodeproj
    

SwiftCompile normal arm64 /Users/j/Documents/GitHub/MoneroOne/build/SourcePackages/checkouts/secp256k1.swift/Sources/secp256k1/PrettyBytes.swift (in target 'secp256k1' from project 'secp256k1')
    cd /Users/j/Documents/GitHub/MoneroOne/MoneroOne.xcodeproj
    

SwiftCompile normal arm64 Compiling\ ECDSA.swift,\ EdDSA.swift /Users/j/Documents/GitHub/MoneroOne/build/SourcePackages/checkouts/secp256k1.swift/Sources/secp256k1/ECDSA.swift /Users/j/Documents/GitHub/MoneroOne/build/SourcePackages/checkouts/secp256k1.swift/Sources/secp256k1/EdDSA.swift (in target 'secp256k1' from project 'secp256k1')
SwiftCompile normal arm64 /Users/j/Documents/GitHub/MoneroOne/build/SourcePackages/checkouts/secp256k1.swift/Sources/secp256k1/ECDSA.swift (in target 'secp256k1' from project 'secp256k1')
    cd /Users/j/Documents/GitHub/MoneroOne/MoneroOne.xcodeproj
    

SwiftCompile normal arm64 /Users/j/Documents/GitHub/MoneroOne/build/SourcePackages/checkouts/secp256k1.swift/Sources/secp256k1/EdDSA.swift (in target 'secp256k1' from project 'secp256k1')
    cd /Users/j/Documents/GitHub/MoneroOne/MoneroOne.xcodeproj
    

PrecompileModule /Users/j/Documents/GitHub/MoneroOne/build/Build/Intermediates.noindex/ExplicitPrecompiledModules/_DarwinFoundation1-B79445P23D6NQPY1IU3S5QDCT.scan
    cd /
    builtin-precompileModule /Users/j/Documents/GitHub/MoneroOne/build/Build/Intermediates.noindex/ExplicitPrecompiledModules/_DarwinFoundation1-B79445P23D6NQPY1IU3S5QDCT.scan

PrecompileModule /Users/j/Documents/GitHub/MoneroOne/build/Build/Intermediates.noindex/ExplicitPrecompiledModules/_DarwinFoundation1-C9VJYWN17QFJ8I4FU33ZMXKXU.scan
    cd /
    builtin-precompileModule /Users/j/Documents/GitHub/MoneroOne/build/Build/Intermediates.noindex/ExplicitPrecompiledModules/_DarwinFoundation1-C9VJYWN17QFJ8I4FU33ZMXKXU.scan

SwiftCompile normal arm64 Compiling\ secp256k1.swift /Users/j/Documents/GitHub/MoneroOne/build/SourcePackages/checkouts/secp256k1.swift/Sources/secp256k1/secp256k1.swift (in target 'secp256k1' from project 'secp256k1')
SwiftCompile normal arm64 /Users/j/Documents/GitHub/MoneroOne/build/SourcePackages/checkouts/secp256k1.swift/Sources/secp256k1/secp256k1.swift (in target 'secp256k1' from project 'secp256k1')
    cd /Users/j/Documents/GitHub/MoneroOne/MoneroOne.xcodeproj
    

SwiftCompile normal arm64 Compiling\ Signature.swift,\ Tweak.swift /Users/j/Documents/GitHub/MoneroOne/build/SourcePackages/checkouts/secp256k1.swift/Sources/secp256k1/Signature.swift /Users/j/Documents/GitHub/MoneroOne/build/SourcePackages/checkouts/secp256k1.swift/Sources/secp256k1/Tweak.swift (in target 'secp256k1' from project 'secp256k1')

SwiftCompile normal arm64 /Users/j/Documents/GitHub/MoneroOne/build/SourcePackages/checkouts/secp256k1.swift/Sources/secp256k1/Signature.swift (in target 'secp256k1' from project 'secp256k1')
    cd /Users/j/Documents/GitHub/MoneroOne/MoneroOne.xcodeproj
    

SwiftCompile normal arm64 /Users/j/Documents/GitHub/MoneroOne/build/SourcePackages/checkouts/secp256k1.swift/Sources/secp256k1/Tweak.swift (in target 'secp256k1' from project 'secp256k1')
    cd /Users/j/Documents/GitHub/MoneroOne/MoneroOne.xcodeproj
    

PrecompileModule /Users/j/Documents/GitHub/MoneroOne/build/Build/Intermediates.noindex/ExplicitPrecompiledModules/_DarwinFoundation1-6ZM4AS3GLN3AEXO45TLW4NMH1.scan
    cd /
    builtin-precompileModule /Users/j/Documents/GitHub/MoneroOne/build/Build/Intermediates.noindex/ExplicitPrecompiledModules/_DarwinFoundation1-6ZM4AS3GLN3AEXO45TLW4NMH1.scan

SwiftCompile normal arm64 Compiling\ Digest.swift,\ ECDH.swift /Users/j/Documents/GitHub/MoneroOne/build/SourcePackages/checkouts/secp256k1.swift/Sources/secp256k1/Digest.swift /Users/j/Documents/GitHub/MoneroOne/build/SourcePackages/checkouts/secp256k1.swift/Sources/secp256k1/ECDH.swift (in target 'secp256k1' from project 'secp256k1')

SwiftCompile normal arm64 /Users/j/Documents/GitHub/MoneroOne/build/SourcePackages/checkouts/secp256k1.swift/Sources/secp256k1/Digest.swift (in target 'secp256k1' from project 'secp256k1')
    cd /Users/j/Documents/GitHub/MoneroOne/MoneroOne.xcodeproj
    

SwiftCompile normal arm64 /Users/j/Documents/GitHub/MoneroOne/build/SourcePackages/checkouts/secp256k1.swift/Sources/secp256k1/ECDH.swift (in target 'secp256k1' from project 'secp256k1')
    cd /Users/j/Documents/GitHub/MoneroOne/MoneroOne.xcodeproj
    

SwiftCompile normal arm64 Compiling\ SHA256.swift,\ SafeCompare.swift /Users/j/Documents/GitHub/MoneroOne/build/SourcePackages/checkouts/secp256k1.swift/Sources/secp256k1/SHA256.swift /Users/j/Documents/GitHub/MoneroOne/build/SourcePackages/checkouts/secp256k1.swift/Sources/secp256k1/SafeCompare.swift (in target 'secp256k1' from project 'secp256k1')

SwiftCompile normal arm64 /Users/j/Documents/GitHub/MoneroOne/build/SourcePackages/checkouts/secp256k1.swift/Sources/secp256k1/SHA256.swift (in target 'secp256k1' from project 'secp256k1')
    cd /Users/j/Documents/GitHub/MoneroOne/MoneroOne.xcodeproj
    

SwiftCompile normal arm64 /Users/j/Documents/GitHub/MoneroOne/build/SourcePackages/checkouts/secp256k1.swift/Sources/secp256k1/SafeCompare.swift (in target 'secp256k1' from project 'secp256k1')
    cd /Users/j/Documents/GitHub/MoneroOne/MoneroOne.xcodeproj
    

SwiftCompile normal arm64 Compiling\ Utility.swift /Users/j/Documents/GitHub/MoneroOne/build/SourcePackages/checkouts/secp256k1.swift/Sources/secp256k1/Utility.swift (in target 'secp256k1' from project 'secp256k1')

SwiftCompile normal arm64 /Users/j/Documents/GitHub/MoneroOne/build/SourcePackages/checkouts/secp256k1.swift/Sources/secp256k1/Utility.swift (in target 'secp256k1' from project 'secp256k1')
    cd /Users/j/Documents/GitHub/MoneroOne/MoneroOne.xcodeproj
    

PrecompileModule /Users/j/Documents/GitHub/MoneroOne/build/Build/Intermediates.noindex/ExplicitPrecompiledModules/_DarwinFoundation1-DP8MPRP4SZN7NSO2DJ71OAC6E.scan
    cd /
    builtin-precompileModule /Users/j/Documents/GitHub/MoneroOne/build/Build/Intermediates.noindex/ExplicitPrecompiledModules/_DarwinFoundation1-DP8MPRP4SZN7NSO2DJ71OAC6E.scan

PrecompileModule /Users/j/Documents/GitHub/MoneroOne/build/Build/Intermediates.noindex/ExplicitPrecompiledModules/_Builtin_limits-4N2HZZJ9CI7FVRIT2KN7DIOV1.scan
    cd /
    builtin-precompileModule /Users/j/Documents/GitHub/MoneroOne/build/Build/Intermediates.noindex/ExplicitPrecompiledModules/_Builtin_limits-4N2HZZJ9CI7FVRIT2KN7DIOV1.scan

PrecompileModule /Users/j/Documents/GitHub/MoneroOne/build/Build/Intermediates.noindex/ExplicitPrecompiledModules/_DarwinFoundation2-AVPYN14SINM27AEVPU1ZHY3LV.scan
    cd /
    builtin-precompileModule /Users/j/Documents/GitHub/MoneroOne/build/Build/Intermediates.noindex/ExplicitPrecompiledModules/_DarwinFoundation2-AVPYN14SINM27AEVPU1ZHY3LV.scan

PrecompileModule /Users/j/Documents/GitHub/MoneroOne/build/Build/Intermediates.noindex/ExplicitPrecompiledModules/_DarwinFoundation2-B5UZSFYAWB7SGUNBMD0RSERCS.scan
    cd /
    builtin-precompileModule /Users/j/Documents/GitHub/MoneroOne/build/Build/Intermediates.noindex/ExplicitPrecompiledModules/_DarwinFoundation2-B5UZSFYAWB7SGUNBMD0RSERCS.scan

PrecompileModule /Users/j/Documents/GitHub/MoneroOne/build/Build/Intermediates.noindex/ExplicitPrecompiledModules/_DarwinFoundation2-322DOXN98QXOOZ0X6VHFWSDSE.scan
    cd /
    builtin-precompileModule /Users/j/Documents/GitHub/MoneroOne/build/Build/Intermediates.noindex/ExplicitPrecompiledModules/_DarwinFoundation2-322DOXN98QXOOZ0X6VHFWSDSE.scan

PrecompileModule /Users/j/Documents/GitHub/MoneroOne/build/Build/Intermediates.noindex/ExplicitPrecompiledModules/_DarwinFoundation2-BHVN7MMWDPHXPFYNMDKJW2KJE.scan
    cd /
    builtin-precompileModule /Users/j/Documents/GitHub/MoneroOne/build/Build/Intermediates.noindex/ExplicitPrecompiledModules/_DarwinFoundation2-BHVN7MMWDPHXPFYNMDKJW2KJE.scan

PrecompileModule /Users/j/Documents/GitHub/MoneroOne/build/Build/Intermediates.noindex/ExplicitPrecompiledModules/_Builtin_stdint-5O5QVLJGWL19B9BNGI03NYVK2.scan
    cd /
    builtin-precompileModule /Users/j/Documents/GitHub/MoneroOne/build/Build/Intermediates.noindex/ExplicitPrecompiledModules/_Builtin_stdint-5O5QVLJGWL19B9BNGI03NYVK2.scan

PrecompileModule /Users/j/Documents/GitHub/MoneroOne/build/Build/Intermediates.noindex/ExplicitPrecompiledModules/_Builtin_stdint-9CBCO561WBZV6DQU2AP99RTJB.scan
    cd /
    builtin-precompileModule /Users/j/Documents/GitHub/MoneroOne/build/Build/Intermediates.noindex/ExplicitPrecompiledModules/_Builtin_stdint-9CBCO561WBZV6DQU2AP99RTJB.scan

PrecompileModule /Users/j/Documents/GitHub/MoneroOne/build/Build/Intermediates.noindex/ExplicitPrecompiledModules/_Builtin_stdint-ALCKJ5KPKX9XVNGYIUBL0IWPY.scan
    cd /
    builtin-precompileModule /Users/j/Documents/GitHub/MoneroOne/build/Build/Intermediates.noindex/ExplicitPrecompiledModules/_Builtin_stdint-ALCKJ5KPKX9XVNGYIUBL0IWPY.scan

PrecompileModule /Users/j/Documents/GitHub/MoneroOne/build/Build/Intermediates.noindex/ExplicitPrecompiledModules/_DarwinFoundation3-7N7LTUK6BYLD8FTO9ENGH8602.scan
    cd /
    builtin-precompileModule /Users/j/Documents/GitHub/MoneroOne/build/Build/Intermediates.noindex/ExplicitPrecompiledModules/_DarwinFoundation3-7N7LTUK6BYLD8FTO9ENGH8602.scan

CompileC /Users/j/Documents/GitHub/MoneroOne/build/Build/Intermediates.noindex/HsCryptoKit.Swift.build/Debug-iphonesimulator/HsCryptoKitC.build/Objects-normal/arm64/helpers.o /Users/j/Documents/GitHub/MoneroOne/build/SourcePackages/checkouts/HsCryptoKit.Swift/Sources/HsCryptoKitC/src/helpers.c normal arm64 c com.apple.compilers.llvm.clang.1_0.compiler (in target 'HsCryptoKitC' from project 'HsCryptoKit.Swift')
    cd /Users/j/Documents/GitHub/MoneroOne/MoneroOne.xcodeproj
    
    Using response file: /Users/j/Documents/GitHub/MoneroOne/build/Build/Intermediates.noindex/HsCryptoKit.Swift.build/Debug-iphonesimulator/HsCryptoKitC.build/Objects-normal/arm64/7187679823f38a2a940e0043cdf9d637-common-args.resp
    
    /Applications/Xcode.app/Contents/Developer/Toolchains/XcodeDefault.xctoolchain/usr/bin/clang -x c -ivfsstatcache /Users/j/Documents/GitHub/MoneroOne/build/SDKStatCaches.noindex/iphonesimulator26.1-23B77-90cf18a4295e390e64c810bc6bd7acbc.sdkstatcache -fmessage-length\=0 -fdiagnostics-show-note-include-stack -fmacro-backtrace-limit\=0 -fno-color-diagnostics -fmodules-prune-interval\=86400 -fmodules-prune-after\=345600 -fbuild-session-file\=/Users/j/Documents/GitHub/MoneroOne/build/ModuleCache.noindex/Session.modulevalidation -fmodules-validate-once-per-build-session -Wnon-modular-include-in-framework-module -Werror\=non-modular-include-in-framework-module -Wno-trigraphs -Wno-missing-field-initializers -Wno-missing-prototypes -Wno-return-type -Wno-missing-braces -Wparentheses -Wswitch -Wno-unused-function -Wno-unused-label -Wno-unused-parameter -Wno-unused-variable -Wunused-value -Wno-empty-body -Wno-uninitialized -Wno-unknown-pragmas -w -Wno-shadow -Wno-four-char-constants -Wno-conversion -Wno-constant-conversion -Wno-int-conversion -Wno-bool-conversion -Wno-enum-conversion -Wno-float-conversion -Wno-non-literal-null-conversion -Wno-objc-literal-conversion -Wshorten-64-to-32 -Wpointer-sign -Wno-newline-eof -Wno-implicit-fallthrough -fstrict-aliasing -Wdeprecated-declarations -Wno-sign-conversion -Wno-infinite-recursion -Wno-comma -Wno-block-capture-autoreleasing -Wno-strict-prototypes -Wno-semicolon-before-method-body -index-store-path /Users/j/Documents/GitHub/MoneroOne/build/Index.noindex/DataStore @/Users/j/Documents/GitHub/MoneroOne/build/Build/Intermediates.noindex/HsCryptoKit.Swift.build/Debug-iphonesimulator/HsCryptoKitC.build/Objects-normal/arm64/7187679823f38a2a940e0043cdf9d637-common-args.resp -MMD -MT dependencies -MF /Users/j/Documents/GitHub/MoneroOne/build/Build/Intermediates.noindex/HsCryptoKit.Swift.build/Debug-iphonesimulator/HsCryptoKitC.build/Objects-normal/arm64/helpers.d --serialize-diagnostics /Users/j/Documents/GitHub/MoneroOne/build/Build/Intermediates.noindex/HsCryptoKit.Swift.build/Debug-iphonesimulator/HsCryptoKitC.build/Objects-normal/arm64/helpers.dia -c /Users/j/Documents/GitHub/MoneroOne/build/SourcePackages/checkouts/HsCryptoKit.Swift/Sources/HsCryptoKitC/src/helpers.c -o /Users/j/Documents/GitHub/MoneroOne/build/Build/Intermediates.noindex/HsCryptoKit.Swift.build/Debug-iphonesimulator/HsCryptoKitC.build/Objects-normal/arm64/helpers.o -index-unit-output-path /HsCryptoKit.Swift.build/Debug-iphonesimulator/HsCryptoKitC.build/Objects-normal/arm64/helpers.o

SwiftCompile normal arm64 Compiling\ RNG_boring.swift,\ Recovery.swift /Users/j/Documents/GitHub/MoneroOne/build/SourcePackages/checkouts/secp256k1.swift/Sources/secp256k1/RNG_boring.swift /Users/j/Documents/GitHub/MoneroOne/build/SourcePackages/checkouts/secp256k1.swift/Sources/secp256k1/Recovery.swift (in target 'secp256k1' from project 'secp256k1')

SwiftCompile normal arm64 /Users/j/Documents/GitHub/MoneroOne/build/SourcePackages/checkouts/secp256k1.swift/Sources/secp256k1/RNG_boring.swift (in target 'secp256k1' from project 'secp256k1')
    cd /Users/j/Documents/GitHub/MoneroOne/MoneroOne.xcodeproj
    

SwiftCompile normal arm64 /Users/j/Documents/GitHub/MoneroOne/build/SourcePackages/checkouts/secp256k1.swift/Sources/secp256k1/Recovery.swift (in target 'secp256k1' from project 'secp256k1')
    cd /Users/j/Documents/GitHub/MoneroOne/MoneroOne.xcodeproj
    

PrecompileModule /Users/j/Documents/GitHub/MoneroOne/build/Build/Intermediates.noindex/ExplicitPrecompiledModules/_DarwinFoundation3-25VFJ8KLEC8G6CQ1EMTCL5Y25.scan
    cd /
    builtin-precompileModule /Users/j/Documents/GitHub/MoneroOne/build/Build/Intermediates.noindex/ExplicitPrecompiledModules/_DarwinFoundation3-25VFJ8KLEC8G6CQ1EMTCL5Y25.scan

PrecompileModule /Users/j/Documents/GitHub/MoneroOne/build/Build/Intermediates.noindex/ExplicitPrecompiledModules/_Builtin_stdint-73MF0PF8UDC3P72M5NDSLZ4YI.scan
    cd /
    builtin-precompileModule /Users/j/Documents/GitHub/MoneroOne/build/Build/Intermediates.noindex/ExplicitPrecompiledModules/_Builtin_stdint-73MF0PF8UDC3P72M5NDSLZ4YI.scan

Ld /Users/j/Documents/GitHub/MoneroOne/build/Build/Products/Debug-iphonesimulator/HsCryptoKitC.o normal (in target 'HsCryptoKitC' from project 'HsCryptoKit.Swift')
    cd /Users/j/Documents/GitHub/MoneroOne/build/SourcePackages/checkouts/HsCryptoKit.Swift
    /Applications/Xcode.app/Contents/Developer/Toolchains/XcodeDefault.xctoolchain/usr/bin/clang -Xlinker -reproducible -target arm64-apple-ios13.0-simulator -r -isysroot /Applications/Xcode.app/Contents/Developer/Platforms/iPhoneSimulator.platform/Developer/SDKs/iPhoneSimulator26.1.sdk -O0 -w -L/Users/j/Documents/GitHub/MoneroOne/build/Build/Intermediates.noindex/EagerLinkingTBDs/Debug-iphonesimulator -L/Users/j/Documents/GitHub/MoneroOne/build/Build/Products/Debug-iphonesimulator -L/Applications/Xcode.app/Contents/Developer/Platforms/iPhoneSimulator.platform/Developer/usr/lib -F/Users/j/Documents/GitHub/MoneroOne/build/Build/Intermediates.noindex/EagerLinkingTBDs/Debug-iphonesimulator -F/Users/j/Documents/GitHub/MoneroOne/build/Build/Products/Debug-iphonesimulator -iframework /Applications/Xcode.app/Contents/Developer/Platforms/iPhoneSimulator.platform/Developer/Library/Frameworks -iframework /Applications/Xcode.app/Contents/Developer/Platforms/iPhoneSimulator.platform/Developer/SDKs/iPhoneSimulator26.1.sdk/Developer/Library/Frameworks -filelist /Users/j/Documents/GitHub/MoneroOne/build/Build/Intermediates.noindex/HsCryptoKit.Swift.build/Debug-iphonesimulator/HsCryptoKitC.build/Objects-normal/arm64/HsCryptoKitC.LinkFileList -nostdlib -Xlinker -object_path_lto -Xlinker /Users/j/Documents/GitHub/MoneroOne/build/Build/Intermediates.noindex/HsCryptoKit.Swift.build/Debug-iphonesimulator/HsCryptoKitC.build/Objects-normal/arm64/HsCryptoKitC_lto.o -rdynamic -Xlinker -no_deduplicate -Xlinker -objc_abi_version -Xlinker 2 -Xlinker -dependency_info -Xlinker /Users/j/Documents/GitHub/MoneroOne/build/Build/Intermediates.noindex/HsCryptoKit.Swift.build/Debug-iphonesimulator/HsCryptoKitC.build/Objects-normal/arm64/HsCryptoKitC_dependency_info.dat -o /Users/j/Documents/GitHub/MoneroOne/build/Build/Products/Debug-iphonesimulator/HsCryptoKitC.o

CompileC /Users/j/Documents/GitHub/MoneroOne/build/Build/Intermediates.noindex/swift-atomics.build/Debug-iphonesimulator/_AtomicsShims.build/Objects-normal/arm64/_AtomicsShims.o /Users/j/Documents/GitHub/MoneroOne/build/SourcePackages/checkouts/swift-atomics/Sources/_AtomicsShims/src/_AtomicsShims.c normal arm64 c com.apple.compilers.llvm.clang.1_0.compiler (in target '_AtomicsShims' from project 'swift-atomics')
    cd /Users/j/Documents/GitHub/MoneroOne/MoneroOne.xcodeproj
    
    Using response file: /Users/j/Documents/GitHub/MoneroOne/build/Build/Intermediates.noindex/swift-atomics.build/Debug-iphonesimulator/_AtomicsShims.build/Objects-normal/arm64/7187679823f38a2a940e0043cdf9d637-common-args.resp
    
    /Applications/Xcode.app/Contents/Developer/Toolchains/XcodeDefault.xctoolchain/usr/bin/clang -x c -ivfsstatcache /Users/j/Documents/GitHub/MoneroOne/build/SDKStatCaches.noindex/iphonesimulator26.1-23B77-90cf18a4295e390e64c810bc6bd7acbc.sdkstatcache -fmessage-length\=0 -fdiagnostics-show-note-include-stack -fmacro-backtrace-limit\=0 -fno-color-diagnostics -fmodules-prune-interval\=86400 -fmodules-prune-after\=345600 -fbuild-session-file\=/Users/j/Documents/GitHub/MoneroOne/build/ModuleCache.noindex/Session.modulevalidation -fmodules-validate-once-per-build-session -Wnon-modular-include-in-framework-module -Werror\=non-modular-include-in-framework-module -Wno-trigraphs -Wno-missing-field-initializers -Wno-missing-prototypes -Wno-return-type -Wno-missing-braces -Wparentheses -Wswitch -Wno-unused-function -Wno-unused-label -Wno-unused-parameter -Wno-unused-variable -Wunused-value -Wno-empty-body -Wno-uninitialized -Wno-unknown-pragmas -w -Wno-shadow -Wno-four-char-constants -Wno-conversion -Wno-constant-conversion -Wno-int-conversion -Wno-bool-conversion -Wno-enum-conversion -Wno-float-conversion -Wno-non-literal-null-conversion -Wno-objc-literal-conversion -Wshorten-64-to-32 -Wpointer-sign -Wno-newline-eof -Wno-implicit-fallthrough -fstrict-aliasing -Wdeprecated-declarations -Wno-sign-conversion -Wno-infinite-recursion -Wno-comma -Wno-block-capture-autoreleasing -Wno-strict-prototypes -Wno-semicolon-before-method-body -index-store-path /Users/j/Documents/GitHub/MoneroOne/build/Index.noindex/DataStore @/Users/j/Documents/GitHub/MoneroOne/build/Build/Intermediates.noindex/swift-atomics.build/Debug-iphonesimulator/_AtomicsShims.build/Objects-normal/arm64/7187679823f38a2a940e0043cdf9d637-common-args.resp -MMD -MT dependencies -MF /Users/j/Documents/GitHub/MoneroOne/build/Build/Intermediates.noindex/swift-atomics.build/Debug-iphonesimulator/_AtomicsShims.build/Objects-normal/arm64/_AtomicsShims.d --serialize-diagnostics /Users/j/Documents/GitHub/MoneroOne/build/Build/Intermediates.noindex/swift-atomics.build/Debug-iphonesimulator/_AtomicsShims.build/Objects-normal/arm64/_AtomicsShims.dia -c /Users/j/Documents/GitHub/MoneroOne/build/SourcePackages/checkouts/swift-atomics/Sources/_AtomicsShims/src/_AtomicsShims.c -o /Users/j/Documents/GitHub/MoneroOne/build/Build/Intermediates.noindex/swift-atomics.build/Debug-iphonesimulator/_AtomicsShims.build/Objects-normal/arm64/_AtomicsShims.o -index-unit-output-path /swift-atomics.build/Debug-iphonesimulator/_AtomicsShims.build/Objects-normal/arm64/_AtomicsShims.o

CompileC /Users/j/Documents/GitHub/MoneroOne/build/Build/Intermediates.noindex/swift-nio.build/Debug-iphonesimulator/CNIOSHA1.build/Objects-normal/arm64/c_nio_sha1.o /Users/j/Documents/GitHub/MoneroOne/build/SourcePackages/checkouts/swift-nio/Sources/CNIOSHA1/c_nio_sha1.c normal arm64 c com.apple.compilers.llvm.clang.1_0.compiler (in target 'CNIOSHA1' from project 'swift-nio')
    cd /Users/j/Documents/GitHub/MoneroOne/MoneroOne.xcodeproj
    
    Using response file: /Users/j/Documents/GitHub/MoneroOne/build/Build/Intermediates.noindex/swift-nio.build/Debug-iphonesimulator/CNIOSHA1.build/Objects-normal/arm64/7187679823f38a2a940e0043cdf9d637-common-args.resp
    
    /Applications/Xcode.app/Contents/Developer/Toolchains/XcodeDefault.xctoolchain/usr/bin/clang -x c -ivfsstatcache /Users/j/Documents/GitHub/MoneroOne/build/SDKStatCaches.noindex/iphonesimulator26.1-23B77-90cf18a4295e390e64c810bc6bd7acbc.sdkstatcache -fmessage-length\=0 -fdiagnostics-show-note-include-stack -fmacro-backtrace-limit\=0 -fno-color-diagnostics -fmodules-prune-interval\=86400 -fmodules-prune-after\=345600 -fbuild-session-file\=/Users/j/Documents/GitHub/MoneroOne/build/ModuleCache.noindex/Session.modulevalidation -fmodules-validate-once-per-build-session -Wnon-modular-include-in-framework-module -Werror\=non-modular-include-in-framework-module -Wno-trigraphs -Wno-missing-field-initializers -Wno-missing-prototypes -Wno-return-type -Wno-missing-braces -Wparentheses -Wswitch -Wno-unused-function -Wno-unused-label -Wno-unused-parameter -Wno-unused-variable -Wunused-value -Wno-empty-body -Wno-uninitialized -Wno-unknown-pragmas -w -Wno-shadow -Wno-four-char-constants -Wno-conversion -Wno-constant-conversion -Wno-int-conversion -Wno-bool-conversion -Wno-enum-conversion -Wno-float-conversion -Wno-non-literal-null-conversion -Wno-objc-literal-conversion -Wshorten-64-to-32 -Wpointer-sign -Wno-newline-eof -Wno-implicit-fallthrough -fstrict-aliasing -Wdeprecated-declarations -Wno-sign-conversion -Wno-infinite-recursion -Wno-comma -Wno-block-capture-autoreleasing -Wno-strict-prototypes -Wno-semicolon-before-method-body -index-store-path /Users/j/Documents/GitHub/MoneroOne/build/Index.noindex/DataStore @/Users/j/Documents/GitHub/MoneroOne/build/Build/Intermediates.noindex/swift-nio.build/Debug-iphonesimulator/CNIOSHA1.build/Objects-normal/arm64/7187679823f38a2a940e0043cdf9d637-common-args.resp -MMD -MT dependencies -MF /Users/j/Documents/GitHub/MoneroOne/build/Build/Intermediates.noindex/swift-nio.build/Debug-iphonesimulator/CNIOSHA1.build/Objects-normal/arm64/c_nio_sha1.d --serialize-diagnostics /Users/j/Documents/GitHub/MoneroOne/build/Build/Intermediates.noindex/swift-nio.build/Debug-iphonesimulator/CNIOSHA1.build/Objects-normal/arm64/c_nio_sha1.dia -c /Users/j/Documents/GitHub/MoneroOne/build/SourcePackages/checkouts/swift-nio/Sources/CNIOSHA1/c_nio_sha1.c -o /Users/j/Documents/GitHub/MoneroOne/build/Build/Intermediates.noindex/swift-nio.build/Debug-iphonesimulator/CNIOSHA1.build/Objects-normal/arm64/c_nio_sha1.o -index-unit-output-path /swift-nio.build/Debug-iphonesimulator/CNIOSHA1.build/Objects-normal/arm64/c_nio_sha1.o

CompileC /Users/j/Documents/GitHub/MoneroOne/build/Build/Intermediates.noindex/secp256k1.build/Debug-iphonesimulator/secp256k1_bindings.build/Objects-normal/arm64/secp256k1.o /Users/j/Documents/GitHub/MoneroOne/build/SourcePackages/checkouts/secp256k1.swift/Sources/secp256k1_bindings/src/secp256k1.c normal arm64 c com.apple.compilers.llvm.clang.1_0.compiler (in target 'secp256k1_bindings' from project 'secp256k1')
    cd /Users/j/Documents/GitHub/MoneroOne/MoneroOne.xcodeproj
    
    Using response file: /Users/j/Documents/GitHub/MoneroOne/build/Build/Intermediates.noindex/secp256k1.build/Debug-iphonesimulator/secp256k1_bindings.build/Objects-normal/arm64/7187679823f38a2a940e0043cdf9d637-common-args.resp
    
    /Applications/Xcode.app/Contents/Developer/Toolchains/XcodeDefault.xctoolchain/usr/bin/clang -x c -ivfsstatcache /Users/j/Documents/GitHub/MoneroOne/build/SDKStatCaches.noindex/iphonesimulator26.1-23B77-90cf18a4295e390e64c810bc6bd7acbc.sdkstatcache -fmessage-length\=0 -fdiagnostics-show-note-include-stack -fmacro-backtrace-limit\=0 -fno-color-diagnostics -fmodules-prune-interval\=86400 -fmodules-prune-after\=345600 -fbuild-session-file\=/Users/j/Documents/GitHub/MoneroOne/build/ModuleCache.noindex/Session.modulevalidation -fmodules-validate-once-per-build-session -Wnon-modular-include-in-framework-module -Werror\=non-modular-include-in-framework-module -Wno-trigraphs -Wno-missing-field-initializers -Wno-missing-prototypes -Wno-return-type -Wno-missing-braces -Wparentheses -Wswitch -Wno-unused-function -Wno-unused-label -Wno-unused-parameter -Wno-unused-variable -Wunused-value -Wno-empty-body -Wno-uninitialized -Wno-unknown-pragmas -w -Wno-shadow -Wno-four-char-constants -Wno-conversion -Wno-constant-conversion -Wno-int-conversion -Wno-bool-conversion -Wno-enum-conversion -Wno-float-conversion -Wno-non-literal-null-conversion -Wno-objc-literal-conversion -Wshorten-64-to-32 -Wpointer-sign -Wno-newline-eof -Wno-implicit-fallthrough -fstrict-aliasing -Wdeprecated-declarations -Wno-sign-conversion -Wno-infinite-recursion -Wno-comma -Wno-block-capture-autoreleasing -Wno-strict-prototypes -Wno-semicolon-before-method-body -index-store-path /Users/j/Documents/GitHub/MoneroOne/build/Index.noindex/DataStore @/Users/j/Documents/GitHub/MoneroOne/build/Build/Intermediates.noindex/secp256k1.build/Debug-iphonesimulator/secp256k1_bindings.build/Objects-normal/arm64/7187679823f38a2a940e0043cdf9d637-common-args.resp -MMD -MT dependencies -MF /Users/j/Documents/GitHub/MoneroOne/build/Build/Intermediates.noindex/secp256k1.build/Debug-iphonesimulator/secp256k1_bindings.build/Objects-normal/arm64/secp256k1.d --serialize-diagnostics /Users/j/Documents/GitHub/MoneroOne/build/Build/Intermediates.noindex/secp256k1.build/Debug-iphonesimulator/secp256k1_bindings.build/Objects-normal/arm64/secp256k1.dia -c /Users/j/Documents/GitHub/MoneroOne/build/SourcePackages/checkouts/secp256k1.swift/Sources/secp256k1_bindings/src/secp256k1.c -o /Users/j/Documents/GitHub/MoneroOne/build/Build/Intermediates.noindex/secp256k1.build/Debug-iphonesimulator/secp256k1_bindings.build/Objects-normal/arm64/secp256k1.o -index-unit-output-path /secp256k1.build/Debug-iphonesimulator/secp256k1_bindings.build/Objects-normal/arm64/secp256k1.o

Ld /Users/j/Documents/GitHub/MoneroOne/build/Build/Products/Debug-iphonesimulator/_AtomicsShims.o normal (in target '_AtomicsShims' from project 'swift-atomics')
    cd /Users/j/Documents/GitHub/MoneroOne/build/SourcePackages/checkouts/swift-atomics
    /Applications/Xcode.app/Contents/Developer/Toolchains/XcodeDefault.xctoolchain/usr/bin/clang -Xlinker -reproducible -target arm64-apple-ios12.0-simulator -r -isysroot /Applications/Xcode.app/Contents/Developer/Platforms/iPhoneSimulator.platform/Developer/SDKs/iPhoneSimulator26.1.sdk -O0 -w -L/Users/j/Documents/GitHub/MoneroOne/build/Build/Intermediates.noindex/EagerLinkingTBDs/Debug-iphonesimulator -L/Users/j/Documents/GitHub/MoneroOne/build/Build/Products/Debug-iphonesimulator -L/Applications/Xcode.app/Contents/Developer/Platforms/iPhoneSimulator.platform/Developer/usr/lib -F/Users/j/Documents/GitHub/MoneroOne/build/Build/Intermediates.noindex/EagerLinkingTBDs/Debug-iphonesimulator -F/Users/j/Documents/GitHub/MoneroOne/build/Build/Products/Debug-iphonesimulator -iframework /Applications/Xcode.app/Contents/Developer/Platforms/iPhoneSimulator.platform/Developer/Library/Frameworks -iframework /Applications/Xcode.app/Contents/Developer/Platforms/iPhoneSimulator.platform/Developer/SDKs/iPhoneSimulator26.1.sdk/Developer/Library/Frameworks -filelist /Users/j/Documents/GitHub/MoneroOne/build/Build/Intermediates.noindex/swift-atomics.build/Debug-iphonesimulator/_AtomicsShims.build/Objects-normal/arm64/_AtomicsShims.LinkFileList -nostdlib -Xlinker -object_path_lto -Xlinker /Users/j/Documents/GitHub/MoneroOne/build/Build/Intermediates.noindex/swift-atomics.build/Debug-iphonesimulator/_AtomicsShims.build/Objects-normal/arm64/_AtomicsShims_lto.o -rdynamic -Xlinker -no_deduplicate -Xlinker -objc_abi_version -Xlinker 2 -Xlinker -dependency_info -Xlinker /Users/j/Documents/GitHub/MoneroOne/build/Build/Intermediates.noindex/swift-atomics.build/Debug-iphonesimulator/_AtomicsShims.build/Objects-normal/arm64/_AtomicsShims_dependency_info.dat -o /Users/j/Documents/GitHub/MoneroOne/build/Build/Products/Debug-iphonesimulator/_AtomicsShims.o

CompileC /Users/j/Documents/GitHub/MoneroOne/build/Build/Intermediates.noindex/secp256k1.build/Debug-iphonesimulator/secp256k1_bindings.build/Objects-normal/arm64/precomputed_ecmult_gen.o /Users/j/Documents/GitHub/MoneroOne/build/SourcePackages/checkouts/secp256k1.swift/Sources/secp256k1_bindings/src/precomputed_ecmult_gen.c normal arm64 c com.apple.compilers.llvm.clang.1_0.compiler (in target 'secp256k1_bindings' from project 'secp256k1')
    cd /Users/j/Documents/GitHub/MoneroOne/MoneroOne.xcodeproj
    
    Using response file: /Users/j/Documents/GitHub/MoneroOne/build/Build/Intermediates.noindex/secp256k1.build/Debug-iphonesimulator/secp256k1_bindings.build/Objects-normal/arm64/7187679823f38a2a940e0043cdf9d637-common-args.resp
    
    /Applications/Xcode.app/Contents/Developer/Toolchains/XcodeDefault.xctoolchain/usr/bin/clang -x c -ivfsstatcache /Users/j/Documents/GitHub/MoneroOne/build/SDKStatCaches.noindex/iphonesimulator26.1-23B77-90cf18a4295e390e64c810bc6bd7acbc.sdkstatcache -fmessage-length\=0 -fdiagnostics-show-note-include-stack -fmacro-backtrace-limit\=0 -fno-color-diagnostics -fmodules-prune-interval\=86400 -fmodules-prune-after\=345600 -fbuild-session-file\=/Users/j/Documents/GitHub/MoneroOne/build/ModuleCache.noindex/Session.modulevalidation -fmodules-validate-once-per-build-session -Wnon-modular-include-in-framework-module -Werror\=non-modular-include-in-framework-module -Wno-trigraphs -Wno-missing-field-initializers -Wno-missing-prototypes -Wno-return-type -Wno-missing-braces -Wparentheses -Wswitch -Wno-unused-function -Wno-unused-label -Wno-unused-parameter -Wno-unused-variable -Wunused-value -Wno-empty-body -Wno-uninitialized -Wno-unknown-pragmas -w -Wno-shadow -Wno-four-char-constants -Wno-conversion -Wno-constant-conversion -Wno-int-conversion -Wno-bool-conversion -Wno-enum-conversion -Wno-float-conversion -Wno-non-literal-null-conversion -Wno-objc-literal-conversion -Wshorten-64-to-32 -Wpointer-sign -Wno-newline-eof -Wno-implicit-fallthrough -fstrict-aliasing -Wdeprecated-declarations -Wno-sign-conversion -Wno-infinite-recursion -Wno-comma -Wno-block-capture-autoreleasing -Wno-strict-prototypes -Wno-semicolon-before-method-body -index-store-path /Users/j/Documents/GitHub/MoneroOne/build/Index.noindex/DataStore @/Users/j/Documents/GitHub/MoneroOne/build/Build/Intermediates.noindex/secp256k1.build/Debug-iphonesimulator/secp256k1_bindings.build/Objects-normal/arm64/7187679823f38a2a940e0043cdf9d637-common-args.resp -MMD -MT dependencies -MF /Users/j/Documents/GitHub/MoneroOne/build/Build/Intermediates.noindex/secp256k1.build/Debug-iphonesimulator/secp256k1_bindings.build/Objects-normal/arm64/precomputed_ecmult_gen.d --serialize-diagnostics /Users/j/Documents/GitHub/MoneroOne/build/Build/Intermediates.noindex/secp256k1.build/Debug-iphonesimulator/secp256k1_bindings.build/Objects-normal/arm64/precomputed_ecmult_gen.dia -c /Users/j/Documents/GitHub/MoneroOne/build/SourcePackages/checkouts/secp256k1.swift/Sources/secp256k1_bindings/src/precomputed_ecmult_gen.c -o /Users/j/Documents/GitHub/MoneroOne/build/Build/Intermediates.noindex/secp256k1.build/Debug-iphonesimulator/secp256k1_bindings.build/Objects-normal/arm64/precomputed_ecmult_gen.o -index-unit-output-path /secp256k1.build/Debug-iphonesimulator/secp256k1_bindings.build/Objects-normal/arm64/precomputed_ecmult_gen.o

Ld /Users/j/Documents/GitHub/MoneroOne/build/Build/Products/Debug-iphonesimulator/CNIOSHA1.o normal (in target 'CNIOSHA1' from project 'swift-nio')
    cd /Users/j/Documents/GitHub/MoneroOne/build/SourcePackages/checkouts/swift-nio
    /Applications/Xcode.app/Contents/Developer/Toolchains/XcodeDefault.xctoolchain/usr/bin/clang -Xlinker -reproducible -target arm64-apple-ios12.0-simulator -r -isysroot /Applications/Xcode.app/Contents/Developer/Platforms/iPhoneSimulator.platform/Developer/SDKs/iPhoneSimulator26.1.sdk -O0 -w -L/Users/j/Documents/GitHub/MoneroOne/build/Build/Intermediates.noindex/EagerLinkingTBDs/Debug-iphonesimulator -L/Users/j/Documents/GitHub/MoneroOne/build/Build/Products/Debug-iphonesimulator -L/Applications/Xcode.app/Contents/Developer/Platforms/iPhoneSimulator.platform/Developer/usr/lib -F/Users/j/Documents/GitHub/MoneroOne/build/Build/Intermediates.noindex/EagerLinkingTBDs/Debug-iphonesimulator -F/Users/j/Documents/GitHub/MoneroOne/build/Build/Products/Debug-iphonesimulator -iframework /Applications/Xcode.app/Contents/Developer/Platforms/iPhoneSimulator.platform/Developer/Library/Frameworks -iframework /Applications/Xcode.app/Contents/Developer/Platforms/iPhoneSimulator.platform/Developer/SDKs/iPhoneSimulator26.1.sdk/Developer/Library/Frameworks -filelist /Users/j/Documents/GitHub/MoneroOne/build/Build/Intermediates.noindex/swift-nio.build/Debug-iphonesimulator/CNIOSHA1.build/Objects-normal/arm64/CNIOSHA1.LinkFileList -nostdlib -Xlinker -object_path_lto -Xlinker /Users/j/Documents/GitHub/MoneroOne/build/Build/Intermediates.noindex/swift-nio.build/Debug-iphonesimulator/CNIOSHA1.build/Objects-normal/arm64/CNIOSHA1_lto.o -rdynamic -Xlinker -no_deduplicate -Xlinker -objc_abi_version -Xlinker 2 -Xlinker -dependency_info -Xlinker /Users/j/Documents/GitHub/MoneroOne/build/Build/Intermediates.noindex/swift-nio.build/Debug-iphonesimulator/CNIOSHA1.build/Objects-normal/arm64/CNIOSHA1_dependency_info.dat -o /Users/j/Documents/GitHub/MoneroOne/build/Build/Products/Debug-iphonesimulator/CNIOSHA1.o

CompileC /Users/j/Documents/GitHub/MoneroOne/build/Build/Intermediates.noindex/secp256k1.build/Debug-iphonesimulator/secp256k1_bindings.build/Objects-normal/arm64/precomputed_ecmult.o /Users/j/Documents/GitHub/MoneroOne/build/SourcePackages/checkouts/secp256k1.swift/Sources/secp256k1_bindings/src/precomputed_ecmult.c normal arm64 c com.apple.compilers.llvm.clang.1_0.compiler (in target 'secp256k1_bindings' from project 'secp256k1')
    cd /Users/j/Documents/GitHub/MoneroOne/MoneroOne.xcodeproj
    
    Using response file: /Users/j/Documents/GitHub/MoneroOne/build/Build/Intermediates.noindex/secp256k1.build/Debug-iphonesimulator/secp256k1_bindings.build/Objects-normal/arm64/7187679823f38a2a940e0043cdf9d637-common-args.resp
    
    /Applications/Xcode.app/Contents/Developer/Toolchains/XcodeDefault.xctoolchain/usr/bin/clang -x c -ivfsstatcache /Users/j/Documents/GitHub/MoneroOne/build/SDKStatCaches.noindex/iphonesimulator26.1-23B77-90cf18a4295e390e64c810bc6bd7acbc.sdkstatcache -fmessage-length\=0 -fdiagnostics-show-note-include-stack -fmacro-backtrace-limit\=0 -fno-color-diagnostics -fmodules-prune-interval\=86400 -fmodules-prune-after\=345600 -fbuild-session-file\=/Users/j/Documents/GitHub/MoneroOne/build/ModuleCache.noindex/Session.modulevalidation -fmodules-validate-once-per-build-session -Wnon-modular-include-in-framework-module -Werror\=non-modular-include-in-framework-module -Wno-trigraphs -Wno-missing-field-initializers -Wno-missing-prototypes -Wno-return-type -Wno-missing-braces -Wparentheses -Wswitch -Wno-unused-function -Wno-unused-label -Wno-unused-parameter -Wno-unused-variable -Wunused-value -Wno-empty-body -Wno-uninitialized -Wno-unknown-pragmas -w -Wno-shadow -Wno-four-char-constants -Wno-conversion -Wno-constant-conversion -Wno-int-conversion -Wno-bool-conversion -Wno-enum-conversion -Wno-float-conversion -Wno-non-literal-null-conversion -Wno-objc-literal-conversion -Wshorten-64-to-32 -Wpointer-sign -Wno-newline-eof -Wno-implicit-fallthrough -fstrict-aliasing -Wdeprecated-declarations -Wno-sign-conversion -Wno-infinite-recursion -Wno-comma -Wno-block-capture-autoreleasing -Wno-strict-prototypes -Wno-semicolon-before-method-body -index-store-path /Users/j/Documents/GitHub/MoneroOne/build/Index.noindex/DataStore @/Users/j/Documents/GitHub/MoneroOne/build/Build/Intermediates.noindex/secp256k1.build/Debug-iphonesimulator/secp256k1_bindings.build/Objects-normal/arm64/7187679823f38a2a940e0043cdf9d637-common-args.resp -MMD -MT dependencies -MF /Users/j/Documents/GitHub/MoneroOne/build/Build/Intermediates.noindex/secp256k1.build/Debug-iphonesimulator/secp256k1_bindings.build/Objects-normal/arm64/precomputed_ecmult.d --serialize-diagnostics /Users/j/Documents/GitHub/MoneroOne/build/Build/Intermediates.noindex/secp256k1.build/Debug-iphonesimulator/secp256k1_bindings.build/Objects-normal/arm64/precomputed_ecmult.dia -c /Users/j/Documents/GitHub/MoneroOne/build/SourcePackages/checkouts/secp256k1.swift/Sources/secp256k1_bindings/src/precomputed_ecmult.c -o /Users/j/Documents/GitHub/MoneroOne/build/Build/Intermediates.noindex/secp256k1.build/Debug-iphonesimulator/secp256k1_bindings.build/Objects-normal/arm64/precomputed_ecmult.o -index-unit-output-path /secp256k1.build/Debug-iphonesimulator/secp256k1_bindings.build/Objects-normal/arm64/precomputed_ecmult.o

CompileC /Users/j/Documents/GitHub/MoneroOne/build/Build/Intermediates.noindex/secp256k1.build/Debug-iphonesimulator/secp256k1_bindings.build/Objects-normal/arm64/Utility.o /Users/j/Documents/GitHub/MoneroOne/build/SourcePackages/checkouts/secp256k1.swift/Sources/secp256k1_bindings/src/Utility.c normal arm64 c com.apple.compilers.llvm.clang.1_0.compiler (in target 'secp256k1_bindings' from project 'secp256k1')
    cd /Users/j/Documents/GitHub/MoneroOne/MoneroOne.xcodeproj
    
    Using response file: /Users/j/Documents/GitHub/MoneroOne/build/Build/Intermediates.noindex/secp256k1.build/Debug-iphonesimulator/secp256k1_bindings.build/Objects-normal/arm64/7187679823f38a2a940e0043cdf9d637-common-args.resp
    
    /Applications/Xcode.app/Contents/Developer/Toolchains/XcodeDefault.xctoolchain/usr/bin/clang -x c -ivfsstatcache /Users/j/Documents/GitHub/MoneroOne/build/SDKStatCaches.noindex/iphonesimulator26.1-23B77-90cf18a4295e390e64c810bc6bd7acbc.sdkstatcache -fmessage-length\=0 -fdiagnostics-show-note-include-stack -fmacro-backtrace-limit\=0 -fno-color-diagnostics -fmodules-prune-interval\=86400 -fmodules-prune-after\=345600 -fbuild-session-file\=/Users/j/Documents/GitHub/MoneroOne/build/ModuleCache.noindex/Session.modulevalidation -fmodules-validate-once-per-build-session -Wnon-modular-include-in-framework-module -Werror\=non-modular-include-in-framework-module -Wno-trigraphs -Wno-missing-field-initializers -Wno-missing-prototypes -Wno-return-type -Wno-missing-braces -Wparentheses -Wswitch -Wno-unused-function -Wno-unused-label -Wno-unused-parameter -Wno-unused-variable -Wunused-value -Wno-empty-body -Wno-uninitialized -Wno-unknown-pragmas -w -Wno-shadow -Wno-four-char-constants -Wno-conversion -Wno-constant-conversion -Wno-int-conversion -Wno-bool-conversion -Wno-enum-conversion -Wno-float-conversion -Wno-non-literal-null-conversion -Wno-objc-literal-conversion -Wshorten-64-to-32 -Wpointer-sign -Wno-newline-eof -Wno-implicit-fallthrough -fstrict-aliasing -Wdeprecated-declarations -Wno-sign-conversion -Wno-infinite-recursion -Wno-comma -Wno-block-capture-autoreleasing -Wno-strict-prototypes -Wno-semicolon-before-method-body -index-store-path /Users/j/Documents/GitHub/MoneroOne/build/Index.noindex/DataStore @/Users/j/Documents/GitHub/MoneroOne/build/Build/Intermediates.noindex/secp256k1.build/Debug-iphonesimulator/secp256k1_bindings.build/Objects-normal/arm64/7187679823f38a2a940e0043cdf9d637-common-args.resp -MMD -MT dependencies -MF /Users/j/Documents/GitHub/MoneroOne/build/Build/Intermediates.noindex/secp256k1.build/Debug-iphonesimulator/secp256k1_bindings.build/Objects-normal/arm64/Utility.d --serialize-diagnostics /Users/j/Documents/GitHub/MoneroOne/build/Build/Intermediates.noindex/secp256k1.build/Debug-iphonesimulator/secp256k1_bindings.build/Objects-normal/arm64/Utility.dia -c /Users/j/Documents/GitHub/MoneroOne/build/SourcePackages/checkouts/secp256k1.swift/Sources/secp256k1_bindings/src/Utility.c -o /Users/j/Documents/GitHub/MoneroOne/build/Build/Intermediates.noindex/secp256k1.build/Debug-iphonesimulator/secp256k1_bindings.build/Objects-normal/arm64/Utility.o -index-unit-output-path /secp256k1.build/Debug-iphonesimulator/secp256k1_bindings.build/Objects-normal/arm64/Utility.o

PrecompileModule /Users/j/Documents/GitHub/MoneroOne/build/Build/Intermediates.noindex/ExplicitPrecompiledModules/_Builtin_inttypes-7EGTS10Y91M0BQ8611YN8IQK2.scan
    cd /
    builtin-precompileModule /Users/j/Documents/GitHub/MoneroOne/build/Build/Intermediates.noindex/ExplicitPrecompiledModules/_Builtin_inttypes-7EGTS10Y91M0BQ8611YN8IQK2.scan

SwiftCompile normal arm64 Compiling\ Asymmetric.swift,\ DH.swift /Users/j/Documents/GitHub/MoneroOne/build/SourcePackages/checkouts/secp256k1.swift/Sources/secp256k1/Asymmetric.swift /Users/j/Documents/GitHub/MoneroOne/build/SourcePackages/checkouts/secp256k1.swift/Sources/secp256k1/DH.swift (in target 'secp256k1' from project 'secp256k1')

SwiftCompile normal arm64 /Users/j/Documents/GitHub/MoneroOne/build/SourcePackages/checkouts/secp256k1.swift/Sources/secp256k1/Asymmetric.swift (in target 'secp256k1' from project 'secp256k1')
    cd /Users/j/Documents/GitHub/MoneroOne/MoneroOne.xcodeproj
    

SwiftCompile normal arm64 /Users/j/Documents/GitHub/MoneroOne/build/SourcePackages/checkouts/secp256k1.swift/Sources/secp256k1/DH.swift (in target 'secp256k1' from project 'secp256k1')
    cd /Users/j/Documents/GitHub/MoneroOne/MoneroOne.xcodeproj
    

SwiftCompile normal arm64 Compiling\ Zeroization.swift /Users/j/Documents/GitHub/MoneroOne/build/SourcePackages/checkouts/secp256k1.swift/Sources/secp256k1/Zeroization.swift (in target 'secp256k1' from project 'secp256k1')

SwiftCompile normal arm64 /Users/j/Documents/GitHub/MoneroOne/build/SourcePackages/checkouts/secp256k1.swift/Sources/secp256k1/Zeroization.swift (in target 'secp256k1' from project 'secp256k1')
    cd /Users/j/Documents/GitHub/MoneroOne/MoneroOne.xcodeproj
    

CompileC /Users/j/Documents/GitHub/MoneroOne/build/Build/Intermediates.noindex/swift-nio.build/Debug-iphonesimulator/CNIOPosix.build/Objects-normal/arm64/event_loop_id.o /Users/j/Documents/GitHub/MoneroOne/build/SourcePackages/checkouts/swift-nio/Sources/CNIOPosix/event_loop_id.c normal arm64 c com.apple.compilers.llvm.clang.1_0.compiler (in target 'CNIOPosix' from project 'swift-nio')
    cd /Users/j/Documents/GitHub/MoneroOne/MoneroOne.xcodeproj
    
    Using response file: /Users/j/Documents/GitHub/MoneroOne/build/Build/Intermediates.noindex/swift-nio.build/Debug-iphonesimulator/CNIOPosix.build/Objects-normal/arm64/7187679823f38a2a940e0043cdf9d637-common-args.resp
    
    /Applications/Xcode.app/Contents/Developer/Toolchains/XcodeDefault.xctoolchain/usr/bin/clang -x c -ivfsstatcache /Users/j/Documents/GitHub/MoneroOne/build/SDKStatCaches.noindex/iphonesimulator26.1-23B77-90cf18a4295e390e64c810bc6bd7acbc.sdkstatcache -fmessage-length\=0 -fdiagnostics-show-note-include-stack -fmacro-backtrace-limit\=0 -fno-color-diagnostics -fmodules-prune-interval\=86400 -fmodules-prune-after\=345600 -fbuild-session-file\=/Users/j/Documents/GitHub/MoneroOne/build/ModuleCache.noindex/Session.modulevalidation -fmodules-validate-once-per-build-session -Wnon-modular-include-in-framework-module -Werror\=non-modular-include-in-framework-module -Wno-trigraphs -Wno-missing-field-initializers -Wno-missing-prototypes -Wno-return-type -Wno-missing-braces -Wparentheses -Wswitch -Wno-unused-function -Wno-unused-label -Wno-unused-parameter -Wno-unused-variable -Wunused-value -Wno-empty-body -Wno-uninitialized -Wno-unknown-pragmas -w -Wno-shadow -Wno-four-char-constants -Wno-conversion -Wno-constant-conversion -Wno-int-conversion -Wno-bool-conversion -Wno-enum-conversion -Wno-float-conversion -Wno-non-literal-null-conversion -Wno-objc-literal-conversion -Wshorten-64-to-32 -Wpointer-sign -Wno-newline-eof -Wno-implicit-fallthrough -fstrict-aliasing -Wdeprecated-declarations -Wno-sign-conversion -Wno-infinite-recursion -Wno-comma -Wno-block-capture-autoreleasing -Wno-strict-prototypes -Wno-semicolon-before-method-body -index-store-path /Users/j/Documents/GitHub/MoneroOne/build/Index.noindex/DataStore @/Users/j/Documents/GitHub/MoneroOne/build/Build/Intermediates.noindex/swift-nio.build/Debug-iphonesimulator/CNIOPosix.build/Objects-normal/arm64/7187679823f38a2a940e0043cdf9d637-common-args.resp -MMD -MT dependencies -MF /Users/j/Documents/GitHub/MoneroOne/build/Build/Intermediates.noindex/swift-nio.build/Debug-iphonesimulator/CNIOPosix.build/Objects-normal/arm64/event_loop_id.d --serialize-diagnostics /Users/j/Documents/GitHub/MoneroOne/build/Build/Intermediates.noindex/swift-nio.build/Debug-iphonesimulator/CNIOPosix.build/Objects-normal/arm64/event_loop_id.dia -c /Users/j/Documents/GitHub/MoneroOne/build/SourcePackages/checkouts/swift-nio/Sources/CNIOPosix/event_loop_id.c -o /Users/j/Documents/GitHub/MoneroOne/build/Build/Intermediates.noindex/swift-nio.build/Debug-iphonesimulator/CNIOPosix.build/Objects-normal/arm64/event_loop_id.o -index-unit-output-path /swift-nio.build/Debug-iphonesimulator/CNIOPosix.build/Objects-normal/arm64/event_loop_id.o

SwiftDriverJobDiscovery normal arm64 Compiling Zeroization.swift (in target 'secp256k1' from project 'secp256k1')

SwiftCompile normal arm64 Compiling\ Errors.swift,\ Exports.swift /Users/j/Documents/GitHub/MoneroOne/build/SourcePackages/checkouts/secp256k1.swift/Sources/secp256k1/Errors.swift /Users/j/Documents/GitHub/MoneroOne/build/SourcePackages/checkouts/secp256k1.swift/Sources/secp256k1/Exports.swift (in target 'secp256k1' from project 'secp256k1')

SwiftCompile normal arm64 /Users/j/Documents/GitHub/MoneroOne/build/SourcePackages/checkouts/secp256k1.swift/Sources/secp256k1/Errors.swift (in target 'secp256k1' from project 'secp256k1')
    cd /Users/j/Documents/GitHub/MoneroOne/MoneroOne.xcodeproj
    

SwiftCompile normal arm64 /Users/j/Documents/GitHub/MoneroOne/build/SourcePackages/checkouts/secp256k1.swift/Sources/secp256k1/Exports.swift (in target 'secp256k1' from project 'secp256k1')
    cd /Users/j/Documents/GitHub/MoneroOne/MoneroOne.xcodeproj
    

Ld /Users/j/Documents/GitHub/MoneroOne/build/Build/Products/Debug-iphonesimulator/CNIOPosix.o normal (in target 'CNIOPosix' from project 'swift-nio')
    cd /Users/j/Documents/GitHub/MoneroOne/build/SourcePackages/checkouts/swift-nio
    /Applications/Xcode.app/Contents/Developer/Toolchains/XcodeDefault.xctoolchain/usr/bin/clang -Xlinker -reproducible -target arm64-apple-ios12.0-simulator -r -isysroot /Applications/Xcode.app/Contents/Developer/Platforms/iPhoneSimulator.platform/Developer/SDKs/iPhoneSimulator26.1.sdk -O0 -w -L/Users/j/Documents/GitHub/MoneroOne/build/Build/Intermediates.noindex/EagerLinkingTBDs/Debug-iphonesimulator -L/Users/j/Documents/GitHub/MoneroOne/build/Build/Products/Debug-iphonesimulator -L/Applications/Xcode.app/Contents/Developer/Platforms/iPhoneSimulator.platform/Developer/usr/lib -F/Users/j/Documents/GitHub/MoneroOne/build/Build/Intermediates.noindex/EagerLinkingTBDs/Debug-iphonesimulator -F/Users/j/Documents/GitHub/MoneroOne/build/Build/Products/Debug-iphonesimulator -iframework /Applications/Xcode.app/Contents/Developer/Platforms/iPhoneSimulator.platform/Developer/Library/Frameworks -iframework /Applications/Xcode.app/Contents/Developer/Platforms/iPhoneSimulator.platform/Developer/SDKs/iPhoneSimulator26.1.sdk/Developer/Library/Frameworks -filelist /Users/j/Documents/GitHub/MoneroOne/build/Build/Intermediates.noindex/swift-nio.build/Debug-iphonesimulator/CNIOPosix.build/Objects-normal/arm64/CNIOPosix.LinkFileList -nostdlib -Xlinker -object_path_lto -Xlinker /Users/j/Documents/GitHub/MoneroOne/build/Build/Intermediates.noindex/swift-nio.build/Debug-iphonesimulator/CNIOPosix.build/Objects-normal/arm64/CNIOPosix_lto.o -rdynamic -Xlinker -no_deduplicate -Xlinker -objc_abi_version -Xlinker 2 -Xlinker -dependency_info -Xlinker /Users/j/Documents/GitHub/MoneroOne/build/Build/Intermediates.noindex/swift-nio.build/Debug-iphonesimulator/CNIOPosix.build/Objects-normal/arm64/CNIOPosix_dependency_info.dat -o /Users/j/Documents/GitHub/MoneroOne/build/Build/Products/Debug-iphonesimulator/CNIOPosix.o

Ld /Users/j/Documents/GitHub/MoneroOne/build/Build/Products/Debug-iphonesimulator/CMonero.o normal (in target 'CMonero' from project 'MoneroKit.swift')
    cd /Users/j/Documents/GitHub/MoneroKit.Swift
    /Applications/Xcode.app/Contents/Developer/Toolchains/XcodeDefault.xctoolchain/usr/bin/clang++ -Xlinker -reproducible -target arm64-apple-ios15.0-simulator -r -isysroot /Applications/Xcode.app/Contents/Developer/Platforms/iPhoneSimulator.platform/Developer/SDKs/iPhoneSimulator26.1.sdk -O0 -L/Users/j/Documents/GitHub/MoneroOne/build/Build/Intermediates.noindex/EagerLinkingTBDs/Debug-iphonesimulator -L/Users/j/Documents/GitHub/MoneroOne/build/Build/Products/Debug-iphonesimulator -L/Applications/Xcode.app/Contents/Developer/Platforms/iPhoneSimulator.platform/Developer/usr/lib -F/Users/j/Documents/GitHub/MoneroOne/build/Build/Intermediates.noindex/EagerLinkingTBDs/Debug-iphonesimulator -F/Users/j/Documents/GitHub/MoneroOne/build/Build/Products/Debug-iphonesimulator -iframework /Applications/Xcode.app/Contents/Developer/Platforms/iPhoneSimulator.platform/Developer/Library/Frameworks -iframework /Applications/Xcode.app/Contents/Developer/Platforms/iPhoneSimulator.platform/Developer/SDKs/iPhoneSimulator26.1.sdk/Developer/Library/Frameworks -filelist /Users/j/Documents/GitHub/MoneroOne/build/Build/Intermediates.noindex/MoneroKit.swift.build/Debug-iphonesimulator/CMonero.build/Objects-normal/arm64/CMonero.LinkFileList -nostdlib -Xlinker -object_path_lto -Xlinker /Users/j/Documents/GitHub/MoneroOne/build/Build/Intermediates.noindex/MoneroKit.swift.build/Debug-iphonesimulator/CMonero.build/Objects-normal/arm64/CMonero_lto.o -rdynamic -Xlinker -no_deduplicate -Xlinker -objc_abi_version -Xlinker 2 -Xlinker -dependency_info -Xlinker /Users/j/Documents/GitHub/MoneroOne/build/Build/Intermediates.noindex/MoneroKit.swift.build/Debug-iphonesimulator/CMonero.build/Objects-normal/arm64/CMonero_dependency_info.dat -o /Users/j/Documents/GitHub/MoneroOne/build/Build/Products/Debug-iphonesimulator/CMonero.o

SwiftCompile normal arm64 Compiling\ Schnorr.swift,\ SecureBytes.swift /Users/j/Documents/GitHub/MoneroOne/build/SourcePackages/checkouts/secp256k1.swift/Sources/secp256k1/Schnorr.swift /Users/j/Documents/GitHub/MoneroOne/build/SourcePackages/checkouts/secp256k1.swift/Sources/secp256k1/SecureBytes.swift (in target 'secp256k1' from project 'secp256k1')
SwiftCompile normal arm64 /Users/j/Documents/GitHub/MoneroOne/build/SourcePackages/checkouts/secp256k1.swift/Sources/secp256k1/Schnorr.swift (in target 'secp256k1' from project 'secp256k1')
    cd /Users/j/Documents/GitHub/MoneroOne/MoneroOne.xcodeproj
    

SwiftCompile normal arm64 /Users/j/Documents/GitHub/MoneroOne/build/SourcePackages/checkouts/secp256k1.swift/Sources/secp256k1/SecureBytes.swift (in target 'secp256k1' from project 'secp256k1')
    cd /Users/j/Documents/GitHub/MoneroOne/MoneroOne.xcodeproj
    

SwiftCompile normal arm64 Compiling\ _TinyArray.swift /Users/j/Documents/GitHub/MoneroOne/build/SourcePackages/checkouts/swift-nio/Sources/_NIODataStructures/_TinyArray.swift (in target '_NIODataStructures' from project 'swift-nio')

SwiftCompile normal arm64 /Users/j/Documents/GitHub/MoneroOne/build/SourcePackages/checkouts/swift-nio/Sources/_NIODataStructures/_TinyArray.swift (in target '_NIODataStructures' from project 'swift-nio')
    cd /Users/j/Documents/GitHub/MoneroOne/MoneroOne.xcodeproj
    

SwiftDriverJobDiscovery normal arm64 Compiling Asymmetric.swift, DH.swift (in target 'secp256k1' from project 'secp256k1')

SwiftCompile normal arm64 Compiling\ PriorityQueue.swift /Users/j/Documents/GitHub/MoneroOne/build/SourcePackages/checkouts/swift-nio/Sources/_NIODataStructures/PriorityQueue.swift (in target '_NIODataStructures' from project 'swift-nio')

SwiftCompile normal arm64 /Users/j/Documents/GitHub/MoneroOne/build/SourcePackages/checkouts/swift-nio/Sources/_NIODataStructures/PriorityQueue.swift (in target '_NIODataStructures' from project 'swift-nio')
    cd /Users/j/Documents/GitHub/MoneroOne/MoneroOne.xcodeproj
    

SwiftCompile normal arm64 Compiling\ Heap.swift /Users/j/Documents/GitHub/MoneroOne/build/SourcePackages/checkouts/swift-nio/Sources/_NIODataStructures/Heap.swift (in target '_NIODataStructures' from project 'swift-nio')
SwiftCompile normal arm64 /Users/j/Documents/GitHub/MoneroOne/build/SourcePackages/checkouts/swift-nio/Sources/_NIODataStructures/Heap.swift (in target '_NIODataStructures' from project 'swift-nio')
    cd /Users/j/Documents/GitHub/MoneroOne/MoneroOne.xcodeproj
    

SwiftDriverJobDiscovery normal arm64 Compiling Errors.swift, Exports.swift (in target 'secp256k1' from project 'secp256k1')

SwiftDriverJobDiscovery normal arm64 Compiling RNG_boring.swift, Recovery.swift (in target 'secp256k1' from project 'secp256k1')

SwiftDriverJobDiscovery normal arm64 Compiling Digest.swift, ECDH.swift (in target 'secp256k1' from project 'secp256k1')

SwiftCompile normal arm64 Compiling\ Base64.swift /Users/j/Documents/GitHub/MoneroOne/build/SourcePackages/checkouts/swift-nio/Sources/_NIOBase64/Base64.swift (in target '_NIOBase64' from project 'swift-nio')

SwiftCompile normal arm64 /Users/j/Documents/GitHub/MoneroOne/build/SourcePackages/checkouts/swift-nio/Sources/_NIOBase64/Base64.swift (in target '_NIOBase64' from project 'swift-nio')
    cd /Users/j/Documents/GitHub/MoneroOne/MoneroOne.xcodeproj
    

SwiftCompile normal arm64 Compiling\ DateTransform.swift,\ DictionaryTransform.swift /Users/j/Documents/GitHub/MoneroOne/build/SourcePackages/checkouts/ObjectMapper/Sources/DateTransform.swift /Users/j/Documents/GitHub/MoneroOne/build/SourcePackages/checkouts/ObjectMapper/Sources/DictionaryTransform.swift (in target 'ObjectMapper' from project 'ObjectMapper')

SwiftCompile normal arm64 /Users/j/Documents/GitHub/MoneroOne/build/SourcePackages/checkouts/ObjectMapper/Sources/DateTransform.swift (in target 'ObjectMapper' from project 'ObjectMapper')
    cd /Users/j/Documents/GitHub/MoneroOne/MoneroOne.xcodeproj
    

SwiftCompile normal arm64 /Users/j/Documents/GitHub/MoneroOne/build/SourcePackages/checkouts/ObjectMapper/Sources/DictionaryTransform.swift (in target 'ObjectMapper' from project 'ObjectMapper')
    cd /Users/j/Documents/GitHub/MoneroOne/MoneroOne.xcodeproj
    

SwiftDriverJobDiscovery normal arm64 Compiling SHA256.swift, SafeCompare.swift (in target 'secp256k1' from project 'secp256k1')

SwiftCompile normal arm64 Compiling\ TransformType.swift,\ URLTransform.swift /Users/j/Documents/GitHub/MoneroOne/build/SourcePackages/checkouts/ObjectMapper/Sources/TransformType.swift /Users/j/Documents/GitHub/MoneroOne/build/SourcePackages/checkouts/ObjectMapper/Sources/URLTransform.swift (in target 'ObjectMapper' from project 'ObjectMapper')

SwiftCompile normal arm64 /Users/j/Documents/GitHub/MoneroOne/build/SourcePackages/checkouts/ObjectMapper/Sources/TransformType.swift (in target 'ObjectMapper' from project 'ObjectMapper')
    cd /Users/j/Documents/GitHub/MoneroOne/MoneroOne.xcodeproj
    

SwiftCompile normal arm64 /Users/j/Documents/GitHub/MoneroOne/build/SourcePackages/checkouts/ObjectMapper/Sources/URLTransform.swift (in target 'ObjectMapper' from project 'ObjectMapper')
    cd /Users/j/Documents/GitHub/MoneroOne/MoneroOne.xcodeproj
    

SwiftDriverJobDiscovery normal arm64 Compiling HashDigest.swift, PrettyBytes.swift (in target 'secp256k1' from project 'secp256k1')

SwiftCompile normal arm64 Compiling\ ISO8601DateTransform.swift,\ ImmutableMappable.swift /Users/j/Documents/GitHub/MoneroOne/build/SourcePackages/checkouts/ObjectMapper/Sources/ISO8601DateTransform.swift /Users/j/Documents/GitHub/MoneroOne/build/SourcePackages/checkouts/ObjectMapper/Sources/ImmutableMappable.swift (in target 'ObjectMapper' from project 'ObjectMapper')

SwiftCompile normal arm64 /Users/j/Documents/GitHub/MoneroOne/build/SourcePackages/checkouts/ObjectMapper/Sources/ISO8601DateTransform.swift (in target 'ObjectMapper' from project 'ObjectMapper')
    cd /Users/j/Documents/GitHub/MoneroOne/MoneroOne.xcodeproj
    

SwiftCompile normal arm64 /Users/j/Documents/GitHub/MoneroOne/build/SourcePackages/checkouts/ObjectMapper/Sources/ImmutableMappable.swift (in target 'ObjectMapper' from project 'ObjectMapper')
    cd /Users/j/Documents/GitHub/MoneroOne/MoneroOne.xcodeproj
    

SwiftCompile normal arm64 Compiling\ FromJSON.swift,\ HexColorTransform.swift /Users/j/Documents/GitHub/MoneroOne/build/SourcePackages/checkouts/ObjectMapper/Sources/FromJSON.swift /Users/j/Documents/GitHub/MoneroOne/build/SourcePackages/checkouts/ObjectMapper/Sources/HexColorTransform.swift (in target 'ObjectMapper' from project 'ObjectMapper')
SwiftCompile normal arm64 /Users/j/Documents/GitHub/MoneroOne/build/SourcePackages/checkouts/ObjectMapper/Sources/FromJSON.swift (in target 'ObjectMapper' from project 'ObjectMapper')
    cd /Users/j/Documents/GitHub/MoneroOne/MoneroOne.xcodeproj
    

SwiftCompile normal arm64 /Users/j/Documents/GitHub/MoneroOne/build/SourcePackages/checkouts/ObjectMapper/Sources/HexColorTransform.swift (in target 'ObjectMapper' from project 'ObjectMapper')
    cd /Users/j/Documents/GitHub/MoneroOne/MoneroOne.xcodeproj
    

SwiftDriverJobDiscovery normal arm64 Compiling Utility.swift (in target 'secp256k1' from project 'secp256k1')

SwiftDriverJobDiscovery normal arm64 Compiling ECDSA.swift, EdDSA.swift (in target 'secp256k1' from project 'secp256k1')

SwiftCompile normal arm64 Compiling\ DataTransform.swift,\ DateFormatterTransform.swift /Users/j/Documents/GitHub/MoneroOne/build/SourcePackages/checkouts/ObjectMapper/Sources/DataTransform.swift /Users/j/Documents/GitHub/MoneroOne/build/SourcePackages/checkouts/ObjectMapper/Sources/DateFormatterTransform.swift (in target 'ObjectMapper' from project 'ObjectMapper')

SwiftCompile normal arm64 /Users/j/Documents/GitHub/MoneroOne/build/SourcePackages/checkouts/ObjectMapper/Sources/DataTransform.swift (in target 'ObjectMapper' from project 'ObjectMapper')
    cd /Users/j/Documents/GitHub/MoneroOne/MoneroOne.xcodeproj
    

SwiftCompile normal arm64 /Users/j/Documents/GitHub/MoneroOne/build/SourcePackages/checkouts/ObjectMapper/Sources/DateFormatterTransform.swift (in target 'ObjectMapper' from project 'ObjectMapper')
    cd /Users/j/Documents/GitHub/MoneroOne/MoneroOne.xcodeproj
    

SwiftDriverJobDiscovery normal arm64 Compiling Signature.swift, Tweak.swift (in target 'secp256k1' from project 'secp256k1')

SwiftCompile normal arm64 Compiling\ EnumOperators.swift,\ EnumTransform.swift /Users/j/Documents/GitHub/MoneroOne/build/SourcePackages/checkouts/ObjectMapper/Sources/EnumOperators.swift /Users/j/Documents/GitHub/MoneroOne/build/SourcePackages/checkouts/ObjectMapper/Sources/EnumTransform.swift (in target 'ObjectMapper' from project 'ObjectMapper')

SwiftCompile normal arm64 /Users/j/Documents/GitHub/MoneroOne/build/SourcePackages/checkouts/ObjectMapper/Sources/EnumOperators.swift (in target 'ObjectMapper' from project 'ObjectMapper')
    cd /Users/j/Documents/GitHub/MoneroOne/MoneroOne.xcodeproj
    

SwiftCompile normal arm64 /Users/j/Documents/GitHub/MoneroOne/build/SourcePackages/checkouts/ObjectMapper/Sources/EnumTransform.swift (in target 'ObjectMapper' from project 'ObjectMapper')
    cd /Users/j/Documents/GitHub/MoneroOne/MoneroOne.xcodeproj
    

Ld /Users/j/Documents/GitHub/MoneroOne/build/Build/Products/Debug-iphonesimulator/secp256k1_bindings.o normal (in target 'secp256k1_bindings' from project 'secp256k1')
    cd /Users/j/Documents/GitHub/MoneroOne/build/SourcePackages/checkouts/secp256k1.swift
    /Applications/Xcode.app/Contents/Developer/Toolchains/XcodeDefault.xctoolchain/usr/bin/clang -Xlinker -reproducible -target arm64-apple-ios12.0-simulator -r -isysroot /Applications/Xcode.app/Contents/Developer/Platforms/iPhoneSimulator.platform/Developer/SDKs/iPhoneSimulator26.1.sdk -O0 -w -L/Users/j/Documents/GitHub/MoneroOne/build/Build/Intermediates.noindex/EagerLinkingTBDs/Debug-iphonesimulator -L/Users/j/Documents/GitHub/MoneroOne/build/Build/Products/Debug-iphonesimulator -L/Applications/Xcode.app/Contents/Developer/Platforms/iPhoneSimulator.platform/Developer/usr/lib -F/Users/j/Documents/GitHub/MoneroOne/build/Build/Intermediates.noindex/EagerLinkingTBDs/Debug-iphonesimulator -F/Users/j/Documents/GitHub/MoneroOne/build/Build/Products/Debug-iphonesimulator -iframework /Applications/Xcode.app/Contents/Developer/Platforms/iPhoneSimulator.platform/Developer/Library/Frameworks -iframework /Applications/Xcode.app/Contents/Developer/Platforms/iPhoneSimulator.platform/Developer/SDKs/iPhoneSimulator26.1.sdk/Developer/Library/Frameworks -filelist /Users/j/Documents/GitHub/MoneroOne/build/Build/Intermediates.noindex/secp256k1.build/Debug-iphonesimulator/secp256k1_bindings.build/Objects-normal/arm64/secp256k1_bindings.LinkFileList -nostdlib -Xlinker -object_path_lto -Xlinker /Users/j/Documents/GitHub/MoneroOne/build/Build/Intermediates.noindex/secp256k1.build/Debug-iphonesimulator/secp256k1_bindings.build/Objects-normal/arm64/secp256k1_bindings_lto.o -rdynamic -Xlinker -no_deduplicate -Xlinker -objc_abi_version -Xlinker 2 -Xlinker -dependency_info -Xlinker /Users/j/Documents/GitHub/MoneroOne/build/Build/Intermediates.noindex/secp256k1.build/Debug-iphonesimulator/secp256k1_bindings.build/Objects-normal/arm64/secp256k1_bindings_dependency_info.dat -o /Users/j/Documents/GitHub/MoneroOne/build/Build/Products/Debug-iphonesimulator/secp256k1_bindings.o

SwiftDriverJobDiscovery normal arm64 Compiling PriorityQueue.swift (in target '_NIODataStructures' from project 'swift-nio')

SwiftCompile normal arm64 Compiling\ CodableTransform.swift,\ CustomDateFormatTransform.swift /Users/j/Documents/GitHub/MoneroOne/build/SourcePackages/checkouts/ObjectMapper/Sources/CodableTransform.swift /Users/j/Documents/GitHub/MoneroOne/build/SourcePackages/checkouts/ObjectMapper/Sources/CustomDateFormatTransform.swift (in target 'ObjectMapper' from project 'ObjectMapper')

SwiftCompile normal arm64 /Users/j/Documents/GitHub/MoneroOne/build/SourcePackages/checkouts/ObjectMapper/Sources/CodableTransform.swift (in target 'ObjectMapper' from project 'ObjectMapper')
    cd /Users/j/Documents/GitHub/MoneroOne/MoneroOne.xcodeproj
    

SwiftCompile normal arm64 /Users/j/Documents/GitHub/MoneroOne/build/SourcePackages/checkouts/ObjectMapper/Sources/CustomDateFormatTransform.swift (in target 'ObjectMapper' from project 'ObjectMapper')
    cd /Users/j/Documents/GitHub/MoneroOne/MoneroOne.xcodeproj
    

SwiftDriverJobDiscovery normal arm64 Compiling secp256k1.swift (in target 'secp256k1' from project 'secp256k1')

SwiftCompile normal arm64 Compiling\ Operators.swift,\ ToJSON.swift /Users/j/Documents/GitHub/MoneroOne/build/SourcePackages/checkouts/ObjectMapper/Sources/Operators.swift /Users/j/Documents/GitHub/MoneroOne/build/SourcePackages/checkouts/ObjectMapper/Sources/ToJSON.swift (in target 'ObjectMapper' from project 'ObjectMapper')

SwiftCompile normal arm64 /Users/j/Documents/GitHub/MoneroOne/build/SourcePackages/checkouts/ObjectMapper/Sources/Operators.swift (in target 'ObjectMapper' from project 'ObjectMapper')
    cd /Users/j/Documents/GitHub/MoneroOne/MoneroOne.xcodeproj
    

SwiftCompile normal arm64 /Users/j/Documents/GitHub/MoneroOne/build/SourcePackages/checkouts/ObjectMapper/Sources/ToJSON.swift (in target 'ObjectMapper' from project 'ObjectMapper')
    cd /Users/j/Documents/GitHub/MoneroOne/MoneroOne.xcodeproj
    

SwiftDriverJobDiscovery normal arm64 Compiling TransformType.swift, URLTransform.swift (in target 'ObjectMapper' from project 'ObjectMapper')

SwiftCompile normal arm64 Compiling\ Mapper.swift,\ NSDecimalNumberTransform.swift /Users/j/Documents/GitHub/MoneroOne/build/SourcePackages/checkouts/ObjectMapper/Sources/Mapper.swift /Users/j/Documents/GitHub/MoneroOne/build/SourcePackages/checkouts/ObjectMapper/Sources/NSDecimalNumberTransform.swift (in target 'ObjectMapper' from project 'ObjectMapper')

SwiftCompile normal arm64 /Users/j/Documents/GitHub/MoneroOne/build/SourcePackages/checkouts/ObjectMapper/Sources/Mapper.swift (in target 'ObjectMapper' from project 'ObjectMapper')
    cd /Users/j/Documents/GitHub/MoneroOne/MoneroOne.xcodeproj
    

SwiftCompile normal arm64 /Users/j/Documents/GitHub/MoneroOne/build/SourcePackages/checkouts/ObjectMapper/Sources/NSDecimalNumberTransform.swift (in target 'ObjectMapper' from project 'ObjectMapper')
    cd /Users/j/Documents/GitHub/MoneroOne/MoneroOne.xcodeproj
    

SwiftDriverJobDiscovery normal arm64 Compiling DataTransform.swift, DateFormatterTransform.swift (in target 'ObjectMapper' from project 'ObjectMapper')

SwiftCompile normal arm64 Compiling\ IntegerOperators.swift,\ Map.swift /Users/j/Documents/GitHub/MoneroOne/build/SourcePackages/checkouts/ObjectMapper/Sources/IntegerOperators.swift /Users/j/Documents/GitHub/MoneroOne/build/SourcePackages/checkouts/ObjectMapper/Sources/Map.swift (in target 'ObjectMapper' from project 'ObjectMapper')

SwiftCompile normal arm64 /Users/j/Documents/GitHub/MoneroOne/build/SourcePackages/checkouts/ObjectMapper/Sources/IntegerOperators.swift (in target 'ObjectMapper' from project 'ObjectMapper')
    cd /Users/j/Documents/GitHub/MoneroOne/MoneroOne.xcodeproj
    

SwiftCompile normal arm64 /Users/j/Documents/GitHub/MoneroOne/build/SourcePackages/checkouts/ObjectMapper/Sources/Map.swift (in target 'ObjectMapper' from project 'ObjectMapper')
    cd /Users/j/Documents/GitHub/MoneroOne/MoneroOne.xcodeproj
    

SwiftCompile normal arm64 Compiling\ TransformOf.swift,\ TransformOperators.swift /Users/j/Documents/GitHub/MoneroOne/build/SourcePackages/checkouts/ObjectMapper/Sources/TransformOf.swift /Users/j/Documents/GitHub/MoneroOne/build/SourcePackages/checkouts/ObjectMapper/Sources/TransformOperators.swift (in target 'ObjectMapper' from project 'ObjectMapper')

SwiftCompile normal arm64 /Users/j/Documents/GitHub/MoneroOne/build/SourcePackages/checkouts/ObjectMapper/Sources/TransformOf.swift (in target 'ObjectMapper' from project 'ObjectMapper')
    cd /Users/j/Documents/GitHub/MoneroOne/MoneroOne.xcodeproj
    

SwiftCompile normal arm64 /Users/j/Documents/GitHub/MoneroOne/build/SourcePackages/checkouts/ObjectMapper/Sources/TransformOperators.swift (in target 'ObjectMapper' from project 'ObjectMapper')
    cd /Users/j/Documents/GitHub/MoneroOne/MoneroOne.xcodeproj
    

SwiftDriverJobDiscovery normal arm64 Compiling DateTransform.swift, DictionaryTransform.swift (in target 'ObjectMapper' from project 'ObjectMapper')

SwiftCompile normal arm64 Compiling\ MapError.swift,\ Mappable.swift /Users/j/Documents/GitHub/MoneroOne/build/SourcePackages/checkouts/ObjectMapper/Sources/MapError.swift /Users/j/Documents/GitHub/MoneroOne/build/SourcePackages/checkouts/ObjectMapper/Sources/Mappable.swift (in target 'ObjectMapper' from project 'ObjectMapper')

SwiftCompile normal arm64 /Users/j/Documents/GitHub/MoneroOne/build/SourcePackages/checkouts/ObjectMapper/Sources/MapError.swift (in target 'ObjectMapper' from project 'ObjectMapper')
    cd /Users/j/Documents/GitHub/MoneroOne/MoneroOne.xcodeproj
    

SwiftCompile normal arm64 /Users/j/Documents/GitHub/MoneroOne/build/SourcePackages/checkouts/ObjectMapper/Sources/Mappable.swift (in target 'ObjectMapper' from project 'ObjectMapper')
    cd /Users/j/Documents/GitHub/MoneroOne/MoneroOne.xcodeproj
    

SwiftDriverJobDiscovery normal arm64 Compiling EnumOperators.swift, EnumTransform.swift (in target 'ObjectMapper' from project 'ObjectMapper')

SwiftCompile normal arm64 Compiling\ NIOLockedValueBox.swift /Users/j/Documents/GitHub/MoneroOne/build/SourcePackages/checkouts/swift-nio/Sources/NIOConcurrencyHelpers/NIOLockedValueBox.swift (in target 'NIOConcurrencyHelpers' from project 'swift-nio')

SwiftCompile normal arm64 /Users/j/Documents/GitHub/MoneroOne/build/SourcePackages/checkouts/swift-nio/Sources/NIOConcurrencyHelpers/NIOLockedValueBox.swift (in target 'NIOConcurrencyHelpers' from project 'swift-nio')
    cd /Users/j/Documents/GitHub/MoneroOne/MoneroOne.xcodeproj
    

SwiftDriverJobDiscovery normal arm64 Compiling _TinyArray.swift (in target '_NIODataStructures' from project 'swift-nio')

SwiftDriverJobDiscovery normal arm64 Compiling Schnorr.swift, SecureBytes.swift (in target 'secp256k1' from project 'secp256k1')

SwiftCompile normal arm64 Compiling\ atomics.swift /Users/j/Documents/GitHub/MoneroOne/build/SourcePackages/checkouts/swift-nio/Sources/NIOConcurrencyHelpers/atomics.swift (in target 'NIOConcurrencyHelpers' from project 'swift-nio')

SwiftCompile normal arm64 /Users/j/Documents/GitHub/MoneroOne/build/SourcePackages/checkouts/swift-nio/Sources/NIOConcurrencyHelpers/atomics.swift (in target 'NIOConcurrencyHelpers' from project 'swift-nio')
    cd /Users/j/Documents/GitHub/MoneroOne/MoneroOne.xcodeproj
    

SwiftDriverJobDiscovery normal arm64 Compiling CodableTransform.swift, CustomDateFormatTransform.swift (in target 'ObjectMapper' from project 'ObjectMapper')

SwiftDriver\ Compilation secp256k1 normal arm64 com.apple.xcode.tools.swift.compiler (in target 'secp256k1' from project 'secp256k1')
    cd /Users/j/Documents/GitHub/MoneroOne/MoneroOne.xcodeproj
    builtin-Swift-Compilation -- /Applications/Xcode.app/Contents/Developer/Toolchains/XcodeDefault.xctoolchain/usr/bin/swiftc -module-name secp256k1 -Onone -enforce-exclusivity\=checked @/Users/j/Documents/GitHub/MoneroOne/build/Build/Intermediates.noindex/secp256k1.build/Debug-iphonesimulator/secp256k1.build/Objects-normal/arm64/secp256k1.SwiftFileList -DSWIFT_PACKAGE -DDEBUG -DSWIFT_MODULE_RESOURCE_BUNDLE_UNAVAILABLE -Xcc -fmodule-map-file\=/Users/j/Documents/GitHub/MoneroOne/build/Build/Intermediates.noindex/GeneratedModuleMaps-iphonesimulator/secp256k1_bindings.modulemap -DXcode -plugin-path /Applications/Xcode.app/Contents/Developer/Toolchains/XcodeDefault.xctoolchain/usr/lib/swift/host/plugins/testing -enable-experimental-feature DebugDescriptionMacro -sdk /Applications/Xcode.app/Contents/Developer/Platforms/iPhoneSimulator.platform/Developer/SDKs/iPhoneSimulator26.1.sdk -target arm64-apple-ios12.0-simulator -g -module-cache-path /Users/j/Documents/GitHub/MoneroOne/build/ModuleCache.noindex -Xfrontend -serialize-debugging-options -enable-testing -suppress-warnings -index-store-path /Users/j/Documents/GitHub/MoneroOne/build/Index.noindex/DataStore -Xcc -D_LIBCPP_HARDENING_MODE\=_LIBCPP_HARDENING_MODE_DEBUG -swift-version 5 -I /Users/j/Documents/GitHub/MoneroOne/build/Build/Products/Debug-iphonesimulator -Isystem /Applications/Xcode.app/Contents/Developer/Platforms/iPhoneSimulator.platform/Developer/usr/lib -F /Users/j/Documents/GitHub/MoneroOne/build/Build/Products/Debug-iphonesimulator/PackageFrameworks -F /Users/j/Documents/GitHub/MoneroOne/build/Build/Products/Debug-iphonesimulator -F /Applications/Xcode.app/Contents/Developer/Platforms/iPhoneSimulator.platform/Developer/Library/Frameworks -F /Applications/Xcode.app/Contents/Developer/Platforms/iPhoneSimulator.platform/Developer/SDKs/iPhoneSimulator26.1.sdk/Developer/Library/Frameworks -c -j12 -enable-batch-mode -incremental -Xcc -ivfsstatcache -Xcc /Users/j/Documents/GitHub/MoneroOne/build/SDKStatCaches.noindex/iphonesimulator26.1-23B77-90cf18a4295e390e64c810bc6bd7acbc.sdkstatcache -output-file-map /Users/j/Documents/GitHub/MoneroOne/build/Build/Intermediates.noindex/secp256k1.build/Debug-iphonesimulator/secp256k1.build/Objects-normal/arm64/secp256k1-OutputFileMap.json -use-frontend-parseable-output -save-temps -no-color-diagnostics -explicit-module-build -module-cache-path /Users/j/Documents/GitHub/MoneroOne/build/Build/Intermediates.noindex/SwiftExplicitPrecompiledModules -clang-scanner-module-cache-path /Users/j/Documents/GitHub/MoneroOne/build/ModuleCache.noindex -sdk-module-cache-path /Users/j/Documents/GitHub/MoneroOne/build/ModuleCache.noindex -serialize-diagnostics -emit-dependencies -emit-module -emit-module-path /Users/j/Documents/GitHub/MoneroOne/build/Build/Intermediates.noindex/secp256k1.build/Debug-iphonesimulator/secp256k1.build/Objects-normal/arm64/secp256k1.swiftmodule -validate-clang-modules-once -clang-build-session-file /Users/j/Documents/GitHub/MoneroOne/build/ModuleCache.noindex/Session.modulevalidation -Xcc -I/Users/j/Documents/GitHub/MoneroOne/build/Build/Intermediates.noindex/secp256k1.build/Debug-iphonesimulator/secp256k1.build/swift-overrides.hmap -emit-const-values -Xfrontend -const-gather-protocols-file -Xfrontend /Users/j/Documents/GitHub/MoneroOne/build/Build/Intermediates.noindex/secp256k1.build/Debug-iphonesimulator/secp256k1.build/Objects-normal/arm64/secp256k1_const_extract_protocols.json -Xcc -I/Users/j/Documents/GitHub/MoneroOne/build/SourcePackages/checkouts/secp256k1.swift/Sources/secp256k1_bindings/include -Xcc -I/Users/j/Documents/GitHub/MoneroOne/build/Build/Products/Debug-iphonesimulator/include -Xcc -I/Users/j/Documents/GitHub/MoneroOne/build/Build/Intermediates.noindex/secp256k1.build/Debug-iphonesimulator/secp256k1.build/DerivedSources-normal/arm64 -Xcc -I/Users/j/Documents/GitHub/MoneroOne/build/Build/Intermediates.noindex/secp256k1.build/Debug-iphonesimulator/secp256k1.build/DerivedSources/arm64 -Xcc -I/Users/j/Documents/GitHub/MoneroOne/build/Build/Intermediates.noindex/secp256k1.build/Debug-iphonesimulator/secp256k1.build/DerivedSources -Xcc -DSWIFT_PACKAGE -Xcc -DDEBUG\=1 -emit-objc-header -emit-objc-header-path /Users/j/Documents/GitHub/MoneroOne/build/Build/Intermediates.noindex/secp256k1.build/Debug-iphonesimulator/secp256k1.build/Objects-normal/arm64/secp256k1-Swift.h -working-directory /Users/j/Documents/GitHub/MoneroOne/MoneroOne.xcodeproj -experimental-emit-module-separately -disable-cmo

SwiftCompile normal arm64 Compiling\ NIOLock.swift /Users/j/Documents/GitHub/MoneroOne/build/SourcePackages/checkouts/swift-nio/Sources/NIOConcurrencyHelpers/NIOLock.swift (in target 'NIOConcurrencyHelpers' from project 'swift-nio')

SwiftCompile normal arm64 /Users/j/Documents/GitHub/MoneroOne/build/SourcePackages/checkouts/swift-nio/Sources/NIOConcurrencyHelpers/NIOLock.swift (in target 'NIOConcurrencyHelpers' from project 'swift-nio')
    cd /Users/j/Documents/GitHub/MoneroOne/MoneroOne.xcodeproj
    

SwiftCompile normal arm64 Compiling\ lock.swift /Users/j/Documents/GitHub/MoneroOne/build/SourcePackages/checkouts/swift-nio/Sources/NIOConcurrencyHelpers/lock.swift (in target 'NIOConcurrencyHelpers' from project 'swift-nio')

SwiftCompile normal arm64 /Users/j/Documents/GitHub/MoneroOne/build/SourcePackages/checkouts/swift-nio/Sources/NIOConcurrencyHelpers/lock.swift (in target 'NIOConcurrencyHelpers' from project 'swift-nio')
    cd /Users/j/Documents/GitHub/MoneroOne/MoneroOne.xcodeproj
    

SwiftDriverJobDiscovery normal arm64 Compiling NIOLockedValueBox.swift (in target 'NIOConcurrencyHelpers' from project 'swift-nio')

SwiftCompile normal arm64 Compiling\ NIOAtomic.swift /Users/j/Documents/GitHub/MoneroOne/build/SourcePackages/checkouts/swift-nio/Sources/NIOConcurrencyHelpers/NIOAtomic.swift (in target 'NIOConcurrencyHelpers' from project 'swift-nio')

SwiftCompile normal arm64 /Users/j/Documents/GitHub/MoneroOne/build/SourcePackages/checkouts/swift-nio/Sources/NIOConcurrencyHelpers/NIOAtomic.swift (in target 'NIOConcurrencyHelpers' from project 'swift-nio')
    cd /Users/j/Documents/GitHub/MoneroOne/MoneroOne.xcodeproj
    

SwiftDriverJobDiscovery normal arm64 Compiling Base64.swift (in target '_NIOBase64' from project 'swift-nio')

LinkAssetCatalog /Users/j/Documents/GitHub/MoneroOne/MoneroOneWidgets/Assets.xcassets (in target 'MoneroOneWidgets' from project 'MoneroOne')
    cd /Users/j/Documents/GitHub/MoneroOne
    builtin-linkAssetCatalog --thinned /Users/j/Documents/GitHub/MoneroOne/build/Build/Intermediates.noindex/MoneroOne.build/Debug-iphonesimulator/MoneroOneWidgets.build/assetcatalog_output/thinned --thinned-dependencies /Users/j/Documents/GitHub/MoneroOne/build/Build/Intermediates.noindex/MoneroOne.build/Debug-iphonesimulator/MoneroOneWidgets.build/assetcatalog_dependencies_thinned --thinned-info-plist-content /Users/j/Documents/GitHub/MoneroOne/build/Build/Intermediates.noindex/MoneroOne.build/Debug-iphonesimulator/MoneroOneWidgets.build/assetcatalog_generated_info.plist_thinned --unthinned /Users/j/Documents/GitHub/MoneroOne/build/Build/Intermediates.noindex/MoneroOne.build/Debug-iphonesimulator/MoneroOneWidgets.build/assetcatalog_output/unthinned --unthinned-dependencies /Users/j/Documents/GitHub/MoneroOne/build/Build/Intermediates.noindex/MoneroOne.build/Debug-iphonesimulator/MoneroOneWidgets.build/assetcatalog_dependencies_unthinned --unthinned-info-plist-content /Users/j/Documents/GitHub/MoneroOne/build/Build/Intermediates.noindex/MoneroOne.build/Debug-iphonesimulator/MoneroOneWidgets.build/assetcatalog_generated_info.plist_unthinned --output /Users/j/Documents/GitHub/MoneroOne/build/Build/Products/Debug-iphonesimulator/MoneroOneWidgets.appex --plist-output /Users/j/Documents/GitHub/MoneroOne/build/Build/Intermediates.noindex/MoneroOne.build/Debug-iphonesimulator/MoneroOneWidgets.build/assetcatalog_generated_info.plist
note: Emplaced /Users/j/Documents/GitHub/MoneroOne/build/Build/Products/Debug-iphonesimulator/MoneroOneWidgets.appex/Assets.car (in target 'MoneroOneWidgets' from project 'MoneroOne')

SwiftCompile normal arm64 Compiling\ SyncActivityAttributes.swift /Users/j/Documents/GitHub/MoneroOne/Shared/SyncActivityAttributes.swift (in target 'MoneroOneWidgets' from project 'MoneroOne')

SwiftCompile normal arm64 /Users/j/Documents/GitHub/MoneroOne/Shared/SyncActivityAttributes.swift (in target 'MoneroOneWidgets' from project 'MoneroOne')
    cd /Users/j/Documents/GitHub/MoneroOne
    

SwiftDriverJobDiscovery normal arm64 Compiling ISO8601DateTransform.swift, ImmutableMappable.swift (in target 'ObjectMapper' from project 'ObjectMapper')

SwiftDriver\ Compilation _NIOBase64 normal arm64 com.apple.xcode.tools.swift.compiler (in target '_NIOBase64' from project 'swift-nio')
    cd /Users/j/Documents/GitHub/MoneroOne/MoneroOne.xcodeproj
    builtin-Swift-Compilation -- /Applications/Xcode.app/Contents/Developer/Toolchains/XcodeDefault.xctoolchain/usr/bin/swiftc -module-name _NIOBase64 -Onone -enforce-exclusivity\=checked @/Users/j/Documents/GitHub/MoneroOne/build/Build/Intermediates.noindex/swift-nio.build/Debug-iphonesimulator/_NIOBase64.build/Objects-normal/arm64/_NIOBase64.SwiftFileList -DSWIFT_PACKAGE -DDEBUG -DSWIFT_MODULE_RESOURCE_BUNDLE_UNAVAILABLE -DXcode -enable-experimental-feature Lifetimes -enable-upcoming-feature MemberImportVisibility -plugin-path /Applications/Xcode.app/Contents/Developer/Toolchains/XcodeDefault.xctoolchain/usr/lib/swift/host/plugins/testing -enable-experimental-feature DebugDescriptionMacro -sdk /Applications/Xcode.app/Contents/Developer/Platforms/iPhoneSimulator.platform/Developer/SDKs/iPhoneSimulator26.1.sdk -target arm64-apple-ios12.0-simulator -g -module-cache-path /Users/j/Documents/GitHub/MoneroOne/build/ModuleCache.noindex -Xfrontend -serialize-debugging-options -enable-testing -suppress-warnings -index-store-path /Users/j/Documents/GitHub/MoneroOne/build/Index.noindex/DataStore -Xcc -D_LIBCPP_HARDENING_MODE\=_LIBCPP_HARDENING_MODE_DEBUG -swift-version 6 -I /Users/j/Documents/GitHub/MoneroOne/build/Build/Products/Debug-iphonesimulator -Isystem /Applications/Xcode.app/Contents/Developer/Platforms/iPhoneSimulator.platform/Developer/usr/lib -F /Users/j/Documents/GitHub/MoneroOne/build/Build/Products/Debug-iphonesimulator -F /Applications/Xcode.app/Contents/Developer/Platforms/iPhoneSimulator.platform/Developer/Library/Frameworks -F /Applications/Xcode.app/Contents/Developer/Platforms/iPhoneSimulator.platform/Developer/SDKs/iPhoneSimulator26.1.sdk/Developer/Library/Frameworks -parse-as-library -c -j12 -enable-batch-mode -incremental -Xcc -ivfsstatcache -Xcc /Users/j/Documents/GitHub/MoneroOne/build/SDKStatCaches.noindex/iphonesimulator26.1-23B77-90cf18a4295e390e64c810bc6bd7acbc.sdkstatcache -output-file-map /Users/j/Documents/GitHub/MoneroOne/build/Build/Intermediates.noindex/swift-nio.build/Debug-iphonesimulator/_NIOBase64.build/Objects-normal/arm64/_NIOBase64-OutputFileMap.json -use-frontend-parseable-output -save-temps -no-color-diagnostics -explicit-module-build -module-cache-path /Users/j/Documents/GitHub/MoneroOne/build/Build/Intermediates.noindex/SwiftExplicitPrecompiledModules -clang-scanner-module-cache-path /Users/j/Documents/GitHub/MoneroOne/build/ModuleCache.noindex -sdk-module-cache-path /Users/j/Documents/GitHub/MoneroOne/build/ModuleCache.noindex -serialize-diagnostics -emit-dependencies -emit-module -emit-module-path /Users/j/Documents/GitHub/MoneroOne/build/Build/Intermediates.noindex/swift-nio.build/Debug-iphonesimulator/_NIOBase64.build/Objects-normal/arm64/_NIOBase64.swiftmodule -user-module-version 2.92.2 -validate-clang-modules-once -clang-build-session-file /Users/j/Documents/GitHub/MoneroOne/build/ModuleCache.noindex/Session.modulevalidation -package-name swift_nio -Xcc -I/Users/j/Documents/GitHub/MoneroOne/build/Build/Intermediates.noindex/swift-nio.build/Debug-iphonesimulator/_NIOBase64.build/swift-overrides.hmap -emit-const-values -Xfrontend -const-gather-protocols-file -Xfrontend /Users/j/Documents/GitHub/MoneroOne/build/Build/Intermediates.noindex/swift-nio.build/Debug-iphonesimulator/_NIOBase64.build/Objects-normal/arm64/_NIOBase64_const_extract_protocols.json -Xcc -I/Users/j/Documents/GitHub/MoneroOne/build/Build/Products/Debug-iphonesimulator/include -Xcc -I/Users/j/Documents/GitHub/MoneroOne/build/Build/Intermediates.noindex/swift-nio.build/Debug-iphonesimulator/_NIOBase64.build/DerivedSources-normal/arm64 -Xcc -I/Users/j/Documents/GitHub/MoneroOne/build/Build/Intermediates.noindex/swift-nio.build/Debug-iphonesimulator/_NIOBase64.build/DerivedSources/arm64 -Xcc -I/Users/j/Documents/GitHub/MoneroOne/build/Build/Intermediates.noindex/swift-nio.build/Debug-iphonesimulator/_NIOBase64.build/DerivedSources -Xcc -DSWIFT_PACKAGE -Xcc -DDEBUG\=1 -emit-objc-header -emit-objc-header-path /Users/j/Documents/GitHub/MoneroOne/build/Build/Intermediates.noindex/swift-nio.build/Debug-iphonesimulator/_NIOBase64.build/Objects-normal/arm64/_NIOBase64-Swift.h -working-directory /Users/j/Documents/GitHub/MoneroOne/MoneroOne.xcodeproj -experimental-emit-module-separately -disable-cmo

SwiftCompile normal arm64 Compiling\ MoneroOneWidgetsBundle.swift /Users/j/Documents/GitHub/MoneroOne/MoneroOneWidgets/MoneroOneWidgetsBundle.swift (in target 'MoneroOneWidgets' from project 'MoneroOne')
SwiftCompile normal arm64 /Users/j/Documents/GitHub/MoneroOne/MoneroOneWidgets/MoneroOneWidgetsBundle.swift (in target 'MoneroOneWidgets' from project 'MoneroOne')
    cd /Users/j/Documents/GitHub/MoneroOne
    

SwiftDriverJobDiscovery normal arm64 Compiling Heap.swift (in target '_NIODataStructures' from project 'swift-nio')

SwiftDriver\ Compilation _NIODataStructures normal arm64 com.apple.xcode.tools.swift.compiler (in target '_NIODataStructures' from project 'swift-nio')
    cd /Users/j/Documents/GitHub/MoneroOne/MoneroOne.xcodeproj
    builtin-Swift-Compilation -- /Applications/Xcode.app/Contents/Developer/Toolchains/XcodeDefault.xctoolchain/usr/bin/swiftc -module-name _NIODataStructures -Onone -enforce-exclusivity\=checked @/Users/j/Documents/GitHub/MoneroOne/build/Build/Intermediates.noindex/swift-nio.build/Debug-iphonesimulator/_NIODataStructures.build/Objects-normal/arm64/_NIODataStructures.SwiftFileList -DSWIFT_PACKAGE -DDEBUG -DSWIFT_MODULE_RESOURCE_BUNDLE_UNAVAILABLE -DXcode -enable-experimental-feature Lifetimes -enable-upcoming-feature MemberImportVisibility -plugin-path /Applications/Xcode.app/Contents/Developer/Toolchains/XcodeDefault.xctoolchain/usr/lib/swift/host/plugins/testing -enable-experimental-feature DebugDescriptionMacro -sdk /Applications/Xcode.app/Contents/Developer/Platforms/iPhoneSimulator.platform/Developer/SDKs/iPhoneSimulator26.1.sdk -target arm64-apple-ios12.0-simulator -g -module-cache-path /Users/j/Documents/GitHub/MoneroOne/build/ModuleCache.noindex -Xfrontend -serialize-debugging-options -enable-testing -suppress-warnings -index-store-path /Users/j/Documents/GitHub/MoneroOne/build/Index.noindex/DataStore -Xcc -D_LIBCPP_HARDENING_MODE\=_LIBCPP_HARDENING_MODE_DEBUG -swift-version 6 -I /Users/j/Documents/GitHub/MoneroOne/build/Build/Products/Debug-iphonesimulator -Isystem /Applications/Xcode.app/Contents/Developer/Platforms/iPhoneSimulator.platform/Developer/usr/lib -F /Users/j/Documents/GitHub/MoneroOne/build/Build/Products/Debug-iphonesimulator -F /Applications/Xcode.app/Contents/Developer/Platforms/iPhoneSimulator.platform/Developer/Library/Frameworks -F /Applications/Xcode.app/Contents/Developer/Platforms/iPhoneSimulator.platform/Developer/SDKs/iPhoneSimulator26.1.sdk/Developer/Library/Frameworks -c -j12 -enable-batch-mode -incremental -Xcc -ivfsstatcache -Xcc /Users/j/Documents/GitHub/MoneroOne/build/SDKStatCaches.noindex/iphonesimulator26.1-23B77-90cf18a4295e390e64c810bc6bd7acbc.sdkstatcache -output-file-map /Users/j/Documents/GitHub/MoneroOne/build/Build/Intermediates.noindex/swift-nio.build/Debug-iphonesimulator/_NIODataStructures.build/Objects-normal/arm64/_NIODataStructures-OutputFileMap.json -use-frontend-parseable-output -save-temps -no-color-diagnostics -explicit-module-build -module-cache-path /Users/j/Documents/GitHub/MoneroOne/build/Build/Intermediates.noindex/SwiftExplicitPrecompiledModules -clang-scanner-module-cache-path /Users/j/Documents/GitHub/MoneroOne/build/ModuleCache.noindex -sdk-module-cache-path /Users/j/Documents/GitHub/MoneroOne/build/ModuleCache.noindex -serialize-diagnostics -emit-dependencies -emit-module -emit-module-path /Users/j/Documents/GitHub/MoneroOne/build/Build/Intermediates.noindex/swift-nio.build/Debug-iphonesimulator/_NIODataStructures.build/Objects-normal/arm64/_NIODataStructures.swiftmodule -user-module-version 2.92.2 -validate-clang-modules-once -clang-build-session-file /Users/j/Documents/GitHub/MoneroOne/build/ModuleCache.noindex/Session.modulevalidation -package-name swift_nio -Xcc -I/Users/j/Documents/GitHub/MoneroOne/build/Build/Intermediates.noindex/swift-nio.build/Debug-iphonesimulator/_NIODataStructures.build/swift-overrides.hmap -emit-const-values -Xfrontend -const-gather-protocols-file -Xfrontend /Users/j/Documents/GitHub/MoneroOne/build/Build/Intermediates.noindex/swift-nio.build/Debug-iphonesimulator/_NIODataStructures.build/Objects-normal/arm64/_NIODataStructures_const_extract_protocols.json -Xcc -I/Users/j/Documents/GitHub/MoneroOne/build/Build/Products/Debug-iphonesimulator/include -Xcc -I/Users/j/Documents/GitHub/MoneroOne/build/Build/Intermediates.noindex/swift-nio.build/Debug-iphonesimulator/_NIODataStructures.build/DerivedSources-normal/arm64 -Xcc -I/Users/j/Documents/GitHub/MoneroOne/build/Build/Intermediates.noindex/swift-nio.build/Debug-iphonesimulator/_NIODataStructures.build/DerivedSources/arm64 -Xcc -I/Users/j/Documents/GitHub/MoneroOne/build/Build/Intermediates.noindex/swift-nio.build/Debug-iphonesimulator/_NIODataStructures.build/DerivedSources -Xcc -DSWIFT_PACKAGE -Xcc -DDEBUG\=1 -emit-objc-header -emit-objc-header-path /Users/j/Documents/GitHub/MoneroOne/build/Build/Intermediates.noindex/swift-nio.build/Debug-iphonesimulator/_NIODataStructures.build/Objects-normal/arm64/_NIODataStructures-Swift.h -working-directory /Users/j/Documents/GitHub/MoneroOne/MoneroOne.xcodeproj -experimental-emit-module-separately -disable-cmo

SwiftDriverJobDiscovery normal arm64 Compiling MapError.swift, Mappable.swift (in target 'ObjectMapper' from project 'ObjectMapper')

ProcessInfoPlistFile /Users/j/Documents/GitHub/MoneroOne/build/Build/Products/Debug-iphonesimulator/MoneroOneWidgets.appex/Info.plist /Users/j/Documents/GitHub/MoneroOne/MoneroOneWidgets/Info.plist (in target 'MoneroOneWidgets' from project 'MoneroOne')
    cd /Users/j/Documents/GitHub/MoneroOne
    builtin-infoPlistUtility /Users/j/Documents/GitHub/MoneroOne/MoneroOneWidgets/Info.plist -producttype com.apple.product-type.app-extension -expandbuildsettings -format binary -platform iphonesimulator -additionalcontentfile /Users/j/Documents/GitHub/MoneroOne/build/Build/Intermediates.noindex/MoneroOne.build/Debug-iphonesimulator/MoneroOneWidgets.build/assetcatalog_generated_info.plist -o /Users/j/Documents/GitHub/MoneroOne/build/Build/Products/Debug-iphonesimulator/MoneroOneWidgets.appex/Info.plist

SwiftCompile normal arm64 Compiling\ SyncLiveActivity.swift /Users/j/Documents/GitHub/MoneroOne/MoneroOneWidgets/SyncLiveActivity.swift (in target 'MoneroOneWidgets' from project 'MoneroOne')
SwiftCompile normal arm64 /Users/j/Documents/GitHub/MoneroOne/MoneroOneWidgets/SyncLiveActivity.swift (in target 'MoneroOneWidgets' from project 'MoneroOne')
    cd /Users/j/Documents/GitHub/MoneroOne
    

SwiftCompile normal arm64 Compiling\ GeneratedAssetSymbols.swift /Users/j/Documents/GitHub/MoneroOne/build/Build/Intermediates.noindex/MoneroOne.build/Debug-iphonesimulator/MoneroOneWidgets.build/DerivedSources/GeneratedAssetSymbols.swift (in target 'MoneroOneWidgets' from project 'MoneroOne')

SwiftCompile normal arm64 /Users/j/Documents/GitHub/MoneroOne/build/Build/Intermediates.noindex/MoneroOne.build/Debug-iphonesimulator/MoneroOneWidgets.build/DerivedSources/GeneratedAssetSymbols.swift (in target 'MoneroOneWidgets' from project 'MoneroOne')
    cd /Users/j/Documents/GitHub/MoneroOne
    

SwiftDriverJobDiscovery normal arm64 Compiling Operators.swift, ToJSON.swift (in target 'ObjectMapper' from project 'ObjectMapper')

SwiftCompile normal arm64 Compiling\ UnsafeRawBufferPointer+Extras.swift /Users/j/Documents/GitHub/MoneroOne/build/SourcePackages/checkouts/swift-collections/Sources/InternalCollectionsUtilities/autogenerated/UnsafeRawBufferPointer+Extras.swift (in target 'InternalCollectionsUtilities' from project 'swift-collections')

SwiftCompile normal arm64 /Users/j/Documents/GitHub/MoneroOne/build/SourcePackages/checkouts/swift-collections/Sources/InternalCollectionsUtilities/autogenerated/UnsafeRawBufferPointer+Extras.swift (in target 'InternalCollectionsUtilities' from project 'swift-collections')
    cd /Users/j/Documents/GitHub/MoneroOne/MoneroOne.xcodeproj
    

SwiftDriverJobDiscovery normal arm64 Compiling NIOLock.swift (in target 'NIOConcurrencyHelpers' from project 'swift-nio')

SwiftCompile normal arm64 Compiling\ UInt+first\ and\ last\ set\ bit.swift,\ UInt+reversed.swift /Users/j/Documents/GitHub/MoneroOne/build/SourcePackages/checkouts/swift-collections/Sources/InternalCollectionsUtilities/IntegerTricks/autogenerated/UInt+first\ and\ last\ set\ bit.swift /Users/j/Documents/GitHub/MoneroOne/build/SourcePackages/checkouts/swift-collections/Sources/InternalCollectionsUtilities/IntegerTricks/autogenerated/UInt+reversed.swift (in target 'InternalCollectionsUtilities' from project 'swift-collections')

SwiftCompile normal arm64 /Users/j/Documents/GitHub/MoneroOne/build/SourcePackages/checkouts/swift-collections/Sources/InternalCollectionsUtilities/IntegerTricks/autogenerated/UInt+first\ and\ last\ set\ bit.swift (in target 'InternalCollectionsUtilities' from project 'swift-collections')
    cd /Users/j/Documents/GitHub/MoneroOne/MoneroOne.xcodeproj
    

SwiftCompile normal arm64 /Users/j/Documents/GitHub/MoneroOne/build/SourcePackages/checkouts/swift-collections/Sources/InternalCollectionsUtilities/IntegerTricks/autogenerated/UInt+reversed.swift (in target 'InternalCollectionsUtilities' from project 'swift-collections')
    cd /Users/j/Documents/GitHub/MoneroOne/MoneroOne.xcodeproj
    

SwiftDriverJobDiscovery normal arm64 Compiling atomics.swift (in target 'NIOConcurrencyHelpers' from project 'swift-nio')

SwiftCompile normal arm64 Compiling\ UnsafeMutableBufferPointer+Extras.swift /Users/j/Documents/GitHub/MoneroOne/build/SourcePackages/checkouts/swift-collections/Sources/InternalCollectionsUtilities/autogenerated/UnsafeMutableBufferPointer+Extras.swift (in target 'InternalCollectionsUtilities' from project 'swift-collections')

SwiftCompile normal arm64 /Users/j/Documents/GitHub/MoneroOne/build/SourcePackages/checkouts/swift-collections/Sources/InternalCollectionsUtilities/autogenerated/UnsafeMutableBufferPointer+Extras.swift (in target 'InternalCollectionsUtilities' from project 'swift-collections')
    cd /Users/j/Documents/GitHub/MoneroOne/MoneroOne.xcodeproj
    

SwiftDriverJobDiscovery normal arm64 Compiling Mapper.swift, NSDecimalNumberTransform.swift (in target 'ObjectMapper' from project 'ObjectMapper')

SwiftCompile normal arm64 Compiling\ UnsafeMutableRawBufferPointer+Extras.swift /Users/j/Documents/GitHub/MoneroOne/build/SourcePackages/checkouts/swift-collections/Sources/InternalCollectionsUtilities/autogenerated/UnsafeMutableRawBufferPointer+Extras.swift (in target 'InternalCollectionsUtilities' from project 'swift-collections')

SwiftCompile normal arm64 /Users/j/Documents/GitHub/MoneroOne/build/SourcePackages/checkouts/swift-collections/Sources/InternalCollectionsUtilities/autogenerated/UnsafeMutableRawBufferPointer+Extras.swift (in target 'InternalCollectionsUtilities' from project 'swift-collections')
    cd /Users/j/Documents/GitHub/MoneroOne/MoneroOne.xcodeproj
    

SwiftDriverJobDiscovery normal arm64 Compiling NIOAtomic.swift (in target 'NIOConcurrencyHelpers' from project 'swift-nio')

SwiftCompile normal arm64 Compiling\ Descriptions.swift /Users/j/Documents/GitHub/MoneroOne/build/SourcePackages/checkouts/swift-collections/Sources/InternalCollectionsUtilities/autogenerated/Descriptions.swift (in target 'InternalCollectionsUtilities' from project 'swift-collections')

SwiftCompile normal arm64 /Users/j/Documents/GitHub/MoneroOne/build/SourcePackages/checkouts/swift-collections/Sources/InternalCollectionsUtilities/autogenerated/Descriptions.swift (in target 'InternalCollectionsUtilities' from project 'swift-collections')
    cd /Users/j/Documents/GitHub/MoneroOne/MoneroOne.xcodeproj
    

SwiftDriverJobDiscovery normal arm64 Compiling TransformOf.swift, TransformOperators.swift (in target 'ObjectMapper' from project 'ObjectMapper')

SwiftCompile normal arm64 Compiling\ _UnsafeBitSet+Index.swift,\ _UnsafeBitSet+_Word.swift /Users/j/Documents/GitHub/MoneroOne/build/SourcePackages/checkouts/swift-collections/Sources/InternalCollectionsUtilities/UnsafeBitSet/autogenerated/_UnsafeBitSet+Index.swift /Users/j/Documents/GitHub/MoneroOne/build/SourcePackages/checkouts/swift-collections/Sources/InternalCollectionsUtilities/UnsafeBitSet/autogenerated/_UnsafeBitSet+_Word.swift (in target 'InternalCollectionsUtilities' from project 'swift-collections')

SwiftCompile normal arm64 /Users/j/Documents/GitHub/MoneroOne/build/SourcePackages/checkouts/swift-collections/Sources/InternalCollectionsUtilities/UnsafeBitSet/autogenerated/_UnsafeBitSet+Index.swift (in target 'InternalCollectionsUtilities' from project 'swift-collections')
    cd /Users/j/Documents/GitHub/MoneroOne/MoneroOne.xcodeproj
    

SwiftCompile normal arm64 /Users/j/Documents/GitHub/MoneroOne/build/SourcePackages/checkouts/swift-collections/Sources/InternalCollectionsUtilities/UnsafeBitSet/autogenerated/_UnsafeBitSet+_Word.swift (in target 'InternalCollectionsUtilities' from project 'swift-collections')
    cd /Users/j/Documents/GitHub/MoneroOne/MoneroOne.xcodeproj
    

SwiftDriverJobDiscovery normal arm64 Compiling lock.swift (in target 'NIOConcurrencyHelpers' from project 'swift-nio')

SwiftDriver\ Compilation NIOConcurrencyHelpers normal arm64 com.apple.xcode.tools.swift.compiler (in target 'NIOConcurrencyHelpers' from project 'swift-nio')
    cd /Users/j/Documents/GitHub/MoneroOne/MoneroOne.xcodeproj
    builtin-Swift-Compilation -- /Applications/Xcode.app/Contents/Developer/Toolchains/XcodeDefault.xctoolchain/usr/bin/swiftc -module-name NIOConcurrencyHelpers -Onone -enforce-exclusivity\=checked @/Users/j/Documents/GitHub/MoneroOne/build/Build/Intermediates.noindex/swift-nio.build/Debug-iphonesimulator/NIOConcurrencyHelpers.build/Objects-normal/arm64/NIOConcurrencyHelpers.SwiftFileList -DSWIFT_PACKAGE -DDEBUG -DSWIFT_MODULE_RESOURCE_BUNDLE_UNAVAILABLE -Xcc -fmodule-map-file\=/Users/j/Documents/GitHub/MoneroOne/build/Build/Intermediates.noindex/GeneratedModuleMaps-iphonesimulator/CNIOAtomics.modulemap -DXcode -enable-experimental-feature Lifetimes -enable-upcoming-feature MemberImportVisibility -plugin-path /Applications/Xcode.app/Contents/Developer/Toolchains/XcodeDefault.xctoolchain/usr/lib/swift/host/plugins/testing -enable-experimental-feature DebugDescriptionMacro -sdk /Applications/Xcode.app/Contents/Developer/Platforms/iPhoneSimulator.platform/Developer/SDKs/iPhoneSimulator26.1.sdk -target arm64-apple-ios12.0-simulator -g -module-cache-path /Users/j/Documents/GitHub/MoneroOne/build/ModuleCache.noindex -Xfrontend -serialize-debugging-options -enable-testing -suppress-warnings -index-store-path /Users/j/Documents/GitHub/MoneroOne/build/Index.noindex/DataStore -Xcc -D_LIBCPP_HARDENING_MODE\=_LIBCPP_HARDENING_MODE_DEBUG -swift-version 6 -I /Users/j/Documents/GitHub/MoneroOne/build/Build/Products/Debug-iphonesimulator -Isystem /Applications/Xcode.app/Contents/Developer/Platforms/iPhoneSimulator.platform/Developer/usr/lib -F /Users/j/Documents/GitHub/MoneroOne/build/Build/Products/Debug-iphonesimulator/PackageFrameworks -F /Users/j/Documents/GitHub/MoneroOne/build/Build/Products/Debug-iphonesimulator -F /Applications/Xcode.app/Contents/Developer/Platforms/iPhoneSimulator.platform/Developer/Library/Frameworks -F /Applications/Xcode.app/Contents/Developer/Platforms/iPhoneSimulator.platform/Developer/SDKs/iPhoneSimulator26.1.sdk/Developer/Library/Frameworks -c -j12 -enable-batch-mode -incremental -Xcc -ivfsstatcache -Xcc /Users/j/Documents/GitHub/MoneroOne/build/SDKStatCaches.noindex/iphonesimulator26.1-23B77-90cf18a4295e390e64c810bc6bd7acbc.sdkstatcache -output-file-map /Users/j/Documents/GitHub/MoneroOne/build/Build/Intermediates.noindex/swift-nio.build/Debug-iphonesimulator/NIOConcurrencyHelpers.build/Objects-normal/arm64/NIOConcurrencyHelpers-OutputFileMap.json -use-frontend-parseable-output -save-temps -no-color-diagnostics -explicit-module-build -module-cache-path /Users/j/Documents/GitHub/MoneroOne/build/Build/Intermediates.noindex/SwiftExplicitPrecompiledModules -clang-scanner-module-cache-path /Users/j/Documents/GitHub/MoneroOne/build/ModuleCache.noindex -sdk-module-cache-path /Users/j/Documents/GitHub/MoneroOne/build/ModuleCache.noindex -serialize-diagnostics -emit-dependencies -emit-module -emit-module-path /Users/j/Documents/GitHub/MoneroOne/build/Build/Intermediates.noindex/swift-nio.build/Debug-iphonesimulator/NIOConcurrencyHelpers.build/Objects-normal/arm64/NIOConcurrencyHelpers.swiftmodule -user-module-version 2.92.2 -validate-clang-modules-once -clang-build-session-file /Users/j/Documents/GitHub/MoneroOne/build/ModuleCache.noindex/Session.modulevalidation -package-name swift_nio -Xcc -I/Users/j/Documents/GitHub/MoneroOne/build/Build/Intermediates.noindex/swift-nio.build/Debug-iphonesimulator/NIOConcurrencyHelpers.build/swift-overrides.hmap -emit-const-values -Xfrontend -const-gather-protocols-file -Xfrontend /Users/j/Documents/GitHub/MoneroOne/build/Build/Intermediates.noindex/swift-nio.build/Debug-iphonesimulator/NIOConcurrencyHelpers.build/Objects-normal/arm64/NIOConcurrencyHelpers_const_extract_protocols.json -Xcc -I/Users/j/Documents/GitHub/MoneroOne/build/SourcePackages/checkouts/swift-nio/Sources/CNIOAtomics/include -Xcc -I/Users/j/Documents/GitHub/MoneroOne/build/Build/Products/Debug-iphonesimulator/include -Xcc -I/Users/j/Documents/GitHub/MoneroOne/build/Build/Intermediates.noindex/swift-nio.build/Debug-iphonesimulator/NIOConcurrencyHelpers.build/DerivedSources-normal/arm64 -Xcc -I/Users/j/Documents/GitHub/MoneroOne/build/Build/Intermediates.noindex/swift-nio.build/Debug-iphonesimulator/NIOConcurrencyHelpers.build/DerivedSources/arm64 -Xcc -I/Users/j/Documents/GitHub/MoneroOne/build/Build/Intermediates.noindex/swift-nio.build/Debug-iphonesimulator/NIOConcurrencyHelpers.build/DerivedSources -Xcc -DSWIFT_PACKAGE -Xcc -DDEBUG\=1 -emit-objc-header -emit-objc-header-path /Users/j/Documents/GitHub/MoneroOne/build/Build/Intermediates.noindex/swift-nio.build/Debug-iphonesimulator/NIOConcurrencyHelpers.build/Objects-normal/arm64/NIOConcurrencyHelpers-Swift.h -working-directory /Users/j/Documents/GitHub/MoneroOne/MoneroOne.xcodeproj -experimental-emit-module-separately -disable-cmo

SwiftDriverJobDiscovery normal arm64 Compiling UnsafeRawBufferPointer+Extras.swift (in target 'InternalCollectionsUtilities' from project 'swift-collections')

SwiftCompile normal arm64 Compiling\ UnsafeBufferPointer+Extras.swift /Users/j/Documents/GitHub/MoneroOne/build/SourcePackages/checkouts/swift-collections/Sources/InternalCollectionsUtilities/autogenerated/UnsafeBufferPointer+Extras.swift (in target 'InternalCollectionsUtilities' from project 'swift-collections')

SwiftCompile normal arm64 /Users/j/Documents/GitHub/MoneroOne/build/SourcePackages/checkouts/swift-collections/Sources/InternalCollectionsUtilities/autogenerated/UnsafeBufferPointer+Extras.swift (in target 'InternalCollectionsUtilities' from project 'swift-collections')
    cd /Users/j/Documents/GitHub/MoneroOne/MoneroOne.xcodeproj
    

SwiftCompile normal arm64 Compiling\ FixedWidthInteger+roundUpToPowerOfTwo.swift,\ Integer\ rank.swift /Users/j/Documents/GitHub/MoneroOne/build/SourcePackages/checkouts/swift-collections/Sources/InternalCollectionsUtilities/IntegerTricks/autogenerated/FixedWidthInteger+roundUpToPowerOfTwo.swift /Users/j/Documents/GitHub/MoneroOne/build/SourcePackages/checkouts/swift-collections/Sources/InternalCollectionsUtilities/IntegerTricks/autogenerated/Integer\ rank.swift (in target 'InternalCollectionsUtilities' from project 'swift-collections')

SwiftCompile normal arm64 /Users/j/Documents/GitHub/MoneroOne/build/SourcePackages/checkouts/swift-collections/Sources/InternalCollectionsUtilities/IntegerTricks/autogenerated/FixedWidthInteger+roundUpToPowerOfTwo.swift (in target 'InternalCollectionsUtilities' from project 'swift-collections')
    cd /Users/j/Documents/GitHub/MoneroOne/MoneroOne.xcodeproj
    

SwiftCompile normal arm64 /Users/j/Documents/GitHub/MoneroOne/build/SourcePackages/checkouts/swift-collections/Sources/InternalCollectionsUtilities/IntegerTricks/autogenerated/Integer\ rank.swift (in target 'InternalCollectionsUtilities' from project 'swift-collections')
    cd /Users/j/Documents/GitHub/MoneroOne/MoneroOne.xcodeproj
    

SwiftDriverJobDiscovery normal arm64 Compiling UnsafeMutableRawBufferPointer+Extras.swift (in target 'InternalCollectionsUtilities' from project 'swift-collections')

SwiftCompile normal arm64 Compiling\ _UnsafeBitSet.swift,\ _SortedCollection.swift /Users/j/Documents/GitHub/MoneroOne/build/SourcePackages/checkouts/swift-collections/Sources/InternalCollectionsUtilities/UnsafeBitSet/autogenerated/_UnsafeBitSet.swift /Users/j/Documents/GitHub/MoneroOne/build/SourcePackages/checkouts/swift-collections/Sources/InternalCollectionsUtilities/_SortedCollection.swift (in target 'InternalCollectionsUtilities' from project 'swift-collections')

SwiftCompile normal arm64 /Users/j/Documents/GitHub/MoneroOne/build/SourcePackages/checkouts/swift-collections/Sources/InternalCollectionsUtilities/UnsafeBitSet/autogenerated/_UnsafeBitSet.swift (in target 'InternalCollectionsUtilities' from project 'swift-collections')
    cd /Users/j/Documents/GitHub/MoneroOne/MoneroOne.xcodeproj
    

SwiftCompile normal arm64 /Users/j/Documents/GitHub/MoneroOne/build/SourcePackages/checkouts/swift-collections/Sources/InternalCollectionsUtilities/_SortedCollection.swift (in target 'InternalCollectionsUtilities' from project 'swift-collections')
    cd /Users/j/Documents/GitHub/MoneroOne/MoneroOne.xcodeproj
    

SwiftDriverJobDiscovery normal arm64 Compiling IntegerOperators.swift, Map.swift (in target 'ObjectMapper' from project 'ObjectMapper')

SwiftCompile normal arm64 Compiling\ _UniqueCollection.swift,\ Debugging.swift /Users/j/Documents/GitHub/MoneroOne/build/SourcePackages/checkouts/swift-collections/Sources/InternalCollectionsUtilities/_UniqueCollection.swift /Users/j/Documents/GitHub/MoneroOne/build/SourcePackages/checkouts/swift-collections/Sources/InternalCollectionsUtilities/autogenerated/Debugging.swift (in target 'InternalCollectionsUtilities' from project 'swift-collections')

SwiftCompile normal arm64 /Users/j/Documents/GitHub/MoneroOne/build/SourcePackages/checkouts/swift-collections/Sources/InternalCollectionsUtilities/_UniqueCollection.swift (in target 'InternalCollectionsUtilities' from project 'swift-collections')
    cd /Users/j/Documents/GitHub/MoneroOne/MoneroOne.xcodeproj
    

SwiftCompile normal arm64 /Users/j/Documents/GitHub/MoneroOne/build/SourcePackages/checkouts/swift-collections/Sources/InternalCollectionsUtilities/autogenerated/Debugging.swift (in target 'InternalCollectionsUtilities' from project 'swift-collections')
    cd /Users/j/Documents/GitHub/MoneroOne/MoneroOne.xcodeproj
    

SwiftDriverJobDiscovery normal arm64 Compiling UInt+first and last set bit.swift, UInt+reversed.swift (in target 'InternalCollectionsUtilities' from project 'swift-collections')

SwiftCompile normal arm64 Compiling\ LifetimeOverride.swift /Users/j/Documents/GitHub/MoneroOne/build/SourcePackages/checkouts/swift-collections/Sources/InternalCollectionsUtilities/autogenerated/LifetimeOverride.swift (in target 'InternalCollectionsUtilities' from project 'swift-collections')

SwiftCompile normal arm64 /Users/j/Documents/GitHub/MoneroOne/build/SourcePackages/checkouts/swift-collections/Sources/InternalCollectionsUtilities/autogenerated/LifetimeOverride.swift (in target 'InternalCollectionsUtilities' from project 'swift-collections')
    cd /Users/j/Documents/GitHub/MoneroOne/MoneroOne.xcodeproj
    

SwiftDriverJobDiscovery normal arm64 Compiling Descriptions.swift (in target 'InternalCollectionsUtilities' from project 'swift-collections')

SwiftCompile normal arm64 Compiling\ RandomAccessCollection+Offsets.swift /Users/j/Documents/GitHub/MoneroOne/build/SourcePackages/checkouts/swift-collections/Sources/InternalCollectionsUtilities/autogenerated/RandomAccessCollection+Offsets.swift (in target 'InternalCollectionsUtilities' from project 'swift-collections')

SwiftCompile normal arm64 /Users/j/Documents/GitHub/MoneroOne/build/SourcePackages/checkouts/swift-collections/Sources/InternalCollectionsUtilities/autogenerated/RandomAccessCollection+Offsets.swift (in target 'InternalCollectionsUtilities' from project 'swift-collections')
    cd /Users/j/Documents/GitHub/MoneroOne/MoneroOne.xcodeproj
    

SwiftDriverJobDiscovery normal arm64 Compiling UnsafeMutableBufferPointer+Extras.swift (in target 'InternalCollectionsUtilities' from project 'swift-collections')

SwiftCompile normal arm64 Compiling\ DateFormatter.swift /Users/j/Documents/GitHub/MoneroOne/build/SourcePackages/checkouts/HsExtensions.Swift/Sources/HsExtensions/DateFormatter.swift (in target 'HsExtensions' from project 'HsExtensions.Swift')

SwiftCompile normal arm64 /Users/j/Documents/GitHub/MoneroOne/build/SourcePackages/checkouts/HsExtensions.Swift/Sources/HsExtensions/DateFormatter.swift (in target 'HsExtensions' from project 'HsExtensions.Swift')
    cd /Users/j/Documents/GitHub/MoneroOne/MoneroOne.xcodeproj
    

SwiftDriverJobDiscovery normal arm64 Compiling _UniqueCollection.swift, Debugging.swift (in target 'InternalCollectionsUtilities' from project 'swift-collections')

SwiftCompile normal arm64 Compiling\ Published.swift /Users/j/Documents/GitHub/MoneroOne/build/SourcePackages/checkouts/HsExtensions.Swift/Sources/HsExtensions/Published.swift (in target 'HsExtensions' from project 'HsExtensions.Swift')

SwiftCompile normal arm64 /Users/j/Documents/GitHub/MoneroOne/build/SourcePackages/checkouts/HsExtensions.Swift/Sources/HsExtensions/Published.swift (in target 'HsExtensions' from project 'HsExtensions.Swift')
    cd /Users/j/Documents/GitHub/MoneroOne/MoneroOne.xcodeproj
    

SwiftDriverJobDiscovery normal arm64 Compiling UnsafeBufferPointer+Extras.swift (in target 'InternalCollectionsUtilities' from project 'swift-collections')

SwiftCompile normal arm64 Compiling\ String.swift /Users/j/Documents/GitHub/MoneroOne/build/SourcePackages/checkouts/HsExtensions.Swift/Sources/HsExtensions/String.swift (in target 'HsExtensions' from project 'HsExtensions.Swift')

SwiftCompile normal arm64 /Users/j/Documents/GitHub/MoneroOne/build/SourcePackages/checkouts/HsExtensions.Swift/Sources/HsExtensions/String.swift (in target 'HsExtensions' from project 'HsExtensions.Swift')
    cd /Users/j/Documents/GitHub/MoneroOne/MoneroOne.xcodeproj
    

SwiftDriverJobDiscovery normal arm64 Compiling LifetimeOverride.swift (in target 'InternalCollectionsUtilities' from project 'swift-collections')

SwiftCompile normal arm64 Compiling\ AnyTask.swift,\ Array.swift /Users/j/Documents/GitHub/MoneroOne/build/SourcePackages/checkouts/HsExtensions.Swift/Sources/HsExtensions/AnyTask.swift /Users/j/Documents/GitHub/MoneroOne/build/SourcePackages/checkouts/HsExtensions.Swift/Sources/HsExtensions/Array.swift (in target 'HsExtensions' from project 'HsExtensions.Swift')

SwiftCompile normal arm64 /Users/j/Documents/GitHub/MoneroOne/build/SourcePackages/checkouts/HsExtensions.Swift/Sources/HsExtensions/AnyTask.swift (in target 'HsExtensions' from project 'HsExtensions.Swift')
    cd /Users/j/Documents/GitHub/MoneroOne/MoneroOne.xcodeproj
    

SwiftCompile normal arm64 /Users/j/Documents/GitHub/MoneroOne/build/SourcePackages/checkouts/HsExtensions.Swift/Sources/HsExtensions/Array.swift (in target 'HsExtensions' from project 'HsExtensions.Swift')
    cd /Users/j/Documents/GitHub/MoneroOne/MoneroOne.xcodeproj
    

SwiftDriverJobDiscovery normal arm64 Compiling RandomAccessCollection+Offsets.swift (in target 'InternalCollectionsUtilities' from project 'swift-collections')

SwiftCompile normal arm64 Compiling\ BinaryConvertible.swift,\ Data.swift /Users/j/Documents/GitHub/MoneroOne/build/SourcePackages/checkouts/HsExtensions.Swift/Sources/HsExtensions/BinaryConvertible.swift /Users/j/Documents/GitHub/MoneroOne/build/SourcePackages/checkouts/HsExtensions.Swift/Sources/HsExtensions/Data.swift (in target 'HsExtensions' from project 'HsExtensions.Swift')

SwiftCompile normal arm64 /Users/j/Documents/GitHub/MoneroOne/build/SourcePackages/checkouts/HsExtensions.Swift/Sources/HsExtensions/BinaryConvertible.swift (in target 'HsExtensions' from project 'HsExtensions.Swift')
    cd /Users/j/Documents/GitHub/MoneroOne/MoneroOne.xcodeproj
    

SwiftCompile normal arm64 /Users/j/Documents/GitHub/MoneroOne/build/SourcePackages/checkouts/HsExtensions.Swift/Sources/HsExtensions/Data.swift (in target 'HsExtensions' from project 'HsExtensions.Swift')
    cd /Users/j/Documents/GitHub/MoneroOne/MoneroOne.xcodeproj
    

SwiftDriverJobDiscovery normal arm64 Compiling SyncActivityAttributes.swift (in target 'MoneroOneWidgets' from project 'MoneroOne')

SwiftCompile normal arm64 Compiling\ Decimal.swift /Users/j/Documents/GitHub/MoneroOne/build/SourcePackages/checkouts/HsExtensions.Swift/Sources/HsExtensions/Decimal.swift (in target 'HsExtensions' from project 'HsExtensions.Swift')

SwiftCompile normal arm64 /Users/j/Documents/GitHub/MoneroOne/build/SourcePackages/checkouts/HsExtensions.Swift/Sources/HsExtensions/Decimal.swift (in target 'HsExtensions' from project 'HsExtensions.Swift')
    cd /Users/j/Documents/GitHub/MoneroOne/MoneroOne.xcodeproj
    

SwiftDriverJobDiscovery normal arm64 Compiling DateFormatter.swift (in target 'HsExtensions' from project 'HsExtensions.Swift')

SwiftCompile normal arm64 Compiling\ HsExtension.swift /Users/j/Documents/GitHub/MoneroOne/build/SourcePackages/checkouts/HsExtensions.Swift/Sources/HsExtensions/HsExtension.swift (in target 'HsExtensions' from project 'HsExtensions.Swift')

SwiftCompile normal arm64 /Users/j/Documents/GitHub/MoneroOne/build/SourcePackages/checkouts/HsExtensions.Swift/Sources/HsExtensions/HsExtension.swift (in target 'HsExtensions' from project 'HsExtensions.Swift')
    cd /Users/j/Documents/GitHub/MoneroOne/MoneroOne.xcodeproj
    

SwiftDriverJobDiscovery normal arm64 Compiling GeneratedAssetSymbols.swift (in target 'MoneroOneWidgets' from project 'MoneroOne')

SwiftCompile normal arm64 Compiling\ Date.swift /Users/j/Documents/GitHub/MoneroOne/build/SourcePackages/checkouts/HsExtensions.Swift/Sources/HsExtensions/Date.swift (in target 'HsExtensions' from project 'HsExtensions.Swift')

SwiftCompile normal arm64 /Users/j/Documents/GitHub/MoneroOne/build/SourcePackages/checkouts/HsExtensions.Swift/Sources/HsExtensions/Date.swift (in target 'HsExtensions' from project 'HsExtensions.Swift')
    cd /Users/j/Documents/GitHub/MoneroOne/MoneroOne.xcodeproj
    

SwiftDriverJobDiscovery normal arm64 Compiling Published.swift (in target 'HsExtensions' from project 'HsExtensions.Swift')

SwiftCompile normal arm64 Compiling\ Task+AnyTask.swift /Users/j/Documents/GitHub/MoneroOne/build/SourcePackages/checkouts/HsExtensions.Swift/Sources/HsExtensions/Task+AnyTask.swift (in target 'HsExtensions' from project 'HsExtensions.Swift')

SwiftCompile normal arm64 /Users/j/Documents/GitHub/MoneroOne/build/SourcePackages/checkouts/HsExtensions.Swift/Sources/HsExtensions/Task+AnyTask.swift (in target 'HsExtensions' from project 'HsExtensions.Swift')
    cd /Users/j/Documents/GitHub/MoneroOne/MoneroOne.xcodeproj
    

SwiftDriverJobDiscovery normal arm64 Compiling FixedWidthInteger+roundUpToPowerOfTwo.swift, Integer rank.swift (in target 'InternalCollectionsUtilities' from project 'swift-collections')

SwiftCompile normal arm64 Compiling\ Directory.swift /Users/j/Documents/GitHub/MoneroOne/build/SourcePackages/checkouts/HsExtensions.Swift/Sources/HsExtensions/Directory.swift (in target 'HsExtensions' from project 'HsExtensions.Swift')

SwiftCompile normal arm64 /Users/j/Documents/GitHub/MoneroOne/build/SourcePackages/checkouts/HsExtensions.Swift/Sources/HsExtensions/Directory.swift (in target 'HsExtensions' from project 'HsExtensions.Swift')
    cd /Users/j/Documents/GitHub/MoneroOne/MoneroOne.xcodeproj
    

SwiftDriverJobDiscovery normal arm64 Compiling String.swift (in target 'HsExtensions' from project 'HsExtensions.Swift')

SwiftCompile normal arm64 Compiling\ VarInt.swift /Users/j/Documents/GitHub/MoneroOne/build/SourcePackages/checkouts/HsExtensions.Swift/Sources/HsExtensions/VarInt.swift (in target 'HsExtensions' from project 'HsExtensions.Swift')

SwiftCompile normal arm64 /Users/j/Documents/GitHub/MoneroOne/build/SourcePackages/checkouts/HsExtensions.Swift/Sources/HsExtensions/VarInt.swift (in target 'HsExtensions' from project 'HsExtensions.Swift')
    cd /Users/j/Documents/GitHub/MoneroOne/MoneroOne.xcodeproj
    

SwiftDriverJobDiscovery normal arm64 Compiling HsExtension.swift (in target 'HsExtensions' from project 'HsExtensions.Swift')

SwiftCompile normal arm64 Compiling\ Timer.swift /Users/j/Documents/GitHub/MoneroOne/build/SourcePackages/checkouts/HsExtensions.Swift/Sources/HsExtensions/Timer.swift (in target 'HsExtensions' from project 'HsExtensions.Swift')

SwiftCompile normal arm64 /Users/j/Documents/GitHub/MoneroOne/build/SourcePackages/checkouts/HsExtensions.Swift/Sources/HsExtensions/Timer.swift (in target 'HsExtensions' from project 'HsExtensions.Swift')
    cd /Users/j/Documents/GitHub/MoneroOne/MoneroOne.xcodeproj
    

SwiftDriverJobDiscovery normal arm64 Compiling _UnsafeBitSet+Index.swift, _UnsafeBitSet+_Word.swift (in target 'InternalCollectionsUtilities' from project 'swift-collections')

SwiftCompile normal arm64 Compiling\ PersistableRecord+Upsert.swift,\ PersistableRecord.swift,\ Record.swift,\ TableRecord.swift,\ CaseInsensitiveIdentifier.swift,\ Inflections+English.swift,\ Inflections.swift,\ LockedBox.swift,\ OnDemandFuture.swift,\ OrderedDictionary.swift,\ Pool.swift,\ ReadWriteBox.swift,\ ReceiveValuesOn.swift /Users/j/Documents/GitHub/MoneroOne/build/SourcePackages/checkouts/GRDB.swift/GRDB/Record/PersistableRecord+Upsert.swift /Users/j/Documents/GitHub/MoneroOne/build/SourcePackages/checkouts/GRDB.swift/GRDB/Record/PersistableRecord.swift /Users/j/Documents/GitHub/MoneroOne/build/SourcePackages/checkouts/GRDB.swift/GRDB/Record/Record.swift /Users/j/Documents/GitHub/MoneroOne/build/SourcePackages/checkouts/GRDB.swift/GRDB/Record/TableRecord.swift /Users/j/Documents/GitHub/MoneroOne/build/SourcePackages/checkouts/GRDB.swift/GRDB/Utils/CaseInsensitiveIdentifier.swift /Users/j/Documents/GitHub/MoneroOne/build/SourcePackages/checkouts/GRDB.swift/GRDB/Utils/Inflections+English.swift /Users/j/Documents/GitHub/MoneroOne/build/SourcePackages/checkouts/GRDB.swift/GRDB/Utils/Inflections.swift /Users/j/Documents/GitHub/MoneroOne/build/SourcePackages/checkouts/GRDB.swift/GRDB/Utils/LockedBox.swift /Users/j/Documents/GitHub/MoneroOne/build/SourcePackages/checkouts/GRDB.swift/GRDB/Utils/OnDemandFuture.swift /Users/j/Documents/GitHub/MoneroOne/build/SourcePackages/checkouts/GRDB.swift/GRDB/Utils/OrderedDictionary.swift /Users/j/Documents/GitHub/MoneroOne/build/SourcePackages/checkouts/GRDB.swift/GRDB/Utils/Pool.swift /Users/j/Documents/GitHub/MoneroOne/build/SourcePackages/checkouts/GRDB.swift/GRDB/Utils/ReadWriteBox.swift /Users/j/Documents/GitHub/MoneroOne/build/SourcePackages/checkouts/GRDB.swift/GRDB/Utils/ReceiveValuesOn.swift (in target 'GRDB' from project 'GRDB')

SwiftCompile normal arm64 /Users/j/Documents/GitHub/MoneroOne/build/SourcePackages/checkouts/GRDB.swift/GRDB/Record/PersistableRecord+Upsert.swift (in target 'GRDB' from project 'GRDB')
    cd /Users/j/Documents/GitHub/MoneroOne/MoneroOne.xcodeproj
    

SwiftCompile normal arm64 /Users/j/Documents/GitHub/MoneroOne/build/SourcePackages/checkouts/GRDB.swift/GRDB/Record/PersistableRecord.swift (in target 'GRDB' from project 'GRDB')
    cd /Users/j/Documents/GitHub/MoneroOne/MoneroOne.xcodeproj
    

SwiftCompile normal arm64 /Users/j/Documents/GitHub/MoneroOne/build/SourcePackages/checkouts/GRDB.swift/GRDB/Record/Record.swift (in target 'GRDB' from project 'GRDB')
    cd /Users/j/Documents/GitHub/MoneroOne/MoneroOne.xcodeproj
    

SwiftCompile normal arm64 /Users/j/Documents/GitHub/MoneroOne/build/SourcePackages/checkouts/GRDB.swift/GRDB/Record/TableRecord.swift (in target 'GRDB' from project 'GRDB')
    cd /Users/j/Documents/GitHub/MoneroOne/MoneroOne.xcodeproj
    

SwiftCompile normal arm64 /Users/j/Documents/GitHub/MoneroOne/build/SourcePackages/checkouts/GRDB.swift/GRDB/Utils/CaseInsensitiveIdentifier.swift (in target 'GRDB' from project 'GRDB')
    cd /Users/j/Documents/GitHub/MoneroOne/MoneroOne.xcodeproj
    

SwiftCompile normal arm64 /Users/j/Documents/GitHub/MoneroOne/build/SourcePackages/checkouts/GRDB.swift/GRDB/Utils/Inflections+English.swift (in target 'GRDB' from project 'GRDB')
    cd /Users/j/Documents/GitHub/MoneroOne/MoneroOne.xcodeproj
    

SwiftCompile normal arm64 /Users/j/Documents/GitHub/MoneroOne/build/SourcePackages/checkouts/GRDB.swift/GRDB/Utils/Inflections.swift (in target 'GRDB' from project 'GRDB')
    cd /Users/j/Documents/GitHub/MoneroOne/MoneroOne.xcodeproj
    

SwiftCompile normal arm64 /Users/j/Documents/GitHub/MoneroOne/build/SourcePackages/checkouts/GRDB.swift/GRDB/Utils/LockedBox.swift (in target 'GRDB' from project 'GRDB')
    cd /Users/j/Documents/GitHub/MoneroOne/MoneroOne.xcodeproj
    

SwiftCompile normal arm64 /Users/j/Documents/GitHub/MoneroOne/build/SourcePackages/checkouts/GRDB.swift/GRDB/Utils/OnDemandFuture.swift (in target 'GRDB' from project 'GRDB')
    cd /Users/j/Documents/GitHub/MoneroOne/MoneroOne.xcodeproj
    

SwiftCompile normal arm64 /Users/j/Documents/GitHub/MoneroOne/build/SourcePackages/checkouts/GRDB.swift/GRDB/Utils/OrderedDictionary.swift (in target 'GRDB' from project 'GRDB')
    cd /Users/j/Documents/GitHub/MoneroOne/MoneroOne.xcodeproj
    

SwiftCompile normal arm64 /Users/j/Documents/GitHub/MoneroOne/build/SourcePackages/checkouts/GRDB.swift/GRDB/Utils/Pool.swift (in target 'GRDB' from project 'GRDB')
    cd /Users/j/Documents/GitHub/MoneroOne/MoneroOne.xcodeproj
    

SwiftCompile normal arm64 /Users/j/Documents/GitHub/MoneroOne/build/SourcePackages/checkouts/GRDB.swift/GRDB/Utils/ReadWriteBox.swift (in target 'GRDB' from project 'GRDB')
    cd /Users/j/Documents/GitHub/MoneroOne/MoneroOne.xcodeproj
    

SwiftCompile normal arm64 /Users/j/Documents/GitHub/MoneroOne/build/SourcePackages/checkouts/GRDB.swift/GRDB/Utils/ReceiveValuesOn.swift (in target 'GRDB' from project 'GRDB')
    cd /Users/j/Documents/GitHub/MoneroOne/MoneroOne.xcodeproj
    

SwiftDriverJobDiscovery normal arm64 Compiling Decimal.swift (in target 'HsExtensions' from project 'HsExtensions.Swift')

SwiftDriverJobDiscovery normal arm64 Compiling _UnsafeBitSet.swift, _SortedCollection.swift (in target 'InternalCollectionsUtilities' from project 'swift-collections')

SwiftCompile normal arm64 Compiling\ SQLAssociation.swift,\ SQLCollection.swift,\ SQLExpression.swift,\ SQLForeignKeyRequest.swift,\ SQLFunctions.swift,\ SQLOperators.swift,\ SQLOrdering.swift,\ SQLRelation.swift,\ SQLSelection.swift,\ SQLSubquery.swift,\ Table.swift,\ SQLColumnGenerator.swift,\ SQLGenerationContext.swift,\ SQLIndexGenerator.swift /Users/j/Documents/GitHub/MoneroOne/build/SourcePackages/checkouts/GRDB.swift/GRDB/QueryInterface/SQL/SQLAssociation.swift /Users/j/Documents/GitHub/MoneroOne/build/SourcePackages/checkouts/GRDB.swift/GRDB/QueryInterface/SQL/SQLCollection.swift /Users/j/Documents/GitHub/MoneroOne/build/SourcePackages/checkouts/GRDB.swift/GRDB/QueryInterface/SQL/SQLExpression.swift /Users/j/Documents/GitHub/MoneroOne/build/SourcePackages/checkouts/GRDB.swift/GRDB/QueryInterface/SQL/SQLForeignKeyRequest.swift /Users/j/Documents/GitHub/MoneroOne/build/SourcePackages/checkouts/GRDB.swift/GRDB/QueryInterface/SQL/SQLFunctions.swift /Users/j/Documents/GitHub/MoneroOne/build/SourcePackages/checkouts/GRDB.swift/GRDB/QueryInterface/SQL/SQLOperators.swift /Users/j/Documents/GitHub/MoneroOne/build/SourcePackages/checkouts/GRDB.swift/GRDB/QueryInterface/SQL/SQLOrdering.swift /Users/j/Documents/GitHub/MoneroOne/build/SourcePackages/checkouts/GRDB.swift/GRDB/QueryInterface/SQL/SQLRelation.swift /Users/j/Documents/GitHub/MoneroOne/build/SourcePackages/checkouts/GRDB.swift/GRDB/QueryInterface/SQL/SQLSelection.swift /Users/j/Documents/GitHub/MoneroOne/build/SourcePackages/checkouts/GRDB.swift/GRDB/QueryInterface/SQL/SQLSubquery.swift /Users/j/Documents/GitHub/MoneroOne/build/SourcePackages/checkouts/GRDB.swift/GRDB/QueryInterface/SQL/Table.swift /Users/j/Documents/GitHub/MoneroOne/build/SourcePackages/checkouts/GRDB.swift/GRDB/QueryInterface/SQLGeneration/SQLColumnGenerator.swift /Users/j/Documents/GitHub/MoneroOne/build/SourcePackages/checkouts/GRDB.swift/GRDB/QueryInterface/SQLGeneration/SQLGenerationContext.swift /Users/j/Documents/GitHub/MoneroOne/build/SourcePackages/checkouts/GRDB.swift/GRDB/QueryInterface/SQLGeneration/SQLIndexGenerator.swift (in target 'GRDB' from project 'GRDB')
SwiftCompile normal arm64 /Users/j/Documents/GitHub/MoneroOne/build/SourcePackages/checkouts/GRDB.swift/GRDB/QueryInterface/SQL/SQLAssociation.swift (in target 'GRDB' from project 'GRDB')
    cd /Users/j/Documents/GitHub/MoneroOne/MoneroOne.xcodeproj
    

SwiftCompile normal arm64 /Users/j/Documents/GitHub/MoneroOne/build/SourcePackages/checkouts/GRDB.swift/GRDB/QueryInterface/SQL/SQLCollection.swift (in target 'GRDB' from project 'GRDB')
    cd /Users/j/Documents/GitHub/MoneroOne/MoneroOne.xcodeproj
    

SwiftCompile normal arm64 /Users/j/Documents/GitHub/MoneroOne/build/SourcePackages/checkouts/GRDB.swift/GRDB/QueryInterface/SQL/SQLExpression.swift (in target 'GRDB' from project 'GRDB')
    cd /Users/j/Documents/GitHub/MoneroOne/MoneroOne.xcodeproj
    

SwiftCompile normal arm64 /Users/j/Documents/GitHub/MoneroOne/build/SourcePackages/checkouts/GRDB.swift/GRDB/QueryInterface/SQL/SQLForeignKeyRequest.swift (in target 'GRDB' from project 'GRDB')
    cd /Users/j/Documents/GitHub/MoneroOne/MoneroOne.xcodeproj
    

SwiftCompile normal arm64 /Users/j/Documents/GitHub/MoneroOne/build/SourcePackages/checkouts/GRDB.swift/GRDB/QueryInterface/SQL/SQLFunctions.swift (in target 'GRDB' from project 'GRDB')
    cd /Users/j/Documents/GitHub/MoneroOne/MoneroOne.xcodeproj
    

SwiftCompile normal arm64 /Users/j/Documents/GitHub/MoneroOne/build/SourcePackages/checkouts/GRDB.swift/GRDB/QueryInterface/SQL/SQLOperators.swift (in target 'GRDB' from project 'GRDB')
    cd /Users/j/Documents/GitHub/MoneroOne/MoneroOne.xcodeproj
    

SwiftCompile normal arm64 /Users/j/Documents/GitHub/MoneroOne/build/SourcePackages/checkouts/GRDB.swift/GRDB/QueryInterface/SQL/SQLOrdering.swift (in target 'GRDB' from project 'GRDB')
    cd /Users/j/Documents/GitHub/MoneroOne/MoneroOne.xcodeproj
    

SwiftCompile normal arm64 /Users/j/Documents/GitHub/MoneroOne/build/SourcePackages/checkouts/GRDB.swift/GRDB/QueryInterface/SQL/SQLRelation.swift (in target 'GRDB' from project 'GRDB')
    cd /Users/j/Documents/GitHub/MoneroOne/MoneroOne.xcodeproj
    

SwiftCompile normal arm64 /Users/j/Documents/GitHub/MoneroOne/build/SourcePackages/checkouts/GRDB.swift/GRDB/QueryInterface/SQL/SQLSelection.swift (in target 'GRDB' from project 'GRDB')
    cd /Users/j/Documents/GitHub/MoneroOne/MoneroOne.xcodeproj
    

SwiftCompile normal arm64 /Users/j/Documents/GitHub/MoneroOne/build/SourcePackages/checkouts/GRDB.swift/GRDB/QueryInterface/SQL/SQLSubquery.swift (in target 'GRDB' from project 'GRDB')
    cd /Users/j/Documents/GitHub/MoneroOne/MoneroOne.xcodeproj
    

SwiftCompile normal arm64 /Users/j/Documents/GitHub/MoneroOne/build/SourcePackages/checkouts/GRDB.swift/GRDB/QueryInterface/SQL/Table.swift (in target 'GRDB' from project 'GRDB')
    cd /Users/j/Documents/GitHub/MoneroOne/MoneroOne.xcodeproj
    

SwiftCompile normal arm64 /Users/j/Documents/GitHub/MoneroOne/build/SourcePackages/checkouts/GRDB.swift/GRDB/QueryInterface/SQLGeneration/SQLColumnGenerator.swift (in target 'GRDB' from project 'GRDB')
    cd /Users/j/Documents/GitHub/MoneroOne/MoneroOne.xcodeproj
    

SwiftCompile normal arm64 /Users/j/Documents/GitHub/MoneroOne/build/SourcePackages/checkouts/GRDB.swift/GRDB/QueryInterface/SQLGeneration/SQLGenerationContext.swift (in target 'GRDB' from project 'GRDB')
    cd /Users/j/Documents/GitHub/MoneroOne/MoneroOne.xcodeproj
    

SwiftCompile normal arm64 /Users/j/Documents/GitHub/MoneroOne/build/SourcePackages/checkouts/GRDB.swift/GRDB/QueryInterface/SQLGeneration/SQLIndexGenerator.swift (in target 'GRDB' from project 'GRDB')
    cd /Users/j/Documents/GitHub/MoneroOne/MoneroOne.xcodeproj
    

SwiftDriver\ Compilation InternalCollectionsUtilities normal arm64 com.apple.xcode.tools.swift.compiler (in target 'InternalCollectionsUtilities' from project 'swift-collections')
    cd /Users/j/Documents/GitHub/MoneroOne/MoneroOne.xcodeproj
    builtin-Swift-Compilation -- /Applications/Xcode.app/Contents/Developer/Toolchains/XcodeDefault.xctoolchain/usr/bin/swiftc -module-name InternalCollectionsUtilities -Onone -enforce-exclusivity\=checked @/Users/j/Documents/GitHub/MoneroOne/build/Build/Intermediates.noindex/swift-collections.build/Debug-iphonesimulator/InternalCollectionsUtilities.build/Objects-normal/arm64/InternalCollectionsUtilities.SwiftFileList -DSWIFT_PACKAGE -DDEBUG -DSWIFT_MODULE_RESOURCE_BUNDLE_UNAVAILABLE -DCOLLECTIONS_RANDOMIZED_TESTING -DXcode -enable-experimental-feature AvailabilityMacro\=SwiftStdlib\ 5.0:\ macOS\ 10.14.4,\ iOS\ 12.2,\ watchOS\ 5.2,\ tvOS\ 12.2 -enable-experimental-feature AvailabilityMacro\=SwiftStdlib\ 5.1:\ macOS\ 10.15,\ iOS\ 13.0,\ watchOS\ 6.0,\ tvOS\ 13.0 -enable-experimental-feature AvailabilityMacro\=SwiftStdlib\ 5.6:\ macOS\ 12.3,\ iOS\ 15.4,\ watchOS\ 8.5,\ tvOS\ 15.4 -enable-experimental-feature AvailabilityMacro\=SwiftStdlib\ 5.8:\ macOS\ 13.3,\ iOS\ 16.4,\ watchOS\ 9.4,\ tvOS\ 16.4 -enable-experimental-feature AvailabilityMacro\=SwiftStdlib\ 5.9:\ macOS\ 14.0,\ iOS\ 17.0,\ watchOS\ 10.0,\ tvOS\ 17.0 -enable-experimental-feature AvailabilityMacro\=SwiftStdlib\ 5.10:\ macOS\ 14.4,\ iOS\ 17.4,\ watchOS\ 10.4,\ tvOS\ 17.4,\ visionOS\ 1.1 -enable-experimental-feature AvailabilityMacro\=SwiftStdlib\ 6.0:\ macOS\ 15.0,\ iOS\ 18.0,\ watchOS\ 11.0,\ tvOS\ 18.0,\ visionOS\ 2.0 -enable-experimental-feature AvailabilityMacro\=SwiftStdlib\ 6.1:\ macOS\ 15.4,\ iOS\ 18.4,\ watchOS\ 11.4,\ tvOS\ 18.4,\ visionOS\ 2.4 -enable-experimental-feature AvailabilityMacro\=SwiftStdlib\ 6.2:\ macOS\ 26.0,\ iOS\ 26.0,\ watchOS\ 26.0,\ tvOS\ 26.0,\ visionOS\ 26.0 -enable-upcoming-feature MemberImportVisibility -enable-experimental-feature BuiltinModule -enable-experimental-feature Lifetimes -enable-experimental-feature InoutLifetimeDependence -enable-experimental-feature SuppressedAssociatedTypes -plugin-path /Applications/Xcode.app/Contents/Developer/Toolchains/XcodeDefault.xctoolchain/usr/lib/swift/host/plugins/testing -enable-experimental-feature DebugDescriptionMacro -sdk /Applications/Xcode.app/Contents/Developer/Platforms/iPhoneSimulator.platform/Developer/SDKs/iPhoneSimulator26.1.sdk -target arm64-apple-ios12.0-simulator -g -module-cache-path /Users/j/Documents/GitHub/MoneroOne/build/ModuleCache.noindex -Xfrontend -serialize-debugging-options -enable-testing -suppress-warnings -index-store-path /Users/j/Documents/GitHub/MoneroOne/build/Index.noindex/DataStore -Xcc -D_LIBCPP_HARDENING_MODE\=_LIBCPP_HARDENING_MODE_DEBUG -swift-version 6 -I /Users/j/Documents/GitHub/MoneroOne/build/Build/Products/Debug-iphonesimulator -Isystem /Applications/Xcode.app/Contents/Developer/Platforms/iPhoneSimulator.platform/Developer/usr/lib -F /Users/j/Documents/GitHub/MoneroOne/build/Build/Products/Debug-iphonesimulator -F /Applications/Xcode.app/Contents/Developer/Platforms/iPhoneSimulator.platform/Developer/Library/Frameworks -F /Applications/Xcode.app/Contents/Developer/Platforms/iPhoneSimulator.platform/Developer/SDKs/iPhoneSimulator26.1.sdk/Developer/Library/Frameworks -c -j12 -enable-batch-mode -incremental -Xcc -ivfsstatcache -Xcc /Users/j/Documents/GitHub/MoneroOne/build/SDKStatCaches.noindex/iphonesimulator26.1-23B77-90cf18a4295e390e64c810bc6bd7acbc.sdkstatcache -output-file-map /Users/j/Documents/GitHub/MoneroOne/build/Build/Intermediates.noindex/swift-collections.build/Debug-iphonesimulator/InternalCollectionsUtilities.build/Objects-normal/arm64/InternalCollectionsUtilities-OutputFileMap.json -use-frontend-parseable-output -save-temps -no-color-diagnostics -explicit-module-build -module-cache-path /Users/j/Documents/GitHub/MoneroOne/build/Build/Intermediates.noindex/SwiftExplicitPrecompiledModules -clang-scanner-module-cache-path /Users/j/Documents/GitHub/MoneroOne/build/ModuleCache.noindex -sdk-module-cache-path /Users/j/Documents/GitHub/MoneroOne/build/ModuleCache.noindex -serialize-diagnostics -emit-dependencies -emit-module -emit-module-path /Users/j/Documents/GitHub/MoneroOne/build/Build/Intermediates.noindex/swift-collections.build/Debug-iphonesimulator/InternalCollectionsUtilities.build/Objects-normal/arm64/InternalCollectionsUtilities.swiftmodule -user-module-version 1.3.0 -validate-clang-modules-once -clang-build-session-file /Users/j/Documents/GitHub/MoneroOne/build/ModuleCache.noindex/Session.modulevalidation -package-name swift_collections -Xcc -I/Users/j/Documents/GitHub/MoneroOne/build/Build/Intermediates.noindex/swift-collections.build/Debug-iphonesimulator/InternalCollectionsUtilities.build/swift-overrides.hmap -emit-const-values -Xfrontend -const-gather-protocols-file -Xfrontend /Users/j/Documents/GitHub/MoneroOne/build/Build/Intermediates.noindex/swift-collections.build/Debug-iphonesimulator/InternalCollectionsUtilities.build/Objects-normal/arm64/InternalCollectionsUtilities_const_extract_protocols.json -Xcc -I/Users/j/Documents/GitHub/MoneroOne/build/Build/Products/Debug-iphonesimulator/include -Xcc -I/Users/j/Documents/GitHub/MoneroOne/build/Build/Intermediates.noindex/swift-collections.build/Debug-iphonesimulator/InternalCollectionsUtilities.build/DerivedSources-normal/arm64 -Xcc -I/Users/j/Documents/GitHub/MoneroOne/build/Build/Intermediates.noindex/swift-collections.build/Debug-iphonesimulator/InternalCollectionsUtilities.build/DerivedSources/arm64 -Xcc -I/Users/j/Documents/GitHub/MoneroOne/build/Build/Intermediates.noindex/swift-collections.build/Debug-iphonesimulator/InternalCollectionsUtilities.build/DerivedSources -Xcc -DSWIFT_PACKAGE -Xcc -DDEBUG\=1 -emit-objc-header -emit-objc-header-path /Users/j/Documents/GitHub/MoneroOne/build/Build/Intermediates.noindex/swift-collections.build/Debug-iphonesimulator/InternalCollectionsUtilities.build/Objects-normal/arm64/InternalCollectionsUtilities-Swift.h -working-directory /Users/j/Documents/GitHub/MoneroOne/MoneroOne.xcodeproj -experimental-emit-module-separately -disable-cmo

SwiftDriverJobDiscovery normal arm64 Compiling AnyTask.swift, Array.swift (in target 'HsExtensions' from project 'HsExtensions.Swift')

SwiftCompile normal arm64 Compiling\ ForeignKey.swift,\ Association.swift,\ AssociationAggregate.swift,\ BelongsToAssociation.swift,\ HasManyAssociation.swift,\ HasManyThroughAssociation.swift,\ HasOneAssociation.swift,\ HasOneThroughAssociation.swift,\ JoinAssociation.swift,\ CommonTableExpression.swift,\ QueryInterfaceRequest.swift,\ RequestProtocols.swift,\ Column.swift,\ DatabasePromise.swift /Users/j/Documents/GitHub/MoneroOne/build/SourcePackages/checkouts/GRDB.swift/GRDB/QueryInterface/ForeignKey.swift /Users/j/Documents/GitHub/MoneroOne/build/SourcePackages/checkouts/GRDB.swift/GRDB/QueryInterface/Request/Association/Association.swift /Users/j/Documents/GitHub/MoneroOne/build/SourcePackages/checkouts/GRDB.swift/GRDB/QueryInterface/Request/Association/AssociationAggregate.swift /Users/j/Documents/GitHub/MoneroOne/build/SourcePackages/checkouts/GRDB.swift/GRDB/QueryInterface/Request/Association/BelongsToAssociation.swift /Users/j/Documents/GitHub/MoneroOne/build/SourcePackages/checkouts/GRDB.swift/GRDB/QueryInterface/Request/Association/HasManyAssociation.swift /Users/j/Documents/GitHub/MoneroOne/build/SourcePackages/checkouts/GRDB.swift/GRDB/QueryInterface/Request/Association/HasManyThroughAssociation.swift /Users/j/Documents/GitHub/MoneroOne/build/SourcePackages/checkouts/GRDB.swift/GRDB/QueryInterface/Request/Association/HasOneAssociation.swift /Users/j/Documents/GitHub/MoneroOne/build/SourcePackages/checkouts/GRDB.swift/GRDB/QueryInterface/Request/Association/HasOneThroughAssociation.swift /Users/j/Documents/GitHub/MoneroOne/build/SourcePackages/checkouts/GRDB.swift/GRDB/QueryInterface/Request/Association/JoinAssociation.swift /Users/j/Documents/GitHub/MoneroOne/build/SourcePackages/checkouts/GRDB.swift/GRDB/QueryInterface/Request/CommonTableExpression.swift /Users/j/Documents/GitHub/MoneroOne/build/SourcePackages/checkouts/GRDB.swift/GRDB/QueryInterface/Request/QueryInterfaceRequest.swift /Users/j/Documents/GitHub/MoneroOne/build/SourcePackages/checkouts/GRDB.swift/GRDB/QueryInterface/Request/RequestProtocols.swift /Users/j/Documents/GitHub/MoneroOne/build/SourcePackages/checkouts/GRDB.swift/GRDB/QueryInterface/SQL/Column.swift /Users/j/Documents/GitHub/MoneroOne/build/SourcePackages/checkouts/GRDB.swift/GRDB/QueryInterface/SQL/DatabasePromise.swift (in target 'GRDB' from project 'GRDB')

SwiftCompile normal arm64 /Users/j/Documents/GitHub/MoneroOne/build/SourcePackages/checkouts/GRDB.swift/GRDB/QueryInterface/ForeignKey.swift (in target 'GRDB' from project 'GRDB')
    cd /Users/j/Documents/GitHub/MoneroOne/MoneroOne.xcodeproj
    

SwiftCompile normal arm64 /Users/j/Documents/GitHub/MoneroOne/build/SourcePackages/checkouts/GRDB.swift/GRDB/QueryInterface/Request/Association/Association.swift (in target 'GRDB' from project 'GRDB')
    cd /Users/j/Documents/GitHub/MoneroOne/MoneroOne.xcodeproj
    

SwiftCompile normal arm64 /Users/j/Documents/GitHub/MoneroOne/build/SourcePackages/checkouts/GRDB.swift/GRDB/QueryInterface/Request/Association/AssociationAggregate.swift (in target 'GRDB' from project 'GRDB')
    cd /Users/j/Documents/GitHub/MoneroOne/MoneroOne.xcodeproj
    

SwiftCompile normal arm64 /Users/j/Documents/GitHub/MoneroOne/build/SourcePackages/checkouts/GRDB.swift/GRDB/QueryInterface/Request/Association/BelongsToAssociation.swift (in target 'GRDB' from project 'GRDB')
    cd /Users/j/Documents/GitHub/MoneroOne/MoneroOne.xcodeproj
    

SwiftCompile normal arm64 /Users/j/Documents/GitHub/MoneroOne/build/SourcePackages/checkouts/GRDB.swift/GRDB/QueryInterface/Request/Association/HasManyAssociation.swift (in target 'GRDB' from project 'GRDB')
    cd /Users/j/Documents/GitHub/MoneroOne/MoneroOne.xcodeproj
    

SwiftCompile normal arm64 /Users/j/Documents/GitHub/MoneroOne/build/SourcePackages/checkouts/GRDB.swift/GRDB/QueryInterface/Request/Association/HasManyThroughAssociation.swift (in target 'GRDB' from project 'GRDB')
    cd /Users/j/Documents/GitHub/MoneroOne/MoneroOne.xcodeproj
    

SwiftCompile normal arm64 /Users/j/Documents/GitHub/MoneroOne/build/SourcePackages/checkouts/GRDB.swift/GRDB/QueryInterface/Request/Association/HasOneAssociation.swift (in target 'GRDB' from project 'GRDB')
    cd /Users/j/Documents/GitHub/MoneroOne/MoneroOne.xcodeproj
    

SwiftCompile normal arm64 /Users/j/Documents/GitHub/MoneroOne/build/SourcePackages/checkouts/GRDB.swift/GRDB/QueryInterface/Request/Association/HasOneThroughAssociation.swift (in target 'GRDB' from project 'GRDB')
    cd /Users/j/Documents/GitHub/MoneroOne/MoneroOne.xcodeproj
    

SwiftCompile normal arm64 /Users/j/Documents/GitHub/MoneroOne/build/SourcePackages/checkouts/GRDB.swift/GRDB/QueryInterface/Request/Association/JoinAssociation.swift (in target 'GRDB' from project 'GRDB')
    cd /Users/j/Documents/GitHub/MoneroOne/MoneroOne.xcodeproj
    

SwiftCompile normal arm64 /Users/j/Documents/GitHub/MoneroOne/build/SourcePackages/checkouts/GRDB.swift/GRDB/QueryInterface/Request/CommonTableExpression.swift (in target 'GRDB' from project 'GRDB')
    cd /Users/j/Documents/GitHub/MoneroOne/MoneroOne.xcodeproj
    

SwiftCompile normal arm64 /Users/j/Documents/GitHub/MoneroOne/build/SourcePackages/checkouts/GRDB.swift/GRDB/QueryInterface/Request/QueryInterfaceRequest.swift (in target 'GRDB' from project 'GRDB')
    cd /Users/j/Documents/GitHub/MoneroOne/MoneroOne.xcodeproj
    

SwiftCompile normal arm64 /Users/j/Documents/GitHub/MoneroOne/build/SourcePackages/checkouts/GRDB.swift/GRDB/QueryInterface/Request/RequestProtocols.swift (in target 'GRDB' from project 'GRDB')
    cd /Users/j/Documents/GitHub/MoneroOne/MoneroOne.xcodeproj
    

SwiftCompile normal arm64 /Users/j/Documents/GitHub/MoneroOne/build/SourcePackages/checkouts/GRDB.swift/GRDB/QueryInterface/SQL/Column.swift (in target 'GRDB' from project 'GRDB')
    cd /Users/j/Documents/GitHub/MoneroOne/MoneroOne.xcodeproj
    

SwiftCompile normal arm64 /Users/j/Documents/GitHub/MoneroOne/build/SourcePackages/checkouts/GRDB.swift/GRDB/QueryInterface/SQL/DatabasePromise.swift (in target 'GRDB' from project 'GRDB')
    cd /Users/j/Documents/GitHub/MoneroOne/MoneroOne.xcodeproj
    

SwiftCompile normal arm64 Compiling\ NSNumber.swift,\ NSString.swift,\ SQLiteDateParser.swift,\ URL.swift,\ UUID.swift,\ DatabaseValueConvertible+Decodable.swift,\ DatabaseValueConvertible+Encodable.swift,\ DatabaseValueConvertible+RawRepresentable.swift,\ JSONRequiredEncoder.swift,\ Optional.swift,\ StandardLibrary.swift,\ TransactionClock.swift,\ TransactionObserver.swift,\ WALSnapshot.swift /Users/j/Documents/GitHub/MoneroOne/build/SourcePackages/checkouts/GRDB.swift/GRDB/Core/Support/Foundation/NSNumber.swift /Users/j/Documents/GitHub/MoneroOne/build/SourcePackages/checkouts/GRDB.swift/GRDB/Core/Support/Foundation/NSString.swift /Users/j/Documents/GitHub/MoneroOne/build/SourcePackages/checkouts/GRDB.swift/GRDB/Core/Support/Foundation/SQLiteDateParser.swift /Users/j/Documents/GitHub/MoneroOne/build/SourcePackages/checkouts/GRDB.swift/GRDB/Core/Support/Foundation/URL.swift /Users/j/Documents/GitHub/MoneroOne/build/SourcePackages/checkouts/GRDB.swift/GRDB/Core/Support/Foundation/UUID.swift /Users/j/Documents/GitHub/MoneroOne/build/SourcePackages/checkouts/GRDB.swift/GRDB/Core/Support/StandardLibrary/DatabaseValueConvertible+Decodable.swift /Users/j/Documents/GitHub/MoneroOne/build/SourcePackages/checkouts/GRDB.swift/GRDB/Core/Support/StandardLibrary/DatabaseValueConvertible+Encodable.swift /Users/j/Documents/GitHub/MoneroOne/build/SourcePackages/checkouts/GRDB.swift/GRDB/Core/Support/StandardLibrary/DatabaseValueConvertible+RawRepresentable.swift /Users/j/Documents/GitHub/MoneroOne/build/SourcePackages/checkouts/GRDB.swift/GRDB/Core/Support/StandardLibrary/JSONRequiredEncoder.swift /Users/j/Documents/GitHub/MoneroOne/build/SourcePackages/checkouts/GRDB.swift/GRDB/Core/Support/StandardLibrary/Optional.swift /Users/j/Documents/GitHub/MoneroOne/build/SourcePackages/checkouts/GRDB.swift/GRDB/Core/Support/StandardLibrary/StandardLibrary.swift /Users/j/Documents/GitHub/MoneroOne/build/SourcePackages/checkouts/GRDB.swift/GRDB/Core/TransactionClock.swift /Users/j/Documents/GitHub/MoneroOne/build/SourcePackages/checkouts/GRDB.swift/GRDB/Core/TransactionObserver.swift /Users/j/Documents/GitHub/MoneroOne/build/SourcePackages/checkouts/GRDB.swift/GRDB/Core/WALSnapshot.swift (in target 'GRDB' from project 'GRDB')

SwiftCompile normal arm64 /Users/j/Documents/GitHub/MoneroOne/build/SourcePackages/checkouts/GRDB.swift/GRDB/Core/Support/Foundation/NSNumber.swift (in target 'GRDB' from project 'GRDB')
    cd /Users/j/Documents/GitHub/MoneroOne/MoneroOne.xcodeproj
    

SwiftCompile normal arm64 /Users/j/Documents/GitHub/MoneroOne/build/SourcePackages/checkouts/GRDB.swift/GRDB/Core/Support/Foundation/NSString.swift (in target 'GRDB' from project 'GRDB')
    cd /Users/j/Documents/GitHub/MoneroOne/MoneroOne.xcodeproj
    

SwiftCompile normal arm64 /Users/j/Documents/GitHub/MoneroOne/build/SourcePackages/checkouts/GRDB.swift/GRDB/Core/Support/Foundation/SQLiteDateParser.swift (in target 'GRDB' from project 'GRDB')
    cd /Users/j/Documents/GitHub/MoneroOne/MoneroOne.xcodeproj
    

SwiftCompile normal arm64 /Users/j/Documents/GitHub/MoneroOne/build/SourcePackages/checkouts/GRDB.swift/GRDB/Core/Support/Foundation/URL.swift (in target 'GRDB' from project 'GRDB')
    cd /Users/j/Documents/GitHub/MoneroOne/MoneroOne.xcodeproj
    

SwiftCompile normal arm64 /Users/j/Documents/GitHub/MoneroOne/build/SourcePackages/checkouts/GRDB.swift/GRDB/Core/Support/Foundation/UUID.swift (in target 'GRDB' from project 'GRDB')
    cd /Users/j/Documents/GitHub/MoneroOne/MoneroOne.xcodeproj
    

SwiftCompile normal arm64 /Users/j/Documents/GitHub/MoneroOne/build/SourcePackages/checkouts/GRDB.swift/GRDB/Core/Support/StandardLibrary/DatabaseValueConvertible+Decodable.swift (in target 'GRDB' from project 'GRDB')
    cd /Users/j/Documents/GitHub/MoneroOne/MoneroOne.xcodeproj
    

SwiftCompile normal arm64 /Users/j/Documents/GitHub/MoneroOne/build/SourcePackages/checkouts/GRDB.swift/GRDB/Core/Support/StandardLibrary/DatabaseValueConvertible+Encodable.swift (in target 'GRDB' from project 'GRDB')
    cd /Users/j/Documents/GitHub/MoneroOne/MoneroOne.xcodeproj
    

SwiftCompile normal arm64 /Users/j/Documents/GitHub/MoneroOne/build/SourcePackages/checkouts/GRDB.swift/GRDB/Core/Support/StandardLibrary/DatabaseValueConvertible+RawRepresentable.swift (in target 'GRDB' from project 'GRDB')
    cd /Users/j/Documents/GitHub/MoneroOne/MoneroOne.xcodeproj
    

SwiftCompile normal arm64 /Users/j/Documents/GitHub/MoneroOne/build/SourcePackages/checkouts/GRDB.swift/GRDB/Core/Support/StandardLibrary/JSONRequiredEncoder.swift (in target 'GRDB' from project 'GRDB')
    cd /Users/j/Documents/GitHub/MoneroOne/MoneroOne.xcodeproj
    

SwiftCompile normal arm64 /Users/j/Documents/GitHub/MoneroOne/build/SourcePackages/checkouts/GRDB.swift/GRDB/Core/Support/StandardLibrary/Optional.swift (in target 'GRDB' from project 'GRDB')
    cd /Users/j/Documents/GitHub/MoneroOne/MoneroOne.xcodeproj
    

SwiftCompile normal arm64 /Users/j/Documents/GitHub/MoneroOne/build/SourcePackages/checkouts/GRDB.swift/GRDB/Core/Support/StandardLibrary/StandardLibrary.swift (in target 'GRDB' from project 'GRDB')
    cd /Users/j/Documents/GitHub/MoneroOne/MoneroOne.xcodeproj
    

SwiftCompile normal arm64 /Users/j/Documents/GitHub/MoneroOne/build/SourcePackages/checkouts/GRDB.swift/GRDB/Core/TransactionClock.swift (in target 'GRDB' from project 'GRDB')
    cd /Users/j/Documents/GitHub/MoneroOne/MoneroOne.xcodeproj
    

SwiftCompile normal arm64 /Users/j/Documents/GitHub/MoneroOne/build/SourcePackages/checkouts/GRDB.swift/GRDB/Core/TransactionObserver.swift (in target 'GRDB' from project 'GRDB')
    cd /Users/j/Documents/GitHub/MoneroOne/MoneroOne.xcodeproj
    

SwiftCompile normal arm64 /Users/j/Documents/GitHub/MoneroOne/build/SourcePackages/checkouts/GRDB.swift/GRDB/Core/WALSnapshot.swift (in target 'GRDB' from project 'GRDB')
    cd /Users/j/Documents/GitHub/MoneroOne/MoneroOne.xcodeproj
    

SwiftDriverJobDiscovery normal arm64 Compiling Date.swift (in target 'HsExtensions' from project 'HsExtensions.Swift')

SwiftCompile normal arm64 Compiling\ EncodableRecord.swift,\ FetchableRecord+Decodable.swift,\ FetchableRecord+TableRecord.swift,\ FetchableRecord.swift,\ MutablePersistableRecord+DAO.swift,\ MutablePersistableRecord+Delete.swift,\ MutablePersistableRecord+Insert.swift,\ MutablePersistableRecord+Save.swift,\ MutablePersistableRecord+Update.swift,\ MutablePersistableRecord+Upsert.swift,\ MutablePersistableRecord.swift,\ PersistableRecord+Insert.swift,\ PersistableRecord+Save.swift /Users/j/Documents/GitHub/MoneroOne/build/SourcePackages/checkouts/GRDB.swift/GRDB/Record/EncodableRecord.swift /Users/j/Documents/GitHub/MoneroOne/build/SourcePackages/checkouts/GRDB.swift/GRDB/Record/FetchableRecord+Decodable.swift /Users/j/Documents/GitHub/MoneroOne/build/SourcePackages/checkouts/GRDB.swift/GRDB/Record/FetchableRecord+TableRecord.swift /Users/j/Documents/GitHub/MoneroOne/build/SourcePackages/checkouts/GRDB.swift/GRDB/Record/FetchableRecord.swift /Users/j/Documents/GitHub/MoneroOne/build/SourcePackages/checkouts/GRDB.swift/GRDB/Record/MutablePersistableRecord+DAO.swift /Users/j/Documents/GitHub/MoneroOne/build/SourcePackages/checkouts/GRDB.swift/GRDB/Record/MutablePersistableRecord+Delete.swift /Users/j/Documents/GitHub/MoneroOne/build/SourcePackages/checkouts/GRDB.swift/GRDB/Record/MutablePersistableRecord+Insert.swift /Users/j/Documents/GitHub/MoneroOne/build/SourcePackages/checkouts/GRDB.swift/GRDB/Record/MutablePersistableRecord+Save.swift /Users/j/Documents/GitHub/MoneroOne/build/SourcePackages/checkouts/GRDB.swift/GRDB/Record/MutablePersistableRecord+Update.swift /Users/j/Documents/GitHub/MoneroOne/build/SourcePackages/checkouts/GRDB.swift/GRDB/Record/MutablePersistableRecord+Upsert.swift /Users/j/Documents/GitHub/MoneroOne/build/SourcePackages/checkouts/GRDB.swift/GRDB/Record/MutablePersistableRecord.swift /Users/j/Documents/GitHub/MoneroOne/build/SourcePackages/checkouts/GRDB.swift/GRDB/Record/PersistableRecord+Insert.swift /Users/j/Documents/GitHub/MoneroOne/build/SourcePackages/checkouts/GRDB.swift/GRDB/Record/PersistableRecord+Save.swift (in target 'GRDB' from project 'GRDB')

SwiftCompile normal arm64 /Users/j/Documents/GitHub/MoneroOne/build/SourcePackages/checkouts/GRDB.swift/GRDB/Record/EncodableRecord.swift (in target 'GRDB' from project 'GRDB')
    cd /Users/j/Documents/GitHub/MoneroOne/MoneroOne.xcodeproj
    

SwiftCompile normal arm64 /Users/j/Documents/GitHub/MoneroOne/build/SourcePackages/checkouts/GRDB.swift/GRDB/Record/FetchableRecord+Decodable.swift (in target 'GRDB' from project 'GRDB')
    cd /Users/j/Documents/GitHub/MoneroOne/MoneroOne.xcodeproj
    

SwiftCompile normal arm64 /Users/j/Documents/GitHub/MoneroOne/build/SourcePackages/checkouts/GRDB.swift/GRDB/Record/FetchableRecord+TableRecord.swift (in target 'GRDB' from project 'GRDB')
    cd /Users/j/Documents/GitHub/MoneroOne/MoneroOne.xcodeproj
    

SwiftCompile normal arm64 /Users/j/Documents/GitHub/MoneroOne/build/SourcePackages/checkouts/GRDB.swift/GRDB/Record/FetchableRecord.swift (in target 'GRDB' from project 'GRDB')
    cd /Users/j/Documents/GitHub/MoneroOne/MoneroOne.xcodeproj
    

SwiftCompile normal arm64 /Users/j/Documents/GitHub/MoneroOne/build/SourcePackages/checkouts/GRDB.swift/GRDB/Record/MutablePersistableRecord+DAO.swift (in target 'GRDB' from project 'GRDB')
    cd /Users/j/Documents/GitHub/MoneroOne/MoneroOne.xcodeproj
    

SwiftCompile normal arm64 /Users/j/Documents/GitHub/MoneroOne/build/SourcePackages/checkouts/GRDB.swift/GRDB/Record/MutablePersistableRecord+Delete.swift (in target 'GRDB' from project 'GRDB')
    cd /Users/j/Documents/GitHub/MoneroOne/MoneroOne.xcodeproj
    

SwiftCompile normal arm64 /Users/j/Documents/GitHub/MoneroOne/build/SourcePackages/checkouts/GRDB.swift/GRDB/Record/MutablePersistableRecord+Insert.swift (in target 'GRDB' from project 'GRDB')
    cd /Users/j/Documents/GitHub/MoneroOne/MoneroOne.xcodeproj
    

SwiftCompile normal arm64 /Users/j/Documents/GitHub/MoneroOne/build/SourcePackages/checkouts/GRDB.swift/GRDB/Record/MutablePersistableRecord+Save.swift (in target 'GRDB' from project 'GRDB')
    cd /Users/j/Documents/GitHub/MoneroOne/MoneroOne.xcodeproj
    

SwiftCompile normal arm64 /Users/j/Documents/GitHub/MoneroOne/build/SourcePackages/checkouts/GRDB.swift/GRDB/Record/MutablePersistableRecord+Update.swift (in target 'GRDB' from project 'GRDB')
    cd /Users/j/Documents/GitHub/MoneroOne/MoneroOne.xcodeproj
    

SwiftCompile normal arm64 /Users/j/Documents/GitHub/MoneroOne/build/SourcePackages/checkouts/GRDB.swift/GRDB/Record/MutablePersistableRecord+Upsert.swift (in target 'GRDB' from project 'GRDB')
    cd /Users/j/Documents/GitHub/MoneroOne/MoneroOne.xcodeproj
    

SwiftCompile normal arm64 /Users/j/Documents/GitHub/MoneroOne/build/SourcePackages/checkouts/GRDB.swift/GRDB/Record/MutablePersistableRecord.swift (in target 'GRDB' from project 'GRDB')
    cd /Users/j/Documents/GitHub/MoneroOne/MoneroOne.xcodeproj
    

SwiftCompile normal arm64 /Users/j/Documents/GitHub/MoneroOne/build/SourcePackages/checkouts/GRDB.swift/GRDB/Record/PersistableRecord+Insert.swift (in target 'GRDB' from project 'GRDB')
    cd /Users/j/Documents/GitHub/MoneroOne/MoneroOne.xcodeproj
    

SwiftCompile normal arm64 /Users/j/Documents/GitHub/MoneroOne/build/SourcePackages/checkouts/GRDB.swift/GRDB/Record/PersistableRecord+Save.swift (in target 'GRDB' from project 'GRDB')
    cd /Users/j/Documents/GitHub/MoneroOne/MoneroOne.xcodeproj
    

SwiftDriverJobDiscovery normal arm64 Compiling Task+AnyTask.swift (in target 'HsExtensions' from project 'HsExtensions.Swift')

SwiftCompile normal arm64 Compiling\ Refinable.swift,\ Utils.swift,\ DatabaseCancellable.swift,\ ValueConcurrentObserver.swift,\ ValueWriteOnlyObserver.swift,\ Fetch.swift,\ Map.swift,\ RemoveDuplicates.swift,\ Trace.swift,\ ValueReducer.swift,\ SharedValueObservation.swift,\ ValueObservation.swift,\ ValueObservationScheduler.swift /Users/j/Documents/GitHub/MoneroOne/build/SourcePackages/checkouts/GRDB.swift/GRDB/Utils/Refinable.swift /Users/j/Documents/GitHub/MoneroOne/build/SourcePackages/checkouts/GRDB.swift/GRDB/Utils/Utils.swift /Users/j/Documents/GitHub/MoneroOne/build/SourcePackages/checkouts/GRDB.swift/GRDB/ValueObservation/DatabaseCancellable.swift /Users/j/Documents/GitHub/MoneroOne/build/SourcePackages/checkouts/GRDB.swift/GRDB/ValueObservation/Observers/ValueConcurrentObserver.swift /Users/j/Documents/GitHub/MoneroOne/build/SourcePackages/checkouts/GRDB.swift/GRDB/ValueObservation/Observers/ValueWriteOnlyObserver.swift /Users/j/Documents/GitHub/MoneroOne/build/SourcePackages/checkouts/GRDB.swift/GRDB/ValueObservation/Reducers/Fetch.swift /Users/j/Documents/GitHub/MoneroOne/build/SourcePackages/checkouts/GRDB.swift/GRDB/ValueObservation/Reducers/Map.swift /Users/j/Documents/GitHub/MoneroOne/build/SourcePackages/checkouts/GRDB.swift/GRDB/ValueObservation/Reducers/RemoveDuplicates.swift /Users/j/Documents/GitHub/MoneroOne/build/SourcePackages/checkouts/GRDB.swift/GRDB/ValueObservation/Reducers/Trace.swift /Users/j/Documents/GitHub/MoneroOne/build/SourcePackages/checkouts/GRDB.swift/GRDB/ValueObservation/Reducers/ValueReducer.swift /Users/j/Documents/GitHub/MoneroOne/build/SourcePackages/checkouts/GRDB.swift/GRDB/ValueObservation/SharedValueObservation.swift /Users/j/Documents/GitHub/MoneroOne/build/SourcePackages/checkouts/GRDB.swift/GRDB/ValueObservation/ValueObservation.swift /Users/j/Documents/GitHub/MoneroOne/build/SourcePackages/checkouts/GRDB.swift/GRDB/ValueObservation/ValueObservationScheduler.swift (in target 'GRDB' from project 'GRDB')

SwiftCompile normal arm64 /Users/j/Documents/GitHub/MoneroOne/build/SourcePackages/checkouts/GRDB.swift/GRDB/Utils/Refinable.swift (in target 'GRDB' from project 'GRDB')
    cd /Users/j/Documents/GitHub/MoneroOne/MoneroOne.xcodeproj
    

SwiftCompile normal arm64 /Users/j/Documents/GitHub/MoneroOne/build/SourcePackages/checkouts/GRDB.swift/GRDB/Utils/Utils.swift (in target 'GRDB' from project 'GRDB')
    cd /Users/j/Documents/GitHub/MoneroOne/MoneroOne.xcodeproj
    

SwiftCompile normal arm64 /Users/j/Documents/GitHub/MoneroOne/build/SourcePackages/checkouts/GRDB.swift/GRDB/ValueObservation/DatabaseCancellable.swift (in target 'GRDB' from project 'GRDB')
    cd /Users/j/Documents/GitHub/MoneroOne/MoneroOne.xcodeproj
    

SwiftCompile normal arm64 /Users/j/Documents/GitHub/MoneroOne/build/SourcePackages/checkouts/GRDB.swift/GRDB/ValueObservation/Observers/ValueConcurrentObserver.swift (in target 'GRDB' from project 'GRDB')
    cd /Users/j/Documents/GitHub/MoneroOne/MoneroOne.xcodeproj
    

SwiftCompile normal arm64 /Users/j/Documents/GitHub/MoneroOne/build/SourcePackages/checkouts/GRDB.swift/GRDB/ValueObservation/Observers/ValueWriteOnlyObserver.swift (in target 'GRDB' from project 'GRDB')
    cd /Users/j/Documents/GitHub/MoneroOne/MoneroOne.xcodeproj
    

SwiftCompile normal arm64 /Users/j/Documents/GitHub/MoneroOne/build/SourcePackages/checkouts/GRDB.swift/GRDB/ValueObservation/Reducers/Fetch.swift (in target 'GRDB' from project 'GRDB')
    cd /Users/j/Documents/GitHub/MoneroOne/MoneroOne.xcodeproj
    

SwiftCompile normal arm64 /Users/j/Documents/GitHub/MoneroOne/build/SourcePackages/checkouts/GRDB.swift/GRDB/ValueObservation/Reducers/Map.swift (in target 'GRDB' from project 'GRDB')
    cd /Users/j/Documents/GitHub/MoneroOne/MoneroOne.xcodeproj
    

SwiftCompile normal arm64 /Users/j/Documents/GitHub/MoneroOne/build/SourcePackages/checkouts/GRDB.swift/GRDB/ValueObservation/Reducers/RemoveDuplicates.swift (in target 'GRDB' from project 'GRDB')
    cd /Users/j/Documents/GitHub/MoneroOne/MoneroOne.xcodeproj
    

SwiftCompile normal arm64 /Users/j/Documents/GitHub/MoneroOne/build/SourcePackages/checkouts/GRDB.swift/GRDB/ValueObservation/Reducers/Trace.swift (in target 'GRDB' from project 'GRDB')
    cd /Users/j/Documents/GitHub/MoneroOne/MoneroOne.xcodeproj
    

SwiftCompile normal arm64 /Users/j/Documents/GitHub/MoneroOne/build/SourcePackages/checkouts/GRDB.swift/GRDB/ValueObservation/Reducers/ValueReducer.swift (in target 'GRDB' from project 'GRDB')
    cd /Users/j/Documents/GitHub/MoneroOne/MoneroOne.xcodeproj
    

SwiftCompile normal arm64 /Users/j/Documents/GitHub/MoneroOne/build/SourcePackages/checkouts/GRDB.swift/GRDB/ValueObservation/SharedValueObservation.swift (in target 'GRDB' from project 'GRDB')
    cd /Users/j/Documents/GitHub/MoneroOne/MoneroOne.xcodeproj
    

SwiftCompile normal arm64 /Users/j/Documents/GitHub/MoneroOne/build/SourcePackages/checkouts/GRDB.swift/GRDB/ValueObservation/ValueObservation.swift (in target 'GRDB' from project 'GRDB')
    cd /Users/j/Documents/GitHub/MoneroOne/MoneroOne.xcodeproj
    

SwiftCompile normal arm64 /Users/j/Documents/GitHub/MoneroOne/build/SourcePackages/checkouts/GRDB.swift/GRDB/ValueObservation/ValueObservationScheduler.swift (in target 'GRDB' from project 'GRDB')
    cd /Users/j/Documents/GitHub/MoneroOne/MoneroOne.xcodeproj
    

SwiftDriverJobDiscovery normal arm64 Compiling BinaryConvertible.swift, Data.swift (in target 'HsExtensions' from project 'HsExtensions.Swift')

SwiftCompile normal arm64 Compiling\ DatabaseRegion.swift,\ DatabaseRegionObservation.swift,\ DatabaseSchemaCache.swift,\ DatabaseSnapshot.swift,\ DatabaseSnapshotPool.swift,\ DatabaseValue.swift,\ DatabaseValueConvertible.swift,\ DatabaseWriter.swift,\ FetchRequest.swift,\ Row.swift,\ RowAdapter.swift,\ RowDecodingError.swift,\ SQL.swift,\ SQLInterpolation.swift /Users/j/Documents/GitHub/MoneroOne/build/SourcePackages/checkouts/GRDB.swift/GRDB/Core/DatabaseRegion.swift /Users/j/Documents/GitHub/MoneroOne/build/SourcePackages/checkouts/GRDB.swift/GRDB/Core/DatabaseRegionObservation.swift /Users/j/Documents/GitHub/MoneroOne/build/SourcePackages/checkouts/GRDB.swift/GRDB/Core/DatabaseSchemaCache.swift /Users/j/Documents/GitHub/MoneroOne/build/SourcePackages/checkouts/GRDB.swift/GRDB/Core/DatabaseSnapshot.swift /Users/j/Documents/GitHub/MoneroOne/build/SourcePackages/checkouts/GRDB.swift/GRDB/Core/DatabaseSnapshotPool.swift /Users/j/Documents/GitHub/MoneroOne/build/SourcePackages/checkouts/GRDB.swift/GRDB/Core/DatabaseValue.swift /Users/j/Documents/GitHub/MoneroOne/build/SourcePackages/checkouts/GRDB.swift/GRDB/Core/DatabaseValueConvertible.swift /Users/j/Documents/GitHub/MoneroOne/build/SourcePackages/checkouts/GRDB.swift/GRDB/Core/DatabaseWriter.swift /Users/j/Documents/GitHub/MoneroOne/build/SourcePackages/checkouts/GRDB.swift/GRDB/Core/FetchRequest.swift /Users/j/Documents/GitHub/MoneroOne/build/SourcePackages/checkouts/GRDB.swift/GRDB/Core/Row.swift /Users/j/Documents/GitHub/MoneroOne/build/SourcePackages/checkouts/GRDB.swift/GRDB/Core/RowAdapter.swift /Users/j/Documents/GitHub/MoneroOne/build/SourcePackages/checkouts/GRDB.swift/GRDB/Core/RowDecodingError.swift /Users/j/Documents/GitHub/MoneroOne/build/SourcePackages/checkouts/GRDB.swift/GRDB/Core/SQL.swift /Users/j/Documents/GitHub/MoneroOne/build/SourcePackages/checkouts/GRDB.swift/GRDB/Core/SQLInterpolation.swift (in target 'GRDB' from project 'GRDB')
SwiftCompile normal arm64 /Users/j/Documents/GitHub/MoneroOne/build/SourcePackages/checkouts/GRDB.swift/GRDB/Core/DatabaseRegion.swift (in target 'GRDB' from project 'GRDB')
    cd /Users/j/Documents/GitHub/MoneroOne/MoneroOne.xcodeproj
    

SwiftCompile normal arm64 /Users/j/Documents/GitHub/MoneroOne/build/SourcePackages/checkouts/GRDB.swift/GRDB/Core/DatabaseRegionObservation.swift (in target 'GRDB' from project 'GRDB')
    cd /Users/j/Documents/GitHub/MoneroOne/MoneroOne.xcodeproj
    

SwiftCompile normal arm64 /Users/j/Documents/GitHub/MoneroOne/build/SourcePackages/checkouts/GRDB.swift/GRDB/Core/DatabaseSchemaCache.swift (in target 'GRDB' from project 'GRDB')
    cd /Users/j/Documents/GitHub/MoneroOne/MoneroOne.xcodeproj
    

SwiftCompile normal arm64 /Users/j/Documents/GitHub/MoneroOne/build/SourcePackages/checkouts/GRDB.swift/GRDB/Core/DatabaseSnapshot.swift (in target 'GRDB' from project 'GRDB')
    cd /Users/j/Documents/GitHub/MoneroOne/MoneroOne.xcodeproj
    

SwiftCompile normal arm64 /Users/j/Documents/GitHub/MoneroOne/build/SourcePackages/checkouts/GRDB.swift/GRDB/Core/DatabaseSnapshotPool.swift (in target 'GRDB' from project 'GRDB')
    cd /Users/j/Documents/GitHub/MoneroOne/MoneroOne.xcodeproj
    

SwiftCompile normal arm64 /Users/j/Documents/GitHub/MoneroOne/build/SourcePackages/checkouts/GRDB.swift/GRDB/Core/DatabaseValue.swift (in target 'GRDB' from project 'GRDB')
    cd /Users/j/Documents/GitHub/MoneroOne/MoneroOne.xcodeproj
    

SwiftCompile normal arm64 /Users/j/Documents/GitHub/MoneroOne/build/SourcePackages/checkouts/GRDB.swift/GRDB/Core/DatabaseValueConvertible.swift (in target 'GRDB' from project 'GRDB')
    cd /Users/j/Documents/GitHub/MoneroOne/MoneroOne.xcodeproj
    

SwiftCompile normal arm64 /Users/j/Documents/GitHub/MoneroOne/build/SourcePackages/checkouts/GRDB.swift/GRDB/Core/DatabaseWriter.swift (in target 'GRDB' from project 'GRDB')
    cd /Users/j/Documents/GitHub/MoneroOne/MoneroOne.xcodeproj
    

SwiftCompile normal arm64 /Users/j/Documents/GitHub/MoneroOne/build/SourcePackages/checkouts/GRDB.swift/GRDB/Core/FetchRequest.swift (in target 'GRDB' from project 'GRDB')
    cd /Users/j/Documents/GitHub/MoneroOne/MoneroOne.xcodeproj
    

SwiftCompile normal arm64 /Users/j/Documents/GitHub/MoneroOne/build/SourcePackages/checkouts/GRDB.swift/GRDB/Core/Row.swift (in target 'GRDB' from project 'GRDB')
    cd /Users/j/Documents/GitHub/MoneroOne/MoneroOne.xcodeproj
    

SwiftCompile normal arm64 /Users/j/Documents/GitHub/MoneroOne/build/SourcePackages/checkouts/GRDB.swift/GRDB/Core/RowAdapter.swift (in target 'GRDB' from project 'GRDB')
    cd /Users/j/Documents/GitHub/MoneroOne/MoneroOne.xcodeproj
    

SwiftCompile normal arm64 /Users/j/Documents/GitHub/MoneroOne/build/SourcePackages/checkouts/GRDB.swift/GRDB/Core/RowDecodingError.swift (in target 'GRDB' from project 'GRDB')
    cd /Users/j/Documents/GitHub/MoneroOne/MoneroOne.xcodeproj
    

SwiftCompile normal arm64 /Users/j/Documents/GitHub/MoneroOne/build/SourcePackages/checkouts/GRDB.swift/GRDB/Core/SQL.swift (in target 'GRDB' from project 'GRDB')
    cd /Users/j/Documents/GitHub/MoneroOne/MoneroOne.xcodeproj
    

SwiftCompile normal arm64 /Users/j/Documents/GitHub/MoneroOne/build/SourcePackages/checkouts/GRDB.swift/GRDB/Core/SQLInterpolation.swift (in target 'GRDB' from project 'GRDB')
    cd /Users/j/Documents/GitHub/MoneroOne/MoneroOne.xcodeproj
    

SwiftDriverJobDiscovery normal arm64 Compiling Directory.swift (in target 'HsExtensions' from project 'HsExtensions.Swift')

SwiftCompile normal arm64 Compiling\ FTS5.swift,\ FTS5CustomTokenizer.swift,\ FTS5Pattern.swift,\ FTS5Tokenizer.swift,\ FTS5TokenizerDescriptor.swift,\ FTS5WrapperTokenizer.swift,\ Fixits.swift,\ JSONColumn.swift,\ SQLJSONExpressible.swift,\ SQLJSONFunctions.swift,\ DatabaseMigrator.swift,\ Migration.swift,\ FTS3+QueryInterface.swift,\ FTS5+QueryInterface.swift /Users/j/Documents/GitHub/MoneroOne/build/SourcePackages/checkouts/GRDB.swift/GRDB/FTS/FTS5.swift /Users/j/Documents/GitHub/MoneroOne/build/SourcePackages/checkouts/GRDB.swift/GRDB/FTS/FTS5CustomTokenizer.swift /Users/j/Documents/GitHub/MoneroOne/build/SourcePackages/checkouts/GRDB.swift/GRDB/FTS/FTS5Pattern.swift /Users/j/Documents/GitHub/MoneroOne/build/SourcePackages/checkouts/GRDB.swift/GRDB/FTS/FTS5Tokenizer.swift /Users/j/Documents/GitHub/MoneroOne/build/SourcePackages/checkouts/GRDB.swift/GRDB/FTS/FTS5TokenizerDescriptor.swift /Users/j/Documents/GitHub/MoneroOne/build/SourcePackages/checkouts/GRDB.swift/GRDB/FTS/FTS5WrapperTokenizer.swift /Users/j/Documents/GitHub/MoneroOne/build/SourcePackages/checkouts/GRDB.swift/GRDB/Fixits.swift /Users/j/Documents/GitHub/MoneroOne/build/SourcePackages/checkouts/GRDB.swift/GRDB/JSON/JSONColumn.swift /Users/j/Documents/GitHub/MoneroOne/build/SourcePackages/checkouts/GRDB.swift/GRDB/JSON/SQLJSONExpressible.swift /Users/j/Documents/GitHub/MoneroOne/build/SourcePackages/checkouts/GRDB.swift/GRDB/JSON/SQLJSONFunctions.swift /Users/j/Documents/GitHub/MoneroOne/build/SourcePackages/checkouts/GRDB.swift/GRDB/Migration/DatabaseMigrator.swift /Users/j/Documents/GitHub/MoneroOne/build/SourcePackages/checkouts/GRDB.swift/GRDB/Migration/Migration.swift /Users/j/Documents/GitHub/MoneroOne/build/SourcePackages/checkouts/GRDB.swift/GRDB/QueryInterface/FTS3+QueryInterface.swift /Users/j/Documents/GitHub/MoneroOne/build/SourcePackages/checkouts/GRDB.swift/GRDB/QueryInterface/FTS5+QueryInterface.swift (in target 'GRDB' from project 'GRDB')

SwiftCompile normal arm64 /Users/j/Documents/GitHub/MoneroOne/build/SourcePackages/checkouts/GRDB.swift/GRDB/FTS/FTS5.swift (in target 'GRDB' from project 'GRDB')
    cd /Users/j/Documents/GitHub/MoneroOne/MoneroOne.xcodeproj
    

SwiftCompile normal arm64 /Users/j/Documents/GitHub/MoneroOne/build/SourcePackages/checkouts/GRDB.swift/GRDB/FTS/FTS5CustomTokenizer.swift (in target 'GRDB' from project 'GRDB')
    cd /Users/j/Documents/GitHub/MoneroOne/MoneroOne.xcodeproj
    

SwiftCompile normal arm64 /Users/j/Documents/GitHub/MoneroOne/build/SourcePackages/checkouts/GRDB.swift/GRDB/FTS/FTS5Pattern.swift (in target 'GRDB' from project 'GRDB')
    cd /Users/j/Documents/GitHub/MoneroOne/MoneroOne.xcodeproj
    

SwiftCompile normal arm64 /Users/j/Documents/GitHub/MoneroOne/build/SourcePackages/checkouts/GRDB.swift/GRDB/FTS/FTS5Tokenizer.swift (in target 'GRDB' from project 'GRDB')
    cd /Users/j/Documents/GitHub/MoneroOne/MoneroOne.xcodeproj
    

SwiftCompile normal arm64 /Users/j/Documents/GitHub/MoneroOne/build/SourcePackages/checkouts/GRDB.swift/GRDB/FTS/FTS5TokenizerDescriptor.swift (in target 'GRDB' from project 'GRDB')
    cd /Users/j/Documents/GitHub/MoneroOne/MoneroOne.xcodeproj
    

SwiftCompile normal arm64 /Users/j/Documents/GitHub/MoneroOne/build/SourcePackages/checkouts/GRDB.swift/GRDB/FTS/FTS5WrapperTokenizer.swift (in target 'GRDB' from project 'GRDB')
    cd /Users/j/Documents/GitHub/MoneroOne/MoneroOne.xcodeproj
    

SwiftCompile normal arm64 /Users/j/Documents/GitHub/MoneroOne/build/SourcePackages/checkouts/GRDB.swift/GRDB/Fixits.swift (in target 'GRDB' from project 'GRDB')
    cd /Users/j/Documents/GitHub/MoneroOne/MoneroOne.xcodeproj
    

SwiftCompile normal arm64 /Users/j/Documents/GitHub/MoneroOne/build/SourcePackages/checkouts/GRDB.swift/GRDB/JSON/JSONColumn.swift (in target 'GRDB' from project 'GRDB')
    cd /Users/j/Documents/GitHub/MoneroOne/MoneroOne.xcodeproj
    

SwiftCompile normal arm64 /Users/j/Documents/GitHub/MoneroOne/build/SourcePackages/checkouts/GRDB.swift/GRDB/JSON/SQLJSONExpressible.swift (in target 'GRDB' from project 'GRDB')
    cd /Users/j/Documents/GitHub/MoneroOne/MoneroOne.xcodeproj
    

SwiftCompile normal arm64 /Users/j/Documents/GitHub/MoneroOne/build/SourcePackages/checkouts/GRDB.swift/GRDB/JSON/SQLJSONFunctions.swift (in target 'GRDB' from project 'GRDB')
    cd /Users/j/Documents/GitHub/MoneroOne/MoneroOne.xcodeproj
    

SwiftCompile normal arm64 /Users/j/Documents/GitHub/MoneroOne/build/SourcePackages/checkouts/GRDB.swift/GRDB/Migration/DatabaseMigrator.swift (in target 'GRDB' from project 'GRDB')
    cd /Users/j/Documents/GitHub/MoneroOne/MoneroOne.xcodeproj
    

SwiftCompile normal arm64 /Users/j/Documents/GitHub/MoneroOne/build/SourcePackages/checkouts/GRDB.swift/GRDB/Migration/Migration.swift (in target 'GRDB' from project 'GRDB')
    cd /Users/j/Documents/GitHub/MoneroOne/MoneroOne.xcodeproj
    

SwiftCompile normal arm64 /Users/j/Documents/GitHub/MoneroOne/build/SourcePackages/checkouts/GRDB.swift/GRDB/QueryInterface/FTS3+QueryInterface.swift (in target 'GRDB' from project 'GRDB')
    cd /Users/j/Documents/GitHub/MoneroOne/MoneroOne.xcodeproj
    

SwiftCompile normal arm64 /Users/j/Documents/GitHub/MoneroOne/build/SourcePackages/checkouts/GRDB.swift/GRDB/QueryInterface/FTS5+QueryInterface.swift (in target 'GRDB' from project 'GRDB')
    cd /Users/j/Documents/GitHub/MoneroOne/MoneroOne.xcodeproj
    

SwiftDriverJobDiscovery normal arm64 Compiling Timer.swift (in target 'HsExtensions' from project 'HsExtensions.Swift')

SwiftCompile normal arm64 Compiling\ SQLRequest.swift,\ SchedulingWatchdog.swift,\ SerializedDatabase.swift,\ Statement.swift,\ StatementAuthorizer.swift,\ StatementColumnConvertible.swift,\ CGFloat.swift,\ Data.swift,\ DatabaseDateComponents.swift,\ DatabaseValueConvertible+ReferenceConvertible.swift,\ Date.swift,\ Decimal.swift,\ NSData.swift,\ NSNull.swift /Users/j/Documents/GitHub/MoneroOne/build/SourcePackages/checkouts/GRDB.swift/GRDB/Core/SQLRequest.swift /Users/j/Documents/GitHub/MoneroOne/build/SourcePackages/checkouts/GRDB.swift/GRDB/Core/SchedulingWatchdog.swift /Users/j/Documents/GitHub/MoneroOne/build/SourcePackages/checkouts/GRDB.swift/GRDB/Core/SerializedDatabase.swift /Users/j/Documents/GitHub/MoneroOne/build/SourcePackages/checkouts/GRDB.swift/GRDB/Core/Statement.swift /Users/j/Documents/GitHub/MoneroOne/build/SourcePackages/checkouts/GRDB.swift/GRDB/Core/StatementAuthorizer.swift /Users/j/Documents/GitHub/MoneroOne/build/SourcePackages/checkouts/GRDB.swift/GRDB/Core/StatementColumnConvertible.swift /Users/j/Documents/GitHub/MoneroOne/build/SourcePackages/checkouts/GRDB.swift/GRDB/Core/Support/CoreGraphics/CGFloat.swift /Users/j/Documents/GitHub/MoneroOne/build/SourcePackages/checkouts/GRDB.swift/GRDB/Core/Support/Foundation/Data.swift /Users/j/Documents/GitHub/MoneroOne/build/SourcePackages/checkouts/GRDB.swift/GRDB/Core/Support/Foundation/DatabaseDateComponents.swift /Users/j/Documents/GitHub/MoneroOne/build/SourcePackages/checkouts/GRDB.swift/GRDB/Core/Support/Foundation/DatabaseValueConvertible+ReferenceConvertible.swift /Users/j/Documents/GitHub/MoneroOne/build/SourcePackages/checkouts/GRDB.swift/GRDB/Core/Support/Foundation/Date.swift /Users/j/Documents/GitHub/MoneroOne/build/SourcePackages/checkouts/GRDB.swift/GRDB/Core/Support/Foundation/Decimal.swift /Users/j/Documents/GitHub/MoneroOne/build/SourcePackages/checkouts/GRDB.swift/GRDB/Core/Support/Foundation/NSData.swift /Users/j/Documents/GitHub/MoneroOne/build/SourcePackages/checkouts/GRDB.swift/GRDB/Core/Support/Foundation/NSNull.swift (in target 'GRDB' from project 'GRDB')

SwiftCompile normal arm64 /Users/j/Documents/GitHub/MoneroOne/build/SourcePackages/checkouts/GRDB.swift/GRDB/Core/SQLRequest.swift (in target 'GRDB' from project 'GRDB')
    cd /Users/j/Documents/GitHub/MoneroOne/MoneroOne.xcodeproj
    

SwiftCompile normal arm64 /Users/j/Documents/GitHub/MoneroOne/build/SourcePackages/checkouts/GRDB.swift/GRDB/Core/SchedulingWatchdog.swift (in target 'GRDB' from project 'GRDB')
    cd /Users/j/Documents/GitHub/MoneroOne/MoneroOne.xcodeproj
    

SwiftCompile normal arm64 /Users/j/Documents/GitHub/MoneroOne/build/SourcePackages/checkouts/GRDB.swift/GRDB/Core/SerializedDatabase.swift (in target 'GRDB' from project 'GRDB')
    cd /Users/j/Documents/GitHub/MoneroOne/MoneroOne.xcodeproj
    

SwiftCompile normal arm64 /Users/j/Documents/GitHub/MoneroOne/build/SourcePackages/checkouts/GRDB.swift/GRDB/Core/Statement.swift (in target 'GRDB' from project 'GRDB')
    cd /Users/j/Documents/GitHub/MoneroOne/MoneroOne.xcodeproj
    

SwiftCompile normal arm64 /Users/j/Documents/GitHub/MoneroOne/build/SourcePackages/checkouts/GRDB.swift/GRDB/Core/StatementAuthorizer.swift (in target 'GRDB' from project 'GRDB')
    cd /Users/j/Documents/GitHub/MoneroOne/MoneroOne.xcodeproj
    

SwiftCompile normal arm64 /Users/j/Documents/GitHub/MoneroOne/build/SourcePackages/checkouts/GRDB.swift/GRDB/Core/StatementColumnConvertible.swift (in target 'GRDB' from project 'GRDB')
    cd /Users/j/Documents/GitHub/MoneroOne/MoneroOne.xcodeproj
    

SwiftCompile normal arm64 /Users/j/Documents/GitHub/MoneroOne/build/SourcePackages/checkouts/GRDB.swift/GRDB/Core/Support/CoreGraphics/CGFloat.swift (in target 'GRDB' from project 'GRDB')
    cd /Users/j/Documents/GitHub/MoneroOne/MoneroOne.xcodeproj
    

SwiftCompile normal arm64 /Users/j/Documents/GitHub/MoneroOne/build/SourcePackages/checkouts/GRDB.swift/GRDB/Core/Support/Foundation/Data.swift (in target 'GRDB' from project 'GRDB')
    cd /Users/j/Documents/GitHub/MoneroOne/MoneroOne.xcodeproj
    

SwiftCompile normal arm64 /Users/j/Documents/GitHub/MoneroOne/build/SourcePackages/checkouts/GRDB.swift/GRDB/Core/Support/Foundation/DatabaseDateComponents.swift (in target 'GRDB' from project 'GRDB')
    cd /Users/j/Documents/GitHub/MoneroOne/MoneroOne.xcodeproj
    

SwiftCompile normal arm64 /Users/j/Documents/GitHub/MoneroOne/build/SourcePackages/checkouts/GRDB.swift/GRDB/Core/Support/Foundation/DatabaseValueConvertible+ReferenceConvertible.swift (in target 'GRDB' from project 'GRDB')
    cd /Users/j/Documents/GitHub/MoneroOne/MoneroOne.xcodeproj
    

SwiftCompile normal arm64 /Users/j/Documents/GitHub/MoneroOne/build/SourcePackages/checkouts/GRDB.swift/GRDB/Core/Support/Foundation/Date.swift (in target 'GRDB' from project 'GRDB')
    cd /Users/j/Documents/GitHub/MoneroOne/MoneroOne.xcodeproj
    

SwiftCompile normal arm64 /Users/j/Documents/GitHub/MoneroOne/build/SourcePackages/checkouts/GRDB.swift/GRDB/Core/Support/Foundation/Decimal.swift (in target 'GRDB' from project 'GRDB')
    cd /Users/j/Documents/GitHub/MoneroOne/MoneroOne.xcodeproj
    

SwiftCompile normal arm64 /Users/j/Documents/GitHub/MoneroOne/build/SourcePackages/checkouts/GRDB.swift/GRDB/Core/Support/Foundation/NSData.swift (in target 'GRDB' from project 'GRDB')
    cd /Users/j/Documents/GitHub/MoneroOne/MoneroOne.xcodeproj
    

SwiftCompile normal arm64 /Users/j/Documents/GitHub/MoneroOne/build/SourcePackages/checkouts/GRDB.swift/GRDB/Core/Support/Foundation/NSNull.swift (in target 'GRDB' from project 'GRDB')
    cd /Users/j/Documents/GitHub/MoneroOne/MoneroOne.xcodeproj
    

SwiftDriverJobDiscovery normal arm64 Compiling VarInt.swift (in target 'HsExtensions' from project 'HsExtensions.Swift')

SwiftDriver\ Compilation HsExtensions normal arm64 com.apple.xcode.tools.swift.compiler (in target 'HsExtensions' from project 'HsExtensions.Swift')
    cd /Users/j/Documents/GitHub/MoneroOne/MoneroOne.xcodeproj
    builtin-Swift-Compilation -- /Applications/Xcode.app/Contents/Developer/Toolchains/XcodeDefault.xctoolchain/usr/bin/swiftc -module-name HsExtensions -Onone -enforce-exclusivity\=checked @/Users/j/Documents/GitHub/MoneroOne/build/Build/Intermediates.noindex/HsExtensions.Swift.build/Debug-iphonesimulator/HsExtensions.build/Objects-normal/arm64/HsExtensions.SwiftFileList -DSWIFT_PACKAGE -DDEBUG -DSWIFT_MODULE_RESOURCE_BUNDLE_UNAVAILABLE -DXcode -plugin-path /Applications/Xcode.app/Contents/Developer/Toolchains/XcodeDefault.xctoolchain/usr/lib/swift/host/plugins/testing -enable-experimental-feature DebugDescriptionMacro -sdk /Applications/Xcode.app/Contents/Developer/Platforms/iPhoneSimulator.platform/Developer/SDKs/iPhoneSimulator26.1.sdk -target arm64-apple-ios13.0-simulator -g -module-cache-path /Users/j/Documents/GitHub/MoneroOne/build/ModuleCache.noindex -Xfrontend -serialize-debugging-options -enable-testing -suppress-warnings -index-store-path /Users/j/Documents/GitHub/MoneroOne/build/Index.noindex/DataStore -Xcc -D_LIBCPP_HARDENING_MODE\=_LIBCPP_HARDENING_MODE_DEBUG -swift-version 5 -I /Users/j/Documents/GitHub/MoneroOne/build/Build/Products/Debug-iphonesimulator -Isystem /Applications/Xcode.app/Contents/Developer/Platforms/iPhoneSimulator.platform/Developer/usr/lib -F /Users/j/Documents/GitHub/MoneroOne/build/Build/Products/Debug-iphonesimulator -F /Applications/Xcode.app/Contents/Developer/Platforms/iPhoneSimulator.platform/Developer/Library/Frameworks -F /Applications/Xcode.app/Contents/Developer/Platforms/iPhoneSimulator.platform/Developer/SDKs/iPhoneSimulator26.1.sdk/Developer/Library/Frameworks -c -j12 -enable-batch-mode -incremental -Xcc -ivfsstatcache -Xcc /Users/j/Documents/GitHub/MoneroOne/build/SDKStatCaches.noindex/iphonesimulator26.1-23B77-90cf18a4295e390e64c810bc6bd7acbc.sdkstatcache -output-file-map /Users/j/Documents/GitHub/MoneroOne/build/Build/Intermediates.noindex/HsExtensions.Swift.build/Debug-iphonesimulator/HsExtensions.build/Objects-normal/arm64/HsExtensions-OutputFileMap.json -use-frontend-parseable-output -save-temps -no-color-diagnostics -explicit-module-build -module-cache-path /Users/j/Documents/GitHub/MoneroOne/build/Build/Intermediates.noindex/SwiftExplicitPrecompiledModules -clang-scanner-module-cache-path /Users/j/Documents/GitHub/MoneroOne/build/ModuleCache.noindex -sdk-module-cache-path /Users/j/Documents/GitHub/MoneroOne/build/ModuleCache.noindex -serialize-diagnostics -emit-dependencies -emit-module -emit-module-path /Users/j/Documents/GitHub/MoneroOne/build/Build/Intermediates.noindex/HsExtensions.Swift.build/Debug-iphonesimulator/HsExtensions.build/Objects-normal/arm64/HsExtensions.swiftmodule -validate-clang-modules-once -clang-build-session-file /Users/j/Documents/GitHub/MoneroOne/build/ModuleCache.noindex/Session.modulevalidation -Xcc -I/Users/j/Documents/GitHub/MoneroOne/build/Build/Intermediates.noindex/HsExtensions.Swift.build/Debug-iphonesimulator/HsExtensions.build/swift-overrides.hmap -emit-const-values -Xfrontend -const-gather-protocols-file -Xfrontend /Users/j/Documents/GitHub/MoneroOne/build/Build/Intermediates.noindex/HsExtensions.Swift.build/Debug-iphonesimulator/HsExtensions.build/Objects-normal/arm64/HsExtensions_const_extract_protocols.json -Xcc -I/Users/j/Documents/GitHub/MoneroOne/build/Build/Products/Debug-iphonesimulator/include -Xcc -I/Users/j/Documents/GitHub/MoneroOne/build/Build/Intermediates.noindex/HsExtensions.Swift.build/Debug-iphonesimulator/HsExtensions.build/DerivedSources-normal/arm64 -Xcc -I/Users/j/Documents/GitHub/MoneroOne/build/Build/Intermediates.noindex/HsExtensions.Swift.build/Debug-iphonesimulator/HsExtensions.build/DerivedSources/arm64 -Xcc -I/Users/j/Documents/GitHub/MoneroOne/build/Build/Intermediates.noindex/HsExtensions.Swift.build/Debug-iphonesimulator/HsExtensions.build/DerivedSources -Xcc -DSWIFT_PACKAGE -Xcc -DDEBUG\=1 -emit-objc-header -emit-objc-header-path /Users/j/Documents/GitHub/MoneroOne/build/Build/Intermediates.noindex/HsExtensions.Swift.build/Debug-iphonesimulator/HsExtensions.build/Objects-normal/arm64/HsExtensions-Swift.h -working-directory /Users/j/Documents/GitHub/MoneroOne/MoneroOne.xcodeproj -experimental-emit-module-separately -disable-cmo

SwiftDriverJobDiscovery normal arm64 Compiling FromJSON.swift, HexColorTransform.swift (in target 'ObjectMapper' from project 'ObjectMapper')

SwiftCompile normal arm64 Compiling\ resource_bundle_accessor.swift,\ Configuration.swift,\ Cursor.swift,\ Database+Schema.swift,\ Database+Statements.swift,\ Database.swift,\ DatabaseBackupProgress.swift,\ DatabaseCollation.swift,\ DatabaseError.swift,\ DatabaseFunction.swift,\ DatabasePool.swift,\ DatabasePublishers.swift,\ DatabaseQueue.swift,\ DatabaseReader.swift /Users/j/Documents/GitHub/MoneroOne/build/Build/Intermediates.noindex/GRDB.build/Debug-iphonesimulator/GRDB.build/DerivedSources/resource_bundle_accessor.swift /Users/j/Documents/GitHub/MoneroOne/build/SourcePackages/checkouts/GRDB.swift/GRDB/Core/Configuration.swift /Users/j/Documents/GitHub/MoneroOne/build/SourcePackages/checkouts/GRDB.swift/GRDB/Core/Cursor.swift /Users/j/Documents/GitHub/MoneroOne/build/SourcePackages/checkouts/GRDB.swift/GRDB/Core/Database+Schema.swift /Users/j/Documents/GitHub/MoneroOne/build/SourcePackages/checkouts/GRDB.swift/GRDB/Core/Database+Statements.swift /Users/j/Documents/GitHub/MoneroOne/build/SourcePackages/checkouts/GRDB.swift/GRDB/Core/Database.swift /Users/j/Documents/GitHub/MoneroOne/build/SourcePackages/checkouts/GRDB.swift/GRDB/Core/DatabaseBackupProgress.swift /Users/j/Documents/GitHub/MoneroOne/build/SourcePackages/checkouts/GRDB.swift/GRDB/Core/DatabaseCollation.swift /Users/j/Documents/GitHub/MoneroOne/build/SourcePackages/checkouts/GRDB.swift/GRDB/Core/DatabaseError.swift /Users/j/Documents/GitHub/MoneroOne/build/SourcePackages/checkouts/GRDB.swift/GRDB/Core/DatabaseFunction.swift /Users/j/Documents/GitHub/MoneroOne/build/SourcePackages/checkouts/GRDB.swift/GRDB/Core/DatabasePool.swift /Users/j/Documents/GitHub/MoneroOne/build/SourcePackages/checkouts/GRDB.swift/GRDB/Core/DatabasePublishers.swift /Users/j/Documents/GitHub/MoneroOne/build/SourcePackages/checkouts/GRDB.swift/GRDB/Core/DatabaseQueue.swift /Users/j/Documents/GitHub/MoneroOne/build/SourcePackages/checkouts/GRDB.swift/GRDB/Core/DatabaseReader.swift (in target 'GRDB' from project 'GRDB')
SwiftCompile normal arm64 /Users/j/Documents/GitHub/MoneroOne/build/Build/Intermediates.noindex/GRDB.build/Debug-iphonesimulator/GRDB.build/DerivedSources/resource_bundle_accessor.swift (in target 'GRDB' from project 'GRDB')
    cd /Users/j/Documents/GitHub/MoneroOne/MoneroOne.xcodeproj
    

SwiftCompile normal arm64 /Users/j/Documents/GitHub/MoneroOne/build/SourcePackages/checkouts/GRDB.swift/GRDB/Core/Configuration.swift (in target 'GRDB' from project 'GRDB')
    cd /Users/j/Documents/GitHub/MoneroOne/MoneroOne.xcodeproj
    

SwiftCompile normal arm64 /Users/j/Documents/GitHub/MoneroOne/build/SourcePackages/checkouts/GRDB.swift/GRDB/Core/Cursor.swift (in target 'GRDB' from project 'GRDB')
    cd /Users/j/Documents/GitHub/MoneroOne/MoneroOne.xcodeproj
    

SwiftCompile normal arm64 /Users/j/Documents/GitHub/MoneroOne/build/SourcePackages/checkouts/GRDB.swift/GRDB/Core/Database+Schema.swift (in target 'GRDB' from project 'GRDB')
    cd /Users/j/Documents/GitHub/MoneroOne/MoneroOne.xcodeproj
    

SwiftCompile normal arm64 /Users/j/Documents/GitHub/MoneroOne/build/SourcePackages/checkouts/GRDB.swift/GRDB/Core/Database+Statements.swift (in target 'GRDB' from project 'GRDB')
    cd /Users/j/Documents/GitHub/MoneroOne/MoneroOne.xcodeproj
    

SwiftCompile normal arm64 /Users/j/Documents/GitHub/MoneroOne/build/SourcePackages/checkouts/GRDB.swift/GRDB/Core/Database.swift (in target 'GRDB' from project 'GRDB')
    cd /Users/j/Documents/GitHub/MoneroOne/MoneroOne.xcodeproj
    

SwiftCompile normal arm64 /Users/j/Documents/GitHub/MoneroOne/build/SourcePackages/checkouts/GRDB.swift/GRDB/Core/DatabaseBackupProgress.swift (in target 'GRDB' from project 'GRDB')
    cd /Users/j/Documents/GitHub/MoneroOne/MoneroOne.xcodeproj
    

SwiftCompile normal arm64 /Users/j/Documents/GitHub/MoneroOne/build/SourcePackages/checkouts/GRDB.swift/GRDB/Core/DatabaseCollation.swift (in target 'GRDB' from project 'GRDB')
    cd /Users/j/Documents/GitHub/MoneroOne/MoneroOne.xcodeproj
    

SwiftCompile normal arm64 /Users/j/Documents/GitHub/MoneroOne/build/SourcePackages/checkouts/GRDB.swift/GRDB/Core/DatabaseError.swift (in target 'GRDB' from project 'GRDB')
    cd /Users/j/Documents/GitHub/MoneroOne/MoneroOne.xcodeproj
    

SwiftCompile normal arm64 /Users/j/Documents/GitHub/MoneroOne/build/SourcePackages/checkouts/GRDB.swift/GRDB/Core/DatabaseFunction.swift (in target 'GRDB' from project 'GRDB')
    cd /Users/j/Documents/GitHub/MoneroOne/MoneroOne.xcodeproj
    

SwiftCompile normal arm64 /Users/j/Documents/GitHub/MoneroOne/build/SourcePackages/checkouts/GRDB.swift/GRDB/Core/DatabasePool.swift (in target 'GRDB' from project 'GRDB')
    cd /Users/j/Documents/GitHub/MoneroOne/MoneroOne.xcodeproj
    

SwiftCompile normal arm64 /Users/j/Documents/GitHub/MoneroOne/build/SourcePackages/checkouts/GRDB.swift/GRDB/Core/DatabasePublishers.swift (in target 'GRDB' from project 'GRDB')
    cd /Users/j/Documents/GitHub/MoneroOne/MoneroOne.xcodeproj
    

SwiftCompile normal arm64 /Users/j/Documents/GitHub/MoneroOne/build/SourcePackages/checkouts/GRDB.swift/GRDB/Core/DatabaseQueue.swift (in target 'GRDB' from project 'GRDB')
    cd /Users/j/Documents/GitHub/MoneroOne/MoneroOne.xcodeproj
    

SwiftCompile normal arm64 /Users/j/Documents/GitHub/MoneroOne/build/SourcePackages/checkouts/GRDB.swift/GRDB/Core/DatabaseReader.swift (in target 'GRDB' from project 'GRDB')
    cd /Users/j/Documents/GitHub/MoneroOne/MoneroOne.xcodeproj
    

SwiftDriver\ Compilation ObjectMapper normal arm64 com.apple.xcode.tools.swift.compiler (in target 'ObjectMapper' from project 'ObjectMapper')
    cd /Users/j/Documents/GitHub/MoneroOne/MoneroOne.xcodeproj
    builtin-Swift-Compilation -- /Applications/Xcode.app/Contents/Developer/Toolchains/XcodeDefault.xctoolchain/usr/bin/swiftc -module-name ObjectMapper -Onone -enforce-exclusivity\=checked @/Users/j/Documents/GitHub/MoneroOne/build/Build/Intermediates.noindex/ObjectMapper.build/Debug-iphonesimulator/ObjectMapper.build/Objects-normal/arm64/ObjectMapper.SwiftFileList -DSWIFT_PACKAGE -DDEBUG -DSWIFT_MODULE_RESOURCE_BUNDLE_UNAVAILABLE -DXcode -plugin-path /Applications/Xcode.app/Contents/Developer/Toolchains/XcodeDefault.xctoolchain/usr/lib/swift/host/plugins/testing -enable-experimental-feature DebugDescriptionMacro -sdk /Applications/Xcode.app/Contents/Developer/Platforms/iPhoneSimulator.platform/Developer/SDKs/iPhoneSimulator26.1.sdk -target arm64-apple-ios13.0-simulator -g -module-cache-path /Users/j/Documents/GitHub/MoneroOne/build/ModuleCache.noindex -Xfrontend -serialize-debugging-options -enable-testing -suppress-warnings -index-store-path /Users/j/Documents/GitHub/MoneroOne/build/Index.noindex/DataStore -Xcc -D_LIBCPP_HARDENING_MODE\=_LIBCPP_HARDENING_MODE_DEBUG -swift-version 5 -I /Users/j/Documents/GitHub/MoneroOne/build/Build/Products/Debug-iphonesimulator -Isystem /Applications/Xcode.app/Contents/Developer/Platforms/iPhoneSimulator.platform/Developer/usr/lib -F /Users/j/Documents/GitHub/MoneroOne/build/Build/Products/Debug-iphonesimulator -F /Applications/Xcode.app/Contents/Developer/Platforms/iPhoneSimulator.platform/Developer/Library/Frameworks -F /Applications/Xcode.app/Contents/Developer/Platforms/iPhoneSimulator.platform/Developer/SDKs/iPhoneSimulator26.1.sdk/Developer/Library/Frameworks -c -j12 -enable-batch-mode -incremental -Xcc -ivfsstatcache -Xcc /Users/j/Documents/GitHub/MoneroOne/build/SDKStatCaches.noindex/iphonesimulator26.1-23B77-90cf18a4295e390e64c810bc6bd7acbc.sdkstatcache -output-file-map /Users/j/Documents/GitHub/MoneroOne/build/Build/Intermediates.noindex/ObjectMapper.build/Debug-iphonesimulator/ObjectMapper.build/Objects-normal/arm64/ObjectMapper-OutputFileMap.json -use-frontend-parseable-output -save-temps -no-color-diagnostics -explicit-module-build -module-cache-path /Users/j/Documents/GitHub/MoneroOne/build/Build/Intermediates.noindex/SwiftExplicitPrecompiledModules -clang-scanner-module-cache-path /Users/j/Documents/GitHub/MoneroOne/build/ModuleCache.noindex -sdk-module-cache-path /Users/j/Documents/GitHub/MoneroOne/build/ModuleCache.noindex -serialize-diagnostics -emit-dependencies -emit-module -emit-module-path /Users/j/Documents/GitHub/MoneroOne/build/Build/Intermediates.noindex/ObjectMapper.build/Debug-iphonesimulator/ObjectMapper.build/Objects-normal/arm64/ObjectMapper.swiftmodule -validate-clang-modules-once -clang-build-session-file /Users/j/Documents/GitHub/MoneroOne/build/ModuleCache.noindex/Session.modulevalidation -Xcc -I/Users/j/Documents/GitHub/MoneroOne/build/Build/Intermediates.noindex/ObjectMapper.build/Debug-iphonesimulator/ObjectMapper.build/swift-overrides.hmap -emit-const-values -Xfrontend -const-gather-protocols-file -Xfrontend /Users/j/Documents/GitHub/MoneroOne/build/Build/Intermediates.noindex/ObjectMapper.build/Debug-iphonesimulator/ObjectMapper.build/Objects-normal/arm64/ObjectMapper_const_extract_protocols.json -Xcc -I/Users/j/Documents/GitHub/MoneroOne/build/Build/Products/Debug-iphonesimulator/include -Xcc -I/Users/j/Documents/GitHub/MoneroOne/build/Build/Intermediates.noindex/ObjectMapper.build/Debug-iphonesimulator/ObjectMapper.build/DerivedSources-normal/arm64 -Xcc -I/Users/j/Documents/GitHub/MoneroOne/build/Build/Intermediates.noindex/ObjectMapper.build/Debug-iphonesimulator/ObjectMapper.build/DerivedSources/arm64 -Xcc -I/Users/j/Documents/GitHub/MoneroOne/build/Build/Intermediates.noindex/ObjectMapper.build/Debug-iphonesimulator/ObjectMapper.build/DerivedSources -Xcc -DSWIFT_PACKAGE -Xcc -DDEBUG\=1 -emit-objc-header -emit-objc-header-path /Users/j/Documents/GitHub/MoneroOne/build/Build/Intermediates.noindex/ObjectMapper.build/Debug-iphonesimulator/ObjectMapper.build/Objects-normal/arm64/ObjectMapper-Swift.h -working-directory /Users/j/Documents/GitHub/MoneroOne/MoneroOne.xcodeproj -experimental-emit-module-separately -disable-cmo

SwiftDriverJobDiscovery normal arm64 Compiling Refinable.swift, Utils.swift, DatabaseCancellable.swift, ValueConcurrentObserver.swift, ValueWriteOnlyObserver.swift, Fetch.swift, Map.swift, RemoveDuplicates.swift, Trace.swift, ValueReducer.swift, SharedValueObservation.swift, ValueObservation.swift, ValueObservationScheduler.swift (in target 'GRDB' from project 'GRDB')

SwiftCompile normal arm64 Compiling\ WALSnapshotTransaction.swift,\ Database+Dump.swift,\ DatabaseReader+dump.swift,\ DumpFormat.swift,\ DebugDumpFormat.swift,\ JSONDumpFormat.swift,\ LineDumpFormat.swift,\ ListDumpFormat.swift,\ QuoteDumpFormat.swift,\ Export.swift,\ FTS3.swift,\ FTS3Pattern.swift,\ FTS3TokenizerDescriptor.swift,\ FTS4.swift /Users/j/Documents/GitHub/MoneroOne/build/SourcePackages/checkouts/GRDB.swift/GRDB/Core/WALSnapshotTransaction.swift /Users/j/Documents/GitHub/MoneroOne/build/SourcePackages/checkouts/GRDB.swift/GRDB/Dump/Database+Dump.swift /Users/j/Documents/GitHub/MoneroOne/build/SourcePackages/checkouts/GRDB.swift/GRDB/Dump/DatabaseReader+dump.swift /Users/j/Documents/GitHub/MoneroOne/build/SourcePackages/checkouts/GRDB.swift/GRDB/Dump/DumpFormat.swift /Users/j/Documents/GitHub/MoneroOne/build/SourcePackages/checkouts/GRDB.swift/GRDB/Dump/DumpFormats/DebugDumpFormat.swift /Users/j/Documents/GitHub/MoneroOne/build/SourcePackages/checkouts/GRDB.swift/GRDB/Dump/DumpFormats/JSONDumpFormat.swift /Users/j/Documents/GitHub/MoneroOne/build/SourcePackages/checkouts/GRDB.swift/GRDB/Dump/DumpFormats/LineDumpFormat.swift /Users/j/Documents/GitHub/MoneroOne/build/SourcePackages/checkouts/GRDB.swift/GRDB/Dump/DumpFormats/ListDumpFormat.swift /Users/j/Documents/GitHub/MoneroOne/build/SourcePackages/checkouts/GRDB.swift/GRDB/Dump/DumpFormats/QuoteDumpFormat.swift /Users/j/Documents/GitHub/MoneroOne/build/SourcePackages/checkouts/GRDB.swift/GRDB/Export.swift /Users/j/Documents/GitHub/MoneroOne/build/SourcePackages/checkouts/GRDB.swift/GRDB/FTS/FTS3.swift /Users/j/Documents/GitHub/MoneroOne/build/SourcePackages/checkouts/GRDB.swift/GRDB/FTS/FTS3Pattern.swift /Users/j/Documents/GitHub/MoneroOne/build/SourcePackages/checkouts/GRDB.swift/GRDB/FTS/FTS3TokenizerDescriptor.swift /Users/j/Documents/GitHub/MoneroOne/build/SourcePackages/checkouts/GRDB.swift/GRDB/FTS/FTS4.swift (in target 'GRDB' from project 'GRDB')

SwiftCompile normal arm64 /Users/j/Documents/GitHub/MoneroOne/build/SourcePackages/checkouts/GRDB.swift/GRDB/Core/WALSnapshotTransaction.swift (in target 'GRDB' from project 'GRDB')
    cd /Users/j/Documents/GitHub/MoneroOne/MoneroOne.xcodeproj
    

SwiftCompile normal arm64 /Users/j/Documents/GitHub/MoneroOne/build/SourcePackages/checkouts/GRDB.swift/GRDB/Dump/Database+Dump.swift (in target 'GRDB' from project 'GRDB')
    cd /Users/j/Documents/GitHub/MoneroOne/MoneroOne.xcodeproj
    

SwiftCompile normal arm64 /Users/j/Documents/GitHub/MoneroOne/build/SourcePackages/checkouts/GRDB.swift/GRDB/Dump/DatabaseReader+dump.swift (in target 'GRDB' from project 'GRDB')
    cd /Users/j/Documents/GitHub/MoneroOne/MoneroOne.xcodeproj
    

SwiftCompile normal arm64 /Users/j/Documents/GitHub/MoneroOne/build/SourcePackages/checkouts/GRDB.swift/GRDB/Dump/DumpFormat.swift (in target 'GRDB' from project 'GRDB')
    cd /Users/j/Documents/GitHub/MoneroOne/MoneroOne.xcodeproj
    

SwiftCompile normal arm64 /Users/j/Documents/GitHub/MoneroOne/build/SourcePackages/checkouts/GRDB.swift/GRDB/Dump/DumpFormats/DebugDumpFormat.swift (in target 'GRDB' from project 'GRDB')
    cd /Users/j/Documents/GitHub/MoneroOne/MoneroOne.xcodeproj
    

SwiftCompile normal arm64 /Users/j/Documents/GitHub/MoneroOne/build/SourcePackages/checkouts/GRDB.swift/GRDB/Dump/DumpFormats/JSONDumpFormat.swift (in target 'GRDB' from project 'GRDB')
    cd /Users/j/Documents/GitHub/MoneroOne/MoneroOne.xcodeproj
    

SwiftCompile normal arm64 /Users/j/Documents/GitHub/MoneroOne/build/SourcePackages/checkouts/GRDB.swift/GRDB/Dump/DumpFormats/LineDumpFormat.swift (in target 'GRDB' from project 'GRDB')
    cd /Users/j/Documents/GitHub/MoneroOne/MoneroOne.xcodeproj
    

SwiftCompile normal arm64 /Users/j/Documents/GitHub/MoneroOne/build/SourcePackages/checkouts/GRDB.swift/GRDB/Dump/DumpFormats/ListDumpFormat.swift (in target 'GRDB' from project 'GRDB')
    cd /Users/j/Documents/GitHub/MoneroOne/MoneroOne.xcodeproj
    

SwiftCompile normal arm64 /Users/j/Documents/GitHub/MoneroOne/build/SourcePackages/checkouts/GRDB.swift/GRDB/Dump/DumpFormats/QuoteDumpFormat.swift (in target 'GRDB' from project 'GRDB')
    cd /Users/j/Documents/GitHub/MoneroOne/MoneroOne.xcodeproj
    

SwiftCompile normal arm64 /Users/j/Documents/GitHub/MoneroOne/build/SourcePackages/checkouts/GRDB.swift/GRDB/Export.swift (in target 'GRDB' from project 'GRDB')
    cd /Users/j/Documents/GitHub/MoneroOne/MoneroOne.xcodeproj
    

SwiftCompile normal arm64 /Users/j/Documents/GitHub/MoneroOne/build/SourcePackages/checkouts/GRDB.swift/GRDB/FTS/FTS3.swift (in target 'GRDB' from project 'GRDB')
    cd /Users/j/Documents/GitHub/MoneroOne/MoneroOne.xcodeproj
    

SwiftCompile normal arm64 /Users/j/Documents/GitHub/MoneroOne/build/SourcePackages/checkouts/GRDB.swift/GRDB/FTS/FTS3Pattern.swift (in target 'GRDB' from project 'GRDB')
    cd /Users/j/Documents/GitHub/MoneroOne/MoneroOne.xcodeproj
    

SwiftCompile normal arm64 /Users/j/Documents/GitHub/MoneroOne/build/SourcePackages/checkouts/GRDB.swift/GRDB/FTS/FTS3TokenizerDescriptor.swift (in target 'GRDB' from project 'GRDB')
    cd /Users/j/Documents/GitHub/MoneroOne/MoneroOne.xcodeproj
    

SwiftCompile normal arm64 /Users/j/Documents/GitHub/MoneroOne/build/SourcePackages/checkouts/GRDB.swift/GRDB/FTS/FTS4.swift (in target 'GRDB' from project 'GRDB')
    cd /Users/j/Documents/GitHub/MoneroOne/MoneroOne.xcodeproj
    

SwiftCompile normal arm64 Compiling\ SQLQueryGenerator.swift,\ SQLTableAlterationGenerator.swift,\ SQLTableGenerator.swift,\ SQLInterpolation+QueryInterface.swift,\ ColumnDefinition.swift,\ Database+SchemaDefinition.swift,\ ForeignKeyDefinition.swift,\ IndexDefinition.swift,\ TableAlteration.swift,\ TableDefinition.swift,\ VirtualTableModule.swift,\ TableRecord+Association.swift,\ TableRecord+QueryInterfaceRequest.swift,\ EncodableRecord+Encodable.swift /Users/j/Documents/GitHub/MoneroOne/build/SourcePackages/checkouts/GRDB.swift/GRDB/QueryInterface/SQLGeneration/SQLQueryGenerator.swift /Users/j/Documents/GitHub/MoneroOne/build/SourcePackages/checkouts/GRDB.swift/GRDB/QueryInterface/SQLGeneration/SQLTableAlterationGenerator.swift /Users/j/Documents/GitHub/MoneroOne/build/SourcePackages/checkouts/GRDB.swift/GRDB/QueryInterface/SQLGeneration/SQLTableGenerator.swift /Users/j/Documents/GitHub/MoneroOne/build/SourcePackages/checkouts/GRDB.swift/GRDB/QueryInterface/SQLInterpolation+QueryInterface.swift /Users/j/Documents/GitHub/MoneroOne/build/SourcePackages/checkouts/GRDB.swift/GRDB/QueryInterface/Schema/ColumnDefinition.swift /Users/j/Documents/GitHub/MoneroOne/build/SourcePackages/checkouts/GRDB.swift/GRDB/QueryInterface/Schema/Database+SchemaDefinition.swift /Users/j/Documents/GitHub/MoneroOne/build/SourcePackages/checkouts/GRDB.swift/GRDB/QueryInterface/Schema/ForeignKeyDefinition.swift /Users/j/Documents/GitHub/MoneroOne/build/SourcePackages/checkouts/GRDB.swift/GRDB/QueryInterface/Schema/IndexDefinition.swift /Users/j/Documents/GitHub/MoneroOne/build/SourcePackages/checkouts/GRDB.swift/GRDB/QueryInterface/Schema/TableAlteration.swift /Users/j/Documents/GitHub/MoneroOne/build/SourcePackages/checkouts/GRDB.swift/GRDB/QueryInterface/Schema/TableDefinition.swift /Users/j/Documents/GitHub/MoneroOne/build/SourcePackages/checkouts/GRDB.swift/GRDB/QueryInterface/Schema/VirtualTableModule.swift /Users/j/Documents/GitHub/MoneroOne/build/SourcePackages/checkouts/GRDB.swift/GRDB/QueryInterface/TableRecord+Association.swift /Users/j/Documents/GitHub/MoneroOne/build/SourcePackages/checkouts/GRDB.swift/GRDB/QueryInterface/TableRecord+QueryInterfaceRequest.swift /Users/j/Documents/GitHub/MoneroOne/build/SourcePackages/checkouts/GRDB.swift/GRDB/Record/EncodableRecord+Encodable.swift (in target 'GRDB' from project 'GRDB')

SwiftCompile normal arm64 /Users/j/Documents/GitHub/MoneroOne/build/SourcePackages/checkouts/GRDB.swift/GRDB/QueryInterface/SQLGeneration/SQLQueryGenerator.swift (in target 'GRDB' from project 'GRDB')
    cd /Users/j/Documents/GitHub/MoneroOne/MoneroOne.xcodeproj
    

SwiftCompile normal arm64 /Users/j/Documents/GitHub/MoneroOne/build/SourcePackages/checkouts/GRDB.swift/GRDB/QueryInterface/SQLGeneration/SQLTableAlterationGenerator.swift (in target 'GRDB' from project 'GRDB')
    cd /Users/j/Documents/GitHub/MoneroOne/MoneroOne.xcodeproj
    

SwiftCompile normal arm64 /Users/j/Documents/GitHub/MoneroOne/build/SourcePackages/checkouts/GRDB.swift/GRDB/QueryInterface/SQLGeneration/SQLTableGenerator.swift (in target 'GRDB' from project 'GRDB')
    cd /Users/j/Documents/GitHub/MoneroOne/MoneroOne.xcodeproj
    

SwiftCompile normal arm64 /Users/j/Documents/GitHub/MoneroOne/build/SourcePackages/checkouts/GRDB.swift/GRDB/QueryInterface/SQLInterpolation+QueryInterface.swift (in target 'GRDB' from project 'GRDB')
    cd /Users/j/Documents/GitHub/MoneroOne/MoneroOne.xcodeproj
    

SwiftCompile normal arm64 /Users/j/Documents/GitHub/MoneroOne/build/SourcePackages/checkouts/GRDB.swift/GRDB/QueryInterface/Schema/ColumnDefinition.swift (in target 'GRDB' from project 'GRDB')
    cd /Users/j/Documents/GitHub/MoneroOne/MoneroOne.xcodeproj
    

SwiftCompile normal arm64 /Users/j/Documents/GitHub/MoneroOne/build/SourcePackages/checkouts/GRDB.swift/GRDB/QueryInterface/Schema/Database+SchemaDefinition.swift (in target 'GRDB' from project 'GRDB')
    cd /Users/j/Documents/GitHub/MoneroOne/MoneroOne.xcodeproj
    

SwiftCompile normal arm64 /Users/j/Documents/GitHub/MoneroOne/build/SourcePackages/checkouts/GRDB.swift/GRDB/QueryInterface/Schema/ForeignKeyDefinition.swift (in target 'GRDB' from project 'GRDB')
    cd /Users/j/Documents/GitHub/MoneroOne/MoneroOne.xcodeproj
    

SwiftCompile normal arm64 /Users/j/Documents/GitHub/MoneroOne/build/SourcePackages/checkouts/GRDB.swift/GRDB/QueryInterface/Schema/IndexDefinition.swift (in target 'GRDB' from project 'GRDB')
    cd /Users/j/Documents/GitHub/MoneroOne/MoneroOne.xcodeproj
    

SwiftCompile normal arm64 /Users/j/Documents/GitHub/MoneroOne/build/SourcePackages/checkouts/GRDB.swift/GRDB/QueryInterface/Schema/TableAlteration.swift (in target 'GRDB' from project 'GRDB')
    cd /Users/j/Documents/GitHub/MoneroOne/MoneroOne.xcodeproj
    

SwiftCompile normal arm64 /Users/j/Documents/GitHub/MoneroOne/build/SourcePackages/checkouts/GRDB.swift/GRDB/QueryInterface/Schema/TableDefinition.swift (in target 'GRDB' from project 'GRDB')
    cd /Users/j/Documents/GitHub/MoneroOne/MoneroOne.xcodeproj
    

SwiftCompile normal arm64 /Users/j/Documents/GitHub/MoneroOne/build/SourcePackages/checkouts/GRDB.swift/GRDB/QueryInterface/Schema/VirtualTableModule.swift (in target 'GRDB' from project 'GRDB')
    cd /Users/j/Documents/GitHub/MoneroOne/MoneroOne.xcodeproj
    

SwiftCompile normal arm64 /Users/j/Documents/GitHub/MoneroOne/build/SourcePackages/checkouts/GRDB.swift/GRDB/QueryInterface/TableRecord+Association.swift (in target 'GRDB' from project 'GRDB')
    cd /Users/j/Documents/GitHub/MoneroOne/MoneroOne.xcodeproj
    

SwiftCompile normal arm64 /Users/j/Documents/GitHub/MoneroOne/build/SourcePackages/checkouts/GRDB.swift/GRDB/QueryInterface/TableRecord+QueryInterfaceRequest.swift (in target 'GRDB' from project 'GRDB')
    cd /Users/j/Documents/GitHub/MoneroOne/MoneroOne.xcodeproj
    

SwiftCompile normal arm64 /Users/j/Documents/GitHub/MoneroOne/build/SourcePackages/checkouts/GRDB.swift/GRDB/Record/EncodableRecord+Encodable.swift (in target 'GRDB' from project 'GRDB')
    cd /Users/j/Documents/GitHub/MoneroOne/MoneroOne.xcodeproj
    

SwiftDriverJobDiscovery normal arm64 Compiling PersistableRecord+Upsert.swift, PersistableRecord.swift, Record.swift, TableRecord.swift, CaseInsensitiveIdentifier.swift, Inflections+English.swift, Inflections.swift, LockedBox.swift, OnDemandFuture.swift, OrderedDictionary.swift, Pool.swift, ReadWriteBox.swift, ReceiveValuesOn.swift (in target 'GRDB' from project 'GRDB')

SwiftCompile normal arm64 Compiling\ BoringSSLAEAD.swift /Users/j/Documents/GitHub/MoneroOne/build/SourcePackages/checkouts/swift-crypto/Sources/CryptoBoringWrapper/AEAD/BoringSSLAEAD.swift (in target 'CryptoBoringWrapper' from project 'swift-crypto')

SwiftCompile normal arm64 /Users/j/Documents/GitHub/MoneroOne/build/SourcePackages/checkouts/swift-crypto/Sources/CryptoBoringWrapper/AEAD/BoringSSLAEAD.swift (in target 'CryptoBoringWrapper' from project 'swift-crypto')
    cd /Users/j/Documents/GitHub/MoneroOne/MoneroOne.xcodeproj
    

SwiftDriverJobDiscovery normal arm64 Compiling ForeignKey.swift, Association.swift, AssociationAggregate.swift, BelongsToAssociation.swift, HasManyAssociation.swift, HasManyThroughAssociation.swift, HasOneAssociation.swift, HasOneThroughAssociation.swift, JoinAssociation.swift, CommonTableExpression.swift, QueryInterfaceRequest.swift, RequestProtocols.swift, Column.swift, DatabasePromise.swift (in target 'GRDB' from project 'GRDB')

SwiftCompile normal arm64 Compiling\ CryptoKitErrors_boring.swift /Users/j/Documents/GitHub/MoneroOne/build/SourcePackages/checkouts/swift-crypto/Sources/CryptoBoringWrapper/CryptoKitErrors_boring.swift (in target 'CryptoBoringWrapper' from project 'swift-crypto')

SwiftCompile normal arm64 /Users/j/Documents/GitHub/MoneroOne/build/SourcePackages/checkouts/swift-crypto/Sources/CryptoBoringWrapper/CryptoKitErrors_boring.swift (in target 'CryptoBoringWrapper' from project 'swift-crypto')
    cd /Users/j/Documents/GitHub/MoneroOne/MoneroOne.xcodeproj
    

SwiftDriverJobDiscovery normal arm64 Compiling FTS5.swift, FTS5CustomTokenizer.swift, FTS5Pattern.swift, FTS5Tokenizer.swift, FTS5TokenizerDescriptor.swift, FTS5WrapperTokenizer.swift, Fixits.swift, JSONColumn.swift, SQLJSONExpressible.swift, SQLJSONFunctions.swift, DatabaseMigrator.swift, Migration.swift, FTS3+QueryInterface.swift, FTS5+QueryInterface.swift (in target 'GRDB' from project 'GRDB')

SwiftDriverJobDiscovery normal arm64 Compiling CryptoKitErrors_boring.swift (in target 'CryptoBoringWrapper' from project 'swift-crypto')

SwiftCompile normal arm64 Compiling\ AES-GCM.swift,\ AES-GCM_boring.swift,\ ChaChaPoly_boring.swift,\ ChaChaPoly.swift,\ Cipher.swift,\ Nonces.swift /Users/j/Documents/GitHub/MoneroOne/build/SourcePackages/checkouts/swift-crypto/Sources/Crypto/AEADs/AES/GCM/AES-GCM.swift /Users/j/Documents/GitHub/MoneroOne/build/SourcePackages/checkouts/swift-crypto/Sources/Crypto/AEADs/AES/GCM/BoringSSL/AES-GCM_boring.swift /Users/j/Documents/GitHub/MoneroOne/build/SourcePackages/checkouts/swift-crypto/Sources/Crypto/AEADs/ChachaPoly/BoringSSL/ChaChaPoly_boring.swift /Users/j/Documents/GitHub/MoneroOne/build/SourcePackages/checkouts/swift-crypto/Sources/Crypto/AEADs/ChachaPoly/ChaChaPoly.swift /Users/j/Documents/GitHub/MoneroOne/build/SourcePackages/checkouts/swift-crypto/Sources/Crypto/AEADs/Cipher.swift /Users/j/Documents/GitHub/MoneroOne/build/SourcePackages/checkouts/swift-crypto/Sources/Crypto/AEADs/Nonces.swift (in target 'Crypto' from project 'swift-crypto')

SwiftCompile normal arm64 /Users/j/Documents/GitHub/MoneroOne/build/SourcePackages/checkouts/swift-crypto/Sources/Crypto/AEADs/AES/GCM/AES-GCM.swift (in target 'Crypto' from project 'swift-crypto')
    cd /Users/j/Documents/GitHub/MoneroOne/MoneroOne.xcodeproj
    

SwiftCompile normal arm64 /Users/j/Documents/GitHub/MoneroOne/build/SourcePackages/checkouts/swift-crypto/Sources/Crypto/AEADs/AES/GCM/BoringSSL/AES-GCM_boring.swift (in target 'Crypto' from project 'swift-crypto')
    cd /Users/j/Documents/GitHub/MoneroOne/MoneroOne.xcodeproj
    

SwiftCompile normal arm64 /Users/j/Documents/GitHub/MoneroOne/build/SourcePackages/checkouts/swift-crypto/Sources/Crypto/AEADs/ChachaPoly/BoringSSL/ChaChaPoly_boring.swift (in target 'Crypto' from project 'swift-crypto')
    cd /Users/j/Documents/GitHub/MoneroOne/MoneroOne.xcodeproj
    

SwiftCompile normal arm64 /Users/j/Documents/GitHub/MoneroOne/build/SourcePackages/checkouts/swift-crypto/Sources/Crypto/AEADs/ChachaPoly/ChaChaPoly.swift (in target 'Crypto' from project 'swift-crypto')
    cd /Users/j/Documents/GitHub/MoneroOne/MoneroOne.xcodeproj
    

SwiftCompile normal arm64 /Users/j/Documents/GitHub/MoneroOne/build/SourcePackages/checkouts/swift-crypto/Sources/Crypto/AEADs/Cipher.swift (in target 'Crypto' from project 'swift-crypto')
    cd /Users/j/Documents/GitHub/MoneroOne/MoneroOne.xcodeproj
    

SwiftCompile normal arm64 /Users/j/Documents/GitHub/MoneroOne/build/SourcePackages/checkouts/swift-crypto/Sources/Crypto/AEADs/Nonces.swift (in target 'Crypto' from project 'swift-crypto')
    cd /Users/j/Documents/GitHub/MoneroOne/MoneroOne.xcodeproj
    

SwiftCompile normal arm64 Compiling\ ASN1.swift,\ ASN1Any.swift,\ ASN1BitString.swift,\ ASN1Boolean.swift,\ ASN1Identifier.swift,\ ASN1Integer.swift /Users/j/Documents/GitHub/MoneroOne/build/SourcePackages/checkouts/swift-crypto/Sources/Crypto/ASN1/ASN1.swift /Users/j/Documents/GitHub/MoneroOne/build/SourcePackages/checkouts/swift-crypto/Sources/Crypto/ASN1/Basic\ ASN1\ Types/ASN1Any.swift /Users/j/Documents/GitHub/MoneroOne/build/SourcePackages/checkouts/swift-crypto/Sources/Crypto/ASN1/Basic\ ASN1\ Types/ASN1BitString.swift /Users/j/Documents/GitHub/MoneroOne/build/SourcePackages/checkouts/swift-crypto/Sources/Crypto/ASN1/Basic\ ASN1\ Types/ASN1Boolean.swift /Users/j/Documents/GitHub/MoneroOne/build/SourcePackages/checkouts/swift-crypto/Sources/Crypto/ASN1/Basic\ ASN1\ Types/ASN1Identifier.swift /Users/j/Documents/GitHub/MoneroOne/build/SourcePackages/checkouts/swift-crypto/Sources/Crypto/ASN1/Basic\ ASN1\ Types/ASN1Integer.swift (in target 'Crypto' from project 'swift-crypto')

SwiftCompile normal arm64 /Users/j/Documents/GitHub/MoneroOne/build/SourcePackages/checkouts/swift-crypto/Sources/Crypto/ASN1/ASN1.swift (in target 'Crypto' from project 'swift-crypto')
    cd /Users/j/Documents/GitHub/MoneroOne/MoneroOne.xcodeproj
    

SwiftCompile normal arm64 /Users/j/Documents/GitHub/MoneroOne/build/SourcePackages/checkouts/swift-crypto/Sources/Crypto/ASN1/Basic\ ASN1\ Types/ASN1Any.swift (in target 'Crypto' from project 'swift-crypto')
    cd /Users/j/Documents/GitHub/MoneroOne/MoneroOne.xcodeproj
    

SwiftCompile normal arm64 /Users/j/Documents/GitHub/MoneroOne/build/SourcePackages/checkouts/swift-crypto/Sources/Crypto/ASN1/Basic\ ASN1\ Types/ASN1BitString.swift (in target 'Crypto' from project 'swift-crypto')
    cd /Users/j/Documents/GitHub/MoneroOne/MoneroOne.xcodeproj
    

SwiftCompile normal arm64 /Users/j/Documents/GitHub/MoneroOne/build/SourcePackages/checkouts/swift-crypto/Sources/Crypto/ASN1/Basic\ ASN1\ Types/ASN1Boolean.swift (in target 'Crypto' from project 'swift-crypto')
    cd /Users/j/Documents/GitHub/MoneroOne/MoneroOne.xcodeproj
    

SwiftCompile normal arm64 /Users/j/Documents/GitHub/MoneroOne/build/SourcePackages/checkouts/swift-crypto/Sources/Crypto/ASN1/Basic\ ASN1\ Types/ASN1Identifier.swift (in target 'Crypto' from project 'swift-crypto')
    cd /Users/j/Documents/GitHub/MoneroOne/MoneroOne.xcodeproj
    

SwiftCompile normal arm64 /Users/j/Documents/GitHub/MoneroOne/build/SourcePackages/checkouts/swift-crypto/Sources/Crypto/ASN1/Basic\ ASN1\ Types/ASN1Integer.swift (in target 'Crypto' from project 'swift-crypto')
    cd /Users/j/Documents/GitHub/MoneroOne/MoneroOne.xcodeproj
    

SwiftDriverJobDiscovery normal arm64 Compiling SQLRequest.swift, SchedulingWatchdog.swift, SerializedDatabase.swift, Statement.swift, StatementAuthorizer.swift, StatementColumnConvertible.swift, CGFloat.swift, Data.swift, DatabaseDateComponents.swift, DatabaseValueConvertible+ReferenceConvertible.swift, Date.swift, Decimal.swift, NSData.swift, NSNull.swift (in target 'GRDB' from project 'GRDB')

SwiftCompile normal arm64 Compiling\ Zeroization_boring.swift,\ PrettyBytes.swift,\ SafeCompare.swift,\ SecureBytes.swift,\ Zeroization.swift /Users/j/Documents/GitHub/MoneroOne/build/SourcePackages/checkouts/swift-crypto/Sources/Crypto/Util/BoringSSL/Zeroization_boring.swift /Users/j/Documents/GitHub/MoneroOne/build/SourcePackages/checkouts/swift-crypto/Sources/Crypto/Util/PrettyBytes.swift /Users/j/Documents/GitHub/MoneroOne/build/SourcePackages/checkouts/swift-crypto/Sources/Crypto/Util/SafeCompare.swift /Users/j/Documents/GitHub/MoneroOne/build/SourcePackages/checkouts/swift-crypto/Sources/Crypto/Util/SecureBytes.swift /Users/j/Documents/GitHub/MoneroOne/build/SourcePackages/checkouts/swift-crypto/Sources/Crypto/Util/Zeroization.swift (in target 'Crypto' from project 'swift-crypto')

SwiftCompile normal arm64 /Users/j/Documents/GitHub/MoneroOne/build/SourcePackages/checkouts/swift-crypto/Sources/Crypto/Util/BoringSSL/Zeroization_boring.swift (in target 'Crypto' from project 'swift-crypto')
    cd /Users/j/Documents/GitHub/MoneroOne/MoneroOne.xcodeproj
    

SwiftCompile normal arm64 /Users/j/Documents/GitHub/MoneroOne/build/SourcePackages/checkouts/swift-crypto/Sources/Crypto/Util/PrettyBytes.swift (in target 'Crypto' from project 'swift-crypto')
    cd /Users/j/Documents/GitHub/MoneroOne/MoneroOne.xcodeproj
    

SwiftCompile normal arm64 /Users/j/Documents/GitHub/MoneroOne/build/SourcePackages/checkouts/swift-crypto/Sources/Crypto/Util/SafeCompare.swift (in target 'Crypto' from project 'swift-crypto')
    cd /Users/j/Documents/GitHub/MoneroOne/MoneroOne.xcodeproj
    

SwiftCompile normal arm64 /Users/j/Documents/GitHub/MoneroOne/build/SourcePackages/checkouts/swift-crypto/Sources/Crypto/Util/SecureBytes.swift (in target 'Crypto' from project 'swift-crypto')
    cd /Users/j/Documents/GitHub/MoneroOne/MoneroOne.xcodeproj
    

SwiftCompile normal arm64 /Users/j/Documents/GitHub/MoneroOne/build/SourcePackages/checkouts/swift-crypto/Sources/Crypto/Util/Zeroization.swift (in target 'Crypto' from project 'swift-crypto')
    cd /Users/j/Documents/GitHub/MoneroOne/MoneroOne.xcodeproj
    

SwiftDriverJobDiscovery normal arm64 Compiling BoringSSLAEAD.swift (in target 'CryptoBoringWrapper' from project 'swift-crypto')

SwiftDriver\ Compilation CryptoBoringWrapper normal arm64 com.apple.xcode.tools.swift.compiler (in target 'CryptoBoringWrapper' from project 'swift-crypto')
    cd /Users/j/Documents/GitHub/MoneroOne/MoneroOne.xcodeproj
    builtin-Swift-Compilation -- /Applications/Xcode.app/Contents/Developer/Toolchains/XcodeDefault.xctoolchain/usr/bin/swiftc -module-name CryptoBoringWrapper -Onone -enforce-exclusivity\=checked @/Users/j/Documents/GitHub/MoneroOne/build/Build/Intermediates.noindex/swift-crypto.build/Debug-iphonesimulator/CryptoBoringWrapper.build/Objects-normal/arm64/CryptoBoringWrapper.SwiftFileList -DSWIFT_PACKAGE -DDEBUG -DSWIFT_MODULE_RESOURCE_BUNDLE_UNAVAILABLE -DXcode -plugin-path /Applications/Xcode.app/Contents/Developer/Toolchains/XcodeDefault.xctoolchain/usr/lib/swift/host/plugins/testing -enable-experimental-feature DebugDescriptionMacro -sdk /Applications/Xcode.app/Contents/Developer/Platforms/iPhoneSimulator.platform/Developer/SDKs/iPhoneSimulator26.1.sdk -target arm64-apple-ios13.0-simulator -g -module-cache-path /Users/j/Documents/GitHub/MoneroOne/build/ModuleCache.noindex -Xfrontend -serialize-debugging-options -enable-testing -suppress-warnings -index-store-path /Users/j/Documents/GitHub/MoneroOne/build/Index.noindex/DataStore -Xcc -D_LIBCPP_HARDENING_MODE\=_LIBCPP_HARDENING_MODE_DEBUG -swift-version 5 -I /Users/j/Documents/GitHub/MoneroOne/build/Build/Products/Debug-iphonesimulator -Isystem /Applications/Xcode.app/Contents/Developer/Platforms/iPhoneSimulator.platform/Developer/usr/lib -F /Users/j/Documents/GitHub/MoneroOne/build/Build/Products/Debug-iphonesimulator/PackageFrameworks -F /Users/j/Documents/GitHub/MoneroOne/build/Build/Products/Debug-iphonesimulator/PackageFrameworks -F /Users/j/Documents/GitHub/MoneroOne/build/Build/Products/Debug-iphonesimulator -F /Applications/Xcode.app/Contents/Developer/Platforms/iPhoneSimulator.platform/Developer/Library/Frameworks -F /Applications/Xcode.app/Contents/Developer/Platforms/iPhoneSimulator.platform/Developer/SDKs/iPhoneSimulator26.1.sdk/Developer/Library/Frameworks -c -j12 -enable-batch-mode -incremental -Xcc -ivfsstatcache -Xcc /Users/j/Documents/GitHub/MoneroOne/build/SDKStatCaches.noindex/iphonesimulator26.1-23B77-90cf18a4295e390e64c810bc6bd7acbc.sdkstatcache -output-file-map /Users/j/Documents/GitHub/MoneroOne/build/Build/Intermediates.noindex/swift-crypto.build/Debug-iphonesimulator/CryptoBoringWrapper.build/Objects-normal/arm64/CryptoBoringWrapper-OutputFileMap.json -use-frontend-parseable-output -save-temps -no-color-diagnostics -explicit-module-build -module-cache-path /Users/j/Documents/GitHub/MoneroOne/build/Build/Intermediates.noindex/SwiftExplicitPrecompiledModules -clang-scanner-module-cache-path /Users/j/Documents/GitHub/MoneroOne/build/ModuleCache.noindex -sdk-module-cache-path /Users/j/Documents/GitHub/MoneroOne/build/ModuleCache.noindex -serialize-diagnostics -emit-dependencies -emit-module -emit-module-path /Users/j/Documents/GitHub/MoneroOne/build/Build/Intermediates.noindex/swift-crypto.build/Debug-iphonesimulator/CryptoBoringWrapper.build/Objects-normal/arm64/CryptoBoringWrapper.swiftmodule -validate-clang-modules-once -clang-build-session-file /Users/j/Documents/GitHub/MoneroOne/build/ModuleCache.noindex/Session.modulevalidation -Xcc -I/Users/j/Documents/GitHub/MoneroOne/build/Build/Intermediates.noindex/swift-crypto.build/Debug-iphonesimulator/CryptoBoringWrapper.build/swift-overrides.hmap -emit-const-values -Xfrontend -const-gather-protocols-file -Xfrontend /Users/j/Documents/GitHub/MoneroOne/build/Build/Intermediates.noindex/swift-crypto.build/Debug-iphonesimulator/CryptoBoringWrapper.build/Objects-normal/arm64/CryptoBoringWrapper_const_extract_protocols.json -Xcc -I/Users/j/Documents/GitHub/MoneroOne/build/SourcePackages/checkouts/swift-crypto/Sources/CCryptoBoringSSLShims/include -Xcc -I/Users/j/Documents/GitHub/MoneroOne/build/SourcePackages/checkouts/swift-crypto/Sources/CCryptoBoringSSL/include -Xcc -I/Users/j/Documents/GitHub/MoneroOne/build/Build/Products/Debug-iphonesimulator/include -Xcc -I/Users/j/Documents/GitHub/MoneroOne/build/Build/Intermediates.noindex/swift-crypto.build/Debug-iphonesimulator/CryptoBoringWrapper.build/DerivedSources-normal/arm64 -Xcc -I/Users/j/Documents/GitHub/MoneroOne/build/Build/Intermediates.noindex/swift-crypto.build/Debug-iphonesimulator/CryptoBoringWrapper.build/DerivedSources/arm64 -Xcc -I/Users/j/Documents/GitHub/MoneroOne/build/Build/Intermediates.noindex/swift-crypto.build/Debug-iphonesimulator/CryptoBoringWrapper.build/DerivedSources -Xcc -DSWIFT_PACKAGE -Xcc -DDEBUG\=1 -emit-objc-header -emit-objc-header-path /Users/j/Documents/GitHub/MoneroOne/build/Build/Intermediates.noindex/swift-crypto.build/Debug-iphonesimulator/CryptoBoringWrapper.build/Objects-normal/arm64/CryptoBoringWrapper-Swift.h -working-directory /Users/j/Documents/GitHub/MoneroOne/MoneroOne.xcodeproj -experimental-emit-module-separately -disable-cmo

SwiftDriverJobDiscovery normal arm64 Compiling AES-GCM.swift, AES-GCM_boring.swift, ChaChaPoly_boring.swift, ChaChaPoly.swift, Cipher.swift, Nonces.swift (in target 'Crypto' from project 'swift-crypto')

SwiftCompile normal arm64 Compiling\ Digest_boring.swift,\ Digest.swift,\ Digests.swift,\ HashFunctions.swift,\ HashFunctions_SHA2.swift,\ Insecure.swift /Users/j/Documents/GitHub/MoneroOne/build/SourcePackages/checkouts/swift-crypto/Sources/Crypto/Digests/BoringSSL/Digest_boring.swift /Users/j/Documents/GitHub/MoneroOne/build/SourcePackages/checkouts/swift-crypto/Sources/Crypto/Digests/Digest.swift /Users/j/Documents/GitHub/MoneroOne/build/SourcePackages/checkouts/swift-crypto/Sources/Crypto/Digests/Digests.swift /Users/j/Documents/GitHub/MoneroOne/build/SourcePackages/checkouts/swift-crypto/Sources/Crypto/Digests/HashFunctions.swift /Users/j/Documents/GitHub/MoneroOne/build/SourcePackages/checkouts/swift-crypto/Sources/Crypto/Digests/HashFunctions_SHA2.swift /Users/j/Documents/GitHub/MoneroOne/build/SourcePackages/checkouts/swift-crypto/Sources/Crypto/Insecure/Insecure.swift (in target 'Crypto' from project 'swift-crypto')

SwiftCompile normal arm64 /Users/j/Documents/GitHub/MoneroOne/build/SourcePackages/checkouts/swift-crypto/Sources/Crypto/Digests/BoringSSL/Digest_boring.swift (in target 'Crypto' from project 'swift-crypto')
    cd /Users/j/Documents/GitHub/MoneroOne/MoneroOne.xcodeproj
    

SwiftCompile normal arm64 /Users/j/Documents/GitHub/MoneroOne/build/SourcePackages/checkouts/swift-crypto/Sources/Crypto/Digests/Digest.swift (in target 'Crypto' from project 'swift-crypto')
    cd /Users/j/Documents/GitHub/MoneroOne/MoneroOne.xcodeproj
    

SwiftCompile normal arm64 /Users/j/Documents/GitHub/MoneroOne/build/SourcePackages/checkouts/swift-crypto/Sources/Crypto/Digests/Digests.swift (in target 'Crypto' from project 'swift-crypto')
    cd /Users/j/Documents/GitHub/MoneroOne/MoneroOne.xcodeproj
    

SwiftCompile normal arm64 /Users/j/Documents/GitHub/MoneroOne/build/SourcePackages/checkouts/swift-crypto/Sources/Crypto/Digests/HashFunctions.swift (in target 'Crypto' from project 'swift-crypto')
    cd /Users/j/Documents/GitHub/MoneroOne/MoneroOne.xcodeproj
    

SwiftCompile normal arm64 /Users/j/Documents/GitHub/MoneroOne/build/SourcePackages/checkouts/swift-crypto/Sources/Crypto/Digests/HashFunctions_SHA2.swift (in target 'Crypto' from project 'swift-crypto')
    cd /Users/j/Documents/GitHub/MoneroOne/MoneroOne.xcodeproj
    

SwiftCompile normal arm64 /Users/j/Documents/GitHub/MoneroOne/build/SourcePackages/checkouts/swift-crypto/Sources/Crypto/Insecure/Insecure.swift (in target 'Crypto' from project 'swift-crypto')
    cd /Users/j/Documents/GitHub/MoneroOne/MoneroOne.xcodeproj
    

SwiftCompile normal arm64 Compiling\ HMAC.swift,\ MACFunctions.swift,\ MessageAuthenticationCode.swift,\ AES.swift,\ ECDSASignature_boring.swift /Users/j/Documents/GitHub/MoneroOne/build/SourcePackages/checkouts/swift-crypto/Sources/Crypto/Message\ Authentication\ Codes/HMAC/HMAC.swift /Users/j/Documents/GitHub/MoneroOne/build/SourcePackages/checkouts/swift-crypto/Sources/Crypto/Message\ Authentication\ Codes/MACFunctions.swift /Users/j/Documents/GitHub/MoneroOne/build/SourcePackages/checkouts/swift-crypto/Sources/Crypto/Message\ Authentication\ Codes/MessageAuthenticationCode.swift /Users/j/Documents/GitHub/MoneroOne/build/SourcePackages/checkouts/swift-crypto/Sources/Crypto/PRF/AES.swift /Users/j/Documents/GitHub/MoneroOne/build/SourcePackages/checkouts/swift-crypto/Sources/Crypto/Signatures/BoringSSL/ECDSASignature_boring.swift (in target 'Crypto' from project 'swift-crypto')

SwiftCompile normal arm64 /Users/j/Documents/GitHub/MoneroOne/build/SourcePackages/checkouts/swift-crypto/Sources/Crypto/Message\ Authentication\ Codes/HMAC/HMAC.swift (in target 'Crypto' from project 'swift-crypto')
    cd /Users/j/Documents/GitHub/MoneroOne/MoneroOne.xcodeproj
    

SwiftCompile normal arm64 /Users/j/Documents/GitHub/MoneroOne/build/SourcePackages/checkouts/swift-crypto/Sources/Crypto/Message\ Authentication\ Codes/MACFunctions.swift (in target 'Crypto' from project 'swift-crypto')
    cd /Users/j/Documents/GitHub/MoneroOne/MoneroOne.xcodeproj
    

SwiftCompile normal arm64 /Users/j/Documents/GitHub/MoneroOne/build/SourcePackages/checkouts/swift-crypto/Sources/Crypto/Message\ Authentication\ Codes/MessageAuthenticationCode.swift (in target 'Crypto' from project 'swift-crypto')
    cd /Users/j/Documents/GitHub/MoneroOne/MoneroOne.xcodeproj
    

SwiftCompile normal arm64 /Users/j/Documents/GitHub/MoneroOne/build/SourcePackages/checkouts/swift-crypto/Sources/Crypto/PRF/AES.swift (in target 'Crypto' from project 'swift-crypto')
    cd /Users/j/Documents/GitHub/MoneroOne/MoneroOne.xcodeproj
    

SwiftCompile normal arm64 /Users/j/Documents/GitHub/MoneroOne/build/SourcePackages/checkouts/swift-crypto/Sources/Crypto/Signatures/BoringSSL/ECDSASignature_boring.swift (in target 'Crypto' from project 'swift-crypto')
    cd /Users/j/Documents/GitHub/MoneroOne/MoneroOne.xcodeproj
    

SwiftDriverJobDiscovery normal arm64 Compiling MoneroOneWidgetsBundle.swift (in target 'MoneroOneWidgets' from project 'MoneroOne')

SwiftCompile normal arm64 Compiling\ ASN1Null.swift,\ ASN1OctetString.swift,\ ASN1Strings.swift,\ ArraySliceBigint.swift,\ GeneralizedTime.swift,\ ObjectIdentifier.swift /Users/j/Documents/GitHub/MoneroOne/build/SourcePackages/checkouts/swift-crypto/Sources/Crypto/ASN1/Basic\ ASN1\ Types/ASN1Null.swift /Users/j/Documents/GitHub/MoneroOne/build/SourcePackages/checkouts/swift-crypto/Sources/Crypto/ASN1/Basic\ ASN1\ Types/ASN1OctetString.swift /Users/j/Documents/GitHub/MoneroOne/build/SourcePackages/checkouts/swift-crypto/Sources/Crypto/ASN1/Basic\ ASN1\ Types/ASN1Strings.swift /Users/j/Documents/GitHub/MoneroOne/build/SourcePackages/checkouts/swift-crypto/Sources/Crypto/ASN1/Basic\ ASN1\ Types/ArraySliceBigint.swift /Users/j/Documents/GitHub/MoneroOne/build/SourcePackages/checkouts/swift-crypto/Sources/Crypto/ASN1/Basic\ ASN1\ Types/GeneralizedTime.swift /Users/j/Documents/GitHub/MoneroOne/build/SourcePackages/checkouts/swift-crypto/Sources/Crypto/ASN1/Basic\ ASN1\ Types/ObjectIdentifier.swift (in target 'Crypto' from project 'swift-crypto')

SwiftCompile normal arm64 /Users/j/Documents/GitHub/MoneroOne/build/SourcePackages/checkouts/swift-crypto/Sources/Crypto/ASN1/Basic\ ASN1\ Types/ASN1Null.swift (in target 'Crypto' from project 'swift-crypto')
    cd /Users/j/Documents/GitHub/MoneroOne/MoneroOne.xcodeproj
    

SwiftCompile normal arm64 /Users/j/Documents/GitHub/MoneroOne/build/SourcePackages/checkouts/swift-crypto/Sources/Crypto/ASN1/Basic\ ASN1\ Types/ASN1OctetString.swift (in target 'Crypto' from project 'swift-crypto')
    cd /Users/j/Documents/GitHub/MoneroOne/MoneroOne.xcodeproj
    

SwiftCompile normal arm64 /Users/j/Documents/GitHub/MoneroOne/build/SourcePackages/checkouts/swift-crypto/Sources/Crypto/ASN1/Basic\ ASN1\ Types/ASN1Strings.swift (in target 'Crypto' from project 'swift-crypto')
    cd /Users/j/Documents/GitHub/MoneroOne/MoneroOne.xcodeproj
    

SwiftCompile normal arm64 /Users/j/Documents/GitHub/MoneroOne/build/SourcePackages/checkouts/swift-crypto/Sources/Crypto/ASN1/Basic\ ASN1\ Types/ArraySliceBigint.swift (in target 'Crypto' from project 'swift-crypto')
    cd /Users/j/Documents/GitHub/MoneroOne/MoneroOne.xcodeproj
    

SwiftCompile normal arm64 /Users/j/Documents/GitHub/MoneroOne/build/SourcePackages/checkouts/swift-crypto/Sources/Crypto/ASN1/Basic\ ASN1\ Types/GeneralizedTime.swift (in target 'Crypto' from project 'swift-crypto')
    cd /Users/j/Documents/GitHub/MoneroOne/MoneroOne.xcodeproj
    

SwiftCompile normal arm64 /Users/j/Documents/GitHub/MoneroOne/build/SourcePackages/checkouts/swift-crypto/Sources/Crypto/ASN1/Basic\ ASN1\ Types/ObjectIdentifier.swift (in target 'Crypto' from project 'swift-crypto')
    cd /Users/j/Documents/GitHub/MoneroOne/MoneroOne.xcodeproj
    

SwiftDriverJobDiscovery normal arm64 Compiling ASN1.swift, ASN1Any.swift, ASN1BitString.swift, ASN1Boolean.swift, ASN1Identifier.swift, ASN1Integer.swift (in target 'Crypto' from project 'swift-crypto')

SwiftCompile normal arm64 Compiling\ ArbitraryPrecisionInteger_boring.swift,\ CryptoKitErrors_boring.swift,\ FiniteFieldArithmeticContext_boring.swift,\ RNG_boring.swift,\ SafeCompare_boring.swift /Users/j/Documents/GitHub/MoneroOne/build/SourcePackages/checkouts/swift-crypto/Sources/Crypto/Util/BoringSSL/ArbitraryPrecisionInteger_boring.swift /Users/j/Documents/GitHub/MoneroOne/build/SourcePackages/checkouts/swift-crypto/Sources/Crypto/Util/BoringSSL/CryptoKitErrors_boring.swift /Users/j/Documents/GitHub/MoneroOne/build/SourcePackages/checkouts/swift-crypto/Sources/Crypto/Util/BoringSSL/FiniteFieldArithmeticContext_boring.swift /Users/j/Documents/GitHub/MoneroOne/build/SourcePackages/checkouts/swift-crypto/Sources/Crypto/Util/BoringSSL/RNG_boring.swift /Users/j/Documents/GitHub/MoneroOne/build/SourcePackages/checkouts/swift-crypto/Sources/Crypto/Util/BoringSSL/SafeCompare_boring.swift (in target 'Crypto' from project 'swift-crypto')

SwiftCompile normal arm64 /Users/j/Documents/GitHub/MoneroOne/build/SourcePackages/checkouts/swift-crypto/Sources/Crypto/Util/BoringSSL/ArbitraryPrecisionInteger_boring.swift (in target 'Crypto' from project 'swift-crypto')
    cd /Users/j/Documents/GitHub/MoneroOne/MoneroOne.xcodeproj
    

SwiftCompile normal arm64 /Users/j/Documents/GitHub/MoneroOne/build/SourcePackages/checkouts/swift-crypto/Sources/Crypto/Util/BoringSSL/CryptoKitErrors_boring.swift (in target 'Crypto' from project 'swift-crypto')
    cd /Users/j/Documents/GitHub/MoneroOne/MoneroOne.xcodeproj
    

SwiftCompile normal arm64 /Users/j/Documents/GitHub/MoneroOne/build/SourcePackages/checkouts/swift-crypto/Sources/Crypto/Util/BoringSSL/FiniteFieldArithmeticContext_boring.swift (in target 'Crypto' from project 'swift-crypto')
    cd /Users/j/Documents/GitHub/MoneroOne/MoneroOne.xcodeproj
    

SwiftCompile normal arm64 /Users/j/Documents/GitHub/MoneroOne/build/SourcePackages/checkouts/swift-crypto/Sources/Crypto/Util/BoringSSL/RNG_boring.swift (in target 'Crypto' from project 'swift-crypto')
    cd /Users/j/Documents/GitHub/MoneroOne/MoneroOne.xcodeproj
    

SwiftCompile normal arm64 /Users/j/Documents/GitHub/MoneroOne/build/SourcePackages/checkouts/swift-crypto/Sources/Crypto/Util/BoringSSL/SafeCompare_boring.swift (in target 'Crypto' from project 'swift-crypto')
    cd /Users/j/Documents/GitHub/MoneroOne/MoneroOne.xcodeproj
    

SwiftCompile normal arm64 Compiling\ Curve25519.swift,\ Ed25519.swift,\ NISTCurvesKeys.swift,\ X25519Keys.swift,\ SymmetricKeys.swift /Users/j/Documents/GitHub/MoneroOne/build/SourcePackages/checkouts/swift-crypto/Sources/Crypto/Keys/EC/Curve25519.swift /Users/j/Documents/GitHub/MoneroOne/build/SourcePackages/checkouts/swift-crypto/Sources/Crypto/Keys/EC/Ed25519.swift /Users/j/Documents/GitHub/MoneroOne/build/SourcePackages/checkouts/swift-crypto/Sources/Crypto/Keys/EC/NISTCurvesKeys.swift /Users/j/Documents/GitHub/MoneroOne/build/SourcePackages/checkouts/swift-crypto/Sources/Crypto/Keys/EC/X25519Keys.swift /Users/j/Documents/GitHub/MoneroOne/build/SourcePackages/checkouts/swift-crypto/Sources/Crypto/Keys/Symmetric/SymmetricKeys.swift (in target 'Crypto' from project 'swift-crypto')

SwiftCompile normal arm64 /Users/j/Documents/GitHub/MoneroOne/build/SourcePackages/checkouts/swift-crypto/Sources/Crypto/Keys/EC/Curve25519.swift (in target 'Crypto' from project 'swift-crypto')
    cd /Users/j/Documents/GitHub/MoneroOne/MoneroOne.xcodeproj
    

SwiftCompile normal arm64 /Users/j/Documents/GitHub/MoneroOne/build/SourcePackages/checkouts/swift-crypto/Sources/Crypto/Keys/EC/Ed25519.swift (in target 'Crypto' from project 'swift-crypto')
    cd /Users/j/Documents/GitHub/MoneroOne/MoneroOne.xcodeproj
    

SwiftCompile normal arm64 /Users/j/Documents/GitHub/MoneroOne/build/SourcePackages/checkouts/swift-crypto/Sources/Crypto/Keys/EC/NISTCurvesKeys.swift (in target 'Crypto' from project 'swift-crypto')
    cd /Users/j/Documents/GitHub/MoneroOne/MoneroOne.xcodeproj
    

SwiftCompile normal arm64 /Users/j/Documents/GitHub/MoneroOne/build/SourcePackages/checkouts/swift-crypto/Sources/Crypto/Keys/EC/X25519Keys.swift (in target 'Crypto' from project 'swift-crypto')
    cd /Users/j/Documents/GitHub/MoneroOne/MoneroOne.xcodeproj
    

SwiftCompile normal arm64 /Users/j/Documents/GitHub/MoneroOne/build/SourcePackages/checkouts/swift-crypto/Sources/Crypto/Keys/Symmetric/SymmetricKeys.swift (in target 'Crypto' from project 'swift-crypto')
    cd /Users/j/Documents/GitHub/MoneroOne/MoneroOne.xcodeproj
    

SwiftDriverJobDiscovery normal arm64 Compiling HMAC.swift, MACFunctions.swift, MessageAuthenticationCode.swift, AES.swift, ECDSASignature_boring.swift (in target 'Crypto' from project 'swift-crypto')

SwiftDriverJobDiscovery normal arm64 Compiling Digest_boring.swift, Digest.swift, Digests.swift, HashFunctions.swift, HashFunctions_SHA2.swift, Insecure.swift (in target 'Crypto' from project 'swift-crypto')

SwiftDriverJobDiscovery normal arm64 Compiling SyncLiveActivity.swift (in target 'MoneroOneWidgets' from project 'MoneroOne')

SwiftCompile normal arm64 Compiling\ Insecure_HashFunctions.swift,\ ECDH_boring.swift,\ DH.swift,\ ECDH.swift,\ HKDF.swift,\ AESWrap.swift /Users/j/Documents/GitHub/MoneroOne/build/SourcePackages/checkouts/swift-crypto/Sources/Crypto/Insecure/Insecure_HashFunctions.swift /Users/j/Documents/GitHub/MoneroOne/build/SourcePackages/checkouts/swift-crypto/Sources/Crypto/Key\ Agreement/BoringSSL/ECDH_boring.swift /Users/j/Documents/GitHub/MoneroOne/build/SourcePackages/checkouts/swift-crypto/Sources/Crypto/Key\ Agreement/DH.swift /Users/j/Documents/GitHub/MoneroOne/build/SourcePackages/checkouts/swift-crypto/Sources/Crypto/Key\ Agreement/ECDH.swift /Users/j/Documents/GitHub/MoneroOne/build/SourcePackages/checkouts/swift-crypto/Sources/Crypto/Key\ Derivation/HKDF.swift /Users/j/Documents/GitHub/MoneroOne/build/SourcePackages/checkouts/swift-crypto/Sources/Crypto/Key\ Wrapping/AESWrap.swift (in target 'Crypto' from project 'swift-crypto')

SwiftCompile normal arm64 /Users/j/Documents/GitHub/MoneroOne/build/SourcePackages/checkouts/swift-crypto/Sources/Crypto/Insecure/Insecure_HashFunctions.swift (in target 'Crypto' from project 'swift-crypto')
    cd /Users/j/Documents/GitHub/MoneroOne/MoneroOne.xcodeproj
    

SwiftCompile normal arm64 /Users/j/Documents/GitHub/MoneroOne/build/SourcePackages/checkouts/swift-crypto/Sources/Crypto/Key\ Agreement/BoringSSL/ECDH_boring.swift (in target 'Crypto' from project 'swift-crypto')
    cd /Users/j/Documents/GitHub/MoneroOne/MoneroOne.xcodeproj
    

SwiftCompile normal arm64 /Users/j/Documents/GitHub/MoneroOne/build/SourcePackages/checkouts/swift-crypto/Sources/Crypto/Key\ Agreement/DH.swift (in target 'Crypto' from project 'swift-crypto')
    cd /Users/j/Documents/GitHub/MoneroOne/MoneroOne.xcodeproj
    

SwiftCompile normal arm64 /Users/j/Documents/GitHub/MoneroOne/build/SourcePackages/checkouts/swift-crypto/Sources/Crypto/Key\ Agreement/ECDH.swift (in target 'Crypto' from project 'swift-crypto')
    cd /Users/j/Documents/GitHub/MoneroOne/MoneroOne.xcodeproj
    

SwiftCompile normal arm64 /Users/j/Documents/GitHub/MoneroOne/build/SourcePackages/checkouts/swift-crypto/Sources/Crypto/Key\ Derivation/HKDF.swift (in target 'Crypto' from project 'swift-crypto')
    cd /Users/j/Documents/GitHub/MoneroOne/MoneroOne.xcodeproj
    

SwiftCompile normal arm64 /Users/j/Documents/GitHub/MoneroOne/build/SourcePackages/checkouts/swift-crypto/Sources/Crypto/Key\ Wrapping/AESWrap.swift (in target 'Crypto' from project 'swift-crypto')
    cd /Users/j/Documents/GitHub/MoneroOne/MoneroOne.xcodeproj
    

SwiftDriver\ Compilation MoneroOneWidgets normal arm64 com.apple.xcode.tools.swift.compiler (in target 'MoneroOneWidgets' from project 'MoneroOne')
    cd /Users/j/Documents/GitHub/MoneroOne
    builtin-Swift-Compilation -- /Applications/Xcode.app/Contents/Developer/Toolchains/XcodeDefault.xctoolchain/usr/bin/swiftc -module-name MoneroOneWidgets -Onone -enforce-exclusivity\=checked @/Users/j/Documents/GitHub/MoneroOne/build/Build/Intermediates.noindex/MoneroOne.build/Debug-iphonesimulator/MoneroOneWidgets.build/Objects-normal/arm64/MoneroOneWidgets.SwiftFileList -DDEBUG -enable-bare-slash-regex -enable-experimental-feature DebugDescriptionMacro -sdk /Applications/Xcode.app/Contents/Developer/Platforms/iPhoneSimulator.platform/Developer/SDKs/iPhoneSimulator26.1.sdk -target arm64-apple-ios26.0-simulator -g -module-cache-path /Users/j/Documents/GitHub/MoneroOne/build/ModuleCache.noindex -Xfrontend -serialize-debugging-options -application-extension -enable-testing -index-store-path /Users/j/Documents/GitHub/MoneroOne/build/Index.noindex/DataStore -Xcc -D_LIBCPP_HARDENING_MODE\=_LIBCPP_HARDENING_MODE_DEBUG -swift-version 5 -I /Users/j/Documents/GitHub/MoneroOne/build/Build/Products/Debug-iphonesimulator -F /Users/j/Documents/GitHub/MoneroOne/build/Build/Products/Debug-iphonesimulator -emit-localized-strings -emit-localized-strings-path /Users/j/Documents/GitHub/MoneroOne/build/Build/Intermediates.noindex/MoneroOne.build/Debug-iphonesimulator/MoneroOneWidgets.build/Objects-normal/arm64 -c -j12 -enable-batch-mode -incremental -Xcc -ivfsstatcache -Xcc /Users/j/Documents/GitHub/MoneroOne/build/SDKStatCaches.noindex/iphonesimulator26.1-23B77-90cf18a4295e390e64c810bc6bd7acbc.sdkstatcache -output-file-map /Users/j/Documents/GitHub/MoneroOne/build/Build/Intermediates.noindex/MoneroOne.build/Debug-iphonesimulator/MoneroOneWidgets.build/Objects-normal/arm64/MoneroOneWidgets-OutputFileMap.json -use-frontend-parseable-output -save-temps -no-color-diagnostics -explicit-module-build -module-cache-path /Users/j/Documents/GitHub/MoneroOne/build/Build/Intermediates.noindex/SwiftExplicitPrecompiledModules -clang-scanner-module-cache-path /Users/j/Documents/GitHub/MoneroOne/build/ModuleCache.noindex -sdk-module-cache-path /Users/j/Documents/GitHub/MoneroOne/build/ModuleCache.noindex -serialize-diagnostics -emit-dependencies -emit-module -emit-module-path /Users/j/Documents/GitHub/MoneroOne/build/Build/Intermediates.noindex/MoneroOne.build/Debug-iphonesimulator/MoneroOneWidgets.build/Objects-normal/arm64/MoneroOneWidgets.swiftmodule -validate-clang-modules-once -clang-build-session-file /Users/j/Documents/GitHub/MoneroOne/build/ModuleCache.noindex/Session.modulevalidation -Xcc -I/Users/j/Documents/GitHub/MoneroOne/build/Build/Intermediates.noindex/MoneroOne.build/Debug-iphonesimulator/MoneroOneWidgets.build/swift-overrides.hmap -emit-const-values -Xfrontend -const-gather-protocols-file -Xfrontend /Users/j/Documents/GitHub/MoneroOne/build/Build/Intermediates.noindex/MoneroOne.build/Debug-iphonesimulator/MoneroOneWidgets.build/Objects-normal/arm64/MoneroOneWidgets_const_extract_protocols.json -Xcc -iquote -Xcc /Users/j/Documents/GitHub/MoneroOne/build/Build/Intermediates.noindex/MoneroOne.build/Debug-iphonesimulator/MoneroOneWidgets.build/MoneroOneWidgets-generated-files.hmap -Xcc -I/Users/j/Documents/GitHub/MoneroOne/build/Build/Intermediates.noindex/MoneroOne.build/Debug-iphonesimulator/MoneroOneWidgets.build/MoneroOneWidgets-own-target-headers.hmap -Xcc -I/Users/j/Documents/GitHub/MoneroOne/build/Build/Intermediates.noindex/MoneroOne.build/Debug-iphonesimulator/MoneroOneWidgets.build/MoneroOneWidgets-all-non-framework-target-headers.hmap -Xcc -ivfsoverlay -Xcc /Users/j/Documents/GitHub/MoneroOne/build/Build/Intermediates.noindex/MoneroOne.build/Debug-iphonesimulator/MoneroOne-ddead9317c92f588809e09356899951d-VFS-iphonesimulator/all-product-headers.yaml -Xcc -iquote -Xcc /Users/j/Documents/GitHub/MoneroOne/build/Build/Intermediates.noindex/MoneroOne.build/Debug-iphonesimulator/MoneroOneWidgets.build/MoneroOneWidgets-project-headers.hmap -Xcc -I/Users/j/Documents/GitHub/MoneroOne/build/Build/Products/Debug-iphonesimulator/include -Xcc -I/Users/j/Documents/GitHub/MoneroOne/build/Build/Intermediates.noindex/MoneroOne.build/Debug-iphonesimulator/MoneroOneWidgets.build/DerivedSources-normal/arm64 -Xcc -I/Users/j/Documents/GitHub/MoneroOne/build/Build/Intermediates.noindex/MoneroOne.build/Debug-iphonesimulator/MoneroOneWidgets.build/DerivedSources/arm64 -Xcc -I/Users/j/Documents/GitHub/MoneroOne/build/Build/Intermediates.noindex/MoneroOne.build/Debug-iphonesimulator/MoneroOneWidgets.build/DerivedSources -Xcc -DDEBUG\=1 -emit-objc-header -emit-objc-header-path /Users/j/Documents/GitHub/MoneroOne/build/Build/Intermediates.noindex/MoneroOne.build/Debug-iphonesimulator/MoneroOneWidgets.build/Objects-normal/arm64/MoneroOneWidgets-Swift.h -working-directory /Users/j/Documents/GitHub/MoneroOne -experimental-emit-module-separately -disable-cmo

SwiftDriverJobDiscovery normal arm64 Compiling ASN1Null.swift, ASN1OctetString.swift, ASN1Strings.swift, ArraySliceBigint.swift, GeneralizedTime.swift, ObjectIdentifier.swift (in target 'Crypto' from project 'swift-crypto')

SwiftCompile normal arm64 Compiling\ ECDSASignature.swift,\ PEMDocument.swift,\ PKCS8PrivateKey.swift,\ SEC1PrivateKey.swift,\ SubjectPublicKeyInfo.swift,\ CryptoKitErrors.swift /Users/j/Documents/GitHub/MoneroOne/build/SourcePackages/checkouts/swift-crypto/Sources/Crypto/ASN1/ECDSASignature.swift /Users/j/Documents/GitHub/MoneroOne/build/SourcePackages/checkouts/swift-crypto/Sources/Crypto/ASN1/PEMDocument.swift /Users/j/Documents/GitHub/MoneroOne/build/SourcePackages/checkouts/swift-crypto/Sources/Crypto/ASN1/PKCS8PrivateKey.swift /Users/j/Documents/GitHub/MoneroOne/build/SourcePackages/checkouts/swift-crypto/Sources/Crypto/ASN1/SEC1PrivateKey.swift /Users/j/Documents/GitHub/MoneroOne/build/SourcePackages/checkouts/swift-crypto/Sources/Crypto/ASN1/SubjectPublicKeyInfo.swift /Users/j/Documents/GitHub/MoneroOne/build/SourcePackages/checkouts/swift-crypto/Sources/Crypto/CryptoKitErrors.swift (in target 'Crypto' from project 'swift-crypto')

SwiftCompile normal arm64 /Users/j/Documents/GitHub/MoneroOne/build/SourcePackages/checkouts/swift-crypto/Sources/Crypto/ASN1/ECDSASignature.swift (in target 'Crypto' from project 'swift-crypto')
    cd /Users/j/Documents/GitHub/MoneroOne/MoneroOne.xcodeproj
    

SwiftCompile normal arm64 /Users/j/Documents/GitHub/MoneroOne/build/SourcePackages/checkouts/swift-crypto/Sources/Crypto/ASN1/PEMDocument.swift (in target 'Crypto' from project 'swift-crypto')
    cd /Users/j/Documents/GitHub/MoneroOne/MoneroOne.xcodeproj
    

SwiftCompile normal arm64 /Users/j/Documents/GitHub/MoneroOne/build/SourcePackages/checkouts/swift-crypto/Sources/Crypto/ASN1/PKCS8PrivateKey.swift (in target 'Crypto' from project 'swift-crypto')
    cd /Users/j/Documents/GitHub/MoneroOne/MoneroOne.xcodeproj
    

SwiftCompile normal arm64 /Users/j/Documents/GitHub/MoneroOne/build/SourcePackages/checkouts/swift-crypto/Sources/Crypto/ASN1/SEC1PrivateKey.swift (in target 'Crypto' from project 'swift-crypto')
    cd /Users/j/Documents/GitHub/MoneroOne/MoneroOne.xcodeproj
    

SwiftCompile normal arm64 /Users/j/Documents/GitHub/MoneroOne/build/SourcePackages/checkouts/swift-crypto/Sources/Crypto/ASN1/SubjectPublicKeyInfo.swift (in target 'Crypto' from project 'swift-crypto')
    cd /Users/j/Documents/GitHub/MoneroOne/MoneroOne.xcodeproj
    

SwiftCompile normal arm64 /Users/j/Documents/GitHub/MoneroOne/build/SourcePackages/checkouts/swift-crypto/Sources/Crypto/CryptoKitErrors.swift (in target 'Crypto' from project 'swift-crypto')
    cd /Users/j/Documents/GitHub/MoneroOne/MoneroOne.xcodeproj
    

SwiftCompile normal arm64 Compiling\ ECDSA_boring.swift,\ EdDSA_boring.swift,\ ECDSA.swift,\ EdDSA.swift,\ Signature.swift /Users/j/Documents/GitHub/MoneroOne/build/SourcePackages/checkouts/swift-crypto/Sources/Crypto/Signatures/BoringSSL/ECDSA_boring.swift /Users/j/Documents/GitHub/MoneroOne/build/SourcePackages/checkouts/swift-crypto/Sources/Crypto/Signatures/BoringSSL/EdDSA_boring.swift /Users/j/Documents/GitHub/MoneroOne/build/SourcePackages/checkouts/swift-crypto/Sources/Crypto/Signatures/ECDSA.swift /Users/j/Documents/GitHub/MoneroOne/build/SourcePackages/checkouts/swift-crypto/Sources/Crypto/Signatures/EdDSA.swift /Users/j/Documents/GitHub/MoneroOne/build/SourcePackages/checkouts/swift-crypto/Sources/Crypto/Signatures/Signature.swift (in target 'Crypto' from project 'swift-crypto')

SwiftCompile normal arm64 /Users/j/Documents/GitHub/MoneroOne/build/SourcePackages/checkouts/swift-crypto/Sources/Crypto/Signatures/BoringSSL/ECDSA_boring.swift (in target 'Crypto' from project 'swift-crypto')
    cd /Users/j/Documents/GitHub/MoneroOne/MoneroOne.xcodeproj
    

SwiftCompile normal arm64 /Users/j/Documents/GitHub/MoneroOne/build/SourcePackages/checkouts/swift-crypto/Sources/Crypto/Signatures/BoringSSL/EdDSA_boring.swift (in target 'Crypto' from project 'swift-crypto')
    cd /Users/j/Documents/GitHub/MoneroOne/MoneroOne.xcodeproj
    

SwiftCompile normal arm64 /Users/j/Documents/GitHub/MoneroOne/build/SourcePackages/checkouts/swift-crypto/Sources/Crypto/Signatures/ECDSA.swift (in target 'Crypto' from project 'swift-crypto')
    cd /Users/j/Documents/GitHub/MoneroOne/MoneroOne.xcodeproj
    

SwiftCompile normal arm64 /Users/j/Documents/GitHub/MoneroOne/build/SourcePackages/checkouts/swift-crypto/Sources/Crypto/Signatures/EdDSA.swift (in target 'Crypto' from project 'swift-crypto')
    cd /Users/j/Documents/GitHub/MoneroOne/MoneroOne.xcodeproj
    

SwiftCompile normal arm64 /Users/j/Documents/GitHub/MoneroOne/build/SourcePackages/checkouts/swift-crypto/Sources/Crypto/Signatures/Signature.swift (in target 'Crypto' from project 'swift-crypto')
    cd /Users/j/Documents/GitHub/MoneroOne/MoneroOne.xcodeproj
    

SwiftDriverJobDiscovery normal arm64 Compiling EncodableRecord.swift, FetchableRecord+Decodable.swift, FetchableRecord+TableRecord.swift, FetchableRecord.swift, MutablePersistableRecord+DAO.swift, MutablePersistableRecord+Delete.swift, MutablePersistableRecord+Insert.swift, MutablePersistableRecord+Save.swift, MutablePersistableRecord+Update.swift, MutablePersistableRecord+Upsert.swift, MutablePersistableRecord.swift, PersistableRecord+Insert.swift, PersistableRecord+Save.swift (in target 'GRDB' from project 'GRDB')

SwiftCompile normal arm64 Compiling\ AESWrap_boring.swift,\ Ed25519_boring.swift,\ EllipticCurvePoint_boring.swift,\ EllipticCurve_boring.swift,\ NISTCurvesKeys_boring.swift,\ X25519Keys_boring.swift /Users/j/Documents/GitHub/MoneroOne/build/SourcePackages/checkouts/swift-crypto/Sources/Crypto/Key\ Wrapping/BoringSSL/AESWrap_boring.swift /Users/j/Documents/GitHub/MoneroOne/build/SourcePackages/checkouts/swift-crypto/Sources/Crypto/Keys/EC/BoringSSL/Ed25519_boring.swift /Users/j/Documents/GitHub/MoneroOne/build/SourcePackages/checkouts/swift-crypto/Sources/Crypto/Keys/EC/BoringSSL/EllipticCurvePoint_boring.swift /Users/j/Documents/GitHub/MoneroOne/build/SourcePackages/checkouts/swift-crypto/Sources/Crypto/Keys/EC/BoringSSL/EllipticCurve_boring.swift /Users/j/Documents/GitHub/MoneroOne/build/SourcePackages/checkouts/swift-crypto/Sources/Crypto/Keys/EC/BoringSSL/NISTCurvesKeys_boring.swift /Users/j/Documents/GitHub/MoneroOne/build/SourcePackages/checkouts/swift-crypto/Sources/Crypto/Keys/EC/BoringSSL/X25519Keys_boring.swift (in target 'Crypto' from project 'swift-crypto')

SwiftCompile normal arm64 /Users/j/Documents/GitHub/MoneroOne/build/SourcePackages/checkouts/swift-crypto/Sources/Crypto/Key\ Wrapping/BoringSSL/AESWrap_boring.swift (in target 'Crypto' from project 'swift-crypto')
    cd /Users/j/Documents/GitHub/MoneroOne/MoneroOne.xcodeproj
    

SwiftCompile normal arm64 /Users/j/Documents/GitHub/MoneroOne/build/SourcePackages/checkouts/swift-crypto/Sources/Crypto/Keys/EC/BoringSSL/Ed25519_boring.swift (in target 'Crypto' from project 'swift-crypto')
    cd /Users/j/Documents/GitHub/MoneroOne/MoneroOne.xcodeproj
    

SwiftCompile normal arm64 /Users/j/Documents/GitHub/MoneroOne/build/SourcePackages/checkouts/swift-crypto/Sources/Crypto/Keys/EC/BoringSSL/EllipticCurvePoint_boring.swift (in target 'Crypto' from project 'swift-crypto')
    cd /Users/j/Documents/GitHub/MoneroOne/MoneroOne.xcodeproj
    

SwiftCompile normal arm64 /Users/j/Documents/GitHub/MoneroOne/build/SourcePackages/checkouts/swift-crypto/Sources/Crypto/Keys/EC/BoringSSL/EllipticCurve_boring.swift (in target 'Crypto' from project 'swift-crypto')
    cd /Users/j/Documents/GitHub/MoneroOne/MoneroOne.xcodeproj
    

SwiftCompile normal arm64 /Users/j/Documents/GitHub/MoneroOne/build/SourcePackages/checkouts/swift-crypto/Sources/Crypto/Keys/EC/BoringSSL/NISTCurvesKeys_boring.swift (in target 'Crypto' from project 'swift-crypto')
    cd /Users/j/Documents/GitHub/MoneroOne/MoneroOne.xcodeproj
    

SwiftCompile normal arm64 /Users/j/Documents/GitHub/MoneroOne/build/SourcePackages/checkouts/swift-crypto/Sources/Crypto/Keys/EC/BoringSSL/X25519Keys_boring.swift (in target 'Crypto' from project 'swift-crypto')
    cd /Users/j/Documents/GitHub/MoneroOne/MoneroOne.xcodeproj
    

SwiftDriverJobDiscovery normal arm64 Compiling Curve25519.swift, Ed25519.swift, NISTCurvesKeys.swift, X25519Keys.swift, SymmetricKeys.swift (in target 'Crypto' from project 'swift-crypto')

ScanDependencies /Users/j/Documents/GitHub/MoneroOne/build/Build/Intermediates.noindex/swift-nio.build/Debug-iphonesimulator/CNIOOpenBSD.build/Objects-normal/arm64/shim.o /Users/j/Documents/GitHub/MoneroOne/build/SourcePackages/checkouts/swift-nio/Sources/CNIOOpenBSD/shim.c normal arm64 c com.apple.compilers.llvm.clang.1_0.compiler (in target 'CNIOOpenBSD' from project 'swift-nio')
    cd /Users/j/Documents/GitHub/MoneroOne/MoneroOne.xcodeproj
    
    Using response file: /Users/j/Documents/GitHub/MoneroOne/build/Build/Intermediates.noindex/swift-nio.build/Debug-iphonesimulator/CNIOOpenBSD.build/Objects-normal/arm64/7187679823f38a2a940e0043cdf9d637-common-args.resp
    
    builtin-ScanDependencies -o /Users/j/Documents/GitHub/MoneroOne/build/Build/Intermediates.noindex/swift-nio.build/Debug-iphonesimulator/CNIOOpenBSD.build/Objects-normal/arm64/shim.o.scan -- /Applications/Xcode.app/Contents/Developer/Toolchains/XcodeDefault.xctoolchain/usr/bin/clang -x c -ivfsstatcache /Users/j/Documents/GitHub/MoneroOne/build/SDKStatCaches.noindex/iphonesimulator26.1-23B77-90cf18a4295e390e64c810bc6bd7acbc.sdkstatcache -fmessage-length\=0 -fdiagnostics-show-note-include-stack -fmacro-backtrace-limit\=0 -fno-color-diagnostics -fmodules-prune-interval\=86400 -fmodules-prune-after\=345600 -fbuild-session-file\=/Users/j/Documents/GitHub/MoneroOne/build/ModuleCache.noindex/Session.modulevalidation -fmodules-validate-once-per-build-session -Wnon-modular-include-in-framework-module -Werror\=non-modular-include-in-framework-module -Wno-trigraphs -Wno-missing-field-initializers -Wno-missing-prototypes -Wno-return-type -Wno-missing-braces -Wparentheses -Wswitch -Wno-unused-function -Wno-unused-label -Wno-unused-parameter -Wno-unused-variable -Wunused-value -Wno-empty-body -Wno-uninitialized -Wno-unknown-pragmas -w -Wno-shadow -Wno-four-char-constants -Wno-conversion -Wno-constant-conversion -Wno-int-conversion -Wno-bool-conversion -Wno-enum-conversion -Wno-float-conversion -Wno-non-literal-null-conversion -Wno-objc-literal-conversion -Wshorten-64-to-32 -Wpointer-sign -Wno-newline-eof -Wno-implicit-fallthrough -fstrict-aliasing -Wdeprecated-declarations -Wno-sign-conversion -Wno-infinite-recursion -Wno-comma -Wno-block-capture-autoreleasing -Wno-strict-prototypes -Wno-semicolon-before-method-body -index-store-path /Users/j/Documents/GitHub/MoneroOne/build/Index.noindex/DataStore @/Users/j/Documents/GitHub/MoneroOne/build/Build/Intermediates.noindex/swift-nio.build/Debug-iphonesimulator/CNIOOpenBSD.build/Objects-normal/arm64/7187679823f38a2a940e0043cdf9d637-common-args.resp -MMD -MT dependencies -MF /Users/j/Documents/GitHub/MoneroOne/build/Build/Intermediates.noindex/swift-nio.build/Debug-iphonesimulator/CNIOOpenBSD.build/Objects-normal/arm64/shim.d --serialize-diagnostics /Users/j/Documents/GitHub/MoneroOne/build/Build/Intermediates.noindex/swift-nio.build/Debug-iphonesimulator/CNIOOpenBSD.build/Objects-normal/arm64/shim.dia -c /Users/j/Documents/GitHub/MoneroOne/build/SourcePackages/checkouts/swift-nio/Sources/CNIOOpenBSD/shim.c -o /Users/j/Documents/GitHub/MoneroOne/build/Build/Intermediates.noindex/swift-nio.build/Debug-iphonesimulator/CNIOOpenBSD.build/Objects-normal/arm64/shim.o -index-unit-output-path /swift-nio.build/Debug-iphonesimulator/CNIOOpenBSD.build/Objects-normal/arm64/shim.o

SwiftDriverJobDiscovery normal arm64 Compiling Insecure_HashFunctions.swift, ECDH_boring.swift, DH.swift, ECDH.swift, HKDF.swift, AESWrap.swift (in target 'Crypto' from project 'swift-crypto')

ScanDependencies /Users/j/Documents/GitHub/MoneroOne/build/Build/Intermediates.noindex/swift-nio.build/Debug-iphonesimulator/CNIOLinux.build/Objects-normal/arm64/shim.o /Users/j/Documents/GitHub/MoneroOne/build/SourcePackages/checkouts/swift-nio/Sources/CNIOLinux/shim.c normal arm64 c com.apple.compilers.llvm.clang.1_0.compiler (in target 'CNIOLinux' from project 'swift-nio')
    cd /Users/j/Documents/GitHub/MoneroOne/MoneroOne.xcodeproj
    
    Using response file: /Users/j/Documents/GitHub/MoneroOne/build/Build/Intermediates.noindex/swift-nio.build/Debug-iphonesimulator/CNIOLinux.build/Objects-normal/arm64/7187679823f38a2a940e0043cdf9d637-common-args.resp
    
    builtin-ScanDependencies -o /Users/j/Documents/GitHub/MoneroOne/build/Build/Intermediates.noindex/swift-nio.build/Debug-iphonesimulator/CNIOLinux.build/Objects-normal/arm64/shim.o.scan -- /Applications/Xcode.app/Contents/Developer/Toolchains/XcodeDefault.xctoolchain/usr/bin/clang -x c -ivfsstatcache /Users/j/Documents/GitHub/MoneroOne/build/SDKStatCaches.noindex/iphonesimulator26.1-23B77-90cf18a4295e390e64c810bc6bd7acbc.sdkstatcache -fmessage-length\=0 -fdiagnostics-show-note-include-stack -fmacro-backtrace-limit\=0 -fno-color-diagnostics -fmodules-prune-interval\=86400 -fmodules-prune-after\=345600 -fbuild-session-file\=/Users/j/Documents/GitHub/MoneroOne/build/ModuleCache.noindex/Session.modulevalidation -fmodules-validate-once-per-build-session -Wnon-modular-include-in-framework-module -Werror\=non-modular-include-in-framework-module -Wno-trigraphs -Wno-missing-field-initializers -Wno-missing-prototypes -Wno-return-type -Wno-missing-braces -Wparentheses -Wswitch -Wno-unused-function -Wno-unused-label -Wno-unused-parameter -Wno-unused-variable -Wunused-value -Wno-empty-body -Wno-uninitialized -Wno-unknown-pragmas -w -Wno-shadow -Wno-four-char-constants -Wno-conversion -Wno-constant-conversion -Wno-int-conversion -Wno-bool-conversion -Wno-enum-conversion -Wno-float-conversion -Wno-non-literal-null-conversion -Wno-objc-literal-conversion -Wshorten-64-to-32 -Wpointer-sign -Wno-newline-eof -Wno-implicit-fallthrough -fstrict-aliasing -Wdeprecated-declarations -Wno-sign-conversion -Wno-infinite-recursion -Wno-comma -Wno-block-capture-autoreleasing -Wno-strict-prototypes -Wno-semicolon-before-method-body -index-store-path /Users/j/Documents/GitHub/MoneroOne/build/Index.noindex/DataStore @/Users/j/Documents/GitHub/MoneroOne/build/Build/Intermediates.noindex/swift-nio.build/Debug-iphonesimulator/CNIOLinux.build/Objects-normal/arm64/7187679823f38a2a940e0043cdf9d637-common-args.resp -MMD -MT dependencies -MF /Users/j/Documents/GitHub/MoneroOne/build/Build/Intermediates.noindex/swift-nio.build/Debug-iphonesimulator/CNIOLinux.build/Objects-normal/arm64/shim.d --serialize-diagnostics /Users/j/Documents/GitHub/MoneroOne/build/Build/Intermediates.noindex/swift-nio.build/Debug-iphonesimulator/CNIOLinux.build/Objects-normal/arm64/shim.dia -c /Users/j/Documents/GitHub/MoneroOne/build/SourcePackages/checkouts/swift-nio/Sources/CNIOLinux/shim.c -o /Users/j/Documents/GitHub/MoneroOne/build/Build/Intermediates.noindex/swift-nio.build/Debug-iphonesimulator/CNIOLinux.build/Objects-normal/arm64/shim.o -index-unit-output-path /swift-nio.build/Debug-iphonesimulator/CNIOLinux.build/Objects-normal/arm64/shim.o

CompileC /Users/j/Documents/GitHub/MoneroOne/build/Build/Intermediates.noindex/swift-nio.build/Debug-iphonesimulator/CNIOOpenBSD.build/Objects-normal/arm64/shim.o /Users/j/Documents/GitHub/MoneroOne/build/SourcePackages/checkouts/swift-nio/Sources/CNIOOpenBSD/shim.c normal arm64 c com.apple.compilers.llvm.clang.1_0.compiler (in target 'CNIOOpenBSD' from project 'swift-nio')
    cd /Users/j/Documents/GitHub/MoneroOne/MoneroOne.xcodeproj
    
    Using response file: /Users/j/Documents/GitHub/MoneroOne/build/Build/Intermediates.noindex/swift-nio.build/Debug-iphonesimulator/CNIOOpenBSD.build/Objects-normal/arm64/7187679823f38a2a940e0043cdf9d637-common-args.resp
    
    /Applications/Xcode.app/Contents/Developer/Toolchains/XcodeDefault.xctoolchain/usr/bin/clang -x c -ivfsstatcache /Users/j/Documents/GitHub/MoneroOne/build/SDKStatCaches.noindex/iphonesimulator26.1-23B77-90cf18a4295e390e64c810bc6bd7acbc.sdkstatcache -fmessage-length\=0 -fdiagnostics-show-note-include-stack -fmacro-backtrace-limit\=0 -fno-color-diagnostics -fmodules-prune-interval\=86400 -fmodules-prune-after\=345600 -fbuild-session-file\=/Users/j/Documents/GitHub/MoneroOne/build/ModuleCache.noindex/Session.modulevalidation -fmodules-validate-once-per-build-session -Wnon-modular-include-in-framework-module -Werror\=non-modular-include-in-framework-module -Wno-trigraphs -Wno-missing-field-initializers -Wno-missing-prototypes -Wno-return-type -Wno-missing-braces -Wparentheses -Wswitch -Wno-unused-function -Wno-unused-label -Wno-unused-parameter -Wno-unused-variable -Wunused-value -Wno-empty-body -Wno-uninitialized -Wno-unknown-pragmas -w -Wno-shadow -Wno-four-char-constants -Wno-conversion -Wno-constant-conversion -Wno-int-conversion -Wno-bool-conversion -Wno-enum-conversion -Wno-float-conversion -Wno-non-literal-null-conversion -Wno-objc-literal-conversion -Wshorten-64-to-32 -Wpointer-sign -Wno-newline-eof -Wno-implicit-fallthrough -fstrict-aliasing -Wdeprecated-declarations -Wno-sign-conversion -Wno-infinite-recursion -Wno-comma -Wno-block-capture-autoreleasing -Wno-strict-prototypes -Wno-semicolon-before-method-body -index-store-path /Users/j/Documents/GitHub/MoneroOne/build/Index.noindex/DataStore @/Users/j/Documents/GitHub/MoneroOne/build/Build/Intermediates.noindex/swift-nio.build/Debug-iphonesimulator/CNIOOpenBSD.build/Objects-normal/arm64/7187679823f38a2a940e0043cdf9d637-common-args.resp -MMD -MT dependencies -MF /Users/j/Documents/GitHub/MoneroOne/build/Build/Intermediates.noindex/swift-nio.build/Debug-iphonesimulator/CNIOOpenBSD.build/Objects-normal/arm64/shim.d --serialize-diagnostics /Users/j/Documents/GitHub/MoneroOne/build/Build/Intermediates.noindex/swift-nio.build/Debug-iphonesimulator/CNIOOpenBSD.build/Objects-normal/arm64/shim.dia -c /Users/j/Documents/GitHub/MoneroOne/build/SourcePackages/checkouts/swift-nio/Sources/CNIOOpenBSD/shim.c -o /Users/j/Documents/GitHub/MoneroOne/build/Build/Intermediates.noindex/swift-nio.build/Debug-iphonesimulator/CNIOOpenBSD.build/Objects-normal/arm64/shim.o -index-unit-output-path /swift-nio.build/Debug-iphonesimulator/CNIOOpenBSD.build/Objects-normal/arm64/shim.o

CompileC /Users/j/Documents/GitHub/MoneroOne/build/Build/Intermediates.noindex/swift-nio.build/Debug-iphonesimulator/CNIOLinux.build/Objects-normal/arm64/shim.o /Users/j/Documents/GitHub/MoneroOne/build/SourcePackages/checkouts/swift-nio/Sources/CNIOLinux/shim.c normal arm64 c com.apple.compilers.llvm.clang.1_0.compiler (in target 'CNIOLinux' from project 'swift-nio')
    cd /Users/j/Documents/GitHub/MoneroOne/MoneroOne.xcodeproj
    
    Using response file: /Users/j/Documents/GitHub/MoneroOne/build/Build/Intermediates.noindex/swift-nio.build/Debug-iphonesimulator/CNIOLinux.build/Objects-normal/arm64/7187679823f38a2a940e0043cdf9d637-common-args.resp
    
    /Applications/Xcode.app/Contents/Developer/Toolchains/XcodeDefault.xctoolchain/usr/bin/clang -x c -ivfsstatcache /Users/j/Documents/GitHub/MoneroOne/build/SDKStatCaches.noindex/iphonesimulator26.1-23B77-90cf18a4295e390e64c810bc6bd7acbc.sdkstatcache -fmessage-length\=0 -fdiagnostics-show-note-include-stack -fmacro-backtrace-limit\=0 -fno-color-diagnostics -fmodules-prune-interval\=86400 -fmodules-prune-after\=345600 -fbuild-session-file\=/Users/j/Documents/GitHub/MoneroOne/build/ModuleCache.noindex/Session.modulevalidation -fmodules-validate-once-per-build-session -Wnon-modular-include-in-framework-module -Werror\=non-modular-include-in-framework-module -Wno-trigraphs -Wno-missing-field-initializers -Wno-missing-prototypes -Wno-return-type -Wno-missing-braces -Wparentheses -Wswitch -Wno-unused-function -Wno-unused-label -Wno-unused-parameter -Wno-unused-variable -Wunused-value -Wno-empty-body -Wno-uninitialized -Wno-unknown-pragmas -w -Wno-shadow -Wno-four-char-constants -Wno-conversion -Wno-constant-conversion -Wno-int-conversion -Wno-bool-conversion -Wno-enum-conversion -Wno-float-conversion -Wno-non-literal-null-conversion -Wno-objc-literal-conversion -Wshorten-64-to-32 -Wpointer-sign -Wno-newline-eof -Wno-implicit-fallthrough -fstrict-aliasing -Wdeprecated-declarations -Wno-sign-conversion -Wno-infinite-recursion -Wno-comma -Wno-block-capture-autoreleasing -Wno-strict-prototypes -Wno-semicolon-before-method-body -index-store-path /Users/j/Documents/GitHub/MoneroOne/build/Index.noindex/DataStore @/Users/j/Documents/GitHub/MoneroOne/build/Build/Intermediates.noindex/swift-nio.build/Debug-iphonesimulator/CNIOLinux.build/Objects-normal/arm64/7187679823f38a2a940e0043cdf9d637-common-args.resp -MMD -MT dependencies -MF /Users/j/Documents/GitHub/MoneroOne/build/Build/Intermediates.noindex/swift-nio.build/Debug-iphonesimulator/CNIOLinux.build/Objects-normal/arm64/shim.d --serialize-diagnostics /Users/j/Documents/GitHub/MoneroOne/build/Build/Intermediates.noindex/swift-nio.build/Debug-iphonesimulator/CNIOLinux.build/Objects-normal/arm64/shim.dia -c /Users/j/Documents/GitHub/MoneroOne/build/SourcePackages/checkouts/swift-nio/Sources/CNIOLinux/shim.c -o /Users/j/Documents/GitHub/MoneroOne/build/Build/Intermediates.noindex/swift-nio.build/Debug-iphonesimulator/CNIOLinux.build/Objects-normal/arm64/shim.o -index-unit-output-path /swift-nio.build/Debug-iphonesimulator/CNIOLinux.build/Objects-normal/arm64/shim.o

SwiftDriverJobDiscovery normal arm64 Compiling ECDSASignature.swift, PEMDocument.swift, PKCS8PrivateKey.swift, SEC1PrivateKey.swift, SubjectPublicKeyInfo.swift, CryptoKitErrors.swift (in target 'Crypto' from project 'swift-crypto')

ScanDependencies /Users/j/Documents/GitHub/MoneroOne/build/Build/Intermediates.noindex/swift-nio.build/Debug-iphonesimulator/CNIOLinux.build/Objects-normal/arm64/liburing_shims.o /Users/j/Documents/GitHub/MoneroOne/build/SourcePackages/checkouts/swift-nio/Sources/CNIOLinux/liburing_shims.c normal arm64 c com.apple.compilers.llvm.clang.1_0.compiler (in target 'CNIOLinux' from project 'swift-nio')
    cd /Users/j/Documents/GitHub/MoneroOne/MoneroOne.xcodeproj
    
    Using response file: /Users/j/Documents/GitHub/MoneroOne/build/Build/Intermediates.noindex/swift-nio.build/Debug-iphonesimulator/CNIOLinux.build/Objects-normal/arm64/7187679823f38a2a940e0043cdf9d637-common-args.resp
    
    builtin-ScanDependencies -o /Users/j/Documents/GitHub/MoneroOne/build/Build/Intermediates.noindex/swift-nio.build/Debug-iphonesimulator/CNIOLinux.build/Objects-normal/arm64/liburing_shims.o.scan -- /Applications/Xcode.app/Contents/Developer/Toolchains/XcodeDefault.xctoolchain/usr/bin/clang -x c -ivfsstatcache /Users/j/Documents/GitHub/MoneroOne/build/SDKStatCaches.noindex/iphonesimulator26.1-23B77-90cf18a4295e390e64c810bc6bd7acbc.sdkstatcache -fmessage-length\=0 -fdiagnostics-show-note-include-stack -fmacro-backtrace-limit\=0 -fno-color-diagnostics -fmodules-prune-interval\=86400 -fmodules-prune-after\=345600 -fbuild-session-file\=/Users/j/Documents/GitHub/MoneroOne/build/ModuleCache.noindex/Session.modulevalidation -fmodules-validate-once-per-build-session -Wnon-modular-include-in-framework-module -Werror\=non-modular-include-in-framework-module -Wno-trigraphs -Wno-missing-field-initializers -Wno-missing-prototypes -Wno-return-type -Wno-missing-braces -Wparentheses -Wswitch -Wno-unused-function -Wno-unused-label -Wno-unused-parameter -Wno-unused-variable -Wunused-value -Wno-empty-body -Wno-uninitialized -Wno-unknown-pragmas -w -Wno-shadow -Wno-four-char-constants -Wno-conversion -Wno-constant-conversion -Wno-int-conversion -Wno-bool-conversion -Wno-enum-conversion -Wno-float-conversion -Wno-non-literal-null-conversion -Wno-objc-literal-conversion -Wshorten-64-to-32 -Wpointer-sign -Wno-newline-eof -Wno-implicit-fallthrough -fstrict-aliasing -Wdeprecated-declarations -Wno-sign-conversion -Wno-infinite-recursion -Wno-comma -Wno-block-capture-autoreleasing -Wno-strict-prototypes -Wno-semicolon-before-method-body -index-store-path /Users/j/Documents/GitHub/MoneroOne/build/Index.noindex/DataStore @/Users/j/Documents/GitHub/MoneroOne/build/Build/Intermediates.noindex/swift-nio.build/Debug-iphonesimulator/CNIOLinux.build/Objects-normal/arm64/7187679823f38a2a940e0043cdf9d637-common-args.resp -MMD -MT dependencies -MF /Users/j/Documents/GitHub/MoneroOne/build/Build/Intermediates.noindex/swift-nio.build/Debug-iphonesimulator/CNIOLinux.build/Objects-normal/arm64/liburing_shims.d --serialize-diagnostics /Users/j/Documents/GitHub/MoneroOne/build/Build/Intermediates.noindex/swift-nio.build/Debug-iphonesimulator/CNIOLinux.build/Objects-normal/arm64/liburing_shims.dia -c /Users/j/Documents/GitHub/MoneroOne/build/SourcePackages/checkouts/swift-nio/Sources/CNIOLinux/liburing_shims.c -o /Users/j/Documents/GitHub/MoneroOne/build/Build/Intermediates.noindex/swift-nio.build/Debug-iphonesimulator/CNIOLinux.build/Objects-normal/arm64/liburing_shims.o -index-unit-output-path /swift-nio.build/Debug-iphonesimulator/CNIOLinux.build/Objects-normal/arm64/liburing_shims.o

Ld /Users/j/Documents/GitHub/MoneroOne/build/Build/Products/Debug-iphonesimulator/CNIOOpenBSD.o normal (in target 'CNIOOpenBSD' from project 'swift-nio')
    cd /Users/j/Documents/GitHub/MoneroOne/build/SourcePackages/checkouts/swift-nio
    /Applications/Xcode.app/Contents/Developer/Toolchains/XcodeDefault.xctoolchain/usr/bin/clang -Xlinker -reproducible -target arm64-apple-ios12.0-simulator -r -isysroot /Applications/Xcode.app/Contents/Developer/Platforms/iPhoneSimulator.platform/Developer/SDKs/iPhoneSimulator26.1.sdk -O0 -w -L/Users/j/Documents/GitHub/MoneroOne/build/Build/Intermediates.noindex/EagerLinkingTBDs/Debug-iphonesimulator -L/Users/j/Documents/GitHub/MoneroOne/build/Build/Products/Debug-iphonesimulator -L/Applications/Xcode.app/Contents/Developer/Platforms/iPhoneSimulator.platform/Developer/usr/lib -F/Users/j/Documents/GitHub/MoneroOne/build/Build/Intermediates.noindex/EagerLinkingTBDs/Debug-iphonesimulator -F/Users/j/Documents/GitHub/MoneroOne/build/Build/Products/Debug-iphonesimulator -iframework /Applications/Xcode.app/Contents/Developer/Platforms/iPhoneSimulator.platform/Developer/Library/Frameworks -iframework /Applications/Xcode.app/Contents/Developer/Platforms/iPhoneSimulator.platform/Developer/SDKs/iPhoneSimulator26.1.sdk/Developer/Library/Frameworks -filelist /Users/j/Documents/GitHub/MoneroOne/build/Build/Intermediates.noindex/swift-nio.build/Debug-iphonesimulator/CNIOOpenBSD.build/Objects-normal/arm64/CNIOOpenBSD.LinkFileList -nostdlib -Xlinker -object_path_lto -Xlinker /Users/j/Documents/GitHub/MoneroOne/build/Build/Intermediates.noindex/swift-nio.build/Debug-iphonesimulator/CNIOOpenBSD.build/Objects-normal/arm64/CNIOOpenBSD_lto.o -rdynamic -Xlinker -no_deduplicate -Xlinker -objc_abi_version -Xlinker 2 -Xlinker -dependency_info -Xlinker /Users/j/Documents/GitHub/MoneroOne/build/Build/Intermediates.noindex/swift-nio.build/Debug-iphonesimulator/CNIOOpenBSD.build/Objects-normal/arm64/CNIOOpenBSD_dependency_info.dat -o /Users/j/Documents/GitHub/MoneroOne/build/Build/Products/Debug-iphonesimulator/CNIOOpenBSD.o

ScanDependencies /Users/j/Documents/GitHub/MoneroOne/build/Build/Intermediates.noindex/swift-nio.build/Debug-iphonesimulator/CNIOLLHTTP.build/Objects-normal/arm64/c_nio_llhttp.o /Users/j/Documents/GitHub/MoneroOne/build/SourcePackages/checkouts/swift-nio/Sources/CNIOLLHTTP/c_nio_llhttp.c normal arm64 c com.apple.compilers.llvm.clang.1_0.compiler (in target 'CNIOLLHTTP' from project 'swift-nio')
    cd /Users/j/Documents/GitHub/MoneroOne/MoneroOne.xcodeproj
    
    Using response file: /Users/j/Documents/GitHub/MoneroOne/build/Build/Intermediates.noindex/swift-nio.build/Debug-iphonesimulator/CNIOLLHTTP.build/Objects-normal/arm64/7187679823f38a2a940e0043cdf9d637-common-args.resp
    
    builtin-ScanDependencies -o /Users/j/Documents/GitHub/MoneroOne/build/Build/Intermediates.noindex/swift-nio.build/Debug-iphonesimulator/CNIOLLHTTP.build/Objects-normal/arm64/c_nio_llhttp.o.scan -- /Applications/Xcode.app/Contents/Developer/Toolchains/XcodeDefault.xctoolchain/usr/bin/clang -x c -ivfsstatcache /Users/j/Documents/GitHub/MoneroOne/build/SDKStatCaches.noindex/iphonesimulator26.1-23B77-90cf18a4295e390e64c810bc6bd7acbc.sdkstatcache -fmessage-length\=0 -fdiagnostics-show-note-include-stack -fmacro-backtrace-limit\=0 -fno-color-diagnostics -fmodules-prune-interval\=86400 -fmodules-prune-after\=345600 -fbuild-session-file\=/Users/j/Documents/GitHub/MoneroOne/build/ModuleCache.noindex/Session.modulevalidation -fmodules-validate-once-per-build-session -Wnon-modular-include-in-framework-module -Werror\=non-modular-include-in-framework-module -Wno-trigraphs -Wno-missing-field-initializers -Wno-missing-prototypes -Wno-return-type -Wno-missing-braces -Wparentheses -Wswitch -Wno-unused-function -Wno-unused-label -Wno-unused-parameter -Wno-unused-variable -Wunused-value -Wno-empty-body -Wno-uninitialized -Wno-unknown-pragmas -w -Wno-shadow -Wno-four-char-constants -Wno-conversion -Wno-constant-conversion -Wno-int-conversion -Wno-bool-conversion -Wno-enum-conversion -Wno-float-conversion -Wno-non-literal-null-conversion -Wno-objc-literal-conversion -Wshorten-64-to-32 -Wpointer-sign -Wno-newline-eof -Wno-implicit-fallthrough -fstrict-aliasing -Wdeprecated-declarations -Wno-sign-conversion -Wno-infinite-recursion -Wno-comma -Wno-block-capture-autoreleasing -Wno-strict-prototypes -Wno-semicolon-before-method-body -index-store-path /Users/j/Documents/GitHub/MoneroOne/build/Index.noindex/DataStore @/Users/j/Documents/GitHub/MoneroOne/build/Build/Intermediates.noindex/swift-nio.build/Debug-iphonesimulator/CNIOLLHTTP.build/Objects-normal/arm64/7187679823f38a2a940e0043cdf9d637-common-args.resp -MMD -MT dependencies -MF /Users/j/Documents/GitHub/MoneroOne/build/Build/Intermediates.noindex/swift-nio.build/Debug-iphonesimulator/CNIOLLHTTP.build/Objects-normal/arm64/c_nio_llhttp.d --serialize-diagnostics /Users/j/Documents/GitHub/MoneroOne/build/Build/Intermediates.noindex/swift-nio.build/Debug-iphonesimulator/CNIOLLHTTP.build/Objects-normal/arm64/c_nio_llhttp.dia -c /Users/j/Documents/GitHub/MoneroOne/build/SourcePackages/checkouts/swift-nio/Sources/CNIOLLHTTP/c_nio_llhttp.c -o /Users/j/Documents/GitHub/MoneroOne/build/Build/Intermediates.noindex/swift-nio.build/Debug-iphonesimulator/CNIOLLHTTP.build/Objects-normal/arm64/c_nio_llhttp.o -index-unit-output-path /swift-nio.build/Debug-iphonesimulator/CNIOLLHTTP.build/Objects-normal/arm64/c_nio_llhttp.o

CompileC /Users/j/Documents/GitHub/MoneroOne/build/Build/Intermediates.noindex/swift-nio.build/Debug-iphonesimulator/CNIOLinux.build/Objects-normal/arm64/liburing_shims.o /Users/j/Documents/GitHub/MoneroOne/build/SourcePackages/checkouts/swift-nio/Sources/CNIOLinux/liburing_shims.c normal arm64 c com.apple.compilers.llvm.clang.1_0.compiler (in target 'CNIOLinux' from project 'swift-nio')
    cd /Users/j/Documents/GitHub/MoneroOne/MoneroOne.xcodeproj
    
    Using response file: /Users/j/Documents/GitHub/MoneroOne/build/Build/Intermediates.noindex/swift-nio.build/Debug-iphonesimulator/CNIOLinux.build/Objects-normal/arm64/7187679823f38a2a940e0043cdf9d637-common-args.resp
    
    /Applications/Xcode.app/Contents/Developer/Toolchains/XcodeDefault.xctoolchain/usr/bin/clang -x c -ivfsstatcache /Users/j/Documents/GitHub/MoneroOne/build/SDKStatCaches.noindex/iphonesimulator26.1-23B77-90cf18a4295e390e64c810bc6bd7acbc.sdkstatcache -fmessage-length\=0 -fdiagnostics-show-note-include-stack -fmacro-backtrace-limit\=0 -fno-color-diagnostics -fmodules-prune-interval\=86400 -fmodules-prune-after\=345600 -fbuild-session-file\=/Users/j/Documents/GitHub/MoneroOne/build/ModuleCache.noindex/Session.modulevalidation -fmodules-validate-once-per-build-session -Wnon-modular-include-in-framework-module -Werror\=non-modular-include-in-framework-module -Wno-trigraphs -Wno-missing-field-initializers -Wno-missing-prototypes -Wno-return-type -Wno-missing-braces -Wparentheses -Wswitch -Wno-unused-function -Wno-unused-label -Wno-unused-parameter -Wno-unused-variable -Wunused-value -Wno-empty-body -Wno-uninitialized -Wno-unknown-pragmas -w -Wno-shadow -Wno-four-char-constants -Wno-conversion -Wno-constant-conversion -Wno-int-conversion -Wno-bool-conversion -Wno-enum-conversion -Wno-float-conversion -Wno-non-literal-null-conversion -Wno-objc-literal-conversion -Wshorten-64-to-32 -Wpointer-sign -Wno-newline-eof -Wno-implicit-fallthrough -fstrict-aliasing -Wdeprecated-declarations -Wno-sign-conversion -Wno-infinite-recursion -Wno-comma -Wno-block-capture-autoreleasing -Wno-strict-prototypes -Wno-semicolon-before-method-body -index-store-path /Users/j/Documents/GitHub/MoneroOne/build/Index.noindex/DataStore @/Users/j/Documents/GitHub/MoneroOne/build/Build/Intermediates.noindex/swift-nio.build/Debug-iphonesimulator/CNIOLinux.build/Objects-normal/arm64/7187679823f38a2a940e0043cdf9d637-common-args.resp -MMD -MT dependencies -MF /Users/j/Documents/GitHub/MoneroOne/build/Build/Intermediates.noindex/swift-nio.build/Debug-iphonesimulator/CNIOLinux.build/Objects-normal/arm64/liburing_shims.d --serialize-diagnostics /Users/j/Documents/GitHub/MoneroOne/build/Build/Intermediates.noindex/swift-nio.build/Debug-iphonesimulator/CNIOLinux.build/Objects-normal/arm64/liburing_shims.dia -c /Users/j/Documents/GitHub/MoneroOne/build/SourcePackages/checkouts/swift-nio/Sources/CNIOLinux/liburing_shims.c -o /Users/j/Documents/GitHub/MoneroOne/build/Build/Intermediates.noindex/swift-nio.build/Debug-iphonesimulator/CNIOLinux.build/Objects-normal/arm64/liburing_shims.o -index-unit-output-path /swift-nio.build/Debug-iphonesimulator/CNIOLinux.build/Objects-normal/arm64/liburing_shims.o

SwiftDriverJobDiscovery normal arm64 Compiling ArbitraryPrecisionInteger_boring.swift, CryptoKitErrors_boring.swift, FiniteFieldArithmeticContext_boring.swift, RNG_boring.swift, SafeCompare_boring.swift (in target 'Crypto' from project 'swift-crypto')

ScanDependencies /Users/j/Documents/GitHub/MoneroOne/build/Build/Intermediates.noindex/swift-nio.build/Debug-iphonesimulator/CNIOLLHTTP.build/Objects-normal/arm64/c_nio_http.o /Users/j/Documents/GitHub/MoneroOne/build/SourcePackages/checkouts/swift-nio/Sources/CNIOLLHTTP/c_nio_http.c normal arm64 c com.apple.compilers.llvm.clang.1_0.compiler (in target 'CNIOLLHTTP' from project 'swift-nio')
    cd /Users/j/Documents/GitHub/MoneroOne/MoneroOne.xcodeproj
    
    Using response file: /Users/j/Documents/GitHub/MoneroOne/build/Build/Intermediates.noindex/swift-nio.build/Debug-iphonesimulator/CNIOLLHTTP.build/Objects-normal/arm64/7187679823f38a2a940e0043cdf9d637-common-args.resp
    
    builtin-ScanDependencies -o /Users/j/Documents/GitHub/MoneroOne/build/Build/Intermediates.noindex/swift-nio.build/Debug-iphonesimulator/CNIOLLHTTP.build/Objects-normal/arm64/c_nio_http.o.scan -- /Applications/Xcode.app/Contents/Developer/Toolchains/XcodeDefault.xctoolchain/usr/bin/clang -x c -ivfsstatcache /Users/j/Documents/GitHub/MoneroOne/build/SDKStatCaches.noindex/iphonesimulator26.1-23B77-90cf18a4295e390e64c810bc6bd7acbc.sdkstatcache -fmessage-length\=0 -fdiagnostics-show-note-include-stack -fmacro-backtrace-limit\=0 -fno-color-diagnostics -fmodules-prune-interval\=86400 -fmodules-prune-after\=345600 -fbuild-session-file\=/Users/j/Documents/GitHub/MoneroOne/build/ModuleCache.noindex/Session.modulevalidation -fmodules-validate-once-per-build-session -Wnon-modular-include-in-framework-module -Werror\=non-modular-include-in-framework-module -Wno-trigraphs -Wno-missing-field-initializers -Wno-missing-prototypes -Wno-return-type -Wno-missing-braces -Wparentheses -Wswitch -Wno-unused-function -Wno-unused-label -Wno-unused-parameter -Wno-unused-variable -Wunused-value -Wno-empty-body -Wno-uninitialized -Wno-unknown-pragmas -w -Wno-shadow -Wno-four-char-constants -Wno-conversion -Wno-constant-conversion -Wno-int-conversion -Wno-bool-conversion -Wno-enum-conversion -Wno-float-conversion -Wno-non-literal-null-conversion -Wno-objc-literal-conversion -Wshorten-64-to-32 -Wpointer-sign -Wno-newline-eof -Wno-implicit-fallthrough -fstrict-aliasing -Wdeprecated-declarations -Wno-sign-conversion -Wno-infinite-recursion -Wno-comma -Wno-block-capture-autoreleasing -Wno-strict-prototypes -Wno-semicolon-before-method-body -index-store-path /Users/j/Documents/GitHub/MoneroOne/build/Index.noindex/DataStore @/Users/j/Documents/GitHub/MoneroOne/build/Build/Intermediates.noindex/swift-nio.build/Debug-iphonesimulator/CNIOLLHTTP.build/Objects-normal/arm64/7187679823f38a2a940e0043cdf9d637-common-args.resp -MMD -MT dependencies -MF /Users/j/Documents/GitHub/MoneroOne/build/Build/Intermediates.noindex/swift-nio.build/Debug-iphonesimulator/CNIOLLHTTP.build/Objects-normal/arm64/c_nio_http.d --serialize-diagnostics /Users/j/Documents/GitHub/MoneroOne/build/Build/Intermediates.noindex/swift-nio.build/Debug-iphonesimulator/CNIOLLHTTP.build/Objects-normal/arm64/c_nio_http.dia -c /Users/j/Documents/GitHub/MoneroOne/build/SourcePackages/checkouts/swift-nio/Sources/CNIOLLHTTP/c_nio_http.c -o /Users/j/Documents/GitHub/MoneroOne/build/Build/Intermediates.noindex/swift-nio.build/Debug-iphonesimulator/CNIOLLHTTP.build/Objects-normal/arm64/c_nio_http.o -index-unit-output-path /swift-nio.build/Debug-iphonesimulator/CNIOLLHTTP.build/Objects-normal/arm64/c_nio_http.o

Ld /Users/j/Documents/GitHub/MoneroOne/build/Build/Products/Debug-iphonesimulator/CNIOLinux.o normal (in target 'CNIOLinux' from project 'swift-nio')
    cd /Users/j/Documents/GitHub/MoneroOne/build/SourcePackages/checkouts/swift-nio
    /Applications/Xcode.app/Contents/Developer/Toolchains/XcodeDefault.xctoolchain/usr/bin/clang -Xlinker -reproducible -target arm64-apple-ios12.0-simulator -r -isysroot /Applications/Xcode.app/Contents/Developer/Platforms/iPhoneSimulator.platform/Developer/SDKs/iPhoneSimulator26.1.sdk -O0 -w -L/Users/j/Documents/GitHub/MoneroOne/build/Build/Intermediates.noindex/EagerLinkingTBDs/Debug-iphonesimulator -L/Users/j/Documents/GitHub/MoneroOne/build/Build/Products/Debug-iphonesimulator -L/Applications/Xcode.app/Contents/Developer/Platforms/iPhoneSimulator.platform/Developer/usr/lib -F/Users/j/Documents/GitHub/MoneroOne/build/Build/Intermediates.noindex/EagerLinkingTBDs/Debug-iphonesimulator -F/Users/j/Documents/GitHub/MoneroOne/build/Build/Products/Debug-iphonesimulator -iframework /Applications/Xcode.app/Contents/Developer/Platforms/iPhoneSimulator.platform/Developer/Library/Frameworks -iframework /Applications/Xcode.app/Contents/Developer/Platforms/iPhoneSimulator.platform/Developer/SDKs/iPhoneSimulator26.1.sdk/Developer/Library/Frameworks -filelist /Users/j/Documents/GitHub/MoneroOne/build/Build/Intermediates.noindex/swift-nio.build/Debug-iphonesimulator/CNIOLinux.build/Objects-normal/arm64/CNIOLinux.LinkFileList -nostdlib -Xlinker -object_path_lto -Xlinker /Users/j/Documents/GitHub/MoneroOne/build/Build/Intermediates.noindex/swift-nio.build/Debug-iphonesimulator/CNIOLinux.build/Objects-normal/arm64/CNIOLinux_lto.o -rdynamic -Xlinker -no_deduplicate -Xlinker -objc_abi_version -Xlinker 2 -Xlinker -dependency_info -Xlinker /Users/j/Documents/GitHub/MoneroOne/build/Build/Intermediates.noindex/swift-nio.build/Debug-iphonesimulator/CNIOLinux.build/Objects-normal/arm64/CNIOLinux_dependency_info.dat -o /Users/j/Documents/GitHub/MoneroOne/build/Build/Products/Debug-iphonesimulator/CNIOLinux.o

ScanDependencies /Users/j/Documents/GitHub/MoneroOne/build/Build/Intermediates.noindex/swift-nio.build/Debug-iphonesimulator/CNIOLLHTTP.build/Objects-normal/arm64/c_nio_api.o /Users/j/Documents/GitHub/MoneroOne/build/SourcePackages/checkouts/swift-nio/Sources/CNIOLLHTTP/c_nio_api.c normal arm64 c com.apple.compilers.llvm.clang.1_0.compiler (in target 'CNIOLLHTTP' from project 'swift-nio')
    cd /Users/j/Documents/GitHub/MoneroOne/MoneroOne.xcodeproj
    
    Using response file: /Users/j/Documents/GitHub/MoneroOne/build/Build/Intermediates.noindex/swift-nio.build/Debug-iphonesimulator/CNIOLLHTTP.build/Objects-normal/arm64/7187679823f38a2a940e0043cdf9d637-common-args.resp
    
    builtin-ScanDependencies -o /Users/j/Documents/GitHub/MoneroOne/build/Build/Intermediates.noindex/swift-nio.build/Debug-iphonesimulator/CNIOLLHTTP.build/Objects-normal/arm64/c_nio_api.o.scan -- /Applications/Xcode.app/Contents/Developer/Toolchains/XcodeDefault.xctoolchain/usr/bin/clang -x c -ivfsstatcache /Users/j/Documents/GitHub/MoneroOne/build/SDKStatCaches.noindex/iphonesimulator26.1-23B77-90cf18a4295e390e64c810bc6bd7acbc.sdkstatcache -fmessage-length\=0 -fdiagnostics-show-note-include-stack -fmacro-backtrace-limit\=0 -fno-color-diagnostics -fmodules-prune-interval\=86400 -fmodules-prune-after\=345600 -fbuild-session-file\=/Users/j/Documents/GitHub/MoneroOne/build/ModuleCache.noindex/Session.modulevalidation -fmodules-validate-once-per-build-session -Wnon-modular-include-in-framework-module -Werror\=non-modular-include-in-framework-module -Wno-trigraphs -Wno-missing-field-initializers -Wno-missing-prototypes -Wno-return-type -Wno-missing-braces -Wparentheses -Wswitch -Wno-unused-function -Wno-unused-label -Wno-unused-parameter -Wno-unused-variable -Wunused-value -Wno-empty-body -Wno-uninitialized -Wno-unknown-pragmas -w -Wno-shadow -Wno-four-char-constants -Wno-conversion -Wno-constant-conversion -Wno-int-conversion -Wno-bool-conversion -Wno-enum-conversion -Wno-float-conversion -Wno-non-literal-null-conversion -Wno-objc-literal-conversion -Wshorten-64-to-32 -Wpointer-sign -Wno-newline-eof -Wno-implicit-fallthrough -fstrict-aliasing -Wdeprecated-declarations -Wno-sign-conversion -Wno-infinite-recursion -Wno-comma -Wno-block-capture-autoreleasing -Wno-strict-prototypes -Wno-semicolon-before-method-body -index-store-path /Users/j/Documents/GitHub/MoneroOne/build/Index.noindex/DataStore @/Users/j/Documents/GitHub/MoneroOne/build/Build/Intermediates.noindex/swift-nio.build/Debug-iphonesimulator/CNIOLLHTTP.build/Objects-normal/arm64/7187679823f38a2a940e0043cdf9d637-common-args.resp -MMD -MT dependencies -MF /Users/j/Documents/GitHub/MoneroOne/build/Build/Intermediates.noindex/swift-nio.build/Debug-iphonesimulator/CNIOLLHTTP.build/Objects-normal/arm64/c_nio_api.d --serialize-diagnostics /Users/j/Documents/GitHub/MoneroOne/build/Build/Intermediates.noindex/swift-nio.build/Debug-iphonesimulator/CNIOLLHTTP.build/Objects-normal/arm64/c_nio_api.dia -c /Users/j/Documents/GitHub/MoneroOne/build/SourcePackages/checkouts/swift-nio/Sources/CNIOLLHTTP/c_nio_api.c -o /Users/j/Documents/GitHub/MoneroOne/build/Build/Intermediates.noindex/swift-nio.build/Debug-iphonesimulator/CNIOLLHTTP.build/Objects-normal/arm64/c_nio_api.o -index-unit-output-path /swift-nio.build/Debug-iphonesimulator/CNIOLLHTTP.build/Objects-normal/arm64/c_nio_api.o

SwiftDriverJobDiscovery normal arm64 Compiling ECDSA_boring.swift, EdDSA_boring.swift, ECDSA.swift, EdDSA.swift, Signature.swift (in target 'Crypto' from project 'swift-crypto')

ScanDependencies /Users/j/Documents/GitHub/MoneroOne/build/Build/Intermediates.noindex/swift-nio.build/Debug-iphonesimulator/CNIODarwin.build/Objects-normal/arm64/shim.o /Users/j/Documents/GitHub/MoneroOne/build/SourcePackages/checkouts/swift-nio/Sources/CNIODarwin/shim.c normal arm64 c com.apple.compilers.llvm.clang.1_0.compiler (in target 'CNIODarwin' from project 'swift-nio')
    cd /Users/j/Documents/GitHub/MoneroOne/MoneroOne.xcodeproj
    
    Using response file: /Users/j/Documents/GitHub/MoneroOne/build/Build/Intermediates.noindex/swift-nio.build/Debug-iphonesimulator/CNIODarwin.build/Objects-normal/arm64/7187679823f38a2a940e0043cdf9d637-common-args.resp
    
    builtin-ScanDependencies -o /Users/j/Documents/GitHub/MoneroOne/build/Build/Intermediates.noindex/swift-nio.build/Debug-iphonesimulator/CNIODarwin.build/Objects-normal/arm64/shim.o.scan -- /Applications/Xcode.app/Contents/Developer/Toolchains/XcodeDefault.xctoolchain/usr/bin/clang -x c -ivfsstatcache /Users/j/Documents/GitHub/MoneroOne/build/SDKStatCaches.noindex/iphonesimulator26.1-23B77-90cf18a4295e390e64c810bc6bd7acbc.sdkstatcache -fmessage-length\=0 -fdiagnostics-show-note-include-stack -fmacro-backtrace-limit\=0 -fno-color-diagnostics -fmodules-prune-interval\=86400 -fmodules-prune-after\=345600 -fbuild-session-file\=/Users/j/Documents/GitHub/MoneroOne/build/ModuleCache.noindex/Session.modulevalidation -fmodules-validate-once-per-build-session -Wnon-modular-include-in-framework-module -Werror\=non-modular-include-in-framework-module -Wno-trigraphs -Wno-missing-field-initializers -Wno-missing-prototypes -Wno-return-type -Wno-missing-braces -Wparentheses -Wswitch -Wno-unused-function -Wno-unused-label -Wno-unused-parameter -Wno-unused-variable -Wunused-value -Wno-empty-body -Wno-uninitialized -Wno-unknown-pragmas -w -Wno-shadow -Wno-four-char-constants -Wno-conversion -Wno-constant-conversion -Wno-int-conversion -Wno-bool-conversion -Wno-enum-conversion -Wno-float-conversion -Wno-non-literal-null-conversion -Wno-objc-literal-conversion -Wshorten-64-to-32 -Wpointer-sign -Wno-newline-eof -Wno-implicit-fallthrough -fstrict-aliasing -Wdeprecated-declarations -Wno-sign-conversion -Wno-infinite-recursion -Wno-comma -Wno-block-capture-autoreleasing -Wno-strict-prototypes -Wno-semicolon-before-method-body -index-store-path /Users/j/Documents/GitHub/MoneroOne/build/Index.noindex/DataStore @/Users/j/Documents/GitHub/MoneroOne/build/Build/Intermediates.noindex/swift-nio.build/Debug-iphonesimulator/CNIODarwin.build/Objects-normal/arm64/7187679823f38a2a940e0043cdf9d637-common-args.resp -MMD -MT dependencies -MF /Users/j/Documents/GitHub/MoneroOne/build/Build/Intermediates.noindex/swift-nio.build/Debug-iphonesimulator/CNIODarwin.build/Objects-normal/arm64/shim.d --serialize-diagnostics /Users/j/Documents/GitHub/MoneroOne/build/Build/Intermediates.noindex/swift-nio.build/Debug-iphonesimulator/CNIODarwin.build/Objects-normal/arm64/shim.dia -c /Users/j/Documents/GitHub/MoneroOne/build/SourcePackages/checkouts/swift-nio/Sources/CNIODarwin/shim.c -o /Users/j/Documents/GitHub/MoneroOne/build/Build/Intermediates.noindex/swift-nio.build/Debug-iphonesimulator/CNIODarwin.build/Objects-normal/arm64/shim.o -index-unit-output-path /swift-nio.build/Debug-iphonesimulator/CNIODarwin.build/Objects-normal/arm64/shim.o

PrecompileModule /Users/j/Documents/GitHub/MoneroOne/build/Build/Intermediates.noindex/ExplicitPrecompiledModules/ptrcheck-4NTFOYLTNZ72YEHSSD1XJMH8D.scan
    cd /
    builtin-precompileModule /Users/j/Documents/GitHub/MoneroOne/build/Build/Intermediates.noindex/ExplicitPrecompiledModules/ptrcheck-4NTFOYLTNZ72YEHSSD1XJMH8D.scan

PrecompileModule /Users/j/Documents/GitHub/MoneroOne/build/Build/Intermediates.noindex/ExplicitPrecompiledModules/_Builtin_stdarg-2J959EFYD859OVGJI1U20QFS3.scan
    cd /
    builtin-precompileModule /Users/j/Documents/GitHub/MoneroOne/build/Build/Intermediates.noindex/ExplicitPrecompiledModules/_Builtin_stdarg-2J959EFYD859OVGJI1U20QFS3.scan

PrecompileModule /Users/j/Documents/GitHub/MoneroOne/build/Build/Intermediates.noindex/ExplicitPrecompiledModules/_Builtin_stddef-5X9PSOPJFBIPVKEIQMKCSG0RB.scan
    cd /
    builtin-precompileModule /Users/j/Documents/GitHub/MoneroOne/build/Build/Intermediates.noindex/ExplicitPrecompiledModules/_Builtin_stddef-5X9PSOPJFBIPVKEIQMKCSG0RB.scan

SwiftDriverJobDiscovery normal arm64 Compiling AESWrap_boring.swift, Ed25519_boring.swift, EllipticCurvePoint_boring.swift, EllipticCurve_boring.swift, NISTCurvesKeys_boring.swift, X25519Keys_boring.swift (in target 'Crypto' from project 'swift-crypto')

PrecompileModule /Users/j/Documents/GitHub/MoneroOne/build/Build/Intermediates.noindex/ExplicitPrecompiledModules/_AvailabilityInternal-64M2E24IVEKWUCL3BSGZCKHG1.scan
    cd /
    builtin-precompileModule /Users/j/Documents/GitHub/MoneroOne/build/Build/Intermediates.noindex/ExplicitPrecompiledModules/_AvailabilityInternal-64M2E24IVEKWUCL3BSGZCKHG1.scan

SwiftDriverJobDiscovery normal arm64 Compiling Zeroization_boring.swift, PrettyBytes.swift, SafeCompare.swift, SecureBytes.swift, Zeroization.swift (in target 'Crypto' from project 'swift-crypto')

ScanDependencies /Users/j/Documents/GitHub/MoneroOne/build/Build/Intermediates.noindex/swift-nio-ssl.build/Debug-iphonesimulator/CNIOBoringSSLShims.build/Objects-normal/arm64/shims.o /Users/j/Documents/GitHub/MoneroOne/build/SourcePackages/checkouts/swift-nio-ssl/Sources/CNIOBoringSSLShims/shims.c normal arm64 c com.apple.compilers.llvm.clang.1_0.compiler (in target 'CNIOBoringSSLShims' from project 'swift-nio-ssl')
    cd /Users/j/Documents/GitHub/MoneroOne/MoneroOne.xcodeproj
    
    Using response file: /Users/j/Documents/GitHub/MoneroOne/build/Build/Intermediates.noindex/swift-nio-ssl.build/Debug-iphonesimulator/CNIOBoringSSLShims.build/Objects-normal/arm64/7187679823f38a2a940e0043cdf9d637-common-args.resp
    
    builtin-ScanDependencies -o /Users/j/Documents/GitHub/MoneroOne/build/Build/Intermediates.noindex/swift-nio-ssl.build/Debug-iphonesimulator/CNIOBoringSSLShims.build/Objects-normal/arm64/shims.o.scan -- /Applications/Xcode.app/Contents/Developer/Toolchains/XcodeDefault.xctoolchain/usr/bin/clang -x c -ivfsstatcache /Users/j/Documents/GitHub/MoneroOne/build/SDKStatCaches.noindex/iphonesimulator26.1-23B77-90cf18a4295e390e64c810bc6bd7acbc.sdkstatcache -fmessage-length\=0 -fdiagnostics-show-note-include-stack -fmacro-backtrace-limit\=0 -fno-color-diagnostics -fmodules-prune-interval\=86400 -fmodules-prune-after\=345600 -fbuild-session-file\=/Users/j/Documents/GitHub/MoneroOne/build/ModuleCache.noindex/Session.modulevalidation -fmodules-validate-once-per-build-session -Wnon-modular-include-in-framework-module -Werror\=non-modular-include-in-framework-module -Wno-trigraphs -Wno-missing-field-initializers -Wno-missing-prototypes -Wno-return-type -Wno-missing-braces -Wparentheses -Wswitch -Wno-unused-function -Wno-unused-label -Wno-unused-parameter -Wno-unused-variable -Wunused-value -Wno-empty-body -Wno-uninitialized -Wno-unknown-pragmas -w -Wno-shadow -Wno-four-char-constants -Wno-conversion -Wno-constant-conversion -Wno-int-conversion -Wno-bool-conversion -Wno-enum-conversion -Wno-float-conversion -Wno-non-literal-null-conversion -Wno-objc-literal-conversion -Wshorten-64-to-32 -Wpointer-sign -Wno-newline-eof -Wno-implicit-fallthrough -fstrict-aliasing -Wdeprecated-declarations -Wno-sign-conversion -Wno-infinite-recursion -Wno-comma -Wno-block-capture-autoreleasing -Wno-strict-prototypes -Wno-semicolon-before-method-body -index-store-path /Users/j/Documents/GitHub/MoneroOne/build/Index.noindex/DataStore @/Users/j/Documents/GitHub/MoneroOne/build/Build/Intermediates.noindex/swift-nio-ssl.build/Debug-iphonesimulator/CNIOBoringSSLShims.build/Objects-normal/arm64/7187679823f38a2a940e0043cdf9d637-common-args.resp -MMD -MT dependencies -MF /Users/j/Documents/GitHub/MoneroOne/build/Build/Intermediates.noindex/swift-nio-ssl.build/Debug-iphonesimulator/CNIOBoringSSLShims.build/Objects-normal/arm64/shims.d --serialize-diagnostics /Users/j/Documents/GitHub/MoneroOne/build/Build/Intermediates.noindex/swift-nio-ssl.build/Debug-iphonesimulator/CNIOBoringSSLShims.build/Objects-normal/arm64/shims.dia -c /Users/j/Documents/GitHub/MoneroOne/build/SourcePackages/checkouts/swift-nio-ssl/Sources/CNIOBoringSSLShims/shims.c -o /Users/j/Documents/GitHub/MoneroOne/build/Build/Intermediates.noindex/swift-nio-ssl.build/Debug-iphonesimulator/CNIOBoringSSLShims.build/Objects-normal/arm64/shims.o -index-unit-output-path /swift-nio-ssl.build/Debug-iphonesimulator/CNIOBoringSSLShims.build/Objects-normal/arm64/shims.o

ScanDependencies /Users/j/Documents/GitHub/MoneroOne/build/Build/Intermediates.noindex/swift-nio.build/Debug-iphonesimulator/CNIOAtomics.build/Objects-normal/arm64/c-nioatomics.o /Users/j/Documents/GitHub/MoneroOne/build/SourcePackages/checkouts/swift-nio/Sources/CNIOAtomics/src/c-nioatomics.c normal arm64 c com.apple.compilers.llvm.clang.1_0.compiler (in target 'CNIOAtomics' from project 'swift-nio')
    cd /Users/j/Documents/GitHub/MoneroOne/MoneroOne.xcodeproj
    
    Using response file: /Users/j/Documents/GitHub/MoneroOne/build/Build/Intermediates.noindex/swift-nio.build/Debug-iphonesimulator/CNIOAtomics.build/Objects-normal/arm64/7187679823f38a2a940e0043cdf9d637-common-args.resp
    
    builtin-ScanDependencies -o /Users/j/Documents/GitHub/MoneroOne/build/Build/Intermediates.noindex/swift-nio.build/Debug-iphonesimulator/CNIOAtomics.build/Objects-normal/arm64/c-nioatomics.o.scan -- /Applications/Xcode.app/Contents/Developer/Toolchains/XcodeDefault.xctoolchain/usr/bin/clang -x c -ivfsstatcache /Users/j/Documents/GitHub/MoneroOne/build/SDKStatCaches.noindex/iphonesimulator26.1-23B77-90cf18a4295e390e64c810bc6bd7acbc.sdkstatcache -fmessage-length\=0 -fdiagnostics-show-note-include-stack -fmacro-backtrace-limit\=0 -fno-color-diagnostics -fmodules-prune-interval\=86400 -fmodules-prune-after\=345600 -fbuild-session-file\=/Users/j/Documents/GitHub/MoneroOne/build/ModuleCache.noindex/Session.modulevalidation -fmodules-validate-once-per-build-session -Wnon-modular-include-in-framework-module -Werror\=non-modular-include-in-framework-module -Wno-trigraphs -Wno-missing-field-initializers -Wno-missing-prototypes -Wno-return-type -Wno-missing-braces -Wparentheses -Wswitch -Wno-unused-function -Wno-unused-label -Wno-unused-parameter -Wno-unused-variable -Wunused-value -Wno-empty-body -Wno-uninitialized -Wno-unknown-pragmas -w -Wno-shadow -Wno-four-char-constants -Wno-conversion -Wno-constant-conversion -Wno-int-conversion -Wno-bool-conversion -Wno-enum-conversion -Wno-float-conversion -Wno-non-literal-null-conversion -Wno-objc-literal-conversion -Wshorten-64-to-32 -Wpointer-sign -Wno-newline-eof -Wno-implicit-fallthrough -fstrict-aliasing -Wdeprecated-declarations -Wno-sign-conversion -Wno-infinite-recursion -Wno-comma -Wno-block-capture-autoreleasing -Wno-strict-prototypes -Wno-semicolon-before-method-body -index-store-path /Users/j/Documents/GitHub/MoneroOne/build/Index.noindex/DataStore @/Users/j/Documents/GitHub/MoneroOne/build/Build/Intermediates.noindex/swift-nio.build/Debug-iphonesimulator/CNIOAtomics.build/Objects-normal/arm64/7187679823f38a2a940e0043cdf9d637-common-args.resp -MMD -MT dependencies -MF /Users/j/Documents/GitHub/MoneroOne/build/Build/Intermediates.noindex/swift-nio.build/Debug-iphonesimulator/CNIOAtomics.build/Objects-normal/arm64/c-nioatomics.d --serialize-diagnostics /Users/j/Documents/GitHub/MoneroOne/build/Build/Intermediates.noindex/swift-nio.build/Debug-iphonesimulator/CNIOAtomics.build/Objects-normal/arm64/c-nioatomics.dia -c /Users/j/Documents/GitHub/MoneroOne/build/SourcePackages/checkouts/swift-nio/Sources/CNIOAtomics/src/c-nioatomics.c -o /Users/j/Documents/GitHub/MoneroOne/build/Build/Intermediates.noindex/swift-nio.build/Debug-iphonesimulator/CNIOAtomics.build/Objects-normal/arm64/c-nioatomics.o -index-unit-output-path /swift-nio.build/Debug-iphonesimulator/CNIOAtomics.build/Objects-normal/arm64/c-nioatomics.o

ScanDependencies /Users/j/Documents/GitHub/MoneroOne/build/Build/Intermediates.noindex/swift-nio.build/Debug-iphonesimulator/CNIOAtomics.build/Objects-normal/arm64/c-atomics.o /Users/j/Documents/GitHub/MoneroOne/build/SourcePackages/checkouts/swift-nio/Sources/CNIOAtomics/src/c-atomics.c normal arm64 c com.apple.compilers.llvm.clang.1_0.compiler (in target 'CNIOAtomics' from project 'swift-nio')
    cd /Users/j/Documents/GitHub/MoneroOne/MoneroOne.xcodeproj
    
    Using response file: /Users/j/Documents/GitHub/MoneroOne/build/Build/Intermediates.noindex/swift-nio.build/Debug-iphonesimulator/CNIOAtomics.build/Objects-normal/arm64/7187679823f38a2a940e0043cdf9d637-common-args.resp
    
    builtin-ScanDependencies -o /Users/j/Documents/GitHub/MoneroOne/build/Build/Intermediates.noindex/swift-nio.build/Debug-iphonesimulator/CNIOAtomics.build/Objects-normal/arm64/c-atomics.o.scan -- /Applications/Xcode.app/Contents/Developer/Toolchains/XcodeDefault.xctoolchain/usr/bin/clang -x c -ivfsstatcache /Users/j/Documents/GitHub/MoneroOne/build/SDKStatCaches.noindex/iphonesimulator26.1-23B77-90cf18a4295e390e64c810bc6bd7acbc.sdkstatcache -fmessage-length\=0 -fdiagnostics-show-note-include-stack -fmacro-backtrace-limit\=0 -fno-color-diagnostics -fmodules-prune-interval\=86400 -fmodules-prune-after\=345600 -fbuild-session-file\=/Users/j/Documents/GitHub/MoneroOne/build/ModuleCache.noindex/Session.modulevalidation -fmodules-validate-once-per-build-session -Wnon-modular-include-in-framework-module -Werror\=non-modular-include-in-framework-module -Wno-trigraphs -Wno-missing-field-initializers -Wno-missing-prototypes -Wno-return-type -Wno-missing-braces -Wparentheses -Wswitch -Wno-unused-function -Wno-unused-label -Wno-unused-parameter -Wno-unused-variable -Wunused-value -Wno-empty-body -Wno-uninitialized -Wno-unknown-pragmas -w -Wno-shadow -Wno-four-char-constants -Wno-conversion -Wno-constant-conversion -Wno-int-conversion -Wno-bool-conversion -Wno-enum-conversion -Wno-float-conversion -Wno-non-literal-null-conversion -Wno-objc-literal-conversion -Wshorten-64-to-32 -Wpointer-sign -Wno-newline-eof -Wno-implicit-fallthrough -fstrict-aliasing -Wdeprecated-declarations -Wno-sign-conversion -Wno-infinite-recursion -Wno-comma -Wno-block-capture-autoreleasing -Wno-strict-prototypes -Wno-semicolon-before-method-body -index-store-path /Users/j/Documents/GitHub/MoneroOne/build/Index.noindex/DataStore @/Users/j/Documents/GitHub/MoneroOne/build/Build/Intermediates.noindex/swift-nio.build/Debug-iphonesimulator/CNIOAtomics.build/Objects-normal/arm64/7187679823f38a2a940e0043cdf9d637-common-args.resp -MMD -MT dependencies -MF /Users/j/Documents/GitHub/MoneroOne/build/Build/Intermediates.noindex/swift-nio.build/Debug-iphonesimulator/CNIOAtomics.build/Objects-normal/arm64/c-atomics.d --serialize-diagnostics /Users/j/Documents/GitHub/MoneroOne/build/Build/Intermediates.noindex/swift-nio.build/Debug-iphonesimulator/CNIOAtomics.build/Objects-normal/arm64/c-atomics.dia -c /Users/j/Documents/GitHub/MoneroOne/build/SourcePackages/checkouts/swift-nio/Sources/CNIOAtomics/src/c-atomics.c -o /Users/j/Documents/GitHub/MoneroOne/build/Build/Intermediates.noindex/swift-nio.build/Debug-iphonesimulator/CNIOAtomics.build/Objects-normal/arm64/c-atomics.o -index-unit-output-path /swift-nio.build/Debug-iphonesimulator/CNIOAtomics.build/Objects-normal/arm64/c-atomics.o

SwiftDriver\ Compilation Crypto normal arm64 com.apple.xcode.tools.swift.compiler (in target 'Crypto' from project 'swift-crypto')
    cd /Users/j/Documents/GitHub/MoneroOne/MoneroOne.xcodeproj
    builtin-Swift-Compilation -- /Applications/Xcode.app/Contents/Developer/Toolchains/XcodeDefault.xctoolchain/usr/bin/swiftc -module-name Crypto -Onone -enforce-exclusivity\=checked @/Users/j/Documents/GitHub/MoneroOne/build/Build/Intermediates.noindex/swift-crypto.build/Debug-iphonesimulator/Crypto.build/Objects-normal/arm64/Crypto.SwiftFileList -DSWIFT_PACKAGE -DDEBUG -DSWIFT_MODULE_RESOURCE_BUNDLE_UNAVAILABLE -DCRYPTO_IN_SWIFTPM -DXcode -plugin-path /Applications/Xcode.app/Contents/Developer/Toolchains/XcodeDefault.xctoolchain/usr/lib/swift/host/plugins/testing -enable-experimental-feature DebugDescriptionMacro -sdk /Applications/Xcode.app/Contents/Developer/Platforms/iPhoneSimulator.platform/Developer/SDKs/iPhoneSimulator26.1.sdk -target arm64-apple-ios13.0-simulator -g -module-cache-path /Users/j/Documents/GitHub/MoneroOne/build/ModuleCache.noindex -Xfrontend -serialize-debugging-options -enable-testing -suppress-warnings -index-store-path /Users/j/Documents/GitHub/MoneroOne/build/Index.noindex/DataStore -Xcc -D_LIBCPP_HARDENING_MODE\=_LIBCPP_HARDENING_MODE_DEBUG -swift-version 5 -I /Users/j/Documents/GitHub/MoneroOne/build/Build/Products/Debug-iphonesimulator -Isystem /Applications/Xcode.app/Contents/Developer/Platforms/iPhoneSimulator.platform/Developer/usr/lib -F /Users/j/Documents/GitHub/MoneroOne/build/Build/Products/Debug-iphonesimulator -F /Applications/Xcode.app/Contents/Developer/Platforms/iPhoneSimulator.platform/Developer/Library/Frameworks -F /Applications/Xcode.app/Contents/Developer/Platforms/iPhoneSimulator.platform/Developer/SDKs/iPhoneSimulator26.1.sdk/Developer/Library/Frameworks -c -j12 -enable-batch-mode -incremental -Xcc -ivfsstatcache -Xcc /Users/j/Documents/GitHub/MoneroOne/build/SDKStatCaches.noindex/iphonesimulator26.1-23B77-90cf18a4295e390e64c810bc6bd7acbc.sdkstatcache -output-file-map /Users/j/Documents/GitHub/MoneroOne/build/Build/Intermediates.noindex/swift-crypto.build/Debug-iphonesimulator/Crypto.build/Objects-normal/arm64/Crypto-OutputFileMap.json -use-frontend-parseable-output -save-temps -no-color-diagnostics -explicit-module-build -module-cache-path /Users/j/Documents/GitHub/MoneroOne/build/Build/Intermediates.noindex/SwiftExplicitPrecompiledModules -clang-scanner-module-cache-path /Users/j/Documents/GitHub/MoneroOne/build/ModuleCache.noindex -sdk-module-cache-path /Users/j/Documents/GitHub/MoneroOne/build/ModuleCache.noindex -serialize-diagnostics -emit-dependencies -emit-module -emit-module-path /Users/j/Documents/GitHub/MoneroOne/build/Build/Intermediates.noindex/swift-crypto.build/Debug-iphonesimulator/Crypto.build/Objects-normal/arm64/Crypto.swiftmodule -validate-clang-modules-once -clang-build-session-file /Users/j/Documents/GitHub/MoneroOne/build/ModuleCache.noindex/Session.modulevalidation -Xcc -I/Users/j/Documents/GitHub/MoneroOne/build/Build/Intermediates.noindex/swift-crypto.build/Debug-iphonesimulator/Crypto.build/swift-overrides.hmap -emit-const-values -Xfrontend -const-gather-protocols-file -Xfrontend /Users/j/Documents/GitHub/MoneroOne/build/Build/Intermediates.noindex/swift-crypto.build/Debug-iphonesimulator/Crypto.build/Objects-normal/arm64/Crypto_const_extract_protocols.json -Xcc -I/Users/j/Documents/GitHub/MoneroOne/build/Build/Products/Debug-iphonesimulator/include -Xcc -I/Users/j/Documents/GitHub/MoneroOne/build/Build/Intermediates.noindex/swift-crypto.build/Debug-iphonesimulator/Crypto.build/DerivedSources-normal/arm64 -Xcc -I/Users/j/Documents/GitHub/MoneroOne/build/Build/Intermediates.noindex/swift-crypto.build/Debug-iphonesimulator/Crypto.build/DerivedSources/arm64 -Xcc -I/Users/j/Documents/GitHub/MoneroOne/build/Build/Intermediates.noindex/swift-crypto.build/Debug-iphonesimulator/Crypto.build/DerivedSources -Xcc -DSWIFT_PACKAGE -Xcc -DDEBUG\=1 -emit-objc-header -emit-objc-header-path /Users/j/Documents/GitHub/MoneroOne/build/Build/Intermediates.noindex/swift-crypto.build/Debug-iphonesimulator/Crypto.build/Objects-normal/arm64/Crypto-Swift.h -working-directory /Users/j/Documents/GitHub/MoneroOne/MoneroOne.xcodeproj -experimental-emit-module-separately -disable-cmo

ScanDependencies /Users/j/Documents/GitHub/MoneroOne/build/Build/Intermediates.noindex/swift-crypto.build/Debug-iphonesimulator/CCryptoBoringSSLShims.build/Objects-normal/arm64/shims.o /Users/j/Documents/GitHub/MoneroOne/build/SourcePackages/checkouts/swift-crypto/Sources/CCryptoBoringSSLShims/shims.c normal arm64 c com.apple.compilers.llvm.clang.1_0.compiler (in target 'CCryptoBoringSSLShims' from project 'swift-crypto')
    cd /Users/j/Documents/GitHub/MoneroOne/MoneroOne.xcodeproj
    
    Using response file: /Users/j/Documents/GitHub/MoneroOne/build/Build/Intermediates.noindex/swift-crypto.build/Debug-iphonesimulator/CCryptoBoringSSLShims.build/Objects-normal/arm64/7187679823f38a2a940e0043cdf9d637-common-args.resp
    
    builtin-ScanDependencies -o /Users/j/Documents/GitHub/MoneroOne/build/Build/Intermediates.noindex/swift-crypto.build/Debug-iphonesimulator/CCryptoBoringSSLShims.build/Objects-normal/arm64/shims.o.scan -- /Applications/Xcode.app/Contents/Developer/Toolchains/XcodeDefault.xctoolchain/usr/bin/clang -x c -ivfsstatcache /Users/j/Documents/GitHub/MoneroOne/build/SDKStatCaches.noindex/iphonesimulator26.1-23B77-90cf18a4295e390e64c810bc6bd7acbc.sdkstatcache -fmessage-length\=0 -fdiagnostics-show-note-include-stack -fmacro-backtrace-limit\=0 -fno-color-diagnostics -fmodules-prune-interval\=86400 -fmodules-prune-after\=345600 -fbuild-session-file\=/Users/j/Documents/GitHub/MoneroOne/build/ModuleCache.noindex/Session.modulevalidation -fmodules-validate-once-per-build-session -Wnon-modular-include-in-framework-module -Werror\=non-modular-include-in-framework-module -Wno-trigraphs -Wno-missing-field-initializers -Wno-missing-prototypes -Wno-return-type -Wno-missing-braces -Wparentheses -Wswitch -Wno-unused-function -Wno-unused-label -Wno-unused-parameter -Wno-unused-variable -Wunused-value -Wno-empty-body -Wno-uninitialized -Wno-unknown-pragmas -w -Wno-shadow -Wno-four-char-constants -Wno-conversion -Wno-constant-conversion -Wno-int-conversion -Wno-bool-conversion -Wno-enum-conversion -Wno-float-conversion -Wno-non-literal-null-conversion -Wno-objc-literal-conversion -Wshorten-64-to-32 -Wpointer-sign -Wno-newline-eof -Wno-implicit-fallthrough -fstrict-aliasing -Wdeprecated-declarations -Wno-sign-conversion -Wno-infinite-recursion -Wno-comma -Wno-block-capture-autoreleasing -Wno-strict-prototypes -Wno-semicolon-before-method-body -index-store-path /Users/j/Documents/GitHub/MoneroOne/build/Index.noindex/DataStore @/Users/j/Documents/GitHub/MoneroOne/build/Build/Intermediates.noindex/swift-crypto.build/Debug-iphonesimulator/CCryptoBoringSSLShims.build/Objects-normal/arm64/7187679823f38a2a940e0043cdf9d637-common-args.resp -MMD -MT dependencies -MF /Users/j/Documents/GitHub/MoneroOne/build/Build/Intermediates.noindex/swift-crypto.build/Debug-iphonesimulator/CCryptoBoringSSLShims.build/Objects-normal/arm64/shims.d --serialize-diagnostics /Users/j/Documents/GitHub/MoneroOne/build/Build/Intermediates.noindex/swift-crypto.build/Debug-iphonesimulator/CCryptoBoringSSLShims.build/Objects-normal/arm64/shims.dia -c /Users/j/Documents/GitHub/MoneroOne/build/SourcePackages/checkouts/swift-crypto/Sources/CCryptoBoringSSLShims/shims.c -o /Users/j/Documents/GitHub/MoneroOne/build/Build/Intermediates.noindex/swift-crypto.build/Debug-iphonesimulator/CCryptoBoringSSLShims.build/Objects-normal/arm64/shims.o -index-unit-output-path /swift-crypto.build/Debug-iphonesimulator/CCryptoBoringSSLShims.build/Objects-normal/arm64/shims.o

ScanDependencies /Users/j/Documents/GitHub/MoneroOne/build/Build/Intermediates.noindex/swift-crypto.build/Debug-iphonesimulator/CCryptoBoringSSL.build/Objects-normal/arm64/x_x509a.o /Users/j/Documents/GitHub/MoneroOne/build/SourcePackages/checkouts/swift-crypto/Sources/CCryptoBoringSSL/crypto/x509/x_x509a.c normal arm64 c com.apple.compilers.llvm.clang.1_0.compiler (in target 'CCryptoBoringSSL' from project 'swift-crypto')
    cd /Users/j/Documents/GitHub/MoneroOne/MoneroOne.xcodeproj
    
    Using response file: /Users/j/Documents/GitHub/MoneroOne/build/Build/Intermediates.noindex/swift-crypto.build/Debug-iphonesimulator/CCryptoBoringSSL.build/Objects-normal/arm64/7187679823f38a2a940e0043cdf9d637-common-args.resp
    
    builtin-ScanDependencies -o /Users/j/Documents/GitHub/MoneroOne/build/Build/Intermediates.noindex/swift-crypto.build/Debug-iphonesimulator/CCryptoBoringSSL.build/Objects-normal/arm64/x_x509a.o.scan -- /Applications/Xcode.app/Contents/Developer/Toolchains/XcodeDefault.xctoolchain/usr/bin/clang -x c -ivfsstatcache /Users/j/Documents/GitHub/MoneroOne/build/SDKStatCaches.noindex/iphonesimulator26.1-23B77-90cf18a4295e390e64c810bc6bd7acbc.sdkstatcache -fmessage-length\=0 -fdiagnostics-show-note-include-stack -fmacro-backtrace-limit\=0 -fno-color-diagnostics -fmodules-prune-interval\=86400 -fmodules-prune-after\=345600 -fbuild-session-file\=/Users/j/Documents/GitHub/MoneroOne/build/ModuleCache.noindex/Session.modulevalidation -fmodules-validate-once-per-build-session -Wnon-modular-include-in-framework-module -Werror\=non-modular-include-in-framework-module -Wno-trigraphs -Wno-missing-field-initializers -Wno-missing-prototypes -Wno-return-type -Wno-missing-braces -Wparentheses -Wswitch -Wno-unused-function -Wno-unused-label -Wno-unused-parameter -Wno-unused-variable -Wunused-value -Wno-empty-body -Wno-uninitialized -Wno-unknown-pragmas -w -Wno-shadow -Wno-four-char-constants -Wno-conversion -Wno-constant-conversion -Wno-int-conversion -Wno-bool-conversion -Wno-enum-conversion -Wno-float-conversion -Wno-non-literal-null-conversion -Wno-objc-literal-conversion -Wshorten-64-to-32 -Wpointer-sign -Wno-newline-eof -Wno-implicit-fallthrough -fstrict-aliasing -Wdeprecated-declarations -Wno-sign-conversion -Wno-infinite-recursion -Wno-comma -Wno-block-capture-autoreleasing -Wno-strict-prototypes -Wno-semicolon-before-method-body -index-store-path /Users/j/Documents/GitHub/MoneroOne/build/Index.noindex/DataStore @/Users/j/Documents/GitHub/MoneroOne/build/Build/Intermediates.noindex/swift-crypto.build/Debug-iphonesimulator/CCryptoBoringSSL.build/Objects-normal/arm64/7187679823f38a2a940e0043cdf9d637-common-args.resp -MMD -MT dependencies -MF /Users/j/Documents/GitHub/MoneroOne/build/Build/Intermediates.noindex/swift-crypto.build/Debug-iphonesimulator/CCryptoBoringSSL.build/Objects-normal/arm64/x_x509a.d --serialize-diagnostics /Users/j/Documents/GitHub/MoneroOne/build/Build/Intermediates.noindex/swift-crypto.build/Debug-iphonesimulator/CCryptoBoringSSL.build/Objects-normal/arm64/x_x509a.dia -c /Users/j/Documents/GitHub/MoneroOne/build/SourcePackages/checkouts/swift-crypto/Sources/CCryptoBoringSSL/crypto/x509/x_x509a.c -o /Users/j/Documents/GitHub/MoneroOne/build/Build/Intermediates.noindex/swift-crypto.build/Debug-iphonesimulator/CCryptoBoringSSL.build/Objects-normal/arm64/x_x509a.o -index-unit-output-path /swift-crypto.build/Debug-iphonesimulator/CCryptoBoringSSL.build/Objects-normal/arm64/x_x509a.o

PrecompileModule /Users/j/Documents/GitHub/MoneroOne/build/Build/Intermediates.noindex/ExplicitPrecompiledModules/_DarwinFoundation1-9NTMU9MGMH64TCUNAVFOUR8XV.scan
    cd /
    builtin-precompileModule /Users/j/Documents/GitHub/MoneroOne/build/Build/Intermediates.noindex/ExplicitPrecompiledModules/_DarwinFoundation1-9NTMU9MGMH64TCUNAVFOUR8XV.scan

SwiftDriverJobDiscovery normal arm64 Compiling NSNumber.swift, NSString.swift, SQLiteDateParser.swift, URL.swift, UUID.swift, DatabaseValueConvertible+Decodable.swift, DatabaseValueConvertible+Encodable.swift, DatabaseValueConvertible+RawRepresentable.swift, JSONRequiredEncoder.swift, Optional.swift, StandardLibrary.swift, TransactionClock.swift, TransactionObserver.swift, WALSnapshot.swift (in target 'GRDB' from project 'GRDB')

ScanDependencies /Users/j/Documents/GitHub/MoneroOne/build/Build/Intermediates.noindex/swift-crypto.build/Debug-iphonesimulator/CCryptoBoringSSL.build/Objects-normal/arm64/x_x509.o /Users/j/Documents/GitHub/MoneroOne/build/SourcePackages/checkouts/swift-crypto/Sources/CCryptoBoringSSL/crypto/x509/x_x509.c normal arm64 c com.apple.compilers.llvm.clang.1_0.compiler (in target 'CCryptoBoringSSL' from project 'swift-crypto')
    cd /Users/j/Documents/GitHub/MoneroOne/MoneroOne.xcodeproj
    
    Using response file: /Users/j/Documents/GitHub/MoneroOne/build/Build/Intermediates.noindex/swift-crypto.build/Debug-iphonesimulator/CCryptoBoringSSL.build/Objects-normal/arm64/7187679823f38a2a940e0043cdf9d637-common-args.resp
    
    builtin-ScanDependencies -o /Users/j/Documents/GitHub/MoneroOne/build/Build/Intermediates.noindex/swift-crypto.build/Debug-iphonesimulator/CCryptoBoringSSL.build/Objects-normal/arm64/x_x509.o.scan -- /Applications/Xcode.app/Contents/Developer/Toolchains/XcodeDefault.xctoolchain/usr/bin/clang -x c -ivfsstatcache /Users/j/Documents/GitHub/MoneroOne/build/SDKStatCaches.noindex/iphonesimulator26.1-23B77-90cf18a4295e390e64c810bc6bd7acbc.sdkstatcache -fmessage-length\=0 -fdiagnostics-show-note-include-stack -fmacro-backtrace-limit\=0 -fno-color-diagnostics -fmodules-prune-interval\=86400 -fmodules-prune-after\=345600 -fbuild-session-file\=/Users/j/Documents/GitHub/MoneroOne/build/ModuleCache.noindex/Session.modulevalidation -fmodules-validate-once-per-build-session -Wnon-modular-include-in-framework-module -Werror\=non-modular-include-in-framework-module -Wno-trigraphs -Wno-missing-field-initializers -Wno-missing-prototypes -Wno-return-type -Wno-missing-braces -Wparentheses -Wswitch -Wno-unused-function -Wno-unused-label -Wno-unused-parameter -Wno-unused-variable -Wunused-value -Wno-empty-body -Wno-uninitialized -Wno-unknown-pragmas -w -Wno-shadow -Wno-four-char-constants -Wno-conversion -Wno-constant-conversion -Wno-int-conversion -Wno-bool-conversion -Wno-enum-conversion -Wno-float-conversion -Wno-non-literal-null-conversion -Wno-objc-literal-conversion -Wshorten-64-to-32 -Wpointer-sign -Wno-newline-eof -Wno-implicit-fallthrough -fstrict-aliasing -Wdeprecated-declarations -Wno-sign-conversion -Wno-infinite-recursion -Wno-comma -Wno-block-capture-autoreleasing -Wno-strict-prototypes -Wno-semicolon-before-method-body -index-store-path /Users/j/Documents/GitHub/MoneroOne/build/Index.noindex/DataStore @/Users/j/Documents/GitHub/MoneroOne/build/Build/Intermediates.noindex/swift-crypto.build/Debug-iphonesimulator/CCryptoBoringSSL.build/Objects-normal/arm64/7187679823f38a2a940e0043cdf9d637-common-args.resp -MMD -MT dependencies -MF /Users/j/Documents/GitHub/MoneroOne/build/Build/Intermediates.noindex/swift-crypto.build/Debug-iphonesimulator/CCryptoBoringSSL.build/Objects-normal/arm64/x_x509.d --serialize-diagnostics /Users/j/Documents/GitHub/MoneroOne/build/Build/Intermediates.noindex/swift-crypto.build/Debug-iphonesimulator/CCryptoBoringSSL.build/Objects-normal/arm64/x_x509.dia -c /Users/j/Documents/GitHub/MoneroOne/build/SourcePackages/checkouts/swift-crypto/Sources/CCryptoBoringSSL/crypto/x509/x_x509.c -o /Users/j/Documents/GitHub/MoneroOne/build/Build/Intermediates.noindex/swift-crypto.build/Debug-iphonesimulator/CCryptoBoringSSL.build/Objects-normal/arm64/x_x509.o -index-unit-output-path /swift-crypto.build/Debug-iphonesimulator/CCryptoBoringSSL.build/Objects-normal/arm64/x_x509.o

ScanDependencies /Users/j/Documents/GitHub/MoneroOne/build/Build/Intermediates.noindex/swift-crypto.build/Debug-iphonesimulator/CCryptoBoringSSL.build/Objects-normal/arm64/x_val.o /Users/j/Documents/GitHub/MoneroOne/build/SourcePackages/checkouts/swift-crypto/Sources/CCryptoBoringSSL/crypto/x509/x_val.c normal arm64 c com.apple.compilers.llvm.clang.1_0.compiler (in target 'CCryptoBoringSSL' from project 'swift-crypto')
    cd /Users/j/Documents/GitHub/MoneroOne/MoneroOne.xcodeproj
    
    Using response file: /Users/j/Documents/GitHub/MoneroOne/build/Build/Intermediates.noindex/swift-crypto.build/Debug-iphonesimulator/CCryptoBoringSSL.build/Objects-normal/arm64/7187679823f38a2a940e0043cdf9d637-common-args.resp
    
    builtin-ScanDependencies -o /Users/j/Documents/GitHub/MoneroOne/build/Build/Intermediates.noindex/swift-crypto.build/Debug-iphonesimulator/CCryptoBoringSSL.build/Objects-normal/arm64/x_val.o.scan -- /Applications/Xcode.app/Contents/Developer/Toolchains/XcodeDefault.xctoolchain/usr/bin/clang -x c -ivfsstatcache /Users/j/Documents/GitHub/MoneroOne/build/SDKStatCaches.noindex/iphonesimulator26.1-23B77-90cf18a4295e390e64c810bc6bd7acbc.sdkstatcache -fmessage-length\=0 -fdiagnostics-show-note-include-stack -fmacro-backtrace-limit\=0 -fno-color-diagnostics -fmodules-prune-interval\=86400 -fmodules-prune-after\=345600 -fbuild-session-file\=/Users/j/Documents/GitHub/MoneroOne/build/ModuleCache.noindex/Session.modulevalidation -fmodules-validate-once-per-build-session -Wnon-modular-include-in-framework-module -Werror\=non-modular-include-in-framework-module -Wno-trigraphs -Wno-missing-field-initializers -Wno-missing-prototypes -Wno-return-type -Wno-missing-braces -Wparentheses -Wswitch -Wno-unused-function -Wno-unused-label -Wno-unused-parameter -Wno-unused-variable -Wunused-value -Wno-empty-body -Wno-uninitialized -Wno-unknown-pragmas -w -Wno-shadow -Wno-four-char-constants -Wno-conversion -Wno-constant-conversion -Wno-int-conversion -Wno-bool-conversion -Wno-enum-conversion -Wno-float-conversion -Wno-non-literal-null-conversion -Wno-objc-literal-conversion -Wshorten-64-to-32 -Wpointer-sign -Wno-newline-eof -Wno-implicit-fallthrough -fstrict-aliasing -Wdeprecated-declarations -Wno-sign-conversion -Wno-infinite-recursion -Wno-comma -Wno-block-capture-autoreleasing -Wno-strict-prototypes -Wno-semicolon-before-method-body -index-store-path /Users/j/Documents/GitHub/MoneroOne/build/Index.noindex/DataStore @/Users/j/Documents/GitHub/MoneroOne/build/Build/Intermediates.noindex/swift-crypto.build/Debug-iphonesimulator/CCryptoBoringSSL.build/Objects-normal/arm64/7187679823f38a2a940e0043cdf9d637-common-args.resp -MMD -MT dependencies -MF /Users/j/Documents/GitHub/MoneroOne/build/Build/Intermediates.noindex/swift-crypto.build/Debug-iphonesimulator/CCryptoBoringSSL.build/Objects-normal/arm64/x_val.d --serialize-diagnostics /Users/j/Documents/GitHub/MoneroOne/build/Build/Intermediates.noindex/swift-crypto.build/Debug-iphonesimulator/CCryptoBoringSSL.build/Objects-normal/arm64/x_val.dia -c /Users/j/Documents/GitHub/MoneroOne/build/SourcePackages/checkouts/swift-crypto/Sources/CCryptoBoringSSL/crypto/x509/x_val.c -o /Users/j/Documents/GitHub/MoneroOne/build/Build/Intermediates.noindex/swift-crypto.build/Debug-iphonesimulator/CCryptoBoringSSL.build/Objects-normal/arm64/x_val.o -index-unit-output-path /swift-crypto.build/Debug-iphonesimulator/CCryptoBoringSSL.build/Objects-normal/arm64/x_val.o

ScanDependencies /Users/j/Documents/GitHub/MoneroOne/build/Build/Intermediates.noindex/swift-crypto.build/Debug-iphonesimulator/CCryptoBoringSSL.build/Objects-normal/arm64/x_spki.o /Users/j/Documents/GitHub/MoneroOne/build/SourcePackages/checkouts/swift-crypto/Sources/CCryptoBoringSSL/crypto/x509/x_spki.c normal arm64 c com.apple.compilers.llvm.clang.1_0.compiler (in target 'CCryptoBoringSSL' from project 'swift-crypto')
    cd /Users/j/Documents/GitHub/MoneroOne/MoneroOne.xcodeproj
    
    Using response file: /Users/j/Documents/GitHub/MoneroOne/build/Build/Intermediates.noindex/swift-crypto.build/Debug-iphonesimulator/CCryptoBoringSSL.build/Objects-normal/arm64/7187679823f38a2a940e0043cdf9d637-common-args.resp
    
    builtin-ScanDependencies -o /Users/j/Documents/GitHub/MoneroOne/build/Build/Intermediates.noindex/swift-crypto.build/Debug-iphonesimulator/CCryptoBoringSSL.build/Objects-normal/arm64/x_spki.o.scan -- /Applications/Xcode.app/Contents/Developer/Toolchains/XcodeDefault.xctoolchain/usr/bin/clang -x c -ivfsstatcache /Users/j/Documents/GitHub/MoneroOne/build/SDKStatCaches.noindex/iphonesimulator26.1-23B77-90cf18a4295e390e64c810bc6bd7acbc.sdkstatcache -fmessage-length\=0 -fdiagnostics-show-note-include-stack -fmacro-backtrace-limit\=0 -fno-color-diagnostics -fmodules-prune-interval\=86400 -fmodules-prune-after\=345600 -fbuild-session-file\=/Users/j/Documents/GitHub/MoneroOne/build/ModuleCache.noindex/Session.modulevalidation -fmodules-validate-once-per-build-session -Wnon-modular-include-in-framework-module -Werror\=non-modular-include-in-framework-module -Wno-trigraphs -Wno-missing-field-initializers -Wno-missing-prototypes -Wno-return-type -Wno-missing-braces -Wparentheses -Wswitch -Wno-unused-function -Wno-unused-label -Wno-unused-parameter -Wno-unused-variable -Wunused-value -Wno-empty-body -Wno-uninitialized -Wno-unknown-pragmas -w -Wno-shadow -Wno-four-char-constants -Wno-conversion -Wno-constant-conversion -Wno-int-conversion -Wno-bool-conversion -Wno-enum-conversion -Wno-float-conversion -Wno-non-literal-null-conversion -Wno-objc-literal-conversion -Wshorten-64-to-32 -Wpointer-sign -Wno-newline-eof -Wno-implicit-fallthrough -fstrict-aliasing -Wdeprecated-declarations -Wno-sign-conversion -Wno-infinite-recursion -Wno-comma -Wno-block-capture-autoreleasing -Wno-strict-prototypes -Wno-semicolon-before-method-body -index-store-path /Users/j/Documents/GitHub/MoneroOne/build/Index.noindex/DataStore @/Users/j/Documents/GitHub/MoneroOne/build/Build/Intermediates.noindex/swift-crypto.build/Debug-iphonesimulator/CCryptoBoringSSL.build/Objects-normal/arm64/7187679823f38a2a940e0043cdf9d637-common-args.resp -MMD -MT dependencies -MF /Users/j/Documents/GitHub/MoneroOne/build/Build/Intermediates.noindex/swift-crypto.build/Debug-iphonesimulator/CCryptoBoringSSL.build/Objects-normal/arm64/x_spki.d --serialize-diagnostics /Users/j/Documents/GitHub/MoneroOne/build/Build/Intermediates.noindex/swift-crypto.build/Debug-iphonesimulator/CCryptoBoringSSL.build/Objects-normal/arm64/x_spki.dia -c /Users/j/Documents/GitHub/MoneroOne/build/SourcePackages/checkouts/swift-crypto/Sources/CCryptoBoringSSL/crypto/x509/x_spki.c -o /Users/j/Documents/GitHub/MoneroOne/build/Build/Intermediates.noindex/swift-crypto.build/Debug-iphonesimulator/CCryptoBoringSSL.build/Objects-normal/arm64/x_spki.o -index-unit-output-path /swift-crypto.build/Debug-iphonesimulator/CCryptoBoringSSL.build/Objects-normal/arm64/x_spki.o

PrecompileModule /Users/j/Documents/GitHub/MoneroOne/build/Build/Intermediates.noindex/ExplicitPrecompiledModules/_Builtin_stdatomic-5GVMSORGI70LJAZ2PPNHCTNCN.scan
    cd /
    builtin-precompileModule /Users/j/Documents/GitHub/MoneroOne/build/Build/Intermediates.noindex/ExplicitPrecompiledModules/_Builtin_stdatomic-5GVMSORGI70LJAZ2PPNHCTNCN.scan

PrecompileModule /Users/j/Documents/GitHub/MoneroOne/build/Build/Intermediates.noindex/ExplicitPrecompiledModules/_DarwinFoundation2-2R0TA91K23PLTJOXHFEJCTERW.scan
    cd /
    builtin-precompileModule /Users/j/Documents/GitHub/MoneroOne/build/Build/Intermediates.noindex/ExplicitPrecompiledModules/_DarwinFoundation2-2R0TA91K23PLTJOXHFEJCTERW.scan

PrecompileModule /Users/j/Documents/GitHub/MoneroOne/build/Build/Intermediates.noindex/ExplicitPrecompiledModules/_Builtin_stddef-2LVU07VCXFJEUNMF614ZOH2AY.scan
    cd /
    builtin-precompileModule /Users/j/Documents/GitHub/MoneroOne/build/Build/Intermediates.noindex/ExplicitPrecompiledModules/_Builtin_stddef-2LVU07VCXFJEUNMF614ZOH2AY.scan

PrecompileModule /Users/j/Documents/GitHub/MoneroOne/build/Build/Intermediates.noindex/ExplicitPrecompiledModules/_Builtin_stdalign-E5ADV0ZV2TBC8GBRHYBDH9NNV.scan
    cd /
    builtin-precompileModule /Users/j/Documents/GitHub/MoneroOne/build/Build/Intermediates.noindex/ExplicitPrecompiledModules/_Builtin_stdalign-E5ADV0ZV2TBC8GBRHYBDH9NNV.scan

PrecompileModule /Users/j/Documents/GitHub/MoneroOne/build/Build/Intermediates.noindex/ExplicitPrecompiledModules/ptrcheck-NKQDEUA8I78KELQEYS519UDR.scan
    cd /
    builtin-precompileModule /Users/j/Documents/GitHub/MoneroOne/build/Build/Intermediates.noindex/ExplicitPrecompiledModules/ptrcheck-NKQDEUA8I78KELQEYS519UDR.scan

PrecompileModule /Users/j/Documents/GitHub/MoneroOne/build/Build/Intermediates.noindex/ExplicitPrecompiledModules/_DarwinFoundation3-AN30VQES0P00LSFVRPP6OS9FG.scan
    cd /
    builtin-precompileModule /Users/j/Documents/GitHub/MoneroOne/build/Build/Intermediates.noindex/ExplicitPrecompiledModules/_DarwinFoundation3-AN30VQES0P00LSFVRPP6OS9FG.scan

PrecompileModule /Users/j/Documents/GitHub/MoneroOne/build/Build/Intermediates.noindex/ExplicitPrecompiledModules/_Builtin_stdarg-42FQOXZN468FUE0T6VMDXK5X5.scan
    cd /
    builtin-precompileModule /Users/j/Documents/GitHub/MoneroOne/build/Build/Intermediates.noindex/ExplicitPrecompiledModules/_Builtin_stdarg-42FQOXZN468FUE0T6VMDXK5X5.scan

PrecompileModule /Users/j/Documents/GitHub/MoneroOne/build/Build/Intermediates.noindex/ExplicitPrecompiledModules/_Builtin_stdbool-8QL0YTFIXXV2EKQV2E5SXMEDH.scan
    cd /
    builtin-precompileModule /Users/j/Documents/GitHub/MoneroOne/build/Build/Intermediates.noindex/ExplicitPrecompiledModules/_Builtin_stdbool-8QL0YTFIXXV2EKQV2E5SXMEDH.scan

PrecompileModule /Users/j/Documents/GitHub/MoneroOne/build/Build/Intermediates.noindex/ExplicitPrecompiledModules/_Builtin_stdarg-570SCE4A51EQ1NOVTXGXXEHBP.scan
    cd /
    builtin-precompileModule /Users/j/Documents/GitHub/MoneroOne/build/Build/Intermediates.noindex/ExplicitPrecompiledModules/_Builtin_stdarg-570SCE4A51EQ1NOVTXGXXEHBP.scan

PrecompileModule /Users/j/Documents/GitHub/MoneroOne/build/Build/Intermediates.noindex/ExplicitPrecompiledModules/_AvailabilityInternal-3ESY6Z1KJLSJV5GBLJFH5Q4II.scan
    cd /
    builtin-precompileModule /Users/j/Documents/GitHub/MoneroOne/build/Build/Intermediates.noindex/ExplicitPrecompiledModules/_AvailabilityInternal-3ESY6Z1KJLSJV5GBLJFH5Q4II.scan

PrecompileModule /Users/j/Documents/GitHub/MoneroOne/build/Build/Intermediates.noindex/ExplicitPrecompiledModules/ptrcheck-76BK94S0ZLQU8HFN7BFJ7FZN.scan
    cd /
    builtin-precompileModule /Users/j/Documents/GitHub/MoneroOne/build/Build/Intermediates.noindex/ExplicitPrecompiledModules/ptrcheck-76BK94S0ZLQU8HFN7BFJ7FZN.scan

PrecompileModule /Users/j/Documents/GitHub/MoneroOne/build/Build/Intermediates.noindex/ExplicitPrecompiledModules/_Builtin_stddef-8DNSLJXVYLUVDGB4CK43WQLZH.scan
    cd /
    builtin-precompileModule /Users/j/Documents/GitHub/MoneroOne/build/Build/Intermediates.noindex/ExplicitPrecompiledModules/_Builtin_stddef-8DNSLJXVYLUVDGB4CK43WQLZH.scan

PrecompileModule /Users/j/Documents/GitHub/MoneroOne/build/Build/Intermediates.noindex/ExplicitPrecompiledModules/_Builtin_stdbool-DOAA4BC7YQH0F0ZJV766JA2OR.scan
    cd /
    builtin-precompileModule /Users/j/Documents/GitHub/MoneroOne/build/Build/Intermediates.noindex/ExplicitPrecompiledModules/_Builtin_stdbool-DOAA4BC7YQH0F0ZJV766JA2OR.scan

PrecompileModule /Users/j/Documents/GitHub/MoneroOne/build/Build/Intermediates.noindex/ExplicitPrecompiledModules/_AvailabilityInternal-932QEE76P0QRQX0W9WBG6WHLO.scan
    cd /
    builtin-precompileModule /Users/j/Documents/GitHub/MoneroOne/build/Build/Intermediates.noindex/ExplicitPrecompiledModules/_AvailabilityInternal-932QEE76P0QRQX0W9WBG6WHLO.scan

CompileC /Users/j/Documents/GitHub/MoneroOne/build/Build/Intermediates.noindex/swift-nio.build/Debug-iphonesimulator/CNIOAtomics.build/Objects-normal/arm64/c-nioatomics.o /Users/j/Documents/GitHub/MoneroOne/build/SourcePackages/checkouts/swift-nio/Sources/CNIOAtomics/src/c-nioatomics.c normal arm64 c com.apple.compilers.llvm.clang.1_0.compiler (in target 'CNIOAtomics' from project 'swift-nio')
    cd /Users/j/Documents/GitHub/MoneroOne/MoneroOne.xcodeproj
    
    Using response file: /Users/j/Documents/GitHub/MoneroOne/build/Build/Intermediates.noindex/swift-nio.build/Debug-iphonesimulator/CNIOAtomics.build/Objects-normal/arm64/7187679823f38a2a940e0043cdf9d637-common-args.resp
    
    /Applications/Xcode.app/Contents/Developer/Toolchains/XcodeDefault.xctoolchain/usr/bin/clang -x c -ivfsstatcache /Users/j/Documents/GitHub/MoneroOne/build/SDKStatCaches.noindex/iphonesimulator26.1-23B77-90cf18a4295e390e64c810bc6bd7acbc.sdkstatcache -fmessage-length\=0 -fdiagnostics-show-note-include-stack -fmacro-backtrace-limit\=0 -fno-color-diagnostics -fmodules-prune-interval\=86400 -fmodules-prune-after\=345600 -fbuild-session-file\=/Users/j/Documents/GitHub/MoneroOne/build/ModuleCache.noindex/Session.modulevalidation -fmodules-validate-once-per-build-session -Wnon-modular-include-in-framework-module -Werror\=non-modular-include-in-framework-module -Wno-trigraphs -Wno-missing-field-initializers -Wno-missing-prototypes -Wno-return-type -Wno-missing-braces -Wparentheses -Wswitch -Wno-unused-function -Wno-unused-label -Wno-unused-parameter -Wno-unused-variable -Wunused-value -Wno-empty-body -Wno-uninitialized -Wno-unknown-pragmas -w -Wno-shadow -Wno-four-char-constants -Wno-conversion -Wno-constant-conversion -Wno-int-conversion -Wno-bool-conversion -Wno-enum-conversion -Wno-float-conversion -Wno-non-literal-null-conversion -Wno-objc-literal-conversion -Wshorten-64-to-32 -Wpointer-sign -Wno-newline-eof -Wno-implicit-fallthrough -fstrict-aliasing -Wdeprecated-declarations -Wno-sign-conversion -Wno-infinite-recursion -Wno-comma -Wno-block-capture-autoreleasing -Wno-strict-prototypes -Wno-semicolon-before-method-body -index-store-path /Users/j/Documents/GitHub/MoneroOne/build/Index.noindex/DataStore @/Users/j/Documents/GitHub/MoneroOne/build/Build/Intermediates.noindex/swift-nio.build/Debug-iphonesimulator/CNIOAtomics.build/Objects-normal/arm64/7187679823f38a2a940e0043cdf9d637-common-args.resp -MMD -MT dependencies -MF /Users/j/Documents/GitHub/MoneroOne/build/Build/Intermediates.noindex/swift-nio.build/Debug-iphonesimulator/CNIOAtomics.build/Objects-normal/arm64/c-nioatomics.d --serialize-diagnostics /Users/j/Documents/GitHub/MoneroOne/build/Build/Intermediates.noindex/swift-nio.build/Debug-iphonesimulator/CNIOAtomics.build/Objects-normal/arm64/c-nioatomics.dia -c /Users/j/Documents/GitHub/MoneroOne/build/SourcePackages/checkouts/swift-nio/Sources/CNIOAtomics/src/c-nioatomics.c -o /Users/j/Documents/GitHub/MoneroOne/build/Build/Intermediates.noindex/swift-nio.build/Debug-iphonesimulator/CNIOAtomics.build/Objects-normal/arm64/c-nioatomics.o -index-unit-output-path /swift-nio.build/Debug-iphonesimulator/CNIOAtomics.build/Objects-normal/arm64/c-nioatomics.o

CompileC /Users/j/Documents/GitHub/MoneroOne/build/Build/Intermediates.noindex/swift-nio.build/Debug-iphonesimulator/CNIOAtomics.build/Objects-normal/arm64/c-atomics.o /Users/j/Documents/GitHub/MoneroOne/build/SourcePackages/checkouts/swift-nio/Sources/CNIOAtomics/src/c-atomics.c normal arm64 c com.apple.compilers.llvm.clang.1_0.compiler (in target 'CNIOAtomics' from project 'swift-nio')
    cd /Users/j/Documents/GitHub/MoneroOne/MoneroOne.xcodeproj
    
    Using response file: /Users/j/Documents/GitHub/MoneroOne/build/Build/Intermediates.noindex/swift-nio.build/Debug-iphonesimulator/CNIOAtomics.build/Objects-normal/arm64/7187679823f38a2a940e0043cdf9d637-common-args.resp
    
    /Applications/Xcode.app/Contents/Developer/Toolchains/XcodeDefault.xctoolchain/usr/bin/clang -x c -ivfsstatcache /Users/j/Documents/GitHub/MoneroOne/build/SDKStatCaches.noindex/iphonesimulator26.1-23B77-90cf18a4295e390e64c810bc6bd7acbc.sdkstatcache -fmessage-length\=0 -fdiagnostics-show-note-include-stack -fmacro-backtrace-limit\=0 -fno-color-diagnostics -fmodules-prune-interval\=86400 -fmodules-prune-after\=345600 -fbuild-session-file\=/Users/j/Documents/GitHub/MoneroOne/build/ModuleCache.noindex/Session.modulevalidation -fmodules-validate-once-per-build-session -Wnon-modular-include-in-framework-module -Werror\=non-modular-include-in-framework-module -Wno-trigraphs -Wno-missing-field-initializers -Wno-missing-prototypes -Wno-return-type -Wno-missing-braces -Wparentheses -Wswitch -Wno-unused-function -Wno-unused-label -Wno-unused-parameter -Wno-unused-variable -Wunused-value -Wno-empty-body -Wno-uninitialized -Wno-unknown-pragmas -w -Wno-shadow -Wno-four-char-constants -Wno-conversion -Wno-constant-conversion -Wno-int-conversion -Wno-bool-conversion -Wno-enum-conversion -Wno-float-conversion -Wno-non-literal-null-conversion -Wno-objc-literal-conversion -Wshorten-64-to-32 -Wpointer-sign -Wno-newline-eof -Wno-implicit-fallthrough -fstrict-aliasing -Wdeprecated-declarations -Wno-sign-conversion -Wno-infinite-recursion -Wno-comma -Wno-block-capture-autoreleasing -Wno-strict-prototypes -Wno-semicolon-before-method-body -index-store-path /Users/j/Documents/GitHub/MoneroOne/build/Index.noindex/DataStore @/Users/j/Documents/GitHub/MoneroOne/build/Build/Intermediates.noindex/swift-nio.build/Debug-iphonesimulator/CNIOAtomics.build/Objects-normal/arm64/7187679823f38a2a940e0043cdf9d637-common-args.resp -MMD -MT dependencies -MF /Users/j/Documents/GitHub/MoneroOne/build/Build/Intermediates.noindex/swift-nio.build/Debug-iphonesimulator/CNIOAtomics.build/Objects-normal/arm64/c-atomics.d --serialize-diagnostics /Users/j/Documents/GitHub/MoneroOne/build/Build/Intermediates.noindex/swift-nio.build/Debug-iphonesimulator/CNIOAtomics.build/Objects-normal/arm64/c-atomics.dia -c /Users/j/Documents/GitHub/MoneroOne/build/SourcePackages/checkouts/swift-nio/Sources/CNIOAtomics/src/c-atomics.c -o /Users/j/Documents/GitHub/MoneroOne/build/Build/Intermediates.noindex/swift-nio.build/Debug-iphonesimulator/CNIOAtomics.build/Objects-normal/arm64/c-atomics.o -index-unit-output-path /swift-nio.build/Debug-iphonesimulator/CNIOAtomics.build/Objects-normal/arm64/c-atomics.o

PrecompileModule /Users/j/Documents/GitHub/MoneroOne/build/Build/Intermediates.noindex/ExplicitPrecompiledModules/_Builtin_stdint-9K3GA9KI47UJSIC9ZT2UWZ5VX.scan
    cd /
    builtin-precompileModule /Users/j/Documents/GitHub/MoneroOne/build/Build/Intermediates.noindex/ExplicitPrecompiledModules/_Builtin_stdint-9K3GA9KI47UJSIC9ZT2UWZ5VX.scan

PrecompileModule /Users/j/Documents/GitHub/MoneroOne/build/Build/Intermediates.noindex/ExplicitPrecompiledModules/_Builtin_limits-C2XDQV1PFCWUUUGC4LW4H3WG9.scan
    cd /
    builtin-precompileModule /Users/j/Documents/GitHub/MoneroOne/build/Build/Intermediates.noindex/ExplicitPrecompiledModules/_Builtin_limits-C2XDQV1PFCWUUUGC4LW4H3WG9.scan

PrecompileModule /Users/j/Documents/GitHub/MoneroOne/build/Build/Intermediates.noindex/ExplicitPrecompiledModules/_DarwinFoundation1-6G2PZA3DC55SL7K2HRFS3C8TL.scan
    cd /
    builtin-precompileModule /Users/j/Documents/GitHub/MoneroOne/build/Build/Intermediates.noindex/ExplicitPrecompiledModules/_DarwinFoundation1-6G2PZA3DC55SL7K2HRFS3C8TL.scan

PrecompileModule /Users/j/Documents/GitHub/MoneroOne/build/Build/Intermediates.noindex/ExplicitPrecompiledModules/_Builtin_inttypes-41G4SK44TS065W2U19GZLPAJW.scan
    cd /
    builtin-precompileModule /Users/j/Documents/GitHub/MoneroOne/build/Build/Intermediates.noindex/ExplicitPrecompiledModules/_Builtin_inttypes-41G4SK44TS065W2U19GZLPAJW.scan

ScanDependencies /Users/j/Documents/GitHub/MoneroOne/build/Build/Intermediates.noindex/swift-crypto.build/Debug-iphonesimulator/CCryptoBoringSSL.build/Objects-normal/arm64/x_sig.o /Users/j/Documents/GitHub/MoneroOne/build/SourcePackages/checkouts/swift-crypto/Sources/CCryptoBoringSSL/crypto/x509/x_sig.c normal arm64 c com.apple.compilers.llvm.clang.1_0.compiler (in target 'CCryptoBoringSSL' from project 'swift-crypto')
    cd /Users/j/Documents/GitHub/MoneroOne/MoneroOne.xcodeproj
    
    Using response file: /Users/j/Documents/GitHub/MoneroOne/build/Build/Intermediates.noindex/swift-crypto.build/Debug-iphonesimulator/CCryptoBoringSSL.build/Objects-normal/arm64/7187679823f38a2a940e0043cdf9d637-common-args.resp
    
    builtin-ScanDependencies -o /Users/j/Documents/GitHub/MoneroOne/build/Build/Intermediates.noindex/swift-crypto.build/Debug-iphonesimulator/CCryptoBoringSSL.build/Objects-normal/arm64/x_sig.o.scan -- /Applications/Xcode.app/Contents/Developer/Toolchains/XcodeDefault.xctoolchain/usr/bin/clang -x c -ivfsstatcache /Users/j/Documents/GitHub/MoneroOne/build/SDKStatCaches.noindex/iphonesimulator26.1-23B77-90cf18a4295e390e64c810bc6bd7acbc.sdkstatcache -fmessage-length\=0 -fdiagnostics-show-note-include-stack -fmacro-backtrace-limit\=0 -fno-color-diagnostics -fmodules-prune-interval\=86400 -fmodules-prune-after\=345600 -fbuild-session-file\=/Users/j/Documents/GitHub/MoneroOne/build/ModuleCache.noindex/Session.modulevalidation -fmodules-validate-once-per-build-session -Wnon-modular-include-in-framework-module -Werror\=non-modular-include-in-framework-module -Wno-trigraphs -Wno-missing-field-initializers -Wno-missing-prototypes -Wno-return-type -Wno-missing-braces -Wparentheses -Wswitch -Wno-unused-function -Wno-unused-label -Wno-unused-parameter -Wno-unused-variable -Wunused-value -Wno-empty-body -Wno-uninitialized -Wno-unknown-pragmas -w -Wno-shadow -Wno-four-char-constants -Wno-conversion -Wno-constant-conversion -Wno-int-conversion -Wno-bool-conversion -Wno-enum-conversion -Wno-float-conversion -Wno-non-literal-null-conversion -Wno-objc-literal-conversion -Wshorten-64-to-32 -Wpointer-sign -Wno-newline-eof -Wno-implicit-fallthrough -fstrict-aliasing -Wdeprecated-declarations -Wno-sign-conversion -Wno-infinite-recursion -Wno-comma -Wno-block-capture-autoreleasing -Wno-strict-prototypes -Wno-semicolon-before-method-body -index-store-path /Users/j/Documents/GitHub/MoneroOne/build/Index.noindex/DataStore @/Users/j/Documents/GitHub/MoneroOne/build/Build/Intermediates.noindex/swift-crypto.build/Debug-iphonesimulator/CCryptoBoringSSL.build/Objects-normal/arm64/7187679823f38a2a940e0043cdf9d637-common-args.resp -MMD -MT dependencies -MF /Users/j/Documents/GitHub/MoneroOne/build/Build/Intermediates.noindex/swift-crypto.build/Debug-iphonesimulator/CCryptoBoringSSL.build/Objects-normal/arm64/x_sig.d --serialize-diagnostics /Users/j/Documents/GitHub/MoneroOne/build/Build/Intermediates.noindex/swift-crypto.build/Debug-iphonesimulator/CCryptoBoringSSL.build/Objects-normal/arm64/x_sig.dia -c /Users/j/Documents/GitHub/MoneroOne/build/SourcePackages/checkouts/swift-crypto/Sources/CCryptoBoringSSL/crypto/x509/x_sig.c -o /Users/j/Documents/GitHub/MoneroOne/build/Build/Intermediates.noindex/swift-crypto.build/Debug-iphonesimulator/CCryptoBoringSSL.build/Objects-normal/arm64/x_sig.o -index-unit-output-path /swift-crypto.build/Debug-iphonesimulator/CCryptoBoringSSL.build/Objects-normal/arm64/x_sig.o

ScanDependencies /Users/j/Documents/GitHub/MoneroOne/build/Build/Intermediates.noindex/swift-crypto.build/Debug-iphonesimulator/CCryptoBoringSSL.build/Objects-normal/arm64/x_req.o /Users/j/Documents/GitHub/MoneroOne/build/SourcePackages/checkouts/swift-crypto/Sources/CCryptoBoringSSL/crypto/x509/x_req.c normal arm64 c com.apple.compilers.llvm.clang.1_0.compiler (in target 'CCryptoBoringSSL' from project 'swift-crypto')
    cd /Users/j/Documents/GitHub/MoneroOne/MoneroOne.xcodeproj
    
    Using response file: /Users/j/Documents/GitHub/MoneroOne/build/Build/Intermediates.noindex/swift-crypto.build/Debug-iphonesimulator/CCryptoBoringSSL.build/Objects-normal/arm64/7187679823f38a2a940e0043cdf9d637-common-args.resp
    
    builtin-ScanDependencies -o /Users/j/Documents/GitHub/MoneroOne/build/Build/Intermediates.noindex/swift-crypto.build/Debug-iphonesimulator/CCryptoBoringSSL.build/Objects-normal/arm64/x_req.o.scan -- /Applications/Xcode.app/Contents/Developer/Toolchains/XcodeDefault.xctoolchain/usr/bin/clang -x c -ivfsstatcache /Users/j/Documents/GitHub/MoneroOne/build/SDKStatCaches.noindex/iphonesimulator26.1-23B77-90cf18a4295e390e64c810bc6bd7acbc.sdkstatcache -fmessage-length\=0 -fdiagnostics-show-note-include-stack -fmacro-backtrace-limit\=0 -fno-color-diagnostics -fmodules-prune-interval\=86400 -fmodules-prune-after\=345600 -fbuild-session-file\=/Users/j/Documents/GitHub/MoneroOne/build/ModuleCache.noindex/Session.modulevalidation -fmodules-validate-once-per-build-session -Wnon-modular-include-in-framework-module -Werror\=non-modular-include-in-framework-module -Wno-trigraphs -Wno-missing-field-initializers -Wno-missing-prototypes -Wno-return-type -Wno-missing-braces -Wparentheses -Wswitch -Wno-unused-function -Wno-unused-label -Wno-unused-parameter -Wno-unused-variable -Wunused-value -Wno-empty-body -Wno-uninitialized -Wno-unknown-pragmas -w -Wno-shadow -Wno-four-char-constants -Wno-conversion -Wno-constant-conversion -Wno-int-conversion -Wno-bool-conversion -Wno-enum-conversion -Wno-float-conversion -Wno-non-literal-null-conversion -Wno-objc-literal-conversion -Wshorten-64-to-32 -Wpointer-sign -Wno-newline-eof -Wno-implicit-fallthrough -fstrict-aliasing -Wdeprecated-declarations -Wno-sign-conversion -Wno-infinite-recursion -Wno-comma -Wno-block-capture-autoreleasing -Wno-strict-prototypes -Wno-semicolon-before-method-body -index-store-path /Users/j/Documents/GitHub/MoneroOne/build/Index.noindex/DataStore @/Users/j/Documents/GitHub/MoneroOne/build/Build/Intermediates.noindex/swift-crypto.build/Debug-iphonesimulator/CCryptoBoringSSL.build/Objects-normal/arm64/7187679823f38a2a940e0043cdf9d637-common-args.resp -MMD -MT dependencies -MF /Users/j/Documents/GitHub/MoneroOne/build/Build/Intermediates.noindex/swift-crypto.build/Debug-iphonesimulator/CCryptoBoringSSL.build/Objects-normal/arm64/x_req.d --serialize-diagnostics /Users/j/Documents/GitHub/MoneroOne/build/Build/Intermediates.noindex/swift-crypto.build/Debug-iphonesimulator/CCryptoBoringSSL.build/Objects-normal/arm64/x_req.dia -c /Users/j/Documents/GitHub/MoneroOne/build/SourcePackages/checkouts/swift-crypto/Sources/CCryptoBoringSSL/crypto/x509/x_req.c -o /Users/j/Documents/GitHub/MoneroOne/build/Build/Intermediates.noindex/swift-crypto.build/Debug-iphonesimulator/CCryptoBoringSSL.build/Objects-normal/arm64/x_req.o -index-unit-output-path /swift-crypto.build/Debug-iphonesimulator/CCryptoBoringSSL.build/Objects-normal/arm64/x_req.o

PrecompileModule /Users/j/Documents/GitHub/MoneroOne/build/Build/Intermediates.noindex/ExplicitPrecompiledModules/_DarwinFoundation1-DLT4X6DTIUEEODJDRJIS16MZD.scan
    cd /
    builtin-precompileModule /Users/j/Documents/GitHub/MoneroOne/build/Build/Intermediates.noindex/ExplicitPrecompiledModules/_DarwinFoundation1-DLT4X6DTIUEEODJDRJIS16MZD.scan

PrecompileModule /Users/j/Documents/GitHub/MoneroOne/build/Build/Intermediates.noindex/ExplicitPrecompiledModules/Darwin-DEZJM8K1SBCRRF1ZR2OGESWKZ.scan
    cd /
    builtin-precompileModule /Users/j/Documents/GitHub/MoneroOne/build/Build/Intermediates.noindex/ExplicitPrecompiledModules/Darwin-DEZJM8K1SBCRRF1ZR2OGESWKZ.scan

ScanDependencies /Users/j/Documents/GitHub/MoneroOne/build/Build/Intermediates.noindex/swift-crypto.build/Debug-iphonesimulator/CCryptoBoringSSL.build/Objects-normal/arm64/x_pubkey.o /Users/j/Documents/GitHub/MoneroOne/build/SourcePackages/checkouts/swift-crypto/Sources/CCryptoBoringSSL/crypto/x509/x_pubkey.c normal arm64 c com.apple.compilers.llvm.clang.1_0.compiler (in target 'CCryptoBoringSSL' from project 'swift-crypto')
    cd /Users/j/Documents/GitHub/MoneroOne/MoneroOne.xcodeproj
    
    Using response file: /Users/j/Documents/GitHub/MoneroOne/build/Build/Intermediates.noindex/swift-crypto.build/Debug-iphonesimulator/CCryptoBoringSSL.build/Objects-normal/arm64/7187679823f38a2a940e0043cdf9d637-common-args.resp
    
    builtin-ScanDependencies -o /Users/j/Documents/GitHub/MoneroOne/build/Build/Intermediates.noindex/swift-crypto.build/Debug-iphonesimulator/CCryptoBoringSSL.build/Objects-normal/arm64/x_pubkey.o.scan -- /Applications/Xcode.app/Contents/Developer/Toolchains/XcodeDefault.xctoolchain/usr/bin/clang -x c -ivfsstatcache /Users/j/Documents/GitHub/MoneroOne/build/SDKStatCaches.noindex/iphonesimulator26.1-23B77-90cf18a4295e390e64c810bc6bd7acbc.sdkstatcache -fmessage-length\=0 -fdiagnostics-show-note-include-stack -fmacro-backtrace-limit\=0 -fno-color-diagnostics -fmodules-prune-interval\=86400 -fmodules-prune-after\=345600 -fbuild-session-file\=/Users/j/Documents/GitHub/MoneroOne/build/ModuleCache.noindex/Session.modulevalidation -fmodules-validate-once-per-build-session -Wnon-modular-include-in-framework-module -Werror\=non-modular-include-in-framework-module -Wno-trigraphs -Wno-missing-field-initializers -Wno-missing-prototypes -Wno-return-type -Wno-missing-braces -Wparentheses -Wswitch -Wno-unused-function -Wno-unused-label -Wno-unused-parameter -Wno-unused-variable -Wunused-value -Wno-empty-body -Wno-uninitialized -Wno-unknown-pragmas -w -Wno-shadow -Wno-four-char-constants -Wno-conversion -Wno-constant-conversion -Wno-int-conversion -Wno-bool-conversion -Wno-enum-conversion -Wno-float-conversion -Wno-non-literal-null-conversion -Wno-objc-literal-conversion -Wshorten-64-to-32 -Wpointer-sign -Wno-newline-eof -Wno-implicit-fallthrough -fstrict-aliasing -Wdeprecated-declarations -Wno-sign-conversion -Wno-infinite-recursion -Wno-comma -Wno-block-capture-autoreleasing -Wno-strict-prototypes -Wno-semicolon-before-method-body -index-store-path /Users/j/Documents/GitHub/MoneroOne/build/Index.noindex/DataStore @/Users/j/Documents/GitHub/MoneroOne/build/Build/Intermediates.noindex/swift-crypto.build/Debug-iphonesimulator/CCryptoBoringSSL.build/Objects-normal/arm64/7187679823f38a2a940e0043cdf9d637-common-args.resp -MMD -MT dependencies -MF /Users/j/Documents/GitHub/MoneroOne/build/Build/Intermediates.noindex/swift-crypto.build/Debug-iphonesimulator/CCryptoBoringSSL.build/Objects-normal/arm64/x_pubkey.d --serialize-diagnostics /Users/j/Documents/GitHub/MoneroOne/build/Build/Intermediates.noindex/swift-crypto.build/Debug-iphonesimulator/CCryptoBoringSSL.build/Objects-normal/arm64/x_pubkey.dia -c /Users/j/Documents/GitHub/MoneroOne/build/SourcePackages/checkouts/swift-crypto/Sources/CCryptoBoringSSL/crypto/x509/x_pubkey.c -o /Users/j/Documents/GitHub/MoneroOne/build/Build/Intermediates.noindex/swift-crypto.build/Debug-iphonesimulator/CCryptoBoringSSL.build/Objects-normal/arm64/x_pubkey.o -index-unit-output-path /swift-crypto.build/Debug-iphonesimulator/CCryptoBoringSSL.build/Objects-normal/arm64/x_pubkey.o

ScanDependencies /Users/j/Documents/GitHub/MoneroOne/build/Build/Intermediates.noindex/swift-crypto.build/Debug-iphonesimulator/CCryptoBoringSSL.build/Objects-normal/arm64/x_pkey.o /Users/j/Documents/GitHub/MoneroOne/build/SourcePackages/checkouts/swift-crypto/Sources/CCryptoBoringSSL/crypto/x509/x_pkey.c normal arm64 c com.apple.compilers.llvm.clang.1_0.compiler (in target 'CCryptoBoringSSL' from project 'swift-crypto')
    cd /Users/j/Documents/GitHub/MoneroOne/MoneroOne.xcodeproj
    
    Using response file: /Users/j/Documents/GitHub/MoneroOne/build/Build/Intermediates.noindex/swift-crypto.build/Debug-iphonesimulator/CCryptoBoringSSL.build/Objects-normal/arm64/7187679823f38a2a940e0043cdf9d637-common-args.resp
    
    builtin-ScanDependencies -o /Users/j/Documents/GitHub/MoneroOne/build/Build/Intermediates.noindex/swift-crypto.build/Debug-iphonesimulator/CCryptoBoringSSL.build/Objects-normal/arm64/x_pkey.o.scan -- /Applications/Xcode.app/Contents/Developer/Toolchains/XcodeDefault.xctoolchain/usr/bin/clang -x c -ivfsstatcache /Users/j/Documents/GitHub/MoneroOne/build/SDKStatCaches.noindex/iphonesimulator26.1-23B77-90cf18a4295e390e64c810bc6bd7acbc.sdkstatcache -fmessage-length\=0 -fdiagnostics-show-note-include-stack -fmacro-backtrace-limit\=0 -fno-color-diagnostics -fmodules-prune-interval\=86400 -fmodules-prune-after\=345600 -fbuild-session-file\=/Users/j/Documents/GitHub/MoneroOne/build/ModuleCache.noindex/Session.modulevalidation -fmodules-validate-once-per-build-session -Wnon-modular-include-in-framework-module -Werror\=non-modular-include-in-framework-module -Wno-trigraphs -Wno-missing-field-initializers -Wno-missing-prototypes -Wno-return-type -Wno-missing-braces -Wparentheses -Wswitch -Wno-unused-function -Wno-unused-label -Wno-unused-parameter -Wno-unused-variable -Wunused-value -Wno-empty-body -Wno-uninitialized -Wno-unknown-pragmas -w -Wno-shadow -Wno-four-char-constants -Wno-conversion -Wno-constant-conversion -Wno-int-conversion -Wno-bool-conversion -Wno-enum-conversion -Wno-float-conversion -Wno-non-literal-null-conversion -Wno-objc-literal-conversion -Wshorten-64-to-32 -Wpointer-sign -Wno-newline-eof -Wno-implicit-fallthrough -fstrict-aliasing -Wdeprecated-declarations -Wno-sign-conversion -Wno-infinite-recursion -Wno-comma -Wno-block-capture-autoreleasing -Wno-strict-prototypes -Wno-semicolon-before-method-body -index-store-path /Users/j/Documents/GitHub/MoneroOne/build/Index.noindex/DataStore @/Users/j/Documents/GitHub/MoneroOne/build/Build/Intermediates.noindex/swift-crypto.build/Debug-iphonesimulator/CCryptoBoringSSL.build/Objects-normal/arm64/7187679823f38a2a940e0043cdf9d637-common-args.resp -MMD -MT dependencies -MF /Users/j/Documents/GitHub/MoneroOne/build/Build/Intermediates.noindex/swift-crypto.build/Debug-iphonesimulator/CCryptoBoringSSL.build/Objects-normal/arm64/x_pkey.d --serialize-diagnostics /Users/j/Documents/GitHub/MoneroOne/build/Build/Intermediates.noindex/swift-crypto.build/Debug-iphonesimulator/CCryptoBoringSSL.build/Objects-normal/arm64/x_pkey.dia -c /Users/j/Documents/GitHub/MoneroOne/build/SourcePackages/checkouts/swift-crypto/Sources/CCryptoBoringSSL/crypto/x509/x_pkey.c -o /Users/j/Documents/GitHub/MoneroOne/build/Build/Intermediates.noindex/swift-crypto.build/Debug-iphonesimulator/CCryptoBoringSSL.build/Objects-normal/arm64/x_pkey.o -index-unit-output-path /swift-crypto.build/Debug-iphonesimulator/CCryptoBoringSSL.build/Objects-normal/arm64/x_pkey.o

CompileC /Users/j/Documents/GitHub/MoneroOne/build/Build/Intermediates.noindex/swift-nio.build/Debug-iphonesimulator/CNIOLLHTTP.build/Objects-normal/arm64/c_nio_http.o /Users/j/Documents/GitHub/MoneroOne/build/SourcePackages/checkouts/swift-nio/Sources/CNIOLLHTTP/c_nio_http.c normal arm64 c com.apple.compilers.llvm.clang.1_0.compiler (in target 'CNIOLLHTTP' from project 'swift-nio')
    cd /Users/j/Documents/GitHub/MoneroOne/MoneroOne.xcodeproj
    
    Using response file: /Users/j/Documents/GitHub/MoneroOne/build/Build/Intermediates.noindex/swift-nio.build/Debug-iphonesimulator/CNIOLLHTTP.build/Objects-normal/arm64/7187679823f38a2a940e0043cdf9d637-common-args.resp
    
    /Applications/Xcode.app/Contents/Developer/Toolchains/XcodeDefault.xctoolchain/usr/bin/clang -x c -ivfsstatcache /Users/j/Documents/GitHub/MoneroOne/build/SDKStatCaches.noindex/iphonesimulator26.1-23B77-90cf18a4295e390e64c810bc6bd7acbc.sdkstatcache -fmessage-length\=0 -fdiagnostics-show-note-include-stack -fmacro-backtrace-limit\=0 -fno-color-diagnostics -fmodules-prune-interval\=86400 -fmodules-prune-after\=345600 -fbuild-session-file\=/Users/j/Documents/GitHub/MoneroOne/build/ModuleCache.noindex/Session.modulevalidation -fmodules-validate-once-per-build-session -Wnon-modular-include-in-framework-module -Werror\=non-modular-include-in-framework-module -Wno-trigraphs -Wno-missing-field-initializers -Wno-missing-prototypes -Wno-return-type -Wno-missing-braces -Wparentheses -Wswitch -Wno-unused-function -Wno-unused-label -Wno-unused-parameter -Wno-unused-variable -Wunused-value -Wno-empty-body -Wno-uninitialized -Wno-unknown-pragmas -w -Wno-shadow -Wno-four-char-constants -Wno-conversion -Wno-constant-conversion -Wno-int-conversion -Wno-bool-conversion -Wno-enum-conversion -Wno-float-conversion -Wno-non-literal-null-conversion -Wno-objc-literal-conversion -Wshorten-64-to-32 -Wpointer-sign -Wno-newline-eof -Wno-implicit-fallthrough -fstrict-aliasing -Wdeprecated-declarations -Wno-sign-conversion -Wno-infinite-recursion -Wno-comma -Wno-block-capture-autoreleasing -Wno-strict-prototypes -Wno-semicolon-before-method-body -index-store-path /Users/j/Documents/GitHub/MoneroOne/build/Index.noindex/DataStore @/Users/j/Documents/GitHub/MoneroOne/build/Build/Intermediates.noindex/swift-nio.build/Debug-iphonesimulator/CNIOLLHTTP.build/Objects-normal/arm64/7187679823f38a2a940e0043cdf9d637-common-args.resp -MMD -MT dependencies -MF /Users/j/Documents/GitHub/MoneroOne/build/Build/Intermediates.noindex/swift-nio.build/Debug-iphonesimulator/CNIOLLHTTP.build/Objects-normal/arm64/c_nio_http.d --serialize-diagnostics /Users/j/Documents/GitHub/MoneroOne/build/Build/Intermediates.noindex/swift-nio.build/Debug-iphonesimulator/CNIOLLHTTP.build/Objects-normal/arm64/c_nio_http.dia -c /Users/j/Documents/GitHub/MoneroOne/build/SourcePackages/checkouts/swift-nio/Sources/CNIOLLHTTP/c_nio_http.c -o /Users/j/Documents/GitHub/MoneroOne/build/Build/Intermediates.noindex/swift-nio.build/Debug-iphonesimulator/CNIOLLHTTP.build/Objects-normal/arm64/c_nio_http.o -index-unit-output-path /swift-nio.build/Debug-iphonesimulator/CNIOLLHTTP.build/Objects-normal/arm64/c_nio_http.o

PrecompileModule /Users/j/Documents/GitHub/MoneroOne/build/Build/Intermediates.noindex/ExplicitPrecompiledModules/_DarwinFoundation2-5BDU4TEHBXPLQOKP1XJ4VN5B8.scan
    cd /
    builtin-precompileModule /Users/j/Documents/GitHub/MoneroOne/build/Build/Intermediates.noindex/ExplicitPrecompiledModules/_DarwinFoundation2-5BDU4TEHBXPLQOKP1XJ4VN5B8.scan

PrecompileModule /Users/j/Documents/GitHub/MoneroOne/build/Build/Intermediates.noindex/ExplicitPrecompiledModules/_Builtin_limits-B2ZZ8UQ8GVVFAO36QXFODMPIV.scan
    cd /
    builtin-precompileModule /Users/j/Documents/GitHub/MoneroOne/build/Build/Intermediates.noindex/ExplicitPrecompiledModules/_Builtin_limits-B2ZZ8UQ8GVVFAO36QXFODMPIV.scan

PrecompileModule /Users/j/Documents/GitHub/MoneroOne/build/Build/Intermediates.noindex/ExplicitPrecompiledModules/_DarwinFoundation3-62JRE44LG6YC5JJ69PMF202DX.scan
    cd /
    builtin-precompileModule /Users/j/Documents/GitHub/MoneroOne/build/Build/Intermediates.noindex/ExplicitPrecompiledModules/_DarwinFoundation3-62JRE44LG6YC5JJ69PMF202DX.scan

PrecompileModule /Users/j/Documents/GitHub/MoneroOne/build/Build/Intermediates.noindex/ExplicitPrecompiledModules/_Builtin_limits-5XYHHIWL69RPI2N3X966H2KWE.scan
    cd /
    builtin-precompileModule /Users/j/Documents/GitHub/MoneroOne/build/Build/Intermediates.noindex/ExplicitPrecompiledModules/_Builtin_limits-5XYHHIWL69RPI2N3X966H2KWE.scan

PrecompileModule /Users/j/Documents/GitHub/MoneroOne/build/Build/Intermediates.noindex/ExplicitPrecompiledModules/_DarwinFoundation2-9F5MIQ0DIZNJ6V6EP7CFHXW0X.scan
    cd /
    builtin-precompileModule /Users/j/Documents/GitHub/MoneroOne/build/Build/Intermediates.noindex/ExplicitPrecompiledModules/_DarwinFoundation2-9F5MIQ0DIZNJ6V6EP7CFHXW0X.scan

PrecompileModule /Users/j/Documents/GitHub/MoneroOne/build/Build/Intermediates.noindex/ExplicitPrecompiledModules/_Builtin_intrinsics-4V6FC7TJ96N469MP5LL19J9JM.scan
    cd /
    builtin-precompileModule /Users/j/Documents/GitHub/MoneroOne/build/Build/Intermediates.noindex/ExplicitPrecompiledModules/_Builtin_intrinsics-4V6FC7TJ96N469MP5LL19J9JM.scan

PrecompileModule /Users/j/Documents/GitHub/MoneroOne/build/Build/Intermediates.noindex/ExplicitPrecompiledModules/CCryptoBoringSSL-U5Q5Y7Q4T4P4Y0IZRJ3RBQPS.scan
    cd /
    builtin-precompileModule /Users/j/Documents/GitHub/MoneroOne/build/Build/Intermediates.noindex/ExplicitPrecompiledModules/CCryptoBoringSSL-U5Q5Y7Q4T4P4Y0IZRJ3RBQPS.scan

PrecompileModule /Users/j/Documents/GitHub/MoneroOne/build/Build/Intermediates.noindex/ExplicitPrecompiledModules/_Builtin_stdint-AMXXRB1XZ6EQAA0KTVUJ1XPJU.scan
    cd /
    builtin-precompileModule /Users/j/Documents/GitHub/MoneroOne/build/Build/Intermediates.noindex/ExplicitPrecompiledModules/_Builtin_stdint-AMXXRB1XZ6EQAA0KTVUJ1XPJU.scan

CompileC /Users/j/Documents/GitHub/MoneroOne/build/Build/Intermediates.noindex/swift-nio.build/Debug-iphonesimulator/CNIOLLHTTP.build/Objects-normal/arm64/c_nio_api.o /Users/j/Documents/GitHub/MoneroOne/build/SourcePackages/checkouts/swift-nio/Sources/CNIOLLHTTP/c_nio_api.c normal arm64 c com.apple.compilers.llvm.clang.1_0.compiler (in target 'CNIOLLHTTP' from project 'swift-nio')
    cd /Users/j/Documents/GitHub/MoneroOne/MoneroOne.xcodeproj
    
    Using response file: /Users/j/Documents/GitHub/MoneroOne/build/Build/Intermediates.noindex/swift-nio.build/Debug-iphonesimulator/CNIOLLHTTP.build/Objects-normal/arm64/7187679823f38a2a940e0043cdf9d637-common-args.resp
    
    /Applications/Xcode.app/Contents/Developer/Toolchains/XcodeDefault.xctoolchain/usr/bin/clang -x c -ivfsstatcache /Users/j/Documents/GitHub/MoneroOne/build/SDKStatCaches.noindex/iphonesimulator26.1-23B77-90cf18a4295e390e64c810bc6bd7acbc.sdkstatcache -fmessage-length\=0 -fdiagnostics-show-note-include-stack -fmacro-backtrace-limit\=0 -fno-color-diagnostics -fmodules-prune-interval\=86400 -fmodules-prune-after\=345600 -fbuild-session-file\=/Users/j/Documents/GitHub/MoneroOne/build/ModuleCache.noindex/Session.modulevalidation -fmodules-validate-once-per-build-session -Wnon-modular-include-in-framework-module -Werror\=non-modular-include-in-framework-module -Wno-trigraphs -Wno-missing-field-initializers -Wno-missing-prototypes -Wno-return-type -Wno-missing-braces -Wparentheses -Wswitch -Wno-unused-function -Wno-unused-label -Wno-unused-parameter -Wno-unused-variable -Wunused-value -Wno-empty-body -Wno-uninitialized -Wno-unknown-pragmas -w -Wno-shadow -Wno-four-char-constants -Wno-conversion -Wno-constant-conversion -Wno-int-conversion -Wno-bool-conversion -Wno-enum-conversion -Wno-float-conversion -Wno-non-literal-null-conversion -Wno-objc-literal-conversion -Wshorten-64-to-32 -Wpointer-sign -Wno-newline-eof -Wno-implicit-fallthrough -fstrict-aliasing -Wdeprecated-declarations -Wno-sign-conversion -Wno-infinite-recursion -Wno-comma -Wno-block-capture-autoreleasing -Wno-strict-prototypes -Wno-semicolon-before-method-body -index-store-path /Users/j/Documents/GitHub/MoneroOne/build/Index.noindex/DataStore @/Users/j/Documents/GitHub/MoneroOne/build/Build/Intermediates.noindex/swift-nio.build/Debug-iphonesimulator/CNIOLLHTTP.build/Objects-normal/arm64/7187679823f38a2a940e0043cdf9d637-common-args.resp -MMD -MT dependencies -MF /Users/j/Documents/GitHub/MoneroOne/build/Build/Intermediates.noindex/swift-nio.build/Debug-iphonesimulator/CNIOLLHTTP.build/Objects-normal/arm64/c_nio_api.d --serialize-diagnostics /Users/j/Documents/GitHub/MoneroOne/build/Build/Intermediates.noindex/swift-nio.build/Debug-iphonesimulator/CNIOLLHTTP.build/Objects-normal/arm64/c_nio_api.dia -c /Users/j/Documents/GitHub/MoneroOne/build/SourcePackages/checkouts/swift-nio/Sources/CNIOLLHTTP/c_nio_api.c -o /Users/j/Documents/GitHub/MoneroOne/build/Build/Intermediates.noindex/swift-nio.build/Debug-iphonesimulator/CNIOLLHTTP.build/Objects-normal/arm64/c_nio_api.o -index-unit-output-path /swift-nio.build/Debug-iphonesimulator/CNIOLLHTTP.build/Objects-normal/arm64/c_nio_api.o

SwiftDriverJobDiscovery normal arm64 Compiling WALSnapshotTransaction.swift, Database+Dump.swift, DatabaseReader+dump.swift, DumpFormat.swift, DebugDumpFormat.swift, JSONDumpFormat.swift, LineDumpFormat.swift, ListDumpFormat.swift, QuoteDumpFormat.swift, Export.swift, FTS3.swift, FTS3Pattern.swift, FTS3TokenizerDescriptor.swift, FTS4.swift (in target 'GRDB' from project 'GRDB')

ScanDependencies /Users/j/Documents/GitHub/MoneroOne/build/Build/Intermediates.noindex/swift-crypto.build/Debug-iphonesimulator/CCryptoBoringSSL.build/Objects-normal/arm64/x_name.o /Users/j/Documents/GitHub/MoneroOne/build/SourcePackages/checkouts/swift-crypto/Sources/CCryptoBoringSSL/crypto/x509/x_name.c normal arm64 c com.apple.compilers.llvm.clang.1_0.compiler (in target 'CCryptoBoringSSL' from project 'swift-crypto')
    cd /Users/j/Documents/GitHub/MoneroOne/MoneroOne.xcodeproj
    
    Using response file: /Users/j/Documents/GitHub/MoneroOne/build/Build/Intermediates.noindex/swift-crypto.build/Debug-iphonesimulator/CCryptoBoringSSL.build/Objects-normal/arm64/7187679823f38a2a940e0043cdf9d637-common-args.resp
    
    builtin-ScanDependencies -o /Users/j/Documents/GitHub/MoneroOne/build/Build/Intermediates.noindex/swift-crypto.build/Debug-iphonesimulator/CCryptoBoringSSL.build/Objects-normal/arm64/x_name.o.scan -- /Applications/Xcode.app/Contents/Developer/Toolchains/XcodeDefault.xctoolchain/usr/bin/clang -x c -ivfsstatcache /Users/j/Documents/GitHub/MoneroOne/build/SDKStatCaches.noindex/iphonesimulator26.1-23B77-90cf18a4295e390e64c810bc6bd7acbc.sdkstatcache -fmessage-length\=0 -fdiagnostics-show-note-include-stack -fmacro-backtrace-limit\=0 -fno-color-diagnostics -fmodules-prune-interval\=86400 -fmodules-prune-after\=345600 -fbuild-session-file\=/Users/j/Documents/GitHub/MoneroOne/build/ModuleCache.noindex/Session.modulevalidation -fmodules-validate-once-per-build-session -Wnon-modular-include-in-framework-module -Werror\=non-modular-include-in-framework-module -Wno-trigraphs -Wno-missing-field-initializers -Wno-missing-prototypes -Wno-return-type -Wno-missing-braces -Wparentheses -Wswitch -Wno-unused-function -Wno-unused-label -Wno-unused-parameter -Wno-unused-variable -Wunused-value -Wno-empty-body -Wno-uninitialized -Wno-unknown-pragmas -w -Wno-shadow -Wno-four-char-constants -Wno-conversion -Wno-constant-conversion -Wno-int-conversion -Wno-bool-conversion -Wno-enum-conversion -Wno-float-conversion -Wno-non-literal-null-conversion -Wno-objc-literal-conversion -Wshorten-64-to-32 -Wpointer-sign -Wno-newline-eof -Wno-implicit-fallthrough -fstrict-aliasing -Wdeprecated-declarations -Wno-sign-conversion -Wno-infinite-recursion -Wno-comma -Wno-block-capture-autoreleasing -Wno-strict-prototypes -Wno-semicolon-before-method-body -index-store-path /Users/j/Documents/GitHub/MoneroOne/build/Index.noindex/DataStore @/Users/j/Documents/GitHub/MoneroOne/build/Build/Intermediates.noindex/swift-crypto.build/Debug-iphonesimulator/CCryptoBoringSSL.build/Objects-normal/arm64/7187679823f38a2a940e0043cdf9d637-common-args.resp -MMD -MT dependencies -MF /Users/j/Documents/GitHub/MoneroOne/build/Build/Intermediates.noindex/swift-crypto.build/Debug-iphonesimulator/CCryptoBoringSSL.build/Objects-normal/arm64/x_name.d --serialize-diagnostics /Users/j/Documents/GitHub/MoneroOne/build/Build/Intermediates.noindex/swift-crypto.build/Debug-iphonesimulator/CCryptoBoringSSL.build/Objects-normal/arm64/x_name.dia -c /Users/j/Documents/GitHub/MoneroOne/build/SourcePackages/checkouts/swift-crypto/Sources/CCryptoBoringSSL/crypto/x509/x_name.c -o /Users/j/Documents/GitHub/MoneroOne/build/Build/Intermediates.noindex/swift-crypto.build/Debug-iphonesimulator/CCryptoBoringSSL.build/Objects-normal/arm64/x_name.o -index-unit-output-path /swift-crypto.build/Debug-iphonesimulator/CCryptoBoringSSL.build/Objects-normal/arm64/x_name.o

PrecompileModule /Users/j/Documents/GitHub/MoneroOne/build/Build/Intermediates.noindex/ExplicitPrecompiledModules/_Builtin_stdint-AMTQLT48ELR95BXHQ9WTZPXD8.scan
    cd /
    builtin-precompileModule /Users/j/Documents/GitHub/MoneroOne/build/Build/Intermediates.noindex/ExplicitPrecompiledModules/_Builtin_stdint-AMTQLT48ELR95BXHQ9WTZPXD8.scan

PrecompileModule /Users/j/Documents/GitHub/MoneroOne/build/Build/Intermediates.noindex/ExplicitPrecompiledModules/_DarwinFoundation3-7A7B7TXCONZA5AMT67QW0ZZI8.scan
    cd /
    builtin-precompileModule /Users/j/Documents/GitHub/MoneroOne/build/Build/Intermediates.noindex/ExplicitPrecompiledModules/_DarwinFoundation3-7A7B7TXCONZA5AMT67QW0ZZI8.scan

ScanDependencies /Users/j/Documents/GitHub/MoneroOne/build/Build/Intermediates.noindex/swift-crypto.build/Debug-iphonesimulator/CCryptoBoringSSL.build/Objects-normal/arm64/x_info.o /Users/j/Documents/GitHub/MoneroOne/build/SourcePackages/checkouts/swift-crypto/Sources/CCryptoBoringSSL/crypto/x509/x_info.c normal arm64 c com.apple.compilers.llvm.clang.1_0.compiler (in target 'CCryptoBoringSSL' from project 'swift-crypto')
    cd /Users/j/Documents/GitHub/MoneroOne/MoneroOne.xcodeproj
    
    Using response file: /Users/j/Documents/GitHub/MoneroOne/build/Build/Intermediates.noindex/swift-crypto.build/Debug-iphonesimulator/CCryptoBoringSSL.build/Objects-normal/arm64/7187679823f38a2a940e0043cdf9d637-common-args.resp
    
    builtin-ScanDependencies -o /Users/j/Documents/GitHub/MoneroOne/build/Build/Intermediates.noindex/swift-crypto.build/Debug-iphonesimulator/CCryptoBoringSSL.build/Objects-normal/arm64/x_info.o.scan -- /Applications/Xcode.app/Contents/Developer/Toolchains/XcodeDefault.xctoolchain/usr/bin/clang -x c -ivfsstatcache /Users/j/Documents/GitHub/MoneroOne/build/SDKStatCaches.noindex/iphonesimulator26.1-23B77-90cf18a4295e390e64c810bc6bd7acbc.sdkstatcache -fmessage-length\=0 -fdiagnostics-show-note-include-stack -fmacro-backtrace-limit\=0 -fno-color-diagnostics -fmodules-prune-interval\=86400 -fmodules-prune-after\=345600 -fbuild-session-file\=/Users/j/Documents/GitHub/MoneroOne/build/ModuleCache.noindex/Session.modulevalidation -fmodules-validate-once-per-build-session -Wnon-modular-include-in-framework-module -Werror\=non-modular-include-in-framework-module -Wno-trigraphs -Wno-missing-field-initializers -Wno-missing-prototypes -Wno-return-type -Wno-missing-braces -Wparentheses -Wswitch -Wno-unused-function -Wno-unused-label -Wno-unused-parameter -Wno-unused-variable -Wunused-value -Wno-empty-body -Wno-uninitialized -Wno-unknown-pragmas -w -Wno-shadow -Wno-four-char-constants -Wno-conversion -Wno-constant-conversion -Wno-int-conversion -Wno-bool-conversion -Wno-enum-conversion -Wno-float-conversion -Wno-non-literal-null-conversion -Wno-objc-literal-conversion -Wshorten-64-to-32 -Wpointer-sign -Wno-newline-eof -Wno-implicit-fallthrough -fstrict-aliasing -Wdeprecated-declarations -Wno-sign-conversion -Wno-infinite-recursion -Wno-comma -Wno-block-capture-autoreleasing -Wno-strict-prototypes -Wno-semicolon-before-method-body -index-store-path /Users/j/Documents/GitHub/MoneroOne/build/Index.noindex/DataStore @/Users/j/Documents/GitHub/MoneroOne/build/Build/Intermediates.noindex/swift-crypto.build/Debug-iphonesimulator/CCryptoBoringSSL.build/Objects-normal/arm64/7187679823f38a2a940e0043cdf9d637-common-args.resp -MMD -MT dependencies -MF /Users/j/Documents/GitHub/MoneroOne/build/Build/Intermediates.noindex/swift-crypto.build/Debug-iphonesimulator/CCryptoBoringSSL.build/Objects-normal/arm64/x_info.d --serialize-diagnostics /Users/j/Documents/GitHub/MoneroOne/build/Build/Intermediates.noindex/swift-crypto.build/Debug-iphonesimulator/CCryptoBoringSSL.build/Objects-normal/arm64/x_info.dia -c /Users/j/Documents/GitHub/MoneroOne/build/SourcePackages/checkouts/swift-crypto/Sources/CCryptoBoringSSL/crypto/x509/x_info.c -o /Users/j/Documents/GitHub/MoneroOne/build/Build/Intermediates.noindex/swift-crypto.build/Debug-iphonesimulator/CCryptoBoringSSL.build/Objects-normal/arm64/x_info.o -index-unit-output-path /swift-crypto.build/Debug-iphonesimulator/CCryptoBoringSSL.build/Objects-normal/arm64/x_info.o

ScanDependencies /Users/j/Documents/GitHub/MoneroOne/build/Build/Intermediates.noindex/swift-crypto.build/Debug-iphonesimulator/CCryptoBoringSSL.build/Objects-normal/arm64/x_exten.o /Users/j/Documents/GitHub/MoneroOne/build/SourcePackages/checkouts/swift-crypto/Sources/CCryptoBoringSSL/crypto/x509/x_exten.c normal arm64 c com.apple.compilers.llvm.clang.1_0.compiler (in target 'CCryptoBoringSSL' from project 'swift-crypto')
    cd /Users/j/Documents/GitHub/MoneroOne/MoneroOne.xcodeproj
    
    Using response file: /Users/j/Documents/GitHub/MoneroOne/build/Build/Intermediates.noindex/swift-crypto.build/Debug-iphonesimulator/CCryptoBoringSSL.build/Objects-normal/arm64/7187679823f38a2a940e0043cdf9d637-common-args.resp
    
    builtin-ScanDependencies -o /Users/j/Documents/GitHub/MoneroOne/build/Build/Intermediates.noindex/swift-crypto.build/Debug-iphonesimulator/CCryptoBoringSSL.build/Objects-normal/arm64/x_exten.o.scan -- /Applications/Xcode.app/Contents/Developer/Toolchains/XcodeDefault.xctoolchain/usr/bin/clang -x c -ivfsstatcache /Users/j/Documents/GitHub/MoneroOne/build/SDKStatCaches.noindex/iphonesimulator26.1-23B77-90cf18a4295e390e64c810bc6bd7acbc.sdkstatcache -fmessage-length\=0 -fdiagnostics-show-note-include-stack -fmacro-backtrace-limit\=0 -fno-color-diagnostics -fmodules-prune-interval\=86400 -fmodules-prune-after\=345600 -fbuild-session-file\=/Users/j/Documents/GitHub/MoneroOne/build/ModuleCache.noindex/Session.modulevalidation -fmodules-validate-once-per-build-session -Wnon-modular-include-in-framework-module -Werror\=non-modular-include-in-framework-module -Wno-trigraphs -Wno-missing-field-initializers -Wno-missing-prototypes -Wno-return-type -Wno-missing-braces -Wparentheses -Wswitch -Wno-unused-function -Wno-unused-label -Wno-unused-parameter -Wno-unused-variable -Wunused-value -Wno-empty-body -Wno-uninitialized -Wno-unknown-pragmas -w -Wno-shadow -Wno-four-char-constants -Wno-conversion -Wno-constant-conversion -Wno-int-conversion -Wno-bool-conversion -Wno-enum-conversion -Wno-float-conversion -Wno-non-literal-null-conversion -Wno-objc-literal-conversion -Wshorten-64-to-32 -Wpointer-sign -Wno-newline-eof -Wno-implicit-fallthrough -fstrict-aliasing -Wdeprecated-declarations -Wno-sign-conversion -Wno-infinite-recursion -Wno-comma -Wno-block-capture-autoreleasing -Wno-strict-prototypes -Wno-semicolon-before-method-body -index-store-path /Users/j/Documents/GitHub/MoneroOne/build/Index.noindex/DataStore @/Users/j/Documents/GitHub/MoneroOne/build/Build/Intermediates.noindex/swift-crypto.build/Debug-iphonesimulator/CCryptoBoringSSL.build/Objects-normal/arm64/7187679823f38a2a940e0043cdf9d637-common-args.resp -MMD -MT dependencies -MF /Users/j/Documents/GitHub/MoneroOne/build/Build/Intermediates.noindex/swift-crypto.build/Debug-iphonesimulator/CCryptoBoringSSL.build/Objects-normal/arm64/x_exten.d --serialize-diagnostics /Users/j/Documents/GitHub/MoneroOne/build/Build/Intermediates.noindex/swift-crypto.build/Debug-iphonesimulator/CCryptoBoringSSL.build/Objects-normal/arm64/x_exten.dia -c /Users/j/Documents/GitHub/MoneroOne/build/SourcePackages/checkouts/swift-crypto/Sources/CCryptoBoringSSL/crypto/x509/x_exten.c -o /Users/j/Documents/GitHub/MoneroOne/build/Build/Intermediates.noindex/swift-crypto.build/Debug-iphonesimulator/CCryptoBoringSSL.build/Objects-normal/arm64/x_exten.o -index-unit-output-path /swift-crypto.build/Debug-iphonesimulator/CCryptoBoringSSL.build/Objects-normal/arm64/x_exten.o

PrecompileModule /Users/j/Documents/GitHub/MoneroOne/build/Build/Intermediates.noindex/ExplicitPrecompiledModules/_Builtin_stdatomic-DHU7JCLXTOBMWFTSCEV3A0ZMV.scan
    cd /
    builtin-precompileModule /Users/j/Documents/GitHub/MoneroOne/build/Build/Intermediates.noindex/ExplicitPrecompiledModules/_Builtin_stdatomic-DHU7JCLXTOBMWFTSCEV3A0ZMV.scan

PrecompileModule /Users/j/Documents/GitHub/MoneroOne/build/Build/Intermediates.noindex/ExplicitPrecompiledModules/CNIOBoringSSL-3HYMVNAKOY5S94Y6YPG2KXYQ9.scan
    cd /
    builtin-precompileModule /Users/j/Documents/GitHub/MoneroOne/build/Build/Intermediates.noindex/ExplicitPrecompiledModules/CNIOBoringSSL-3HYMVNAKOY5S94Y6YPG2KXYQ9.scan

PrecompileModule /Users/j/Documents/GitHub/MoneroOne/build/Build/Intermediates.noindex/ExplicitPrecompiledModules/_DarwinFoundation3-5ARQGFWIA3CH3OAKJFYCEEDAZ.scan
    cd /
    builtin-precompileModule /Users/j/Documents/GitHub/MoneroOne/build/Build/Intermediates.noindex/ExplicitPrecompiledModules/_DarwinFoundation3-5ARQGFWIA3CH3OAKJFYCEEDAZ.scan

CompileC /Users/j/Documents/GitHub/MoneroOne/build/Build/Intermediates.noindex/swift-nio.build/Debug-iphonesimulator/CNIOLLHTTP.build/Objects-normal/arm64/c_nio_llhttp.o /Users/j/Documents/GitHub/MoneroOne/build/SourcePackages/checkouts/swift-nio/Sources/CNIOLLHTTP/c_nio_llhttp.c normal arm64 c com.apple.compilers.llvm.clang.1_0.compiler (in target 'CNIOLLHTTP' from project 'swift-nio')
    cd /Users/j/Documents/GitHub/MoneroOne/MoneroOne.xcodeproj
    
    Using response file: /Users/j/Documents/GitHub/MoneroOne/build/Build/Intermediates.noindex/swift-nio.build/Debug-iphonesimulator/CNIOLLHTTP.build/Objects-normal/arm64/7187679823f38a2a940e0043cdf9d637-common-args.resp
    
    /Applications/Xcode.app/Contents/Developer/Toolchains/XcodeDefault.xctoolchain/usr/bin/clang -x c -ivfsstatcache /Users/j/Documents/GitHub/MoneroOne/build/SDKStatCaches.noindex/iphonesimulator26.1-23B77-90cf18a4295e390e64c810bc6bd7acbc.sdkstatcache -fmessage-length\=0 -fdiagnostics-show-note-include-stack -fmacro-backtrace-limit\=0 -fno-color-diagnostics -fmodules-prune-interval\=86400 -fmodules-prune-after\=345600 -fbuild-session-file\=/Users/j/Documents/GitHub/MoneroOne/build/ModuleCache.noindex/Session.modulevalidation -fmodules-validate-once-per-build-session -Wnon-modular-include-in-framework-module -Werror\=non-modular-include-in-framework-module -Wno-trigraphs -Wno-missing-field-initializers -Wno-missing-prototypes -Wno-return-type -Wno-missing-braces -Wparentheses -Wswitch -Wno-unused-function -Wno-unused-label -Wno-unused-parameter -Wno-unused-variable -Wunused-value -Wno-empty-body -Wno-uninitialized -Wno-unknown-pragmas -w -Wno-shadow -Wno-four-char-constants -Wno-conversion -Wno-constant-conversion -Wno-int-conversion -Wno-bool-conversion -Wno-enum-conversion -Wno-float-conversion -Wno-non-literal-null-conversion -Wno-objc-literal-conversion -Wshorten-64-to-32 -Wpointer-sign -Wno-newline-eof -Wno-implicit-fallthrough -fstrict-aliasing -Wdeprecated-declarations -Wno-sign-conversion -Wno-infinite-recursion -Wno-comma -Wno-block-capture-autoreleasing -Wno-strict-prototypes -Wno-semicolon-before-method-body -index-store-path /Users/j/Documents/GitHub/MoneroOne/build/Index.noindex/DataStore @/Users/j/Documents/GitHub/MoneroOne/build/Build/Intermediates.noindex/swift-nio.build/Debug-iphonesimulator/CNIOLLHTTP.build/Objects-normal/arm64/7187679823f38a2a940e0043cdf9d637-common-args.resp -MMD -MT dependencies -MF /Users/j/Documents/GitHub/MoneroOne/build/Build/Intermediates.noindex/swift-nio.build/Debug-iphonesimulator/CNIOLLHTTP.build/Objects-normal/arm64/c_nio_llhttp.d --serialize-diagnostics /Users/j/Documents/GitHub/MoneroOne/build/Build/Intermediates.noindex/swift-nio.build/Debug-iphonesimulator/CNIOLLHTTP.build/Objects-normal/arm64/c_nio_llhttp.dia -c /Users/j/Documents/GitHub/MoneroOne/build/SourcePackages/checkouts/swift-nio/Sources/CNIOLLHTTP/c_nio_llhttp.c -o /Users/j/Documents/GitHub/MoneroOne/build/Build/Intermediates.noindex/swift-nio.build/Debug-iphonesimulator/CNIOLLHTTP.build/Objects-normal/arm64/c_nio_llhttp.o -index-unit-output-path /swift-nio.build/Debug-iphonesimulator/CNIOLLHTTP.build/Objects-normal/arm64/c_nio_llhttp.o

ScanDependencies /Users/j/Documents/GitHub/MoneroOne/build/Build/Intermediates.noindex/swift-crypto.build/Debug-iphonesimulator/CCryptoBoringSSL.build/Objects-normal/arm64/x_crl.o /Users/j/Documents/GitHub/MoneroOne/build/SourcePackages/checkouts/swift-crypto/Sources/CCryptoBoringSSL/crypto/x509/x_crl.c normal arm64 c com.apple.compilers.llvm.clang.1_0.compiler (in target 'CCryptoBoringSSL' from project 'swift-crypto')
    cd /Users/j/Documents/GitHub/MoneroOne/MoneroOne.xcodeproj
    
    Using response file: /Users/j/Documents/GitHub/MoneroOne/build/Build/Intermediates.noindex/swift-crypto.build/Debug-iphonesimulator/CCryptoBoringSSL.build/Objects-normal/arm64/7187679823f38a2a940e0043cdf9d637-common-args.resp
    
    builtin-ScanDependencies -o /Users/j/Documents/GitHub/MoneroOne/build/Build/Intermediates.noindex/swift-crypto.build/Debug-iphonesimulator/CCryptoBoringSSL.build/Objects-normal/arm64/x_crl.o.scan -- /Applications/Xcode.app/Contents/Developer/Toolchains/XcodeDefault.xctoolchain/usr/bin/clang -x c -ivfsstatcache /Users/j/Documents/GitHub/MoneroOne/build/SDKStatCaches.noindex/iphonesimulator26.1-23B77-90cf18a4295e390e64c810bc6bd7acbc.sdkstatcache -fmessage-length\=0 -fdiagnostics-show-note-include-stack -fmacro-backtrace-limit\=0 -fno-color-diagnostics -fmodules-prune-interval\=86400 -fmodules-prune-after\=345600 -fbuild-session-file\=/Users/j/Documents/GitHub/MoneroOne/build/ModuleCache.noindex/Session.modulevalidation -fmodules-validate-once-per-build-session -Wnon-modular-include-in-framework-module -Werror\=non-modular-include-in-framework-module -Wno-trigraphs -Wno-missing-field-initializers -Wno-missing-prototypes -Wno-return-type -Wno-missing-braces -Wparentheses -Wswitch -Wno-unused-function -Wno-unused-label -Wno-unused-parameter -Wno-unused-variable -Wunused-value -Wno-empty-body -Wno-uninitialized -Wno-unknown-pragmas -w -Wno-shadow -Wno-four-char-constants -Wno-conversion -Wno-constant-conversion -Wno-int-conversion -Wno-bool-conversion -Wno-enum-conversion -Wno-float-conversion -Wno-non-literal-null-conversion -Wno-objc-literal-conversion -Wshorten-64-to-32 -Wpointer-sign -Wno-newline-eof -Wno-implicit-fallthrough -fstrict-aliasing -Wdeprecated-declarations -Wno-sign-conversion -Wno-infinite-recursion -Wno-comma -Wno-block-capture-autoreleasing -Wno-strict-prototypes -Wno-semicolon-before-method-body -index-store-path /Users/j/Documents/GitHub/MoneroOne/build/Index.noindex/DataStore @/Users/j/Documents/GitHub/MoneroOne/build/Build/Intermediates.noindex/swift-crypto.build/Debug-iphonesimulator/CCryptoBoringSSL.build/Objects-normal/arm64/7187679823f38a2a940e0043cdf9d637-common-args.resp -MMD -MT dependencies -MF /Users/j/Documents/GitHub/MoneroOne/build/Build/Intermediates.noindex/swift-crypto.build/Debug-iphonesimulator/CCryptoBoringSSL.build/Objects-normal/arm64/x_crl.d --serialize-diagnostics /Users/j/Documents/GitHub/MoneroOne/build/Build/Intermediates.noindex/swift-crypto.build/Debug-iphonesimulator/CCryptoBoringSSL.build/Objects-normal/arm64/x_crl.dia -c /Users/j/Documents/GitHub/MoneroOne/build/SourcePackages/checkouts/swift-crypto/Sources/CCryptoBoringSSL/crypto/x509/x_crl.c -o /Users/j/Documents/GitHub/MoneroOne/build/Build/Intermediates.noindex/swift-crypto.build/Debug-iphonesimulator/CCryptoBoringSSL.build/Objects-normal/arm64/x_crl.o -index-unit-output-path /swift-crypto.build/Debug-iphonesimulator/CCryptoBoringSSL.build/Objects-normal/arm64/x_crl.o

ScanDependencies /Users/j/Documents/GitHub/MoneroOne/build/Build/Intermediates.noindex/swift-crypto.build/Debug-iphonesimulator/CCryptoBoringSSL.build/Objects-normal/arm64/x_attrib.o /Users/j/Documents/GitHub/MoneroOne/build/SourcePackages/checkouts/swift-crypto/Sources/CCryptoBoringSSL/crypto/x509/x_attrib.c normal arm64 c com.apple.compilers.llvm.clang.1_0.compiler (in target 'CCryptoBoringSSL' from project 'swift-crypto')
    cd /Users/j/Documents/GitHub/MoneroOne/MoneroOne.xcodeproj
    
    Using response file: /Users/j/Documents/GitHub/MoneroOne/build/Build/Intermediates.noindex/swift-crypto.build/Debug-iphonesimulator/CCryptoBoringSSL.build/Objects-normal/arm64/7187679823f38a2a940e0043cdf9d637-common-args.resp
    
    builtin-ScanDependencies -o /Users/j/Documents/GitHub/MoneroOne/build/Build/Intermediates.noindex/swift-crypto.build/Debug-iphonesimulator/CCryptoBoringSSL.build/Objects-normal/arm64/x_attrib.o.scan -- /Applications/Xcode.app/Contents/Developer/Toolchains/XcodeDefault.xctoolchain/usr/bin/clang -x c -ivfsstatcache /Users/j/Documents/GitHub/MoneroOne/build/SDKStatCaches.noindex/iphonesimulator26.1-23B77-90cf18a4295e390e64c810bc6bd7acbc.sdkstatcache -fmessage-length\=0 -fdiagnostics-show-note-include-stack -fmacro-backtrace-limit\=0 -fno-color-diagnostics -fmodules-prune-interval\=86400 -fmodules-prune-after\=345600 -fbuild-session-file\=/Users/j/Documents/GitHub/MoneroOne/build/ModuleCache.noindex/Session.modulevalidation -fmodules-validate-once-per-build-session -Wnon-modular-include-in-framework-module -Werror\=non-modular-include-in-framework-module -Wno-trigraphs -Wno-missing-field-initializers -Wno-missing-prototypes -Wno-return-type -Wno-missing-braces -Wparentheses -Wswitch -Wno-unused-function -Wno-unused-label -Wno-unused-parameter -Wno-unused-variable -Wunused-value -Wno-empty-body -Wno-uninitialized -Wno-unknown-pragmas -w -Wno-shadow -Wno-four-char-constants -Wno-conversion -Wno-constant-conversion -Wno-int-conversion -Wno-bool-conversion -Wno-enum-conversion -Wno-float-conversion -Wno-non-literal-null-conversion -Wno-objc-literal-conversion -Wshorten-64-to-32 -Wpointer-sign -Wno-newline-eof -Wno-implicit-fallthrough -fstrict-aliasing -Wdeprecated-declarations -Wno-sign-conversion -Wno-infinite-recursion -Wno-comma -Wno-block-capture-autoreleasing -Wno-strict-prototypes -Wno-semicolon-before-method-body -index-store-path /Users/j/Documents/GitHub/MoneroOne/build/Index.noindex/DataStore @/Users/j/Documents/GitHub/MoneroOne/build/Build/Intermediates.noindex/swift-crypto.build/Debug-iphonesimulator/CCryptoBoringSSL.build/Objects-normal/arm64/7187679823f38a2a940e0043cdf9d637-common-args.resp -MMD -MT dependencies -MF /Users/j/Documents/GitHub/MoneroOne/build/Build/Intermediates.noindex/swift-crypto.build/Debug-iphonesimulator/CCryptoBoringSSL.build/Objects-normal/arm64/x_attrib.d --serialize-diagnostics /Users/j/Documents/GitHub/MoneroOne/build/Build/Intermediates.noindex/swift-crypto.build/Debug-iphonesimulator/CCryptoBoringSSL.build/Objects-normal/arm64/x_attrib.dia -c /Users/j/Documents/GitHub/MoneroOne/build/SourcePackages/checkouts/swift-crypto/Sources/CCryptoBoringSSL/crypto/x509/x_attrib.c -o /Users/j/Documents/GitHub/MoneroOne/build/Build/Intermediates.noindex/swift-crypto.build/Debug-iphonesimulator/CCryptoBoringSSL.build/Objects-normal/arm64/x_attrib.o -index-unit-output-path /swift-crypto.build/Debug-iphonesimulator/CCryptoBoringSSL.build/Objects-normal/arm64/x_attrib.o

PrecompileModule /Users/j/Documents/GitHub/MoneroOne/build/Build/Intermediates.noindex/ExplicitPrecompiledModules/_Builtin_inttypes-N9XRQ92S3PP2EX51LRMELJR7.scan
    cd /
    builtin-precompileModule /Users/j/Documents/GitHub/MoneroOne/build/Build/Intermediates.noindex/ExplicitPrecompiledModules/_Builtin_inttypes-N9XRQ92S3PP2EX51LRMELJR7.scan

ScanDependencies /Users/j/Documents/GitHub/MoneroOne/build/Build/Intermediates.noindex/swift-crypto.build/Debug-iphonesimulator/CCryptoBoringSSL.build/Objects-normal/arm64/x_all.o /Users/j/Documents/GitHub/MoneroOne/build/SourcePackages/checkouts/swift-crypto/Sources/CCryptoBoringSSL/crypto/x509/x_all.c normal arm64 c com.apple.compilers.llvm.clang.1_0.compiler (in target 'CCryptoBoringSSL' from project 'swift-crypto')
    cd /Users/j/Documents/GitHub/MoneroOne/MoneroOne.xcodeproj
    
    Using response file: /Users/j/Documents/GitHub/MoneroOne/build/Build/Intermediates.noindex/swift-crypto.build/Debug-iphonesimulator/CCryptoBoringSSL.build/Objects-normal/arm64/7187679823f38a2a940e0043cdf9d637-common-args.resp
    
    builtin-ScanDependencies -o /Users/j/Documents/GitHub/MoneroOne/build/Build/Intermediates.noindex/swift-crypto.build/Debug-iphonesimulator/CCryptoBoringSSL.build/Objects-normal/arm64/x_all.o.scan -- /Applications/Xcode.app/Contents/Developer/Toolchains/XcodeDefault.xctoolchain/usr/bin/clang -x c -ivfsstatcache /Users/j/Documents/GitHub/MoneroOne/build/SDKStatCaches.noindex/iphonesimulator26.1-23B77-90cf18a4295e390e64c810bc6bd7acbc.sdkstatcache -fmessage-length\=0 -fdiagnostics-show-note-include-stack -fmacro-backtrace-limit\=0 -fno-color-diagnostics -fmodules-prune-interval\=86400 -fmodules-prune-after\=345600 -fbuild-session-file\=/Users/j/Documents/GitHub/MoneroOne/build/ModuleCache.noindex/Session.modulevalidation -fmodules-validate-once-per-build-session -Wnon-modular-include-in-framework-module -Werror\=non-modular-include-in-framework-module -Wno-trigraphs -Wno-missing-field-initializers -Wno-missing-prototypes -Wno-return-type -Wno-missing-braces -Wparentheses -Wswitch -Wno-unused-function -Wno-unused-label -Wno-unused-parameter -Wno-unused-variable -Wunused-value -Wno-empty-body -Wno-uninitialized -Wno-unknown-pragmas -w -Wno-shadow -Wno-four-char-constants -Wno-conversion -Wno-constant-conversion -Wno-int-conversion -Wno-bool-conversion -Wno-enum-conversion -Wno-float-conversion -Wno-non-literal-null-conversion -Wno-objc-literal-conversion -Wshorten-64-to-32 -Wpointer-sign -Wno-newline-eof -Wno-implicit-fallthrough -fstrict-aliasing -Wdeprecated-declarations -Wno-sign-conversion -Wno-infinite-recursion -Wno-comma -Wno-block-capture-autoreleasing -Wno-strict-prototypes -Wno-semicolon-before-method-body -index-store-path /Users/j/Documents/GitHub/MoneroOne/build/Index.noindex/DataStore @/Users/j/Documents/GitHub/MoneroOne/build/Build/Intermediates.noindex/swift-crypto.build/Debug-iphonesimulator/CCryptoBoringSSL.build/Objects-normal/arm64/7187679823f38a2a940e0043cdf9d637-common-args.resp -MMD -MT dependencies -MF /Users/j/Documents/GitHub/MoneroOne/build/Build/Intermediates.noindex/swift-crypto.build/Debug-iphonesimulator/CCryptoBoringSSL.build/Objects-normal/arm64/x_all.d --serialize-diagnostics /Users/j/Documents/GitHub/MoneroOne/build/Build/Intermediates.noindex/swift-crypto.build/Debug-iphonesimulator/CCryptoBoringSSL.build/Objects-normal/arm64/x_all.dia -c /Users/j/Documents/GitHub/MoneroOne/build/SourcePackages/checkouts/swift-crypto/Sources/CCryptoBoringSSL/crypto/x509/x_all.c -o /Users/j/Documents/GitHub/MoneroOne/build/Build/Intermediates.noindex/swift-crypto.build/Debug-iphonesimulator/CCryptoBoringSSL.build/Objects-normal/arm64/x_all.o -index-unit-output-path /swift-crypto.build/Debug-iphonesimulator/CCryptoBoringSSL.build/Objects-normal/arm64/x_all.o

ScanDependencies /Users/j/Documents/GitHub/MoneroOne/build/Build/Intermediates.noindex/swift-crypto.build/Debug-iphonesimulator/CCryptoBoringSSL.build/Objects-normal/arm64/x_algor.o /Users/j/Documents/GitHub/MoneroOne/build/SourcePackages/checkouts/swift-crypto/Sources/CCryptoBoringSSL/crypto/x509/x_algor.c normal arm64 c com.apple.compilers.llvm.clang.1_0.compiler (in target 'CCryptoBoringSSL' from project 'swift-crypto')
    cd /Users/j/Documents/GitHub/MoneroOne/MoneroOne.xcodeproj
    
    Using response file: /Users/j/Documents/GitHub/MoneroOne/build/Build/Intermediates.noindex/swift-crypto.build/Debug-iphonesimulator/CCryptoBoringSSL.build/Objects-normal/arm64/7187679823f38a2a940e0043cdf9d637-common-args.resp
    
    builtin-ScanDependencies -o /Users/j/Documents/GitHub/MoneroOne/build/Build/Intermediates.noindex/swift-crypto.build/Debug-iphonesimulator/CCryptoBoringSSL.build/Objects-normal/arm64/x_algor.o.scan -- /Applications/Xcode.app/Contents/Developer/Toolchains/XcodeDefault.xctoolchain/usr/bin/clang -x c -ivfsstatcache /Users/j/Documents/GitHub/MoneroOne/build/SDKStatCaches.noindex/iphonesimulator26.1-23B77-90cf18a4295e390e64c810bc6bd7acbc.sdkstatcache -fmessage-length\=0 -fdiagnostics-show-note-include-stack -fmacro-backtrace-limit\=0 -fno-color-diagnostics -fmodules-prune-interval\=86400 -fmodules-prune-after\=345600 -fbuild-session-file\=/Users/j/Documents/GitHub/MoneroOne/build/ModuleCache.noindex/Session.modulevalidation -fmodules-validate-once-per-build-session -Wnon-modular-include-in-framework-module -Werror\=non-modular-include-in-framework-module -Wno-trigraphs -Wno-missing-field-initializers -Wno-missing-prototypes -Wno-return-type -Wno-missing-braces -Wparentheses -Wswitch -Wno-unused-function -Wno-unused-label -Wno-unused-parameter -Wno-unused-variable -Wunused-value -Wno-empty-body -Wno-uninitialized -Wno-unknown-pragmas -w -Wno-shadow -Wno-four-char-constants -Wno-conversion -Wno-constant-conversion -Wno-int-conversion -Wno-bool-conversion -Wno-enum-conversion -Wno-float-conversion -Wno-non-literal-null-conversion -Wno-objc-literal-conversion -Wshorten-64-to-32 -Wpointer-sign -Wno-newline-eof -Wno-implicit-fallthrough -fstrict-aliasing -Wdeprecated-declarations -Wno-sign-conversion -Wno-infinite-recursion -Wno-comma -Wno-block-capture-autoreleasing -Wno-strict-prototypes -Wno-semicolon-before-method-body -index-store-path /Users/j/Documents/GitHub/MoneroOne/build/Index.noindex/DataStore @/Users/j/Documents/GitHub/MoneroOne/build/Build/Intermediates.noindex/swift-crypto.build/Debug-iphonesimulator/CCryptoBoringSSL.build/Objects-normal/arm64/7187679823f38a2a940e0043cdf9d637-common-args.resp -MMD -MT dependencies -MF /Users/j/Documents/GitHub/MoneroOne/build/Build/Intermediates.noindex/swift-crypto.build/Debug-iphonesimulator/CCryptoBoringSSL.build/Objects-normal/arm64/x_algor.d --serialize-diagnostics /Users/j/Documents/GitHub/MoneroOne/build/Build/Intermediates.noindex/swift-crypto.build/Debug-iphonesimulator/CCryptoBoringSSL.build/Objects-normal/arm64/x_algor.dia -c /Users/j/Documents/GitHub/MoneroOne/build/SourcePackages/checkouts/swift-crypto/Sources/CCryptoBoringSSL/crypto/x509/x_algor.c -o /Users/j/Documents/GitHub/MoneroOne/build/Build/Intermediates.noindex/swift-crypto.build/Debug-iphonesimulator/CCryptoBoringSSL.build/Objects-normal/arm64/x_algor.o -index-unit-output-path /swift-crypto.build/Debug-iphonesimulator/CCryptoBoringSSL.build/Objects-normal/arm64/x_algor.o

ScanDependencies /Users/j/Documents/GitHub/MoneroOne/build/Build/Intermediates.noindex/swift-crypto.build/Debug-iphonesimulator/CCryptoBoringSSL.build/Objects-normal/arm64/x86_64-gcc.o /Users/j/Documents/GitHub/MoneroOne/build/SourcePackages/checkouts/swift-crypto/Sources/CCryptoBoringSSL/crypto/fipsmodule/bn/asm/x86_64-gcc.c normal arm64 c com.apple.compilers.llvm.clang.1_0.compiler (in target 'CCryptoBoringSSL' from project 'swift-crypto')
    cd /Users/j/Documents/GitHub/MoneroOne/MoneroOne.xcodeproj
    
    Using response file: /Users/j/Documents/GitHub/MoneroOne/build/Build/Intermediates.noindex/swift-crypto.build/Debug-iphonesimulator/CCryptoBoringSSL.build/Objects-normal/arm64/7187679823f38a2a940e0043cdf9d637-common-args.resp
    
    builtin-ScanDependencies -o /Users/j/Documents/GitHub/MoneroOne/build/Build/Intermediates.noindex/swift-crypto.build/Debug-iphonesimulator/CCryptoBoringSSL.build/Objects-normal/arm64/x86_64-gcc.o.scan -- /Applications/Xcode.app/Contents/Developer/Toolchains/XcodeDefault.xctoolchain/usr/bin/clang -x c -ivfsstatcache /Users/j/Documents/GitHub/MoneroOne/build/SDKStatCaches.noindex/iphonesimulator26.1-23B77-90cf18a4295e390e64c810bc6bd7acbc.sdkstatcache -fmessage-length\=0 -fdiagnostics-show-note-include-stack -fmacro-backtrace-limit\=0 -fno-color-diagnostics -fmodules-prune-interval\=86400 -fmodules-prune-after\=345600 -fbuild-session-file\=/Users/j/Documents/GitHub/MoneroOne/build/ModuleCache.noindex/Session.modulevalidation -fmodules-validate-once-per-build-session -Wnon-modular-include-in-framework-module -Werror\=non-modular-include-in-framework-module -Wno-trigraphs -Wno-missing-field-initializers -Wno-missing-prototypes -Wno-return-type -Wno-missing-braces -Wparentheses -Wswitch -Wno-unused-function -Wno-unused-label -Wno-unused-parameter -Wno-unused-variable -Wunused-value -Wno-empty-body -Wno-uninitialized -Wno-unknown-pragmas -w -Wno-shadow -Wno-four-char-constants -Wno-conversion -Wno-constant-conversion -Wno-int-conversion -Wno-bool-conversion -Wno-enum-conversion -Wno-float-conversion -Wno-non-literal-null-conversion -Wno-objc-literal-conversion -Wshorten-64-to-32 -Wpointer-sign -Wno-newline-eof -Wno-implicit-fallthrough -fstrict-aliasing -Wdeprecated-declarations -Wno-sign-conversion -Wno-infinite-recursion -Wno-comma -Wno-block-capture-autoreleasing -Wno-strict-prototypes -Wno-semicolon-before-method-body -index-store-path /Users/j/Documents/GitHub/MoneroOne/build/Index.noindex/DataStore @/Users/j/Documents/GitHub/MoneroOne/build/Build/Intermediates.noindex/swift-crypto.build/Debug-iphonesimulator/CCryptoBoringSSL.build/Objects-normal/arm64/7187679823f38a2a940e0043cdf9d637-common-args.resp -MMD -MT dependencies -MF /Users/j/Documents/GitHub/MoneroOne/build/Build/Intermediates.noindex/swift-crypto.build/Debug-iphonesimulator/CCryptoBoringSSL.build/Objects-normal/arm64/x86_64-gcc.d --serialize-diagnostics /Users/j/Documents/GitHub/MoneroOne/build/Build/Intermediates.noindex/swift-crypto.build/Debug-iphonesimulator/CCryptoBoringSSL.build/Objects-normal/arm64/x86_64-gcc.dia -c /Users/j/Documents/GitHub/MoneroOne/build/SourcePackages/checkouts/swift-crypto/Sources/CCryptoBoringSSL/crypto/fipsmodule/bn/asm/x86_64-gcc.c -o /Users/j/Documents/GitHub/MoneroOne/build/Build/Intermediates.noindex/swift-crypto.build/Debug-iphonesimulator/CCryptoBoringSSL.build/Objects-normal/arm64/x86_64-gcc.o -index-unit-output-path /swift-crypto.build/Debug-iphonesimulator/CCryptoBoringSSL.build/Objects-normal/arm64/x86_64-gcc.o

PrecompileModule /Users/j/Documents/GitHub/MoneroOne/build/Build/Intermediates.noindex/ExplicitPrecompiledModules/_Builtin_inttypes-90YBJXEUOG5CW7W3RTO9PVDPC.scan
    cd /
    builtin-precompileModule /Users/j/Documents/GitHub/MoneroOne/build/Build/Intermediates.noindex/ExplicitPrecompiledModules/_Builtin_inttypes-90YBJXEUOG5CW7W3RTO9PVDPC.scan

PrecompileModule /Users/j/Documents/GitHub/MoneroOne/build/Build/Intermediates.noindex/ExplicitPrecompiledModules/Darwin-12FXSW0390C9GJOWOD0XAI6T9.scan
    cd /
    builtin-precompileModule /Users/j/Documents/GitHub/MoneroOne/build/Build/Intermediates.noindex/ExplicitPrecompiledModules/Darwin-12FXSW0390C9GJOWOD0XAI6T9.scan

ScanDependencies /Users/j/Documents/GitHub/MoneroOne/build/Build/Intermediates.noindex/swift-crypto.build/Debug-iphonesimulator/CCryptoBoringSSL.build/Objects-normal/arm64/x509spki.o /Users/j/Documents/GitHub/MoneroOne/build/SourcePackages/checkouts/swift-crypto/Sources/CCryptoBoringSSL/crypto/x509/x509spki.c normal arm64 c com.apple.compilers.llvm.clang.1_0.compiler (in target 'CCryptoBoringSSL' from project 'swift-crypto')
    cd /Users/j/Documents/GitHub/MoneroOne/MoneroOne.xcodeproj
    
    Using response file: /Users/j/Documents/GitHub/MoneroOne/build/Build/Intermediates.noindex/swift-crypto.build/Debug-iphonesimulator/CCryptoBoringSSL.build/Objects-normal/arm64/7187679823f38a2a940e0043cdf9d637-common-args.resp
    
    builtin-ScanDependencies -o /Users/j/Documents/GitHub/MoneroOne/build/Build/Intermediates.noindex/swift-crypto.build/Debug-iphonesimulator/CCryptoBoringSSL.build/Objects-normal/arm64/x509spki.o.scan -- /Applications/Xcode.app/Contents/Developer/Toolchains/XcodeDefault.xctoolchain/usr/bin/clang -x c -ivfsstatcache /Users/j/Documents/GitHub/MoneroOne/build/SDKStatCaches.noindex/iphonesimulator26.1-23B77-90cf18a4295e390e64c810bc6bd7acbc.sdkstatcache -fmessage-length\=0 -fdiagnostics-show-note-include-stack -fmacro-backtrace-limit\=0 -fno-color-diagnostics -fmodules-prune-interval\=86400 -fmodules-prune-after\=345600 -fbuild-session-file\=/Users/j/Documents/GitHub/MoneroOne/build/ModuleCache.noindex/Session.modulevalidation -fmodules-validate-once-per-build-session -Wnon-modular-include-in-framework-module -Werror\=non-modular-include-in-framework-module -Wno-trigraphs -Wno-missing-field-initializers -Wno-missing-prototypes -Wno-return-type -Wno-missing-braces -Wparentheses -Wswitch -Wno-unused-function -Wno-unused-label -Wno-unused-parameter -Wno-unused-variable -Wunused-value -Wno-empty-body -Wno-uninitialized -Wno-unknown-pragmas -w -Wno-shadow -Wno-four-char-constants -Wno-conversion -Wno-constant-conversion -Wno-int-conversion -Wno-bool-conversion -Wno-enum-conversion -Wno-float-conversion -Wno-non-literal-null-conversion -Wno-objc-literal-conversion -Wshorten-64-to-32 -Wpointer-sign -Wno-newline-eof -Wno-implicit-fallthrough -fstrict-aliasing -Wdeprecated-declarations -Wno-sign-conversion -Wno-infinite-recursion -Wno-comma -Wno-block-capture-autoreleasing -Wno-strict-prototypes -Wno-semicolon-before-method-body -index-store-path /Users/j/Documents/GitHub/MoneroOne/build/Index.noindex/DataStore @/Users/j/Documents/GitHub/MoneroOne/build/Build/Intermediates.noindex/swift-crypto.build/Debug-iphonesimulator/CCryptoBoringSSL.build/Objects-normal/arm64/7187679823f38a2a940e0043cdf9d637-common-args.resp -MMD -MT dependencies -MF /Users/j/Documents/GitHub/MoneroOne/build/Build/Intermediates.noindex/swift-crypto.build/Debug-iphonesimulator/CCryptoBoringSSL.build/Objects-normal/arm64/x509spki.d --serialize-diagnostics /Users/j/Documents/GitHub/MoneroOne/build/Build/Intermediates.noindex/swift-crypto.build/Debug-iphonesimulator/CCryptoBoringSSL.build/Objects-normal/arm64/x509spki.dia -c /Users/j/Documents/GitHub/MoneroOne/build/SourcePackages/checkouts/swift-crypto/Sources/CCryptoBoringSSL/crypto/x509/x509spki.c -o /Users/j/Documents/GitHub/MoneroOne/build/Build/Intermediates.noindex/swift-crypto.build/Debug-iphonesimulator/CCryptoBoringSSL.build/Objects-normal/arm64/x509spki.o -index-unit-output-path /swift-crypto.build/Debug-iphonesimulator/CCryptoBoringSSL.build/Objects-normal/arm64/x509spki.o

ScanDependencies /Users/j/Documents/GitHub/MoneroOne/build/Build/Intermediates.noindex/swift-crypto.build/Debug-iphonesimulator/CCryptoBoringSSL.build/Objects-normal/arm64/x509rset.o /Users/j/Documents/GitHub/MoneroOne/build/SourcePackages/checkouts/swift-crypto/Sources/CCryptoBoringSSL/crypto/x509/x509rset.c normal arm64 c com.apple.compilers.llvm.clang.1_0.compiler (in target 'CCryptoBoringSSL' from project 'swift-crypto')
    cd /Users/j/Documents/GitHub/MoneroOne/MoneroOne.xcodeproj
    
    Using response file: /Users/j/Documents/GitHub/MoneroOne/build/Build/Intermediates.noindex/swift-crypto.build/Debug-iphonesimulator/CCryptoBoringSSL.build/Objects-normal/arm64/7187679823f38a2a940e0043cdf9d637-common-args.resp
    
    builtin-ScanDependencies -o /Users/j/Documents/GitHub/MoneroOne/build/Build/Intermediates.noindex/swift-crypto.build/Debug-iphonesimulator/CCryptoBoringSSL.build/Objects-normal/arm64/x509rset.o.scan -- /Applications/Xcode.app/Contents/Developer/Toolchains/XcodeDefault.xctoolchain/usr/bin/clang -x c -ivfsstatcache /Users/j/Documents/GitHub/MoneroOne/build/SDKStatCaches.noindex/iphonesimulator26.1-23B77-90cf18a4295e390e64c810bc6bd7acbc.sdkstatcache -fmessage-length\=0 -fdiagnostics-show-note-include-stack -fmacro-backtrace-limit\=0 -fno-color-diagnostics -fmodules-prune-interval\=86400 -fmodules-prune-after\=345600 -fbuild-session-file\=/Users/j/Documents/GitHub/MoneroOne/build/ModuleCache.noindex/Session.modulevalidation -fmodules-validate-once-per-build-session -Wnon-modular-include-in-framework-module -Werror\=non-modular-include-in-framework-module -Wno-trigraphs -Wno-missing-field-initializers -Wno-missing-prototypes -Wno-return-type -Wno-missing-braces -Wparentheses -Wswitch -Wno-unused-function -Wno-unused-label -Wno-unused-parameter -Wno-unused-variable -Wunused-value -Wno-empty-body -Wno-uninitialized -Wno-unknown-pragmas -w -Wno-shadow -Wno-four-char-constants -Wno-conversion -Wno-constant-conversion -Wno-int-conversion -Wno-bool-conversion -Wno-enum-conversion -Wno-float-conversion -Wno-non-literal-null-conversion -Wno-objc-literal-conversion -Wshorten-64-to-32 -Wpointer-sign -Wno-newline-eof -Wno-implicit-fallthrough -fstrict-aliasing -Wdeprecated-declarations -Wno-sign-conversion -Wno-infinite-recursion -Wno-comma -Wno-block-capture-autoreleasing -Wno-strict-prototypes -Wno-semicolon-before-method-body -index-store-path /Users/j/Documents/GitHub/MoneroOne/build/Index.noindex/DataStore @/Users/j/Documents/GitHub/MoneroOne/build/Build/Intermediates.noindex/swift-crypto.build/Debug-iphonesimulator/CCryptoBoringSSL.build/Objects-normal/arm64/7187679823f38a2a940e0043cdf9d637-common-args.resp -MMD -MT dependencies -MF /Users/j/Documents/GitHub/MoneroOne/build/Build/Intermediates.noindex/swift-crypto.build/Debug-iphonesimulator/CCryptoBoringSSL.build/Objects-normal/arm64/x509rset.d --serialize-diagnostics /Users/j/Documents/GitHub/MoneroOne/build/Build/Intermediates.noindex/swift-crypto.build/Debug-iphonesimulator/CCryptoBoringSSL.build/Objects-normal/arm64/x509rset.dia -c /Users/j/Documents/GitHub/MoneroOne/build/SourcePackages/checkouts/swift-crypto/Sources/CCryptoBoringSSL/crypto/x509/x509rset.c -o /Users/j/Documents/GitHub/MoneroOne/build/Build/Intermediates.noindex/swift-crypto.build/Debug-iphonesimulator/CCryptoBoringSSL.build/Objects-normal/arm64/x509rset.o -index-unit-output-path /swift-crypto.build/Debug-iphonesimulator/CCryptoBoringSSL.build/Objects-normal/arm64/x509rset.o

CompileC /Users/j/Documents/GitHub/MoneroOne/build/Build/Intermediates.noindex/swift-crypto.build/Debug-iphonesimulator/CCryptoBoringSSL.build/Objects-normal/arm64/x_x509a.o /Users/j/Documents/GitHub/MoneroOne/build/SourcePackages/checkouts/swift-crypto/Sources/CCryptoBoringSSL/crypto/x509/x_x509a.c normal arm64 c com.apple.compilers.llvm.clang.1_0.compiler (in target 'CCryptoBoringSSL' from project 'swift-crypto')
    cd /Users/j/Documents/GitHub/MoneroOne/MoneroOne.xcodeproj
    
    Using response file: /Users/j/Documents/GitHub/MoneroOne/build/Build/Intermediates.noindex/swift-crypto.build/Debug-iphonesimulator/CCryptoBoringSSL.build/Objects-normal/arm64/7187679823f38a2a940e0043cdf9d637-common-args.resp
    
    /Applications/Xcode.app/Contents/Developer/Toolchains/XcodeDefault.xctoolchain/usr/bin/clang -x c -ivfsstatcache /Users/j/Documents/GitHub/MoneroOne/build/SDKStatCaches.noindex/iphonesimulator26.1-23B77-90cf18a4295e390e64c810bc6bd7acbc.sdkstatcache -fmessage-length\=0 -fdiagnostics-show-note-include-stack -fmacro-backtrace-limit\=0 -fno-color-diagnostics -fmodules-prune-interval\=86400 -fmodules-prune-after\=345600 -fbuild-session-file\=/Users/j/Documents/GitHub/MoneroOne/build/ModuleCache.noindex/Session.modulevalidation -fmodules-validate-once-per-build-session -Wnon-modular-include-in-framework-module -Werror\=non-modular-include-in-framework-module -Wno-trigraphs -Wno-missing-field-initializers -Wno-missing-prototypes -Wno-return-type -Wno-missing-braces -Wparentheses -Wswitch -Wno-unused-function -Wno-unused-label -Wno-unused-parameter -Wno-unused-variable -Wunused-value -Wno-empty-body -Wno-uninitialized -Wno-unknown-pragmas -w -Wno-shadow -Wno-four-char-constants -Wno-conversion -Wno-constant-conversion -Wno-int-conversion -Wno-bool-conversion -Wno-enum-conversion -Wno-float-conversion -Wno-non-literal-null-conversion -Wno-objc-literal-conversion -Wshorten-64-to-32 -Wpointer-sign -Wno-newline-eof -Wno-implicit-fallthrough -fstrict-aliasing -Wdeprecated-declarations -Wno-sign-conversion -Wno-infinite-recursion -Wno-comma -Wno-block-capture-autoreleasing -Wno-strict-prototypes -Wno-semicolon-before-method-body -index-store-path /Users/j/Documents/GitHub/MoneroOne/build/Index.noindex/DataStore @/Users/j/Documents/GitHub/MoneroOne/build/Build/Intermediates.noindex/swift-crypto.build/Debug-iphonesimulator/CCryptoBoringSSL.build/Objects-normal/arm64/7187679823f38a2a940e0043cdf9d637-common-args.resp -MMD -MT dependencies -MF /Users/j/Documents/GitHub/MoneroOne/build/Build/Intermediates.noindex/swift-crypto.build/Debug-iphonesimulator/CCryptoBoringSSL.build/Objects-normal/arm64/x_x509a.d --serialize-diagnostics /Users/j/Documents/GitHub/MoneroOne/build/Build/Intermediates.noindex/swift-crypto.build/Debug-iphonesimulator/CCryptoBoringSSL.build/Objects-normal/arm64/x_x509a.dia -c /Users/j/Documents/GitHub/MoneroOne/build/SourcePackages/checkouts/swift-crypto/Sources/CCryptoBoringSSL/crypto/x509/x_x509a.c -o /Users/j/Documents/GitHub/MoneroOne/build/Build/Intermediates.noindex/swift-crypto.build/Debug-iphonesimulator/CCryptoBoringSSL.build/Objects-normal/arm64/x_x509a.o -index-unit-output-path /swift-crypto.build/Debug-iphonesimulator/CCryptoBoringSSL.build/Objects-normal/arm64/x_x509a.o

CompileC /Users/j/Documents/GitHub/MoneroOne/build/Build/Intermediates.noindex/swift-crypto.build/Debug-iphonesimulator/CCryptoBoringSSL.build/Objects-normal/arm64/x_x509.o /Users/j/Documents/GitHub/MoneroOne/build/SourcePackages/checkouts/swift-crypto/Sources/CCryptoBoringSSL/crypto/x509/x_x509.c normal arm64 c com.apple.compilers.llvm.clang.1_0.compiler (in target 'CCryptoBoringSSL' from project 'swift-crypto')
    cd /Users/j/Documents/GitHub/MoneroOne/MoneroOne.xcodeproj
    
    Using response file: /Users/j/Documents/GitHub/MoneroOne/build/Build/Intermediates.noindex/swift-crypto.build/Debug-iphonesimulator/CCryptoBoringSSL.build/Objects-normal/arm64/7187679823f38a2a940e0043cdf9d637-common-args.resp
    
    /Applications/Xcode.app/Contents/Developer/Toolchains/XcodeDefault.xctoolchain/usr/bin/clang -x c -ivfsstatcache /Users/j/Documents/GitHub/MoneroOne/build/SDKStatCaches.noindex/iphonesimulator26.1-23B77-90cf18a4295e390e64c810bc6bd7acbc.sdkstatcache -fmessage-length\=0 -fdiagnostics-show-note-include-stack -fmacro-backtrace-limit\=0 -fno-color-diagnostics -fmodules-prune-interval\=86400 -fmodules-prune-after\=345600 -fbuild-session-file\=/Users/j/Documents/GitHub/MoneroOne/build/ModuleCache.noindex/Session.modulevalidation -fmodules-validate-once-per-build-session -Wnon-modular-include-in-framework-module -Werror\=non-modular-include-in-framework-module -Wno-trigraphs -Wno-missing-field-initializers -Wno-missing-prototypes -Wno-return-type -Wno-missing-braces -Wparentheses -Wswitch -Wno-unused-function -Wno-unused-label -Wno-unused-parameter -Wno-unused-variable -Wunused-value -Wno-empty-body -Wno-uninitialized -Wno-unknown-pragmas -w -Wno-shadow -Wno-four-char-constants -Wno-conversion -Wno-constant-conversion -Wno-int-conversion -Wno-bool-conversion -Wno-enum-conversion -Wno-float-conversion -Wno-non-literal-null-conversion -Wno-objc-literal-conversion -Wshorten-64-to-32 -Wpointer-sign -Wno-newline-eof -Wno-implicit-fallthrough -fstrict-aliasing -Wdeprecated-declarations -Wno-sign-conversion -Wno-infinite-recursion -Wno-comma -Wno-block-capture-autoreleasing -Wno-strict-prototypes -Wno-semicolon-before-method-body -index-store-path /Users/j/Documents/GitHub/MoneroOne/build/Index.noindex/DataStore @/Users/j/Documents/GitHub/MoneroOne/build/Build/Intermediates.noindex/swift-crypto.build/Debug-iphonesimulator/CCryptoBoringSSL.build/Objects-normal/arm64/7187679823f38a2a940e0043cdf9d637-common-args.resp -MMD -MT dependencies -MF /Users/j/Documents/GitHub/MoneroOne/build/Build/Intermediates.noindex/swift-crypto.build/Debug-iphonesimulator/CCryptoBoringSSL.build/Objects-normal/arm64/x_x509.d --serialize-diagnostics /Users/j/Documents/GitHub/MoneroOne/build/Build/Intermediates.noindex/swift-crypto.build/Debug-iphonesimulator/CCryptoBoringSSL.build/Objects-normal/arm64/x_x509.dia -c /Users/j/Documents/GitHub/MoneroOne/build/SourcePackages/checkouts/swift-crypto/Sources/CCryptoBoringSSL/crypto/x509/x_x509.c -o /Users/j/Documents/GitHub/MoneroOne/build/Build/Intermediates.noindex/swift-crypto.build/Debug-iphonesimulator/CCryptoBoringSSL.build/Objects-normal/arm64/x_x509.o -index-unit-output-path /swift-crypto.build/Debug-iphonesimulator/CCryptoBoringSSL.build/Objects-normal/arm64/x_x509.o

CompileC /Users/j/Documents/GitHub/MoneroOne/build/Build/Intermediates.noindex/swift-crypto.build/Debug-iphonesimulator/CCryptoBoringSSL.build/Objects-normal/arm64/x_val.o /Users/j/Documents/GitHub/MoneroOne/build/SourcePackages/checkouts/swift-crypto/Sources/CCryptoBoringSSL/crypto/x509/x_val.c normal arm64 c com.apple.compilers.llvm.clang.1_0.compiler (in target 'CCryptoBoringSSL' from project 'swift-crypto')
    cd /Users/j/Documents/GitHub/MoneroOne/MoneroOne.xcodeproj
    
    Using response file: /Users/j/Documents/GitHub/MoneroOne/build/Build/Intermediates.noindex/swift-crypto.build/Debug-iphonesimulator/CCryptoBoringSSL.build/Objects-normal/arm64/7187679823f38a2a940e0043cdf9d637-common-args.resp
    
    /Applications/Xcode.app/Contents/Developer/Toolchains/XcodeDefault.xctoolchain/usr/bin/clang -x c -ivfsstatcache /Users/j/Documents/GitHub/MoneroOne/build/SDKStatCaches.noindex/iphonesimulator26.1-23B77-90cf18a4295e390e64c810bc6bd7acbc.sdkstatcache -fmessage-length\=0 -fdiagnostics-show-note-include-stack -fmacro-backtrace-limit\=0 -fno-color-diagnostics -fmodules-prune-interval\=86400 -fmodules-prune-after\=345600 -fbuild-session-file\=/Users/j/Documents/GitHub/MoneroOne/build/ModuleCache.noindex/Session.modulevalidation -fmodules-validate-once-per-build-session -Wnon-modular-include-in-framework-module -Werror\=non-modular-include-in-framework-module -Wno-trigraphs -Wno-missing-field-initializers -Wno-missing-prototypes -Wno-return-type -Wno-missing-braces -Wparentheses -Wswitch -Wno-unused-function -Wno-unused-label -Wno-unused-parameter -Wno-unused-variable -Wunused-value -Wno-empty-body -Wno-uninitialized -Wno-unknown-pragmas -w -Wno-shadow -Wno-four-char-constants -Wno-conversion -Wno-constant-conversion -Wno-int-conversion -Wno-bool-conversion -Wno-enum-conversion -Wno-float-conversion -Wno-non-literal-null-conversion -Wno-objc-literal-conversion -Wshorten-64-to-32 -Wpointer-sign -Wno-newline-eof -Wno-implicit-fallthrough -fstrict-aliasing -Wdeprecated-declarations -Wno-sign-conversion -Wno-infinite-recursion -Wno-comma -Wno-block-capture-autoreleasing -Wno-strict-prototypes -Wno-semicolon-before-method-body -index-store-path /Users/j/Documents/GitHub/MoneroOne/build/Index.noindex/DataStore @/Users/j/Documents/GitHub/MoneroOne/build/Build/Intermediates.noindex/swift-crypto.build/Debug-iphonesimulator/CCryptoBoringSSL.build/Objects-normal/arm64/7187679823f38a2a940e0043cdf9d637-common-args.resp -MMD -MT dependencies -MF /Users/j/Documents/GitHub/MoneroOne/build/Build/Intermediates.noindex/swift-crypto.build/Debug-iphonesimulator/CCryptoBoringSSL.build/Objects-normal/arm64/x_val.d --serialize-diagnostics /Users/j/Documents/GitHub/MoneroOne/build/Build/Intermediates.noindex/swift-crypto.build/Debug-iphonesimulator/CCryptoBoringSSL.build/Objects-normal/arm64/x_val.dia -c /Users/j/Documents/GitHub/MoneroOne/build/SourcePackages/checkouts/swift-crypto/Sources/CCryptoBoringSSL/crypto/x509/x_val.c -o /Users/j/Documents/GitHub/MoneroOne/build/Build/Intermediates.noindex/swift-crypto.build/Debug-iphonesimulator/CCryptoBoringSSL.build/Objects-normal/arm64/x_val.o -index-unit-output-path /swift-crypto.build/Debug-iphonesimulator/CCryptoBoringSSL.build/Objects-normal/arm64/x_val.o

SwiftDriverJobDiscovery normal arm64 Compiling SQLAssociation.swift, SQLCollection.swift, SQLExpression.swift, SQLForeignKeyRequest.swift, SQLFunctions.swift, SQLOperators.swift, SQLOrdering.swift, SQLRelation.swift, SQLSelection.swift, SQLSubquery.swift, Table.swift, SQLColumnGenerator.swift, SQLGenerationContext.swift, SQLIndexGenerator.swift (in target 'GRDB' from project 'GRDB')

CompileC /Users/j/Documents/GitHub/MoneroOne/build/Build/Intermediates.noindex/swift-crypto.build/Debug-iphonesimulator/CCryptoBoringSSL.build/Objects-normal/arm64/x_spki.o /Users/j/Documents/GitHub/MoneroOne/build/SourcePackages/checkouts/swift-crypto/Sources/CCryptoBoringSSL/crypto/x509/x_spki.c normal arm64 c com.apple.compilers.llvm.clang.1_0.compiler (in target 'CCryptoBoringSSL' from project 'swift-crypto')
    cd /Users/j/Documents/GitHub/MoneroOne/MoneroOne.xcodeproj
    
    Using response file: /Users/j/Documents/GitHub/MoneroOne/build/Build/Intermediates.noindex/swift-crypto.build/Debug-iphonesimulator/CCryptoBoringSSL.build/Objects-normal/arm64/7187679823f38a2a940e0043cdf9d637-common-args.resp
    
    /Applications/Xcode.app/Contents/Developer/Toolchains/XcodeDefault.xctoolchain/usr/bin/clang -x c -ivfsstatcache /Users/j/Documents/GitHub/MoneroOne/build/SDKStatCaches.noindex/iphonesimulator26.1-23B77-90cf18a4295e390e64c810bc6bd7acbc.sdkstatcache -fmessage-length\=0 -fdiagnostics-show-note-include-stack -fmacro-backtrace-limit\=0 -fno-color-diagnostics -fmodules-prune-interval\=86400 -fmodules-prune-after\=345600 -fbuild-session-file\=/Users/j/Documents/GitHub/MoneroOne/build/ModuleCache.noindex/Session.modulevalidation -fmodules-validate-once-per-build-session -Wnon-modular-include-in-framework-module -Werror\=non-modular-include-in-framework-module -Wno-trigraphs -Wno-missing-field-initializers -Wno-missing-prototypes -Wno-return-type -Wno-missing-braces -Wparentheses -Wswitch -Wno-unused-function -Wno-unused-label -Wno-unused-parameter -Wno-unused-variable -Wunused-value -Wno-empty-body -Wno-uninitialized -Wno-unknown-pragmas -w -Wno-shadow -Wno-four-char-constants -Wno-conversion -Wno-constant-conversion -Wno-int-conversion -Wno-bool-conversion -Wno-enum-conversion -Wno-float-conversion -Wno-non-literal-null-conversion -Wno-objc-literal-conversion -Wshorten-64-to-32 -Wpointer-sign -Wno-newline-eof -Wno-implicit-fallthrough -fstrict-aliasing -Wdeprecated-declarations -Wno-sign-conversion -Wno-infinite-recursion -Wno-comma -Wno-block-capture-autoreleasing -Wno-strict-prototypes -Wno-semicolon-before-method-body -index-store-path /Users/j/Documents/GitHub/MoneroOne/build/Index.noindex/DataStore @/Users/j/Documents/GitHub/MoneroOne/build/Build/Intermediates.noindex/swift-crypto.build/Debug-iphonesimulator/CCryptoBoringSSL.build/Objects-normal/arm64/7187679823f38a2a940e0043cdf9d637-common-args.resp -MMD -MT dependencies -MF /Users/j/Documents/GitHub/MoneroOne/build/Build/Intermediates.noindex/swift-crypto.build/Debug-iphonesimulator/CCryptoBoringSSL.build/Objects-normal/arm64/x_spki.d --serialize-diagnostics /Users/j/Documents/GitHub/MoneroOne/build/Build/Intermediates.noindex/swift-crypto.build/Debug-iphonesimulator/CCryptoBoringSSL.build/Objects-normal/arm64/x_spki.dia -c /Users/j/Documents/GitHub/MoneroOne/build/SourcePackages/checkouts/swift-crypto/Sources/CCryptoBoringSSL/crypto/x509/x_spki.c -o /Users/j/Documents/GitHub/MoneroOne/build/Build/Intermediates.noindex/swift-crypto.build/Debug-iphonesimulator/CCryptoBoringSSL.build/Objects-normal/arm64/x_spki.o -index-unit-output-path /swift-crypto.build/Debug-iphonesimulator/CCryptoBoringSSL.build/Objects-normal/arm64/x_spki.o

CompileC /Users/j/Documents/GitHub/MoneroOne/build/Build/Intermediates.noindex/swift-crypto.build/Debug-iphonesimulator/CCryptoBoringSSL.build/Objects-normal/arm64/x_sig.o /Users/j/Documents/GitHub/MoneroOne/build/SourcePackages/checkouts/swift-crypto/Sources/CCryptoBoringSSL/crypto/x509/x_sig.c normal arm64 c com.apple.compilers.llvm.clang.1_0.compiler (in target 'CCryptoBoringSSL' from project 'swift-crypto')
    cd /Users/j/Documents/GitHub/MoneroOne/MoneroOne.xcodeproj
    
    Using response file: /Users/j/Documents/GitHub/MoneroOne/build/Build/Intermediates.noindex/swift-crypto.build/Debug-iphonesimulator/CCryptoBoringSSL.build/Objects-normal/arm64/7187679823f38a2a940e0043cdf9d637-common-args.resp
    
    /Applications/Xcode.app/Contents/Developer/Toolchains/XcodeDefault.xctoolchain/usr/bin/clang -x c -ivfsstatcache /Users/j/Documents/GitHub/MoneroOne/build/SDKStatCaches.noindex/iphonesimulator26.1-23B77-90cf18a4295e390e64c810bc6bd7acbc.sdkstatcache -fmessage-length\=0 -fdiagnostics-show-note-include-stack -fmacro-backtrace-limit\=0 -fno-color-diagnostics -fmodules-prune-interval\=86400 -fmodules-prune-after\=345600 -fbuild-session-file\=/Users/j/Documents/GitHub/MoneroOne/build/ModuleCache.noindex/Session.modulevalidation -fmodules-validate-once-per-build-session -Wnon-modular-include-in-framework-module -Werror\=non-modular-include-in-framework-module -Wno-trigraphs -Wno-missing-field-initializers -Wno-missing-prototypes -Wno-return-type -Wno-missing-braces -Wparentheses -Wswitch -Wno-unused-function -Wno-unused-label -Wno-unused-parameter -Wno-unused-variable -Wunused-value -Wno-empty-body -Wno-uninitialized -Wno-unknown-pragmas -w -Wno-shadow -Wno-four-char-constants -Wno-conversion -Wno-constant-conversion -Wno-int-conversion -Wno-bool-conversion -Wno-enum-conversion -Wno-float-conversion -Wno-non-literal-null-conversion -Wno-objc-literal-conversion -Wshorten-64-to-32 -Wpointer-sign -Wno-newline-eof -Wno-implicit-fallthrough -fstrict-aliasing -Wdeprecated-declarations -Wno-sign-conversion -Wno-infinite-recursion -Wno-comma -Wno-block-capture-autoreleasing -Wno-strict-prototypes -Wno-semicolon-before-method-body -index-store-path /Users/j/Documents/GitHub/MoneroOne/build/Index.noindex/DataStore @/Users/j/Documents/GitHub/MoneroOne/build/Build/Intermediates.noindex/swift-crypto.build/Debug-iphonesimulator/CCryptoBoringSSL.build/Objects-normal/arm64/7187679823f38a2a940e0043cdf9d637-common-args.resp -MMD -MT dependencies -MF /Users/j/Documents/GitHub/MoneroOne/build/Build/Intermediates.noindex/swift-crypto.build/Debug-iphonesimulator/CCryptoBoringSSL.build/Objects-normal/arm64/x_sig.d --serialize-diagnostics /Users/j/Documents/GitHub/MoneroOne/build/Build/Intermediates.noindex/swift-crypto.build/Debug-iphonesimulator/CCryptoBoringSSL.build/Objects-normal/arm64/x_sig.dia -c /Users/j/Documents/GitHub/MoneroOne/build/SourcePackages/checkouts/swift-crypto/Sources/CCryptoBoringSSL/crypto/x509/x_sig.c -o /Users/j/Documents/GitHub/MoneroOne/build/Build/Intermediates.noindex/swift-crypto.build/Debug-iphonesimulator/CCryptoBoringSSL.build/Objects-normal/arm64/x_sig.o -index-unit-output-path /swift-crypto.build/Debug-iphonesimulator/CCryptoBoringSSL.build/Objects-normal/arm64/x_sig.o

CompileC /Users/j/Documents/GitHub/MoneroOne/build/Build/Intermediates.noindex/swift-crypto.build/Debug-iphonesimulator/CCryptoBoringSSL.build/Objects-normal/arm64/x_req.o /Users/j/Documents/GitHub/MoneroOne/build/SourcePackages/checkouts/swift-crypto/Sources/CCryptoBoringSSL/crypto/x509/x_req.c normal arm64 c com.apple.compilers.llvm.clang.1_0.compiler (in target 'CCryptoBoringSSL' from project 'swift-crypto')
    cd /Users/j/Documents/GitHub/MoneroOne/MoneroOne.xcodeproj
    
    Using response file: /Users/j/Documents/GitHub/MoneroOne/build/Build/Intermediates.noindex/swift-crypto.build/Debug-iphonesimulator/CCryptoBoringSSL.build/Objects-normal/arm64/7187679823f38a2a940e0043cdf9d637-common-args.resp
    
    /Applications/Xcode.app/Contents/Developer/Toolchains/XcodeDefault.xctoolchain/usr/bin/clang -x c -ivfsstatcache /Users/j/Documents/GitHub/MoneroOne/build/SDKStatCaches.noindex/iphonesimulator26.1-23B77-90cf18a4295e390e64c810bc6bd7acbc.sdkstatcache -fmessage-length\=0 -fdiagnostics-show-note-include-stack -fmacro-backtrace-limit\=0 -fno-color-diagnostics -fmodules-prune-interval\=86400 -fmodules-prune-after\=345600 -fbuild-session-file\=/Users/j/Documents/GitHub/MoneroOne/build/ModuleCache.noindex/Session.modulevalidation -fmodules-validate-once-per-build-session -Wnon-modular-include-in-framework-module -Werror\=non-modular-include-in-framework-module -Wno-trigraphs -Wno-missing-field-initializers -Wno-missing-prototypes -Wno-return-type -Wno-missing-braces -Wparentheses -Wswitch -Wno-unused-function -Wno-unused-label -Wno-unused-parameter -Wno-unused-variable -Wunused-value -Wno-empty-body -Wno-uninitialized -Wno-unknown-pragmas -w -Wno-shadow -Wno-four-char-constants -Wno-conversion -Wno-constant-conversion -Wno-int-conversion -Wno-bool-conversion -Wno-enum-conversion -Wno-float-conversion -Wno-non-literal-null-conversion -Wno-objc-literal-conversion -Wshorten-64-to-32 -Wpointer-sign -Wno-newline-eof -Wno-implicit-fallthrough -fstrict-aliasing -Wdeprecated-declarations -Wno-sign-conversion -Wno-infinite-recursion -Wno-comma -Wno-block-capture-autoreleasing -Wno-strict-prototypes -Wno-semicolon-before-method-body -index-store-path /Users/j/Documents/GitHub/MoneroOne/build/Index.noindex/DataStore @/Users/j/Documents/GitHub/MoneroOne/build/Build/Intermediates.noindex/swift-crypto.build/Debug-iphonesimulator/CCryptoBoringSSL.build/Objects-normal/arm64/7187679823f38a2a940e0043cdf9d637-common-args.resp -MMD -MT dependencies -MF /Users/j/Documents/GitHub/MoneroOne/build/Build/Intermediates.noindex/swift-crypto.build/Debug-iphonesimulator/CCryptoBoringSSL.build/Objects-normal/arm64/x_req.d --serialize-diagnostics /Users/j/Documents/GitHub/MoneroOne/build/Build/Intermediates.noindex/swift-crypto.build/Debug-iphonesimulator/CCryptoBoringSSL.build/Objects-normal/arm64/x_req.dia -c /Users/j/Documents/GitHub/MoneroOne/build/SourcePackages/checkouts/swift-crypto/Sources/CCryptoBoringSSL/crypto/x509/x_req.c -o /Users/j/Documents/GitHub/MoneroOne/build/Build/Intermediates.noindex/swift-crypto.build/Debug-iphonesimulator/CCryptoBoringSSL.build/Objects-normal/arm64/x_req.o -index-unit-output-path /swift-crypto.build/Debug-iphonesimulator/CCryptoBoringSSL.build/Objects-normal/arm64/x_req.o

CompileC /Users/j/Documents/GitHub/MoneroOne/build/Build/Intermediates.noindex/swift-crypto.build/Debug-iphonesimulator/CCryptoBoringSSL.build/Objects-normal/arm64/x_pubkey.o /Users/j/Documents/GitHub/MoneroOne/build/SourcePackages/checkouts/swift-crypto/Sources/CCryptoBoringSSL/crypto/x509/x_pubkey.c normal arm64 c com.apple.compilers.llvm.clang.1_0.compiler (in target 'CCryptoBoringSSL' from project 'swift-crypto')
    cd /Users/j/Documents/GitHub/MoneroOne/MoneroOne.xcodeproj
    
    Using response file: /Users/j/Documents/GitHub/MoneroOne/build/Build/Intermediates.noindex/swift-crypto.build/Debug-iphonesimulator/CCryptoBoringSSL.build/Objects-normal/arm64/7187679823f38a2a940e0043cdf9d637-common-args.resp
    
    /Applications/Xcode.app/Contents/Developer/Toolchains/XcodeDefault.xctoolchain/usr/bin/clang -x c -ivfsstatcache /Users/j/Documents/GitHub/MoneroOne/build/SDKStatCaches.noindex/iphonesimulator26.1-23B77-90cf18a4295e390e64c810bc6bd7acbc.sdkstatcache -fmessage-length\=0 -fdiagnostics-show-note-include-stack -fmacro-backtrace-limit\=0 -fno-color-diagnostics -fmodules-prune-interval\=86400 -fmodules-prune-after\=345600 -fbuild-session-file\=/Users/j/Documents/GitHub/MoneroOne/build/ModuleCache.noindex/Session.modulevalidation -fmodules-validate-once-per-build-session -Wnon-modular-include-in-framework-module -Werror\=non-modular-include-in-framework-module -Wno-trigraphs -Wno-missing-field-initializers -Wno-missing-prototypes -Wno-return-type -Wno-missing-braces -Wparentheses -Wswitch -Wno-unused-function -Wno-unused-label -Wno-unused-parameter -Wno-unused-variable -Wunused-value -Wno-empty-body -Wno-uninitialized -Wno-unknown-pragmas -w -Wno-shadow -Wno-four-char-constants -Wno-conversion -Wno-constant-conversion -Wno-int-conversion -Wno-bool-conversion -Wno-enum-conversion -Wno-float-conversion -Wno-non-literal-null-conversion -Wno-objc-literal-conversion -Wshorten-64-to-32 -Wpointer-sign -Wno-newline-eof -Wno-implicit-fallthrough -fstrict-aliasing -Wdeprecated-declarations -Wno-sign-conversion -Wno-infinite-recursion -Wno-comma -Wno-block-capture-autoreleasing -Wno-strict-prototypes -Wno-semicolon-before-method-body -index-store-path /Users/j/Documents/GitHub/MoneroOne/build/Index.noindex/DataStore @/Users/j/Documents/GitHub/MoneroOne/build/Build/Intermediates.noindex/swift-crypto.build/Debug-iphonesimulator/CCryptoBoringSSL.build/Objects-normal/arm64/7187679823f38a2a940e0043cdf9d637-common-args.resp -MMD -MT dependencies -MF /Users/j/Documents/GitHub/MoneroOne/build/Build/Intermediates.noindex/swift-crypto.build/Debug-iphonesimulator/CCryptoBoringSSL.build/Objects-normal/arm64/x_pubkey.d --serialize-diagnostics /Users/j/Documents/GitHub/MoneroOne/build/Build/Intermediates.noindex/swift-crypto.build/Debug-iphonesimulator/CCryptoBoringSSL.build/Objects-normal/arm64/x_pubkey.dia -c /Users/j/Documents/GitHub/MoneroOne/build/SourcePackages/checkouts/swift-crypto/Sources/CCryptoBoringSSL/crypto/x509/x_pubkey.c -o /Users/j/Documents/GitHub/MoneroOne/build/Build/Intermediates.noindex/swift-crypto.build/Debug-iphonesimulator/CCryptoBoringSSL.build/Objects-normal/arm64/x_pubkey.o -index-unit-output-path /swift-crypto.build/Debug-iphonesimulator/CCryptoBoringSSL.build/Objects-normal/arm64/x_pubkey.o

Ld /Users/j/Documents/GitHub/MoneroOne/build/Build/Products/Debug-iphonesimulator/CNIOLLHTTP.o normal (in target 'CNIOLLHTTP' from project 'swift-nio')
    cd /Users/j/Documents/GitHub/MoneroOne/build/SourcePackages/checkouts/swift-nio
    /Applications/Xcode.app/Contents/Developer/Toolchains/XcodeDefault.xctoolchain/usr/bin/clang -Xlinker -reproducible -target arm64-apple-ios12.0-simulator -r -isysroot /Applications/Xcode.app/Contents/Developer/Platforms/iPhoneSimulator.platform/Developer/SDKs/iPhoneSimulator26.1.sdk -O0 -w -L/Users/j/Documents/GitHub/MoneroOne/build/Build/Intermediates.noindex/EagerLinkingTBDs/Debug-iphonesimulator -L/Users/j/Documents/GitHub/MoneroOne/build/Build/Products/Debug-iphonesimulator -L/Applications/Xcode.app/Contents/Developer/Platforms/iPhoneSimulator.platform/Developer/usr/lib -F/Users/j/Documents/GitHub/MoneroOne/build/Build/Intermediates.noindex/EagerLinkingTBDs/Debug-iphonesimulator -F/Users/j/Documents/GitHub/MoneroOne/build/Build/Products/Debug-iphonesimulator -iframework /Applications/Xcode.app/Contents/Developer/Platforms/iPhoneSimulator.platform/Developer/Library/Frameworks -iframework /Applications/Xcode.app/Contents/Developer/Platforms/iPhoneSimulator.platform/Developer/SDKs/iPhoneSimulator26.1.sdk/Developer/Library/Frameworks -filelist /Users/j/Documents/GitHub/MoneroOne/build/Build/Intermediates.noindex/swift-nio.build/Debug-iphonesimulator/CNIOLLHTTP.build/Objects-normal/arm64/CNIOLLHTTP.LinkFileList -nostdlib -Xlinker -object_path_lto -Xlinker /Users/j/Documents/GitHub/MoneroOne/build/Build/Intermediates.noindex/swift-nio.build/Debug-iphonesimulator/CNIOLLHTTP.build/Objects-normal/arm64/CNIOLLHTTP_lto.o -rdynamic -Xlinker -no_deduplicate -Xlinker -objc_abi_version -Xlinker 2 -Xlinker -dependency_info -Xlinker /Users/j/Documents/GitHub/MoneroOne/build/Build/Intermediates.noindex/swift-nio.build/Debug-iphonesimulator/CNIOLLHTTP.build/Objects-normal/arm64/CNIOLLHTTP_dependency_info.dat -o /Users/j/Documents/GitHub/MoneroOne/build/Build/Products/Debug-iphonesimulator/CNIOLLHTTP.o

CompileC /Users/j/Documents/GitHub/MoneroOne/build/Build/Intermediates.noindex/swift-crypto.build/Debug-iphonesimulator/CCryptoBoringSSLShims.build/Objects-normal/arm64/shims.o /Users/j/Documents/GitHub/MoneroOne/build/SourcePackages/checkouts/swift-crypto/Sources/CCryptoBoringSSLShims/shims.c normal arm64 c com.apple.compilers.llvm.clang.1_0.compiler (in target 'CCryptoBoringSSLShims' from project 'swift-crypto')
    cd /Users/j/Documents/GitHub/MoneroOne/MoneroOne.xcodeproj
    
    Using response file: /Users/j/Documents/GitHub/MoneroOne/build/Build/Intermediates.noindex/swift-crypto.build/Debug-iphonesimulator/CCryptoBoringSSLShims.build/Objects-normal/arm64/7187679823f38a2a940e0043cdf9d637-common-args.resp
    
    /Applications/Xcode.app/Contents/Developer/Toolchains/XcodeDefault.xctoolchain/usr/bin/clang -x c -ivfsstatcache /Users/j/Documents/GitHub/MoneroOne/build/SDKStatCaches.noindex/iphonesimulator26.1-23B77-90cf18a4295e390e64c810bc6bd7acbc.sdkstatcache -fmessage-length\=0 -fdiagnostics-show-note-include-stack -fmacro-backtrace-limit\=0 -fno-color-diagnostics -fmodules-prune-interval\=86400 -fmodules-prune-after\=345600 -fbuild-session-file\=/Users/j/Documents/GitHub/MoneroOne/build/ModuleCache.noindex/Session.modulevalidation -fmodules-validate-once-per-build-session -Wnon-modular-include-in-framework-module -Werror\=non-modular-include-in-framework-module -Wno-trigraphs -Wno-missing-field-initializers -Wno-missing-prototypes -Wno-return-type -Wno-missing-braces -Wparentheses -Wswitch -Wno-unused-function -Wno-unused-label -Wno-unused-parameter -Wno-unused-variable -Wunused-value -Wno-empty-body -Wno-uninitialized -Wno-unknown-pragmas -w -Wno-shadow -Wno-four-char-constants -Wno-conversion -Wno-constant-conversion -Wno-int-conversion -Wno-bool-conversion -Wno-enum-conversion -Wno-float-conversion -Wno-non-literal-null-conversion -Wno-objc-literal-conversion -Wshorten-64-to-32 -Wpointer-sign -Wno-newline-eof -Wno-implicit-fallthrough -fstrict-aliasing -Wdeprecated-declarations -Wno-sign-conversion -Wno-infinite-recursion -Wno-comma -Wno-block-capture-autoreleasing -Wno-strict-prototypes -Wno-semicolon-before-method-body -index-store-path /Users/j/Documents/GitHub/MoneroOne/build/Index.noindex/DataStore @/Users/j/Documents/GitHub/MoneroOne/build/Build/Intermediates.noindex/swift-crypto.build/Debug-iphonesimulator/CCryptoBoringSSLShims.build/Objects-normal/arm64/7187679823f38a2a940e0043cdf9d637-common-args.resp -MMD -MT dependencies -MF /Users/j/Documents/GitHub/MoneroOne/build/Build/Intermediates.noindex/swift-crypto.build/Debug-iphonesimulator/CCryptoBoringSSLShims.build/Objects-normal/arm64/shims.d --serialize-diagnostics /Users/j/Documents/GitHub/MoneroOne/build/Build/Intermediates.noindex/swift-crypto.build/Debug-iphonesimulator/CCryptoBoringSSLShims.build/Objects-normal/arm64/shims.dia -c /Users/j/Documents/GitHub/MoneroOne/build/SourcePackages/checkouts/swift-crypto/Sources/CCryptoBoringSSLShims/shims.c -o /Users/j/Documents/GitHub/MoneroOne/build/Build/Intermediates.noindex/swift-crypto.build/Debug-iphonesimulator/CCryptoBoringSSLShims.build/Objects-normal/arm64/shims.o -index-unit-output-path /swift-crypto.build/Debug-iphonesimulator/CCryptoBoringSSLShims.build/Objects-normal/arm64/shims.o

CompileC /Users/j/Documents/GitHub/MoneroOne/build/Build/Intermediates.noindex/swift-crypto.build/Debug-iphonesimulator/CCryptoBoringSSL.build/Objects-normal/arm64/x_pkey.o /Users/j/Documents/GitHub/MoneroOne/build/SourcePackages/checkouts/swift-crypto/Sources/CCryptoBoringSSL/crypto/x509/x_pkey.c normal arm64 c com.apple.compilers.llvm.clang.1_0.compiler (in target 'CCryptoBoringSSL' from project 'swift-crypto')
    cd /Users/j/Documents/GitHub/MoneroOne/MoneroOne.xcodeproj
    
    Using response file: /Users/j/Documents/GitHub/MoneroOne/build/Build/Intermediates.noindex/swift-crypto.build/Debug-iphonesimulator/CCryptoBoringSSL.build/Objects-normal/arm64/7187679823f38a2a940e0043cdf9d637-common-args.resp
    
    /Applications/Xcode.app/Contents/Developer/Toolchains/XcodeDefault.xctoolchain/usr/bin/clang -x c -ivfsstatcache /Users/j/Documents/GitHub/MoneroOne/build/SDKStatCaches.noindex/iphonesimulator26.1-23B77-90cf18a4295e390e64c810bc6bd7acbc.sdkstatcache -fmessage-length\=0 -fdiagnostics-show-note-include-stack -fmacro-backtrace-limit\=0 -fno-color-diagnostics -fmodules-prune-interval\=86400 -fmodules-prune-after\=345600 -fbuild-session-file\=/Users/j/Documents/GitHub/MoneroOne/build/ModuleCache.noindex/Session.modulevalidation -fmodules-validate-once-per-build-session -Wnon-modular-include-in-framework-module -Werror\=non-modular-include-in-framework-module -Wno-trigraphs -Wno-missing-field-initializers -Wno-missing-prototypes -Wno-return-type -Wno-missing-braces -Wparentheses -Wswitch -Wno-unused-function -Wno-unused-label -Wno-unused-parameter -Wno-unused-variable -Wunused-value -Wno-empty-body -Wno-uninitialized -Wno-unknown-pragmas -w -Wno-shadow -Wno-four-char-constants -Wno-conversion -Wno-constant-conversion -Wno-int-conversion -Wno-bool-conversion -Wno-enum-conversion -Wno-float-conversion -Wno-non-literal-null-conversion -Wno-objc-literal-conversion -Wshorten-64-to-32 -Wpointer-sign -Wno-newline-eof -Wno-implicit-fallthrough -fstrict-aliasing -Wdeprecated-declarations -Wno-sign-conversion -Wno-infinite-recursion -Wno-comma -Wno-block-capture-autoreleasing -Wno-strict-prototypes -Wno-semicolon-before-method-body -index-store-path /Users/j/Documents/GitHub/MoneroOne/build/Index.noindex/DataStore @/Users/j/Documents/GitHub/MoneroOne/build/Build/Intermediates.noindex/swift-crypto.build/Debug-iphonesimulator/CCryptoBoringSSL.build/Objects-normal/arm64/7187679823f38a2a940e0043cdf9d637-common-args.resp -MMD -MT dependencies -MF /Users/j/Documents/GitHub/MoneroOne/build/Build/Intermediates.noindex/swift-crypto.build/Debug-iphonesimulator/CCryptoBoringSSL.build/Objects-normal/arm64/x_pkey.d --serialize-diagnostics /Users/j/Documents/GitHub/MoneroOne/build/Build/Intermediates.noindex/swift-crypto.build/Debug-iphonesimulator/CCryptoBoringSSL.build/Objects-normal/arm64/x_pkey.dia -c /Users/j/Documents/GitHub/MoneroOne/build/SourcePackages/checkouts/swift-crypto/Sources/CCryptoBoringSSL/crypto/x509/x_pkey.c -o /Users/j/Documents/GitHub/MoneroOne/build/Build/Intermediates.noindex/swift-crypto.build/Debug-iphonesimulator/CCryptoBoringSSL.build/Objects-normal/arm64/x_pkey.o -index-unit-output-path /swift-crypto.build/Debug-iphonesimulator/CCryptoBoringSSL.build/Objects-normal/arm64/x_pkey.o

CompileC /Users/j/Documents/GitHub/MoneroOne/build/Build/Intermediates.noindex/swift-crypto.build/Debug-iphonesimulator/CCryptoBoringSSL.build/Objects-normal/arm64/x_name.o /Users/j/Documents/GitHub/MoneroOne/build/SourcePackages/checkouts/swift-crypto/Sources/CCryptoBoringSSL/crypto/x509/x_name.c normal arm64 c com.apple.compilers.llvm.clang.1_0.compiler (in target 'CCryptoBoringSSL' from project 'swift-crypto')
    cd /Users/j/Documents/GitHub/MoneroOne/MoneroOne.xcodeproj
    
    Using response file: /Users/j/Documents/GitHub/MoneroOne/build/Build/Intermediates.noindex/swift-crypto.build/Debug-iphonesimulator/CCryptoBoringSSL.build/Objects-normal/arm64/7187679823f38a2a940e0043cdf9d637-common-args.resp
    
    /Applications/Xcode.app/Contents/Developer/Toolchains/XcodeDefault.xctoolchain/usr/bin/clang -x c -ivfsstatcache /Users/j/Documents/GitHub/MoneroOne/build/SDKStatCaches.noindex/iphonesimulator26.1-23B77-90cf18a4295e390e64c810bc6bd7acbc.sdkstatcache -fmessage-length\=0 -fdiagnostics-show-note-include-stack -fmacro-backtrace-limit\=0 -fno-color-diagnostics -fmodules-prune-interval\=86400 -fmodules-prune-after\=345600 -fbuild-session-file\=/Users/j/Documents/GitHub/MoneroOne/build/ModuleCache.noindex/Session.modulevalidation -fmodules-validate-once-per-build-session -Wnon-modular-include-in-framework-module -Werror\=non-modular-include-in-framework-module -Wno-trigraphs -Wno-missing-field-initializers -Wno-missing-prototypes -Wno-return-type -Wno-missing-braces -Wparentheses -Wswitch -Wno-unused-function -Wno-unused-label -Wno-unused-parameter -Wno-unused-variable -Wunused-value -Wno-empty-body -Wno-uninitialized -Wno-unknown-pragmas -w -Wno-shadow -Wno-four-char-constants -Wno-conversion -Wno-constant-conversion -Wno-int-conversion -Wno-bool-conversion -Wno-enum-conversion -Wno-float-conversion -Wno-non-literal-null-conversion -Wno-objc-literal-conversion -Wshorten-64-to-32 -Wpointer-sign -Wno-newline-eof -Wno-implicit-fallthrough -fstrict-aliasing -Wdeprecated-declarations -Wno-sign-conversion -Wno-infinite-recursion -Wno-comma -Wno-block-capture-autoreleasing -Wno-strict-prototypes -Wno-semicolon-before-method-body -index-store-path /Users/j/Documents/GitHub/MoneroOne/build/Index.noindex/DataStore @/Users/j/Documents/GitHub/MoneroOne/build/Build/Intermediates.noindex/swift-crypto.build/Debug-iphonesimulator/CCryptoBoringSSL.build/Objects-normal/arm64/7187679823f38a2a940e0043cdf9d637-common-args.resp -MMD -MT dependencies -MF /Users/j/Documents/GitHub/MoneroOne/build/Build/Intermediates.noindex/swift-crypto.build/Debug-iphonesimulator/CCryptoBoringSSL.build/Objects-normal/arm64/x_name.d --serialize-diagnostics /Users/j/Documents/GitHub/MoneroOne/build/Build/Intermediates.noindex/swift-crypto.build/Debug-iphonesimulator/CCryptoBoringSSL.build/Objects-normal/arm64/x_name.dia -c /Users/j/Documents/GitHub/MoneroOne/build/SourcePackages/checkouts/swift-crypto/Sources/CCryptoBoringSSL/crypto/x509/x_name.c -o /Users/j/Documents/GitHub/MoneroOne/build/Build/Intermediates.noindex/swift-crypto.build/Debug-iphonesimulator/CCryptoBoringSSL.build/Objects-normal/arm64/x_name.o -index-unit-output-path /swift-crypto.build/Debug-iphonesimulator/CCryptoBoringSSL.build/Objects-normal/arm64/x_name.o

CompileC /Users/j/Documents/GitHub/MoneroOne/build/Build/Intermediates.noindex/swift-crypto.build/Debug-iphonesimulator/CCryptoBoringSSL.build/Objects-normal/arm64/x_info.o /Users/j/Documents/GitHub/MoneroOne/build/SourcePackages/checkouts/swift-crypto/Sources/CCryptoBoringSSL/crypto/x509/x_info.c normal arm64 c com.apple.compilers.llvm.clang.1_0.compiler (in target 'CCryptoBoringSSL' from project 'swift-crypto')
    cd /Users/j/Documents/GitHub/MoneroOne/MoneroOne.xcodeproj
    
    Using response file: /Users/j/Documents/GitHub/MoneroOne/build/Build/Intermediates.noindex/swift-crypto.build/Debug-iphonesimulator/CCryptoBoringSSL.build/Objects-normal/arm64/7187679823f38a2a940e0043cdf9d637-common-args.resp
    
    /Applications/Xcode.app/Contents/Developer/Toolchains/XcodeDefault.xctoolchain/usr/bin/clang -x c -ivfsstatcache /Users/j/Documents/GitHub/MoneroOne/build/SDKStatCaches.noindex/iphonesimulator26.1-23B77-90cf18a4295e390e64c810bc6bd7acbc.sdkstatcache -fmessage-length\=0 -fdiagnostics-show-note-include-stack -fmacro-backtrace-limit\=0 -fno-color-diagnostics -fmodules-prune-interval\=86400 -fmodules-prune-after\=345600 -fbuild-session-file\=/Users/j/Documents/GitHub/MoneroOne/build/ModuleCache.noindex/Session.modulevalidation -fmodules-validate-once-per-build-session -Wnon-modular-include-in-framework-module -Werror\=non-modular-include-in-framework-module -Wno-trigraphs -Wno-missing-field-initializers -Wno-missing-prototypes -Wno-return-type -Wno-missing-braces -Wparentheses -Wswitch -Wno-unused-function -Wno-unused-label -Wno-unused-parameter -Wno-unused-variable -Wunused-value -Wno-empty-body -Wno-uninitialized -Wno-unknown-pragmas -w -Wno-shadow -Wno-four-char-constants -Wno-conversion -Wno-constant-conversion -Wno-int-conversion -Wno-bool-conversion -Wno-enum-conversion -Wno-float-conversion -Wno-non-literal-null-conversion -Wno-objc-literal-conversion -Wshorten-64-to-32 -Wpointer-sign -Wno-newline-eof -Wno-implicit-fallthrough -fstrict-aliasing -Wdeprecated-declarations -Wno-sign-conversion -Wno-infinite-recursion -Wno-comma -Wno-block-capture-autoreleasing -Wno-strict-prototypes -Wno-semicolon-before-method-body -index-store-path /Users/j/Documents/GitHub/MoneroOne/build/Index.noindex/DataStore @/Users/j/Documents/GitHub/MoneroOne/build/Build/Intermediates.noindex/swift-crypto.build/Debug-iphonesimulator/CCryptoBoringSSL.build/Objects-normal/arm64/7187679823f38a2a940e0043cdf9d637-common-args.resp -MMD -MT dependencies -MF /Users/j/Documents/GitHub/MoneroOne/build/Build/Intermediates.noindex/swift-crypto.build/Debug-iphonesimulator/CCryptoBoringSSL.build/Objects-normal/arm64/x_info.d --serialize-diagnostics /Users/j/Documents/GitHub/MoneroOne/build/Build/Intermediates.noindex/swift-crypto.build/Debug-iphonesimulator/CCryptoBoringSSL.build/Objects-normal/arm64/x_info.dia -c /Users/j/Documents/GitHub/MoneroOne/build/SourcePackages/checkouts/swift-crypto/Sources/CCryptoBoringSSL/crypto/x509/x_info.c -o /Users/j/Documents/GitHub/MoneroOne/build/Build/Intermediates.noindex/swift-crypto.build/Debug-iphonesimulator/CCryptoBoringSSL.build/Objects-normal/arm64/x_info.o -index-unit-output-path /swift-crypto.build/Debug-iphonesimulator/CCryptoBoringSSL.build/Objects-normal/arm64/x_info.o

CompileC /Users/j/Documents/GitHub/MoneroOne/build/Build/Intermediates.noindex/swift-crypto.build/Debug-iphonesimulator/CCryptoBoringSSL.build/Objects-normal/arm64/x_exten.o /Users/j/Documents/GitHub/MoneroOne/build/SourcePackages/checkouts/swift-crypto/Sources/CCryptoBoringSSL/crypto/x509/x_exten.c normal arm64 c com.apple.compilers.llvm.clang.1_0.compiler (in target 'CCryptoBoringSSL' from project 'swift-crypto')
    cd /Users/j/Documents/GitHub/MoneroOne/MoneroOne.xcodeproj
    
    Using response file: /Users/j/Documents/GitHub/MoneroOne/build/Build/Intermediates.noindex/swift-crypto.build/Debug-iphonesimulator/CCryptoBoringSSL.build/Objects-normal/arm64/7187679823f38a2a940e0043cdf9d637-common-args.resp
    
    /Applications/Xcode.app/Contents/Developer/Toolchains/XcodeDefault.xctoolchain/usr/bin/clang -x c -ivfsstatcache /Users/j/Documents/GitHub/MoneroOne/build/SDKStatCaches.noindex/iphonesimulator26.1-23B77-90cf18a4295e390e64c810bc6bd7acbc.sdkstatcache -fmessage-length\=0 -fdiagnostics-show-note-include-stack -fmacro-backtrace-limit\=0 -fno-color-diagnostics -fmodules-prune-interval\=86400 -fmodules-prune-after\=345600 -fbuild-session-file\=/Users/j/Documents/GitHub/MoneroOne/build/ModuleCache.noindex/Session.modulevalidation -fmodules-validate-once-per-build-session -Wnon-modular-include-in-framework-module -Werror\=non-modular-include-in-framework-module -Wno-trigraphs -Wno-missing-field-initializers -Wno-missing-prototypes -Wno-return-type -Wno-missing-braces -Wparentheses -Wswitch -Wno-unused-function -Wno-unused-label -Wno-unused-parameter -Wno-unused-variable -Wunused-value -Wno-empty-body -Wno-uninitialized -Wno-unknown-pragmas -w -Wno-shadow -Wno-four-char-constants -Wno-conversion -Wno-constant-conversion -Wno-int-conversion -Wno-bool-conversion -Wno-enum-conversion -Wno-float-conversion -Wno-non-literal-null-conversion -Wno-objc-literal-conversion -Wshorten-64-to-32 -Wpointer-sign -Wno-newline-eof -Wno-implicit-fallthrough -fstrict-aliasing -Wdeprecated-declarations -Wno-sign-conversion -Wno-infinite-recursion -Wno-comma -Wno-block-capture-autoreleasing -Wno-strict-prototypes -Wno-semicolon-before-method-body -index-store-path /Users/j/Documents/GitHub/MoneroOne/build/Index.noindex/DataStore @/Users/j/Documents/GitHub/MoneroOne/build/Build/Intermediates.noindex/swift-crypto.build/Debug-iphonesimulator/CCryptoBoringSSL.build/Objects-normal/arm64/7187679823f38a2a940e0043cdf9d637-common-args.resp -MMD -MT dependencies -MF /Users/j/Documents/GitHub/MoneroOne/build/Build/Intermediates.noindex/swift-crypto.build/Debug-iphonesimulator/CCryptoBoringSSL.build/Objects-normal/arm64/x_exten.d --serialize-diagnostics /Users/j/Documents/GitHub/MoneroOne/build/Build/Intermediates.noindex/swift-crypto.build/Debug-iphonesimulator/CCryptoBoringSSL.build/Objects-normal/arm64/x_exten.dia -c /Users/j/Documents/GitHub/MoneroOne/build/SourcePackages/checkouts/swift-crypto/Sources/CCryptoBoringSSL/crypto/x509/x_exten.c -o /Users/j/Documents/GitHub/MoneroOne/build/Build/Intermediates.noindex/swift-crypto.build/Debug-iphonesimulator/CCryptoBoringSSL.build/Objects-normal/arm64/x_exten.o -index-unit-output-path /swift-crypto.build/Debug-iphonesimulator/CCryptoBoringSSL.build/Objects-normal/arm64/x_exten.o

CompileC /Users/j/Documents/GitHub/MoneroOne/build/Build/Intermediates.noindex/swift-crypto.build/Debug-iphonesimulator/CCryptoBoringSSL.build/Objects-normal/arm64/x_crl.o /Users/j/Documents/GitHub/MoneroOne/build/SourcePackages/checkouts/swift-crypto/Sources/CCryptoBoringSSL/crypto/x509/x_crl.c normal arm64 c com.apple.compilers.llvm.clang.1_0.compiler (in target 'CCryptoBoringSSL' from project 'swift-crypto')
    cd /Users/j/Documents/GitHub/MoneroOne/MoneroOne.xcodeproj
    
    Using response file: /Users/j/Documents/GitHub/MoneroOne/build/Build/Intermediates.noindex/swift-crypto.build/Debug-iphonesimulator/CCryptoBoringSSL.build/Objects-normal/arm64/7187679823f38a2a940e0043cdf9d637-common-args.resp
    
    /Applications/Xcode.app/Contents/Developer/Toolchains/XcodeDefault.xctoolchain/usr/bin/clang -x c -ivfsstatcache /Users/j/Documents/GitHub/MoneroOne/build/SDKStatCaches.noindex/iphonesimulator26.1-23B77-90cf18a4295e390e64c810bc6bd7acbc.sdkstatcache -fmessage-length\=0 -fdiagnostics-show-note-include-stack -fmacro-backtrace-limit\=0 -fno-color-diagnostics -fmodules-prune-interval\=86400 -fmodules-prune-after\=345600 -fbuild-session-file\=/Users/j/Documents/GitHub/MoneroOne/build/ModuleCache.noindex/Session.modulevalidation -fmodules-validate-once-per-build-session -Wnon-modular-include-in-framework-module -Werror\=non-modular-include-in-framework-module -Wno-trigraphs -Wno-missing-field-initializers -Wno-missing-prototypes -Wno-return-type -Wno-missing-braces -Wparentheses -Wswitch -Wno-unused-function -Wno-unused-label -Wno-unused-parameter -Wno-unused-variable -Wunused-value -Wno-empty-body -Wno-uninitialized -Wno-unknown-pragmas -w -Wno-shadow -Wno-four-char-constants -Wno-conversion -Wno-constant-conversion -Wno-int-conversion -Wno-bool-conversion -Wno-enum-conversion -Wno-float-conversion -Wno-non-literal-null-conversion -Wno-objc-literal-conversion -Wshorten-64-to-32 -Wpointer-sign -Wno-newline-eof -Wno-implicit-fallthrough -fstrict-aliasing -Wdeprecated-declarations -Wno-sign-conversion -Wno-infinite-recursion -Wno-comma -Wno-block-capture-autoreleasing -Wno-strict-prototypes -Wno-semicolon-before-method-body -index-store-path /Users/j/Documents/GitHub/MoneroOne/build/Index.noindex/DataStore @/Users/j/Documents/GitHub/MoneroOne/build/Build/Intermediates.noindex/swift-crypto.build/Debug-iphonesimulator/CCryptoBoringSSL.build/Objects-normal/arm64/7187679823f38a2a940e0043cdf9d637-common-args.resp -MMD -MT dependencies -MF /Users/j/Documents/GitHub/MoneroOne/build/Build/Intermediates.noindex/swift-crypto.build/Debug-iphonesimulator/CCryptoBoringSSL.build/Objects-normal/arm64/x_crl.d --serialize-diagnostics /Users/j/Documents/GitHub/MoneroOne/build/Build/Intermediates.noindex/swift-crypto.build/Debug-iphonesimulator/CCryptoBoringSSL.build/Objects-normal/arm64/x_crl.dia -c /Users/j/Documents/GitHub/MoneroOne/build/SourcePackages/checkouts/swift-crypto/Sources/CCryptoBoringSSL/crypto/x509/x_crl.c -o /Users/j/Documents/GitHub/MoneroOne/build/Build/Intermediates.noindex/swift-crypto.build/Debug-iphonesimulator/CCryptoBoringSSL.build/Objects-normal/arm64/x_crl.o -index-unit-output-path /swift-crypto.build/Debug-iphonesimulator/CCryptoBoringSSL.build/Objects-normal/arm64/x_crl.o

CompileC /Users/j/Documents/GitHub/MoneroOne/build/Build/Intermediates.noindex/swift-crypto.build/Debug-iphonesimulator/CCryptoBoringSSL.build/Objects-normal/arm64/x_attrib.o /Users/j/Documents/GitHub/MoneroOne/build/SourcePackages/checkouts/swift-crypto/Sources/CCryptoBoringSSL/crypto/x509/x_attrib.c normal arm64 c com.apple.compilers.llvm.clang.1_0.compiler (in target 'CCryptoBoringSSL' from project 'swift-crypto')
    cd /Users/j/Documents/GitHub/MoneroOne/MoneroOne.xcodeproj
    
    Using response file: /Users/j/Documents/GitHub/MoneroOne/build/Build/Intermediates.noindex/swift-crypto.build/Debug-iphonesimulator/CCryptoBoringSSL.build/Objects-normal/arm64/7187679823f38a2a940e0043cdf9d637-common-args.resp
    
    /Applications/Xcode.app/Contents/Developer/Toolchains/XcodeDefault.xctoolchain/usr/bin/clang -x c -ivfsstatcache /Users/j/Documents/GitHub/MoneroOne/build/SDKStatCaches.noindex/iphonesimulator26.1-23B77-90cf18a4295e390e64c810bc6bd7acbc.sdkstatcache -fmessage-length\=0 -fdiagnostics-show-note-include-stack -fmacro-backtrace-limit\=0 -fno-color-diagnostics -fmodules-prune-interval\=86400 -fmodules-prune-after\=345600 -fbuild-session-file\=/Users/j/Documents/GitHub/MoneroOne/build/ModuleCache.noindex/Session.modulevalidation -fmodules-validate-once-per-build-session -Wnon-modular-include-in-framework-module -Werror\=non-modular-include-in-framework-module -Wno-trigraphs -Wno-missing-field-initializers -Wno-missing-prototypes -Wno-return-type -Wno-missing-braces -Wparentheses -Wswitch -Wno-unused-function -Wno-unused-label -Wno-unused-parameter -Wno-unused-variable -Wunused-value -Wno-empty-body -Wno-uninitialized -Wno-unknown-pragmas -w -Wno-shadow -Wno-four-char-constants -Wno-conversion -Wno-constant-conversion -Wno-int-conversion -Wno-bool-conversion -Wno-enum-conversion -Wno-float-conversion -Wno-non-literal-null-conversion -Wno-objc-literal-conversion -Wshorten-64-to-32 -Wpointer-sign -Wno-newline-eof -Wno-implicit-fallthrough -fstrict-aliasing -Wdeprecated-declarations -Wno-sign-conversion -Wno-infinite-recursion -Wno-comma -Wno-block-capture-autoreleasing -Wno-strict-prototypes -Wno-semicolon-before-method-body -index-store-path /Users/j/Documents/GitHub/MoneroOne/build/Index.noindex/DataStore @/Users/j/Documents/GitHub/MoneroOne/build/Build/Intermediates.noindex/swift-crypto.build/Debug-iphonesimulator/CCryptoBoringSSL.build/Objects-normal/arm64/7187679823f38a2a940e0043cdf9d637-common-args.resp -MMD -MT dependencies -MF /Users/j/Documents/GitHub/MoneroOne/build/Build/Intermediates.noindex/swift-crypto.build/Debug-iphonesimulator/CCryptoBoringSSL.build/Objects-normal/arm64/x_attrib.d --serialize-diagnostics /Users/j/Documents/GitHub/MoneroOne/build/Build/Intermediates.noindex/swift-crypto.build/Debug-iphonesimulator/CCryptoBoringSSL.build/Objects-normal/arm64/x_attrib.dia -c /Users/j/Documents/GitHub/MoneroOne/build/SourcePackages/checkouts/swift-crypto/Sources/CCryptoBoringSSL/crypto/x509/x_attrib.c -o /Users/j/Documents/GitHub/MoneroOne/build/Build/Intermediates.noindex/swift-crypto.build/Debug-iphonesimulator/CCryptoBoringSSL.build/Objects-normal/arm64/x_attrib.o -index-unit-output-path /swift-crypto.build/Debug-iphonesimulator/CCryptoBoringSSL.build/Objects-normal/arm64/x_attrib.o

CompileC /Users/j/Documents/GitHub/MoneroOne/build/Build/Intermediates.noindex/swift-crypto.build/Debug-iphonesimulator/CCryptoBoringSSL.build/Objects-normal/arm64/x_all.o /Users/j/Documents/GitHub/MoneroOne/build/SourcePackages/checkouts/swift-crypto/Sources/CCryptoBoringSSL/crypto/x509/x_all.c normal arm64 c com.apple.compilers.llvm.clang.1_0.compiler (in target 'CCryptoBoringSSL' from project 'swift-crypto')
    cd /Users/j/Documents/GitHub/MoneroOne/MoneroOne.xcodeproj
    
    Using response file: /Users/j/Documents/GitHub/MoneroOne/build/Build/Intermediates.noindex/swift-crypto.build/Debug-iphonesimulator/CCryptoBoringSSL.build/Objects-normal/arm64/7187679823f38a2a940e0043cdf9d637-common-args.resp
    
    /Applications/Xcode.app/Contents/Developer/Toolchains/XcodeDefault.xctoolchain/usr/bin/clang -x c -ivfsstatcache /Users/j/Documents/GitHub/MoneroOne/build/SDKStatCaches.noindex/iphonesimulator26.1-23B77-90cf18a4295e390e64c810bc6bd7acbc.sdkstatcache -fmessage-length\=0 -fdiagnostics-show-note-include-stack -fmacro-backtrace-limit\=0 -fno-color-diagnostics -fmodules-prune-interval\=86400 -fmodules-prune-after\=345600 -fbuild-session-file\=/Users/j/Documents/GitHub/MoneroOne/build/ModuleCache.noindex/Session.modulevalidation -fmodules-validate-once-per-build-session -Wnon-modular-include-in-framework-module -Werror\=non-modular-include-in-framework-module -Wno-trigraphs -Wno-missing-field-initializers -Wno-missing-prototypes -Wno-return-type -Wno-missing-braces -Wparentheses -Wswitch -Wno-unused-function -Wno-unused-label -Wno-unused-parameter -Wno-unused-variable -Wunused-value -Wno-empty-body -Wno-uninitialized -Wno-unknown-pragmas -w -Wno-shadow -Wno-four-char-constants -Wno-conversion -Wno-constant-conversion -Wno-int-conversion -Wno-bool-conversion -Wno-enum-conversion -Wno-float-conversion -Wno-non-literal-null-conversion -Wno-objc-literal-conversion -Wshorten-64-to-32 -Wpointer-sign -Wno-newline-eof -Wno-implicit-fallthrough -fstrict-aliasing -Wdeprecated-declarations -Wno-sign-conversion -Wno-infinite-recursion -Wno-comma -Wno-block-capture-autoreleasing -Wno-strict-prototypes -Wno-semicolon-before-method-body -index-store-path /Users/j/Documents/GitHub/MoneroOne/build/Index.noindex/DataStore @/Users/j/Documents/GitHub/MoneroOne/build/Build/Intermediates.noindex/swift-crypto.build/Debug-iphonesimulator/CCryptoBoringSSL.build/Objects-normal/arm64/7187679823f38a2a940e0043cdf9d637-common-args.resp -MMD -MT dependencies -MF /Users/j/Documents/GitHub/MoneroOne/build/Build/Intermediates.noindex/swift-crypto.build/Debug-iphonesimulator/CCryptoBoringSSL.build/Objects-normal/arm64/x_all.d --serialize-diagnostics /Users/j/Documents/GitHub/MoneroOne/build/Build/Intermediates.noindex/swift-crypto.build/Debug-iphonesimulator/CCryptoBoringSSL.build/Objects-normal/arm64/x_all.dia -c /Users/j/Documents/GitHub/MoneroOne/build/SourcePackages/checkouts/swift-crypto/Sources/CCryptoBoringSSL/crypto/x509/x_all.c -o /Users/j/Documents/GitHub/MoneroOne/build/Build/Intermediates.noindex/swift-crypto.build/Debug-iphonesimulator/CCryptoBoringSSL.build/Objects-normal/arm64/x_all.o -index-unit-output-path /swift-crypto.build/Debug-iphonesimulator/CCryptoBoringSSL.build/Objects-normal/arm64/x_all.o

CompileC /Users/j/Documents/GitHub/MoneroOne/build/Build/Intermediates.noindex/swift-nio-ssl.build/Debug-iphonesimulator/CNIOBoringSSLShims.build/Objects-normal/arm64/shims.o /Users/j/Documents/GitHub/MoneroOne/build/SourcePackages/checkouts/swift-nio-ssl/Sources/CNIOBoringSSLShims/shims.c normal arm64 c com.apple.compilers.llvm.clang.1_0.compiler (in target 'CNIOBoringSSLShims' from project 'swift-nio-ssl')
    cd /Users/j/Documents/GitHub/MoneroOne/MoneroOne.xcodeproj
    
    Using response file: /Users/j/Documents/GitHub/MoneroOne/build/Build/Intermediates.noindex/swift-nio-ssl.build/Debug-iphonesimulator/CNIOBoringSSLShims.build/Objects-normal/arm64/7187679823f38a2a940e0043cdf9d637-common-args.resp
    
    /Applications/Xcode.app/Contents/Developer/Toolchains/XcodeDefault.xctoolchain/usr/bin/clang -x c -ivfsstatcache /Users/j/Documents/GitHub/MoneroOne/build/SDKStatCaches.noindex/iphonesimulator26.1-23B77-90cf18a4295e390e64c810bc6bd7acbc.sdkstatcache -fmessage-length\=0 -fdiagnostics-show-note-include-stack -fmacro-backtrace-limit\=0 -fno-color-diagnostics -fmodules-prune-interval\=86400 -fmodules-prune-after\=345600 -fbuild-session-file\=/Users/j/Documents/GitHub/MoneroOne/build/ModuleCache.noindex/Session.modulevalidation -fmodules-validate-once-per-build-session -Wnon-modular-include-in-framework-module -Werror\=non-modular-include-in-framework-module -Wno-trigraphs -Wno-missing-field-initializers -Wno-missing-prototypes -Wno-return-type -Wno-missing-braces -Wparentheses -Wswitch -Wno-unused-function -Wno-unused-label -Wno-unused-parameter -Wno-unused-variable -Wunused-value -Wno-empty-body -Wno-uninitialized -Wno-unknown-pragmas -w -Wno-shadow -Wno-four-char-constants -Wno-conversion -Wno-constant-conversion -Wno-int-conversion -Wno-bool-conversion -Wno-enum-conversion -Wno-float-conversion -Wno-non-literal-null-conversion -Wno-objc-literal-conversion -Wshorten-64-to-32 -Wpointer-sign -Wno-newline-eof -Wno-implicit-fallthrough -fstrict-aliasing -Wdeprecated-declarations -Wno-sign-conversion -Wno-infinite-recursion -Wno-comma -Wno-block-capture-autoreleasing -Wno-strict-prototypes -Wno-semicolon-before-method-body -index-store-path /Users/j/Documents/GitHub/MoneroOne/build/Index.noindex/DataStore @/Users/j/Documents/GitHub/MoneroOne/build/Build/Intermediates.noindex/swift-nio-ssl.build/Debug-iphonesimulator/CNIOBoringSSLShims.build/Objects-normal/arm64/7187679823f38a2a940e0043cdf9d637-common-args.resp -MMD -MT dependencies -MF /Users/j/Documents/GitHub/MoneroOne/build/Build/Intermediates.noindex/swift-nio-ssl.build/Debug-iphonesimulator/CNIOBoringSSLShims.build/Objects-normal/arm64/shims.d --serialize-diagnostics /Users/j/Documents/GitHub/MoneroOne/build/Build/Intermediates.noindex/swift-nio-ssl.build/Debug-iphonesimulator/CNIOBoringSSLShims.build/Objects-normal/arm64/shims.dia -c /Users/j/Documents/GitHub/MoneroOne/build/SourcePackages/checkouts/swift-nio-ssl/Sources/CNIOBoringSSLShims/shims.c -o /Users/j/Documents/GitHub/MoneroOne/build/Build/Intermediates.noindex/swift-nio-ssl.build/Debug-iphonesimulator/CNIOBoringSSLShims.build/Objects-normal/arm64/shims.o -index-unit-output-path /swift-nio-ssl.build/Debug-iphonesimulator/CNIOBoringSSLShims.build/Objects-normal/arm64/shims.o

CompileC /Users/j/Documents/GitHub/MoneroOne/build/Build/Intermediates.noindex/swift-crypto.build/Debug-iphonesimulator/CCryptoBoringSSL.build/Objects-normal/arm64/x_algor.o /Users/j/Documents/GitHub/MoneroOne/build/SourcePackages/checkouts/swift-crypto/Sources/CCryptoBoringSSL/crypto/x509/x_algor.c normal arm64 c com.apple.compilers.llvm.clang.1_0.compiler (in target 'CCryptoBoringSSL' from project 'swift-crypto')
    cd /Users/j/Documents/GitHub/MoneroOne/MoneroOne.xcodeproj
    
    Using response file: /Users/j/Documents/GitHub/MoneroOne/build/Build/Intermediates.noindex/swift-crypto.build/Debug-iphonesimulator/CCryptoBoringSSL.build/Objects-normal/arm64/7187679823f38a2a940e0043cdf9d637-common-args.resp
    
    /Applications/Xcode.app/Contents/Developer/Toolchains/XcodeDefault.xctoolchain/usr/bin/clang -x c -ivfsstatcache /Users/j/Documents/GitHub/MoneroOne/build/SDKStatCaches.noindex/iphonesimulator26.1-23B77-90cf18a4295e390e64c810bc6bd7acbc.sdkstatcache -fmessage-length\=0 -fdiagnostics-show-note-include-stack -fmacro-backtrace-limit\=0 -fno-color-diagnostics -fmodules-prune-interval\=86400 -fmodules-prune-after\=345600 -fbuild-session-file\=/Users/j/Documents/GitHub/MoneroOne/build/ModuleCache.noindex/Session.modulevalidation -fmodules-validate-once-per-build-session -Wnon-modular-include-in-framework-module -Werror\=non-modular-include-in-framework-module -Wno-trigraphs -Wno-missing-field-initializers -Wno-missing-prototypes -Wno-return-type -Wno-missing-braces -Wparentheses -Wswitch -Wno-unused-function -Wno-unused-label -Wno-unused-parameter -Wno-unused-variable -Wunused-value -Wno-empty-body -Wno-uninitialized -Wno-unknown-pragmas -w -Wno-shadow -Wno-four-char-constants -Wno-conversion -Wno-constant-conversion -Wno-int-conversion -Wno-bool-conversion -Wno-enum-conversion -Wno-float-conversion -Wno-non-literal-null-conversion -Wno-objc-literal-conversion -Wshorten-64-to-32 -Wpointer-sign -Wno-newline-eof -Wno-implicit-fallthrough -fstrict-aliasing -Wdeprecated-declarations -Wno-sign-conversion -Wno-infinite-recursion -Wno-comma -Wno-block-capture-autoreleasing -Wno-strict-prototypes -Wno-semicolon-before-method-body -index-store-path /Users/j/Documents/GitHub/MoneroOne/build/Index.noindex/DataStore @/Users/j/Documents/GitHub/MoneroOne/build/Build/Intermediates.noindex/swift-crypto.build/Debug-iphonesimulator/CCryptoBoringSSL.build/Objects-normal/arm64/7187679823f38a2a940e0043cdf9d637-common-args.resp -MMD -MT dependencies -MF /Users/j/Documents/GitHub/MoneroOne/build/Build/Intermediates.noindex/swift-crypto.build/Debug-iphonesimulator/CCryptoBoringSSL.build/Objects-normal/arm64/x_algor.d --serialize-diagnostics /Users/j/Documents/GitHub/MoneroOne/build/Build/Intermediates.noindex/swift-crypto.build/Debug-iphonesimulator/CCryptoBoringSSL.build/Objects-normal/arm64/x_algor.dia -c /Users/j/Documents/GitHub/MoneroOne/build/SourcePackages/checkouts/swift-crypto/Sources/CCryptoBoringSSL/crypto/x509/x_algor.c -o /Users/j/Documents/GitHub/MoneroOne/build/Build/Intermediates.noindex/swift-crypto.build/Debug-iphonesimulator/CCryptoBoringSSL.build/Objects-normal/arm64/x_algor.o -index-unit-output-path /swift-crypto.build/Debug-iphonesimulator/CCryptoBoringSSL.build/Objects-normal/arm64/x_algor.o

CompileC /Users/j/Documents/GitHub/MoneroOne/build/Build/Intermediates.noindex/swift-crypto.build/Debug-iphonesimulator/CCryptoBoringSSL.build/Objects-normal/arm64/x86_64-gcc.o /Users/j/Documents/GitHub/MoneroOne/build/SourcePackages/checkouts/swift-crypto/Sources/CCryptoBoringSSL/crypto/fipsmodule/bn/asm/x86_64-gcc.c normal arm64 c com.apple.compilers.llvm.clang.1_0.compiler (in target 'CCryptoBoringSSL' from project 'swift-crypto')
    cd /Users/j/Documents/GitHub/MoneroOne/MoneroOne.xcodeproj
    
    Using response file: /Users/j/Documents/GitHub/MoneroOne/build/Build/Intermediates.noindex/swift-crypto.build/Debug-iphonesimulator/CCryptoBoringSSL.build/Objects-normal/arm64/7187679823f38a2a940e0043cdf9d637-common-args.resp
    
    /Applications/Xcode.app/Contents/Developer/Toolchains/XcodeDefault.xctoolchain/usr/bin/clang -x c -ivfsstatcache /Users/j/Documents/GitHub/MoneroOne/build/SDKStatCaches.noindex/iphonesimulator26.1-23B77-90cf18a4295e390e64c810bc6bd7acbc.sdkstatcache -fmessage-length\=0 -fdiagnostics-show-note-include-stack -fmacro-backtrace-limit\=0 -fno-color-diagnostics -fmodules-prune-interval\=86400 -fmodules-prune-after\=345600 -fbuild-session-file\=/Users/j/Documents/GitHub/MoneroOne/build/ModuleCache.noindex/Session.modulevalidation -fmodules-validate-once-per-build-session -Wnon-modular-include-in-framework-module -Werror\=non-modular-include-in-framework-module -Wno-trigraphs -Wno-missing-field-initializers -Wno-missing-prototypes -Wno-return-type -Wno-missing-braces -Wparentheses -Wswitch -Wno-unused-function -Wno-unused-label -Wno-unused-parameter -Wno-unused-variable -Wunused-value -Wno-empty-body -Wno-uninitialized -Wno-unknown-pragmas -w -Wno-shadow -Wno-four-char-constants -Wno-conversion -Wno-constant-conversion -Wno-int-conversion -Wno-bool-conversion -Wno-enum-conversion -Wno-float-conversion -Wno-non-literal-null-conversion -Wno-objc-literal-conversion -Wshorten-64-to-32 -Wpointer-sign -Wno-newline-eof -Wno-implicit-fallthrough -fstrict-aliasing -Wdeprecated-declarations -Wno-sign-conversion -Wno-infinite-recursion -Wno-comma -Wno-block-capture-autoreleasing -Wno-strict-prototypes -Wno-semicolon-before-method-body -index-store-path /Users/j/Documents/GitHub/MoneroOne/build/Index.noindex/DataStore @/Users/j/Documents/GitHub/MoneroOne/build/Build/Intermediates.noindex/swift-crypto.build/Debug-iphonesimulator/CCryptoBoringSSL.build/Objects-normal/arm64/7187679823f38a2a940e0043cdf9d637-common-args.resp -MMD -MT dependencies -MF /Users/j/Documents/GitHub/MoneroOne/build/Build/Intermediates.noindex/swift-crypto.build/Debug-iphonesimulator/CCryptoBoringSSL.build/Objects-normal/arm64/x86_64-gcc.d --serialize-diagnostics /Users/j/Documents/GitHub/MoneroOne/build/Build/Intermediates.noindex/swift-crypto.build/Debug-iphonesimulator/CCryptoBoringSSL.build/Objects-normal/arm64/x86_64-gcc.dia -c /Users/j/Documents/GitHub/MoneroOne/build/SourcePackages/checkouts/swift-crypto/Sources/CCryptoBoringSSL/crypto/fipsmodule/bn/asm/x86_64-gcc.c -o /Users/j/Documents/GitHub/MoneroOne/build/Build/Intermediates.noindex/swift-crypto.build/Debug-iphonesimulator/CCryptoBoringSSL.build/Objects-normal/arm64/x86_64-gcc.o -index-unit-output-path /swift-crypto.build/Debug-iphonesimulator/CCryptoBoringSSL.build/Objects-normal/arm64/x86_64-gcc.o

CompileC /Users/j/Documents/GitHub/MoneroOne/build/Build/Intermediates.noindex/swift-nio.build/Debug-iphonesimulator/CNIODarwin.build/Objects-normal/arm64/shim.o /Users/j/Documents/GitHub/MoneroOne/build/SourcePackages/checkouts/swift-nio/Sources/CNIODarwin/shim.c normal arm64 c com.apple.compilers.llvm.clang.1_0.compiler (in target 'CNIODarwin' from project 'swift-nio')
    cd /Users/j/Documents/GitHub/MoneroOne/MoneroOne.xcodeproj
    
    Using response file: /Users/j/Documents/GitHub/MoneroOne/build/Build/Intermediates.noindex/swift-nio.build/Debug-iphonesimulator/CNIODarwin.build/Objects-normal/arm64/7187679823f38a2a940e0043cdf9d637-common-args.resp
    
    /Applications/Xcode.app/Contents/Developer/Toolchains/XcodeDefault.xctoolchain/usr/bin/clang -x c -ivfsstatcache /Users/j/Documents/GitHub/MoneroOne/build/SDKStatCaches.noindex/iphonesimulator26.1-23B77-90cf18a4295e390e64c810bc6bd7acbc.sdkstatcache -fmessage-length\=0 -fdiagnostics-show-note-include-stack -fmacro-backtrace-limit\=0 -fno-color-diagnostics -fmodules-prune-interval\=86400 -fmodules-prune-after\=345600 -fbuild-session-file\=/Users/j/Documents/GitHub/MoneroOne/build/ModuleCache.noindex/Session.modulevalidation -fmodules-validate-once-per-build-session -Wnon-modular-include-in-framework-module -Werror\=non-modular-include-in-framework-module -Wno-trigraphs -Wno-missing-field-initializers -Wno-missing-prototypes -Wno-return-type -Wno-missing-braces -Wparentheses -Wswitch -Wno-unused-function -Wno-unused-label -Wno-unused-parameter -Wno-unused-variable -Wunused-value -Wno-empty-body -Wno-uninitialized -Wno-unknown-pragmas -w -Wno-shadow -Wno-four-char-constants -Wno-conversion -Wno-constant-conversion -Wno-int-conversion -Wno-bool-conversion -Wno-enum-conversion -Wno-float-conversion -Wno-non-literal-null-conversion -Wno-objc-literal-conversion -Wshorten-64-to-32 -Wpointer-sign -Wno-newline-eof -Wno-implicit-fallthrough -fstrict-aliasing -Wdeprecated-declarations -Wno-sign-conversion -Wno-infinite-recursion -Wno-comma -Wno-block-capture-autoreleasing -Wno-strict-prototypes -Wno-semicolon-before-method-body -index-store-path /Users/j/Documents/GitHub/MoneroOne/build/Index.noindex/DataStore @/Users/j/Documents/GitHub/MoneroOne/build/Build/Intermediates.noindex/swift-nio.build/Debug-iphonesimulator/CNIODarwin.build/Objects-normal/arm64/7187679823f38a2a940e0043cdf9d637-common-args.resp -MMD -MT dependencies -MF /Users/j/Documents/GitHub/MoneroOne/build/Build/Intermediates.noindex/swift-nio.build/Debug-iphonesimulator/CNIODarwin.build/Objects-normal/arm64/shim.d --serialize-diagnostics /Users/j/Documents/GitHub/MoneroOne/build/Build/Intermediates.noindex/swift-nio.build/Debug-iphonesimulator/CNIODarwin.build/Objects-normal/arm64/shim.dia -c /Users/j/Documents/GitHub/MoneroOne/build/SourcePackages/checkouts/swift-nio/Sources/CNIODarwin/shim.c -o /Users/j/Documents/GitHub/MoneroOne/build/Build/Intermediates.noindex/swift-nio.build/Debug-iphonesimulator/CNIODarwin.build/Objects-normal/arm64/shim.o -index-unit-output-path /swift-nio.build/Debug-iphonesimulator/CNIODarwin.build/Objects-normal/arm64/shim.o

CompileC /Users/j/Documents/GitHub/MoneroOne/build/Build/Intermediates.noindex/swift-crypto.build/Debug-iphonesimulator/CCryptoBoringSSL.build/Objects-normal/arm64/x509spki.o /Users/j/Documents/GitHub/MoneroOne/build/SourcePackages/checkouts/swift-crypto/Sources/CCryptoBoringSSL/crypto/x509/x509spki.c normal arm64 c com.apple.compilers.llvm.clang.1_0.compiler (in target 'CCryptoBoringSSL' from project 'swift-crypto')
    cd /Users/j/Documents/GitHub/MoneroOne/MoneroOne.xcodeproj
    
    Using response file: /Users/j/Documents/GitHub/MoneroOne/build/Build/Intermediates.noindex/swift-crypto.build/Debug-iphonesimulator/CCryptoBoringSSL.build/Objects-normal/arm64/7187679823f38a2a940e0043cdf9d637-common-args.resp
    
    /Applications/Xcode.app/Contents/Developer/Toolchains/XcodeDefault.xctoolchain/usr/bin/clang -x c -ivfsstatcache /Users/j/Documents/GitHub/MoneroOne/build/SDKStatCaches.noindex/iphonesimulator26.1-23B77-90cf18a4295e390e64c810bc6bd7acbc.sdkstatcache -fmessage-length\=0 -fdiagnostics-show-note-include-stack -fmacro-backtrace-limit\=0 -fno-color-diagnostics -fmodules-prune-interval\=86400 -fmodules-prune-after\=345600 -fbuild-session-file\=/Users/j/Documents/GitHub/MoneroOne/build/ModuleCache.noindex/Session.modulevalidation -fmodules-validate-once-per-build-session -Wnon-modular-include-in-framework-module -Werror\=non-modular-include-in-framework-module -Wno-trigraphs -Wno-missing-field-initializers -Wno-missing-prototypes -Wno-return-type -Wno-missing-braces -Wparentheses -Wswitch -Wno-unused-function -Wno-unused-label -Wno-unused-parameter -Wno-unused-variable -Wunused-value -Wno-empty-body -Wno-uninitialized -Wno-unknown-pragmas -w -Wno-shadow -Wno-four-char-constants -Wno-conversion -Wno-constant-conversion -Wno-int-conversion -Wno-bool-conversion -Wno-enum-conversion -Wno-float-conversion -Wno-non-literal-null-conversion -Wno-objc-literal-conversion -Wshorten-64-to-32 -Wpointer-sign -Wno-newline-eof -Wno-implicit-fallthrough -fstrict-aliasing -Wdeprecated-declarations -Wno-sign-conversion -Wno-infinite-recursion -Wno-comma -Wno-block-capture-autoreleasing -Wno-strict-prototypes -Wno-semicolon-before-method-body -index-store-path /Users/j/Documents/GitHub/MoneroOne/build/Index.noindex/DataStore @/Users/j/Documents/GitHub/MoneroOne/build/Build/Intermediates.noindex/swift-crypto.build/Debug-iphonesimulator/CCryptoBoringSSL.build/Objects-normal/arm64/7187679823f38a2a940e0043cdf9d637-common-args.resp -MMD -MT dependencies -MF /Users/j/Documents/GitHub/MoneroOne/build/Build/Intermediates.noindex/swift-crypto.build/Debug-iphonesimulator/CCryptoBoringSSL.build/Objects-normal/arm64/x509spki.d --serialize-diagnostics /Users/j/Documents/GitHub/MoneroOne/build/Build/Intermediates.noindex/swift-crypto.build/Debug-iphonesimulator/CCryptoBoringSSL.build/Objects-normal/arm64/x509spki.dia -c /Users/j/Documents/GitHub/MoneroOne/build/SourcePackages/checkouts/swift-crypto/Sources/CCryptoBoringSSL/crypto/x509/x509spki.c -o /Users/j/Documents/GitHub/MoneroOne/build/Build/Intermediates.noindex/swift-crypto.build/Debug-iphonesimulator/CCryptoBoringSSL.build/Objects-normal/arm64/x509spki.o -index-unit-output-path /swift-crypto.build/Debug-iphonesimulator/CCryptoBoringSSL.build/Objects-normal/arm64/x509spki.o

CompileC /Users/j/Documents/GitHub/MoneroOne/build/Build/Intermediates.noindex/swift-crypto.build/Debug-iphonesimulator/CCryptoBoringSSL.build/Objects-normal/arm64/x509rset.o /Users/j/Documents/GitHub/MoneroOne/build/SourcePackages/checkouts/swift-crypto/Sources/CCryptoBoringSSL/crypto/x509/x509rset.c normal arm64 c com.apple.compilers.llvm.clang.1_0.compiler (in target 'CCryptoBoringSSL' from project 'swift-crypto')
    cd /Users/j/Documents/GitHub/MoneroOne/MoneroOne.xcodeproj
    
    Using response file: /Users/j/Documents/GitHub/MoneroOne/build/Build/Intermediates.noindex/swift-crypto.build/Debug-iphonesimulator/CCryptoBoringSSL.build/Objects-normal/arm64/7187679823f38a2a940e0043cdf9d637-common-args.resp
    
    /Applications/Xcode.app/Contents/Developer/Toolchains/XcodeDefault.xctoolchain/usr/bin/clang -x c -ivfsstatcache /Users/j/Documents/GitHub/MoneroOne/build/SDKStatCaches.noindex/iphonesimulator26.1-23B77-90cf18a4295e390e64c810bc6bd7acbc.sdkstatcache -fmessage-length\=0 -fdiagnostics-show-note-include-stack -fmacro-backtrace-limit\=0 -fno-color-diagnostics -fmodules-prune-interval\=86400 -fmodules-prune-after\=345600 -fbuild-session-file\=/Users/j/Documents/GitHub/MoneroOne/build/ModuleCache.noindex/Session.modulevalidation -fmodules-validate-once-per-build-session -Wnon-modular-include-in-framework-module -Werror\=non-modular-include-in-framework-module -Wno-trigraphs -Wno-missing-field-initializers -Wno-missing-prototypes -Wno-return-type -Wno-missing-braces -Wparentheses -Wswitch -Wno-unused-function -Wno-unused-label -Wno-unused-parameter -Wno-unused-variable -Wunused-value -Wno-empty-body -Wno-uninitialized -Wno-unknown-pragmas -w -Wno-shadow -Wno-four-char-constants -Wno-conversion -Wno-constant-conversion -Wno-int-conversion -Wno-bool-conversion -Wno-enum-conversion -Wno-float-conversion -Wno-non-literal-null-conversion -Wno-objc-literal-conversion -Wshorten-64-to-32 -Wpointer-sign -Wno-newline-eof -Wno-implicit-fallthrough -fstrict-aliasing -Wdeprecated-declarations -Wno-sign-conversion -Wno-infinite-recursion -Wno-comma -Wno-block-capture-autoreleasing -Wno-strict-prototypes -Wno-semicolon-before-method-body -index-store-path /Users/j/Documents/GitHub/MoneroOne/build/Index.noindex/DataStore @/Users/j/Documents/GitHub/MoneroOne/build/Build/Intermediates.noindex/swift-crypto.build/Debug-iphonesimulator/CCryptoBoringSSL.build/Objects-normal/arm64/7187679823f38a2a940e0043cdf9d637-common-args.resp -MMD -MT dependencies -MF /Users/j/Documents/GitHub/MoneroOne/build/Build/Intermediates.noindex/swift-crypto.build/Debug-iphonesimulator/CCryptoBoringSSL.build/Objects-normal/arm64/x509rset.d --serialize-diagnostics /Users/j/Documents/GitHub/MoneroOne/build/Build/Intermediates.noindex/swift-crypto.build/Debug-iphonesimulator/CCryptoBoringSSL.build/Objects-normal/arm64/x509rset.dia -c /Users/j/Documents/GitHub/MoneroOne/build/SourcePackages/checkouts/swift-crypto/Sources/CCryptoBoringSSL/crypto/x509/x509rset.c -o /Users/j/Documents/GitHub/MoneroOne/build/Build/Intermediates.noindex/swift-crypto.build/Debug-iphonesimulator/CCryptoBoringSSL.build/Objects-normal/arm64/x509rset.o -index-unit-output-path /swift-crypto.build/Debug-iphonesimulator/CCryptoBoringSSL.build/Objects-normal/arm64/x509rset.o

ScanDependencies /Users/j/Documents/GitHub/MoneroOne/build/Build/Intermediates.noindex/swift-crypto.build/Debug-iphonesimulator/CCryptoBoringSSL.build/Objects-normal/arm64/x509name.o /Users/j/Documents/GitHub/MoneroOne/build/SourcePackages/checkouts/swift-crypto/Sources/CCryptoBoringSSL/crypto/x509/x509name.c normal arm64 c com.apple.compilers.llvm.clang.1_0.compiler (in target 'CCryptoBoringSSL' from project 'swift-crypto')
    cd /Users/j/Documents/GitHub/MoneroOne/MoneroOne.xcodeproj
    
    Using response file: /Users/j/Documents/GitHub/MoneroOne/build/Build/Intermediates.noindex/swift-crypto.build/Debug-iphonesimulator/CCryptoBoringSSL.build/Objects-normal/arm64/7187679823f38a2a940e0043cdf9d637-common-args.resp
    
    builtin-ScanDependencies -o /Users/j/Documents/GitHub/MoneroOne/build/Build/Intermediates.noindex/swift-crypto.build/Debug-iphonesimulator/CCryptoBoringSSL.build/Objects-normal/arm64/x509name.o.scan -- /Applications/Xcode.app/Contents/Developer/Toolchains/XcodeDefault.xctoolchain/usr/bin/clang -x c -ivfsstatcache /Users/j/Documents/GitHub/MoneroOne/build/SDKStatCaches.noindex/iphonesimulator26.1-23B77-90cf18a4295e390e64c810bc6bd7acbc.sdkstatcache -fmessage-length\=0 -fdiagnostics-show-note-include-stack -fmacro-backtrace-limit\=0 -fno-color-diagnostics -fmodules-prune-interval\=86400 -fmodules-prune-after\=345600 -fbuild-session-file\=/Users/j/Documents/GitHub/MoneroOne/build/ModuleCache.noindex/Session.modulevalidation -fmodules-validate-once-per-build-session -Wnon-modular-include-in-framework-module -Werror\=non-modular-include-in-framework-module -Wno-trigraphs -Wno-missing-field-initializers -Wno-missing-prototypes -Wno-return-type -Wno-missing-braces -Wparentheses -Wswitch -Wno-unused-function -Wno-unused-label -Wno-unused-parameter -Wno-unused-variable -Wunused-value -Wno-empty-body -Wno-uninitialized -Wno-unknown-pragmas -w -Wno-shadow -Wno-four-char-constants -Wno-conversion -Wno-constant-conversion -Wno-int-conversion -Wno-bool-conversion -Wno-enum-conversion -Wno-float-conversion -Wno-non-literal-null-conversion -Wno-objc-literal-conversion -Wshorten-64-to-32 -Wpointer-sign -Wno-newline-eof -Wno-implicit-fallthrough -fstrict-aliasing -Wdeprecated-declarations -Wno-sign-conversion -Wno-infinite-recursion -Wno-comma -Wno-block-capture-autoreleasing -Wno-strict-prototypes -Wno-semicolon-before-method-body -index-store-path /Users/j/Documents/GitHub/MoneroOne/build/Index.noindex/DataStore @/Users/j/Documents/GitHub/MoneroOne/build/Build/Intermediates.noindex/swift-crypto.build/Debug-iphonesimulator/CCryptoBoringSSL.build/Objects-normal/arm64/7187679823f38a2a940e0043cdf9d637-common-args.resp -MMD -MT dependencies -MF /Users/j/Documents/GitHub/MoneroOne/build/Build/Intermediates.noindex/swift-crypto.build/Debug-iphonesimulator/CCryptoBoringSSL.build/Objects-normal/arm64/x509name.d --serialize-diagnostics /Users/j/Documents/GitHub/MoneroOne/build/Build/Intermediates.noindex/swift-crypto.build/Debug-iphonesimulator/CCryptoBoringSSL.build/Objects-normal/arm64/x509name.dia -c /Users/j/Documents/GitHub/MoneroOne/build/SourcePackages/checkouts/swift-crypto/Sources/CCryptoBoringSSL/crypto/x509/x509name.c -o /Users/j/Documents/GitHub/MoneroOne/build/Build/Intermediates.noindex/swift-crypto.build/Debug-iphonesimulator/CCryptoBoringSSL.build/Objects-normal/arm64/x509name.o -index-unit-output-path /swift-crypto.build/Debug-iphonesimulator/CCryptoBoringSSL.build/Objects-normal/arm64/x509name.o

ScanDependencies /Users/j/Documents/GitHub/MoneroOne/build/Build/Intermediates.noindex/swift-crypto.build/Debug-iphonesimulator/CCryptoBoringSSL.build/Objects-normal/arm64/x509cset.o /Users/j/Documents/GitHub/MoneroOne/build/SourcePackages/checkouts/swift-crypto/Sources/CCryptoBoringSSL/crypto/x509/x509cset.c normal arm64 c com.apple.compilers.llvm.clang.1_0.compiler (in target 'CCryptoBoringSSL' from project 'swift-crypto')
    cd /Users/j/Documents/GitHub/MoneroOne/MoneroOne.xcodeproj
    
    Using response file: /Users/j/Documents/GitHub/MoneroOne/build/Build/Intermediates.noindex/swift-crypto.build/Debug-iphonesimulator/CCryptoBoringSSL.build/Objects-normal/arm64/7187679823f38a2a940e0043cdf9d637-common-args.resp
    
    builtin-ScanDependencies -o /Users/j/Documents/GitHub/MoneroOne/build/Build/Intermediates.noindex/swift-crypto.build/Debug-iphonesimulator/CCryptoBoringSSL.build/Objects-normal/arm64/x509cset.o.scan -- /Applications/Xcode.app/Contents/Developer/Toolchains/XcodeDefault.xctoolchain/usr/bin/clang -x c -ivfsstatcache /Users/j/Documents/GitHub/MoneroOne/build/SDKStatCaches.noindex/iphonesimulator26.1-23B77-90cf18a4295e390e64c810bc6bd7acbc.sdkstatcache -fmessage-length\=0 -fdiagnostics-show-note-include-stack -fmacro-backtrace-limit\=0 -fno-color-diagnostics -fmodules-prune-interval\=86400 -fmodules-prune-after\=345600 -fbuild-session-file\=/Users/j/Documents/GitHub/MoneroOne/build/ModuleCache.noindex/Session.modulevalidation -fmodules-validate-once-per-build-session -Wnon-modular-include-in-framework-module -Werror\=non-modular-include-in-framework-module -Wno-trigraphs -Wno-missing-field-initializers -Wno-missing-prototypes -Wno-return-type -Wno-missing-braces -Wparentheses -Wswitch -Wno-unused-function -Wno-unused-label -Wno-unused-parameter -Wno-unused-variable -Wunused-value -Wno-empty-body -Wno-uninitialized -Wno-unknown-pragmas -w -Wno-shadow -Wno-four-char-constants -Wno-conversion -Wno-constant-conversion -Wno-int-conversion -Wno-bool-conversion -Wno-enum-conversion -Wno-float-conversion -Wno-non-literal-null-conversion -Wno-objc-literal-conversion -Wshorten-64-to-32 -Wpointer-sign -Wno-newline-eof -Wno-implicit-fallthrough -fstrict-aliasing -Wdeprecated-declarations -Wno-sign-conversion -Wno-infinite-recursion -Wno-comma -Wno-block-capture-autoreleasing -Wno-strict-prototypes -Wno-semicolon-before-method-body -index-store-path /Users/j/Documents/GitHub/MoneroOne/build/Index.noindex/DataStore @/Users/j/Documents/GitHub/MoneroOne/build/Build/Intermediates.noindex/swift-crypto.build/Debug-iphonesimulator/CCryptoBoringSSL.build/Objects-normal/arm64/7187679823f38a2a940e0043cdf9d637-common-args.resp -MMD -MT dependencies -MF /Users/j/Documents/GitHub/MoneroOne/build/Build/Intermediates.noindex/swift-crypto.build/Debug-iphonesimulator/CCryptoBoringSSL.build/Objects-normal/arm64/x509cset.d --serialize-diagnostics /Users/j/Documents/GitHub/MoneroOne/build/Build/Intermediates.noindex/swift-crypto.build/Debug-iphonesimulator/CCryptoBoringSSL.build/Objects-normal/arm64/x509cset.dia -c /Users/j/Documents/GitHub/MoneroOne/build/SourcePackages/checkouts/swift-crypto/Sources/CCryptoBoringSSL/crypto/x509/x509cset.c -o /Users/j/Documents/GitHub/MoneroOne/build/Build/Intermediates.noindex/swift-crypto.build/Debug-iphonesimulator/CCryptoBoringSSL.build/Objects-normal/arm64/x509cset.o -index-unit-output-path /swift-crypto.build/Debug-iphonesimulator/CCryptoBoringSSL.build/Objects-normal/arm64/x509cset.o

ScanDependencies /Users/j/Documents/GitHub/MoneroOne/build/Build/Intermediates.noindex/swift-crypto.build/Debug-iphonesimulator/CCryptoBoringSSL.build/Objects-normal/arm64/x509_vpm.o /Users/j/Documents/GitHub/MoneroOne/build/SourcePackages/checkouts/swift-crypto/Sources/CCryptoBoringSSL/crypto/x509/x509_vpm.c normal arm64 c com.apple.compilers.llvm.clang.1_0.compiler (in target 'CCryptoBoringSSL' from project 'swift-crypto')
    cd /Users/j/Documents/GitHub/MoneroOne/MoneroOne.xcodeproj
    
    Using response file: /Users/j/Documents/GitHub/MoneroOne/build/Build/Intermediates.noindex/swift-crypto.build/Debug-iphonesimulator/CCryptoBoringSSL.build/Objects-normal/arm64/7187679823f38a2a940e0043cdf9d637-common-args.resp
    
    builtin-ScanDependencies -o /Users/j/Documents/GitHub/MoneroOne/build/Build/Intermediates.noindex/swift-crypto.build/Debug-iphonesimulator/CCryptoBoringSSL.build/Objects-normal/arm64/x509_vpm.o.scan -- /Applications/Xcode.app/Contents/Developer/Toolchains/XcodeDefault.xctoolchain/usr/bin/clang -x c -ivfsstatcache /Users/j/Documents/GitHub/MoneroOne/build/SDKStatCaches.noindex/iphonesimulator26.1-23B77-90cf18a4295e390e64c810bc6bd7acbc.sdkstatcache -fmessage-length\=0 -fdiagnostics-show-note-include-stack -fmacro-backtrace-limit\=0 -fno-color-diagnostics -fmodules-prune-interval\=86400 -fmodules-prune-after\=345600 -fbuild-session-file\=/Users/j/Documents/GitHub/MoneroOne/build/ModuleCache.noindex/Session.modulevalidation -fmodules-validate-once-per-build-session -Wnon-modular-include-in-framework-module -Werror\=non-modular-include-in-framework-module -Wno-trigraphs -Wno-missing-field-initializers -Wno-missing-prototypes -Wno-return-type -Wno-missing-braces -Wparentheses -Wswitch -Wno-unused-function -Wno-unused-label -Wno-unused-parameter -Wno-unused-variable -Wunused-value -Wno-empty-body -Wno-uninitialized -Wno-unknown-pragmas -w -Wno-shadow -Wno-four-char-constants -Wno-conversion -Wno-constant-conversion -Wno-int-conversion -Wno-bool-conversion -Wno-enum-conversion -Wno-float-conversion -Wno-non-literal-null-conversion -Wno-objc-literal-conversion -Wshorten-64-to-32 -Wpointer-sign -Wno-newline-eof -Wno-implicit-fallthrough -fstrict-aliasing -Wdeprecated-declarations -Wno-sign-conversion -Wno-infinite-recursion -Wno-comma -Wno-block-capture-autoreleasing -Wno-strict-prototypes -Wno-semicolon-before-method-body -index-store-path /Users/j/Documents/GitHub/MoneroOne/build/Index.noindex/DataStore @/Users/j/Documents/GitHub/MoneroOne/build/Build/Intermediates.noindex/swift-crypto.build/Debug-iphonesimulator/CCryptoBoringSSL.build/Objects-normal/arm64/7187679823f38a2a940e0043cdf9d637-common-args.resp -MMD -MT dependencies -MF /Users/j/Documents/GitHub/MoneroOne/build/Build/Intermediates.noindex/swift-crypto.build/Debug-iphonesimulator/CCryptoBoringSSL.build/Objects-normal/arm64/x509_vpm.d --serialize-diagnostics /Users/j/Documents/GitHub/MoneroOne/build/Build/Intermediates.noindex/swift-crypto.build/Debug-iphonesimulator/CCryptoBoringSSL.build/Objects-normal/arm64/x509_vpm.dia -c /Users/j/Documents/GitHub/MoneroOne/build/SourcePackages/checkouts/swift-crypto/Sources/CCryptoBoringSSL/crypto/x509/x509_vpm.c -o /Users/j/Documents/GitHub/MoneroOne/build/Build/Intermediates.noindex/swift-crypto.build/Debug-iphonesimulator/CCryptoBoringSSL.build/Objects-normal/arm64/x509_vpm.o -index-unit-output-path /swift-crypto.build/Debug-iphonesimulator/CCryptoBoringSSL.build/Objects-normal/arm64/x509_vpm.o

Ld /Users/j/Documents/GitHub/MoneroOne/build/Build/Products/Debug-iphonesimulator/CNIODarwin.o normal (in target 'CNIODarwin' from project 'swift-nio')
    cd /Users/j/Documents/GitHub/MoneroOne/build/SourcePackages/checkouts/swift-nio
    /Applications/Xcode.app/Contents/Developer/Toolchains/XcodeDefault.xctoolchain/usr/bin/clang -Xlinker -reproducible -target arm64-apple-ios12.0-simulator -r -isysroot /Applications/Xcode.app/Contents/Developer/Platforms/iPhoneSimulator.platform/Developer/SDKs/iPhoneSimulator26.1.sdk -O0 -w -L/Users/j/Documents/GitHub/MoneroOne/build/Build/Intermediates.noindex/EagerLinkingTBDs/Debug-iphonesimulator -L/Users/j/Documents/GitHub/MoneroOne/build/Build/Products/Debug-iphonesimulator -L/Applications/Xcode.app/Contents/Developer/Platforms/iPhoneSimulator.platform/Developer/usr/lib -F/Users/j/Documents/GitHub/MoneroOne/build/Build/Intermediates.noindex/EagerLinkingTBDs/Debug-iphonesimulator -F/Users/j/Documents/GitHub/MoneroOne/build/Build/Products/Debug-iphonesimulator -iframework /Applications/Xcode.app/Contents/Developer/Platforms/iPhoneSimulator.platform/Developer/Library/Frameworks -iframework /Applications/Xcode.app/Contents/Developer/Platforms/iPhoneSimulator.platform/Developer/SDKs/iPhoneSimulator26.1.sdk/Developer/Library/Frameworks -filelist /Users/j/Documents/GitHub/MoneroOne/build/Build/Intermediates.noindex/swift-nio.build/Debug-iphonesimulator/CNIODarwin.build/Objects-normal/arm64/CNIODarwin.LinkFileList -nostdlib -Xlinker -object_path_lto -Xlinker /Users/j/Documents/GitHub/MoneroOne/build/Build/Intermediates.noindex/swift-nio.build/Debug-iphonesimulator/CNIODarwin.build/Objects-normal/arm64/CNIODarwin_lto.o -rdynamic -Xlinker -no_deduplicate -Xlinker -objc_abi_version -Xlinker 2 -Xlinker -dependency_info -Xlinker /Users/j/Documents/GitHub/MoneroOne/build/Build/Intermediates.noindex/swift-nio.build/Debug-iphonesimulator/CNIODarwin.build/Objects-normal/arm64/CNIODarwin_dependency_info.dat -o /Users/j/Documents/GitHub/MoneroOne/build/Build/Products/Debug-iphonesimulator/CNIODarwin.o

CompileC /Users/j/Documents/GitHub/MoneroOne/build/Build/Intermediates.noindex/swift-crypto.build/Debug-iphonesimulator/CCryptoBoringSSL.build/Objects-normal/arm64/x509name.o /Users/j/Documents/GitHub/MoneroOne/build/SourcePackages/checkouts/swift-crypto/Sources/CCryptoBoringSSL/crypto/x509/x509name.c normal arm64 c com.apple.compilers.llvm.clang.1_0.compiler (in target 'CCryptoBoringSSL' from project 'swift-crypto')
    cd /Users/j/Documents/GitHub/MoneroOne/MoneroOne.xcodeproj
    
    Using response file: /Users/j/Documents/GitHub/MoneroOne/build/Build/Intermediates.noindex/swift-crypto.build/Debug-iphonesimulator/CCryptoBoringSSL.build/Objects-normal/arm64/7187679823f38a2a940e0043cdf9d637-common-args.resp
    
    /Applications/Xcode.app/Contents/Developer/Toolchains/XcodeDefault.xctoolchain/usr/bin/clang -x c -ivfsstatcache /Users/j/Documents/GitHub/MoneroOne/build/SDKStatCaches.noindex/iphonesimulator26.1-23B77-90cf18a4295e390e64c810bc6bd7acbc.sdkstatcache -fmessage-length\=0 -fdiagnostics-show-note-include-stack -fmacro-backtrace-limit\=0 -fno-color-diagnostics -fmodules-prune-interval\=86400 -fmodules-prune-after\=345600 -fbuild-session-file\=/Users/j/Documents/GitHub/MoneroOne/build/ModuleCache.noindex/Session.modulevalidation -fmodules-validate-once-per-build-session -Wnon-modular-include-in-framework-module -Werror\=non-modular-include-in-framework-module -Wno-trigraphs -Wno-missing-field-initializers -Wno-missing-prototypes -Wno-return-type -Wno-missing-braces -Wparentheses -Wswitch -Wno-unused-function -Wno-unused-label -Wno-unused-parameter -Wno-unused-variable -Wunused-value -Wno-empty-body -Wno-uninitialized -Wno-unknown-pragmas -w -Wno-shadow -Wno-four-char-constants -Wno-conversion -Wno-constant-conversion -Wno-int-conversion -Wno-bool-conversion -Wno-enum-conversion -Wno-float-conversion -Wno-non-literal-null-conversion -Wno-objc-literal-conversion -Wshorten-64-to-32 -Wpointer-sign -Wno-newline-eof -Wno-implicit-fallthrough -fstrict-aliasing -Wdeprecated-declarations -Wno-sign-conversion -Wno-infinite-recursion -Wno-comma -Wno-block-capture-autoreleasing -Wno-strict-prototypes -Wno-semicolon-before-method-body -index-store-path /Users/j/Documents/GitHub/MoneroOne/build/Index.noindex/DataStore @/Users/j/Documents/GitHub/MoneroOne/build/Build/Intermediates.noindex/swift-crypto.build/Debug-iphonesimulator/CCryptoBoringSSL.build/Objects-normal/arm64/7187679823f38a2a940e0043cdf9d637-common-args.resp -MMD -MT dependencies -MF /Users/j/Documents/GitHub/MoneroOne/build/Build/Intermediates.noindex/swift-crypto.build/Debug-iphonesimulator/CCryptoBoringSSL.build/Objects-normal/arm64/x509name.d --serialize-diagnostics /Users/j/Documents/GitHub/MoneroOne/build/Build/Intermediates.noindex/swift-crypto.build/Debug-iphonesimulator/CCryptoBoringSSL.build/Objects-normal/arm64/x509name.dia -c /Users/j/Documents/GitHub/MoneroOne/build/SourcePackages/checkouts/swift-crypto/Sources/CCryptoBoringSSL/crypto/x509/x509name.c -o /Users/j/Documents/GitHub/MoneroOne/build/Build/Intermediates.noindex/swift-crypto.build/Debug-iphonesimulator/CCryptoBoringSSL.build/Objects-normal/arm64/x509name.o -index-unit-output-path /swift-crypto.build/Debug-iphonesimulator/CCryptoBoringSSL.build/Objects-normal/arm64/x509name.o

CompileC /Users/j/Documents/GitHub/MoneroOne/build/Build/Intermediates.noindex/swift-crypto.build/Debug-iphonesimulator/CCryptoBoringSSL.build/Objects-normal/arm64/x509_vpm.o /Users/j/Documents/GitHub/MoneroOne/build/SourcePackages/checkouts/swift-crypto/Sources/CCryptoBoringSSL/crypto/x509/x509_vpm.c normal arm64 c com.apple.compilers.llvm.clang.1_0.compiler (in target 'CCryptoBoringSSL' from project 'swift-crypto')
    cd /Users/j/Documents/GitHub/MoneroOne/MoneroOne.xcodeproj
    
    Using response file: /Users/j/Documents/GitHub/MoneroOne/build/Build/Intermediates.noindex/swift-crypto.build/Debug-iphonesimulator/CCryptoBoringSSL.build/Objects-normal/arm64/7187679823f38a2a940e0043cdf9d637-common-args.resp
    
    /Applications/Xcode.app/Contents/Developer/Toolchains/XcodeDefault.xctoolchain/usr/bin/clang -x c -ivfsstatcache /Users/j/Documents/GitHub/MoneroOne/build/SDKStatCaches.noindex/iphonesimulator26.1-23B77-90cf18a4295e390e64c810bc6bd7acbc.sdkstatcache -fmessage-length\=0 -fdiagnostics-show-note-include-stack -fmacro-backtrace-limit\=0 -fno-color-diagnostics -fmodules-prune-interval\=86400 -fmodules-prune-after\=345600 -fbuild-session-file\=/Users/j/Documents/GitHub/MoneroOne/build/ModuleCache.noindex/Session.modulevalidation -fmodules-validate-once-per-build-session -Wnon-modular-include-in-framework-module -Werror\=non-modular-include-in-framework-module -Wno-trigraphs -Wno-missing-field-initializers -Wno-missing-prototypes -Wno-return-type -Wno-missing-braces -Wparentheses -Wswitch -Wno-unused-function -Wno-unused-label -Wno-unused-parameter -Wno-unused-variable -Wunused-value -Wno-empty-body -Wno-uninitialized -Wno-unknown-pragmas -w -Wno-shadow -Wno-four-char-constants -Wno-conversion -Wno-constant-conversion -Wno-int-conversion -Wno-bool-conversion -Wno-enum-conversion -Wno-float-conversion -Wno-non-literal-null-conversion -Wno-objc-literal-conversion -Wshorten-64-to-32 -Wpointer-sign -Wno-newline-eof -Wno-implicit-fallthrough -fstrict-aliasing -Wdeprecated-declarations -Wno-sign-conversion -Wno-infinite-recursion -Wno-comma -Wno-block-capture-autoreleasing -Wno-strict-prototypes -Wno-semicolon-before-method-body -index-store-path /Users/j/Documents/GitHub/MoneroOne/build/Index.noindex/DataStore @/Users/j/Documents/GitHub/MoneroOne/build/Build/Intermediates.noindex/swift-crypto.build/Debug-iphonesimulator/CCryptoBoringSSL.build/Objects-normal/arm64/7187679823f38a2a940e0043cdf9d637-common-args.resp -MMD -MT dependencies -MF /Users/j/Documents/GitHub/MoneroOne/build/Build/Intermediates.noindex/swift-crypto.build/Debug-iphonesimulator/CCryptoBoringSSL.build/Objects-normal/arm64/x509_vpm.d --serialize-diagnostics /Users/j/Documents/GitHub/MoneroOne/build/Build/Intermediates.noindex/swift-crypto.build/Debug-iphonesimulator/CCryptoBoringSSL.build/Objects-normal/arm64/x509_vpm.dia -c /Users/j/Documents/GitHub/MoneroOne/build/SourcePackages/checkouts/swift-crypto/Sources/CCryptoBoringSSL/crypto/x509/x509_vpm.c -o /Users/j/Documents/GitHub/MoneroOne/build/Build/Intermediates.noindex/swift-crypto.build/Debug-iphonesimulator/CCryptoBoringSSL.build/Objects-normal/arm64/x509_vpm.o -index-unit-output-path /swift-crypto.build/Debug-iphonesimulator/CCryptoBoringSSL.build/Objects-normal/arm64/x509_vpm.o

CompileC /Users/j/Documents/GitHub/MoneroOne/build/Build/Intermediates.noindex/swift-crypto.build/Debug-iphonesimulator/CCryptoBoringSSL.build/Objects-normal/arm64/x509cset.o /Users/j/Documents/GitHub/MoneroOne/build/SourcePackages/checkouts/swift-crypto/Sources/CCryptoBoringSSL/crypto/x509/x509cset.c normal arm64 c com.apple.compilers.llvm.clang.1_0.compiler (in target 'CCryptoBoringSSL' from project 'swift-crypto')
    cd /Users/j/Documents/GitHub/MoneroOne/MoneroOne.xcodeproj
    
    Using response file: /Users/j/Documents/GitHub/MoneroOne/build/Build/Intermediates.noindex/swift-crypto.build/Debug-iphonesimulator/CCryptoBoringSSL.build/Objects-normal/arm64/7187679823f38a2a940e0043cdf9d637-common-args.resp
    
    /Applications/Xcode.app/Contents/Developer/Toolchains/XcodeDefault.xctoolchain/usr/bin/clang -x c -ivfsstatcache /Users/j/Documents/GitHub/MoneroOne/build/SDKStatCaches.noindex/iphonesimulator26.1-23B77-90cf18a4295e390e64c810bc6bd7acbc.sdkstatcache -fmessage-length\=0 -fdiagnostics-show-note-include-stack -fmacro-backtrace-limit\=0 -fno-color-diagnostics -fmodules-prune-interval\=86400 -fmodules-prune-after\=345600 -fbuild-session-file\=/Users/j/Documents/GitHub/MoneroOne/build/ModuleCache.noindex/Session.modulevalidation -fmodules-validate-once-per-build-session -Wnon-modular-include-in-framework-module -Werror\=non-modular-include-in-framework-module -Wno-trigraphs -Wno-missing-field-initializers -Wno-missing-prototypes -Wno-return-type -Wno-missing-braces -Wparentheses -Wswitch -Wno-unused-function -Wno-unused-label -Wno-unused-parameter -Wno-unused-variable -Wunused-value -Wno-empty-body -Wno-uninitialized -Wno-unknown-pragmas -w -Wno-shadow -Wno-four-char-constants -Wno-conversion -Wno-constant-conversion -Wno-int-conversion -Wno-bool-conversion -Wno-enum-conversion -Wno-float-conversion -Wno-non-literal-null-conversion -Wno-objc-literal-conversion -Wshorten-64-to-32 -Wpointer-sign -Wno-newline-eof -Wno-implicit-fallthrough -fstrict-aliasing -Wdeprecated-declarations -Wno-sign-conversion -Wno-infinite-recursion -Wno-comma -Wno-block-capture-autoreleasing -Wno-strict-prototypes -Wno-semicolon-before-method-body -index-store-path /Users/j/Documents/GitHub/MoneroOne/build/Index.noindex/DataStore @/Users/j/Documents/GitHub/MoneroOne/build/Build/Intermediates.noindex/swift-crypto.build/Debug-iphonesimulator/CCryptoBoringSSL.build/Objects-normal/arm64/7187679823f38a2a940e0043cdf9d637-common-args.resp -MMD -MT dependencies -MF /Users/j/Documents/GitHub/MoneroOne/build/Build/Intermediates.noindex/swift-crypto.build/Debug-iphonesimulator/CCryptoBoringSSL.build/Objects-normal/arm64/x509cset.d --serialize-diagnostics /Users/j/Documents/GitHub/MoneroOne/build/Build/Intermediates.noindex/swift-crypto.build/Debug-iphonesimulator/CCryptoBoringSSL.build/Objects-normal/arm64/x509cset.dia -c /Users/j/Documents/GitHub/MoneroOne/build/SourcePackages/checkouts/swift-crypto/Sources/CCryptoBoringSSL/crypto/x509/x509cset.c -o /Users/j/Documents/GitHub/MoneroOne/build/Build/Intermediates.noindex/swift-crypto.build/Debug-iphonesimulator/CCryptoBoringSSL.build/Objects-normal/arm64/x509cset.o -index-unit-output-path /swift-crypto.build/Debug-iphonesimulator/CCryptoBoringSSL.build/Objects-normal/arm64/x509cset.o

ScanDependencies /Users/j/Documents/GitHub/MoneroOne/build/Build/Intermediates.noindex/swift-crypto.build/Debug-iphonesimulator/CCryptoBoringSSL.build/Objects-normal/arm64/x509_vfy.o /Users/j/Documents/GitHub/MoneroOne/build/SourcePackages/checkouts/swift-crypto/Sources/CCryptoBoringSSL/crypto/x509/x509_vfy.c normal arm64 c com.apple.compilers.llvm.clang.1_0.compiler (in target 'CCryptoBoringSSL' from project 'swift-crypto')
    cd /Users/j/Documents/GitHub/MoneroOne/MoneroOne.xcodeproj
    
    Using response file: /Users/j/Documents/GitHub/MoneroOne/build/Build/Intermediates.noindex/swift-crypto.build/Debug-iphonesimulator/CCryptoBoringSSL.build/Objects-normal/arm64/7187679823f38a2a940e0043cdf9d637-common-args.resp
    
    builtin-ScanDependencies -o /Users/j/Documents/GitHub/MoneroOne/build/Build/Intermediates.noindex/swift-crypto.build/Debug-iphonesimulator/CCryptoBoringSSL.build/Objects-normal/arm64/x509_vfy.o.scan -- /Applications/Xcode.app/Contents/Developer/Toolchains/XcodeDefault.xctoolchain/usr/bin/clang -x c -ivfsstatcache /Users/j/Documents/GitHub/MoneroOne/build/SDKStatCaches.noindex/iphonesimulator26.1-23B77-90cf18a4295e390e64c810bc6bd7acbc.sdkstatcache -fmessage-length\=0 -fdiagnostics-show-note-include-stack -fmacro-backtrace-limit\=0 -fno-color-diagnostics -fmodules-prune-interval\=86400 -fmodules-prune-after\=345600 -fbuild-session-file\=/Users/j/Documents/GitHub/MoneroOne/build/ModuleCache.noindex/Session.modulevalidation -fmodules-validate-once-per-build-session -Wnon-modular-include-in-framework-module -Werror\=non-modular-include-in-framework-module -Wno-trigraphs -Wno-missing-field-initializers -Wno-missing-prototypes -Wno-return-type -Wno-missing-braces -Wparentheses -Wswitch -Wno-unused-function -Wno-unused-label -Wno-unused-parameter -Wno-unused-variable -Wunused-value -Wno-empty-body -Wno-uninitialized -Wno-unknown-pragmas -w -Wno-shadow -Wno-four-char-constants -Wno-conversion -Wno-constant-conversion -Wno-int-conversion -Wno-bool-conversion -Wno-enum-conversion -Wno-float-conversion -Wno-non-literal-null-conversion -Wno-objc-literal-conversion -Wshorten-64-to-32 -Wpointer-sign -Wno-newline-eof -Wno-implicit-fallthrough -fstrict-aliasing -Wdeprecated-declarations -Wno-sign-conversion -Wno-infinite-recursion -Wno-comma -Wno-block-capture-autoreleasing -Wno-strict-prototypes -Wno-semicolon-before-method-body -index-store-path /Users/j/Documents/GitHub/MoneroOne/build/Index.noindex/DataStore @/Users/j/Documents/GitHub/MoneroOne/build/Build/Intermediates.noindex/swift-crypto.build/Debug-iphonesimulator/CCryptoBoringSSL.build/Objects-normal/arm64/7187679823f38a2a940e0043cdf9d637-common-args.resp -MMD -MT dependencies -MF /Users/j/Documents/GitHub/MoneroOne/build/Build/Intermediates.noindex/swift-crypto.build/Debug-iphonesimulator/CCryptoBoringSSL.build/Objects-normal/arm64/x509_vfy.d --serialize-diagnostics /Users/j/Documents/GitHub/MoneroOne/build/Build/Intermediates.noindex/swift-crypto.build/Debug-iphonesimulator/CCryptoBoringSSL.build/Objects-normal/arm64/x509_vfy.dia -c /Users/j/Documents/GitHub/MoneroOne/build/SourcePackages/checkouts/swift-crypto/Sources/CCryptoBoringSSL/crypto/x509/x509_vfy.c -o /Users/j/Documents/GitHub/MoneroOne/build/Build/Intermediates.noindex/swift-crypto.build/Debug-iphonesimulator/CCryptoBoringSSL.build/Objects-normal/arm64/x509_vfy.o -index-unit-output-path /swift-crypto.build/Debug-iphonesimulator/CCryptoBoringSSL.build/Objects-normal/arm64/x509_vfy.o

ScanDependencies /Users/j/Documents/GitHub/MoneroOne/build/Build/Intermediates.noindex/swift-crypto.build/Debug-iphonesimulator/CCryptoBoringSSL.build/Objects-normal/arm64/x509_v3.o /Users/j/Documents/GitHub/MoneroOne/build/SourcePackages/checkouts/swift-crypto/Sources/CCryptoBoringSSL/crypto/x509/x509_v3.c normal arm64 c com.apple.compilers.llvm.clang.1_0.compiler (in target 'CCryptoBoringSSL' from project 'swift-crypto')
    cd /Users/j/Documents/GitHub/MoneroOne/MoneroOne.xcodeproj
    
    Using response file: /Users/j/Documents/GitHub/MoneroOne/build/Build/Intermediates.noindex/swift-crypto.build/Debug-iphonesimulator/CCryptoBoringSSL.build/Objects-normal/arm64/7187679823f38a2a940e0043cdf9d637-common-args.resp
    
    builtin-ScanDependencies -o /Users/j/Documents/GitHub/MoneroOne/build/Build/Intermediates.noindex/swift-crypto.build/Debug-iphonesimulator/CCryptoBoringSSL.build/Objects-normal/arm64/x509_v3.o.scan -- /Applications/Xcode.app/Contents/Developer/Toolchains/XcodeDefault.xctoolchain/usr/bin/clang -x c -ivfsstatcache /Users/j/Documents/GitHub/MoneroOne/build/SDKStatCaches.noindex/iphonesimulator26.1-23B77-90cf18a4295e390e64c810bc6bd7acbc.sdkstatcache -fmessage-length\=0 -fdiagnostics-show-note-include-stack -fmacro-backtrace-limit\=0 -fno-color-diagnostics -fmodules-prune-interval\=86400 -fmodules-prune-after\=345600 -fbuild-session-file\=/Users/j/Documents/GitHub/MoneroOne/build/ModuleCache.noindex/Session.modulevalidation -fmodules-validate-once-per-build-session -Wnon-modular-include-in-framework-module -Werror\=non-modular-include-in-framework-module -Wno-trigraphs -Wno-missing-field-initializers -Wno-missing-prototypes -Wno-return-type -Wno-missing-braces -Wparentheses -Wswitch -Wno-unused-function -Wno-unused-label -Wno-unused-parameter -Wno-unused-variable -Wunused-value -Wno-empty-body -Wno-uninitialized -Wno-unknown-pragmas -w -Wno-shadow -Wno-four-char-constants -Wno-conversion -Wno-constant-conversion -Wno-int-conversion -Wno-bool-conversion -Wno-enum-conversion -Wno-float-conversion -Wno-non-literal-null-conversion -Wno-objc-literal-conversion -Wshorten-64-to-32 -Wpointer-sign -Wno-newline-eof -Wno-implicit-fallthrough -fstrict-aliasing -Wdeprecated-declarations -Wno-sign-conversion -Wno-infinite-recursion -Wno-comma -Wno-block-capture-autoreleasing -Wno-strict-prototypes -Wno-semicolon-before-method-body -index-store-path /Users/j/Documents/GitHub/MoneroOne/build/Index.noindex/DataStore @/Users/j/Documents/GitHub/MoneroOne/build/Build/Intermediates.noindex/swift-crypto.build/Debug-iphonesimulator/CCryptoBoringSSL.build/Objects-normal/arm64/7187679823f38a2a940e0043cdf9d637-common-args.resp -MMD -MT dependencies -MF /Users/j/Documents/GitHub/MoneroOne/build/Build/Intermediates.noindex/swift-crypto.build/Debug-iphonesimulator/CCryptoBoringSSL.build/Objects-normal/arm64/x509_v3.d --serialize-diagnostics /Users/j/Documents/GitHub/MoneroOne/build/Build/Intermediates.noindex/swift-crypto.build/Debug-iphonesimulator/CCryptoBoringSSL.build/Objects-normal/arm64/x509_v3.dia -c /Users/j/Documents/GitHub/MoneroOne/build/SourcePackages/checkouts/swift-crypto/Sources/CCryptoBoringSSL/crypto/x509/x509_v3.c -o /Users/j/Documents/GitHub/MoneroOne/build/Build/Intermediates.noindex/swift-crypto.build/Debug-iphonesimulator/CCryptoBoringSSL.build/Objects-normal/arm64/x509_v3.o -index-unit-output-path /swift-crypto.build/Debug-iphonesimulator/CCryptoBoringSSL.build/Objects-normal/arm64/x509_v3.o

ScanDependencies /Users/j/Documents/GitHub/MoneroOne/build/Build/Intermediates.noindex/swift-crypto.build/Debug-iphonesimulator/CCryptoBoringSSL.build/Objects-normal/arm64/x509_txt.o /Users/j/Documents/GitHub/MoneroOne/build/SourcePackages/checkouts/swift-crypto/Sources/CCryptoBoringSSL/crypto/x509/x509_txt.c normal arm64 c com.apple.compilers.llvm.clang.1_0.compiler (in target 'CCryptoBoringSSL' from project 'swift-crypto')
    cd /Users/j/Documents/GitHub/MoneroOne/MoneroOne.xcodeproj
    
    Using response file: /Users/j/Documents/GitHub/MoneroOne/build/Build/Intermediates.noindex/swift-crypto.build/Debug-iphonesimulator/CCryptoBoringSSL.build/Objects-normal/arm64/7187679823f38a2a940e0043cdf9d637-common-args.resp
    
    builtin-ScanDependencies -o /Users/j/Documents/GitHub/MoneroOne/build/Build/Intermediates.noindex/swift-crypto.build/Debug-iphonesimulator/CCryptoBoringSSL.build/Objects-normal/arm64/x509_txt.o.scan -- /Applications/Xcode.app/Contents/Developer/Toolchains/XcodeDefault.xctoolchain/usr/bin/clang -x c -ivfsstatcache /Users/j/Documents/GitHub/MoneroOne/build/SDKStatCaches.noindex/iphonesimulator26.1-23B77-90cf18a4295e390e64c810bc6bd7acbc.sdkstatcache -fmessage-length\=0 -fdiagnostics-show-note-include-stack -fmacro-backtrace-limit\=0 -fno-color-diagnostics -fmodules-prune-interval\=86400 -fmodules-prune-after\=345600 -fbuild-session-file\=/Users/j/Documents/GitHub/MoneroOne/build/ModuleCache.noindex/Session.modulevalidation -fmodules-validate-once-per-build-session -Wnon-modular-include-in-framework-module -Werror\=non-modular-include-in-framework-module -Wno-trigraphs -Wno-missing-field-initializers -Wno-missing-prototypes -Wno-return-type -Wno-missing-braces -Wparentheses -Wswitch -Wno-unused-function -Wno-unused-label -Wno-unused-parameter -Wno-unused-variable -Wunused-value -Wno-empty-body -Wno-uninitialized -Wno-unknown-pragmas -w -Wno-shadow -Wno-four-char-constants -Wno-conversion -Wno-constant-conversion -Wno-int-conversion -Wno-bool-conversion -Wno-enum-conversion -Wno-float-conversion -Wno-non-literal-null-conversion -Wno-objc-literal-conversion -Wshorten-64-to-32 -Wpointer-sign -Wno-newline-eof -Wno-implicit-fallthrough -fstrict-aliasing -Wdeprecated-declarations -Wno-sign-conversion -Wno-infinite-recursion -Wno-comma -Wno-block-capture-autoreleasing -Wno-strict-prototypes -Wno-semicolon-before-method-body -index-store-path /Users/j/Documents/GitHub/MoneroOne/build/Index.noindex/DataStore @/Users/j/Documents/GitHub/MoneroOne/build/Build/Intermediates.noindex/swift-crypto.build/Debug-iphonesimulator/CCryptoBoringSSL.build/Objects-normal/arm64/7187679823f38a2a940e0043cdf9d637-common-args.resp -MMD -MT dependencies -MF /Users/j/Documents/GitHub/MoneroOne/build/Build/Intermediates.noindex/swift-crypto.build/Debug-iphonesimulator/CCryptoBoringSSL.build/Objects-normal/arm64/x509_txt.d --serialize-diagnostics /Users/j/Documents/GitHub/MoneroOne/build/Build/Intermediates.noindex/swift-crypto.build/Debug-iphonesimulator/CCryptoBoringSSL.build/Objects-normal/arm64/x509_txt.dia -c /Users/j/Documents/GitHub/MoneroOne/build/SourcePackages/checkouts/swift-crypto/Sources/CCryptoBoringSSL/crypto/x509/x509_txt.c -o /Users/j/Documents/GitHub/MoneroOne/build/Build/Intermediates.noindex/swift-crypto.build/Debug-iphonesimulator/CCryptoBoringSSL.build/Objects-normal/arm64/x509_txt.o -index-unit-output-path /swift-crypto.build/Debug-iphonesimulator/CCryptoBoringSSL.build/Objects-normal/arm64/x509_txt.o

ScanDependencies /Users/j/Documents/GitHub/MoneroOne/build/Build/Intermediates.noindex/swift-crypto.build/Debug-iphonesimulator/CCryptoBoringSSL.build/Objects-normal/arm64/x509_trs.o /Users/j/Documents/GitHub/MoneroOne/build/SourcePackages/checkouts/swift-crypto/Sources/CCryptoBoringSSL/crypto/x509/x509_trs.c normal arm64 c com.apple.compilers.llvm.clang.1_0.compiler (in target 'CCryptoBoringSSL' from project 'swift-crypto')
    cd /Users/j/Documents/GitHub/MoneroOne/MoneroOne.xcodeproj
    
    Using response file: /Users/j/Documents/GitHub/MoneroOne/build/Build/Intermediates.noindex/swift-crypto.build/Debug-iphonesimulator/CCryptoBoringSSL.build/Objects-normal/arm64/7187679823f38a2a940e0043cdf9d637-common-args.resp
    
    builtin-ScanDependencies -o /Users/j/Documents/GitHub/MoneroOne/build/Build/Intermediates.noindex/swift-crypto.build/Debug-iphonesimulator/CCryptoBoringSSL.build/Objects-normal/arm64/x509_trs.o.scan -- /Applications/Xcode.app/Contents/Developer/Toolchains/XcodeDefault.xctoolchain/usr/bin/clang -x c -ivfsstatcache /Users/j/Documents/GitHub/MoneroOne/build/SDKStatCaches.noindex/iphonesimulator26.1-23B77-90cf18a4295e390e64c810bc6bd7acbc.sdkstatcache -fmessage-length\=0 -fdiagnostics-show-note-include-stack -fmacro-backtrace-limit\=0 -fno-color-diagnostics -fmodules-prune-interval\=86400 -fmodules-prune-after\=345600 -fbuild-session-file\=/Users/j/Documents/GitHub/MoneroOne/build/ModuleCache.noindex/Session.modulevalidation -fmodules-validate-once-per-build-session -Wnon-modular-include-in-framework-module -Werror\=non-modular-include-in-framework-module -Wno-trigraphs -Wno-missing-field-initializers -Wno-missing-prototypes -Wno-return-type -Wno-missing-braces -Wparentheses -Wswitch -Wno-unused-function -Wno-unused-label -Wno-unused-parameter -Wno-unused-variable -Wunused-value -Wno-empty-body -Wno-uninitialized -Wno-unknown-pragmas -w -Wno-shadow -Wno-four-char-constants -Wno-conversion -Wno-constant-conversion -Wno-int-conversion -Wno-bool-conversion -Wno-enum-conversion -Wno-float-conversion -Wno-non-literal-null-conversion -Wno-objc-literal-conversion -Wshorten-64-to-32 -Wpointer-sign -Wno-newline-eof -Wno-implicit-fallthrough -fstrict-aliasing -Wdeprecated-declarations -Wno-sign-conversion -Wno-infinite-recursion -Wno-comma -Wno-block-capture-autoreleasing -Wno-strict-prototypes -Wno-semicolon-before-method-body -index-store-path /Users/j/Documents/GitHub/MoneroOne/build/Index.noindex/DataStore @/Users/j/Documents/GitHub/MoneroOne/build/Build/Intermediates.noindex/swift-crypto.build/Debug-iphonesimulator/CCryptoBoringSSL.build/Objects-normal/arm64/7187679823f38a2a940e0043cdf9d637-common-args.resp -MMD -MT dependencies -MF /Users/j/Documents/GitHub/MoneroOne/build/Build/Intermediates.noindex/swift-crypto.build/Debug-iphonesimulator/CCryptoBoringSSL.build/Objects-normal/arm64/x509_trs.d --serialize-diagnostics /Users/j/Documents/GitHub/MoneroOne/build/Build/Intermediates.noindex/swift-crypto.build/Debug-iphonesimulator/CCryptoBoringSSL.build/Objects-normal/arm64/x509_trs.dia -c /Users/j/Documents/GitHub/MoneroOne/build/SourcePackages/checkouts/swift-crypto/Sources/CCryptoBoringSSL/crypto/x509/x509_trs.c -o /Users/j/Documents/GitHub/MoneroOne/build/Build/Intermediates.noindex/swift-crypto.build/Debug-iphonesimulator/CCryptoBoringSSL.build/Objects-normal/arm64/x509_trs.o -index-unit-output-path /swift-crypto.build/Debug-iphonesimulator/CCryptoBoringSSL.build/Objects-normal/arm64/x509_trs.o

ScanDependencies /Users/j/Documents/GitHub/MoneroOne/build/Build/Intermediates.noindex/swift-crypto.build/Debug-iphonesimulator/CCryptoBoringSSL.build/Objects-normal/arm64/x509_set.o /Users/j/Documents/GitHub/MoneroOne/build/SourcePackages/checkouts/swift-crypto/Sources/CCryptoBoringSSL/crypto/x509/x509_set.c normal arm64 c com.apple.compilers.llvm.clang.1_0.compiler (in target 'CCryptoBoringSSL' from project 'swift-crypto')
    cd /Users/j/Documents/GitHub/MoneroOne/MoneroOne.xcodeproj
    
    Using response file: /Users/j/Documents/GitHub/MoneroOne/build/Build/Intermediates.noindex/swift-crypto.build/Debug-iphonesimulator/CCryptoBoringSSL.build/Objects-normal/arm64/7187679823f38a2a940e0043cdf9d637-common-args.resp
    
    builtin-ScanDependencies -o /Users/j/Documents/GitHub/MoneroOne/build/Build/Intermediates.noindex/swift-crypto.build/Debug-iphonesimulator/CCryptoBoringSSL.build/Objects-normal/arm64/x509_set.o.scan -- /Applications/Xcode.app/Contents/Developer/Toolchains/XcodeDefault.xctoolchain/usr/bin/clang -x c -ivfsstatcache /Users/j/Documents/GitHub/MoneroOne/build/SDKStatCaches.noindex/iphonesimulator26.1-23B77-90cf18a4295e390e64c810bc6bd7acbc.sdkstatcache -fmessage-length\=0 -fdiagnostics-show-note-include-stack -fmacro-backtrace-limit\=0 -fno-color-diagnostics -fmodules-prune-interval\=86400 -fmodules-prune-after\=345600 -fbuild-session-file\=/Users/j/Documents/GitHub/MoneroOne/build/ModuleCache.noindex/Session.modulevalidation -fmodules-validate-once-per-build-session -Wnon-modular-include-in-framework-module -Werror\=non-modular-include-in-framework-module -Wno-trigraphs -Wno-missing-field-initializers -Wno-missing-prototypes -Wno-return-type -Wno-missing-braces -Wparentheses -Wswitch -Wno-unused-function -Wno-unused-label -Wno-unused-parameter -Wno-unused-variable -Wunused-value -Wno-empty-body -Wno-uninitialized -Wno-unknown-pragmas -w -Wno-shadow -Wno-four-char-constants -Wno-conversion -Wno-constant-conversion -Wno-int-conversion -Wno-bool-conversion -Wno-enum-conversion -Wno-float-conversion -Wno-non-literal-null-conversion -Wno-objc-literal-conversion -Wshorten-64-to-32 -Wpointer-sign -Wno-newline-eof -Wno-implicit-fallthrough -fstrict-aliasing -Wdeprecated-declarations -Wno-sign-conversion -Wno-infinite-recursion -Wno-comma -Wno-block-capture-autoreleasing -Wno-strict-prototypes -Wno-semicolon-before-method-body -index-store-path /Users/j/Documents/GitHub/MoneroOne/build/Index.noindex/DataStore @/Users/j/Documents/GitHub/MoneroOne/build/Build/Intermediates.noindex/swift-crypto.build/Debug-iphonesimulator/CCryptoBoringSSL.build/Objects-normal/arm64/7187679823f38a2a940e0043cdf9d637-common-args.resp -MMD -MT dependencies -MF /Users/j/Documents/GitHub/MoneroOne/build/Build/Intermediates.noindex/swift-crypto.build/Debug-iphonesimulator/CCryptoBoringSSL.build/Objects-normal/arm64/x509_set.d --serialize-diagnostics /Users/j/Documents/GitHub/MoneroOne/build/Build/Intermediates.noindex/swift-crypto.build/Debug-iphonesimulator/CCryptoBoringSSL.build/Objects-normal/arm64/x509_set.dia -c /Users/j/Documents/GitHub/MoneroOne/build/SourcePackages/checkouts/swift-crypto/Sources/CCryptoBoringSSL/crypto/x509/x509_set.c -o /Users/j/Documents/GitHub/MoneroOne/build/Build/Intermediates.noindex/swift-crypto.build/Debug-iphonesimulator/CCryptoBoringSSL.build/Objects-normal/arm64/x509_set.o -index-unit-output-path /swift-crypto.build/Debug-iphonesimulator/CCryptoBoringSSL.build/Objects-normal/arm64/x509_set.o

ScanDependencies /Users/j/Documents/GitHub/MoneroOne/build/Build/Intermediates.noindex/swift-crypto.build/Debug-iphonesimulator/CCryptoBoringSSL.build/Objects-normal/arm64/x509_req.o /Users/j/Documents/GitHub/MoneroOne/build/SourcePackages/checkouts/swift-crypto/Sources/CCryptoBoringSSL/crypto/x509/x509_req.c normal arm64 c com.apple.compilers.llvm.clang.1_0.compiler (in target 'CCryptoBoringSSL' from project 'swift-crypto')
    cd /Users/j/Documents/GitHub/MoneroOne/MoneroOne.xcodeproj
    
    Using response file: /Users/j/Documents/GitHub/MoneroOne/build/Build/Intermediates.noindex/swift-crypto.build/Debug-iphonesimulator/CCryptoBoringSSL.build/Objects-normal/arm64/7187679823f38a2a940e0043cdf9d637-common-args.resp
    
    builtin-ScanDependencies -o /Users/j/Documents/GitHub/MoneroOne/build/Build/Intermediates.noindex/swift-crypto.build/Debug-iphonesimulator/CCryptoBoringSSL.build/Objects-normal/arm64/x509_req.o.scan -- /Applications/Xcode.app/Contents/Developer/Toolchains/XcodeDefault.xctoolchain/usr/bin/clang -x c -ivfsstatcache /Users/j/Documents/GitHub/MoneroOne/build/SDKStatCaches.noindex/iphonesimulator26.1-23B77-90cf18a4295e390e64c810bc6bd7acbc.sdkstatcache -fmessage-length\=0 -fdiagnostics-show-note-include-stack -fmacro-backtrace-limit\=0 -fno-color-diagnostics -fmodules-prune-interval\=86400 -fmodules-prune-after\=345600 -fbuild-session-file\=/Users/j/Documents/GitHub/MoneroOne/build/ModuleCache.noindex/Session.modulevalidation -fmodules-validate-once-per-build-session -Wnon-modular-include-in-framework-module -Werror\=non-modular-include-in-framework-module -Wno-trigraphs -Wno-missing-field-initializers -Wno-missing-prototypes -Wno-return-type -Wno-missing-braces -Wparentheses -Wswitch -Wno-unused-function -Wno-unused-label -Wno-unused-parameter -Wno-unused-variable -Wunused-value -Wno-empty-body -Wno-uninitialized -Wno-unknown-pragmas -w -Wno-shadow -Wno-four-char-constants -Wno-conversion -Wno-constant-conversion -Wno-int-conversion -Wno-bool-conversion -Wno-enum-conversion -Wno-float-conversion -Wno-non-literal-null-conversion -Wno-objc-literal-conversion -Wshorten-64-to-32 -Wpointer-sign -Wno-newline-eof -Wno-implicit-fallthrough -fstrict-aliasing -Wdeprecated-declarations -Wno-sign-conversion -Wno-infinite-recursion -Wno-comma -Wno-block-capture-autoreleasing -Wno-strict-prototypes -Wno-semicolon-before-method-body -index-store-path /Users/j/Documents/GitHub/MoneroOne/build/Index.noindex/DataStore @/Users/j/Documents/GitHub/MoneroOne/build/Build/Intermediates.noindex/swift-crypto.build/Debug-iphonesimulator/CCryptoBoringSSL.build/Objects-normal/arm64/7187679823f38a2a940e0043cdf9d637-common-args.resp -MMD -MT dependencies -MF /Users/j/Documents/GitHub/MoneroOne/build/Build/Intermediates.noindex/swift-crypto.build/Debug-iphonesimulator/CCryptoBoringSSL.build/Objects-normal/arm64/x509_req.d --serialize-diagnostics /Users/j/Documents/GitHub/MoneroOne/build/Build/Intermediates.noindex/swift-crypto.build/Debug-iphonesimulator/CCryptoBoringSSL.build/Objects-normal/arm64/x509_req.dia -c /Users/j/Documents/GitHub/MoneroOne/build/SourcePackages/checkouts/swift-crypto/Sources/CCryptoBoringSSL/crypto/x509/x509_req.c -o /Users/j/Documents/GitHub/MoneroOne/build/Build/Intermediates.noindex/swift-crypto.build/Debug-iphonesimulator/CCryptoBoringSSL.build/Objects-normal/arm64/x509_req.o -index-unit-output-path /swift-crypto.build/Debug-iphonesimulator/CCryptoBoringSSL.build/Objects-normal/arm64/x509_req.o

ScanDependencies /Users/j/Documents/GitHub/MoneroOne/build/Build/Intermediates.noindex/swift-crypto.build/Debug-iphonesimulator/CCryptoBoringSSL.build/Objects-normal/arm64/x509_obj.o /Users/j/Documents/GitHub/MoneroOne/build/SourcePackages/checkouts/swift-crypto/Sources/CCryptoBoringSSL/crypto/x509/x509_obj.c normal arm64 c com.apple.compilers.llvm.clang.1_0.compiler (in target 'CCryptoBoringSSL' from project 'swift-crypto')
    cd /Users/j/Documents/GitHub/MoneroOne/MoneroOne.xcodeproj
    
    Using response file: /Users/j/Documents/GitHub/MoneroOne/build/Build/Intermediates.noindex/swift-crypto.build/Debug-iphonesimulator/CCryptoBoringSSL.build/Objects-normal/arm64/7187679823f38a2a940e0043cdf9d637-common-args.resp
    
    builtin-ScanDependencies -o /Users/j/Documents/GitHub/MoneroOne/build/Build/Intermediates.noindex/swift-crypto.build/Debug-iphonesimulator/CCryptoBoringSSL.build/Objects-normal/arm64/x509_obj.o.scan -- /Applications/Xcode.app/Contents/Developer/Toolchains/XcodeDefault.xctoolchain/usr/bin/clang -x c -ivfsstatcache /Users/j/Documents/GitHub/MoneroOne/build/SDKStatCaches.noindex/iphonesimulator26.1-23B77-90cf18a4295e390e64c810bc6bd7acbc.sdkstatcache -fmessage-length\=0 -fdiagnostics-show-note-include-stack -fmacro-backtrace-limit\=0 -fno-color-diagnostics -fmodules-prune-interval\=86400 -fmodules-prune-after\=345600 -fbuild-session-file\=/Users/j/Documents/GitHub/MoneroOne/build/ModuleCache.noindex/Session.modulevalidation -fmodules-validate-once-per-build-session -Wnon-modular-include-in-framework-module -Werror\=non-modular-include-in-framework-module -Wno-trigraphs -Wno-missing-field-initializers -Wno-missing-prototypes -Wno-return-type -Wno-missing-braces -Wparentheses -Wswitch -Wno-unused-function -Wno-unused-label -Wno-unused-parameter -Wno-unused-variable -Wunused-value -Wno-empty-body -Wno-uninitialized -Wno-unknown-pragmas -w -Wno-shadow -Wno-four-char-constants -Wno-conversion -Wno-constant-conversion -Wno-int-conversion -Wno-bool-conversion -Wno-enum-conversion -Wno-float-conversion -Wno-non-literal-null-conversion -Wno-objc-literal-conversion -Wshorten-64-to-32 -Wpointer-sign -Wno-newline-eof -Wno-implicit-fallthrough -fstrict-aliasing -Wdeprecated-declarations -Wno-sign-conversion -Wno-infinite-recursion -Wno-comma -Wno-block-capture-autoreleasing -Wno-strict-prototypes -Wno-semicolon-before-method-body -index-store-path /Users/j/Documents/GitHub/MoneroOne/build/Index.noindex/DataStore @/Users/j/Documents/GitHub/MoneroOne/build/Build/Intermediates.noindex/swift-crypto.build/Debug-iphonesimulator/CCryptoBoringSSL.build/Objects-normal/arm64/7187679823f38a2a940e0043cdf9d637-common-args.resp -MMD -MT dependencies -MF /Users/j/Documents/GitHub/MoneroOne/build/Build/Intermediates.noindex/swift-crypto.build/Debug-iphonesimulator/CCryptoBoringSSL.build/Objects-normal/arm64/x509_obj.d --serialize-diagnostics /Users/j/Documents/GitHub/MoneroOne/build/Build/Intermediates.noindex/swift-crypto.build/Debug-iphonesimulator/CCryptoBoringSSL.build/Objects-normal/arm64/x509_obj.dia -c /Users/j/Documents/GitHub/MoneroOne/build/SourcePackages/checkouts/swift-crypto/Sources/CCryptoBoringSSL/crypto/x509/x509_obj.c -o /Users/j/Documents/GitHub/MoneroOne/build/Build/Intermediates.noindex/swift-crypto.build/Debug-iphonesimulator/CCryptoBoringSSL.build/Objects-normal/arm64/x509_obj.o -index-unit-output-path /swift-crypto.build/Debug-iphonesimulator/CCryptoBoringSSL.build/Objects-normal/arm64/x509_obj.o

CompileC /Users/j/Documents/GitHub/MoneroOne/build/Build/Intermediates.noindex/swift-crypto.build/Debug-iphonesimulator/CCryptoBoringSSL.build/Objects-normal/arm64/x509_v3.o /Users/j/Documents/GitHub/MoneroOne/build/SourcePackages/checkouts/swift-crypto/Sources/CCryptoBoringSSL/crypto/x509/x509_v3.c normal arm64 c com.apple.compilers.llvm.clang.1_0.compiler (in target 'CCryptoBoringSSL' from project 'swift-crypto')
    cd /Users/j/Documents/GitHub/MoneroOne/MoneroOne.xcodeproj
    
    Using response file: /Users/j/Documents/GitHub/MoneroOne/build/Build/Intermediates.noindex/swift-crypto.build/Debug-iphonesimulator/CCryptoBoringSSL.build/Objects-normal/arm64/7187679823f38a2a940e0043cdf9d637-common-args.resp
    
    /Applications/Xcode.app/Contents/Developer/Toolchains/XcodeDefault.xctoolchain/usr/bin/clang -x c -ivfsstatcache /Users/j/Documents/GitHub/MoneroOne/build/SDKStatCaches.noindex/iphonesimulator26.1-23B77-90cf18a4295e390e64c810bc6bd7acbc.sdkstatcache -fmessage-length\=0 -fdiagnostics-show-note-include-stack -fmacro-backtrace-limit\=0 -fno-color-diagnostics -fmodules-prune-interval\=86400 -fmodules-prune-after\=345600 -fbuild-session-file\=/Users/j/Documents/GitHub/MoneroOne/build/ModuleCache.noindex/Session.modulevalidation -fmodules-validate-once-per-build-session -Wnon-modular-include-in-framework-module -Werror\=non-modular-include-in-framework-module -Wno-trigraphs -Wno-missing-field-initializers -Wno-missing-prototypes -Wno-return-type -Wno-missing-braces -Wparentheses -Wswitch -Wno-unused-function -Wno-unused-label -Wno-unused-parameter -Wno-unused-variable -Wunused-value -Wno-empty-body -Wno-uninitialized -Wno-unknown-pragmas -w -Wno-shadow -Wno-four-char-constants -Wno-conversion -Wno-constant-conversion -Wno-int-conversion -Wno-bool-conversion -Wno-enum-conversion -Wno-float-conversion -Wno-non-literal-null-conversion -Wno-objc-literal-conversion -Wshorten-64-to-32 -Wpointer-sign -Wno-newline-eof -Wno-implicit-fallthrough -fstrict-aliasing -Wdeprecated-declarations -Wno-sign-conversion -Wno-infinite-recursion -Wno-comma -Wno-block-capture-autoreleasing -Wno-strict-prototypes -Wno-semicolon-before-method-body -index-store-path /Users/j/Documents/GitHub/MoneroOne/build/Index.noindex/DataStore @/Users/j/Documents/GitHub/MoneroOne/build/Build/Intermediates.noindex/swift-crypto.build/Debug-iphonesimulator/CCryptoBoringSSL.build/Objects-normal/arm64/7187679823f38a2a940e0043cdf9d637-common-args.resp -MMD -MT dependencies -MF /Users/j/Documents/GitHub/MoneroOne/build/Build/Intermediates.noindex/swift-crypto.build/Debug-iphonesimulator/CCryptoBoringSSL.build/Objects-normal/arm64/x509_v3.d --serialize-diagnostics /Users/j/Documents/GitHub/MoneroOne/build/Build/Intermediates.noindex/swift-crypto.build/Debug-iphonesimulator/CCryptoBoringSSL.build/Objects-normal/arm64/x509_v3.dia -c /Users/j/Documents/GitHub/MoneroOne/build/SourcePackages/checkouts/swift-crypto/Sources/CCryptoBoringSSL/crypto/x509/x509_v3.c -o /Users/j/Documents/GitHub/MoneroOne/build/Build/Intermediates.noindex/swift-crypto.build/Debug-iphonesimulator/CCryptoBoringSSL.build/Objects-normal/arm64/x509_v3.o -index-unit-output-path /swift-crypto.build/Debug-iphonesimulator/CCryptoBoringSSL.build/Objects-normal/arm64/x509_v3.o

CompileC /Users/j/Documents/GitHub/MoneroOne/build/Build/Intermediates.noindex/swift-crypto.build/Debug-iphonesimulator/CCryptoBoringSSL.build/Objects-normal/arm64/x509_vfy.o /Users/j/Documents/GitHub/MoneroOne/build/SourcePackages/checkouts/swift-crypto/Sources/CCryptoBoringSSL/crypto/x509/x509_vfy.c normal arm64 c com.apple.compilers.llvm.clang.1_0.compiler (in target 'CCryptoBoringSSL' from project 'swift-crypto')
    cd /Users/j/Documents/GitHub/MoneroOne/MoneroOne.xcodeproj
    
    Using response file: /Users/j/Documents/GitHub/MoneroOne/build/Build/Intermediates.noindex/swift-crypto.build/Debug-iphonesimulator/CCryptoBoringSSL.build/Objects-normal/arm64/7187679823f38a2a940e0043cdf9d637-common-args.resp
    
    /Applications/Xcode.app/Contents/Developer/Toolchains/XcodeDefault.xctoolchain/usr/bin/clang -x c -ivfsstatcache /Users/j/Documents/GitHub/MoneroOne/build/SDKStatCaches.noindex/iphonesimulator26.1-23B77-90cf18a4295e390e64c810bc6bd7acbc.sdkstatcache -fmessage-length\=0 -fdiagnostics-show-note-include-stack -fmacro-backtrace-limit\=0 -fno-color-diagnostics -fmodules-prune-interval\=86400 -fmodules-prune-after\=345600 -fbuild-session-file\=/Users/j/Documents/GitHub/MoneroOne/build/ModuleCache.noindex/Session.modulevalidation -fmodules-validate-once-per-build-session -Wnon-modular-include-in-framework-module -Werror\=non-modular-include-in-framework-module -Wno-trigraphs -Wno-missing-field-initializers -Wno-missing-prototypes -Wno-return-type -Wno-missing-braces -Wparentheses -Wswitch -Wno-unused-function -Wno-unused-label -Wno-unused-parameter -Wno-unused-variable -Wunused-value -Wno-empty-body -Wno-uninitialized -Wno-unknown-pragmas -w -Wno-shadow -Wno-four-char-constants -Wno-conversion -Wno-constant-conversion -Wno-int-conversion -Wno-bool-conversion -Wno-enum-conversion -Wno-float-conversion -Wno-non-literal-null-conversion -Wno-objc-literal-conversion -Wshorten-64-to-32 -Wpointer-sign -Wno-newline-eof -Wno-implicit-fallthrough -fstrict-aliasing -Wdeprecated-declarations -Wno-sign-conversion -Wno-infinite-recursion -Wno-comma -Wno-block-capture-autoreleasing -Wno-strict-prototypes -Wno-semicolon-before-method-body -index-store-path /Users/j/Documents/GitHub/MoneroOne/build/Index.noindex/DataStore @/Users/j/Documents/GitHub/MoneroOne/build/Build/Intermediates.noindex/swift-crypto.build/Debug-iphonesimulator/CCryptoBoringSSL.build/Objects-normal/arm64/7187679823f38a2a940e0043cdf9d637-common-args.resp -MMD -MT dependencies -MF /Users/j/Documents/GitHub/MoneroOne/build/Build/Intermediates.noindex/swift-crypto.build/Debug-iphonesimulator/CCryptoBoringSSL.build/Objects-normal/arm64/x509_vfy.d --serialize-diagnostics /Users/j/Documents/GitHub/MoneroOne/build/Build/Intermediates.noindex/swift-crypto.build/Debug-iphonesimulator/CCryptoBoringSSL.build/Objects-normal/arm64/x509_vfy.dia -c /Users/j/Documents/GitHub/MoneroOne/build/SourcePackages/checkouts/swift-crypto/Sources/CCryptoBoringSSL/crypto/x509/x509_vfy.c -o /Users/j/Documents/GitHub/MoneroOne/build/Build/Intermediates.noindex/swift-crypto.build/Debug-iphonesimulator/CCryptoBoringSSL.build/Objects-normal/arm64/x509_vfy.o -index-unit-output-path /swift-crypto.build/Debug-iphonesimulator/CCryptoBoringSSL.build/Objects-normal/arm64/x509_vfy.o

CompileC /Users/j/Documents/GitHub/MoneroOne/build/Build/Intermediates.noindex/swift-crypto.build/Debug-iphonesimulator/CCryptoBoringSSL.build/Objects-normal/arm64/x509_txt.o /Users/j/Documents/GitHub/MoneroOne/build/SourcePackages/checkouts/swift-crypto/Sources/CCryptoBoringSSL/crypto/x509/x509_txt.c normal arm64 c com.apple.compilers.llvm.clang.1_0.compiler (in target 'CCryptoBoringSSL' from project 'swift-crypto')
    cd /Users/j/Documents/GitHub/MoneroOne/MoneroOne.xcodeproj
    
    Using response file: /Users/j/Documents/GitHub/MoneroOne/build/Build/Intermediates.noindex/swift-crypto.build/Debug-iphonesimulator/CCryptoBoringSSL.build/Objects-normal/arm64/7187679823f38a2a940e0043cdf9d637-common-args.resp
    
    /Applications/Xcode.app/Contents/Developer/Toolchains/XcodeDefault.xctoolchain/usr/bin/clang -x c -ivfsstatcache /Users/j/Documents/GitHub/MoneroOne/build/SDKStatCaches.noindex/iphonesimulator26.1-23B77-90cf18a4295e390e64c810bc6bd7acbc.sdkstatcache -fmessage-length\=0 -fdiagnostics-show-note-include-stack -fmacro-backtrace-limit\=0 -fno-color-diagnostics -fmodules-prune-interval\=86400 -fmodules-prune-after\=345600 -fbuild-session-file\=/Users/j/Documents/GitHub/MoneroOne/build/ModuleCache.noindex/Session.modulevalidation -fmodules-validate-once-per-build-session -Wnon-modular-include-in-framework-module -Werror\=non-modular-include-in-framework-module -Wno-trigraphs -Wno-missing-field-initializers -Wno-missing-prototypes -Wno-return-type -Wno-missing-braces -Wparentheses -Wswitch -Wno-unused-function -Wno-unused-label -Wno-unused-parameter -Wno-unused-variable -Wunused-value -Wno-empty-body -Wno-uninitialized -Wno-unknown-pragmas -w -Wno-shadow -Wno-four-char-constants -Wno-conversion -Wno-constant-conversion -Wno-int-conversion -Wno-bool-conversion -Wno-enum-conversion -Wno-float-conversion -Wno-non-literal-null-conversion -Wno-objc-literal-conversion -Wshorten-64-to-32 -Wpointer-sign -Wno-newline-eof -Wno-implicit-fallthrough -fstrict-aliasing -Wdeprecated-declarations -Wno-sign-conversion -Wno-infinite-recursion -Wno-comma -Wno-block-capture-autoreleasing -Wno-strict-prototypes -Wno-semicolon-before-method-body -index-store-path /Users/j/Documents/GitHub/MoneroOne/build/Index.noindex/DataStore @/Users/j/Documents/GitHub/MoneroOne/build/Build/Intermediates.noindex/swift-crypto.build/Debug-iphonesimulator/CCryptoBoringSSL.build/Objects-normal/arm64/7187679823f38a2a940e0043cdf9d637-common-args.resp -MMD -MT dependencies -MF /Users/j/Documents/GitHub/MoneroOne/build/Build/Intermediates.noindex/swift-crypto.build/Debug-iphonesimulator/CCryptoBoringSSL.build/Objects-normal/arm64/x509_txt.d --serialize-diagnostics /Users/j/Documents/GitHub/MoneroOne/build/Build/Intermediates.noindex/swift-crypto.build/Debug-iphonesimulator/CCryptoBoringSSL.build/Objects-normal/arm64/x509_txt.dia -c /Users/j/Documents/GitHub/MoneroOne/build/SourcePackages/checkouts/swift-crypto/Sources/CCryptoBoringSSL/crypto/x509/x509_txt.c -o /Users/j/Documents/GitHub/MoneroOne/build/Build/Intermediates.noindex/swift-crypto.build/Debug-iphonesimulator/CCryptoBoringSSL.build/Objects-normal/arm64/x509_txt.o -index-unit-output-path /swift-crypto.build/Debug-iphonesimulator/CCryptoBoringSSL.build/Objects-normal/arm64/x509_txt.o

CompileC /Users/j/Documents/GitHub/MoneroOne/build/Build/Intermediates.noindex/swift-crypto.build/Debug-iphonesimulator/CCryptoBoringSSL.build/Objects-normal/arm64/x509_trs.o /Users/j/Documents/GitHub/MoneroOne/build/SourcePackages/checkouts/swift-crypto/Sources/CCryptoBoringSSL/crypto/x509/x509_trs.c normal arm64 c com.apple.compilers.llvm.clang.1_0.compiler (in target 'CCryptoBoringSSL' from project 'swift-crypto')
    cd /Users/j/Documents/GitHub/MoneroOne/MoneroOne.xcodeproj
    
    Using response file: /Users/j/Documents/GitHub/MoneroOne/build/Build/Intermediates.noindex/swift-crypto.build/Debug-iphonesimulator/CCryptoBoringSSL.build/Objects-normal/arm64/7187679823f38a2a940e0043cdf9d637-common-args.resp
    
    /Applications/Xcode.app/Contents/Developer/Toolchains/XcodeDefault.xctoolchain/usr/bin/clang -x c -ivfsstatcache /Users/j/Documents/GitHub/MoneroOne/build/SDKStatCaches.noindex/iphonesimulator26.1-23B77-90cf18a4295e390e64c810bc6bd7acbc.sdkstatcache -fmessage-length\=0 -fdiagnostics-show-note-include-stack -fmacro-backtrace-limit\=0 -fno-color-diagnostics -fmodules-prune-interval\=86400 -fmodules-prune-after\=345600 -fbuild-session-file\=/Users/j/Documents/GitHub/MoneroOne/build/ModuleCache.noindex/Session.modulevalidation -fmodules-validate-once-per-build-session -Wnon-modular-include-in-framework-module -Werror\=non-modular-include-in-framework-module -Wno-trigraphs -Wno-missing-field-initializers -Wno-missing-prototypes -Wno-return-type -Wno-missing-braces -Wparentheses -Wswitch -Wno-unused-function -Wno-unused-label -Wno-unused-parameter -Wno-unused-variable -Wunused-value -Wno-empty-body -Wno-uninitialized -Wno-unknown-pragmas -w -Wno-shadow -Wno-four-char-constants -Wno-conversion -Wno-constant-conversion -Wno-int-conversion -Wno-bool-conversion -Wno-enum-conversion -Wno-float-conversion -Wno-non-literal-null-conversion -Wno-objc-literal-conversion -Wshorten-64-to-32 -Wpointer-sign -Wno-newline-eof -Wno-implicit-fallthrough -fstrict-aliasing -Wdeprecated-declarations -Wno-sign-conversion -Wno-infinite-recursion -Wno-comma -Wno-block-capture-autoreleasing -Wno-strict-prototypes -Wno-semicolon-before-method-body -index-store-path /Users/j/Documents/GitHub/MoneroOne/build/Index.noindex/DataStore @/Users/j/Documents/GitHub/MoneroOne/build/Build/Intermediates.noindex/swift-crypto.build/Debug-iphonesimulator/CCryptoBoringSSL.build/Objects-normal/arm64/7187679823f38a2a940e0043cdf9d637-common-args.resp -MMD -MT dependencies -MF /Users/j/Documents/GitHub/MoneroOne/build/Build/Intermediates.noindex/swift-crypto.build/Debug-iphonesimulator/CCryptoBoringSSL.build/Objects-normal/arm64/x509_trs.d --serialize-diagnostics /Users/j/Documents/GitHub/MoneroOne/build/Build/Intermediates.noindex/swift-crypto.build/Debug-iphonesimulator/CCryptoBoringSSL.build/Objects-normal/arm64/x509_trs.dia -c /Users/j/Documents/GitHub/MoneroOne/build/SourcePackages/checkouts/swift-crypto/Sources/CCryptoBoringSSL/crypto/x509/x509_trs.c -o /Users/j/Documents/GitHub/MoneroOne/build/Build/Intermediates.noindex/swift-crypto.build/Debug-iphonesimulator/CCryptoBoringSSL.build/Objects-normal/arm64/x509_trs.o -index-unit-output-path /swift-crypto.build/Debug-iphonesimulator/CCryptoBoringSSL.build/Objects-normal/arm64/x509_trs.o

CompileC /Users/j/Documents/GitHub/MoneroOne/build/Build/Intermediates.noindex/swift-crypto.build/Debug-iphonesimulator/CCryptoBoringSSL.build/Objects-normal/arm64/x509_set.o /Users/j/Documents/GitHub/MoneroOne/build/SourcePackages/checkouts/swift-crypto/Sources/CCryptoBoringSSL/crypto/x509/x509_set.c normal arm64 c com.apple.compilers.llvm.clang.1_0.compiler (in target 'CCryptoBoringSSL' from project 'swift-crypto')
    cd /Users/j/Documents/GitHub/MoneroOne/MoneroOne.xcodeproj
    
    Using response file: /Users/j/Documents/GitHub/MoneroOne/build/Build/Intermediates.noindex/swift-crypto.build/Debug-iphonesimulator/CCryptoBoringSSL.build/Objects-normal/arm64/7187679823f38a2a940e0043cdf9d637-common-args.resp
    
    /Applications/Xcode.app/Contents/Developer/Toolchains/XcodeDefault.xctoolchain/usr/bin/clang -x c -ivfsstatcache /Users/j/Documents/GitHub/MoneroOne/build/SDKStatCaches.noindex/iphonesimulator26.1-23B77-90cf18a4295e390e64c810bc6bd7acbc.sdkstatcache -fmessage-length\=0 -fdiagnostics-show-note-include-stack -fmacro-backtrace-limit\=0 -fno-color-diagnostics -fmodules-prune-interval\=86400 -fmodules-prune-after\=345600 -fbuild-session-file\=/Users/j/Documents/GitHub/MoneroOne/build/ModuleCache.noindex/Session.modulevalidation -fmodules-validate-once-per-build-session -Wnon-modular-include-in-framework-module -Werror\=non-modular-include-in-framework-module -Wno-trigraphs -Wno-missing-field-initializers -Wno-missing-prototypes -Wno-return-type -Wno-missing-braces -Wparentheses -Wswitch -Wno-unused-function -Wno-unused-label -Wno-unused-parameter -Wno-unused-variable -Wunused-value -Wno-empty-body -Wno-uninitialized -Wno-unknown-pragmas -w -Wno-shadow -Wno-four-char-constants -Wno-conversion -Wno-constant-conversion -Wno-int-conversion -Wno-bool-conversion -Wno-enum-conversion -Wno-float-conversion -Wno-non-literal-null-conversion -Wno-objc-literal-conversion -Wshorten-64-to-32 -Wpointer-sign -Wno-newline-eof -Wno-implicit-fallthrough -fstrict-aliasing -Wdeprecated-declarations -Wno-sign-conversion -Wno-infinite-recursion -Wno-comma -Wno-block-capture-autoreleasing -Wno-strict-prototypes -Wno-semicolon-before-method-body -index-store-path /Users/j/Documents/GitHub/MoneroOne/build/Index.noindex/DataStore @/Users/j/Documents/GitHub/MoneroOne/build/Build/Intermediates.noindex/swift-crypto.build/Debug-iphonesimulator/CCryptoBoringSSL.build/Objects-normal/arm64/7187679823f38a2a940e0043cdf9d637-common-args.resp -MMD -MT dependencies -MF /Users/j/Documents/GitHub/MoneroOne/build/Build/Intermediates.noindex/swift-crypto.build/Debug-iphonesimulator/CCryptoBoringSSL.build/Objects-normal/arm64/x509_set.d --serialize-diagnostics /Users/j/Documents/GitHub/MoneroOne/build/Build/Intermediates.noindex/swift-crypto.build/Debug-iphonesimulator/CCryptoBoringSSL.build/Objects-normal/arm64/x509_set.dia -c /Users/j/Documents/GitHub/MoneroOne/build/SourcePackages/checkouts/swift-crypto/Sources/CCryptoBoringSSL/crypto/x509/x509_set.c -o /Users/j/Documents/GitHub/MoneroOne/build/Build/Intermediates.noindex/swift-crypto.build/Debug-iphonesimulator/CCryptoBoringSSL.build/Objects-normal/arm64/x509_set.o -index-unit-output-path /swift-crypto.build/Debug-iphonesimulator/CCryptoBoringSSL.build/Objects-normal/arm64/x509_set.o

CompileC /Users/j/Documents/GitHub/MoneroOne/build/Build/Intermediates.noindex/swift-crypto.build/Debug-iphonesimulator/CCryptoBoringSSL.build/Objects-normal/arm64/x509_req.o /Users/j/Documents/GitHub/MoneroOne/build/SourcePackages/checkouts/swift-crypto/Sources/CCryptoBoringSSL/crypto/x509/x509_req.c normal arm64 c com.apple.compilers.llvm.clang.1_0.compiler (in target 'CCryptoBoringSSL' from project 'swift-crypto')
    cd /Users/j/Documents/GitHub/MoneroOne/MoneroOne.xcodeproj
    
    Using response file: /Users/j/Documents/GitHub/MoneroOne/build/Build/Intermediates.noindex/swift-crypto.build/Debug-iphonesimulator/CCryptoBoringSSL.build/Objects-normal/arm64/7187679823f38a2a940e0043cdf9d637-common-args.resp
    
    /Applications/Xcode.app/Contents/Developer/Toolchains/XcodeDefault.xctoolchain/usr/bin/clang -x c -ivfsstatcache /Users/j/Documents/GitHub/MoneroOne/build/SDKStatCaches.noindex/iphonesimulator26.1-23B77-90cf18a4295e390e64c810bc6bd7acbc.sdkstatcache -fmessage-length\=0 -fdiagnostics-show-note-include-stack -fmacro-backtrace-limit\=0 -fno-color-diagnostics -fmodules-prune-interval\=86400 -fmodules-prune-after\=345600 -fbuild-session-file\=/Users/j/Documents/GitHub/MoneroOne/build/ModuleCache.noindex/Session.modulevalidation -fmodules-validate-once-per-build-session -Wnon-modular-include-in-framework-module -Werror\=non-modular-include-in-framework-module -Wno-trigraphs -Wno-missing-field-initializers -Wno-missing-prototypes -Wno-return-type -Wno-missing-braces -Wparentheses -Wswitch -Wno-unused-function -Wno-unused-label -Wno-unused-parameter -Wno-unused-variable -Wunused-value -Wno-empty-body -Wno-uninitialized -Wno-unknown-pragmas -w -Wno-shadow -Wno-four-char-constants -Wno-conversion -Wno-constant-conversion -Wno-int-conversion -Wno-bool-conversion -Wno-enum-conversion -Wno-float-conversion -Wno-non-literal-null-conversion -Wno-objc-literal-conversion -Wshorten-64-to-32 -Wpointer-sign -Wno-newline-eof -Wno-implicit-fallthrough -fstrict-aliasing -Wdeprecated-declarations -Wno-sign-conversion -Wno-infinite-recursion -Wno-comma -Wno-block-capture-autoreleasing -Wno-strict-prototypes -Wno-semicolon-before-method-body -index-store-path /Users/j/Documents/GitHub/MoneroOne/build/Index.noindex/DataStore @/Users/j/Documents/GitHub/MoneroOne/build/Build/Intermediates.noindex/swift-crypto.build/Debug-iphonesimulator/CCryptoBoringSSL.build/Objects-normal/arm64/7187679823f38a2a940e0043cdf9d637-common-args.resp -MMD -MT dependencies -MF /Users/j/Documents/GitHub/MoneroOne/build/Build/Intermediates.noindex/swift-crypto.build/Debug-iphonesimulator/CCryptoBoringSSL.build/Objects-normal/arm64/x509_req.d --serialize-diagnostics /Users/j/Documents/GitHub/MoneroOne/build/Build/Intermediates.noindex/swift-crypto.build/Debug-iphonesimulator/CCryptoBoringSSL.build/Objects-normal/arm64/x509_req.dia -c /Users/j/Documents/GitHub/MoneroOne/build/SourcePackages/checkouts/swift-crypto/Sources/CCryptoBoringSSL/crypto/x509/x509_req.c -o /Users/j/Documents/GitHub/MoneroOne/build/Build/Intermediates.noindex/swift-crypto.build/Debug-iphonesimulator/CCryptoBoringSSL.build/Objects-normal/arm64/x509_req.o -index-unit-output-path /swift-crypto.build/Debug-iphonesimulator/CCryptoBoringSSL.build/Objects-normal/arm64/x509_req.o

CompileC /Users/j/Documents/GitHub/MoneroOne/build/Build/Intermediates.noindex/swift-crypto.build/Debug-iphonesimulator/CCryptoBoringSSL.build/Objects-normal/arm64/x509_obj.o /Users/j/Documents/GitHub/MoneroOne/build/SourcePackages/checkouts/swift-crypto/Sources/CCryptoBoringSSL/crypto/x509/x509_obj.c normal arm64 c com.apple.compilers.llvm.clang.1_0.compiler (in target 'CCryptoBoringSSL' from project 'swift-crypto')
    cd /Users/j/Documents/GitHub/MoneroOne/MoneroOne.xcodeproj
    
    Using response file: /Users/j/Documents/GitHub/MoneroOne/build/Build/Intermediates.noindex/swift-crypto.build/Debug-iphonesimulator/CCryptoBoringSSL.build/Objects-normal/arm64/7187679823f38a2a940e0043cdf9d637-common-args.resp
    
    /Applications/Xcode.app/Contents/Developer/Toolchains/XcodeDefault.xctoolchain/usr/bin/clang -x c -ivfsstatcache /Users/j/Documents/GitHub/MoneroOne/build/SDKStatCaches.noindex/iphonesimulator26.1-23B77-90cf18a4295e390e64c810bc6bd7acbc.sdkstatcache -fmessage-length\=0 -fdiagnostics-show-note-include-stack -fmacro-backtrace-limit\=0 -fno-color-diagnostics -fmodules-prune-interval\=86400 -fmodules-prune-after\=345600 -fbuild-session-file\=/Users/j/Documents/GitHub/MoneroOne/build/ModuleCache.noindex/Session.modulevalidation -fmodules-validate-once-per-build-session -Wnon-modular-include-in-framework-module -Werror\=non-modular-include-in-framework-module -Wno-trigraphs -Wno-missing-field-initializers -Wno-missing-prototypes -Wno-return-type -Wno-missing-braces -Wparentheses -Wswitch -Wno-unused-function -Wno-unused-label -Wno-unused-parameter -Wno-unused-variable -Wunused-value -Wno-empty-body -Wno-uninitialized -Wno-unknown-pragmas -w -Wno-shadow -Wno-four-char-constants -Wno-conversion -Wno-constant-conversion -Wno-int-conversion -Wno-bool-conversion -Wno-enum-conversion -Wno-float-conversion -Wno-non-literal-null-conversion -Wno-objc-literal-conversion -Wshorten-64-to-32 -Wpointer-sign -Wno-newline-eof -Wno-implicit-fallthrough -fstrict-aliasing -Wdeprecated-declarations -Wno-sign-conversion -Wno-infinite-recursion -Wno-comma -Wno-block-capture-autoreleasing -Wno-strict-prototypes -Wno-semicolon-before-method-body -index-store-path /Users/j/Documents/GitHub/MoneroOne/build/Index.noindex/DataStore @/Users/j/Documents/GitHub/MoneroOne/build/Build/Intermediates.noindex/swift-crypto.build/Debug-iphonesimulator/CCryptoBoringSSL.build/Objects-normal/arm64/7187679823f38a2a940e0043cdf9d637-common-args.resp -MMD -MT dependencies -MF /Users/j/Documents/GitHub/MoneroOne/build/Build/Intermediates.noindex/swift-crypto.build/Debug-iphonesimulator/CCryptoBoringSSL.build/Objects-normal/arm64/x509_obj.d --serialize-diagnostics /Users/j/Documents/GitHub/MoneroOne/build/Build/Intermediates.noindex/swift-crypto.build/Debug-iphonesimulator/CCryptoBoringSSL.build/Objects-normal/arm64/x509_obj.dia -c /Users/j/Documents/GitHub/MoneroOne/build/SourcePackages/checkouts/swift-crypto/Sources/CCryptoBoringSSL/crypto/x509/x509_obj.c -o /Users/j/Documents/GitHub/MoneroOne/build/Build/Intermediates.noindex/swift-crypto.build/Debug-iphonesimulator/CCryptoBoringSSL.build/Objects-normal/arm64/x509_obj.o -index-unit-output-path /swift-crypto.build/Debug-iphonesimulator/CCryptoBoringSSL.build/Objects-normal/arm64/x509_obj.o

ScanDependencies /Users/j/Documents/GitHub/MoneroOne/build/Build/Intermediates.noindex/swift-crypto.build/Debug-iphonesimulator/CCryptoBoringSSL.build/Objects-normal/arm64/x509_lu.o /Users/j/Documents/GitHub/MoneroOne/build/SourcePackages/checkouts/swift-crypto/Sources/CCryptoBoringSSL/crypto/x509/x509_lu.c normal arm64 c com.apple.compilers.llvm.clang.1_0.compiler (in target 'CCryptoBoringSSL' from project 'swift-crypto')
    cd /Users/j/Documents/GitHub/MoneroOne/MoneroOne.xcodeproj
    
    Using response file: /Users/j/Documents/GitHub/MoneroOne/build/Build/Intermediates.noindex/swift-crypto.build/Debug-iphonesimulator/CCryptoBoringSSL.build/Objects-normal/arm64/7187679823f38a2a940e0043cdf9d637-common-args.resp
    
    builtin-ScanDependencies -o /Users/j/Documents/GitHub/MoneroOne/build/Build/Intermediates.noindex/swift-crypto.build/Debug-iphonesimulator/CCryptoBoringSSL.build/Objects-normal/arm64/x509_lu.o.scan -- /Applications/Xcode.app/Contents/Developer/Toolchains/XcodeDefault.xctoolchain/usr/bin/clang -x c -ivfsstatcache /Users/j/Documents/GitHub/MoneroOne/build/SDKStatCaches.noindex/iphonesimulator26.1-23B77-90cf18a4295e390e64c810bc6bd7acbc.sdkstatcache -fmessage-length\=0 -fdiagnostics-show-note-include-stack -fmacro-backtrace-limit\=0 -fno-color-diagnostics -fmodules-prune-interval\=86400 -fmodules-prune-after\=345600 -fbuild-session-file\=/Users/j/Documents/GitHub/MoneroOne/build/ModuleCache.noindex/Session.modulevalidation -fmodules-validate-once-per-build-session -Wnon-modular-include-in-framework-module -Werror\=non-modular-include-in-framework-module -Wno-trigraphs -Wno-missing-field-initializers -Wno-missing-prototypes -Wno-return-type -Wno-missing-braces -Wparentheses -Wswitch -Wno-unused-function -Wno-unused-label -Wno-unused-parameter -Wno-unused-variable -Wunused-value -Wno-empty-body -Wno-uninitialized -Wno-unknown-pragmas -w -Wno-shadow -Wno-four-char-constants -Wno-conversion -Wno-constant-conversion -Wno-int-conversion -Wno-bool-conversion -Wno-enum-conversion -Wno-float-conversion -Wno-non-literal-null-conversion -Wno-objc-literal-conversion -Wshorten-64-to-32 -Wpointer-sign -Wno-newline-eof -Wno-implicit-fallthrough -fstrict-aliasing -Wdeprecated-declarations -Wno-sign-conversion -Wno-infinite-recursion -Wno-comma -Wno-block-capture-autoreleasing -Wno-strict-prototypes -Wno-semicolon-before-method-body -index-store-path /Users/j/Documents/GitHub/MoneroOne/build/Index.noindex/DataStore @/Users/j/Documents/GitHub/MoneroOne/build/Build/Intermediates.noindex/swift-crypto.build/Debug-iphonesimulator/CCryptoBoringSSL.build/Objects-normal/arm64/7187679823f38a2a940e0043cdf9d637-common-args.resp -MMD -MT dependencies -MF /Users/j/Documents/GitHub/MoneroOne/build/Build/Intermediates.noindex/swift-crypto.build/Debug-iphonesimulator/CCryptoBoringSSL.build/Objects-normal/arm64/x509_lu.d --serialize-diagnostics /Users/j/Documents/GitHub/MoneroOne/build/Build/Intermediates.noindex/swift-crypto.build/Debug-iphonesimulator/CCryptoBoringSSL.build/Objects-normal/arm64/x509_lu.dia -c /Users/j/Documents/GitHub/MoneroOne/build/SourcePackages/checkouts/swift-crypto/Sources/CCryptoBoringSSL/crypto/x509/x509_lu.c -o /Users/j/Documents/GitHub/MoneroOne/build/Build/Intermediates.noindex/swift-crypto.build/Debug-iphonesimulator/CCryptoBoringSSL.build/Objects-normal/arm64/x509_lu.o -index-unit-output-path /swift-crypto.build/Debug-iphonesimulator/CCryptoBoringSSL.build/Objects-normal/arm64/x509_lu.o

ScanDependencies /Users/j/Documents/GitHub/MoneroOne/build/Build/Intermediates.noindex/swift-crypto.build/Debug-iphonesimulator/CCryptoBoringSSL.build/Objects-normal/arm64/x509_ext.o /Users/j/Documents/GitHub/MoneroOne/build/SourcePackages/checkouts/swift-crypto/Sources/CCryptoBoringSSL/crypto/x509/x509_ext.c normal arm64 c com.apple.compilers.llvm.clang.1_0.compiler (in target 'CCryptoBoringSSL' from project 'swift-crypto')
    cd /Users/j/Documents/GitHub/MoneroOne/MoneroOne.xcodeproj
    
    Using response file: /Users/j/Documents/GitHub/MoneroOne/build/Build/Intermediates.noindex/swift-crypto.build/Debug-iphonesimulator/CCryptoBoringSSL.build/Objects-normal/arm64/7187679823f38a2a940e0043cdf9d637-common-args.resp
    
    builtin-ScanDependencies -o /Users/j/Documents/GitHub/MoneroOne/build/Build/Intermediates.noindex/swift-crypto.build/Debug-iphonesimulator/CCryptoBoringSSL.build/Objects-normal/arm64/x509_ext.o.scan -- /Applications/Xcode.app/Contents/Developer/Toolchains/XcodeDefault.xctoolchain/usr/bin/clang -x c -ivfsstatcache /Users/j/Documents/GitHub/MoneroOne/build/SDKStatCaches.noindex/iphonesimulator26.1-23B77-90cf18a4295e390e64c810bc6bd7acbc.sdkstatcache -fmessage-length\=0 -fdiagnostics-show-note-include-stack -fmacro-backtrace-limit\=0 -fno-color-diagnostics -fmodules-prune-interval\=86400 -fmodules-prune-after\=345600 -fbuild-session-file\=/Users/j/Documents/GitHub/MoneroOne/build/ModuleCache.noindex/Session.modulevalidation -fmodules-validate-once-per-build-session -Wnon-modular-include-in-framework-module -Werror\=non-modular-include-in-framework-module -Wno-trigraphs -Wno-missing-field-initializers -Wno-missing-prototypes -Wno-return-type -Wno-missing-braces -Wparentheses -Wswitch -Wno-unused-function -Wno-unused-label -Wno-unused-parameter -Wno-unused-variable -Wunused-value -Wno-empty-body -Wno-uninitialized -Wno-unknown-pragmas -w -Wno-shadow -Wno-four-char-constants -Wno-conversion -Wno-constant-conversion -Wno-int-conversion -Wno-bool-conversion -Wno-enum-conversion -Wno-float-conversion -Wno-non-literal-null-conversion -Wno-objc-literal-conversion -Wshorten-64-to-32 -Wpointer-sign -Wno-newline-eof -Wno-implicit-fallthrough -fstrict-aliasing -Wdeprecated-declarations -Wno-sign-conversion -Wno-infinite-recursion -Wno-comma -Wno-block-capture-autoreleasing -Wno-strict-prototypes -Wno-semicolon-before-method-body -index-store-path /Users/j/Documents/GitHub/MoneroOne/build/Index.noindex/DataStore @/Users/j/Documents/GitHub/MoneroOne/build/Build/Intermediates.noindex/swift-crypto.build/Debug-iphonesimulator/CCryptoBoringSSL.build/Objects-normal/arm64/7187679823f38a2a940e0043cdf9d637-common-args.resp -MMD -MT dependencies -MF /Users/j/Documents/GitHub/MoneroOne/build/Build/Intermediates.noindex/swift-crypto.build/Debug-iphonesimulator/CCryptoBoringSSL.build/Objects-normal/arm64/x509_ext.d --serialize-diagnostics /Users/j/Documents/GitHub/MoneroOne/build/Build/Intermediates.noindex/swift-crypto.build/Debug-iphonesimulator/CCryptoBoringSSL.build/Objects-normal/arm64/x509_ext.dia -c /Users/j/Documents/GitHub/MoneroOne/build/SourcePackages/checkouts/swift-crypto/Sources/CCryptoBoringSSL/crypto/x509/x509_ext.c -o /Users/j/Documents/GitHub/MoneroOne/build/Build/Intermediates.noindex/swift-crypto.build/Debug-iphonesimulator/CCryptoBoringSSL.build/Objects-normal/arm64/x509_ext.o -index-unit-output-path /swift-crypto.build/Debug-iphonesimulator/CCryptoBoringSSL.build/Objects-normal/arm64/x509_ext.o

CompileC /Users/j/Documents/GitHub/MoneroOne/build/Build/Intermediates.noindex/swift-crypto.build/Debug-iphonesimulator/CCryptoBoringSSL.build/Objects-normal/arm64/x509_lu.o /Users/j/Documents/GitHub/MoneroOne/build/SourcePackages/checkouts/swift-crypto/Sources/CCryptoBoringSSL/crypto/x509/x509_lu.c normal arm64 c com.apple.compilers.llvm.clang.1_0.compiler (in target 'CCryptoBoringSSL' from project 'swift-crypto')
    cd /Users/j/Documents/GitHub/MoneroOne/MoneroOne.xcodeproj
    
    Using response file: /Users/j/Documents/GitHub/MoneroOne/build/Build/Intermediates.noindex/swift-crypto.build/Debug-iphonesimulator/CCryptoBoringSSL.build/Objects-normal/arm64/7187679823f38a2a940e0043cdf9d637-common-args.resp
    
    /Applications/Xcode.app/Contents/Developer/Toolchains/XcodeDefault.xctoolchain/usr/bin/clang -x c -ivfsstatcache /Users/j/Documents/GitHub/MoneroOne/build/SDKStatCaches.noindex/iphonesimulator26.1-23B77-90cf18a4295e390e64c810bc6bd7acbc.sdkstatcache -fmessage-length\=0 -fdiagnostics-show-note-include-stack -fmacro-backtrace-limit\=0 -fno-color-diagnostics -fmodules-prune-interval\=86400 -fmodules-prune-after\=345600 -fbuild-session-file\=/Users/j/Documents/GitHub/MoneroOne/build/ModuleCache.noindex/Session.modulevalidation -fmodules-validate-once-per-build-session -Wnon-modular-include-in-framework-module -Werror\=non-modular-include-in-framework-module -Wno-trigraphs -Wno-missing-field-initializers -Wno-missing-prototypes -Wno-return-type -Wno-missing-braces -Wparentheses -Wswitch -Wno-unused-function -Wno-unused-label -Wno-unused-parameter -Wno-unused-variable -Wunused-value -Wno-empty-body -Wno-uninitialized -Wno-unknown-pragmas -w -Wno-shadow -Wno-four-char-constants -Wno-conversion -Wno-constant-conversion -Wno-int-conversion -Wno-bool-conversion -Wno-enum-conversion -Wno-float-conversion -Wno-non-literal-null-conversion -Wno-objc-literal-conversion -Wshorten-64-to-32 -Wpointer-sign -Wno-newline-eof -Wno-implicit-fallthrough -fstrict-aliasing -Wdeprecated-declarations -Wno-sign-conversion -Wno-infinite-recursion -Wno-comma -Wno-block-capture-autoreleasing -Wno-strict-prototypes -Wno-semicolon-before-method-body -index-store-path /Users/j/Documents/GitHub/MoneroOne/build/Index.noindex/DataStore @/Users/j/Documents/GitHub/MoneroOne/build/Build/Intermediates.noindex/swift-crypto.build/Debug-iphonesimulator/CCryptoBoringSSL.build/Objects-normal/arm64/7187679823f38a2a940e0043cdf9d637-common-args.resp -MMD -MT dependencies -MF /Users/j/Documents/GitHub/MoneroOne/build/Build/Intermediates.noindex/swift-crypto.build/Debug-iphonesimulator/CCryptoBoringSSL.build/Objects-normal/arm64/x509_lu.d --serialize-diagnostics /Users/j/Documents/GitHub/MoneroOne/build/Build/Intermediates.noindex/swift-crypto.build/Debug-iphonesimulator/CCryptoBoringSSL.build/Objects-normal/arm64/x509_lu.dia -c /Users/j/Documents/GitHub/MoneroOne/build/SourcePackages/checkouts/swift-crypto/Sources/CCryptoBoringSSL/crypto/x509/x509_lu.c -o /Users/j/Documents/GitHub/MoneroOne/build/Build/Intermediates.noindex/swift-crypto.build/Debug-iphonesimulator/CCryptoBoringSSL.build/Objects-normal/arm64/x509_lu.o -index-unit-output-path /swift-crypto.build/Debug-iphonesimulator/CCryptoBoringSSL.build/Objects-normal/arm64/x509_lu.o

ScanDependencies /Users/j/Documents/GitHub/MoneroOne/build/Build/Intermediates.noindex/swift-crypto.build/Debug-iphonesimulator/CCryptoBoringSSL.build/Objects-normal/arm64/x509_def.o /Users/j/Documents/GitHub/MoneroOne/build/SourcePackages/checkouts/swift-crypto/Sources/CCryptoBoringSSL/crypto/x509/x509_def.c normal arm64 c com.apple.compilers.llvm.clang.1_0.compiler (in target 'CCryptoBoringSSL' from project 'swift-crypto')
    cd /Users/j/Documents/GitHub/MoneroOne/MoneroOne.xcodeproj
    
    Using response file: /Users/j/Documents/GitHub/MoneroOne/build/Build/Intermediates.noindex/swift-crypto.build/Debug-iphonesimulator/CCryptoBoringSSL.build/Objects-normal/arm64/7187679823f38a2a940e0043cdf9d637-common-args.resp
    
    builtin-ScanDependencies -o /Users/j/Documents/GitHub/MoneroOne/build/Build/Intermediates.noindex/swift-crypto.build/Debug-iphonesimulator/CCryptoBoringSSL.build/Objects-normal/arm64/x509_def.o.scan -- /Applications/Xcode.app/Contents/Developer/Toolchains/XcodeDefault.xctoolchain/usr/bin/clang -x c -ivfsstatcache /Users/j/Documents/GitHub/MoneroOne/build/SDKStatCaches.noindex/iphonesimulator26.1-23B77-90cf18a4295e390e64c810bc6bd7acbc.sdkstatcache -fmessage-length\=0 -fdiagnostics-show-note-include-stack -fmacro-backtrace-limit\=0 -fno-color-diagnostics -fmodules-prune-interval\=86400 -fmodules-prune-after\=345600 -fbuild-session-file\=/Users/j/Documents/GitHub/MoneroOne/build/ModuleCache.noindex/Session.modulevalidation -fmodules-validate-once-per-build-session -Wnon-modular-include-in-framework-module -Werror\=non-modular-include-in-framework-module -Wno-trigraphs -Wno-missing-field-initializers -Wno-missing-prototypes -Wno-return-type -Wno-missing-braces -Wparentheses -Wswitch -Wno-unused-function -Wno-unused-label -Wno-unused-parameter -Wno-unused-variable -Wunused-value -Wno-empty-body -Wno-uninitialized -Wno-unknown-pragmas -w -Wno-shadow -Wno-four-char-constants -Wno-conversion -Wno-constant-conversion -Wno-int-conversion -Wno-bool-conversion -Wno-enum-conversion -Wno-float-conversion -Wno-non-literal-null-conversion -Wno-objc-literal-conversion -Wshorten-64-to-32 -Wpointer-sign -Wno-newline-eof -Wno-implicit-fallthrough -fstrict-aliasing -Wdeprecated-declarations -Wno-sign-conversion -Wno-infinite-recursion -Wno-comma -Wno-block-capture-autoreleasing -Wno-strict-prototypes -Wno-semicolon-before-method-body -index-store-path /Users/j/Documents/GitHub/MoneroOne/build/Index.noindex/DataStore @/Users/j/Documents/GitHub/MoneroOne/build/Build/Intermediates.noindex/swift-crypto.build/Debug-iphonesimulator/CCryptoBoringSSL.build/Objects-normal/arm64/7187679823f38a2a940e0043cdf9d637-common-args.resp -MMD -MT dependencies -MF /Users/j/Documents/GitHub/MoneroOne/build/Build/Intermediates.noindex/swift-crypto.build/Debug-iphonesimulator/CCryptoBoringSSL.build/Objects-normal/arm64/x509_def.d --serialize-diagnostics /Users/j/Documents/GitHub/MoneroOne/build/Build/Intermediates.noindex/swift-crypto.build/Debug-iphonesimulator/CCryptoBoringSSL.build/Objects-normal/arm64/x509_def.dia -c /Users/j/Documents/GitHub/MoneroOne/build/SourcePackages/checkouts/swift-crypto/Sources/CCryptoBoringSSL/crypto/x509/x509_def.c -o /Users/j/Documents/GitHub/MoneroOne/build/Build/Intermediates.noindex/swift-crypto.build/Debug-iphonesimulator/CCryptoBoringSSL.build/Objects-normal/arm64/x509_def.o -index-unit-output-path /swift-crypto.build/Debug-iphonesimulator/CCryptoBoringSSL.build/Objects-normal/arm64/x509_def.o

ScanDependencies /Users/j/Documents/GitHub/MoneroOne/build/Build/Intermediates.noindex/swift-crypto.build/Debug-iphonesimulator/CCryptoBoringSSL.build/Objects-normal/arm64/x509_d2.o /Users/j/Documents/GitHub/MoneroOne/build/SourcePackages/checkouts/swift-crypto/Sources/CCryptoBoringSSL/crypto/x509/x509_d2.c normal arm64 c com.apple.compilers.llvm.clang.1_0.compiler (in target 'CCryptoBoringSSL' from project 'swift-crypto')
    cd /Users/j/Documents/GitHub/MoneroOne/MoneroOne.xcodeproj
    
    Using response file: /Users/j/Documents/GitHub/MoneroOne/build/Build/Intermediates.noindex/swift-crypto.build/Debug-iphonesimulator/CCryptoBoringSSL.build/Objects-normal/arm64/7187679823f38a2a940e0043cdf9d637-common-args.resp
    
    builtin-ScanDependencies -o /Users/j/Documents/GitHub/MoneroOne/build/Build/Intermediates.noindex/swift-crypto.build/Debug-iphonesimulator/CCryptoBoringSSL.build/Objects-normal/arm64/x509_d2.o.scan -- /Applications/Xcode.app/Contents/Developer/Toolchains/XcodeDefault.xctoolchain/usr/bin/clang -x c -ivfsstatcache /Users/j/Documents/GitHub/MoneroOne/build/SDKStatCaches.noindex/iphonesimulator26.1-23B77-90cf18a4295e390e64c810bc6bd7acbc.sdkstatcache -fmessage-length\=0 -fdiagnostics-show-note-include-stack -fmacro-backtrace-limit\=0 -fno-color-diagnostics -fmodules-prune-interval\=86400 -fmodules-prune-after\=345600 -fbuild-session-file\=/Users/j/Documents/GitHub/MoneroOne/build/ModuleCache.noindex/Session.modulevalidation -fmodules-validate-once-per-build-session -Wnon-modular-include-in-framework-module -Werror\=non-modular-include-in-framework-module -Wno-trigraphs -Wno-missing-field-initializers -Wno-missing-prototypes -Wno-return-type -Wno-missing-braces -Wparentheses -Wswitch -Wno-unused-function -Wno-unused-label -Wno-unused-parameter -Wno-unused-variable -Wunused-value -Wno-empty-body -Wno-uninitialized -Wno-unknown-pragmas -w -Wno-shadow -Wno-four-char-constants -Wno-conversion -Wno-constant-conversion -Wno-int-conversion -Wno-bool-conversion -Wno-enum-conversion -Wno-float-conversion -Wno-non-literal-null-conversion -Wno-objc-literal-conversion -Wshorten-64-to-32 -Wpointer-sign -Wno-newline-eof -Wno-implicit-fallthrough -fstrict-aliasing -Wdeprecated-declarations -Wno-sign-conversion -Wno-infinite-recursion -Wno-comma -Wno-block-capture-autoreleasing -Wno-strict-prototypes -Wno-semicolon-before-method-body -index-store-path /Users/j/Documents/GitHub/MoneroOne/build/Index.noindex/DataStore @/Users/j/Documents/GitHub/MoneroOne/build/Build/Intermediates.noindex/swift-crypto.build/Debug-iphonesimulator/CCryptoBoringSSL.build/Objects-normal/arm64/7187679823f38a2a940e0043cdf9d637-common-args.resp -MMD -MT dependencies -MF /Users/j/Documents/GitHub/MoneroOne/build/Build/Intermediates.noindex/swift-crypto.build/Debug-iphonesimulator/CCryptoBoringSSL.build/Objects-normal/arm64/x509_d2.d --serialize-diagnostics /Users/j/Documents/GitHub/MoneroOne/build/Build/Intermediates.noindex/swift-crypto.build/Debug-iphonesimulator/CCryptoBoringSSL.build/Objects-normal/arm64/x509_d2.dia -c /Users/j/Documents/GitHub/MoneroOne/build/SourcePackages/checkouts/swift-crypto/Sources/CCryptoBoringSSL/crypto/x509/x509_d2.c -o /Users/j/Documents/GitHub/MoneroOne/build/Build/Intermediates.noindex/swift-crypto.build/Debug-iphonesimulator/CCryptoBoringSSL.build/Objects-normal/arm64/x509_d2.o -index-unit-output-path /swift-crypto.build/Debug-iphonesimulator/CCryptoBoringSSL.build/Objects-normal/arm64/x509_d2.o

CompileC /Users/j/Documents/GitHub/MoneroOne/build/Build/Intermediates.noindex/swift-crypto.build/Debug-iphonesimulator/CCryptoBoringSSL.build/Objects-normal/arm64/x509_ext.o /Users/j/Documents/GitHub/MoneroOne/build/SourcePackages/checkouts/swift-crypto/Sources/CCryptoBoringSSL/crypto/x509/x509_ext.c normal arm64 c com.apple.compilers.llvm.clang.1_0.compiler (in target 'CCryptoBoringSSL' from project 'swift-crypto')
    cd /Users/j/Documents/GitHub/MoneroOne/MoneroOne.xcodeproj
    
    Using response file: /Users/j/Documents/GitHub/MoneroOne/build/Build/Intermediates.noindex/swift-crypto.build/Debug-iphonesimulator/CCryptoBoringSSL.build/Objects-normal/arm64/7187679823f38a2a940e0043cdf9d637-common-args.resp
    
    /Applications/Xcode.app/Contents/Developer/Toolchains/XcodeDefault.xctoolchain/usr/bin/clang -x c -ivfsstatcache /Users/j/Documents/GitHub/MoneroOne/build/SDKStatCaches.noindex/iphonesimulator26.1-23B77-90cf18a4295e390e64c810bc6bd7acbc.sdkstatcache -fmessage-length\=0 -fdiagnostics-show-note-include-stack -fmacro-backtrace-limit\=0 -fno-color-diagnostics -fmodules-prune-interval\=86400 -fmodules-prune-after\=345600 -fbuild-session-file\=/Users/j/Documents/GitHub/MoneroOne/build/ModuleCache.noindex/Session.modulevalidation -fmodules-validate-once-per-build-session -Wnon-modular-include-in-framework-module -Werror\=non-modular-include-in-framework-module -Wno-trigraphs -Wno-missing-field-initializers -Wno-missing-prototypes -Wno-return-type -Wno-missing-braces -Wparentheses -Wswitch -Wno-unused-function -Wno-unused-label -Wno-unused-parameter -Wno-unused-variable -Wunused-value -Wno-empty-body -Wno-uninitialized -Wno-unknown-pragmas -w -Wno-shadow -Wno-four-char-constants -Wno-conversion -Wno-constant-conversion -Wno-int-conversion -Wno-bool-conversion -Wno-enum-conversion -Wno-float-conversion -Wno-non-literal-null-conversion -Wno-objc-literal-conversion -Wshorten-64-to-32 -Wpointer-sign -Wno-newline-eof -Wno-implicit-fallthrough -fstrict-aliasing -Wdeprecated-declarations -Wno-sign-conversion -Wno-infinite-recursion -Wno-comma -Wno-block-capture-autoreleasing -Wno-strict-prototypes -Wno-semicolon-before-method-body -index-store-path /Users/j/Documents/GitHub/MoneroOne/build/Index.noindex/DataStore @/Users/j/Documents/GitHub/MoneroOne/build/Build/Intermediates.noindex/swift-crypto.build/Debug-iphonesimulator/CCryptoBoringSSL.build/Objects-normal/arm64/7187679823f38a2a940e0043cdf9d637-common-args.resp -MMD -MT dependencies -MF /Users/j/Documents/GitHub/MoneroOne/build/Build/Intermediates.noindex/swift-crypto.build/Debug-iphonesimulator/CCryptoBoringSSL.build/Objects-normal/arm64/x509_ext.d --serialize-diagnostics /Users/j/Documents/GitHub/MoneroOne/build/Build/Intermediates.noindex/swift-crypto.build/Debug-iphonesimulator/CCryptoBoringSSL.build/Objects-normal/arm64/x509_ext.dia -c /Users/j/Documents/GitHub/MoneroOne/build/SourcePackages/checkouts/swift-crypto/Sources/CCryptoBoringSSL/crypto/x509/x509_ext.c -o /Users/j/Documents/GitHub/MoneroOne/build/Build/Intermediates.noindex/swift-crypto.build/Debug-iphonesimulator/CCryptoBoringSSL.build/Objects-normal/arm64/x509_ext.o -index-unit-output-path /swift-crypto.build/Debug-iphonesimulator/CCryptoBoringSSL.build/Objects-normal/arm64/x509_ext.o

ScanDependencies /Users/j/Documents/GitHub/MoneroOne/build/Build/Intermediates.noindex/swift-crypto.build/Debug-iphonesimulator/CCryptoBoringSSL.build/Objects-normal/arm64/x509_cmp.o /Users/j/Documents/GitHub/MoneroOne/build/SourcePackages/checkouts/swift-crypto/Sources/CCryptoBoringSSL/crypto/x509/x509_cmp.c normal arm64 c com.apple.compilers.llvm.clang.1_0.compiler (in target 'CCryptoBoringSSL' from project 'swift-crypto')
    cd /Users/j/Documents/GitHub/MoneroOne/MoneroOne.xcodeproj
    
    Using response file: /Users/j/Documents/GitHub/MoneroOne/build/Build/Intermediates.noindex/swift-crypto.build/Debug-iphonesimulator/CCryptoBoringSSL.build/Objects-normal/arm64/7187679823f38a2a940e0043cdf9d637-common-args.resp
    
    builtin-ScanDependencies -o /Users/j/Documents/GitHub/MoneroOne/build/Build/Intermediates.noindex/swift-crypto.build/Debug-iphonesimulator/CCryptoBoringSSL.build/Objects-normal/arm64/x509_cmp.o.scan -- /Applications/Xcode.app/Contents/Developer/Toolchains/XcodeDefault.xctoolchain/usr/bin/clang -x c -ivfsstatcache /Users/j/Documents/GitHub/MoneroOne/build/SDKStatCaches.noindex/iphonesimulator26.1-23B77-90cf18a4295e390e64c810bc6bd7acbc.sdkstatcache -fmessage-length\=0 -fdiagnostics-show-note-include-stack -fmacro-backtrace-limit\=0 -fno-color-diagnostics -fmodules-prune-interval\=86400 -fmodules-prune-after\=345600 -fbuild-session-file\=/Users/j/Documents/GitHub/MoneroOne/build/ModuleCache.noindex/Session.modulevalidation -fmodules-validate-once-per-build-session -Wnon-modular-include-in-framework-module -Werror\=non-modular-include-in-framework-module -Wno-trigraphs -Wno-missing-field-initializers -Wno-missing-prototypes -Wno-return-type -Wno-missing-braces -Wparentheses -Wswitch -Wno-unused-function -Wno-unused-label -Wno-unused-parameter -Wno-unused-variable -Wunused-value -Wno-empty-body -Wno-uninitialized -Wno-unknown-pragmas -w -Wno-shadow -Wno-four-char-constants -Wno-conversion -Wno-constant-conversion -Wno-int-conversion -Wno-bool-conversion -Wno-enum-conversion -Wno-float-conversion -Wno-non-literal-null-conversion -Wno-objc-literal-conversion -Wshorten-64-to-32 -Wpointer-sign -Wno-newline-eof -Wno-implicit-fallthrough -fstrict-aliasing -Wdeprecated-declarations -Wno-sign-conversion -Wno-infinite-recursion -Wno-comma -Wno-block-capture-autoreleasing -Wno-strict-prototypes -Wno-semicolon-before-method-body -index-store-path /Users/j/Documents/GitHub/MoneroOne/build/Index.noindex/DataStore @/Users/j/Documents/GitHub/MoneroOne/build/Build/Intermediates.noindex/swift-crypto.build/Debug-iphonesimulator/CCryptoBoringSSL.build/Objects-normal/arm64/7187679823f38a2a940e0043cdf9d637-common-args.resp -MMD -MT dependencies -MF /Users/j/Documents/GitHub/MoneroOne/build/Build/Intermediates.noindex/swift-crypto.build/Debug-iphonesimulator/CCryptoBoringSSL.build/Objects-normal/arm64/x509_cmp.d --serialize-diagnostics /Users/j/Documents/GitHub/MoneroOne/build/Build/Intermediates.noindex/swift-crypto.build/Debug-iphonesimulator/CCryptoBoringSSL.build/Objects-normal/arm64/x509_cmp.dia -c /Users/j/Documents/GitHub/MoneroOne/build/SourcePackages/checkouts/swift-crypto/Sources/CCryptoBoringSSL/crypto/x509/x509_cmp.c -o /Users/j/Documents/GitHub/MoneroOne/build/Build/Intermediates.noindex/swift-crypto.build/Debug-iphonesimulator/CCryptoBoringSSL.build/Objects-normal/arm64/x509_cmp.o -index-unit-output-path /swift-crypto.build/Debug-iphonesimulator/CCryptoBoringSSL.build/Objects-normal/arm64/x509_cmp.o

CompileC /Users/j/Documents/GitHub/MoneroOne/build/Build/Intermediates.noindex/swift-crypto.build/Debug-iphonesimulator/CCryptoBoringSSL.build/Objects-normal/arm64/x509_def.o /Users/j/Documents/GitHub/MoneroOne/build/SourcePackages/checkouts/swift-crypto/Sources/CCryptoBoringSSL/crypto/x509/x509_def.c normal arm64 c com.apple.compilers.llvm.clang.1_0.compiler (in target 'CCryptoBoringSSL' from project 'swift-crypto')
    cd /Users/j/Documents/GitHub/MoneroOne/MoneroOne.xcodeproj
    
    Using response file: /Users/j/Documents/GitHub/MoneroOne/build/Build/Intermediates.noindex/swift-crypto.build/Debug-iphonesimulator/CCryptoBoringSSL.build/Objects-normal/arm64/7187679823f38a2a940e0043cdf9d637-common-args.resp
    
    /Applications/Xcode.app/Contents/Developer/Toolchains/XcodeDefault.xctoolchain/usr/bin/clang -x c -ivfsstatcache /Users/j/Documents/GitHub/MoneroOne/build/SDKStatCaches.noindex/iphonesimulator26.1-23B77-90cf18a4295e390e64c810bc6bd7acbc.sdkstatcache -fmessage-length\=0 -fdiagnostics-show-note-include-stack -fmacro-backtrace-limit\=0 -fno-color-diagnostics -fmodules-prune-interval\=86400 -fmodules-prune-after\=345600 -fbuild-session-file\=/Users/j/Documents/GitHub/MoneroOne/build/ModuleCache.noindex/Session.modulevalidation -fmodules-validate-once-per-build-session -Wnon-modular-include-in-framework-module -Werror\=non-modular-include-in-framework-module -Wno-trigraphs -Wno-missing-field-initializers -Wno-missing-prototypes -Wno-return-type -Wno-missing-braces -Wparentheses -Wswitch -Wno-unused-function -Wno-unused-label -Wno-unused-parameter -Wno-unused-variable -Wunused-value -Wno-empty-body -Wno-uninitialized -Wno-unknown-pragmas -w -Wno-shadow -Wno-four-char-constants -Wno-conversion -Wno-constant-conversion -Wno-int-conversion -Wno-bool-conversion -Wno-enum-conversion -Wno-float-conversion -Wno-non-literal-null-conversion -Wno-objc-literal-conversion -Wshorten-64-to-32 -Wpointer-sign -Wno-newline-eof -Wno-implicit-fallthrough -fstrict-aliasing -Wdeprecated-declarations -Wno-sign-conversion -Wno-infinite-recursion -Wno-comma -Wno-block-capture-autoreleasing -Wno-strict-prototypes -Wno-semicolon-before-method-body -index-store-path /Users/j/Documents/GitHub/MoneroOne/build/Index.noindex/DataStore @/Users/j/Documents/GitHub/MoneroOne/build/Build/Intermediates.noindex/swift-crypto.build/Debug-iphonesimulator/CCryptoBoringSSL.build/Objects-normal/arm64/7187679823f38a2a940e0043cdf9d637-common-args.resp -MMD -MT dependencies -MF /Users/j/Documents/GitHub/MoneroOne/build/Build/Intermediates.noindex/swift-crypto.build/Debug-iphonesimulator/CCryptoBoringSSL.build/Objects-normal/arm64/x509_def.d --serialize-diagnostics /Users/j/Documents/GitHub/MoneroOne/build/Build/Intermediates.noindex/swift-crypto.build/Debug-iphonesimulator/CCryptoBoringSSL.build/Objects-normal/arm64/x509_def.dia -c /Users/j/Documents/GitHub/MoneroOne/build/SourcePackages/checkouts/swift-crypto/Sources/CCryptoBoringSSL/crypto/x509/x509_def.c -o /Users/j/Documents/GitHub/MoneroOne/build/Build/Intermediates.noindex/swift-crypto.build/Debug-iphonesimulator/CCryptoBoringSSL.build/Objects-normal/arm64/x509_def.o -index-unit-output-path /swift-crypto.build/Debug-iphonesimulator/CCryptoBoringSSL.build/Objects-normal/arm64/x509_def.o

ScanDependencies /Users/j/Documents/GitHub/MoneroOne/build/Build/Intermediates.noindex/swift-crypto.build/Debug-iphonesimulator/CCryptoBoringSSL.build/Objects-normal/arm64/x509_att.o /Users/j/Documents/GitHub/MoneroOne/build/SourcePackages/checkouts/swift-crypto/Sources/CCryptoBoringSSL/crypto/x509/x509_att.c normal arm64 c com.apple.compilers.llvm.clang.1_0.compiler (in target 'CCryptoBoringSSL' from project 'swift-crypto')
    cd /Users/j/Documents/GitHub/MoneroOne/MoneroOne.xcodeproj
    
    Using response file: /Users/j/Documents/GitHub/MoneroOne/build/Build/Intermediates.noindex/swift-crypto.build/Debug-iphonesimulator/CCryptoBoringSSL.build/Objects-normal/arm64/7187679823f38a2a940e0043cdf9d637-common-args.resp
    
    builtin-ScanDependencies -o /Users/j/Documents/GitHub/MoneroOne/build/Build/Intermediates.noindex/swift-crypto.build/Debug-iphonesimulator/CCryptoBoringSSL.build/Objects-normal/arm64/x509_att.o.scan -- /Applications/Xcode.app/Contents/Developer/Toolchains/XcodeDefault.xctoolchain/usr/bin/clang -x c -ivfsstatcache /Users/j/Documents/GitHub/MoneroOne/build/SDKStatCaches.noindex/iphonesimulator26.1-23B77-90cf18a4295e390e64c810bc6bd7acbc.sdkstatcache -fmessage-length\=0 -fdiagnostics-show-note-include-stack -fmacro-backtrace-limit\=0 -fno-color-diagnostics -fmodules-prune-interval\=86400 -fmodules-prune-after\=345600 -fbuild-session-file\=/Users/j/Documents/GitHub/MoneroOne/build/ModuleCache.noindex/Session.modulevalidation -fmodules-validate-once-per-build-session -Wnon-modular-include-in-framework-module -Werror\=non-modular-include-in-framework-module -Wno-trigraphs -Wno-missing-field-initializers -Wno-missing-prototypes -Wno-return-type -Wno-missing-braces -Wparentheses -Wswitch -Wno-unused-function -Wno-unused-label -Wno-unused-parameter -Wno-unused-variable -Wunused-value -Wno-empty-body -Wno-uninitialized -Wno-unknown-pragmas -w -Wno-shadow -Wno-four-char-constants -Wno-conversion -Wno-constant-conversion -Wno-int-conversion -Wno-bool-conversion -Wno-enum-conversion -Wno-float-conversion -Wno-non-literal-null-conversion -Wno-objc-literal-conversion -Wshorten-64-to-32 -Wpointer-sign -Wno-newline-eof -Wno-implicit-fallthrough -fstrict-aliasing -Wdeprecated-declarations -Wno-sign-conversion -Wno-infinite-recursion -Wno-comma -Wno-block-capture-autoreleasing -Wno-strict-prototypes -Wno-semicolon-before-method-body -index-store-path /Users/j/Documents/GitHub/MoneroOne/build/Index.noindex/DataStore @/Users/j/Documents/GitHub/MoneroOne/build/Build/Intermediates.noindex/swift-crypto.build/Debug-iphonesimulator/CCryptoBoringSSL.build/Objects-normal/arm64/7187679823f38a2a940e0043cdf9d637-common-args.resp -MMD -MT dependencies -MF /Users/j/Documents/GitHub/MoneroOne/build/Build/Intermediates.noindex/swift-crypto.build/Debug-iphonesimulator/CCryptoBoringSSL.build/Objects-normal/arm64/x509_att.d --serialize-diagnostics /Users/j/Documents/GitHub/MoneroOne/build/Build/Intermediates.noindex/swift-crypto.build/Debug-iphonesimulator/CCryptoBoringSSL.build/Objects-normal/arm64/x509_att.dia -c /Users/j/Documents/GitHub/MoneroOne/build/SourcePackages/checkouts/swift-crypto/Sources/CCryptoBoringSSL/crypto/x509/x509_att.c -o /Users/j/Documents/GitHub/MoneroOne/build/Build/Intermediates.noindex/swift-crypto.build/Debug-iphonesimulator/CCryptoBoringSSL.build/Objects-normal/arm64/x509_att.o -index-unit-output-path /swift-crypto.build/Debug-iphonesimulator/CCryptoBoringSSL.build/Objects-normal/arm64/x509_att.o

CompileC /Users/j/Documents/GitHub/MoneroOne/build/Build/Intermediates.noindex/swift-crypto.build/Debug-iphonesimulator/CCryptoBoringSSL.build/Objects-normal/arm64/x509_d2.o /Users/j/Documents/GitHub/MoneroOne/build/SourcePackages/checkouts/swift-crypto/Sources/CCryptoBoringSSL/crypto/x509/x509_d2.c normal arm64 c com.apple.compilers.llvm.clang.1_0.compiler (in target 'CCryptoBoringSSL' from project 'swift-crypto')
    cd /Users/j/Documents/GitHub/MoneroOne/MoneroOne.xcodeproj
    
    Using response file: /Users/j/Documents/GitHub/MoneroOne/build/Build/Intermediates.noindex/swift-crypto.build/Debug-iphonesimulator/CCryptoBoringSSL.build/Objects-normal/arm64/7187679823f38a2a940e0043cdf9d637-common-args.resp
    
    /Applications/Xcode.app/Contents/Developer/Toolchains/XcodeDefault.xctoolchain/usr/bin/clang -x c -ivfsstatcache /Users/j/Documents/GitHub/MoneroOne/build/SDKStatCaches.noindex/iphonesimulator26.1-23B77-90cf18a4295e390e64c810bc6bd7acbc.sdkstatcache -fmessage-length\=0 -fdiagnostics-show-note-include-stack -fmacro-backtrace-limit\=0 -fno-color-diagnostics -fmodules-prune-interval\=86400 -fmodules-prune-after\=345600 -fbuild-session-file\=/Users/j/Documents/GitHub/MoneroOne/build/ModuleCache.noindex/Session.modulevalidation -fmodules-validate-once-per-build-session -Wnon-modular-include-in-framework-module -Werror\=non-modular-include-in-framework-module -Wno-trigraphs -Wno-missing-field-initializers -Wno-missing-prototypes -Wno-return-type -Wno-missing-braces -Wparentheses -Wswitch -Wno-unused-function -Wno-unused-label -Wno-unused-parameter -Wno-unused-variable -Wunused-value -Wno-empty-body -Wno-uninitialized -Wno-unknown-pragmas -w -Wno-shadow -Wno-four-char-constants -Wno-conversion -Wno-constant-conversion -Wno-int-conversion -Wno-bool-conversion -Wno-enum-conversion -Wno-float-conversion -Wno-non-literal-null-conversion -Wno-objc-literal-conversion -Wshorten-64-to-32 -Wpointer-sign -Wno-newline-eof -Wno-implicit-fallthrough -fstrict-aliasing -Wdeprecated-declarations -Wno-sign-conversion -Wno-infinite-recursion -Wno-comma -Wno-block-capture-autoreleasing -Wno-strict-prototypes -Wno-semicolon-before-method-body -index-store-path /Users/j/Documents/GitHub/MoneroOne/build/Index.noindex/DataStore @/Users/j/Documents/GitHub/MoneroOne/build/Build/Intermediates.noindex/swift-crypto.build/Debug-iphonesimulator/CCryptoBoringSSL.build/Objects-normal/arm64/7187679823f38a2a940e0043cdf9d637-common-args.resp -MMD -MT dependencies -MF /Users/j/Documents/GitHub/MoneroOne/build/Build/Intermediates.noindex/swift-crypto.build/Debug-iphonesimulator/CCryptoBoringSSL.build/Objects-normal/arm64/x509_d2.d --serialize-diagnostics /Users/j/Documents/GitHub/MoneroOne/build/Build/Intermediates.noindex/swift-crypto.build/Debug-iphonesimulator/CCryptoBoringSSL.build/Objects-normal/arm64/x509_d2.dia -c /Users/j/Documents/GitHub/MoneroOne/build/SourcePackages/checkouts/swift-crypto/Sources/CCryptoBoringSSL/crypto/x509/x509_d2.c -o /Users/j/Documents/GitHub/MoneroOne/build/Build/Intermediates.noindex/swift-crypto.build/Debug-iphonesimulator/CCryptoBoringSSL.build/Objects-normal/arm64/x509_d2.o -index-unit-output-path /swift-crypto.build/Debug-iphonesimulator/CCryptoBoringSSL.build/Objects-normal/arm64/x509_d2.o

CompileC /Users/j/Documents/GitHub/MoneroOne/build/Build/Intermediates.noindex/swift-crypto.build/Debug-iphonesimulator/CCryptoBoringSSL.build/Objects-normal/arm64/x509_cmp.o /Users/j/Documents/GitHub/MoneroOne/build/SourcePackages/checkouts/swift-crypto/Sources/CCryptoBoringSSL/crypto/x509/x509_cmp.c normal arm64 c com.apple.compilers.llvm.clang.1_0.compiler (in target 'CCryptoBoringSSL' from project 'swift-crypto')
    cd /Users/j/Documents/GitHub/MoneroOne/MoneroOne.xcodeproj
    
    Using response file: /Users/j/Documents/GitHub/MoneroOne/build/Build/Intermediates.noindex/swift-crypto.build/Debug-iphonesimulator/CCryptoBoringSSL.build/Objects-normal/arm64/7187679823f38a2a940e0043cdf9d637-common-args.resp
    
    /Applications/Xcode.app/Contents/Developer/Toolchains/XcodeDefault.xctoolchain/usr/bin/clang -x c -ivfsstatcache /Users/j/Documents/GitHub/MoneroOne/build/SDKStatCaches.noindex/iphonesimulator26.1-23B77-90cf18a4295e390e64c810bc6bd7acbc.sdkstatcache -fmessage-length\=0 -fdiagnostics-show-note-include-stack -fmacro-backtrace-limit\=0 -fno-color-diagnostics -fmodules-prune-interval\=86400 -fmodules-prune-after\=345600 -fbuild-session-file\=/Users/j/Documents/GitHub/MoneroOne/build/ModuleCache.noindex/Session.modulevalidation -fmodules-validate-once-per-build-session -Wnon-modular-include-in-framework-module -Werror\=non-modular-include-in-framework-module -Wno-trigraphs -Wno-missing-field-initializers -Wno-missing-prototypes -Wno-return-type -Wno-missing-braces -Wparentheses -Wswitch -Wno-unused-function -Wno-unused-label -Wno-unused-parameter -Wno-unused-variable -Wunused-value -Wno-empty-body -Wno-uninitialized -Wno-unknown-pragmas -w -Wno-shadow -Wno-four-char-constants -Wno-conversion -Wno-constant-conversion -Wno-int-conversion -Wno-bool-conversion -Wno-enum-conversion -Wno-float-conversion -Wno-non-literal-null-conversion -Wno-objc-literal-conversion -Wshorten-64-to-32 -Wpointer-sign -Wno-newline-eof -Wno-implicit-fallthrough -fstrict-aliasing -Wdeprecated-declarations -Wno-sign-conversion -Wno-infinite-recursion -Wno-comma -Wno-block-capture-autoreleasing -Wno-strict-prototypes -Wno-semicolon-before-method-body -index-store-path /Users/j/Documents/GitHub/MoneroOne/build/Index.noindex/DataStore @/Users/j/Documents/GitHub/MoneroOne/build/Build/Intermediates.noindex/swift-crypto.build/Debug-iphonesimulator/CCryptoBoringSSL.build/Objects-normal/arm64/7187679823f38a2a940e0043cdf9d637-common-args.resp -MMD -MT dependencies -MF /Users/j/Documents/GitHub/MoneroOne/build/Build/Intermediates.noindex/swift-crypto.build/Debug-iphonesimulator/CCryptoBoringSSL.build/Objects-normal/arm64/x509_cmp.d --serialize-diagnostics /Users/j/Documents/GitHub/MoneroOne/build/Build/Intermediates.noindex/swift-crypto.build/Debug-iphonesimulator/CCryptoBoringSSL.build/Objects-normal/arm64/x509_cmp.dia -c /Users/j/Documents/GitHub/MoneroOne/build/SourcePackages/checkouts/swift-crypto/Sources/CCryptoBoringSSL/crypto/x509/x509_cmp.c -o /Users/j/Documents/GitHub/MoneroOne/build/Build/Intermediates.noindex/swift-crypto.build/Debug-iphonesimulator/CCryptoBoringSSL.build/Objects-normal/arm64/x509_cmp.o -index-unit-output-path /swift-crypto.build/Debug-iphonesimulator/CCryptoBoringSSL.build/Objects-normal/arm64/x509_cmp.o

ScanDependencies /Users/j/Documents/GitHub/MoneroOne/build/Build/Intermediates.noindex/swift-crypto.build/Debug-iphonesimulator/CCryptoBoringSSL.build/Objects-normal/arm64/x509.o /Users/j/Documents/GitHub/MoneroOne/build/SourcePackages/checkouts/swift-crypto/Sources/CCryptoBoringSSL/crypto/x509/x509.c normal arm64 c com.apple.compilers.llvm.clang.1_0.compiler (in target 'CCryptoBoringSSL' from project 'swift-crypto')
    cd /Users/j/Documents/GitHub/MoneroOne/MoneroOne.xcodeproj
    
    Using response file: /Users/j/Documents/GitHub/MoneroOne/build/Build/Intermediates.noindex/swift-crypto.build/Debug-iphonesimulator/CCryptoBoringSSL.build/Objects-normal/arm64/7187679823f38a2a940e0043cdf9d637-common-args.resp
    
    builtin-ScanDependencies -o /Users/j/Documents/GitHub/MoneroOne/build/Build/Intermediates.noindex/swift-crypto.build/Debug-iphonesimulator/CCryptoBoringSSL.build/Objects-normal/arm64/x509.o.scan -- /Applications/Xcode.app/Contents/Developer/Toolchains/XcodeDefault.xctoolchain/usr/bin/clang -x c -ivfsstatcache /Users/j/Documents/GitHub/MoneroOne/build/SDKStatCaches.noindex/iphonesimulator26.1-23B77-90cf18a4295e390e64c810bc6bd7acbc.sdkstatcache -fmessage-length\=0 -fdiagnostics-show-note-include-stack -fmacro-backtrace-limit\=0 -fno-color-diagnostics -fmodules-prune-interval\=86400 -fmodules-prune-after\=345600 -fbuild-session-file\=/Users/j/Documents/GitHub/MoneroOne/build/ModuleCache.noindex/Session.modulevalidation -fmodules-validate-once-per-build-session -Wnon-modular-include-in-framework-module -Werror\=non-modular-include-in-framework-module -Wno-trigraphs -Wno-missing-field-initializers -Wno-missing-prototypes -Wno-return-type -Wno-missing-braces -Wparentheses -Wswitch -Wno-unused-function -Wno-unused-label -Wno-unused-parameter -Wno-unused-variable -Wunused-value -Wno-empty-body -Wno-uninitialized -Wno-unknown-pragmas -w -Wno-shadow -Wno-four-char-constants -Wno-conversion -Wno-constant-conversion -Wno-int-conversion -Wno-bool-conversion -Wno-enum-conversion -Wno-float-conversion -Wno-non-literal-null-conversion -Wno-objc-literal-conversion -Wshorten-64-to-32 -Wpointer-sign -Wno-newline-eof -Wno-implicit-fallthrough -fstrict-aliasing -Wdeprecated-declarations -Wno-sign-conversion -Wno-infinite-recursion -Wno-comma -Wno-block-capture-autoreleasing -Wno-strict-prototypes -Wno-semicolon-before-method-body -index-store-path /Users/j/Documents/GitHub/MoneroOne/build/Index.noindex/DataStore @/Users/j/Documents/GitHub/MoneroOne/build/Build/Intermediates.noindex/swift-crypto.build/Debug-iphonesimulator/CCryptoBoringSSL.build/Objects-normal/arm64/7187679823f38a2a940e0043cdf9d637-common-args.resp -MMD -MT dependencies -MF /Users/j/Documents/GitHub/MoneroOne/build/Build/Intermediates.noindex/swift-crypto.build/Debug-iphonesimulator/CCryptoBoringSSL.build/Objects-normal/arm64/x509.d --serialize-diagnostics /Users/j/Documents/GitHub/MoneroOne/build/Build/Intermediates.noindex/swift-crypto.build/Debug-iphonesimulator/CCryptoBoringSSL.build/Objects-normal/arm64/x509.dia -c /Users/j/Documents/GitHub/MoneroOne/build/SourcePackages/checkouts/swift-crypto/Sources/CCryptoBoringSSL/crypto/x509/x509.c -o /Users/j/Documents/GitHub/MoneroOne/build/Build/Intermediates.noindex/swift-crypto.build/Debug-iphonesimulator/CCryptoBoringSSL.build/Objects-normal/arm64/x509.o -index-unit-output-path /swift-crypto.build/Debug-iphonesimulator/CCryptoBoringSSL.build/Objects-normal/arm64/x509.o

CompileC /Users/j/Documents/GitHub/MoneroOne/build/Build/Intermediates.noindex/swift-crypto.build/Debug-iphonesimulator/CCryptoBoringSSL.build/Objects-normal/arm64/x509_att.o /Users/j/Documents/GitHub/MoneroOne/build/SourcePackages/checkouts/swift-crypto/Sources/CCryptoBoringSSL/crypto/x509/x509_att.c normal arm64 c com.apple.compilers.llvm.clang.1_0.compiler (in target 'CCryptoBoringSSL' from project 'swift-crypto')
    cd /Users/j/Documents/GitHub/MoneroOne/MoneroOne.xcodeproj
    
    Using response file: /Users/j/Documents/GitHub/MoneroOne/build/Build/Intermediates.noindex/swift-crypto.build/Debug-iphonesimulator/CCryptoBoringSSL.build/Objects-normal/arm64/7187679823f38a2a940e0043cdf9d637-common-args.resp
    
    /Applications/Xcode.app/Contents/Developer/Toolchains/XcodeDefault.xctoolchain/usr/bin/clang -x c -ivfsstatcache /Users/j/Documents/GitHub/MoneroOne/build/SDKStatCaches.noindex/iphonesimulator26.1-23B77-90cf18a4295e390e64c810bc6bd7acbc.sdkstatcache -fmessage-length\=0 -fdiagnostics-show-note-include-stack -fmacro-backtrace-limit\=0 -fno-color-diagnostics -fmodules-prune-interval\=86400 -fmodules-prune-after\=345600 -fbuild-session-file\=/Users/j/Documents/GitHub/MoneroOne/build/ModuleCache.noindex/Session.modulevalidation -fmodules-validate-once-per-build-session -Wnon-modular-include-in-framework-module -Werror\=non-modular-include-in-framework-module -Wno-trigraphs -Wno-missing-field-initializers -Wno-missing-prototypes -Wno-return-type -Wno-missing-braces -Wparentheses -Wswitch -Wno-unused-function -Wno-unused-label -Wno-unused-parameter -Wno-unused-variable -Wunused-value -Wno-empty-body -Wno-uninitialized -Wno-unknown-pragmas -w -Wno-shadow -Wno-four-char-constants -Wno-conversion -Wno-constant-conversion -Wno-int-conversion -Wno-bool-conversion -Wno-enum-conversion -Wno-float-conversion -Wno-non-literal-null-conversion -Wno-objc-literal-conversion -Wshorten-64-to-32 -Wpointer-sign -Wno-newline-eof -Wno-implicit-fallthrough -fstrict-aliasing -Wdeprecated-declarations -Wno-sign-conversion -Wno-infinite-recursion -Wno-comma -Wno-block-capture-autoreleasing -Wno-strict-prototypes -Wno-semicolon-before-method-body -index-store-path /Users/j/Documents/GitHub/MoneroOne/build/Index.noindex/DataStore @/Users/j/Documents/GitHub/MoneroOne/build/Build/Intermediates.noindex/swift-crypto.build/Debug-iphonesimulator/CCryptoBoringSSL.build/Objects-normal/arm64/7187679823f38a2a940e0043cdf9d637-common-args.resp -MMD -MT dependencies -MF /Users/j/Documents/GitHub/MoneroOne/build/Build/Intermediates.noindex/swift-crypto.build/Debug-iphonesimulator/CCryptoBoringSSL.build/Objects-normal/arm64/x509_att.d --serialize-diagnostics /Users/j/Documents/GitHub/MoneroOne/build/Build/Intermediates.noindex/swift-crypto.build/Debug-iphonesimulator/CCryptoBoringSSL.build/Objects-normal/arm64/x509_att.dia -c /Users/j/Documents/GitHub/MoneroOne/build/SourcePackages/checkouts/swift-crypto/Sources/CCryptoBoringSSL/crypto/x509/x509_att.c -o /Users/j/Documents/GitHub/MoneroOne/build/Build/Intermediates.noindex/swift-crypto.build/Debug-iphonesimulator/CCryptoBoringSSL.build/Objects-normal/arm64/x509_att.o -index-unit-output-path /swift-crypto.build/Debug-iphonesimulator/CCryptoBoringSSL.build/Objects-normal/arm64/x509_att.o

ScanDependencies /Users/j/Documents/GitHub/MoneroOne/build/Build/Intermediates.noindex/swift-crypto.build/Debug-iphonesimulator/CCryptoBoringSSL.build/Objects-normal/arm64/wnaf.o /Users/j/Documents/GitHub/MoneroOne/build/SourcePackages/checkouts/swift-crypto/Sources/CCryptoBoringSSL/crypto/fipsmodule/ec/wnaf.c normal arm64 c com.apple.compilers.llvm.clang.1_0.compiler (in target 'CCryptoBoringSSL' from project 'swift-crypto')
    cd /Users/j/Documents/GitHub/MoneroOne/MoneroOne.xcodeproj
    
    Using response file: /Users/j/Documents/GitHub/MoneroOne/build/Build/Intermediates.noindex/swift-crypto.build/Debug-iphonesimulator/CCryptoBoringSSL.build/Objects-normal/arm64/7187679823f38a2a940e0043cdf9d637-common-args.resp
    
    builtin-ScanDependencies -o /Users/j/Documents/GitHub/MoneroOne/build/Build/Intermediates.noindex/swift-crypto.build/Debug-iphonesimulator/CCryptoBoringSSL.build/Objects-normal/arm64/wnaf.o.scan -- /Applications/Xcode.app/Contents/Developer/Toolchains/XcodeDefault.xctoolchain/usr/bin/clang -x c -ivfsstatcache /Users/j/Documents/GitHub/MoneroOne/build/SDKStatCaches.noindex/iphonesimulator26.1-23B77-90cf18a4295e390e64c810bc6bd7acbc.sdkstatcache -fmessage-length\=0 -fdiagnostics-show-note-include-stack -fmacro-backtrace-limit\=0 -fno-color-diagnostics -fmodules-prune-interval\=86400 -fmodules-prune-after\=345600 -fbuild-session-file\=/Users/j/Documents/GitHub/MoneroOne/build/ModuleCache.noindex/Session.modulevalidation -fmodules-validate-once-per-build-session -Wnon-modular-include-in-framework-module -Werror\=non-modular-include-in-framework-module -Wno-trigraphs -Wno-missing-field-initializers -Wno-missing-prototypes -Wno-return-type -Wno-missing-braces -Wparentheses -Wswitch -Wno-unused-function -Wno-unused-label -Wno-unused-parameter -Wno-unused-variable -Wunused-value -Wno-empty-body -Wno-uninitialized -Wno-unknown-pragmas -w -Wno-shadow -Wno-four-char-constants -Wno-conversion -Wno-constant-conversion -Wno-int-conversion -Wno-bool-conversion -Wno-enum-conversion -Wno-float-conversion -Wno-non-literal-null-conversion -Wno-objc-literal-conversion -Wshorten-64-to-32 -Wpointer-sign -Wno-newline-eof -Wno-implicit-fallthrough -fstrict-aliasing -Wdeprecated-declarations -Wno-sign-conversion -Wno-infinite-recursion -Wno-comma -Wno-block-capture-autoreleasing -Wno-strict-prototypes -Wno-semicolon-before-method-body -index-store-path /Users/j/Documents/GitHub/MoneroOne/build/Index.noindex/DataStore @/Users/j/Documents/GitHub/MoneroOne/build/Build/Intermediates.noindex/swift-crypto.build/Debug-iphonesimulator/CCryptoBoringSSL.build/Objects-normal/arm64/7187679823f38a2a940e0043cdf9d637-common-args.resp -MMD -MT dependencies -MF /Users/j/Documents/GitHub/MoneroOne/build/Build/Intermediates.noindex/swift-crypto.build/Debug-iphonesimulator/CCryptoBoringSSL.build/Objects-normal/arm64/wnaf.d --serialize-diagnostics /Users/j/Documents/GitHub/MoneroOne/build/Build/Intermediates.noindex/swift-crypto.build/Debug-iphonesimulator/CCryptoBoringSSL.build/Objects-normal/arm64/wnaf.dia -c /Users/j/Documents/GitHub/MoneroOne/build/SourcePackages/checkouts/swift-crypto/Sources/CCryptoBoringSSL/crypto/fipsmodule/ec/wnaf.c -o /Users/j/Documents/GitHub/MoneroOne/build/Build/Intermediates.noindex/swift-crypto.build/Debug-iphonesimulator/CCryptoBoringSSL.build/Objects-normal/arm64/wnaf.o -index-unit-output-path /swift-crypto.build/Debug-iphonesimulator/CCryptoBoringSSL.build/Objects-normal/arm64/wnaf.o

CompileC /Users/j/Documents/GitHub/MoneroOne/build/Build/Intermediates.noindex/swift-crypto.build/Debug-iphonesimulator/CCryptoBoringSSL.build/Objects-normal/arm64/x509.o /Users/j/Documents/GitHub/MoneroOne/build/SourcePackages/checkouts/swift-crypto/Sources/CCryptoBoringSSL/crypto/x509/x509.c normal arm64 c com.apple.compilers.llvm.clang.1_0.compiler (in target 'CCryptoBoringSSL' from project 'swift-crypto')
    cd /Users/j/Documents/GitHub/MoneroOne/MoneroOne.xcodeproj
    
    Using response file: /Users/j/Documents/GitHub/MoneroOne/build/Build/Intermediates.noindex/swift-crypto.build/Debug-iphonesimulator/CCryptoBoringSSL.build/Objects-normal/arm64/7187679823f38a2a940e0043cdf9d637-common-args.resp
    
    /Applications/Xcode.app/Contents/Developer/Toolchains/XcodeDefault.xctoolchain/usr/bin/clang -x c -ivfsstatcache /Users/j/Documents/GitHub/MoneroOne/build/SDKStatCaches.noindex/iphonesimulator26.1-23B77-90cf18a4295e390e64c810bc6bd7acbc.sdkstatcache -fmessage-length\=0 -fdiagnostics-show-note-include-stack -fmacro-backtrace-limit\=0 -fno-color-diagnostics -fmodules-prune-interval\=86400 -fmodules-prune-after\=345600 -fbuild-session-file\=/Users/j/Documents/GitHub/MoneroOne/build/ModuleCache.noindex/Session.modulevalidation -fmodules-validate-once-per-build-session -Wnon-modular-include-in-framework-module -Werror\=non-modular-include-in-framework-module -Wno-trigraphs -Wno-missing-field-initializers -Wno-missing-prototypes -Wno-return-type -Wno-missing-braces -Wparentheses -Wswitch -Wno-unused-function -Wno-unused-label -Wno-unused-parameter -Wno-unused-variable -Wunused-value -Wno-empty-body -Wno-uninitialized -Wno-unknown-pragmas -w -Wno-shadow -Wno-four-char-constants -Wno-conversion -Wno-constant-conversion -Wno-int-conversion -Wno-bool-conversion -Wno-enum-conversion -Wno-float-conversion -Wno-non-literal-null-conversion -Wno-objc-literal-conversion -Wshorten-64-to-32 -Wpointer-sign -Wno-newline-eof -Wno-implicit-fallthrough -fstrict-aliasing -Wdeprecated-declarations -Wno-sign-conversion -Wno-infinite-recursion -Wno-comma -Wno-block-capture-autoreleasing -Wno-strict-prototypes -Wno-semicolon-before-method-body -index-store-path /Users/j/Documents/GitHub/MoneroOne/build/Index.noindex/DataStore @/Users/j/Documents/GitHub/MoneroOne/build/Build/Intermediates.noindex/swift-crypto.build/Debug-iphonesimulator/CCryptoBoringSSL.build/Objects-normal/arm64/7187679823f38a2a940e0043cdf9d637-common-args.resp -MMD -MT dependencies -MF /Users/j/Documents/GitHub/MoneroOne/build/Build/Intermediates.noindex/swift-crypto.build/Debug-iphonesimulator/CCryptoBoringSSL.build/Objects-normal/arm64/x509.d --serialize-diagnostics /Users/j/Documents/GitHub/MoneroOne/build/Build/Intermediates.noindex/swift-crypto.build/Debug-iphonesimulator/CCryptoBoringSSL.build/Objects-normal/arm64/x509.dia -c /Users/j/Documents/GitHub/MoneroOne/build/SourcePackages/checkouts/swift-crypto/Sources/CCryptoBoringSSL/crypto/x509/x509.c -o /Users/j/Documents/GitHub/MoneroOne/build/Build/Intermediates.noindex/swift-crypto.build/Debug-iphonesimulator/CCryptoBoringSSL.build/Objects-normal/arm64/x509.o -index-unit-output-path /swift-crypto.build/Debug-iphonesimulator/CCryptoBoringSSL.build/Objects-normal/arm64/x509.o

SwiftDriverJobDiscovery normal arm64 Compiling DatabaseRegion.swift, DatabaseRegionObservation.swift, DatabaseSchemaCache.swift, DatabaseSnapshot.swift, DatabaseSnapshotPool.swift, DatabaseValue.swift, DatabaseValueConvertible.swift, DatabaseWriter.swift, FetchRequest.swift, Row.swift, RowAdapter.swift, RowDecodingError.swift, SQL.swift, SQLInterpolation.swift (in target 'GRDB' from project 'GRDB')

ScanDependencies /Users/j/Documents/GitHub/MoneroOne/build/Build/Intermediates.noindex/swift-crypto.build/Debug-iphonesimulator/CCryptoBoringSSL.build/Objects-normal/arm64/windows.o /Users/j/Documents/GitHub/MoneroOne/build/SourcePackages/checkouts/swift-crypto/Sources/CCryptoBoringSSL/crypto/rand_extra/windows.c normal arm64 c com.apple.compilers.llvm.clang.1_0.compiler (in target 'CCryptoBoringSSL' from project 'swift-crypto')
    cd /Users/j/Documents/GitHub/MoneroOne/MoneroOne.xcodeproj
    
    Using response file: /Users/j/Documents/GitHub/MoneroOne/build/Build/Intermediates.noindex/swift-crypto.build/Debug-iphonesimulator/CCryptoBoringSSL.build/Objects-normal/arm64/7187679823f38a2a940e0043cdf9d637-common-args.resp
    
    builtin-ScanDependencies -o /Users/j/Documents/GitHub/MoneroOne/build/Build/Intermediates.noindex/swift-crypto.build/Debug-iphonesimulator/CCryptoBoringSSL.build/Objects-normal/arm64/windows.o.scan -- /Applications/Xcode.app/Contents/Developer/Toolchains/XcodeDefault.xctoolchain/usr/bin/clang -x c -ivfsstatcache /Users/j/Documents/GitHub/MoneroOne/build/SDKStatCaches.noindex/iphonesimulator26.1-23B77-90cf18a4295e390e64c810bc6bd7acbc.sdkstatcache -fmessage-length\=0 -fdiagnostics-show-note-include-stack -fmacro-backtrace-limit\=0 -fno-color-diagnostics -fmodules-prune-interval\=86400 -fmodules-prune-after\=345600 -fbuild-session-file\=/Users/j/Documents/GitHub/MoneroOne/build/ModuleCache.noindex/Session.modulevalidation -fmodules-validate-once-per-build-session -Wnon-modular-include-in-framework-module -Werror\=non-modular-include-in-framework-module -Wno-trigraphs -Wno-missing-field-initializers -Wno-missing-prototypes -Wno-return-type -Wno-missing-braces -Wparentheses -Wswitch -Wno-unused-function -Wno-unused-label -Wno-unused-parameter -Wno-unused-variable -Wunused-value -Wno-empty-body -Wno-uninitialized -Wno-unknown-pragmas -w -Wno-shadow -Wno-four-char-constants -Wno-conversion -Wno-constant-conversion -Wno-int-conversion -Wno-bool-conversion -Wno-enum-conversion -Wno-float-conversion -Wno-non-literal-null-conversion -Wno-objc-literal-conversion -Wshorten-64-to-32 -Wpointer-sign -Wno-newline-eof -Wno-implicit-fallthrough -fstrict-aliasing -Wdeprecated-declarations -Wno-sign-conversion -Wno-infinite-recursion -Wno-comma -Wno-block-capture-autoreleasing -Wno-strict-prototypes -Wno-semicolon-before-method-body -index-store-path /Users/j/Documents/GitHub/MoneroOne/build/Index.noindex/DataStore @/Users/j/Documents/GitHub/MoneroOne/build/Build/Intermediates.noindex/swift-crypto.build/Debug-iphonesimulator/CCryptoBoringSSL.build/Objects-normal/arm64/7187679823f38a2a940e0043cdf9d637-common-args.resp -MMD -MT dependencies -MF /Users/j/Documents/GitHub/MoneroOne/build/Build/Intermediates.noindex/swift-crypto.build/Debug-iphonesimulator/CCryptoBoringSSL.build/Objects-normal/arm64/windows.d --serialize-diagnostics /Users/j/Documents/GitHub/MoneroOne/build/Build/Intermediates.noindex/swift-crypto.build/Debug-iphonesimulator/CCryptoBoringSSL.build/Objects-normal/arm64/windows.dia -c /Users/j/Documents/GitHub/MoneroOne/build/SourcePackages/checkouts/swift-crypto/Sources/CCryptoBoringSSL/crypto/rand_extra/windows.c -o /Users/j/Documents/GitHub/MoneroOne/build/Build/Intermediates.noindex/swift-crypto.build/Debug-iphonesimulator/CCryptoBoringSSL.build/Objects-normal/arm64/windows.o -index-unit-output-path /swift-crypto.build/Debug-iphonesimulator/CCryptoBoringSSL.build/Objects-normal/arm64/windows.o

CompileC /Users/j/Documents/GitHub/MoneroOne/build/Build/Intermediates.noindex/swift-crypto.build/Debug-iphonesimulator/CCryptoBoringSSL.build/Objects-normal/arm64/wnaf.o /Users/j/Documents/GitHub/MoneroOne/build/SourcePackages/checkouts/swift-crypto/Sources/CCryptoBoringSSL/crypto/fipsmodule/ec/wnaf.c normal arm64 c com.apple.compilers.llvm.clang.1_0.compiler (in target 'CCryptoBoringSSL' from project 'swift-crypto')
    cd /Users/j/Documents/GitHub/MoneroOne/MoneroOne.xcodeproj
    
    Using response file: /Users/j/Documents/GitHub/MoneroOne/build/Build/Intermediates.noindex/swift-crypto.build/Debug-iphonesimulator/CCryptoBoringSSL.build/Objects-normal/arm64/7187679823f38a2a940e0043cdf9d637-common-args.resp
    
    /Applications/Xcode.app/Contents/Developer/Toolchains/XcodeDefault.xctoolchain/usr/bin/clang -x c -ivfsstatcache /Users/j/Documents/GitHub/MoneroOne/build/SDKStatCaches.noindex/iphonesimulator26.1-23B77-90cf18a4295e390e64c810bc6bd7acbc.sdkstatcache -fmessage-length\=0 -fdiagnostics-show-note-include-stack -fmacro-backtrace-limit\=0 -fno-color-diagnostics -fmodules-prune-interval\=86400 -fmodules-prune-after\=345600 -fbuild-session-file\=/Users/j/Documents/GitHub/MoneroOne/build/ModuleCache.noindex/Session.modulevalidation -fmodules-validate-once-per-build-session -Wnon-modular-include-in-framework-module -Werror\=non-modular-include-in-framework-module -Wno-trigraphs -Wno-missing-field-initializers -Wno-missing-prototypes -Wno-return-type -Wno-missing-braces -Wparentheses -Wswitch -Wno-unused-function -Wno-unused-label -Wno-unused-parameter -Wno-unused-variable -Wunused-value -Wno-empty-body -Wno-uninitialized -Wno-unknown-pragmas -w -Wno-shadow -Wno-four-char-constants -Wno-conversion -Wno-constant-conversion -Wno-int-conversion -Wno-bool-conversion -Wno-enum-conversion -Wno-float-conversion -Wno-non-literal-null-conversion -Wno-objc-literal-conversion -Wshorten-64-to-32 -Wpointer-sign -Wno-newline-eof -Wno-implicit-fallthrough -fstrict-aliasing -Wdeprecated-declarations -Wno-sign-conversion -Wno-infinite-recursion -Wno-comma -Wno-block-capture-autoreleasing -Wno-strict-prototypes -Wno-semicolon-before-method-body -index-store-path /Users/j/Documents/GitHub/MoneroOne/build/Index.noindex/DataStore @/Users/j/Documents/GitHub/MoneroOne/build/Build/Intermediates.noindex/swift-crypto.build/Debug-iphonesimulator/CCryptoBoringSSL.build/Objects-normal/arm64/7187679823f38a2a940e0043cdf9d637-common-args.resp -MMD -MT dependencies -MF /Users/j/Documents/GitHub/MoneroOne/build/Build/Intermediates.noindex/swift-crypto.build/Debug-iphonesimulator/CCryptoBoringSSL.build/Objects-normal/arm64/wnaf.d --serialize-diagnostics /Users/j/Documents/GitHub/MoneroOne/build/Build/Intermediates.noindex/swift-crypto.build/Debug-iphonesimulator/CCryptoBoringSSL.build/Objects-normal/arm64/wnaf.dia -c /Users/j/Documents/GitHub/MoneroOne/build/SourcePackages/checkouts/swift-crypto/Sources/CCryptoBoringSSL/crypto/fipsmodule/ec/wnaf.c -o /Users/j/Documents/GitHub/MoneroOne/build/Build/Intermediates.noindex/swift-crypto.build/Debug-iphonesimulator/CCryptoBoringSSL.build/Objects-normal/arm64/wnaf.o -index-unit-output-path /swift-crypto.build/Debug-iphonesimulator/CCryptoBoringSSL.build/Objects-normal/arm64/wnaf.o

ScanDependencies /Users/j/Documents/GitHub/MoneroOne/build/Build/Intermediates.noindex/swift-crypto.build/Debug-iphonesimulator/CCryptoBoringSSL.build/Objects-normal/arm64/voprf.o /Users/j/Documents/GitHub/MoneroOne/build/SourcePackages/checkouts/swift-crypto/Sources/CCryptoBoringSSL/crypto/trust_token/voprf.c normal arm64 c com.apple.compilers.llvm.clang.1_0.compiler (in target 'CCryptoBoringSSL' from project 'swift-crypto')
    cd /Users/j/Documents/GitHub/MoneroOne/MoneroOne.xcodeproj
    
    Using response file: /Users/j/Documents/GitHub/MoneroOne/build/Build/Intermediates.noindex/swift-crypto.build/Debug-iphonesimulator/CCryptoBoringSSL.build/Objects-normal/arm64/7187679823f38a2a940e0043cdf9d637-common-args.resp
    
    builtin-ScanDependencies -o /Users/j/Documents/GitHub/MoneroOne/build/Build/Intermediates.noindex/swift-crypto.build/Debug-iphonesimulator/CCryptoBoringSSL.build/Objects-normal/arm64/voprf.o.scan -- /Applications/Xcode.app/Contents/Developer/Toolchains/XcodeDefault.xctoolchain/usr/bin/clang -x c -ivfsstatcache /Users/j/Documents/GitHub/MoneroOne/build/SDKStatCaches.noindex/iphonesimulator26.1-23B77-90cf18a4295e390e64c810bc6bd7acbc.sdkstatcache -fmessage-length\=0 -fdiagnostics-show-note-include-stack -fmacro-backtrace-limit\=0 -fno-color-diagnostics -fmodules-prune-interval\=86400 -fmodules-prune-after\=345600 -fbuild-session-file\=/Users/j/Documents/GitHub/MoneroOne/build/ModuleCache.noindex/Session.modulevalidation -fmodules-validate-once-per-build-session -Wnon-modular-include-in-framework-module -Werror\=non-modular-include-in-framework-module -Wno-trigraphs -Wno-missing-field-initializers -Wno-missing-prototypes -Wno-return-type -Wno-missing-braces -Wparentheses -Wswitch -Wno-unused-function -Wno-unused-label -Wno-unused-parameter -Wno-unused-variable -Wunused-value -Wno-empty-body -Wno-uninitialized -Wno-unknown-pragmas -w -Wno-shadow -Wno-four-char-constants -Wno-conversion -Wno-constant-conversion -Wno-int-conversion -Wno-bool-conversion -Wno-enum-conversion -Wno-float-conversion -Wno-non-literal-null-conversion -Wno-objc-literal-conversion -Wshorten-64-to-32 -Wpointer-sign -Wno-newline-eof -Wno-implicit-fallthrough -fstrict-aliasing -Wdeprecated-declarations -Wno-sign-conversion -Wno-infinite-recursion -Wno-comma -Wno-block-capture-autoreleasing -Wno-strict-prototypes -Wno-semicolon-before-method-body -index-store-path /Users/j/Documents/GitHub/MoneroOne/build/Index.noindex/DataStore @/Users/j/Documents/GitHub/MoneroOne/build/Build/Intermediates.noindex/swift-crypto.build/Debug-iphonesimulator/CCryptoBoringSSL.build/Objects-normal/arm64/7187679823f38a2a940e0043cdf9d637-common-args.resp -MMD -MT dependencies -MF /Users/j/Documents/GitHub/MoneroOne/build/Build/Intermediates.noindex/swift-crypto.build/Debug-iphonesimulator/CCryptoBoringSSL.build/Objects-normal/arm64/voprf.d --serialize-diagnostics /Users/j/Documents/GitHub/MoneroOne/build/Build/Intermediates.noindex/swift-crypto.build/Debug-iphonesimulator/CCryptoBoringSSL.build/Objects-normal/arm64/voprf.dia -c /Users/j/Documents/GitHub/MoneroOne/build/SourcePackages/checkouts/swift-crypto/Sources/CCryptoBoringSSL/crypto/trust_token/voprf.c -o /Users/j/Documents/GitHub/MoneroOne/build/Build/Intermediates.noindex/swift-crypto.build/Debug-iphonesimulator/CCryptoBoringSSL.build/Objects-normal/arm64/voprf.o -index-unit-output-path /swift-crypto.build/Debug-iphonesimulator/CCryptoBoringSSL.build/Objects-normal/arm64/voprf.o

ScanDependencies /Users/j/Documents/GitHub/MoneroOne/build/Build/Intermediates.noindex/swift-crypto.build/Debug-iphonesimulator/CCryptoBoringSSL.build/Objects-normal/arm64/v3_utl.o /Users/j/Documents/GitHub/MoneroOne/build/SourcePackages/checkouts/swift-crypto/Sources/CCryptoBoringSSL/crypto/x509v3/v3_utl.c normal arm64 c com.apple.compilers.llvm.clang.1_0.compiler (in target 'CCryptoBoringSSL' from project 'swift-crypto')
    cd /Users/j/Documents/GitHub/MoneroOne/MoneroOne.xcodeproj
    
    Using response file: /Users/j/Documents/GitHub/MoneroOne/build/Build/Intermediates.noindex/swift-crypto.build/Debug-iphonesimulator/CCryptoBoringSSL.build/Objects-normal/arm64/7187679823f38a2a940e0043cdf9d637-common-args.resp
    
    builtin-ScanDependencies -o /Users/j/Documents/GitHub/MoneroOne/build/Build/Intermediates.noindex/swift-crypto.build/Debug-iphonesimulator/CCryptoBoringSSL.build/Objects-normal/arm64/v3_utl.o.scan -- /Applications/Xcode.app/Contents/Developer/Toolchains/XcodeDefault.xctoolchain/usr/bin/clang -x c -ivfsstatcache /Users/j/Documents/GitHub/MoneroOne/build/SDKStatCaches.noindex/iphonesimulator26.1-23B77-90cf18a4295e390e64c810bc6bd7acbc.sdkstatcache -fmessage-length\=0 -fdiagnostics-show-note-include-stack -fmacro-backtrace-limit\=0 -fno-color-diagnostics -fmodules-prune-interval\=86400 -fmodules-prune-after\=345600 -fbuild-session-file\=/Users/j/Documents/GitHub/MoneroOne/build/ModuleCache.noindex/Session.modulevalidation -fmodules-validate-once-per-build-session -Wnon-modular-include-in-framework-module -Werror\=non-modular-include-in-framework-module -Wno-trigraphs -Wno-missing-field-initializers -Wno-missing-prototypes -Wno-return-type -Wno-missing-braces -Wparentheses -Wswitch -Wno-unused-function -Wno-unused-label -Wno-unused-parameter -Wno-unused-variable -Wunused-value -Wno-empty-body -Wno-uninitialized -Wno-unknown-pragmas -w -Wno-shadow -Wno-four-char-constants -Wno-conversion -Wno-constant-conversion -Wno-int-conversion -Wno-bool-conversion -Wno-enum-conversion -Wno-float-conversion -Wno-non-literal-null-conversion -Wno-objc-literal-conversion -Wshorten-64-to-32 -Wpointer-sign -Wno-newline-eof -Wno-implicit-fallthrough -fstrict-aliasing -Wdeprecated-declarations -Wno-sign-conversion -Wno-infinite-recursion -Wno-comma -Wno-block-capture-autoreleasing -Wno-strict-prototypes -Wno-semicolon-before-method-body -index-store-path /Users/j/Documents/GitHub/MoneroOne/build/Index.noindex/DataStore @/Users/j/Documents/GitHub/MoneroOne/build/Build/Intermediates.noindex/swift-crypto.build/Debug-iphonesimulator/CCryptoBoringSSL.build/Objects-normal/arm64/7187679823f38a2a940e0043cdf9d637-common-args.resp -MMD -MT dependencies -MF /Users/j/Documents/GitHub/MoneroOne/build/Build/Intermediates.noindex/swift-crypto.build/Debug-iphonesimulator/CCryptoBoringSSL.build/Objects-normal/arm64/v3_utl.d --serialize-diagnostics /Users/j/Documents/GitHub/MoneroOne/build/Build/Intermediates.noindex/swift-crypto.build/Debug-iphonesimulator/CCryptoBoringSSL.build/Objects-normal/arm64/v3_utl.dia -c /Users/j/Documents/GitHub/MoneroOne/build/SourcePackages/checkouts/swift-crypto/Sources/CCryptoBoringSSL/crypto/x509v3/v3_utl.c -o /Users/j/Documents/GitHub/MoneroOne/build/Build/Intermediates.noindex/swift-crypto.build/Debug-iphonesimulator/CCryptoBoringSSL.build/Objects-normal/arm64/v3_utl.o -index-unit-output-path /swift-crypto.build/Debug-iphonesimulator/CCryptoBoringSSL.build/Objects-normal/arm64/v3_utl.o

CompileC /Users/j/Documents/GitHub/MoneroOne/build/Build/Intermediates.noindex/swift-crypto.build/Debug-iphonesimulator/CCryptoBoringSSL.build/Objects-normal/arm64/windows.o /Users/j/Documents/GitHub/MoneroOne/build/SourcePackages/checkouts/swift-crypto/Sources/CCryptoBoringSSL/crypto/rand_extra/windows.c normal arm64 c com.apple.compilers.llvm.clang.1_0.compiler (in target 'CCryptoBoringSSL' from project 'swift-crypto')
    cd /Users/j/Documents/GitHub/MoneroOne/MoneroOne.xcodeproj
    
    Using response file: /Users/j/Documents/GitHub/MoneroOne/build/Build/Intermediates.noindex/swift-crypto.build/Debug-iphonesimulator/CCryptoBoringSSL.build/Objects-normal/arm64/7187679823f38a2a940e0043cdf9d637-common-args.resp
    
    /Applications/Xcode.app/Contents/Developer/Toolchains/XcodeDefault.xctoolchain/usr/bin/clang -x c -ivfsstatcache /Users/j/Documents/GitHub/MoneroOne/build/SDKStatCaches.noindex/iphonesimulator26.1-23B77-90cf18a4295e390e64c810bc6bd7acbc.sdkstatcache -fmessage-length\=0 -fdiagnostics-show-note-include-stack -fmacro-backtrace-limit\=0 -fno-color-diagnostics -fmodules-prune-interval\=86400 -fmodules-prune-after\=345600 -fbuild-session-file\=/Users/j/Documents/GitHub/MoneroOne/build/ModuleCache.noindex/Session.modulevalidation -fmodules-validate-once-per-build-session -Wnon-modular-include-in-framework-module -Werror\=non-modular-include-in-framework-module -Wno-trigraphs -Wno-missing-field-initializers -Wno-missing-prototypes -Wno-return-type -Wno-missing-braces -Wparentheses -Wswitch -Wno-unused-function -Wno-unused-label -Wno-unused-parameter -Wno-unused-variable -Wunused-value -Wno-empty-body -Wno-uninitialized -Wno-unknown-pragmas -w -Wno-shadow -Wno-four-char-constants -Wno-conversion -Wno-constant-conversion -Wno-int-conversion -Wno-bool-conversion -Wno-enum-conversion -Wno-float-conversion -Wno-non-literal-null-conversion -Wno-objc-literal-conversion -Wshorten-64-to-32 -Wpointer-sign -Wno-newline-eof -Wno-implicit-fallthrough -fstrict-aliasing -Wdeprecated-declarations -Wno-sign-conversion -Wno-infinite-recursion -Wno-comma -Wno-block-capture-autoreleasing -Wno-strict-prototypes -Wno-semicolon-before-method-body -index-store-path /Users/j/Documents/GitHub/MoneroOne/build/Index.noindex/DataStore @/Users/j/Documents/GitHub/MoneroOne/build/Build/Intermediates.noindex/swift-crypto.build/Debug-iphonesimulator/CCryptoBoringSSL.build/Objects-normal/arm64/7187679823f38a2a940e0043cdf9d637-common-args.resp -MMD -MT dependencies -MF /Users/j/Documents/GitHub/MoneroOne/build/Build/Intermediates.noindex/swift-crypto.build/Debug-iphonesimulator/CCryptoBoringSSL.build/Objects-normal/arm64/windows.d --serialize-diagnostics /Users/j/Documents/GitHub/MoneroOne/build/Build/Intermediates.noindex/swift-crypto.build/Debug-iphonesimulator/CCryptoBoringSSL.build/Objects-normal/arm64/windows.dia -c /Users/j/Documents/GitHub/MoneroOne/build/SourcePackages/checkouts/swift-crypto/Sources/CCryptoBoringSSL/crypto/rand_extra/windows.c -o /Users/j/Documents/GitHub/MoneroOne/build/Build/Intermediates.noindex/swift-crypto.build/Debug-iphonesimulator/CCryptoBoringSSL.build/Objects-normal/arm64/windows.o -index-unit-output-path /swift-crypto.build/Debug-iphonesimulator/CCryptoBoringSSL.build/Objects-normal/arm64/windows.o

CompileC /Users/j/Documents/GitHub/MoneroOne/build/Build/Intermediates.noindex/swift-crypto.build/Debug-iphonesimulator/CCryptoBoringSSL.build/Objects-normal/arm64/voprf.o /Users/j/Documents/GitHub/MoneroOne/build/SourcePackages/checkouts/swift-crypto/Sources/CCryptoBoringSSL/crypto/trust_token/voprf.c normal arm64 c com.apple.compilers.llvm.clang.1_0.compiler (in target 'CCryptoBoringSSL' from project 'swift-crypto')
    cd /Users/j/Documents/GitHub/MoneroOne/MoneroOne.xcodeproj
    
    Using response file: /Users/j/Documents/GitHub/MoneroOne/build/Build/Intermediates.noindex/swift-crypto.build/Debug-iphonesimulator/CCryptoBoringSSL.build/Objects-normal/arm64/7187679823f38a2a940e0043cdf9d637-common-args.resp
    
    /Applications/Xcode.app/Contents/Developer/Toolchains/XcodeDefault.xctoolchain/usr/bin/clang -x c -ivfsstatcache /Users/j/Documents/GitHub/MoneroOne/build/SDKStatCaches.noindex/iphonesimulator26.1-23B77-90cf18a4295e390e64c810bc6bd7acbc.sdkstatcache -fmessage-length\=0 -fdiagnostics-show-note-include-stack -fmacro-backtrace-limit\=0 -fno-color-diagnostics -fmodules-prune-interval\=86400 -fmodules-prune-after\=345600 -fbuild-session-file\=/Users/j/Documents/GitHub/MoneroOne/build/ModuleCache.noindex/Session.modulevalidation -fmodules-validate-once-per-build-session -Wnon-modular-include-in-framework-module -Werror\=non-modular-include-in-framework-module -Wno-trigraphs -Wno-missing-field-initializers -Wno-missing-prototypes -Wno-return-type -Wno-missing-braces -Wparentheses -Wswitch -Wno-unused-function -Wno-unused-label -Wno-unused-parameter -Wno-unused-variable -Wunused-value -Wno-empty-body -Wno-uninitialized -Wno-unknown-pragmas -w -Wno-shadow -Wno-four-char-constants -Wno-conversion -Wno-constant-conversion -Wno-int-conversion -Wno-bool-conversion -Wno-enum-conversion -Wno-float-conversion -Wno-non-literal-null-conversion -Wno-objc-literal-conversion -Wshorten-64-to-32 -Wpointer-sign -Wno-newline-eof -Wno-implicit-fallthrough -fstrict-aliasing -Wdeprecated-declarations -Wno-sign-conversion -Wno-infinite-recursion -Wno-comma -Wno-block-capture-autoreleasing -Wno-strict-prototypes -Wno-semicolon-before-method-body -index-store-path /Users/j/Documents/GitHub/MoneroOne/build/Index.noindex/DataStore @/Users/j/Documents/GitHub/MoneroOne/build/Build/Intermediates.noindex/swift-crypto.build/Debug-iphonesimulator/CCryptoBoringSSL.build/Objects-normal/arm64/7187679823f38a2a940e0043cdf9d637-common-args.resp -MMD -MT dependencies -MF /Users/j/Documents/GitHub/MoneroOne/build/Build/Intermediates.noindex/swift-crypto.build/Debug-iphonesimulator/CCryptoBoringSSL.build/Objects-normal/arm64/voprf.d --serialize-diagnostics /Users/j/Documents/GitHub/MoneroOne/build/Build/Intermediates.noindex/swift-crypto.build/Debug-iphonesimulator/CCryptoBoringSSL.build/Objects-normal/arm64/voprf.dia -c /Users/j/Documents/GitHub/MoneroOne/build/SourcePackages/checkouts/swift-crypto/Sources/CCryptoBoringSSL/crypto/trust_token/voprf.c -o /Users/j/Documents/GitHub/MoneroOne/build/Build/Intermediates.noindex/swift-crypto.build/Debug-iphonesimulator/CCryptoBoringSSL.build/Objects-normal/arm64/voprf.o -index-unit-output-path /swift-crypto.build/Debug-iphonesimulator/CCryptoBoringSSL.build/Objects-normal/arm64/voprf.o

ScanDependencies /Users/j/Documents/GitHub/MoneroOne/build/Build/Intermediates.noindex/swift-crypto.build/Debug-iphonesimulator/CCryptoBoringSSL.build/Objects-normal/arm64/v3_skey.o /Users/j/Documents/GitHub/MoneroOne/build/SourcePackages/checkouts/swift-crypto/Sources/CCryptoBoringSSL/crypto/x509v3/v3_skey.c normal arm64 c com.apple.compilers.llvm.clang.1_0.compiler (in target 'CCryptoBoringSSL' from project 'swift-crypto')
    cd /Users/j/Documents/GitHub/MoneroOne/MoneroOne.xcodeproj
    
    Using response file: /Users/j/Documents/GitHub/MoneroOne/build/Build/Intermediates.noindex/swift-crypto.build/Debug-iphonesimulator/CCryptoBoringSSL.build/Objects-normal/arm64/7187679823f38a2a940e0043cdf9d637-common-args.resp
    
    builtin-ScanDependencies -o /Users/j/Documents/GitHub/MoneroOne/build/Build/Intermediates.noindex/swift-crypto.build/Debug-iphonesimulator/CCryptoBoringSSL.build/Objects-normal/arm64/v3_skey.o.scan -- /Applications/Xcode.app/Contents/Developer/Toolchains/XcodeDefault.xctoolchain/usr/bin/clang -x c -ivfsstatcache /Users/j/Documents/GitHub/MoneroOne/build/SDKStatCaches.noindex/iphonesimulator26.1-23B77-90cf18a4295e390e64c810bc6bd7acbc.sdkstatcache -fmessage-length\=0 -fdiagnostics-show-note-include-stack -fmacro-backtrace-limit\=0 -fno-color-diagnostics -fmodules-prune-interval\=86400 -fmodules-prune-after\=345600 -fbuild-session-file\=/Users/j/Documents/GitHub/MoneroOne/build/ModuleCache.noindex/Session.modulevalidation -fmodules-validate-once-per-build-session -Wnon-modular-include-in-framework-module -Werror\=non-modular-include-in-framework-module -Wno-trigraphs -Wno-missing-field-initializers -Wno-missing-prototypes -Wno-return-type -Wno-missing-braces -Wparentheses -Wswitch -Wno-unused-function -Wno-unused-label -Wno-unused-parameter -Wno-unused-variable -Wunused-value -Wno-empty-body -Wno-uninitialized -Wno-unknown-pragmas -w -Wno-shadow -Wno-four-char-constants -Wno-conversion -Wno-constant-conversion -Wno-int-conversion -Wno-bool-conversion -Wno-enum-conversion -Wno-float-conversion -Wno-non-literal-null-conversion -Wno-objc-literal-conversion -Wshorten-64-to-32 -Wpointer-sign -Wno-newline-eof -Wno-implicit-fallthrough -fstrict-aliasing -Wdeprecated-declarations -Wno-sign-conversion -Wno-infinite-recursion -Wno-comma -Wno-block-capture-autoreleasing -Wno-strict-prototypes -Wno-semicolon-before-method-body -index-store-path /Users/j/Documents/GitHub/MoneroOne/build/Index.noindex/DataStore @/Users/j/Documents/GitHub/MoneroOne/build/Build/Intermediates.noindex/swift-crypto.build/Debug-iphonesimulator/CCryptoBoringSSL.build/Objects-normal/arm64/7187679823f38a2a940e0043cdf9d637-common-args.resp -MMD -MT dependencies -MF /Users/j/Documents/GitHub/MoneroOne/build/Build/Intermediates.noindex/swift-crypto.build/Debug-iphonesimulator/CCryptoBoringSSL.build/Objects-normal/arm64/v3_skey.d --serialize-diagnostics /Users/j/Documents/GitHub/MoneroOne/build/Build/Intermediates.noindex/swift-crypto.build/Debug-iphonesimulator/CCryptoBoringSSL.build/Objects-normal/arm64/v3_skey.dia -c /Users/j/Documents/GitHub/MoneroOne/build/SourcePackages/checkouts/swift-crypto/Sources/CCryptoBoringSSL/crypto/x509v3/v3_skey.c -o /Users/j/Documents/GitHub/MoneroOne/build/Build/Intermediates.noindex/swift-crypto.build/Debug-iphonesimulator/CCryptoBoringSSL.build/Objects-normal/arm64/v3_skey.o -index-unit-output-path /swift-crypto.build/Debug-iphonesimulator/CCryptoBoringSSL.build/Objects-normal/arm64/v3_skey.o

ScanDependencies /Users/j/Documents/GitHub/MoneroOne/build/Build/Intermediates.noindex/swift-crypto.build/Debug-iphonesimulator/CCryptoBoringSSL.build/Objects-normal/arm64/v3_purp.o /Users/j/Documents/GitHub/MoneroOne/build/SourcePackages/checkouts/swift-crypto/Sources/CCryptoBoringSSL/crypto/x509v3/v3_purp.c normal arm64 c com.apple.compilers.llvm.clang.1_0.compiler (in target 'CCryptoBoringSSL' from project 'swift-crypto')
    cd /Users/j/Documents/GitHub/MoneroOne/MoneroOne.xcodeproj
    
    Using response file: /Users/j/Documents/GitHub/MoneroOne/build/Build/Intermediates.noindex/swift-crypto.build/Debug-iphonesimulator/CCryptoBoringSSL.build/Objects-normal/arm64/7187679823f38a2a940e0043cdf9d637-common-args.resp
    
    builtin-ScanDependencies -o /Users/j/Documents/GitHub/MoneroOne/build/Build/Intermediates.noindex/swift-crypto.build/Debug-iphonesimulator/CCryptoBoringSSL.build/Objects-normal/arm64/v3_purp.o.scan -- /Applications/Xcode.app/Contents/Developer/Toolchains/XcodeDefault.xctoolchain/usr/bin/clang -x c -ivfsstatcache /Users/j/Documents/GitHub/MoneroOne/build/SDKStatCaches.noindex/iphonesimulator26.1-23B77-90cf18a4295e390e64c810bc6bd7acbc.sdkstatcache -fmessage-length\=0 -fdiagnostics-show-note-include-stack -fmacro-backtrace-limit\=0 -fno-color-diagnostics -fmodules-prune-interval\=86400 -fmodules-prune-after\=345600 -fbuild-session-file\=/Users/j/Documents/GitHub/MoneroOne/build/ModuleCache.noindex/Session.modulevalidation -fmodules-validate-once-per-build-session -Wnon-modular-include-in-framework-module -Werror\=non-modular-include-in-framework-module -Wno-trigraphs -Wno-missing-field-initializers -Wno-missing-prototypes -Wno-return-type -Wno-missing-braces -Wparentheses -Wswitch -Wno-unused-function -Wno-unused-label -Wno-unused-parameter -Wno-unused-variable -Wunused-value -Wno-empty-body -Wno-uninitialized -Wno-unknown-pragmas -w -Wno-shadow -Wno-four-char-constants -Wno-conversion -Wno-constant-conversion -Wno-int-conversion -Wno-bool-conversion -Wno-enum-conversion -Wno-float-conversion -Wno-non-literal-null-conversion -Wno-objc-literal-conversion -Wshorten-64-to-32 -Wpointer-sign -Wno-newline-eof -Wno-implicit-fallthrough -fstrict-aliasing -Wdeprecated-declarations -Wno-sign-conversion -Wno-infinite-recursion -Wno-comma -Wno-block-capture-autoreleasing -Wno-strict-prototypes -Wno-semicolon-before-method-body -index-store-path /Users/j/Documents/GitHub/MoneroOne/build/Index.noindex/DataStore @/Users/j/Documents/GitHub/MoneroOne/build/Build/Intermediates.noindex/swift-crypto.build/Debug-iphonesimulator/CCryptoBoringSSL.build/Objects-normal/arm64/7187679823f38a2a940e0043cdf9d637-common-args.resp -MMD -MT dependencies -MF /Users/j/Documents/GitHub/MoneroOne/build/Build/Intermediates.noindex/swift-crypto.build/Debug-iphonesimulator/CCryptoBoringSSL.build/Objects-normal/arm64/v3_purp.d --serialize-diagnostics /Users/j/Documents/GitHub/MoneroOne/build/Build/Intermediates.noindex/swift-crypto.build/Debug-iphonesimulator/CCryptoBoringSSL.build/Objects-normal/arm64/v3_purp.dia -c /Users/j/Documents/GitHub/MoneroOne/build/SourcePackages/checkouts/swift-crypto/Sources/CCryptoBoringSSL/crypto/x509v3/v3_purp.c -o /Users/j/Documents/GitHub/MoneroOne/build/Build/Intermediates.noindex/swift-crypto.build/Debug-iphonesimulator/CCryptoBoringSSL.build/Objects-normal/arm64/v3_purp.o -index-unit-output-path /swift-crypto.build/Debug-iphonesimulator/CCryptoBoringSSL.build/Objects-normal/arm64/v3_purp.o

CompileC /Users/j/Documents/GitHub/MoneroOne/build/Build/Intermediates.noindex/swift-crypto.build/Debug-iphonesimulator/CCryptoBoringSSL.build/Objects-normal/arm64/v3_utl.o /Users/j/Documents/GitHub/MoneroOne/build/SourcePackages/checkouts/swift-crypto/Sources/CCryptoBoringSSL/crypto/x509v3/v3_utl.c normal arm64 c com.apple.compilers.llvm.clang.1_0.compiler (in target 'CCryptoBoringSSL' from project 'swift-crypto')
    cd /Users/j/Documents/GitHub/MoneroOne/MoneroOne.xcodeproj
    
    Using response file: /Users/j/Documents/GitHub/MoneroOne/build/Build/Intermediates.noindex/swift-crypto.build/Debug-iphonesimulator/CCryptoBoringSSL.build/Objects-normal/arm64/7187679823f38a2a940e0043cdf9d637-common-args.resp
    
    /Applications/Xcode.app/Contents/Developer/Toolchains/XcodeDefault.xctoolchain/usr/bin/clang -x c -ivfsstatcache /Users/j/Documents/GitHub/MoneroOne/build/SDKStatCaches.noindex/iphonesimulator26.1-23B77-90cf18a4295e390e64c810bc6bd7acbc.sdkstatcache -fmessage-length\=0 -fdiagnostics-show-note-include-stack -fmacro-backtrace-limit\=0 -fno-color-diagnostics -fmodules-prune-interval\=86400 -fmodules-prune-after\=345600 -fbuild-session-file\=/Users/j/Documents/GitHub/MoneroOne/build/ModuleCache.noindex/Session.modulevalidation -fmodules-validate-once-per-build-session -Wnon-modular-include-in-framework-module -Werror\=non-modular-include-in-framework-module -Wno-trigraphs -Wno-missing-field-initializers -Wno-missing-prototypes -Wno-return-type -Wno-missing-braces -Wparentheses -Wswitch -Wno-unused-function -Wno-unused-label -Wno-unused-parameter -Wno-unused-variable -Wunused-value -Wno-empty-body -Wno-uninitialized -Wno-unknown-pragmas -w -Wno-shadow -Wno-four-char-constants -Wno-conversion -Wno-constant-conversion -Wno-int-conversion -Wno-bool-conversion -Wno-enum-conversion -Wno-float-conversion -Wno-non-literal-null-conversion -Wno-objc-literal-conversion -Wshorten-64-to-32 -Wpointer-sign -Wno-newline-eof -Wno-implicit-fallthrough -fstrict-aliasing -Wdeprecated-declarations -Wno-sign-conversion -Wno-infinite-recursion -Wno-comma -Wno-block-capture-autoreleasing -Wno-strict-prototypes -Wno-semicolon-before-method-body -index-store-path /Users/j/Documents/GitHub/MoneroOne/build/Index.noindex/DataStore @/Users/j/Documents/GitHub/MoneroOne/build/Build/Intermediates.noindex/swift-crypto.build/Debug-iphonesimulator/CCryptoBoringSSL.build/Objects-normal/arm64/7187679823f38a2a940e0043cdf9d637-common-args.resp -MMD -MT dependencies -MF /Users/j/Documents/GitHub/MoneroOne/build/Build/Intermediates.noindex/swift-crypto.build/Debug-iphonesimulator/CCryptoBoringSSL.build/Objects-normal/arm64/v3_utl.d --serialize-diagnostics /Users/j/Documents/GitHub/MoneroOne/build/Build/Intermediates.noindex/swift-crypto.build/Debug-iphonesimulator/CCryptoBoringSSL.build/Objects-normal/arm64/v3_utl.dia -c /Users/j/Documents/GitHub/MoneroOne/build/SourcePackages/checkouts/swift-crypto/Sources/CCryptoBoringSSL/crypto/x509v3/v3_utl.c -o /Users/j/Documents/GitHub/MoneroOne/build/Build/Intermediates.noindex/swift-crypto.build/Debug-iphonesimulator/CCryptoBoringSSL.build/Objects-normal/arm64/v3_utl.o -index-unit-output-path /swift-crypto.build/Debug-iphonesimulator/CCryptoBoringSSL.build/Objects-normal/arm64/v3_utl.o

ScanDependencies /Users/j/Documents/GitHub/MoneroOne/build/Build/Intermediates.noindex/swift-crypto.build/Debug-iphonesimulator/CCryptoBoringSSL.build/Objects-normal/arm64/v3_prn.o /Users/j/Documents/GitHub/MoneroOne/build/SourcePackages/checkouts/swift-crypto/Sources/CCryptoBoringSSL/crypto/x509v3/v3_prn.c normal arm64 c com.apple.compilers.llvm.clang.1_0.compiler (in target 'CCryptoBoringSSL' from project 'swift-crypto')
    cd /Users/j/Documents/GitHub/MoneroOne/MoneroOne.xcodeproj
    
    Using response file: /Users/j/Documents/GitHub/MoneroOne/build/Build/Intermediates.noindex/swift-crypto.build/Debug-iphonesimulator/CCryptoBoringSSL.build/Objects-normal/arm64/7187679823f38a2a940e0043cdf9d637-common-args.resp
    
    builtin-ScanDependencies -o /Users/j/Documents/GitHub/MoneroOne/build/Build/Intermediates.noindex/swift-crypto.build/Debug-iphonesimulator/CCryptoBoringSSL.build/Objects-normal/arm64/v3_prn.o.scan -- /Applications/Xcode.app/Contents/Developer/Toolchains/XcodeDefault.xctoolchain/usr/bin/clang -x c -ivfsstatcache /Users/j/Documents/GitHub/MoneroOne/build/SDKStatCaches.noindex/iphonesimulator26.1-23B77-90cf18a4295e390e64c810bc6bd7acbc.sdkstatcache -fmessage-length\=0 -fdiagnostics-show-note-include-stack -fmacro-backtrace-limit\=0 -fno-color-diagnostics -fmodules-prune-interval\=86400 -fmodules-prune-after\=345600 -fbuild-session-file\=/Users/j/Documents/GitHub/MoneroOne/build/ModuleCache.noindex/Session.modulevalidation -fmodules-validate-once-per-build-session -Wnon-modular-include-in-framework-module -Werror\=non-modular-include-in-framework-module -Wno-trigraphs -Wno-missing-field-initializers -Wno-missing-prototypes -Wno-return-type -Wno-missing-braces -Wparentheses -Wswitch -Wno-unused-function -Wno-unused-label -Wno-unused-parameter -Wno-unused-variable -Wunused-value -Wno-empty-body -Wno-uninitialized -Wno-unknown-pragmas -w -Wno-shadow -Wno-four-char-constants -Wno-conversion -Wno-constant-conversion -Wno-int-conversion -Wno-bool-conversion -Wno-enum-conversion -Wno-float-conversion -Wno-non-literal-null-conversion -Wno-objc-literal-conversion -Wshorten-64-to-32 -Wpointer-sign -Wno-newline-eof -Wno-implicit-fallthrough -fstrict-aliasing -Wdeprecated-declarations -Wno-sign-conversion -Wno-infinite-recursion -Wno-comma -Wno-block-capture-autoreleasing -Wno-strict-prototypes -Wno-semicolon-before-method-body -index-store-path /Users/j/Documents/GitHub/MoneroOne/build/Index.noindex/DataStore @/Users/j/Documents/GitHub/MoneroOne/build/Build/Intermediates.noindex/swift-crypto.build/Debug-iphonesimulator/CCryptoBoringSSL.build/Objects-normal/arm64/7187679823f38a2a940e0043cdf9d637-common-args.resp -MMD -MT dependencies -MF /Users/j/Documents/GitHub/MoneroOne/build/Build/Intermediates.noindex/swift-crypto.build/Debug-iphonesimulator/CCryptoBoringSSL.build/Objects-normal/arm64/v3_prn.d --serialize-diagnostics /Users/j/Documents/GitHub/MoneroOne/build/Build/Intermediates.noindex/swift-crypto.build/Debug-iphonesimulator/CCryptoBoringSSL.build/Objects-normal/arm64/v3_prn.dia -c /Users/j/Documents/GitHub/MoneroOne/build/SourcePackages/checkouts/swift-crypto/Sources/CCryptoBoringSSL/crypto/x509v3/v3_prn.c -o /Users/j/Documents/GitHub/MoneroOne/build/Build/Intermediates.noindex/swift-crypto.build/Debug-iphonesimulator/CCryptoBoringSSL.build/Objects-normal/arm64/v3_prn.o -index-unit-output-path /swift-crypto.build/Debug-iphonesimulator/CCryptoBoringSSL.build/Objects-normal/arm64/v3_prn.o

CompileC /Users/j/Documents/GitHub/MoneroOne/build/Build/Intermediates.noindex/swift-crypto.build/Debug-iphonesimulator/CCryptoBoringSSL.build/Objects-normal/arm64/v3_skey.o /Users/j/Documents/GitHub/MoneroOne/build/SourcePackages/checkouts/swift-crypto/Sources/CCryptoBoringSSL/crypto/x509v3/v3_skey.c normal arm64 c com.apple.compilers.llvm.clang.1_0.compiler (in target 'CCryptoBoringSSL' from project 'swift-crypto')
    cd /Users/j/Documents/GitHub/MoneroOne/MoneroOne.xcodeproj
    
    Using response file: /Users/j/Documents/GitHub/MoneroOne/build/Build/Intermediates.noindex/swift-crypto.build/Debug-iphonesimulator/CCryptoBoringSSL.build/Objects-normal/arm64/7187679823f38a2a940e0043cdf9d637-common-args.resp
    
    /Applications/Xcode.app/Contents/Developer/Toolchains/XcodeDefault.xctoolchain/usr/bin/clang -x c -ivfsstatcache /Users/j/Documents/GitHub/MoneroOne/build/SDKStatCaches.noindex/iphonesimulator26.1-23B77-90cf18a4295e390e64c810bc6bd7acbc.sdkstatcache -fmessage-length\=0 -fdiagnostics-show-note-include-stack -fmacro-backtrace-limit\=0 -fno-color-diagnostics -fmodules-prune-interval\=86400 -fmodules-prune-after\=345600 -fbuild-session-file\=/Users/j/Documents/GitHub/MoneroOne/build/ModuleCache.noindex/Session.modulevalidation -fmodules-validate-once-per-build-session -Wnon-modular-include-in-framework-module -Werror\=non-modular-include-in-framework-module -Wno-trigraphs -Wno-missing-field-initializers -Wno-missing-prototypes -Wno-return-type -Wno-missing-braces -Wparentheses -Wswitch -Wno-unused-function -Wno-unused-label -Wno-unused-parameter -Wno-unused-variable -Wunused-value -Wno-empty-body -Wno-uninitialized -Wno-unknown-pragmas -w -Wno-shadow -Wno-four-char-constants -Wno-conversion -Wno-constant-conversion -Wno-int-conversion -Wno-bool-conversion -Wno-enum-conversion -Wno-float-conversion -Wno-non-literal-null-conversion -Wno-objc-literal-conversion -Wshorten-64-to-32 -Wpointer-sign -Wno-newline-eof -Wno-implicit-fallthrough -fstrict-aliasing -Wdeprecated-declarations -Wno-sign-conversion -Wno-infinite-recursion -Wno-comma -Wno-block-capture-autoreleasing -Wno-strict-prototypes -Wno-semicolon-before-method-body -index-store-path /Users/j/Documents/GitHub/MoneroOne/build/Index.noindex/DataStore @/Users/j/Documents/GitHub/MoneroOne/build/Build/Intermediates.noindex/swift-crypto.build/Debug-iphonesimulator/CCryptoBoringSSL.build/Objects-normal/arm64/7187679823f38a2a940e0043cdf9d637-common-args.resp -MMD -MT dependencies -MF /Users/j/Documents/GitHub/MoneroOne/build/Build/Intermediates.noindex/swift-crypto.build/Debug-iphonesimulator/CCryptoBoringSSL.build/Objects-normal/arm64/v3_skey.d --serialize-diagnostics /Users/j/Documents/GitHub/MoneroOne/build/Build/Intermediates.noindex/swift-crypto.build/Debug-iphonesimulator/CCryptoBoringSSL.build/Objects-normal/arm64/v3_skey.dia -c /Users/j/Documents/GitHub/MoneroOne/build/SourcePackages/checkouts/swift-crypto/Sources/CCryptoBoringSSL/crypto/x509v3/v3_skey.c -o /Users/j/Documents/GitHub/MoneroOne/build/Build/Intermediates.noindex/swift-crypto.build/Debug-iphonesimulator/CCryptoBoringSSL.build/Objects-normal/arm64/v3_skey.o -index-unit-output-path /swift-crypto.build/Debug-iphonesimulator/CCryptoBoringSSL.build/Objects-normal/arm64/v3_skey.o

ScanDependencies /Users/j/Documents/GitHub/MoneroOne/build/Build/Intermediates.noindex/swift-crypto.build/Debug-iphonesimulator/CCryptoBoringSSL.build/Objects-normal/arm64/v3_pmaps.o /Users/j/Documents/GitHub/MoneroOne/build/SourcePackages/checkouts/swift-crypto/Sources/CCryptoBoringSSL/crypto/x509v3/v3_pmaps.c normal arm64 c com.apple.compilers.llvm.clang.1_0.compiler (in target 'CCryptoBoringSSL' from project 'swift-crypto')
    cd /Users/j/Documents/GitHub/MoneroOne/MoneroOne.xcodeproj
    
    Using response file: /Users/j/Documents/GitHub/MoneroOne/build/Build/Intermediates.noindex/swift-crypto.build/Debug-iphonesimulator/CCryptoBoringSSL.build/Objects-normal/arm64/7187679823f38a2a940e0043cdf9d637-common-args.resp
    
    builtin-ScanDependencies -o /Users/j/Documents/GitHub/MoneroOne/build/Build/Intermediates.noindex/swift-crypto.build/Debug-iphonesimulator/CCryptoBoringSSL.build/Objects-normal/arm64/v3_pmaps.o.scan -- /Applications/Xcode.app/Contents/Developer/Toolchains/XcodeDefault.xctoolchain/usr/bin/clang -x c -ivfsstatcache /Users/j/Documents/GitHub/MoneroOne/build/SDKStatCaches.noindex/iphonesimulator26.1-23B77-90cf18a4295e390e64c810bc6bd7acbc.sdkstatcache -fmessage-length\=0 -fdiagnostics-show-note-include-stack -fmacro-backtrace-limit\=0 -fno-color-diagnostics -fmodules-prune-interval\=86400 -fmodules-prune-after\=345600 -fbuild-session-file\=/Users/j/Documents/GitHub/MoneroOne/build/ModuleCache.noindex/Session.modulevalidation -fmodules-validate-once-per-build-session -Wnon-modular-include-in-framework-module -Werror\=non-modular-include-in-framework-module -Wno-trigraphs -Wno-missing-field-initializers -Wno-missing-prototypes -Wno-return-type -Wno-missing-braces -Wparentheses -Wswitch -Wno-unused-function -Wno-unused-label -Wno-unused-parameter -Wno-unused-variable -Wunused-value -Wno-empty-body -Wno-uninitialized -Wno-unknown-pragmas -w -Wno-shadow -Wno-four-char-constants -Wno-conversion -Wno-constant-conversion -Wno-int-conversion -Wno-bool-conversion -Wno-enum-conversion -Wno-float-conversion -Wno-non-literal-null-conversion -Wno-objc-literal-conversion -Wshorten-64-to-32 -Wpointer-sign -Wno-newline-eof -Wno-implicit-fallthrough -fstrict-aliasing -Wdeprecated-declarations -Wno-sign-conversion -Wno-infinite-recursion -Wno-comma -Wno-block-capture-autoreleasing -Wno-strict-prototypes -Wno-semicolon-before-method-body -index-store-path /Users/j/Documents/GitHub/MoneroOne/build/Index.noindex/DataStore @/Users/j/Documents/GitHub/MoneroOne/build/Build/Intermediates.noindex/swift-crypto.build/Debug-iphonesimulator/CCryptoBoringSSL.build/Objects-normal/arm64/7187679823f38a2a940e0043cdf9d637-common-args.resp -MMD -MT dependencies -MF /Users/j/Documents/GitHub/MoneroOne/build/Build/Intermediates.noindex/swift-crypto.build/Debug-iphonesimulator/CCryptoBoringSSL.build/Objects-normal/arm64/v3_pmaps.d --serialize-diagnostics /Users/j/Documents/GitHub/MoneroOne/build/Build/Intermediates.noindex/swift-crypto.build/Debug-iphonesimulator/CCryptoBoringSSL.build/Objects-normal/arm64/v3_pmaps.dia -c /Users/j/Documents/GitHub/MoneroOne/build/SourcePackages/checkouts/swift-crypto/Sources/CCryptoBoringSSL/crypto/x509v3/v3_pmaps.c -o /Users/j/Documents/GitHub/MoneroOne/build/Build/Intermediates.noindex/swift-crypto.build/Debug-iphonesimulator/CCryptoBoringSSL.build/Objects-normal/arm64/v3_pmaps.o -index-unit-output-path /swift-crypto.build/Debug-iphonesimulator/CCryptoBoringSSL.build/Objects-normal/arm64/v3_pmaps.o

ScanDependencies /Users/j/Documents/GitHub/MoneroOne/build/Build/Intermediates.noindex/swift-crypto.build/Debug-iphonesimulator/CCryptoBoringSSL.build/Objects-normal/arm64/v3_pcons.o /Users/j/Documents/GitHub/MoneroOne/build/SourcePackages/checkouts/swift-crypto/Sources/CCryptoBoringSSL/crypto/x509v3/v3_pcons.c normal arm64 c com.apple.compilers.llvm.clang.1_0.compiler (in target 'CCryptoBoringSSL' from project 'swift-crypto')
    cd /Users/j/Documents/GitHub/MoneroOne/MoneroOne.xcodeproj
    
    Using response file: /Users/j/Documents/GitHub/MoneroOne/build/Build/Intermediates.noindex/swift-crypto.build/Debug-iphonesimulator/CCryptoBoringSSL.build/Objects-normal/arm64/7187679823f38a2a940e0043cdf9d637-common-args.resp
    
    builtin-ScanDependencies -o /Users/j/Documents/GitHub/MoneroOne/build/Build/Intermediates.noindex/swift-crypto.build/Debug-iphonesimulator/CCryptoBoringSSL.build/Objects-normal/arm64/v3_pcons.o.scan -- /Applications/Xcode.app/Contents/Developer/Toolchains/XcodeDefault.xctoolchain/usr/bin/clang -x c -ivfsstatcache /Users/j/Documents/GitHub/MoneroOne/build/SDKStatCaches.noindex/iphonesimulator26.1-23B77-90cf18a4295e390e64c810bc6bd7acbc.sdkstatcache -fmessage-length\=0 -fdiagnostics-show-note-include-stack -fmacro-backtrace-limit\=0 -fno-color-diagnostics -fmodules-prune-interval\=86400 -fmodules-prune-after\=345600 -fbuild-session-file\=/Users/j/Documents/GitHub/MoneroOne/build/ModuleCache.noindex/Session.modulevalidation -fmodules-validate-once-per-build-session -Wnon-modular-include-in-framework-module -Werror\=non-modular-include-in-framework-module -Wno-trigraphs -Wno-missing-field-initializers -Wno-missing-prototypes -Wno-return-type -Wno-missing-braces -Wparentheses -Wswitch -Wno-unused-function -Wno-unused-label -Wno-unused-parameter -Wno-unused-variable -Wunused-value -Wno-empty-body -Wno-uninitialized -Wno-unknown-pragmas -w -Wno-shadow -Wno-four-char-constants -Wno-conversion -Wno-constant-conversion -Wno-int-conversion -Wno-bool-conversion -Wno-enum-conversion -Wno-float-conversion -Wno-non-literal-null-conversion -Wno-objc-literal-conversion -Wshorten-64-to-32 -Wpointer-sign -Wno-newline-eof -Wno-implicit-fallthrough -fstrict-aliasing -Wdeprecated-declarations -Wno-sign-conversion -Wno-infinite-recursion -Wno-comma -Wno-block-capture-autoreleasing -Wno-strict-prototypes -Wno-semicolon-before-method-body -index-store-path /Users/j/Documents/GitHub/MoneroOne/build/Index.noindex/DataStore @/Users/j/Documents/GitHub/MoneroOne/build/Build/Intermediates.noindex/swift-crypto.build/Debug-iphonesimulator/CCryptoBoringSSL.build/Objects-normal/arm64/7187679823f38a2a940e0043cdf9d637-common-args.resp -MMD -MT dependencies -MF /Users/j/Documents/GitHub/MoneroOne/build/Build/Intermediates.noindex/swift-crypto.build/Debug-iphonesimulator/CCryptoBoringSSL.build/Objects-normal/arm64/v3_pcons.d --serialize-diagnostics /Users/j/Documents/GitHub/MoneroOne/build/Build/Intermediates.noindex/swift-crypto.build/Debug-iphonesimulator/CCryptoBoringSSL.build/Objects-normal/arm64/v3_pcons.dia -c /Users/j/Documents/GitHub/MoneroOne/build/SourcePackages/checkouts/swift-crypto/Sources/CCryptoBoringSSL/crypto/x509v3/v3_pcons.c -o /Users/j/Documents/GitHub/MoneroOne/build/Build/Intermediates.noindex/swift-crypto.build/Debug-iphonesimulator/CCryptoBoringSSL.build/Objects-normal/arm64/v3_pcons.o -index-unit-output-path /swift-crypto.build/Debug-iphonesimulator/CCryptoBoringSSL.build/Objects-normal/arm64/v3_pcons.o

CompileC /Users/j/Documents/GitHub/MoneroOne/build/Build/Intermediates.noindex/swift-crypto.build/Debug-iphonesimulator/CCryptoBoringSSL.build/Objects-normal/arm64/v3_purp.o /Users/j/Documents/GitHub/MoneroOne/build/SourcePackages/checkouts/swift-crypto/Sources/CCryptoBoringSSL/crypto/x509v3/v3_purp.c normal arm64 c com.apple.compilers.llvm.clang.1_0.compiler (in target 'CCryptoBoringSSL' from project 'swift-crypto')
    cd /Users/j/Documents/GitHub/MoneroOne/MoneroOne.xcodeproj
    
    Using response file: /Users/j/Documents/GitHub/MoneroOne/build/Build/Intermediates.noindex/swift-crypto.build/Debug-iphonesimulator/CCryptoBoringSSL.build/Objects-normal/arm64/7187679823f38a2a940e0043cdf9d637-common-args.resp
    
    /Applications/Xcode.app/Contents/Developer/Toolchains/XcodeDefault.xctoolchain/usr/bin/clang -x c -ivfsstatcache /Users/j/Documents/GitHub/MoneroOne/build/SDKStatCaches.noindex/iphonesimulator26.1-23B77-90cf18a4295e390e64c810bc6bd7acbc.sdkstatcache -fmessage-length\=0 -fdiagnostics-show-note-include-stack -fmacro-backtrace-limit\=0 -fno-color-diagnostics -fmodules-prune-interval\=86400 -fmodules-prune-after\=345600 -fbuild-session-file\=/Users/j/Documents/GitHub/MoneroOne/build/ModuleCache.noindex/Session.modulevalidation -fmodules-validate-once-per-build-session -Wnon-modular-include-in-framework-module -Werror\=non-modular-include-in-framework-module -Wno-trigraphs -Wno-missing-field-initializers -Wno-missing-prototypes -Wno-return-type -Wno-missing-braces -Wparentheses -Wswitch -Wno-unused-function -Wno-unused-label -Wno-unused-parameter -Wno-unused-variable -Wunused-value -Wno-empty-body -Wno-uninitialized -Wno-unknown-pragmas -w -Wno-shadow -Wno-four-char-constants -Wno-conversion -Wno-constant-conversion -Wno-int-conversion -Wno-bool-conversion -Wno-enum-conversion -Wno-float-conversion -Wno-non-literal-null-conversion -Wno-objc-literal-conversion -Wshorten-64-to-32 -Wpointer-sign -Wno-newline-eof -Wno-implicit-fallthrough -fstrict-aliasing -Wdeprecated-declarations -Wno-sign-conversion -Wno-infinite-recursion -Wno-comma -Wno-block-capture-autoreleasing -Wno-strict-prototypes -Wno-semicolon-before-method-body -index-store-path /Users/j/Documents/GitHub/MoneroOne/build/Index.noindex/DataStore @/Users/j/Documents/GitHub/MoneroOne/build/Build/Intermediates.noindex/swift-crypto.build/Debug-iphonesimulator/CCryptoBoringSSL.build/Objects-normal/arm64/7187679823f38a2a940e0043cdf9d637-common-args.resp -MMD -MT dependencies -MF /Users/j/Documents/GitHub/MoneroOne/build/Build/Intermediates.noindex/swift-crypto.build/Debug-iphonesimulator/CCryptoBoringSSL.build/Objects-normal/arm64/v3_purp.d --serialize-diagnostics /Users/j/Documents/GitHub/MoneroOne/build/Build/Intermediates.noindex/swift-crypto.build/Debug-iphonesimulator/CCryptoBoringSSL.build/Objects-normal/arm64/v3_purp.dia -c /Users/j/Documents/GitHub/MoneroOne/build/SourcePackages/checkouts/swift-crypto/Sources/CCryptoBoringSSL/crypto/x509v3/v3_purp.c -o /Users/j/Documents/GitHub/MoneroOne/build/Build/Intermediates.noindex/swift-crypto.build/Debug-iphonesimulator/CCryptoBoringSSL.build/Objects-normal/arm64/v3_purp.o -index-unit-output-path /swift-crypto.build/Debug-iphonesimulator/CCryptoBoringSSL.build/Objects-normal/arm64/v3_purp.o

ScanDependencies /Users/j/Documents/GitHub/MoneroOne/build/Build/Intermediates.noindex/swift-crypto.build/Debug-iphonesimulator/CCryptoBoringSSL.build/Objects-normal/arm64/v3_ocsp.o /Users/j/Documents/GitHub/MoneroOne/build/SourcePackages/checkouts/swift-crypto/Sources/CCryptoBoringSSL/crypto/x509v3/v3_ocsp.c normal arm64 c com.apple.compilers.llvm.clang.1_0.compiler (in target 'CCryptoBoringSSL' from project 'swift-crypto')
    cd /Users/j/Documents/GitHub/MoneroOne/MoneroOne.xcodeproj
    
    Using response file: /Users/j/Documents/GitHub/MoneroOne/build/Build/Intermediates.noindex/swift-crypto.build/Debug-iphonesimulator/CCryptoBoringSSL.build/Objects-normal/arm64/7187679823f38a2a940e0043cdf9d637-common-args.resp
    
    builtin-ScanDependencies -o /Users/j/Documents/GitHub/MoneroOne/build/Build/Intermediates.noindex/swift-crypto.build/Debug-iphonesimulator/CCryptoBoringSSL.build/Objects-normal/arm64/v3_ocsp.o.scan -- /Applications/Xcode.app/Contents/Developer/Toolchains/XcodeDefault.xctoolchain/usr/bin/clang -x c -ivfsstatcache /Users/j/Documents/GitHub/MoneroOne/build/SDKStatCaches.noindex/iphonesimulator26.1-23B77-90cf18a4295e390e64c810bc6bd7acbc.sdkstatcache -fmessage-length\=0 -fdiagnostics-show-note-include-stack -fmacro-backtrace-limit\=0 -fno-color-diagnostics -fmodules-prune-interval\=86400 -fmodules-prune-after\=345600 -fbuild-session-file\=/Users/j/Documents/GitHub/MoneroOne/build/ModuleCache.noindex/Session.modulevalidation -fmodules-validate-once-per-build-session -Wnon-modular-include-in-framework-module -Werror\=non-modular-include-in-framework-module -Wno-trigraphs -Wno-missing-field-initializers -Wno-missing-prototypes -Wno-return-type -Wno-missing-braces -Wparentheses -Wswitch -Wno-unused-function -Wno-unused-label -Wno-unused-parameter -Wno-unused-variable -Wunused-value -Wno-empty-body -Wno-uninitialized -Wno-unknown-pragmas -w -Wno-shadow -Wno-four-char-constants -Wno-conversion -Wno-constant-conversion -Wno-int-conversion -Wno-bool-conversion -Wno-enum-conversion -Wno-float-conversion -Wno-non-literal-null-conversion -Wno-objc-literal-conversion -Wshorten-64-to-32 -Wpointer-sign -Wno-newline-eof -Wno-implicit-fallthrough -fstrict-aliasing -Wdeprecated-declarations -Wno-sign-conversion -Wno-infinite-recursion -Wno-comma -Wno-block-capture-autoreleasing -Wno-strict-prototypes -Wno-semicolon-before-method-body -index-store-path /Users/j/Documents/GitHub/MoneroOne/build/Index.noindex/DataStore @/Users/j/Documents/GitHub/MoneroOne/build/Build/Intermediates.noindex/swift-crypto.build/Debug-iphonesimulator/CCryptoBoringSSL.build/Objects-normal/arm64/7187679823f38a2a940e0043cdf9d637-common-args.resp -MMD -MT dependencies -MF /Users/j/Documents/GitHub/MoneroOne/build/Build/Intermediates.noindex/swift-crypto.build/Debug-iphonesimulator/CCryptoBoringSSL.build/Objects-normal/arm64/v3_ocsp.d --serialize-diagnostics /Users/j/Documents/GitHub/MoneroOne/build/Build/Intermediates.noindex/swift-crypto.build/Debug-iphonesimulator/CCryptoBoringSSL.build/Objects-normal/arm64/v3_ocsp.dia -c /Users/j/Documents/GitHub/MoneroOne/build/SourcePackages/checkouts/swift-crypto/Sources/CCryptoBoringSSL/crypto/x509v3/v3_ocsp.c -o /Users/j/Documents/GitHub/MoneroOne/build/Build/Intermediates.noindex/swift-crypto.build/Debug-iphonesimulator/CCryptoBoringSSL.build/Objects-normal/arm64/v3_ocsp.o -index-unit-output-path /swift-crypto.build/Debug-iphonesimulator/CCryptoBoringSSL.build/Objects-normal/arm64/v3_ocsp.o

ScanDependencies /Users/j/Documents/GitHub/MoneroOne/build/Build/Intermediates.noindex/swift-crypto.build/Debug-iphonesimulator/CCryptoBoringSSL.build/Objects-normal/arm64/v3_ncons.o /Users/j/Documents/GitHub/MoneroOne/build/SourcePackages/checkouts/swift-crypto/Sources/CCryptoBoringSSL/crypto/x509v3/v3_ncons.c normal arm64 c com.apple.compilers.llvm.clang.1_0.compiler (in target 'CCryptoBoringSSL' from project 'swift-crypto')
    cd /Users/j/Documents/GitHub/MoneroOne/MoneroOne.xcodeproj
    
    Using response file: /Users/j/Documents/GitHub/MoneroOne/build/Build/Intermediates.noindex/swift-crypto.build/Debug-iphonesimulator/CCryptoBoringSSL.build/Objects-normal/arm64/7187679823f38a2a940e0043cdf9d637-common-args.resp
    
    builtin-ScanDependencies -o /Users/j/Documents/GitHub/MoneroOne/build/Build/Intermediates.noindex/swift-crypto.build/Debug-iphonesimulator/CCryptoBoringSSL.build/Objects-normal/arm64/v3_ncons.o.scan -- /Applications/Xcode.app/Contents/Developer/Toolchains/XcodeDefault.xctoolchain/usr/bin/clang -x c -ivfsstatcache /Users/j/Documents/GitHub/MoneroOne/build/SDKStatCaches.noindex/iphonesimulator26.1-23B77-90cf18a4295e390e64c810bc6bd7acbc.sdkstatcache -fmessage-length\=0 -fdiagnostics-show-note-include-stack -fmacro-backtrace-limit\=0 -fno-color-diagnostics -fmodules-prune-interval\=86400 -fmodules-prune-after\=345600 -fbuild-session-file\=/Users/j/Documents/GitHub/MoneroOne/build/ModuleCache.noindex/Session.modulevalidation -fmodules-validate-once-per-build-session -Wnon-modular-include-in-framework-module -Werror\=non-modular-include-in-framework-module -Wno-trigraphs -Wno-missing-field-initializers -Wno-missing-prototypes -Wno-return-type -Wno-missing-braces -Wparentheses -Wswitch -Wno-unused-function -Wno-unused-label -Wno-unused-parameter -Wno-unused-variable -Wunused-value -Wno-empty-body -Wno-uninitialized -Wno-unknown-pragmas -w -Wno-shadow -Wno-four-char-constants -Wno-conversion -Wno-constant-conversion -Wno-int-conversion -Wno-bool-conversion -Wno-enum-conversion -Wno-float-conversion -Wno-non-literal-null-conversion -Wno-objc-literal-conversion -Wshorten-64-to-32 -Wpointer-sign -Wno-newline-eof -Wno-implicit-fallthrough -fstrict-aliasing -Wdeprecated-declarations -Wno-sign-conversion -Wno-infinite-recursion -Wno-comma -Wno-block-capture-autoreleasing -Wno-strict-prototypes -Wno-semicolon-before-method-body -index-store-path /Users/j/Documents/GitHub/MoneroOne/build/Index.noindex/DataStore @/Users/j/Documents/GitHub/MoneroOne/build/Build/Intermediates.noindex/swift-crypto.build/Debug-iphonesimulator/CCryptoBoringSSL.build/Objects-normal/arm64/7187679823f38a2a940e0043cdf9d637-common-args.resp -MMD -MT dependencies -MF /Users/j/Documents/GitHub/MoneroOne/build/Build/Intermediates.noindex/swift-crypto.build/Debug-iphonesimulator/CCryptoBoringSSL.build/Objects-normal/arm64/v3_ncons.d --serialize-diagnostics /Users/j/Documents/GitHub/MoneroOne/build/Build/Intermediates.noindex/swift-crypto.build/Debug-iphonesimulator/CCryptoBoringSSL.build/Objects-normal/arm64/v3_ncons.dia -c /Users/j/Documents/GitHub/MoneroOne/build/SourcePackages/checkouts/swift-crypto/Sources/CCryptoBoringSSL/crypto/x509v3/v3_ncons.c -o /Users/j/Documents/GitHub/MoneroOne/build/Build/Intermediates.noindex/swift-crypto.build/Debug-iphonesimulator/CCryptoBoringSSL.build/Objects-normal/arm64/v3_ncons.o -index-unit-output-path /swift-crypto.build/Debug-iphonesimulator/CCryptoBoringSSL.build/Objects-normal/arm64/v3_ncons.o

CompileC /Users/j/Documents/GitHub/MoneroOne/build/Build/Intermediates.noindex/swift-crypto.build/Debug-iphonesimulator/CCryptoBoringSSL.build/Objects-normal/arm64/v3_prn.o /Users/j/Documents/GitHub/MoneroOne/build/SourcePackages/checkouts/swift-crypto/Sources/CCryptoBoringSSL/crypto/x509v3/v3_prn.c normal arm64 c com.apple.compilers.llvm.clang.1_0.compiler (in target 'CCryptoBoringSSL' from project 'swift-crypto')
    cd /Users/j/Documents/GitHub/MoneroOne/MoneroOne.xcodeproj
    
    Using response file: /Users/j/Documents/GitHub/MoneroOne/build/Build/Intermediates.noindex/swift-crypto.build/Debug-iphonesimulator/CCryptoBoringSSL.build/Objects-normal/arm64/7187679823f38a2a940e0043cdf9d637-common-args.resp
    
    /Applications/Xcode.app/Contents/Developer/Toolchains/XcodeDefault.xctoolchain/usr/bin/clang -x c -ivfsstatcache /Users/j/Documents/GitHub/MoneroOne/build/SDKStatCaches.noindex/iphonesimulator26.1-23B77-90cf18a4295e390e64c810bc6bd7acbc.sdkstatcache -fmessage-length\=0 -fdiagnostics-show-note-include-stack -fmacro-backtrace-limit\=0 -fno-color-diagnostics -fmodules-prune-interval\=86400 -fmodules-prune-after\=345600 -fbuild-session-file\=/Users/j/Documents/GitHub/MoneroOne/build/ModuleCache.noindex/Session.modulevalidation -fmodules-validate-once-per-build-session -Wnon-modular-include-in-framework-module -Werror\=non-modular-include-in-framework-module -Wno-trigraphs -Wno-missing-field-initializers -Wno-missing-prototypes -Wno-return-type -Wno-missing-braces -Wparentheses -Wswitch -Wno-unused-function -Wno-unused-label -Wno-unused-parameter -Wno-unused-variable -Wunused-value -Wno-empty-body -Wno-uninitialized -Wno-unknown-pragmas -w -Wno-shadow -Wno-four-char-constants -Wno-conversion -Wno-constant-conversion -Wno-int-conversion -Wno-bool-conversion -Wno-enum-conversion -Wno-float-conversion -Wno-non-literal-null-conversion -Wno-objc-literal-conversion -Wshorten-64-to-32 -Wpointer-sign -Wno-newline-eof -Wno-implicit-fallthrough -fstrict-aliasing -Wdeprecated-declarations -Wno-sign-conversion -Wno-infinite-recursion -Wno-comma -Wno-block-capture-autoreleasing -Wno-strict-prototypes -Wno-semicolon-before-method-body -index-store-path /Users/j/Documents/GitHub/MoneroOne/build/Index.noindex/DataStore @/Users/j/Documents/GitHub/MoneroOne/build/Build/Intermediates.noindex/swift-crypto.build/Debug-iphonesimulator/CCryptoBoringSSL.build/Objects-normal/arm64/7187679823f38a2a940e0043cdf9d637-common-args.resp -MMD -MT dependencies -MF /Users/j/Documents/GitHub/MoneroOne/build/Build/Intermediates.noindex/swift-crypto.build/Debug-iphonesimulator/CCryptoBoringSSL.build/Objects-normal/arm64/v3_prn.d --serialize-diagnostics /Users/j/Documents/GitHub/MoneroOne/build/Build/Intermediates.noindex/swift-crypto.build/Debug-iphonesimulator/CCryptoBoringSSL.build/Objects-normal/arm64/v3_prn.dia -c /Users/j/Documents/GitHub/MoneroOne/build/SourcePackages/checkouts/swift-crypto/Sources/CCryptoBoringSSL/crypto/x509v3/v3_prn.c -o /Users/j/Documents/GitHub/MoneroOne/build/Build/Intermediates.noindex/swift-crypto.build/Debug-iphonesimulator/CCryptoBoringSSL.build/Objects-normal/arm64/v3_prn.o -index-unit-output-path /swift-crypto.build/Debug-iphonesimulator/CCryptoBoringSSL.build/Objects-normal/arm64/v3_prn.o

CompileC /Users/j/Documents/GitHub/MoneroOne/build/Build/Intermediates.noindex/swift-crypto.build/Debug-iphonesimulator/CCryptoBoringSSL.build/Objects-normal/arm64/v3_pmaps.o /Users/j/Documents/GitHub/MoneroOne/build/SourcePackages/checkouts/swift-crypto/Sources/CCryptoBoringSSL/crypto/x509v3/v3_pmaps.c normal arm64 c com.apple.compilers.llvm.clang.1_0.compiler (in target 'CCryptoBoringSSL' from project 'swift-crypto')
    cd /Users/j/Documents/GitHub/MoneroOne/MoneroOne.xcodeproj
    
    Using response file: /Users/j/Documents/GitHub/MoneroOne/build/Build/Intermediates.noindex/swift-crypto.build/Debug-iphonesimulator/CCryptoBoringSSL.build/Objects-normal/arm64/7187679823f38a2a940e0043cdf9d637-common-args.resp
    
    /Applications/Xcode.app/Contents/Developer/Toolchains/XcodeDefault.xctoolchain/usr/bin/clang -x c -ivfsstatcache /Users/j/Documents/GitHub/MoneroOne/build/SDKStatCaches.noindex/iphonesimulator26.1-23B77-90cf18a4295e390e64c810bc6bd7acbc.sdkstatcache -fmessage-length\=0 -fdiagnostics-show-note-include-stack -fmacro-backtrace-limit\=0 -fno-color-diagnostics -fmodules-prune-interval\=86400 -fmodules-prune-after\=345600 -fbuild-session-file\=/Users/j/Documents/GitHub/MoneroOne/build/ModuleCache.noindex/Session.modulevalidation -fmodules-validate-once-per-build-session -Wnon-modular-include-in-framework-module -Werror\=non-modular-include-in-framework-module -Wno-trigraphs -Wno-missing-field-initializers -Wno-missing-prototypes -Wno-return-type -Wno-missing-braces -Wparentheses -Wswitch -Wno-unused-function -Wno-unused-label -Wno-unused-parameter -Wno-unused-variable -Wunused-value -Wno-empty-body -Wno-uninitialized -Wno-unknown-pragmas -w -Wno-shadow -Wno-four-char-constants -Wno-conversion -Wno-constant-conversion -Wno-int-conversion -Wno-bool-conversion -Wno-enum-conversion -Wno-float-conversion -Wno-non-literal-null-conversion -Wno-objc-literal-conversion -Wshorten-64-to-32 -Wpointer-sign -Wno-newline-eof -Wno-implicit-fallthrough -fstrict-aliasing -Wdeprecated-declarations -Wno-sign-conversion -Wno-infinite-recursion -Wno-comma -Wno-block-capture-autoreleasing -Wno-strict-prototypes -Wno-semicolon-before-method-body -index-store-path /Users/j/Documents/GitHub/MoneroOne/build/Index.noindex/DataStore @/Users/j/Documents/GitHub/MoneroOne/build/Build/Intermediates.noindex/swift-crypto.build/Debug-iphonesimulator/CCryptoBoringSSL.build/Objects-normal/arm64/7187679823f38a2a940e0043cdf9d637-common-args.resp -MMD -MT dependencies -MF /Users/j/Documents/GitHub/MoneroOne/build/Build/Intermediates.noindex/swift-crypto.build/Debug-iphonesimulator/CCryptoBoringSSL.build/Objects-normal/arm64/v3_pmaps.d --serialize-diagnostics /Users/j/Documents/GitHub/MoneroOne/build/Build/Intermediates.noindex/swift-crypto.build/Debug-iphonesimulator/CCryptoBoringSSL.build/Objects-normal/arm64/v3_pmaps.dia -c /Users/j/Documents/GitHub/MoneroOne/build/SourcePackages/checkouts/swift-crypto/Sources/CCryptoBoringSSL/crypto/x509v3/v3_pmaps.c -o /Users/j/Documents/GitHub/MoneroOne/build/Build/Intermediates.noindex/swift-crypto.build/Debug-iphonesimulator/CCryptoBoringSSL.build/Objects-normal/arm64/v3_pmaps.o -index-unit-output-path /swift-crypto.build/Debug-iphonesimulator/CCryptoBoringSSL.build/Objects-normal/arm64/v3_pmaps.o

CompileC /Users/j/Documents/GitHub/MoneroOne/build/Build/Intermediates.noindex/swift-crypto.build/Debug-iphonesimulator/CCryptoBoringSSL.build/Objects-normal/arm64/v3_pcons.o /Users/j/Documents/GitHub/MoneroOne/build/SourcePackages/checkouts/swift-crypto/Sources/CCryptoBoringSSL/crypto/x509v3/v3_pcons.c normal arm64 c com.apple.compilers.llvm.clang.1_0.compiler (in target 'CCryptoBoringSSL' from project 'swift-crypto')
    cd /Users/j/Documents/GitHub/MoneroOne/MoneroOne.xcodeproj
    
    Using response file: /Users/j/Documents/GitHub/MoneroOne/build/Build/Intermediates.noindex/swift-crypto.build/Debug-iphonesimulator/CCryptoBoringSSL.build/Objects-normal/arm64/7187679823f38a2a940e0043cdf9d637-common-args.resp
    
    /Applications/Xcode.app/Contents/Developer/Toolchains/XcodeDefault.xctoolchain/usr/bin/clang -x c -ivfsstatcache /Users/j/Documents/GitHub/MoneroOne/build/SDKStatCaches.noindex/iphonesimulator26.1-23B77-90cf18a4295e390e64c810bc6bd7acbc.sdkstatcache -fmessage-length\=0 -fdiagnostics-show-note-include-stack -fmacro-backtrace-limit\=0 -fno-color-diagnostics -fmodules-prune-interval\=86400 -fmodules-prune-after\=345600 -fbuild-session-file\=/Users/j/Documents/GitHub/MoneroOne/build/ModuleCache.noindex/Session.modulevalidation -fmodules-validate-once-per-build-session -Wnon-modular-include-in-framework-module -Werror\=non-modular-include-in-framework-module -Wno-trigraphs -Wno-missing-field-initializers -Wno-missing-prototypes -Wno-return-type -Wno-missing-braces -Wparentheses -Wswitch -Wno-unused-function -Wno-unused-label -Wno-unused-parameter -Wno-unused-variable -Wunused-value -Wno-empty-body -Wno-uninitialized -Wno-unknown-pragmas -w -Wno-shadow -Wno-four-char-constants -Wno-conversion -Wno-constant-conversion -Wno-int-conversion -Wno-bool-conversion -Wno-enum-conversion -Wno-float-conversion -Wno-non-literal-null-conversion -Wno-objc-literal-conversion -Wshorten-64-to-32 -Wpointer-sign -Wno-newline-eof -Wno-implicit-fallthrough -fstrict-aliasing -Wdeprecated-declarations -Wno-sign-conversion -Wno-infinite-recursion -Wno-comma -Wno-block-capture-autoreleasing -Wno-strict-prototypes -Wno-semicolon-before-method-body -index-store-path /Users/j/Documents/GitHub/MoneroOne/build/Index.noindex/DataStore @/Users/j/Documents/GitHub/MoneroOne/build/Build/Intermediates.noindex/swift-crypto.build/Debug-iphonesimulator/CCryptoBoringSSL.build/Objects-normal/arm64/7187679823f38a2a940e0043cdf9d637-common-args.resp -MMD -MT dependencies -MF /Users/j/Documents/GitHub/MoneroOne/build/Build/Intermediates.noindex/swift-crypto.build/Debug-iphonesimulator/CCryptoBoringSSL.build/Objects-normal/arm64/v3_pcons.d --serialize-diagnostics /Users/j/Documents/GitHub/MoneroOne/build/Build/Intermediates.noindex/swift-crypto.build/Debug-iphonesimulator/CCryptoBoringSSL.build/Objects-normal/arm64/v3_pcons.dia -c /Users/j/Documents/GitHub/MoneroOne/build/SourcePackages/checkouts/swift-crypto/Sources/CCryptoBoringSSL/crypto/x509v3/v3_pcons.c -o /Users/j/Documents/GitHub/MoneroOne/build/Build/Intermediates.noindex/swift-crypto.build/Debug-iphonesimulator/CCryptoBoringSSL.build/Objects-normal/arm64/v3_pcons.o -index-unit-output-path /swift-crypto.build/Debug-iphonesimulator/CCryptoBoringSSL.build/Objects-normal/arm64/v3_pcons.o

CompileC /Users/j/Documents/GitHub/MoneroOne/build/Build/Intermediates.noindex/swift-crypto.build/Debug-iphonesimulator/CCryptoBoringSSL.build/Objects-normal/arm64/v3_ocsp.o /Users/j/Documents/GitHub/MoneroOne/build/SourcePackages/checkouts/swift-crypto/Sources/CCryptoBoringSSL/crypto/x509v3/v3_ocsp.c normal arm64 c com.apple.compilers.llvm.clang.1_0.compiler (in target 'CCryptoBoringSSL' from project 'swift-crypto')
    cd /Users/j/Documents/GitHub/MoneroOne/MoneroOne.xcodeproj
    
    Using response file: /Users/j/Documents/GitHub/MoneroOne/build/Build/Intermediates.noindex/swift-crypto.build/Debug-iphonesimulator/CCryptoBoringSSL.build/Objects-normal/arm64/7187679823f38a2a940e0043cdf9d637-common-args.resp
    
    /Applications/Xcode.app/Contents/Developer/Toolchains/XcodeDefault.xctoolchain/usr/bin/clang -x c -ivfsstatcache /Users/j/Documents/GitHub/MoneroOne/build/SDKStatCaches.noindex/iphonesimulator26.1-23B77-90cf18a4295e390e64c810bc6bd7acbc.sdkstatcache -fmessage-length\=0 -fdiagnostics-show-note-include-stack -fmacro-backtrace-limit\=0 -fno-color-diagnostics -fmodules-prune-interval\=86400 -fmodules-prune-after\=345600 -fbuild-session-file\=/Users/j/Documents/GitHub/MoneroOne/build/ModuleCache.noindex/Session.modulevalidation -fmodules-validate-once-per-build-session -Wnon-modular-include-in-framework-module -Werror\=non-modular-include-in-framework-module -Wno-trigraphs -Wno-missing-field-initializers -Wno-missing-prototypes -Wno-return-type -Wno-missing-braces -Wparentheses -Wswitch -Wno-unused-function -Wno-unused-label -Wno-unused-parameter -Wno-unused-variable -Wunused-value -Wno-empty-body -Wno-uninitialized -Wno-unknown-pragmas -w -Wno-shadow -Wno-four-char-constants -Wno-conversion -Wno-constant-conversion -Wno-int-conversion -Wno-bool-conversion -Wno-enum-conversion -Wno-float-conversion -Wno-non-literal-null-conversion -Wno-objc-literal-conversion -Wshorten-64-to-32 -Wpointer-sign -Wno-newline-eof -Wno-implicit-fallthrough -fstrict-aliasing -Wdeprecated-declarations -Wno-sign-conversion -Wno-infinite-recursion -Wno-comma -Wno-block-capture-autoreleasing -Wno-strict-prototypes -Wno-semicolon-before-method-body -index-store-path /Users/j/Documents/GitHub/MoneroOne/build/Index.noindex/DataStore @/Users/j/Documents/GitHub/MoneroOne/build/Build/Intermediates.noindex/swift-crypto.build/Debug-iphonesimulator/CCryptoBoringSSL.build/Objects-normal/arm64/7187679823f38a2a940e0043cdf9d637-common-args.resp -MMD -MT dependencies -MF /Users/j/Documents/GitHub/MoneroOne/build/Build/Intermediates.noindex/swift-crypto.build/Debug-iphonesimulator/CCryptoBoringSSL.build/Objects-normal/arm64/v3_ocsp.d --serialize-diagnostics /Users/j/Documents/GitHub/MoneroOne/build/Build/Intermediates.noindex/swift-crypto.build/Debug-iphonesimulator/CCryptoBoringSSL.build/Objects-normal/arm64/v3_ocsp.dia -c /Users/j/Documents/GitHub/MoneroOne/build/SourcePackages/checkouts/swift-crypto/Sources/CCryptoBoringSSL/crypto/x509v3/v3_ocsp.c -o /Users/j/Documents/GitHub/MoneroOne/build/Build/Intermediates.noindex/swift-crypto.build/Debug-iphonesimulator/CCryptoBoringSSL.build/Objects-normal/arm64/v3_ocsp.o -index-unit-output-path /swift-crypto.build/Debug-iphonesimulator/CCryptoBoringSSL.build/Objects-normal/arm64/v3_ocsp.o

CompileC /Users/j/Documents/GitHub/MoneroOne/build/Build/Intermediates.noindex/swift-crypto.build/Debug-iphonesimulator/CCryptoBoringSSL.build/Objects-normal/arm64/v3_ncons.o /Users/j/Documents/GitHub/MoneroOne/build/SourcePackages/checkouts/swift-crypto/Sources/CCryptoBoringSSL/crypto/x509v3/v3_ncons.c normal arm64 c com.apple.compilers.llvm.clang.1_0.compiler (in target 'CCryptoBoringSSL' from project 'swift-crypto')
    cd /Users/j/Documents/GitHub/MoneroOne/MoneroOne.xcodeproj
    
    Using response file: /Users/j/Documents/GitHub/MoneroOne/build/Build/Intermediates.noindex/swift-crypto.build/Debug-iphonesimulator/CCryptoBoringSSL.build/Objects-normal/arm64/7187679823f38a2a940e0043cdf9d637-common-args.resp
    
    /Applications/Xcode.app/Contents/Developer/Toolchains/XcodeDefault.xctoolchain/usr/bin/clang -x c -ivfsstatcache /Users/j/Documents/GitHub/MoneroOne/build/SDKStatCaches.noindex/iphonesimulator26.1-23B77-90cf18a4295e390e64c810bc6bd7acbc.sdkstatcache -fmessage-length\=0 -fdiagnostics-show-note-include-stack -fmacro-backtrace-limit\=0 -fno-color-diagnostics -fmodules-prune-interval\=86400 -fmodules-prune-after\=345600 -fbuild-session-file\=/Users/j/Documents/GitHub/MoneroOne/build/ModuleCache.noindex/Session.modulevalidation -fmodules-validate-once-per-build-session -Wnon-modular-include-in-framework-module -Werror\=non-modular-include-in-framework-module -Wno-trigraphs -Wno-missing-field-initializers -Wno-missing-prototypes -Wno-return-type -Wno-missing-braces -Wparentheses -Wswitch -Wno-unused-function -Wno-unused-label -Wno-unused-parameter -Wno-unused-variable -Wunused-value -Wno-empty-body -Wno-uninitialized -Wno-unknown-pragmas -w -Wno-shadow -Wno-four-char-constants -Wno-conversion -Wno-constant-conversion -Wno-int-conversion -Wno-bool-conversion -Wno-enum-conversion -Wno-float-conversion -Wno-non-literal-null-conversion -Wno-objc-literal-conversion -Wshorten-64-to-32 -Wpointer-sign -Wno-newline-eof -Wno-implicit-fallthrough -fstrict-aliasing -Wdeprecated-declarations -Wno-sign-conversion -Wno-infinite-recursion -Wno-comma -Wno-block-capture-autoreleasing -Wno-strict-prototypes -Wno-semicolon-before-method-body -index-store-path /Users/j/Documents/GitHub/MoneroOne/build/Index.noindex/DataStore @/Users/j/Documents/GitHub/MoneroOne/build/Build/Intermediates.noindex/swift-crypto.build/Debug-iphonesimulator/CCryptoBoringSSL.build/Objects-normal/arm64/7187679823f38a2a940e0043cdf9d637-common-args.resp -MMD -MT dependencies -MF /Users/j/Documents/GitHub/MoneroOne/build/Build/Intermediates.noindex/swift-crypto.build/Debug-iphonesimulator/CCryptoBoringSSL.build/Objects-normal/arm64/v3_ncons.d --serialize-diagnostics /Users/j/Documents/GitHub/MoneroOne/build/Build/Intermediates.noindex/swift-crypto.build/Debug-iphonesimulator/CCryptoBoringSSL.build/Objects-normal/arm64/v3_ncons.dia -c /Users/j/Documents/GitHub/MoneroOne/build/SourcePackages/checkouts/swift-crypto/Sources/CCryptoBoringSSL/crypto/x509v3/v3_ncons.c -o /Users/j/Documents/GitHub/MoneroOne/build/Build/Intermediates.noindex/swift-crypto.build/Debug-iphonesimulator/CCryptoBoringSSL.build/Objects-normal/arm64/v3_ncons.o -index-unit-output-path /swift-crypto.build/Debug-iphonesimulator/CCryptoBoringSSL.build/Objects-normal/arm64/v3_ncons.o

ScanDependencies /Users/j/Documents/GitHub/MoneroOne/build/Build/Intermediates.noindex/swift-crypto.build/Debug-iphonesimulator/CCryptoBoringSSL.build/Objects-normal/arm64/v3_lib.o /Users/j/Documents/GitHub/MoneroOne/build/SourcePackages/checkouts/swift-crypto/Sources/CCryptoBoringSSL/crypto/x509v3/v3_lib.c normal arm64 c com.apple.compilers.llvm.clang.1_0.compiler (in target 'CCryptoBoringSSL' from project 'swift-crypto')
    cd /Users/j/Documents/GitHub/MoneroOne/MoneroOne.xcodeproj
    
    Using response file: /Users/j/Documents/GitHub/MoneroOne/build/Build/Intermediates.noindex/swift-crypto.build/Debug-iphonesimulator/CCryptoBoringSSL.build/Objects-normal/arm64/7187679823f38a2a940e0043cdf9d637-common-args.resp
    
    builtin-ScanDependencies -o /Users/j/Documents/GitHub/MoneroOne/build/Build/Intermediates.noindex/swift-crypto.build/Debug-iphonesimulator/CCryptoBoringSSL.build/Objects-normal/arm64/v3_lib.o.scan -- /Applications/Xcode.app/Contents/Developer/Toolchains/XcodeDefault.xctoolchain/usr/bin/clang -x c -ivfsstatcache /Users/j/Documents/GitHub/MoneroOne/build/SDKStatCaches.noindex/iphonesimulator26.1-23B77-90cf18a4295e390e64c810bc6bd7acbc.sdkstatcache -fmessage-length\=0 -fdiagnostics-show-note-include-stack -fmacro-backtrace-limit\=0 -fno-color-diagnostics -fmodules-prune-interval\=86400 -fmodules-prune-after\=345600 -fbuild-session-file\=/Users/j/Documents/GitHub/MoneroOne/build/ModuleCache.noindex/Session.modulevalidation -fmodules-validate-once-per-build-session -Wnon-modular-include-in-framework-module -Werror\=non-modular-include-in-framework-module -Wno-trigraphs -Wno-missing-field-initializers -Wno-missing-prototypes -Wno-return-type -Wno-missing-braces -Wparentheses -Wswitch -Wno-unused-function -Wno-unused-label -Wno-unused-parameter -Wno-unused-variable -Wunused-value -Wno-empty-body -Wno-uninitialized -Wno-unknown-pragmas -w -Wno-shadow -Wno-four-char-constants -Wno-conversion -Wno-constant-conversion -Wno-int-conversion -Wno-bool-conversion -Wno-enum-conversion -Wno-float-conversion -Wno-non-literal-null-conversion -Wno-objc-literal-conversion -Wshorten-64-to-32 -Wpointer-sign -Wno-newline-eof -Wno-implicit-fallthrough -fstrict-aliasing -Wdeprecated-declarations -Wno-sign-conversion -Wno-infinite-recursion -Wno-comma -Wno-block-capture-autoreleasing -Wno-strict-prototypes -Wno-semicolon-before-method-body -index-store-path /Users/j/Documents/GitHub/MoneroOne/build/Index.noindex/DataStore @/Users/j/Documents/GitHub/MoneroOne/build/Build/Intermediates.noindex/swift-crypto.build/Debug-iphonesimulator/CCryptoBoringSSL.build/Objects-normal/arm64/7187679823f38a2a940e0043cdf9d637-common-args.resp -MMD -MT dependencies -MF /Users/j/Documents/GitHub/MoneroOne/build/Build/Intermediates.noindex/swift-crypto.build/Debug-iphonesimulator/CCryptoBoringSSL.build/Objects-normal/arm64/v3_lib.d --serialize-diagnostics /Users/j/Documents/GitHub/MoneroOne/build/Build/Intermediates.noindex/swift-crypto.build/Debug-iphonesimulator/CCryptoBoringSSL.build/Objects-normal/arm64/v3_lib.dia -c /Users/j/Documents/GitHub/MoneroOne/build/SourcePackages/checkouts/swift-crypto/Sources/CCryptoBoringSSL/crypto/x509v3/v3_lib.c -o /Users/j/Documents/GitHub/MoneroOne/build/Build/Intermediates.noindex/swift-crypto.build/Debug-iphonesimulator/CCryptoBoringSSL.build/Objects-normal/arm64/v3_lib.o -index-unit-output-path /swift-crypto.build/Debug-iphonesimulator/CCryptoBoringSSL.build/Objects-normal/arm64/v3_lib.o

ScanDependencies /Users/j/Documents/GitHub/MoneroOne/build/Build/Intermediates.noindex/swift-crypto.build/Debug-iphonesimulator/CCryptoBoringSSL.build/Objects-normal/arm64/v3_int.o /Users/j/Documents/GitHub/MoneroOne/build/SourcePackages/checkouts/swift-crypto/Sources/CCryptoBoringSSL/crypto/x509v3/v3_int.c normal arm64 c com.apple.compilers.llvm.clang.1_0.compiler (in target 'CCryptoBoringSSL' from project 'swift-crypto')
    cd /Users/j/Documents/GitHub/MoneroOne/MoneroOne.xcodeproj
    
    Using response file: /Users/j/Documents/GitHub/MoneroOne/build/Build/Intermediates.noindex/swift-crypto.build/Debug-iphonesimulator/CCryptoBoringSSL.build/Objects-normal/arm64/7187679823f38a2a940e0043cdf9d637-common-args.resp
    
    builtin-ScanDependencies -o /Users/j/Documents/GitHub/MoneroOne/build/Build/Intermediates.noindex/swift-crypto.build/Debug-iphonesimulator/CCryptoBoringSSL.build/Objects-normal/arm64/v3_int.o.scan -- /Applications/Xcode.app/Contents/Developer/Toolchains/XcodeDefault.xctoolchain/usr/bin/clang -x c -ivfsstatcache /Users/j/Documents/GitHub/MoneroOne/build/SDKStatCaches.noindex/iphonesimulator26.1-23B77-90cf18a4295e390e64c810bc6bd7acbc.sdkstatcache -fmessage-length\=0 -fdiagnostics-show-note-include-stack -fmacro-backtrace-limit\=0 -fno-color-diagnostics -fmodules-prune-interval\=86400 -fmodules-prune-after\=345600 -fbuild-session-file\=/Users/j/Documents/GitHub/MoneroOne/build/ModuleCache.noindex/Session.modulevalidation -fmodules-validate-once-per-build-session -Wnon-modular-include-in-framework-module -Werror\=non-modular-include-in-framework-module -Wno-trigraphs -Wno-missing-field-initializers -Wno-missing-prototypes -Wno-return-type -Wno-missing-braces -Wparentheses -Wswitch -Wno-unused-function -Wno-unused-label -Wno-unused-parameter -Wno-unused-variable -Wunused-value -Wno-empty-body -Wno-uninitialized -Wno-unknown-pragmas -w -Wno-shadow -Wno-four-char-constants -Wno-conversion -Wno-constant-conversion -Wno-int-conversion -Wno-bool-conversion -Wno-enum-conversion -Wno-float-conversion -Wno-non-literal-null-conversion -Wno-objc-literal-conversion -Wshorten-64-to-32 -Wpointer-sign -Wno-newline-eof -Wno-implicit-fallthrough -fstrict-aliasing -Wdeprecated-declarations -Wno-sign-conversion -Wno-infinite-recursion -Wno-comma -Wno-block-capture-autoreleasing -Wno-strict-prototypes -Wno-semicolon-before-method-body -index-store-path /Users/j/Documents/GitHub/MoneroOne/build/Index.noindex/DataStore @/Users/j/Documents/GitHub/MoneroOne/build/Build/Intermediates.noindex/swift-crypto.build/Debug-iphonesimulator/CCryptoBoringSSL.build/Objects-normal/arm64/7187679823f38a2a940e0043cdf9d637-common-args.resp -MMD -MT dependencies -MF /Users/j/Documents/GitHub/MoneroOne/build/Build/Intermediates.noindex/swift-crypto.build/Debug-iphonesimulator/CCryptoBoringSSL.build/Objects-normal/arm64/v3_int.d --serialize-diagnostics /Users/j/Documents/GitHub/MoneroOne/build/Build/Intermediates.noindex/swift-crypto.build/Debug-iphonesimulator/CCryptoBoringSSL.build/Objects-normal/arm64/v3_int.dia -c /Users/j/Documents/GitHub/MoneroOne/build/SourcePackages/checkouts/swift-crypto/Sources/CCryptoBoringSSL/crypto/x509v3/v3_int.c -o /Users/j/Documents/GitHub/MoneroOne/build/Build/Intermediates.noindex/swift-crypto.build/Debug-iphonesimulator/CCryptoBoringSSL.build/Objects-normal/arm64/v3_int.o -index-unit-output-path /swift-crypto.build/Debug-iphonesimulator/CCryptoBoringSSL.build/Objects-normal/arm64/v3_int.o

ScanDependencies /Users/j/Documents/GitHub/MoneroOne/build/Build/Intermediates.noindex/swift-crypto.build/Debug-iphonesimulator/CCryptoBoringSSL.build/Objects-normal/arm64/v3_info.o /Users/j/Documents/GitHub/MoneroOne/build/SourcePackages/checkouts/swift-crypto/Sources/CCryptoBoringSSL/crypto/x509v3/v3_info.c normal arm64 c com.apple.compilers.llvm.clang.1_0.compiler (in target 'CCryptoBoringSSL' from project 'swift-crypto')
    cd /Users/j/Documents/GitHub/MoneroOne/MoneroOne.xcodeproj
    
    Using response file: /Users/j/Documents/GitHub/MoneroOne/build/Build/Intermediates.noindex/swift-crypto.build/Debug-iphonesimulator/CCryptoBoringSSL.build/Objects-normal/arm64/7187679823f38a2a940e0043cdf9d637-common-args.resp
    
    builtin-ScanDependencies -o /Users/j/Documents/GitHub/MoneroOne/build/Build/Intermediates.noindex/swift-crypto.build/Debug-iphonesimulator/CCryptoBoringSSL.build/Objects-normal/arm64/v3_info.o.scan -- /Applications/Xcode.app/Contents/Developer/Toolchains/XcodeDefault.xctoolchain/usr/bin/clang -x c -ivfsstatcache /Users/j/Documents/GitHub/MoneroOne/build/SDKStatCaches.noindex/iphonesimulator26.1-23B77-90cf18a4295e390e64c810bc6bd7acbc.sdkstatcache -fmessage-length\=0 -fdiagnostics-show-note-include-stack -fmacro-backtrace-limit\=0 -fno-color-diagnostics -fmodules-prune-interval\=86400 -fmodules-prune-after\=345600 -fbuild-session-file\=/Users/j/Documents/GitHub/MoneroOne/build/ModuleCache.noindex/Session.modulevalidation -fmodules-validate-once-per-build-session -Wnon-modular-include-in-framework-module -Werror\=non-modular-include-in-framework-module -Wno-trigraphs -Wno-missing-field-initializers -Wno-missing-prototypes -Wno-return-type -Wno-missing-braces -Wparentheses -Wswitch -Wno-unused-function -Wno-unused-label -Wno-unused-parameter -Wno-unused-variable -Wunused-value -Wno-empty-body -Wno-uninitialized -Wno-unknown-pragmas -w -Wno-shadow -Wno-four-char-constants -Wno-conversion -Wno-constant-conversion -Wno-int-conversion -Wno-bool-conversion -Wno-enum-conversion -Wno-float-conversion -Wno-non-literal-null-conversion -Wno-objc-literal-conversion -Wshorten-64-to-32 -Wpointer-sign -Wno-newline-eof -Wno-implicit-fallthrough -fstrict-aliasing -Wdeprecated-declarations -Wno-sign-conversion -Wno-infinite-recursion -Wno-comma -Wno-block-capture-autoreleasing -Wno-strict-prototypes -Wno-semicolon-before-method-body -index-store-path /Users/j/Documents/GitHub/MoneroOne/build/Index.noindex/DataStore @/Users/j/Documents/GitHub/MoneroOne/build/Build/Intermediates.noindex/swift-crypto.build/Debug-iphonesimulator/CCryptoBoringSSL.build/Objects-normal/arm64/7187679823f38a2a940e0043cdf9d637-common-args.resp -MMD -MT dependencies -MF /Users/j/Documents/GitHub/MoneroOne/build/Build/Intermediates.noindex/swift-crypto.build/Debug-iphonesimulator/CCryptoBoringSSL.build/Objects-normal/arm64/v3_info.d --serialize-diagnostics /Users/j/Documents/GitHub/MoneroOne/build/Build/Intermediates.noindex/swift-crypto.build/Debug-iphonesimulator/CCryptoBoringSSL.build/Objects-normal/arm64/v3_info.dia -c /Users/j/Documents/GitHub/MoneroOne/build/SourcePackages/checkouts/swift-crypto/Sources/CCryptoBoringSSL/crypto/x509v3/v3_info.c -o /Users/j/Documents/GitHub/MoneroOne/build/Build/Intermediates.noindex/swift-crypto.build/Debug-iphonesimulator/CCryptoBoringSSL.build/Objects-normal/arm64/v3_info.o -index-unit-output-path /swift-crypto.build/Debug-iphonesimulator/CCryptoBoringSSL.build/Objects-normal/arm64/v3_info.o

ScanDependencies /Users/j/Documents/GitHub/MoneroOne/build/Build/Intermediates.noindex/swift-crypto.build/Debug-iphonesimulator/CCryptoBoringSSL.build/Objects-normal/arm64/v3_ia5.o /Users/j/Documents/GitHub/MoneroOne/build/SourcePackages/checkouts/swift-crypto/Sources/CCryptoBoringSSL/crypto/x509v3/v3_ia5.c normal arm64 c com.apple.compilers.llvm.clang.1_0.compiler (in target 'CCryptoBoringSSL' from project 'swift-crypto')
    cd /Users/j/Documents/GitHub/MoneroOne/MoneroOne.xcodeproj
    
    Using response file: /Users/j/Documents/GitHub/MoneroOne/build/Build/Intermediates.noindex/swift-crypto.build/Debug-iphonesimulator/CCryptoBoringSSL.build/Objects-normal/arm64/7187679823f38a2a940e0043cdf9d637-common-args.resp
    
    builtin-ScanDependencies -o /Users/j/Documents/GitHub/MoneroOne/build/Build/Intermediates.noindex/swift-crypto.build/Debug-iphonesimulator/CCryptoBoringSSL.build/Objects-normal/arm64/v3_ia5.o.scan -- /Applications/Xcode.app/Contents/Developer/Toolchains/XcodeDefault.xctoolchain/usr/bin/clang -x c -ivfsstatcache /Users/j/Documents/GitHub/MoneroOne/build/SDKStatCaches.noindex/iphonesimulator26.1-23B77-90cf18a4295e390e64c810bc6bd7acbc.sdkstatcache -fmessage-length\=0 -fdiagnostics-show-note-include-stack -fmacro-backtrace-limit\=0 -fno-color-diagnostics -fmodules-prune-interval\=86400 -fmodules-prune-after\=345600 -fbuild-session-file\=/Users/j/Documents/GitHub/MoneroOne/build/ModuleCache.noindex/Session.modulevalidation -fmodules-validate-once-per-build-session -Wnon-modular-include-in-framework-module -Werror\=non-modular-include-in-framework-module -Wno-trigraphs -Wno-missing-field-initializers -Wno-missing-prototypes -Wno-return-type -Wno-missing-braces -Wparentheses -Wswitch -Wno-unused-function -Wno-unused-label -Wno-unused-parameter -Wno-unused-variable -Wunused-value -Wno-empty-body -Wno-uninitialized -Wno-unknown-pragmas -w -Wno-shadow -Wno-four-char-constants -Wno-conversion -Wno-constant-conversion -Wno-int-conversion -Wno-bool-conversion -Wno-enum-conversion -Wno-float-conversion -Wno-non-literal-null-conversion -Wno-objc-literal-conversion -Wshorten-64-to-32 -Wpointer-sign -Wno-newline-eof -Wno-implicit-fallthrough -fstrict-aliasing -Wdeprecated-declarations -Wno-sign-conversion -Wno-infinite-recursion -Wno-comma -Wno-block-capture-autoreleasing -Wno-strict-prototypes -Wno-semicolon-before-method-body -index-store-path /Users/j/Documents/GitHub/MoneroOne/build/Index.noindex/DataStore @/Users/j/Documents/GitHub/MoneroOne/build/Build/Intermediates.noindex/swift-crypto.build/Debug-iphonesimulator/CCryptoBoringSSL.build/Objects-normal/arm64/7187679823f38a2a940e0043cdf9d637-common-args.resp -MMD -MT dependencies -MF /Users/j/Documents/GitHub/MoneroOne/build/Build/Intermediates.noindex/swift-crypto.build/Debug-iphonesimulator/CCryptoBoringSSL.build/Objects-normal/arm64/v3_ia5.d --serialize-diagnostics /Users/j/Documents/GitHub/MoneroOne/build/Build/Intermediates.noindex/swift-crypto.build/Debug-iphonesimulator/CCryptoBoringSSL.build/Objects-normal/arm64/v3_ia5.dia -c /Users/j/Documents/GitHub/MoneroOne/build/SourcePackages/checkouts/swift-crypto/Sources/CCryptoBoringSSL/crypto/x509v3/v3_ia5.c -o /Users/j/Documents/GitHub/MoneroOne/build/Build/Intermediates.noindex/swift-crypto.build/Debug-iphonesimulator/CCryptoBoringSSL.build/Objects-normal/arm64/v3_ia5.o -index-unit-output-path /swift-crypto.build/Debug-iphonesimulator/CCryptoBoringSSL.build/Objects-normal/arm64/v3_ia5.o

ScanDependencies /Users/j/Documents/GitHub/MoneroOne/build/Build/Intermediates.noindex/swift-crypto.build/Debug-iphonesimulator/CCryptoBoringSSL.build/Objects-normal/arm64/v3_genn.o /Users/j/Documents/GitHub/MoneroOne/build/SourcePackages/checkouts/swift-crypto/Sources/CCryptoBoringSSL/crypto/x509v3/v3_genn.c normal arm64 c com.apple.compilers.llvm.clang.1_0.compiler (in target 'CCryptoBoringSSL' from project 'swift-crypto')
    cd /Users/j/Documents/GitHub/MoneroOne/MoneroOne.xcodeproj
    
    Using response file: /Users/j/Documents/GitHub/MoneroOne/build/Build/Intermediates.noindex/swift-crypto.build/Debug-iphonesimulator/CCryptoBoringSSL.build/Objects-normal/arm64/7187679823f38a2a940e0043cdf9d637-common-args.resp
    
    builtin-ScanDependencies -o /Users/j/Documents/GitHub/MoneroOne/build/Build/Intermediates.noindex/swift-crypto.build/Debug-iphonesimulator/CCryptoBoringSSL.build/Objects-normal/arm64/v3_genn.o.scan -- /Applications/Xcode.app/Contents/Developer/Toolchains/XcodeDefault.xctoolchain/usr/bin/clang -x c -ivfsstatcache /Users/j/Documents/GitHub/MoneroOne/build/SDKStatCaches.noindex/iphonesimulator26.1-23B77-90cf18a4295e390e64c810bc6bd7acbc.sdkstatcache -fmessage-length\=0 -fdiagnostics-show-note-include-stack -fmacro-backtrace-limit\=0 -fno-color-diagnostics -fmodules-prune-interval\=86400 -fmodules-prune-after\=345600 -fbuild-session-file\=/Users/j/Documents/GitHub/MoneroOne/build/ModuleCache.noindex/Session.modulevalidation -fmodules-validate-once-per-build-session -Wnon-modular-include-in-framework-module -Werror\=non-modular-include-in-framework-module -Wno-trigraphs -Wno-missing-field-initializers -Wno-missing-prototypes -Wno-return-type -Wno-missing-braces -Wparentheses -Wswitch -Wno-unused-function -Wno-unused-label -Wno-unused-parameter -Wno-unused-variable -Wunused-value -Wno-empty-body -Wno-uninitialized -Wno-unknown-pragmas -w -Wno-shadow -Wno-four-char-constants -Wno-conversion -Wno-constant-conversion -Wno-int-conversion -Wno-bool-conversion -Wno-enum-conversion -Wno-float-conversion -Wno-non-literal-null-conversion -Wno-objc-literal-conversion -Wshorten-64-to-32 -Wpointer-sign -Wno-newline-eof -Wno-implicit-fallthrough -fstrict-aliasing -Wdeprecated-declarations -Wno-sign-conversion -Wno-infinite-recursion -Wno-comma -Wno-block-capture-autoreleasing -Wno-strict-prototypes -Wno-semicolon-before-method-body -index-store-path /Users/j/Documents/GitHub/MoneroOne/build/Index.noindex/DataStore @/Users/j/Documents/GitHub/MoneroOne/build/Build/Intermediates.noindex/swift-crypto.build/Debug-iphonesimulator/CCryptoBoringSSL.build/Objects-normal/arm64/7187679823f38a2a940e0043cdf9d637-common-args.resp -MMD -MT dependencies -MF /Users/j/Documents/GitHub/MoneroOne/build/Build/Intermediates.noindex/swift-crypto.build/Debug-iphonesimulator/CCryptoBoringSSL.build/Objects-normal/arm64/v3_genn.d --serialize-diagnostics /Users/j/Documents/GitHub/MoneroOne/build/Build/Intermediates.noindex/swift-crypto.build/Debug-iphonesimulator/CCryptoBoringSSL.build/Objects-normal/arm64/v3_genn.dia -c /Users/j/Documents/GitHub/MoneroOne/build/SourcePackages/checkouts/swift-crypto/Sources/CCryptoBoringSSL/crypto/x509v3/v3_genn.c -o /Users/j/Documents/GitHub/MoneroOne/build/Build/Intermediates.noindex/swift-crypto.build/Debug-iphonesimulator/CCryptoBoringSSL.build/Objects-normal/arm64/v3_genn.o -index-unit-output-path /swift-crypto.build/Debug-iphonesimulator/CCryptoBoringSSL.build/Objects-normal/arm64/v3_genn.o

ScanDependencies /Users/j/Documents/GitHub/MoneroOne/build/Build/Intermediates.noindex/swift-crypto.build/Debug-iphonesimulator/CCryptoBoringSSL.build/Objects-normal/arm64/v3_extku.o /Users/j/Documents/GitHub/MoneroOne/build/SourcePackages/checkouts/swift-crypto/Sources/CCryptoBoringSSL/crypto/x509v3/v3_extku.c normal arm64 c com.apple.compilers.llvm.clang.1_0.compiler (in target 'CCryptoBoringSSL' from project 'swift-crypto')
    cd /Users/j/Documents/GitHub/MoneroOne/MoneroOne.xcodeproj
    
    Using response file: /Users/j/Documents/GitHub/MoneroOne/build/Build/Intermediates.noindex/swift-crypto.build/Debug-iphonesimulator/CCryptoBoringSSL.build/Objects-normal/arm64/7187679823f38a2a940e0043cdf9d637-common-args.resp
    
    builtin-ScanDependencies -o /Users/j/Documents/GitHub/MoneroOne/build/Build/Intermediates.noindex/swift-crypto.build/Debug-iphonesimulator/CCryptoBoringSSL.build/Objects-normal/arm64/v3_extku.o.scan -- /Applications/Xcode.app/Contents/Developer/Toolchains/XcodeDefault.xctoolchain/usr/bin/clang -x c -ivfsstatcache /Users/j/Documents/GitHub/MoneroOne/build/SDKStatCaches.noindex/iphonesimulator26.1-23B77-90cf18a4295e390e64c810bc6bd7acbc.sdkstatcache -fmessage-length\=0 -fdiagnostics-show-note-include-stack -fmacro-backtrace-limit\=0 -fno-color-diagnostics -fmodules-prune-interval\=86400 -fmodules-prune-after\=345600 -fbuild-session-file\=/Users/j/Documents/GitHub/MoneroOne/build/ModuleCache.noindex/Session.modulevalidation -fmodules-validate-once-per-build-session -Wnon-modular-include-in-framework-module -Werror\=non-modular-include-in-framework-module -Wno-trigraphs -Wno-missing-field-initializers -Wno-missing-prototypes -Wno-return-type -Wno-missing-braces -Wparentheses -Wswitch -Wno-unused-function -Wno-unused-label -Wno-unused-parameter -Wno-unused-variable -Wunused-value -Wno-empty-body -Wno-uninitialized -Wno-unknown-pragmas -w -Wno-shadow -Wno-four-char-constants -Wno-conversion -Wno-constant-conversion -Wno-int-conversion -Wno-bool-conversion -Wno-enum-conversion -Wno-float-conversion -Wno-non-literal-null-conversion -Wno-objc-literal-conversion -Wshorten-64-to-32 -Wpointer-sign -Wno-newline-eof -Wno-implicit-fallthrough -fstrict-aliasing -Wdeprecated-declarations -Wno-sign-conversion -Wno-infinite-recursion -Wno-comma -Wno-block-capture-autoreleasing -Wno-strict-prototypes -Wno-semicolon-before-method-body -index-store-path /Users/j/Documents/GitHub/MoneroOne/build/Index.noindex/DataStore @/Users/j/Documents/GitHub/MoneroOne/build/Build/Intermediates.noindex/swift-crypto.build/Debug-iphonesimulator/CCryptoBoringSSL.build/Objects-normal/arm64/7187679823f38a2a940e0043cdf9d637-common-args.resp -MMD -MT dependencies -MF /Users/j/Documents/GitHub/MoneroOne/build/Build/Intermediates.noindex/swift-crypto.build/Debug-iphonesimulator/CCryptoBoringSSL.build/Objects-normal/arm64/v3_extku.d --serialize-diagnostics /Users/j/Documents/GitHub/MoneroOne/build/Build/Intermediates.noindex/swift-crypto.build/Debug-iphonesimulator/CCryptoBoringSSL.build/Objects-normal/arm64/v3_extku.dia -c /Users/j/Documents/GitHub/MoneroOne/build/SourcePackages/checkouts/swift-crypto/Sources/CCryptoBoringSSL/crypto/x509v3/v3_extku.c -o /Users/j/Documents/GitHub/MoneroOne/build/Build/Intermediates.noindex/swift-crypto.build/Debug-iphonesimulator/CCryptoBoringSSL.build/Objects-normal/arm64/v3_extku.o -index-unit-output-path /swift-crypto.build/Debug-iphonesimulator/CCryptoBoringSSL.build/Objects-normal/arm64/v3_extku.o

CompileC /Users/j/Documents/GitHub/MoneroOne/build/Build/Intermediates.noindex/swift-crypto.build/Debug-iphonesimulator/CCryptoBoringSSL.build/Objects-normal/arm64/v3_lib.o /Users/j/Documents/GitHub/MoneroOne/build/SourcePackages/checkouts/swift-crypto/Sources/CCryptoBoringSSL/crypto/x509v3/v3_lib.c normal arm64 c com.apple.compilers.llvm.clang.1_0.compiler (in target 'CCryptoBoringSSL' from project 'swift-crypto')
    cd /Users/j/Documents/GitHub/MoneroOne/MoneroOne.xcodeproj
    
    Using response file: /Users/j/Documents/GitHub/MoneroOne/build/Build/Intermediates.noindex/swift-crypto.build/Debug-iphonesimulator/CCryptoBoringSSL.build/Objects-normal/arm64/7187679823f38a2a940e0043cdf9d637-common-args.resp
    
    /Applications/Xcode.app/Contents/Developer/Toolchains/XcodeDefault.xctoolchain/usr/bin/clang -x c -ivfsstatcache /Users/j/Documents/GitHub/MoneroOne/build/SDKStatCaches.noindex/iphonesimulator26.1-23B77-90cf18a4295e390e64c810bc6bd7acbc.sdkstatcache -fmessage-length\=0 -fdiagnostics-show-note-include-stack -fmacro-backtrace-limit\=0 -fno-color-diagnostics -fmodules-prune-interval\=86400 -fmodules-prune-after\=345600 -fbuild-session-file\=/Users/j/Documents/GitHub/MoneroOne/build/ModuleCache.noindex/Session.modulevalidation -fmodules-validate-once-per-build-session -Wnon-modular-include-in-framework-module -Werror\=non-modular-include-in-framework-module -Wno-trigraphs -Wno-missing-field-initializers -Wno-missing-prototypes -Wno-return-type -Wno-missing-braces -Wparentheses -Wswitch -Wno-unused-function -Wno-unused-label -Wno-unused-parameter -Wno-unused-variable -Wunused-value -Wno-empty-body -Wno-uninitialized -Wno-unknown-pragmas -w -Wno-shadow -Wno-four-char-constants -Wno-conversion -Wno-constant-conversion -Wno-int-conversion -Wno-bool-conversion -Wno-enum-conversion -Wno-float-conversion -Wno-non-literal-null-conversion -Wno-objc-literal-conversion -Wshorten-64-to-32 -Wpointer-sign -Wno-newline-eof -Wno-implicit-fallthrough -fstrict-aliasing -Wdeprecated-declarations -Wno-sign-conversion -Wno-infinite-recursion -Wno-comma -Wno-block-capture-autoreleasing -Wno-strict-prototypes -Wno-semicolon-before-method-body -index-store-path /Users/j/Documents/GitHub/MoneroOne/build/Index.noindex/DataStore @/Users/j/Documents/GitHub/MoneroOne/build/Build/Intermediates.noindex/swift-crypto.build/Debug-iphonesimulator/CCryptoBoringSSL.build/Objects-normal/arm64/7187679823f38a2a940e0043cdf9d637-common-args.resp -MMD -MT dependencies -MF /Users/j/Documents/GitHub/MoneroOne/build/Build/Intermediates.noindex/swift-crypto.build/Debug-iphonesimulator/CCryptoBoringSSL.build/Objects-normal/arm64/v3_lib.d --serialize-diagnostics /Users/j/Documents/GitHub/MoneroOne/build/Build/Intermediates.noindex/swift-crypto.build/Debug-iphonesimulator/CCryptoBoringSSL.build/Objects-normal/arm64/v3_lib.dia -c /Users/j/Documents/GitHub/MoneroOne/build/SourcePackages/checkouts/swift-crypto/Sources/CCryptoBoringSSL/crypto/x509v3/v3_lib.c -o /Users/j/Documents/GitHub/MoneroOne/build/Build/Intermediates.noindex/swift-crypto.build/Debug-iphonesimulator/CCryptoBoringSSL.build/Objects-normal/arm64/v3_lib.o -index-unit-output-path /swift-crypto.build/Debug-iphonesimulator/CCryptoBoringSSL.build/Objects-normal/arm64/v3_lib.o

ScanDependencies /Users/j/Documents/GitHub/MoneroOne/build/Build/Intermediates.noindex/swift-crypto.build/Debug-iphonesimulator/CCryptoBoringSSL.build/Objects-normal/arm64/v3_enum.o /Users/j/Documents/GitHub/MoneroOne/build/SourcePackages/checkouts/swift-crypto/Sources/CCryptoBoringSSL/crypto/x509v3/v3_enum.c normal arm64 c com.apple.compilers.llvm.clang.1_0.compiler (in target 'CCryptoBoringSSL' from project 'swift-crypto')
    cd /Users/j/Documents/GitHub/MoneroOne/MoneroOne.xcodeproj
    
    Using response file: /Users/j/Documents/GitHub/MoneroOne/build/Build/Intermediates.noindex/swift-crypto.build/Debug-iphonesimulator/CCryptoBoringSSL.build/Objects-normal/arm64/7187679823f38a2a940e0043cdf9d637-common-args.resp
    
    builtin-ScanDependencies -o /Users/j/Documents/GitHub/MoneroOne/build/Build/Intermediates.noindex/swift-crypto.build/Debug-iphonesimulator/CCryptoBoringSSL.build/Objects-normal/arm64/v3_enum.o.scan -- /Applications/Xcode.app/Contents/Developer/Toolchains/XcodeDefault.xctoolchain/usr/bin/clang -x c -ivfsstatcache /Users/j/Documents/GitHub/MoneroOne/build/SDKStatCaches.noindex/iphonesimulator26.1-23B77-90cf18a4295e390e64c810bc6bd7acbc.sdkstatcache -fmessage-length\=0 -fdiagnostics-show-note-include-stack -fmacro-backtrace-limit\=0 -fno-color-diagnostics -fmodules-prune-interval\=86400 -fmodules-prune-after\=345600 -fbuild-session-file\=/Users/j/Documents/GitHub/MoneroOne/build/ModuleCache.noindex/Session.modulevalidation -fmodules-validate-once-per-build-session -Wnon-modular-include-in-framework-module -Werror\=non-modular-include-in-framework-module -Wno-trigraphs -Wno-missing-field-initializers -Wno-missing-prototypes -Wno-return-type -Wno-missing-braces -Wparentheses -Wswitch -Wno-unused-function -Wno-unused-label -Wno-unused-parameter -Wno-unused-variable -Wunused-value -Wno-empty-body -Wno-uninitialized -Wno-unknown-pragmas -w -Wno-shadow -Wno-four-char-constants -Wno-conversion -Wno-constant-conversion -Wno-int-conversion -Wno-bool-conversion -Wno-enum-conversion -Wno-float-conversion -Wno-non-literal-null-conversion -Wno-objc-literal-conversion -Wshorten-64-to-32 -Wpointer-sign -Wno-newline-eof -Wno-implicit-fallthrough -fstrict-aliasing -Wdeprecated-declarations -Wno-sign-conversion -Wno-infinite-recursion -Wno-comma -Wno-block-capture-autoreleasing -Wno-strict-prototypes -Wno-semicolon-before-method-body -index-store-path /Users/j/Documents/GitHub/MoneroOne/build/Index.noindex/DataStore @/Users/j/Documents/GitHub/MoneroOne/build/Build/Intermediates.noindex/swift-crypto.build/Debug-iphonesimulator/CCryptoBoringSSL.build/Objects-normal/arm64/7187679823f38a2a940e0043cdf9d637-common-args.resp -MMD -MT dependencies -MF /Users/j/Documents/GitHub/MoneroOne/build/Build/Intermediates.noindex/swift-crypto.build/Debug-iphonesimulator/CCryptoBoringSSL.build/Objects-normal/arm64/v3_enum.d --serialize-diagnostics /Users/j/Documents/GitHub/MoneroOne/build/Build/Intermediates.noindex/swift-crypto.build/Debug-iphonesimulator/CCryptoBoringSSL.build/Objects-normal/arm64/v3_enum.dia -c /Users/j/Documents/GitHub/MoneroOne/build/SourcePackages/checkouts/swift-crypto/Sources/CCryptoBoringSSL/crypto/x509v3/v3_enum.c -o /Users/j/Documents/GitHub/MoneroOne/build/Build/Intermediates.noindex/swift-crypto.build/Debug-iphonesimulator/CCryptoBoringSSL.build/Objects-normal/arm64/v3_enum.o -index-unit-output-path /swift-crypto.build/Debug-iphonesimulator/CCryptoBoringSSL.build/Objects-normal/arm64/v3_enum.o

CompileC /Users/j/Documents/GitHub/MoneroOne/build/Build/Intermediates.noindex/swift-crypto.build/Debug-iphonesimulator/CCryptoBoringSSL.build/Objects-normal/arm64/v3_ia5.o /Users/j/Documents/GitHub/MoneroOne/build/SourcePackages/checkouts/swift-crypto/Sources/CCryptoBoringSSL/crypto/x509v3/v3_ia5.c normal arm64 c com.apple.compilers.llvm.clang.1_0.compiler (in target 'CCryptoBoringSSL' from project 'swift-crypto')
    cd /Users/j/Documents/GitHub/MoneroOne/MoneroOne.xcodeproj
    
    Using response file: /Users/j/Documents/GitHub/MoneroOne/build/Build/Intermediates.noindex/swift-crypto.build/Debug-iphonesimulator/CCryptoBoringSSL.build/Objects-normal/arm64/7187679823f38a2a940e0043cdf9d637-common-args.resp
    
    /Applications/Xcode.app/Contents/Developer/Toolchains/XcodeDefault.xctoolchain/usr/bin/clang -x c -ivfsstatcache /Users/j/Documents/GitHub/MoneroOne/build/SDKStatCaches.noindex/iphonesimulator26.1-23B77-90cf18a4295e390e64c810bc6bd7acbc.sdkstatcache -fmessage-length\=0 -fdiagnostics-show-note-include-stack -fmacro-backtrace-limit\=0 -fno-color-diagnostics -fmodules-prune-interval\=86400 -fmodules-prune-after\=345600 -fbuild-session-file\=/Users/j/Documents/GitHub/MoneroOne/build/ModuleCache.noindex/Session.modulevalidation -fmodules-validate-once-per-build-session -Wnon-modular-include-in-framework-module -Werror\=non-modular-include-in-framework-module -Wno-trigraphs -Wno-missing-field-initializers -Wno-missing-prototypes -Wno-return-type -Wno-missing-braces -Wparentheses -Wswitch -Wno-unused-function -Wno-unused-label -Wno-unused-parameter -Wno-unused-variable -Wunused-value -Wno-empty-body -Wno-uninitialized -Wno-unknown-pragmas -w -Wno-shadow -Wno-four-char-constants -Wno-conversion -Wno-constant-conversion -Wno-int-conversion -Wno-bool-conversion -Wno-enum-conversion -Wno-float-conversion -Wno-non-literal-null-conversion -Wno-objc-literal-conversion -Wshorten-64-to-32 -Wpointer-sign -Wno-newline-eof -Wno-implicit-fallthrough -fstrict-aliasing -Wdeprecated-declarations -Wno-sign-conversion -Wno-infinite-recursion -Wno-comma -Wno-block-capture-autoreleasing -Wno-strict-prototypes -Wno-semicolon-before-method-body -index-store-path /Users/j/Documents/GitHub/MoneroOne/build/Index.noindex/DataStore @/Users/j/Documents/GitHub/MoneroOne/build/Build/Intermediates.noindex/swift-crypto.build/Debug-iphonesimulator/CCryptoBoringSSL.build/Objects-normal/arm64/7187679823f38a2a940e0043cdf9d637-common-args.resp -MMD -MT dependencies -MF /Users/j/Documents/GitHub/MoneroOne/build/Build/Intermediates.noindex/swift-crypto.build/Debug-iphonesimulator/CCryptoBoringSSL.build/Objects-normal/arm64/v3_ia5.d --serialize-diagnostics /Users/j/Documents/GitHub/MoneroOne/build/Build/Intermediates.noindex/swift-crypto.build/Debug-iphonesimulator/CCryptoBoringSSL.build/Objects-normal/arm64/v3_ia5.dia -c /Users/j/Documents/GitHub/MoneroOne/build/SourcePackages/checkouts/swift-crypto/Sources/CCryptoBoringSSL/crypto/x509v3/v3_ia5.c -o /Users/j/Documents/GitHub/MoneroOne/build/Build/Intermediates.noindex/swift-crypto.build/Debug-iphonesimulator/CCryptoBoringSSL.build/Objects-normal/arm64/v3_ia5.o -index-unit-output-path /swift-crypto.build/Debug-iphonesimulator/CCryptoBoringSSL.build/Objects-normal/arm64/v3_ia5.o

ScanDependencies /Users/j/Documents/GitHub/MoneroOne/build/Build/Intermediates.noindex/swift-crypto.build/Debug-iphonesimulator/CCryptoBoringSSL.build/Objects-normal/arm64/v3_crld.o /Users/j/Documents/GitHub/MoneroOne/build/SourcePackages/checkouts/swift-crypto/Sources/CCryptoBoringSSL/crypto/x509v3/v3_crld.c normal arm64 c com.apple.compilers.llvm.clang.1_0.compiler (in target 'CCryptoBoringSSL' from project 'swift-crypto')
    cd /Users/j/Documents/GitHub/MoneroOne/MoneroOne.xcodeproj
    
    Using response file: /Users/j/Documents/GitHub/MoneroOne/build/Build/Intermediates.noindex/swift-crypto.build/Debug-iphonesimulator/CCryptoBoringSSL.build/Objects-normal/arm64/7187679823f38a2a940e0043cdf9d637-common-args.resp
    
    builtin-ScanDependencies -o /Users/j/Documents/GitHub/MoneroOne/build/Build/Intermediates.noindex/swift-crypto.build/Debug-iphonesimulator/CCryptoBoringSSL.build/Objects-normal/arm64/v3_crld.o.scan -- /Applications/Xcode.app/Contents/Developer/Toolchains/XcodeDefault.xctoolchain/usr/bin/clang -x c -ivfsstatcache /Users/j/Documents/GitHub/MoneroOne/build/SDKStatCaches.noindex/iphonesimulator26.1-23B77-90cf18a4295e390e64c810bc6bd7acbc.sdkstatcache -fmessage-length\=0 -fdiagnostics-show-note-include-stack -fmacro-backtrace-limit\=0 -fno-color-diagnostics -fmodules-prune-interval\=86400 -fmodules-prune-after\=345600 -fbuild-session-file\=/Users/j/Documents/GitHub/MoneroOne/build/ModuleCache.noindex/Session.modulevalidation -fmodules-validate-once-per-build-session -Wnon-modular-include-in-framework-module -Werror\=non-modular-include-in-framework-module -Wno-trigraphs -Wno-missing-field-initializers -Wno-missing-prototypes -Wno-return-type -Wno-missing-braces -Wparentheses -Wswitch -Wno-unused-function -Wno-unused-label -Wno-unused-parameter -Wno-unused-variable -Wunused-value -Wno-empty-body -Wno-uninitialized -Wno-unknown-pragmas -w -Wno-shadow -Wno-four-char-constants -Wno-conversion -Wno-constant-conversion -Wno-int-conversion -Wno-bool-conversion -Wno-enum-conversion -Wno-float-conversion -Wno-non-literal-null-conversion -Wno-objc-literal-conversion -Wshorten-64-to-32 -Wpointer-sign -Wno-newline-eof -Wno-implicit-fallthrough -fstrict-aliasing -Wdeprecated-declarations -Wno-sign-conversion -Wno-infinite-recursion -Wno-comma -Wno-block-capture-autoreleasing -Wno-strict-prototypes -Wno-semicolon-before-method-body -index-store-path /Users/j/Documents/GitHub/MoneroOne/build/Index.noindex/DataStore @/Users/j/Documents/GitHub/MoneroOne/build/Build/Intermediates.noindex/swift-crypto.build/Debug-iphonesimulator/CCryptoBoringSSL.build/Objects-normal/arm64/7187679823f38a2a940e0043cdf9d637-common-args.resp -MMD -MT dependencies -MF /Users/j/Documents/GitHub/MoneroOne/build/Build/Intermediates.noindex/swift-crypto.build/Debug-iphonesimulator/CCryptoBoringSSL.build/Objects-normal/arm64/v3_crld.d --serialize-diagnostics /Users/j/Documents/GitHub/MoneroOne/build/Build/Intermediates.noindex/swift-crypto.build/Debug-iphonesimulator/CCryptoBoringSSL.build/Objects-normal/arm64/v3_crld.dia -c /Users/j/Documents/GitHub/MoneroOne/build/SourcePackages/checkouts/swift-crypto/Sources/CCryptoBoringSSL/crypto/x509v3/v3_crld.c -o /Users/j/Documents/GitHub/MoneroOne/build/Build/Intermediates.noindex/swift-crypto.build/Debug-iphonesimulator/CCryptoBoringSSL.build/Objects-normal/arm64/v3_crld.o -index-unit-output-path /swift-crypto.build/Debug-iphonesimulator/CCryptoBoringSSL.build/Objects-normal/arm64/v3_crld.o

ScanDependencies /Users/j/Documents/GitHub/MoneroOne/build/Build/Intermediates.noindex/swift-crypto.build/Debug-iphonesimulator/CCryptoBoringSSL.build/Objects-normal/arm64/v3_cpols.o /Users/j/Documents/GitHub/MoneroOne/build/SourcePackages/checkouts/swift-crypto/Sources/CCryptoBoringSSL/crypto/x509v3/v3_cpols.c normal arm64 c com.apple.compilers.llvm.clang.1_0.compiler (in target 'CCryptoBoringSSL' from project 'swift-crypto')
    cd /Users/j/Documents/GitHub/MoneroOne/MoneroOne.xcodeproj
    
    Using response file: /Users/j/Documents/GitHub/MoneroOne/build/Build/Intermediates.noindex/swift-crypto.build/Debug-iphonesimulator/CCryptoBoringSSL.build/Objects-normal/arm64/7187679823f38a2a940e0043cdf9d637-common-args.resp
    
    builtin-ScanDependencies -o /Users/j/Documents/GitHub/MoneroOne/build/Build/Intermediates.noindex/swift-crypto.build/Debug-iphonesimulator/CCryptoBoringSSL.build/Objects-normal/arm64/v3_cpols.o.scan -- /Applications/Xcode.app/Contents/Developer/Toolchains/XcodeDefault.xctoolchain/usr/bin/clang -x c -ivfsstatcache /Users/j/Documents/GitHub/MoneroOne/build/SDKStatCaches.noindex/iphonesimulator26.1-23B77-90cf18a4295e390e64c810bc6bd7acbc.sdkstatcache -fmessage-length\=0 -fdiagnostics-show-note-include-stack -fmacro-backtrace-limit\=0 -fno-color-diagnostics -fmodules-prune-interval\=86400 -fmodules-prune-after\=345600 -fbuild-session-file\=/Users/j/Documents/GitHub/MoneroOne/build/ModuleCache.noindex/Session.modulevalidation -fmodules-validate-once-per-build-session -Wnon-modular-include-in-framework-module -Werror\=non-modular-include-in-framework-module -Wno-trigraphs -Wno-missing-field-initializers -Wno-missing-prototypes -Wno-return-type -Wno-missing-braces -Wparentheses -Wswitch -Wno-unused-function -Wno-unused-label -Wno-unused-parameter -Wno-unused-variable -Wunused-value -Wno-empty-body -Wno-uninitialized -Wno-unknown-pragmas -w -Wno-shadow -Wno-four-char-constants -Wno-conversion -Wno-constant-conversion -Wno-int-conversion -Wno-bool-conversion -Wno-enum-conversion -Wno-float-conversion -Wno-non-literal-null-conversion -Wno-objc-literal-conversion -Wshorten-64-to-32 -Wpointer-sign -Wno-newline-eof -Wno-implicit-fallthrough -fstrict-aliasing -Wdeprecated-declarations -Wno-sign-conversion -Wno-infinite-recursion -Wno-comma -Wno-block-capture-autoreleasing -Wno-strict-prototypes -Wno-semicolon-before-method-body -index-store-path /Users/j/Documents/GitHub/MoneroOne/build/Index.noindex/DataStore @/Users/j/Documents/GitHub/MoneroOne/build/Build/Intermediates.noindex/swift-crypto.build/Debug-iphonesimulator/CCryptoBoringSSL.build/Objects-normal/arm64/7187679823f38a2a940e0043cdf9d637-common-args.resp -MMD -MT dependencies -MF /Users/j/Documents/GitHub/MoneroOne/build/Build/Intermediates.noindex/swift-crypto.build/Debug-iphonesimulator/CCryptoBoringSSL.build/Objects-normal/arm64/v3_cpols.d --serialize-diagnostics /Users/j/Documents/GitHub/MoneroOne/build/Build/Intermediates.noindex/swift-crypto.build/Debug-iphonesimulator/CCryptoBoringSSL.build/Objects-normal/arm64/v3_cpols.dia -c /Users/j/Documents/GitHub/MoneroOne/build/SourcePackages/checkouts/swift-crypto/Sources/CCryptoBoringSSL/crypto/x509v3/v3_cpols.c -o /Users/j/Documents/GitHub/MoneroOne/build/Build/Intermediates.noindex/swift-crypto.build/Debug-iphonesimulator/CCryptoBoringSSL.build/Objects-normal/arm64/v3_cpols.o -index-unit-output-path /swift-crypto.build/Debug-iphonesimulator/CCryptoBoringSSL.build/Objects-normal/arm64/v3_cpols.o

CompileC /Users/j/Documents/GitHub/MoneroOne/build/Build/Intermediates.noindex/swift-crypto.build/Debug-iphonesimulator/CCryptoBoringSSL.build/Objects-normal/arm64/v3_int.o /Users/j/Documents/GitHub/MoneroOne/build/SourcePackages/checkouts/swift-crypto/Sources/CCryptoBoringSSL/crypto/x509v3/v3_int.c normal arm64 c com.apple.compilers.llvm.clang.1_0.compiler (in target 'CCryptoBoringSSL' from project 'swift-crypto')
    cd /Users/j/Documents/GitHub/MoneroOne/MoneroOne.xcodeproj
    
    Using response file: /Users/j/Documents/GitHub/MoneroOne/build/Build/Intermediates.noindex/swift-crypto.build/Debug-iphonesimulator/CCryptoBoringSSL.build/Objects-normal/arm64/7187679823f38a2a940e0043cdf9d637-common-args.resp
    
    /Applications/Xcode.app/Contents/Developer/Toolchains/XcodeDefault.xctoolchain/usr/bin/clang -x c -ivfsstatcache /Users/j/Documents/GitHub/MoneroOne/build/SDKStatCaches.noindex/iphonesimulator26.1-23B77-90cf18a4295e390e64c810bc6bd7acbc.sdkstatcache -fmessage-length\=0 -fdiagnostics-show-note-include-stack -fmacro-backtrace-limit\=0 -fno-color-diagnostics -fmodules-prune-interval\=86400 -fmodules-prune-after\=345600 -fbuild-session-file\=/Users/j/Documents/GitHub/MoneroOne/build/ModuleCache.noindex/Session.modulevalidation -fmodules-validate-once-per-build-session -Wnon-modular-include-in-framework-module -Werror\=non-modular-include-in-framework-module -Wno-trigraphs -Wno-missing-field-initializers -Wno-missing-prototypes -Wno-return-type -Wno-missing-braces -Wparentheses -Wswitch -Wno-unused-function -Wno-unused-label -Wno-unused-parameter -Wno-unused-variable -Wunused-value -Wno-empty-body -Wno-uninitialized -Wno-unknown-pragmas -w -Wno-shadow -Wno-four-char-constants -Wno-conversion -Wno-constant-conversion -Wno-int-conversion -Wno-bool-conversion -Wno-enum-conversion -Wno-float-conversion -Wno-non-literal-null-conversion -Wno-objc-literal-conversion -Wshorten-64-to-32 -Wpointer-sign -Wno-newline-eof -Wno-implicit-fallthrough -fstrict-aliasing -Wdeprecated-declarations -Wno-sign-conversion -Wno-infinite-recursion -Wno-comma -Wno-block-capture-autoreleasing -Wno-strict-prototypes -Wno-semicolon-before-method-body -index-store-path /Users/j/Documents/GitHub/MoneroOne/build/Index.noindex/DataStore @/Users/j/Documents/GitHub/MoneroOne/build/Build/Intermediates.noindex/swift-crypto.build/Debug-iphonesimulator/CCryptoBoringSSL.build/Objects-normal/arm64/7187679823f38a2a940e0043cdf9d637-common-args.resp -MMD -MT dependencies -MF /Users/j/Documents/GitHub/MoneroOne/build/Build/Intermediates.noindex/swift-crypto.build/Debug-iphonesimulator/CCryptoBoringSSL.build/Objects-normal/arm64/v3_int.d --serialize-diagnostics /Users/j/Documents/GitHub/MoneroOne/build/Build/Intermediates.noindex/swift-crypto.build/Debug-iphonesimulator/CCryptoBoringSSL.build/Objects-normal/arm64/v3_int.dia -c /Users/j/Documents/GitHub/MoneroOne/build/SourcePackages/checkouts/swift-crypto/Sources/CCryptoBoringSSL/crypto/x509v3/v3_int.c -o /Users/j/Documents/GitHub/MoneroOne/build/Build/Intermediates.noindex/swift-crypto.build/Debug-iphonesimulator/CCryptoBoringSSL.build/Objects-normal/arm64/v3_int.o -index-unit-output-path /swift-crypto.build/Debug-iphonesimulator/CCryptoBoringSSL.build/Objects-normal/arm64/v3_int.o

CompileC /Users/j/Documents/GitHub/MoneroOne/build/Build/Intermediates.noindex/swift-crypto.build/Debug-iphonesimulator/CCryptoBoringSSL.build/Objects-normal/arm64/v3_info.o /Users/j/Documents/GitHub/MoneroOne/build/SourcePackages/checkouts/swift-crypto/Sources/CCryptoBoringSSL/crypto/x509v3/v3_info.c normal arm64 c com.apple.compilers.llvm.clang.1_0.compiler (in target 'CCryptoBoringSSL' from project 'swift-crypto')
    cd /Users/j/Documents/GitHub/MoneroOne/MoneroOne.xcodeproj
    
    Using response file: /Users/j/Documents/GitHub/MoneroOne/build/Build/Intermediates.noindex/swift-crypto.build/Debug-iphonesimulator/CCryptoBoringSSL.build/Objects-normal/arm64/7187679823f38a2a940e0043cdf9d637-common-args.resp
    
    /Applications/Xcode.app/Contents/Developer/Toolchains/XcodeDefault.xctoolchain/usr/bin/clang -x c -ivfsstatcache /Users/j/Documents/GitHub/MoneroOne/build/SDKStatCaches.noindex/iphonesimulator26.1-23B77-90cf18a4295e390e64c810bc6bd7acbc.sdkstatcache -fmessage-length\=0 -fdiagnostics-show-note-include-stack -fmacro-backtrace-limit\=0 -fno-color-diagnostics -fmodules-prune-interval\=86400 -fmodules-prune-after\=345600 -fbuild-session-file\=/Users/j/Documents/GitHub/MoneroOne/build/ModuleCache.noindex/Session.modulevalidation -fmodules-validate-once-per-build-session -Wnon-modular-include-in-framework-module -Werror\=non-modular-include-in-framework-module -Wno-trigraphs -Wno-missing-field-initializers -Wno-missing-prototypes -Wno-return-type -Wno-missing-braces -Wparentheses -Wswitch -Wno-unused-function -Wno-unused-label -Wno-unused-parameter -Wno-unused-variable -Wunused-value -Wno-empty-body -Wno-uninitialized -Wno-unknown-pragmas -w -Wno-shadow -Wno-four-char-constants -Wno-conversion -Wno-constant-conversion -Wno-int-conversion -Wno-bool-conversion -Wno-enum-conversion -Wno-float-conversion -Wno-non-literal-null-conversion -Wno-objc-literal-conversion -Wshorten-64-to-32 -Wpointer-sign -Wno-newline-eof -Wno-implicit-fallthrough -fstrict-aliasing -Wdeprecated-declarations -Wno-sign-conversion -Wno-infinite-recursion -Wno-comma -Wno-block-capture-autoreleasing -Wno-strict-prototypes -Wno-semicolon-before-method-body -index-store-path /Users/j/Documents/GitHub/MoneroOne/build/Index.noindex/DataStore @/Users/j/Documents/GitHub/MoneroOne/build/Build/Intermediates.noindex/swift-crypto.build/Debug-iphonesimulator/CCryptoBoringSSL.build/Objects-normal/arm64/7187679823f38a2a940e0043cdf9d637-common-args.resp -MMD -MT dependencies -MF /Users/j/Documents/GitHub/MoneroOne/build/Build/Intermediates.noindex/swift-crypto.build/Debug-iphonesimulator/CCryptoBoringSSL.build/Objects-normal/arm64/v3_info.d --serialize-diagnostics /Users/j/Documents/GitHub/MoneroOne/build/Build/Intermediates.noindex/swift-crypto.build/Debug-iphonesimulator/CCryptoBoringSSL.build/Objects-normal/arm64/v3_info.dia -c /Users/j/Documents/GitHub/MoneroOne/build/SourcePackages/checkouts/swift-crypto/Sources/CCryptoBoringSSL/crypto/x509v3/v3_info.c -o /Users/j/Documents/GitHub/MoneroOne/build/Build/Intermediates.noindex/swift-crypto.build/Debug-iphonesimulator/CCryptoBoringSSL.build/Objects-normal/arm64/v3_info.o -index-unit-output-path /swift-crypto.build/Debug-iphonesimulator/CCryptoBoringSSL.build/Objects-normal/arm64/v3_info.o

CompileC /Users/j/Documents/GitHub/MoneroOne/build/Build/Intermediates.noindex/swift-crypto.build/Debug-iphonesimulator/CCryptoBoringSSL.build/Objects-normal/arm64/v3_genn.o /Users/j/Documents/GitHub/MoneroOne/build/SourcePackages/checkouts/swift-crypto/Sources/CCryptoBoringSSL/crypto/x509v3/v3_genn.c normal arm64 c com.apple.compilers.llvm.clang.1_0.compiler (in target 'CCryptoBoringSSL' from project 'swift-crypto')
    cd /Users/j/Documents/GitHub/MoneroOne/MoneroOne.xcodeproj
    
    Using response file: /Users/j/Documents/GitHub/MoneroOne/build/Build/Intermediates.noindex/swift-crypto.build/Debug-iphonesimulator/CCryptoBoringSSL.build/Objects-normal/arm64/7187679823f38a2a940e0043cdf9d637-common-args.resp
    
    /Applications/Xcode.app/Contents/Developer/Toolchains/XcodeDefault.xctoolchain/usr/bin/clang -x c -ivfsstatcache /Users/j/Documents/GitHub/MoneroOne/build/SDKStatCaches.noindex/iphonesimulator26.1-23B77-90cf18a4295e390e64c810bc6bd7acbc.sdkstatcache -fmessage-length\=0 -fdiagnostics-show-note-include-stack -fmacro-backtrace-limit\=0 -fno-color-diagnostics -fmodules-prune-interval\=86400 -fmodules-prune-after\=345600 -fbuild-session-file\=/Users/j/Documents/GitHub/MoneroOne/build/ModuleCache.noindex/Session.modulevalidation -fmodules-validate-once-per-build-session -Wnon-modular-include-in-framework-module -Werror\=non-modular-include-in-framework-module -Wno-trigraphs -Wno-missing-field-initializers -Wno-missing-prototypes -Wno-return-type -Wno-missing-braces -Wparentheses -Wswitch -Wno-unused-function -Wno-unused-label -Wno-unused-parameter -Wno-unused-variable -Wunused-value -Wno-empty-body -Wno-uninitialized -Wno-unknown-pragmas -w -Wno-shadow -Wno-four-char-constants -Wno-conversion -Wno-constant-conversion -Wno-int-conversion -Wno-bool-conversion -Wno-enum-conversion -Wno-float-conversion -Wno-non-literal-null-conversion -Wno-objc-literal-conversion -Wshorten-64-to-32 -Wpointer-sign -Wno-newline-eof -Wno-implicit-fallthrough -fstrict-aliasing -Wdeprecated-declarations -Wno-sign-conversion -Wno-infinite-recursion -Wno-comma -Wno-block-capture-autoreleasing -Wno-strict-prototypes -Wno-semicolon-before-method-body -index-store-path /Users/j/Documents/GitHub/MoneroOne/build/Index.noindex/DataStore @/Users/j/Documents/GitHub/MoneroOne/build/Build/Intermediates.noindex/swift-crypto.build/Debug-iphonesimulator/CCryptoBoringSSL.build/Objects-normal/arm64/7187679823f38a2a940e0043cdf9d637-common-args.resp -MMD -MT dependencies -MF /Users/j/Documents/GitHub/MoneroOne/build/Build/Intermediates.noindex/swift-crypto.build/Debug-iphonesimulator/CCryptoBoringSSL.build/Objects-normal/arm64/v3_genn.d --serialize-diagnostics /Users/j/Documents/GitHub/MoneroOne/build/Build/Intermediates.noindex/swift-crypto.build/Debug-iphonesimulator/CCryptoBoringSSL.build/Objects-normal/arm64/v3_genn.dia -c /Users/j/Documents/GitHub/MoneroOne/build/SourcePackages/checkouts/swift-crypto/Sources/CCryptoBoringSSL/crypto/x509v3/v3_genn.c -o /Users/j/Documents/GitHub/MoneroOne/build/Build/Intermediates.noindex/swift-crypto.build/Debug-iphonesimulator/CCryptoBoringSSL.build/Objects-normal/arm64/v3_genn.o -index-unit-output-path /swift-crypto.build/Debug-iphonesimulator/CCryptoBoringSSL.build/Objects-normal/arm64/v3_genn.o

CompileC /Users/j/Documents/GitHub/MoneroOne/build/Build/Intermediates.noindex/swift-crypto.build/Debug-iphonesimulator/CCryptoBoringSSL.build/Objects-normal/arm64/v3_extku.o /Users/j/Documents/GitHub/MoneroOne/build/SourcePackages/checkouts/swift-crypto/Sources/CCryptoBoringSSL/crypto/x509v3/v3_extku.c normal arm64 c com.apple.compilers.llvm.clang.1_0.compiler (in target 'CCryptoBoringSSL' from project 'swift-crypto')
    cd /Users/j/Documents/GitHub/MoneroOne/MoneroOne.xcodeproj
    
    Using response file: /Users/j/Documents/GitHub/MoneroOne/build/Build/Intermediates.noindex/swift-crypto.build/Debug-iphonesimulator/CCryptoBoringSSL.build/Objects-normal/arm64/7187679823f38a2a940e0043cdf9d637-common-args.resp
    
    /Applications/Xcode.app/Contents/Developer/Toolchains/XcodeDefault.xctoolchain/usr/bin/clang -x c -ivfsstatcache /Users/j/Documents/GitHub/MoneroOne/build/SDKStatCaches.noindex/iphonesimulator26.1-23B77-90cf18a4295e390e64c810bc6bd7acbc.sdkstatcache -fmessage-length\=0 -fdiagnostics-show-note-include-stack -fmacro-backtrace-limit\=0 -fno-color-diagnostics -fmodules-prune-interval\=86400 -fmodules-prune-after\=345600 -fbuild-session-file\=/Users/j/Documents/GitHub/MoneroOne/build/ModuleCache.noindex/Session.modulevalidation -fmodules-validate-once-per-build-session -Wnon-modular-include-in-framework-module -Werror\=non-modular-include-in-framework-module -Wno-trigraphs -Wno-missing-field-initializers -Wno-missing-prototypes -Wno-return-type -Wno-missing-braces -Wparentheses -Wswitch -Wno-unused-function -Wno-unused-label -Wno-unused-parameter -Wno-unused-variable -Wunused-value -Wno-empty-body -Wno-uninitialized -Wno-unknown-pragmas -w -Wno-shadow -Wno-four-char-constants -Wno-conversion -Wno-constant-conversion -Wno-int-conversion -Wno-bool-conversion -Wno-enum-conversion -Wno-float-conversion -Wno-non-literal-null-conversion -Wno-objc-literal-conversion -Wshorten-64-to-32 -Wpointer-sign -Wno-newline-eof -Wno-implicit-fallthrough -fstrict-aliasing -Wdeprecated-declarations -Wno-sign-conversion -Wno-infinite-recursion -Wno-comma -Wno-block-capture-autoreleasing -Wno-strict-prototypes -Wno-semicolon-before-method-body -index-store-path /Users/j/Documents/GitHub/MoneroOne/build/Index.noindex/DataStore @/Users/j/Documents/GitHub/MoneroOne/build/Build/Intermediates.noindex/swift-crypto.build/Debug-iphonesimulator/CCryptoBoringSSL.build/Objects-normal/arm64/7187679823f38a2a940e0043cdf9d637-common-args.resp -MMD -MT dependencies -MF /Users/j/Documents/GitHub/MoneroOne/build/Build/Intermediates.noindex/swift-crypto.build/Debug-iphonesimulator/CCryptoBoringSSL.build/Objects-normal/arm64/v3_extku.d --serialize-diagnostics /Users/j/Documents/GitHub/MoneroOne/build/Build/Intermediates.noindex/swift-crypto.build/Debug-iphonesimulator/CCryptoBoringSSL.build/Objects-normal/arm64/v3_extku.dia -c /Users/j/Documents/GitHub/MoneroOne/build/SourcePackages/checkouts/swift-crypto/Sources/CCryptoBoringSSL/crypto/x509v3/v3_extku.c -o /Users/j/Documents/GitHub/MoneroOne/build/Build/Intermediates.noindex/swift-crypto.build/Debug-iphonesimulator/CCryptoBoringSSL.build/Objects-normal/arm64/v3_extku.o -index-unit-output-path /swift-crypto.build/Debug-iphonesimulator/CCryptoBoringSSL.build/Objects-normal/arm64/v3_extku.o

CompileC /Users/j/Documents/GitHub/MoneroOne/build/Build/Intermediates.noindex/swift-crypto.build/Debug-iphonesimulator/CCryptoBoringSSL.build/Objects-normal/arm64/v3_enum.o /Users/j/Documents/GitHub/MoneroOne/build/SourcePackages/checkouts/swift-crypto/Sources/CCryptoBoringSSL/crypto/x509v3/v3_enum.c normal arm64 c com.apple.compilers.llvm.clang.1_0.compiler (in target 'CCryptoBoringSSL' from project 'swift-crypto')
    cd /Users/j/Documents/GitHub/MoneroOne/MoneroOne.xcodeproj
    
    Using response file: /Users/j/Documents/GitHub/MoneroOne/build/Build/Intermediates.noindex/swift-crypto.build/Debug-iphonesimulator/CCryptoBoringSSL.build/Objects-normal/arm64/7187679823f38a2a940e0043cdf9d637-common-args.resp
    
    /Applications/Xcode.app/Contents/Developer/Toolchains/XcodeDefault.xctoolchain/usr/bin/clang -x c -ivfsstatcache /Users/j/Documents/GitHub/MoneroOne/build/SDKStatCaches.noindex/iphonesimulator26.1-23B77-90cf18a4295e390e64c810bc6bd7acbc.sdkstatcache -fmessage-length\=0 -fdiagnostics-show-note-include-stack -fmacro-backtrace-limit\=0 -fno-color-diagnostics -fmodules-prune-interval\=86400 -fmodules-prune-after\=345600 -fbuild-session-file\=/Users/j/Documents/GitHub/MoneroOne/build/ModuleCache.noindex/Session.modulevalidation -fmodules-validate-once-per-build-session -Wnon-modular-include-in-framework-module -Werror\=non-modular-include-in-framework-module -Wno-trigraphs -Wno-missing-field-initializers -Wno-missing-prototypes -Wno-return-type -Wno-missing-braces -Wparentheses -Wswitch -Wno-unused-function -Wno-unused-label -Wno-unused-parameter -Wno-unused-variable -Wunused-value -Wno-empty-body -Wno-uninitialized -Wno-unknown-pragmas -w -Wno-shadow -Wno-four-char-constants -Wno-conversion -Wno-constant-conversion -Wno-int-conversion -Wno-bool-conversion -Wno-enum-conversion -Wno-float-conversion -Wno-non-literal-null-conversion -Wno-objc-literal-conversion -Wshorten-64-to-32 -Wpointer-sign -Wno-newline-eof -Wno-implicit-fallthrough -fstrict-aliasing -Wdeprecated-declarations -Wno-sign-conversion -Wno-infinite-recursion -Wno-comma -Wno-block-capture-autoreleasing -Wno-strict-prototypes -Wno-semicolon-before-method-body -index-store-path /Users/j/Documents/GitHub/MoneroOne/build/Index.noindex/DataStore @/Users/j/Documents/GitHub/MoneroOne/build/Build/Intermediates.noindex/swift-crypto.build/Debug-iphonesimulator/CCryptoBoringSSL.build/Objects-normal/arm64/7187679823f38a2a940e0043cdf9d637-common-args.resp -MMD -MT dependencies -MF /Users/j/Documents/GitHub/MoneroOne/build/Build/Intermediates.noindex/swift-crypto.build/Debug-iphonesimulator/CCryptoBoringSSL.build/Objects-normal/arm64/v3_enum.d --serialize-diagnostics /Users/j/Documents/GitHub/MoneroOne/build/Build/Intermediates.noindex/swift-crypto.build/Debug-iphonesimulator/CCryptoBoringSSL.build/Objects-normal/arm64/v3_enum.dia -c /Users/j/Documents/GitHub/MoneroOne/build/SourcePackages/checkouts/swift-crypto/Sources/CCryptoBoringSSL/crypto/x509v3/v3_enum.c -o /Users/j/Documents/GitHub/MoneroOne/build/Build/Intermediates.noindex/swift-crypto.build/Debug-iphonesimulator/CCryptoBoringSSL.build/Objects-normal/arm64/v3_enum.o -index-unit-output-path /swift-crypto.build/Debug-iphonesimulator/CCryptoBoringSSL.build/Objects-normal/arm64/v3_enum.o

CompileC /Users/j/Documents/GitHub/MoneroOne/build/Build/Intermediates.noindex/swift-crypto.build/Debug-iphonesimulator/CCryptoBoringSSL.build/Objects-normal/arm64/v3_crld.o /Users/j/Documents/GitHub/MoneroOne/build/SourcePackages/checkouts/swift-crypto/Sources/CCryptoBoringSSL/crypto/x509v3/v3_crld.c normal arm64 c com.apple.compilers.llvm.clang.1_0.compiler (in target 'CCryptoBoringSSL' from project 'swift-crypto')
    cd /Users/j/Documents/GitHub/MoneroOne/MoneroOne.xcodeproj
    
    Using response file: /Users/j/Documents/GitHub/MoneroOne/build/Build/Intermediates.noindex/swift-crypto.build/Debug-iphonesimulator/CCryptoBoringSSL.build/Objects-normal/arm64/7187679823f38a2a940e0043cdf9d637-common-args.resp
    
    /Applications/Xcode.app/Contents/Developer/Toolchains/XcodeDefault.xctoolchain/usr/bin/clang -x c -ivfsstatcache /Users/j/Documents/GitHub/MoneroOne/build/SDKStatCaches.noindex/iphonesimulator26.1-23B77-90cf18a4295e390e64c810bc6bd7acbc.sdkstatcache -fmessage-length\=0 -fdiagnostics-show-note-include-stack -fmacro-backtrace-limit\=0 -fno-color-diagnostics -fmodules-prune-interval\=86400 -fmodules-prune-after\=345600 -fbuild-session-file\=/Users/j/Documents/GitHub/MoneroOne/build/ModuleCache.noindex/Session.modulevalidation -fmodules-validate-once-per-build-session -Wnon-modular-include-in-framework-module -Werror\=non-modular-include-in-framework-module -Wno-trigraphs -Wno-missing-field-initializers -Wno-missing-prototypes -Wno-return-type -Wno-missing-braces -Wparentheses -Wswitch -Wno-unused-function -Wno-unused-label -Wno-unused-parameter -Wno-unused-variable -Wunused-value -Wno-empty-body -Wno-uninitialized -Wno-unknown-pragmas -w -Wno-shadow -Wno-four-char-constants -Wno-conversion -Wno-constant-conversion -Wno-int-conversion -Wno-bool-conversion -Wno-enum-conversion -Wno-float-conversion -Wno-non-literal-null-conversion -Wno-objc-literal-conversion -Wshorten-64-to-32 -Wpointer-sign -Wno-newline-eof -Wno-implicit-fallthrough -fstrict-aliasing -Wdeprecated-declarations -Wno-sign-conversion -Wno-infinite-recursion -Wno-comma -Wno-block-capture-autoreleasing -Wno-strict-prototypes -Wno-semicolon-before-method-body -index-store-path /Users/j/Documents/GitHub/MoneroOne/build/Index.noindex/DataStore @/Users/j/Documents/GitHub/MoneroOne/build/Build/Intermediates.noindex/swift-crypto.build/Debug-iphonesimulator/CCryptoBoringSSL.build/Objects-normal/arm64/7187679823f38a2a940e0043cdf9d637-common-args.resp -MMD -MT dependencies -MF /Users/j/Documents/GitHub/MoneroOne/build/Build/Intermediates.noindex/swift-crypto.build/Debug-iphonesimulator/CCryptoBoringSSL.build/Objects-normal/arm64/v3_crld.d --serialize-diagnostics /Users/j/Documents/GitHub/MoneroOne/build/Build/Intermediates.noindex/swift-crypto.build/Debug-iphonesimulator/CCryptoBoringSSL.build/Objects-normal/arm64/v3_crld.dia -c /Users/j/Documents/GitHub/MoneroOne/build/SourcePackages/checkouts/swift-crypto/Sources/CCryptoBoringSSL/crypto/x509v3/v3_crld.c -o /Users/j/Documents/GitHub/MoneroOne/build/Build/Intermediates.noindex/swift-crypto.build/Debug-iphonesimulator/CCryptoBoringSSL.build/Objects-normal/arm64/v3_crld.o -index-unit-output-path /swift-crypto.build/Debug-iphonesimulator/CCryptoBoringSSL.build/Objects-normal/arm64/v3_crld.o

CompileC /Users/j/Documents/GitHub/MoneroOne/build/Build/Intermediates.noindex/swift-crypto.build/Debug-iphonesimulator/CCryptoBoringSSL.build/Objects-normal/arm64/v3_cpols.o /Users/j/Documents/GitHub/MoneroOne/build/SourcePackages/checkouts/swift-crypto/Sources/CCryptoBoringSSL/crypto/x509v3/v3_cpols.c normal arm64 c com.apple.compilers.llvm.clang.1_0.compiler (in target 'CCryptoBoringSSL' from project 'swift-crypto')
    cd /Users/j/Documents/GitHub/MoneroOne/MoneroOne.xcodeproj
    
    Using response file: /Users/j/Documents/GitHub/MoneroOne/build/Build/Intermediates.noindex/swift-crypto.build/Debug-iphonesimulator/CCryptoBoringSSL.build/Objects-normal/arm64/7187679823f38a2a940e0043cdf9d637-common-args.resp
    
    /Applications/Xcode.app/Contents/Developer/Toolchains/XcodeDefault.xctoolchain/usr/bin/clang -x c -ivfsstatcache /Users/j/Documents/GitHub/MoneroOne/build/SDKStatCaches.noindex/iphonesimulator26.1-23B77-90cf18a4295e390e64c810bc6bd7acbc.sdkstatcache -fmessage-length\=0 -fdiagnostics-show-note-include-stack -fmacro-backtrace-limit\=0 -fno-color-diagnostics -fmodules-prune-interval\=86400 -fmodules-prune-after\=345600 -fbuild-session-file\=/Users/j/Documents/GitHub/MoneroOne/build/ModuleCache.noindex/Session.modulevalidation -fmodules-validate-once-per-build-session -Wnon-modular-include-in-framework-module -Werror\=non-modular-include-in-framework-module -Wno-trigraphs -Wno-missing-field-initializers -Wno-missing-prototypes -Wno-return-type -Wno-missing-braces -Wparentheses -Wswitch -Wno-unused-function -Wno-unused-label -Wno-unused-parameter -Wno-unused-variable -Wunused-value -Wno-empty-body -Wno-uninitialized -Wno-unknown-pragmas -w -Wno-shadow -Wno-four-char-constants -Wno-conversion -Wno-constant-conversion -Wno-int-conversion -Wno-bool-conversion -Wno-enum-conversion -Wno-float-conversion -Wno-non-literal-null-conversion -Wno-objc-literal-conversion -Wshorten-64-to-32 -Wpointer-sign -Wno-newline-eof -Wno-implicit-fallthrough -fstrict-aliasing -Wdeprecated-declarations -Wno-sign-conversion -Wno-infinite-recursion -Wno-comma -Wno-block-capture-autoreleasing -Wno-strict-prototypes -Wno-semicolon-before-method-body -index-store-path /Users/j/Documents/GitHub/MoneroOne/build/Index.noindex/DataStore @/Users/j/Documents/GitHub/MoneroOne/build/Build/Intermediates.noindex/swift-crypto.build/Debug-iphonesimulator/CCryptoBoringSSL.build/Objects-normal/arm64/7187679823f38a2a940e0043cdf9d637-common-args.resp -MMD -MT dependencies -MF /Users/j/Documents/GitHub/MoneroOne/build/Build/Intermediates.noindex/swift-crypto.build/Debug-iphonesimulator/CCryptoBoringSSL.build/Objects-normal/arm64/v3_cpols.d --serialize-diagnostics /Users/j/Documents/GitHub/MoneroOne/build/Build/Intermediates.noindex/swift-crypto.build/Debug-iphonesimulator/CCryptoBoringSSL.build/Objects-normal/arm64/v3_cpols.dia -c /Users/j/Documents/GitHub/MoneroOne/build/SourcePackages/checkouts/swift-crypto/Sources/CCryptoBoringSSL/crypto/x509v3/v3_cpols.c -o /Users/j/Documents/GitHub/MoneroOne/build/Build/Intermediates.noindex/swift-crypto.build/Debug-iphonesimulator/CCryptoBoringSSL.build/Objects-normal/arm64/v3_cpols.o -index-unit-output-path /swift-crypto.build/Debug-iphonesimulator/CCryptoBoringSSL.build/Objects-normal/arm64/v3_cpols.o

ScanDependencies /Users/j/Documents/GitHub/MoneroOne/build/Build/Intermediates.noindex/swift-crypto.build/Debug-iphonesimulator/CCryptoBoringSSL.build/Objects-normal/arm64/v3_conf.o /Users/j/Documents/GitHub/MoneroOne/build/SourcePackages/checkouts/swift-crypto/Sources/CCryptoBoringSSL/crypto/x509v3/v3_conf.c normal arm64 c com.apple.compilers.llvm.clang.1_0.compiler (in target 'CCryptoBoringSSL' from project 'swift-crypto')
    cd /Users/j/Documents/GitHub/MoneroOne/MoneroOne.xcodeproj
    
    Using response file: /Users/j/Documents/GitHub/MoneroOne/build/Build/Intermediates.noindex/swift-crypto.build/Debug-iphonesimulator/CCryptoBoringSSL.build/Objects-normal/arm64/7187679823f38a2a940e0043cdf9d637-common-args.resp
    
    builtin-ScanDependencies -o /Users/j/Documents/GitHub/MoneroOne/build/Build/Intermediates.noindex/swift-crypto.build/Debug-iphonesimulator/CCryptoBoringSSL.build/Objects-normal/arm64/v3_conf.o.scan -- /Applications/Xcode.app/Contents/Developer/Toolchains/XcodeDefault.xctoolchain/usr/bin/clang -x c -ivfsstatcache /Users/j/Documents/GitHub/MoneroOne/build/SDKStatCaches.noindex/iphonesimulator26.1-23B77-90cf18a4295e390e64c810bc6bd7acbc.sdkstatcache -fmessage-length\=0 -fdiagnostics-show-note-include-stack -fmacro-backtrace-limit\=0 -fno-color-diagnostics -fmodules-prune-interval\=86400 -fmodules-prune-after\=345600 -fbuild-session-file\=/Users/j/Documents/GitHub/MoneroOne/build/ModuleCache.noindex/Session.modulevalidation -fmodules-validate-once-per-build-session -Wnon-modular-include-in-framework-module -Werror\=non-modular-include-in-framework-module -Wno-trigraphs -Wno-missing-field-initializers -Wno-missing-prototypes -Wno-return-type -Wno-missing-braces -Wparentheses -Wswitch -Wno-unused-function -Wno-unused-label -Wno-unused-parameter -Wno-unused-variable -Wunused-value -Wno-empty-body -Wno-uninitialized -Wno-unknown-pragmas -w -Wno-shadow -Wno-four-char-constants -Wno-conversion -Wno-constant-conversion -Wno-int-conversion -Wno-bool-conversion -Wno-enum-conversion -Wno-float-conversion -Wno-non-literal-null-conversion -Wno-objc-literal-conversion -Wshorten-64-to-32 -Wpointer-sign -Wno-newline-eof -Wno-implicit-fallthrough -fstrict-aliasing -Wdeprecated-declarations -Wno-sign-conversion -Wno-infinite-recursion -Wno-comma -Wno-block-capture-autoreleasing -Wno-strict-prototypes -Wno-semicolon-before-method-body -index-store-path /Users/j/Documents/GitHub/MoneroOne/build/Index.noindex/DataStore @/Users/j/Documents/GitHub/MoneroOne/build/Build/Intermediates.noindex/swift-crypto.build/Debug-iphonesimulator/CCryptoBoringSSL.build/Objects-normal/arm64/7187679823f38a2a940e0043cdf9d637-common-args.resp -MMD -MT dependencies -MF /Users/j/Documents/GitHub/MoneroOne/build/Build/Intermediates.noindex/swift-crypto.build/Debug-iphonesimulator/CCryptoBoringSSL.build/Objects-normal/arm64/v3_conf.d --serialize-diagnostics /Users/j/Documents/GitHub/MoneroOne/build/Build/Intermediates.noindex/swift-crypto.build/Debug-iphonesimulator/CCryptoBoringSSL.build/Objects-normal/arm64/v3_conf.dia -c /Users/j/Documents/GitHub/MoneroOne/build/SourcePackages/checkouts/swift-crypto/Sources/CCryptoBoringSSL/crypto/x509v3/v3_conf.c -o /Users/j/Documents/GitHub/MoneroOne/build/Build/Intermediates.noindex/swift-crypto.build/Debug-iphonesimulator/CCryptoBoringSSL.build/Objects-normal/arm64/v3_conf.o -index-unit-output-path /swift-crypto.build/Debug-iphonesimulator/CCryptoBoringSSL.build/Objects-normal/arm64/v3_conf.o

ScanDependencies /Users/j/Documents/GitHub/MoneroOne/build/Build/Intermediates.noindex/swift-crypto.build/Debug-iphonesimulator/CCryptoBoringSSL.build/Objects-normal/arm64/v3_bitst.o /Users/j/Documents/GitHub/MoneroOne/build/SourcePackages/checkouts/swift-crypto/Sources/CCryptoBoringSSL/crypto/x509v3/v3_bitst.c normal arm64 c com.apple.compilers.llvm.clang.1_0.compiler (in target 'CCryptoBoringSSL' from project 'swift-crypto')
    cd /Users/j/Documents/GitHub/MoneroOne/MoneroOne.xcodeproj
    
    Using response file: /Users/j/Documents/GitHub/MoneroOne/build/Build/Intermediates.noindex/swift-crypto.build/Debug-iphonesimulator/CCryptoBoringSSL.build/Objects-normal/arm64/7187679823f38a2a940e0043cdf9d637-common-args.resp
    
    builtin-ScanDependencies -o /Users/j/Documents/GitHub/MoneroOne/build/Build/Intermediates.noindex/swift-crypto.build/Debug-iphonesimulator/CCryptoBoringSSL.build/Objects-normal/arm64/v3_bitst.o.scan -- /Applications/Xcode.app/Contents/Developer/Toolchains/XcodeDefault.xctoolchain/usr/bin/clang -x c -ivfsstatcache /Users/j/Documents/GitHub/MoneroOne/build/SDKStatCaches.noindex/iphonesimulator26.1-23B77-90cf18a4295e390e64c810bc6bd7acbc.sdkstatcache -fmessage-length\=0 -fdiagnostics-show-note-include-stack -fmacro-backtrace-limit\=0 -fno-color-diagnostics -fmodules-prune-interval\=86400 -fmodules-prune-after\=345600 -fbuild-session-file\=/Users/j/Documents/GitHub/MoneroOne/build/ModuleCache.noindex/Session.modulevalidation -fmodules-validate-once-per-build-session -Wnon-modular-include-in-framework-module -Werror\=non-modular-include-in-framework-module -Wno-trigraphs -Wno-missing-field-initializers -Wno-missing-prototypes -Wno-return-type -Wno-missing-braces -Wparentheses -Wswitch -Wno-unused-function -Wno-unused-label -Wno-unused-parameter -Wno-unused-variable -Wunused-value -Wno-empty-body -Wno-uninitialized -Wno-unknown-pragmas -w -Wno-shadow -Wno-four-char-constants -Wno-conversion -Wno-constant-conversion -Wno-int-conversion -Wno-bool-conversion -Wno-enum-conversion -Wno-float-conversion -Wno-non-literal-null-conversion -Wno-objc-literal-conversion -Wshorten-64-to-32 -Wpointer-sign -Wno-newline-eof -Wno-implicit-fallthrough -fstrict-aliasing -Wdeprecated-declarations -Wno-sign-conversion -Wno-infinite-recursion -Wno-comma -Wno-block-capture-autoreleasing -Wno-strict-prototypes -Wno-semicolon-before-method-body -index-store-path /Users/j/Documents/GitHub/MoneroOne/build/Index.noindex/DataStore @/Users/j/Documents/GitHub/MoneroOne/build/Build/Intermediates.noindex/swift-crypto.build/Debug-iphonesimulator/CCryptoBoringSSL.build/Objects-normal/arm64/7187679823f38a2a940e0043cdf9d637-common-args.resp -MMD -MT dependencies -MF /Users/j/Documents/GitHub/MoneroOne/build/Build/Intermediates.noindex/swift-crypto.build/Debug-iphonesimulator/CCryptoBoringSSL.build/Objects-normal/arm64/v3_bitst.d --serialize-diagnostics /Users/j/Documents/GitHub/MoneroOne/build/Build/Intermediates.noindex/swift-crypto.build/Debug-iphonesimulator/CCryptoBoringSSL.build/Objects-normal/arm64/v3_bitst.dia -c /Users/j/Documents/GitHub/MoneroOne/build/SourcePackages/checkouts/swift-crypto/Sources/CCryptoBoringSSL/crypto/x509v3/v3_bitst.c -o /Users/j/Documents/GitHub/MoneroOne/build/Build/Intermediates.noindex/swift-crypto.build/Debug-iphonesimulator/CCryptoBoringSSL.build/Objects-normal/arm64/v3_bitst.o -index-unit-output-path /swift-crypto.build/Debug-iphonesimulator/CCryptoBoringSSL.build/Objects-normal/arm64/v3_bitst.o

ScanDependencies /Users/j/Documents/GitHub/MoneroOne/build/Build/Intermediates.noindex/swift-crypto.build/Debug-iphonesimulator/CCryptoBoringSSL.build/Objects-normal/arm64/v3_bcons.o /Users/j/Documents/GitHub/MoneroOne/build/SourcePackages/checkouts/swift-crypto/Sources/CCryptoBoringSSL/crypto/x509v3/v3_bcons.c normal arm64 c com.apple.compilers.llvm.clang.1_0.compiler (in target 'CCryptoBoringSSL' from project 'swift-crypto')
    cd /Users/j/Documents/GitHub/MoneroOne/MoneroOne.xcodeproj
    
    Using response file: /Users/j/Documents/GitHub/MoneroOne/build/Build/Intermediates.noindex/swift-crypto.build/Debug-iphonesimulator/CCryptoBoringSSL.build/Objects-normal/arm64/7187679823f38a2a940e0043cdf9d637-common-args.resp
    
    builtin-ScanDependencies -o /Users/j/Documents/GitHub/MoneroOne/build/Build/Intermediates.noindex/swift-crypto.build/Debug-iphonesimulator/CCryptoBoringSSL.build/Objects-normal/arm64/v3_bcons.o.scan -- /Applications/Xcode.app/Contents/Developer/Toolchains/XcodeDefault.xctoolchain/usr/bin/clang -x c -ivfsstatcache /Users/j/Documents/GitHub/MoneroOne/build/SDKStatCaches.noindex/iphonesimulator26.1-23B77-90cf18a4295e390e64c810bc6bd7acbc.sdkstatcache -fmessage-length\=0 -fdiagnostics-show-note-include-stack -fmacro-backtrace-limit\=0 -fno-color-diagnostics -fmodules-prune-interval\=86400 -fmodules-prune-after\=345600 -fbuild-session-file\=/Users/j/Documents/GitHub/MoneroOne/build/ModuleCache.noindex/Session.modulevalidation -fmodules-validate-once-per-build-session -Wnon-modular-include-in-framework-module -Werror\=non-modular-include-in-framework-module -Wno-trigraphs -Wno-missing-field-initializers -Wno-missing-prototypes -Wno-return-type -Wno-missing-braces -Wparentheses -Wswitch -Wno-unused-function -Wno-unused-label -Wno-unused-parameter -Wno-unused-variable -Wunused-value -Wno-empty-body -Wno-uninitialized -Wno-unknown-pragmas -w -Wno-shadow -Wno-four-char-constants -Wno-conversion -Wno-constant-conversion -Wno-int-conversion -Wno-bool-conversion -Wno-enum-conversion -Wno-float-conversion -Wno-non-literal-null-conversion -Wno-objc-literal-conversion -Wshorten-64-to-32 -Wpointer-sign -Wno-newline-eof -Wno-implicit-fallthrough -fstrict-aliasing -Wdeprecated-declarations -Wno-sign-conversion -Wno-infinite-recursion -Wno-comma -Wno-block-capture-autoreleasing -Wno-strict-prototypes -Wno-semicolon-before-method-body -index-store-path /Users/j/Documents/GitHub/MoneroOne/build/Index.noindex/DataStore @/Users/j/Documents/GitHub/MoneroOne/build/Build/Intermediates.noindex/swift-crypto.build/Debug-iphonesimulator/CCryptoBoringSSL.build/Objects-normal/arm64/7187679823f38a2a940e0043cdf9d637-common-args.resp -MMD -MT dependencies -MF /Users/j/Documents/GitHub/MoneroOne/build/Build/Intermediates.noindex/swift-crypto.build/Debug-iphonesimulator/CCryptoBoringSSL.build/Objects-normal/arm64/v3_bcons.d --serialize-diagnostics /Users/j/Documents/GitHub/MoneroOne/build/Build/Intermediates.noindex/swift-crypto.build/Debug-iphonesimulator/CCryptoBoringSSL.build/Objects-normal/arm64/v3_bcons.dia -c /Users/j/Documents/GitHub/MoneroOne/build/SourcePackages/checkouts/swift-crypto/Sources/CCryptoBoringSSL/crypto/x509v3/v3_bcons.c -o /Users/j/Documents/GitHub/MoneroOne/build/Build/Intermediates.noindex/swift-crypto.build/Debug-iphonesimulator/CCryptoBoringSSL.build/Objects-normal/arm64/v3_bcons.o -index-unit-output-path /swift-crypto.build/Debug-iphonesimulator/CCryptoBoringSSL.build/Objects-normal/arm64/v3_bcons.o

ScanDependencies /Users/j/Documents/GitHub/MoneroOne/build/Build/Intermediates.noindex/swift-crypto.build/Debug-iphonesimulator/CCryptoBoringSSL.build/Objects-normal/arm64/v3_alt.o /Users/j/Documents/GitHub/MoneroOne/build/SourcePackages/checkouts/swift-crypto/Sources/CCryptoBoringSSL/crypto/x509v3/v3_alt.c normal arm64 c com.apple.compilers.llvm.clang.1_0.compiler (in target 'CCryptoBoringSSL' from project 'swift-crypto')
    cd /Users/j/Documents/GitHub/MoneroOne/MoneroOne.xcodeproj
    
    Using response file: /Users/j/Documents/GitHub/MoneroOne/build/Build/Intermediates.noindex/swift-crypto.build/Debug-iphonesimulator/CCryptoBoringSSL.build/Objects-normal/arm64/7187679823f38a2a940e0043cdf9d637-common-args.resp
    
    builtin-ScanDependencies -o /Users/j/Documents/GitHub/MoneroOne/build/Build/Intermediates.noindex/swift-crypto.build/Debug-iphonesimulator/CCryptoBoringSSL.build/Objects-normal/arm64/v3_alt.o.scan -- /Applications/Xcode.app/Contents/Developer/Toolchains/XcodeDefault.xctoolchain/usr/bin/clang -x c -ivfsstatcache /Users/j/Documents/GitHub/MoneroOne/build/SDKStatCaches.noindex/iphonesimulator26.1-23B77-90cf18a4295e390e64c810bc6bd7acbc.sdkstatcache -fmessage-length\=0 -fdiagnostics-show-note-include-stack -fmacro-backtrace-limit\=0 -fno-color-diagnostics -fmodules-prune-interval\=86400 -fmodules-prune-after\=345600 -fbuild-session-file\=/Users/j/Documents/GitHub/MoneroOne/build/ModuleCache.noindex/Session.modulevalidation -fmodules-validate-once-per-build-session -Wnon-modular-include-in-framework-module -Werror\=non-modular-include-in-framework-module -Wno-trigraphs -Wno-missing-field-initializers -Wno-missing-prototypes -Wno-return-type -Wno-missing-braces -Wparentheses -Wswitch -Wno-unused-function -Wno-unused-label -Wno-unused-parameter -Wno-unused-variable -Wunused-value -Wno-empty-body -Wno-uninitialized -Wno-unknown-pragmas -w -Wno-shadow -Wno-four-char-constants -Wno-conversion -Wno-constant-conversion -Wno-int-conversion -Wno-bool-conversion -Wno-enum-conversion -Wno-float-conversion -Wno-non-literal-null-conversion -Wno-objc-literal-conversion -Wshorten-64-to-32 -Wpointer-sign -Wno-newline-eof -Wno-implicit-fallthrough -fstrict-aliasing -Wdeprecated-declarations -Wno-sign-conversion -Wno-infinite-recursion -Wno-comma -Wno-block-capture-autoreleasing -Wno-strict-prototypes -Wno-semicolon-before-method-body -index-store-path /Users/j/Documents/GitHub/MoneroOne/build/Index.noindex/DataStore @/Users/j/Documents/GitHub/MoneroOne/build/Build/Intermediates.noindex/swift-crypto.build/Debug-iphonesimulator/CCryptoBoringSSL.build/Objects-normal/arm64/7187679823f38a2a940e0043cdf9d637-common-args.resp -MMD -MT dependencies -MF /Users/j/Documents/GitHub/MoneroOne/build/Build/Intermediates.noindex/swift-crypto.build/Debug-iphonesimulator/CCryptoBoringSSL.build/Objects-normal/arm64/v3_alt.d --serialize-diagnostics /Users/j/Documents/GitHub/MoneroOne/build/Build/Intermediates.noindex/swift-crypto.build/Debug-iphonesimulator/CCryptoBoringSSL.build/Objects-normal/arm64/v3_alt.dia -c /Users/j/Documents/GitHub/MoneroOne/build/SourcePackages/checkouts/swift-crypto/Sources/CCryptoBoringSSL/crypto/x509v3/v3_alt.c -o /Users/j/Documents/GitHub/MoneroOne/build/Build/Intermediates.noindex/swift-crypto.build/Debug-iphonesimulator/CCryptoBoringSSL.build/Objects-normal/arm64/v3_alt.o -index-unit-output-path /swift-crypto.build/Debug-iphonesimulator/CCryptoBoringSSL.build/Objects-normal/arm64/v3_alt.o

ScanDependencies /Users/j/Documents/GitHub/MoneroOne/build/Build/Intermediates.noindex/swift-crypto.build/Debug-iphonesimulator/CCryptoBoringSSL.build/Objects-normal/arm64/v3_akeya.o /Users/j/Documents/GitHub/MoneroOne/build/SourcePackages/checkouts/swift-crypto/Sources/CCryptoBoringSSL/crypto/x509v3/v3_akeya.c normal arm64 c com.apple.compilers.llvm.clang.1_0.compiler (in target 'CCryptoBoringSSL' from project 'swift-crypto')
    cd /Users/j/Documents/GitHub/MoneroOne/MoneroOne.xcodeproj
    
    Using response file: /Users/j/Documents/GitHub/MoneroOne/build/Build/Intermediates.noindex/swift-crypto.build/Debug-iphonesimulator/CCryptoBoringSSL.build/Objects-normal/arm64/7187679823f38a2a940e0043cdf9d637-common-args.resp
    
    builtin-ScanDependencies -o /Users/j/Documents/GitHub/MoneroOne/build/Build/Intermediates.noindex/swift-crypto.build/Debug-iphonesimulator/CCryptoBoringSSL.build/Objects-normal/arm64/v3_akeya.o.scan -- /Applications/Xcode.app/Contents/Developer/Toolchains/XcodeDefault.xctoolchain/usr/bin/clang -x c -ivfsstatcache /Users/j/Documents/GitHub/MoneroOne/build/SDKStatCaches.noindex/iphonesimulator26.1-23B77-90cf18a4295e390e64c810bc6bd7acbc.sdkstatcache -fmessage-length\=0 -fdiagnostics-show-note-include-stack -fmacro-backtrace-limit\=0 -fno-color-diagnostics -fmodules-prune-interval\=86400 -fmodules-prune-after\=345600 -fbuild-session-file\=/Users/j/Documents/GitHub/MoneroOne/build/ModuleCache.noindex/Session.modulevalidation -fmodules-validate-once-per-build-session -Wnon-modular-include-in-framework-module -Werror\=non-modular-include-in-framework-module -Wno-trigraphs -Wno-missing-field-initializers -Wno-missing-prototypes -Wno-return-type -Wno-missing-braces -Wparentheses -Wswitch -Wno-unused-function -Wno-unused-label -Wno-unused-parameter -Wno-unused-variable -Wunused-value -Wno-empty-body -Wno-uninitialized -Wno-unknown-pragmas -w -Wno-shadow -Wno-four-char-constants -Wno-conversion -Wno-constant-conversion -Wno-int-conversion -Wno-bool-conversion -Wno-enum-conversion -Wno-float-conversion -Wno-non-literal-null-conversion -Wno-objc-literal-conversion -Wshorten-64-to-32 -Wpointer-sign -Wno-newline-eof -Wno-implicit-fallthrough -fstrict-aliasing -Wdeprecated-declarations -Wno-sign-conversion -Wno-infinite-recursion -Wno-comma -Wno-block-capture-autoreleasing -Wno-strict-prototypes -Wno-semicolon-before-method-body -index-store-path /Users/j/Documents/GitHub/MoneroOne/build/Index.noindex/DataStore @/Users/j/Documents/GitHub/MoneroOne/build/Build/Intermediates.noindex/swift-crypto.build/Debug-iphonesimulator/CCryptoBoringSSL.build/Objects-normal/arm64/7187679823f38a2a940e0043cdf9d637-common-args.resp -MMD -MT dependencies -MF /Users/j/Documents/GitHub/MoneroOne/build/Build/Intermediates.noindex/swift-crypto.build/Debug-iphonesimulator/CCryptoBoringSSL.build/Objects-normal/arm64/v3_akeya.d --serialize-diagnostics /Users/j/Documents/GitHub/MoneroOne/build/Build/Intermediates.noindex/swift-crypto.build/Debug-iphonesimulator/CCryptoBoringSSL.build/Objects-normal/arm64/v3_akeya.dia -c /Users/j/Documents/GitHub/MoneroOne/build/SourcePackages/checkouts/swift-crypto/Sources/CCryptoBoringSSL/crypto/x509v3/v3_akeya.c -o /Users/j/Documents/GitHub/MoneroOne/build/Build/Intermediates.noindex/swift-crypto.build/Debug-iphonesimulator/CCryptoBoringSSL.build/Objects-normal/arm64/v3_akeya.o -index-unit-output-path /swift-crypto.build/Debug-iphonesimulator/CCryptoBoringSSL.build/Objects-normal/arm64/v3_akeya.o

CompileC /Users/j/Documents/GitHub/MoneroOne/build/Build/Intermediates.noindex/swift-crypto.build/Debug-iphonesimulator/CCryptoBoringSSL.build/Objects-normal/arm64/v3_conf.o /Users/j/Documents/GitHub/MoneroOne/build/SourcePackages/checkouts/swift-crypto/Sources/CCryptoBoringSSL/crypto/x509v3/v3_conf.c normal arm64 c com.apple.compilers.llvm.clang.1_0.compiler (in target 'CCryptoBoringSSL' from project 'swift-crypto')
    cd /Users/j/Documents/GitHub/MoneroOne/MoneroOne.xcodeproj
    
    Using response file: /Users/j/Documents/GitHub/MoneroOne/build/Build/Intermediates.noindex/swift-crypto.build/Debug-iphonesimulator/CCryptoBoringSSL.build/Objects-normal/arm64/7187679823f38a2a940e0043cdf9d637-common-args.resp
    
    /Applications/Xcode.app/Contents/Developer/Toolchains/XcodeDefault.xctoolchain/usr/bin/clang -x c -ivfsstatcache /Users/j/Documents/GitHub/MoneroOne/build/SDKStatCaches.noindex/iphonesimulator26.1-23B77-90cf18a4295e390e64c810bc6bd7acbc.sdkstatcache -fmessage-length\=0 -fdiagnostics-show-note-include-stack -fmacro-backtrace-limit\=0 -fno-color-diagnostics -fmodules-prune-interval\=86400 -fmodules-prune-after\=345600 -fbuild-session-file\=/Users/j/Documents/GitHub/MoneroOne/build/ModuleCache.noindex/Session.modulevalidation -fmodules-validate-once-per-build-session -Wnon-modular-include-in-framework-module -Werror\=non-modular-include-in-framework-module -Wno-trigraphs -Wno-missing-field-initializers -Wno-missing-prototypes -Wno-return-type -Wno-missing-braces -Wparentheses -Wswitch -Wno-unused-function -Wno-unused-label -Wno-unused-parameter -Wno-unused-variable -Wunused-value -Wno-empty-body -Wno-uninitialized -Wno-unknown-pragmas -w -Wno-shadow -Wno-four-char-constants -Wno-conversion -Wno-constant-conversion -Wno-int-conversion -Wno-bool-conversion -Wno-enum-conversion -Wno-float-conversion -Wno-non-literal-null-conversion -Wno-objc-literal-conversion -Wshorten-64-to-32 -Wpointer-sign -Wno-newline-eof -Wno-implicit-fallthrough -fstrict-aliasing -Wdeprecated-declarations -Wno-sign-conversion -Wno-infinite-recursion -Wno-comma -Wno-block-capture-autoreleasing -Wno-strict-prototypes -Wno-semicolon-before-method-body -index-store-path /Users/j/Documents/GitHub/MoneroOne/build/Index.noindex/DataStore @/Users/j/Documents/GitHub/MoneroOne/build/Build/Intermediates.noindex/swift-crypto.build/Debug-iphonesimulator/CCryptoBoringSSL.build/Objects-normal/arm64/7187679823f38a2a940e0043cdf9d637-common-args.resp -MMD -MT dependencies -MF /Users/j/Documents/GitHub/MoneroOne/build/Build/Intermediates.noindex/swift-crypto.build/Debug-iphonesimulator/CCryptoBoringSSL.build/Objects-normal/arm64/v3_conf.d --serialize-diagnostics /Users/j/Documents/GitHub/MoneroOne/build/Build/Intermediates.noindex/swift-crypto.build/Debug-iphonesimulator/CCryptoBoringSSL.build/Objects-normal/arm64/v3_conf.dia -c /Users/j/Documents/GitHub/MoneroOne/build/SourcePackages/checkouts/swift-crypto/Sources/CCryptoBoringSSL/crypto/x509v3/v3_conf.c -o /Users/j/Documents/GitHub/MoneroOne/build/Build/Intermediates.noindex/swift-crypto.build/Debug-iphonesimulator/CCryptoBoringSSL.build/Objects-normal/arm64/v3_conf.o -index-unit-output-path /swift-crypto.build/Debug-iphonesimulator/CCryptoBoringSSL.build/Objects-normal/arm64/v3_conf.o

CompileC /Users/j/Documents/GitHub/MoneroOne/build/Build/Intermediates.noindex/swift-crypto.build/Debug-iphonesimulator/CCryptoBoringSSL.build/Objects-normal/arm64/v3_bitst.o /Users/j/Documents/GitHub/MoneroOne/build/SourcePackages/checkouts/swift-crypto/Sources/CCryptoBoringSSL/crypto/x509v3/v3_bitst.c normal arm64 c com.apple.compilers.llvm.clang.1_0.compiler (in target 'CCryptoBoringSSL' from project 'swift-crypto')
    cd /Users/j/Documents/GitHub/MoneroOne/MoneroOne.xcodeproj
    
    Using response file: /Users/j/Documents/GitHub/MoneroOne/build/Build/Intermediates.noindex/swift-crypto.build/Debug-iphonesimulator/CCryptoBoringSSL.build/Objects-normal/arm64/7187679823f38a2a940e0043cdf9d637-common-args.resp
    
    /Applications/Xcode.app/Contents/Developer/Toolchains/XcodeDefault.xctoolchain/usr/bin/clang -x c -ivfsstatcache /Users/j/Documents/GitHub/MoneroOne/build/SDKStatCaches.noindex/iphonesimulator26.1-23B77-90cf18a4295e390e64c810bc6bd7acbc.sdkstatcache -fmessage-length\=0 -fdiagnostics-show-note-include-stack -fmacro-backtrace-limit\=0 -fno-color-diagnostics -fmodules-prune-interval\=86400 -fmodules-prune-after\=345600 -fbuild-session-file\=/Users/j/Documents/GitHub/MoneroOne/build/ModuleCache.noindex/Session.modulevalidation -fmodules-validate-once-per-build-session -Wnon-modular-include-in-framework-module -Werror\=non-modular-include-in-framework-module -Wno-trigraphs -Wno-missing-field-initializers -Wno-missing-prototypes -Wno-return-type -Wno-missing-braces -Wparentheses -Wswitch -Wno-unused-function -Wno-unused-label -Wno-unused-parameter -Wno-unused-variable -Wunused-value -Wno-empty-body -Wno-uninitialized -Wno-unknown-pragmas -w -Wno-shadow -Wno-four-char-constants -Wno-conversion -Wno-constant-conversion -Wno-int-conversion -Wno-bool-conversion -Wno-enum-conversion -Wno-float-conversion -Wno-non-literal-null-conversion -Wno-objc-literal-conversion -Wshorten-64-to-32 -Wpointer-sign -Wno-newline-eof -Wno-implicit-fallthrough -fstrict-aliasing -Wdeprecated-declarations -Wno-sign-conversion -Wno-infinite-recursion -Wno-comma -Wno-block-capture-autoreleasing -Wno-strict-prototypes -Wno-semicolon-before-method-body -index-store-path /Users/j/Documents/GitHub/MoneroOne/build/Index.noindex/DataStore @/Users/j/Documents/GitHub/MoneroOne/build/Build/Intermediates.noindex/swift-crypto.build/Debug-iphonesimulator/CCryptoBoringSSL.build/Objects-normal/arm64/7187679823f38a2a940e0043cdf9d637-common-args.resp -MMD -MT dependencies -MF /Users/j/Documents/GitHub/MoneroOne/build/Build/Intermediates.noindex/swift-crypto.build/Debug-iphonesimulator/CCryptoBoringSSL.build/Objects-normal/arm64/v3_bitst.d --serialize-diagnostics /Users/j/Documents/GitHub/MoneroOne/build/Build/Intermediates.noindex/swift-crypto.build/Debug-iphonesimulator/CCryptoBoringSSL.build/Objects-normal/arm64/v3_bitst.dia -c /Users/j/Documents/GitHub/MoneroOne/build/SourcePackages/checkouts/swift-crypto/Sources/CCryptoBoringSSL/crypto/x509v3/v3_bitst.c -o /Users/j/Documents/GitHub/MoneroOne/build/Build/Intermediates.noindex/swift-crypto.build/Debug-iphonesimulator/CCryptoBoringSSL.build/Objects-normal/arm64/v3_bitst.o -index-unit-output-path /swift-crypto.build/Debug-iphonesimulator/CCryptoBoringSSL.build/Objects-normal/arm64/v3_bitst.o

CompileC /Users/j/Documents/GitHub/MoneroOne/build/Build/Intermediates.noindex/swift-crypto.build/Debug-iphonesimulator/CCryptoBoringSSL.build/Objects-normal/arm64/v3_bcons.o /Users/j/Documents/GitHub/MoneroOne/build/SourcePackages/checkouts/swift-crypto/Sources/CCryptoBoringSSL/crypto/x509v3/v3_bcons.c normal arm64 c com.apple.compilers.llvm.clang.1_0.compiler (in target 'CCryptoBoringSSL' from project 'swift-crypto')
    cd /Users/j/Documents/GitHub/MoneroOne/MoneroOne.xcodeproj
    
    Using response file: /Users/j/Documents/GitHub/MoneroOne/build/Build/Intermediates.noindex/swift-crypto.build/Debug-iphonesimulator/CCryptoBoringSSL.build/Objects-normal/arm64/7187679823f38a2a940e0043cdf9d637-common-args.resp
    
    /Applications/Xcode.app/Contents/Developer/Toolchains/XcodeDefault.xctoolchain/usr/bin/clang -x c -ivfsstatcache /Users/j/Documents/GitHub/MoneroOne/build/SDKStatCaches.noindex/iphonesimulator26.1-23B77-90cf18a4295e390e64c810bc6bd7acbc.sdkstatcache -fmessage-length\=0 -fdiagnostics-show-note-include-stack -fmacro-backtrace-limit\=0 -fno-color-diagnostics -fmodules-prune-interval\=86400 -fmodules-prune-after\=345600 -fbuild-session-file\=/Users/j/Documents/GitHub/MoneroOne/build/ModuleCache.noindex/Session.modulevalidation -fmodules-validate-once-per-build-session -Wnon-modular-include-in-framework-module -Werror\=non-modular-include-in-framework-module -Wno-trigraphs -Wno-missing-field-initializers -Wno-missing-prototypes -Wno-return-type -Wno-missing-braces -Wparentheses -Wswitch -Wno-unused-function -Wno-unused-label -Wno-unused-parameter -Wno-unused-variable -Wunused-value -Wno-empty-body -Wno-uninitialized -Wno-unknown-pragmas -w -Wno-shadow -Wno-four-char-constants -Wno-conversion -Wno-constant-conversion -Wno-int-conversion -Wno-bool-conversion -Wno-enum-conversion -Wno-float-conversion -Wno-non-literal-null-conversion -Wno-objc-literal-conversion -Wshorten-64-to-32 -Wpointer-sign -Wno-newline-eof -Wno-implicit-fallthrough -fstrict-aliasing -Wdeprecated-declarations -Wno-sign-conversion -Wno-infinite-recursion -Wno-comma -Wno-block-capture-autoreleasing -Wno-strict-prototypes -Wno-semicolon-before-method-body -index-store-path /Users/j/Documents/GitHub/MoneroOne/build/Index.noindex/DataStore @/Users/j/Documents/GitHub/MoneroOne/build/Build/Intermediates.noindex/swift-crypto.build/Debug-iphonesimulator/CCryptoBoringSSL.build/Objects-normal/arm64/7187679823f38a2a940e0043cdf9d637-common-args.resp -MMD -MT dependencies -MF /Users/j/Documents/GitHub/MoneroOne/build/Build/Intermediates.noindex/swift-crypto.build/Debug-iphonesimulator/CCryptoBoringSSL.build/Objects-normal/arm64/v3_bcons.d --serialize-diagnostics /Users/j/Documents/GitHub/MoneroOne/build/Build/Intermediates.noindex/swift-crypto.build/Debug-iphonesimulator/CCryptoBoringSSL.build/Objects-normal/arm64/v3_bcons.dia -c /Users/j/Documents/GitHub/MoneroOne/build/SourcePackages/checkouts/swift-crypto/Sources/CCryptoBoringSSL/crypto/x509v3/v3_bcons.c -o /Users/j/Documents/GitHub/MoneroOne/build/Build/Intermediates.noindex/swift-crypto.build/Debug-iphonesimulator/CCryptoBoringSSL.build/Objects-normal/arm64/v3_bcons.o -index-unit-output-path /swift-crypto.build/Debug-iphonesimulator/CCryptoBoringSSL.build/Objects-normal/arm64/v3_bcons.o

ScanDependencies /Users/j/Documents/GitHub/MoneroOne/build/Build/Intermediates.noindex/swift-crypto.build/Debug-iphonesimulator/CCryptoBoringSSL.build/Objects-normal/arm64/v3_akey.o /Users/j/Documents/GitHub/MoneroOne/build/SourcePackages/checkouts/swift-crypto/Sources/CCryptoBoringSSL/crypto/x509v3/v3_akey.c normal arm64 c com.apple.compilers.llvm.clang.1_0.compiler (in target 'CCryptoBoringSSL' from project 'swift-crypto')
    cd /Users/j/Documents/GitHub/MoneroOne/MoneroOne.xcodeproj
    
    Using response file: /Users/j/Documents/GitHub/MoneroOne/build/Build/Intermediates.noindex/swift-crypto.build/Debug-iphonesimulator/CCryptoBoringSSL.build/Objects-normal/arm64/7187679823f38a2a940e0043cdf9d637-common-args.resp
    
    builtin-ScanDependencies -o /Users/j/Documents/GitHub/MoneroOne/build/Build/Intermediates.noindex/swift-crypto.build/Debug-iphonesimulator/CCryptoBoringSSL.build/Objects-normal/arm64/v3_akey.o.scan -- /Applications/Xcode.app/Contents/Developer/Toolchains/XcodeDefault.xctoolchain/usr/bin/clang -x c -ivfsstatcache /Users/j/Documents/GitHub/MoneroOne/build/SDKStatCaches.noindex/iphonesimulator26.1-23B77-90cf18a4295e390e64c810bc6bd7acbc.sdkstatcache -fmessage-length\=0 -fdiagnostics-show-note-include-stack -fmacro-backtrace-limit\=0 -fno-color-diagnostics -fmodules-prune-interval\=86400 -fmodules-prune-after\=345600 -fbuild-session-file\=/Users/j/Documents/GitHub/MoneroOne/build/ModuleCache.noindex/Session.modulevalidation -fmodules-validate-once-per-build-session -Wnon-modular-include-in-framework-module -Werror\=non-modular-include-in-framework-module -Wno-trigraphs -Wno-missing-field-initializers -Wno-missing-prototypes -Wno-return-type -Wno-missing-braces -Wparentheses -Wswitch -Wno-unused-function -Wno-unused-label -Wno-unused-parameter -Wno-unused-variable -Wunused-value -Wno-empty-body -Wno-uninitialized -Wno-unknown-pragmas -w -Wno-shadow -Wno-four-char-constants -Wno-conversion -Wno-constant-conversion -Wno-int-conversion -Wno-bool-conversion -Wno-enum-conversion -Wno-float-conversion -Wno-non-literal-null-conversion -Wno-objc-literal-conversion -Wshorten-64-to-32 -Wpointer-sign -Wno-newline-eof -Wno-implicit-fallthrough -fstrict-aliasing -Wdeprecated-declarations -Wno-sign-conversion -Wno-infinite-recursion -Wno-comma -Wno-block-capture-autoreleasing -Wno-strict-prototypes -Wno-semicolon-before-method-body -index-store-path /Users/j/Documents/GitHub/MoneroOne/build/Index.noindex/DataStore @/Users/j/Documents/GitHub/MoneroOne/build/Build/Intermediates.noindex/swift-crypto.build/Debug-iphonesimulator/CCryptoBoringSSL.build/Objects-normal/arm64/7187679823f38a2a940e0043cdf9d637-common-args.resp -MMD -MT dependencies -MF /Users/j/Documents/GitHub/MoneroOne/build/Build/Intermediates.noindex/swift-crypto.build/Debug-iphonesimulator/CCryptoBoringSSL.build/Objects-normal/arm64/v3_akey.d --serialize-diagnostics /Users/j/Documents/GitHub/MoneroOne/build/Build/Intermediates.noindex/swift-crypto.build/Debug-iphonesimulator/CCryptoBoringSSL.build/Objects-normal/arm64/v3_akey.dia -c /Users/j/Documents/GitHub/MoneroOne/build/SourcePackages/checkouts/swift-crypto/Sources/CCryptoBoringSSL/crypto/x509v3/v3_akey.c -o /Users/j/Documents/GitHub/MoneroOne/build/Build/Intermediates.noindex/swift-crypto.build/Debug-iphonesimulator/CCryptoBoringSSL.build/Objects-normal/arm64/v3_akey.o -index-unit-output-path /swift-crypto.build/Debug-iphonesimulator/CCryptoBoringSSL.build/Objects-normal/arm64/v3_akey.o

CompileC /Users/j/Documents/GitHub/MoneroOne/build/Build/Intermediates.noindex/swift-crypto.build/Debug-iphonesimulator/CCryptoBoringSSL.build/Objects-normal/arm64/v3_akeya.o /Users/j/Documents/GitHub/MoneroOne/build/SourcePackages/checkouts/swift-crypto/Sources/CCryptoBoringSSL/crypto/x509v3/v3_akeya.c normal arm64 c com.apple.compilers.llvm.clang.1_0.compiler (in target 'CCryptoBoringSSL' from project 'swift-crypto')
    cd /Users/j/Documents/GitHub/MoneroOne/MoneroOne.xcodeproj
    
    Using response file: /Users/j/Documents/GitHub/MoneroOne/build/Build/Intermediates.noindex/swift-crypto.build/Debug-iphonesimulator/CCryptoBoringSSL.build/Objects-normal/arm64/7187679823f38a2a940e0043cdf9d637-common-args.resp
    
    /Applications/Xcode.app/Contents/Developer/Toolchains/XcodeDefault.xctoolchain/usr/bin/clang -x c -ivfsstatcache /Users/j/Documents/GitHub/MoneroOne/build/SDKStatCaches.noindex/iphonesimulator26.1-23B77-90cf18a4295e390e64c810bc6bd7acbc.sdkstatcache -fmessage-length\=0 -fdiagnostics-show-note-include-stack -fmacro-backtrace-limit\=0 -fno-color-diagnostics -fmodules-prune-interval\=86400 -fmodules-prune-after\=345600 -fbuild-session-file\=/Users/j/Documents/GitHub/MoneroOne/build/ModuleCache.noindex/Session.modulevalidation -fmodules-validate-once-per-build-session -Wnon-modular-include-in-framework-module -Werror\=non-modular-include-in-framework-module -Wno-trigraphs -Wno-missing-field-initializers -Wno-missing-prototypes -Wno-return-type -Wno-missing-braces -Wparentheses -Wswitch -Wno-unused-function -Wno-unused-label -Wno-unused-parameter -Wno-unused-variable -Wunused-value -Wno-empty-body -Wno-uninitialized -Wno-unknown-pragmas -w -Wno-shadow -Wno-four-char-constants -Wno-conversion -Wno-constant-conversion -Wno-int-conversion -Wno-bool-conversion -Wno-enum-conversion -Wno-float-conversion -Wno-non-literal-null-conversion -Wno-objc-literal-conversion -Wshorten-64-to-32 -Wpointer-sign -Wno-newline-eof -Wno-implicit-fallthrough -fstrict-aliasing -Wdeprecated-declarations -Wno-sign-conversion -Wno-infinite-recursion -Wno-comma -Wno-block-capture-autoreleasing -Wno-strict-prototypes -Wno-semicolon-before-method-body -index-store-path /Users/j/Documents/GitHub/MoneroOne/build/Index.noindex/DataStore @/Users/j/Documents/GitHub/MoneroOne/build/Build/Intermediates.noindex/swift-crypto.build/Debug-iphonesimulator/CCryptoBoringSSL.build/Objects-normal/arm64/7187679823f38a2a940e0043cdf9d637-common-args.resp -MMD -MT dependencies -MF /Users/j/Documents/GitHub/MoneroOne/build/Build/Intermediates.noindex/swift-crypto.build/Debug-iphonesimulator/CCryptoBoringSSL.build/Objects-normal/arm64/v3_akeya.d --serialize-diagnostics /Users/j/Documents/GitHub/MoneroOne/build/Build/Intermediates.noindex/swift-crypto.build/Debug-iphonesimulator/CCryptoBoringSSL.build/Objects-normal/arm64/v3_akeya.dia -c /Users/j/Documents/GitHub/MoneroOne/build/SourcePackages/checkouts/swift-crypto/Sources/CCryptoBoringSSL/crypto/x509v3/v3_akeya.c -o /Users/j/Documents/GitHub/MoneroOne/build/Build/Intermediates.noindex/swift-crypto.build/Debug-iphonesimulator/CCryptoBoringSSL.build/Objects-normal/arm64/v3_akeya.o -index-unit-output-path /swift-crypto.build/Debug-iphonesimulator/CCryptoBoringSSL.build/Objects-normal/arm64/v3_akeya.o

CompileC /Users/j/Documents/GitHub/MoneroOne/build/Build/Intermediates.noindex/swift-crypto.build/Debug-iphonesimulator/CCryptoBoringSSL.build/Objects-normal/arm64/v3_alt.o /Users/j/Documents/GitHub/MoneroOne/build/SourcePackages/checkouts/swift-crypto/Sources/CCryptoBoringSSL/crypto/x509v3/v3_alt.c normal arm64 c com.apple.compilers.llvm.clang.1_0.compiler (in target 'CCryptoBoringSSL' from project 'swift-crypto')
    cd /Users/j/Documents/GitHub/MoneroOne/MoneroOne.xcodeproj
    
    Using response file: /Users/j/Documents/GitHub/MoneroOne/build/Build/Intermediates.noindex/swift-crypto.build/Debug-iphonesimulator/CCryptoBoringSSL.build/Objects-normal/arm64/7187679823f38a2a940e0043cdf9d637-common-args.resp
    
    /Applications/Xcode.app/Contents/Developer/Toolchains/XcodeDefault.xctoolchain/usr/bin/clang -x c -ivfsstatcache /Users/j/Documents/GitHub/MoneroOne/build/SDKStatCaches.noindex/iphonesimulator26.1-23B77-90cf18a4295e390e64c810bc6bd7acbc.sdkstatcache -fmessage-length\=0 -fdiagnostics-show-note-include-stack -fmacro-backtrace-limit\=0 -fno-color-diagnostics -fmodules-prune-interval\=86400 -fmodules-prune-after\=345600 -fbuild-session-file\=/Users/j/Documents/GitHub/MoneroOne/build/ModuleCache.noindex/Session.modulevalidation -fmodules-validate-once-per-build-session -Wnon-modular-include-in-framework-module -Werror\=non-modular-include-in-framework-module -Wno-trigraphs -Wno-missing-field-initializers -Wno-missing-prototypes -Wno-return-type -Wno-missing-braces -Wparentheses -Wswitch -Wno-unused-function -Wno-unused-label -Wno-unused-parameter -Wno-unused-variable -Wunused-value -Wno-empty-body -Wno-uninitialized -Wno-unknown-pragmas -w -Wno-shadow -Wno-four-char-constants -Wno-conversion -Wno-constant-conversion -Wno-int-conversion -Wno-bool-conversion -Wno-enum-conversion -Wno-float-conversion -Wno-non-literal-null-conversion -Wno-objc-literal-conversion -Wshorten-64-to-32 -Wpointer-sign -Wno-newline-eof -Wno-implicit-fallthrough -fstrict-aliasing -Wdeprecated-declarations -Wno-sign-conversion -Wno-infinite-recursion -Wno-comma -Wno-block-capture-autoreleasing -Wno-strict-prototypes -Wno-semicolon-before-method-body -index-store-path /Users/j/Documents/GitHub/MoneroOne/build/Index.noindex/DataStore @/Users/j/Documents/GitHub/MoneroOne/build/Build/Intermediates.noindex/swift-crypto.build/Debug-iphonesimulator/CCryptoBoringSSL.build/Objects-normal/arm64/7187679823f38a2a940e0043cdf9d637-common-args.resp -MMD -MT dependencies -MF /Users/j/Documents/GitHub/MoneroOne/build/Build/Intermediates.noindex/swift-crypto.build/Debug-iphonesimulator/CCryptoBoringSSL.build/Objects-normal/arm64/v3_alt.d --serialize-diagnostics /Users/j/Documents/GitHub/MoneroOne/build/Build/Intermediates.noindex/swift-crypto.build/Debug-iphonesimulator/CCryptoBoringSSL.build/Objects-normal/arm64/v3_alt.dia -c /Users/j/Documents/GitHub/MoneroOne/build/SourcePackages/checkouts/swift-crypto/Sources/CCryptoBoringSSL/crypto/x509v3/v3_alt.c -o /Users/j/Documents/GitHub/MoneroOne/build/Build/Intermediates.noindex/swift-crypto.build/Debug-iphonesimulator/CCryptoBoringSSL.build/Objects-normal/arm64/v3_alt.o -index-unit-output-path /swift-crypto.build/Debug-iphonesimulator/CCryptoBoringSSL.build/Objects-normal/arm64/v3_alt.o

ScanDependencies /Users/j/Documents/GitHub/MoneroOne/build/Build/Intermediates.noindex/swift-crypto.build/Debug-iphonesimulator/CCryptoBoringSSL.build/Objects-normal/arm64/util.o /Users/j/Documents/GitHub/MoneroOne/build/SourcePackages/checkouts/swift-crypto/Sources/CCryptoBoringSSL/crypto/fipsmodule/ec/util.c normal arm64 c com.apple.compilers.llvm.clang.1_0.compiler (in target 'CCryptoBoringSSL' from project 'swift-crypto')
    cd /Users/j/Documents/GitHub/MoneroOne/MoneroOne.xcodeproj
    
    Using response file: /Users/j/Documents/GitHub/MoneroOne/build/Build/Intermediates.noindex/swift-crypto.build/Debug-iphonesimulator/CCryptoBoringSSL.build/Objects-normal/arm64/7187679823f38a2a940e0043cdf9d637-common-args.resp
    
    builtin-ScanDependencies -o /Users/j/Documents/GitHub/MoneroOne/build/Build/Intermediates.noindex/swift-crypto.build/Debug-iphonesimulator/CCryptoBoringSSL.build/Objects-normal/arm64/util.o.scan -- /Applications/Xcode.app/Contents/Developer/Toolchains/XcodeDefault.xctoolchain/usr/bin/clang -x c -ivfsstatcache /Users/j/Documents/GitHub/MoneroOne/build/SDKStatCaches.noindex/iphonesimulator26.1-23B77-90cf18a4295e390e64c810bc6bd7acbc.sdkstatcache -fmessage-length\=0 -fdiagnostics-show-note-include-stack -fmacro-backtrace-limit\=0 -fno-color-diagnostics -fmodules-prune-interval\=86400 -fmodules-prune-after\=345600 -fbuild-session-file\=/Users/j/Documents/GitHub/MoneroOne/build/ModuleCache.noindex/Session.modulevalidation -fmodules-validate-once-per-build-session -Wnon-modular-include-in-framework-module -Werror\=non-modular-include-in-framework-module -Wno-trigraphs -Wno-missing-field-initializers -Wno-missing-prototypes -Wno-return-type -Wno-missing-braces -Wparentheses -Wswitch -Wno-unused-function -Wno-unused-label -Wno-unused-parameter -Wno-unused-variable -Wunused-value -Wno-empty-body -Wno-uninitialized -Wno-unknown-pragmas -w -Wno-shadow -Wno-four-char-constants -Wno-conversion -Wno-constant-conversion -Wno-int-conversion -Wno-bool-conversion -Wno-enum-conversion -Wno-float-conversion -Wno-non-literal-null-conversion -Wno-objc-literal-conversion -Wshorten-64-to-32 -Wpointer-sign -Wno-newline-eof -Wno-implicit-fallthrough -fstrict-aliasing -Wdeprecated-declarations -Wno-sign-conversion -Wno-infinite-recursion -Wno-comma -Wno-block-capture-autoreleasing -Wno-strict-prototypes -Wno-semicolon-before-method-body -index-store-path /Users/j/Documents/GitHub/MoneroOne/build/Index.noindex/DataStore @/Users/j/Documents/GitHub/MoneroOne/build/Build/Intermediates.noindex/swift-crypto.build/Debug-iphonesimulator/CCryptoBoringSSL.build/Objects-normal/arm64/7187679823f38a2a940e0043cdf9d637-common-args.resp -MMD -MT dependencies -MF /Users/j/Documents/GitHub/MoneroOne/build/Build/Intermediates.noindex/swift-crypto.build/Debug-iphonesimulator/CCryptoBoringSSL.build/Objects-normal/arm64/util.d --serialize-diagnostics /Users/j/Documents/GitHub/MoneroOne/build/Build/Intermediates.noindex/swift-crypto.build/Debug-iphonesimulator/CCryptoBoringSSL.build/Objects-normal/arm64/util.dia -c /Users/j/Documents/GitHub/MoneroOne/build/SourcePackages/checkouts/swift-crypto/Sources/CCryptoBoringSSL/crypto/fipsmodule/ec/util.c -o /Users/j/Documents/GitHub/MoneroOne/build/Build/Intermediates.noindex/swift-crypto.build/Debug-iphonesimulator/CCryptoBoringSSL.build/Objects-normal/arm64/util.o -index-unit-output-path /swift-crypto.build/Debug-iphonesimulator/CCryptoBoringSSL.build/Objects-normal/arm64/util.o

ScanDependencies /Users/j/Documents/GitHub/MoneroOne/build/Build/Intermediates.noindex/swift-crypto.build/Debug-iphonesimulator/CCryptoBoringSSL.build/Objects-normal/arm64/urandom.o /Users/j/Documents/GitHub/MoneroOne/build/SourcePackages/checkouts/swift-crypto/Sources/CCryptoBoringSSL/crypto/fipsmodule/rand/urandom.c normal arm64 c com.apple.compilers.llvm.clang.1_0.compiler (in target 'CCryptoBoringSSL' from project 'swift-crypto')
    cd /Users/j/Documents/GitHub/MoneroOne/MoneroOne.xcodeproj
    
    Using response file: /Users/j/Documents/GitHub/MoneroOne/build/Build/Intermediates.noindex/swift-crypto.build/Debug-iphonesimulator/CCryptoBoringSSL.build/Objects-normal/arm64/7187679823f38a2a940e0043cdf9d637-common-args.resp
    
    builtin-ScanDependencies -o /Users/j/Documents/GitHub/MoneroOne/build/Build/Intermediates.noindex/swift-crypto.build/Debug-iphonesimulator/CCryptoBoringSSL.build/Objects-normal/arm64/urandom.o.scan -- /Applications/Xcode.app/Contents/Developer/Toolchains/XcodeDefault.xctoolchain/usr/bin/clang -x c -ivfsstatcache /Users/j/Documents/GitHub/MoneroOne/build/SDKStatCaches.noindex/iphonesimulator26.1-23B77-90cf18a4295e390e64c810bc6bd7acbc.sdkstatcache -fmessage-length\=0 -fdiagnostics-show-note-include-stack -fmacro-backtrace-limit\=0 -fno-color-diagnostics -fmodules-prune-interval\=86400 -fmodules-prune-after\=345600 -fbuild-session-file\=/Users/j/Documents/GitHub/MoneroOne/build/ModuleCache.noindex/Session.modulevalidation -fmodules-validate-once-per-build-session -Wnon-modular-include-in-framework-module -Werror\=non-modular-include-in-framework-module -Wno-trigraphs -Wno-missing-field-initializers -Wno-missing-prototypes -Wno-return-type -Wno-missing-braces -Wparentheses -Wswitch -Wno-unused-function -Wno-unused-label -Wno-unused-parameter -Wno-unused-variable -Wunused-value -Wno-empty-body -Wno-uninitialized -Wno-unknown-pragmas -w -Wno-shadow -Wno-four-char-constants -Wno-conversion -Wno-constant-conversion -Wno-int-conversion -Wno-bool-conversion -Wno-enum-conversion -Wno-float-conversion -Wno-non-literal-null-conversion -Wno-objc-literal-conversion -Wshorten-64-to-32 -Wpointer-sign -Wno-newline-eof -Wno-implicit-fallthrough -fstrict-aliasing -Wdeprecated-declarations -Wno-sign-conversion -Wno-infinite-recursion -Wno-comma -Wno-block-capture-autoreleasing -Wno-strict-prototypes -Wno-semicolon-before-method-body -index-store-path /Users/j/Documents/GitHub/MoneroOne/build/Index.noindex/DataStore @/Users/j/Documents/GitHub/MoneroOne/build/Build/Intermediates.noindex/swift-crypto.build/Debug-iphonesimulator/CCryptoBoringSSL.build/Objects-normal/arm64/7187679823f38a2a940e0043cdf9d637-common-args.resp -MMD -MT dependencies -MF /Users/j/Documents/GitHub/MoneroOne/build/Build/Intermediates.noindex/swift-crypto.build/Debug-iphonesimulator/CCryptoBoringSSL.build/Objects-normal/arm64/urandom.d --serialize-diagnostics /Users/j/Documents/GitHub/MoneroOne/build/Build/Intermediates.noindex/swift-crypto.build/Debug-iphonesimulator/CCryptoBoringSSL.build/Objects-normal/arm64/urandom.dia -c /Users/j/Documents/GitHub/MoneroOne/build/SourcePackages/checkouts/swift-crypto/Sources/CCryptoBoringSSL/crypto/fipsmodule/rand/urandom.c -o /Users/j/Documents/GitHub/MoneroOne/build/Build/Intermediates.noindex/swift-crypto.build/Debug-iphonesimulator/CCryptoBoringSSL.build/Objects-normal/arm64/urandom.o -index-unit-output-path /swift-crypto.build/Debug-iphonesimulator/CCryptoBoringSSL.build/Objects-normal/arm64/urandom.o

CompileC /Users/j/Documents/GitHub/MoneroOne/build/Build/Intermediates.noindex/swift-crypto.build/Debug-iphonesimulator/CCryptoBoringSSL.build/Objects-normal/arm64/v3_akey.o /Users/j/Documents/GitHub/MoneroOne/build/SourcePackages/checkouts/swift-crypto/Sources/CCryptoBoringSSL/crypto/x509v3/v3_akey.c normal arm64 c com.apple.compilers.llvm.clang.1_0.compiler (in target 'CCryptoBoringSSL' from project 'swift-crypto')
    cd /Users/j/Documents/GitHub/MoneroOne/MoneroOne.xcodeproj
    
    Using response file: /Users/j/Documents/GitHub/MoneroOne/build/Build/Intermediates.noindex/swift-crypto.build/Debug-iphonesimulator/CCryptoBoringSSL.build/Objects-normal/arm64/7187679823f38a2a940e0043cdf9d637-common-args.resp
    
    /Applications/Xcode.app/Contents/Developer/Toolchains/XcodeDefault.xctoolchain/usr/bin/clang -x c -ivfsstatcache /Users/j/Documents/GitHub/MoneroOne/build/SDKStatCaches.noindex/iphonesimulator26.1-23B77-90cf18a4295e390e64c810bc6bd7acbc.sdkstatcache -fmessage-length\=0 -fdiagnostics-show-note-include-stack -fmacro-backtrace-limit\=0 -fno-color-diagnostics -fmodules-prune-interval\=86400 -fmodules-prune-after\=345600 -fbuild-session-file\=/Users/j/Documents/GitHub/MoneroOne/build/ModuleCache.noindex/Session.modulevalidation -fmodules-validate-once-per-build-session -Wnon-modular-include-in-framework-module -Werror\=non-modular-include-in-framework-module -Wno-trigraphs -Wno-missing-field-initializers -Wno-missing-prototypes -Wno-return-type -Wno-missing-braces -Wparentheses -Wswitch -Wno-unused-function -Wno-unused-label -Wno-unused-parameter -Wno-unused-variable -Wunused-value -Wno-empty-body -Wno-uninitialized -Wno-unknown-pragmas -w -Wno-shadow -Wno-four-char-constants -Wno-conversion -Wno-constant-conversion -Wno-int-conversion -Wno-bool-conversion -Wno-enum-conversion -Wno-float-conversion -Wno-non-literal-null-conversion -Wno-objc-literal-conversion -Wshorten-64-to-32 -Wpointer-sign -Wno-newline-eof -Wno-implicit-fallthrough -fstrict-aliasing -Wdeprecated-declarations -Wno-sign-conversion -Wno-infinite-recursion -Wno-comma -Wno-block-capture-autoreleasing -Wno-strict-prototypes -Wno-semicolon-before-method-body -index-store-path /Users/j/Documents/GitHub/MoneroOne/build/Index.noindex/DataStore @/Users/j/Documents/GitHub/MoneroOne/build/Build/Intermediates.noindex/swift-crypto.build/Debug-iphonesimulator/CCryptoBoringSSL.build/Objects-normal/arm64/7187679823f38a2a940e0043cdf9d637-common-args.resp -MMD -MT dependencies -MF /Users/j/Documents/GitHub/MoneroOne/build/Build/Intermediates.noindex/swift-crypto.build/Debug-iphonesimulator/CCryptoBoringSSL.build/Objects-normal/arm64/v3_akey.d --serialize-diagnostics /Users/j/Documents/GitHub/MoneroOne/build/Build/Intermediates.noindex/swift-crypto.build/Debug-iphonesimulator/CCryptoBoringSSL.build/Objects-normal/arm64/v3_akey.dia -c /Users/j/Documents/GitHub/MoneroOne/build/SourcePackages/checkouts/swift-crypto/Sources/CCryptoBoringSSL/crypto/x509v3/v3_akey.c -o /Users/j/Documents/GitHub/MoneroOne/build/Build/Intermediates.noindex/swift-crypto.build/Debug-iphonesimulator/CCryptoBoringSSL.build/Objects-normal/arm64/v3_akey.o -index-unit-output-path /swift-crypto.build/Debug-iphonesimulator/CCryptoBoringSSL.build/Objects-normal/arm64/v3_akey.o

CompileC /Users/j/Documents/GitHub/MoneroOne/build/Build/Intermediates.noindex/swift-crypto.build/Debug-iphonesimulator/CCryptoBoringSSL.build/Objects-normal/arm64/util.o /Users/j/Documents/GitHub/MoneroOne/build/SourcePackages/checkouts/swift-crypto/Sources/CCryptoBoringSSL/crypto/fipsmodule/ec/util.c normal arm64 c com.apple.compilers.llvm.clang.1_0.compiler (in target 'CCryptoBoringSSL' from project 'swift-crypto')
    cd /Users/j/Documents/GitHub/MoneroOne/MoneroOne.xcodeproj
    
    Using response file: /Users/j/Documents/GitHub/MoneroOne/build/Build/Intermediates.noindex/swift-crypto.build/Debug-iphonesimulator/CCryptoBoringSSL.build/Objects-normal/arm64/7187679823f38a2a940e0043cdf9d637-common-args.resp
    
    /Applications/Xcode.app/Contents/Developer/Toolchains/XcodeDefault.xctoolchain/usr/bin/clang -x c -ivfsstatcache /Users/j/Documents/GitHub/MoneroOne/build/SDKStatCaches.noindex/iphonesimulator26.1-23B77-90cf18a4295e390e64c810bc6bd7acbc.sdkstatcache -fmessage-length\=0 -fdiagnostics-show-note-include-stack -fmacro-backtrace-limit\=0 -fno-color-diagnostics -fmodules-prune-interval\=86400 -fmodules-prune-after\=345600 -fbuild-session-file\=/Users/j/Documents/GitHub/MoneroOne/build/ModuleCache.noindex/Session.modulevalidation -fmodules-validate-once-per-build-session -Wnon-modular-include-in-framework-module -Werror\=non-modular-include-in-framework-module -Wno-trigraphs -Wno-missing-field-initializers -Wno-missing-prototypes -Wno-return-type -Wno-missing-braces -Wparentheses -Wswitch -Wno-unused-function -Wno-unused-label -Wno-unused-parameter -Wno-unused-variable -Wunused-value -Wno-empty-body -Wno-uninitialized -Wno-unknown-pragmas -w -Wno-shadow -Wno-four-char-constants -Wno-conversion -Wno-constant-conversion -Wno-int-conversion -Wno-bool-conversion -Wno-enum-conversion -Wno-float-conversion -Wno-non-literal-null-conversion -Wno-objc-literal-conversion -Wshorten-64-to-32 -Wpointer-sign -Wno-newline-eof -Wno-implicit-fallthrough -fstrict-aliasing -Wdeprecated-declarations -Wno-sign-conversion -Wno-infinite-recursion -Wno-comma -Wno-block-capture-autoreleasing -Wno-strict-prototypes -Wno-semicolon-before-method-body -index-store-path /Users/j/Documents/GitHub/MoneroOne/build/Index.noindex/DataStore @/Users/j/Documents/GitHub/MoneroOne/build/Build/Intermediates.noindex/swift-crypto.build/Debug-iphonesimulator/CCryptoBoringSSL.build/Objects-normal/arm64/7187679823f38a2a940e0043cdf9d637-common-args.resp -MMD -MT dependencies -MF /Users/j/Documents/GitHub/MoneroOne/build/Build/Intermediates.noindex/swift-crypto.build/Debug-iphonesimulator/CCryptoBoringSSL.build/Objects-normal/arm64/util.d --serialize-diagnostics /Users/j/Documents/GitHub/MoneroOne/build/Build/Intermediates.noindex/swift-crypto.build/Debug-iphonesimulator/CCryptoBoringSSL.build/Objects-normal/arm64/util.dia -c /Users/j/Documents/GitHub/MoneroOne/build/SourcePackages/checkouts/swift-crypto/Sources/CCryptoBoringSSL/crypto/fipsmodule/ec/util.c -o /Users/j/Documents/GitHub/MoneroOne/build/Build/Intermediates.noindex/swift-crypto.build/Debug-iphonesimulator/CCryptoBoringSSL.build/Objects-normal/arm64/util.o -index-unit-output-path /swift-crypto.build/Debug-iphonesimulator/CCryptoBoringSSL.build/Objects-normal/arm64/util.o

CompileC /Users/j/Documents/GitHub/MoneroOne/build/Build/Intermediates.noindex/swift-crypto.build/Debug-iphonesimulator/CCryptoBoringSSL.build/Objects-normal/arm64/urandom.o /Users/j/Documents/GitHub/MoneroOne/build/SourcePackages/checkouts/swift-crypto/Sources/CCryptoBoringSSL/crypto/fipsmodule/rand/urandom.c normal arm64 c com.apple.compilers.llvm.clang.1_0.compiler (in target 'CCryptoBoringSSL' from project 'swift-crypto')
    cd /Users/j/Documents/GitHub/MoneroOne/MoneroOne.xcodeproj
    
    Using response file: /Users/j/Documents/GitHub/MoneroOne/build/Build/Intermediates.noindex/swift-crypto.build/Debug-iphonesimulator/CCryptoBoringSSL.build/Objects-normal/arm64/7187679823f38a2a940e0043cdf9d637-common-args.resp
    
    /Applications/Xcode.app/Contents/Developer/Toolchains/XcodeDefault.xctoolchain/usr/bin/clang -x c -ivfsstatcache /Users/j/Documents/GitHub/MoneroOne/build/SDKStatCaches.noindex/iphonesimulator26.1-23B77-90cf18a4295e390e64c810bc6bd7acbc.sdkstatcache -fmessage-length\=0 -fdiagnostics-show-note-include-stack -fmacro-backtrace-limit\=0 -fno-color-diagnostics -fmodules-prune-interval\=86400 -fmodules-prune-after\=345600 -fbuild-session-file\=/Users/j/Documents/GitHub/MoneroOne/build/ModuleCache.noindex/Session.modulevalidation -fmodules-validate-once-per-build-session -Wnon-modular-include-in-framework-module -Werror\=non-modular-include-in-framework-module -Wno-trigraphs -Wno-missing-field-initializers -Wno-missing-prototypes -Wno-return-type -Wno-missing-braces -Wparentheses -Wswitch -Wno-unused-function -Wno-unused-label -Wno-unused-parameter -Wno-unused-variable -Wunused-value -Wno-empty-body -Wno-uninitialized -Wno-unknown-pragmas -w -Wno-shadow -Wno-four-char-constants -Wno-conversion -Wno-constant-conversion -Wno-int-conversion -Wno-bool-conversion -Wno-enum-conversion -Wno-float-conversion -Wno-non-literal-null-conversion -Wno-objc-literal-conversion -Wshorten-64-to-32 -Wpointer-sign -Wno-newline-eof -Wno-implicit-fallthrough -fstrict-aliasing -Wdeprecated-declarations -Wno-sign-conversion -Wno-infinite-recursion -Wno-comma -Wno-block-capture-autoreleasing -Wno-strict-prototypes -Wno-semicolon-before-method-body -index-store-path /Users/j/Documents/GitHub/MoneroOne/build/Index.noindex/DataStore @/Users/j/Documents/GitHub/MoneroOne/build/Build/Intermediates.noindex/swift-crypto.build/Debug-iphonesimulator/CCryptoBoringSSL.build/Objects-normal/arm64/7187679823f38a2a940e0043cdf9d637-common-args.resp -MMD -MT dependencies -MF /Users/j/Documents/GitHub/MoneroOne/build/Build/Intermediates.noindex/swift-crypto.build/Debug-iphonesimulator/CCryptoBoringSSL.build/Objects-normal/arm64/urandom.d --serialize-diagnostics /Users/j/Documents/GitHub/MoneroOne/build/Build/Intermediates.noindex/swift-crypto.build/Debug-iphonesimulator/CCryptoBoringSSL.build/Objects-normal/arm64/urandom.dia -c /Users/j/Documents/GitHub/MoneroOne/build/SourcePackages/checkouts/swift-crypto/Sources/CCryptoBoringSSL/crypto/fipsmodule/rand/urandom.c -o /Users/j/Documents/GitHub/MoneroOne/build/Build/Intermediates.noindex/swift-crypto.build/Debug-iphonesimulator/CCryptoBoringSSL.build/Objects-normal/arm64/urandom.o -index-unit-output-path /swift-crypto.build/Debug-iphonesimulator/CCryptoBoringSSL.build/Objects-normal/arm64/urandom.o

ScanDependencies /Users/j/Documents/GitHub/MoneroOne/build/Build/Intermediates.noindex/swift-crypto.build/Debug-iphonesimulator/CCryptoBoringSSL.build/Objects-normal/arm64/unicode.o /Users/j/Documents/GitHub/MoneroOne/build/SourcePackages/checkouts/swift-crypto/Sources/CCryptoBoringSSL/crypto/bytestring/unicode.c normal arm64 c com.apple.compilers.llvm.clang.1_0.compiler (in target 'CCryptoBoringSSL' from project 'swift-crypto')
    cd /Users/j/Documents/GitHub/MoneroOne/MoneroOne.xcodeproj
    
    Using response file: /Users/j/Documents/GitHub/MoneroOne/build/Build/Intermediates.noindex/swift-crypto.build/Debug-iphonesimulator/CCryptoBoringSSL.build/Objects-normal/arm64/7187679823f38a2a940e0043cdf9d637-common-args.resp
    
    builtin-ScanDependencies -o /Users/j/Documents/GitHub/MoneroOne/build/Build/Intermediates.noindex/swift-crypto.build/Debug-iphonesimulator/CCryptoBoringSSL.build/Objects-normal/arm64/unicode.o.scan -- /Applications/Xcode.app/Contents/Developer/Toolchains/XcodeDefault.xctoolchain/usr/bin/clang -x c -ivfsstatcache /Users/j/Documents/GitHub/MoneroOne/build/SDKStatCaches.noindex/iphonesimulator26.1-23B77-90cf18a4295e390e64c810bc6bd7acbc.sdkstatcache -fmessage-length\=0 -fdiagnostics-show-note-include-stack -fmacro-backtrace-limit\=0 -fno-color-diagnostics -fmodules-prune-interval\=86400 -fmodules-prune-after\=345600 -fbuild-session-file\=/Users/j/Documents/GitHub/MoneroOne/build/ModuleCache.noindex/Session.modulevalidation -fmodules-validate-once-per-build-session -Wnon-modular-include-in-framework-module -Werror\=non-modular-include-in-framework-module -Wno-trigraphs -Wno-missing-field-initializers -Wno-missing-prototypes -Wno-return-type -Wno-missing-braces -Wparentheses -Wswitch -Wno-unused-function -Wno-unused-label -Wno-unused-parameter -Wno-unused-variable -Wunused-value -Wno-empty-body -Wno-uninitialized -Wno-unknown-pragmas -w -Wno-shadow -Wno-four-char-constants -Wno-conversion -Wno-constant-conversion -Wno-int-conversion -Wno-bool-conversion -Wno-enum-conversion -Wno-float-conversion -Wno-non-literal-null-conversion -Wno-objc-literal-conversion -Wshorten-64-to-32 -Wpointer-sign -Wno-newline-eof -Wno-implicit-fallthrough -fstrict-aliasing -Wdeprecated-declarations -Wno-sign-conversion -Wno-infinite-recursion -Wno-comma -Wno-block-capture-autoreleasing -Wno-strict-prototypes -Wno-semicolon-before-method-body -index-store-path /Users/j/Documents/GitHub/MoneroOne/build/Index.noindex/DataStore @/Users/j/Documents/GitHub/MoneroOne/build/Build/Intermediates.noindex/swift-crypto.build/Debug-iphonesimulator/CCryptoBoringSSL.build/Objects-normal/arm64/7187679823f38a2a940e0043cdf9d637-common-args.resp -MMD -MT dependencies -MF /Users/j/Documents/GitHub/MoneroOne/build/Build/Intermediates.noindex/swift-crypto.build/Debug-iphonesimulator/CCryptoBoringSSL.build/Objects-normal/arm64/unicode.d --serialize-diagnostics /Users/j/Documents/GitHub/MoneroOne/build/Build/Intermediates.noindex/swift-crypto.build/Debug-iphonesimulator/CCryptoBoringSSL.build/Objects-normal/arm64/unicode.dia -c /Users/j/Documents/GitHub/MoneroOne/build/SourcePackages/checkouts/swift-crypto/Sources/CCryptoBoringSSL/crypto/bytestring/unicode.c -o /Users/j/Documents/GitHub/MoneroOne/build/Build/Intermediates.noindex/swift-crypto.build/Debug-iphonesimulator/CCryptoBoringSSL.build/Objects-normal/arm64/unicode.o -index-unit-output-path /swift-crypto.build/Debug-iphonesimulator/CCryptoBoringSSL.build/Objects-normal/arm64/unicode.o

ScanDependencies /Users/j/Documents/GitHub/MoneroOne/build/Build/Intermediates.noindex/swift-crypto.build/Debug-iphonesimulator/CCryptoBoringSSL.build/Objects-normal/arm64/trusty.o /Users/j/Documents/GitHub/MoneroOne/build/SourcePackages/checkouts/swift-crypto/Sources/CCryptoBoringSSL/crypto/rand_extra/trusty.c normal arm64 c com.apple.compilers.llvm.clang.1_0.compiler (in target 'CCryptoBoringSSL' from project 'swift-crypto')
    cd /Users/j/Documents/GitHub/MoneroOne/MoneroOne.xcodeproj
    
    Using response file: /Users/j/Documents/GitHub/MoneroOne/build/Build/Intermediates.noindex/swift-crypto.build/Debug-iphonesimulator/CCryptoBoringSSL.build/Objects-normal/arm64/7187679823f38a2a940e0043cdf9d637-common-args.resp
    
    builtin-ScanDependencies -o /Users/j/Documents/GitHub/MoneroOne/build/Build/Intermediates.noindex/swift-crypto.build/Debug-iphonesimulator/CCryptoBoringSSL.build/Objects-normal/arm64/trusty.o.scan -- /Applications/Xcode.app/Contents/Developer/Toolchains/XcodeDefault.xctoolchain/usr/bin/clang -x c -ivfsstatcache /Users/j/Documents/GitHub/MoneroOne/build/SDKStatCaches.noindex/iphonesimulator26.1-23B77-90cf18a4295e390e64c810bc6bd7acbc.sdkstatcache -fmessage-length\=0 -fdiagnostics-show-note-include-stack -fmacro-backtrace-limit\=0 -fno-color-diagnostics -fmodules-prune-interval\=86400 -fmodules-prune-after\=345600 -fbuild-session-file\=/Users/j/Documents/GitHub/MoneroOne/build/ModuleCache.noindex/Session.modulevalidation -fmodules-validate-once-per-build-session -Wnon-modular-include-in-framework-module -Werror\=non-modular-include-in-framework-module -Wno-trigraphs -Wno-missing-field-initializers -Wno-missing-prototypes -Wno-return-type -Wno-missing-braces -Wparentheses -Wswitch -Wno-unused-function -Wno-unused-label -Wno-unused-parameter -Wno-unused-variable -Wunused-value -Wno-empty-body -Wno-uninitialized -Wno-unknown-pragmas -w -Wno-shadow -Wno-four-char-constants -Wno-conversion -Wno-constant-conversion -Wno-int-conversion -Wno-bool-conversion -Wno-enum-conversion -Wno-float-conversion -Wno-non-literal-null-conversion -Wno-objc-literal-conversion -Wshorten-64-to-32 -Wpointer-sign -Wno-newline-eof -Wno-implicit-fallthrough -fstrict-aliasing -Wdeprecated-declarations -Wno-sign-conversion -Wno-infinite-recursion -Wno-comma -Wno-block-capture-autoreleasing -Wno-strict-prototypes -Wno-semicolon-before-method-body -index-store-path /Users/j/Documents/GitHub/MoneroOne/build/Index.noindex/DataStore @/Users/j/Documents/GitHub/MoneroOne/build/Build/Intermediates.noindex/swift-crypto.build/Debug-iphonesimulator/CCryptoBoringSSL.build/Objects-normal/arm64/7187679823f38a2a940e0043cdf9d637-common-args.resp -MMD -MT dependencies -MF /Users/j/Documents/GitHub/MoneroOne/build/Build/Intermediates.noindex/swift-crypto.build/Debug-iphonesimulator/CCryptoBoringSSL.build/Objects-normal/arm64/trusty.d --serialize-diagnostics /Users/j/Documents/GitHub/MoneroOne/build/Build/Intermediates.noindex/swift-crypto.build/Debug-iphonesimulator/CCryptoBoringSSL.build/Objects-normal/arm64/trusty.dia -c /Users/j/Documents/GitHub/MoneroOne/build/SourcePackages/checkouts/swift-crypto/Sources/CCryptoBoringSSL/crypto/rand_extra/trusty.c -o /Users/j/Documents/GitHub/MoneroOne/build/Build/Intermediates.noindex/swift-crypto.build/Debug-iphonesimulator/CCryptoBoringSSL.build/Objects-normal/arm64/trusty.o -index-unit-output-path /swift-crypto.build/Debug-iphonesimulator/CCryptoBoringSSL.build/Objects-normal/arm64/trusty.o

ScanDependencies /Users/j/Documents/GitHub/MoneroOne/build/Build/Intermediates.noindex/swift-crypto.build/Debug-iphonesimulator/CCryptoBoringSSL.build/Objects-normal/arm64/trust_token.o /Users/j/Documents/GitHub/MoneroOne/build/SourcePackages/checkouts/swift-crypto/Sources/CCryptoBoringSSL/crypto/trust_token/trust_token.c normal arm64 c com.apple.compilers.llvm.clang.1_0.compiler (in target 'CCryptoBoringSSL' from project 'swift-crypto')
    cd /Users/j/Documents/GitHub/MoneroOne/MoneroOne.xcodeproj
    
    Using response file: /Users/j/Documents/GitHub/MoneroOne/build/Build/Intermediates.noindex/swift-crypto.build/Debug-iphonesimulator/CCryptoBoringSSL.build/Objects-normal/arm64/7187679823f38a2a940e0043cdf9d637-common-args.resp
    
    builtin-ScanDependencies -o /Users/j/Documents/GitHub/MoneroOne/build/Build/Intermediates.noindex/swift-crypto.build/Debug-iphonesimulator/CCryptoBoringSSL.build/Objects-normal/arm64/trust_token.o.scan -- /Applications/Xcode.app/Contents/Developer/Toolchains/XcodeDefault.xctoolchain/usr/bin/clang -x c -ivfsstatcache /Users/j/Documents/GitHub/MoneroOne/build/SDKStatCaches.noindex/iphonesimulator26.1-23B77-90cf18a4295e390e64c810bc6bd7acbc.sdkstatcache -fmessage-length\=0 -fdiagnostics-show-note-include-stack -fmacro-backtrace-limit\=0 -fno-color-diagnostics -fmodules-prune-interval\=86400 -fmodules-prune-after\=345600 -fbuild-session-file\=/Users/j/Documents/GitHub/MoneroOne/build/ModuleCache.noindex/Session.modulevalidation -fmodules-validate-once-per-build-session -Wnon-modular-include-in-framework-module -Werror\=non-modular-include-in-framework-module -Wno-trigraphs -Wno-missing-field-initializers -Wno-missing-prototypes -Wno-return-type -Wno-missing-braces -Wparentheses -Wswitch -Wno-unused-function -Wno-unused-label -Wno-unused-parameter -Wno-unused-variable -Wunused-value -Wno-empty-body -Wno-uninitialized -Wno-unknown-pragmas -w -Wno-shadow -Wno-four-char-constants -Wno-conversion -Wno-constant-conversion -Wno-int-conversion -Wno-bool-conversion -Wno-enum-conversion -Wno-float-conversion -Wno-non-literal-null-conversion -Wno-objc-literal-conversion -Wshorten-64-to-32 -Wpointer-sign -Wno-newline-eof -Wno-implicit-fallthrough -fstrict-aliasing -Wdeprecated-declarations -Wno-sign-conversion -Wno-infinite-recursion -Wno-comma -Wno-block-capture-autoreleasing -Wno-strict-prototypes -Wno-semicolon-before-method-body -index-store-path /Users/j/Documents/GitHub/MoneroOne/build/Index.noindex/DataStore @/Users/j/Documents/GitHub/MoneroOne/build/Build/Intermediates.noindex/swift-crypto.build/Debug-iphonesimulator/CCryptoBoringSSL.build/Objects-normal/arm64/7187679823f38a2a940e0043cdf9d637-common-args.resp -MMD -MT dependencies -MF /Users/j/Documents/GitHub/MoneroOne/build/Build/Intermediates.noindex/swift-crypto.build/Debug-iphonesimulator/CCryptoBoringSSL.build/Objects-normal/arm64/trust_token.d --serialize-diagnostics /Users/j/Documents/GitHub/MoneroOne/build/Build/Intermediates.noindex/swift-crypto.build/Debug-iphonesimulator/CCryptoBoringSSL.build/Objects-normal/arm64/trust_token.dia -c /Users/j/Documents/GitHub/MoneroOne/build/SourcePackages/checkouts/swift-crypto/Sources/CCryptoBoringSSL/crypto/trust_token/trust_token.c -o /Users/j/Documents/GitHub/MoneroOne/build/Build/Intermediates.noindex/swift-crypto.build/Debug-iphonesimulator/CCryptoBoringSSL.build/Objects-normal/arm64/trust_token.o -index-unit-output-path /swift-crypto.build/Debug-iphonesimulator/CCryptoBoringSSL.build/Objects-normal/arm64/trust_token.o

ScanDependencies /Users/j/Documents/GitHub/MoneroOne/build/Build/Intermediates.noindex/swift-crypto.build/Debug-iphonesimulator/CCryptoBoringSSL.build/Objects-normal/arm64/tls_cbc.o /Users/j/Documents/GitHub/MoneroOne/build/SourcePackages/checkouts/swift-crypto/Sources/CCryptoBoringSSL/crypto/cipher_extra/tls_cbc.c normal arm64 c com.apple.compilers.llvm.clang.1_0.compiler (in target 'CCryptoBoringSSL' from project 'swift-crypto')
    cd /Users/j/Documents/GitHub/MoneroOne/MoneroOne.xcodeproj
    
    Using response file: /Users/j/Documents/GitHub/MoneroOne/build/Build/Intermediates.noindex/swift-crypto.build/Debug-iphonesimulator/CCryptoBoringSSL.build/Objects-normal/arm64/7187679823f38a2a940e0043cdf9d637-common-args.resp
    
    builtin-ScanDependencies -o /Users/j/Documents/GitHub/MoneroOne/build/Build/Intermediates.noindex/swift-crypto.build/Debug-iphonesimulator/CCryptoBoringSSL.build/Objects-normal/arm64/tls_cbc.o.scan -- /Applications/Xcode.app/Contents/Developer/Toolchains/XcodeDefault.xctoolchain/usr/bin/clang -x c -ivfsstatcache /Users/j/Documents/GitHub/MoneroOne/build/SDKStatCaches.noindex/iphonesimulator26.1-23B77-90cf18a4295e390e64c810bc6bd7acbc.sdkstatcache -fmessage-length\=0 -fdiagnostics-show-note-include-stack -fmacro-backtrace-limit\=0 -fno-color-diagnostics -fmodules-prune-interval\=86400 -fmodules-prune-after\=345600 -fbuild-session-file\=/Users/j/Documents/GitHub/MoneroOne/build/ModuleCache.noindex/Session.modulevalidation -fmodules-validate-once-per-build-session -Wnon-modular-include-in-framework-module -Werror\=non-modular-include-in-framework-module -Wno-trigraphs -Wno-missing-field-initializers -Wno-missing-prototypes -Wno-return-type -Wno-missing-braces -Wparentheses -Wswitch -Wno-unused-function -Wno-unused-label -Wno-unused-parameter -Wno-unused-variable -Wunused-value -Wno-empty-body -Wno-uninitialized -Wno-unknown-pragmas -w -Wno-shadow -Wno-four-char-constants -Wno-conversion -Wno-constant-conversion -Wno-int-conversion -Wno-bool-conversion -Wno-enum-conversion -Wno-float-conversion -Wno-non-literal-null-conversion -Wno-objc-literal-conversion -Wshorten-64-to-32 -Wpointer-sign -Wno-newline-eof -Wno-implicit-fallthrough -fstrict-aliasing -Wdeprecated-declarations -Wno-sign-conversion -Wno-infinite-recursion -Wno-comma -Wno-block-capture-autoreleasing -Wno-strict-prototypes -Wno-semicolon-before-method-body -index-store-path /Users/j/Documents/GitHub/MoneroOne/build/Index.noindex/DataStore @/Users/j/Documents/GitHub/MoneroOne/build/Build/Intermediates.noindex/swift-crypto.build/Debug-iphonesimulator/CCryptoBoringSSL.build/Objects-normal/arm64/7187679823f38a2a940e0043cdf9d637-common-args.resp -MMD -MT dependencies -MF /Users/j/Documents/GitHub/MoneroOne/build/Build/Intermediates.noindex/swift-crypto.build/Debug-iphonesimulator/CCryptoBoringSSL.build/Objects-normal/arm64/tls_cbc.d --serialize-diagnostics /Users/j/Documents/GitHub/MoneroOne/build/Build/Intermediates.noindex/swift-crypto.build/Debug-iphonesimulator/CCryptoBoringSSL.build/Objects-normal/arm64/tls_cbc.dia -c /Users/j/Documents/GitHub/MoneroOne/build/SourcePackages/checkouts/swift-crypto/Sources/CCryptoBoringSSL/crypto/cipher_extra/tls_cbc.c -o /Users/j/Documents/GitHub/MoneroOne/build/Build/Intermediates.noindex/swift-crypto.build/Debug-iphonesimulator/CCryptoBoringSSL.build/Objects-normal/arm64/tls_cbc.o -index-unit-output-path /swift-crypto.build/Debug-iphonesimulator/CCryptoBoringSSL.build/Objects-normal/arm64/tls_cbc.o

CompileC /Users/j/Documents/GitHub/MoneroOne/build/Build/Intermediates.noindex/swift-crypto.build/Debug-iphonesimulator/CCryptoBoringSSL.build/Objects-normal/arm64/trusty.o /Users/j/Documents/GitHub/MoneroOne/build/SourcePackages/checkouts/swift-crypto/Sources/CCryptoBoringSSL/crypto/rand_extra/trusty.c normal arm64 c com.apple.compilers.llvm.clang.1_0.compiler (in target 'CCryptoBoringSSL' from project 'swift-crypto')
    cd /Users/j/Documents/GitHub/MoneroOne/MoneroOne.xcodeproj
    
    Using response file: /Users/j/Documents/GitHub/MoneroOne/build/Build/Intermediates.noindex/swift-crypto.build/Debug-iphonesimulator/CCryptoBoringSSL.build/Objects-normal/arm64/7187679823f38a2a940e0043cdf9d637-common-args.resp
    
    /Applications/Xcode.app/Contents/Developer/Toolchains/XcodeDefault.xctoolchain/usr/bin/clang -x c -ivfsstatcache /Users/j/Documents/GitHub/MoneroOne/build/SDKStatCaches.noindex/iphonesimulator26.1-23B77-90cf18a4295e390e64c810bc6bd7acbc.sdkstatcache -fmessage-length\=0 -fdiagnostics-show-note-include-stack -fmacro-backtrace-limit\=0 -fno-color-diagnostics -fmodules-prune-interval\=86400 -fmodules-prune-after\=345600 -fbuild-session-file\=/Users/j/Documents/GitHub/MoneroOne/build/ModuleCache.noindex/Session.modulevalidation -fmodules-validate-once-per-build-session -Wnon-modular-include-in-framework-module -Werror\=non-modular-include-in-framework-module -Wno-trigraphs -Wno-missing-field-initializers -Wno-missing-prototypes -Wno-return-type -Wno-missing-braces -Wparentheses -Wswitch -Wno-unused-function -Wno-unused-label -Wno-unused-parameter -Wno-unused-variable -Wunused-value -Wno-empty-body -Wno-uninitialized -Wno-unknown-pragmas -w -Wno-shadow -Wno-four-char-constants -Wno-conversion -Wno-constant-conversion -Wno-int-conversion -Wno-bool-conversion -Wno-enum-conversion -Wno-float-conversion -Wno-non-literal-null-conversion -Wno-objc-literal-conversion -Wshorten-64-to-32 -Wpointer-sign -Wno-newline-eof -Wno-implicit-fallthrough -fstrict-aliasing -Wdeprecated-declarations -Wno-sign-conversion -Wno-infinite-recursion -Wno-comma -Wno-block-capture-autoreleasing -Wno-strict-prototypes -Wno-semicolon-before-method-body -index-store-path /Users/j/Documents/GitHub/MoneroOne/build/Index.noindex/DataStore @/Users/j/Documents/GitHub/MoneroOne/build/Build/Intermediates.noindex/swift-crypto.build/Debug-iphonesimulator/CCryptoBoringSSL.build/Objects-normal/arm64/7187679823f38a2a940e0043cdf9d637-common-args.resp -MMD -MT dependencies -MF /Users/j/Documents/GitHub/MoneroOne/build/Build/Intermediates.noindex/swift-crypto.build/Debug-iphonesimulator/CCryptoBoringSSL.build/Objects-normal/arm64/trusty.d --serialize-diagnostics /Users/j/Documents/GitHub/MoneroOne/build/Build/Intermediates.noindex/swift-crypto.build/Debug-iphonesimulator/CCryptoBoringSSL.build/Objects-normal/arm64/trusty.dia -c /Users/j/Documents/GitHub/MoneroOne/build/SourcePackages/checkouts/swift-crypto/Sources/CCryptoBoringSSL/crypto/rand_extra/trusty.c -o /Users/j/Documents/GitHub/MoneroOne/build/Build/Intermediates.noindex/swift-crypto.build/Debug-iphonesimulator/CCryptoBoringSSL.build/Objects-normal/arm64/trusty.o -index-unit-output-path /swift-crypto.build/Debug-iphonesimulator/CCryptoBoringSSL.build/Objects-normal/arm64/trusty.o

ScanDependencies /Users/j/Documents/GitHub/MoneroOne/build/Build/Intermediates.noindex/swift-crypto.build/Debug-iphonesimulator/CCryptoBoringSSL.build/Objects-normal/arm64/thread_win.o /Users/j/Documents/GitHub/MoneroOne/build/SourcePackages/checkouts/swift-crypto/Sources/CCryptoBoringSSL/crypto/thread_win.c normal arm64 c com.apple.compilers.llvm.clang.1_0.compiler (in target 'CCryptoBoringSSL' from project 'swift-crypto')
    cd /Users/j/Documents/GitHub/MoneroOne/MoneroOne.xcodeproj
    
    Using response file: /Users/j/Documents/GitHub/MoneroOne/build/Build/Intermediates.noindex/swift-crypto.build/Debug-iphonesimulator/CCryptoBoringSSL.build/Objects-normal/arm64/7187679823f38a2a940e0043cdf9d637-common-args.resp
    
    builtin-ScanDependencies -o /Users/j/Documents/GitHub/MoneroOne/build/Build/Intermediates.noindex/swift-crypto.build/Debug-iphonesimulator/CCryptoBoringSSL.build/Objects-normal/arm64/thread_win.o.scan -- /Applications/Xcode.app/Contents/Developer/Toolchains/XcodeDefault.xctoolchain/usr/bin/clang -x c -ivfsstatcache /Users/j/Documents/GitHub/MoneroOne/build/SDKStatCaches.noindex/iphonesimulator26.1-23B77-90cf18a4295e390e64c810bc6bd7acbc.sdkstatcache -fmessage-length\=0 -fdiagnostics-show-note-include-stack -fmacro-backtrace-limit\=0 -fno-color-diagnostics -fmodules-prune-interval\=86400 -fmodules-prune-after\=345600 -fbuild-session-file\=/Users/j/Documents/GitHub/MoneroOne/build/ModuleCache.noindex/Session.modulevalidation -fmodules-validate-once-per-build-session -Wnon-modular-include-in-framework-module -Werror\=non-modular-include-in-framework-module -Wno-trigraphs -Wno-missing-field-initializers -Wno-missing-prototypes -Wno-return-type -Wno-missing-braces -Wparentheses -Wswitch -Wno-unused-function -Wno-unused-label -Wno-unused-parameter -Wno-unused-variable -Wunused-value -Wno-empty-body -Wno-uninitialized -Wno-unknown-pragmas -w -Wno-shadow -Wno-four-char-constants -Wno-conversion -Wno-constant-conversion -Wno-int-conversion -Wno-bool-conversion -Wno-enum-conversion -Wno-float-conversion -Wno-non-literal-null-conversion -Wno-objc-literal-conversion -Wshorten-64-to-32 -Wpointer-sign -Wno-newline-eof -Wno-implicit-fallthrough -fstrict-aliasing -Wdeprecated-declarations -Wno-sign-conversion -Wno-infinite-recursion -Wno-comma -Wno-block-capture-autoreleasing -Wno-strict-prototypes -Wno-semicolon-before-method-body -index-store-path /Users/j/Documents/GitHub/MoneroOne/build/Index.noindex/DataStore @/Users/j/Documents/GitHub/MoneroOne/build/Build/Intermediates.noindex/swift-crypto.build/Debug-iphonesimulator/CCryptoBoringSSL.build/Objects-normal/arm64/7187679823f38a2a940e0043cdf9d637-common-args.resp -MMD -MT dependencies -MF /Users/j/Documents/GitHub/MoneroOne/build/Build/Intermediates.noindex/swift-crypto.build/Debug-iphonesimulator/CCryptoBoringSSL.build/Objects-normal/arm64/thread_win.d --serialize-diagnostics /Users/j/Documents/GitHub/MoneroOne/build/Build/Intermediates.noindex/swift-crypto.build/Debug-iphonesimulator/CCryptoBoringSSL.build/Objects-normal/arm64/thread_win.dia -c /Users/j/Documents/GitHub/MoneroOne/build/SourcePackages/checkouts/swift-crypto/Sources/CCryptoBoringSSL/crypto/thread_win.c -o /Users/j/Documents/GitHub/MoneroOne/build/Build/Intermediates.noindex/swift-crypto.build/Debug-iphonesimulator/CCryptoBoringSSL.build/Objects-normal/arm64/thread_win.o -index-unit-output-path /swift-crypto.build/Debug-iphonesimulator/CCryptoBoringSSL.build/Objects-normal/arm64/thread_win.o

ScanDependencies /Users/j/Documents/GitHub/MoneroOne/build/Build/Intermediates.noindex/swift-crypto.build/Debug-iphonesimulator/CCryptoBoringSSL.build/Objects-normal/arm64/thread_pthread.o /Users/j/Documents/GitHub/MoneroOne/build/SourcePackages/checkouts/swift-crypto/Sources/CCryptoBoringSSL/crypto/thread_pthread.c normal arm64 c com.apple.compilers.llvm.clang.1_0.compiler (in target 'CCryptoBoringSSL' from project 'swift-crypto')
    cd /Users/j/Documents/GitHub/MoneroOne/MoneroOne.xcodeproj
    
    Using response file: /Users/j/Documents/GitHub/MoneroOne/build/Build/Intermediates.noindex/swift-crypto.build/Debug-iphonesimulator/CCryptoBoringSSL.build/Objects-normal/arm64/7187679823f38a2a940e0043cdf9d637-common-args.resp
    
    builtin-ScanDependencies -o /Users/j/Documents/GitHub/MoneroOne/build/Build/Intermediates.noindex/swift-crypto.build/Debug-iphonesimulator/CCryptoBoringSSL.build/Objects-normal/arm64/thread_pthread.o.scan -- /Applications/Xcode.app/Contents/Developer/Toolchains/XcodeDefault.xctoolchain/usr/bin/clang -x c -ivfsstatcache /Users/j/Documents/GitHub/MoneroOne/build/SDKStatCaches.noindex/iphonesimulator26.1-23B77-90cf18a4295e390e64c810bc6bd7acbc.sdkstatcache -fmessage-length\=0 -fdiagnostics-show-note-include-stack -fmacro-backtrace-limit\=0 -fno-color-diagnostics -fmodules-prune-interval\=86400 -fmodules-prune-after\=345600 -fbuild-session-file\=/Users/j/Documents/GitHub/MoneroOne/build/ModuleCache.noindex/Session.modulevalidation -fmodules-validate-once-per-build-session -Wnon-modular-include-in-framework-module -Werror\=non-modular-include-in-framework-module -Wno-trigraphs -Wno-missing-field-initializers -Wno-missing-prototypes -Wno-return-type -Wno-missing-braces -Wparentheses -Wswitch -Wno-unused-function -Wno-unused-label -Wno-unused-parameter -Wno-unused-variable -Wunused-value -Wno-empty-body -Wno-uninitialized -Wno-unknown-pragmas -w -Wno-shadow -Wno-four-char-constants -Wno-conversion -Wno-constant-conversion -Wno-int-conversion -Wno-bool-conversion -Wno-enum-conversion -Wno-float-conversion -Wno-non-literal-null-conversion -Wno-objc-literal-conversion -Wshorten-64-to-32 -Wpointer-sign -Wno-newline-eof -Wno-implicit-fallthrough -fstrict-aliasing -Wdeprecated-declarations -Wno-sign-conversion -Wno-infinite-recursion -Wno-comma -Wno-block-capture-autoreleasing -Wno-strict-prototypes -Wno-semicolon-before-method-body -index-store-path /Users/j/Documents/GitHub/MoneroOne/build/Index.noindex/DataStore @/Users/j/Documents/GitHub/MoneroOne/build/Build/Intermediates.noindex/swift-crypto.build/Debug-iphonesimulator/CCryptoBoringSSL.build/Objects-normal/arm64/7187679823f38a2a940e0043cdf9d637-common-args.resp -MMD -MT dependencies -MF /Users/j/Documents/GitHub/MoneroOne/build/Build/Intermediates.noindex/swift-crypto.build/Debug-iphonesimulator/CCryptoBoringSSL.build/Objects-normal/arm64/thread_pthread.d --serialize-diagnostics /Users/j/Documents/GitHub/MoneroOne/build/Build/Intermediates.noindex/swift-crypto.build/Debug-iphonesimulator/CCryptoBoringSSL.build/Objects-normal/arm64/thread_pthread.dia -c /Users/j/Documents/GitHub/MoneroOne/build/SourcePackages/checkouts/swift-crypto/Sources/CCryptoBoringSSL/crypto/thread_pthread.c -o /Users/j/Documents/GitHub/MoneroOne/build/Build/Intermediates.noindex/swift-crypto.build/Debug-iphonesimulator/CCryptoBoringSSL.build/Objects-normal/arm64/thread_pthread.o -index-unit-output-path /swift-crypto.build/Debug-iphonesimulator/CCryptoBoringSSL.build/Objects-normal/arm64/thread_pthread.o

CompileC /Users/j/Documents/GitHub/MoneroOne/build/Build/Intermediates.noindex/swift-crypto.build/Debug-iphonesimulator/CCryptoBoringSSL.build/Objects-normal/arm64/unicode.o /Users/j/Documents/GitHub/MoneroOne/build/SourcePackages/checkouts/swift-crypto/Sources/CCryptoBoringSSL/crypto/bytestring/unicode.c normal arm64 c com.apple.compilers.llvm.clang.1_0.compiler (in target 'CCryptoBoringSSL' from project 'swift-crypto')
    cd /Users/j/Documents/GitHub/MoneroOne/MoneroOne.xcodeproj
    
    Using response file: /Users/j/Documents/GitHub/MoneroOne/build/Build/Intermediates.noindex/swift-crypto.build/Debug-iphonesimulator/CCryptoBoringSSL.build/Objects-normal/arm64/7187679823f38a2a940e0043cdf9d637-common-args.resp
    
    /Applications/Xcode.app/Contents/Developer/Toolchains/XcodeDefault.xctoolchain/usr/bin/clang -x c -ivfsstatcache /Users/j/Documents/GitHub/MoneroOne/build/SDKStatCaches.noindex/iphonesimulator26.1-23B77-90cf18a4295e390e64c810bc6bd7acbc.sdkstatcache -fmessage-length\=0 -fdiagnostics-show-note-include-stack -fmacro-backtrace-limit\=0 -fno-color-diagnostics -fmodules-prune-interval\=86400 -fmodules-prune-after\=345600 -fbuild-session-file\=/Users/j/Documents/GitHub/MoneroOne/build/ModuleCache.noindex/Session.modulevalidation -fmodules-validate-once-per-build-session -Wnon-modular-include-in-framework-module -Werror\=non-modular-include-in-framework-module -Wno-trigraphs -Wno-missing-field-initializers -Wno-missing-prototypes -Wno-return-type -Wno-missing-braces -Wparentheses -Wswitch -Wno-unused-function -Wno-unused-label -Wno-unused-parameter -Wno-unused-variable -Wunused-value -Wno-empty-body -Wno-uninitialized -Wno-unknown-pragmas -w -Wno-shadow -Wno-four-char-constants -Wno-conversion -Wno-constant-conversion -Wno-int-conversion -Wno-bool-conversion -Wno-enum-conversion -Wno-float-conversion -Wno-non-literal-null-conversion -Wno-objc-literal-conversion -Wshorten-64-to-32 -Wpointer-sign -Wno-newline-eof -Wno-implicit-fallthrough -fstrict-aliasing -Wdeprecated-declarations -Wno-sign-conversion -Wno-infinite-recursion -Wno-comma -Wno-block-capture-autoreleasing -Wno-strict-prototypes -Wno-semicolon-before-method-body -index-store-path /Users/j/Documents/GitHub/MoneroOne/build/Index.noindex/DataStore @/Users/j/Documents/GitHub/MoneroOne/build/Build/Intermediates.noindex/swift-crypto.build/Debug-iphonesimulator/CCryptoBoringSSL.build/Objects-normal/arm64/7187679823f38a2a940e0043cdf9d637-common-args.resp -MMD -MT dependencies -MF /Users/j/Documents/GitHub/MoneroOne/build/Build/Intermediates.noindex/swift-crypto.build/Debug-iphonesimulator/CCryptoBoringSSL.build/Objects-normal/arm64/unicode.d --serialize-diagnostics /Users/j/Documents/GitHub/MoneroOne/build/Build/Intermediates.noindex/swift-crypto.build/Debug-iphonesimulator/CCryptoBoringSSL.build/Objects-normal/arm64/unicode.dia -c /Users/j/Documents/GitHub/MoneroOne/build/SourcePackages/checkouts/swift-crypto/Sources/CCryptoBoringSSL/crypto/bytestring/unicode.c -o /Users/j/Documents/GitHub/MoneroOne/build/Build/Intermediates.noindex/swift-crypto.build/Debug-iphonesimulator/CCryptoBoringSSL.build/Objects-normal/arm64/unicode.o -index-unit-output-path /swift-crypto.build/Debug-iphonesimulator/CCryptoBoringSSL.build/Objects-normal/arm64/unicode.o

ScanDependencies /Users/j/Documents/GitHub/MoneroOne/build/Build/Intermediates.noindex/swift-crypto.build/Debug-iphonesimulator/CCryptoBoringSSL.build/Objects-normal/arm64/thread_none.o /Users/j/Documents/GitHub/MoneroOne/build/SourcePackages/checkouts/swift-crypto/Sources/CCryptoBoringSSL/crypto/thread_none.c normal arm64 c com.apple.compilers.llvm.clang.1_0.compiler (in target 'CCryptoBoringSSL' from project 'swift-crypto')
    cd /Users/j/Documents/GitHub/MoneroOne/MoneroOne.xcodeproj
    
    Using response file: /Users/j/Documents/GitHub/MoneroOne/build/Build/Intermediates.noindex/swift-crypto.build/Debug-iphonesimulator/CCryptoBoringSSL.build/Objects-normal/arm64/7187679823f38a2a940e0043cdf9d637-common-args.resp
    
    builtin-ScanDependencies -o /Users/j/Documents/GitHub/MoneroOne/build/Build/Intermediates.noindex/swift-crypto.build/Debug-iphonesimulator/CCryptoBoringSSL.build/Objects-normal/arm64/thread_none.o.scan -- /Applications/Xcode.app/Contents/Developer/Toolchains/XcodeDefault.xctoolchain/usr/bin/clang -x c -ivfsstatcache /Users/j/Documents/GitHub/MoneroOne/build/SDKStatCaches.noindex/iphonesimulator26.1-23B77-90cf18a4295e390e64c810bc6bd7acbc.sdkstatcache -fmessage-length\=0 -fdiagnostics-show-note-include-stack -fmacro-backtrace-limit\=0 -fno-color-diagnostics -fmodules-prune-interval\=86400 -fmodules-prune-after\=345600 -fbuild-session-file\=/Users/j/Documents/GitHub/MoneroOne/build/ModuleCache.noindex/Session.modulevalidation -fmodules-validate-once-per-build-session -Wnon-modular-include-in-framework-module -Werror\=non-modular-include-in-framework-module -Wno-trigraphs -Wno-missing-field-initializers -Wno-missing-prototypes -Wno-return-type -Wno-missing-braces -Wparentheses -Wswitch -Wno-unused-function -Wno-unused-label -Wno-unused-parameter -Wno-unused-variable -Wunused-value -Wno-empty-body -Wno-uninitialized -Wno-unknown-pragmas -w -Wno-shadow -Wno-four-char-constants -Wno-conversion -Wno-constant-conversion -Wno-int-conversion -Wno-bool-conversion -Wno-enum-conversion -Wno-float-conversion -Wno-non-literal-null-conversion -Wno-objc-literal-conversion -Wshorten-64-to-32 -Wpointer-sign -Wno-newline-eof -Wno-implicit-fallthrough -fstrict-aliasing -Wdeprecated-declarations -Wno-sign-conversion -Wno-infinite-recursion -Wno-comma -Wno-block-capture-autoreleasing -Wno-strict-prototypes -Wno-semicolon-before-method-body -index-store-path /Users/j/Documents/GitHub/MoneroOne/build/Index.noindex/DataStore @/Users/j/Documents/GitHub/MoneroOne/build/Build/Intermediates.noindex/swift-crypto.build/Debug-iphonesimulator/CCryptoBoringSSL.build/Objects-normal/arm64/7187679823f38a2a940e0043cdf9d637-common-args.resp -MMD -MT dependencies -MF /Users/j/Documents/GitHub/MoneroOne/build/Build/Intermediates.noindex/swift-crypto.build/Debug-iphonesimulator/CCryptoBoringSSL.build/Objects-normal/arm64/thread_none.d --serialize-diagnostics /Users/j/Documents/GitHub/MoneroOne/build/Build/Intermediates.noindex/swift-crypto.build/Debug-iphonesimulator/CCryptoBoringSSL.build/Objects-normal/arm64/thread_none.dia -c /Users/j/Documents/GitHub/MoneroOne/build/SourcePackages/checkouts/swift-crypto/Sources/CCryptoBoringSSL/crypto/thread_none.c -o /Users/j/Documents/GitHub/MoneroOne/build/Build/Intermediates.noindex/swift-crypto.build/Debug-iphonesimulator/CCryptoBoringSSL.build/Objects-normal/arm64/thread_none.o -index-unit-output-path /swift-crypto.build/Debug-iphonesimulator/CCryptoBoringSSL.build/Objects-normal/arm64/thread_none.o

ScanDependencies /Users/j/Documents/GitHub/MoneroOne/build/Build/Intermediates.noindex/swift-crypto.build/Debug-iphonesimulator/CCryptoBoringSSL.build/Objects-normal/arm64/thread.o /Users/j/Documents/GitHub/MoneroOne/build/SourcePackages/checkouts/swift-crypto/Sources/CCryptoBoringSSL/crypto/thread.c normal arm64 c com.apple.compilers.llvm.clang.1_0.compiler (in target 'CCryptoBoringSSL' from project 'swift-crypto')
    cd /Users/j/Documents/GitHub/MoneroOne/MoneroOne.xcodeproj
    
    Using response file: /Users/j/Documents/GitHub/MoneroOne/build/Build/Intermediates.noindex/swift-crypto.build/Debug-iphonesimulator/CCryptoBoringSSL.build/Objects-normal/arm64/7187679823f38a2a940e0043cdf9d637-common-args.resp
    
    builtin-ScanDependencies -o /Users/j/Documents/GitHub/MoneroOne/build/Build/Intermediates.noindex/swift-crypto.build/Debug-iphonesimulator/CCryptoBoringSSL.build/Objects-normal/arm64/thread.o.scan -- /Applications/Xcode.app/Contents/Developer/Toolchains/XcodeDefault.xctoolchain/usr/bin/clang -x c -ivfsstatcache /Users/j/Documents/GitHub/MoneroOne/build/SDKStatCaches.noindex/iphonesimulator26.1-23B77-90cf18a4295e390e64c810bc6bd7acbc.sdkstatcache -fmessage-length\=0 -fdiagnostics-show-note-include-stack -fmacro-backtrace-limit\=0 -fno-color-diagnostics -fmodules-prune-interval\=86400 -fmodules-prune-after\=345600 -fbuild-session-file\=/Users/j/Documents/GitHub/MoneroOne/build/ModuleCache.noindex/Session.modulevalidation -fmodules-validate-once-per-build-session -Wnon-modular-include-in-framework-module -Werror\=non-modular-include-in-framework-module -Wno-trigraphs -Wno-missing-field-initializers -Wno-missing-prototypes -Wno-return-type -Wno-missing-braces -Wparentheses -Wswitch -Wno-unused-function -Wno-unused-label -Wno-unused-parameter -Wno-unused-variable -Wunused-value -Wno-empty-body -Wno-uninitialized -Wno-unknown-pragmas -w -Wno-shadow -Wno-four-char-constants -Wno-conversion -Wno-constant-conversion -Wno-int-conversion -Wno-bool-conversion -Wno-enum-conversion -Wno-float-conversion -Wno-non-literal-null-conversion -Wno-objc-literal-conversion -Wshorten-64-to-32 -Wpointer-sign -Wno-newline-eof -Wno-implicit-fallthrough -fstrict-aliasing -Wdeprecated-declarations -Wno-sign-conversion -Wno-infinite-recursion -Wno-comma -Wno-block-capture-autoreleasing -Wno-strict-prototypes -Wno-semicolon-before-method-body -index-store-path /Users/j/Documents/GitHub/MoneroOne/build/Index.noindex/DataStore @/Users/j/Documents/GitHub/MoneroOne/build/Build/Intermediates.noindex/swift-crypto.build/Debug-iphonesimulator/CCryptoBoringSSL.build/Objects-normal/arm64/7187679823f38a2a940e0043cdf9d637-common-args.resp -MMD -MT dependencies -MF /Users/j/Documents/GitHub/MoneroOne/build/Build/Intermediates.noindex/swift-crypto.build/Debug-iphonesimulator/CCryptoBoringSSL.build/Objects-normal/arm64/thread.d --serialize-diagnostics /Users/j/Documents/GitHub/MoneroOne/build/Build/Intermediates.noindex/swift-crypto.build/Debug-iphonesimulator/CCryptoBoringSSL.build/Objects-normal/arm64/thread.dia -c /Users/j/Documents/GitHub/MoneroOne/build/SourcePackages/checkouts/swift-crypto/Sources/CCryptoBoringSSL/crypto/thread.c -o /Users/j/Documents/GitHub/MoneroOne/build/Build/Intermediates.noindex/swift-crypto.build/Debug-iphonesimulator/CCryptoBoringSSL.build/Objects-normal/arm64/thread.o -index-unit-output-path /swift-crypto.build/Debug-iphonesimulator/CCryptoBoringSSL.build/Objects-normal/arm64/thread.o

ScanDependencies /Users/j/Documents/GitHub/MoneroOne/build/Build/Intermediates.noindex/swift-crypto.build/Debug-iphonesimulator/CCryptoBoringSSL.build/Objects-normal/arm64/tasn_utl.o /Users/j/Documents/GitHub/MoneroOne/build/SourcePackages/checkouts/swift-crypto/Sources/CCryptoBoringSSL/crypto/asn1/tasn_utl.c normal arm64 c com.apple.compilers.llvm.clang.1_0.compiler (in target 'CCryptoBoringSSL' from project 'swift-crypto')
    cd /Users/j/Documents/GitHub/MoneroOne/MoneroOne.xcodeproj
    
    Using response file: /Users/j/Documents/GitHub/MoneroOne/build/Build/Intermediates.noindex/swift-crypto.build/Debug-iphonesimulator/CCryptoBoringSSL.build/Objects-normal/arm64/7187679823f38a2a940e0043cdf9d637-common-args.resp
    
    builtin-ScanDependencies -o /Users/j/Documents/GitHub/MoneroOne/build/Build/Intermediates.noindex/swift-crypto.build/Debug-iphonesimulator/CCryptoBoringSSL.build/Objects-normal/arm64/tasn_utl.o.scan -- /Applications/Xcode.app/Contents/Developer/Toolchains/XcodeDefault.xctoolchain/usr/bin/clang -x c -ivfsstatcache /Users/j/Documents/GitHub/MoneroOne/build/SDKStatCaches.noindex/iphonesimulator26.1-23B77-90cf18a4295e390e64c810bc6bd7acbc.sdkstatcache -fmessage-length\=0 -fdiagnostics-show-note-include-stack -fmacro-backtrace-limit\=0 -fno-color-diagnostics -fmodules-prune-interval\=86400 -fmodules-prune-after\=345600 -fbuild-session-file\=/Users/j/Documents/GitHub/MoneroOne/build/ModuleCache.noindex/Session.modulevalidation -fmodules-validate-once-per-build-session -Wnon-modular-include-in-framework-module -Werror\=non-modular-include-in-framework-module -Wno-trigraphs -Wno-missing-field-initializers -Wno-missing-prototypes -Wno-return-type -Wno-missing-braces -Wparentheses -Wswitch -Wno-unused-function -Wno-unused-label -Wno-unused-parameter -Wno-unused-variable -Wunused-value -Wno-empty-body -Wno-uninitialized -Wno-unknown-pragmas -w -Wno-shadow -Wno-four-char-constants -Wno-conversion -Wno-constant-conversion -Wno-int-conversion -Wno-bool-conversion -Wno-enum-conversion -Wno-float-conversion -Wno-non-literal-null-conversion -Wno-objc-literal-conversion -Wshorten-64-to-32 -Wpointer-sign -Wno-newline-eof -Wno-implicit-fallthrough -fstrict-aliasing -Wdeprecated-declarations -Wno-sign-conversion -Wno-infinite-recursion -Wno-comma -Wno-block-capture-autoreleasing -Wno-strict-prototypes -Wno-semicolon-before-method-body -index-store-path /Users/j/Documents/GitHub/MoneroOne/build/Index.noindex/DataStore @/Users/j/Documents/GitHub/MoneroOne/build/Build/Intermediates.noindex/swift-crypto.build/Debug-iphonesimulator/CCryptoBoringSSL.build/Objects-normal/arm64/7187679823f38a2a940e0043cdf9d637-common-args.resp -MMD -MT dependencies -MF /Users/j/Documents/GitHub/MoneroOne/build/Build/Intermediates.noindex/swift-crypto.build/Debug-iphonesimulator/CCryptoBoringSSL.build/Objects-normal/arm64/tasn_utl.d --serialize-diagnostics /Users/j/Documents/GitHub/MoneroOne/build/Build/Intermediates.noindex/swift-crypto.build/Debug-iphonesimulator/CCryptoBoringSSL.build/Objects-normal/arm64/tasn_utl.dia -c /Users/j/Documents/GitHub/MoneroOne/build/SourcePackages/checkouts/swift-crypto/Sources/CCryptoBoringSSL/crypto/asn1/tasn_utl.c -o /Users/j/Documents/GitHub/MoneroOne/build/Build/Intermediates.noindex/swift-crypto.build/Debug-iphonesimulator/CCryptoBoringSSL.build/Objects-normal/arm64/tasn_utl.o -index-unit-output-path /swift-crypto.build/Debug-iphonesimulator/CCryptoBoringSSL.build/Objects-normal/arm64/tasn_utl.o

CompileC /Users/j/Documents/GitHub/MoneroOne/build/Build/Intermediates.noindex/swift-crypto.build/Debug-iphonesimulator/CCryptoBoringSSL.build/Objects-normal/arm64/tls_cbc.o /Users/j/Documents/GitHub/MoneroOne/build/SourcePackages/checkouts/swift-crypto/Sources/CCryptoBoringSSL/crypto/cipher_extra/tls_cbc.c normal arm64 c com.apple.compilers.llvm.clang.1_0.compiler (in target 'CCryptoBoringSSL' from project 'swift-crypto')
    cd /Users/j/Documents/GitHub/MoneroOne/MoneroOne.xcodeproj
    
    Using response file: /Users/j/Documents/GitHub/MoneroOne/build/Build/Intermediates.noindex/swift-crypto.build/Debug-iphonesimulator/CCryptoBoringSSL.build/Objects-normal/arm64/7187679823f38a2a940e0043cdf9d637-common-args.resp
    
    /Applications/Xcode.app/Contents/Developer/Toolchains/XcodeDefault.xctoolchain/usr/bin/clang -x c -ivfsstatcache /Users/j/Documents/GitHub/MoneroOne/build/SDKStatCaches.noindex/iphonesimulator26.1-23B77-90cf18a4295e390e64c810bc6bd7acbc.sdkstatcache -fmessage-length\=0 -fdiagnostics-show-note-include-stack -fmacro-backtrace-limit\=0 -fno-color-diagnostics -fmodules-prune-interval\=86400 -fmodules-prune-after\=345600 -fbuild-session-file\=/Users/j/Documents/GitHub/MoneroOne/build/ModuleCache.noindex/Session.modulevalidation -fmodules-validate-once-per-build-session -Wnon-modular-include-in-framework-module -Werror\=non-modular-include-in-framework-module -Wno-trigraphs -Wno-missing-field-initializers -Wno-missing-prototypes -Wno-return-type -Wno-missing-braces -Wparentheses -Wswitch -Wno-unused-function -Wno-unused-label -Wno-unused-parameter -Wno-unused-variable -Wunused-value -Wno-empty-body -Wno-uninitialized -Wno-unknown-pragmas -w -Wno-shadow -Wno-four-char-constants -Wno-conversion -Wno-constant-conversion -Wno-int-conversion -Wno-bool-conversion -Wno-enum-conversion -Wno-float-conversion -Wno-non-literal-null-conversion -Wno-objc-literal-conversion -Wshorten-64-to-32 -Wpointer-sign -Wno-newline-eof -Wno-implicit-fallthrough -fstrict-aliasing -Wdeprecated-declarations -Wno-sign-conversion -Wno-infinite-recursion -Wno-comma -Wno-block-capture-autoreleasing -Wno-strict-prototypes -Wno-semicolon-before-method-body -index-store-path /Users/j/Documents/GitHub/MoneroOne/build/Index.noindex/DataStore @/Users/j/Documents/GitHub/MoneroOne/build/Build/Intermediates.noindex/swift-crypto.build/Debug-iphonesimulator/CCryptoBoringSSL.build/Objects-normal/arm64/7187679823f38a2a940e0043cdf9d637-common-args.resp -MMD -MT dependencies -MF /Users/j/Documents/GitHub/MoneroOne/build/Build/Intermediates.noindex/swift-crypto.build/Debug-iphonesimulator/CCryptoBoringSSL.build/Objects-normal/arm64/tls_cbc.d --serialize-diagnostics /Users/j/Documents/GitHub/MoneroOne/build/Build/Intermediates.noindex/swift-crypto.build/Debug-iphonesimulator/CCryptoBoringSSL.build/Objects-normal/arm64/tls_cbc.dia -c /Users/j/Documents/GitHub/MoneroOne/build/SourcePackages/checkouts/swift-crypto/Sources/CCryptoBoringSSL/crypto/cipher_extra/tls_cbc.c -o /Users/j/Documents/GitHub/MoneroOne/build/Build/Intermediates.noindex/swift-crypto.build/Debug-iphonesimulator/CCryptoBoringSSL.build/Objects-normal/arm64/tls_cbc.o -index-unit-output-path /swift-crypto.build/Debug-iphonesimulator/CCryptoBoringSSL.build/Objects-normal/arm64/tls_cbc.o

CompileC /Users/j/Documents/GitHub/MoneroOne/build/Build/Intermediates.noindex/swift-crypto.build/Debug-iphonesimulator/CCryptoBoringSSL.build/Objects-normal/arm64/trust_token.o /Users/j/Documents/GitHub/MoneroOne/build/SourcePackages/checkouts/swift-crypto/Sources/CCryptoBoringSSL/crypto/trust_token/trust_token.c normal arm64 c com.apple.compilers.llvm.clang.1_0.compiler (in target 'CCryptoBoringSSL' from project 'swift-crypto')
    cd /Users/j/Documents/GitHub/MoneroOne/MoneroOne.xcodeproj
    
    Using response file: /Users/j/Documents/GitHub/MoneroOne/build/Build/Intermediates.noindex/swift-crypto.build/Debug-iphonesimulator/CCryptoBoringSSL.build/Objects-normal/arm64/7187679823f38a2a940e0043cdf9d637-common-args.resp
    
    /Applications/Xcode.app/Contents/Developer/Toolchains/XcodeDefault.xctoolchain/usr/bin/clang -x c -ivfsstatcache /Users/j/Documents/GitHub/MoneroOne/build/SDKStatCaches.noindex/iphonesimulator26.1-23B77-90cf18a4295e390e64c810bc6bd7acbc.sdkstatcache -fmessage-length\=0 -fdiagnostics-show-note-include-stack -fmacro-backtrace-limit\=0 -fno-color-diagnostics -fmodules-prune-interval\=86400 -fmodules-prune-after\=345600 -fbuild-session-file\=/Users/j/Documents/GitHub/MoneroOne/build/ModuleCache.noindex/Session.modulevalidation -fmodules-validate-once-per-build-session -Wnon-modular-include-in-framework-module -Werror\=non-modular-include-in-framework-module -Wno-trigraphs -Wno-missing-field-initializers -Wno-missing-prototypes -Wno-return-type -Wno-missing-braces -Wparentheses -Wswitch -Wno-unused-function -Wno-unused-label -Wno-unused-parameter -Wno-unused-variable -Wunused-value -Wno-empty-body -Wno-uninitialized -Wno-unknown-pragmas -w -Wno-shadow -Wno-four-char-constants -Wno-conversion -Wno-constant-conversion -Wno-int-conversion -Wno-bool-conversion -Wno-enum-conversion -Wno-float-conversion -Wno-non-literal-null-conversion -Wno-objc-literal-conversion -Wshorten-64-to-32 -Wpointer-sign -Wno-newline-eof -Wno-implicit-fallthrough -fstrict-aliasing -Wdeprecated-declarations -Wno-sign-conversion -Wno-infinite-recursion -Wno-comma -Wno-block-capture-autoreleasing -Wno-strict-prototypes -Wno-semicolon-before-method-body -index-store-path /Users/j/Documents/GitHub/MoneroOne/build/Index.noindex/DataStore @/Users/j/Documents/GitHub/MoneroOne/build/Build/Intermediates.noindex/swift-crypto.build/Debug-iphonesimulator/CCryptoBoringSSL.build/Objects-normal/arm64/7187679823f38a2a940e0043cdf9d637-common-args.resp -MMD -MT dependencies -MF /Users/j/Documents/GitHub/MoneroOne/build/Build/Intermediates.noindex/swift-crypto.build/Debug-iphonesimulator/CCryptoBoringSSL.build/Objects-normal/arm64/trust_token.d --serialize-diagnostics /Users/j/Documents/GitHub/MoneroOne/build/Build/Intermediates.noindex/swift-crypto.build/Debug-iphonesimulator/CCryptoBoringSSL.build/Objects-normal/arm64/trust_token.dia -c /Users/j/Documents/GitHub/MoneroOne/build/SourcePackages/checkouts/swift-crypto/Sources/CCryptoBoringSSL/crypto/trust_token/trust_token.c -o /Users/j/Documents/GitHub/MoneroOne/build/Build/Intermediates.noindex/swift-crypto.build/Debug-iphonesimulator/CCryptoBoringSSL.build/Objects-normal/arm64/trust_token.o -index-unit-output-path /swift-crypto.build/Debug-iphonesimulator/CCryptoBoringSSL.build/Objects-normal/arm64/trust_token.o

CompileC /Users/j/Documents/GitHub/MoneroOne/build/Build/Intermediates.noindex/swift-crypto.build/Debug-iphonesimulator/CCryptoBoringSSL.build/Objects-normal/arm64/thread_win.o /Users/j/Documents/GitHub/MoneroOne/build/SourcePackages/checkouts/swift-crypto/Sources/CCryptoBoringSSL/crypto/thread_win.c normal arm64 c com.apple.compilers.llvm.clang.1_0.compiler (in target 'CCryptoBoringSSL' from project 'swift-crypto')
    cd /Users/j/Documents/GitHub/MoneroOne/MoneroOne.xcodeproj
    
    Using response file: /Users/j/Documents/GitHub/MoneroOne/build/Build/Intermediates.noindex/swift-crypto.build/Debug-iphonesimulator/CCryptoBoringSSL.build/Objects-normal/arm64/7187679823f38a2a940e0043cdf9d637-common-args.resp
    
    /Applications/Xcode.app/Contents/Developer/Toolchains/XcodeDefault.xctoolchain/usr/bin/clang -x c -ivfsstatcache /Users/j/Documents/GitHub/MoneroOne/build/SDKStatCaches.noindex/iphonesimulator26.1-23B77-90cf18a4295e390e64c810bc6bd7acbc.sdkstatcache -fmessage-length\=0 -fdiagnostics-show-note-include-stack -fmacro-backtrace-limit\=0 -fno-color-diagnostics -fmodules-prune-interval\=86400 -fmodules-prune-after\=345600 -fbuild-session-file\=/Users/j/Documents/GitHub/MoneroOne/build/ModuleCache.noindex/Session.modulevalidation -fmodules-validate-once-per-build-session -Wnon-modular-include-in-framework-module -Werror\=non-modular-include-in-framework-module -Wno-trigraphs -Wno-missing-field-initializers -Wno-missing-prototypes -Wno-return-type -Wno-missing-braces -Wparentheses -Wswitch -Wno-unused-function -Wno-unused-label -Wno-unused-parameter -Wno-unused-variable -Wunused-value -Wno-empty-body -Wno-uninitialized -Wno-unknown-pragmas -w -Wno-shadow -Wno-four-char-constants -Wno-conversion -Wno-constant-conversion -Wno-int-conversion -Wno-bool-conversion -Wno-enum-conversion -Wno-float-conversion -Wno-non-literal-null-conversion -Wno-objc-literal-conversion -Wshorten-64-to-32 -Wpointer-sign -Wno-newline-eof -Wno-implicit-fallthrough -fstrict-aliasing -Wdeprecated-declarations -Wno-sign-conversion -Wno-infinite-recursion -Wno-comma -Wno-block-capture-autoreleasing -Wno-strict-prototypes -Wno-semicolon-before-method-body -index-store-path /Users/j/Documents/GitHub/MoneroOne/build/Index.noindex/DataStore @/Users/j/Documents/GitHub/MoneroOne/build/Build/Intermediates.noindex/swift-crypto.build/Debug-iphonesimulator/CCryptoBoringSSL.build/Objects-normal/arm64/7187679823f38a2a940e0043cdf9d637-common-args.resp -MMD -MT dependencies -MF /Users/j/Documents/GitHub/MoneroOne/build/Build/Intermediates.noindex/swift-crypto.build/Debug-iphonesimulator/CCryptoBoringSSL.build/Objects-normal/arm64/thread_win.d --serialize-diagnostics /Users/j/Documents/GitHub/MoneroOne/build/Build/Intermediates.noindex/swift-crypto.build/Debug-iphonesimulator/CCryptoBoringSSL.build/Objects-normal/arm64/thread_win.dia -c /Users/j/Documents/GitHub/MoneroOne/build/SourcePackages/checkouts/swift-crypto/Sources/CCryptoBoringSSL/crypto/thread_win.c -o /Users/j/Documents/GitHub/MoneroOne/build/Build/Intermediates.noindex/swift-crypto.build/Debug-iphonesimulator/CCryptoBoringSSL.build/Objects-normal/arm64/thread_win.o -index-unit-output-path /swift-crypto.build/Debug-iphonesimulator/CCryptoBoringSSL.build/Objects-normal/arm64/thread_win.o

CompileC /Users/j/Documents/GitHub/MoneroOne/build/Build/Intermediates.noindex/swift-crypto.build/Debug-iphonesimulator/CCryptoBoringSSL.build/Objects-normal/arm64/thread_pthread.o /Users/j/Documents/GitHub/MoneroOne/build/SourcePackages/checkouts/swift-crypto/Sources/CCryptoBoringSSL/crypto/thread_pthread.c normal arm64 c com.apple.compilers.llvm.clang.1_0.compiler (in target 'CCryptoBoringSSL' from project 'swift-crypto')
    cd /Users/j/Documents/GitHub/MoneroOne/MoneroOne.xcodeproj
    
    Using response file: /Users/j/Documents/GitHub/MoneroOne/build/Build/Intermediates.noindex/swift-crypto.build/Debug-iphonesimulator/CCryptoBoringSSL.build/Objects-normal/arm64/7187679823f38a2a940e0043cdf9d637-common-args.resp
    
    /Applications/Xcode.app/Contents/Developer/Toolchains/XcodeDefault.xctoolchain/usr/bin/clang -x c -ivfsstatcache /Users/j/Documents/GitHub/MoneroOne/build/SDKStatCaches.noindex/iphonesimulator26.1-23B77-90cf18a4295e390e64c810bc6bd7acbc.sdkstatcache -fmessage-length\=0 -fdiagnostics-show-note-include-stack -fmacro-backtrace-limit\=0 -fno-color-diagnostics -fmodules-prune-interval\=86400 -fmodules-prune-after\=345600 -fbuild-session-file\=/Users/j/Documents/GitHub/MoneroOne/build/ModuleCache.noindex/Session.modulevalidation -fmodules-validate-once-per-build-session -Wnon-modular-include-in-framework-module -Werror\=non-modular-include-in-framework-module -Wno-trigraphs -Wno-missing-field-initializers -Wno-missing-prototypes -Wno-return-type -Wno-missing-braces -Wparentheses -Wswitch -Wno-unused-function -Wno-unused-label -Wno-unused-parameter -Wno-unused-variable -Wunused-value -Wno-empty-body -Wno-uninitialized -Wno-unknown-pragmas -w -Wno-shadow -Wno-four-char-constants -Wno-conversion -Wno-constant-conversion -Wno-int-conversion -Wno-bool-conversion -Wno-enum-conversion -Wno-float-conversion -Wno-non-literal-null-conversion -Wno-objc-literal-conversion -Wshorten-64-to-32 -Wpointer-sign -Wno-newline-eof -Wno-implicit-fallthrough -fstrict-aliasing -Wdeprecated-declarations -Wno-sign-conversion -Wno-infinite-recursion -Wno-comma -Wno-block-capture-autoreleasing -Wno-strict-prototypes -Wno-semicolon-before-method-body -index-store-path /Users/j/Documents/GitHub/MoneroOne/build/Index.noindex/DataStore @/Users/j/Documents/GitHub/MoneroOne/build/Build/Intermediates.noindex/swift-crypto.build/Debug-iphonesimulator/CCryptoBoringSSL.build/Objects-normal/arm64/7187679823f38a2a940e0043cdf9d637-common-args.resp -MMD -MT dependencies -MF /Users/j/Documents/GitHub/MoneroOne/build/Build/Intermediates.noindex/swift-crypto.build/Debug-iphonesimulator/CCryptoBoringSSL.build/Objects-normal/arm64/thread_pthread.d --serialize-diagnostics /Users/j/Documents/GitHub/MoneroOne/build/Build/Intermediates.noindex/swift-crypto.build/Debug-iphonesimulator/CCryptoBoringSSL.build/Objects-normal/arm64/thread_pthread.dia -c /Users/j/Documents/GitHub/MoneroOne/build/SourcePackages/checkouts/swift-crypto/Sources/CCryptoBoringSSL/crypto/thread_pthread.c -o /Users/j/Documents/GitHub/MoneroOne/build/Build/Intermediates.noindex/swift-crypto.build/Debug-iphonesimulator/CCryptoBoringSSL.build/Objects-normal/arm64/thread_pthread.o -index-unit-output-path /swift-crypto.build/Debug-iphonesimulator/CCryptoBoringSSL.build/Objects-normal/arm64/thread_pthread.o

CompileC /Users/j/Documents/GitHub/MoneroOne/build/Build/Intermediates.noindex/swift-crypto.build/Debug-iphonesimulator/CCryptoBoringSSL.build/Objects-normal/arm64/thread_none.o /Users/j/Documents/GitHub/MoneroOne/build/SourcePackages/checkouts/swift-crypto/Sources/CCryptoBoringSSL/crypto/thread_none.c normal arm64 c com.apple.compilers.llvm.clang.1_0.compiler (in target 'CCryptoBoringSSL' from project 'swift-crypto')
    cd /Users/j/Documents/GitHub/MoneroOne/MoneroOne.xcodeproj
    
    Using response file: /Users/j/Documents/GitHub/MoneroOne/build/Build/Intermediates.noindex/swift-crypto.build/Debug-iphonesimulator/CCryptoBoringSSL.build/Objects-normal/arm64/7187679823f38a2a940e0043cdf9d637-common-args.resp
    
    /Applications/Xcode.app/Contents/Developer/Toolchains/XcodeDefault.xctoolchain/usr/bin/clang -x c -ivfsstatcache /Users/j/Documents/GitHub/MoneroOne/build/SDKStatCaches.noindex/iphonesimulator26.1-23B77-90cf18a4295e390e64c810bc6bd7acbc.sdkstatcache -fmessage-length\=0 -fdiagnostics-show-note-include-stack -fmacro-backtrace-limit\=0 -fno-color-diagnostics -fmodules-prune-interval\=86400 -fmodules-prune-after\=345600 -fbuild-session-file\=/Users/j/Documents/GitHub/MoneroOne/build/ModuleCache.noindex/Session.modulevalidation -fmodules-validate-once-per-build-session -Wnon-modular-include-in-framework-module -Werror\=non-modular-include-in-framework-module -Wno-trigraphs -Wno-missing-field-initializers -Wno-missing-prototypes -Wno-return-type -Wno-missing-braces -Wparentheses -Wswitch -Wno-unused-function -Wno-unused-label -Wno-unused-parameter -Wno-unused-variable -Wunused-value -Wno-empty-body -Wno-uninitialized -Wno-unknown-pragmas -w -Wno-shadow -Wno-four-char-constants -Wno-conversion -Wno-constant-conversion -Wno-int-conversion -Wno-bool-conversion -Wno-enum-conversion -Wno-float-conversion -Wno-non-literal-null-conversion -Wno-objc-literal-conversion -Wshorten-64-to-32 -Wpointer-sign -Wno-newline-eof -Wno-implicit-fallthrough -fstrict-aliasing -Wdeprecated-declarations -Wno-sign-conversion -Wno-infinite-recursion -Wno-comma -Wno-block-capture-autoreleasing -Wno-strict-prototypes -Wno-semicolon-before-method-body -index-store-path /Users/j/Documents/GitHub/MoneroOne/build/Index.noindex/DataStore @/Users/j/Documents/GitHub/MoneroOne/build/Build/Intermediates.noindex/swift-crypto.build/Debug-iphonesimulator/CCryptoBoringSSL.build/Objects-normal/arm64/7187679823f38a2a940e0043cdf9d637-common-args.resp -MMD -MT dependencies -MF /Users/j/Documents/GitHub/MoneroOne/build/Build/Intermediates.noindex/swift-crypto.build/Debug-iphonesimulator/CCryptoBoringSSL.build/Objects-normal/arm64/thread_none.d --serialize-diagnostics /Users/j/Documents/GitHub/MoneroOne/build/Build/Intermediates.noindex/swift-crypto.build/Debug-iphonesimulator/CCryptoBoringSSL.build/Objects-normal/arm64/thread_none.dia -c /Users/j/Documents/GitHub/MoneroOne/build/SourcePackages/checkouts/swift-crypto/Sources/CCryptoBoringSSL/crypto/thread_none.c -o /Users/j/Documents/GitHub/MoneroOne/build/Build/Intermediates.noindex/swift-crypto.build/Debug-iphonesimulator/CCryptoBoringSSL.build/Objects-normal/arm64/thread_none.o -index-unit-output-path /swift-crypto.build/Debug-iphonesimulator/CCryptoBoringSSL.build/Objects-normal/arm64/thread_none.o

CompileC /Users/j/Documents/GitHub/MoneroOne/build/Build/Intermediates.noindex/swift-crypto.build/Debug-iphonesimulator/CCryptoBoringSSL.build/Objects-normal/arm64/thread.o /Users/j/Documents/GitHub/MoneroOne/build/SourcePackages/checkouts/swift-crypto/Sources/CCryptoBoringSSL/crypto/thread.c normal arm64 c com.apple.compilers.llvm.clang.1_0.compiler (in target 'CCryptoBoringSSL' from project 'swift-crypto')
    cd /Users/j/Documents/GitHub/MoneroOne/MoneroOne.xcodeproj
    
    Using response file: /Users/j/Documents/GitHub/MoneroOne/build/Build/Intermediates.noindex/swift-crypto.build/Debug-iphonesimulator/CCryptoBoringSSL.build/Objects-normal/arm64/7187679823f38a2a940e0043cdf9d637-common-args.resp
    
    /Applications/Xcode.app/Contents/Developer/Toolchains/XcodeDefault.xctoolchain/usr/bin/clang -x c -ivfsstatcache /Users/j/Documents/GitHub/MoneroOne/build/SDKStatCaches.noindex/iphonesimulator26.1-23B77-90cf18a4295e390e64c810bc6bd7acbc.sdkstatcache -fmessage-length\=0 -fdiagnostics-show-note-include-stack -fmacro-backtrace-limit\=0 -fno-color-diagnostics -fmodules-prune-interval\=86400 -fmodules-prune-after\=345600 -fbuild-session-file\=/Users/j/Documents/GitHub/MoneroOne/build/ModuleCache.noindex/Session.modulevalidation -fmodules-validate-once-per-build-session -Wnon-modular-include-in-framework-module -Werror\=non-modular-include-in-framework-module -Wno-trigraphs -Wno-missing-field-initializers -Wno-missing-prototypes -Wno-return-type -Wno-missing-braces -Wparentheses -Wswitch -Wno-unused-function -Wno-unused-label -Wno-unused-parameter -Wno-unused-variable -Wunused-value -Wno-empty-body -Wno-uninitialized -Wno-unknown-pragmas -w -Wno-shadow -Wno-four-char-constants -Wno-conversion -Wno-constant-conversion -Wno-int-conversion -Wno-bool-conversion -Wno-enum-conversion -Wno-float-conversion -Wno-non-literal-null-conversion -Wno-objc-literal-conversion -Wshorten-64-to-32 -Wpointer-sign -Wno-newline-eof -Wno-implicit-fallthrough -fstrict-aliasing -Wdeprecated-declarations -Wno-sign-conversion -Wno-infinite-recursion -Wno-comma -Wno-block-capture-autoreleasing -Wno-strict-prototypes -Wno-semicolon-before-method-body -index-store-path /Users/j/Documents/GitHub/MoneroOne/build/Index.noindex/DataStore @/Users/j/Documents/GitHub/MoneroOne/build/Build/Intermediates.noindex/swift-crypto.build/Debug-iphonesimulator/CCryptoBoringSSL.build/Objects-normal/arm64/7187679823f38a2a940e0043cdf9d637-common-args.resp -MMD -MT dependencies -MF /Users/j/Documents/GitHub/MoneroOne/build/Build/Intermediates.noindex/swift-crypto.build/Debug-iphonesimulator/CCryptoBoringSSL.build/Objects-normal/arm64/thread.d --serialize-diagnostics /Users/j/Documents/GitHub/MoneroOne/build/Build/Intermediates.noindex/swift-crypto.build/Debug-iphonesimulator/CCryptoBoringSSL.build/Objects-normal/arm64/thread.dia -c /Users/j/Documents/GitHub/MoneroOne/build/SourcePackages/checkouts/swift-crypto/Sources/CCryptoBoringSSL/crypto/thread.c -o /Users/j/Documents/GitHub/MoneroOne/build/Build/Intermediates.noindex/swift-crypto.build/Debug-iphonesimulator/CCryptoBoringSSL.build/Objects-normal/arm64/thread.o -index-unit-output-path /swift-crypto.build/Debug-iphonesimulator/CCryptoBoringSSL.build/Objects-normal/arm64/thread.o

CompileC /Users/j/Documents/GitHub/MoneroOne/build/Build/Intermediates.noindex/swift-crypto.build/Debug-iphonesimulator/CCryptoBoringSSL.build/Objects-normal/arm64/tasn_utl.o /Users/j/Documents/GitHub/MoneroOne/build/SourcePackages/checkouts/swift-crypto/Sources/CCryptoBoringSSL/crypto/asn1/tasn_utl.c normal arm64 c com.apple.compilers.llvm.clang.1_0.compiler (in target 'CCryptoBoringSSL' from project 'swift-crypto')
    cd /Users/j/Documents/GitHub/MoneroOne/MoneroOne.xcodeproj
    
    Using response file: /Users/j/Documents/GitHub/MoneroOne/build/Build/Intermediates.noindex/swift-crypto.build/Debug-iphonesimulator/CCryptoBoringSSL.build/Objects-normal/arm64/7187679823f38a2a940e0043cdf9d637-common-args.resp
    
    /Applications/Xcode.app/Contents/Developer/Toolchains/XcodeDefault.xctoolchain/usr/bin/clang -x c -ivfsstatcache /Users/j/Documents/GitHub/MoneroOne/build/SDKStatCaches.noindex/iphonesimulator26.1-23B77-90cf18a4295e390e64c810bc6bd7acbc.sdkstatcache -fmessage-length\=0 -fdiagnostics-show-note-include-stack -fmacro-backtrace-limit\=0 -fno-color-diagnostics -fmodules-prune-interval\=86400 -fmodules-prune-after\=345600 -fbuild-session-file\=/Users/j/Documents/GitHub/MoneroOne/build/ModuleCache.noindex/Session.modulevalidation -fmodules-validate-once-per-build-session -Wnon-modular-include-in-framework-module -Werror\=non-modular-include-in-framework-module -Wno-trigraphs -Wno-missing-field-initializers -Wno-missing-prototypes -Wno-return-type -Wno-missing-braces -Wparentheses -Wswitch -Wno-unused-function -Wno-unused-label -Wno-unused-parameter -Wno-unused-variable -Wunused-value -Wno-empty-body -Wno-uninitialized -Wno-unknown-pragmas -w -Wno-shadow -Wno-four-char-constants -Wno-conversion -Wno-constant-conversion -Wno-int-conversion -Wno-bool-conversion -Wno-enum-conversion -Wno-float-conversion -Wno-non-literal-null-conversion -Wno-objc-literal-conversion -Wshorten-64-to-32 -Wpointer-sign -Wno-newline-eof -Wno-implicit-fallthrough -fstrict-aliasing -Wdeprecated-declarations -Wno-sign-conversion -Wno-infinite-recursion -Wno-comma -Wno-block-capture-autoreleasing -Wno-strict-prototypes -Wno-semicolon-before-method-body -index-store-path /Users/j/Documents/GitHub/MoneroOne/build/Index.noindex/DataStore @/Users/j/Documents/GitHub/MoneroOne/build/Build/Intermediates.noindex/swift-crypto.build/Debug-iphonesimulator/CCryptoBoringSSL.build/Objects-normal/arm64/7187679823f38a2a940e0043cdf9d637-common-args.resp -MMD -MT dependencies -MF /Users/j/Documents/GitHub/MoneroOne/build/Build/Intermediates.noindex/swift-crypto.build/Debug-iphonesimulator/CCryptoBoringSSL.build/Objects-normal/arm64/tasn_utl.d --serialize-diagnostics /Users/j/Documents/GitHub/MoneroOne/build/Build/Intermediates.noindex/swift-crypto.build/Debug-iphonesimulator/CCryptoBoringSSL.build/Objects-normal/arm64/tasn_utl.dia -c /Users/j/Documents/GitHub/MoneroOne/build/SourcePackages/checkouts/swift-crypto/Sources/CCryptoBoringSSL/crypto/asn1/tasn_utl.c -o /Users/j/Documents/GitHub/MoneroOne/build/Build/Intermediates.noindex/swift-crypto.build/Debug-iphonesimulator/CCryptoBoringSSL.build/Objects-normal/arm64/tasn_utl.o -index-unit-output-path /swift-crypto.build/Debug-iphonesimulator/CCryptoBoringSSL.build/Objects-normal/arm64/tasn_utl.o

ScanDependencies /Users/j/Documents/GitHub/MoneroOne/build/Build/Intermediates.noindex/swift-crypto.build/Debug-iphonesimulator/CCryptoBoringSSL.build/Objects-normal/arm64/tasn_typ.o /Users/j/Documents/GitHub/MoneroOne/build/SourcePackages/checkouts/swift-crypto/Sources/CCryptoBoringSSL/crypto/asn1/tasn_typ.c normal arm64 c com.apple.compilers.llvm.clang.1_0.compiler (in target 'CCryptoBoringSSL' from project 'swift-crypto')
    cd /Users/j/Documents/GitHub/MoneroOne/MoneroOne.xcodeproj
    
    Using response file: /Users/j/Documents/GitHub/MoneroOne/build/Build/Intermediates.noindex/swift-crypto.build/Debug-iphonesimulator/CCryptoBoringSSL.build/Objects-normal/arm64/7187679823f38a2a940e0043cdf9d637-common-args.resp
    
    builtin-ScanDependencies -o /Users/j/Documents/GitHub/MoneroOne/build/Build/Intermediates.noindex/swift-crypto.build/Debug-iphonesimulator/CCryptoBoringSSL.build/Objects-normal/arm64/tasn_typ.o.scan -- /Applications/Xcode.app/Contents/Developer/Toolchains/XcodeDefault.xctoolchain/usr/bin/clang -x c -ivfsstatcache /Users/j/Documents/GitHub/MoneroOne/build/SDKStatCaches.noindex/iphonesimulator26.1-23B77-90cf18a4295e390e64c810bc6bd7acbc.sdkstatcache -fmessage-length\=0 -fdiagnostics-show-note-include-stack -fmacro-backtrace-limit\=0 -fno-color-diagnostics -fmodules-prune-interval\=86400 -fmodules-prune-after\=345600 -fbuild-session-file\=/Users/j/Documents/GitHub/MoneroOne/build/ModuleCache.noindex/Session.modulevalidation -fmodules-validate-once-per-build-session -Wnon-modular-include-in-framework-module -Werror\=non-modular-include-in-framework-module -Wno-trigraphs -Wno-missing-field-initializers -Wno-missing-prototypes -Wno-return-type -Wno-missing-braces -Wparentheses -Wswitch -Wno-unused-function -Wno-unused-label -Wno-unused-parameter -Wno-unused-variable -Wunused-value -Wno-empty-body -Wno-uninitialized -Wno-unknown-pragmas -w -Wno-shadow -Wno-four-char-constants -Wno-conversion -Wno-constant-conversion -Wno-int-conversion -Wno-bool-conversion -Wno-enum-conversion -Wno-float-conversion -Wno-non-literal-null-conversion -Wno-objc-literal-conversion -Wshorten-64-to-32 -Wpointer-sign -Wno-newline-eof -Wno-implicit-fallthrough -fstrict-aliasing -Wdeprecated-declarations -Wno-sign-conversion -Wno-infinite-recursion -Wno-comma -Wno-block-capture-autoreleasing -Wno-strict-prototypes -Wno-semicolon-before-method-body -index-store-path /Users/j/Documents/GitHub/MoneroOne/build/Index.noindex/DataStore @/Users/j/Documents/GitHub/MoneroOne/build/Build/Intermediates.noindex/swift-crypto.build/Debug-iphonesimulator/CCryptoBoringSSL.build/Objects-normal/arm64/7187679823f38a2a940e0043cdf9d637-common-args.resp -MMD -MT dependencies -MF /Users/j/Documents/GitHub/MoneroOne/build/Build/Intermediates.noindex/swift-crypto.build/Debug-iphonesimulator/CCryptoBoringSSL.build/Objects-normal/arm64/tasn_typ.d --serialize-diagnostics /Users/j/Documents/GitHub/MoneroOne/build/Build/Intermediates.noindex/swift-crypto.build/Debug-iphonesimulator/CCryptoBoringSSL.build/Objects-normal/arm64/tasn_typ.dia -c /Users/j/Documents/GitHub/MoneroOne/build/SourcePackages/checkouts/swift-crypto/Sources/CCryptoBoringSSL/crypto/asn1/tasn_typ.c -o /Users/j/Documents/GitHub/MoneroOne/build/Build/Intermediates.noindex/swift-crypto.build/Debug-iphonesimulator/CCryptoBoringSSL.build/Objects-normal/arm64/tasn_typ.o -index-unit-output-path /swift-crypto.build/Debug-iphonesimulator/CCryptoBoringSSL.build/Objects-normal/arm64/tasn_typ.o

ScanDependencies /Users/j/Documents/GitHub/MoneroOne/build/Build/Intermediates.noindex/swift-crypto.build/Debug-iphonesimulator/CCryptoBoringSSL.build/Objects-normal/arm64/tasn_new.o /Users/j/Documents/GitHub/MoneroOne/build/SourcePackages/checkouts/swift-crypto/Sources/CCryptoBoringSSL/crypto/asn1/tasn_new.c normal arm64 c com.apple.compilers.llvm.clang.1_0.compiler (in target 'CCryptoBoringSSL' from project 'swift-crypto')
    cd /Users/j/Documents/GitHub/MoneroOne/MoneroOne.xcodeproj
    
    Using response file: /Users/j/Documents/GitHub/MoneroOne/build/Build/Intermediates.noindex/swift-crypto.build/Debug-iphonesimulator/CCryptoBoringSSL.build/Objects-normal/arm64/7187679823f38a2a940e0043cdf9d637-common-args.resp
    
    builtin-ScanDependencies -o /Users/j/Documents/GitHub/MoneroOne/build/Build/Intermediates.noindex/swift-crypto.build/Debug-iphonesimulator/CCryptoBoringSSL.build/Objects-normal/arm64/tasn_new.o.scan -- /Applications/Xcode.app/Contents/Developer/Toolchains/XcodeDefault.xctoolchain/usr/bin/clang -x c -ivfsstatcache /Users/j/Documents/GitHub/MoneroOne/build/SDKStatCaches.noindex/iphonesimulator26.1-23B77-90cf18a4295e390e64c810bc6bd7acbc.sdkstatcache -fmessage-length\=0 -fdiagnostics-show-note-include-stack -fmacro-backtrace-limit\=0 -fno-color-diagnostics -fmodules-prune-interval\=86400 -fmodules-prune-after\=345600 -fbuild-session-file\=/Users/j/Documents/GitHub/MoneroOne/build/ModuleCache.noindex/Session.modulevalidation -fmodules-validate-once-per-build-session -Wnon-modular-include-in-framework-module -Werror\=non-modular-include-in-framework-module -Wno-trigraphs -Wno-missing-field-initializers -Wno-missing-prototypes -Wno-return-type -Wno-missing-braces -Wparentheses -Wswitch -Wno-unused-function -Wno-unused-label -Wno-unused-parameter -Wno-unused-variable -Wunused-value -Wno-empty-body -Wno-uninitialized -Wno-unknown-pragmas -w -Wno-shadow -Wno-four-char-constants -Wno-conversion -Wno-constant-conversion -Wno-int-conversion -Wno-bool-conversion -Wno-enum-conversion -Wno-float-conversion -Wno-non-literal-null-conversion -Wno-objc-literal-conversion -Wshorten-64-to-32 -Wpointer-sign -Wno-newline-eof -Wno-implicit-fallthrough -fstrict-aliasing -Wdeprecated-declarations -Wno-sign-conversion -Wno-infinite-recursion -Wno-comma -Wno-block-capture-autoreleasing -Wno-strict-prototypes -Wno-semicolon-before-method-body -index-store-path /Users/j/Documents/GitHub/MoneroOne/build/Index.noindex/DataStore @/Users/j/Documents/GitHub/MoneroOne/build/Build/Intermediates.noindex/swift-crypto.build/Debug-iphonesimulator/CCryptoBoringSSL.build/Objects-normal/arm64/7187679823f38a2a940e0043cdf9d637-common-args.resp -MMD -MT dependencies -MF /Users/j/Documents/GitHub/MoneroOne/build/Build/Intermediates.noindex/swift-crypto.build/Debug-iphonesimulator/CCryptoBoringSSL.build/Objects-normal/arm64/tasn_new.d --serialize-diagnostics /Users/j/Documents/GitHub/MoneroOne/build/Build/Intermediates.noindex/swift-crypto.build/Debug-iphonesimulator/CCryptoBoringSSL.build/Objects-normal/arm64/tasn_new.dia -c /Users/j/Documents/GitHub/MoneroOne/build/SourcePackages/checkouts/swift-crypto/Sources/CCryptoBoringSSL/crypto/asn1/tasn_new.c -o /Users/j/Documents/GitHub/MoneroOne/build/Build/Intermediates.noindex/swift-crypto.build/Debug-iphonesimulator/CCryptoBoringSSL.build/Objects-normal/arm64/tasn_new.o -index-unit-output-path /swift-crypto.build/Debug-iphonesimulator/CCryptoBoringSSL.build/Objects-normal/arm64/tasn_new.o

CompileC /Users/j/Documents/GitHub/MoneroOne/build/Build/Intermediates.noindex/swift-crypto.build/Debug-iphonesimulator/CCryptoBoringSSL.build/Objects-normal/arm64/tasn_typ.o /Users/j/Documents/GitHub/MoneroOne/build/SourcePackages/checkouts/swift-crypto/Sources/CCryptoBoringSSL/crypto/asn1/tasn_typ.c normal arm64 c com.apple.compilers.llvm.clang.1_0.compiler (in target 'CCryptoBoringSSL' from project 'swift-crypto')
    cd /Users/j/Documents/GitHub/MoneroOne/MoneroOne.xcodeproj
    
    Using response file: /Users/j/Documents/GitHub/MoneroOne/build/Build/Intermediates.noindex/swift-crypto.build/Debug-iphonesimulator/CCryptoBoringSSL.build/Objects-normal/arm64/7187679823f38a2a940e0043cdf9d637-common-args.resp
    
    /Applications/Xcode.app/Contents/Developer/Toolchains/XcodeDefault.xctoolchain/usr/bin/clang -x c -ivfsstatcache /Users/j/Documents/GitHub/MoneroOne/build/SDKStatCaches.noindex/iphonesimulator26.1-23B77-90cf18a4295e390e64c810bc6bd7acbc.sdkstatcache -fmessage-length\=0 -fdiagnostics-show-note-include-stack -fmacro-backtrace-limit\=0 -fno-color-diagnostics -fmodules-prune-interval\=86400 -fmodules-prune-after\=345600 -fbuild-session-file\=/Users/j/Documents/GitHub/MoneroOne/build/ModuleCache.noindex/Session.modulevalidation -fmodules-validate-once-per-build-session -Wnon-modular-include-in-framework-module -Werror\=non-modular-include-in-framework-module -Wno-trigraphs -Wno-missing-field-initializers -Wno-missing-prototypes -Wno-return-type -Wno-missing-braces -Wparentheses -Wswitch -Wno-unused-function -Wno-unused-label -Wno-unused-parameter -Wno-unused-variable -Wunused-value -Wno-empty-body -Wno-uninitialized -Wno-unknown-pragmas -w -Wno-shadow -Wno-four-char-constants -Wno-conversion -Wno-constant-conversion -Wno-int-conversion -Wno-bool-conversion -Wno-enum-conversion -Wno-float-conversion -Wno-non-literal-null-conversion -Wno-objc-literal-conversion -Wshorten-64-to-32 -Wpointer-sign -Wno-newline-eof -Wno-implicit-fallthrough -fstrict-aliasing -Wdeprecated-declarations -Wno-sign-conversion -Wno-infinite-recursion -Wno-comma -Wno-block-capture-autoreleasing -Wno-strict-prototypes -Wno-semicolon-before-method-body -index-store-path /Users/j/Documents/GitHub/MoneroOne/build/Index.noindex/DataStore @/Users/j/Documents/GitHub/MoneroOne/build/Build/Intermediates.noindex/swift-crypto.build/Debug-iphonesimulator/CCryptoBoringSSL.build/Objects-normal/arm64/7187679823f38a2a940e0043cdf9d637-common-args.resp -MMD -MT dependencies -MF /Users/j/Documents/GitHub/MoneroOne/build/Build/Intermediates.noindex/swift-crypto.build/Debug-iphonesimulator/CCryptoBoringSSL.build/Objects-normal/arm64/tasn_typ.d --serialize-diagnostics /Users/j/Documents/GitHub/MoneroOne/build/Build/Intermediates.noindex/swift-crypto.build/Debug-iphonesimulator/CCryptoBoringSSL.build/Objects-normal/arm64/tasn_typ.dia -c /Users/j/Documents/GitHub/MoneroOne/build/SourcePackages/checkouts/swift-crypto/Sources/CCryptoBoringSSL/crypto/asn1/tasn_typ.c -o /Users/j/Documents/GitHub/MoneroOne/build/Build/Intermediates.noindex/swift-crypto.build/Debug-iphonesimulator/CCryptoBoringSSL.build/Objects-normal/arm64/tasn_typ.o -index-unit-output-path /swift-crypto.build/Debug-iphonesimulator/CCryptoBoringSSL.build/Objects-normal/arm64/tasn_typ.o

ScanDependencies /Users/j/Documents/GitHub/MoneroOne/build/Build/Intermediates.noindex/swift-crypto.build/Debug-iphonesimulator/CCryptoBoringSSL.build/Objects-normal/arm64/tasn_fre.o /Users/j/Documents/GitHub/MoneroOne/build/SourcePackages/checkouts/swift-crypto/Sources/CCryptoBoringSSL/crypto/asn1/tasn_fre.c normal arm64 c com.apple.compilers.llvm.clang.1_0.compiler (in target 'CCryptoBoringSSL' from project 'swift-crypto')
    cd /Users/j/Documents/GitHub/MoneroOne/MoneroOne.xcodeproj
    
    Using response file: /Users/j/Documents/GitHub/MoneroOne/build/Build/Intermediates.noindex/swift-crypto.build/Debug-iphonesimulator/CCryptoBoringSSL.build/Objects-normal/arm64/7187679823f38a2a940e0043cdf9d637-common-args.resp
    
    builtin-ScanDependencies -o /Users/j/Documents/GitHub/MoneroOne/build/Build/Intermediates.noindex/swift-crypto.build/Debug-iphonesimulator/CCryptoBoringSSL.build/Objects-normal/arm64/tasn_fre.o.scan -- /Applications/Xcode.app/Contents/Developer/Toolchains/XcodeDefault.xctoolchain/usr/bin/clang -x c -ivfsstatcache /Users/j/Documents/GitHub/MoneroOne/build/SDKStatCaches.noindex/iphonesimulator26.1-23B77-90cf18a4295e390e64c810bc6bd7acbc.sdkstatcache -fmessage-length\=0 -fdiagnostics-show-note-include-stack -fmacro-backtrace-limit\=0 -fno-color-diagnostics -fmodules-prune-interval\=86400 -fmodules-prune-after\=345600 -fbuild-session-file\=/Users/j/Documents/GitHub/MoneroOne/build/ModuleCache.noindex/Session.modulevalidation -fmodules-validate-once-per-build-session -Wnon-modular-include-in-framework-module -Werror\=non-modular-include-in-framework-module -Wno-trigraphs -Wno-missing-field-initializers -Wno-missing-prototypes -Wno-return-type -Wno-missing-braces -Wparentheses -Wswitch -Wno-unused-function -Wno-unused-label -Wno-unused-parameter -Wno-unused-variable -Wunused-value -Wno-empty-body -Wno-uninitialized -Wno-unknown-pragmas -w -Wno-shadow -Wno-four-char-constants -Wno-conversion -Wno-constant-conversion -Wno-int-conversion -Wno-bool-conversion -Wno-enum-conversion -Wno-float-conversion -Wno-non-literal-null-conversion -Wno-objc-literal-conversion -Wshorten-64-to-32 -Wpointer-sign -Wno-newline-eof -Wno-implicit-fallthrough -fstrict-aliasing -Wdeprecated-declarations -Wno-sign-conversion -Wno-infinite-recursion -Wno-comma -Wno-block-capture-autoreleasing -Wno-strict-prototypes -Wno-semicolon-before-method-body -index-store-path /Users/j/Documents/GitHub/MoneroOne/build/Index.noindex/DataStore @/Users/j/Documents/GitHub/MoneroOne/build/Build/Intermediates.noindex/swift-crypto.build/Debug-iphonesimulator/CCryptoBoringSSL.build/Objects-normal/arm64/7187679823f38a2a940e0043cdf9d637-common-args.resp -MMD -MT dependencies -MF /Users/j/Documents/GitHub/MoneroOne/build/Build/Intermediates.noindex/swift-crypto.build/Debug-iphonesimulator/CCryptoBoringSSL.build/Objects-normal/arm64/tasn_fre.d --serialize-diagnostics /Users/j/Documents/GitHub/MoneroOne/build/Build/Intermediates.noindex/swift-crypto.build/Debug-iphonesimulator/CCryptoBoringSSL.build/Objects-normal/arm64/tasn_fre.dia -c /Users/j/Documents/GitHub/MoneroOne/build/SourcePackages/checkouts/swift-crypto/Sources/CCryptoBoringSSL/crypto/asn1/tasn_fre.c -o /Users/j/Documents/GitHub/MoneroOne/build/Build/Intermediates.noindex/swift-crypto.build/Debug-iphonesimulator/CCryptoBoringSSL.build/Objects-normal/arm64/tasn_fre.o -index-unit-output-path /swift-crypto.build/Debug-iphonesimulator/CCryptoBoringSSL.build/Objects-normal/arm64/tasn_fre.o

ScanDependencies /Users/j/Documents/GitHub/MoneroOne/build/Build/Intermediates.noindex/swift-crypto.build/Debug-iphonesimulator/CCryptoBoringSSL.build/Objects-normal/arm64/tasn_enc.o /Users/j/Documents/GitHub/MoneroOne/build/SourcePackages/checkouts/swift-crypto/Sources/CCryptoBoringSSL/crypto/asn1/tasn_enc.c normal arm64 c com.apple.compilers.llvm.clang.1_0.compiler (in target 'CCryptoBoringSSL' from project 'swift-crypto')
    cd /Users/j/Documents/GitHub/MoneroOne/MoneroOne.xcodeproj
    
    Using response file: /Users/j/Documents/GitHub/MoneroOne/build/Build/Intermediates.noindex/swift-crypto.build/Debug-iphonesimulator/CCryptoBoringSSL.build/Objects-normal/arm64/7187679823f38a2a940e0043cdf9d637-common-args.resp
    
    builtin-ScanDependencies -o /Users/j/Documents/GitHub/MoneroOne/build/Build/Intermediates.noindex/swift-crypto.build/Debug-iphonesimulator/CCryptoBoringSSL.build/Objects-normal/arm64/tasn_enc.o.scan -- /Applications/Xcode.app/Contents/Developer/Toolchains/XcodeDefault.xctoolchain/usr/bin/clang -x c -ivfsstatcache /Users/j/Documents/GitHub/MoneroOne/build/SDKStatCaches.noindex/iphonesimulator26.1-23B77-90cf18a4295e390e64c810bc6bd7acbc.sdkstatcache -fmessage-length\=0 -fdiagnostics-show-note-include-stack -fmacro-backtrace-limit\=0 -fno-color-diagnostics -fmodules-prune-interval\=86400 -fmodules-prune-after\=345600 -fbuild-session-file\=/Users/j/Documents/GitHub/MoneroOne/build/ModuleCache.noindex/Session.modulevalidation -fmodules-validate-once-per-build-session -Wnon-modular-include-in-framework-module -Werror\=non-modular-include-in-framework-module -Wno-trigraphs -Wno-missing-field-initializers -Wno-missing-prototypes -Wno-return-type -Wno-missing-braces -Wparentheses -Wswitch -Wno-unused-function -Wno-unused-label -Wno-unused-parameter -Wno-unused-variable -Wunused-value -Wno-empty-body -Wno-uninitialized -Wno-unknown-pragmas -w -Wno-shadow -Wno-four-char-constants -Wno-conversion -Wno-constant-conversion -Wno-int-conversion -Wno-bool-conversion -Wno-enum-conversion -Wno-float-conversion -Wno-non-literal-null-conversion -Wno-objc-literal-conversion -Wshorten-64-to-32 -Wpointer-sign -Wno-newline-eof -Wno-implicit-fallthrough -fstrict-aliasing -Wdeprecated-declarations -Wno-sign-conversion -Wno-infinite-recursion -Wno-comma -Wno-block-capture-autoreleasing -Wno-strict-prototypes -Wno-semicolon-before-method-body -index-store-path /Users/j/Documents/GitHub/MoneroOne/build/Index.noindex/DataStore @/Users/j/Documents/GitHub/MoneroOne/build/Build/Intermediates.noindex/swift-crypto.build/Debug-iphonesimulator/CCryptoBoringSSL.build/Objects-normal/arm64/7187679823f38a2a940e0043cdf9d637-common-args.resp -MMD -MT dependencies -MF /Users/j/Documents/GitHub/MoneroOne/build/Build/Intermediates.noindex/swift-crypto.build/Debug-iphonesimulator/CCryptoBoringSSL.build/Objects-normal/arm64/tasn_enc.d --serialize-diagnostics /Users/j/Documents/GitHub/MoneroOne/build/Build/Intermediates.noindex/swift-crypto.build/Debug-iphonesimulator/CCryptoBoringSSL.build/Objects-normal/arm64/tasn_enc.dia -c /Users/j/Documents/GitHub/MoneroOne/build/SourcePackages/checkouts/swift-crypto/Sources/CCryptoBoringSSL/crypto/asn1/tasn_enc.c -o /Users/j/Documents/GitHub/MoneroOne/build/Build/Intermediates.noindex/swift-crypto.build/Debug-iphonesimulator/CCryptoBoringSSL.build/Objects-normal/arm64/tasn_enc.o -index-unit-output-path /swift-crypto.build/Debug-iphonesimulator/CCryptoBoringSSL.build/Objects-normal/arm64/tasn_enc.o

ScanDependencies /Users/j/Documents/GitHub/MoneroOne/build/Build/Intermediates.noindex/swift-crypto.build/Debug-iphonesimulator/CCryptoBoringSSL.build/Objects-normal/arm64/tasn_dec.o /Users/j/Documents/GitHub/MoneroOne/build/SourcePackages/checkouts/swift-crypto/Sources/CCryptoBoringSSL/crypto/asn1/tasn_dec.c normal arm64 c com.apple.compilers.llvm.clang.1_0.compiler (in target 'CCryptoBoringSSL' from project 'swift-crypto')
    cd /Users/j/Documents/GitHub/MoneroOne/MoneroOne.xcodeproj
    
    Using response file: /Users/j/Documents/GitHub/MoneroOne/build/Build/Intermediates.noindex/swift-crypto.build/Debug-iphonesimulator/CCryptoBoringSSL.build/Objects-normal/arm64/7187679823f38a2a940e0043cdf9d637-common-args.resp
    
    builtin-ScanDependencies -o /Users/j/Documents/GitHub/MoneroOne/build/Build/Intermediates.noindex/swift-crypto.build/Debug-iphonesimulator/CCryptoBoringSSL.build/Objects-normal/arm64/tasn_dec.o.scan -- /Applications/Xcode.app/Contents/Developer/Toolchains/XcodeDefault.xctoolchain/usr/bin/clang -x c -ivfsstatcache /Users/j/Documents/GitHub/MoneroOne/build/SDKStatCaches.noindex/iphonesimulator26.1-23B77-90cf18a4295e390e64c810bc6bd7acbc.sdkstatcache -fmessage-length\=0 -fdiagnostics-show-note-include-stack -fmacro-backtrace-limit\=0 -fno-color-diagnostics -fmodules-prune-interval\=86400 -fmodules-prune-after\=345600 -fbuild-session-file\=/Users/j/Documents/GitHub/MoneroOne/build/ModuleCache.noindex/Session.modulevalidation -fmodules-validate-once-per-build-session -Wnon-modular-include-in-framework-module -Werror\=non-modular-include-in-framework-module -Wno-trigraphs -Wno-missing-field-initializers -Wno-missing-prototypes -Wno-return-type -Wno-missing-braces -Wparentheses -Wswitch -Wno-unused-function -Wno-unused-label -Wno-unused-parameter -Wno-unused-variable -Wunused-value -Wno-empty-body -Wno-uninitialized -Wno-unknown-pragmas -w -Wno-shadow -Wno-four-char-constants -Wno-conversion -Wno-constant-conversion -Wno-int-conversion -Wno-bool-conversion -Wno-enum-conversion -Wno-float-conversion -Wno-non-literal-null-conversion -Wno-objc-literal-conversion -Wshorten-64-to-32 -Wpointer-sign -Wno-newline-eof -Wno-implicit-fallthrough -fstrict-aliasing -Wdeprecated-declarations -Wno-sign-conversion -Wno-infinite-recursion -Wno-comma -Wno-block-capture-autoreleasing -Wno-strict-prototypes -Wno-semicolon-before-method-body -index-store-path /Users/j/Documents/GitHub/MoneroOne/build/Index.noindex/DataStore @/Users/j/Documents/GitHub/MoneroOne/build/Build/Intermediates.noindex/swift-crypto.build/Debug-iphonesimulator/CCryptoBoringSSL.build/Objects-normal/arm64/7187679823f38a2a940e0043cdf9d637-common-args.resp -MMD -MT dependencies -MF /Users/j/Documents/GitHub/MoneroOne/build/Build/Intermediates.noindex/swift-crypto.build/Debug-iphonesimulator/CCryptoBoringSSL.build/Objects-normal/arm64/tasn_dec.d --serialize-diagnostics /Users/j/Documents/GitHub/MoneroOne/build/Build/Intermediates.noindex/swift-crypto.build/Debug-iphonesimulator/CCryptoBoringSSL.build/Objects-normal/arm64/tasn_dec.dia -c /Users/j/Documents/GitHub/MoneroOne/build/SourcePackages/checkouts/swift-crypto/Sources/CCryptoBoringSSL/crypto/asn1/tasn_dec.c -o /Users/j/Documents/GitHub/MoneroOne/build/Build/Intermediates.noindex/swift-crypto.build/Debug-iphonesimulator/CCryptoBoringSSL.build/Objects-normal/arm64/tasn_dec.o -index-unit-output-path /swift-crypto.build/Debug-iphonesimulator/CCryptoBoringSSL.build/Objects-normal/arm64/tasn_dec.o

ScanDependencies /Users/j/Documents/GitHub/MoneroOne/build/Build/Intermediates.noindex/swift-crypto.build/Debug-iphonesimulator/CCryptoBoringSSL.build/Objects-normal/arm64/t_x509a.o /Users/j/Documents/GitHub/MoneroOne/build/SourcePackages/checkouts/swift-crypto/Sources/CCryptoBoringSSL/crypto/x509/t_x509a.c normal arm64 c com.apple.compilers.llvm.clang.1_0.compiler (in target 'CCryptoBoringSSL' from project 'swift-crypto')
    cd /Users/j/Documents/GitHub/MoneroOne/MoneroOne.xcodeproj
    
    Using response file: /Users/j/Documents/GitHub/MoneroOne/build/Build/Intermediates.noindex/swift-crypto.build/Debug-iphonesimulator/CCryptoBoringSSL.build/Objects-normal/arm64/7187679823f38a2a940e0043cdf9d637-common-args.resp
    
    builtin-ScanDependencies -o /Users/j/Documents/GitHub/MoneroOne/build/Build/Intermediates.noindex/swift-crypto.build/Debug-iphonesimulator/CCryptoBoringSSL.build/Objects-normal/arm64/t_x509a.o.scan -- /Applications/Xcode.app/Contents/Developer/Toolchains/XcodeDefault.xctoolchain/usr/bin/clang -x c -ivfsstatcache /Users/j/Documents/GitHub/MoneroOne/build/SDKStatCaches.noindex/iphonesimulator26.1-23B77-90cf18a4295e390e64c810bc6bd7acbc.sdkstatcache -fmessage-length\=0 -fdiagnostics-show-note-include-stack -fmacro-backtrace-limit\=0 -fno-color-diagnostics -fmodules-prune-interval\=86400 -fmodules-prune-after\=345600 -fbuild-session-file\=/Users/j/Documents/GitHub/MoneroOne/build/ModuleCache.noindex/Session.modulevalidation -fmodules-validate-once-per-build-session -Wnon-modular-include-in-framework-module -Werror\=non-modular-include-in-framework-module -Wno-trigraphs -Wno-missing-field-initializers -Wno-missing-prototypes -Wno-return-type -Wno-missing-braces -Wparentheses -Wswitch -Wno-unused-function -Wno-unused-label -Wno-unused-parameter -Wno-unused-variable -Wunused-value -Wno-empty-body -Wno-uninitialized -Wno-unknown-pragmas -w -Wno-shadow -Wno-four-char-constants -Wno-conversion -Wno-constant-conversion -Wno-int-conversion -Wno-bool-conversion -Wno-enum-conversion -Wno-float-conversion -Wno-non-literal-null-conversion -Wno-objc-literal-conversion -Wshorten-64-to-32 -Wpointer-sign -Wno-newline-eof -Wno-implicit-fallthrough -fstrict-aliasing -Wdeprecated-declarations -Wno-sign-conversion -Wno-infinite-recursion -Wno-comma -Wno-block-capture-autoreleasing -Wno-strict-prototypes -Wno-semicolon-before-method-body -index-store-path /Users/j/Documents/GitHub/MoneroOne/build/Index.noindex/DataStore @/Users/j/Documents/GitHub/MoneroOne/build/Build/Intermediates.noindex/swift-crypto.build/Debug-iphonesimulator/CCryptoBoringSSL.build/Objects-normal/arm64/7187679823f38a2a940e0043cdf9d637-common-args.resp -MMD -MT dependencies -MF /Users/j/Documents/GitHub/MoneroOne/build/Build/Intermediates.noindex/swift-crypto.build/Debug-iphonesimulator/CCryptoBoringSSL.build/Objects-normal/arm64/t_x509a.d --serialize-diagnostics /Users/j/Documents/GitHub/MoneroOne/build/Build/Intermediates.noindex/swift-crypto.build/Debug-iphonesimulator/CCryptoBoringSSL.build/Objects-normal/arm64/t_x509a.dia -c /Users/j/Documents/GitHub/MoneroOne/build/SourcePackages/checkouts/swift-crypto/Sources/CCryptoBoringSSL/crypto/x509/t_x509a.c -o /Users/j/Documents/GitHub/MoneroOne/build/Build/Intermediates.noindex/swift-crypto.build/Debug-iphonesimulator/CCryptoBoringSSL.build/Objects-normal/arm64/t_x509a.o -index-unit-output-path /swift-crypto.build/Debug-iphonesimulator/CCryptoBoringSSL.build/Objects-normal/arm64/t_x509a.o

ScanDependencies /Users/j/Documents/GitHub/MoneroOne/build/Build/Intermediates.noindex/swift-crypto.build/Debug-iphonesimulator/CCryptoBoringSSL.build/Objects-normal/arm64/t_x509.o /Users/j/Documents/GitHub/MoneroOne/build/SourcePackages/checkouts/swift-crypto/Sources/CCryptoBoringSSL/crypto/x509/t_x509.c normal arm64 c com.apple.compilers.llvm.clang.1_0.compiler (in target 'CCryptoBoringSSL' from project 'swift-crypto')
    cd /Users/j/Documents/GitHub/MoneroOne/MoneroOne.xcodeproj
    
    Using response file: /Users/j/Documents/GitHub/MoneroOne/build/Build/Intermediates.noindex/swift-crypto.build/Debug-iphonesimulator/CCryptoBoringSSL.build/Objects-normal/arm64/7187679823f38a2a940e0043cdf9d637-common-args.resp
    
    builtin-ScanDependencies -o /Users/j/Documents/GitHub/MoneroOne/build/Build/Intermediates.noindex/swift-crypto.build/Debug-iphonesimulator/CCryptoBoringSSL.build/Objects-normal/arm64/t_x509.o.scan -- /Applications/Xcode.app/Contents/Developer/Toolchains/XcodeDefault.xctoolchain/usr/bin/clang -x c -ivfsstatcache /Users/j/Documents/GitHub/MoneroOne/build/SDKStatCaches.noindex/iphonesimulator26.1-23B77-90cf18a4295e390e64c810bc6bd7acbc.sdkstatcache -fmessage-length\=0 -fdiagnostics-show-note-include-stack -fmacro-backtrace-limit\=0 -fno-color-diagnostics -fmodules-prune-interval\=86400 -fmodules-prune-after\=345600 -fbuild-session-file\=/Users/j/Documents/GitHub/MoneroOne/build/ModuleCache.noindex/Session.modulevalidation -fmodules-validate-once-per-build-session -Wnon-modular-include-in-framework-module -Werror\=non-modular-include-in-framework-module -Wno-trigraphs -Wno-missing-field-initializers -Wno-missing-prototypes -Wno-return-type -Wno-missing-braces -Wparentheses -Wswitch -Wno-unused-function -Wno-unused-label -Wno-unused-parameter -Wno-unused-variable -Wunused-value -Wno-empty-body -Wno-uninitialized -Wno-unknown-pragmas -w -Wno-shadow -Wno-four-char-constants -Wno-conversion -Wno-constant-conversion -Wno-int-conversion -Wno-bool-conversion -Wno-enum-conversion -Wno-float-conversion -Wno-non-literal-null-conversion -Wno-objc-literal-conversion -Wshorten-64-to-32 -Wpointer-sign -Wno-newline-eof -Wno-implicit-fallthrough -fstrict-aliasing -Wdeprecated-declarations -Wno-sign-conversion -Wno-infinite-recursion -Wno-comma -Wno-block-capture-autoreleasing -Wno-strict-prototypes -Wno-semicolon-before-method-body -index-store-path /Users/j/Documents/GitHub/MoneroOne/build/Index.noindex/DataStore @/Users/j/Documents/GitHub/MoneroOne/build/Build/Intermediates.noindex/swift-crypto.build/Debug-iphonesimulator/CCryptoBoringSSL.build/Objects-normal/arm64/7187679823f38a2a940e0043cdf9d637-common-args.resp -MMD -MT dependencies -MF /Users/j/Documents/GitHub/MoneroOne/build/Build/Intermediates.noindex/swift-crypto.build/Debug-iphonesimulator/CCryptoBoringSSL.build/Objects-normal/arm64/t_x509.d --serialize-diagnostics /Users/j/Documents/GitHub/MoneroOne/build/Build/Intermediates.noindex/swift-crypto.build/Debug-iphonesimulator/CCryptoBoringSSL.build/Objects-normal/arm64/t_x509.dia -c /Users/j/Documents/GitHub/MoneroOne/build/SourcePackages/checkouts/swift-crypto/Sources/CCryptoBoringSSL/crypto/x509/t_x509.c -o /Users/j/Documents/GitHub/MoneroOne/build/Build/Intermediates.noindex/swift-crypto.build/Debug-iphonesimulator/CCryptoBoringSSL.build/Objects-normal/arm64/t_x509.o -index-unit-output-path /swift-crypto.build/Debug-iphonesimulator/CCryptoBoringSSL.build/Objects-normal/arm64/t_x509.o

CompileC /Users/j/Documents/GitHub/MoneroOne/build/Build/Intermediates.noindex/swift-crypto.build/Debug-iphonesimulator/CCryptoBoringSSL.build/Objects-normal/arm64/tasn_new.o /Users/j/Documents/GitHub/MoneroOne/build/SourcePackages/checkouts/swift-crypto/Sources/CCryptoBoringSSL/crypto/asn1/tasn_new.c normal arm64 c com.apple.compilers.llvm.clang.1_0.compiler (in target 'CCryptoBoringSSL' from project 'swift-crypto')
    cd /Users/j/Documents/GitHub/MoneroOne/MoneroOne.xcodeproj
    
    Using response file: /Users/j/Documents/GitHub/MoneroOne/build/Build/Intermediates.noindex/swift-crypto.build/Debug-iphonesimulator/CCryptoBoringSSL.build/Objects-normal/arm64/7187679823f38a2a940e0043cdf9d637-common-args.resp
    
    /Applications/Xcode.app/Contents/Developer/Toolchains/XcodeDefault.xctoolchain/usr/bin/clang -x c -ivfsstatcache /Users/j/Documents/GitHub/MoneroOne/build/SDKStatCaches.noindex/iphonesimulator26.1-23B77-90cf18a4295e390e64c810bc6bd7acbc.sdkstatcache -fmessage-length\=0 -fdiagnostics-show-note-include-stack -fmacro-backtrace-limit\=0 -fno-color-diagnostics -fmodules-prune-interval\=86400 -fmodules-prune-after\=345600 -fbuild-session-file\=/Users/j/Documents/GitHub/MoneroOne/build/ModuleCache.noindex/Session.modulevalidation -fmodules-validate-once-per-build-session -Wnon-modular-include-in-framework-module -Werror\=non-modular-include-in-framework-module -Wno-trigraphs -Wno-missing-field-initializers -Wno-missing-prototypes -Wno-return-type -Wno-missing-braces -Wparentheses -Wswitch -Wno-unused-function -Wno-unused-label -Wno-unused-parameter -Wno-unused-variable -Wunused-value -Wno-empty-body -Wno-uninitialized -Wno-unknown-pragmas -w -Wno-shadow -Wno-four-char-constants -Wno-conversion -Wno-constant-conversion -Wno-int-conversion -Wno-bool-conversion -Wno-enum-conversion -Wno-float-conversion -Wno-non-literal-null-conversion -Wno-objc-literal-conversion -Wshorten-64-to-32 -Wpointer-sign -Wno-newline-eof -Wno-implicit-fallthrough -fstrict-aliasing -Wdeprecated-declarations -Wno-sign-conversion -Wno-infinite-recursion -Wno-comma -Wno-block-capture-autoreleasing -Wno-strict-prototypes -Wno-semicolon-before-method-body -index-store-path /Users/j/Documents/GitHub/MoneroOne/build/Index.noindex/DataStore @/Users/j/Documents/GitHub/MoneroOne/build/Build/Intermediates.noindex/swift-crypto.build/Debug-iphonesimulator/CCryptoBoringSSL.build/Objects-normal/arm64/7187679823f38a2a940e0043cdf9d637-common-args.resp -MMD -MT dependencies -MF /Users/j/Documents/GitHub/MoneroOne/build/Build/Intermediates.noindex/swift-crypto.build/Debug-iphonesimulator/CCryptoBoringSSL.build/Objects-normal/arm64/tasn_new.d --serialize-diagnostics /Users/j/Documents/GitHub/MoneroOne/build/Build/Intermediates.noindex/swift-crypto.build/Debug-iphonesimulator/CCryptoBoringSSL.build/Objects-normal/arm64/tasn_new.dia -c /Users/j/Documents/GitHub/MoneroOne/build/SourcePackages/checkouts/swift-crypto/Sources/CCryptoBoringSSL/crypto/asn1/tasn_new.c -o /Users/j/Documents/GitHub/MoneroOne/build/Build/Intermediates.noindex/swift-crypto.build/Debug-iphonesimulator/CCryptoBoringSSL.build/Objects-normal/arm64/tasn_new.o -index-unit-output-path /swift-crypto.build/Debug-iphonesimulator/CCryptoBoringSSL.build/Objects-normal/arm64/tasn_new.o

ScanDependencies /Users/j/Documents/GitHub/MoneroOne/build/Build/Intermediates.noindex/swift-crypto.build/Debug-iphonesimulator/CCryptoBoringSSL.build/Objects-normal/arm64/t_req.o /Users/j/Documents/GitHub/MoneroOne/build/SourcePackages/checkouts/swift-crypto/Sources/CCryptoBoringSSL/crypto/x509/t_req.c normal arm64 c com.apple.compilers.llvm.clang.1_0.compiler (in target 'CCryptoBoringSSL' from project 'swift-crypto')
    cd /Users/j/Documents/GitHub/MoneroOne/MoneroOne.xcodeproj
    
    Using response file: /Users/j/Documents/GitHub/MoneroOne/build/Build/Intermediates.noindex/swift-crypto.build/Debug-iphonesimulator/CCryptoBoringSSL.build/Objects-normal/arm64/7187679823f38a2a940e0043cdf9d637-common-args.resp
    
    builtin-ScanDependencies -o /Users/j/Documents/GitHub/MoneroOne/build/Build/Intermediates.noindex/swift-crypto.build/Debug-iphonesimulator/CCryptoBoringSSL.build/Objects-normal/arm64/t_req.o.scan -- /Applications/Xcode.app/Contents/Developer/Toolchains/XcodeDefault.xctoolchain/usr/bin/clang -x c -ivfsstatcache /Users/j/Documents/GitHub/MoneroOne/build/SDKStatCaches.noindex/iphonesimulator26.1-23B77-90cf18a4295e390e64c810bc6bd7acbc.sdkstatcache -fmessage-length\=0 -fdiagnostics-show-note-include-stack -fmacro-backtrace-limit\=0 -fno-color-diagnostics -fmodules-prune-interval\=86400 -fmodules-prune-after\=345600 -fbuild-session-file\=/Users/j/Documents/GitHub/MoneroOne/build/ModuleCache.noindex/Session.modulevalidation -fmodules-validate-once-per-build-session -Wnon-modular-include-in-framework-module -Werror\=non-modular-include-in-framework-module -Wno-trigraphs -Wno-missing-field-initializers -Wno-missing-prototypes -Wno-return-type -Wno-missing-braces -Wparentheses -Wswitch -Wno-unused-function -Wno-unused-label -Wno-unused-parameter -Wno-unused-variable -Wunused-value -Wno-empty-body -Wno-uninitialized -Wno-unknown-pragmas -w -Wno-shadow -Wno-four-char-constants -Wno-conversion -Wno-constant-conversion -Wno-int-conversion -Wno-bool-conversion -Wno-enum-conversion -Wno-float-conversion -Wno-non-literal-null-conversion -Wno-objc-literal-conversion -Wshorten-64-to-32 -Wpointer-sign -Wno-newline-eof -Wno-implicit-fallthrough -fstrict-aliasing -Wdeprecated-declarations -Wno-sign-conversion -Wno-infinite-recursion -Wno-comma -Wno-block-capture-autoreleasing -Wno-strict-prototypes -Wno-semicolon-before-method-body -index-store-path /Users/j/Documents/GitHub/MoneroOne/build/Index.noindex/DataStore @/Users/j/Documents/GitHub/MoneroOne/build/Build/Intermediates.noindex/swift-crypto.build/Debug-iphonesimulator/CCryptoBoringSSL.build/Objects-normal/arm64/7187679823f38a2a940e0043cdf9d637-common-args.resp -MMD -MT dependencies -MF /Users/j/Documents/GitHub/MoneroOne/build/Build/Intermediates.noindex/swift-crypto.build/Debug-iphonesimulator/CCryptoBoringSSL.build/Objects-normal/arm64/t_req.d --serialize-diagnostics /Users/j/Documents/GitHub/MoneroOne/build/Build/Intermediates.noindex/swift-crypto.build/Debug-iphonesimulator/CCryptoBoringSSL.build/Objects-normal/arm64/t_req.dia -c /Users/j/Documents/GitHub/MoneroOne/build/SourcePackages/checkouts/swift-crypto/Sources/CCryptoBoringSSL/crypto/x509/t_req.c -o /Users/j/Documents/GitHub/MoneroOne/build/Build/Intermediates.noindex/swift-crypto.build/Debug-iphonesimulator/CCryptoBoringSSL.build/Objects-normal/arm64/t_req.o -index-unit-output-path /swift-crypto.build/Debug-iphonesimulator/CCryptoBoringSSL.build/Objects-normal/arm64/t_req.o

CompileC /Users/j/Documents/GitHub/MoneroOne/build/Build/Intermediates.noindex/swift-crypto.build/Debug-iphonesimulator/CCryptoBoringSSL.build/Objects-normal/arm64/tasn_fre.o /Users/j/Documents/GitHub/MoneroOne/build/SourcePackages/checkouts/swift-crypto/Sources/CCryptoBoringSSL/crypto/asn1/tasn_fre.c normal arm64 c com.apple.compilers.llvm.clang.1_0.compiler (in target 'CCryptoBoringSSL' from project 'swift-crypto')
    cd /Users/j/Documents/GitHub/MoneroOne/MoneroOne.xcodeproj
    
    Using response file: /Users/j/Documents/GitHub/MoneroOne/build/Build/Intermediates.noindex/swift-crypto.build/Debug-iphonesimulator/CCryptoBoringSSL.build/Objects-normal/arm64/7187679823f38a2a940e0043cdf9d637-common-args.resp
    
    /Applications/Xcode.app/Contents/Developer/Toolchains/XcodeDefault.xctoolchain/usr/bin/clang -x c -ivfsstatcache /Users/j/Documents/GitHub/MoneroOne/build/SDKStatCaches.noindex/iphonesimulator26.1-23B77-90cf18a4295e390e64c810bc6bd7acbc.sdkstatcache -fmessage-length\=0 -fdiagnostics-show-note-include-stack -fmacro-backtrace-limit\=0 -fno-color-diagnostics -fmodules-prune-interval\=86400 -fmodules-prune-after\=345600 -fbuild-session-file\=/Users/j/Documents/GitHub/MoneroOne/build/ModuleCache.noindex/Session.modulevalidation -fmodules-validate-once-per-build-session -Wnon-modular-include-in-framework-module -Werror\=non-modular-include-in-framework-module -Wno-trigraphs -Wno-missing-field-initializers -Wno-missing-prototypes -Wno-return-type -Wno-missing-braces -Wparentheses -Wswitch -Wno-unused-function -Wno-unused-label -Wno-unused-parameter -Wno-unused-variable -Wunused-value -Wno-empty-body -Wno-uninitialized -Wno-unknown-pragmas -w -Wno-shadow -Wno-four-char-constants -Wno-conversion -Wno-constant-conversion -Wno-int-conversion -Wno-bool-conversion -Wno-enum-conversion -Wno-float-conversion -Wno-non-literal-null-conversion -Wno-objc-literal-conversion -Wshorten-64-to-32 -Wpointer-sign -Wno-newline-eof -Wno-implicit-fallthrough -fstrict-aliasing -Wdeprecated-declarations -Wno-sign-conversion -Wno-infinite-recursion -Wno-comma -Wno-block-capture-autoreleasing -Wno-strict-prototypes -Wno-semicolon-before-method-body -index-store-path /Users/j/Documents/GitHub/MoneroOne/build/Index.noindex/DataStore @/Users/j/Documents/GitHub/MoneroOne/build/Build/Intermediates.noindex/swift-crypto.build/Debug-iphonesimulator/CCryptoBoringSSL.build/Objects-normal/arm64/7187679823f38a2a940e0043cdf9d637-common-args.resp -MMD -MT dependencies -MF /Users/j/Documents/GitHub/MoneroOne/build/Build/Intermediates.noindex/swift-crypto.build/Debug-iphonesimulator/CCryptoBoringSSL.build/Objects-normal/arm64/tasn_fre.d --serialize-diagnostics /Users/j/Documents/GitHub/MoneroOne/build/Build/Intermediates.noindex/swift-crypto.build/Debug-iphonesimulator/CCryptoBoringSSL.build/Objects-normal/arm64/tasn_fre.dia -c /Users/j/Documents/GitHub/MoneroOne/build/SourcePackages/checkouts/swift-crypto/Sources/CCryptoBoringSSL/crypto/asn1/tasn_fre.c -o /Users/j/Documents/GitHub/MoneroOne/build/Build/Intermediates.noindex/swift-crypto.build/Debug-iphonesimulator/CCryptoBoringSSL.build/Objects-normal/arm64/tasn_fre.o -index-unit-output-path /swift-crypto.build/Debug-iphonesimulator/CCryptoBoringSSL.build/Objects-normal/arm64/tasn_fre.o

CompileC /Users/j/Documents/GitHub/MoneroOne/build/Build/Intermediates.noindex/swift-crypto.build/Debug-iphonesimulator/CCryptoBoringSSL.build/Objects-normal/arm64/tasn_enc.o /Users/j/Documents/GitHub/MoneroOne/build/SourcePackages/checkouts/swift-crypto/Sources/CCryptoBoringSSL/crypto/asn1/tasn_enc.c normal arm64 c com.apple.compilers.llvm.clang.1_0.compiler (in target 'CCryptoBoringSSL' from project 'swift-crypto')
    cd /Users/j/Documents/GitHub/MoneroOne/MoneroOne.xcodeproj
    
    Using response file: /Users/j/Documents/GitHub/MoneroOne/build/Build/Intermediates.noindex/swift-crypto.build/Debug-iphonesimulator/CCryptoBoringSSL.build/Objects-normal/arm64/7187679823f38a2a940e0043cdf9d637-common-args.resp
    
    /Applications/Xcode.app/Contents/Developer/Toolchains/XcodeDefault.xctoolchain/usr/bin/clang -x c -ivfsstatcache /Users/j/Documents/GitHub/MoneroOne/build/SDKStatCaches.noindex/iphonesimulator26.1-23B77-90cf18a4295e390e64c810bc6bd7acbc.sdkstatcache -fmessage-length\=0 -fdiagnostics-show-note-include-stack -fmacro-backtrace-limit\=0 -fno-color-diagnostics -fmodules-prune-interval\=86400 -fmodules-prune-after\=345600 -fbuild-session-file\=/Users/j/Documents/GitHub/MoneroOne/build/ModuleCache.noindex/Session.modulevalidation -fmodules-validate-once-per-build-session -Wnon-modular-include-in-framework-module -Werror\=non-modular-include-in-framework-module -Wno-trigraphs -Wno-missing-field-initializers -Wno-missing-prototypes -Wno-return-type -Wno-missing-braces -Wparentheses -Wswitch -Wno-unused-function -Wno-unused-label -Wno-unused-parameter -Wno-unused-variable -Wunused-value -Wno-empty-body -Wno-uninitialized -Wno-unknown-pragmas -w -Wno-shadow -Wno-four-char-constants -Wno-conversion -Wno-constant-conversion -Wno-int-conversion -Wno-bool-conversion -Wno-enum-conversion -Wno-float-conversion -Wno-non-literal-null-conversion -Wno-objc-literal-conversion -Wshorten-64-to-32 -Wpointer-sign -Wno-newline-eof -Wno-implicit-fallthrough -fstrict-aliasing -Wdeprecated-declarations -Wno-sign-conversion -Wno-infinite-recursion -Wno-comma -Wno-block-capture-autoreleasing -Wno-strict-prototypes -Wno-semicolon-before-method-body -index-store-path /Users/j/Documents/GitHub/MoneroOne/build/Index.noindex/DataStore @/Users/j/Documents/GitHub/MoneroOne/build/Build/Intermediates.noindex/swift-crypto.build/Debug-iphonesimulator/CCryptoBoringSSL.build/Objects-normal/arm64/7187679823f38a2a940e0043cdf9d637-common-args.resp -MMD -MT dependencies -MF /Users/j/Documents/GitHub/MoneroOne/build/Build/Intermediates.noindex/swift-crypto.build/Debug-iphonesimulator/CCryptoBoringSSL.build/Objects-normal/arm64/tasn_enc.d --serialize-diagnostics /Users/j/Documents/GitHub/MoneroOne/build/Build/Intermediates.noindex/swift-crypto.build/Debug-iphonesimulator/CCryptoBoringSSL.build/Objects-normal/arm64/tasn_enc.dia -c /Users/j/Documents/GitHub/MoneroOne/build/SourcePackages/checkouts/swift-crypto/Sources/CCryptoBoringSSL/crypto/asn1/tasn_enc.c -o /Users/j/Documents/GitHub/MoneroOne/build/Build/Intermediates.noindex/swift-crypto.build/Debug-iphonesimulator/CCryptoBoringSSL.build/Objects-normal/arm64/tasn_enc.o -index-unit-output-path /swift-crypto.build/Debug-iphonesimulator/CCryptoBoringSSL.build/Objects-normal/arm64/tasn_enc.o

CompileC /Users/j/Documents/GitHub/MoneroOne/build/Build/Intermediates.noindex/swift-crypto.build/Debug-iphonesimulator/CCryptoBoringSSL.build/Objects-normal/arm64/t_x509.o /Users/j/Documents/GitHub/MoneroOne/build/SourcePackages/checkouts/swift-crypto/Sources/CCryptoBoringSSL/crypto/x509/t_x509.c normal arm64 c com.apple.compilers.llvm.clang.1_0.compiler (in target 'CCryptoBoringSSL' from project 'swift-crypto')
    cd /Users/j/Documents/GitHub/MoneroOne/MoneroOne.xcodeproj
    
    Using response file: /Users/j/Documents/GitHub/MoneroOne/build/Build/Intermediates.noindex/swift-crypto.build/Debug-iphonesimulator/CCryptoBoringSSL.build/Objects-normal/arm64/7187679823f38a2a940e0043cdf9d637-common-args.resp
    
    /Applications/Xcode.app/Contents/Developer/Toolchains/XcodeDefault.xctoolchain/usr/bin/clang -x c -ivfsstatcache /Users/j/Documents/GitHub/MoneroOne/build/SDKStatCaches.noindex/iphonesimulator26.1-23B77-90cf18a4295e390e64c810bc6bd7acbc.sdkstatcache -fmessage-length\=0 -fdiagnostics-show-note-include-stack -fmacro-backtrace-limit\=0 -fno-color-diagnostics -fmodules-prune-interval\=86400 -fmodules-prune-after\=345600 -fbuild-session-file\=/Users/j/Documents/GitHub/MoneroOne/build/ModuleCache.noindex/Session.modulevalidation -fmodules-validate-once-per-build-session -Wnon-modular-include-in-framework-module -Werror\=non-modular-include-in-framework-module -Wno-trigraphs -Wno-missing-field-initializers -Wno-missing-prototypes -Wno-return-type -Wno-missing-braces -Wparentheses -Wswitch -Wno-unused-function -Wno-unused-label -Wno-unused-parameter -Wno-unused-variable -Wunused-value -Wno-empty-body -Wno-uninitialized -Wno-unknown-pragmas -w -Wno-shadow -Wno-four-char-constants -Wno-conversion -Wno-constant-conversion -Wno-int-conversion -Wno-bool-conversion -Wno-enum-conversion -Wno-float-conversion -Wno-non-literal-null-conversion -Wno-objc-literal-conversion -Wshorten-64-to-32 -Wpointer-sign -Wno-newline-eof -Wno-implicit-fallthrough -fstrict-aliasing -Wdeprecated-declarations -Wno-sign-conversion -Wno-infinite-recursion -Wno-comma -Wno-block-capture-autoreleasing -Wno-strict-prototypes -Wno-semicolon-before-method-body -index-store-path /Users/j/Documents/GitHub/MoneroOne/build/Index.noindex/DataStore @/Users/j/Documents/GitHub/MoneroOne/build/Build/Intermediates.noindex/swift-crypto.build/Debug-iphonesimulator/CCryptoBoringSSL.build/Objects-normal/arm64/7187679823f38a2a940e0043cdf9d637-common-args.resp -MMD -MT dependencies -MF /Users/j/Documents/GitHub/MoneroOne/build/Build/Intermediates.noindex/swift-crypto.build/Debug-iphonesimulator/CCryptoBoringSSL.build/Objects-normal/arm64/t_x509.d --serialize-diagnostics /Users/j/Documents/GitHub/MoneroOne/build/Build/Intermediates.noindex/swift-crypto.build/Debug-iphonesimulator/CCryptoBoringSSL.build/Objects-normal/arm64/t_x509.dia -c /Users/j/Documents/GitHub/MoneroOne/build/SourcePackages/checkouts/swift-crypto/Sources/CCryptoBoringSSL/crypto/x509/t_x509.c -o /Users/j/Documents/GitHub/MoneroOne/build/Build/Intermediates.noindex/swift-crypto.build/Debug-iphonesimulator/CCryptoBoringSSL.build/Objects-normal/arm64/t_x509.o -index-unit-output-path /swift-crypto.build/Debug-iphonesimulator/CCryptoBoringSSL.build/Objects-normal/arm64/t_x509.o

CompileC /Users/j/Documents/GitHub/MoneroOne/build/Build/Intermediates.noindex/swift-crypto.build/Debug-iphonesimulator/CCryptoBoringSSL.build/Objects-normal/arm64/t_x509a.o /Users/j/Documents/GitHub/MoneroOne/build/SourcePackages/checkouts/swift-crypto/Sources/CCryptoBoringSSL/crypto/x509/t_x509a.c normal arm64 c com.apple.compilers.llvm.clang.1_0.compiler (in target 'CCryptoBoringSSL' from project 'swift-crypto')
    cd /Users/j/Documents/GitHub/MoneroOne/MoneroOne.xcodeproj
    
    Using response file: /Users/j/Documents/GitHub/MoneroOne/build/Build/Intermediates.noindex/swift-crypto.build/Debug-iphonesimulator/CCryptoBoringSSL.build/Objects-normal/arm64/7187679823f38a2a940e0043cdf9d637-common-args.resp
    
    /Applications/Xcode.app/Contents/Developer/Toolchains/XcodeDefault.xctoolchain/usr/bin/clang -x c -ivfsstatcache /Users/j/Documents/GitHub/MoneroOne/build/SDKStatCaches.noindex/iphonesimulator26.1-23B77-90cf18a4295e390e64c810bc6bd7acbc.sdkstatcache -fmessage-length\=0 -fdiagnostics-show-note-include-stack -fmacro-backtrace-limit\=0 -fno-color-diagnostics -fmodules-prune-interval\=86400 -fmodules-prune-after\=345600 -fbuild-session-file\=/Users/j/Documents/GitHub/MoneroOne/build/ModuleCache.noindex/Session.modulevalidation -fmodules-validate-once-per-build-session -Wnon-modular-include-in-framework-module -Werror\=non-modular-include-in-framework-module -Wno-trigraphs -Wno-missing-field-initializers -Wno-missing-prototypes -Wno-return-type -Wno-missing-braces -Wparentheses -Wswitch -Wno-unused-function -Wno-unused-label -Wno-unused-parameter -Wno-unused-variable -Wunused-value -Wno-empty-body -Wno-uninitialized -Wno-unknown-pragmas -w -Wno-shadow -Wno-four-char-constants -Wno-conversion -Wno-constant-conversion -Wno-int-conversion -Wno-bool-conversion -Wno-enum-conversion -Wno-float-conversion -Wno-non-literal-null-conversion -Wno-objc-literal-conversion -Wshorten-64-to-32 -Wpointer-sign -Wno-newline-eof -Wno-implicit-fallthrough -fstrict-aliasing -Wdeprecated-declarations -Wno-sign-conversion -Wno-infinite-recursion -Wno-comma -Wno-block-capture-autoreleasing -Wno-strict-prototypes -Wno-semicolon-before-method-body -index-store-path /Users/j/Documents/GitHub/MoneroOne/build/Index.noindex/DataStore @/Users/j/Documents/GitHub/MoneroOne/build/Build/Intermediates.noindex/swift-crypto.build/Debug-iphonesimulator/CCryptoBoringSSL.build/Objects-normal/arm64/7187679823f38a2a940e0043cdf9d637-common-args.resp -MMD -MT dependencies -MF /Users/j/Documents/GitHub/MoneroOne/build/Build/Intermediates.noindex/swift-crypto.build/Debug-iphonesimulator/CCryptoBoringSSL.build/Objects-normal/arm64/t_x509a.d --serialize-diagnostics /Users/j/Documents/GitHub/MoneroOne/build/Build/Intermediates.noindex/swift-crypto.build/Debug-iphonesimulator/CCryptoBoringSSL.build/Objects-normal/arm64/t_x509a.dia -c /Users/j/Documents/GitHub/MoneroOne/build/SourcePackages/checkouts/swift-crypto/Sources/CCryptoBoringSSL/crypto/x509/t_x509a.c -o /Users/j/Documents/GitHub/MoneroOne/build/Build/Intermediates.noindex/swift-crypto.build/Debug-iphonesimulator/CCryptoBoringSSL.build/Objects-normal/arm64/t_x509a.o -index-unit-output-path /swift-crypto.build/Debug-iphonesimulator/CCryptoBoringSSL.build/Objects-normal/arm64/t_x509a.o

CompileC /Users/j/Documents/GitHub/MoneroOne/build/Build/Intermediates.noindex/swift-crypto.build/Debug-iphonesimulator/CCryptoBoringSSL.build/Objects-normal/arm64/tasn_dec.o /Users/j/Documents/GitHub/MoneroOne/build/SourcePackages/checkouts/swift-crypto/Sources/CCryptoBoringSSL/crypto/asn1/tasn_dec.c normal arm64 c com.apple.compilers.llvm.clang.1_0.compiler (in target 'CCryptoBoringSSL' from project 'swift-crypto')
    cd /Users/j/Documents/GitHub/MoneroOne/MoneroOne.xcodeproj
    
    Using response file: /Users/j/Documents/GitHub/MoneroOne/build/Build/Intermediates.noindex/swift-crypto.build/Debug-iphonesimulator/CCryptoBoringSSL.build/Objects-normal/arm64/7187679823f38a2a940e0043cdf9d637-common-args.resp
    
    /Applications/Xcode.app/Contents/Developer/Toolchains/XcodeDefault.xctoolchain/usr/bin/clang -x c -ivfsstatcache /Users/j/Documents/GitHub/MoneroOne/build/SDKStatCaches.noindex/iphonesimulator26.1-23B77-90cf18a4295e390e64c810bc6bd7acbc.sdkstatcache -fmessage-length\=0 -fdiagnostics-show-note-include-stack -fmacro-backtrace-limit\=0 -fno-color-diagnostics -fmodules-prune-interval\=86400 -fmodules-prune-after\=345600 -fbuild-session-file\=/Users/j/Documents/GitHub/MoneroOne/build/ModuleCache.noindex/Session.modulevalidation -fmodules-validate-once-per-build-session -Wnon-modular-include-in-framework-module -Werror\=non-modular-include-in-framework-module -Wno-trigraphs -Wno-missing-field-initializers -Wno-missing-prototypes -Wno-return-type -Wno-missing-braces -Wparentheses -Wswitch -Wno-unused-function -Wno-unused-label -Wno-unused-parameter -Wno-unused-variable -Wunused-value -Wno-empty-body -Wno-uninitialized -Wno-unknown-pragmas -w -Wno-shadow -Wno-four-char-constants -Wno-conversion -Wno-constant-conversion -Wno-int-conversion -Wno-bool-conversion -Wno-enum-conversion -Wno-float-conversion -Wno-non-literal-null-conversion -Wno-objc-literal-conversion -Wshorten-64-to-32 -Wpointer-sign -Wno-newline-eof -Wno-implicit-fallthrough -fstrict-aliasing -Wdeprecated-declarations -Wno-sign-conversion -Wno-infinite-recursion -Wno-comma -Wno-block-capture-autoreleasing -Wno-strict-prototypes -Wno-semicolon-before-method-body -index-store-path /Users/j/Documents/GitHub/MoneroOne/build/Index.noindex/DataStore @/Users/j/Documents/GitHub/MoneroOne/build/Build/Intermediates.noindex/swift-crypto.build/Debug-iphonesimulator/CCryptoBoringSSL.build/Objects-normal/arm64/7187679823f38a2a940e0043cdf9d637-common-args.resp -MMD -MT dependencies -MF /Users/j/Documents/GitHub/MoneroOne/build/Build/Intermediates.noindex/swift-crypto.build/Debug-iphonesimulator/CCryptoBoringSSL.build/Objects-normal/arm64/tasn_dec.d --serialize-diagnostics /Users/j/Documents/GitHub/MoneroOne/build/Build/Intermediates.noindex/swift-crypto.build/Debug-iphonesimulator/CCryptoBoringSSL.build/Objects-normal/arm64/tasn_dec.dia -c /Users/j/Documents/GitHub/MoneroOne/build/SourcePackages/checkouts/swift-crypto/Sources/CCryptoBoringSSL/crypto/asn1/tasn_dec.c -o /Users/j/Documents/GitHub/MoneroOne/build/Build/Intermediates.noindex/swift-crypto.build/Debug-iphonesimulator/CCryptoBoringSSL.build/Objects-normal/arm64/tasn_dec.o -index-unit-output-path /swift-crypto.build/Debug-iphonesimulator/CCryptoBoringSSL.build/Objects-normal/arm64/tasn_dec.o

CompileC /Users/j/Documents/GitHub/MoneroOne/build/Build/Intermediates.noindex/swift-crypto.build/Debug-iphonesimulator/CCryptoBoringSSL.build/Objects-normal/arm64/t_req.o /Users/j/Documents/GitHub/MoneroOne/build/SourcePackages/checkouts/swift-crypto/Sources/CCryptoBoringSSL/crypto/x509/t_req.c normal arm64 c com.apple.compilers.llvm.clang.1_0.compiler (in target 'CCryptoBoringSSL' from project 'swift-crypto')
    cd /Users/j/Documents/GitHub/MoneroOne/MoneroOne.xcodeproj
    
    Using response file: /Users/j/Documents/GitHub/MoneroOne/build/Build/Intermediates.noindex/swift-crypto.build/Debug-iphonesimulator/CCryptoBoringSSL.build/Objects-normal/arm64/7187679823f38a2a940e0043cdf9d637-common-args.resp
    
    /Applications/Xcode.app/Contents/Developer/Toolchains/XcodeDefault.xctoolchain/usr/bin/clang -x c -ivfsstatcache /Users/j/Documents/GitHub/MoneroOne/build/SDKStatCaches.noindex/iphonesimulator26.1-23B77-90cf18a4295e390e64c810bc6bd7acbc.sdkstatcache -fmessage-length\=0 -fdiagnostics-show-note-include-stack -fmacro-backtrace-limit\=0 -fno-color-diagnostics -fmodules-prune-interval\=86400 -fmodules-prune-after\=345600 -fbuild-session-file\=/Users/j/Documents/GitHub/MoneroOne/build/ModuleCache.noindex/Session.modulevalidation -fmodules-validate-once-per-build-session -Wnon-modular-include-in-framework-module -Werror\=non-modular-include-in-framework-module -Wno-trigraphs -Wno-missing-field-initializers -Wno-missing-prototypes -Wno-return-type -Wno-missing-braces -Wparentheses -Wswitch -Wno-unused-function -Wno-unused-label -Wno-unused-parameter -Wno-unused-variable -Wunused-value -Wno-empty-body -Wno-uninitialized -Wno-unknown-pragmas -w -Wno-shadow -Wno-four-char-constants -Wno-conversion -Wno-constant-conversion -Wno-int-conversion -Wno-bool-conversion -Wno-enum-conversion -Wno-float-conversion -Wno-non-literal-null-conversion -Wno-objc-literal-conversion -Wshorten-64-to-32 -Wpointer-sign -Wno-newline-eof -Wno-implicit-fallthrough -fstrict-aliasing -Wdeprecated-declarations -Wno-sign-conversion -Wno-infinite-recursion -Wno-comma -Wno-block-capture-autoreleasing -Wno-strict-prototypes -Wno-semicolon-before-method-body -index-store-path /Users/j/Documents/GitHub/MoneroOne/build/Index.noindex/DataStore @/Users/j/Documents/GitHub/MoneroOne/build/Build/Intermediates.noindex/swift-crypto.build/Debug-iphonesimulator/CCryptoBoringSSL.build/Objects-normal/arm64/7187679823f38a2a940e0043cdf9d637-common-args.resp -MMD -MT dependencies -MF /Users/j/Documents/GitHub/MoneroOne/build/Build/Intermediates.noindex/swift-crypto.build/Debug-iphonesimulator/CCryptoBoringSSL.build/Objects-normal/arm64/t_req.d --serialize-diagnostics /Users/j/Documents/GitHub/MoneroOne/build/Build/Intermediates.noindex/swift-crypto.build/Debug-iphonesimulator/CCryptoBoringSSL.build/Objects-normal/arm64/t_req.dia -c /Users/j/Documents/GitHub/MoneroOne/build/SourcePackages/checkouts/swift-crypto/Sources/CCryptoBoringSSL/crypto/x509/t_req.c -o /Users/j/Documents/GitHub/MoneroOne/build/Build/Intermediates.noindex/swift-crypto.build/Debug-iphonesimulator/CCryptoBoringSSL.build/Objects-normal/arm64/t_req.o -index-unit-output-path /swift-crypto.build/Debug-iphonesimulator/CCryptoBoringSSL.build/Objects-normal/arm64/t_req.o

ScanDependencies /Users/j/Documents/GitHub/MoneroOne/build/Build/Intermediates.noindex/swift-crypto.build/Debug-iphonesimulator/CCryptoBoringSSL.build/Objects-normal/arm64/t_crl.o /Users/j/Documents/GitHub/MoneroOne/build/SourcePackages/checkouts/swift-crypto/Sources/CCryptoBoringSSL/crypto/x509/t_crl.c normal arm64 c com.apple.compilers.llvm.clang.1_0.compiler (in target 'CCryptoBoringSSL' from project 'swift-crypto')
    cd /Users/j/Documents/GitHub/MoneroOne/MoneroOne.xcodeproj
    
    Using response file: /Users/j/Documents/GitHub/MoneroOne/build/Build/Intermediates.noindex/swift-crypto.build/Debug-iphonesimulator/CCryptoBoringSSL.build/Objects-normal/arm64/7187679823f38a2a940e0043cdf9d637-common-args.resp
    
    builtin-ScanDependencies -o /Users/j/Documents/GitHub/MoneroOne/build/Build/Intermediates.noindex/swift-crypto.build/Debug-iphonesimulator/CCryptoBoringSSL.build/Objects-normal/arm64/t_crl.o.scan -- /Applications/Xcode.app/Contents/Developer/Toolchains/XcodeDefault.xctoolchain/usr/bin/clang -x c -ivfsstatcache /Users/j/Documents/GitHub/MoneroOne/build/SDKStatCaches.noindex/iphonesimulator26.1-23B77-90cf18a4295e390e64c810bc6bd7acbc.sdkstatcache -fmessage-length\=0 -fdiagnostics-show-note-include-stack -fmacro-backtrace-limit\=0 -fno-color-diagnostics -fmodules-prune-interval\=86400 -fmodules-prune-after\=345600 -fbuild-session-file\=/Users/j/Documents/GitHub/MoneroOne/build/ModuleCache.noindex/Session.modulevalidation -fmodules-validate-once-per-build-session -Wnon-modular-include-in-framework-module -Werror\=non-modular-include-in-framework-module -Wno-trigraphs -Wno-missing-field-initializers -Wno-missing-prototypes -Wno-return-type -Wno-missing-braces -Wparentheses -Wswitch -Wno-unused-function -Wno-unused-label -Wno-unused-parameter -Wno-unused-variable -Wunused-value -Wno-empty-body -Wno-uninitialized -Wno-unknown-pragmas -w -Wno-shadow -Wno-four-char-constants -Wno-conversion -Wno-constant-conversion -Wno-int-conversion -Wno-bool-conversion -Wno-enum-conversion -Wno-float-conversion -Wno-non-literal-null-conversion -Wno-objc-literal-conversion -Wshorten-64-to-32 -Wpointer-sign -Wno-newline-eof -Wno-implicit-fallthrough -fstrict-aliasing -Wdeprecated-declarations -Wno-sign-conversion -Wno-infinite-recursion -Wno-comma -Wno-block-capture-autoreleasing -Wno-strict-prototypes -Wno-semicolon-before-method-body -index-store-path /Users/j/Documents/GitHub/MoneroOne/build/Index.noindex/DataStore @/Users/j/Documents/GitHub/MoneroOne/build/Build/Intermediates.noindex/swift-crypto.build/Debug-iphonesimulator/CCryptoBoringSSL.build/Objects-normal/arm64/7187679823f38a2a940e0043cdf9d637-common-args.resp -MMD -MT dependencies -MF /Users/j/Documents/GitHub/MoneroOne/build/Build/Intermediates.noindex/swift-crypto.build/Debug-iphonesimulator/CCryptoBoringSSL.build/Objects-normal/arm64/t_crl.d --serialize-diagnostics /Users/j/Documents/GitHub/MoneroOne/build/Build/Intermediates.noindex/swift-crypto.build/Debug-iphonesimulator/CCryptoBoringSSL.build/Objects-normal/arm64/t_crl.dia -c /Users/j/Documents/GitHub/MoneroOne/build/SourcePackages/checkouts/swift-crypto/Sources/CCryptoBoringSSL/crypto/x509/t_crl.c -o /Users/j/Documents/GitHub/MoneroOne/build/Build/Intermediates.noindex/swift-crypto.build/Debug-iphonesimulator/CCryptoBoringSSL.build/Objects-normal/arm64/t_crl.o -index-unit-output-path /swift-crypto.build/Debug-iphonesimulator/CCryptoBoringSSL.build/Objects-normal/arm64/t_crl.o

ScanDependencies /Users/j/Documents/GitHub/MoneroOne/build/Build/Intermediates.noindex/swift-crypto.build/Debug-iphonesimulator/CCryptoBoringSSL.build/Objects-normal/arm64/stack.o /Users/j/Documents/GitHub/MoneroOne/build/SourcePackages/checkouts/swift-crypto/Sources/CCryptoBoringSSL/crypto/stack/stack.c normal arm64 c com.apple.compilers.llvm.clang.1_0.compiler (in target 'CCryptoBoringSSL' from project 'swift-crypto')
    cd /Users/j/Documents/GitHub/MoneroOne/MoneroOne.xcodeproj
    
    Using response file: /Users/j/Documents/GitHub/MoneroOne/build/Build/Intermediates.noindex/swift-crypto.build/Debug-iphonesimulator/CCryptoBoringSSL.build/Objects-normal/arm64/7187679823f38a2a940e0043cdf9d637-common-args.resp
    
    builtin-ScanDependencies -o /Users/j/Documents/GitHub/MoneroOne/build/Build/Intermediates.noindex/swift-crypto.build/Debug-iphonesimulator/CCryptoBoringSSL.build/Objects-normal/arm64/stack.o.scan -- /Applications/Xcode.app/Contents/Developer/Toolchains/XcodeDefault.xctoolchain/usr/bin/clang -x c -ivfsstatcache /Users/j/Documents/GitHub/MoneroOne/build/SDKStatCaches.noindex/iphonesimulator26.1-23B77-90cf18a4295e390e64c810bc6bd7acbc.sdkstatcache -fmessage-length\=0 -fdiagnostics-show-note-include-stack -fmacro-backtrace-limit\=0 -fno-color-diagnostics -fmodules-prune-interval\=86400 -fmodules-prune-after\=345600 -fbuild-session-file\=/Users/j/Documents/GitHub/MoneroOne/build/ModuleCache.noindex/Session.modulevalidation -fmodules-validate-once-per-build-session -Wnon-modular-include-in-framework-module -Werror\=non-modular-include-in-framework-module -Wno-trigraphs -Wno-missing-field-initializers -Wno-missing-prototypes -Wno-return-type -Wno-missing-braces -Wparentheses -Wswitch -Wno-unused-function -Wno-unused-label -Wno-unused-parameter -Wno-unused-variable -Wunused-value -Wno-empty-body -Wno-uninitialized -Wno-unknown-pragmas -w -Wno-shadow -Wno-four-char-constants -Wno-conversion -Wno-constant-conversion -Wno-int-conversion -Wno-bool-conversion -Wno-enum-conversion -Wno-float-conversion -Wno-non-literal-null-conversion -Wno-objc-literal-conversion -Wshorten-64-to-32 -Wpointer-sign -Wno-newline-eof -Wno-implicit-fallthrough -fstrict-aliasing -Wdeprecated-declarations -Wno-sign-conversion -Wno-infinite-recursion -Wno-comma -Wno-block-capture-autoreleasing -Wno-strict-prototypes -Wno-semicolon-before-method-body -index-store-path /Users/j/Documents/GitHub/MoneroOne/build/Index.noindex/DataStore @/Users/j/Documents/GitHub/MoneroOne/build/Build/Intermediates.noindex/swift-crypto.build/Debug-iphonesimulator/CCryptoBoringSSL.build/Objects-normal/arm64/7187679823f38a2a940e0043cdf9d637-common-args.resp -MMD -MT dependencies -MF /Users/j/Documents/GitHub/MoneroOne/build/Build/Intermediates.noindex/swift-crypto.build/Debug-iphonesimulator/CCryptoBoringSSL.build/Objects-normal/arm64/stack.d --serialize-diagnostics /Users/j/Documents/GitHub/MoneroOne/build/Build/Intermediates.noindex/swift-crypto.build/Debug-iphonesimulator/CCryptoBoringSSL.build/Objects-normal/arm64/stack.dia -c /Users/j/Documents/GitHub/MoneroOne/build/SourcePackages/checkouts/swift-crypto/Sources/CCryptoBoringSSL/crypto/stack/stack.c -o /Users/j/Documents/GitHub/MoneroOne/build/Build/Intermediates.noindex/swift-crypto.build/Debug-iphonesimulator/CCryptoBoringSSL.build/Objects-normal/arm64/stack.o -index-unit-output-path /swift-crypto.build/Debug-iphonesimulator/CCryptoBoringSSL.build/Objects-normal/arm64/stack.o

CompileC /Users/j/Documents/GitHub/MoneroOne/build/Build/Intermediates.noindex/swift-crypto.build/Debug-iphonesimulator/CCryptoBoringSSL.build/Objects-normal/arm64/t_crl.o /Users/j/Documents/GitHub/MoneroOne/build/SourcePackages/checkouts/swift-crypto/Sources/CCryptoBoringSSL/crypto/x509/t_crl.c normal arm64 c com.apple.compilers.llvm.clang.1_0.compiler (in target 'CCryptoBoringSSL' from project 'swift-crypto')
    cd /Users/j/Documents/GitHub/MoneroOne/MoneroOne.xcodeproj
    
    Using response file: /Users/j/Documents/GitHub/MoneroOne/build/Build/Intermediates.noindex/swift-crypto.build/Debug-iphonesimulator/CCryptoBoringSSL.build/Objects-normal/arm64/7187679823f38a2a940e0043cdf9d637-common-args.resp
    
    /Applications/Xcode.app/Contents/Developer/Toolchains/XcodeDefault.xctoolchain/usr/bin/clang -x c -ivfsstatcache /Users/j/Documents/GitHub/MoneroOne/build/SDKStatCaches.noindex/iphonesimulator26.1-23B77-90cf18a4295e390e64c810bc6bd7acbc.sdkstatcache -fmessage-length\=0 -fdiagnostics-show-note-include-stack -fmacro-backtrace-limit\=0 -fno-color-diagnostics -fmodules-prune-interval\=86400 -fmodules-prune-after\=345600 -fbuild-session-file\=/Users/j/Documents/GitHub/MoneroOne/build/ModuleCache.noindex/Session.modulevalidation -fmodules-validate-once-per-build-session -Wnon-modular-include-in-framework-module -Werror\=non-modular-include-in-framework-module -Wno-trigraphs -Wno-missing-field-initializers -Wno-missing-prototypes -Wno-return-type -Wno-missing-braces -Wparentheses -Wswitch -Wno-unused-function -Wno-unused-label -Wno-unused-parameter -Wno-unused-variable -Wunused-value -Wno-empty-body -Wno-uninitialized -Wno-unknown-pragmas -w -Wno-shadow -Wno-four-char-constants -Wno-conversion -Wno-constant-conversion -Wno-int-conversion -Wno-bool-conversion -Wno-enum-conversion -Wno-float-conversion -Wno-non-literal-null-conversion -Wno-objc-literal-conversion -Wshorten-64-to-32 -Wpointer-sign -Wno-newline-eof -Wno-implicit-fallthrough -fstrict-aliasing -Wdeprecated-declarations -Wno-sign-conversion -Wno-infinite-recursion -Wno-comma -Wno-block-capture-autoreleasing -Wno-strict-prototypes -Wno-semicolon-before-method-body -index-store-path /Users/j/Documents/GitHub/MoneroOne/build/Index.noindex/DataStore @/Users/j/Documents/GitHub/MoneroOne/build/Build/Intermediates.noindex/swift-crypto.build/Debug-iphonesimulator/CCryptoBoringSSL.build/Objects-normal/arm64/7187679823f38a2a940e0043cdf9d637-common-args.resp -MMD -MT dependencies -MF /Users/j/Documents/GitHub/MoneroOne/build/Build/Intermediates.noindex/swift-crypto.build/Debug-iphonesimulator/CCryptoBoringSSL.build/Objects-normal/arm64/t_crl.d --serialize-diagnostics /Users/j/Documents/GitHub/MoneroOne/build/Build/Intermediates.noindex/swift-crypto.build/Debug-iphonesimulator/CCryptoBoringSSL.build/Objects-normal/arm64/t_crl.dia -c /Users/j/Documents/GitHub/MoneroOne/build/SourcePackages/checkouts/swift-crypto/Sources/CCryptoBoringSSL/crypto/x509/t_crl.c -o /Users/j/Documents/GitHub/MoneroOne/build/Build/Intermediates.noindex/swift-crypto.build/Debug-iphonesimulator/CCryptoBoringSSL.build/Objects-normal/arm64/t_crl.o -index-unit-output-path /swift-crypto.build/Debug-iphonesimulator/CCryptoBoringSSL.build/Objects-normal/arm64/t_crl.o

ScanDependencies /Users/j/Documents/GitHub/MoneroOne/build/Build/Intermediates.noindex/swift-crypto.build/Debug-iphonesimulator/CCryptoBoringSSL.build/Objects-normal/arm64/sqrt.o /Users/j/Documents/GitHub/MoneroOne/build/SourcePackages/checkouts/swift-crypto/Sources/CCryptoBoringSSL/crypto/fipsmodule/bn/sqrt.c normal arm64 c com.apple.compilers.llvm.clang.1_0.compiler (in target 'CCryptoBoringSSL' from project 'swift-crypto')
    cd /Users/j/Documents/GitHub/MoneroOne/MoneroOne.xcodeproj
    
    Using response file: /Users/j/Documents/GitHub/MoneroOne/build/Build/Intermediates.noindex/swift-crypto.build/Debug-iphonesimulator/CCryptoBoringSSL.build/Objects-normal/arm64/7187679823f38a2a940e0043cdf9d637-common-args.resp
    
    builtin-ScanDependencies -o /Users/j/Documents/GitHub/MoneroOne/build/Build/Intermediates.noindex/swift-crypto.build/Debug-iphonesimulator/CCryptoBoringSSL.build/Objects-normal/arm64/sqrt.o.scan -- /Applications/Xcode.app/Contents/Developer/Toolchains/XcodeDefault.xctoolchain/usr/bin/clang -x c -ivfsstatcache /Users/j/Documents/GitHub/MoneroOne/build/SDKStatCaches.noindex/iphonesimulator26.1-23B77-90cf18a4295e390e64c810bc6bd7acbc.sdkstatcache -fmessage-length\=0 -fdiagnostics-show-note-include-stack -fmacro-backtrace-limit\=0 -fno-color-diagnostics -fmodules-prune-interval\=86400 -fmodules-prune-after\=345600 -fbuild-session-file\=/Users/j/Documents/GitHub/MoneroOne/build/ModuleCache.noindex/Session.modulevalidation -fmodules-validate-once-per-build-session -Wnon-modular-include-in-framework-module -Werror\=non-modular-include-in-framework-module -Wno-trigraphs -Wno-missing-field-initializers -Wno-missing-prototypes -Wno-return-type -Wno-missing-braces -Wparentheses -Wswitch -Wno-unused-function -Wno-unused-label -Wno-unused-parameter -Wno-unused-variable -Wunused-value -Wno-empty-body -Wno-uninitialized -Wno-unknown-pragmas -w -Wno-shadow -Wno-four-char-constants -Wno-conversion -Wno-constant-conversion -Wno-int-conversion -Wno-bool-conversion -Wno-enum-conversion -Wno-float-conversion -Wno-non-literal-null-conversion -Wno-objc-literal-conversion -Wshorten-64-to-32 -Wpointer-sign -Wno-newline-eof -Wno-implicit-fallthrough -fstrict-aliasing -Wdeprecated-declarations -Wno-sign-conversion -Wno-infinite-recursion -Wno-comma -Wno-block-capture-autoreleasing -Wno-strict-prototypes -Wno-semicolon-before-method-body -index-store-path /Users/j/Documents/GitHub/MoneroOne/build/Index.noindex/DataStore @/Users/j/Documents/GitHub/MoneroOne/build/Build/Intermediates.noindex/swift-crypto.build/Debug-iphonesimulator/CCryptoBoringSSL.build/Objects-normal/arm64/7187679823f38a2a940e0043cdf9d637-common-args.resp -MMD -MT dependencies -MF /Users/j/Documents/GitHub/MoneroOne/build/Build/Intermediates.noindex/swift-crypto.build/Debug-iphonesimulator/CCryptoBoringSSL.build/Objects-normal/arm64/sqrt.d --serialize-diagnostics /Users/j/Documents/GitHub/MoneroOne/build/Build/Intermediates.noindex/swift-crypto.build/Debug-iphonesimulator/CCryptoBoringSSL.build/Objects-normal/arm64/sqrt.dia -c /Users/j/Documents/GitHub/MoneroOne/build/SourcePackages/checkouts/swift-crypto/Sources/CCryptoBoringSSL/crypto/fipsmodule/bn/sqrt.c -o /Users/j/Documents/GitHub/MoneroOne/build/Build/Intermediates.noindex/swift-crypto.build/Debug-iphonesimulator/CCryptoBoringSSL.build/Objects-normal/arm64/sqrt.o -index-unit-output-path /swift-crypto.build/Debug-iphonesimulator/CCryptoBoringSSL.build/Objects-normal/arm64/sqrt.o

ScanDependencies /Users/j/Documents/GitHub/MoneroOne/build/Build/Intermediates.noindex/swift-crypto.build/Debug-iphonesimulator/CCryptoBoringSSL.build/Objects-normal/arm64/spake25519.o /Users/j/Documents/GitHub/MoneroOne/build/SourcePackages/checkouts/swift-crypto/Sources/CCryptoBoringSSL/crypto/curve25519/spake25519.c normal arm64 c com.apple.compilers.llvm.clang.1_0.compiler (in target 'CCryptoBoringSSL' from project 'swift-crypto')
    cd /Users/j/Documents/GitHub/MoneroOne/MoneroOne.xcodeproj
    
    Using response file: /Users/j/Documents/GitHub/MoneroOne/build/Build/Intermediates.noindex/swift-crypto.build/Debug-iphonesimulator/CCryptoBoringSSL.build/Objects-normal/arm64/7187679823f38a2a940e0043cdf9d637-common-args.resp
    
    builtin-ScanDependencies -o /Users/j/Documents/GitHub/MoneroOne/build/Build/Intermediates.noindex/swift-crypto.build/Debug-iphonesimulator/CCryptoBoringSSL.build/Objects-normal/arm64/spake25519.o.scan -- /Applications/Xcode.app/Contents/Developer/Toolchains/XcodeDefault.xctoolchain/usr/bin/clang -x c -ivfsstatcache /Users/j/Documents/GitHub/MoneroOne/build/SDKStatCaches.noindex/iphonesimulator26.1-23B77-90cf18a4295e390e64c810bc6bd7acbc.sdkstatcache -fmessage-length\=0 -fdiagnostics-show-note-include-stack -fmacro-backtrace-limit\=0 -fno-color-diagnostics -fmodules-prune-interval\=86400 -fmodules-prune-after\=345600 -fbuild-session-file\=/Users/j/Documents/GitHub/MoneroOne/build/ModuleCache.noindex/Session.modulevalidation -fmodules-validate-once-per-build-session -Wnon-modular-include-in-framework-module -Werror\=non-modular-include-in-framework-module -Wno-trigraphs -Wno-missing-field-initializers -Wno-missing-prototypes -Wno-return-type -Wno-missing-braces -Wparentheses -Wswitch -Wno-unused-function -Wno-unused-label -Wno-unused-parameter -Wno-unused-variable -Wunused-value -Wno-empty-body -Wno-uninitialized -Wno-unknown-pragmas -w -Wno-shadow -Wno-four-char-constants -Wno-conversion -Wno-constant-conversion -Wno-int-conversion -Wno-bool-conversion -Wno-enum-conversion -Wno-float-conversion -Wno-non-literal-null-conversion -Wno-objc-literal-conversion -Wshorten-64-to-32 -Wpointer-sign -Wno-newline-eof -Wno-implicit-fallthrough -fstrict-aliasing -Wdeprecated-declarations -Wno-sign-conversion -Wno-infinite-recursion -Wno-comma -Wno-block-capture-autoreleasing -Wno-strict-prototypes -Wno-semicolon-before-method-body -index-store-path /Users/j/Documents/GitHub/MoneroOne/build/Index.noindex/DataStore @/Users/j/Documents/GitHub/MoneroOne/build/Build/Intermediates.noindex/swift-crypto.build/Debug-iphonesimulator/CCryptoBoringSSL.build/Objects-normal/arm64/7187679823f38a2a940e0043cdf9d637-common-args.resp -MMD -MT dependencies -MF /Users/j/Documents/GitHub/MoneroOne/build/Build/Intermediates.noindex/swift-crypto.build/Debug-iphonesimulator/CCryptoBoringSSL.build/Objects-normal/arm64/spake25519.d --serialize-diagnostics /Users/j/Documents/GitHub/MoneroOne/build/Build/Intermediates.noindex/swift-crypto.build/Debug-iphonesimulator/CCryptoBoringSSL.build/Objects-normal/arm64/spake25519.dia -c /Users/j/Documents/GitHub/MoneroOne/build/SourcePackages/checkouts/swift-crypto/Sources/CCryptoBoringSSL/crypto/curve25519/spake25519.c -o /Users/j/Documents/GitHub/MoneroOne/build/Build/Intermediates.noindex/swift-crypto.build/Debug-iphonesimulator/CCryptoBoringSSL.build/Objects-normal/arm64/spake25519.o -index-unit-output-path /swift-crypto.build/Debug-iphonesimulator/CCryptoBoringSSL.build/Objects-normal/arm64/spake25519.o

ScanDependencies /Users/j/Documents/GitHub/MoneroOne/build/Build/Intermediates.noindex/swift-crypto.build/Debug-iphonesimulator/CCryptoBoringSSL.build/Objects-normal/arm64/siphash.o /Users/j/Documents/GitHub/MoneroOne/build/SourcePackages/checkouts/swift-crypto/Sources/CCryptoBoringSSL/crypto/siphash/siphash.c normal arm64 c com.apple.compilers.llvm.clang.1_0.compiler (in target 'CCryptoBoringSSL' from project 'swift-crypto')
    cd /Users/j/Documents/GitHub/MoneroOne/MoneroOne.xcodeproj
    
    Using response file: /Users/j/Documents/GitHub/MoneroOne/build/Build/Intermediates.noindex/swift-crypto.build/Debug-iphonesimulator/CCryptoBoringSSL.build/Objects-normal/arm64/7187679823f38a2a940e0043cdf9d637-common-args.resp
    
    builtin-ScanDependencies -o /Users/j/Documents/GitHub/MoneroOne/build/Build/Intermediates.noindex/swift-crypto.build/Debug-iphonesimulator/CCryptoBoringSSL.build/Objects-normal/arm64/siphash.o.scan -- /Applications/Xcode.app/Contents/Developer/Toolchains/XcodeDefault.xctoolchain/usr/bin/clang -x c -ivfsstatcache /Users/j/Documents/GitHub/MoneroOne/build/SDKStatCaches.noindex/iphonesimulator26.1-23B77-90cf18a4295e390e64c810bc6bd7acbc.sdkstatcache -fmessage-length\=0 -fdiagnostics-show-note-include-stack -fmacro-backtrace-limit\=0 -fno-color-diagnostics -fmodules-prune-interval\=86400 -fmodules-prune-after\=345600 -fbuild-session-file\=/Users/j/Documents/GitHub/MoneroOne/build/ModuleCache.noindex/Session.modulevalidation -fmodules-validate-once-per-build-session -Wnon-modular-include-in-framework-module -Werror\=non-modular-include-in-framework-module -Wno-trigraphs -Wno-missing-field-initializers -Wno-missing-prototypes -Wno-return-type -Wno-missing-braces -Wparentheses -Wswitch -Wno-unused-function -Wno-unused-label -Wno-unused-parameter -Wno-unused-variable -Wunused-value -Wno-empty-body -Wno-uninitialized -Wno-unknown-pragmas -w -Wno-shadow -Wno-four-char-constants -Wno-conversion -Wno-constant-conversion -Wno-int-conversion -Wno-bool-conversion -Wno-enum-conversion -Wno-float-conversion -Wno-non-literal-null-conversion -Wno-objc-literal-conversion -Wshorten-64-to-32 -Wpointer-sign -Wno-newline-eof -Wno-implicit-fallthrough -fstrict-aliasing -Wdeprecated-declarations -Wno-sign-conversion -Wno-infinite-recursion -Wno-comma -Wno-block-capture-autoreleasing -Wno-strict-prototypes -Wno-semicolon-before-method-body -index-store-path /Users/j/Documents/GitHub/MoneroOne/build/Index.noindex/DataStore @/Users/j/Documents/GitHub/MoneroOne/build/Build/Intermediates.noindex/swift-crypto.build/Debug-iphonesimulator/CCryptoBoringSSL.build/Objects-normal/arm64/7187679823f38a2a940e0043cdf9d637-common-args.resp -MMD -MT dependencies -MF /Users/j/Documents/GitHub/MoneroOne/build/Build/Intermediates.noindex/swift-crypto.build/Debug-iphonesimulator/CCryptoBoringSSL.build/Objects-normal/arm64/siphash.d --serialize-diagnostics /Users/j/Documents/GitHub/MoneroOne/build/Build/Intermediates.noindex/swift-crypto.build/Debug-iphonesimulator/CCryptoBoringSSL.build/Objects-normal/arm64/siphash.dia -c /Users/j/Documents/GitHub/MoneroOne/build/SourcePackages/checkouts/swift-crypto/Sources/CCryptoBoringSSL/crypto/siphash/siphash.c -o /Users/j/Documents/GitHub/MoneroOne/build/Build/Intermediates.noindex/swift-crypto.build/Debug-iphonesimulator/CCryptoBoringSSL.build/Objects-normal/arm64/siphash.o -index-unit-output-path /swift-crypto.build/Debug-iphonesimulator/CCryptoBoringSSL.build/Objects-normal/arm64/siphash.o

CompileC /Users/j/Documents/GitHub/MoneroOne/build/Build/Intermediates.noindex/swift-crypto.build/Debug-iphonesimulator/CCryptoBoringSSL.build/Objects-normal/arm64/stack.o /Users/j/Documents/GitHub/MoneroOne/build/SourcePackages/checkouts/swift-crypto/Sources/CCryptoBoringSSL/crypto/stack/stack.c normal arm64 c com.apple.compilers.llvm.clang.1_0.compiler (in target 'CCryptoBoringSSL' from project 'swift-crypto')
    cd /Users/j/Documents/GitHub/MoneroOne/MoneroOne.xcodeproj
    
    Using response file: /Users/j/Documents/GitHub/MoneroOne/build/Build/Intermediates.noindex/swift-crypto.build/Debug-iphonesimulator/CCryptoBoringSSL.build/Objects-normal/arm64/7187679823f38a2a940e0043cdf9d637-common-args.resp
    
    /Applications/Xcode.app/Contents/Developer/Toolchains/XcodeDefault.xctoolchain/usr/bin/clang -x c -ivfsstatcache /Users/j/Documents/GitHub/MoneroOne/build/SDKStatCaches.noindex/iphonesimulator26.1-23B77-90cf18a4295e390e64c810bc6bd7acbc.sdkstatcache -fmessage-length\=0 -fdiagnostics-show-note-include-stack -fmacro-backtrace-limit\=0 -fno-color-diagnostics -fmodules-prune-interval\=86400 -fmodules-prune-after\=345600 -fbuild-session-file\=/Users/j/Documents/GitHub/MoneroOne/build/ModuleCache.noindex/Session.modulevalidation -fmodules-validate-once-per-build-session -Wnon-modular-include-in-framework-module -Werror\=non-modular-include-in-framework-module -Wno-trigraphs -Wno-missing-field-initializers -Wno-missing-prototypes -Wno-return-type -Wno-missing-braces -Wparentheses -Wswitch -Wno-unused-function -Wno-unused-label -Wno-unused-parameter -Wno-unused-variable -Wunused-value -Wno-empty-body -Wno-uninitialized -Wno-unknown-pragmas -w -Wno-shadow -Wno-four-char-constants -Wno-conversion -Wno-constant-conversion -Wno-int-conversion -Wno-bool-conversion -Wno-enum-conversion -Wno-float-conversion -Wno-non-literal-null-conversion -Wno-objc-literal-conversion -Wshorten-64-to-32 -Wpointer-sign -Wno-newline-eof -Wno-implicit-fallthrough -fstrict-aliasing -Wdeprecated-declarations -Wno-sign-conversion -Wno-infinite-recursion -Wno-comma -Wno-block-capture-autoreleasing -Wno-strict-prototypes -Wno-semicolon-before-method-body -index-store-path /Users/j/Documents/GitHub/MoneroOne/build/Index.noindex/DataStore @/Users/j/Documents/GitHub/MoneroOne/build/Build/Intermediates.noindex/swift-crypto.build/Debug-iphonesimulator/CCryptoBoringSSL.build/Objects-normal/arm64/7187679823f38a2a940e0043cdf9d637-common-args.resp -MMD -MT dependencies -MF /Users/j/Documents/GitHub/MoneroOne/build/Build/Intermediates.noindex/swift-crypto.build/Debug-iphonesimulator/CCryptoBoringSSL.build/Objects-normal/arm64/stack.d --serialize-diagnostics /Users/j/Documents/GitHub/MoneroOne/build/Build/Intermediates.noindex/swift-crypto.build/Debug-iphonesimulator/CCryptoBoringSSL.build/Objects-normal/arm64/stack.dia -c /Users/j/Documents/GitHub/MoneroOne/build/SourcePackages/checkouts/swift-crypto/Sources/CCryptoBoringSSL/crypto/stack/stack.c -o /Users/j/Documents/GitHub/MoneroOne/build/Build/Intermediates.noindex/swift-crypto.build/Debug-iphonesimulator/CCryptoBoringSSL.build/Objects-normal/arm64/stack.o -index-unit-output-path /swift-crypto.build/Debug-iphonesimulator/CCryptoBoringSSL.build/Objects-normal/arm64/stack.o

CompileC /Users/j/Documents/GitHub/MoneroOne/build/Build/Intermediates.noindex/swift-crypto.build/Debug-iphonesimulator/CCryptoBoringSSL.build/Objects-normal/arm64/sqrt.o /Users/j/Documents/GitHub/MoneroOne/build/SourcePackages/checkouts/swift-crypto/Sources/CCryptoBoringSSL/crypto/fipsmodule/bn/sqrt.c normal arm64 c com.apple.compilers.llvm.clang.1_0.compiler (in target 'CCryptoBoringSSL' from project 'swift-crypto')
    cd /Users/j/Documents/GitHub/MoneroOne/MoneroOne.xcodeproj
    
    Using response file: /Users/j/Documents/GitHub/MoneroOne/build/Build/Intermediates.noindex/swift-crypto.build/Debug-iphonesimulator/CCryptoBoringSSL.build/Objects-normal/arm64/7187679823f38a2a940e0043cdf9d637-common-args.resp
    
    /Applications/Xcode.app/Contents/Developer/Toolchains/XcodeDefault.xctoolchain/usr/bin/clang -x c -ivfsstatcache /Users/j/Documents/GitHub/MoneroOne/build/SDKStatCaches.noindex/iphonesimulator26.1-23B77-90cf18a4295e390e64c810bc6bd7acbc.sdkstatcache -fmessage-length\=0 -fdiagnostics-show-note-include-stack -fmacro-backtrace-limit\=0 -fno-color-diagnostics -fmodules-prune-interval\=86400 -fmodules-prune-after\=345600 -fbuild-session-file\=/Users/j/Documents/GitHub/MoneroOne/build/ModuleCache.noindex/Session.modulevalidation -fmodules-validate-once-per-build-session -Wnon-modular-include-in-framework-module -Werror\=non-modular-include-in-framework-module -Wno-trigraphs -Wno-missing-field-initializers -Wno-missing-prototypes -Wno-return-type -Wno-missing-braces -Wparentheses -Wswitch -Wno-unused-function -Wno-unused-label -Wno-unused-parameter -Wno-unused-variable -Wunused-value -Wno-empty-body -Wno-uninitialized -Wno-unknown-pragmas -w -Wno-shadow -Wno-four-char-constants -Wno-conversion -Wno-constant-conversion -Wno-int-conversion -Wno-bool-conversion -Wno-enum-conversion -Wno-float-conversion -Wno-non-literal-null-conversion -Wno-objc-literal-conversion -Wshorten-64-to-32 -Wpointer-sign -Wno-newline-eof -Wno-implicit-fallthrough -fstrict-aliasing -Wdeprecated-declarations -Wno-sign-conversion -Wno-infinite-recursion -Wno-comma -Wno-block-capture-autoreleasing -Wno-strict-prototypes -Wno-semicolon-before-method-body -index-store-path /Users/j/Documents/GitHub/MoneroOne/build/Index.noindex/DataStore @/Users/j/Documents/GitHub/MoneroOne/build/Build/Intermediates.noindex/swift-crypto.build/Debug-iphonesimulator/CCryptoBoringSSL.build/Objects-normal/arm64/7187679823f38a2a940e0043cdf9d637-common-args.resp -MMD -MT dependencies -MF /Users/j/Documents/GitHub/MoneroOne/build/Build/Intermediates.noindex/swift-crypto.build/Debug-iphonesimulator/CCryptoBoringSSL.build/Objects-normal/arm64/sqrt.d --serialize-diagnostics /Users/j/Documents/GitHub/MoneroOne/build/Build/Intermediates.noindex/swift-crypto.build/Debug-iphonesimulator/CCryptoBoringSSL.build/Objects-normal/arm64/sqrt.dia -c /Users/j/Documents/GitHub/MoneroOne/build/SourcePackages/checkouts/swift-crypto/Sources/CCryptoBoringSSL/crypto/fipsmodule/bn/sqrt.c -o /Users/j/Documents/GitHub/MoneroOne/build/Build/Intermediates.noindex/swift-crypto.build/Debug-iphonesimulator/CCryptoBoringSSL.build/Objects-normal/arm64/sqrt.o -index-unit-output-path /swift-crypto.build/Debug-iphonesimulator/CCryptoBoringSSL.build/Objects-normal/arm64/sqrt.o

CompileC /Users/j/Documents/GitHub/MoneroOne/build/Build/Intermediates.noindex/swift-crypto.build/Debug-iphonesimulator/CCryptoBoringSSL.build/Objects-normal/arm64/siphash.o /Users/j/Documents/GitHub/MoneroOne/build/SourcePackages/checkouts/swift-crypto/Sources/CCryptoBoringSSL/crypto/siphash/siphash.c normal arm64 c com.apple.compilers.llvm.clang.1_0.compiler (in target 'CCryptoBoringSSL' from project 'swift-crypto')
    cd /Users/j/Documents/GitHub/MoneroOne/MoneroOne.xcodeproj
    
    Using response file: /Users/j/Documents/GitHub/MoneroOne/build/Build/Intermediates.noindex/swift-crypto.build/Debug-iphonesimulator/CCryptoBoringSSL.build/Objects-normal/arm64/7187679823f38a2a940e0043cdf9d637-common-args.resp
    
    /Applications/Xcode.app/Contents/Developer/Toolchains/XcodeDefault.xctoolchain/usr/bin/clang -x c -ivfsstatcache /Users/j/Documents/GitHub/MoneroOne/build/SDKStatCaches.noindex/iphonesimulator26.1-23B77-90cf18a4295e390e64c810bc6bd7acbc.sdkstatcache -fmessage-length\=0 -fdiagnostics-show-note-include-stack -fmacro-backtrace-limit\=0 -fno-color-diagnostics -fmodules-prune-interval\=86400 -fmodules-prune-after\=345600 -fbuild-session-file\=/Users/j/Documents/GitHub/MoneroOne/build/ModuleCache.noindex/Session.modulevalidation -fmodules-validate-once-per-build-session -Wnon-modular-include-in-framework-module -Werror\=non-modular-include-in-framework-module -Wno-trigraphs -Wno-missing-field-initializers -Wno-missing-prototypes -Wno-return-type -Wno-missing-braces -Wparentheses -Wswitch -Wno-unused-function -Wno-unused-label -Wno-unused-parameter -Wno-unused-variable -Wunused-value -Wno-empty-body -Wno-uninitialized -Wno-unknown-pragmas -w -Wno-shadow -Wno-four-char-constants -Wno-conversion -Wno-constant-conversion -Wno-int-conversion -Wno-bool-conversion -Wno-enum-conversion -Wno-float-conversion -Wno-non-literal-null-conversion -Wno-objc-literal-conversion -Wshorten-64-to-32 -Wpointer-sign -Wno-newline-eof -Wno-implicit-fallthrough -fstrict-aliasing -Wdeprecated-declarations -Wno-sign-conversion -Wno-infinite-recursion -Wno-comma -Wno-block-capture-autoreleasing -Wno-strict-prototypes -Wno-semicolon-before-method-body -index-store-path /Users/j/Documents/GitHub/MoneroOne/build/Index.noindex/DataStore @/Users/j/Documents/GitHub/MoneroOne/build/Build/Intermediates.noindex/swift-crypto.build/Debug-iphonesimulator/CCryptoBoringSSL.build/Objects-normal/arm64/7187679823f38a2a940e0043cdf9d637-common-args.resp -MMD -MT dependencies -MF /Users/j/Documents/GitHub/MoneroOne/build/Build/Intermediates.noindex/swift-crypto.build/Debug-iphonesimulator/CCryptoBoringSSL.build/Objects-normal/arm64/siphash.d --serialize-diagnostics /Users/j/Documents/GitHub/MoneroOne/build/Build/Intermediates.noindex/swift-crypto.build/Debug-iphonesimulator/CCryptoBoringSSL.build/Objects-normal/arm64/siphash.dia -c /Users/j/Documents/GitHub/MoneroOne/build/SourcePackages/checkouts/swift-crypto/Sources/CCryptoBoringSSL/crypto/siphash/siphash.c -o /Users/j/Documents/GitHub/MoneroOne/build/Build/Intermediates.noindex/swift-crypto.build/Debug-iphonesimulator/CCryptoBoringSSL.build/Objects-normal/arm64/siphash.o -index-unit-output-path /swift-crypto.build/Debug-iphonesimulator/CCryptoBoringSSL.build/Objects-normal/arm64/siphash.o

ScanDependencies /Users/j/Documents/GitHub/MoneroOne/build/Build/Intermediates.noindex/swift-crypto.build/Debug-iphonesimulator/CCryptoBoringSSL.build/Objects-normal/arm64/simple_mul.o /Users/j/Documents/GitHub/MoneroOne/build/SourcePackages/checkouts/swift-crypto/Sources/CCryptoBoringSSL/crypto/fipsmodule/ec/simple_mul.c normal arm64 c com.apple.compilers.llvm.clang.1_0.compiler (in target 'CCryptoBoringSSL' from project 'swift-crypto')
    cd /Users/j/Documents/GitHub/MoneroOne/MoneroOne.xcodeproj
    
    Using response file: /Users/j/Documents/GitHub/MoneroOne/build/Build/Intermediates.noindex/swift-crypto.build/Debug-iphonesimulator/CCryptoBoringSSL.build/Objects-normal/arm64/7187679823f38a2a940e0043cdf9d637-common-args.resp
    
    builtin-ScanDependencies -o /Users/j/Documents/GitHub/MoneroOne/build/Build/Intermediates.noindex/swift-crypto.build/Debug-iphonesimulator/CCryptoBoringSSL.build/Objects-normal/arm64/simple_mul.o.scan -- /Applications/Xcode.app/Contents/Developer/Toolchains/XcodeDefault.xctoolchain/usr/bin/clang -x c -ivfsstatcache /Users/j/Documents/GitHub/MoneroOne/build/SDKStatCaches.noindex/iphonesimulator26.1-23B77-90cf18a4295e390e64c810bc6bd7acbc.sdkstatcache -fmessage-length\=0 -fdiagnostics-show-note-include-stack -fmacro-backtrace-limit\=0 -fno-color-diagnostics -fmodules-prune-interval\=86400 -fmodules-prune-after\=345600 -fbuild-session-file\=/Users/j/Documents/GitHub/MoneroOne/build/ModuleCache.noindex/Session.modulevalidation -fmodules-validate-once-per-build-session -Wnon-modular-include-in-framework-module -Werror\=non-modular-include-in-framework-module -Wno-trigraphs -Wno-missing-field-initializers -Wno-missing-prototypes -Wno-return-type -Wno-missing-braces -Wparentheses -Wswitch -Wno-unused-function -Wno-unused-label -Wno-unused-parameter -Wno-unused-variable -Wunused-value -Wno-empty-body -Wno-uninitialized -Wno-unknown-pragmas -w -Wno-shadow -Wno-four-char-constants -Wno-conversion -Wno-constant-conversion -Wno-int-conversion -Wno-bool-conversion -Wno-enum-conversion -Wno-float-conversion -Wno-non-literal-null-conversion -Wno-objc-literal-conversion -Wshorten-64-to-32 -Wpointer-sign -Wno-newline-eof -Wno-implicit-fallthrough -fstrict-aliasing -Wdeprecated-declarations -Wno-sign-conversion -Wno-infinite-recursion -Wno-comma -Wno-block-capture-autoreleasing -Wno-strict-prototypes -Wno-semicolon-before-method-body -index-store-path /Users/j/Documents/GitHub/MoneroOne/build/Index.noindex/DataStore @/Users/j/Documents/GitHub/MoneroOne/build/Build/Intermediates.noindex/swift-crypto.build/Debug-iphonesimulator/CCryptoBoringSSL.build/Objects-normal/arm64/7187679823f38a2a940e0043cdf9d637-common-args.resp -MMD -MT dependencies -MF /Users/j/Documents/GitHub/MoneroOne/build/Build/Intermediates.noindex/swift-crypto.build/Debug-iphonesimulator/CCryptoBoringSSL.build/Objects-normal/arm64/simple_mul.d --serialize-diagnostics /Users/j/Documents/GitHub/MoneroOne/build/Build/Intermediates.noindex/swift-crypto.build/Debug-iphonesimulator/CCryptoBoringSSL.build/Objects-normal/arm64/simple_mul.dia -c /Users/j/Documents/GitHub/MoneroOne/build/SourcePackages/checkouts/swift-crypto/Sources/CCryptoBoringSSL/crypto/fipsmodule/ec/simple_mul.c -o /Users/j/Documents/GitHub/MoneroOne/build/Build/Intermediates.noindex/swift-crypto.build/Debug-iphonesimulator/CCryptoBoringSSL.build/Objects-normal/arm64/simple_mul.o -index-unit-output-path /swift-crypto.build/Debug-iphonesimulator/CCryptoBoringSSL.build/Objects-normal/arm64/simple_mul.o

CompileC /Users/j/Documents/GitHub/MoneroOne/build/Build/Intermediates.noindex/swift-crypto.build/Debug-iphonesimulator/CCryptoBoringSSL.build/Objects-normal/arm64/spake25519.o /Users/j/Documents/GitHub/MoneroOne/build/SourcePackages/checkouts/swift-crypto/Sources/CCryptoBoringSSL/crypto/curve25519/spake25519.c normal arm64 c com.apple.compilers.llvm.clang.1_0.compiler (in target 'CCryptoBoringSSL' from project 'swift-crypto')
    cd /Users/j/Documents/GitHub/MoneroOne/MoneroOne.xcodeproj
    
    Using response file: /Users/j/Documents/GitHub/MoneroOne/build/Build/Intermediates.noindex/swift-crypto.build/Debug-iphonesimulator/CCryptoBoringSSL.build/Objects-normal/arm64/7187679823f38a2a940e0043cdf9d637-common-args.resp
    
    /Applications/Xcode.app/Contents/Developer/Toolchains/XcodeDefault.xctoolchain/usr/bin/clang -x c -ivfsstatcache /Users/j/Documents/GitHub/MoneroOne/build/SDKStatCaches.noindex/iphonesimulator26.1-23B77-90cf18a4295e390e64c810bc6bd7acbc.sdkstatcache -fmessage-length\=0 -fdiagnostics-show-note-include-stack -fmacro-backtrace-limit\=0 -fno-color-diagnostics -fmodules-prune-interval\=86400 -fmodules-prune-after\=345600 -fbuild-session-file\=/Users/j/Documents/GitHub/MoneroOne/build/ModuleCache.noindex/Session.modulevalidation -fmodules-validate-once-per-build-session -Wnon-modular-include-in-framework-module -Werror\=non-modular-include-in-framework-module -Wno-trigraphs -Wno-missing-field-initializers -Wno-missing-prototypes -Wno-return-type -Wno-missing-braces -Wparentheses -Wswitch -Wno-unused-function -Wno-unused-label -Wno-unused-parameter -Wno-unused-variable -Wunused-value -Wno-empty-body -Wno-uninitialized -Wno-unknown-pragmas -w -Wno-shadow -Wno-four-char-constants -Wno-conversion -Wno-constant-conversion -Wno-int-conversion -Wno-bool-conversion -Wno-enum-conversion -Wno-float-conversion -Wno-non-literal-null-conversion -Wno-objc-literal-conversion -Wshorten-64-to-32 -Wpointer-sign -Wno-newline-eof -Wno-implicit-fallthrough -fstrict-aliasing -Wdeprecated-declarations -Wno-sign-conversion -Wno-infinite-recursion -Wno-comma -Wno-block-capture-autoreleasing -Wno-strict-prototypes -Wno-semicolon-before-method-body -index-store-path /Users/j/Documents/GitHub/MoneroOne/build/Index.noindex/DataStore @/Users/j/Documents/GitHub/MoneroOne/build/Build/Intermediates.noindex/swift-crypto.build/Debug-iphonesimulator/CCryptoBoringSSL.build/Objects-normal/arm64/7187679823f38a2a940e0043cdf9d637-common-args.resp -MMD -MT dependencies -MF /Users/j/Documents/GitHub/MoneroOne/build/Build/Intermediates.noindex/swift-crypto.build/Debug-iphonesimulator/CCryptoBoringSSL.build/Objects-normal/arm64/spake25519.d --serialize-diagnostics /Users/j/Documents/GitHub/MoneroOne/build/Build/Intermediates.noindex/swift-crypto.build/Debug-iphonesimulator/CCryptoBoringSSL.build/Objects-normal/arm64/spake25519.dia -c /Users/j/Documents/GitHub/MoneroOne/build/SourcePackages/checkouts/swift-crypto/Sources/CCryptoBoringSSL/crypto/curve25519/spake25519.c -o /Users/j/Documents/GitHub/MoneroOne/build/Build/Intermediates.noindex/swift-crypto.build/Debug-iphonesimulator/CCryptoBoringSSL.build/Objects-normal/arm64/spake25519.o -index-unit-output-path /swift-crypto.build/Debug-iphonesimulator/CCryptoBoringSSL.build/Objects-normal/arm64/spake25519.o

ScanDependencies /Users/j/Documents/GitHub/MoneroOne/build/Build/Intermediates.noindex/swift-crypto.build/Debug-iphonesimulator/CCryptoBoringSSL.build/Objects-normal/arm64/simple.o /Users/j/Documents/GitHub/MoneroOne/build/SourcePackages/checkouts/swift-crypto/Sources/CCryptoBoringSSL/crypto/fipsmodule/ec/simple.c normal arm64 c com.apple.compilers.llvm.clang.1_0.compiler (in target 'CCryptoBoringSSL' from project 'swift-crypto')
    cd /Users/j/Documents/GitHub/MoneroOne/MoneroOne.xcodeproj
    
    Using response file: /Users/j/Documents/GitHub/MoneroOne/build/Build/Intermediates.noindex/swift-crypto.build/Debug-iphonesimulator/CCryptoBoringSSL.build/Objects-normal/arm64/7187679823f38a2a940e0043cdf9d637-common-args.resp
    
    builtin-ScanDependencies -o /Users/j/Documents/GitHub/MoneroOne/build/Build/Intermediates.noindex/swift-crypto.build/Debug-iphonesimulator/CCryptoBoringSSL.build/Objects-normal/arm64/simple.o.scan -- /Applications/Xcode.app/Contents/Developer/Toolchains/XcodeDefault.xctoolchain/usr/bin/clang -x c -ivfsstatcache /Users/j/Documents/GitHub/MoneroOne/build/SDKStatCaches.noindex/iphonesimulator26.1-23B77-90cf18a4295e390e64c810bc6bd7acbc.sdkstatcache -fmessage-length\=0 -fdiagnostics-show-note-include-stack -fmacro-backtrace-limit\=0 -fno-color-diagnostics -fmodules-prune-interval\=86400 -fmodules-prune-after\=345600 -fbuild-session-file\=/Users/j/Documents/GitHub/MoneroOne/build/ModuleCache.noindex/Session.modulevalidation -fmodules-validate-once-per-build-session -Wnon-modular-include-in-framework-module -Werror\=non-modular-include-in-framework-module -Wno-trigraphs -Wno-missing-field-initializers -Wno-missing-prototypes -Wno-return-type -Wno-missing-braces -Wparentheses -Wswitch -Wno-unused-function -Wno-unused-label -Wno-unused-parameter -Wno-unused-variable -Wunused-value -Wno-empty-body -Wno-uninitialized -Wno-unknown-pragmas -w -Wno-shadow -Wno-four-char-constants -Wno-conversion -Wno-constant-conversion -Wno-int-conversion -Wno-bool-conversion -Wno-enum-conversion -Wno-float-conversion -Wno-non-literal-null-conversion -Wno-objc-literal-conversion -Wshorten-64-to-32 -Wpointer-sign -Wno-newline-eof -Wno-implicit-fallthrough -fstrict-aliasing -Wdeprecated-declarations -Wno-sign-conversion -Wno-infinite-recursion -Wno-comma -Wno-block-capture-autoreleasing -Wno-strict-prototypes -Wno-semicolon-before-method-body -index-store-path /Users/j/Documents/GitHub/MoneroOne/build/Index.noindex/DataStore @/Users/j/Documents/GitHub/MoneroOne/build/Build/Intermediates.noindex/swift-crypto.build/Debug-iphonesimulator/CCryptoBoringSSL.build/Objects-normal/arm64/7187679823f38a2a940e0043cdf9d637-common-args.resp -MMD -MT dependencies -MF /Users/j/Documents/GitHub/MoneroOne/build/Build/Intermediates.noindex/swift-crypto.build/Debug-iphonesimulator/CCryptoBoringSSL.build/Objects-normal/arm64/simple.d --serialize-diagnostics /Users/j/Documents/GitHub/MoneroOne/build/Build/Intermediates.noindex/swift-crypto.build/Debug-iphonesimulator/CCryptoBoringSSL.build/Objects-normal/arm64/simple.dia -c /Users/j/Documents/GitHub/MoneroOne/build/SourcePackages/checkouts/swift-crypto/Sources/CCryptoBoringSSL/crypto/fipsmodule/ec/simple.c -o /Users/j/Documents/GitHub/MoneroOne/build/Build/Intermediates.noindex/swift-crypto.build/Debug-iphonesimulator/CCryptoBoringSSL.build/Objects-normal/arm64/simple.o -index-unit-output-path /swift-crypto.build/Debug-iphonesimulator/CCryptoBoringSSL.build/Objects-normal/arm64/simple.o

ScanDependencies /Users/j/Documents/GitHub/MoneroOne/build/Build/Intermediates.noindex/swift-crypto.build/Debug-iphonesimulator/CCryptoBoringSSL.build/Objects-normal/arm64/sign.o /Users/j/Documents/GitHub/MoneroOne/build/SourcePackages/checkouts/swift-crypto/Sources/CCryptoBoringSSL/crypto/evp/sign.c normal arm64 c com.apple.compilers.llvm.clang.1_0.compiler (in target 'CCryptoBoringSSL' from project 'swift-crypto')
    cd /Users/j/Documents/GitHub/MoneroOne/MoneroOne.xcodeproj
    
    Using response file: /Users/j/Documents/GitHub/MoneroOne/build/Build/Intermediates.noindex/swift-crypto.build/Debug-iphonesimulator/CCryptoBoringSSL.build/Objects-normal/arm64/7187679823f38a2a940e0043cdf9d637-common-args.resp
    
    builtin-ScanDependencies -o /Users/j/Documents/GitHub/MoneroOne/build/Build/Intermediates.noindex/swift-crypto.build/Debug-iphonesimulator/CCryptoBoringSSL.build/Objects-normal/arm64/sign.o.scan -- /Applications/Xcode.app/Contents/Developer/Toolchains/XcodeDefault.xctoolchain/usr/bin/clang -x c -ivfsstatcache /Users/j/Documents/GitHub/MoneroOne/build/SDKStatCaches.noindex/iphonesimulator26.1-23B77-90cf18a4295e390e64c810bc6bd7acbc.sdkstatcache -fmessage-length\=0 -fdiagnostics-show-note-include-stack -fmacro-backtrace-limit\=0 -fno-color-diagnostics -fmodules-prune-interval\=86400 -fmodules-prune-after\=345600 -fbuild-session-file\=/Users/j/Documents/GitHub/MoneroOne/build/ModuleCache.noindex/Session.modulevalidation -fmodules-validate-once-per-build-session -Wnon-modular-include-in-framework-module -Werror\=non-modular-include-in-framework-module -Wno-trigraphs -Wno-missing-field-initializers -Wno-missing-prototypes -Wno-return-type -Wno-missing-braces -Wparentheses -Wswitch -Wno-unused-function -Wno-unused-label -Wno-unused-parameter -Wno-unused-variable -Wunused-value -Wno-empty-body -Wno-uninitialized -Wno-unknown-pragmas -w -Wno-shadow -Wno-four-char-constants -Wno-conversion -Wno-constant-conversion -Wno-int-conversion -Wno-bool-conversion -Wno-enum-conversion -Wno-float-conversion -Wno-non-literal-null-conversion -Wno-objc-literal-conversion -Wshorten-64-to-32 -Wpointer-sign -Wno-newline-eof -Wno-implicit-fallthrough -fstrict-aliasing -Wdeprecated-declarations -Wno-sign-conversion -Wno-infinite-recursion -Wno-comma -Wno-block-capture-autoreleasing -Wno-strict-prototypes -Wno-semicolon-before-method-body -index-store-path /Users/j/Documents/GitHub/MoneroOne/build/Index.noindex/DataStore @/Users/j/Documents/GitHub/MoneroOne/build/Build/Intermediates.noindex/swift-crypto.build/Debug-iphonesimulator/CCryptoBoringSSL.build/Objects-normal/arm64/7187679823f38a2a940e0043cdf9d637-common-args.resp -MMD -MT dependencies -MF /Users/j/Documents/GitHub/MoneroOne/build/Build/Intermediates.noindex/swift-crypto.build/Debug-iphonesimulator/CCryptoBoringSSL.build/Objects-normal/arm64/sign.d --serialize-diagnostics /Users/j/Documents/GitHub/MoneroOne/build/Build/Intermediates.noindex/swift-crypto.build/Debug-iphonesimulator/CCryptoBoringSSL.build/Objects-normal/arm64/sign.dia -c /Users/j/Documents/GitHub/MoneroOne/build/SourcePackages/checkouts/swift-crypto/Sources/CCryptoBoringSSL/crypto/evp/sign.c -o /Users/j/Documents/GitHub/MoneroOne/build/Build/Intermediates.noindex/swift-crypto.build/Debug-iphonesimulator/CCryptoBoringSSL.build/Objects-normal/arm64/sign.o -index-unit-output-path /swift-crypto.build/Debug-iphonesimulator/CCryptoBoringSSL.build/Objects-normal/arm64/sign.o

CompileC /Users/j/Documents/GitHub/MoneroOne/build/Build/Intermediates.noindex/swift-crypto.build/Debug-iphonesimulator/CCryptoBoringSSL.build/Objects-normal/arm64/simple_mul.o /Users/j/Documents/GitHub/MoneroOne/build/SourcePackages/checkouts/swift-crypto/Sources/CCryptoBoringSSL/crypto/fipsmodule/ec/simple_mul.c normal arm64 c com.apple.compilers.llvm.clang.1_0.compiler (in target 'CCryptoBoringSSL' from project 'swift-crypto')
    cd /Users/j/Documents/GitHub/MoneroOne/MoneroOne.xcodeproj
    
    Using response file: /Users/j/Documents/GitHub/MoneroOne/build/Build/Intermediates.noindex/swift-crypto.build/Debug-iphonesimulator/CCryptoBoringSSL.build/Objects-normal/arm64/7187679823f38a2a940e0043cdf9d637-common-args.resp
    
    /Applications/Xcode.app/Contents/Developer/Toolchains/XcodeDefault.xctoolchain/usr/bin/clang -x c -ivfsstatcache /Users/j/Documents/GitHub/MoneroOne/build/SDKStatCaches.noindex/iphonesimulator26.1-23B77-90cf18a4295e390e64c810bc6bd7acbc.sdkstatcache -fmessage-length\=0 -fdiagnostics-show-note-include-stack -fmacro-backtrace-limit\=0 -fno-color-diagnostics -fmodules-prune-interval\=86400 -fmodules-prune-after\=345600 -fbuild-session-file\=/Users/j/Documents/GitHub/MoneroOne/build/ModuleCache.noindex/Session.modulevalidation -fmodules-validate-once-per-build-session -Wnon-modular-include-in-framework-module -Werror\=non-modular-include-in-framework-module -Wno-trigraphs -Wno-missing-field-initializers -Wno-missing-prototypes -Wno-return-type -Wno-missing-braces -Wparentheses -Wswitch -Wno-unused-function -Wno-unused-label -Wno-unused-parameter -Wno-unused-variable -Wunused-value -Wno-empty-body -Wno-uninitialized -Wno-unknown-pragmas -w -Wno-shadow -Wno-four-char-constants -Wno-conversion -Wno-constant-conversion -Wno-int-conversion -Wno-bool-conversion -Wno-enum-conversion -Wno-float-conversion -Wno-non-literal-null-conversion -Wno-objc-literal-conversion -Wshorten-64-to-32 -Wpointer-sign -Wno-newline-eof -Wno-implicit-fallthrough -fstrict-aliasing -Wdeprecated-declarations -Wno-sign-conversion -Wno-infinite-recursion -Wno-comma -Wno-block-capture-autoreleasing -Wno-strict-prototypes -Wno-semicolon-before-method-body -index-store-path /Users/j/Documents/GitHub/MoneroOne/build/Index.noindex/DataStore @/Users/j/Documents/GitHub/MoneroOne/build/Build/Intermediates.noindex/swift-crypto.build/Debug-iphonesimulator/CCryptoBoringSSL.build/Objects-normal/arm64/7187679823f38a2a940e0043cdf9d637-common-args.resp -MMD -MT dependencies -MF /Users/j/Documents/GitHub/MoneroOne/build/Build/Intermediates.noindex/swift-crypto.build/Debug-iphonesimulator/CCryptoBoringSSL.build/Objects-normal/arm64/simple_mul.d --serialize-diagnostics /Users/j/Documents/GitHub/MoneroOne/build/Build/Intermediates.noindex/swift-crypto.build/Debug-iphonesimulator/CCryptoBoringSSL.build/Objects-normal/arm64/simple_mul.dia -c /Users/j/Documents/GitHub/MoneroOne/build/SourcePackages/checkouts/swift-crypto/Sources/CCryptoBoringSSL/crypto/fipsmodule/ec/simple_mul.c -o /Users/j/Documents/GitHub/MoneroOne/build/Build/Intermediates.noindex/swift-crypto.build/Debug-iphonesimulator/CCryptoBoringSSL.build/Objects-normal/arm64/simple_mul.o -index-unit-output-path /swift-crypto.build/Debug-iphonesimulator/CCryptoBoringSSL.build/Objects-normal/arm64/simple_mul.o

ScanDependencies /Users/j/Documents/GitHub/MoneroOne/build/Build/Intermediates.noindex/swift-crypto.build/Debug-iphonesimulator/CCryptoBoringSSL.build/Objects-normal/arm64/shift.o /Users/j/Documents/GitHub/MoneroOne/build/SourcePackages/checkouts/swift-crypto/Sources/CCryptoBoringSSL/crypto/fipsmodule/bn/shift.c normal arm64 c com.apple.compilers.llvm.clang.1_0.compiler (in target 'CCryptoBoringSSL' from project 'swift-crypto')
    cd /Users/j/Documents/GitHub/MoneroOne/MoneroOne.xcodeproj
    
    Using response file: /Users/j/Documents/GitHub/MoneroOne/build/Build/Intermediates.noindex/swift-crypto.build/Debug-iphonesimulator/CCryptoBoringSSL.build/Objects-normal/arm64/7187679823f38a2a940e0043cdf9d637-common-args.resp
    
    builtin-ScanDependencies -o /Users/j/Documents/GitHub/MoneroOne/build/Build/Intermediates.noindex/swift-crypto.build/Debug-iphonesimulator/CCryptoBoringSSL.build/Objects-normal/arm64/shift.o.scan -- /Applications/Xcode.app/Contents/Developer/Toolchains/XcodeDefault.xctoolchain/usr/bin/clang -x c -ivfsstatcache /Users/j/Documents/GitHub/MoneroOne/build/SDKStatCaches.noindex/iphonesimulator26.1-23B77-90cf18a4295e390e64c810bc6bd7acbc.sdkstatcache -fmessage-length\=0 -fdiagnostics-show-note-include-stack -fmacro-backtrace-limit\=0 -fno-color-diagnostics -fmodules-prune-interval\=86400 -fmodules-prune-after\=345600 -fbuild-session-file\=/Users/j/Documents/GitHub/MoneroOne/build/ModuleCache.noindex/Session.modulevalidation -fmodules-validate-once-per-build-session -Wnon-modular-include-in-framework-module -Werror\=non-modular-include-in-framework-module -Wno-trigraphs -Wno-missing-field-initializers -Wno-missing-prototypes -Wno-return-type -Wno-missing-braces -Wparentheses -Wswitch -Wno-unused-function -Wno-unused-label -Wno-unused-parameter -Wno-unused-variable -Wunused-value -Wno-empty-body -Wno-uninitialized -Wno-unknown-pragmas -w -Wno-shadow -Wno-four-char-constants -Wno-conversion -Wno-constant-conversion -Wno-int-conversion -Wno-bool-conversion -Wno-enum-conversion -Wno-float-conversion -Wno-non-literal-null-conversion -Wno-objc-literal-conversion -Wshorten-64-to-32 -Wpointer-sign -Wno-newline-eof -Wno-implicit-fallthrough -fstrict-aliasing -Wdeprecated-declarations -Wno-sign-conversion -Wno-infinite-recursion -Wno-comma -Wno-block-capture-autoreleasing -Wno-strict-prototypes -Wno-semicolon-before-method-body -index-store-path /Users/j/Documents/GitHub/MoneroOne/build/Index.noindex/DataStore @/Users/j/Documents/GitHub/MoneroOne/build/Build/Intermediates.noindex/swift-crypto.build/Debug-iphonesimulator/CCryptoBoringSSL.build/Objects-normal/arm64/7187679823f38a2a940e0043cdf9d637-common-args.resp -MMD -MT dependencies -MF /Users/j/Documents/GitHub/MoneroOne/build/Build/Intermediates.noindex/swift-crypto.build/Debug-iphonesimulator/CCryptoBoringSSL.build/Objects-normal/arm64/shift.d --serialize-diagnostics /Users/j/Documents/GitHub/MoneroOne/build/Build/Intermediates.noindex/swift-crypto.build/Debug-iphonesimulator/CCryptoBoringSSL.build/Objects-normal/arm64/shift.dia -c /Users/j/Documents/GitHub/MoneroOne/build/SourcePackages/checkouts/swift-crypto/Sources/CCryptoBoringSSL/crypto/fipsmodule/bn/shift.c -o /Users/j/Documents/GitHub/MoneroOne/build/Build/Intermediates.noindex/swift-crypto.build/Debug-iphonesimulator/CCryptoBoringSSL.build/Objects-normal/arm64/shift.o -index-unit-output-path /swift-crypto.build/Debug-iphonesimulator/CCryptoBoringSSL.build/Objects-normal/arm64/shift.o

ScanDependencies /Users/j/Documents/GitHub/MoneroOne/build/Build/Intermediates.noindex/swift-crypto.build/Debug-iphonesimulator/CCryptoBoringSSL.build/Objects-normal/arm64/sha512.o /Users/j/Documents/GitHub/MoneroOne/build/SourcePackages/checkouts/swift-crypto/Sources/CCryptoBoringSSL/crypto/fipsmodule/sha/sha512.c normal arm64 c com.apple.compilers.llvm.clang.1_0.compiler (in target 'CCryptoBoringSSL' from project 'swift-crypto')
    cd /Users/j/Documents/GitHub/MoneroOne/MoneroOne.xcodeproj
    
    Using response file: /Users/j/Documents/GitHub/MoneroOne/build/Build/Intermediates.noindex/swift-crypto.build/Debug-iphonesimulator/CCryptoBoringSSL.build/Objects-normal/arm64/7187679823f38a2a940e0043cdf9d637-common-args.resp
    
    builtin-ScanDependencies -o /Users/j/Documents/GitHub/MoneroOne/build/Build/Intermediates.noindex/swift-crypto.build/Debug-iphonesimulator/CCryptoBoringSSL.build/Objects-normal/arm64/sha512.o.scan -- /Applications/Xcode.app/Contents/Developer/Toolchains/XcodeDefault.xctoolchain/usr/bin/clang -x c -ivfsstatcache /Users/j/Documents/GitHub/MoneroOne/build/SDKStatCaches.noindex/iphonesimulator26.1-23B77-90cf18a4295e390e64c810bc6bd7acbc.sdkstatcache -fmessage-length\=0 -fdiagnostics-show-note-include-stack -fmacro-backtrace-limit\=0 -fno-color-diagnostics -fmodules-prune-interval\=86400 -fmodules-prune-after\=345600 -fbuild-session-file\=/Users/j/Documents/GitHub/MoneroOne/build/ModuleCache.noindex/Session.modulevalidation -fmodules-validate-once-per-build-session -Wnon-modular-include-in-framework-module -Werror\=non-modular-include-in-framework-module -Wno-trigraphs -Wno-missing-field-initializers -Wno-missing-prototypes -Wno-return-type -Wno-missing-braces -Wparentheses -Wswitch -Wno-unused-function -Wno-unused-label -Wno-unused-parameter -Wno-unused-variable -Wunused-value -Wno-empty-body -Wno-uninitialized -Wno-unknown-pragmas -w -Wno-shadow -Wno-four-char-constants -Wno-conversion -Wno-constant-conversion -Wno-int-conversion -Wno-bool-conversion -Wno-enum-conversion -Wno-float-conversion -Wno-non-literal-null-conversion -Wno-objc-literal-conversion -Wshorten-64-to-32 -Wpointer-sign -Wno-newline-eof -Wno-implicit-fallthrough -fstrict-aliasing -Wdeprecated-declarations -Wno-sign-conversion -Wno-infinite-recursion -Wno-comma -Wno-block-capture-autoreleasing -Wno-strict-prototypes -Wno-semicolon-before-method-body -index-store-path /Users/j/Documents/GitHub/MoneroOne/build/Index.noindex/DataStore @/Users/j/Documents/GitHub/MoneroOne/build/Build/Intermediates.noindex/swift-crypto.build/Debug-iphonesimulator/CCryptoBoringSSL.build/Objects-normal/arm64/7187679823f38a2a940e0043cdf9d637-common-args.resp -MMD -MT dependencies -MF /Users/j/Documents/GitHub/MoneroOne/build/Build/Intermediates.noindex/swift-crypto.build/Debug-iphonesimulator/CCryptoBoringSSL.build/Objects-normal/arm64/sha512.d --serialize-diagnostics /Users/j/Documents/GitHub/MoneroOne/build/Build/Intermediates.noindex/swift-crypto.build/Debug-iphonesimulator/CCryptoBoringSSL.build/Objects-normal/arm64/sha512.dia -c /Users/j/Documents/GitHub/MoneroOne/build/SourcePackages/checkouts/swift-crypto/Sources/CCryptoBoringSSL/crypto/fipsmodule/sha/sha512.c -o /Users/j/Documents/GitHub/MoneroOne/build/Build/Intermediates.noindex/swift-crypto.build/Debug-iphonesimulator/CCryptoBoringSSL.build/Objects-normal/arm64/sha512.o -index-unit-output-path /swift-crypto.build/Debug-iphonesimulator/CCryptoBoringSSL.build/Objects-normal/arm64/sha512.o

ScanDependencies /Users/j/Documents/GitHub/MoneroOne/build/Build/Intermediates.noindex/swift-crypto.build/Debug-iphonesimulator/CCryptoBoringSSL.build/Objects-normal/arm64/sha256.o /Users/j/Documents/GitHub/MoneroOne/build/SourcePackages/checkouts/swift-crypto/Sources/CCryptoBoringSSL/crypto/fipsmodule/sha/sha256.c normal arm64 c com.apple.compilers.llvm.clang.1_0.compiler (in target 'CCryptoBoringSSL' from project 'swift-crypto')
    cd /Users/j/Documents/GitHub/MoneroOne/MoneroOne.xcodeproj
    
    Using response file: /Users/j/Documents/GitHub/MoneroOne/build/Build/Intermediates.noindex/swift-crypto.build/Debug-iphonesimulator/CCryptoBoringSSL.build/Objects-normal/arm64/7187679823f38a2a940e0043cdf9d637-common-args.resp
    
    builtin-ScanDependencies -o /Users/j/Documents/GitHub/MoneroOne/build/Build/Intermediates.noindex/swift-crypto.build/Debug-iphonesimulator/CCryptoBoringSSL.build/Objects-normal/arm64/sha256.o.scan -- /Applications/Xcode.app/Contents/Developer/Toolchains/XcodeDefault.xctoolchain/usr/bin/clang -x c -ivfsstatcache /Users/j/Documents/GitHub/MoneroOne/build/SDKStatCaches.noindex/iphonesimulator26.1-23B77-90cf18a4295e390e64c810bc6bd7acbc.sdkstatcache -fmessage-length\=0 -fdiagnostics-show-note-include-stack -fmacro-backtrace-limit\=0 -fno-color-diagnostics -fmodules-prune-interval\=86400 -fmodules-prune-after\=345600 -fbuild-session-file\=/Users/j/Documents/GitHub/MoneroOne/build/ModuleCache.noindex/Session.modulevalidation -fmodules-validate-once-per-build-session -Wnon-modular-include-in-framework-module -Werror\=non-modular-include-in-framework-module -Wno-trigraphs -Wno-missing-field-initializers -Wno-missing-prototypes -Wno-return-type -Wno-missing-braces -Wparentheses -Wswitch -Wno-unused-function -Wno-unused-label -Wno-unused-parameter -Wno-unused-variable -Wunused-value -Wno-empty-body -Wno-uninitialized -Wno-unknown-pragmas -w -Wno-shadow -Wno-four-char-constants -Wno-conversion -Wno-constant-conversion -Wno-int-conversion -Wno-bool-conversion -Wno-enum-conversion -Wno-float-conversion -Wno-non-literal-null-conversion -Wno-objc-literal-conversion -Wshorten-64-to-32 -Wpointer-sign -Wno-newline-eof -Wno-implicit-fallthrough -fstrict-aliasing -Wdeprecated-declarations -Wno-sign-conversion -Wno-infinite-recursion -Wno-comma -Wno-block-capture-autoreleasing -Wno-strict-prototypes -Wno-semicolon-before-method-body -index-store-path /Users/j/Documents/GitHub/MoneroOne/build/Index.noindex/DataStore @/Users/j/Documents/GitHub/MoneroOne/build/Build/Intermediates.noindex/swift-crypto.build/Debug-iphonesimulator/CCryptoBoringSSL.build/Objects-normal/arm64/7187679823f38a2a940e0043cdf9d637-common-args.resp -MMD -MT dependencies -MF /Users/j/Documents/GitHub/MoneroOne/build/Build/Intermediates.noindex/swift-crypto.build/Debug-iphonesimulator/CCryptoBoringSSL.build/Objects-normal/arm64/sha256.d --serialize-diagnostics /Users/j/Documents/GitHub/MoneroOne/build/Build/Intermediates.noindex/swift-crypto.build/Debug-iphonesimulator/CCryptoBoringSSL.build/Objects-normal/arm64/sha256.dia -c /Users/j/Documents/GitHub/MoneroOne/build/SourcePackages/checkouts/swift-crypto/Sources/CCryptoBoringSSL/crypto/fipsmodule/sha/sha256.c -o /Users/j/Documents/GitHub/MoneroOne/build/Build/Intermediates.noindex/swift-crypto.build/Debug-iphonesimulator/CCryptoBoringSSL.build/Objects-normal/arm64/sha256.o -index-unit-output-path /swift-crypto.build/Debug-iphonesimulator/CCryptoBoringSSL.build/Objects-normal/arm64/sha256.o

ScanDependencies /Users/j/Documents/GitHub/MoneroOne/build/Build/Intermediates.noindex/swift-crypto.build/Debug-iphonesimulator/CCryptoBoringSSL.build/Objects-normal/arm64/sha1.o /Users/j/Documents/GitHub/MoneroOne/build/SourcePackages/checkouts/swift-crypto/Sources/CCryptoBoringSSL/crypto/fipsmodule/sha/sha1.c normal arm64 c com.apple.compilers.llvm.clang.1_0.compiler (in target 'CCryptoBoringSSL' from project 'swift-crypto')
    cd /Users/j/Documents/GitHub/MoneroOne/MoneroOne.xcodeproj
    
    Using response file: /Users/j/Documents/GitHub/MoneroOne/build/Build/Intermediates.noindex/swift-crypto.build/Debug-iphonesimulator/CCryptoBoringSSL.build/Objects-normal/arm64/7187679823f38a2a940e0043cdf9d637-common-args.resp
    
    builtin-ScanDependencies -o /Users/j/Documents/GitHub/MoneroOne/build/Build/Intermediates.noindex/swift-crypto.build/Debug-iphonesimulator/CCryptoBoringSSL.build/Objects-normal/arm64/sha1.o.scan -- /Applications/Xcode.app/Contents/Developer/Toolchains/XcodeDefault.xctoolchain/usr/bin/clang -x c -ivfsstatcache /Users/j/Documents/GitHub/MoneroOne/build/SDKStatCaches.noindex/iphonesimulator26.1-23B77-90cf18a4295e390e64c810bc6bd7acbc.sdkstatcache -fmessage-length\=0 -fdiagnostics-show-note-include-stack -fmacro-backtrace-limit\=0 -fno-color-diagnostics -fmodules-prune-interval\=86400 -fmodules-prune-after\=345600 -fbuild-session-file\=/Users/j/Documents/GitHub/MoneroOne/build/ModuleCache.noindex/Session.modulevalidation -fmodules-validate-once-per-build-session -Wnon-modular-include-in-framework-module -Werror\=non-modular-include-in-framework-module -Wno-trigraphs -Wno-missing-field-initializers -Wno-missing-prototypes -Wno-return-type -Wno-missing-braces -Wparentheses -Wswitch -Wno-unused-function -Wno-unused-label -Wno-unused-parameter -Wno-unused-variable -Wunused-value -Wno-empty-body -Wno-uninitialized -Wno-unknown-pragmas -w -Wno-shadow -Wno-four-char-constants -Wno-conversion -Wno-constant-conversion -Wno-int-conversion -Wno-bool-conversion -Wno-enum-conversion -Wno-float-conversion -Wno-non-literal-null-conversion -Wno-objc-literal-conversion -Wshorten-64-to-32 -Wpointer-sign -Wno-newline-eof -Wno-implicit-fallthrough -fstrict-aliasing -Wdeprecated-declarations -Wno-sign-conversion -Wno-infinite-recursion -Wno-comma -Wno-block-capture-autoreleasing -Wno-strict-prototypes -Wno-semicolon-before-method-body -index-store-path /Users/j/Documents/GitHub/MoneroOne/build/Index.noindex/DataStore @/Users/j/Documents/GitHub/MoneroOne/build/Build/Intermediates.noindex/swift-crypto.build/Debug-iphonesimulator/CCryptoBoringSSL.build/Objects-normal/arm64/7187679823f38a2a940e0043cdf9d637-common-args.resp -MMD -MT dependencies -MF /Users/j/Documents/GitHub/MoneroOne/build/Build/Intermediates.noindex/swift-crypto.build/Debug-iphonesimulator/CCryptoBoringSSL.build/Objects-normal/arm64/sha1.d --serialize-diagnostics /Users/j/Documents/GitHub/MoneroOne/build/Build/Intermediates.noindex/swift-crypto.build/Debug-iphonesimulator/CCryptoBoringSSL.build/Objects-normal/arm64/sha1.dia -c /Users/j/Documents/GitHub/MoneroOne/build/SourcePackages/checkouts/swift-crypto/Sources/CCryptoBoringSSL/crypto/fipsmodule/sha/sha1.c -o /Users/j/Documents/GitHub/MoneroOne/build/Build/Intermediates.noindex/swift-crypto.build/Debug-iphonesimulator/CCryptoBoringSSL.build/Objects-normal/arm64/sha1.o -index-unit-output-path /swift-crypto.build/Debug-iphonesimulator/CCryptoBoringSSL.build/Objects-normal/arm64/sha1.o

CompileC /Users/j/Documents/GitHub/MoneroOne/build/Build/Intermediates.noindex/swift-crypto.build/Debug-iphonesimulator/CCryptoBoringSSL.build/Objects-normal/arm64/simple.o /Users/j/Documents/GitHub/MoneroOne/build/SourcePackages/checkouts/swift-crypto/Sources/CCryptoBoringSSL/crypto/fipsmodule/ec/simple.c normal arm64 c com.apple.compilers.llvm.clang.1_0.compiler (in target 'CCryptoBoringSSL' from project 'swift-crypto')
    cd /Users/j/Documents/GitHub/MoneroOne/MoneroOne.xcodeproj
    
    Using response file: /Users/j/Documents/GitHub/MoneroOne/build/Build/Intermediates.noindex/swift-crypto.build/Debug-iphonesimulator/CCryptoBoringSSL.build/Objects-normal/arm64/7187679823f38a2a940e0043cdf9d637-common-args.resp
    
    /Applications/Xcode.app/Contents/Developer/Toolchains/XcodeDefault.xctoolchain/usr/bin/clang -x c -ivfsstatcache /Users/j/Documents/GitHub/MoneroOne/build/SDKStatCaches.noindex/iphonesimulator26.1-23B77-90cf18a4295e390e64c810bc6bd7acbc.sdkstatcache -fmessage-length\=0 -fdiagnostics-show-note-include-stack -fmacro-backtrace-limit\=0 -fno-color-diagnostics -fmodules-prune-interval\=86400 -fmodules-prune-after\=345600 -fbuild-session-file\=/Users/j/Documents/GitHub/MoneroOne/build/ModuleCache.noindex/Session.modulevalidation -fmodules-validate-once-per-build-session -Wnon-modular-include-in-framework-module -Werror\=non-modular-include-in-framework-module -Wno-trigraphs -Wno-missing-field-initializers -Wno-missing-prototypes -Wno-return-type -Wno-missing-braces -Wparentheses -Wswitch -Wno-unused-function -Wno-unused-label -Wno-unused-parameter -Wno-unused-variable -Wunused-value -Wno-empty-body -Wno-uninitialized -Wno-unknown-pragmas -w -Wno-shadow -Wno-four-char-constants -Wno-conversion -Wno-constant-conversion -Wno-int-conversion -Wno-bool-conversion -Wno-enum-conversion -Wno-float-conversion -Wno-non-literal-null-conversion -Wno-objc-literal-conversion -Wshorten-64-to-32 -Wpointer-sign -Wno-newline-eof -Wno-implicit-fallthrough -fstrict-aliasing -Wdeprecated-declarations -Wno-sign-conversion -Wno-infinite-recursion -Wno-comma -Wno-block-capture-autoreleasing -Wno-strict-prototypes -Wno-semicolon-before-method-body -index-store-path /Users/j/Documents/GitHub/MoneroOne/build/Index.noindex/DataStore @/Users/j/Documents/GitHub/MoneroOne/build/Build/Intermediates.noindex/swift-crypto.build/Debug-iphonesimulator/CCryptoBoringSSL.build/Objects-normal/arm64/7187679823f38a2a940e0043cdf9d637-common-args.resp -MMD -MT dependencies -MF /Users/j/Documents/GitHub/MoneroOne/build/Build/Intermediates.noindex/swift-crypto.build/Debug-iphonesimulator/CCryptoBoringSSL.build/Objects-normal/arm64/simple.d --serialize-diagnostics /Users/j/Documents/GitHub/MoneroOne/build/Build/Intermediates.noindex/swift-crypto.build/Debug-iphonesimulator/CCryptoBoringSSL.build/Objects-normal/arm64/simple.dia -c /Users/j/Documents/GitHub/MoneroOne/build/SourcePackages/checkouts/swift-crypto/Sources/CCryptoBoringSSL/crypto/fipsmodule/ec/simple.c -o /Users/j/Documents/GitHub/MoneroOne/build/Build/Intermediates.noindex/swift-crypto.build/Debug-iphonesimulator/CCryptoBoringSSL.build/Objects-normal/arm64/simple.o -index-unit-output-path /swift-crypto.build/Debug-iphonesimulator/CCryptoBoringSSL.build/Objects-normal/arm64/simple.o

CompileC /Users/j/Documents/GitHub/MoneroOne/build/Build/Intermediates.noindex/swift-crypto.build/Debug-iphonesimulator/CCryptoBoringSSL.build/Objects-normal/arm64/shift.o /Users/j/Documents/GitHub/MoneroOne/build/SourcePackages/checkouts/swift-crypto/Sources/CCryptoBoringSSL/crypto/fipsmodule/bn/shift.c normal arm64 c com.apple.compilers.llvm.clang.1_0.compiler (in target 'CCryptoBoringSSL' from project 'swift-crypto')
    cd /Users/j/Documents/GitHub/MoneroOne/MoneroOne.xcodeproj
    
    Using response file: /Users/j/Documents/GitHub/MoneroOne/build/Build/Intermediates.noindex/swift-crypto.build/Debug-iphonesimulator/CCryptoBoringSSL.build/Objects-normal/arm64/7187679823f38a2a940e0043cdf9d637-common-args.resp
    
    /Applications/Xcode.app/Contents/Developer/Toolchains/XcodeDefault.xctoolchain/usr/bin/clang -x c -ivfsstatcache /Users/j/Documents/GitHub/MoneroOne/build/SDKStatCaches.noindex/iphonesimulator26.1-23B77-90cf18a4295e390e64c810bc6bd7acbc.sdkstatcache -fmessage-length\=0 -fdiagnostics-show-note-include-stack -fmacro-backtrace-limit\=0 -fno-color-diagnostics -fmodules-prune-interval\=86400 -fmodules-prune-after\=345600 -fbuild-session-file\=/Users/j/Documents/GitHub/MoneroOne/build/ModuleCache.noindex/Session.modulevalidation -fmodules-validate-once-per-build-session -Wnon-modular-include-in-framework-module -Werror\=non-modular-include-in-framework-module -Wno-trigraphs -Wno-missing-field-initializers -Wno-missing-prototypes -Wno-return-type -Wno-missing-braces -Wparentheses -Wswitch -Wno-unused-function -Wno-unused-label -Wno-unused-parameter -Wno-unused-variable -Wunused-value -Wno-empty-body -Wno-uninitialized -Wno-unknown-pragmas -w -Wno-shadow -Wno-four-char-constants -Wno-conversion -Wno-constant-conversion -Wno-int-conversion -Wno-bool-conversion -Wno-enum-conversion -Wno-float-conversion -Wno-non-literal-null-conversion -Wno-objc-literal-conversion -Wshorten-64-to-32 -Wpointer-sign -Wno-newline-eof -Wno-implicit-fallthrough -fstrict-aliasing -Wdeprecated-declarations -Wno-sign-conversion -Wno-infinite-recursion -Wno-comma -Wno-block-capture-autoreleasing -Wno-strict-prototypes -Wno-semicolon-before-method-body -index-store-path /Users/j/Documents/GitHub/MoneroOne/build/Index.noindex/DataStore @/Users/j/Documents/GitHub/MoneroOne/build/Build/Intermediates.noindex/swift-crypto.build/Debug-iphonesimulator/CCryptoBoringSSL.build/Objects-normal/arm64/7187679823f38a2a940e0043cdf9d637-common-args.resp -MMD -MT dependencies -MF /Users/j/Documents/GitHub/MoneroOne/build/Build/Intermediates.noindex/swift-crypto.build/Debug-iphonesimulator/CCryptoBoringSSL.build/Objects-normal/arm64/shift.d --serialize-diagnostics /Users/j/Documents/GitHub/MoneroOne/build/Build/Intermediates.noindex/swift-crypto.build/Debug-iphonesimulator/CCryptoBoringSSL.build/Objects-normal/arm64/shift.dia -c /Users/j/Documents/GitHub/MoneroOne/build/SourcePackages/checkouts/swift-crypto/Sources/CCryptoBoringSSL/crypto/fipsmodule/bn/shift.c -o /Users/j/Documents/GitHub/MoneroOne/build/Build/Intermediates.noindex/swift-crypto.build/Debug-iphonesimulator/CCryptoBoringSSL.build/Objects-normal/arm64/shift.o -index-unit-output-path /swift-crypto.build/Debug-iphonesimulator/CCryptoBoringSSL.build/Objects-normal/arm64/shift.o

ScanDependencies /Users/j/Documents/GitHub/MoneroOne/build/Build/Intermediates.noindex/swift-crypto.build/Debug-iphonesimulator/CCryptoBoringSSL.build/Objects-normal/arm64/service_indicator.o /Users/j/Documents/GitHub/MoneroOne/build/SourcePackages/checkouts/swift-crypto/Sources/CCryptoBoringSSL/crypto/fipsmodule/service_indicator/service_indicator.c normal arm64 c com.apple.compilers.llvm.clang.1_0.compiler (in target 'CCryptoBoringSSL' from project 'swift-crypto')
    cd /Users/j/Documents/GitHub/MoneroOne/MoneroOne.xcodeproj
    
    Using response file: /Users/j/Documents/GitHub/MoneroOne/build/Build/Intermediates.noindex/swift-crypto.build/Debug-iphonesimulator/CCryptoBoringSSL.build/Objects-normal/arm64/7187679823f38a2a940e0043cdf9d637-common-args.resp
    
    builtin-ScanDependencies -o /Users/j/Documents/GitHub/MoneroOne/build/Build/Intermediates.noindex/swift-crypto.build/Debug-iphonesimulator/CCryptoBoringSSL.build/Objects-normal/arm64/service_indicator.o.scan -- /Applications/Xcode.app/Contents/Developer/Toolchains/XcodeDefault.xctoolchain/usr/bin/clang -x c -ivfsstatcache /Users/j/Documents/GitHub/MoneroOne/build/SDKStatCaches.noindex/iphonesimulator26.1-23B77-90cf18a4295e390e64c810bc6bd7acbc.sdkstatcache -fmessage-length\=0 -fdiagnostics-show-note-include-stack -fmacro-backtrace-limit\=0 -fno-color-diagnostics -fmodules-prune-interval\=86400 -fmodules-prune-after\=345600 -fbuild-session-file\=/Users/j/Documents/GitHub/MoneroOne/build/ModuleCache.noindex/Session.modulevalidation -fmodules-validate-once-per-build-session -Wnon-modular-include-in-framework-module -Werror\=non-modular-include-in-framework-module -Wno-trigraphs -Wno-missing-field-initializers -Wno-missing-prototypes -Wno-return-type -Wno-missing-braces -Wparentheses -Wswitch -Wno-unused-function -Wno-unused-label -Wno-unused-parameter -Wno-unused-variable -Wunused-value -Wno-empty-body -Wno-uninitialized -Wno-unknown-pragmas -w -Wno-shadow -Wno-four-char-constants -Wno-conversion -Wno-constant-conversion -Wno-int-conversion -Wno-bool-conversion -Wno-enum-conversion -Wno-float-conversion -Wno-non-literal-null-conversion -Wno-objc-literal-conversion -Wshorten-64-to-32 -Wpointer-sign -Wno-newline-eof -Wno-implicit-fallthrough -fstrict-aliasing -Wdeprecated-declarations -Wno-sign-conversion -Wno-infinite-recursion -Wno-comma -Wno-block-capture-autoreleasing -Wno-strict-prototypes -Wno-semicolon-before-method-body -index-store-path /Users/j/Documents/GitHub/MoneroOne/build/Index.noindex/DataStore @/Users/j/Documents/GitHub/MoneroOne/build/Build/Intermediates.noindex/swift-crypto.build/Debug-iphonesimulator/CCryptoBoringSSL.build/Objects-normal/arm64/7187679823f38a2a940e0043cdf9d637-common-args.resp -MMD -MT dependencies -MF /Users/j/Documents/GitHub/MoneroOne/build/Build/Intermediates.noindex/swift-crypto.build/Debug-iphonesimulator/CCryptoBoringSSL.build/Objects-normal/arm64/service_indicator.d --serialize-diagnostics /Users/j/Documents/GitHub/MoneroOne/build/Build/Intermediates.noindex/swift-crypto.build/Debug-iphonesimulator/CCryptoBoringSSL.build/Objects-normal/arm64/service_indicator.dia -c /Users/j/Documents/GitHub/MoneroOne/build/SourcePackages/checkouts/swift-crypto/Sources/CCryptoBoringSSL/crypto/fipsmodule/service_indicator/service_indicator.c -o /Users/j/Documents/GitHub/MoneroOne/build/Build/Intermediates.noindex/swift-crypto.build/Debug-iphonesimulator/CCryptoBoringSSL.build/Objects-normal/arm64/service_indicator.o -index-unit-output-path /swift-crypto.build/Debug-iphonesimulator/CCryptoBoringSSL.build/Objects-normal/arm64/service_indicator.o

CompileC /Users/j/Documents/GitHub/MoneroOne/build/Build/Intermediates.noindex/swift-crypto.build/Debug-iphonesimulator/CCryptoBoringSSL.build/Objects-normal/arm64/sha256.o /Users/j/Documents/GitHub/MoneroOne/build/SourcePackages/checkouts/swift-crypto/Sources/CCryptoBoringSSL/crypto/fipsmodule/sha/sha256.c normal arm64 c com.apple.compilers.llvm.clang.1_0.compiler (in target 'CCryptoBoringSSL' from project 'swift-crypto')
    cd /Users/j/Documents/GitHub/MoneroOne/MoneroOne.xcodeproj
    
    Using response file: /Users/j/Documents/GitHub/MoneroOne/build/Build/Intermediates.noindex/swift-crypto.build/Debug-iphonesimulator/CCryptoBoringSSL.build/Objects-normal/arm64/7187679823f38a2a940e0043cdf9d637-common-args.resp
    
    /Applications/Xcode.app/Contents/Developer/Toolchains/XcodeDefault.xctoolchain/usr/bin/clang -x c -ivfsstatcache /Users/j/Documents/GitHub/MoneroOne/build/SDKStatCaches.noindex/iphonesimulator26.1-23B77-90cf18a4295e390e64c810bc6bd7acbc.sdkstatcache -fmessage-length\=0 -fdiagnostics-show-note-include-stack -fmacro-backtrace-limit\=0 -fno-color-diagnostics -fmodules-prune-interval\=86400 -fmodules-prune-after\=345600 -fbuild-session-file\=/Users/j/Documents/GitHub/MoneroOne/build/ModuleCache.noindex/Session.modulevalidation -fmodules-validate-once-per-build-session -Wnon-modular-include-in-framework-module -Werror\=non-modular-include-in-framework-module -Wno-trigraphs -Wno-missing-field-initializers -Wno-missing-prototypes -Wno-return-type -Wno-missing-braces -Wparentheses -Wswitch -Wno-unused-function -Wno-unused-label -Wno-unused-parameter -Wno-unused-variable -Wunused-value -Wno-empty-body -Wno-uninitialized -Wno-unknown-pragmas -w -Wno-shadow -Wno-four-char-constants -Wno-conversion -Wno-constant-conversion -Wno-int-conversion -Wno-bool-conversion -Wno-enum-conversion -Wno-float-conversion -Wno-non-literal-null-conversion -Wno-objc-literal-conversion -Wshorten-64-to-32 -Wpointer-sign -Wno-newline-eof -Wno-implicit-fallthrough -fstrict-aliasing -Wdeprecated-declarations -Wno-sign-conversion -Wno-infinite-recursion -Wno-comma -Wno-block-capture-autoreleasing -Wno-strict-prototypes -Wno-semicolon-before-method-body -index-store-path /Users/j/Documents/GitHub/MoneroOne/build/Index.noindex/DataStore @/Users/j/Documents/GitHub/MoneroOne/build/Build/Intermediates.noindex/swift-crypto.build/Debug-iphonesimulator/CCryptoBoringSSL.build/Objects-normal/arm64/7187679823f38a2a940e0043cdf9d637-common-args.resp -MMD -MT dependencies -MF /Users/j/Documents/GitHub/MoneroOne/build/Build/Intermediates.noindex/swift-crypto.build/Debug-iphonesimulator/CCryptoBoringSSL.build/Objects-normal/arm64/sha256.d --serialize-diagnostics /Users/j/Documents/GitHub/MoneroOne/build/Build/Intermediates.noindex/swift-crypto.build/Debug-iphonesimulator/CCryptoBoringSSL.build/Objects-normal/arm64/sha256.dia -c /Users/j/Documents/GitHub/MoneroOne/build/SourcePackages/checkouts/swift-crypto/Sources/CCryptoBoringSSL/crypto/fipsmodule/sha/sha256.c -o /Users/j/Documents/GitHub/MoneroOne/build/Build/Intermediates.noindex/swift-crypto.build/Debug-iphonesimulator/CCryptoBoringSSL.build/Objects-normal/arm64/sha256.o -index-unit-output-path /swift-crypto.build/Debug-iphonesimulator/CCryptoBoringSSL.build/Objects-normal/arm64/sha256.o

CompileC /Users/j/Documents/GitHub/MoneroOne/build/Build/Intermediates.noindex/swift-crypto.build/Debug-iphonesimulator/CCryptoBoringSSL.build/Objects-normal/arm64/sha512.o /Users/j/Documents/GitHub/MoneroOne/build/SourcePackages/checkouts/swift-crypto/Sources/CCryptoBoringSSL/crypto/fipsmodule/sha/sha512.c normal arm64 c com.apple.compilers.llvm.clang.1_0.compiler (in target 'CCryptoBoringSSL' from project 'swift-crypto')
    cd /Users/j/Documents/GitHub/MoneroOne/MoneroOne.xcodeproj
    
    Using response file: /Users/j/Documents/GitHub/MoneroOne/build/Build/Intermediates.noindex/swift-crypto.build/Debug-iphonesimulator/CCryptoBoringSSL.build/Objects-normal/arm64/7187679823f38a2a940e0043cdf9d637-common-args.resp
    
    /Applications/Xcode.app/Contents/Developer/Toolchains/XcodeDefault.xctoolchain/usr/bin/clang -x c -ivfsstatcache /Users/j/Documents/GitHub/MoneroOne/build/SDKStatCaches.noindex/iphonesimulator26.1-23B77-90cf18a4295e390e64c810bc6bd7acbc.sdkstatcache -fmessage-length\=0 -fdiagnostics-show-note-include-stack -fmacro-backtrace-limit\=0 -fno-color-diagnostics -fmodules-prune-interval\=86400 -fmodules-prune-after\=345600 -fbuild-session-file\=/Users/j/Documents/GitHub/MoneroOne/build/ModuleCache.noindex/Session.modulevalidation -fmodules-validate-once-per-build-session -Wnon-modular-include-in-framework-module -Werror\=non-modular-include-in-framework-module -Wno-trigraphs -Wno-missing-field-initializers -Wno-missing-prototypes -Wno-return-type -Wno-missing-braces -Wparentheses -Wswitch -Wno-unused-function -Wno-unused-label -Wno-unused-parameter -Wno-unused-variable -Wunused-value -Wno-empty-body -Wno-uninitialized -Wno-unknown-pragmas -w -Wno-shadow -Wno-four-char-constants -Wno-conversion -Wno-constant-conversion -Wno-int-conversion -Wno-bool-conversion -Wno-enum-conversion -Wno-float-conversion -Wno-non-literal-null-conversion -Wno-objc-literal-conversion -Wshorten-64-to-32 -Wpointer-sign -Wno-newline-eof -Wno-implicit-fallthrough -fstrict-aliasing -Wdeprecated-declarations -Wno-sign-conversion -Wno-infinite-recursion -Wno-comma -Wno-block-capture-autoreleasing -Wno-strict-prototypes -Wno-semicolon-before-method-body -index-store-path /Users/j/Documents/GitHub/MoneroOne/build/Index.noindex/DataStore @/Users/j/Documents/GitHub/MoneroOne/build/Build/Intermediates.noindex/swift-crypto.build/Debug-iphonesimulator/CCryptoBoringSSL.build/Objects-normal/arm64/7187679823f38a2a940e0043cdf9d637-common-args.resp -MMD -MT dependencies -MF /Users/j/Documents/GitHub/MoneroOne/build/Build/Intermediates.noindex/swift-crypto.build/Debug-iphonesimulator/CCryptoBoringSSL.build/Objects-normal/arm64/sha512.d --serialize-diagnostics /Users/j/Documents/GitHub/MoneroOne/build/Build/Intermediates.noindex/swift-crypto.build/Debug-iphonesimulator/CCryptoBoringSSL.build/Objects-normal/arm64/sha512.dia -c /Users/j/Documents/GitHub/MoneroOne/build/SourcePackages/checkouts/swift-crypto/Sources/CCryptoBoringSSL/crypto/fipsmodule/sha/sha512.c -o /Users/j/Documents/GitHub/MoneroOne/build/Build/Intermediates.noindex/swift-crypto.build/Debug-iphonesimulator/CCryptoBoringSSL.build/Objects-normal/arm64/sha512.o -index-unit-output-path /swift-crypto.build/Debug-iphonesimulator/CCryptoBoringSSL.build/Objects-normal/arm64/sha512.o

CompileC /Users/j/Documents/GitHub/MoneroOne/build/Build/Intermediates.noindex/swift-crypto.build/Debug-iphonesimulator/CCryptoBoringSSL.build/Objects-normal/arm64/sign.o /Users/j/Documents/GitHub/MoneroOne/build/SourcePackages/checkouts/swift-crypto/Sources/CCryptoBoringSSL/crypto/evp/sign.c normal arm64 c com.apple.compilers.llvm.clang.1_0.compiler (in target 'CCryptoBoringSSL' from project 'swift-crypto')
    cd /Users/j/Documents/GitHub/MoneroOne/MoneroOne.xcodeproj
    
    Using response file: /Users/j/Documents/GitHub/MoneroOne/build/Build/Intermediates.noindex/swift-crypto.build/Debug-iphonesimulator/CCryptoBoringSSL.build/Objects-normal/arm64/7187679823f38a2a940e0043cdf9d637-common-args.resp
    
    /Applications/Xcode.app/Contents/Developer/Toolchains/XcodeDefault.xctoolchain/usr/bin/clang -x c -ivfsstatcache /Users/j/Documents/GitHub/MoneroOne/build/SDKStatCaches.noindex/iphonesimulator26.1-23B77-90cf18a4295e390e64c810bc6bd7acbc.sdkstatcache -fmessage-length\=0 -fdiagnostics-show-note-include-stack -fmacro-backtrace-limit\=0 -fno-color-diagnostics -fmodules-prune-interval\=86400 -fmodules-prune-after\=345600 -fbuild-session-file\=/Users/j/Documents/GitHub/MoneroOne/build/ModuleCache.noindex/Session.modulevalidation -fmodules-validate-once-per-build-session -Wnon-modular-include-in-framework-module -Werror\=non-modular-include-in-framework-module -Wno-trigraphs -Wno-missing-field-initializers -Wno-missing-prototypes -Wno-return-type -Wno-missing-braces -Wparentheses -Wswitch -Wno-unused-function -Wno-unused-label -Wno-unused-parameter -Wno-unused-variable -Wunused-value -Wno-empty-body -Wno-uninitialized -Wno-unknown-pragmas -w -Wno-shadow -Wno-four-char-constants -Wno-conversion -Wno-constant-conversion -Wno-int-conversion -Wno-bool-conversion -Wno-enum-conversion -Wno-float-conversion -Wno-non-literal-null-conversion -Wno-objc-literal-conversion -Wshorten-64-to-32 -Wpointer-sign -Wno-newline-eof -Wno-implicit-fallthrough -fstrict-aliasing -Wdeprecated-declarations -Wno-sign-conversion -Wno-infinite-recursion -Wno-comma -Wno-block-capture-autoreleasing -Wno-strict-prototypes -Wno-semicolon-before-method-body -index-store-path /Users/j/Documents/GitHub/MoneroOne/build/Index.noindex/DataStore @/Users/j/Documents/GitHub/MoneroOne/build/Build/Intermediates.noindex/swift-crypto.build/Debug-iphonesimulator/CCryptoBoringSSL.build/Objects-normal/arm64/7187679823f38a2a940e0043cdf9d637-common-args.resp -MMD -MT dependencies -MF /Users/j/Documents/GitHub/MoneroOne/build/Build/Intermediates.noindex/swift-crypto.build/Debug-iphonesimulator/CCryptoBoringSSL.build/Objects-normal/arm64/sign.d --serialize-diagnostics /Users/j/Documents/GitHub/MoneroOne/build/Build/Intermediates.noindex/swift-crypto.build/Debug-iphonesimulator/CCryptoBoringSSL.build/Objects-normal/arm64/sign.dia -c /Users/j/Documents/GitHub/MoneroOne/build/SourcePackages/checkouts/swift-crypto/Sources/CCryptoBoringSSL/crypto/evp/sign.c -o /Users/j/Documents/GitHub/MoneroOne/build/Build/Intermediates.noindex/swift-crypto.build/Debug-iphonesimulator/CCryptoBoringSSL.build/Objects-normal/arm64/sign.o -index-unit-output-path /swift-crypto.build/Debug-iphonesimulator/CCryptoBoringSSL.build/Objects-normal/arm64/sign.o

CompileC /Users/j/Documents/GitHub/MoneroOne/build/Build/Intermediates.noindex/swift-crypto.build/Debug-iphonesimulator/CCryptoBoringSSL.build/Objects-normal/arm64/sha1.o /Users/j/Documents/GitHub/MoneroOne/build/SourcePackages/checkouts/swift-crypto/Sources/CCryptoBoringSSL/crypto/fipsmodule/sha/sha1.c normal arm64 c com.apple.compilers.llvm.clang.1_0.compiler (in target 'CCryptoBoringSSL' from project 'swift-crypto')
    cd /Users/j/Documents/GitHub/MoneroOne/MoneroOne.xcodeproj
    
    Using response file: /Users/j/Documents/GitHub/MoneroOne/build/Build/Intermediates.noindex/swift-crypto.build/Debug-iphonesimulator/CCryptoBoringSSL.build/Objects-normal/arm64/7187679823f38a2a940e0043cdf9d637-common-args.resp
    
    /Applications/Xcode.app/Contents/Developer/Toolchains/XcodeDefault.xctoolchain/usr/bin/clang -x c -ivfsstatcache /Users/j/Documents/GitHub/MoneroOne/build/SDKStatCaches.noindex/iphonesimulator26.1-23B77-90cf18a4295e390e64c810bc6bd7acbc.sdkstatcache -fmessage-length\=0 -fdiagnostics-show-note-include-stack -fmacro-backtrace-limit\=0 -fno-color-diagnostics -fmodules-prune-interval\=86400 -fmodules-prune-after\=345600 -fbuild-session-file\=/Users/j/Documents/GitHub/MoneroOne/build/ModuleCache.noindex/Session.modulevalidation -fmodules-validate-once-per-build-session -Wnon-modular-include-in-framework-module -Werror\=non-modular-include-in-framework-module -Wno-trigraphs -Wno-missing-field-initializers -Wno-missing-prototypes -Wno-return-type -Wno-missing-braces -Wparentheses -Wswitch -Wno-unused-function -Wno-unused-label -Wno-unused-parameter -Wno-unused-variable -Wunused-value -Wno-empty-body -Wno-uninitialized -Wno-unknown-pragmas -w -Wno-shadow -Wno-four-char-constants -Wno-conversion -Wno-constant-conversion -Wno-int-conversion -Wno-bool-conversion -Wno-enum-conversion -Wno-float-conversion -Wno-non-literal-null-conversion -Wno-objc-literal-conversion -Wshorten-64-to-32 -Wpointer-sign -Wno-newline-eof -Wno-implicit-fallthrough -fstrict-aliasing -Wdeprecated-declarations -Wno-sign-conversion -Wno-infinite-recursion -Wno-comma -Wno-block-capture-autoreleasing -Wno-strict-prototypes -Wno-semicolon-before-method-body -index-store-path /Users/j/Documents/GitHub/MoneroOne/build/Index.noindex/DataStore @/Users/j/Documents/GitHub/MoneroOne/build/Build/Intermediates.noindex/swift-crypto.build/Debug-iphonesimulator/CCryptoBoringSSL.build/Objects-normal/arm64/7187679823f38a2a940e0043cdf9d637-common-args.resp -MMD -MT dependencies -MF /Users/j/Documents/GitHub/MoneroOne/build/Build/Intermediates.noindex/swift-crypto.build/Debug-iphonesimulator/CCryptoBoringSSL.build/Objects-normal/arm64/sha1.d --serialize-diagnostics /Users/j/Documents/GitHub/MoneroOne/build/Build/Intermediates.noindex/swift-crypto.build/Debug-iphonesimulator/CCryptoBoringSSL.build/Objects-normal/arm64/sha1.dia -c /Users/j/Documents/GitHub/MoneroOne/build/SourcePackages/checkouts/swift-crypto/Sources/CCryptoBoringSSL/crypto/fipsmodule/sha/sha1.c -o /Users/j/Documents/GitHub/MoneroOne/build/Build/Intermediates.noindex/swift-crypto.build/Debug-iphonesimulator/CCryptoBoringSSL.build/Objects-normal/arm64/sha1.o -index-unit-output-path /swift-crypto.build/Debug-iphonesimulator/CCryptoBoringSSL.build/Objects-normal/arm64/sha1.o

CompileC /Users/j/Documents/GitHub/MoneroOne/build/Build/Intermediates.noindex/swift-crypto.build/Debug-iphonesimulator/CCryptoBoringSSL.build/Objects-normal/arm64/service_indicator.o /Users/j/Documents/GitHub/MoneroOne/build/SourcePackages/checkouts/swift-crypto/Sources/CCryptoBoringSSL/crypto/fipsmodule/service_indicator/service_indicator.c normal arm64 c com.apple.compilers.llvm.clang.1_0.compiler (in target 'CCryptoBoringSSL' from project 'swift-crypto')
    cd /Users/j/Documents/GitHub/MoneroOne/MoneroOne.xcodeproj
    
    Using response file: /Users/j/Documents/GitHub/MoneroOne/build/Build/Intermediates.noindex/swift-crypto.build/Debug-iphonesimulator/CCryptoBoringSSL.build/Objects-normal/arm64/7187679823f38a2a940e0043cdf9d637-common-args.resp
    
    /Applications/Xcode.app/Contents/Developer/Toolchains/XcodeDefault.xctoolchain/usr/bin/clang -x c -ivfsstatcache /Users/j/Documents/GitHub/MoneroOne/build/SDKStatCaches.noindex/iphonesimulator26.1-23B77-90cf18a4295e390e64c810bc6bd7acbc.sdkstatcache -fmessage-length\=0 -fdiagnostics-show-note-include-stack -fmacro-backtrace-limit\=0 -fno-color-diagnostics -fmodules-prune-interval\=86400 -fmodules-prune-after\=345600 -fbuild-session-file\=/Users/j/Documents/GitHub/MoneroOne/build/ModuleCache.noindex/Session.modulevalidation -fmodules-validate-once-per-build-session -Wnon-modular-include-in-framework-module -Werror\=non-modular-include-in-framework-module -Wno-trigraphs -Wno-missing-field-initializers -Wno-missing-prototypes -Wno-return-type -Wno-missing-braces -Wparentheses -Wswitch -Wno-unused-function -Wno-unused-label -Wno-unused-parameter -Wno-unused-variable -Wunused-value -Wno-empty-body -Wno-uninitialized -Wno-unknown-pragmas -w -Wno-shadow -Wno-four-char-constants -Wno-conversion -Wno-constant-conversion -Wno-int-conversion -Wno-bool-conversion -Wno-enum-conversion -Wno-float-conversion -Wno-non-literal-null-conversion -Wno-objc-literal-conversion -Wshorten-64-to-32 -Wpointer-sign -Wno-newline-eof -Wno-implicit-fallthrough -fstrict-aliasing -Wdeprecated-declarations -Wno-sign-conversion -Wno-infinite-recursion -Wno-comma -Wno-block-capture-autoreleasing -Wno-strict-prototypes -Wno-semicolon-before-method-body -index-store-path /Users/j/Documents/GitHub/MoneroOne/build/Index.noindex/DataStore @/Users/j/Documents/GitHub/MoneroOne/build/Build/Intermediates.noindex/swift-crypto.build/Debug-iphonesimulator/CCryptoBoringSSL.build/Objects-normal/arm64/7187679823f38a2a940e0043cdf9d637-common-args.resp -MMD -MT dependencies -MF /Users/j/Documents/GitHub/MoneroOne/build/Build/Intermediates.noindex/swift-crypto.build/Debug-iphonesimulator/CCryptoBoringSSL.build/Objects-normal/arm64/service_indicator.d --serialize-diagnostics /Users/j/Documents/GitHub/MoneroOne/build/Build/Intermediates.noindex/swift-crypto.build/Debug-iphonesimulator/CCryptoBoringSSL.build/Objects-normal/arm64/service_indicator.dia -c /Users/j/Documents/GitHub/MoneroOne/build/SourcePackages/checkouts/swift-crypto/Sources/CCryptoBoringSSL/crypto/fipsmodule/service_indicator/service_indicator.c -o /Users/j/Documents/GitHub/MoneroOne/build/Build/Intermediates.noindex/swift-crypto.build/Debug-iphonesimulator/CCryptoBoringSSL.build/Objects-normal/arm64/service_indicator.o -index-unit-output-path /swift-crypto.build/Debug-iphonesimulator/CCryptoBoringSSL.build/Objects-normal/arm64/service_indicator.o

ScanDependencies /Users/j/Documents/GitHub/MoneroOne/build/Build/Intermediates.noindex/swift-crypto.build/Debug-iphonesimulator/CCryptoBoringSSL.build/Objects-normal/arm64/self_check.o /Users/j/Documents/GitHub/MoneroOne/build/SourcePackages/checkouts/swift-crypto/Sources/CCryptoBoringSSL/crypto/fipsmodule/self_check/self_check.c normal arm64 c com.apple.compilers.llvm.clang.1_0.compiler (in target 'CCryptoBoringSSL' from project 'swift-crypto')
    cd /Users/j/Documents/GitHub/MoneroOne/MoneroOne.xcodeproj
    
    Using response file: /Users/j/Documents/GitHub/MoneroOne/build/Build/Intermediates.noindex/swift-crypto.build/Debug-iphonesimulator/CCryptoBoringSSL.build/Objects-normal/arm64/7187679823f38a2a940e0043cdf9d637-common-args.resp
    
    builtin-ScanDependencies -o /Users/j/Documents/GitHub/MoneroOne/build/Build/Intermediates.noindex/swift-crypto.build/Debug-iphonesimulator/CCryptoBoringSSL.build/Objects-normal/arm64/self_check.o.scan -- /Applications/Xcode.app/Contents/Developer/Toolchains/XcodeDefault.xctoolchain/usr/bin/clang -x c -ivfsstatcache /Users/j/Documents/GitHub/MoneroOne/build/SDKStatCaches.noindex/iphonesimulator26.1-23B77-90cf18a4295e390e64c810bc6bd7acbc.sdkstatcache -fmessage-length\=0 -fdiagnostics-show-note-include-stack -fmacro-backtrace-limit\=0 -fno-color-diagnostics -fmodules-prune-interval\=86400 -fmodules-prune-after\=345600 -fbuild-session-file\=/Users/j/Documents/GitHub/MoneroOne/build/ModuleCache.noindex/Session.modulevalidation -fmodules-validate-once-per-build-session -Wnon-modular-include-in-framework-module -Werror\=non-modular-include-in-framework-module -Wno-trigraphs -Wno-missing-field-initializers -Wno-missing-prototypes -Wno-return-type -Wno-missing-braces -Wparentheses -Wswitch -Wno-unused-function -Wno-unused-label -Wno-unused-parameter -Wno-unused-variable -Wunused-value -Wno-empty-body -Wno-uninitialized -Wno-unknown-pragmas -w -Wno-shadow -Wno-four-char-constants -Wno-conversion -Wno-constant-conversion -Wno-int-conversion -Wno-bool-conversion -Wno-enum-conversion -Wno-float-conversion -Wno-non-literal-null-conversion -Wno-objc-literal-conversion -Wshorten-64-to-32 -Wpointer-sign -Wno-newline-eof -Wno-implicit-fallthrough -fstrict-aliasing -Wdeprecated-declarations -Wno-sign-conversion -Wno-infinite-recursion -Wno-comma -Wno-block-capture-autoreleasing -Wno-strict-prototypes -Wno-semicolon-before-method-body -index-store-path /Users/j/Documents/GitHub/MoneroOne/build/Index.noindex/DataStore @/Users/j/Documents/GitHub/MoneroOne/build/Build/Intermediates.noindex/swift-crypto.build/Debug-iphonesimulator/CCryptoBoringSSL.build/Objects-normal/arm64/7187679823f38a2a940e0043cdf9d637-common-args.resp -MMD -MT dependencies -MF /Users/j/Documents/GitHub/MoneroOne/build/Build/Intermediates.noindex/swift-crypto.build/Debug-iphonesimulator/CCryptoBoringSSL.build/Objects-normal/arm64/self_check.d --serialize-diagnostics /Users/j/Documents/GitHub/MoneroOne/build/Build/Intermediates.noindex/swift-crypto.build/Debug-iphonesimulator/CCryptoBoringSSL.build/Objects-normal/arm64/self_check.dia -c /Users/j/Documents/GitHub/MoneroOne/build/SourcePackages/checkouts/swift-crypto/Sources/CCryptoBoringSSL/crypto/fipsmodule/self_check/self_check.c -o /Users/j/Documents/GitHub/MoneroOne/build/Build/Intermediates.noindex/swift-crypto.build/Debug-iphonesimulator/CCryptoBoringSSL.build/Objects-normal/arm64/self_check.o -index-unit-output-path /swift-crypto.build/Debug-iphonesimulator/CCryptoBoringSSL.build/Objects-normal/arm64/self_check.o

ScanDependencies /Users/j/Documents/GitHub/MoneroOne/build/Build/Intermediates.noindex/swift-crypto.build/Debug-iphonesimulator/CCryptoBoringSSL.build/Objects-normal/arm64/scrypt.o /Users/j/Documents/GitHub/MoneroOne/build/SourcePackages/checkouts/swift-crypto/Sources/CCryptoBoringSSL/crypto/evp/scrypt.c normal arm64 c com.apple.compilers.llvm.clang.1_0.compiler (in target 'CCryptoBoringSSL' from project 'swift-crypto')
    cd /Users/j/Documents/GitHub/MoneroOne/MoneroOne.xcodeproj
    
    Using response file: /Users/j/Documents/GitHub/MoneroOne/build/Build/Intermediates.noindex/swift-crypto.build/Debug-iphonesimulator/CCryptoBoringSSL.build/Objects-normal/arm64/7187679823f38a2a940e0043cdf9d637-common-args.resp
    
    builtin-ScanDependencies -o /Users/j/Documents/GitHub/MoneroOne/build/Build/Intermediates.noindex/swift-crypto.build/Debug-iphonesimulator/CCryptoBoringSSL.build/Objects-normal/arm64/scrypt.o.scan -- /Applications/Xcode.app/Contents/Developer/Toolchains/XcodeDefault.xctoolchain/usr/bin/clang -x c -ivfsstatcache /Users/j/Documents/GitHub/MoneroOne/build/SDKStatCaches.noindex/iphonesimulator26.1-23B77-90cf18a4295e390e64c810bc6bd7acbc.sdkstatcache -fmessage-length\=0 -fdiagnostics-show-note-include-stack -fmacro-backtrace-limit\=0 -fno-color-diagnostics -fmodules-prune-interval\=86400 -fmodules-prune-after\=345600 -fbuild-session-file\=/Users/j/Documents/GitHub/MoneroOne/build/ModuleCache.noindex/Session.modulevalidation -fmodules-validate-once-per-build-session -Wnon-modular-include-in-framework-module -Werror\=non-modular-include-in-framework-module -Wno-trigraphs -Wno-missing-field-initializers -Wno-missing-prototypes -Wno-return-type -Wno-missing-braces -Wparentheses -Wswitch -Wno-unused-function -Wno-unused-label -Wno-unused-parameter -Wno-unused-variable -Wunused-value -Wno-empty-body -Wno-uninitialized -Wno-unknown-pragmas -w -Wno-shadow -Wno-four-char-constants -Wno-conversion -Wno-constant-conversion -Wno-int-conversion -Wno-bool-conversion -Wno-enum-conversion -Wno-float-conversion -Wno-non-literal-null-conversion -Wno-objc-literal-conversion -Wshorten-64-to-32 -Wpointer-sign -Wno-newline-eof -Wno-implicit-fallthrough -fstrict-aliasing -Wdeprecated-declarations -Wno-sign-conversion -Wno-infinite-recursion -Wno-comma -Wno-block-capture-autoreleasing -Wno-strict-prototypes -Wno-semicolon-before-method-body -index-store-path /Users/j/Documents/GitHub/MoneroOne/build/Index.noindex/DataStore @/Users/j/Documents/GitHub/MoneroOne/build/Build/Intermediates.noindex/swift-crypto.build/Debug-iphonesimulator/CCryptoBoringSSL.build/Objects-normal/arm64/7187679823f38a2a940e0043cdf9d637-common-args.resp -MMD -MT dependencies -MF /Users/j/Documents/GitHub/MoneroOne/build/Build/Intermediates.noindex/swift-crypto.build/Debug-iphonesimulator/CCryptoBoringSSL.build/Objects-normal/arm64/scrypt.d --serialize-diagnostics /Users/j/Documents/GitHub/MoneroOne/build/Build/Intermediates.noindex/swift-crypto.build/Debug-iphonesimulator/CCryptoBoringSSL.build/Objects-normal/arm64/scrypt.dia -c /Users/j/Documents/GitHub/MoneroOne/build/SourcePackages/checkouts/swift-crypto/Sources/CCryptoBoringSSL/crypto/evp/scrypt.c -o /Users/j/Documents/GitHub/MoneroOne/build/Build/Intermediates.noindex/swift-crypto.build/Debug-iphonesimulator/CCryptoBoringSSL.build/Objects-normal/arm64/scrypt.o -index-unit-output-path /swift-crypto.build/Debug-iphonesimulator/CCryptoBoringSSL.build/Objects-normal/arm64/scrypt.o

ScanDependencies /Users/j/Documents/GitHub/MoneroOne/build/Build/Intermediates.noindex/swift-crypto.build/Debug-iphonesimulator/CCryptoBoringSSL.build/Objects-normal/arm64/scalar.o /Users/j/Documents/GitHub/MoneroOne/build/SourcePackages/checkouts/swift-crypto/Sources/CCryptoBoringSSL/crypto/fipsmodule/ec/scalar.c normal arm64 c com.apple.compilers.llvm.clang.1_0.compiler (in target 'CCryptoBoringSSL' from project 'swift-crypto')
    cd /Users/j/Documents/GitHub/MoneroOne/MoneroOne.xcodeproj
    
    Using response file: /Users/j/Documents/GitHub/MoneroOne/build/Build/Intermediates.noindex/swift-crypto.build/Debug-iphonesimulator/CCryptoBoringSSL.build/Objects-normal/arm64/7187679823f38a2a940e0043cdf9d637-common-args.resp
    
    builtin-ScanDependencies -o /Users/j/Documents/GitHub/MoneroOne/build/Build/Intermediates.noindex/swift-crypto.build/Debug-iphonesimulator/CCryptoBoringSSL.build/Objects-normal/arm64/scalar.o.scan -- /Applications/Xcode.app/Contents/Developer/Toolchains/XcodeDefault.xctoolchain/usr/bin/clang -x c -ivfsstatcache /Users/j/Documents/GitHub/MoneroOne/build/SDKStatCaches.noindex/iphonesimulator26.1-23B77-90cf18a4295e390e64c810bc6bd7acbc.sdkstatcache -fmessage-length\=0 -fdiagnostics-show-note-include-stack -fmacro-backtrace-limit\=0 -fno-color-diagnostics -fmodules-prune-interval\=86400 -fmodules-prune-after\=345600 -fbuild-session-file\=/Users/j/Documents/GitHub/MoneroOne/build/ModuleCache.noindex/Session.modulevalidation -fmodules-validate-once-per-build-session -Wnon-modular-include-in-framework-module -Werror\=non-modular-include-in-framework-module -Wno-trigraphs -Wno-missing-field-initializers -Wno-missing-prototypes -Wno-return-type -Wno-missing-braces -Wparentheses -Wswitch -Wno-unused-function -Wno-unused-label -Wno-unused-parameter -Wno-unused-variable -Wunused-value -Wno-empty-body -Wno-uninitialized -Wno-unknown-pragmas -w -Wno-shadow -Wno-four-char-constants -Wno-conversion -Wno-constant-conversion -Wno-int-conversion -Wno-bool-conversion -Wno-enum-conversion -Wno-float-conversion -Wno-non-literal-null-conversion -Wno-objc-literal-conversion -Wshorten-64-to-32 -Wpointer-sign -Wno-newline-eof -Wno-implicit-fallthrough -fstrict-aliasing -Wdeprecated-declarations -Wno-sign-conversion -Wno-infinite-recursion -Wno-comma -Wno-block-capture-autoreleasing -Wno-strict-prototypes -Wno-semicolon-before-method-body -index-store-path /Users/j/Documents/GitHub/MoneroOne/build/Index.noindex/DataStore @/Users/j/Documents/GitHub/MoneroOne/build/Build/Intermediates.noindex/swift-crypto.build/Debug-iphonesimulator/CCryptoBoringSSL.build/Objects-normal/arm64/7187679823f38a2a940e0043cdf9d637-common-args.resp -MMD -MT dependencies -MF /Users/j/Documents/GitHub/MoneroOne/build/Build/Intermediates.noindex/swift-crypto.build/Debug-iphonesimulator/CCryptoBoringSSL.build/Objects-normal/arm64/scalar.d --serialize-diagnostics /Users/j/Documents/GitHub/MoneroOne/build/Build/Intermediates.noindex/swift-crypto.build/Debug-iphonesimulator/CCryptoBoringSSL.build/Objects-normal/arm64/scalar.dia -c /Users/j/Documents/GitHub/MoneroOne/build/SourcePackages/checkouts/swift-crypto/Sources/CCryptoBoringSSL/crypto/fipsmodule/ec/scalar.c -o /Users/j/Documents/GitHub/MoneroOne/build/Build/Intermediates.noindex/swift-crypto.build/Debug-iphonesimulator/CCryptoBoringSSL.build/Objects-normal/arm64/scalar.o -index-unit-output-path /swift-crypto.build/Debug-iphonesimulator/CCryptoBoringSSL.build/Objects-normal/arm64/scalar.o

ScanDependencies /Users/j/Documents/GitHub/MoneroOne/build/Build/Intermediates.noindex/swift-crypto.build/Debug-iphonesimulator/CCryptoBoringSSL.build/Objects-normal/arm64/rsaz_exp.o /Users/j/Documents/GitHub/MoneroOne/build/SourcePackages/checkouts/swift-crypto/Sources/CCryptoBoringSSL/crypto/fipsmodule/bn/rsaz_exp.c normal arm64 c com.apple.compilers.llvm.clang.1_0.compiler (in target 'CCryptoBoringSSL' from project 'swift-crypto')
    cd /Users/j/Documents/GitHub/MoneroOne/MoneroOne.xcodeproj
    
    Using response file: /Users/j/Documents/GitHub/MoneroOne/build/Build/Intermediates.noindex/swift-crypto.build/Debug-iphonesimulator/CCryptoBoringSSL.build/Objects-normal/arm64/7187679823f38a2a940e0043cdf9d637-common-args.resp
    
    builtin-ScanDependencies -o /Users/j/Documents/GitHub/MoneroOne/build/Build/Intermediates.noindex/swift-crypto.build/Debug-iphonesimulator/CCryptoBoringSSL.build/Objects-normal/arm64/rsaz_exp.o.scan -- /Applications/Xcode.app/Contents/Developer/Toolchains/XcodeDefault.xctoolchain/usr/bin/clang -x c -ivfsstatcache /Users/j/Documents/GitHub/MoneroOne/build/SDKStatCaches.noindex/iphonesimulator26.1-23B77-90cf18a4295e390e64c810bc6bd7acbc.sdkstatcache -fmessage-length\=0 -fdiagnostics-show-note-include-stack -fmacro-backtrace-limit\=0 -fno-color-diagnostics -fmodules-prune-interval\=86400 -fmodules-prune-after\=345600 -fbuild-session-file\=/Users/j/Documents/GitHub/MoneroOne/build/ModuleCache.noindex/Session.modulevalidation -fmodules-validate-once-per-build-session -Wnon-modular-include-in-framework-module -Werror\=non-modular-include-in-framework-module -Wno-trigraphs -Wno-missing-field-initializers -Wno-missing-prototypes -Wno-return-type -Wno-missing-braces -Wparentheses -Wswitch -Wno-unused-function -Wno-unused-label -Wno-unused-parameter -Wno-unused-variable -Wunused-value -Wno-empty-body -Wno-uninitialized -Wno-unknown-pragmas -w -Wno-shadow -Wno-four-char-constants -Wno-conversion -Wno-constant-conversion -Wno-int-conversion -Wno-bool-conversion -Wno-enum-conversion -Wno-float-conversion -Wno-non-literal-null-conversion -Wno-objc-literal-conversion -Wshorten-64-to-32 -Wpointer-sign -Wno-newline-eof -Wno-implicit-fallthrough -fstrict-aliasing -Wdeprecated-declarations -Wno-sign-conversion -Wno-infinite-recursion -Wno-comma -Wno-block-capture-autoreleasing -Wno-strict-prototypes -Wno-semicolon-before-method-body -index-store-path /Users/j/Documents/GitHub/MoneroOne/build/Index.noindex/DataStore @/Users/j/Documents/GitHub/MoneroOne/build/Build/Intermediates.noindex/swift-crypto.build/Debug-iphonesimulator/CCryptoBoringSSL.build/Objects-normal/arm64/7187679823f38a2a940e0043cdf9d637-common-args.resp -MMD -MT dependencies -MF /Users/j/Documents/GitHub/MoneroOne/build/Build/Intermediates.noindex/swift-crypto.build/Debug-iphonesimulator/CCryptoBoringSSL.build/Objects-normal/arm64/rsaz_exp.d --serialize-diagnostics /Users/j/Documents/GitHub/MoneroOne/build/Build/Intermediates.noindex/swift-crypto.build/Debug-iphonesimulator/CCryptoBoringSSL.build/Objects-normal/arm64/rsaz_exp.dia -c /Users/j/Documents/GitHub/MoneroOne/build/SourcePackages/checkouts/swift-crypto/Sources/CCryptoBoringSSL/crypto/fipsmodule/bn/rsaz_exp.c -o /Users/j/Documents/GitHub/MoneroOne/build/Build/Intermediates.noindex/swift-crypto.build/Debug-iphonesimulator/CCryptoBoringSSL.build/Objects-normal/arm64/rsaz_exp.o -index-unit-output-path /swift-crypto.build/Debug-iphonesimulator/CCryptoBoringSSL.build/Objects-normal/arm64/rsaz_exp.o

ScanDependencies /Users/j/Documents/GitHub/MoneroOne/build/Build/Intermediates.noindex/swift-crypto.build/Debug-iphonesimulator/CCryptoBoringSSL.build/Objects-normal/arm64/rsa_pss.o /Users/j/Documents/GitHub/MoneroOne/build/SourcePackages/checkouts/swift-crypto/Sources/CCryptoBoringSSL/crypto/x509/rsa_pss.c normal arm64 c com.apple.compilers.llvm.clang.1_0.compiler (in target 'CCryptoBoringSSL' from project 'swift-crypto')
    cd /Users/j/Documents/GitHub/MoneroOne/MoneroOne.xcodeproj
    
    Using response file: /Users/j/Documents/GitHub/MoneroOne/build/Build/Intermediates.noindex/swift-crypto.build/Debug-iphonesimulator/CCryptoBoringSSL.build/Objects-normal/arm64/7187679823f38a2a940e0043cdf9d637-common-args.resp
    
    builtin-ScanDependencies -o /Users/j/Documents/GitHub/MoneroOne/build/Build/Intermediates.noindex/swift-crypto.build/Debug-iphonesimulator/CCryptoBoringSSL.build/Objects-normal/arm64/rsa_pss.o.scan -- /Applications/Xcode.app/Contents/Developer/Toolchains/XcodeDefault.xctoolchain/usr/bin/clang -x c -ivfsstatcache /Users/j/Documents/GitHub/MoneroOne/build/SDKStatCaches.noindex/iphonesimulator26.1-23B77-90cf18a4295e390e64c810bc6bd7acbc.sdkstatcache -fmessage-length\=0 -fdiagnostics-show-note-include-stack -fmacro-backtrace-limit\=0 -fno-color-diagnostics -fmodules-prune-interval\=86400 -fmodules-prune-after\=345600 -fbuild-session-file\=/Users/j/Documents/GitHub/MoneroOne/build/ModuleCache.noindex/Session.modulevalidation -fmodules-validate-once-per-build-session -Wnon-modular-include-in-framework-module -Werror\=non-modular-include-in-framework-module -Wno-trigraphs -Wno-missing-field-initializers -Wno-missing-prototypes -Wno-return-type -Wno-missing-braces -Wparentheses -Wswitch -Wno-unused-function -Wno-unused-label -Wno-unused-parameter -Wno-unused-variable -Wunused-value -Wno-empty-body -Wno-uninitialized -Wno-unknown-pragmas -w -Wno-shadow -Wno-four-char-constants -Wno-conversion -Wno-constant-conversion -Wno-int-conversion -Wno-bool-conversion -Wno-enum-conversion -Wno-float-conversion -Wno-non-literal-null-conversion -Wno-objc-literal-conversion -Wshorten-64-to-32 -Wpointer-sign -Wno-newline-eof -Wno-implicit-fallthrough -fstrict-aliasing -Wdeprecated-declarations -Wno-sign-conversion -Wno-infinite-recursion -Wno-comma -Wno-block-capture-autoreleasing -Wno-strict-prototypes -Wno-semicolon-before-method-body -index-store-path /Users/j/Documents/GitHub/MoneroOne/build/Index.noindex/DataStore @/Users/j/Documents/GitHub/MoneroOne/build/Build/Intermediates.noindex/swift-crypto.build/Debug-iphonesimulator/CCryptoBoringSSL.build/Objects-normal/arm64/7187679823f38a2a940e0043cdf9d637-common-args.resp -MMD -MT dependencies -MF /Users/j/Documents/GitHub/MoneroOne/build/Build/Intermediates.noindex/swift-crypto.build/Debug-iphonesimulator/CCryptoBoringSSL.build/Objects-normal/arm64/rsa_pss.d --serialize-diagnostics /Users/j/Documents/GitHub/MoneroOne/build/Build/Intermediates.noindex/swift-crypto.build/Debug-iphonesimulator/CCryptoBoringSSL.build/Objects-normal/arm64/rsa_pss.dia -c /Users/j/Documents/GitHub/MoneroOne/build/SourcePackages/checkouts/swift-crypto/Sources/CCryptoBoringSSL/crypto/x509/rsa_pss.c -o /Users/j/Documents/GitHub/MoneroOne/build/Build/Intermediates.noindex/swift-crypto.build/Debug-iphonesimulator/CCryptoBoringSSL.build/Objects-normal/arm64/rsa_pss.o -index-unit-output-path /swift-crypto.build/Debug-iphonesimulator/CCryptoBoringSSL.build/Objects-normal/arm64/rsa_pss.o

CompileC /Users/j/Documents/GitHub/MoneroOne/build/Build/Intermediates.noindex/swift-crypto.build/Debug-iphonesimulator/CCryptoBoringSSL.build/Objects-normal/arm64/self_check.o /Users/j/Documents/GitHub/MoneroOne/build/SourcePackages/checkouts/swift-crypto/Sources/CCryptoBoringSSL/crypto/fipsmodule/self_check/self_check.c normal arm64 c com.apple.compilers.llvm.clang.1_0.compiler (in target 'CCryptoBoringSSL' from project 'swift-crypto')
    cd /Users/j/Documents/GitHub/MoneroOne/MoneroOne.xcodeproj
    
    Using response file: /Users/j/Documents/GitHub/MoneroOne/build/Build/Intermediates.noindex/swift-crypto.build/Debug-iphonesimulator/CCryptoBoringSSL.build/Objects-normal/arm64/7187679823f38a2a940e0043cdf9d637-common-args.resp
    
    /Applications/Xcode.app/Contents/Developer/Toolchains/XcodeDefault.xctoolchain/usr/bin/clang -x c -ivfsstatcache /Users/j/Documents/GitHub/MoneroOne/build/SDKStatCaches.noindex/iphonesimulator26.1-23B77-90cf18a4295e390e64c810bc6bd7acbc.sdkstatcache -fmessage-length\=0 -fdiagnostics-show-note-include-stack -fmacro-backtrace-limit\=0 -fno-color-diagnostics -fmodules-prune-interval\=86400 -fmodules-prune-after\=345600 -fbuild-session-file\=/Users/j/Documents/GitHub/MoneroOne/build/ModuleCache.noindex/Session.modulevalidation -fmodules-validate-once-per-build-session -Wnon-modular-include-in-framework-module -Werror\=non-modular-include-in-framework-module -Wno-trigraphs -Wno-missing-field-initializers -Wno-missing-prototypes -Wno-return-type -Wno-missing-braces -Wparentheses -Wswitch -Wno-unused-function -Wno-unused-label -Wno-unused-parameter -Wno-unused-variable -Wunused-value -Wno-empty-body -Wno-uninitialized -Wno-unknown-pragmas -w -Wno-shadow -Wno-four-char-constants -Wno-conversion -Wno-constant-conversion -Wno-int-conversion -Wno-bool-conversion -Wno-enum-conversion -Wno-float-conversion -Wno-non-literal-null-conversion -Wno-objc-literal-conversion -Wshorten-64-to-32 -Wpointer-sign -Wno-newline-eof -Wno-implicit-fallthrough -fstrict-aliasing -Wdeprecated-declarations -Wno-sign-conversion -Wno-infinite-recursion -Wno-comma -Wno-block-capture-autoreleasing -Wno-strict-prototypes -Wno-semicolon-before-method-body -index-store-path /Users/j/Documents/GitHub/MoneroOne/build/Index.noindex/DataStore @/Users/j/Documents/GitHub/MoneroOne/build/Build/Intermediates.noindex/swift-crypto.build/Debug-iphonesimulator/CCryptoBoringSSL.build/Objects-normal/arm64/7187679823f38a2a940e0043cdf9d637-common-args.resp -MMD -MT dependencies -MF /Users/j/Documents/GitHub/MoneroOne/build/Build/Intermediates.noindex/swift-crypto.build/Debug-iphonesimulator/CCryptoBoringSSL.build/Objects-normal/arm64/self_check.d --serialize-diagnostics /Users/j/Documents/GitHub/MoneroOne/build/Build/Intermediates.noindex/swift-crypto.build/Debug-iphonesimulator/CCryptoBoringSSL.build/Objects-normal/arm64/self_check.dia -c /Users/j/Documents/GitHub/MoneroOne/build/SourcePackages/checkouts/swift-crypto/Sources/CCryptoBoringSSL/crypto/fipsmodule/self_check/self_check.c -o /Users/j/Documents/GitHub/MoneroOne/build/Build/Intermediates.noindex/swift-crypto.build/Debug-iphonesimulator/CCryptoBoringSSL.build/Objects-normal/arm64/self_check.o -index-unit-output-path /swift-crypto.build/Debug-iphonesimulator/CCryptoBoringSSL.build/Objects-normal/arm64/self_check.o

ScanDependencies /Users/j/Documents/GitHub/MoneroOne/build/Build/Intermediates.noindex/swift-crypto.build/Debug-iphonesimulator/CCryptoBoringSSL.build/Objects-normal/arm64/rsa_print.o /Users/j/Documents/GitHub/MoneroOne/build/SourcePackages/checkouts/swift-crypto/Sources/CCryptoBoringSSL/crypto/rsa_extra/rsa_print.c normal arm64 c com.apple.compilers.llvm.clang.1_0.compiler (in target 'CCryptoBoringSSL' from project 'swift-crypto')
    cd /Users/j/Documents/GitHub/MoneroOne/MoneroOne.xcodeproj
    
    Using response file: /Users/j/Documents/GitHub/MoneroOne/build/Build/Intermediates.noindex/swift-crypto.build/Debug-iphonesimulator/CCryptoBoringSSL.build/Objects-normal/arm64/7187679823f38a2a940e0043cdf9d637-common-args.resp
    
    builtin-ScanDependencies -o /Users/j/Documents/GitHub/MoneroOne/build/Build/Intermediates.noindex/swift-crypto.build/Debug-iphonesimulator/CCryptoBoringSSL.build/Objects-normal/arm64/rsa_print.o.scan -- /Applications/Xcode.app/Contents/Developer/Toolchains/XcodeDefault.xctoolchain/usr/bin/clang -x c -ivfsstatcache /Users/j/Documents/GitHub/MoneroOne/build/SDKStatCaches.noindex/iphonesimulator26.1-23B77-90cf18a4295e390e64c810bc6bd7acbc.sdkstatcache -fmessage-length\=0 -fdiagnostics-show-note-include-stack -fmacro-backtrace-limit\=0 -fno-color-diagnostics -fmodules-prune-interval\=86400 -fmodules-prune-after\=345600 -fbuild-session-file\=/Users/j/Documents/GitHub/MoneroOne/build/ModuleCache.noindex/Session.modulevalidation -fmodules-validate-once-per-build-session -Wnon-modular-include-in-framework-module -Werror\=non-modular-include-in-framework-module -Wno-trigraphs -Wno-missing-field-initializers -Wno-missing-prototypes -Wno-return-type -Wno-missing-braces -Wparentheses -Wswitch -Wno-unused-function -Wno-unused-label -Wno-unused-parameter -Wno-unused-variable -Wunused-value -Wno-empty-body -Wno-uninitialized -Wno-unknown-pragmas -w -Wno-shadow -Wno-four-char-constants -Wno-conversion -Wno-constant-conversion -Wno-int-conversion -Wno-bool-conversion -Wno-enum-conversion -Wno-float-conversion -Wno-non-literal-null-conversion -Wno-objc-literal-conversion -Wshorten-64-to-32 -Wpointer-sign -Wno-newline-eof -Wno-implicit-fallthrough -fstrict-aliasing -Wdeprecated-declarations -Wno-sign-conversion -Wno-infinite-recursion -Wno-comma -Wno-block-capture-autoreleasing -Wno-strict-prototypes -Wno-semicolon-before-method-body -index-store-path /Users/j/Documents/GitHub/MoneroOne/build/Index.noindex/DataStore @/Users/j/Documents/GitHub/MoneroOne/build/Build/Intermediates.noindex/swift-crypto.build/Debug-iphonesimulator/CCryptoBoringSSL.build/Objects-normal/arm64/7187679823f38a2a940e0043cdf9d637-common-args.resp -MMD -MT dependencies -MF /Users/j/Documents/GitHub/MoneroOne/build/Build/Intermediates.noindex/swift-crypto.build/Debug-iphonesimulator/CCryptoBoringSSL.build/Objects-normal/arm64/rsa_print.d --serialize-diagnostics /Users/j/Documents/GitHub/MoneroOne/build/Build/Intermediates.noindex/swift-crypto.build/Debug-iphonesimulator/CCryptoBoringSSL.build/Objects-normal/arm64/rsa_print.dia -c /Users/j/Documents/GitHub/MoneroOne/build/SourcePackages/checkouts/swift-crypto/Sources/CCryptoBoringSSL/crypto/rsa_extra/rsa_print.c -o /Users/j/Documents/GitHub/MoneroOne/build/Build/Intermediates.noindex/swift-crypto.build/Debug-iphonesimulator/CCryptoBoringSSL.build/Objects-normal/arm64/rsa_print.o -index-unit-output-path /swift-crypto.build/Debug-iphonesimulator/CCryptoBoringSSL.build/Objects-normal/arm64/rsa_print.o

ScanDependencies /Users/j/Documents/GitHub/MoneroOne/build/Build/Intermediates.noindex/swift-crypto.build/Debug-iphonesimulator/CCryptoBoringSSL.build/Objects-normal/arm64/rsa_impl.o /Users/j/Documents/GitHub/MoneroOne/build/SourcePackages/checkouts/swift-crypto/Sources/CCryptoBoringSSL/crypto/fipsmodule/rsa/rsa_impl.c normal arm64 c com.apple.compilers.llvm.clang.1_0.compiler (in target 'CCryptoBoringSSL' from project 'swift-crypto')
    cd /Users/j/Documents/GitHub/MoneroOne/MoneroOne.xcodeproj
    
    Using response file: /Users/j/Documents/GitHub/MoneroOne/build/Build/Intermediates.noindex/swift-crypto.build/Debug-iphonesimulator/CCryptoBoringSSL.build/Objects-normal/arm64/7187679823f38a2a940e0043cdf9d637-common-args.resp
    
    builtin-ScanDependencies -o /Users/j/Documents/GitHub/MoneroOne/build/Build/Intermediates.noindex/swift-crypto.build/Debug-iphonesimulator/CCryptoBoringSSL.build/Objects-normal/arm64/rsa_impl.o.scan -- /Applications/Xcode.app/Contents/Developer/Toolchains/XcodeDefault.xctoolchain/usr/bin/clang -x c -ivfsstatcache /Users/j/Documents/GitHub/MoneroOne/build/SDKStatCaches.noindex/iphonesimulator26.1-23B77-90cf18a4295e390e64c810bc6bd7acbc.sdkstatcache -fmessage-length\=0 -fdiagnostics-show-note-include-stack -fmacro-backtrace-limit\=0 -fno-color-diagnostics -fmodules-prune-interval\=86400 -fmodules-prune-after\=345600 -fbuild-session-file\=/Users/j/Documents/GitHub/MoneroOne/build/ModuleCache.noindex/Session.modulevalidation -fmodules-validate-once-per-build-session -Wnon-modular-include-in-framework-module -Werror\=non-modular-include-in-framework-module -Wno-trigraphs -Wno-missing-field-initializers -Wno-missing-prototypes -Wno-return-type -Wno-missing-braces -Wparentheses -Wswitch -Wno-unused-function -Wno-unused-label -Wno-unused-parameter -Wno-unused-variable -Wunused-value -Wno-empty-body -Wno-uninitialized -Wno-unknown-pragmas -w -Wno-shadow -Wno-four-char-constants -Wno-conversion -Wno-constant-conversion -Wno-int-conversion -Wno-bool-conversion -Wno-enum-conversion -Wno-float-conversion -Wno-non-literal-null-conversion -Wno-objc-literal-conversion -Wshorten-64-to-32 -Wpointer-sign -Wno-newline-eof -Wno-implicit-fallthrough -fstrict-aliasing -Wdeprecated-declarations -Wno-sign-conversion -Wno-infinite-recursion -Wno-comma -Wno-block-capture-autoreleasing -Wno-strict-prototypes -Wno-semicolon-before-method-body -index-store-path /Users/j/Documents/GitHub/MoneroOne/build/Index.noindex/DataStore @/Users/j/Documents/GitHub/MoneroOne/build/Build/Intermediates.noindex/swift-crypto.build/Debug-iphonesimulator/CCryptoBoringSSL.build/Objects-normal/arm64/7187679823f38a2a940e0043cdf9d637-common-args.resp -MMD -MT dependencies -MF /Users/j/Documents/GitHub/MoneroOne/build/Build/Intermediates.noindex/swift-crypto.build/Debug-iphonesimulator/CCryptoBoringSSL.build/Objects-normal/arm64/rsa_impl.d --serialize-diagnostics /Users/j/Documents/GitHub/MoneroOne/build/Build/Intermediates.noindex/swift-crypto.build/Debug-iphonesimulator/CCryptoBoringSSL.build/Objects-normal/arm64/rsa_impl.dia -c /Users/j/Documents/GitHub/MoneroOne/build/SourcePackages/checkouts/swift-crypto/Sources/CCryptoBoringSSL/crypto/fipsmodule/rsa/rsa_impl.c -o /Users/j/Documents/GitHub/MoneroOne/build/Build/Intermediates.noindex/swift-crypto.build/Debug-iphonesimulator/CCryptoBoringSSL.build/Objects-normal/arm64/rsa_impl.o -index-unit-output-path /swift-crypto.build/Debug-iphonesimulator/CCryptoBoringSSL.build/Objects-normal/arm64/rsa_impl.o

CompileC /Users/j/Documents/GitHub/MoneroOne/build/Build/Intermediates.noindex/swift-crypto.build/Debug-iphonesimulator/CCryptoBoringSSL.build/Objects-normal/arm64/scalar.o /Users/j/Documents/GitHub/MoneroOne/build/SourcePackages/checkouts/swift-crypto/Sources/CCryptoBoringSSL/crypto/fipsmodule/ec/scalar.c normal arm64 c com.apple.compilers.llvm.clang.1_0.compiler (in target 'CCryptoBoringSSL' from project 'swift-crypto')
    cd /Users/j/Documents/GitHub/MoneroOne/MoneroOne.xcodeproj
    
    Using response file: /Users/j/Documents/GitHub/MoneroOne/build/Build/Intermediates.noindex/swift-crypto.build/Debug-iphonesimulator/CCryptoBoringSSL.build/Objects-normal/arm64/7187679823f38a2a940e0043cdf9d637-common-args.resp
    
    /Applications/Xcode.app/Contents/Developer/Toolchains/XcodeDefault.xctoolchain/usr/bin/clang -x c -ivfsstatcache /Users/j/Documents/GitHub/MoneroOne/build/SDKStatCaches.noindex/iphonesimulator26.1-23B77-90cf18a4295e390e64c810bc6bd7acbc.sdkstatcache -fmessage-length\=0 -fdiagnostics-show-note-include-stack -fmacro-backtrace-limit\=0 -fno-color-diagnostics -fmodules-prune-interval\=86400 -fmodules-prune-after\=345600 -fbuild-session-file\=/Users/j/Documents/GitHub/MoneroOne/build/ModuleCache.noindex/Session.modulevalidation -fmodules-validate-once-per-build-session -Wnon-modular-include-in-framework-module -Werror\=non-modular-include-in-framework-module -Wno-trigraphs -Wno-missing-field-initializers -Wno-missing-prototypes -Wno-return-type -Wno-missing-braces -Wparentheses -Wswitch -Wno-unused-function -Wno-unused-label -Wno-unused-parameter -Wno-unused-variable -Wunused-value -Wno-empty-body -Wno-uninitialized -Wno-unknown-pragmas -w -Wno-shadow -Wno-four-char-constants -Wno-conversion -Wno-constant-conversion -Wno-int-conversion -Wno-bool-conversion -Wno-enum-conversion -Wno-float-conversion -Wno-non-literal-null-conversion -Wno-objc-literal-conversion -Wshorten-64-to-32 -Wpointer-sign -Wno-newline-eof -Wno-implicit-fallthrough -fstrict-aliasing -Wdeprecated-declarations -Wno-sign-conversion -Wno-infinite-recursion -Wno-comma -Wno-block-capture-autoreleasing -Wno-strict-prototypes -Wno-semicolon-before-method-body -index-store-path /Users/j/Documents/GitHub/MoneroOne/build/Index.noindex/DataStore @/Users/j/Documents/GitHub/MoneroOne/build/Build/Intermediates.noindex/swift-crypto.build/Debug-iphonesimulator/CCryptoBoringSSL.build/Objects-normal/arm64/7187679823f38a2a940e0043cdf9d637-common-args.resp -MMD -MT dependencies -MF /Users/j/Documents/GitHub/MoneroOne/build/Build/Intermediates.noindex/swift-crypto.build/Debug-iphonesimulator/CCryptoBoringSSL.build/Objects-normal/arm64/scalar.d --serialize-diagnostics /Users/j/Documents/GitHub/MoneroOne/build/Build/Intermediates.noindex/swift-crypto.build/Debug-iphonesimulator/CCryptoBoringSSL.build/Objects-normal/arm64/scalar.dia -c /Users/j/Documents/GitHub/MoneroOne/build/SourcePackages/checkouts/swift-crypto/Sources/CCryptoBoringSSL/crypto/fipsmodule/ec/scalar.c -o /Users/j/Documents/GitHub/MoneroOne/build/Build/Intermediates.noindex/swift-crypto.build/Debug-iphonesimulator/CCryptoBoringSSL.build/Objects-normal/arm64/scalar.o -index-unit-output-path /swift-crypto.build/Debug-iphonesimulator/CCryptoBoringSSL.build/Objects-normal/arm64/scalar.o

CompileC /Users/j/Documents/GitHub/MoneroOne/build/Build/Intermediates.noindex/swift-crypto.build/Debug-iphonesimulator/CCryptoBoringSSL.build/Objects-normal/arm64/scrypt.o /Users/j/Documents/GitHub/MoneroOne/build/SourcePackages/checkouts/swift-crypto/Sources/CCryptoBoringSSL/crypto/evp/scrypt.c normal arm64 c com.apple.compilers.llvm.clang.1_0.compiler (in target 'CCryptoBoringSSL' from project 'swift-crypto')
    cd /Users/j/Documents/GitHub/MoneroOne/MoneroOne.xcodeproj
    
    Using response file: /Users/j/Documents/GitHub/MoneroOne/build/Build/Intermediates.noindex/swift-crypto.build/Debug-iphonesimulator/CCryptoBoringSSL.build/Objects-normal/arm64/7187679823f38a2a940e0043cdf9d637-common-args.resp
    
    /Applications/Xcode.app/Contents/Developer/Toolchains/XcodeDefault.xctoolchain/usr/bin/clang -x c -ivfsstatcache /Users/j/Documents/GitHub/MoneroOne/build/SDKStatCaches.noindex/iphonesimulator26.1-23B77-90cf18a4295e390e64c810bc6bd7acbc.sdkstatcache -fmessage-length\=0 -fdiagnostics-show-note-include-stack -fmacro-backtrace-limit\=0 -fno-color-diagnostics -fmodules-prune-interval\=86400 -fmodules-prune-after\=345600 -fbuild-session-file\=/Users/j/Documents/GitHub/MoneroOne/build/ModuleCache.noindex/Session.modulevalidation -fmodules-validate-once-per-build-session -Wnon-modular-include-in-framework-module -Werror\=non-modular-include-in-framework-module -Wno-trigraphs -Wno-missing-field-initializers -Wno-missing-prototypes -Wno-return-type -Wno-missing-braces -Wparentheses -Wswitch -Wno-unused-function -Wno-unused-label -Wno-unused-parameter -Wno-unused-variable -Wunused-value -Wno-empty-body -Wno-uninitialized -Wno-unknown-pragmas -w -Wno-shadow -Wno-four-char-constants -Wno-conversion -Wno-constant-conversion -Wno-int-conversion -Wno-bool-conversion -Wno-enum-conversion -Wno-float-conversion -Wno-non-literal-null-conversion -Wno-objc-literal-conversion -Wshorten-64-to-32 -Wpointer-sign -Wno-newline-eof -Wno-implicit-fallthrough -fstrict-aliasing -Wdeprecated-declarations -Wno-sign-conversion -Wno-infinite-recursion -Wno-comma -Wno-block-capture-autoreleasing -Wno-strict-prototypes -Wno-semicolon-before-method-body -index-store-path /Users/j/Documents/GitHub/MoneroOne/build/Index.noindex/DataStore @/Users/j/Documents/GitHub/MoneroOne/build/Build/Intermediates.noindex/swift-crypto.build/Debug-iphonesimulator/CCryptoBoringSSL.build/Objects-normal/arm64/7187679823f38a2a940e0043cdf9d637-common-args.resp -MMD -MT dependencies -MF /Users/j/Documents/GitHub/MoneroOne/build/Build/Intermediates.noindex/swift-crypto.build/Debug-iphonesimulator/CCryptoBoringSSL.build/Objects-normal/arm64/scrypt.d --serialize-diagnostics /Users/j/Documents/GitHub/MoneroOne/build/Build/Intermediates.noindex/swift-crypto.build/Debug-iphonesimulator/CCryptoBoringSSL.build/Objects-normal/arm64/scrypt.dia -c /Users/j/Documents/GitHub/MoneroOne/build/SourcePackages/checkouts/swift-crypto/Sources/CCryptoBoringSSL/crypto/evp/scrypt.c -o /Users/j/Documents/GitHub/MoneroOne/build/Build/Intermediates.noindex/swift-crypto.build/Debug-iphonesimulator/CCryptoBoringSSL.build/Objects-normal/arm64/scrypt.o -index-unit-output-path /swift-crypto.build/Debug-iphonesimulator/CCryptoBoringSSL.build/Objects-normal/arm64/scrypt.o

CompileC /Users/j/Documents/GitHub/MoneroOne/build/Build/Intermediates.noindex/swift-crypto.build/Debug-iphonesimulator/CCryptoBoringSSL.build/Objects-normal/arm64/rsaz_exp.o /Users/j/Documents/GitHub/MoneroOne/build/SourcePackages/checkouts/swift-crypto/Sources/CCryptoBoringSSL/crypto/fipsmodule/bn/rsaz_exp.c normal arm64 c com.apple.compilers.llvm.clang.1_0.compiler (in target 'CCryptoBoringSSL' from project 'swift-crypto')
    cd /Users/j/Documents/GitHub/MoneroOne/MoneroOne.xcodeproj
    
    Using response file: /Users/j/Documents/GitHub/MoneroOne/build/Build/Intermediates.noindex/swift-crypto.build/Debug-iphonesimulator/CCryptoBoringSSL.build/Objects-normal/arm64/7187679823f38a2a940e0043cdf9d637-common-args.resp
    
    /Applications/Xcode.app/Contents/Developer/Toolchains/XcodeDefault.xctoolchain/usr/bin/clang -x c -ivfsstatcache /Users/j/Documents/GitHub/MoneroOne/build/SDKStatCaches.noindex/iphonesimulator26.1-23B77-90cf18a4295e390e64c810bc6bd7acbc.sdkstatcache -fmessage-length\=0 -fdiagnostics-show-note-include-stack -fmacro-backtrace-limit\=0 -fno-color-diagnostics -fmodules-prune-interval\=86400 -fmodules-prune-after\=345600 -fbuild-session-file\=/Users/j/Documents/GitHub/MoneroOne/build/ModuleCache.noindex/Session.modulevalidation -fmodules-validate-once-per-build-session -Wnon-modular-include-in-framework-module -Werror\=non-modular-include-in-framework-module -Wno-trigraphs -Wno-missing-field-initializers -Wno-missing-prototypes -Wno-return-type -Wno-missing-braces -Wparentheses -Wswitch -Wno-unused-function -Wno-unused-label -Wno-unused-parameter -Wno-unused-variable -Wunused-value -Wno-empty-body -Wno-uninitialized -Wno-unknown-pragmas -w -Wno-shadow -Wno-four-char-constants -Wno-conversion -Wno-constant-conversion -Wno-int-conversion -Wno-bool-conversion -Wno-enum-conversion -Wno-float-conversion -Wno-non-literal-null-conversion -Wno-objc-literal-conversion -Wshorten-64-to-32 -Wpointer-sign -Wno-newline-eof -Wno-implicit-fallthrough -fstrict-aliasing -Wdeprecated-declarations -Wno-sign-conversion -Wno-infinite-recursion -Wno-comma -Wno-block-capture-autoreleasing -Wno-strict-prototypes -Wno-semicolon-before-method-body -index-store-path /Users/j/Documents/GitHub/MoneroOne/build/Index.noindex/DataStore @/Users/j/Documents/GitHub/MoneroOne/build/Build/Intermediates.noindex/swift-crypto.build/Debug-iphonesimulator/CCryptoBoringSSL.build/Objects-normal/arm64/7187679823f38a2a940e0043cdf9d637-common-args.resp -MMD -MT dependencies -MF /Users/j/Documents/GitHub/MoneroOne/build/Build/Intermediates.noindex/swift-crypto.build/Debug-iphonesimulator/CCryptoBoringSSL.build/Objects-normal/arm64/rsaz_exp.d --serialize-diagnostics /Users/j/Documents/GitHub/MoneroOne/build/Build/Intermediates.noindex/swift-crypto.build/Debug-iphonesimulator/CCryptoBoringSSL.build/Objects-normal/arm64/rsaz_exp.dia -c /Users/j/Documents/GitHub/MoneroOne/build/SourcePackages/checkouts/swift-crypto/Sources/CCryptoBoringSSL/crypto/fipsmodule/bn/rsaz_exp.c -o /Users/j/Documents/GitHub/MoneroOne/build/Build/Intermediates.noindex/swift-crypto.build/Debug-iphonesimulator/CCryptoBoringSSL.build/Objects-normal/arm64/rsaz_exp.o -index-unit-output-path /swift-crypto.build/Debug-iphonesimulator/CCryptoBoringSSL.build/Objects-normal/arm64/rsaz_exp.o

ScanDependencies /Users/j/Documents/GitHub/MoneroOne/build/Build/Intermediates.noindex/swift-crypto.build/Debug-iphonesimulator/CCryptoBoringSSL.build/Objects-normal/arm64/rsa_crypt.o /Users/j/Documents/GitHub/MoneroOne/build/SourcePackages/checkouts/swift-crypto/Sources/CCryptoBoringSSL/crypto/rsa_extra/rsa_crypt.c normal arm64 c com.apple.compilers.llvm.clang.1_0.compiler (in target 'CCryptoBoringSSL' from project 'swift-crypto')
    cd /Users/j/Documents/GitHub/MoneroOne/MoneroOne.xcodeproj
    
    Using response file: /Users/j/Documents/GitHub/MoneroOne/build/Build/Intermediates.noindex/swift-crypto.build/Debug-iphonesimulator/CCryptoBoringSSL.build/Objects-normal/arm64/7187679823f38a2a940e0043cdf9d637-common-args.resp
    
    builtin-ScanDependencies -o /Users/j/Documents/GitHub/MoneroOne/build/Build/Intermediates.noindex/swift-crypto.build/Debug-iphonesimulator/CCryptoBoringSSL.build/Objects-normal/arm64/rsa_crypt.o.scan -- /Applications/Xcode.app/Contents/Developer/Toolchains/XcodeDefault.xctoolchain/usr/bin/clang -x c -ivfsstatcache /Users/j/Documents/GitHub/MoneroOne/build/SDKStatCaches.noindex/iphonesimulator26.1-23B77-90cf18a4295e390e64c810bc6bd7acbc.sdkstatcache -fmessage-length\=0 -fdiagnostics-show-note-include-stack -fmacro-backtrace-limit\=0 -fno-color-diagnostics -fmodules-prune-interval\=86400 -fmodules-prune-after\=345600 -fbuild-session-file\=/Users/j/Documents/GitHub/MoneroOne/build/ModuleCache.noindex/Session.modulevalidation -fmodules-validate-once-per-build-session -Wnon-modular-include-in-framework-module -Werror\=non-modular-include-in-framework-module -Wno-trigraphs -Wno-missing-field-initializers -Wno-missing-prototypes -Wno-return-type -Wno-missing-braces -Wparentheses -Wswitch -Wno-unused-function -Wno-unused-label -Wno-unused-parameter -Wno-unused-variable -Wunused-value -Wno-empty-body -Wno-uninitialized -Wno-unknown-pragmas -w -Wno-shadow -Wno-four-char-constants -Wno-conversion -Wno-constant-conversion -Wno-int-conversion -Wno-bool-conversion -Wno-enum-conversion -Wno-float-conversion -Wno-non-literal-null-conversion -Wno-objc-literal-conversion -Wshorten-64-to-32 -Wpointer-sign -Wno-newline-eof -Wno-implicit-fallthrough -fstrict-aliasing -Wdeprecated-declarations -Wno-sign-conversion -Wno-infinite-recursion -Wno-comma -Wno-block-capture-autoreleasing -Wno-strict-prototypes -Wno-semicolon-before-method-body -index-store-path /Users/j/Documents/GitHub/MoneroOne/build/Index.noindex/DataStore @/Users/j/Documents/GitHub/MoneroOne/build/Build/Intermediates.noindex/swift-crypto.build/Debug-iphonesimulator/CCryptoBoringSSL.build/Objects-normal/arm64/7187679823f38a2a940e0043cdf9d637-common-args.resp -MMD -MT dependencies -MF /Users/j/Documents/GitHub/MoneroOne/build/Build/Intermediates.noindex/swift-crypto.build/Debug-iphonesimulator/CCryptoBoringSSL.build/Objects-normal/arm64/rsa_crypt.d --serialize-diagnostics /Users/j/Documents/GitHub/MoneroOne/build/Build/Intermediates.noindex/swift-crypto.build/Debug-iphonesimulator/CCryptoBoringSSL.build/Objects-normal/arm64/rsa_crypt.dia -c /Users/j/Documents/GitHub/MoneroOne/build/SourcePackages/checkouts/swift-crypto/Sources/CCryptoBoringSSL/crypto/rsa_extra/rsa_crypt.c -o /Users/j/Documents/GitHub/MoneroOne/build/Build/Intermediates.noindex/swift-crypto.build/Debug-iphonesimulator/CCryptoBoringSSL.build/Objects-normal/arm64/rsa_crypt.o -index-unit-output-path /swift-crypto.build/Debug-iphonesimulator/CCryptoBoringSSL.build/Objects-normal/arm64/rsa_crypt.o

CompileC /Users/j/Documents/GitHub/MoneroOne/build/Build/Intermediates.noindex/swift-crypto.build/Debug-iphonesimulator/CCryptoBoringSSL.build/Objects-normal/arm64/rsa_pss.o /Users/j/Documents/GitHub/MoneroOne/build/SourcePackages/checkouts/swift-crypto/Sources/CCryptoBoringSSL/crypto/x509/rsa_pss.c normal arm64 c com.apple.compilers.llvm.clang.1_0.compiler (in target 'CCryptoBoringSSL' from project 'swift-crypto')
    cd /Users/j/Documents/GitHub/MoneroOne/MoneroOne.xcodeproj
    
    Using response file: /Users/j/Documents/GitHub/MoneroOne/build/Build/Intermediates.noindex/swift-crypto.build/Debug-iphonesimulator/CCryptoBoringSSL.build/Objects-normal/arm64/7187679823f38a2a940e0043cdf9d637-common-args.resp
    
    /Applications/Xcode.app/Contents/Developer/Toolchains/XcodeDefault.xctoolchain/usr/bin/clang -x c -ivfsstatcache /Users/j/Documents/GitHub/MoneroOne/build/SDKStatCaches.noindex/iphonesimulator26.1-23B77-90cf18a4295e390e64c810bc6bd7acbc.sdkstatcache -fmessage-length\=0 -fdiagnostics-show-note-include-stack -fmacro-backtrace-limit\=0 -fno-color-diagnostics -fmodules-prune-interval\=86400 -fmodules-prune-after\=345600 -fbuild-session-file\=/Users/j/Documents/GitHub/MoneroOne/build/ModuleCache.noindex/Session.modulevalidation -fmodules-validate-once-per-build-session -Wnon-modular-include-in-framework-module -Werror\=non-modular-include-in-framework-module -Wno-trigraphs -Wno-missing-field-initializers -Wno-missing-prototypes -Wno-return-type -Wno-missing-braces -Wparentheses -Wswitch -Wno-unused-function -Wno-unused-label -Wno-unused-parameter -Wno-unused-variable -Wunused-value -Wno-empty-body -Wno-uninitialized -Wno-unknown-pragmas -w -Wno-shadow -Wno-four-char-constants -Wno-conversion -Wno-constant-conversion -Wno-int-conversion -Wno-bool-conversion -Wno-enum-conversion -Wno-float-conversion -Wno-non-literal-null-conversion -Wno-objc-literal-conversion -Wshorten-64-to-32 -Wpointer-sign -Wno-newline-eof -Wno-implicit-fallthrough -fstrict-aliasing -Wdeprecated-declarations -Wno-sign-conversion -Wno-infinite-recursion -Wno-comma -Wno-block-capture-autoreleasing -Wno-strict-prototypes -Wno-semicolon-before-method-body -index-store-path /Users/j/Documents/GitHub/MoneroOne/build/Index.noindex/DataStore @/Users/j/Documents/GitHub/MoneroOne/build/Build/Intermediates.noindex/swift-crypto.build/Debug-iphonesimulator/CCryptoBoringSSL.build/Objects-normal/arm64/7187679823f38a2a940e0043cdf9d637-common-args.resp -MMD -MT dependencies -MF /Users/j/Documents/GitHub/MoneroOne/build/Build/Intermediates.noindex/swift-crypto.build/Debug-iphonesimulator/CCryptoBoringSSL.build/Objects-normal/arm64/rsa_pss.d --serialize-diagnostics /Users/j/Documents/GitHub/MoneroOne/build/Build/Intermediates.noindex/swift-crypto.build/Debug-iphonesimulator/CCryptoBoringSSL.build/Objects-normal/arm64/rsa_pss.dia -c /Users/j/Documents/GitHub/MoneroOne/build/SourcePackages/checkouts/swift-crypto/Sources/CCryptoBoringSSL/crypto/x509/rsa_pss.c -o /Users/j/Documents/GitHub/MoneroOne/build/Build/Intermediates.noindex/swift-crypto.build/Debug-iphonesimulator/CCryptoBoringSSL.build/Objects-normal/arm64/rsa_pss.o -index-unit-output-path /swift-crypto.build/Debug-iphonesimulator/CCryptoBoringSSL.build/Objects-normal/arm64/rsa_pss.o

CompileC /Users/j/Documents/GitHub/MoneroOne/build/Build/Intermediates.noindex/swift-crypto.build/Debug-iphonesimulator/CCryptoBoringSSL.build/Objects-normal/arm64/rsa_print.o /Users/j/Documents/GitHub/MoneroOne/build/SourcePackages/checkouts/swift-crypto/Sources/CCryptoBoringSSL/crypto/rsa_extra/rsa_print.c normal arm64 c com.apple.compilers.llvm.clang.1_0.compiler (in target 'CCryptoBoringSSL' from project 'swift-crypto')
    cd /Users/j/Documents/GitHub/MoneroOne/MoneroOne.xcodeproj
    
    Using response file: /Users/j/Documents/GitHub/MoneroOne/build/Build/Intermediates.noindex/swift-crypto.build/Debug-iphonesimulator/CCryptoBoringSSL.build/Objects-normal/arm64/7187679823f38a2a940e0043cdf9d637-common-args.resp
    
    /Applications/Xcode.app/Contents/Developer/Toolchains/XcodeDefault.xctoolchain/usr/bin/clang -x c -ivfsstatcache /Users/j/Documents/GitHub/MoneroOne/build/SDKStatCaches.noindex/iphonesimulator26.1-23B77-90cf18a4295e390e64c810bc6bd7acbc.sdkstatcache -fmessage-length\=0 -fdiagnostics-show-note-include-stack -fmacro-backtrace-limit\=0 -fno-color-diagnostics -fmodules-prune-interval\=86400 -fmodules-prune-after\=345600 -fbuild-session-file\=/Users/j/Documents/GitHub/MoneroOne/build/ModuleCache.noindex/Session.modulevalidation -fmodules-validate-once-per-build-session -Wnon-modular-include-in-framework-module -Werror\=non-modular-include-in-framework-module -Wno-trigraphs -Wno-missing-field-initializers -Wno-missing-prototypes -Wno-return-type -Wno-missing-braces -Wparentheses -Wswitch -Wno-unused-function -Wno-unused-label -Wno-unused-parameter -Wno-unused-variable -Wunused-value -Wno-empty-body -Wno-uninitialized -Wno-unknown-pragmas -w -Wno-shadow -Wno-four-char-constants -Wno-conversion -Wno-constant-conversion -Wno-int-conversion -Wno-bool-conversion -Wno-enum-conversion -Wno-float-conversion -Wno-non-literal-null-conversion -Wno-objc-literal-conversion -Wshorten-64-to-32 -Wpointer-sign -Wno-newline-eof -Wno-implicit-fallthrough -fstrict-aliasing -Wdeprecated-declarations -Wno-sign-conversion -Wno-infinite-recursion -Wno-comma -Wno-block-capture-autoreleasing -Wno-strict-prototypes -Wno-semicolon-before-method-body -index-store-path /Users/j/Documents/GitHub/MoneroOne/build/Index.noindex/DataStore @/Users/j/Documents/GitHub/MoneroOne/build/Build/Intermediates.noindex/swift-crypto.build/Debug-iphonesimulator/CCryptoBoringSSL.build/Objects-normal/arm64/7187679823f38a2a940e0043cdf9d637-common-args.resp -MMD -MT dependencies -MF /Users/j/Documents/GitHub/MoneroOne/build/Build/Intermediates.noindex/swift-crypto.build/Debug-iphonesimulator/CCryptoBoringSSL.build/Objects-normal/arm64/rsa_print.d --serialize-diagnostics /Users/j/Documents/GitHub/MoneroOne/build/Build/Intermediates.noindex/swift-crypto.build/Debug-iphonesimulator/CCryptoBoringSSL.build/Objects-normal/arm64/rsa_print.dia -c /Users/j/Documents/GitHub/MoneroOne/build/SourcePackages/checkouts/swift-crypto/Sources/CCryptoBoringSSL/crypto/rsa_extra/rsa_print.c -o /Users/j/Documents/GitHub/MoneroOne/build/Build/Intermediates.noindex/swift-crypto.build/Debug-iphonesimulator/CCryptoBoringSSL.build/Objects-normal/arm64/rsa_print.o -index-unit-output-path /swift-crypto.build/Debug-iphonesimulator/CCryptoBoringSSL.build/Objects-normal/arm64/rsa_print.o

ScanDependencies /Users/j/Documents/GitHub/MoneroOne/build/Build/Intermediates.noindex/swift-crypto.build/Debug-iphonesimulator/CCryptoBoringSSL.build/Objects-normal/arm64/rsa_asn1.o /Users/j/Documents/GitHub/MoneroOne/build/SourcePackages/checkouts/swift-crypto/Sources/CCryptoBoringSSL/crypto/rsa_extra/rsa_asn1.c normal arm64 c com.apple.compilers.llvm.clang.1_0.compiler (in target 'CCryptoBoringSSL' from project 'swift-crypto')
    cd /Users/j/Documents/GitHub/MoneroOne/MoneroOne.xcodeproj
    
    Using response file: /Users/j/Documents/GitHub/MoneroOne/build/Build/Intermediates.noindex/swift-crypto.build/Debug-iphonesimulator/CCryptoBoringSSL.build/Objects-normal/arm64/7187679823f38a2a940e0043cdf9d637-common-args.resp
    
    builtin-ScanDependencies -o /Users/j/Documents/GitHub/MoneroOne/build/Build/Intermediates.noindex/swift-crypto.build/Debug-iphonesimulator/CCryptoBoringSSL.build/Objects-normal/arm64/rsa_asn1.o.scan -- /Applications/Xcode.app/Contents/Developer/Toolchains/XcodeDefault.xctoolchain/usr/bin/clang -x c -ivfsstatcache /Users/j/Documents/GitHub/MoneroOne/build/SDKStatCaches.noindex/iphonesimulator26.1-23B77-90cf18a4295e390e64c810bc6bd7acbc.sdkstatcache -fmessage-length\=0 -fdiagnostics-show-note-include-stack -fmacro-backtrace-limit\=0 -fno-color-diagnostics -fmodules-prune-interval\=86400 -fmodules-prune-after\=345600 -fbuild-session-file\=/Users/j/Documents/GitHub/MoneroOne/build/ModuleCache.noindex/Session.modulevalidation -fmodules-validate-once-per-build-session -Wnon-modular-include-in-framework-module -Werror\=non-modular-include-in-framework-module -Wno-trigraphs -Wno-missing-field-initializers -Wno-missing-prototypes -Wno-return-type -Wno-missing-braces -Wparentheses -Wswitch -Wno-unused-function -Wno-unused-label -Wno-unused-parameter -Wno-unused-variable -Wunused-value -Wno-empty-body -Wno-uninitialized -Wno-unknown-pragmas -w -Wno-shadow -Wno-four-char-constants -Wno-conversion -Wno-constant-conversion -Wno-int-conversion -Wno-bool-conversion -Wno-enum-conversion -Wno-float-conversion -Wno-non-literal-null-conversion -Wno-objc-literal-conversion -Wshorten-64-to-32 -Wpointer-sign -Wno-newline-eof -Wno-implicit-fallthrough -fstrict-aliasing -Wdeprecated-declarations -Wno-sign-conversion -Wno-infinite-recursion -Wno-comma -Wno-block-capture-autoreleasing -Wno-strict-prototypes -Wno-semicolon-before-method-body -index-store-path /Users/j/Documents/GitHub/MoneroOne/build/Index.noindex/DataStore @/Users/j/Documents/GitHub/MoneroOne/build/Build/Intermediates.noindex/swift-crypto.build/Debug-iphonesimulator/CCryptoBoringSSL.build/Objects-normal/arm64/7187679823f38a2a940e0043cdf9d637-common-args.resp -MMD -MT dependencies -MF /Users/j/Documents/GitHub/MoneroOne/build/Build/Intermediates.noindex/swift-crypto.build/Debug-iphonesimulator/CCryptoBoringSSL.build/Objects-normal/arm64/rsa_asn1.d --serialize-diagnostics /Users/j/Documents/GitHub/MoneroOne/build/Build/Intermediates.noindex/swift-crypto.build/Debug-iphonesimulator/CCryptoBoringSSL.build/Objects-normal/arm64/rsa_asn1.dia -c /Users/j/Documents/GitHub/MoneroOne/build/SourcePackages/checkouts/swift-crypto/Sources/CCryptoBoringSSL/crypto/rsa_extra/rsa_asn1.c -o /Users/j/Documents/GitHub/MoneroOne/build/Build/Intermediates.noindex/swift-crypto.build/Debug-iphonesimulator/CCryptoBoringSSL.build/Objects-normal/arm64/rsa_asn1.o -index-unit-output-path /swift-crypto.build/Debug-iphonesimulator/CCryptoBoringSSL.build/Objects-normal/arm64/rsa_asn1.o

CompileC /Users/j/Documents/GitHub/MoneroOne/build/Build/Intermediates.noindex/swift-crypto.build/Debug-iphonesimulator/CCryptoBoringSSL.build/Objects-normal/arm64/rsa_crypt.o /Users/j/Documents/GitHub/MoneroOne/build/SourcePackages/checkouts/swift-crypto/Sources/CCryptoBoringSSL/crypto/rsa_extra/rsa_crypt.c normal arm64 c com.apple.compilers.llvm.clang.1_0.compiler (in target 'CCryptoBoringSSL' from project 'swift-crypto')
    cd /Users/j/Documents/GitHub/MoneroOne/MoneroOne.xcodeproj
    
    Using response file: /Users/j/Documents/GitHub/MoneroOne/build/Build/Intermediates.noindex/swift-crypto.build/Debug-iphonesimulator/CCryptoBoringSSL.build/Objects-normal/arm64/7187679823f38a2a940e0043cdf9d637-common-args.resp
    
    /Applications/Xcode.app/Contents/Developer/Toolchains/XcodeDefault.xctoolchain/usr/bin/clang -x c -ivfsstatcache /Users/j/Documents/GitHub/MoneroOne/build/SDKStatCaches.noindex/iphonesimulator26.1-23B77-90cf18a4295e390e64c810bc6bd7acbc.sdkstatcache -fmessage-length\=0 -fdiagnostics-show-note-include-stack -fmacro-backtrace-limit\=0 -fno-color-diagnostics -fmodules-prune-interval\=86400 -fmodules-prune-after\=345600 -fbuild-session-file\=/Users/j/Documents/GitHub/MoneroOne/build/ModuleCache.noindex/Session.modulevalidation -fmodules-validate-once-per-build-session -Wnon-modular-include-in-framework-module -Werror\=non-modular-include-in-framework-module -Wno-trigraphs -Wno-missing-field-initializers -Wno-missing-prototypes -Wno-return-type -Wno-missing-braces -Wparentheses -Wswitch -Wno-unused-function -Wno-unused-label -Wno-unused-parameter -Wno-unused-variable -Wunused-value -Wno-empty-body -Wno-uninitialized -Wno-unknown-pragmas -w -Wno-shadow -Wno-four-char-constants -Wno-conversion -Wno-constant-conversion -Wno-int-conversion -Wno-bool-conversion -Wno-enum-conversion -Wno-float-conversion -Wno-non-literal-null-conversion -Wno-objc-literal-conversion -Wshorten-64-to-32 -Wpointer-sign -Wno-newline-eof -Wno-implicit-fallthrough -fstrict-aliasing -Wdeprecated-declarations -Wno-sign-conversion -Wno-infinite-recursion -Wno-comma -Wno-block-capture-autoreleasing -Wno-strict-prototypes -Wno-semicolon-before-method-body -index-store-path /Users/j/Documents/GitHub/MoneroOne/build/Index.noindex/DataStore @/Users/j/Documents/GitHub/MoneroOne/build/Build/Intermediates.noindex/swift-crypto.build/Debug-iphonesimulator/CCryptoBoringSSL.build/Objects-normal/arm64/7187679823f38a2a940e0043cdf9d637-common-args.resp -MMD -MT dependencies -MF /Users/j/Documents/GitHub/MoneroOne/build/Build/Intermediates.noindex/swift-crypto.build/Debug-iphonesimulator/CCryptoBoringSSL.build/Objects-normal/arm64/rsa_crypt.d --serialize-diagnostics /Users/j/Documents/GitHub/MoneroOne/build/Build/Intermediates.noindex/swift-crypto.build/Debug-iphonesimulator/CCryptoBoringSSL.build/Objects-normal/arm64/rsa_crypt.dia -c /Users/j/Documents/GitHub/MoneroOne/build/SourcePackages/checkouts/swift-crypto/Sources/CCryptoBoringSSL/crypto/rsa_extra/rsa_crypt.c -o /Users/j/Documents/GitHub/MoneroOne/build/Build/Intermediates.noindex/swift-crypto.build/Debug-iphonesimulator/CCryptoBoringSSL.build/Objects-normal/arm64/rsa_crypt.o -index-unit-output-path /swift-crypto.build/Debug-iphonesimulator/CCryptoBoringSSL.build/Objects-normal/arm64/rsa_crypt.o

CompileC /Users/j/Documents/GitHub/MoneroOne/build/Build/Intermediates.noindex/swift-crypto.build/Debug-iphonesimulator/CCryptoBoringSSL.build/Objects-normal/arm64/rsa_impl.o /Users/j/Documents/GitHub/MoneroOne/build/SourcePackages/checkouts/swift-crypto/Sources/CCryptoBoringSSL/crypto/fipsmodule/rsa/rsa_impl.c normal arm64 c com.apple.compilers.llvm.clang.1_0.compiler (in target 'CCryptoBoringSSL' from project 'swift-crypto')
    cd /Users/j/Documents/GitHub/MoneroOne/MoneroOne.xcodeproj
    
    Using response file: /Users/j/Documents/GitHub/MoneroOne/build/Build/Intermediates.noindex/swift-crypto.build/Debug-iphonesimulator/CCryptoBoringSSL.build/Objects-normal/arm64/7187679823f38a2a940e0043cdf9d637-common-args.resp
    
    /Applications/Xcode.app/Contents/Developer/Toolchains/XcodeDefault.xctoolchain/usr/bin/clang -x c -ivfsstatcache /Users/j/Documents/GitHub/MoneroOne/build/SDKStatCaches.noindex/iphonesimulator26.1-23B77-90cf18a4295e390e64c810bc6bd7acbc.sdkstatcache -fmessage-length\=0 -fdiagnostics-show-note-include-stack -fmacro-backtrace-limit\=0 -fno-color-diagnostics -fmodules-prune-interval\=86400 -fmodules-prune-after\=345600 -fbuild-session-file\=/Users/j/Documents/GitHub/MoneroOne/build/ModuleCache.noindex/Session.modulevalidation -fmodules-validate-once-per-build-session -Wnon-modular-include-in-framework-module -Werror\=non-modular-include-in-framework-module -Wno-trigraphs -Wno-missing-field-initializers -Wno-missing-prototypes -Wno-return-type -Wno-missing-braces -Wparentheses -Wswitch -Wno-unused-function -Wno-unused-label -Wno-unused-parameter -Wno-unused-variable -Wunused-value -Wno-empty-body -Wno-uninitialized -Wno-unknown-pragmas -w -Wno-shadow -Wno-four-char-constants -Wno-conversion -Wno-constant-conversion -Wno-int-conversion -Wno-bool-conversion -Wno-enum-conversion -Wno-float-conversion -Wno-non-literal-null-conversion -Wno-objc-literal-conversion -Wshorten-64-to-32 -Wpointer-sign -Wno-newline-eof -Wno-implicit-fallthrough -fstrict-aliasing -Wdeprecated-declarations -Wno-sign-conversion -Wno-infinite-recursion -Wno-comma -Wno-block-capture-autoreleasing -Wno-strict-prototypes -Wno-semicolon-before-method-body -index-store-path /Users/j/Documents/GitHub/MoneroOne/build/Index.noindex/DataStore @/Users/j/Documents/GitHub/MoneroOne/build/Build/Intermediates.noindex/swift-crypto.build/Debug-iphonesimulator/CCryptoBoringSSL.build/Objects-normal/arm64/7187679823f38a2a940e0043cdf9d637-common-args.resp -MMD -MT dependencies -MF /Users/j/Documents/GitHub/MoneroOne/build/Build/Intermediates.noindex/swift-crypto.build/Debug-iphonesimulator/CCryptoBoringSSL.build/Objects-normal/arm64/rsa_impl.d --serialize-diagnostics /Users/j/Documents/GitHub/MoneroOne/build/Build/Intermediates.noindex/swift-crypto.build/Debug-iphonesimulator/CCryptoBoringSSL.build/Objects-normal/arm64/rsa_impl.dia -c /Users/j/Documents/GitHub/MoneroOne/build/SourcePackages/checkouts/swift-crypto/Sources/CCryptoBoringSSL/crypto/fipsmodule/rsa/rsa_impl.c -o /Users/j/Documents/GitHub/MoneroOne/build/Build/Intermediates.noindex/swift-crypto.build/Debug-iphonesimulator/CCryptoBoringSSL.build/Objects-normal/arm64/rsa_impl.o -index-unit-output-path /swift-crypto.build/Debug-iphonesimulator/CCryptoBoringSSL.build/Objects-normal/arm64/rsa_impl.o

CompileC /Users/j/Documents/GitHub/MoneroOne/build/Build/Intermediates.noindex/swift-crypto.build/Debug-iphonesimulator/CCryptoBoringSSL.build/Objects-normal/arm64/rsa_asn1.o /Users/j/Documents/GitHub/MoneroOne/build/SourcePackages/checkouts/swift-crypto/Sources/CCryptoBoringSSL/crypto/rsa_extra/rsa_asn1.c normal arm64 c com.apple.compilers.llvm.clang.1_0.compiler (in target 'CCryptoBoringSSL' from project 'swift-crypto')
    cd /Users/j/Documents/GitHub/MoneroOne/MoneroOne.xcodeproj
    
    Using response file: /Users/j/Documents/GitHub/MoneroOne/build/Build/Intermediates.noindex/swift-crypto.build/Debug-iphonesimulator/CCryptoBoringSSL.build/Objects-normal/arm64/7187679823f38a2a940e0043cdf9d637-common-args.resp
    
    /Applications/Xcode.app/Contents/Developer/Toolchains/XcodeDefault.xctoolchain/usr/bin/clang -x c -ivfsstatcache /Users/j/Documents/GitHub/MoneroOne/build/SDKStatCaches.noindex/iphonesimulator26.1-23B77-90cf18a4295e390e64c810bc6bd7acbc.sdkstatcache -fmessage-length\=0 -fdiagnostics-show-note-include-stack -fmacro-backtrace-limit\=0 -fno-color-diagnostics -fmodules-prune-interval\=86400 -fmodules-prune-after\=345600 -fbuild-session-file\=/Users/j/Documents/GitHub/MoneroOne/build/ModuleCache.noindex/Session.modulevalidation -fmodules-validate-once-per-build-session -Wnon-modular-include-in-framework-module -Werror\=non-modular-include-in-framework-module -Wno-trigraphs -Wno-missing-field-initializers -Wno-missing-prototypes -Wno-return-type -Wno-missing-braces -Wparentheses -Wswitch -Wno-unused-function -Wno-unused-label -Wno-unused-parameter -Wno-unused-variable -Wunused-value -Wno-empty-body -Wno-uninitialized -Wno-unknown-pragmas -w -Wno-shadow -Wno-four-char-constants -Wno-conversion -Wno-constant-conversion -Wno-int-conversion -Wno-bool-conversion -Wno-enum-conversion -Wno-float-conversion -Wno-non-literal-null-conversion -Wno-objc-literal-conversion -Wshorten-64-to-32 -Wpointer-sign -Wno-newline-eof -Wno-implicit-fallthrough -fstrict-aliasing -Wdeprecated-declarations -Wno-sign-conversion -Wno-infinite-recursion -Wno-comma -Wno-block-capture-autoreleasing -Wno-strict-prototypes -Wno-semicolon-before-method-body -index-store-path /Users/j/Documents/GitHub/MoneroOne/build/Index.noindex/DataStore @/Users/j/Documents/GitHub/MoneroOne/build/Build/Intermediates.noindex/swift-crypto.build/Debug-iphonesimulator/CCryptoBoringSSL.build/Objects-normal/arm64/7187679823f38a2a940e0043cdf9d637-common-args.resp -MMD -MT dependencies -MF /Users/j/Documents/GitHub/MoneroOne/build/Build/Intermediates.noindex/swift-crypto.build/Debug-iphonesimulator/CCryptoBoringSSL.build/Objects-normal/arm64/rsa_asn1.d --serialize-diagnostics /Users/j/Documents/GitHub/MoneroOne/build/Build/Intermediates.noindex/swift-crypto.build/Debug-iphonesimulator/CCryptoBoringSSL.build/Objects-normal/arm64/rsa_asn1.dia -c /Users/j/Documents/GitHub/MoneroOne/build/SourcePackages/checkouts/swift-crypto/Sources/CCryptoBoringSSL/crypto/rsa_extra/rsa_asn1.c -o /Users/j/Documents/GitHub/MoneroOne/build/Build/Intermediates.noindex/swift-crypto.build/Debug-iphonesimulator/CCryptoBoringSSL.build/Objects-normal/arm64/rsa_asn1.o -index-unit-output-path /swift-crypto.build/Debug-iphonesimulator/CCryptoBoringSSL.build/Objects-normal/arm64/rsa_asn1.o

ScanDependencies /Users/j/Documents/GitHub/MoneroOne/build/Build/Intermediates.noindex/swift-crypto.build/Debug-iphonesimulator/CCryptoBoringSSL.build/Objects-normal/arm64/rsa.o /Users/j/Documents/GitHub/MoneroOne/build/SourcePackages/checkouts/swift-crypto/Sources/CCryptoBoringSSL/crypto/fipsmodule/rsa/rsa.c normal arm64 c com.apple.compilers.llvm.clang.1_0.compiler (in target 'CCryptoBoringSSL' from project 'swift-crypto')
    cd /Users/j/Documents/GitHub/MoneroOne/MoneroOne.xcodeproj
    
    Using response file: /Users/j/Documents/GitHub/MoneroOne/build/Build/Intermediates.noindex/swift-crypto.build/Debug-iphonesimulator/CCryptoBoringSSL.build/Objects-normal/arm64/7187679823f38a2a940e0043cdf9d637-common-args.resp
    
    builtin-ScanDependencies -o /Users/j/Documents/GitHub/MoneroOne/build/Build/Intermediates.noindex/swift-crypto.build/Debug-iphonesimulator/CCryptoBoringSSL.build/Objects-normal/arm64/rsa.o.scan -- /Applications/Xcode.app/Contents/Developer/Toolchains/XcodeDefault.xctoolchain/usr/bin/clang -x c -ivfsstatcache /Users/j/Documents/GitHub/MoneroOne/build/SDKStatCaches.noindex/iphonesimulator26.1-23B77-90cf18a4295e390e64c810bc6bd7acbc.sdkstatcache -fmessage-length\=0 -fdiagnostics-show-note-include-stack -fmacro-backtrace-limit\=0 -fno-color-diagnostics -fmodules-prune-interval\=86400 -fmodules-prune-after\=345600 -fbuild-session-file\=/Users/j/Documents/GitHub/MoneroOne/build/ModuleCache.noindex/Session.modulevalidation -fmodules-validate-once-per-build-session -Wnon-modular-include-in-framework-module -Werror\=non-modular-include-in-framework-module -Wno-trigraphs -Wno-missing-field-initializers -Wno-missing-prototypes -Wno-return-type -Wno-missing-braces -Wparentheses -Wswitch -Wno-unused-function -Wno-unused-label -Wno-unused-parameter -Wno-unused-variable -Wunused-value -Wno-empty-body -Wno-uninitialized -Wno-unknown-pragmas -w -Wno-shadow -Wno-four-char-constants -Wno-conversion -Wno-constant-conversion -Wno-int-conversion -Wno-bool-conversion -Wno-enum-conversion -Wno-float-conversion -Wno-non-literal-null-conversion -Wno-objc-literal-conversion -Wshorten-64-to-32 -Wpointer-sign -Wno-newline-eof -Wno-implicit-fallthrough -fstrict-aliasing -Wdeprecated-declarations -Wno-sign-conversion -Wno-infinite-recursion -Wno-comma -Wno-block-capture-autoreleasing -Wno-strict-prototypes -Wno-semicolon-before-method-body -index-store-path /Users/j/Documents/GitHub/MoneroOne/build/Index.noindex/DataStore @/Users/j/Documents/GitHub/MoneroOne/build/Build/Intermediates.noindex/swift-crypto.build/Debug-iphonesimulator/CCryptoBoringSSL.build/Objects-normal/arm64/7187679823f38a2a940e0043cdf9d637-common-args.resp -MMD -MT dependencies -MF /Users/j/Documents/GitHub/MoneroOne/build/Build/Intermediates.noindex/swift-crypto.build/Debug-iphonesimulator/CCryptoBoringSSL.build/Objects-normal/arm64/rsa.d --serialize-diagnostics /Users/j/Documents/GitHub/MoneroOne/build/Build/Intermediates.noindex/swift-crypto.build/Debug-iphonesimulator/CCryptoBoringSSL.build/Objects-normal/arm64/rsa.dia -c /Users/j/Documents/GitHub/MoneroOne/build/SourcePackages/checkouts/swift-crypto/Sources/CCryptoBoringSSL/crypto/fipsmodule/rsa/rsa.c -o /Users/j/Documents/GitHub/MoneroOne/build/Build/Intermediates.noindex/swift-crypto.build/Debug-iphonesimulator/CCryptoBoringSSL.build/Objects-normal/arm64/rsa.o -index-unit-output-path /swift-crypto.build/Debug-iphonesimulator/CCryptoBoringSSL.build/Objects-normal/arm64/rsa.o

ScanDependencies /Users/j/Documents/GitHub/MoneroOne/build/Build/Intermediates.noindex/swift-crypto.build/Debug-iphonesimulator/CCryptoBoringSSL.build/Objects-normal/arm64/refcount.o /Users/j/Documents/GitHub/MoneroOne/build/SourcePackages/checkouts/swift-crypto/Sources/CCryptoBoringSSL/crypto/refcount.c normal arm64 c com.apple.compilers.llvm.clang.1_0.compiler (in target 'CCryptoBoringSSL' from project 'swift-crypto')
    cd /Users/j/Documents/GitHub/MoneroOne/MoneroOne.xcodeproj
    
    Using response file: /Users/j/Documents/GitHub/MoneroOne/build/Build/Intermediates.noindex/swift-crypto.build/Debug-iphonesimulator/CCryptoBoringSSL.build/Objects-normal/arm64/7187679823f38a2a940e0043cdf9d637-common-args.resp
    
    builtin-ScanDependencies -o /Users/j/Documents/GitHub/MoneroOne/build/Build/Intermediates.noindex/swift-crypto.build/Debug-iphonesimulator/CCryptoBoringSSL.build/Objects-normal/arm64/refcount.o.scan -- /Applications/Xcode.app/Contents/Developer/Toolchains/XcodeDefault.xctoolchain/usr/bin/clang -x c -ivfsstatcache /Users/j/Documents/GitHub/MoneroOne/build/SDKStatCaches.noindex/iphonesimulator26.1-23B77-90cf18a4295e390e64c810bc6bd7acbc.sdkstatcache -fmessage-length\=0 -fdiagnostics-show-note-include-stack -fmacro-backtrace-limit\=0 -fno-color-diagnostics -fmodules-prune-interval\=86400 -fmodules-prune-after\=345600 -fbuild-session-file\=/Users/j/Documents/GitHub/MoneroOne/build/ModuleCache.noindex/Session.modulevalidation -fmodules-validate-once-per-build-session -Wnon-modular-include-in-framework-module -Werror\=non-modular-include-in-framework-module -Wno-trigraphs -Wno-missing-field-initializers -Wno-missing-prototypes -Wno-return-type -Wno-missing-braces -Wparentheses -Wswitch -Wno-unused-function -Wno-unused-label -Wno-unused-parameter -Wno-unused-variable -Wunused-value -Wno-empty-body -Wno-uninitialized -Wno-unknown-pragmas -w -Wno-shadow -Wno-four-char-constants -Wno-conversion -Wno-constant-conversion -Wno-int-conversion -Wno-bool-conversion -Wno-enum-conversion -Wno-float-conversion -Wno-non-literal-null-conversion -Wno-objc-literal-conversion -Wshorten-64-to-32 -Wpointer-sign -Wno-newline-eof -Wno-implicit-fallthrough -fstrict-aliasing -Wdeprecated-declarations -Wno-sign-conversion -Wno-infinite-recursion -Wno-comma -Wno-block-capture-autoreleasing -Wno-strict-prototypes -Wno-semicolon-before-method-body -index-store-path /Users/j/Documents/GitHub/MoneroOne/build/Index.noindex/DataStore @/Users/j/Documents/GitHub/MoneroOne/build/Build/Intermediates.noindex/swift-crypto.build/Debug-iphonesimulator/CCryptoBoringSSL.build/Objects-normal/arm64/7187679823f38a2a940e0043cdf9d637-common-args.resp -MMD -MT dependencies -MF /Users/j/Documents/GitHub/MoneroOne/build/Build/Intermediates.noindex/swift-crypto.build/Debug-iphonesimulator/CCryptoBoringSSL.build/Objects-normal/arm64/refcount.d --serialize-diagnostics /Users/j/Documents/GitHub/MoneroOne/build/Build/Intermediates.noindex/swift-crypto.build/Debug-iphonesimulator/CCryptoBoringSSL.build/Objects-normal/arm64/refcount.dia -c /Users/j/Documents/GitHub/MoneroOne/build/SourcePackages/checkouts/swift-crypto/Sources/CCryptoBoringSSL/crypto/refcount.c -o /Users/j/Documents/GitHub/MoneroOne/build/Build/Intermediates.noindex/swift-crypto.build/Debug-iphonesimulator/CCryptoBoringSSL.build/Objects-normal/arm64/refcount.o -index-unit-output-path /swift-crypto.build/Debug-iphonesimulator/CCryptoBoringSSL.build/Objects-normal/arm64/refcount.o

ScanDependencies /Users/j/Documents/GitHub/MoneroOne/build/Build/Intermediates.noindex/swift-crypto.build/Debug-iphonesimulator/CCryptoBoringSSL.build/Objects-normal/arm64/rc4.o /Users/j/Documents/GitHub/MoneroOne/build/SourcePackages/checkouts/swift-crypto/Sources/CCryptoBoringSSL/crypto/rc4/rc4.c normal arm64 c com.apple.compilers.llvm.clang.1_0.compiler (in target 'CCryptoBoringSSL' from project 'swift-crypto')
    cd /Users/j/Documents/GitHub/MoneroOne/MoneroOne.xcodeproj
    
    Using response file: /Users/j/Documents/GitHub/MoneroOne/build/Build/Intermediates.noindex/swift-crypto.build/Debug-iphonesimulator/CCryptoBoringSSL.build/Objects-normal/arm64/7187679823f38a2a940e0043cdf9d637-common-args.resp
    
    builtin-ScanDependencies -o /Users/j/Documents/GitHub/MoneroOne/build/Build/Intermediates.noindex/swift-crypto.build/Debug-iphonesimulator/CCryptoBoringSSL.build/Objects-normal/arm64/rc4.o.scan -- /Applications/Xcode.app/Contents/Developer/Toolchains/XcodeDefault.xctoolchain/usr/bin/clang -x c -ivfsstatcache /Users/j/Documents/GitHub/MoneroOne/build/SDKStatCaches.noindex/iphonesimulator26.1-23B77-90cf18a4295e390e64c810bc6bd7acbc.sdkstatcache -fmessage-length\=0 -fdiagnostics-show-note-include-stack -fmacro-backtrace-limit\=0 -fno-color-diagnostics -fmodules-prune-interval\=86400 -fmodules-prune-after\=345600 -fbuild-session-file\=/Users/j/Documents/GitHub/MoneroOne/build/ModuleCache.noindex/Session.modulevalidation -fmodules-validate-once-per-build-session -Wnon-modular-include-in-framework-module -Werror\=non-modular-include-in-framework-module -Wno-trigraphs -Wno-missing-field-initializers -Wno-missing-prototypes -Wno-return-type -Wno-missing-braces -Wparentheses -Wswitch -Wno-unused-function -Wno-unused-label -Wno-unused-parameter -Wno-unused-variable -Wunused-value -Wno-empty-body -Wno-uninitialized -Wno-unknown-pragmas -w -Wno-shadow -Wno-four-char-constants -Wno-conversion -Wno-constant-conversion -Wno-int-conversion -Wno-bool-conversion -Wno-enum-conversion -Wno-float-conversion -Wno-non-literal-null-conversion -Wno-objc-literal-conversion -Wshorten-64-to-32 -Wpointer-sign -Wno-newline-eof -Wno-implicit-fallthrough -fstrict-aliasing -Wdeprecated-declarations -Wno-sign-conversion -Wno-infinite-recursion -Wno-comma -Wno-block-capture-autoreleasing -Wno-strict-prototypes -Wno-semicolon-before-method-body -index-store-path /Users/j/Documents/GitHub/MoneroOne/build/Index.noindex/DataStore @/Users/j/Documents/GitHub/MoneroOne/build/Build/Intermediates.noindex/swift-crypto.build/Debug-iphonesimulator/CCryptoBoringSSL.build/Objects-normal/arm64/7187679823f38a2a940e0043cdf9d637-common-args.resp -MMD -MT dependencies -MF /Users/j/Documents/GitHub/MoneroOne/build/Build/Intermediates.noindex/swift-crypto.build/Debug-iphonesimulator/CCryptoBoringSSL.build/Objects-normal/arm64/rc4.d --serialize-diagnostics /Users/j/Documents/GitHub/MoneroOne/build/Build/Intermediates.noindex/swift-crypto.build/Debug-iphonesimulator/CCryptoBoringSSL.build/Objects-normal/arm64/rc4.dia -c /Users/j/Documents/GitHub/MoneroOne/build/SourcePackages/checkouts/swift-crypto/Sources/CCryptoBoringSSL/crypto/rc4/rc4.c -o /Users/j/Documents/GitHub/MoneroOne/build/Build/Intermediates.noindex/swift-crypto.build/Debug-iphonesimulator/CCryptoBoringSSL.build/Objects-normal/arm64/rc4.o -index-unit-output-path /swift-crypto.build/Debug-iphonesimulator/CCryptoBoringSSL.build/Objects-normal/arm64/rc4.o

ScanDependencies /Users/j/Documents/GitHub/MoneroOne/build/Build/Intermediates.noindex/swift-crypto.build/Debug-iphonesimulator/CCryptoBoringSSL.build/Objects-normal/arm64/random.o /Users/j/Documents/GitHub/MoneroOne/build/SourcePackages/checkouts/swift-crypto/Sources/CCryptoBoringSSL/crypto/fipsmodule/bn/random.c normal arm64 c com.apple.compilers.llvm.clang.1_0.compiler (in target 'CCryptoBoringSSL' from project 'swift-crypto')
    cd /Users/j/Documents/GitHub/MoneroOne/MoneroOne.xcodeproj
    
    Using response file: /Users/j/Documents/GitHub/MoneroOne/build/Build/Intermediates.noindex/swift-crypto.build/Debug-iphonesimulator/CCryptoBoringSSL.build/Objects-normal/arm64/7187679823f38a2a940e0043cdf9d637-common-args.resp
    
    builtin-ScanDependencies -o /Users/j/Documents/GitHub/MoneroOne/build/Build/Intermediates.noindex/swift-crypto.build/Debug-iphonesimulator/CCryptoBoringSSL.build/Objects-normal/arm64/random.o.scan -- /Applications/Xcode.app/Contents/Developer/Toolchains/XcodeDefault.xctoolchain/usr/bin/clang -x c -ivfsstatcache /Users/j/Documents/GitHub/MoneroOne/build/SDKStatCaches.noindex/iphonesimulator26.1-23B77-90cf18a4295e390e64c810bc6bd7acbc.sdkstatcache -fmessage-length\=0 -fdiagnostics-show-note-include-stack -fmacro-backtrace-limit\=0 -fno-color-diagnostics -fmodules-prune-interval\=86400 -fmodules-prune-after\=345600 -fbuild-session-file\=/Users/j/Documents/GitHub/MoneroOne/build/ModuleCache.noindex/Session.modulevalidation -fmodules-validate-once-per-build-session -Wnon-modular-include-in-framework-module -Werror\=non-modular-include-in-framework-module -Wno-trigraphs -Wno-missing-field-initializers -Wno-missing-prototypes -Wno-return-type -Wno-missing-braces -Wparentheses -Wswitch -Wno-unused-function -Wno-unused-label -Wno-unused-parameter -Wno-unused-variable -Wunused-value -Wno-empty-body -Wno-uninitialized -Wno-unknown-pragmas -w -Wno-shadow -Wno-four-char-constants -Wno-conversion -Wno-constant-conversion -Wno-int-conversion -Wno-bool-conversion -Wno-enum-conversion -Wno-float-conversion -Wno-non-literal-null-conversion -Wno-objc-literal-conversion -Wshorten-64-to-32 -Wpointer-sign -Wno-newline-eof -Wno-implicit-fallthrough -fstrict-aliasing -Wdeprecated-declarations -Wno-sign-conversion -Wno-infinite-recursion -Wno-comma -Wno-block-capture-autoreleasing -Wno-strict-prototypes -Wno-semicolon-before-method-body -index-store-path /Users/j/Documents/GitHub/MoneroOne/build/Index.noindex/DataStore @/Users/j/Documents/GitHub/MoneroOne/build/Build/Intermediates.noindex/swift-crypto.build/Debug-iphonesimulator/CCryptoBoringSSL.build/Objects-normal/arm64/7187679823f38a2a940e0043cdf9d637-common-args.resp -MMD -MT dependencies -MF /Users/j/Documents/GitHub/MoneroOne/build/Build/Intermediates.noindex/swift-crypto.build/Debug-iphonesimulator/CCryptoBoringSSL.build/Objects-normal/arm64/random.d --serialize-diagnostics /Users/j/Documents/GitHub/MoneroOne/build/Build/Intermediates.noindex/swift-crypto.build/Debug-iphonesimulator/CCryptoBoringSSL.build/Objects-normal/arm64/random.dia -c /Users/j/Documents/GitHub/MoneroOne/build/SourcePackages/checkouts/swift-crypto/Sources/CCryptoBoringSSL/crypto/fipsmodule/bn/random.c -o /Users/j/Documents/GitHub/MoneroOne/build/Build/Intermediates.noindex/swift-crypto.build/Debug-iphonesimulator/CCryptoBoringSSL.build/Objects-normal/arm64/random.o -index-unit-output-path /swift-crypto.build/Debug-iphonesimulator/CCryptoBoringSSL.build/Objects-normal/arm64/random.o

ScanDependencies /Users/j/Documents/GitHub/MoneroOne/build/Build/Intermediates.noindex/swift-crypto.build/Debug-iphonesimulator/CCryptoBoringSSL.build/Objects-normal/arm64/rand_extra.o /Users/j/Documents/GitHub/MoneroOne/build/SourcePackages/checkouts/swift-crypto/Sources/CCryptoBoringSSL/crypto/rand_extra/rand_extra.c normal arm64 c com.apple.compilers.llvm.clang.1_0.compiler (in target 'CCryptoBoringSSL' from project 'swift-crypto')
    cd /Users/j/Documents/GitHub/MoneroOne/MoneroOne.xcodeproj
    
    Using response file: /Users/j/Documents/GitHub/MoneroOne/build/Build/Intermediates.noindex/swift-crypto.build/Debug-iphonesimulator/CCryptoBoringSSL.build/Objects-normal/arm64/7187679823f38a2a940e0043cdf9d637-common-args.resp
    
    builtin-ScanDependencies -o /Users/j/Documents/GitHub/MoneroOne/build/Build/Intermediates.noindex/swift-crypto.build/Debug-iphonesimulator/CCryptoBoringSSL.build/Objects-normal/arm64/rand_extra.o.scan -- /Applications/Xcode.app/Contents/Developer/Toolchains/XcodeDefault.xctoolchain/usr/bin/clang -x c -ivfsstatcache /Users/j/Documents/GitHub/MoneroOne/build/SDKStatCaches.noindex/iphonesimulator26.1-23B77-90cf18a4295e390e64c810bc6bd7acbc.sdkstatcache -fmessage-length\=0 -fdiagnostics-show-note-include-stack -fmacro-backtrace-limit\=0 -fno-color-diagnostics -fmodules-prune-interval\=86400 -fmodules-prune-after\=345600 -fbuild-session-file\=/Users/j/Documents/GitHub/MoneroOne/build/ModuleCache.noindex/Session.modulevalidation -fmodules-validate-once-per-build-session -Wnon-modular-include-in-framework-module -Werror\=non-modular-include-in-framework-module -Wno-trigraphs -Wno-missing-field-initializers -Wno-missing-prototypes -Wno-return-type -Wno-missing-braces -Wparentheses -Wswitch -Wno-unused-function -Wno-unused-label -Wno-unused-parameter -Wno-unused-variable -Wunused-value -Wno-empty-body -Wno-uninitialized -Wno-unknown-pragmas -w -Wno-shadow -Wno-four-char-constants -Wno-conversion -Wno-constant-conversion -Wno-int-conversion -Wno-bool-conversion -Wno-enum-conversion -Wno-float-conversion -Wno-non-literal-null-conversion -Wno-objc-literal-conversion -Wshorten-64-to-32 -Wpointer-sign -Wno-newline-eof -Wno-implicit-fallthrough -fstrict-aliasing -Wdeprecated-declarations -Wno-sign-conversion -Wno-infinite-recursion -Wno-comma -Wno-block-capture-autoreleasing -Wno-strict-prototypes -Wno-semicolon-before-method-body -index-store-path /Users/j/Documents/GitHub/MoneroOne/build/Index.noindex/DataStore @/Users/j/Documents/GitHub/MoneroOne/build/Build/Intermediates.noindex/swift-crypto.build/Debug-iphonesimulator/CCryptoBoringSSL.build/Objects-normal/arm64/7187679823f38a2a940e0043cdf9d637-common-args.resp -MMD -MT dependencies -MF /Users/j/Documents/GitHub/MoneroOne/build/Build/Intermediates.noindex/swift-crypto.build/Debug-iphonesimulator/CCryptoBoringSSL.build/Objects-normal/arm64/rand_extra.d --serialize-diagnostics /Users/j/Documents/GitHub/MoneroOne/build/Build/Intermediates.noindex/swift-crypto.build/Debug-iphonesimulator/CCryptoBoringSSL.build/Objects-normal/arm64/rand_extra.dia -c /Users/j/Documents/GitHub/MoneroOne/build/SourcePackages/checkouts/swift-crypto/Sources/CCryptoBoringSSL/crypto/rand_extra/rand_extra.c -o /Users/j/Documents/GitHub/MoneroOne/build/Build/Intermediates.noindex/swift-crypto.build/Debug-iphonesimulator/CCryptoBoringSSL.build/Objects-normal/arm64/rand_extra.o -index-unit-output-path /swift-crypto.build/Debug-iphonesimulator/CCryptoBoringSSL.build/Objects-normal/arm64/rand_extra.o

CompileC /Users/j/Documents/GitHub/MoneroOne/build/Build/Intermediates.noindex/swift-crypto.build/Debug-iphonesimulator/CCryptoBoringSSL.build/Objects-normal/arm64/rc4.o /Users/j/Documents/GitHub/MoneroOne/build/SourcePackages/checkouts/swift-crypto/Sources/CCryptoBoringSSL/crypto/rc4/rc4.c normal arm64 c com.apple.compilers.llvm.clang.1_0.compiler (in target 'CCryptoBoringSSL' from project 'swift-crypto')
    cd /Users/j/Documents/GitHub/MoneroOne/MoneroOne.xcodeproj
    
    Using response file: /Users/j/Documents/GitHub/MoneroOne/build/Build/Intermediates.noindex/swift-crypto.build/Debug-iphonesimulator/CCryptoBoringSSL.build/Objects-normal/arm64/7187679823f38a2a940e0043cdf9d637-common-args.resp
    
    /Applications/Xcode.app/Contents/Developer/Toolchains/XcodeDefault.xctoolchain/usr/bin/clang -x c -ivfsstatcache /Users/j/Documents/GitHub/MoneroOne/build/SDKStatCaches.noindex/iphonesimulator26.1-23B77-90cf18a4295e390e64c810bc6bd7acbc.sdkstatcache -fmessage-length\=0 -fdiagnostics-show-note-include-stack -fmacro-backtrace-limit\=0 -fno-color-diagnostics -fmodules-prune-interval\=86400 -fmodules-prune-after\=345600 -fbuild-session-file\=/Users/j/Documents/GitHub/MoneroOne/build/ModuleCache.noindex/Session.modulevalidation -fmodules-validate-once-per-build-session -Wnon-modular-include-in-framework-module -Werror\=non-modular-include-in-framework-module -Wno-trigraphs -Wno-missing-field-initializers -Wno-missing-prototypes -Wno-return-type -Wno-missing-braces -Wparentheses -Wswitch -Wno-unused-function -Wno-unused-label -Wno-unused-parameter -Wno-unused-variable -Wunused-value -Wno-empty-body -Wno-uninitialized -Wno-unknown-pragmas -w -Wno-shadow -Wno-four-char-constants -Wno-conversion -Wno-constant-conversion -Wno-int-conversion -Wno-bool-conversion -Wno-enum-conversion -Wno-float-conversion -Wno-non-literal-null-conversion -Wno-objc-literal-conversion -Wshorten-64-to-32 -Wpointer-sign -Wno-newline-eof -Wno-implicit-fallthrough -fstrict-aliasing -Wdeprecated-declarations -Wno-sign-conversion -Wno-infinite-recursion -Wno-comma -Wno-block-capture-autoreleasing -Wno-strict-prototypes -Wno-semicolon-before-method-body -index-store-path /Users/j/Documents/GitHub/MoneroOne/build/Index.noindex/DataStore @/Users/j/Documents/GitHub/MoneroOne/build/Build/Intermediates.noindex/swift-crypto.build/Debug-iphonesimulator/CCryptoBoringSSL.build/Objects-normal/arm64/7187679823f38a2a940e0043cdf9d637-common-args.resp -MMD -MT dependencies -MF /Users/j/Documents/GitHub/MoneroOne/build/Build/Intermediates.noindex/swift-crypto.build/Debug-iphonesimulator/CCryptoBoringSSL.build/Objects-normal/arm64/rc4.d --serialize-diagnostics /Users/j/Documents/GitHub/MoneroOne/build/Build/Intermediates.noindex/swift-crypto.build/Debug-iphonesimulator/CCryptoBoringSSL.build/Objects-normal/arm64/rc4.dia -c /Users/j/Documents/GitHub/MoneroOne/build/SourcePackages/checkouts/swift-crypto/Sources/CCryptoBoringSSL/crypto/rc4/rc4.c -o /Users/j/Documents/GitHub/MoneroOne/build/Build/Intermediates.noindex/swift-crypto.build/Debug-iphonesimulator/CCryptoBoringSSL.build/Objects-normal/arm64/rc4.o -index-unit-output-path /swift-crypto.build/Debug-iphonesimulator/CCryptoBoringSSL.build/Objects-normal/arm64/rc4.o

CompileC /Users/j/Documents/GitHub/MoneroOne/build/Build/Intermediates.noindex/swift-crypto.build/Debug-iphonesimulator/CCryptoBoringSSL.build/Objects-normal/arm64/rsa.o /Users/j/Documents/GitHub/MoneroOne/build/SourcePackages/checkouts/swift-crypto/Sources/CCryptoBoringSSL/crypto/fipsmodule/rsa/rsa.c normal arm64 c com.apple.compilers.llvm.clang.1_0.compiler (in target 'CCryptoBoringSSL' from project 'swift-crypto')
    cd /Users/j/Documents/GitHub/MoneroOne/MoneroOne.xcodeproj
    
    Using response file: /Users/j/Documents/GitHub/MoneroOne/build/Build/Intermediates.noindex/swift-crypto.build/Debug-iphonesimulator/CCryptoBoringSSL.build/Objects-normal/arm64/7187679823f38a2a940e0043cdf9d637-common-args.resp
    
    /Applications/Xcode.app/Contents/Developer/Toolchains/XcodeDefault.xctoolchain/usr/bin/clang -x c -ivfsstatcache /Users/j/Documents/GitHub/MoneroOne/build/SDKStatCaches.noindex/iphonesimulator26.1-23B77-90cf18a4295e390e64c810bc6bd7acbc.sdkstatcache -fmessage-length\=0 -fdiagnostics-show-note-include-stack -fmacro-backtrace-limit\=0 -fno-color-diagnostics -fmodules-prune-interval\=86400 -fmodules-prune-after\=345600 -fbuild-session-file\=/Users/j/Documents/GitHub/MoneroOne/build/ModuleCache.noindex/Session.modulevalidation -fmodules-validate-once-per-build-session -Wnon-modular-include-in-framework-module -Werror\=non-modular-include-in-framework-module -Wno-trigraphs -Wno-missing-field-initializers -Wno-missing-prototypes -Wno-return-type -Wno-missing-braces -Wparentheses -Wswitch -Wno-unused-function -Wno-unused-label -Wno-unused-parameter -Wno-unused-variable -Wunused-value -Wno-empty-body -Wno-uninitialized -Wno-unknown-pragmas -w -Wno-shadow -Wno-four-char-constants -Wno-conversion -Wno-constant-conversion -Wno-int-conversion -Wno-bool-conversion -Wno-enum-conversion -Wno-float-conversion -Wno-non-literal-null-conversion -Wno-objc-literal-conversion -Wshorten-64-to-32 -Wpointer-sign -Wno-newline-eof -Wno-implicit-fallthrough -fstrict-aliasing -Wdeprecated-declarations -Wno-sign-conversion -Wno-infinite-recursion -Wno-comma -Wno-block-capture-autoreleasing -Wno-strict-prototypes -Wno-semicolon-before-method-body -index-store-path /Users/j/Documents/GitHub/MoneroOne/build/Index.noindex/DataStore @/Users/j/Documents/GitHub/MoneroOne/build/Build/Intermediates.noindex/swift-crypto.build/Debug-iphonesimulator/CCryptoBoringSSL.build/Objects-normal/arm64/7187679823f38a2a940e0043cdf9d637-common-args.resp -MMD -MT dependencies -MF /Users/j/Documents/GitHub/MoneroOne/build/Build/Intermediates.noindex/swift-crypto.build/Debug-iphonesimulator/CCryptoBoringSSL.build/Objects-normal/arm64/rsa.d --serialize-diagnostics /Users/j/Documents/GitHub/MoneroOne/build/Build/Intermediates.noindex/swift-crypto.build/Debug-iphonesimulator/CCryptoBoringSSL.build/Objects-normal/arm64/rsa.dia -c /Users/j/Documents/GitHub/MoneroOne/build/SourcePackages/checkouts/swift-crypto/Sources/CCryptoBoringSSL/crypto/fipsmodule/rsa/rsa.c -o /Users/j/Documents/GitHub/MoneroOne/build/Build/Intermediates.noindex/swift-crypto.build/Debug-iphonesimulator/CCryptoBoringSSL.build/Objects-normal/arm64/rsa.o -index-unit-output-path /swift-crypto.build/Debug-iphonesimulator/CCryptoBoringSSL.build/Objects-normal/arm64/rsa.o

CompileC /Users/j/Documents/GitHub/MoneroOne/build/Build/Intermediates.noindex/swift-crypto.build/Debug-iphonesimulator/CCryptoBoringSSL.build/Objects-normal/arm64/random.o /Users/j/Documents/GitHub/MoneroOne/build/SourcePackages/checkouts/swift-crypto/Sources/CCryptoBoringSSL/crypto/fipsmodule/bn/random.c normal arm64 c com.apple.compilers.llvm.clang.1_0.compiler (in target 'CCryptoBoringSSL' from project 'swift-crypto')
    cd /Users/j/Documents/GitHub/MoneroOne/MoneroOne.xcodeproj
    
    Using response file: /Users/j/Documents/GitHub/MoneroOne/build/Build/Intermediates.noindex/swift-crypto.build/Debug-iphonesimulator/CCryptoBoringSSL.build/Objects-normal/arm64/7187679823f38a2a940e0043cdf9d637-common-args.resp
    
    /Applications/Xcode.app/Contents/Developer/Toolchains/XcodeDefault.xctoolchain/usr/bin/clang -x c -ivfsstatcache /Users/j/Documents/GitHub/MoneroOne/build/SDKStatCaches.noindex/iphonesimulator26.1-23B77-90cf18a4295e390e64c810bc6bd7acbc.sdkstatcache -fmessage-length\=0 -fdiagnostics-show-note-include-stack -fmacro-backtrace-limit\=0 -fno-color-diagnostics -fmodules-prune-interval\=86400 -fmodules-prune-after\=345600 -fbuild-session-file\=/Users/j/Documents/GitHub/MoneroOne/build/ModuleCache.noindex/Session.modulevalidation -fmodules-validate-once-per-build-session -Wnon-modular-include-in-framework-module -Werror\=non-modular-include-in-framework-module -Wno-trigraphs -Wno-missing-field-initializers -Wno-missing-prototypes -Wno-return-type -Wno-missing-braces -Wparentheses -Wswitch -Wno-unused-function -Wno-unused-label -Wno-unused-parameter -Wno-unused-variable -Wunused-value -Wno-empty-body -Wno-uninitialized -Wno-unknown-pragmas -w -Wno-shadow -Wno-four-char-constants -Wno-conversion -Wno-constant-conversion -Wno-int-conversion -Wno-bool-conversion -Wno-enum-conversion -Wno-float-conversion -Wno-non-literal-null-conversion -Wno-objc-literal-conversion -Wshorten-64-to-32 -Wpointer-sign -Wno-newline-eof -Wno-implicit-fallthrough -fstrict-aliasing -Wdeprecated-declarations -Wno-sign-conversion -Wno-infinite-recursion -Wno-comma -Wno-block-capture-autoreleasing -Wno-strict-prototypes -Wno-semicolon-before-method-body -index-store-path /Users/j/Documents/GitHub/MoneroOne/build/Index.noindex/DataStore @/Users/j/Documents/GitHub/MoneroOne/build/Build/Intermediates.noindex/swift-crypto.build/Debug-iphonesimulator/CCryptoBoringSSL.build/Objects-normal/arm64/7187679823f38a2a940e0043cdf9d637-common-args.resp -MMD -MT dependencies -MF /Users/j/Documents/GitHub/MoneroOne/build/Build/Intermediates.noindex/swift-crypto.build/Debug-iphonesimulator/CCryptoBoringSSL.build/Objects-normal/arm64/random.d --serialize-diagnostics /Users/j/Documents/GitHub/MoneroOne/build/Build/Intermediates.noindex/swift-crypto.build/Debug-iphonesimulator/CCryptoBoringSSL.build/Objects-normal/arm64/random.dia -c /Users/j/Documents/GitHub/MoneroOne/build/SourcePackages/checkouts/swift-crypto/Sources/CCryptoBoringSSL/crypto/fipsmodule/bn/random.c -o /Users/j/Documents/GitHub/MoneroOne/build/Build/Intermediates.noindex/swift-crypto.build/Debug-iphonesimulator/CCryptoBoringSSL.build/Objects-normal/arm64/random.o -index-unit-output-path /swift-crypto.build/Debug-iphonesimulator/CCryptoBoringSSL.build/Objects-normal/arm64/random.o

CompileC /Users/j/Documents/GitHub/MoneroOne/build/Build/Intermediates.noindex/swift-crypto.build/Debug-iphonesimulator/CCryptoBoringSSL.build/Objects-normal/arm64/refcount.o /Users/j/Documents/GitHub/MoneroOne/build/SourcePackages/checkouts/swift-crypto/Sources/CCryptoBoringSSL/crypto/refcount.c normal arm64 c com.apple.compilers.llvm.clang.1_0.compiler (in target 'CCryptoBoringSSL' from project 'swift-crypto')
    cd /Users/j/Documents/GitHub/MoneroOne/MoneroOne.xcodeproj
    
    Using response file: /Users/j/Documents/GitHub/MoneroOne/build/Build/Intermediates.noindex/swift-crypto.build/Debug-iphonesimulator/CCryptoBoringSSL.build/Objects-normal/arm64/7187679823f38a2a940e0043cdf9d637-common-args.resp
    
    /Applications/Xcode.app/Contents/Developer/Toolchains/XcodeDefault.xctoolchain/usr/bin/clang -x c -ivfsstatcache /Users/j/Documents/GitHub/MoneroOne/build/SDKStatCaches.noindex/iphonesimulator26.1-23B77-90cf18a4295e390e64c810bc6bd7acbc.sdkstatcache -fmessage-length\=0 -fdiagnostics-show-note-include-stack -fmacro-backtrace-limit\=0 -fno-color-diagnostics -fmodules-prune-interval\=86400 -fmodules-prune-after\=345600 -fbuild-session-file\=/Users/j/Documents/GitHub/MoneroOne/build/ModuleCache.noindex/Session.modulevalidation -fmodules-validate-once-per-build-session -Wnon-modular-include-in-framework-module -Werror\=non-modular-include-in-framework-module -Wno-trigraphs -Wno-missing-field-initializers -Wno-missing-prototypes -Wno-return-type -Wno-missing-braces -Wparentheses -Wswitch -Wno-unused-function -Wno-unused-label -Wno-unused-parameter -Wno-unused-variable -Wunused-value -Wno-empty-body -Wno-uninitialized -Wno-unknown-pragmas -w -Wno-shadow -Wno-four-char-constants -Wno-conversion -Wno-constant-conversion -Wno-int-conversion -Wno-bool-conversion -Wno-enum-conversion -Wno-float-conversion -Wno-non-literal-null-conversion -Wno-objc-literal-conversion -Wshorten-64-to-32 -Wpointer-sign -Wno-newline-eof -Wno-implicit-fallthrough -fstrict-aliasing -Wdeprecated-declarations -Wno-sign-conversion -Wno-infinite-recursion -Wno-comma -Wno-block-capture-autoreleasing -Wno-strict-prototypes -Wno-semicolon-before-method-body -index-store-path /Users/j/Documents/GitHub/MoneroOne/build/Index.noindex/DataStore @/Users/j/Documents/GitHub/MoneroOne/build/Build/Intermediates.noindex/swift-crypto.build/Debug-iphonesimulator/CCryptoBoringSSL.build/Objects-normal/arm64/7187679823f38a2a940e0043cdf9d637-common-args.resp -MMD -MT dependencies -MF /Users/j/Documents/GitHub/MoneroOne/build/Build/Intermediates.noindex/swift-crypto.build/Debug-iphonesimulator/CCryptoBoringSSL.build/Objects-normal/arm64/refcount.d --serialize-diagnostics /Users/j/Documents/GitHub/MoneroOne/build/Build/Intermediates.noindex/swift-crypto.build/Debug-iphonesimulator/CCryptoBoringSSL.build/Objects-normal/arm64/refcount.dia -c /Users/j/Documents/GitHub/MoneroOne/build/SourcePackages/checkouts/swift-crypto/Sources/CCryptoBoringSSL/crypto/refcount.c -o /Users/j/Documents/GitHub/MoneroOne/build/Build/Intermediates.noindex/swift-crypto.build/Debug-iphonesimulator/CCryptoBoringSSL.build/Objects-normal/arm64/refcount.o -index-unit-output-path /swift-crypto.build/Debug-iphonesimulator/CCryptoBoringSSL.build/Objects-normal/arm64/refcount.o

ScanDependencies /Users/j/Documents/GitHub/MoneroOne/build/Build/Intermediates.noindex/swift-crypto.build/Debug-iphonesimulator/CCryptoBoringSSL.build/Objects-normal/arm64/rand.o /Users/j/Documents/GitHub/MoneroOne/build/SourcePackages/checkouts/swift-crypto/Sources/CCryptoBoringSSL/crypto/fipsmodule/rand/rand.c normal arm64 c com.apple.compilers.llvm.clang.1_0.compiler (in target 'CCryptoBoringSSL' from project 'swift-crypto')
    cd /Users/j/Documents/GitHub/MoneroOne/MoneroOne.xcodeproj
    
    Using response file: /Users/j/Documents/GitHub/MoneroOne/build/Build/Intermediates.noindex/swift-crypto.build/Debug-iphonesimulator/CCryptoBoringSSL.build/Objects-normal/arm64/7187679823f38a2a940e0043cdf9d637-common-args.resp
    
    builtin-ScanDependencies -o /Users/j/Documents/GitHub/MoneroOne/build/Build/Intermediates.noindex/swift-crypto.build/Debug-iphonesimulator/CCryptoBoringSSL.build/Objects-normal/arm64/rand.o.scan -- /Applications/Xcode.app/Contents/Developer/Toolchains/XcodeDefault.xctoolchain/usr/bin/clang -x c -ivfsstatcache /Users/j/Documents/GitHub/MoneroOne/build/SDKStatCaches.noindex/iphonesimulator26.1-23B77-90cf18a4295e390e64c810bc6bd7acbc.sdkstatcache -fmessage-length\=0 -fdiagnostics-show-note-include-stack -fmacro-backtrace-limit\=0 -fno-color-diagnostics -fmodules-prune-interval\=86400 -fmodules-prune-after\=345600 -fbuild-session-file\=/Users/j/Documents/GitHub/MoneroOne/build/ModuleCache.noindex/Session.modulevalidation -fmodules-validate-once-per-build-session -Wnon-modular-include-in-framework-module -Werror\=non-modular-include-in-framework-module -Wno-trigraphs -Wno-missing-field-initializers -Wno-missing-prototypes -Wno-return-type -Wno-missing-braces -Wparentheses -Wswitch -Wno-unused-function -Wno-unused-label -Wno-unused-parameter -Wno-unused-variable -Wunused-value -Wno-empty-body -Wno-uninitialized -Wno-unknown-pragmas -w -Wno-shadow -Wno-four-char-constants -Wno-conversion -Wno-constant-conversion -Wno-int-conversion -Wno-bool-conversion -Wno-enum-conversion -Wno-float-conversion -Wno-non-literal-null-conversion -Wno-objc-literal-conversion -Wshorten-64-to-32 -Wpointer-sign -Wno-newline-eof -Wno-implicit-fallthrough -fstrict-aliasing -Wdeprecated-declarations -Wno-sign-conversion -Wno-infinite-recursion -Wno-comma -Wno-block-capture-autoreleasing -Wno-strict-prototypes -Wno-semicolon-before-method-body -index-store-path /Users/j/Documents/GitHub/MoneroOne/build/Index.noindex/DataStore @/Users/j/Documents/GitHub/MoneroOne/build/Build/Intermediates.noindex/swift-crypto.build/Debug-iphonesimulator/CCryptoBoringSSL.build/Objects-normal/arm64/7187679823f38a2a940e0043cdf9d637-common-args.resp -MMD -MT dependencies -MF /Users/j/Documents/GitHub/MoneroOne/build/Build/Intermediates.noindex/swift-crypto.build/Debug-iphonesimulator/CCryptoBoringSSL.build/Objects-normal/arm64/rand.d --serialize-diagnostics /Users/j/Documents/GitHub/MoneroOne/build/Build/Intermediates.noindex/swift-crypto.build/Debug-iphonesimulator/CCryptoBoringSSL.build/Objects-normal/arm64/rand.dia -c /Users/j/Documents/GitHub/MoneroOne/build/SourcePackages/checkouts/swift-crypto/Sources/CCryptoBoringSSL/crypto/fipsmodule/rand/rand.c -o /Users/j/Documents/GitHub/MoneroOne/build/Build/Intermediates.noindex/swift-crypto.build/Debug-iphonesimulator/CCryptoBoringSSL.build/Objects-normal/arm64/rand.o -index-unit-output-path /swift-crypto.build/Debug-iphonesimulator/CCryptoBoringSSL.build/Objects-normal/arm64/rand.o

CompileC /Users/j/Documents/GitHub/MoneroOne/build/Build/Intermediates.noindex/swift-crypto.build/Debug-iphonesimulator/CCryptoBoringSSL.build/Objects-normal/arm64/rand_extra.o /Users/j/Documents/GitHub/MoneroOne/build/SourcePackages/checkouts/swift-crypto/Sources/CCryptoBoringSSL/crypto/rand_extra/rand_extra.c normal arm64 c com.apple.compilers.llvm.clang.1_0.compiler (in target 'CCryptoBoringSSL' from project 'swift-crypto')
    cd /Users/j/Documents/GitHub/MoneroOne/MoneroOne.xcodeproj
    
    Using response file: /Users/j/Documents/GitHub/MoneroOne/build/Build/Intermediates.noindex/swift-crypto.build/Debug-iphonesimulator/CCryptoBoringSSL.build/Objects-normal/arm64/7187679823f38a2a940e0043cdf9d637-common-args.resp
    
    /Applications/Xcode.app/Contents/Developer/Toolchains/XcodeDefault.xctoolchain/usr/bin/clang -x c -ivfsstatcache /Users/j/Documents/GitHub/MoneroOne/build/SDKStatCaches.noindex/iphonesimulator26.1-23B77-90cf18a4295e390e64c810bc6bd7acbc.sdkstatcache -fmessage-length\=0 -fdiagnostics-show-note-include-stack -fmacro-backtrace-limit\=0 -fno-color-diagnostics -fmodules-prune-interval\=86400 -fmodules-prune-after\=345600 -fbuild-session-file\=/Users/j/Documents/GitHub/MoneroOne/build/ModuleCache.noindex/Session.modulevalidation -fmodules-validate-once-per-build-session -Wnon-modular-include-in-framework-module -Werror\=non-modular-include-in-framework-module -Wno-trigraphs -Wno-missing-field-initializers -Wno-missing-prototypes -Wno-return-type -Wno-missing-braces -Wparentheses -Wswitch -Wno-unused-function -Wno-unused-label -Wno-unused-parameter -Wno-unused-variable -Wunused-value -Wno-empty-body -Wno-uninitialized -Wno-unknown-pragmas -w -Wno-shadow -Wno-four-char-constants -Wno-conversion -Wno-constant-conversion -Wno-int-conversion -Wno-bool-conversion -Wno-enum-conversion -Wno-float-conversion -Wno-non-literal-null-conversion -Wno-objc-literal-conversion -Wshorten-64-to-32 -Wpointer-sign -Wno-newline-eof -Wno-implicit-fallthrough -fstrict-aliasing -Wdeprecated-declarations -Wno-sign-conversion -Wno-infinite-recursion -Wno-comma -Wno-block-capture-autoreleasing -Wno-strict-prototypes -Wno-semicolon-before-method-body -index-store-path /Users/j/Documents/GitHub/MoneroOne/build/Index.noindex/DataStore @/Users/j/Documents/GitHub/MoneroOne/build/Build/Intermediates.noindex/swift-crypto.build/Debug-iphonesimulator/CCryptoBoringSSL.build/Objects-normal/arm64/7187679823f38a2a940e0043cdf9d637-common-args.resp -MMD -MT dependencies -MF /Users/j/Documents/GitHub/MoneroOne/build/Build/Intermediates.noindex/swift-crypto.build/Debug-iphonesimulator/CCryptoBoringSSL.build/Objects-normal/arm64/rand_extra.d --serialize-diagnostics /Users/j/Documents/GitHub/MoneroOne/build/Build/Intermediates.noindex/swift-crypto.build/Debug-iphonesimulator/CCryptoBoringSSL.build/Objects-normal/arm64/rand_extra.dia -c /Users/j/Documents/GitHub/MoneroOne/build/SourcePackages/checkouts/swift-crypto/Sources/CCryptoBoringSSL/crypto/rand_extra/rand_extra.c -o /Users/j/Documents/GitHub/MoneroOne/build/Build/Intermediates.noindex/swift-crypto.build/Debug-iphonesimulator/CCryptoBoringSSL.build/Objects-normal/arm64/rand_extra.o -index-unit-output-path /swift-crypto.build/Debug-iphonesimulator/CCryptoBoringSSL.build/Objects-normal/arm64/rand_extra.o

ScanDependencies /Users/j/Documents/GitHub/MoneroOne/build/Build/Intermediates.noindex/swift-crypto.build/Debug-iphonesimulator/CCryptoBoringSSL.build/Objects-normal/arm64/printf.o /Users/j/Documents/GitHub/MoneroOne/build/SourcePackages/checkouts/swift-crypto/Sources/CCryptoBoringSSL/crypto/bio/printf.c normal arm64 c com.apple.compilers.llvm.clang.1_0.compiler (in target 'CCryptoBoringSSL' from project 'swift-crypto')
    cd /Users/j/Documents/GitHub/MoneroOne/MoneroOne.xcodeproj
    
    Using response file: /Users/j/Documents/GitHub/MoneroOne/build/Build/Intermediates.noindex/swift-crypto.build/Debug-iphonesimulator/CCryptoBoringSSL.build/Objects-normal/arm64/7187679823f38a2a940e0043cdf9d637-common-args.resp
    
    builtin-ScanDependencies -o /Users/j/Documents/GitHub/MoneroOne/build/Build/Intermediates.noindex/swift-crypto.build/Debug-iphonesimulator/CCryptoBoringSSL.build/Objects-normal/arm64/printf.o.scan -- /Applications/Xcode.app/Contents/Developer/Toolchains/XcodeDefault.xctoolchain/usr/bin/clang -x c -ivfsstatcache /Users/j/Documents/GitHub/MoneroOne/build/SDKStatCaches.noindex/iphonesimulator26.1-23B77-90cf18a4295e390e64c810bc6bd7acbc.sdkstatcache -fmessage-length\=0 -fdiagnostics-show-note-include-stack -fmacro-backtrace-limit\=0 -fno-color-diagnostics -fmodules-prune-interval\=86400 -fmodules-prune-after\=345600 -fbuild-session-file\=/Users/j/Documents/GitHub/MoneroOne/build/ModuleCache.noindex/Session.modulevalidation -fmodules-validate-once-per-build-session -Wnon-modular-include-in-framework-module -Werror\=non-modular-include-in-framework-module -Wno-trigraphs -Wno-missing-field-initializers -Wno-missing-prototypes -Wno-return-type -Wno-missing-braces -Wparentheses -Wswitch -Wno-unused-function -Wno-unused-label -Wno-unused-parameter -Wno-unused-variable -Wunused-value -Wno-empty-body -Wno-uninitialized -Wno-unknown-pragmas -w -Wno-shadow -Wno-four-char-constants -Wno-conversion -Wno-constant-conversion -Wno-int-conversion -Wno-bool-conversion -Wno-enum-conversion -Wno-float-conversion -Wno-non-literal-null-conversion -Wno-objc-literal-conversion -Wshorten-64-to-32 -Wpointer-sign -Wno-newline-eof -Wno-implicit-fallthrough -fstrict-aliasing -Wdeprecated-declarations -Wno-sign-conversion -Wno-infinite-recursion -Wno-comma -Wno-block-capture-autoreleasing -Wno-strict-prototypes -Wno-semicolon-before-method-body -index-store-path /Users/j/Documents/GitHub/MoneroOne/build/Index.noindex/DataStore @/Users/j/Documents/GitHub/MoneroOne/build/Build/Intermediates.noindex/swift-crypto.build/Debug-iphonesimulator/CCryptoBoringSSL.build/Objects-normal/arm64/7187679823f38a2a940e0043cdf9d637-common-args.resp -MMD -MT dependencies -MF /Users/j/Documents/GitHub/MoneroOne/build/Build/Intermediates.noindex/swift-crypto.build/Debug-iphonesimulator/CCryptoBoringSSL.build/Objects-normal/arm64/printf.d --serialize-diagnostics /Users/j/Documents/GitHub/MoneroOne/build/Build/Intermediates.noindex/swift-crypto.build/Debug-iphonesimulator/CCryptoBoringSSL.build/Objects-normal/arm64/printf.dia -c /Users/j/Documents/GitHub/MoneroOne/build/SourcePackages/checkouts/swift-crypto/Sources/CCryptoBoringSSL/crypto/bio/printf.c -o /Users/j/Documents/GitHub/MoneroOne/build/Build/Intermediates.noindex/swift-crypto.build/Debug-iphonesimulator/CCryptoBoringSSL.build/Objects-normal/arm64/printf.o -index-unit-output-path /swift-crypto.build/Debug-iphonesimulator/CCryptoBoringSSL.build/Objects-normal/arm64/printf.o

ScanDependencies /Users/j/Documents/GitHub/MoneroOne/build/Build/Intermediates.noindex/swift-crypto.build/Debug-iphonesimulator/CCryptoBoringSSL.build/Objects-normal/arm64/print.o /Users/j/Documents/GitHub/MoneroOne/build/SourcePackages/checkouts/swift-crypto/Sources/CCryptoBoringSSL/crypto/evp/print.c normal arm64 c com.apple.compilers.llvm.clang.1_0.compiler (in target 'CCryptoBoringSSL' from project 'swift-crypto')
    cd /Users/j/Documents/GitHub/MoneroOne/MoneroOne.xcodeproj
    
    Using response file: /Users/j/Documents/GitHub/MoneroOne/build/Build/Intermediates.noindex/swift-crypto.build/Debug-iphonesimulator/CCryptoBoringSSL.build/Objects-normal/arm64/7187679823f38a2a940e0043cdf9d637-common-args.resp
    
    builtin-ScanDependencies -o /Users/j/Documents/GitHub/MoneroOne/build/Build/Intermediates.noindex/swift-crypto.build/Debug-iphonesimulator/CCryptoBoringSSL.build/Objects-normal/arm64/print.o.scan -- /Applications/Xcode.app/Contents/Developer/Toolchains/XcodeDefault.xctoolchain/usr/bin/clang -x c -ivfsstatcache /Users/j/Documents/GitHub/MoneroOne/build/SDKStatCaches.noindex/iphonesimulator26.1-23B77-90cf18a4295e390e64c810bc6bd7acbc.sdkstatcache -fmessage-length\=0 -fdiagnostics-show-note-include-stack -fmacro-backtrace-limit\=0 -fno-color-diagnostics -fmodules-prune-interval\=86400 -fmodules-prune-after\=345600 -fbuild-session-file\=/Users/j/Documents/GitHub/MoneroOne/build/ModuleCache.noindex/Session.modulevalidation -fmodules-validate-once-per-build-session -Wnon-modular-include-in-framework-module -Werror\=non-modular-include-in-framework-module -Wno-trigraphs -Wno-missing-field-initializers -Wno-missing-prototypes -Wno-return-type -Wno-missing-braces -Wparentheses -Wswitch -Wno-unused-function -Wno-unused-label -Wno-unused-parameter -Wno-unused-variable -Wunused-value -Wno-empty-body -Wno-uninitialized -Wno-unknown-pragmas -w -Wno-shadow -Wno-four-char-constants -Wno-conversion -Wno-constant-conversion -Wno-int-conversion -Wno-bool-conversion -Wno-enum-conversion -Wno-float-conversion -Wno-non-literal-null-conversion -Wno-objc-literal-conversion -Wshorten-64-to-32 -Wpointer-sign -Wno-newline-eof -Wno-implicit-fallthrough -fstrict-aliasing -Wdeprecated-declarations -Wno-sign-conversion -Wno-infinite-recursion -Wno-comma -Wno-block-capture-autoreleasing -Wno-strict-prototypes -Wno-semicolon-before-method-body -index-store-path /Users/j/Documents/GitHub/MoneroOne/build/Index.noindex/DataStore @/Users/j/Documents/GitHub/MoneroOne/build/Build/Intermediates.noindex/swift-crypto.build/Debug-iphonesimulator/CCryptoBoringSSL.build/Objects-normal/arm64/7187679823f38a2a940e0043cdf9d637-common-args.resp -MMD -MT dependencies -MF /Users/j/Documents/GitHub/MoneroOne/build/Build/Intermediates.noindex/swift-crypto.build/Debug-iphonesimulator/CCryptoBoringSSL.build/Objects-normal/arm64/print.d --serialize-diagnostics /Users/j/Documents/GitHub/MoneroOne/build/Build/Intermediates.noindex/swift-crypto.build/Debug-iphonesimulator/CCryptoBoringSSL.build/Objects-normal/arm64/print.dia -c /Users/j/Documents/GitHub/MoneroOne/build/SourcePackages/checkouts/swift-crypto/Sources/CCryptoBoringSSL/crypto/evp/print.c -o /Users/j/Documents/GitHub/MoneroOne/build/Build/Intermediates.noindex/swift-crypto.build/Debug-iphonesimulator/CCryptoBoringSSL.build/Objects-normal/arm64/print.o -index-unit-output-path /swift-crypto.build/Debug-iphonesimulator/CCryptoBoringSSL.build/Objects-normal/arm64/print.o

CompileC /Users/j/Documents/GitHub/MoneroOne/build/Build/Intermediates.noindex/swift-crypto.build/Debug-iphonesimulator/CCryptoBoringSSL.build/Objects-normal/arm64/rand.o /Users/j/Documents/GitHub/MoneroOne/build/SourcePackages/checkouts/swift-crypto/Sources/CCryptoBoringSSL/crypto/fipsmodule/rand/rand.c normal arm64 c com.apple.compilers.llvm.clang.1_0.compiler (in target 'CCryptoBoringSSL' from project 'swift-crypto')
    cd /Users/j/Documents/GitHub/MoneroOne/MoneroOne.xcodeproj
    
    Using response file: /Users/j/Documents/GitHub/MoneroOne/build/Build/Intermediates.noindex/swift-crypto.build/Debug-iphonesimulator/CCryptoBoringSSL.build/Objects-normal/arm64/7187679823f38a2a940e0043cdf9d637-common-args.resp
    
    /Applications/Xcode.app/Contents/Developer/Toolchains/XcodeDefault.xctoolchain/usr/bin/clang -x c -ivfsstatcache /Users/j/Documents/GitHub/MoneroOne/build/SDKStatCaches.noindex/iphonesimulator26.1-23B77-90cf18a4295e390e64c810bc6bd7acbc.sdkstatcache -fmessage-length\=0 -fdiagnostics-show-note-include-stack -fmacro-backtrace-limit\=0 -fno-color-diagnostics -fmodules-prune-interval\=86400 -fmodules-prune-after\=345600 -fbuild-session-file\=/Users/j/Documents/GitHub/MoneroOne/build/ModuleCache.noindex/Session.modulevalidation -fmodules-validate-once-per-build-session -Wnon-modular-include-in-framework-module -Werror\=non-modular-include-in-framework-module -Wno-trigraphs -Wno-missing-field-initializers -Wno-missing-prototypes -Wno-return-type -Wno-missing-braces -Wparentheses -Wswitch -Wno-unused-function -Wno-unused-label -Wno-unused-parameter -Wno-unused-variable -Wunused-value -Wno-empty-body -Wno-uninitialized -Wno-unknown-pragmas -w -Wno-shadow -Wno-four-char-constants -Wno-conversion -Wno-constant-conversion -Wno-int-conversion -Wno-bool-conversion -Wno-enum-conversion -Wno-float-conversion -Wno-non-literal-null-conversion -Wno-objc-literal-conversion -Wshorten-64-to-32 -Wpointer-sign -Wno-newline-eof -Wno-implicit-fallthrough -fstrict-aliasing -Wdeprecated-declarations -Wno-sign-conversion -Wno-infinite-recursion -Wno-comma -Wno-block-capture-autoreleasing -Wno-strict-prototypes -Wno-semicolon-before-method-body -index-store-path /Users/j/Documents/GitHub/MoneroOne/build/Index.noindex/DataStore @/Users/j/Documents/GitHub/MoneroOne/build/Build/Intermediates.noindex/swift-crypto.build/Debug-iphonesimulator/CCryptoBoringSSL.build/Objects-normal/arm64/7187679823f38a2a940e0043cdf9d637-common-args.resp -MMD -MT dependencies -MF /Users/j/Documents/GitHub/MoneroOne/build/Build/Intermediates.noindex/swift-crypto.build/Debug-iphonesimulator/CCryptoBoringSSL.build/Objects-normal/arm64/rand.d --serialize-diagnostics /Users/j/Documents/GitHub/MoneroOne/build/Build/Intermediates.noindex/swift-crypto.build/Debug-iphonesimulator/CCryptoBoringSSL.build/Objects-normal/arm64/rand.dia -c /Users/j/Documents/GitHub/MoneroOne/build/SourcePackages/checkouts/swift-crypto/Sources/CCryptoBoringSSL/crypto/fipsmodule/rand/rand.c -o /Users/j/Documents/GitHub/MoneroOne/build/Build/Intermediates.noindex/swift-crypto.build/Debug-iphonesimulator/CCryptoBoringSSL.build/Objects-normal/arm64/rand.o -index-unit-output-path /swift-crypto.build/Debug-iphonesimulator/CCryptoBoringSSL.build/Objects-normal/arm64/rand.o

ScanDependencies /Users/j/Documents/GitHub/MoneroOne/build/Build/Intermediates.noindex/swift-crypto.build/Debug-iphonesimulator/CCryptoBoringSSL.build/Objects-normal/arm64/prime.o /Users/j/Documents/GitHub/MoneroOne/build/SourcePackages/checkouts/swift-crypto/Sources/CCryptoBoringSSL/crypto/fipsmodule/bn/prime.c normal arm64 c com.apple.compilers.llvm.clang.1_0.compiler (in target 'CCryptoBoringSSL' from project 'swift-crypto')
    cd /Users/j/Documents/GitHub/MoneroOne/MoneroOne.xcodeproj
    
    Using response file: /Users/j/Documents/GitHub/MoneroOne/build/Build/Intermediates.noindex/swift-crypto.build/Debug-iphonesimulator/CCryptoBoringSSL.build/Objects-normal/arm64/7187679823f38a2a940e0043cdf9d637-common-args.resp
    
    builtin-ScanDependencies -o /Users/j/Documents/GitHub/MoneroOne/build/Build/Intermediates.noindex/swift-crypto.build/Debug-iphonesimulator/CCryptoBoringSSL.build/Objects-normal/arm64/prime.o.scan -- /Applications/Xcode.app/Contents/Developer/Toolchains/XcodeDefault.xctoolchain/usr/bin/clang -x c -ivfsstatcache /Users/j/Documents/GitHub/MoneroOne/build/SDKStatCaches.noindex/iphonesimulator26.1-23B77-90cf18a4295e390e64c810bc6bd7acbc.sdkstatcache -fmessage-length\=0 -fdiagnostics-show-note-include-stack -fmacro-backtrace-limit\=0 -fno-color-diagnostics -fmodules-prune-interval\=86400 -fmodules-prune-after\=345600 -fbuild-session-file\=/Users/j/Documents/GitHub/MoneroOne/build/ModuleCache.noindex/Session.modulevalidation -fmodules-validate-once-per-build-session -Wnon-modular-include-in-framework-module -Werror\=non-modular-include-in-framework-module -Wno-trigraphs -Wno-missing-field-initializers -Wno-missing-prototypes -Wno-return-type -Wno-missing-braces -Wparentheses -Wswitch -Wno-unused-function -Wno-unused-label -Wno-unused-parameter -Wno-unused-variable -Wunused-value -Wno-empty-body -Wno-uninitialized -Wno-unknown-pragmas -w -Wno-shadow -Wno-four-char-constants -Wno-conversion -Wno-constant-conversion -Wno-int-conversion -Wno-bool-conversion -Wno-enum-conversion -Wno-float-conversion -Wno-non-literal-null-conversion -Wno-objc-literal-conversion -Wshorten-64-to-32 -Wpointer-sign -Wno-newline-eof -Wno-implicit-fallthrough -fstrict-aliasing -Wdeprecated-declarations -Wno-sign-conversion -Wno-infinite-recursion -Wno-comma -Wno-block-capture-autoreleasing -Wno-strict-prototypes -Wno-semicolon-before-method-body -index-store-path /Users/j/Documents/GitHub/MoneroOne/build/Index.noindex/DataStore @/Users/j/Documents/GitHub/MoneroOne/build/Build/Intermediates.noindex/swift-crypto.build/Debug-iphonesimulator/CCryptoBoringSSL.build/Objects-normal/arm64/7187679823f38a2a940e0043cdf9d637-common-args.resp -MMD -MT dependencies -MF /Users/j/Documents/GitHub/MoneroOne/build/Build/Intermediates.noindex/swift-crypto.build/Debug-iphonesimulator/CCryptoBoringSSL.build/Objects-normal/arm64/prime.d --serialize-diagnostics /Users/j/Documents/GitHub/MoneroOne/build/Build/Intermediates.noindex/swift-crypto.build/Debug-iphonesimulator/CCryptoBoringSSL.build/Objects-normal/arm64/prime.dia -c /Users/j/Documents/GitHub/MoneroOne/build/SourcePackages/checkouts/swift-crypto/Sources/CCryptoBoringSSL/crypto/fipsmodule/bn/prime.c -o /Users/j/Documents/GitHub/MoneroOne/build/Build/Intermediates.noindex/swift-crypto.build/Debug-iphonesimulator/CCryptoBoringSSL.build/Objects-normal/arm64/prime.o -index-unit-output-path /swift-crypto.build/Debug-iphonesimulator/CCryptoBoringSSL.build/Objects-normal/arm64/prime.o

ScanDependencies /Users/j/Documents/GitHub/MoneroOne/build/Build/Intermediates.noindex/swift-crypto.build/Debug-iphonesimulator/CCryptoBoringSSL.build/Objects-normal/arm64/posix_time.o /Users/j/Documents/GitHub/MoneroOne/build/SourcePackages/checkouts/swift-crypto/Sources/CCryptoBoringSSL/crypto/asn1/posix_time.c normal arm64 c com.apple.compilers.llvm.clang.1_0.compiler (in target 'CCryptoBoringSSL' from project 'swift-crypto')
    cd /Users/j/Documents/GitHub/MoneroOne/MoneroOne.xcodeproj
    
    Using response file: /Users/j/Documents/GitHub/MoneroOne/build/Build/Intermediates.noindex/swift-crypto.build/Debug-iphonesimulator/CCryptoBoringSSL.build/Objects-normal/arm64/7187679823f38a2a940e0043cdf9d637-common-args.resp
    
    builtin-ScanDependencies -o /Users/j/Documents/GitHub/MoneroOne/build/Build/Intermediates.noindex/swift-crypto.build/Debug-iphonesimulator/CCryptoBoringSSL.build/Objects-normal/arm64/posix_time.o.scan -- /Applications/Xcode.app/Contents/Developer/Toolchains/XcodeDefault.xctoolchain/usr/bin/clang -x c -ivfsstatcache /Users/j/Documents/GitHub/MoneroOne/build/SDKStatCaches.noindex/iphonesimulator26.1-23B77-90cf18a4295e390e64c810bc6bd7acbc.sdkstatcache -fmessage-length\=0 -fdiagnostics-show-note-include-stack -fmacro-backtrace-limit\=0 -fno-color-diagnostics -fmodules-prune-interval\=86400 -fmodules-prune-after\=345600 -fbuild-session-file\=/Users/j/Documents/GitHub/MoneroOne/build/ModuleCache.noindex/Session.modulevalidation -fmodules-validate-once-per-build-session -Wnon-modular-include-in-framework-module -Werror\=non-modular-include-in-framework-module -Wno-trigraphs -Wno-missing-field-initializers -Wno-missing-prototypes -Wno-return-type -Wno-missing-braces -Wparentheses -Wswitch -Wno-unused-function -Wno-unused-label -Wno-unused-parameter -Wno-unused-variable -Wunused-value -Wno-empty-body -Wno-uninitialized -Wno-unknown-pragmas -w -Wno-shadow -Wno-four-char-constants -Wno-conversion -Wno-constant-conversion -Wno-int-conversion -Wno-bool-conversion -Wno-enum-conversion -Wno-float-conversion -Wno-non-literal-null-conversion -Wno-objc-literal-conversion -Wshorten-64-to-32 -Wpointer-sign -Wno-newline-eof -Wno-implicit-fallthrough -fstrict-aliasing -Wdeprecated-declarations -Wno-sign-conversion -Wno-infinite-recursion -Wno-comma -Wno-block-capture-autoreleasing -Wno-strict-prototypes -Wno-semicolon-before-method-body -index-store-path /Users/j/Documents/GitHub/MoneroOne/build/Index.noindex/DataStore @/Users/j/Documents/GitHub/MoneroOne/build/Build/Intermediates.noindex/swift-crypto.build/Debug-iphonesimulator/CCryptoBoringSSL.build/Objects-normal/arm64/7187679823f38a2a940e0043cdf9d637-common-args.resp -MMD -MT dependencies -MF /Users/j/Documents/GitHub/MoneroOne/build/Build/Intermediates.noindex/swift-crypto.build/Debug-iphonesimulator/CCryptoBoringSSL.build/Objects-normal/arm64/posix_time.d --serialize-diagnostics /Users/j/Documents/GitHub/MoneroOne/build/Build/Intermediates.noindex/swift-crypto.build/Debug-iphonesimulator/CCryptoBoringSSL.build/Objects-normal/arm64/posix_time.dia -c /Users/j/Documents/GitHub/MoneroOne/build/SourcePackages/checkouts/swift-crypto/Sources/CCryptoBoringSSL/crypto/asn1/posix_time.c -o /Users/j/Documents/GitHub/MoneroOne/build/Build/Intermediates.noindex/swift-crypto.build/Debug-iphonesimulator/CCryptoBoringSSL.build/Objects-normal/arm64/posix_time.o -index-unit-output-path /swift-crypto.build/Debug-iphonesimulator/CCryptoBoringSSL.build/Objects-normal/arm64/posix_time.o

CompileC /Users/j/Documents/GitHub/MoneroOne/build/Build/Intermediates.noindex/swift-crypto.build/Debug-iphonesimulator/CCryptoBoringSSL.build/Objects-normal/arm64/printf.o /Users/j/Documents/GitHub/MoneroOne/build/SourcePackages/checkouts/swift-crypto/Sources/CCryptoBoringSSL/crypto/bio/printf.c normal arm64 c com.apple.compilers.llvm.clang.1_0.compiler (in target 'CCryptoBoringSSL' from project 'swift-crypto')
    cd /Users/j/Documents/GitHub/MoneroOne/MoneroOne.xcodeproj
    
    Using response file: /Users/j/Documents/GitHub/MoneroOne/build/Build/Intermediates.noindex/swift-crypto.build/Debug-iphonesimulator/CCryptoBoringSSL.build/Objects-normal/arm64/7187679823f38a2a940e0043cdf9d637-common-args.resp
    
    /Applications/Xcode.app/Contents/Developer/Toolchains/XcodeDefault.xctoolchain/usr/bin/clang -x c -ivfsstatcache /Users/j/Documents/GitHub/MoneroOne/build/SDKStatCaches.noindex/iphonesimulator26.1-23B77-90cf18a4295e390e64c810bc6bd7acbc.sdkstatcache -fmessage-length\=0 -fdiagnostics-show-note-include-stack -fmacro-backtrace-limit\=0 -fno-color-diagnostics -fmodules-prune-interval\=86400 -fmodules-prune-after\=345600 -fbuild-session-file\=/Users/j/Documents/GitHub/MoneroOne/build/ModuleCache.noindex/Session.modulevalidation -fmodules-validate-once-per-build-session -Wnon-modular-include-in-framework-module -Werror\=non-modular-include-in-framework-module -Wno-trigraphs -Wno-missing-field-initializers -Wno-missing-prototypes -Wno-return-type -Wno-missing-braces -Wparentheses -Wswitch -Wno-unused-function -Wno-unused-label -Wno-unused-parameter -Wno-unused-variable -Wunused-value -Wno-empty-body -Wno-uninitialized -Wno-unknown-pragmas -w -Wno-shadow -Wno-four-char-constants -Wno-conversion -Wno-constant-conversion -Wno-int-conversion -Wno-bool-conversion -Wno-enum-conversion -Wno-float-conversion -Wno-non-literal-null-conversion -Wno-objc-literal-conversion -Wshorten-64-to-32 -Wpointer-sign -Wno-newline-eof -Wno-implicit-fallthrough -fstrict-aliasing -Wdeprecated-declarations -Wno-sign-conversion -Wno-infinite-recursion -Wno-comma -Wno-block-capture-autoreleasing -Wno-strict-prototypes -Wno-semicolon-before-method-body -index-store-path /Users/j/Documents/GitHub/MoneroOne/build/Index.noindex/DataStore @/Users/j/Documents/GitHub/MoneroOne/build/Build/Intermediates.noindex/swift-crypto.build/Debug-iphonesimulator/CCryptoBoringSSL.build/Objects-normal/arm64/7187679823f38a2a940e0043cdf9d637-common-args.resp -MMD -MT dependencies -MF /Users/j/Documents/GitHub/MoneroOne/build/Build/Intermediates.noindex/swift-crypto.build/Debug-iphonesimulator/CCryptoBoringSSL.build/Objects-normal/arm64/printf.d --serialize-diagnostics /Users/j/Documents/GitHub/MoneroOne/build/Build/Intermediates.noindex/swift-crypto.build/Debug-iphonesimulator/CCryptoBoringSSL.build/Objects-normal/arm64/printf.dia -c /Users/j/Documents/GitHub/MoneroOne/build/SourcePackages/checkouts/swift-crypto/Sources/CCryptoBoringSSL/crypto/bio/printf.c -o /Users/j/Documents/GitHub/MoneroOne/build/Build/Intermediates.noindex/swift-crypto.build/Debug-iphonesimulator/CCryptoBoringSSL.build/Objects-normal/arm64/printf.o -index-unit-output-path /swift-crypto.build/Debug-iphonesimulator/CCryptoBoringSSL.build/Objects-normal/arm64/printf.o

CompileC /Users/j/Documents/GitHub/MoneroOne/build/Build/Intermediates.noindex/swift-crypto.build/Debug-iphonesimulator/CCryptoBoringSSL.build/Objects-normal/arm64/print.o /Users/j/Documents/GitHub/MoneroOne/build/SourcePackages/checkouts/swift-crypto/Sources/CCryptoBoringSSL/crypto/evp/print.c normal arm64 c com.apple.compilers.llvm.clang.1_0.compiler (in target 'CCryptoBoringSSL' from project 'swift-crypto')
    cd /Users/j/Documents/GitHub/MoneroOne/MoneroOne.xcodeproj
    
    Using response file: /Users/j/Documents/GitHub/MoneroOne/build/Build/Intermediates.noindex/swift-crypto.build/Debug-iphonesimulator/CCryptoBoringSSL.build/Objects-normal/arm64/7187679823f38a2a940e0043cdf9d637-common-args.resp
    
    /Applications/Xcode.app/Contents/Developer/Toolchains/XcodeDefault.xctoolchain/usr/bin/clang -x c -ivfsstatcache /Users/j/Documents/GitHub/MoneroOne/build/SDKStatCaches.noindex/iphonesimulator26.1-23B77-90cf18a4295e390e64c810bc6bd7acbc.sdkstatcache -fmessage-length\=0 -fdiagnostics-show-note-include-stack -fmacro-backtrace-limit\=0 -fno-color-diagnostics -fmodules-prune-interval\=86400 -fmodules-prune-after\=345600 -fbuild-session-file\=/Users/j/Documents/GitHub/MoneroOne/build/ModuleCache.noindex/Session.modulevalidation -fmodules-validate-once-per-build-session -Wnon-modular-include-in-framework-module -Werror\=non-modular-include-in-framework-module -Wno-trigraphs -Wno-missing-field-initializers -Wno-missing-prototypes -Wno-return-type -Wno-missing-braces -Wparentheses -Wswitch -Wno-unused-function -Wno-unused-label -Wno-unused-parameter -Wno-unused-variable -Wunused-value -Wno-empty-body -Wno-uninitialized -Wno-unknown-pragmas -w -Wno-shadow -Wno-four-char-constants -Wno-conversion -Wno-constant-conversion -Wno-int-conversion -Wno-bool-conversion -Wno-enum-conversion -Wno-float-conversion -Wno-non-literal-null-conversion -Wno-objc-literal-conversion -Wshorten-64-to-32 -Wpointer-sign -Wno-newline-eof -Wno-implicit-fallthrough -fstrict-aliasing -Wdeprecated-declarations -Wno-sign-conversion -Wno-infinite-recursion -Wno-comma -Wno-block-capture-autoreleasing -Wno-strict-prototypes -Wno-semicolon-before-method-body -index-store-path /Users/j/Documents/GitHub/MoneroOne/build/Index.noindex/DataStore @/Users/j/Documents/GitHub/MoneroOne/build/Build/Intermediates.noindex/swift-crypto.build/Debug-iphonesimulator/CCryptoBoringSSL.build/Objects-normal/arm64/7187679823f38a2a940e0043cdf9d637-common-args.resp -MMD -MT dependencies -MF /Users/j/Documents/GitHub/MoneroOne/build/Build/Intermediates.noindex/swift-crypto.build/Debug-iphonesimulator/CCryptoBoringSSL.build/Objects-normal/arm64/print.d --serialize-diagnostics /Users/j/Documents/GitHub/MoneroOne/build/Build/Intermediates.noindex/swift-crypto.build/Debug-iphonesimulator/CCryptoBoringSSL.build/Objects-normal/arm64/print.dia -c /Users/j/Documents/GitHub/MoneroOne/build/SourcePackages/checkouts/swift-crypto/Sources/CCryptoBoringSSL/crypto/evp/print.c -o /Users/j/Documents/GitHub/MoneroOne/build/Build/Intermediates.noindex/swift-crypto.build/Debug-iphonesimulator/CCryptoBoringSSL.build/Objects-normal/arm64/print.o -index-unit-output-path /swift-crypto.build/Debug-iphonesimulator/CCryptoBoringSSL.build/Objects-normal/arm64/print.o

ScanDependencies /Users/j/Documents/GitHub/MoneroOne/build/Build/Intermediates.noindex/swift-crypto.build/Debug-iphonesimulator/CCryptoBoringSSL.build/Objects-normal/arm64/pool.o /Users/j/Documents/GitHub/MoneroOne/build/SourcePackages/checkouts/swift-crypto/Sources/CCryptoBoringSSL/crypto/pool/pool.c normal arm64 c com.apple.compilers.llvm.clang.1_0.compiler (in target 'CCryptoBoringSSL' from project 'swift-crypto')
    cd /Users/j/Documents/GitHub/MoneroOne/MoneroOne.xcodeproj
    
    Using response file: /Users/j/Documents/GitHub/MoneroOne/build/Build/Intermediates.noindex/swift-crypto.build/Debug-iphonesimulator/CCryptoBoringSSL.build/Objects-normal/arm64/7187679823f38a2a940e0043cdf9d637-common-args.resp
    
    builtin-ScanDependencies -o /Users/j/Documents/GitHub/MoneroOne/build/Build/Intermediates.noindex/swift-crypto.build/Debug-iphonesimulator/CCryptoBoringSSL.build/Objects-normal/arm64/pool.o.scan -- /Applications/Xcode.app/Contents/Developer/Toolchains/XcodeDefault.xctoolchain/usr/bin/clang -x c -ivfsstatcache /Users/j/Documents/GitHub/MoneroOne/build/SDKStatCaches.noindex/iphonesimulator26.1-23B77-90cf18a4295e390e64c810bc6bd7acbc.sdkstatcache -fmessage-length\=0 -fdiagnostics-show-note-include-stack -fmacro-backtrace-limit\=0 -fno-color-diagnostics -fmodules-prune-interval\=86400 -fmodules-prune-after\=345600 -fbuild-session-file\=/Users/j/Documents/GitHub/MoneroOne/build/ModuleCache.noindex/Session.modulevalidation -fmodules-validate-once-per-build-session -Wnon-modular-include-in-framework-module -Werror\=non-modular-include-in-framework-module -Wno-trigraphs -Wno-missing-field-initializers -Wno-missing-prototypes -Wno-return-type -Wno-missing-braces -Wparentheses -Wswitch -Wno-unused-function -Wno-unused-label -Wno-unused-parameter -Wno-unused-variable -Wunused-value -Wno-empty-body -Wno-uninitialized -Wno-unknown-pragmas -w -Wno-shadow -Wno-four-char-constants -Wno-conversion -Wno-constant-conversion -Wno-int-conversion -Wno-bool-conversion -Wno-enum-conversion -Wno-float-conversion -Wno-non-literal-null-conversion -Wno-objc-literal-conversion -Wshorten-64-to-32 -Wpointer-sign -Wno-newline-eof -Wno-implicit-fallthrough -fstrict-aliasing -Wdeprecated-declarations -Wno-sign-conversion -Wno-infinite-recursion -Wno-comma -Wno-block-capture-autoreleasing -Wno-strict-prototypes -Wno-semicolon-before-method-body -index-store-path /Users/j/Documents/GitHub/MoneroOne/build/Index.noindex/DataStore @/Users/j/Documents/GitHub/MoneroOne/build/Build/Intermediates.noindex/swift-crypto.build/Debug-iphonesimulator/CCryptoBoringSSL.build/Objects-normal/arm64/7187679823f38a2a940e0043cdf9d637-common-args.resp -MMD -MT dependencies -MF /Users/j/Documents/GitHub/MoneroOne/build/Build/Intermediates.noindex/swift-crypto.build/Debug-iphonesimulator/CCryptoBoringSSL.build/Objects-normal/arm64/pool.d --serialize-diagnostics /Users/j/Documents/GitHub/MoneroOne/build/Build/Intermediates.noindex/swift-crypto.build/Debug-iphonesimulator/CCryptoBoringSSL.build/Objects-normal/arm64/pool.dia -c /Users/j/Documents/GitHub/MoneroOne/build/SourcePackages/checkouts/swift-crypto/Sources/CCryptoBoringSSL/crypto/pool/pool.c -o /Users/j/Documents/GitHub/MoneroOne/build/Build/Intermediates.noindex/swift-crypto.build/Debug-iphonesimulator/CCryptoBoringSSL.build/Objects-normal/arm64/pool.o -index-unit-output-path /swift-crypto.build/Debug-iphonesimulator/CCryptoBoringSSL.build/Objects-normal/arm64/pool.o

CompileC /Users/j/Documents/GitHub/MoneroOne/build/Build/Intermediates.noindex/swift-crypto.build/Debug-iphonesimulator/CCryptoBoringSSL.build/Objects-normal/arm64/posix_time.o /Users/j/Documents/GitHub/MoneroOne/build/SourcePackages/checkouts/swift-crypto/Sources/CCryptoBoringSSL/crypto/asn1/posix_time.c normal arm64 c com.apple.compilers.llvm.clang.1_0.compiler (in target 'CCryptoBoringSSL' from project 'swift-crypto')
    cd /Users/j/Documents/GitHub/MoneroOne/MoneroOne.xcodeproj
    
    Using response file: /Users/j/Documents/GitHub/MoneroOne/build/Build/Intermediates.noindex/swift-crypto.build/Debug-iphonesimulator/CCryptoBoringSSL.build/Objects-normal/arm64/7187679823f38a2a940e0043cdf9d637-common-args.resp
    
    /Applications/Xcode.app/Contents/Developer/Toolchains/XcodeDefault.xctoolchain/usr/bin/clang -x c -ivfsstatcache /Users/j/Documents/GitHub/MoneroOne/build/SDKStatCaches.noindex/iphonesimulator26.1-23B77-90cf18a4295e390e64c810bc6bd7acbc.sdkstatcache -fmessage-length\=0 -fdiagnostics-show-note-include-stack -fmacro-backtrace-limit\=0 -fno-color-diagnostics -fmodules-prune-interval\=86400 -fmodules-prune-after\=345600 -fbuild-session-file\=/Users/j/Documents/GitHub/MoneroOne/build/ModuleCache.noindex/Session.modulevalidation -fmodules-validate-once-per-build-session -Wnon-modular-include-in-framework-module -Werror\=non-modular-include-in-framework-module -Wno-trigraphs -Wno-missing-field-initializers -Wno-missing-prototypes -Wno-return-type -Wno-missing-braces -Wparentheses -Wswitch -Wno-unused-function -Wno-unused-label -Wno-unused-parameter -Wno-unused-variable -Wunused-value -Wno-empty-body -Wno-uninitialized -Wno-unknown-pragmas -w -Wno-shadow -Wno-four-char-constants -Wno-conversion -Wno-constant-conversion -Wno-int-conversion -Wno-bool-conversion -Wno-enum-conversion -Wno-float-conversion -Wno-non-literal-null-conversion -Wno-objc-literal-conversion -Wshorten-64-to-32 -Wpointer-sign -Wno-newline-eof -Wno-implicit-fallthrough -fstrict-aliasing -Wdeprecated-declarations -Wno-sign-conversion -Wno-infinite-recursion -Wno-comma -Wno-block-capture-autoreleasing -Wno-strict-prototypes -Wno-semicolon-before-method-body -index-store-path /Users/j/Documents/GitHub/MoneroOne/build/Index.noindex/DataStore @/Users/j/Documents/GitHub/MoneroOne/build/Build/Intermediates.noindex/swift-crypto.build/Debug-iphonesimulator/CCryptoBoringSSL.build/Objects-normal/arm64/7187679823f38a2a940e0043cdf9d637-common-args.resp -MMD -MT dependencies -MF /Users/j/Documents/GitHub/MoneroOne/build/Build/Intermediates.noindex/swift-crypto.build/Debug-iphonesimulator/CCryptoBoringSSL.build/Objects-normal/arm64/posix_time.d --serialize-diagnostics /Users/j/Documents/GitHub/MoneroOne/build/Build/Intermediates.noindex/swift-crypto.build/Debug-iphonesimulator/CCryptoBoringSSL.build/Objects-normal/arm64/posix_time.dia -c /Users/j/Documents/GitHub/MoneroOne/build/SourcePackages/checkouts/swift-crypto/Sources/CCryptoBoringSSL/crypto/asn1/posix_time.c -o /Users/j/Documents/GitHub/MoneroOne/build/Build/Intermediates.noindex/swift-crypto.build/Debug-iphonesimulator/CCryptoBoringSSL.build/Objects-normal/arm64/posix_time.o -index-unit-output-path /swift-crypto.build/Debug-iphonesimulator/CCryptoBoringSSL.build/Objects-normal/arm64/posix_time.o

CompileC /Users/j/Documents/GitHub/MoneroOne/build/Build/Intermediates.noindex/swift-crypto.build/Debug-iphonesimulator/CCryptoBoringSSL.build/Objects-normal/arm64/prime.o /Users/j/Documents/GitHub/MoneroOne/build/SourcePackages/checkouts/swift-crypto/Sources/CCryptoBoringSSL/crypto/fipsmodule/bn/prime.c normal arm64 c com.apple.compilers.llvm.clang.1_0.compiler (in target 'CCryptoBoringSSL' from project 'swift-crypto')
    cd /Users/j/Documents/GitHub/MoneroOne/MoneroOne.xcodeproj
    
    Using response file: /Users/j/Documents/GitHub/MoneroOne/build/Build/Intermediates.noindex/swift-crypto.build/Debug-iphonesimulator/CCryptoBoringSSL.build/Objects-normal/arm64/7187679823f38a2a940e0043cdf9d637-common-args.resp
    
    /Applications/Xcode.app/Contents/Developer/Toolchains/XcodeDefault.xctoolchain/usr/bin/clang -x c -ivfsstatcache /Users/j/Documents/GitHub/MoneroOne/build/SDKStatCaches.noindex/iphonesimulator26.1-23B77-90cf18a4295e390e64c810bc6bd7acbc.sdkstatcache -fmessage-length\=0 -fdiagnostics-show-note-include-stack -fmacro-backtrace-limit\=0 -fno-color-diagnostics -fmodules-prune-interval\=86400 -fmodules-prune-after\=345600 -fbuild-session-file\=/Users/j/Documents/GitHub/MoneroOne/build/ModuleCache.noindex/Session.modulevalidation -fmodules-validate-once-per-build-session -Wnon-modular-include-in-framework-module -Werror\=non-modular-include-in-framework-module -Wno-trigraphs -Wno-missing-field-initializers -Wno-missing-prototypes -Wno-return-type -Wno-missing-braces -Wparentheses -Wswitch -Wno-unused-function -Wno-unused-label -Wno-unused-parameter -Wno-unused-variable -Wunused-value -Wno-empty-body -Wno-uninitialized -Wno-unknown-pragmas -w -Wno-shadow -Wno-four-char-constants -Wno-conversion -Wno-constant-conversion -Wno-int-conversion -Wno-bool-conversion -Wno-enum-conversion -Wno-float-conversion -Wno-non-literal-null-conversion -Wno-objc-literal-conversion -Wshorten-64-to-32 -Wpointer-sign -Wno-newline-eof -Wno-implicit-fallthrough -fstrict-aliasing -Wdeprecated-declarations -Wno-sign-conversion -Wno-infinite-recursion -Wno-comma -Wno-block-capture-autoreleasing -Wno-strict-prototypes -Wno-semicolon-before-method-body -index-store-path /Users/j/Documents/GitHub/MoneroOne/build/Index.noindex/DataStore @/Users/j/Documents/GitHub/MoneroOne/build/Build/Intermediates.noindex/swift-crypto.build/Debug-iphonesimulator/CCryptoBoringSSL.build/Objects-normal/arm64/7187679823f38a2a940e0043cdf9d637-common-args.resp -MMD -MT dependencies -MF /Users/j/Documents/GitHub/MoneroOne/build/Build/Intermediates.noindex/swift-crypto.build/Debug-iphonesimulator/CCryptoBoringSSL.build/Objects-normal/arm64/prime.d --serialize-diagnostics /Users/j/Documents/GitHub/MoneroOne/build/Build/Intermediates.noindex/swift-crypto.build/Debug-iphonesimulator/CCryptoBoringSSL.build/Objects-normal/arm64/prime.dia -c /Users/j/Documents/GitHub/MoneroOne/build/SourcePackages/checkouts/swift-crypto/Sources/CCryptoBoringSSL/crypto/fipsmodule/bn/prime.c -o /Users/j/Documents/GitHub/MoneroOne/build/Build/Intermediates.noindex/swift-crypto.build/Debug-iphonesimulator/CCryptoBoringSSL.build/Objects-normal/arm64/prime.o -index-unit-output-path /swift-crypto.build/Debug-iphonesimulator/CCryptoBoringSSL.build/Objects-normal/arm64/prime.o

ScanDependencies /Users/j/Documents/GitHub/MoneroOne/build/Build/Intermediates.noindex/swift-crypto.build/Debug-iphonesimulator/CCryptoBoringSSL.build/Objects-normal/arm64/polyval.o /Users/j/Documents/GitHub/MoneroOne/build/SourcePackages/checkouts/swift-crypto/Sources/CCryptoBoringSSL/crypto/fipsmodule/modes/polyval.c normal arm64 c com.apple.compilers.llvm.clang.1_0.compiler (in target 'CCryptoBoringSSL' from project 'swift-crypto')
    cd /Users/j/Documents/GitHub/MoneroOne/MoneroOne.xcodeproj
    
    Using response file: /Users/j/Documents/GitHub/MoneroOne/build/Build/Intermediates.noindex/swift-crypto.build/Debug-iphonesimulator/CCryptoBoringSSL.build/Objects-normal/arm64/7187679823f38a2a940e0043cdf9d637-common-args.resp
    
    builtin-ScanDependencies -o /Users/j/Documents/GitHub/MoneroOne/build/Build/Intermediates.noindex/swift-crypto.build/Debug-iphonesimulator/CCryptoBoringSSL.build/Objects-normal/arm64/polyval.o.scan -- /Applications/Xcode.app/Contents/Developer/Toolchains/XcodeDefault.xctoolchain/usr/bin/clang -x c -ivfsstatcache /Users/j/Documents/GitHub/MoneroOne/build/SDKStatCaches.noindex/iphonesimulator26.1-23B77-90cf18a4295e390e64c810bc6bd7acbc.sdkstatcache -fmessage-length\=0 -fdiagnostics-show-note-include-stack -fmacro-backtrace-limit\=0 -fno-color-diagnostics -fmodules-prune-interval\=86400 -fmodules-prune-after\=345600 -fbuild-session-file\=/Users/j/Documents/GitHub/MoneroOne/build/ModuleCache.noindex/Session.modulevalidation -fmodules-validate-once-per-build-session -Wnon-modular-include-in-framework-module -Werror\=non-modular-include-in-framework-module -Wno-trigraphs -Wno-missing-field-initializers -Wno-missing-prototypes -Wno-return-type -Wno-missing-braces -Wparentheses -Wswitch -Wno-unused-function -Wno-unused-label -Wno-unused-parameter -Wno-unused-variable -Wunused-value -Wno-empty-body -Wno-uninitialized -Wno-unknown-pragmas -w -Wno-shadow -Wno-four-char-constants -Wno-conversion -Wno-constant-conversion -Wno-int-conversion -Wno-bool-conversion -Wno-enum-conversion -Wno-float-conversion -Wno-non-literal-null-conversion -Wno-objc-literal-conversion -Wshorten-64-to-32 -Wpointer-sign -Wno-newline-eof -Wno-implicit-fallthrough -fstrict-aliasing -Wdeprecated-declarations -Wno-sign-conversion -Wno-infinite-recursion -Wno-comma -Wno-block-capture-autoreleasing -Wno-strict-prototypes -Wno-semicolon-before-method-body -index-store-path /Users/j/Documents/GitHub/MoneroOne/build/Index.noindex/DataStore @/Users/j/Documents/GitHub/MoneroOne/build/Build/Intermediates.noindex/swift-crypto.build/Debug-iphonesimulator/CCryptoBoringSSL.build/Objects-normal/arm64/7187679823f38a2a940e0043cdf9d637-common-args.resp -MMD -MT dependencies -MF /Users/j/Documents/GitHub/MoneroOne/build/Build/Intermediates.noindex/swift-crypto.build/Debug-iphonesimulator/CCryptoBoringSSL.build/Objects-normal/arm64/polyval.d --serialize-diagnostics /Users/j/Documents/GitHub/MoneroOne/build/Build/Intermediates.noindex/swift-crypto.build/Debug-iphonesimulator/CCryptoBoringSSL.build/Objects-normal/arm64/polyval.dia -c /Users/j/Documents/GitHub/MoneroOne/build/SourcePackages/checkouts/swift-crypto/Sources/CCryptoBoringSSL/crypto/fipsmodule/modes/polyval.c -o /Users/j/Documents/GitHub/MoneroOne/build/Build/Intermediates.noindex/swift-crypto.build/Debug-iphonesimulator/CCryptoBoringSSL.build/Objects-normal/arm64/polyval.o -index-unit-output-path /swift-crypto.build/Debug-iphonesimulator/CCryptoBoringSSL.build/Objects-normal/arm64/polyval.o

ScanDependencies /Users/j/Documents/GitHub/MoneroOne/build/Build/Intermediates.noindex/swift-crypto.build/Debug-iphonesimulator/CCryptoBoringSSL.build/Objects-normal/arm64/poly1305_vec.o /Users/j/Documents/GitHub/MoneroOne/build/SourcePackages/checkouts/swift-crypto/Sources/CCryptoBoringSSL/crypto/poly1305/poly1305_vec.c normal arm64 c com.apple.compilers.llvm.clang.1_0.compiler (in target 'CCryptoBoringSSL' from project 'swift-crypto')
    cd /Users/j/Documents/GitHub/MoneroOne/MoneroOne.xcodeproj
    
    Using response file: /Users/j/Documents/GitHub/MoneroOne/build/Build/Intermediates.noindex/swift-crypto.build/Debug-iphonesimulator/CCryptoBoringSSL.build/Objects-normal/arm64/7187679823f38a2a940e0043cdf9d637-common-args.resp
    
    builtin-ScanDependencies -o /Users/j/Documents/GitHub/MoneroOne/build/Build/Intermediates.noindex/swift-crypto.build/Debug-iphonesimulator/CCryptoBoringSSL.build/Objects-normal/arm64/poly1305_vec.o.scan -- /Applications/Xcode.app/Contents/Developer/Toolchains/XcodeDefault.xctoolchain/usr/bin/clang -x c -ivfsstatcache /Users/j/Documents/GitHub/MoneroOne/build/SDKStatCaches.noindex/iphonesimulator26.1-23B77-90cf18a4295e390e64c810bc6bd7acbc.sdkstatcache -fmessage-length\=0 -fdiagnostics-show-note-include-stack -fmacro-backtrace-limit\=0 -fno-color-diagnostics -fmodules-prune-interval\=86400 -fmodules-prune-after\=345600 -fbuild-session-file\=/Users/j/Documents/GitHub/MoneroOne/build/ModuleCache.noindex/Session.modulevalidation -fmodules-validate-once-per-build-session -Wnon-modular-include-in-framework-module -Werror\=non-modular-include-in-framework-module -Wno-trigraphs -Wno-missing-field-initializers -Wno-missing-prototypes -Wno-return-type -Wno-missing-braces -Wparentheses -Wswitch -Wno-unused-function -Wno-unused-label -Wno-unused-parameter -Wno-unused-variable -Wunused-value -Wno-empty-body -Wno-uninitialized -Wno-unknown-pragmas -w -Wno-shadow -Wno-four-char-constants -Wno-conversion -Wno-constant-conversion -Wno-int-conversion -Wno-bool-conversion -Wno-enum-conversion -Wno-float-conversion -Wno-non-literal-null-conversion -Wno-objc-literal-conversion -Wshorten-64-to-32 -Wpointer-sign -Wno-newline-eof -Wno-implicit-fallthrough -fstrict-aliasing -Wdeprecated-declarations -Wno-sign-conversion -Wno-infinite-recursion -Wno-comma -Wno-block-capture-autoreleasing -Wno-strict-prototypes -Wno-semicolon-before-method-body -index-store-path /Users/j/Documents/GitHub/MoneroOne/build/Index.noindex/DataStore @/Users/j/Documents/GitHub/MoneroOne/build/Build/Intermediates.noindex/swift-crypto.build/Debug-iphonesimulator/CCryptoBoringSSL.build/Objects-normal/arm64/7187679823f38a2a940e0043cdf9d637-common-args.resp -MMD -MT dependencies -MF /Users/j/Documents/GitHub/MoneroOne/build/Build/Intermediates.noindex/swift-crypto.build/Debug-iphonesimulator/CCryptoBoringSSL.build/Objects-normal/arm64/poly1305_vec.d --serialize-diagnostics /Users/j/Documents/GitHub/MoneroOne/build/Build/Intermediates.noindex/swift-crypto.build/Debug-iphonesimulator/CCryptoBoringSSL.build/Objects-normal/arm64/poly1305_vec.dia -c /Users/j/Documents/GitHub/MoneroOne/build/SourcePackages/checkouts/swift-crypto/Sources/CCryptoBoringSSL/crypto/poly1305/poly1305_vec.c -o /Users/j/Documents/GitHub/MoneroOne/build/Build/Intermediates.noindex/swift-crypto.build/Debug-iphonesimulator/CCryptoBoringSSL.build/Objects-normal/arm64/poly1305_vec.o -index-unit-output-path /swift-crypto.build/Debug-iphonesimulator/CCryptoBoringSSL.build/Objects-normal/arm64/poly1305_vec.o

CompileC /Users/j/Documents/GitHub/MoneroOne/build/Build/Intermediates.noindex/swift-crypto.build/Debug-iphonesimulator/CCryptoBoringSSL.build/Objects-normal/arm64/pool.o /Users/j/Documents/GitHub/MoneroOne/build/SourcePackages/checkouts/swift-crypto/Sources/CCryptoBoringSSL/crypto/pool/pool.c normal arm64 c com.apple.compilers.llvm.clang.1_0.compiler (in target 'CCryptoBoringSSL' from project 'swift-crypto')
    cd /Users/j/Documents/GitHub/MoneroOne/MoneroOne.xcodeproj
    
    Using response file: /Users/j/Documents/GitHub/MoneroOne/build/Build/Intermediates.noindex/swift-crypto.build/Debug-iphonesimulator/CCryptoBoringSSL.build/Objects-normal/arm64/7187679823f38a2a940e0043cdf9d637-common-args.resp
    
    /Applications/Xcode.app/Contents/Developer/Toolchains/XcodeDefault.xctoolchain/usr/bin/clang -x c -ivfsstatcache /Users/j/Documents/GitHub/MoneroOne/build/SDKStatCaches.noindex/iphonesimulator26.1-23B77-90cf18a4295e390e64c810bc6bd7acbc.sdkstatcache -fmessage-length\=0 -fdiagnostics-show-note-include-stack -fmacro-backtrace-limit\=0 -fno-color-diagnostics -fmodules-prune-interval\=86400 -fmodules-prune-after\=345600 -fbuild-session-file\=/Users/j/Documents/GitHub/MoneroOne/build/ModuleCache.noindex/Session.modulevalidation -fmodules-validate-once-per-build-session -Wnon-modular-include-in-framework-module -Werror\=non-modular-include-in-framework-module -Wno-trigraphs -Wno-missing-field-initializers -Wno-missing-prototypes -Wno-return-type -Wno-missing-braces -Wparentheses -Wswitch -Wno-unused-function -Wno-unused-label -Wno-unused-parameter -Wno-unused-variable -Wunused-value -Wno-empty-body -Wno-uninitialized -Wno-unknown-pragmas -w -Wno-shadow -Wno-four-char-constants -Wno-conversion -Wno-constant-conversion -Wno-int-conversion -Wno-bool-conversion -Wno-enum-conversion -Wno-float-conversion -Wno-non-literal-null-conversion -Wno-objc-literal-conversion -Wshorten-64-to-32 -Wpointer-sign -Wno-newline-eof -Wno-implicit-fallthrough -fstrict-aliasing -Wdeprecated-declarations -Wno-sign-conversion -Wno-infinite-recursion -Wno-comma -Wno-block-capture-autoreleasing -Wno-strict-prototypes -Wno-semicolon-before-method-body -index-store-path /Users/j/Documents/GitHub/MoneroOne/build/Index.noindex/DataStore @/Users/j/Documents/GitHub/MoneroOne/build/Build/Intermediates.noindex/swift-crypto.build/Debug-iphonesimulator/CCryptoBoringSSL.build/Objects-normal/arm64/7187679823f38a2a940e0043cdf9d637-common-args.resp -MMD -MT dependencies -MF /Users/j/Documents/GitHub/MoneroOne/build/Build/Intermediates.noindex/swift-crypto.build/Debug-iphonesimulator/CCryptoBoringSSL.build/Objects-normal/arm64/pool.d --serialize-diagnostics /Users/j/Documents/GitHub/MoneroOne/build/Build/Intermediates.noindex/swift-crypto.build/Debug-iphonesimulator/CCryptoBoringSSL.build/Objects-normal/arm64/pool.dia -c /Users/j/Documents/GitHub/MoneroOne/build/SourcePackages/checkouts/swift-crypto/Sources/CCryptoBoringSSL/crypto/pool/pool.c -o /Users/j/Documents/GitHub/MoneroOne/build/Build/Intermediates.noindex/swift-crypto.build/Debug-iphonesimulator/CCryptoBoringSSL.build/Objects-normal/arm64/pool.o -index-unit-output-path /swift-crypto.build/Debug-iphonesimulator/CCryptoBoringSSL.build/Objects-normal/arm64/pool.o

CompileC /Users/j/Documents/GitHub/MoneroOne/build/Build/Intermediates.noindex/swift-crypto.build/Debug-iphonesimulator/CCryptoBoringSSL.build/Objects-normal/arm64/poly1305_vec.o /Users/j/Documents/GitHub/MoneroOne/build/SourcePackages/checkouts/swift-crypto/Sources/CCryptoBoringSSL/crypto/poly1305/poly1305_vec.c normal arm64 c com.apple.compilers.llvm.clang.1_0.compiler (in target 'CCryptoBoringSSL' from project 'swift-crypto')
    cd /Users/j/Documents/GitHub/MoneroOne/MoneroOne.xcodeproj
    
    Using response file: /Users/j/Documents/GitHub/MoneroOne/build/Build/Intermediates.noindex/swift-crypto.build/Debug-iphonesimulator/CCryptoBoringSSL.build/Objects-normal/arm64/7187679823f38a2a940e0043cdf9d637-common-args.resp
    
    /Applications/Xcode.app/Contents/Developer/Toolchains/XcodeDefault.xctoolchain/usr/bin/clang -x c -ivfsstatcache /Users/j/Documents/GitHub/MoneroOne/build/SDKStatCaches.noindex/iphonesimulator26.1-23B77-90cf18a4295e390e64c810bc6bd7acbc.sdkstatcache -fmessage-length\=0 -fdiagnostics-show-note-include-stack -fmacro-backtrace-limit\=0 -fno-color-diagnostics -fmodules-prune-interval\=86400 -fmodules-prune-after\=345600 -fbuild-session-file\=/Users/j/Documents/GitHub/MoneroOne/build/ModuleCache.noindex/Session.modulevalidation -fmodules-validate-once-per-build-session -Wnon-modular-include-in-framework-module -Werror\=non-modular-include-in-framework-module -Wno-trigraphs -Wno-missing-field-initializers -Wno-missing-prototypes -Wno-return-type -Wno-missing-braces -Wparentheses -Wswitch -Wno-unused-function -Wno-unused-label -Wno-unused-parameter -Wno-unused-variable -Wunused-value -Wno-empty-body -Wno-uninitialized -Wno-unknown-pragmas -w -Wno-shadow -Wno-four-char-constants -Wno-conversion -Wno-constant-conversion -Wno-int-conversion -Wno-bool-conversion -Wno-enum-conversion -Wno-float-conversion -Wno-non-literal-null-conversion -Wno-objc-literal-conversion -Wshorten-64-to-32 -Wpointer-sign -Wno-newline-eof -Wno-implicit-fallthrough -fstrict-aliasing -Wdeprecated-declarations -Wno-sign-conversion -Wno-infinite-recursion -Wno-comma -Wno-block-capture-autoreleasing -Wno-strict-prototypes -Wno-semicolon-before-method-body -index-store-path /Users/j/Documents/GitHub/MoneroOne/build/Index.noindex/DataStore @/Users/j/Documents/GitHub/MoneroOne/build/Build/Intermediates.noindex/swift-crypto.build/Debug-iphonesimulator/CCryptoBoringSSL.build/Objects-normal/arm64/7187679823f38a2a940e0043cdf9d637-common-args.resp -MMD -MT dependencies -MF /Users/j/Documents/GitHub/MoneroOne/build/Build/Intermediates.noindex/swift-crypto.build/Debug-iphonesimulator/CCryptoBoringSSL.build/Objects-normal/arm64/poly1305_vec.d --serialize-diagnostics /Users/j/Documents/GitHub/MoneroOne/build/Build/Intermediates.noindex/swift-crypto.build/Debug-iphonesimulator/CCryptoBoringSSL.build/Objects-normal/arm64/poly1305_vec.dia -c /Users/j/Documents/GitHub/MoneroOne/build/SourcePackages/checkouts/swift-crypto/Sources/CCryptoBoringSSL/crypto/poly1305/poly1305_vec.c -o /Users/j/Documents/GitHub/MoneroOne/build/Build/Intermediates.noindex/swift-crypto.build/Debug-iphonesimulator/CCryptoBoringSSL.build/Objects-normal/arm64/poly1305_vec.o -index-unit-output-path /swift-crypto.build/Debug-iphonesimulator/CCryptoBoringSSL.build/Objects-normal/arm64/poly1305_vec.o

ScanDependencies /Users/j/Documents/GitHub/MoneroOne/build/Build/Intermediates.noindex/swift-crypto.build/Debug-iphonesimulator/CCryptoBoringSSL.build/Objects-normal/arm64/poly1305_arm.o /Users/j/Documents/GitHub/MoneroOne/build/SourcePackages/checkouts/swift-crypto/Sources/CCryptoBoringSSL/crypto/poly1305/poly1305_arm.c normal arm64 c com.apple.compilers.llvm.clang.1_0.compiler (in target 'CCryptoBoringSSL' from project 'swift-crypto')
    cd /Users/j/Documents/GitHub/MoneroOne/MoneroOne.xcodeproj
    
    Using response file: /Users/j/Documents/GitHub/MoneroOne/build/Build/Intermediates.noindex/swift-crypto.build/Debug-iphonesimulator/CCryptoBoringSSL.build/Objects-normal/arm64/7187679823f38a2a940e0043cdf9d637-common-args.resp
    
    builtin-ScanDependencies -o /Users/j/Documents/GitHub/MoneroOne/build/Build/Intermediates.noindex/swift-crypto.build/Debug-iphonesimulator/CCryptoBoringSSL.build/Objects-normal/arm64/poly1305_arm.o.scan -- /Applications/Xcode.app/Contents/Developer/Toolchains/XcodeDefault.xctoolchain/usr/bin/clang -x c -ivfsstatcache /Users/j/Documents/GitHub/MoneroOne/build/SDKStatCaches.noindex/iphonesimulator26.1-23B77-90cf18a4295e390e64c810bc6bd7acbc.sdkstatcache -fmessage-length\=0 -fdiagnostics-show-note-include-stack -fmacro-backtrace-limit\=0 -fno-color-diagnostics -fmodules-prune-interval\=86400 -fmodules-prune-after\=345600 -fbuild-session-file\=/Users/j/Documents/GitHub/MoneroOne/build/ModuleCache.noindex/Session.modulevalidation -fmodules-validate-once-per-build-session -Wnon-modular-include-in-framework-module -Werror\=non-modular-include-in-framework-module -Wno-trigraphs -Wno-missing-field-initializers -Wno-missing-prototypes -Wno-return-type -Wno-missing-braces -Wparentheses -Wswitch -Wno-unused-function -Wno-unused-label -Wno-unused-parameter -Wno-unused-variable -Wunused-value -Wno-empty-body -Wno-uninitialized -Wno-unknown-pragmas -w -Wno-shadow -Wno-four-char-constants -Wno-conversion -Wno-constant-conversion -Wno-int-conversion -Wno-bool-conversion -Wno-enum-conversion -Wno-float-conversion -Wno-non-literal-null-conversion -Wno-objc-literal-conversion -Wshorten-64-to-32 -Wpointer-sign -Wno-newline-eof -Wno-implicit-fallthrough -fstrict-aliasing -Wdeprecated-declarations -Wno-sign-conversion -Wno-infinite-recursion -Wno-comma -Wno-block-capture-autoreleasing -Wno-strict-prototypes -Wno-semicolon-before-method-body -index-store-path /Users/j/Documents/GitHub/MoneroOne/build/Index.noindex/DataStore @/Users/j/Documents/GitHub/MoneroOne/build/Build/Intermediates.noindex/swift-crypto.build/Debug-iphonesimulator/CCryptoBoringSSL.build/Objects-normal/arm64/7187679823f38a2a940e0043cdf9d637-common-args.resp -MMD -MT dependencies -MF /Users/j/Documents/GitHub/MoneroOne/build/Build/Intermediates.noindex/swift-crypto.build/Debug-iphonesimulator/CCryptoBoringSSL.build/Objects-normal/arm64/poly1305_arm.d --serialize-diagnostics /Users/j/Documents/GitHub/MoneroOne/build/Build/Intermediates.noindex/swift-crypto.build/Debug-iphonesimulator/CCryptoBoringSSL.build/Objects-normal/arm64/poly1305_arm.dia -c /Users/j/Documents/GitHub/MoneroOne/build/SourcePackages/checkouts/swift-crypto/Sources/CCryptoBoringSSL/crypto/poly1305/poly1305_arm.c -o /Users/j/Documents/GitHub/MoneroOne/build/Build/Intermediates.noindex/swift-crypto.build/Debug-iphonesimulator/CCryptoBoringSSL.build/Objects-normal/arm64/poly1305_arm.o -index-unit-output-path /swift-crypto.build/Debug-iphonesimulator/CCryptoBoringSSL.build/Objects-normal/arm64/poly1305_arm.o

CompileC /Users/j/Documents/GitHub/MoneroOne/build/Build/Intermediates.noindex/swift-crypto.build/Debug-iphonesimulator/CCryptoBoringSSL.build/Objects-normal/arm64/polyval.o /Users/j/Documents/GitHub/MoneroOne/build/SourcePackages/checkouts/swift-crypto/Sources/CCryptoBoringSSL/crypto/fipsmodule/modes/polyval.c normal arm64 c com.apple.compilers.llvm.clang.1_0.compiler (in target 'CCryptoBoringSSL' from project 'swift-crypto')
    cd /Users/j/Documents/GitHub/MoneroOne/MoneroOne.xcodeproj
    
    Using response file: /Users/j/Documents/GitHub/MoneroOne/build/Build/Intermediates.noindex/swift-crypto.build/Debug-iphonesimulator/CCryptoBoringSSL.build/Objects-normal/arm64/7187679823f38a2a940e0043cdf9d637-common-args.resp
    
    /Applications/Xcode.app/Contents/Developer/Toolchains/XcodeDefault.xctoolchain/usr/bin/clang -x c -ivfsstatcache /Users/j/Documents/GitHub/MoneroOne/build/SDKStatCaches.noindex/iphonesimulator26.1-23B77-90cf18a4295e390e64c810bc6bd7acbc.sdkstatcache -fmessage-length\=0 -fdiagnostics-show-note-include-stack -fmacro-backtrace-limit\=0 -fno-color-diagnostics -fmodules-prune-interval\=86400 -fmodules-prune-after\=345600 -fbuild-session-file\=/Users/j/Documents/GitHub/MoneroOne/build/ModuleCache.noindex/Session.modulevalidation -fmodules-validate-once-per-build-session -Wnon-modular-include-in-framework-module -Werror\=non-modular-include-in-framework-module -Wno-trigraphs -Wno-missing-field-initializers -Wno-missing-prototypes -Wno-return-type -Wno-missing-braces -Wparentheses -Wswitch -Wno-unused-function -Wno-unused-label -Wno-unused-parameter -Wno-unused-variable -Wunused-value -Wno-empty-body -Wno-uninitialized -Wno-unknown-pragmas -w -Wno-shadow -Wno-four-char-constants -Wno-conversion -Wno-constant-conversion -Wno-int-conversion -Wno-bool-conversion -Wno-enum-conversion -Wno-float-conversion -Wno-non-literal-null-conversion -Wno-objc-literal-conversion -Wshorten-64-to-32 -Wpointer-sign -Wno-newline-eof -Wno-implicit-fallthrough -fstrict-aliasing -Wdeprecated-declarations -Wno-sign-conversion -Wno-infinite-recursion -Wno-comma -Wno-block-capture-autoreleasing -Wno-strict-prototypes -Wno-semicolon-before-method-body -index-store-path /Users/j/Documents/GitHub/MoneroOne/build/Index.noindex/DataStore @/Users/j/Documents/GitHub/MoneroOne/build/Build/Intermediates.noindex/swift-crypto.build/Debug-iphonesimulator/CCryptoBoringSSL.build/Objects-normal/arm64/7187679823f38a2a940e0043cdf9d637-common-args.resp -MMD -MT dependencies -MF /Users/j/Documents/GitHub/MoneroOne/build/Build/Intermediates.noindex/swift-crypto.build/Debug-iphonesimulator/CCryptoBoringSSL.build/Objects-normal/arm64/polyval.d --serialize-diagnostics /Users/j/Documents/GitHub/MoneroOne/build/Build/Intermediates.noindex/swift-crypto.build/Debug-iphonesimulator/CCryptoBoringSSL.build/Objects-normal/arm64/polyval.dia -c /Users/j/Documents/GitHub/MoneroOne/build/SourcePackages/checkouts/swift-crypto/Sources/CCryptoBoringSSL/crypto/fipsmodule/modes/polyval.c -o /Users/j/Documents/GitHub/MoneroOne/build/Build/Intermediates.noindex/swift-crypto.build/Debug-iphonesimulator/CCryptoBoringSSL.build/Objects-normal/arm64/polyval.o -index-unit-output-path /swift-crypto.build/Debug-iphonesimulator/CCryptoBoringSSL.build/Objects-normal/arm64/polyval.o

ScanDependencies /Users/j/Documents/GitHub/MoneroOne/build/Build/Intermediates.noindex/swift-crypto.build/Debug-iphonesimulator/CCryptoBoringSSL.build/Objects-normal/arm64/poly1305.o /Users/j/Documents/GitHub/MoneroOne/build/SourcePackages/checkouts/swift-crypto/Sources/CCryptoBoringSSL/crypto/poly1305/poly1305.c normal arm64 c com.apple.compilers.llvm.clang.1_0.compiler (in target 'CCryptoBoringSSL' from project 'swift-crypto')
    cd /Users/j/Documents/GitHub/MoneroOne/MoneroOne.xcodeproj
    
    Using response file: /Users/j/Documents/GitHub/MoneroOne/build/Build/Intermediates.noindex/swift-crypto.build/Debug-iphonesimulator/CCryptoBoringSSL.build/Objects-normal/arm64/7187679823f38a2a940e0043cdf9d637-common-args.resp
    
    builtin-ScanDependencies -o /Users/j/Documents/GitHub/MoneroOne/build/Build/Intermediates.noindex/swift-crypto.build/Debug-iphonesimulator/CCryptoBoringSSL.build/Objects-normal/arm64/poly1305.o.scan -- /Applications/Xcode.app/Contents/Developer/Toolchains/XcodeDefault.xctoolchain/usr/bin/clang -x c -ivfsstatcache /Users/j/Documents/GitHub/MoneroOne/build/SDKStatCaches.noindex/iphonesimulator26.1-23B77-90cf18a4295e390e64c810bc6bd7acbc.sdkstatcache -fmessage-length\=0 -fdiagnostics-show-note-include-stack -fmacro-backtrace-limit\=0 -fno-color-diagnostics -fmodules-prune-interval\=86400 -fmodules-prune-after\=345600 -fbuild-session-file\=/Users/j/Documents/GitHub/MoneroOne/build/ModuleCache.noindex/Session.modulevalidation -fmodules-validate-once-per-build-session -Wnon-modular-include-in-framework-module -Werror\=non-modular-include-in-framework-module -Wno-trigraphs -Wno-missing-field-initializers -Wno-missing-prototypes -Wno-return-type -Wno-missing-braces -Wparentheses -Wswitch -Wno-unused-function -Wno-unused-label -Wno-unused-parameter -Wno-unused-variable -Wunused-value -Wno-empty-body -Wno-uninitialized -Wno-unknown-pragmas -w -Wno-shadow -Wno-four-char-constants -Wno-conversion -Wno-constant-conversion -Wno-int-conversion -Wno-bool-conversion -Wno-enum-conversion -Wno-float-conversion -Wno-non-literal-null-conversion -Wno-objc-literal-conversion -Wshorten-64-to-32 -Wpointer-sign -Wno-newline-eof -Wno-implicit-fallthrough -fstrict-aliasing -Wdeprecated-declarations -Wno-sign-conversion -Wno-infinite-recursion -Wno-comma -Wno-block-capture-autoreleasing -Wno-strict-prototypes -Wno-semicolon-before-method-body -index-store-path /Users/j/Documents/GitHub/MoneroOne/build/Index.noindex/DataStore @/Users/j/Documents/GitHub/MoneroOne/build/Build/Intermediates.noindex/swift-crypto.build/Debug-iphonesimulator/CCryptoBoringSSL.build/Objects-normal/arm64/7187679823f38a2a940e0043cdf9d637-common-args.resp -MMD -MT dependencies -MF /Users/j/Documents/GitHub/MoneroOne/build/Build/Intermediates.noindex/swift-crypto.build/Debug-iphonesimulator/CCryptoBoringSSL.build/Objects-normal/arm64/poly1305.d --serialize-diagnostics /Users/j/Documents/GitHub/MoneroOne/build/Build/Intermediates.noindex/swift-crypto.build/Debug-iphonesimulator/CCryptoBoringSSL.build/Objects-normal/arm64/poly1305.dia -c /Users/j/Documents/GitHub/MoneroOne/build/SourcePackages/checkouts/swift-crypto/Sources/CCryptoBoringSSL/crypto/poly1305/poly1305.c -o /Users/j/Documents/GitHub/MoneroOne/build/Build/Intermediates.noindex/swift-crypto.build/Debug-iphonesimulator/CCryptoBoringSSL.build/Objects-normal/arm64/poly1305.o -index-unit-output-path /swift-crypto.build/Debug-iphonesimulator/CCryptoBoringSSL.build/Objects-normal/arm64/poly1305.o

CompileC /Users/j/Documents/GitHub/MoneroOne/build/Build/Intermediates.noindex/swift-crypto.build/Debug-iphonesimulator/CCryptoBoringSSL.build/Objects-normal/arm64/poly1305_arm.o /Users/j/Documents/GitHub/MoneroOne/build/SourcePackages/checkouts/swift-crypto/Sources/CCryptoBoringSSL/crypto/poly1305/poly1305_arm.c normal arm64 c com.apple.compilers.llvm.clang.1_0.compiler (in target 'CCryptoBoringSSL' from project 'swift-crypto')
    cd /Users/j/Documents/GitHub/MoneroOne/MoneroOne.xcodeproj
    
    Using response file: /Users/j/Documents/GitHub/MoneroOne/build/Build/Intermediates.noindex/swift-crypto.build/Debug-iphonesimulator/CCryptoBoringSSL.build/Objects-normal/arm64/7187679823f38a2a940e0043cdf9d637-common-args.resp
    
    /Applications/Xcode.app/Contents/Developer/Toolchains/XcodeDefault.xctoolchain/usr/bin/clang -x c -ivfsstatcache /Users/j/Documents/GitHub/MoneroOne/build/SDKStatCaches.noindex/iphonesimulator26.1-23B77-90cf18a4295e390e64c810bc6bd7acbc.sdkstatcache -fmessage-length\=0 -fdiagnostics-show-note-include-stack -fmacro-backtrace-limit\=0 -fno-color-diagnostics -fmodules-prune-interval\=86400 -fmodules-prune-after\=345600 -fbuild-session-file\=/Users/j/Documents/GitHub/MoneroOne/build/ModuleCache.noindex/Session.modulevalidation -fmodules-validate-once-per-build-session -Wnon-modular-include-in-framework-module -Werror\=non-modular-include-in-framework-module -Wno-trigraphs -Wno-missing-field-initializers -Wno-missing-prototypes -Wno-return-type -Wno-missing-braces -Wparentheses -Wswitch -Wno-unused-function -Wno-unused-label -Wno-unused-parameter -Wno-unused-variable -Wunused-value -Wno-empty-body -Wno-uninitialized -Wno-unknown-pragmas -w -Wno-shadow -Wno-four-char-constants -Wno-conversion -Wno-constant-conversion -Wno-int-conversion -Wno-bool-conversion -Wno-enum-conversion -Wno-float-conversion -Wno-non-literal-null-conversion -Wno-objc-literal-conversion -Wshorten-64-to-32 -Wpointer-sign -Wno-newline-eof -Wno-implicit-fallthrough -fstrict-aliasing -Wdeprecated-declarations -Wno-sign-conversion -Wno-infinite-recursion -Wno-comma -Wno-block-capture-autoreleasing -Wno-strict-prototypes -Wno-semicolon-before-method-body -index-store-path /Users/j/Documents/GitHub/MoneroOne/build/Index.noindex/DataStore @/Users/j/Documents/GitHub/MoneroOne/build/Build/Intermediates.noindex/swift-crypto.build/Debug-iphonesimulator/CCryptoBoringSSL.build/Objects-normal/arm64/7187679823f38a2a940e0043cdf9d637-common-args.resp -MMD -MT dependencies -MF /Users/j/Documents/GitHub/MoneroOne/build/Build/Intermediates.noindex/swift-crypto.build/Debug-iphonesimulator/CCryptoBoringSSL.build/Objects-normal/arm64/poly1305_arm.d --serialize-diagnostics /Users/j/Documents/GitHub/MoneroOne/build/Build/Intermediates.noindex/swift-crypto.build/Debug-iphonesimulator/CCryptoBoringSSL.build/Objects-normal/arm64/poly1305_arm.dia -c /Users/j/Documents/GitHub/MoneroOne/build/SourcePackages/checkouts/swift-crypto/Sources/CCryptoBoringSSL/crypto/poly1305/poly1305_arm.c -o /Users/j/Documents/GitHub/MoneroOne/build/Build/Intermediates.noindex/swift-crypto.build/Debug-iphonesimulator/CCryptoBoringSSL.build/Objects-normal/arm64/poly1305_arm.o -index-unit-output-path /swift-crypto.build/Debug-iphonesimulator/CCryptoBoringSSL.build/Objects-normal/arm64/poly1305_arm.o

ScanDependencies /Users/j/Documents/GitHub/MoneroOne/build/Build/Intermediates.noindex/swift-crypto.build/Debug-iphonesimulator/CCryptoBoringSSL.build/Objects-normal/arm64/policy.o /Users/j/Documents/GitHub/MoneroOne/build/SourcePackages/checkouts/swift-crypto/Sources/CCryptoBoringSSL/crypto/x509/policy.c normal arm64 c com.apple.compilers.llvm.clang.1_0.compiler (in target 'CCryptoBoringSSL' from project 'swift-crypto')
    cd /Users/j/Documents/GitHub/MoneroOne/MoneroOne.xcodeproj
    
    Using response file: /Users/j/Documents/GitHub/MoneroOne/build/Build/Intermediates.noindex/swift-crypto.build/Debug-iphonesimulator/CCryptoBoringSSL.build/Objects-normal/arm64/7187679823f38a2a940e0043cdf9d637-common-args.resp
    
    builtin-ScanDependencies -o /Users/j/Documents/GitHub/MoneroOne/build/Build/Intermediates.noindex/swift-crypto.build/Debug-iphonesimulator/CCryptoBoringSSL.build/Objects-normal/arm64/policy.o.scan -- /Applications/Xcode.app/Contents/Developer/Toolchains/XcodeDefault.xctoolchain/usr/bin/clang -x c -ivfsstatcache /Users/j/Documents/GitHub/MoneroOne/build/SDKStatCaches.noindex/iphonesimulator26.1-23B77-90cf18a4295e390e64c810bc6bd7acbc.sdkstatcache -fmessage-length\=0 -fdiagnostics-show-note-include-stack -fmacro-backtrace-limit\=0 -fno-color-diagnostics -fmodules-prune-interval\=86400 -fmodules-prune-after\=345600 -fbuild-session-file\=/Users/j/Documents/GitHub/MoneroOne/build/ModuleCache.noindex/Session.modulevalidation -fmodules-validate-once-per-build-session -Wnon-modular-include-in-framework-module -Werror\=non-modular-include-in-framework-module -Wno-trigraphs -Wno-missing-field-initializers -Wno-missing-prototypes -Wno-return-type -Wno-missing-braces -Wparentheses -Wswitch -Wno-unused-function -Wno-unused-label -Wno-unused-parameter -Wno-unused-variable -Wunused-value -Wno-empty-body -Wno-uninitialized -Wno-unknown-pragmas -w -Wno-shadow -Wno-four-char-constants -Wno-conversion -Wno-constant-conversion -Wno-int-conversion -Wno-bool-conversion -Wno-enum-conversion -Wno-float-conversion -Wno-non-literal-null-conversion -Wno-objc-literal-conversion -Wshorten-64-to-32 -Wpointer-sign -Wno-newline-eof -Wno-implicit-fallthrough -fstrict-aliasing -Wdeprecated-declarations -Wno-sign-conversion -Wno-infinite-recursion -Wno-comma -Wno-block-capture-autoreleasing -Wno-strict-prototypes -Wno-semicolon-before-method-body -index-store-path /Users/j/Documents/GitHub/MoneroOne/build/Index.noindex/DataStore @/Users/j/Documents/GitHub/MoneroOne/build/Build/Intermediates.noindex/swift-crypto.build/Debug-iphonesimulator/CCryptoBoringSSL.build/Objects-normal/arm64/7187679823f38a2a940e0043cdf9d637-common-args.resp -MMD -MT dependencies -MF /Users/j/Documents/GitHub/MoneroOne/build/Build/Intermediates.noindex/swift-crypto.build/Debug-iphonesimulator/CCryptoBoringSSL.build/Objects-normal/arm64/policy.d --serialize-diagnostics /Users/j/Documents/GitHub/MoneroOne/build/Build/Intermediates.noindex/swift-crypto.build/Debug-iphonesimulator/CCryptoBoringSSL.build/Objects-normal/arm64/policy.dia -c /Users/j/Documents/GitHub/MoneroOne/build/SourcePackages/checkouts/swift-crypto/Sources/CCryptoBoringSSL/crypto/x509/policy.c -o /Users/j/Documents/GitHub/MoneroOne/build/Build/Intermediates.noindex/swift-crypto.build/Debug-iphonesimulator/CCryptoBoringSSL.build/Objects-normal/arm64/policy.o -index-unit-output-path /swift-crypto.build/Debug-iphonesimulator/CCryptoBoringSSL.build/Objects-normal/arm64/policy.o

CompileC /Users/j/Documents/GitHub/MoneroOne/build/Build/Intermediates.noindex/swift-crypto.build/Debug-iphonesimulator/CCryptoBoringSSL.build/Objects-normal/arm64/poly1305.o /Users/j/Documents/GitHub/MoneroOne/build/SourcePackages/checkouts/swift-crypto/Sources/CCryptoBoringSSL/crypto/poly1305/poly1305.c normal arm64 c com.apple.compilers.llvm.clang.1_0.compiler (in target 'CCryptoBoringSSL' from project 'swift-crypto')
    cd /Users/j/Documents/GitHub/MoneroOne/MoneroOne.xcodeproj
    
    Using response file: /Users/j/Documents/GitHub/MoneroOne/build/Build/Intermediates.noindex/swift-crypto.build/Debug-iphonesimulator/CCryptoBoringSSL.build/Objects-normal/arm64/7187679823f38a2a940e0043cdf9d637-common-args.resp
    
    /Applications/Xcode.app/Contents/Developer/Toolchains/XcodeDefault.xctoolchain/usr/bin/clang -x c -ivfsstatcache /Users/j/Documents/GitHub/MoneroOne/build/SDKStatCaches.noindex/iphonesimulator26.1-23B77-90cf18a4295e390e64c810bc6bd7acbc.sdkstatcache -fmessage-length\=0 -fdiagnostics-show-note-include-stack -fmacro-backtrace-limit\=0 -fno-color-diagnostics -fmodules-prune-interval\=86400 -fmodules-prune-after\=345600 -fbuild-session-file\=/Users/j/Documents/GitHub/MoneroOne/build/ModuleCache.noindex/Session.modulevalidation -fmodules-validate-once-per-build-session -Wnon-modular-include-in-framework-module -Werror\=non-modular-include-in-framework-module -Wno-trigraphs -Wno-missing-field-initializers -Wno-missing-prototypes -Wno-return-type -Wno-missing-braces -Wparentheses -Wswitch -Wno-unused-function -Wno-unused-label -Wno-unused-parameter -Wno-unused-variable -Wunused-value -Wno-empty-body -Wno-uninitialized -Wno-unknown-pragmas -w -Wno-shadow -Wno-four-char-constants -Wno-conversion -Wno-constant-conversion -Wno-int-conversion -Wno-bool-conversion -Wno-enum-conversion -Wno-float-conversion -Wno-non-literal-null-conversion -Wno-objc-literal-conversion -Wshorten-64-to-32 -Wpointer-sign -Wno-newline-eof -Wno-implicit-fallthrough -fstrict-aliasing -Wdeprecated-declarations -Wno-sign-conversion -Wno-infinite-recursion -Wno-comma -Wno-block-capture-autoreleasing -Wno-strict-prototypes -Wno-semicolon-before-method-body -index-store-path /Users/j/Documents/GitHub/MoneroOne/build/Index.noindex/DataStore @/Users/j/Documents/GitHub/MoneroOne/build/Build/Intermediates.noindex/swift-crypto.build/Debug-iphonesimulator/CCryptoBoringSSL.build/Objects-normal/arm64/7187679823f38a2a940e0043cdf9d637-common-args.resp -MMD -MT dependencies -MF /Users/j/Documents/GitHub/MoneroOne/build/Build/Intermediates.noindex/swift-crypto.build/Debug-iphonesimulator/CCryptoBoringSSL.build/Objects-normal/arm64/poly1305.d --serialize-diagnostics /Users/j/Documents/GitHub/MoneroOne/build/Build/Intermediates.noindex/swift-crypto.build/Debug-iphonesimulator/CCryptoBoringSSL.build/Objects-normal/arm64/poly1305.dia -c /Users/j/Documents/GitHub/MoneroOne/build/SourcePackages/checkouts/swift-crypto/Sources/CCryptoBoringSSL/crypto/poly1305/poly1305.c -o /Users/j/Documents/GitHub/MoneroOne/build/Build/Intermediates.noindex/swift-crypto.build/Debug-iphonesimulator/CCryptoBoringSSL.build/Objects-normal/arm64/poly1305.o -index-unit-output-path /swift-crypto.build/Debug-iphonesimulator/CCryptoBoringSSL.build/Objects-normal/arm64/poly1305.o

ScanDependencies /Users/j/Documents/GitHub/MoneroOne/build/Build/Intermediates.noindex/swift-crypto.build/Debug-iphonesimulator/CCryptoBoringSSL.build/Objects-normal/arm64/pmbtoken.o /Users/j/Documents/GitHub/MoneroOne/build/SourcePackages/checkouts/swift-crypto/Sources/CCryptoBoringSSL/crypto/trust_token/pmbtoken.c normal arm64 c com.apple.compilers.llvm.clang.1_0.compiler (in target 'CCryptoBoringSSL' from project 'swift-crypto')
    cd /Users/j/Documents/GitHub/MoneroOne/MoneroOne.xcodeproj
    
    Using response file: /Users/j/Documents/GitHub/MoneroOne/build/Build/Intermediates.noindex/swift-crypto.build/Debug-iphonesimulator/CCryptoBoringSSL.build/Objects-normal/arm64/7187679823f38a2a940e0043cdf9d637-common-args.resp
    
    builtin-ScanDependencies -o /Users/j/Documents/GitHub/MoneroOne/build/Build/Intermediates.noindex/swift-crypto.build/Debug-iphonesimulator/CCryptoBoringSSL.build/Objects-normal/arm64/pmbtoken.o.scan -- /Applications/Xcode.app/Contents/Developer/Toolchains/XcodeDefault.xctoolchain/usr/bin/clang -x c -ivfsstatcache /Users/j/Documents/GitHub/MoneroOne/build/SDKStatCaches.noindex/iphonesimulator26.1-23B77-90cf18a4295e390e64c810bc6bd7acbc.sdkstatcache -fmessage-length\=0 -fdiagnostics-show-note-include-stack -fmacro-backtrace-limit\=0 -fno-color-diagnostics -fmodules-prune-interval\=86400 -fmodules-prune-after\=345600 -fbuild-session-file\=/Users/j/Documents/GitHub/MoneroOne/build/ModuleCache.noindex/Session.modulevalidation -fmodules-validate-once-per-build-session -Wnon-modular-include-in-framework-module -Werror\=non-modular-include-in-framework-module -Wno-trigraphs -Wno-missing-field-initializers -Wno-missing-prototypes -Wno-return-type -Wno-missing-braces -Wparentheses -Wswitch -Wno-unused-function -Wno-unused-label -Wno-unused-parameter -Wno-unused-variable -Wunused-value -Wno-empty-body -Wno-uninitialized -Wno-unknown-pragmas -w -Wno-shadow -Wno-four-char-constants -Wno-conversion -Wno-constant-conversion -Wno-int-conversion -Wno-bool-conversion -Wno-enum-conversion -Wno-float-conversion -Wno-non-literal-null-conversion -Wno-objc-literal-conversion -Wshorten-64-to-32 -Wpointer-sign -Wno-newline-eof -Wno-implicit-fallthrough -fstrict-aliasing -Wdeprecated-declarations -Wno-sign-conversion -Wno-infinite-recursion -Wno-comma -Wno-block-capture-autoreleasing -Wno-strict-prototypes -Wno-semicolon-before-method-body -index-store-path /Users/j/Documents/GitHub/MoneroOne/build/Index.noindex/DataStore @/Users/j/Documents/GitHub/MoneroOne/build/Build/Intermediates.noindex/swift-crypto.build/Debug-iphonesimulator/CCryptoBoringSSL.build/Objects-normal/arm64/7187679823f38a2a940e0043cdf9d637-common-args.resp -MMD -MT dependencies -MF /Users/j/Documents/GitHub/MoneroOne/build/Build/Intermediates.noindex/swift-crypto.build/Debug-iphonesimulator/CCryptoBoringSSL.build/Objects-normal/arm64/pmbtoken.d --serialize-diagnostics /Users/j/Documents/GitHub/MoneroOne/build/Build/Intermediates.noindex/swift-crypto.build/Debug-iphonesimulator/CCryptoBoringSSL.build/Objects-normal/arm64/pmbtoken.dia -c /Users/j/Documents/GitHub/MoneroOne/build/SourcePackages/checkouts/swift-crypto/Sources/CCryptoBoringSSL/crypto/trust_token/pmbtoken.c -o /Users/j/Documents/GitHub/MoneroOne/build/Build/Intermediates.noindex/swift-crypto.build/Debug-iphonesimulator/CCryptoBoringSSL.build/Objects-normal/arm64/pmbtoken.o -index-unit-output-path /swift-crypto.build/Debug-iphonesimulator/CCryptoBoringSSL.build/Objects-normal/arm64/pmbtoken.o

ScanDependencies /Users/j/Documents/GitHub/MoneroOne/build/Build/Intermediates.noindex/swift-crypto.build/Debug-iphonesimulator/CCryptoBoringSSL.build/Objects-normal/arm64/pkcs8_x509.o /Users/j/Documents/GitHub/MoneroOne/build/SourcePackages/checkouts/swift-crypto/Sources/CCryptoBoringSSL/crypto/pkcs8/pkcs8_x509.c normal arm64 c com.apple.compilers.llvm.clang.1_0.compiler (in target 'CCryptoBoringSSL' from project 'swift-crypto')
    cd /Users/j/Documents/GitHub/MoneroOne/MoneroOne.xcodeproj
    
    Using response file: /Users/j/Documents/GitHub/MoneroOne/build/Build/Intermediates.noindex/swift-crypto.build/Debug-iphonesimulator/CCryptoBoringSSL.build/Objects-normal/arm64/7187679823f38a2a940e0043cdf9d637-common-args.resp
    
    builtin-ScanDependencies -o /Users/j/Documents/GitHub/MoneroOne/build/Build/Intermediates.noindex/swift-crypto.build/Debug-iphonesimulator/CCryptoBoringSSL.build/Objects-normal/arm64/pkcs8_x509.o.scan -- /Applications/Xcode.app/Contents/Developer/Toolchains/XcodeDefault.xctoolchain/usr/bin/clang -x c -ivfsstatcache /Users/j/Documents/GitHub/MoneroOne/build/SDKStatCaches.noindex/iphonesimulator26.1-23B77-90cf18a4295e390e64c810bc6bd7acbc.sdkstatcache -fmessage-length\=0 -fdiagnostics-show-note-include-stack -fmacro-backtrace-limit\=0 -fno-color-diagnostics -fmodules-prune-interval\=86400 -fmodules-prune-after\=345600 -fbuild-session-file\=/Users/j/Documents/GitHub/MoneroOne/build/ModuleCache.noindex/Session.modulevalidation -fmodules-validate-once-per-build-session -Wnon-modular-include-in-framework-module -Werror\=non-modular-include-in-framework-module -Wno-trigraphs -Wno-missing-field-initializers -Wno-missing-prototypes -Wno-return-type -Wno-missing-braces -Wparentheses -Wswitch -Wno-unused-function -Wno-unused-label -Wno-unused-parameter -Wno-unused-variable -Wunused-value -Wno-empty-body -Wno-uninitialized -Wno-unknown-pragmas -w -Wno-shadow -Wno-four-char-constants -Wno-conversion -Wno-constant-conversion -Wno-int-conversion -Wno-bool-conversion -Wno-enum-conversion -Wno-float-conversion -Wno-non-literal-null-conversion -Wno-objc-literal-conversion -Wshorten-64-to-32 -Wpointer-sign -Wno-newline-eof -Wno-implicit-fallthrough -fstrict-aliasing -Wdeprecated-declarations -Wno-sign-conversion -Wno-infinite-recursion -Wno-comma -Wno-block-capture-autoreleasing -Wno-strict-prototypes -Wno-semicolon-before-method-body -index-store-path /Users/j/Documents/GitHub/MoneroOne/build/Index.noindex/DataStore @/Users/j/Documents/GitHub/MoneroOne/build/Build/Intermediates.noindex/swift-crypto.build/Debug-iphonesimulator/CCryptoBoringSSL.build/Objects-normal/arm64/7187679823f38a2a940e0043cdf9d637-common-args.resp -MMD -MT dependencies -MF /Users/j/Documents/GitHub/MoneroOne/build/Build/Intermediates.noindex/swift-crypto.build/Debug-iphonesimulator/CCryptoBoringSSL.build/Objects-normal/arm64/pkcs8_x509.d --serialize-diagnostics /Users/j/Documents/GitHub/MoneroOne/build/Build/Intermediates.noindex/swift-crypto.build/Debug-iphonesimulator/CCryptoBoringSSL.build/Objects-normal/arm64/pkcs8_x509.dia -c /Users/j/Documents/GitHub/MoneroOne/build/SourcePackages/checkouts/swift-crypto/Sources/CCryptoBoringSSL/crypto/pkcs8/pkcs8_x509.c -o /Users/j/Documents/GitHub/MoneroOne/build/Build/Intermediates.noindex/swift-crypto.build/Debug-iphonesimulator/CCryptoBoringSSL.build/Objects-normal/arm64/pkcs8_x509.o -index-unit-output-path /swift-crypto.build/Debug-iphonesimulator/CCryptoBoringSSL.build/Objects-normal/arm64/pkcs8_x509.o

ScanDependencies /Users/j/Documents/GitHub/MoneroOne/build/Build/Intermediates.noindex/swift-crypto.build/Debug-iphonesimulator/CCryptoBoringSSL.build/Objects-normal/arm64/pkcs8.o /Users/j/Documents/GitHub/MoneroOne/build/SourcePackages/checkouts/swift-crypto/Sources/CCryptoBoringSSL/crypto/pkcs8/pkcs8.c normal arm64 c com.apple.compilers.llvm.clang.1_0.compiler (in target 'CCryptoBoringSSL' from project 'swift-crypto')
    cd /Users/j/Documents/GitHub/MoneroOne/MoneroOne.xcodeproj
    
    Using response file: /Users/j/Documents/GitHub/MoneroOne/build/Build/Intermediates.noindex/swift-crypto.build/Debug-iphonesimulator/CCryptoBoringSSL.build/Objects-normal/arm64/7187679823f38a2a940e0043cdf9d637-common-args.resp
    
    builtin-ScanDependencies -o /Users/j/Documents/GitHub/MoneroOne/build/Build/Intermediates.noindex/swift-crypto.build/Debug-iphonesimulator/CCryptoBoringSSL.build/Objects-normal/arm64/pkcs8.o.scan -- /Applications/Xcode.app/Contents/Developer/Toolchains/XcodeDefault.xctoolchain/usr/bin/clang -x c -ivfsstatcache /Users/j/Documents/GitHub/MoneroOne/build/SDKStatCaches.noindex/iphonesimulator26.1-23B77-90cf18a4295e390e64c810bc6bd7acbc.sdkstatcache -fmessage-length\=0 -fdiagnostics-show-note-include-stack -fmacro-backtrace-limit\=0 -fno-color-diagnostics -fmodules-prune-interval\=86400 -fmodules-prune-after\=345600 -fbuild-session-file\=/Users/j/Documents/GitHub/MoneroOne/build/ModuleCache.noindex/Session.modulevalidation -fmodules-validate-once-per-build-session -Wnon-modular-include-in-framework-module -Werror\=non-modular-include-in-framework-module -Wno-trigraphs -Wno-missing-field-initializers -Wno-missing-prototypes -Wno-return-type -Wno-missing-braces -Wparentheses -Wswitch -Wno-unused-function -Wno-unused-label -Wno-unused-parameter -Wno-unused-variable -Wunused-value -Wno-empty-body -Wno-uninitialized -Wno-unknown-pragmas -w -Wno-shadow -Wno-four-char-constants -Wno-conversion -Wno-constant-conversion -Wno-int-conversion -Wno-bool-conversion -Wno-enum-conversion -Wno-float-conversion -Wno-non-literal-null-conversion -Wno-objc-literal-conversion -Wshorten-64-to-32 -Wpointer-sign -Wno-newline-eof -Wno-implicit-fallthrough -fstrict-aliasing -Wdeprecated-declarations -Wno-sign-conversion -Wno-infinite-recursion -Wno-comma -Wno-block-capture-autoreleasing -Wno-strict-prototypes -Wno-semicolon-before-method-body -index-store-path /Users/j/Documents/GitHub/MoneroOne/build/Index.noindex/DataStore @/Users/j/Documents/GitHub/MoneroOne/build/Build/Intermediates.noindex/swift-crypto.build/Debug-iphonesimulator/CCryptoBoringSSL.build/Objects-normal/arm64/7187679823f38a2a940e0043cdf9d637-common-args.resp -MMD -MT dependencies -MF /Users/j/Documents/GitHub/MoneroOne/build/Build/Intermediates.noindex/swift-crypto.build/Debug-iphonesimulator/CCryptoBoringSSL.build/Objects-normal/arm64/pkcs8.d --serialize-diagnostics /Users/j/Documents/GitHub/MoneroOne/build/Build/Intermediates.noindex/swift-crypto.build/Debug-iphonesimulator/CCryptoBoringSSL.build/Objects-normal/arm64/pkcs8.dia -c /Users/j/Documents/GitHub/MoneroOne/build/SourcePackages/checkouts/swift-crypto/Sources/CCryptoBoringSSL/crypto/pkcs8/pkcs8.c -o /Users/j/Documents/GitHub/MoneroOne/build/Build/Intermediates.noindex/swift-crypto.build/Debug-iphonesimulator/CCryptoBoringSSL.build/Objects-normal/arm64/pkcs8.o -index-unit-output-path /swift-crypto.build/Debug-iphonesimulator/CCryptoBoringSSL.build/Objects-normal/arm64/pkcs8.o

ScanDependencies /Users/j/Documents/GitHub/MoneroOne/build/Build/Intermediates.noindex/swift-crypto.build/Debug-iphonesimulator/CCryptoBoringSSL.build/Objects-normal/arm64/pkcs7_x509.o /Users/j/Documents/GitHub/MoneroOne/build/SourcePackages/checkouts/swift-crypto/Sources/CCryptoBoringSSL/crypto/pkcs7/pkcs7_x509.c normal arm64 c com.apple.compilers.llvm.clang.1_0.compiler (in target 'CCryptoBoringSSL' from project 'swift-crypto')
    cd /Users/j/Documents/GitHub/MoneroOne/MoneroOne.xcodeproj
    
    Using response file: /Users/j/Documents/GitHub/MoneroOne/build/Build/Intermediates.noindex/swift-crypto.build/Debug-iphonesimulator/CCryptoBoringSSL.build/Objects-normal/arm64/7187679823f38a2a940e0043cdf9d637-common-args.resp
    
    builtin-ScanDependencies -o /Users/j/Documents/GitHub/MoneroOne/build/Build/Intermediates.noindex/swift-crypto.build/Debug-iphonesimulator/CCryptoBoringSSL.build/Objects-normal/arm64/pkcs7_x509.o.scan -- /Applications/Xcode.app/Contents/Developer/Toolchains/XcodeDefault.xctoolchain/usr/bin/clang -x c -ivfsstatcache /Users/j/Documents/GitHub/MoneroOne/build/SDKStatCaches.noindex/iphonesimulator26.1-23B77-90cf18a4295e390e64c810bc6bd7acbc.sdkstatcache -fmessage-length\=0 -fdiagnostics-show-note-include-stack -fmacro-backtrace-limit\=0 -fno-color-diagnostics -fmodules-prune-interval\=86400 -fmodules-prune-after\=345600 -fbuild-session-file\=/Users/j/Documents/GitHub/MoneroOne/build/ModuleCache.noindex/Session.modulevalidation -fmodules-validate-once-per-build-session -Wnon-modular-include-in-framework-module -Werror\=non-modular-include-in-framework-module -Wno-trigraphs -Wno-missing-field-initializers -Wno-missing-prototypes -Wno-return-type -Wno-missing-braces -Wparentheses -Wswitch -Wno-unused-function -Wno-unused-label -Wno-unused-parameter -Wno-unused-variable -Wunused-value -Wno-empty-body -Wno-uninitialized -Wno-unknown-pragmas -w -Wno-shadow -Wno-four-char-constants -Wno-conversion -Wno-constant-conversion -Wno-int-conversion -Wno-bool-conversion -Wno-enum-conversion -Wno-float-conversion -Wno-non-literal-null-conversion -Wno-objc-literal-conversion -Wshorten-64-to-32 -Wpointer-sign -Wno-newline-eof -Wno-implicit-fallthrough -fstrict-aliasing -Wdeprecated-declarations -Wno-sign-conversion -Wno-infinite-recursion -Wno-comma -Wno-block-capture-autoreleasing -Wno-strict-prototypes -Wno-semicolon-before-method-body -index-store-path /Users/j/Documents/GitHub/MoneroOne/build/Index.noindex/DataStore @/Users/j/Documents/GitHub/MoneroOne/build/Build/Intermediates.noindex/swift-crypto.build/Debug-iphonesimulator/CCryptoBoringSSL.build/Objects-normal/arm64/7187679823f38a2a940e0043cdf9d637-common-args.resp -MMD -MT dependencies -MF /Users/j/Documents/GitHub/MoneroOne/build/Build/Intermediates.noindex/swift-crypto.build/Debug-iphonesimulator/CCryptoBoringSSL.build/Objects-normal/arm64/pkcs7_x509.d --serialize-diagnostics /Users/j/Documents/GitHub/MoneroOne/build/Build/Intermediates.noindex/swift-crypto.build/Debug-iphonesimulator/CCryptoBoringSSL.build/Objects-normal/arm64/pkcs7_x509.dia -c /Users/j/Documents/GitHub/MoneroOne/build/SourcePackages/checkouts/swift-crypto/Sources/CCryptoBoringSSL/crypto/pkcs7/pkcs7_x509.c -o /Users/j/Documents/GitHub/MoneroOne/build/Build/Intermediates.noindex/swift-crypto.build/Debug-iphonesimulator/CCryptoBoringSSL.build/Objects-normal/arm64/pkcs7_x509.o -index-unit-output-path /swift-crypto.build/Debug-iphonesimulator/CCryptoBoringSSL.build/Objects-normal/arm64/pkcs7_x509.o

CompileC /Users/j/Documents/GitHub/MoneroOne/build/Build/Intermediates.noindex/swift-crypto.build/Debug-iphonesimulator/CCryptoBoringSSL.build/Objects-normal/arm64/policy.o /Users/j/Documents/GitHub/MoneroOne/build/SourcePackages/checkouts/swift-crypto/Sources/CCryptoBoringSSL/crypto/x509/policy.c normal arm64 c com.apple.compilers.llvm.clang.1_0.compiler (in target 'CCryptoBoringSSL' from project 'swift-crypto')
    cd /Users/j/Documents/GitHub/MoneroOne/MoneroOne.xcodeproj
    
    Using response file: /Users/j/Documents/GitHub/MoneroOne/build/Build/Intermediates.noindex/swift-crypto.build/Debug-iphonesimulator/CCryptoBoringSSL.build/Objects-normal/arm64/7187679823f38a2a940e0043cdf9d637-common-args.resp
    
    /Applications/Xcode.app/Contents/Developer/Toolchains/XcodeDefault.xctoolchain/usr/bin/clang -x c -ivfsstatcache /Users/j/Documents/GitHub/MoneroOne/build/SDKStatCaches.noindex/iphonesimulator26.1-23B77-90cf18a4295e390e64c810bc6bd7acbc.sdkstatcache -fmessage-length\=0 -fdiagnostics-show-note-include-stack -fmacro-backtrace-limit\=0 -fno-color-diagnostics -fmodules-prune-interval\=86400 -fmodules-prune-after\=345600 -fbuild-session-file\=/Users/j/Documents/GitHub/MoneroOne/build/ModuleCache.noindex/Session.modulevalidation -fmodules-validate-once-per-build-session -Wnon-modular-include-in-framework-module -Werror\=non-modular-include-in-framework-module -Wno-trigraphs -Wno-missing-field-initializers -Wno-missing-prototypes -Wno-return-type -Wno-missing-braces -Wparentheses -Wswitch -Wno-unused-function -Wno-unused-label -Wno-unused-parameter -Wno-unused-variable -Wunused-value -Wno-empty-body -Wno-uninitialized -Wno-unknown-pragmas -w -Wno-shadow -Wno-four-char-constants -Wno-conversion -Wno-constant-conversion -Wno-int-conversion -Wno-bool-conversion -Wno-enum-conversion -Wno-float-conversion -Wno-non-literal-null-conversion -Wno-objc-literal-conversion -Wshorten-64-to-32 -Wpointer-sign -Wno-newline-eof -Wno-implicit-fallthrough -fstrict-aliasing -Wdeprecated-declarations -Wno-sign-conversion -Wno-infinite-recursion -Wno-comma -Wno-block-capture-autoreleasing -Wno-strict-prototypes -Wno-semicolon-before-method-body -index-store-path /Users/j/Documents/GitHub/MoneroOne/build/Index.noindex/DataStore @/Users/j/Documents/GitHub/MoneroOne/build/Build/Intermediates.noindex/swift-crypto.build/Debug-iphonesimulator/CCryptoBoringSSL.build/Objects-normal/arm64/7187679823f38a2a940e0043cdf9d637-common-args.resp -MMD -MT dependencies -MF /Users/j/Documents/GitHub/MoneroOne/build/Build/Intermediates.noindex/swift-crypto.build/Debug-iphonesimulator/CCryptoBoringSSL.build/Objects-normal/arm64/policy.d --serialize-diagnostics /Users/j/Documents/GitHub/MoneroOne/build/Build/Intermediates.noindex/swift-crypto.build/Debug-iphonesimulator/CCryptoBoringSSL.build/Objects-normal/arm64/policy.dia -c /Users/j/Documents/GitHub/MoneroOne/build/SourcePackages/checkouts/swift-crypto/Sources/CCryptoBoringSSL/crypto/x509/policy.c -o /Users/j/Documents/GitHub/MoneroOne/build/Build/Intermediates.noindex/swift-crypto.build/Debug-iphonesimulator/CCryptoBoringSSL.build/Objects-normal/arm64/policy.o -index-unit-output-path /swift-crypto.build/Debug-iphonesimulator/CCryptoBoringSSL.build/Objects-normal/arm64/policy.o

CompileC /Users/j/Documents/GitHub/MoneroOne/build/Build/Intermediates.noindex/swift-crypto.build/Debug-iphonesimulator/CCryptoBoringSSL.build/Objects-normal/arm64/pmbtoken.o /Users/j/Documents/GitHub/MoneroOne/build/SourcePackages/checkouts/swift-crypto/Sources/CCryptoBoringSSL/crypto/trust_token/pmbtoken.c normal arm64 c com.apple.compilers.llvm.clang.1_0.compiler (in target 'CCryptoBoringSSL' from project 'swift-crypto')
    cd /Users/j/Documents/GitHub/MoneroOne/MoneroOne.xcodeproj
    
    Using response file: /Users/j/Documents/GitHub/MoneroOne/build/Build/Intermediates.noindex/swift-crypto.build/Debug-iphonesimulator/CCryptoBoringSSL.build/Objects-normal/arm64/7187679823f38a2a940e0043cdf9d637-common-args.resp
    
    /Applications/Xcode.app/Contents/Developer/Toolchains/XcodeDefault.xctoolchain/usr/bin/clang -x c -ivfsstatcache /Users/j/Documents/GitHub/MoneroOne/build/SDKStatCaches.noindex/iphonesimulator26.1-23B77-90cf18a4295e390e64c810bc6bd7acbc.sdkstatcache -fmessage-length\=0 -fdiagnostics-show-note-include-stack -fmacro-backtrace-limit\=0 -fno-color-diagnostics -fmodules-prune-interval\=86400 -fmodules-prune-after\=345600 -fbuild-session-file\=/Users/j/Documents/GitHub/MoneroOne/build/ModuleCache.noindex/Session.modulevalidation -fmodules-validate-once-per-build-session -Wnon-modular-include-in-framework-module -Werror\=non-modular-include-in-framework-module -Wno-trigraphs -Wno-missing-field-initializers -Wno-missing-prototypes -Wno-return-type -Wno-missing-braces -Wparentheses -Wswitch -Wno-unused-function -Wno-unused-label -Wno-unused-parameter -Wno-unused-variable -Wunused-value -Wno-empty-body -Wno-uninitialized -Wno-unknown-pragmas -w -Wno-shadow -Wno-four-char-constants -Wno-conversion -Wno-constant-conversion -Wno-int-conversion -Wno-bool-conversion -Wno-enum-conversion -Wno-float-conversion -Wno-non-literal-null-conversion -Wno-objc-literal-conversion -Wshorten-64-to-32 -Wpointer-sign -Wno-newline-eof -Wno-implicit-fallthrough -fstrict-aliasing -Wdeprecated-declarations -Wno-sign-conversion -Wno-infinite-recursion -Wno-comma -Wno-block-capture-autoreleasing -Wno-strict-prototypes -Wno-semicolon-before-method-body -index-store-path /Users/j/Documents/GitHub/MoneroOne/build/Index.noindex/DataStore @/Users/j/Documents/GitHub/MoneroOne/build/Build/Intermediates.noindex/swift-crypto.build/Debug-iphonesimulator/CCryptoBoringSSL.build/Objects-normal/arm64/7187679823f38a2a940e0043cdf9d637-common-args.resp -MMD -MT dependencies -MF /Users/j/Documents/GitHub/MoneroOne/build/Build/Intermediates.noindex/swift-crypto.build/Debug-iphonesimulator/CCryptoBoringSSL.build/Objects-normal/arm64/pmbtoken.d --serialize-diagnostics /Users/j/Documents/GitHub/MoneroOne/build/Build/Intermediates.noindex/swift-crypto.build/Debug-iphonesimulator/CCryptoBoringSSL.build/Objects-normal/arm64/pmbtoken.dia -c /Users/j/Documents/GitHub/MoneroOne/build/SourcePackages/checkouts/swift-crypto/Sources/CCryptoBoringSSL/crypto/trust_token/pmbtoken.c -o /Users/j/Documents/GitHub/MoneroOne/build/Build/Intermediates.noindex/swift-crypto.build/Debug-iphonesimulator/CCryptoBoringSSL.build/Objects-normal/arm64/pmbtoken.o -index-unit-output-path /swift-crypto.build/Debug-iphonesimulator/CCryptoBoringSSL.build/Objects-normal/arm64/pmbtoken.o

CompileC /Users/j/Documents/GitHub/MoneroOne/build/Build/Intermediates.noindex/swift-crypto.build/Debug-iphonesimulator/CCryptoBoringSSL.build/Objects-normal/arm64/pkcs8_x509.o /Users/j/Documents/GitHub/MoneroOne/build/SourcePackages/checkouts/swift-crypto/Sources/CCryptoBoringSSL/crypto/pkcs8/pkcs8_x509.c normal arm64 c com.apple.compilers.llvm.clang.1_0.compiler (in target 'CCryptoBoringSSL' from project 'swift-crypto')
    cd /Users/j/Documents/GitHub/MoneroOne/MoneroOne.xcodeproj
    
    Using response file: /Users/j/Documents/GitHub/MoneroOne/build/Build/Intermediates.noindex/swift-crypto.build/Debug-iphonesimulator/CCryptoBoringSSL.build/Objects-normal/arm64/7187679823f38a2a940e0043cdf9d637-common-args.resp
    
    /Applications/Xcode.app/Contents/Developer/Toolchains/XcodeDefault.xctoolchain/usr/bin/clang -x c -ivfsstatcache /Users/j/Documents/GitHub/MoneroOne/build/SDKStatCaches.noindex/iphonesimulator26.1-23B77-90cf18a4295e390e64c810bc6bd7acbc.sdkstatcache -fmessage-length\=0 -fdiagnostics-show-note-include-stack -fmacro-backtrace-limit\=0 -fno-color-diagnostics -fmodules-prune-interval\=86400 -fmodules-prune-after\=345600 -fbuild-session-file\=/Users/j/Documents/GitHub/MoneroOne/build/ModuleCache.noindex/Session.modulevalidation -fmodules-validate-once-per-build-session -Wnon-modular-include-in-framework-module -Werror\=non-modular-include-in-framework-module -Wno-trigraphs -Wno-missing-field-initializers -Wno-missing-prototypes -Wno-return-type -Wno-missing-braces -Wparentheses -Wswitch -Wno-unused-function -Wno-unused-label -Wno-unused-parameter -Wno-unused-variable -Wunused-value -Wno-empty-body -Wno-uninitialized -Wno-unknown-pragmas -w -Wno-shadow -Wno-four-char-constants -Wno-conversion -Wno-constant-conversion -Wno-int-conversion -Wno-bool-conversion -Wno-enum-conversion -Wno-float-conversion -Wno-non-literal-null-conversion -Wno-objc-literal-conversion -Wshorten-64-to-32 -Wpointer-sign -Wno-newline-eof -Wno-implicit-fallthrough -fstrict-aliasing -Wdeprecated-declarations -Wno-sign-conversion -Wno-infinite-recursion -Wno-comma -Wno-block-capture-autoreleasing -Wno-strict-prototypes -Wno-semicolon-before-method-body -index-store-path /Users/j/Documents/GitHub/MoneroOne/build/Index.noindex/DataStore @/Users/j/Documents/GitHub/MoneroOne/build/Build/Intermediates.noindex/swift-crypto.build/Debug-iphonesimulator/CCryptoBoringSSL.build/Objects-normal/arm64/7187679823f38a2a940e0043cdf9d637-common-args.resp -MMD -MT dependencies -MF /Users/j/Documents/GitHub/MoneroOne/build/Build/Intermediates.noindex/swift-crypto.build/Debug-iphonesimulator/CCryptoBoringSSL.build/Objects-normal/arm64/pkcs8_x509.d --serialize-diagnostics /Users/j/Documents/GitHub/MoneroOne/build/Build/Intermediates.noindex/swift-crypto.build/Debug-iphonesimulator/CCryptoBoringSSL.build/Objects-normal/arm64/pkcs8_x509.dia -c /Users/j/Documents/GitHub/MoneroOne/build/SourcePackages/checkouts/swift-crypto/Sources/CCryptoBoringSSL/crypto/pkcs8/pkcs8_x509.c -o /Users/j/Documents/GitHub/MoneroOne/build/Build/Intermediates.noindex/swift-crypto.build/Debug-iphonesimulator/CCryptoBoringSSL.build/Objects-normal/arm64/pkcs8_x509.o -index-unit-output-path /swift-crypto.build/Debug-iphonesimulator/CCryptoBoringSSL.build/Objects-normal/arm64/pkcs8_x509.o

ScanDependencies /Users/j/Documents/GitHub/MoneroOne/build/Build/Intermediates.noindex/swift-crypto.build/Debug-iphonesimulator/CCryptoBoringSSL.build/Objects-normal/arm64/pkcs7.o /Users/j/Documents/GitHub/MoneroOne/build/SourcePackages/checkouts/swift-crypto/Sources/CCryptoBoringSSL/crypto/pkcs7/pkcs7.c normal arm64 c com.apple.compilers.llvm.clang.1_0.compiler (in target 'CCryptoBoringSSL' from project 'swift-crypto')
    cd /Users/j/Documents/GitHub/MoneroOne/MoneroOne.xcodeproj
    
    Using response file: /Users/j/Documents/GitHub/MoneroOne/build/Build/Intermediates.noindex/swift-crypto.build/Debug-iphonesimulator/CCryptoBoringSSL.build/Objects-normal/arm64/7187679823f38a2a940e0043cdf9d637-common-args.resp
    
    builtin-ScanDependencies -o /Users/j/Documents/GitHub/MoneroOne/build/Build/Intermediates.noindex/swift-crypto.build/Debug-iphonesimulator/CCryptoBoringSSL.build/Objects-normal/arm64/pkcs7.o.scan -- /Applications/Xcode.app/Contents/Developer/Toolchains/XcodeDefault.xctoolchain/usr/bin/clang -x c -ivfsstatcache /Users/j/Documents/GitHub/MoneroOne/build/SDKStatCaches.noindex/iphonesimulator26.1-23B77-90cf18a4295e390e64c810bc6bd7acbc.sdkstatcache -fmessage-length\=0 -fdiagnostics-show-note-include-stack -fmacro-backtrace-limit\=0 -fno-color-diagnostics -fmodules-prune-interval\=86400 -fmodules-prune-after\=345600 -fbuild-session-file\=/Users/j/Documents/GitHub/MoneroOne/build/ModuleCache.noindex/Session.modulevalidation -fmodules-validate-once-per-build-session -Wnon-modular-include-in-framework-module -Werror\=non-modular-include-in-framework-module -Wno-trigraphs -Wno-missing-field-initializers -Wno-missing-prototypes -Wno-return-type -Wno-missing-braces -Wparentheses -Wswitch -Wno-unused-function -Wno-unused-label -Wno-unused-parameter -Wno-unused-variable -Wunused-value -Wno-empty-body -Wno-uninitialized -Wno-unknown-pragmas -w -Wno-shadow -Wno-four-char-constants -Wno-conversion -Wno-constant-conversion -Wno-int-conversion -Wno-bool-conversion -Wno-enum-conversion -Wno-float-conversion -Wno-non-literal-null-conversion -Wno-objc-literal-conversion -Wshorten-64-to-32 -Wpointer-sign -Wno-newline-eof -Wno-implicit-fallthrough -fstrict-aliasing -Wdeprecated-declarations -Wno-sign-conversion -Wno-infinite-recursion -Wno-comma -Wno-block-capture-autoreleasing -Wno-strict-prototypes -Wno-semicolon-before-method-body -index-store-path /Users/j/Documents/GitHub/MoneroOne/build/Index.noindex/DataStore @/Users/j/Documents/GitHub/MoneroOne/build/Build/Intermediates.noindex/swift-crypto.build/Debug-iphonesimulator/CCryptoBoringSSL.build/Objects-normal/arm64/7187679823f38a2a940e0043cdf9d637-common-args.resp -MMD -MT dependencies -MF /Users/j/Documents/GitHub/MoneroOne/build/Build/Intermediates.noindex/swift-crypto.build/Debug-iphonesimulator/CCryptoBoringSSL.build/Objects-normal/arm64/pkcs7.d --serialize-diagnostics /Users/j/Documents/GitHub/MoneroOne/build/Build/Intermediates.noindex/swift-crypto.build/Debug-iphonesimulator/CCryptoBoringSSL.build/Objects-normal/arm64/pkcs7.dia -c /Users/j/Documents/GitHub/MoneroOne/build/SourcePackages/checkouts/swift-crypto/Sources/CCryptoBoringSSL/crypto/pkcs7/pkcs7.c -o /Users/j/Documents/GitHub/MoneroOne/build/Build/Intermediates.noindex/swift-crypto.build/Debug-iphonesimulator/CCryptoBoringSSL.build/Objects-normal/arm64/pkcs7.o -index-unit-output-path /swift-crypto.build/Debug-iphonesimulator/CCryptoBoringSSL.build/Objects-normal/arm64/pkcs7.o

ScanDependencies /Users/j/Documents/GitHub/MoneroOne/build/Build/Intermediates.noindex/swift-crypto.build/Debug-iphonesimulator/CCryptoBoringSSL.build/Objects-normal/arm64/pem_xaux.o /Users/j/Documents/GitHub/MoneroOne/build/SourcePackages/checkouts/swift-crypto/Sources/CCryptoBoringSSL/crypto/pem/pem_xaux.c normal arm64 c com.apple.compilers.llvm.clang.1_0.compiler (in target 'CCryptoBoringSSL' from project 'swift-crypto')
    cd /Users/j/Documents/GitHub/MoneroOne/MoneroOne.xcodeproj
    
    Using response file: /Users/j/Documents/GitHub/MoneroOne/build/Build/Intermediates.noindex/swift-crypto.build/Debug-iphonesimulator/CCryptoBoringSSL.build/Objects-normal/arm64/7187679823f38a2a940e0043cdf9d637-common-args.resp
    
    builtin-ScanDependencies -o /Users/j/Documents/GitHub/MoneroOne/build/Build/Intermediates.noindex/swift-crypto.build/Debug-iphonesimulator/CCryptoBoringSSL.build/Objects-normal/arm64/pem_xaux.o.scan -- /Applications/Xcode.app/Contents/Developer/Toolchains/XcodeDefault.xctoolchain/usr/bin/clang -x c -ivfsstatcache /Users/j/Documents/GitHub/MoneroOne/build/SDKStatCaches.noindex/iphonesimulator26.1-23B77-90cf18a4295e390e64c810bc6bd7acbc.sdkstatcache -fmessage-length\=0 -fdiagnostics-show-note-include-stack -fmacro-backtrace-limit\=0 -fno-color-diagnostics -fmodules-prune-interval\=86400 -fmodules-prune-after\=345600 -fbuild-session-file\=/Users/j/Documents/GitHub/MoneroOne/build/ModuleCache.noindex/Session.modulevalidation -fmodules-validate-once-per-build-session -Wnon-modular-include-in-framework-module -Werror\=non-modular-include-in-framework-module -Wno-trigraphs -Wno-missing-field-initializers -Wno-missing-prototypes -Wno-return-type -Wno-missing-braces -Wparentheses -Wswitch -Wno-unused-function -Wno-unused-label -Wno-unused-parameter -Wno-unused-variable -Wunused-value -Wno-empty-body -Wno-uninitialized -Wno-unknown-pragmas -w -Wno-shadow -Wno-four-char-constants -Wno-conversion -Wno-constant-conversion -Wno-int-conversion -Wno-bool-conversion -Wno-enum-conversion -Wno-float-conversion -Wno-non-literal-null-conversion -Wno-objc-literal-conversion -Wshorten-64-to-32 -Wpointer-sign -Wno-newline-eof -Wno-implicit-fallthrough -fstrict-aliasing -Wdeprecated-declarations -Wno-sign-conversion -Wno-infinite-recursion -Wno-comma -Wno-block-capture-autoreleasing -Wno-strict-prototypes -Wno-semicolon-before-method-body -index-store-path /Users/j/Documents/GitHub/MoneroOne/build/Index.noindex/DataStore @/Users/j/Documents/GitHub/MoneroOne/build/Build/Intermediates.noindex/swift-crypto.build/Debug-iphonesimulator/CCryptoBoringSSL.build/Objects-normal/arm64/7187679823f38a2a940e0043cdf9d637-common-args.resp -MMD -MT dependencies -MF /Users/j/Documents/GitHub/MoneroOne/build/Build/Intermediates.noindex/swift-crypto.build/Debug-iphonesimulator/CCryptoBoringSSL.build/Objects-normal/arm64/pem_xaux.d --serialize-diagnostics /Users/j/Documents/GitHub/MoneroOne/build/Build/Intermediates.noindex/swift-crypto.build/Debug-iphonesimulator/CCryptoBoringSSL.build/Objects-normal/arm64/pem_xaux.dia -c /Users/j/Documents/GitHub/MoneroOne/build/SourcePackages/checkouts/swift-crypto/Sources/CCryptoBoringSSL/crypto/pem/pem_xaux.c -o /Users/j/Documents/GitHub/MoneroOne/build/Build/Intermediates.noindex/swift-crypto.build/Debug-iphonesimulator/CCryptoBoringSSL.build/Objects-normal/arm64/pem_xaux.o -index-unit-output-path /swift-crypto.build/Debug-iphonesimulator/CCryptoBoringSSL.build/Objects-normal/arm64/pem_xaux.o

CompileC /Users/j/Documents/GitHub/MoneroOne/build/Build/Intermediates.noindex/swift-crypto.build/Debug-iphonesimulator/CCryptoBoringSSL.build/Objects-normal/arm64/pkcs8.o /Users/j/Documents/GitHub/MoneroOne/build/SourcePackages/checkouts/swift-crypto/Sources/CCryptoBoringSSL/crypto/pkcs8/pkcs8.c normal arm64 c com.apple.compilers.llvm.clang.1_0.compiler (in target 'CCryptoBoringSSL' from project 'swift-crypto')
    cd /Users/j/Documents/GitHub/MoneroOne/MoneroOne.xcodeproj
    
    Using response file: /Users/j/Documents/GitHub/MoneroOne/build/Build/Intermediates.noindex/swift-crypto.build/Debug-iphonesimulator/CCryptoBoringSSL.build/Objects-normal/arm64/7187679823f38a2a940e0043cdf9d637-common-args.resp
    
    /Applications/Xcode.app/Contents/Developer/Toolchains/XcodeDefault.xctoolchain/usr/bin/clang -x c -ivfsstatcache /Users/j/Documents/GitHub/MoneroOne/build/SDKStatCaches.noindex/iphonesimulator26.1-23B77-90cf18a4295e390e64c810bc6bd7acbc.sdkstatcache -fmessage-length\=0 -fdiagnostics-show-note-include-stack -fmacro-backtrace-limit\=0 -fno-color-diagnostics -fmodules-prune-interval\=86400 -fmodules-prune-after\=345600 -fbuild-session-file\=/Users/j/Documents/GitHub/MoneroOne/build/ModuleCache.noindex/Session.modulevalidation -fmodules-validate-once-per-build-session -Wnon-modular-include-in-framework-module -Werror\=non-modular-include-in-framework-module -Wno-trigraphs -Wno-missing-field-initializers -Wno-missing-prototypes -Wno-return-type -Wno-missing-braces -Wparentheses -Wswitch -Wno-unused-function -Wno-unused-label -Wno-unused-parameter -Wno-unused-variable -Wunused-value -Wno-empty-body -Wno-uninitialized -Wno-unknown-pragmas -w -Wno-shadow -Wno-four-char-constants -Wno-conversion -Wno-constant-conversion -Wno-int-conversion -Wno-bool-conversion -Wno-enum-conversion -Wno-float-conversion -Wno-non-literal-null-conversion -Wno-objc-literal-conversion -Wshorten-64-to-32 -Wpointer-sign -Wno-newline-eof -Wno-implicit-fallthrough -fstrict-aliasing -Wdeprecated-declarations -Wno-sign-conversion -Wno-infinite-recursion -Wno-comma -Wno-block-capture-autoreleasing -Wno-strict-prototypes -Wno-semicolon-before-method-body -index-store-path /Users/j/Documents/GitHub/MoneroOne/build/Index.noindex/DataStore @/Users/j/Documents/GitHub/MoneroOne/build/Build/Intermediates.noindex/swift-crypto.build/Debug-iphonesimulator/CCryptoBoringSSL.build/Objects-normal/arm64/7187679823f38a2a940e0043cdf9d637-common-args.resp -MMD -MT dependencies -MF /Users/j/Documents/GitHub/MoneroOne/build/Build/Intermediates.noindex/swift-crypto.build/Debug-iphonesimulator/CCryptoBoringSSL.build/Objects-normal/arm64/pkcs8.d --serialize-diagnostics /Users/j/Documents/GitHub/MoneroOne/build/Build/Intermediates.noindex/swift-crypto.build/Debug-iphonesimulator/CCryptoBoringSSL.build/Objects-normal/arm64/pkcs8.dia -c /Users/j/Documents/GitHub/MoneroOne/build/SourcePackages/checkouts/swift-crypto/Sources/CCryptoBoringSSL/crypto/pkcs8/pkcs8.c -o /Users/j/Documents/GitHub/MoneroOne/build/Build/Intermediates.noindex/swift-crypto.build/Debug-iphonesimulator/CCryptoBoringSSL.build/Objects-normal/arm64/pkcs8.o -index-unit-output-path /swift-crypto.build/Debug-iphonesimulator/CCryptoBoringSSL.build/Objects-normal/arm64/pkcs8.o

ScanDependencies /Users/j/Documents/GitHub/MoneroOne/build/Build/Intermediates.noindex/swift-crypto.build/Debug-iphonesimulator/CCryptoBoringSSL.build/Objects-normal/arm64/pem_x509.o /Users/j/Documents/GitHub/MoneroOne/build/SourcePackages/checkouts/swift-crypto/Sources/CCryptoBoringSSL/crypto/pem/pem_x509.c normal arm64 c com.apple.compilers.llvm.clang.1_0.compiler (in target 'CCryptoBoringSSL' from project 'swift-crypto')
    cd /Users/j/Documents/GitHub/MoneroOne/MoneroOne.xcodeproj
    
    Using response file: /Users/j/Documents/GitHub/MoneroOne/build/Build/Intermediates.noindex/swift-crypto.build/Debug-iphonesimulator/CCryptoBoringSSL.build/Objects-normal/arm64/7187679823f38a2a940e0043cdf9d637-common-args.resp
    
    builtin-ScanDependencies -o /Users/j/Documents/GitHub/MoneroOne/build/Build/Intermediates.noindex/swift-crypto.build/Debug-iphonesimulator/CCryptoBoringSSL.build/Objects-normal/arm64/pem_x509.o.scan -- /Applications/Xcode.app/Contents/Developer/Toolchains/XcodeDefault.xctoolchain/usr/bin/clang -x c -ivfsstatcache /Users/j/Documents/GitHub/MoneroOne/build/SDKStatCaches.noindex/iphonesimulator26.1-23B77-90cf18a4295e390e64c810bc6bd7acbc.sdkstatcache -fmessage-length\=0 -fdiagnostics-show-note-include-stack -fmacro-backtrace-limit\=0 -fno-color-diagnostics -fmodules-prune-interval\=86400 -fmodules-prune-after\=345600 -fbuild-session-file\=/Users/j/Documents/GitHub/MoneroOne/build/ModuleCache.noindex/Session.modulevalidation -fmodules-validate-once-per-build-session -Wnon-modular-include-in-framework-module -Werror\=non-modular-include-in-framework-module -Wno-trigraphs -Wno-missing-field-initializers -Wno-missing-prototypes -Wno-return-type -Wno-missing-braces -Wparentheses -Wswitch -Wno-unused-function -Wno-unused-label -Wno-unused-parameter -Wno-unused-variable -Wunused-value -Wno-empty-body -Wno-uninitialized -Wno-unknown-pragmas -w -Wno-shadow -Wno-four-char-constants -Wno-conversion -Wno-constant-conversion -Wno-int-conversion -Wno-bool-conversion -Wno-enum-conversion -Wno-float-conversion -Wno-non-literal-null-conversion -Wno-objc-literal-conversion -Wshorten-64-to-32 -Wpointer-sign -Wno-newline-eof -Wno-implicit-fallthrough -fstrict-aliasing -Wdeprecated-declarations -Wno-sign-conversion -Wno-infinite-recursion -Wno-comma -Wno-block-capture-autoreleasing -Wno-strict-prototypes -Wno-semicolon-before-method-body -index-store-path /Users/j/Documents/GitHub/MoneroOne/build/Index.noindex/DataStore @/Users/j/Documents/GitHub/MoneroOne/build/Build/Intermediates.noindex/swift-crypto.build/Debug-iphonesimulator/CCryptoBoringSSL.build/Objects-normal/arm64/7187679823f38a2a940e0043cdf9d637-common-args.resp -MMD -MT dependencies -MF /Users/j/Documents/GitHub/MoneroOne/build/Build/Intermediates.noindex/swift-crypto.build/Debug-iphonesimulator/CCryptoBoringSSL.build/Objects-normal/arm64/pem_x509.d --serialize-diagnostics /Users/j/Documents/GitHub/MoneroOne/build/Build/Intermediates.noindex/swift-crypto.build/Debug-iphonesimulator/CCryptoBoringSSL.build/Objects-normal/arm64/pem_x509.dia -c /Users/j/Documents/GitHub/MoneroOne/build/SourcePackages/checkouts/swift-crypto/Sources/CCryptoBoringSSL/crypto/pem/pem_x509.c -o /Users/j/Documents/GitHub/MoneroOne/build/Build/Intermediates.noindex/swift-crypto.build/Debug-iphonesimulator/CCryptoBoringSSL.build/Objects-normal/arm64/pem_x509.o -index-unit-output-path /swift-crypto.build/Debug-iphonesimulator/CCryptoBoringSSL.build/Objects-normal/arm64/pem_x509.o

CompileC /Users/j/Documents/GitHub/MoneroOne/build/Build/Intermediates.noindex/swift-crypto.build/Debug-iphonesimulator/CCryptoBoringSSL.build/Objects-normal/arm64/pkcs7.o /Users/j/Documents/GitHub/MoneroOne/build/SourcePackages/checkouts/swift-crypto/Sources/CCryptoBoringSSL/crypto/pkcs7/pkcs7.c normal arm64 c com.apple.compilers.llvm.clang.1_0.compiler (in target 'CCryptoBoringSSL' from project 'swift-crypto')
    cd /Users/j/Documents/GitHub/MoneroOne/MoneroOne.xcodeproj
    
    Using response file: /Users/j/Documents/GitHub/MoneroOne/build/Build/Intermediates.noindex/swift-crypto.build/Debug-iphonesimulator/CCryptoBoringSSL.build/Objects-normal/arm64/7187679823f38a2a940e0043cdf9d637-common-args.resp
    
    /Applications/Xcode.app/Contents/Developer/Toolchains/XcodeDefault.xctoolchain/usr/bin/clang -x c -ivfsstatcache /Users/j/Documents/GitHub/MoneroOne/build/SDKStatCaches.noindex/iphonesimulator26.1-23B77-90cf18a4295e390e64c810bc6bd7acbc.sdkstatcache -fmessage-length\=0 -fdiagnostics-show-note-include-stack -fmacro-backtrace-limit\=0 -fno-color-diagnostics -fmodules-prune-interval\=86400 -fmodules-prune-after\=345600 -fbuild-session-file\=/Users/j/Documents/GitHub/MoneroOne/build/ModuleCache.noindex/Session.modulevalidation -fmodules-validate-once-per-build-session -Wnon-modular-include-in-framework-module -Werror\=non-modular-include-in-framework-module -Wno-trigraphs -Wno-missing-field-initializers -Wno-missing-prototypes -Wno-return-type -Wno-missing-braces -Wparentheses -Wswitch -Wno-unused-function -Wno-unused-label -Wno-unused-parameter -Wno-unused-variable -Wunused-value -Wno-empty-body -Wno-uninitialized -Wno-unknown-pragmas -w -Wno-shadow -Wno-four-char-constants -Wno-conversion -Wno-constant-conversion -Wno-int-conversion -Wno-bool-conversion -Wno-enum-conversion -Wno-float-conversion -Wno-non-literal-null-conversion -Wno-objc-literal-conversion -Wshorten-64-to-32 -Wpointer-sign -Wno-newline-eof -Wno-implicit-fallthrough -fstrict-aliasing -Wdeprecated-declarations -Wno-sign-conversion -Wno-infinite-recursion -Wno-comma -Wno-block-capture-autoreleasing -Wno-strict-prototypes -Wno-semicolon-before-method-body -index-store-path /Users/j/Documents/GitHub/MoneroOne/build/Index.noindex/DataStore @/Users/j/Documents/GitHub/MoneroOne/build/Build/Intermediates.noindex/swift-crypto.build/Debug-iphonesimulator/CCryptoBoringSSL.build/Objects-normal/arm64/7187679823f38a2a940e0043cdf9d637-common-args.resp -MMD -MT dependencies -MF /Users/j/Documents/GitHub/MoneroOne/build/Build/Intermediates.noindex/swift-crypto.build/Debug-iphonesimulator/CCryptoBoringSSL.build/Objects-normal/arm64/pkcs7.d --serialize-diagnostics /Users/j/Documents/GitHub/MoneroOne/build/Build/Intermediates.noindex/swift-crypto.build/Debug-iphonesimulator/CCryptoBoringSSL.build/Objects-normal/arm64/pkcs7.dia -c /Users/j/Documents/GitHub/MoneroOne/build/SourcePackages/checkouts/swift-crypto/Sources/CCryptoBoringSSL/crypto/pkcs7/pkcs7.c -o /Users/j/Documents/GitHub/MoneroOne/build/Build/Intermediates.noindex/swift-crypto.build/Debug-iphonesimulator/CCryptoBoringSSL.build/Objects-normal/arm64/pkcs7.o -index-unit-output-path /swift-crypto.build/Debug-iphonesimulator/CCryptoBoringSSL.build/Objects-normal/arm64/pkcs7.o

CompileC /Users/j/Documents/GitHub/MoneroOne/build/Build/Intermediates.noindex/swift-crypto.build/Debug-iphonesimulator/CCryptoBoringSSL.build/Objects-normal/arm64/pkcs7_x509.o /Users/j/Documents/GitHub/MoneroOne/build/SourcePackages/checkouts/swift-crypto/Sources/CCryptoBoringSSL/crypto/pkcs7/pkcs7_x509.c normal arm64 c com.apple.compilers.llvm.clang.1_0.compiler (in target 'CCryptoBoringSSL' from project 'swift-crypto')
    cd /Users/j/Documents/GitHub/MoneroOne/MoneroOne.xcodeproj
    
    Using response file: /Users/j/Documents/GitHub/MoneroOne/build/Build/Intermediates.noindex/swift-crypto.build/Debug-iphonesimulator/CCryptoBoringSSL.build/Objects-normal/arm64/7187679823f38a2a940e0043cdf9d637-common-args.resp
    
    /Applications/Xcode.app/Contents/Developer/Toolchains/XcodeDefault.xctoolchain/usr/bin/clang -x c -ivfsstatcache /Users/j/Documents/GitHub/MoneroOne/build/SDKStatCaches.noindex/iphonesimulator26.1-23B77-90cf18a4295e390e64c810bc6bd7acbc.sdkstatcache -fmessage-length\=0 -fdiagnostics-show-note-include-stack -fmacro-backtrace-limit\=0 -fno-color-diagnostics -fmodules-prune-interval\=86400 -fmodules-prune-after\=345600 -fbuild-session-file\=/Users/j/Documents/GitHub/MoneroOne/build/ModuleCache.noindex/Session.modulevalidation -fmodules-validate-once-per-build-session -Wnon-modular-include-in-framework-module -Werror\=non-modular-include-in-framework-module -Wno-trigraphs -Wno-missing-field-initializers -Wno-missing-prototypes -Wno-return-type -Wno-missing-braces -Wparentheses -Wswitch -Wno-unused-function -Wno-unused-label -Wno-unused-parameter -Wno-unused-variable -Wunused-value -Wno-empty-body -Wno-uninitialized -Wno-unknown-pragmas -w -Wno-shadow -Wno-four-char-constants -Wno-conversion -Wno-constant-conversion -Wno-int-conversion -Wno-bool-conversion -Wno-enum-conversion -Wno-float-conversion -Wno-non-literal-null-conversion -Wno-objc-literal-conversion -Wshorten-64-to-32 -Wpointer-sign -Wno-newline-eof -Wno-implicit-fallthrough -fstrict-aliasing -Wdeprecated-declarations -Wno-sign-conversion -Wno-infinite-recursion -Wno-comma -Wno-block-capture-autoreleasing -Wno-strict-prototypes -Wno-semicolon-before-method-body -index-store-path /Users/j/Documents/GitHub/MoneroOne/build/Index.noindex/DataStore @/Users/j/Documents/GitHub/MoneroOne/build/Build/Intermediates.noindex/swift-crypto.build/Debug-iphonesimulator/CCryptoBoringSSL.build/Objects-normal/arm64/7187679823f38a2a940e0043cdf9d637-common-args.resp -MMD -MT dependencies -MF /Users/j/Documents/GitHub/MoneroOne/build/Build/Intermediates.noindex/swift-crypto.build/Debug-iphonesimulator/CCryptoBoringSSL.build/Objects-normal/arm64/pkcs7_x509.d --serialize-diagnostics /Users/j/Documents/GitHub/MoneroOne/build/Build/Intermediates.noindex/swift-crypto.build/Debug-iphonesimulator/CCryptoBoringSSL.build/Objects-normal/arm64/pkcs7_x509.dia -c /Users/j/Documents/GitHub/MoneroOne/build/SourcePackages/checkouts/swift-crypto/Sources/CCryptoBoringSSL/crypto/pkcs7/pkcs7_x509.c -o /Users/j/Documents/GitHub/MoneroOne/build/Build/Intermediates.noindex/swift-crypto.build/Debug-iphonesimulator/CCryptoBoringSSL.build/Objects-normal/arm64/pkcs7_x509.o -index-unit-output-path /swift-crypto.build/Debug-iphonesimulator/CCryptoBoringSSL.build/Objects-normal/arm64/pkcs7_x509.o

ScanDependencies /Users/j/Documents/GitHub/MoneroOne/build/Build/Intermediates.noindex/swift-crypto.build/Debug-iphonesimulator/CCryptoBoringSSL.build/Objects-normal/arm64/pem_pkey.o /Users/j/Documents/GitHub/MoneroOne/build/SourcePackages/checkouts/swift-crypto/Sources/CCryptoBoringSSL/crypto/pem/pem_pkey.c normal arm64 c com.apple.compilers.llvm.clang.1_0.compiler (in target 'CCryptoBoringSSL' from project 'swift-crypto')
    cd /Users/j/Documents/GitHub/MoneroOne/MoneroOne.xcodeproj
    
    Using response file: /Users/j/Documents/GitHub/MoneroOne/build/Build/Intermediates.noindex/swift-crypto.build/Debug-iphonesimulator/CCryptoBoringSSL.build/Objects-normal/arm64/7187679823f38a2a940e0043cdf9d637-common-args.resp
    
    builtin-ScanDependencies -o /Users/j/Documents/GitHub/MoneroOne/build/Build/Intermediates.noindex/swift-crypto.build/Debug-iphonesimulator/CCryptoBoringSSL.build/Objects-normal/arm64/pem_pkey.o.scan -- /Applications/Xcode.app/Contents/Developer/Toolchains/XcodeDefault.xctoolchain/usr/bin/clang -x c -ivfsstatcache /Users/j/Documents/GitHub/MoneroOne/build/SDKStatCaches.noindex/iphonesimulator26.1-23B77-90cf18a4295e390e64c810bc6bd7acbc.sdkstatcache -fmessage-length\=0 -fdiagnostics-show-note-include-stack -fmacro-backtrace-limit\=0 -fno-color-diagnostics -fmodules-prune-interval\=86400 -fmodules-prune-after\=345600 -fbuild-session-file\=/Users/j/Documents/GitHub/MoneroOne/build/ModuleCache.noindex/Session.modulevalidation -fmodules-validate-once-per-build-session -Wnon-modular-include-in-framework-module -Werror\=non-modular-include-in-framework-module -Wno-trigraphs -Wno-missing-field-initializers -Wno-missing-prototypes -Wno-return-type -Wno-missing-braces -Wparentheses -Wswitch -Wno-unused-function -Wno-unused-label -Wno-unused-parameter -Wno-unused-variable -Wunused-value -Wno-empty-body -Wno-uninitialized -Wno-unknown-pragmas -w -Wno-shadow -Wno-four-char-constants -Wno-conversion -Wno-constant-conversion -Wno-int-conversion -Wno-bool-conversion -Wno-enum-conversion -Wno-float-conversion -Wno-non-literal-null-conversion -Wno-objc-literal-conversion -Wshorten-64-to-32 -Wpointer-sign -Wno-newline-eof -Wno-implicit-fallthrough -fstrict-aliasing -Wdeprecated-declarations -Wno-sign-conversion -Wno-infinite-recursion -Wno-comma -Wno-block-capture-autoreleasing -Wno-strict-prototypes -Wno-semicolon-before-method-body -index-store-path /Users/j/Documents/GitHub/MoneroOne/build/Index.noindex/DataStore @/Users/j/Documents/GitHub/MoneroOne/build/Build/Intermediates.noindex/swift-crypto.build/Debug-iphonesimulator/CCryptoBoringSSL.build/Objects-normal/arm64/7187679823f38a2a940e0043cdf9d637-common-args.resp -MMD -MT dependencies -MF /Users/j/Documents/GitHub/MoneroOne/build/Build/Intermediates.noindex/swift-crypto.build/Debug-iphonesimulator/CCryptoBoringSSL.build/Objects-normal/arm64/pem_pkey.d --serialize-diagnostics /Users/j/Documents/GitHub/MoneroOne/build/Build/Intermediates.noindex/swift-crypto.build/Debug-iphonesimulator/CCryptoBoringSSL.build/Objects-normal/arm64/pem_pkey.dia -c /Users/j/Documents/GitHub/MoneroOne/build/SourcePackages/checkouts/swift-crypto/Sources/CCryptoBoringSSL/crypto/pem/pem_pkey.c -o /Users/j/Documents/GitHub/MoneroOne/build/Build/Intermediates.noindex/swift-crypto.build/Debug-iphonesimulator/CCryptoBoringSSL.build/Objects-normal/arm64/pem_pkey.o -index-unit-output-path /swift-crypto.build/Debug-iphonesimulator/CCryptoBoringSSL.build/Objects-normal/arm64/pem_pkey.o

CompileC /Users/j/Documents/GitHub/MoneroOne/build/Build/Intermediates.noindex/swift-crypto.build/Debug-iphonesimulator/CCryptoBoringSSL.build/Objects-normal/arm64/pem_xaux.o /Users/j/Documents/GitHub/MoneroOne/build/SourcePackages/checkouts/swift-crypto/Sources/CCryptoBoringSSL/crypto/pem/pem_xaux.c normal arm64 c com.apple.compilers.llvm.clang.1_0.compiler (in target 'CCryptoBoringSSL' from project 'swift-crypto')
    cd /Users/j/Documents/GitHub/MoneroOne/MoneroOne.xcodeproj
    
    Using response file: /Users/j/Documents/GitHub/MoneroOne/build/Build/Intermediates.noindex/swift-crypto.build/Debug-iphonesimulator/CCryptoBoringSSL.build/Objects-normal/arm64/7187679823f38a2a940e0043cdf9d637-common-args.resp
    
    /Applications/Xcode.app/Contents/Developer/Toolchains/XcodeDefault.xctoolchain/usr/bin/clang -x c -ivfsstatcache /Users/j/Documents/GitHub/MoneroOne/build/SDKStatCaches.noindex/iphonesimulator26.1-23B77-90cf18a4295e390e64c810bc6bd7acbc.sdkstatcache -fmessage-length\=0 -fdiagnostics-show-note-include-stack -fmacro-backtrace-limit\=0 -fno-color-diagnostics -fmodules-prune-interval\=86400 -fmodules-prune-after\=345600 -fbuild-session-file\=/Users/j/Documents/GitHub/MoneroOne/build/ModuleCache.noindex/Session.modulevalidation -fmodules-validate-once-per-build-session -Wnon-modular-include-in-framework-module -Werror\=non-modular-include-in-framework-module -Wno-trigraphs -Wno-missing-field-initializers -Wno-missing-prototypes -Wno-return-type -Wno-missing-braces -Wparentheses -Wswitch -Wno-unused-function -Wno-unused-label -Wno-unused-parameter -Wno-unused-variable -Wunused-value -Wno-empty-body -Wno-uninitialized -Wno-unknown-pragmas -w -Wno-shadow -Wno-four-char-constants -Wno-conversion -Wno-constant-conversion -Wno-int-conversion -Wno-bool-conversion -Wno-enum-conversion -Wno-float-conversion -Wno-non-literal-null-conversion -Wno-objc-literal-conversion -Wshorten-64-to-32 -Wpointer-sign -Wno-newline-eof -Wno-implicit-fallthrough -fstrict-aliasing -Wdeprecated-declarations -Wno-sign-conversion -Wno-infinite-recursion -Wno-comma -Wno-block-capture-autoreleasing -Wno-strict-prototypes -Wno-semicolon-before-method-body -index-store-path /Users/j/Documents/GitHub/MoneroOne/build/Index.noindex/DataStore @/Users/j/Documents/GitHub/MoneroOne/build/Build/Intermediates.noindex/swift-crypto.build/Debug-iphonesimulator/CCryptoBoringSSL.build/Objects-normal/arm64/7187679823f38a2a940e0043cdf9d637-common-args.resp -MMD -MT dependencies -MF /Users/j/Documents/GitHub/MoneroOne/build/Build/Intermediates.noindex/swift-crypto.build/Debug-iphonesimulator/CCryptoBoringSSL.build/Objects-normal/arm64/pem_xaux.d --serialize-diagnostics /Users/j/Documents/GitHub/MoneroOne/build/Build/Intermediates.noindex/swift-crypto.build/Debug-iphonesimulator/CCryptoBoringSSL.build/Objects-normal/arm64/pem_xaux.dia -c /Users/j/Documents/GitHub/MoneroOne/build/SourcePackages/checkouts/swift-crypto/Sources/CCryptoBoringSSL/crypto/pem/pem_xaux.c -o /Users/j/Documents/GitHub/MoneroOne/build/Build/Intermediates.noindex/swift-crypto.build/Debug-iphonesimulator/CCryptoBoringSSL.build/Objects-normal/arm64/pem_xaux.o -index-unit-output-path /swift-crypto.build/Debug-iphonesimulator/CCryptoBoringSSL.build/Objects-normal/arm64/pem_xaux.o

CompileC /Users/j/Documents/GitHub/MoneroOne/build/Build/Intermediates.noindex/swift-crypto.build/Debug-iphonesimulator/CCryptoBoringSSL.build/Objects-normal/arm64/pem_x509.o /Users/j/Documents/GitHub/MoneroOne/build/SourcePackages/checkouts/swift-crypto/Sources/CCryptoBoringSSL/crypto/pem/pem_x509.c normal arm64 c com.apple.compilers.llvm.clang.1_0.compiler (in target 'CCryptoBoringSSL' from project 'swift-crypto')
    cd /Users/j/Documents/GitHub/MoneroOne/MoneroOne.xcodeproj
    
    Using response file: /Users/j/Documents/GitHub/MoneroOne/build/Build/Intermediates.noindex/swift-crypto.build/Debug-iphonesimulator/CCryptoBoringSSL.build/Objects-normal/arm64/7187679823f38a2a940e0043cdf9d637-common-args.resp
    
    /Applications/Xcode.app/Contents/Developer/Toolchains/XcodeDefault.xctoolchain/usr/bin/clang -x c -ivfsstatcache /Users/j/Documents/GitHub/MoneroOne/build/SDKStatCaches.noindex/iphonesimulator26.1-23B77-90cf18a4295e390e64c810bc6bd7acbc.sdkstatcache -fmessage-length\=0 -fdiagnostics-show-note-include-stack -fmacro-backtrace-limit\=0 -fno-color-diagnostics -fmodules-prune-interval\=86400 -fmodules-prune-after\=345600 -fbuild-session-file\=/Users/j/Documents/GitHub/MoneroOne/build/ModuleCache.noindex/Session.modulevalidation -fmodules-validate-once-per-build-session -Wnon-modular-include-in-framework-module -Werror\=non-modular-include-in-framework-module -Wno-trigraphs -Wno-missing-field-initializers -Wno-missing-prototypes -Wno-return-type -Wno-missing-braces -Wparentheses -Wswitch -Wno-unused-function -Wno-unused-label -Wno-unused-parameter -Wno-unused-variable -Wunused-value -Wno-empty-body -Wno-uninitialized -Wno-unknown-pragmas -w -Wno-shadow -Wno-four-char-constants -Wno-conversion -Wno-constant-conversion -Wno-int-conversion -Wno-bool-conversion -Wno-enum-conversion -Wno-float-conversion -Wno-non-literal-null-conversion -Wno-objc-literal-conversion -Wshorten-64-to-32 -Wpointer-sign -Wno-newline-eof -Wno-implicit-fallthrough -fstrict-aliasing -Wdeprecated-declarations -Wno-sign-conversion -Wno-infinite-recursion -Wno-comma -Wno-block-capture-autoreleasing -Wno-strict-prototypes -Wno-semicolon-before-method-body -index-store-path /Users/j/Documents/GitHub/MoneroOne/build/Index.noindex/DataStore @/Users/j/Documents/GitHub/MoneroOne/build/Build/Intermediates.noindex/swift-crypto.build/Debug-iphonesimulator/CCryptoBoringSSL.build/Objects-normal/arm64/7187679823f38a2a940e0043cdf9d637-common-args.resp -MMD -MT dependencies -MF /Users/j/Documents/GitHub/MoneroOne/build/Build/Intermediates.noindex/swift-crypto.build/Debug-iphonesimulator/CCryptoBoringSSL.build/Objects-normal/arm64/pem_x509.d --serialize-diagnostics /Users/j/Documents/GitHub/MoneroOne/build/Build/Intermediates.noindex/swift-crypto.build/Debug-iphonesimulator/CCryptoBoringSSL.build/Objects-normal/arm64/pem_x509.dia -c /Users/j/Documents/GitHub/MoneroOne/build/SourcePackages/checkouts/swift-crypto/Sources/CCryptoBoringSSL/crypto/pem/pem_x509.c -o /Users/j/Documents/GitHub/MoneroOne/build/Build/Intermediates.noindex/swift-crypto.build/Debug-iphonesimulator/CCryptoBoringSSL.build/Objects-normal/arm64/pem_x509.o -index-unit-output-path /swift-crypto.build/Debug-iphonesimulator/CCryptoBoringSSL.build/Objects-normal/arm64/pem_x509.o

CompileC /Users/j/Documents/GitHub/MoneroOne/build/Build/Intermediates.noindex/swift-crypto.build/Debug-iphonesimulator/CCryptoBoringSSL.build/Objects-normal/arm64/pem_pkey.o /Users/j/Documents/GitHub/MoneroOne/build/SourcePackages/checkouts/swift-crypto/Sources/CCryptoBoringSSL/crypto/pem/pem_pkey.c normal arm64 c com.apple.compilers.llvm.clang.1_0.compiler (in target 'CCryptoBoringSSL' from project 'swift-crypto')
    cd /Users/j/Documents/GitHub/MoneroOne/MoneroOne.xcodeproj
    
    Using response file: /Users/j/Documents/GitHub/MoneroOne/build/Build/Intermediates.noindex/swift-crypto.build/Debug-iphonesimulator/CCryptoBoringSSL.build/Objects-normal/arm64/7187679823f38a2a940e0043cdf9d637-common-args.resp
    
    /Applications/Xcode.app/Contents/Developer/Toolchains/XcodeDefault.xctoolchain/usr/bin/clang -x c -ivfsstatcache /Users/j/Documents/GitHub/MoneroOne/build/SDKStatCaches.noindex/iphonesimulator26.1-23B77-90cf18a4295e390e64c810bc6bd7acbc.sdkstatcache -fmessage-length\=0 -fdiagnostics-show-note-include-stack -fmacro-backtrace-limit\=0 -fno-color-diagnostics -fmodules-prune-interval\=86400 -fmodules-prune-after\=345600 -fbuild-session-file\=/Users/j/Documents/GitHub/MoneroOne/build/ModuleCache.noindex/Session.modulevalidation -fmodules-validate-once-per-build-session -Wnon-modular-include-in-framework-module -Werror\=non-modular-include-in-framework-module -Wno-trigraphs -Wno-missing-field-initializers -Wno-missing-prototypes -Wno-return-type -Wno-missing-braces -Wparentheses -Wswitch -Wno-unused-function -Wno-unused-label -Wno-unused-parameter -Wno-unused-variable -Wunused-value -Wno-empty-body -Wno-uninitialized -Wno-unknown-pragmas -w -Wno-shadow -Wno-four-char-constants -Wno-conversion -Wno-constant-conversion -Wno-int-conversion -Wno-bool-conversion -Wno-enum-conversion -Wno-float-conversion -Wno-non-literal-null-conversion -Wno-objc-literal-conversion -Wshorten-64-to-32 -Wpointer-sign -Wno-newline-eof -Wno-implicit-fallthrough -fstrict-aliasing -Wdeprecated-declarations -Wno-sign-conversion -Wno-infinite-recursion -Wno-comma -Wno-block-capture-autoreleasing -Wno-strict-prototypes -Wno-semicolon-before-method-body -index-store-path /Users/j/Documents/GitHub/MoneroOne/build/Index.noindex/DataStore @/Users/j/Documents/GitHub/MoneroOne/build/Build/Intermediates.noindex/swift-crypto.build/Debug-iphonesimulator/CCryptoBoringSSL.build/Objects-normal/arm64/7187679823f38a2a940e0043cdf9d637-common-args.resp -MMD -MT dependencies -MF /Users/j/Documents/GitHub/MoneroOne/build/Build/Intermediates.noindex/swift-crypto.build/Debug-iphonesimulator/CCryptoBoringSSL.build/Objects-normal/arm64/pem_pkey.d --serialize-diagnostics /Users/j/Documents/GitHub/MoneroOne/build/Build/Intermediates.noindex/swift-crypto.build/Debug-iphonesimulator/CCryptoBoringSSL.build/Objects-normal/arm64/pem_pkey.dia -c /Users/j/Documents/GitHub/MoneroOne/build/SourcePackages/checkouts/swift-crypto/Sources/CCryptoBoringSSL/crypto/pem/pem_pkey.c -o /Users/j/Documents/GitHub/MoneroOne/build/Build/Intermediates.noindex/swift-crypto.build/Debug-iphonesimulator/CCryptoBoringSSL.build/Objects-normal/arm64/pem_pkey.o -index-unit-output-path /swift-crypto.build/Debug-iphonesimulator/CCryptoBoringSSL.build/Objects-normal/arm64/pem_pkey.o

ScanDependencies /Users/j/Documents/GitHub/MoneroOne/build/Build/Intermediates.noindex/swift-crypto.build/Debug-iphonesimulator/CCryptoBoringSSL.build/Objects-normal/arm64/pem_pk8.o /Users/j/Documents/GitHub/MoneroOne/build/SourcePackages/checkouts/swift-crypto/Sources/CCryptoBoringSSL/crypto/pem/pem_pk8.c normal arm64 c com.apple.compilers.llvm.clang.1_0.compiler (in target 'CCryptoBoringSSL' from project 'swift-crypto')
    cd /Users/j/Documents/GitHub/MoneroOne/MoneroOne.xcodeproj
    
    Using response file: /Users/j/Documents/GitHub/MoneroOne/build/Build/Intermediates.noindex/swift-crypto.build/Debug-iphonesimulator/CCryptoBoringSSL.build/Objects-normal/arm64/7187679823f38a2a940e0043cdf9d637-common-args.resp
    
    builtin-ScanDependencies -o /Users/j/Documents/GitHub/MoneroOne/build/Build/Intermediates.noindex/swift-crypto.build/Debug-iphonesimulator/CCryptoBoringSSL.build/Objects-normal/arm64/pem_pk8.o.scan -- /Applications/Xcode.app/Contents/Developer/Toolchains/XcodeDefault.xctoolchain/usr/bin/clang -x c -ivfsstatcache /Users/j/Documents/GitHub/MoneroOne/build/SDKStatCaches.noindex/iphonesimulator26.1-23B77-90cf18a4295e390e64c810bc6bd7acbc.sdkstatcache -fmessage-length\=0 -fdiagnostics-show-note-include-stack -fmacro-backtrace-limit\=0 -fno-color-diagnostics -fmodules-prune-interval\=86400 -fmodules-prune-after\=345600 -fbuild-session-file\=/Users/j/Documents/GitHub/MoneroOne/build/ModuleCache.noindex/Session.modulevalidation -fmodules-validate-once-per-build-session -Wnon-modular-include-in-framework-module -Werror\=non-modular-include-in-framework-module -Wno-trigraphs -Wno-missing-field-initializers -Wno-missing-prototypes -Wno-return-type -Wno-missing-braces -Wparentheses -Wswitch -Wno-unused-function -Wno-unused-label -Wno-unused-parameter -Wno-unused-variable -Wunused-value -Wno-empty-body -Wno-uninitialized -Wno-unknown-pragmas -w -Wno-shadow -Wno-four-char-constants -Wno-conversion -Wno-constant-conversion -Wno-int-conversion -Wno-bool-conversion -Wno-enum-conversion -Wno-float-conversion -Wno-non-literal-null-conversion -Wno-objc-literal-conversion -Wshorten-64-to-32 -Wpointer-sign -Wno-newline-eof -Wno-implicit-fallthrough -fstrict-aliasing -Wdeprecated-declarations -Wno-sign-conversion -Wno-infinite-recursion -Wno-comma -Wno-block-capture-autoreleasing -Wno-strict-prototypes -Wno-semicolon-before-method-body -index-store-path /Users/j/Documents/GitHub/MoneroOne/build/Index.noindex/DataStore @/Users/j/Documents/GitHub/MoneroOne/build/Build/Intermediates.noindex/swift-crypto.build/Debug-iphonesimulator/CCryptoBoringSSL.build/Objects-normal/arm64/7187679823f38a2a940e0043cdf9d637-common-args.resp -MMD -MT dependencies -MF /Users/j/Documents/GitHub/MoneroOne/build/Build/Intermediates.noindex/swift-crypto.build/Debug-iphonesimulator/CCryptoBoringSSL.build/Objects-normal/arm64/pem_pk8.d --serialize-diagnostics /Users/j/Documents/GitHub/MoneroOne/build/Build/Intermediates.noindex/swift-crypto.build/Debug-iphonesimulator/CCryptoBoringSSL.build/Objects-normal/arm64/pem_pk8.dia -c /Users/j/Documents/GitHub/MoneroOne/build/SourcePackages/checkouts/swift-crypto/Sources/CCryptoBoringSSL/crypto/pem/pem_pk8.c -o /Users/j/Documents/GitHub/MoneroOne/build/Build/Intermediates.noindex/swift-crypto.build/Debug-iphonesimulator/CCryptoBoringSSL.build/Objects-normal/arm64/pem_pk8.o -index-unit-output-path /swift-crypto.build/Debug-iphonesimulator/CCryptoBoringSSL.build/Objects-normal/arm64/pem_pk8.o

ScanDependencies /Users/j/Documents/GitHub/MoneroOne/build/Build/Intermediates.noindex/swift-crypto.build/Debug-iphonesimulator/CCryptoBoringSSL.build/Objects-normal/arm64/pem_oth.o /Users/j/Documents/GitHub/MoneroOne/build/SourcePackages/checkouts/swift-crypto/Sources/CCryptoBoringSSL/crypto/pem/pem_oth.c normal arm64 c com.apple.compilers.llvm.clang.1_0.compiler (in target 'CCryptoBoringSSL' from project 'swift-crypto')
    cd /Users/j/Documents/GitHub/MoneroOne/MoneroOne.xcodeproj
    
    Using response file: /Users/j/Documents/GitHub/MoneroOne/build/Build/Intermediates.noindex/swift-crypto.build/Debug-iphonesimulator/CCryptoBoringSSL.build/Objects-normal/arm64/7187679823f38a2a940e0043cdf9d637-common-args.resp
    
    builtin-ScanDependencies -o /Users/j/Documents/GitHub/MoneroOne/build/Build/Intermediates.noindex/swift-crypto.build/Debug-iphonesimulator/CCryptoBoringSSL.build/Objects-normal/arm64/pem_oth.o.scan -- /Applications/Xcode.app/Contents/Developer/Toolchains/XcodeDefault.xctoolchain/usr/bin/clang -x c -ivfsstatcache /Users/j/Documents/GitHub/MoneroOne/build/SDKStatCaches.noindex/iphonesimulator26.1-23B77-90cf18a4295e390e64c810bc6bd7acbc.sdkstatcache -fmessage-length\=0 -fdiagnostics-show-note-include-stack -fmacro-backtrace-limit\=0 -fno-color-diagnostics -fmodules-prune-interval\=86400 -fmodules-prune-after\=345600 -fbuild-session-file\=/Users/j/Documents/GitHub/MoneroOne/build/ModuleCache.noindex/Session.modulevalidation -fmodules-validate-once-per-build-session -Wnon-modular-include-in-framework-module -Werror\=non-modular-include-in-framework-module -Wno-trigraphs -Wno-missing-field-initializers -Wno-missing-prototypes -Wno-return-type -Wno-missing-braces -Wparentheses -Wswitch -Wno-unused-function -Wno-unused-label -Wno-unused-parameter -Wno-unused-variable -Wunused-value -Wno-empty-body -Wno-uninitialized -Wno-unknown-pragmas -w -Wno-shadow -Wno-four-char-constants -Wno-conversion -Wno-constant-conversion -Wno-int-conversion -Wno-bool-conversion -Wno-enum-conversion -Wno-float-conversion -Wno-non-literal-null-conversion -Wno-objc-literal-conversion -Wshorten-64-to-32 -Wpointer-sign -Wno-newline-eof -Wno-implicit-fallthrough -fstrict-aliasing -Wdeprecated-declarations -Wno-sign-conversion -Wno-infinite-recursion -Wno-comma -Wno-block-capture-autoreleasing -Wno-strict-prototypes -Wno-semicolon-before-method-body -index-store-path /Users/j/Documents/GitHub/MoneroOne/build/Index.noindex/DataStore @/Users/j/Documents/GitHub/MoneroOne/build/Build/Intermediates.noindex/swift-crypto.build/Debug-iphonesimulator/CCryptoBoringSSL.build/Objects-normal/arm64/7187679823f38a2a940e0043cdf9d637-common-args.resp -MMD -MT dependencies -MF /Users/j/Documents/GitHub/MoneroOne/build/Build/Intermediates.noindex/swift-crypto.build/Debug-iphonesimulator/CCryptoBoringSSL.build/Objects-normal/arm64/pem_oth.d --serialize-diagnostics /Users/j/Documents/GitHub/MoneroOne/build/Build/Intermediates.noindex/swift-crypto.build/Debug-iphonesimulator/CCryptoBoringSSL.build/Objects-normal/arm64/pem_oth.dia -c /Users/j/Documents/GitHub/MoneroOne/build/SourcePackages/checkouts/swift-crypto/Sources/CCryptoBoringSSL/crypto/pem/pem_oth.c -o /Users/j/Documents/GitHub/MoneroOne/build/Build/Intermediates.noindex/swift-crypto.build/Debug-iphonesimulator/CCryptoBoringSSL.build/Objects-normal/arm64/pem_oth.o -index-unit-output-path /swift-crypto.build/Debug-iphonesimulator/CCryptoBoringSSL.build/Objects-normal/arm64/pem_oth.o

CompileC /Users/j/Documents/GitHub/MoneroOne/build/Build/Intermediates.noindex/swift-crypto.build/Debug-iphonesimulator/CCryptoBoringSSL.build/Objects-normal/arm64/pem_pk8.o /Users/j/Documents/GitHub/MoneroOne/build/SourcePackages/checkouts/swift-crypto/Sources/CCryptoBoringSSL/crypto/pem/pem_pk8.c normal arm64 c com.apple.compilers.llvm.clang.1_0.compiler (in target 'CCryptoBoringSSL' from project 'swift-crypto')
    cd /Users/j/Documents/GitHub/MoneroOne/MoneroOne.xcodeproj
    
    Using response file: /Users/j/Documents/GitHub/MoneroOne/build/Build/Intermediates.noindex/swift-crypto.build/Debug-iphonesimulator/CCryptoBoringSSL.build/Objects-normal/arm64/7187679823f38a2a940e0043cdf9d637-common-args.resp
    
    /Applications/Xcode.app/Contents/Developer/Toolchains/XcodeDefault.xctoolchain/usr/bin/clang -x c -ivfsstatcache /Users/j/Documents/GitHub/MoneroOne/build/SDKStatCaches.noindex/iphonesimulator26.1-23B77-90cf18a4295e390e64c810bc6bd7acbc.sdkstatcache -fmessage-length\=0 -fdiagnostics-show-note-include-stack -fmacro-backtrace-limit\=0 -fno-color-diagnostics -fmodules-prune-interval\=86400 -fmodules-prune-after\=345600 -fbuild-session-file\=/Users/j/Documents/GitHub/MoneroOne/build/ModuleCache.noindex/Session.modulevalidation -fmodules-validate-once-per-build-session -Wnon-modular-include-in-framework-module -Werror\=non-modular-include-in-framework-module -Wno-trigraphs -Wno-missing-field-initializers -Wno-missing-prototypes -Wno-return-type -Wno-missing-braces -Wparentheses -Wswitch -Wno-unused-function -Wno-unused-label -Wno-unused-parameter -Wno-unused-variable -Wunused-value -Wno-empty-body -Wno-uninitialized -Wno-unknown-pragmas -w -Wno-shadow -Wno-four-char-constants -Wno-conversion -Wno-constant-conversion -Wno-int-conversion -Wno-bool-conversion -Wno-enum-conversion -Wno-float-conversion -Wno-non-literal-null-conversion -Wno-objc-literal-conversion -Wshorten-64-to-32 -Wpointer-sign -Wno-newline-eof -Wno-implicit-fallthrough -fstrict-aliasing -Wdeprecated-declarations -Wno-sign-conversion -Wno-infinite-recursion -Wno-comma -Wno-block-capture-autoreleasing -Wno-strict-prototypes -Wno-semicolon-before-method-body -index-store-path /Users/j/Documents/GitHub/MoneroOne/build/Index.noindex/DataStore @/Users/j/Documents/GitHub/MoneroOne/build/Build/Intermediates.noindex/swift-crypto.build/Debug-iphonesimulator/CCryptoBoringSSL.build/Objects-normal/arm64/7187679823f38a2a940e0043cdf9d637-common-args.resp -MMD -MT dependencies -MF /Users/j/Documents/GitHub/MoneroOne/build/Build/Intermediates.noindex/swift-crypto.build/Debug-iphonesimulator/CCryptoBoringSSL.build/Objects-normal/arm64/pem_pk8.d --serialize-diagnostics /Users/j/Documents/GitHub/MoneroOne/build/Build/Intermediates.noindex/swift-crypto.build/Debug-iphonesimulator/CCryptoBoringSSL.build/Objects-normal/arm64/pem_pk8.dia -c /Users/j/Documents/GitHub/MoneroOne/build/SourcePackages/checkouts/swift-crypto/Sources/CCryptoBoringSSL/crypto/pem/pem_pk8.c -o /Users/j/Documents/GitHub/MoneroOne/build/Build/Intermediates.noindex/swift-crypto.build/Debug-iphonesimulator/CCryptoBoringSSL.build/Objects-normal/arm64/pem_pk8.o -index-unit-output-path /swift-crypto.build/Debug-iphonesimulator/CCryptoBoringSSL.build/Objects-normal/arm64/pem_pk8.o

ScanDependencies /Users/j/Documents/GitHub/MoneroOne/build/Build/Intermediates.noindex/swift-crypto.build/Debug-iphonesimulator/CCryptoBoringSSL.build/Objects-normal/arm64/pem_lib.o /Users/j/Documents/GitHub/MoneroOne/build/SourcePackages/checkouts/swift-crypto/Sources/CCryptoBoringSSL/crypto/pem/pem_lib.c normal arm64 c com.apple.compilers.llvm.clang.1_0.compiler (in target 'CCryptoBoringSSL' from project 'swift-crypto')
    cd /Users/j/Documents/GitHub/MoneroOne/MoneroOne.xcodeproj
    
    Using response file: /Users/j/Documents/GitHub/MoneroOne/build/Build/Intermediates.noindex/swift-crypto.build/Debug-iphonesimulator/CCryptoBoringSSL.build/Objects-normal/arm64/7187679823f38a2a940e0043cdf9d637-common-args.resp
    
    builtin-ScanDependencies -o /Users/j/Documents/GitHub/MoneroOne/build/Build/Intermediates.noindex/swift-crypto.build/Debug-iphonesimulator/CCryptoBoringSSL.build/Objects-normal/arm64/pem_lib.o.scan -- /Applications/Xcode.app/Contents/Developer/Toolchains/XcodeDefault.xctoolchain/usr/bin/clang -x c -ivfsstatcache /Users/j/Documents/GitHub/MoneroOne/build/SDKStatCaches.noindex/iphonesimulator26.1-23B77-90cf18a4295e390e64c810bc6bd7acbc.sdkstatcache -fmessage-length\=0 -fdiagnostics-show-note-include-stack -fmacro-backtrace-limit\=0 -fno-color-diagnostics -fmodules-prune-interval\=86400 -fmodules-prune-after\=345600 -fbuild-session-file\=/Users/j/Documents/GitHub/MoneroOne/build/ModuleCache.noindex/Session.modulevalidation -fmodules-validate-once-per-build-session -Wnon-modular-include-in-framework-module -Werror\=non-modular-include-in-framework-module -Wno-trigraphs -Wno-missing-field-initializers -Wno-missing-prototypes -Wno-return-type -Wno-missing-braces -Wparentheses -Wswitch -Wno-unused-function -Wno-unused-label -Wno-unused-parameter -Wno-unused-variable -Wunused-value -Wno-empty-body -Wno-uninitialized -Wno-unknown-pragmas -w -Wno-shadow -Wno-four-char-constants -Wno-conversion -Wno-constant-conversion -Wno-int-conversion -Wno-bool-conversion -Wno-enum-conversion -Wno-float-conversion -Wno-non-literal-null-conversion -Wno-objc-literal-conversion -Wshorten-64-to-32 -Wpointer-sign -Wno-newline-eof -Wno-implicit-fallthrough -fstrict-aliasing -Wdeprecated-declarations -Wno-sign-conversion -Wno-infinite-recursion -Wno-comma -Wno-block-capture-autoreleasing -Wno-strict-prototypes -Wno-semicolon-before-method-body -index-store-path /Users/j/Documents/GitHub/MoneroOne/build/Index.noindex/DataStore @/Users/j/Documents/GitHub/MoneroOne/build/Build/Intermediates.noindex/swift-crypto.build/Debug-iphonesimulator/CCryptoBoringSSL.build/Objects-normal/arm64/7187679823f38a2a940e0043cdf9d637-common-args.resp -MMD -MT dependencies -MF /Users/j/Documents/GitHub/MoneroOne/build/Build/Intermediates.noindex/swift-crypto.build/Debug-iphonesimulator/CCryptoBoringSSL.build/Objects-normal/arm64/pem_lib.d --serialize-diagnostics /Users/j/Documents/GitHub/MoneroOne/build/Build/Intermediates.noindex/swift-crypto.build/Debug-iphonesimulator/CCryptoBoringSSL.build/Objects-normal/arm64/pem_lib.dia -c /Users/j/Documents/GitHub/MoneroOne/build/SourcePackages/checkouts/swift-crypto/Sources/CCryptoBoringSSL/crypto/pem/pem_lib.c -o /Users/j/Documents/GitHub/MoneroOne/build/Build/Intermediates.noindex/swift-crypto.build/Debug-iphonesimulator/CCryptoBoringSSL.build/Objects-normal/arm64/pem_lib.o -index-unit-output-path /swift-crypto.build/Debug-iphonesimulator/CCryptoBoringSSL.build/Objects-normal/arm64/pem_lib.o

CompileC /Users/j/Documents/GitHub/MoneroOne/build/Build/Intermediates.noindex/swift-crypto.build/Debug-iphonesimulator/CCryptoBoringSSL.build/Objects-normal/arm64/pem_oth.o /Users/j/Documents/GitHub/MoneroOne/build/SourcePackages/checkouts/swift-crypto/Sources/CCryptoBoringSSL/crypto/pem/pem_oth.c normal arm64 c com.apple.compilers.llvm.clang.1_0.compiler (in target 'CCryptoBoringSSL' from project 'swift-crypto')
    cd /Users/j/Documents/GitHub/MoneroOne/MoneroOne.xcodeproj
    
    Using response file: /Users/j/Documents/GitHub/MoneroOne/build/Build/Intermediates.noindex/swift-crypto.build/Debug-iphonesimulator/CCryptoBoringSSL.build/Objects-normal/arm64/7187679823f38a2a940e0043cdf9d637-common-args.resp
    
    /Applications/Xcode.app/Contents/Developer/Toolchains/XcodeDefault.xctoolchain/usr/bin/clang -x c -ivfsstatcache /Users/j/Documents/GitHub/MoneroOne/build/SDKStatCaches.noindex/iphonesimulator26.1-23B77-90cf18a4295e390e64c810bc6bd7acbc.sdkstatcache -fmessage-length\=0 -fdiagnostics-show-note-include-stack -fmacro-backtrace-limit\=0 -fno-color-diagnostics -fmodules-prune-interval\=86400 -fmodules-prune-after\=345600 -fbuild-session-file\=/Users/j/Documents/GitHub/MoneroOne/build/ModuleCache.noindex/Session.modulevalidation -fmodules-validate-once-per-build-session -Wnon-modular-include-in-framework-module -Werror\=non-modular-include-in-framework-module -Wno-trigraphs -Wno-missing-field-initializers -Wno-missing-prototypes -Wno-return-type -Wno-missing-braces -Wparentheses -Wswitch -Wno-unused-function -Wno-unused-label -Wno-unused-parameter -Wno-unused-variable -Wunused-value -Wno-empty-body -Wno-uninitialized -Wno-unknown-pragmas -w -Wno-shadow -Wno-four-char-constants -Wno-conversion -Wno-constant-conversion -Wno-int-conversion -Wno-bool-conversion -Wno-enum-conversion -Wno-float-conversion -Wno-non-literal-null-conversion -Wno-objc-literal-conversion -Wshorten-64-to-32 -Wpointer-sign -Wno-newline-eof -Wno-implicit-fallthrough -fstrict-aliasing -Wdeprecated-declarations -Wno-sign-conversion -Wno-infinite-recursion -Wno-comma -Wno-block-capture-autoreleasing -Wno-strict-prototypes -Wno-semicolon-before-method-body -index-store-path /Users/j/Documents/GitHub/MoneroOne/build/Index.noindex/DataStore @/Users/j/Documents/GitHub/MoneroOne/build/Build/Intermediates.noindex/swift-crypto.build/Debug-iphonesimulator/CCryptoBoringSSL.build/Objects-normal/arm64/7187679823f38a2a940e0043cdf9d637-common-args.resp -MMD -MT dependencies -MF /Users/j/Documents/GitHub/MoneroOne/build/Build/Intermediates.noindex/swift-crypto.build/Debug-iphonesimulator/CCryptoBoringSSL.build/Objects-normal/arm64/pem_oth.d --serialize-diagnostics /Users/j/Documents/GitHub/MoneroOne/build/Build/Intermediates.noindex/swift-crypto.build/Debug-iphonesimulator/CCryptoBoringSSL.build/Objects-normal/arm64/pem_oth.dia -c /Users/j/Documents/GitHub/MoneroOne/build/SourcePackages/checkouts/swift-crypto/Sources/CCryptoBoringSSL/crypto/pem/pem_oth.c -o /Users/j/Documents/GitHub/MoneroOne/build/Build/Intermediates.noindex/swift-crypto.build/Debug-iphonesimulator/CCryptoBoringSSL.build/Objects-normal/arm64/pem_oth.o -index-unit-output-path /swift-crypto.build/Debug-iphonesimulator/CCryptoBoringSSL.build/Objects-normal/arm64/pem_oth.o

ScanDependencies /Users/j/Documents/GitHub/MoneroOne/build/Build/Intermediates.noindex/swift-crypto.build/Debug-iphonesimulator/CCryptoBoringSSL.build/Objects-normal/arm64/pem_info.o /Users/j/Documents/GitHub/MoneroOne/build/SourcePackages/checkouts/swift-crypto/Sources/CCryptoBoringSSL/crypto/pem/pem_info.c normal arm64 c com.apple.compilers.llvm.clang.1_0.compiler (in target 'CCryptoBoringSSL' from project 'swift-crypto')
    cd /Users/j/Documents/GitHub/MoneroOne/MoneroOne.xcodeproj
    
    Using response file: /Users/j/Documents/GitHub/MoneroOne/build/Build/Intermediates.noindex/swift-crypto.build/Debug-iphonesimulator/CCryptoBoringSSL.build/Objects-normal/arm64/7187679823f38a2a940e0043cdf9d637-common-args.resp
    
    builtin-ScanDependencies -o /Users/j/Documents/GitHub/MoneroOne/build/Build/Intermediates.noindex/swift-crypto.build/Debug-iphonesimulator/CCryptoBoringSSL.build/Objects-normal/arm64/pem_info.o.scan -- /Applications/Xcode.app/Contents/Developer/Toolchains/XcodeDefault.xctoolchain/usr/bin/clang -x c -ivfsstatcache /Users/j/Documents/GitHub/MoneroOne/build/SDKStatCaches.noindex/iphonesimulator26.1-23B77-90cf18a4295e390e64c810bc6bd7acbc.sdkstatcache -fmessage-length\=0 -fdiagnostics-show-note-include-stack -fmacro-backtrace-limit\=0 -fno-color-diagnostics -fmodules-prune-interval\=86400 -fmodules-prune-after\=345600 -fbuild-session-file\=/Users/j/Documents/GitHub/MoneroOne/build/ModuleCache.noindex/Session.modulevalidation -fmodules-validate-once-per-build-session -Wnon-modular-include-in-framework-module -Werror\=non-modular-include-in-framework-module -Wno-trigraphs -Wno-missing-field-initializers -Wno-missing-prototypes -Wno-return-type -Wno-missing-braces -Wparentheses -Wswitch -Wno-unused-function -Wno-unused-label -Wno-unused-parameter -Wno-unused-variable -Wunused-value -Wno-empty-body -Wno-uninitialized -Wno-unknown-pragmas -w -Wno-shadow -Wno-four-char-constants -Wno-conversion -Wno-constant-conversion -Wno-int-conversion -Wno-bool-conversion -Wno-enum-conversion -Wno-float-conversion -Wno-non-literal-null-conversion -Wno-objc-literal-conversion -Wshorten-64-to-32 -Wpointer-sign -Wno-newline-eof -Wno-implicit-fallthrough -fstrict-aliasing -Wdeprecated-declarations -Wno-sign-conversion -Wno-infinite-recursion -Wno-comma -Wno-block-capture-autoreleasing -Wno-strict-prototypes -Wno-semicolon-before-method-body -index-store-path /Users/j/Documents/GitHub/MoneroOne/build/Index.noindex/DataStore @/Users/j/Documents/GitHub/MoneroOne/build/Build/Intermediates.noindex/swift-crypto.build/Debug-iphonesimulator/CCryptoBoringSSL.build/Objects-normal/arm64/7187679823f38a2a940e0043cdf9d637-common-args.resp -MMD -MT dependencies -MF /Users/j/Documents/GitHub/MoneroOne/build/Build/Intermediates.noindex/swift-crypto.build/Debug-iphonesimulator/CCryptoBoringSSL.build/Objects-normal/arm64/pem_info.d --serialize-diagnostics /Users/j/Documents/GitHub/MoneroOne/build/Build/Intermediates.noindex/swift-crypto.build/Debug-iphonesimulator/CCryptoBoringSSL.build/Objects-normal/arm64/pem_info.dia -c /Users/j/Documents/GitHub/MoneroOne/build/SourcePackages/checkouts/swift-crypto/Sources/CCryptoBoringSSL/crypto/pem/pem_info.c -o /Users/j/Documents/GitHub/MoneroOne/build/Build/Intermediates.noindex/swift-crypto.build/Debug-iphonesimulator/CCryptoBoringSSL.build/Objects-normal/arm64/pem_info.o -index-unit-output-path /swift-crypto.build/Debug-iphonesimulator/CCryptoBoringSSL.build/Objects-normal/arm64/pem_info.o

ScanDependencies /Users/j/Documents/GitHub/MoneroOne/build/Build/Intermediates.noindex/swift-crypto.build/Debug-iphonesimulator/CCryptoBoringSSL.build/Objects-normal/arm64/pem_all.o /Users/j/Documents/GitHub/MoneroOne/build/SourcePackages/checkouts/swift-crypto/Sources/CCryptoBoringSSL/crypto/pem/pem_all.c normal arm64 c com.apple.compilers.llvm.clang.1_0.compiler (in target 'CCryptoBoringSSL' from project 'swift-crypto')
    cd /Users/j/Documents/GitHub/MoneroOne/MoneroOne.xcodeproj
    
    Using response file: /Users/j/Documents/GitHub/MoneroOne/build/Build/Intermediates.noindex/swift-crypto.build/Debug-iphonesimulator/CCryptoBoringSSL.build/Objects-normal/arm64/7187679823f38a2a940e0043cdf9d637-common-args.resp
    
    builtin-ScanDependencies -o /Users/j/Documents/GitHub/MoneroOne/build/Build/Intermediates.noindex/swift-crypto.build/Debug-iphonesimulator/CCryptoBoringSSL.build/Objects-normal/arm64/pem_all.o.scan -- /Applications/Xcode.app/Contents/Developer/Toolchains/XcodeDefault.xctoolchain/usr/bin/clang -x c -ivfsstatcache /Users/j/Documents/GitHub/MoneroOne/build/SDKStatCaches.noindex/iphonesimulator26.1-23B77-90cf18a4295e390e64c810bc6bd7acbc.sdkstatcache -fmessage-length\=0 -fdiagnostics-show-note-include-stack -fmacro-backtrace-limit\=0 -fno-color-diagnostics -fmodules-prune-interval\=86400 -fmodules-prune-after\=345600 -fbuild-session-file\=/Users/j/Documents/GitHub/MoneroOne/build/ModuleCache.noindex/Session.modulevalidation -fmodules-validate-once-per-build-session -Wnon-modular-include-in-framework-module -Werror\=non-modular-include-in-framework-module -Wno-trigraphs -Wno-missing-field-initializers -Wno-missing-prototypes -Wno-return-type -Wno-missing-braces -Wparentheses -Wswitch -Wno-unused-function -Wno-unused-label -Wno-unused-parameter -Wno-unused-variable -Wunused-value -Wno-empty-body -Wno-uninitialized -Wno-unknown-pragmas -w -Wno-shadow -Wno-four-char-constants -Wno-conversion -Wno-constant-conversion -Wno-int-conversion -Wno-bool-conversion -Wno-enum-conversion -Wno-float-conversion -Wno-non-literal-null-conversion -Wno-objc-literal-conversion -Wshorten-64-to-32 -Wpointer-sign -Wno-newline-eof -Wno-implicit-fallthrough -fstrict-aliasing -Wdeprecated-declarations -Wno-sign-conversion -Wno-infinite-recursion -Wno-comma -Wno-block-capture-autoreleasing -Wno-strict-prototypes -Wno-semicolon-before-method-body -index-store-path /Users/j/Documents/GitHub/MoneroOne/build/Index.noindex/DataStore @/Users/j/Documents/GitHub/MoneroOne/build/Build/Intermediates.noindex/swift-crypto.build/Debug-iphonesimulator/CCryptoBoringSSL.build/Objects-normal/arm64/7187679823f38a2a940e0043cdf9d637-common-args.resp -MMD -MT dependencies -MF /Users/j/Documents/GitHub/MoneroOne/build/Build/Intermediates.noindex/swift-crypto.build/Debug-iphonesimulator/CCryptoBoringSSL.build/Objects-normal/arm64/pem_all.d --serialize-diagnostics /Users/j/Documents/GitHub/MoneroOne/build/Build/Intermediates.noindex/swift-crypto.build/Debug-iphonesimulator/CCryptoBoringSSL.build/Objects-normal/arm64/pem_all.dia -c /Users/j/Documents/GitHub/MoneroOne/build/SourcePackages/checkouts/swift-crypto/Sources/CCryptoBoringSSL/crypto/pem/pem_all.c -o /Users/j/Documents/GitHub/MoneroOne/build/Build/Intermediates.noindex/swift-crypto.build/Debug-iphonesimulator/CCryptoBoringSSL.build/Objects-normal/arm64/pem_all.o -index-unit-output-path /swift-crypto.build/Debug-iphonesimulator/CCryptoBoringSSL.build/Objects-normal/arm64/pem_all.o

ScanDependencies /Users/j/Documents/GitHub/MoneroOne/build/Build/Intermediates.noindex/swift-crypto.build/Debug-iphonesimulator/CCryptoBoringSSL.build/Objects-normal/arm64/pbkdf.o /Users/j/Documents/GitHub/MoneroOne/build/SourcePackages/checkouts/swift-crypto/Sources/CCryptoBoringSSL/crypto/evp/pbkdf.c normal arm64 c com.apple.compilers.llvm.clang.1_0.compiler (in target 'CCryptoBoringSSL' from project 'swift-crypto')
    cd /Users/j/Documents/GitHub/MoneroOne/MoneroOne.xcodeproj
    
    Using response file: /Users/j/Documents/GitHub/MoneroOne/build/Build/Intermediates.noindex/swift-crypto.build/Debug-iphonesimulator/CCryptoBoringSSL.build/Objects-normal/arm64/7187679823f38a2a940e0043cdf9d637-common-args.resp
    
    builtin-ScanDependencies -o /Users/j/Documents/GitHub/MoneroOne/build/Build/Intermediates.noindex/swift-crypto.build/Debug-iphonesimulator/CCryptoBoringSSL.build/Objects-normal/arm64/pbkdf.o.scan -- /Applications/Xcode.app/Contents/Developer/Toolchains/XcodeDefault.xctoolchain/usr/bin/clang -x c -ivfsstatcache /Users/j/Documents/GitHub/MoneroOne/build/SDKStatCaches.noindex/iphonesimulator26.1-23B77-90cf18a4295e390e64c810bc6bd7acbc.sdkstatcache -fmessage-length\=0 -fdiagnostics-show-note-include-stack -fmacro-backtrace-limit\=0 -fno-color-diagnostics -fmodules-prune-interval\=86400 -fmodules-prune-after\=345600 -fbuild-session-file\=/Users/j/Documents/GitHub/MoneroOne/build/ModuleCache.noindex/Session.modulevalidation -fmodules-validate-once-per-build-session -Wnon-modular-include-in-framework-module -Werror\=non-modular-include-in-framework-module -Wno-trigraphs -Wno-missing-field-initializers -Wno-missing-prototypes -Wno-return-type -Wno-missing-braces -Wparentheses -Wswitch -Wno-unused-function -Wno-unused-label -Wno-unused-parameter -Wno-unused-variable -Wunused-value -Wno-empty-body -Wno-uninitialized -Wno-unknown-pragmas -w -Wno-shadow -Wno-four-char-constants -Wno-conversion -Wno-constant-conversion -Wno-int-conversion -Wno-bool-conversion -Wno-enum-conversion -Wno-float-conversion -Wno-non-literal-null-conversion -Wno-objc-literal-conversion -Wshorten-64-to-32 -Wpointer-sign -Wno-newline-eof -Wno-implicit-fallthrough -fstrict-aliasing -Wdeprecated-declarations -Wno-sign-conversion -Wno-infinite-recursion -Wno-comma -Wno-block-capture-autoreleasing -Wno-strict-prototypes -Wno-semicolon-before-method-body -index-store-path /Users/j/Documents/GitHub/MoneroOne/build/Index.noindex/DataStore @/Users/j/Documents/GitHub/MoneroOne/build/Build/Intermediates.noindex/swift-crypto.build/Debug-iphonesimulator/CCryptoBoringSSL.build/Objects-normal/arm64/7187679823f38a2a940e0043cdf9d637-common-args.resp -MMD -MT dependencies -MF /Users/j/Documents/GitHub/MoneroOne/build/Build/Intermediates.noindex/swift-crypto.build/Debug-iphonesimulator/CCryptoBoringSSL.build/Objects-normal/arm64/pbkdf.d --serialize-diagnostics /Users/j/Documents/GitHub/MoneroOne/build/Build/Intermediates.noindex/swift-crypto.build/Debug-iphonesimulator/CCryptoBoringSSL.build/Objects-normal/arm64/pbkdf.dia -c /Users/j/Documents/GitHub/MoneroOne/build/SourcePackages/checkouts/swift-crypto/Sources/CCryptoBoringSSL/crypto/evp/pbkdf.c -o /Users/j/Documents/GitHub/MoneroOne/build/Build/Intermediates.noindex/swift-crypto.build/Debug-iphonesimulator/CCryptoBoringSSL.build/Objects-normal/arm64/pbkdf.o -index-unit-output-path /swift-crypto.build/Debug-iphonesimulator/CCryptoBoringSSL.build/Objects-normal/arm64/pbkdf.o

CompileC /Users/j/Documents/GitHub/MoneroOne/build/Build/Intermediates.noindex/swift-crypto.build/Debug-iphonesimulator/CCryptoBoringSSL.build/Objects-normal/arm64/pem_lib.o /Users/j/Documents/GitHub/MoneroOne/build/SourcePackages/checkouts/swift-crypto/Sources/CCryptoBoringSSL/crypto/pem/pem_lib.c normal arm64 c com.apple.compilers.llvm.clang.1_0.compiler (in target 'CCryptoBoringSSL' from project 'swift-crypto')
    cd /Users/j/Documents/GitHub/MoneroOne/MoneroOne.xcodeproj
    
    Using response file: /Users/j/Documents/GitHub/MoneroOne/build/Build/Intermediates.noindex/swift-crypto.build/Debug-iphonesimulator/CCryptoBoringSSL.build/Objects-normal/arm64/7187679823f38a2a940e0043cdf9d637-common-args.resp
    
    /Applications/Xcode.app/Contents/Developer/Toolchains/XcodeDefault.xctoolchain/usr/bin/clang -x c -ivfsstatcache /Users/j/Documents/GitHub/MoneroOne/build/SDKStatCaches.noindex/iphonesimulator26.1-23B77-90cf18a4295e390e64c810bc6bd7acbc.sdkstatcache -fmessage-length\=0 -fdiagnostics-show-note-include-stack -fmacro-backtrace-limit\=0 -fno-color-diagnostics -fmodules-prune-interval\=86400 -fmodules-prune-after\=345600 -fbuild-session-file\=/Users/j/Documents/GitHub/MoneroOne/build/ModuleCache.noindex/Session.modulevalidation -fmodules-validate-once-per-build-session -Wnon-modular-include-in-framework-module -Werror\=non-modular-include-in-framework-module -Wno-trigraphs -Wno-missing-field-initializers -Wno-missing-prototypes -Wno-return-type -Wno-missing-braces -Wparentheses -Wswitch -Wno-unused-function -Wno-unused-label -Wno-unused-parameter -Wno-unused-variable -Wunused-value -Wno-empty-body -Wno-uninitialized -Wno-unknown-pragmas -w -Wno-shadow -Wno-four-char-constants -Wno-conversion -Wno-constant-conversion -Wno-int-conversion -Wno-bool-conversion -Wno-enum-conversion -Wno-float-conversion -Wno-non-literal-null-conversion -Wno-objc-literal-conversion -Wshorten-64-to-32 -Wpointer-sign -Wno-newline-eof -Wno-implicit-fallthrough -fstrict-aliasing -Wdeprecated-declarations -Wno-sign-conversion -Wno-infinite-recursion -Wno-comma -Wno-block-capture-autoreleasing -Wno-strict-prototypes -Wno-semicolon-before-method-body -index-store-path /Users/j/Documents/GitHub/MoneroOne/build/Index.noindex/DataStore @/Users/j/Documents/GitHub/MoneroOne/build/Build/Intermediates.noindex/swift-crypto.build/Debug-iphonesimulator/CCryptoBoringSSL.build/Objects-normal/arm64/7187679823f38a2a940e0043cdf9d637-common-args.resp -MMD -MT dependencies -MF /Users/j/Documents/GitHub/MoneroOne/build/Build/Intermediates.noindex/swift-crypto.build/Debug-iphonesimulator/CCryptoBoringSSL.build/Objects-normal/arm64/pem_lib.d --serialize-diagnostics /Users/j/Documents/GitHub/MoneroOne/build/Build/Intermediates.noindex/swift-crypto.build/Debug-iphonesimulator/CCryptoBoringSSL.build/Objects-normal/arm64/pem_lib.dia -c /Users/j/Documents/GitHub/MoneroOne/build/SourcePackages/checkouts/swift-crypto/Sources/CCryptoBoringSSL/crypto/pem/pem_lib.c -o /Users/j/Documents/GitHub/MoneroOne/build/Build/Intermediates.noindex/swift-crypto.build/Debug-iphonesimulator/CCryptoBoringSSL.build/Objects-normal/arm64/pem_lib.o -index-unit-output-path /swift-crypto.build/Debug-iphonesimulator/CCryptoBoringSSL.build/Objects-normal/arm64/pem_lib.o

ScanDependencies /Users/j/Documents/GitHub/MoneroOne/build/Build/Intermediates.noindex/swift-crypto.build/Debug-iphonesimulator/CCryptoBoringSSL.build/Objects-normal/arm64/passive.o /Users/j/Documents/GitHub/MoneroOne/build/SourcePackages/checkouts/swift-crypto/Sources/CCryptoBoringSSL/crypto/rand_extra/passive.c normal arm64 c com.apple.compilers.llvm.clang.1_0.compiler (in target 'CCryptoBoringSSL' from project 'swift-crypto')
    cd /Users/j/Documents/GitHub/MoneroOne/MoneroOne.xcodeproj
    
    Using response file: /Users/j/Documents/GitHub/MoneroOne/build/Build/Intermediates.noindex/swift-crypto.build/Debug-iphonesimulator/CCryptoBoringSSL.build/Objects-normal/arm64/7187679823f38a2a940e0043cdf9d637-common-args.resp
    
    builtin-ScanDependencies -o /Users/j/Documents/GitHub/MoneroOne/build/Build/Intermediates.noindex/swift-crypto.build/Debug-iphonesimulator/CCryptoBoringSSL.build/Objects-normal/arm64/passive.o.scan -- /Applications/Xcode.app/Contents/Developer/Toolchains/XcodeDefault.xctoolchain/usr/bin/clang -x c -ivfsstatcache /Users/j/Documents/GitHub/MoneroOne/build/SDKStatCaches.noindex/iphonesimulator26.1-23B77-90cf18a4295e390e64c810bc6bd7acbc.sdkstatcache -fmessage-length\=0 -fdiagnostics-show-note-include-stack -fmacro-backtrace-limit\=0 -fno-color-diagnostics -fmodules-prune-interval\=86400 -fmodules-prune-after\=345600 -fbuild-session-file\=/Users/j/Documents/GitHub/MoneroOne/build/ModuleCache.noindex/Session.modulevalidation -fmodules-validate-once-per-build-session -Wnon-modular-include-in-framework-module -Werror\=non-modular-include-in-framework-module -Wno-trigraphs -Wno-missing-field-initializers -Wno-missing-prototypes -Wno-return-type -Wno-missing-braces -Wparentheses -Wswitch -Wno-unused-function -Wno-unused-label -Wno-unused-parameter -Wno-unused-variable -Wunused-value -Wno-empty-body -Wno-uninitialized -Wno-unknown-pragmas -w -Wno-shadow -Wno-four-char-constants -Wno-conversion -Wno-constant-conversion -Wno-int-conversion -Wno-bool-conversion -Wno-enum-conversion -Wno-float-conversion -Wno-non-literal-null-conversion -Wno-objc-literal-conversion -Wshorten-64-to-32 -Wpointer-sign -Wno-newline-eof -Wno-implicit-fallthrough -fstrict-aliasing -Wdeprecated-declarations -Wno-sign-conversion -Wno-infinite-recursion -Wno-comma -Wno-block-capture-autoreleasing -Wno-strict-prototypes -Wno-semicolon-before-method-body -index-store-path /Users/j/Documents/GitHub/MoneroOne/build/Index.noindex/DataStore @/Users/j/Documents/GitHub/MoneroOne/build/Build/Intermediates.noindex/swift-crypto.build/Debug-iphonesimulator/CCryptoBoringSSL.build/Objects-normal/arm64/7187679823f38a2a940e0043cdf9d637-common-args.resp -MMD -MT dependencies -MF /Users/j/Documents/GitHub/MoneroOne/build/Build/Intermediates.noindex/swift-crypto.build/Debug-iphonesimulator/CCryptoBoringSSL.build/Objects-normal/arm64/passive.d --serialize-diagnostics /Users/j/Documents/GitHub/MoneroOne/build/Build/Intermediates.noindex/swift-crypto.build/Debug-iphonesimulator/CCryptoBoringSSL.build/Objects-normal/arm64/passive.dia -c /Users/j/Documents/GitHub/MoneroOne/build/SourcePackages/checkouts/swift-crypto/Sources/CCryptoBoringSSL/crypto/rand_extra/passive.c -o /Users/j/Documents/GitHub/MoneroOne/build/Build/Intermediates.noindex/swift-crypto.build/Debug-iphonesimulator/CCryptoBoringSSL.build/Objects-normal/arm64/passive.o -index-unit-output-path /swift-crypto.build/Debug-iphonesimulator/CCryptoBoringSSL.build/Objects-normal/arm64/passive.o

CompileC /Users/j/Documents/GitHub/MoneroOne/build/Build/Intermediates.noindex/swift-crypto.build/Debug-iphonesimulator/CCryptoBoringSSL.build/Objects-normal/arm64/pem_info.o /Users/j/Documents/GitHub/MoneroOne/build/SourcePackages/checkouts/swift-crypto/Sources/CCryptoBoringSSL/crypto/pem/pem_info.c normal arm64 c com.apple.compilers.llvm.clang.1_0.compiler (in target 'CCryptoBoringSSL' from project 'swift-crypto')
    cd /Users/j/Documents/GitHub/MoneroOne/MoneroOne.xcodeproj
    
    Using response file: /Users/j/Documents/GitHub/MoneroOne/build/Build/Intermediates.noindex/swift-crypto.build/Debug-iphonesimulator/CCryptoBoringSSL.build/Objects-normal/arm64/7187679823f38a2a940e0043cdf9d637-common-args.resp
    
    /Applications/Xcode.app/Contents/Developer/Toolchains/XcodeDefault.xctoolchain/usr/bin/clang -x c -ivfsstatcache /Users/j/Documents/GitHub/MoneroOne/build/SDKStatCaches.noindex/iphonesimulator26.1-23B77-90cf18a4295e390e64c810bc6bd7acbc.sdkstatcache -fmessage-length\=0 -fdiagnostics-show-note-include-stack -fmacro-backtrace-limit\=0 -fno-color-diagnostics -fmodules-prune-interval\=86400 -fmodules-prune-after\=345600 -fbuild-session-file\=/Users/j/Documents/GitHub/MoneroOne/build/ModuleCache.noindex/Session.modulevalidation -fmodules-validate-once-per-build-session -Wnon-modular-include-in-framework-module -Werror\=non-modular-include-in-framework-module -Wno-trigraphs -Wno-missing-field-initializers -Wno-missing-prototypes -Wno-return-type -Wno-missing-braces -Wparentheses -Wswitch -Wno-unused-function -Wno-unused-label -Wno-unused-parameter -Wno-unused-variable -Wunused-value -Wno-empty-body -Wno-uninitialized -Wno-unknown-pragmas -w -Wno-shadow -Wno-four-char-constants -Wno-conversion -Wno-constant-conversion -Wno-int-conversion -Wno-bool-conversion -Wno-enum-conversion -Wno-float-conversion -Wno-non-literal-null-conversion -Wno-objc-literal-conversion -Wshorten-64-to-32 -Wpointer-sign -Wno-newline-eof -Wno-implicit-fallthrough -fstrict-aliasing -Wdeprecated-declarations -Wno-sign-conversion -Wno-infinite-recursion -Wno-comma -Wno-block-capture-autoreleasing -Wno-strict-prototypes -Wno-semicolon-before-method-body -index-store-path /Users/j/Documents/GitHub/MoneroOne/build/Index.noindex/DataStore @/Users/j/Documents/GitHub/MoneroOne/build/Build/Intermediates.noindex/swift-crypto.build/Debug-iphonesimulator/CCryptoBoringSSL.build/Objects-normal/arm64/7187679823f38a2a940e0043cdf9d637-common-args.resp -MMD -MT dependencies -MF /Users/j/Documents/GitHub/MoneroOne/build/Build/Intermediates.noindex/swift-crypto.build/Debug-iphonesimulator/CCryptoBoringSSL.build/Objects-normal/arm64/pem_info.d --serialize-diagnostics /Users/j/Documents/GitHub/MoneroOne/build/Build/Intermediates.noindex/swift-crypto.build/Debug-iphonesimulator/CCryptoBoringSSL.build/Objects-normal/arm64/pem_info.dia -c /Users/j/Documents/GitHub/MoneroOne/build/SourcePackages/checkouts/swift-crypto/Sources/CCryptoBoringSSL/crypto/pem/pem_info.c -o /Users/j/Documents/GitHub/MoneroOne/build/Build/Intermediates.noindex/swift-crypto.build/Debug-iphonesimulator/CCryptoBoringSSL.build/Objects-normal/arm64/pem_info.o -index-unit-output-path /swift-crypto.build/Debug-iphonesimulator/CCryptoBoringSSL.build/Objects-normal/arm64/pem_info.o

ScanDependencies /Users/j/Documents/GitHub/MoneroOne/build/Build/Intermediates.noindex/swift-crypto.build/Debug-iphonesimulator/CCryptoBoringSSL.build/Objects-normal/arm64/params.o /Users/j/Documents/GitHub/MoneroOne/build/SourcePackages/checkouts/swift-crypto/Sources/CCryptoBoringSSL/crypto/dh_extra/params.c normal arm64 c com.apple.compilers.llvm.clang.1_0.compiler (in target 'CCryptoBoringSSL' from project 'swift-crypto')
    cd /Users/j/Documents/GitHub/MoneroOne/MoneroOne.xcodeproj
    
    Using response file: /Users/j/Documents/GitHub/MoneroOne/build/Build/Intermediates.noindex/swift-crypto.build/Debug-iphonesimulator/CCryptoBoringSSL.build/Objects-normal/arm64/7187679823f38a2a940e0043cdf9d637-common-args.resp
    
    builtin-ScanDependencies -o /Users/j/Documents/GitHub/MoneroOne/build/Build/Intermediates.noindex/swift-crypto.build/Debug-iphonesimulator/CCryptoBoringSSL.build/Objects-normal/arm64/params.o.scan -- /Applications/Xcode.app/Contents/Developer/Toolchains/XcodeDefault.xctoolchain/usr/bin/clang -x c -ivfsstatcache /Users/j/Documents/GitHub/MoneroOne/build/SDKStatCaches.noindex/iphonesimulator26.1-23B77-90cf18a4295e390e64c810bc6bd7acbc.sdkstatcache -fmessage-length\=0 -fdiagnostics-show-note-include-stack -fmacro-backtrace-limit\=0 -fno-color-diagnostics -fmodules-prune-interval\=86400 -fmodules-prune-after\=345600 -fbuild-session-file\=/Users/j/Documents/GitHub/MoneroOne/build/ModuleCache.noindex/Session.modulevalidation -fmodules-validate-once-per-build-session -Wnon-modular-include-in-framework-module -Werror\=non-modular-include-in-framework-module -Wno-trigraphs -Wno-missing-field-initializers -Wno-missing-prototypes -Wno-return-type -Wno-missing-braces -Wparentheses -Wswitch -Wno-unused-function -Wno-unused-label -Wno-unused-parameter -Wno-unused-variable -Wunused-value -Wno-empty-body -Wno-uninitialized -Wno-unknown-pragmas -w -Wno-shadow -Wno-four-char-constants -Wno-conversion -Wno-constant-conversion -Wno-int-conversion -Wno-bool-conversion -Wno-enum-conversion -Wno-float-conversion -Wno-non-literal-null-conversion -Wno-objc-literal-conversion -Wshorten-64-to-32 -Wpointer-sign -Wno-newline-eof -Wno-implicit-fallthrough -fstrict-aliasing -Wdeprecated-declarations -Wno-sign-conversion -Wno-infinite-recursion -Wno-comma -Wno-block-capture-autoreleasing -Wno-strict-prototypes -Wno-semicolon-before-method-body -index-store-path /Users/j/Documents/GitHub/MoneroOne/build/Index.noindex/DataStore @/Users/j/Documents/GitHub/MoneroOne/build/Build/Intermediates.noindex/swift-crypto.build/Debug-iphonesimulator/CCryptoBoringSSL.build/Objects-normal/arm64/7187679823f38a2a940e0043cdf9d637-common-args.resp -MMD -MT dependencies -MF /Users/j/Documents/GitHub/MoneroOne/build/Build/Intermediates.noindex/swift-crypto.build/Debug-iphonesimulator/CCryptoBoringSSL.build/Objects-normal/arm64/params.d --serialize-diagnostics /Users/j/Documents/GitHub/MoneroOne/build/Build/Intermediates.noindex/swift-crypto.build/Debug-iphonesimulator/CCryptoBoringSSL.build/Objects-normal/arm64/params.dia -c /Users/j/Documents/GitHub/MoneroOne/build/SourcePackages/checkouts/swift-crypto/Sources/CCryptoBoringSSL/crypto/dh_extra/params.c -o /Users/j/Documents/GitHub/MoneroOne/build/Build/Intermediates.noindex/swift-crypto.build/Debug-iphonesimulator/CCryptoBoringSSL.build/Objects-normal/arm64/params.o -index-unit-output-path /swift-crypto.build/Debug-iphonesimulator/CCryptoBoringSSL.build/Objects-normal/arm64/params.o

CompileC /Users/j/Documents/GitHub/MoneroOne/build/Build/Intermediates.noindex/swift-crypto.build/Debug-iphonesimulator/CCryptoBoringSSL.build/Objects-normal/arm64/pem_all.o /Users/j/Documents/GitHub/MoneroOne/build/SourcePackages/checkouts/swift-crypto/Sources/CCryptoBoringSSL/crypto/pem/pem_all.c normal arm64 c com.apple.compilers.llvm.clang.1_0.compiler (in target 'CCryptoBoringSSL' from project 'swift-crypto')
    cd /Users/j/Documents/GitHub/MoneroOne/MoneroOne.xcodeproj
    
    Using response file: /Users/j/Documents/GitHub/MoneroOne/build/Build/Intermediates.noindex/swift-crypto.build/Debug-iphonesimulator/CCryptoBoringSSL.build/Objects-normal/arm64/7187679823f38a2a940e0043cdf9d637-common-args.resp
    
    /Applications/Xcode.app/Contents/Developer/Toolchains/XcodeDefault.xctoolchain/usr/bin/clang -x c -ivfsstatcache /Users/j/Documents/GitHub/MoneroOne/build/SDKStatCaches.noindex/iphonesimulator26.1-23B77-90cf18a4295e390e64c810bc6bd7acbc.sdkstatcache -fmessage-length\=0 -fdiagnostics-show-note-include-stack -fmacro-backtrace-limit\=0 -fno-color-diagnostics -fmodules-prune-interval\=86400 -fmodules-prune-after\=345600 -fbuild-session-file\=/Users/j/Documents/GitHub/MoneroOne/build/ModuleCache.noindex/Session.modulevalidation -fmodules-validate-once-per-build-session -Wnon-modular-include-in-framework-module -Werror\=non-modular-include-in-framework-module -Wno-trigraphs -Wno-missing-field-initializers -Wno-missing-prototypes -Wno-return-type -Wno-missing-braces -Wparentheses -Wswitch -Wno-unused-function -Wno-unused-label -Wno-unused-parameter -Wno-unused-variable -Wunused-value -Wno-empty-body -Wno-uninitialized -Wno-unknown-pragmas -w -Wno-shadow -Wno-four-char-constants -Wno-conversion -Wno-constant-conversion -Wno-int-conversion -Wno-bool-conversion -Wno-enum-conversion -Wno-float-conversion -Wno-non-literal-null-conversion -Wno-objc-literal-conversion -Wshorten-64-to-32 -Wpointer-sign -Wno-newline-eof -Wno-implicit-fallthrough -fstrict-aliasing -Wdeprecated-declarations -Wno-sign-conversion -Wno-infinite-recursion -Wno-comma -Wno-block-capture-autoreleasing -Wno-strict-prototypes -Wno-semicolon-before-method-body -index-store-path /Users/j/Documents/GitHub/MoneroOne/build/Index.noindex/DataStore @/Users/j/Documents/GitHub/MoneroOne/build/Build/Intermediates.noindex/swift-crypto.build/Debug-iphonesimulator/CCryptoBoringSSL.build/Objects-normal/arm64/7187679823f38a2a940e0043cdf9d637-common-args.resp -MMD -MT dependencies -MF /Users/j/Documents/GitHub/MoneroOne/build/Build/Intermediates.noindex/swift-crypto.build/Debug-iphonesimulator/CCryptoBoringSSL.build/Objects-normal/arm64/pem_all.d --serialize-diagnostics /Users/j/Documents/GitHub/MoneroOne/build/Build/Intermediates.noindex/swift-crypto.build/Debug-iphonesimulator/CCryptoBoringSSL.build/Objects-normal/arm64/pem_all.dia -c /Users/j/Documents/GitHub/MoneroOne/build/SourcePackages/checkouts/swift-crypto/Sources/CCryptoBoringSSL/crypto/pem/pem_all.c -o /Users/j/Documents/GitHub/MoneroOne/build/Build/Intermediates.noindex/swift-crypto.build/Debug-iphonesimulator/CCryptoBoringSSL.build/Objects-normal/arm64/pem_all.o -index-unit-output-path /swift-crypto.build/Debug-iphonesimulator/CCryptoBoringSSL.build/Objects-normal/arm64/pem_all.o

CompileC /Users/j/Documents/GitHub/MoneroOne/build/Build/Intermediates.noindex/swift-crypto.build/Debug-iphonesimulator/CCryptoBoringSSL.build/Objects-normal/arm64/pbkdf.o /Users/j/Documents/GitHub/MoneroOne/build/SourcePackages/checkouts/swift-crypto/Sources/CCryptoBoringSSL/crypto/evp/pbkdf.c normal arm64 c com.apple.compilers.llvm.clang.1_0.compiler (in target 'CCryptoBoringSSL' from project 'swift-crypto')
    cd /Users/j/Documents/GitHub/MoneroOne/MoneroOne.xcodeproj
    
    Using response file: /Users/j/Documents/GitHub/MoneroOne/build/Build/Intermediates.noindex/swift-crypto.build/Debug-iphonesimulator/CCryptoBoringSSL.build/Objects-normal/arm64/7187679823f38a2a940e0043cdf9d637-common-args.resp
    
    /Applications/Xcode.app/Contents/Developer/Toolchains/XcodeDefault.xctoolchain/usr/bin/clang -x c -ivfsstatcache /Users/j/Documents/GitHub/MoneroOne/build/SDKStatCaches.noindex/iphonesimulator26.1-23B77-90cf18a4295e390e64c810bc6bd7acbc.sdkstatcache -fmessage-length\=0 -fdiagnostics-show-note-include-stack -fmacro-backtrace-limit\=0 -fno-color-diagnostics -fmodules-prune-interval\=86400 -fmodules-prune-after\=345600 -fbuild-session-file\=/Users/j/Documents/GitHub/MoneroOne/build/ModuleCache.noindex/Session.modulevalidation -fmodules-validate-once-per-build-session -Wnon-modular-include-in-framework-module -Werror\=non-modular-include-in-framework-module -Wno-trigraphs -Wno-missing-field-initializers -Wno-missing-prototypes -Wno-return-type -Wno-missing-braces -Wparentheses -Wswitch -Wno-unused-function -Wno-unused-label -Wno-unused-parameter -Wno-unused-variable -Wunused-value -Wno-empty-body -Wno-uninitialized -Wno-unknown-pragmas -w -Wno-shadow -Wno-four-char-constants -Wno-conversion -Wno-constant-conversion -Wno-int-conversion -Wno-bool-conversion -Wno-enum-conversion -Wno-float-conversion -Wno-non-literal-null-conversion -Wno-objc-literal-conversion -Wshorten-64-to-32 -Wpointer-sign -Wno-newline-eof -Wno-implicit-fallthrough -fstrict-aliasing -Wdeprecated-declarations -Wno-sign-conversion -Wno-infinite-recursion -Wno-comma -Wno-block-capture-autoreleasing -Wno-strict-prototypes -Wno-semicolon-before-method-body -index-store-path /Users/j/Documents/GitHub/MoneroOne/build/Index.noindex/DataStore @/Users/j/Documents/GitHub/MoneroOne/build/Build/Intermediates.noindex/swift-crypto.build/Debug-iphonesimulator/CCryptoBoringSSL.build/Objects-normal/arm64/7187679823f38a2a940e0043cdf9d637-common-args.resp -MMD -MT dependencies -MF /Users/j/Documents/GitHub/MoneroOne/build/Build/Intermediates.noindex/swift-crypto.build/Debug-iphonesimulator/CCryptoBoringSSL.build/Objects-normal/arm64/pbkdf.d --serialize-diagnostics /Users/j/Documents/GitHub/MoneroOne/build/Build/Intermediates.noindex/swift-crypto.build/Debug-iphonesimulator/CCryptoBoringSSL.build/Objects-normal/arm64/pbkdf.dia -c /Users/j/Documents/GitHub/MoneroOne/build/SourcePackages/checkouts/swift-crypto/Sources/CCryptoBoringSSL/crypto/evp/pbkdf.c -o /Users/j/Documents/GitHub/MoneroOne/build/Build/Intermediates.noindex/swift-crypto.build/Debug-iphonesimulator/CCryptoBoringSSL.build/Objects-normal/arm64/pbkdf.o -index-unit-output-path /swift-crypto.build/Debug-iphonesimulator/CCryptoBoringSSL.build/Objects-normal/arm64/pbkdf.o

ScanDependencies /Users/j/Documents/GitHub/MoneroOne/build/Build/Intermediates.noindex/swift-crypto.build/Debug-iphonesimulator/CCryptoBoringSSL.build/Objects-normal/arm64/pair.o /Users/j/Documents/GitHub/MoneroOne/build/SourcePackages/checkouts/swift-crypto/Sources/CCryptoBoringSSL/crypto/bio/pair.c normal arm64 c com.apple.compilers.llvm.clang.1_0.compiler (in target 'CCryptoBoringSSL' from project 'swift-crypto')
    cd /Users/j/Documents/GitHub/MoneroOne/MoneroOne.xcodeproj
    
    Using response file: /Users/j/Documents/GitHub/MoneroOne/build/Build/Intermediates.noindex/swift-crypto.build/Debug-iphonesimulator/CCryptoBoringSSL.build/Objects-normal/arm64/7187679823f38a2a940e0043cdf9d637-common-args.resp
    
    builtin-ScanDependencies -o /Users/j/Documents/GitHub/MoneroOne/build/Build/Intermediates.noindex/swift-crypto.build/Debug-iphonesimulator/CCryptoBoringSSL.build/Objects-normal/arm64/pair.o.scan -- /Applications/Xcode.app/Contents/Developer/Toolchains/XcodeDefault.xctoolchain/usr/bin/clang -x c -ivfsstatcache /Users/j/Documents/GitHub/MoneroOne/build/SDKStatCaches.noindex/iphonesimulator26.1-23B77-90cf18a4295e390e64c810bc6bd7acbc.sdkstatcache -fmessage-length\=0 -fdiagnostics-show-note-include-stack -fmacro-backtrace-limit\=0 -fno-color-diagnostics -fmodules-prune-interval\=86400 -fmodules-prune-after\=345600 -fbuild-session-file\=/Users/j/Documents/GitHub/MoneroOne/build/ModuleCache.noindex/Session.modulevalidation -fmodules-validate-once-per-build-session -Wnon-modular-include-in-framework-module -Werror\=non-modular-include-in-framework-module -Wno-trigraphs -Wno-missing-field-initializers -Wno-missing-prototypes -Wno-return-type -Wno-missing-braces -Wparentheses -Wswitch -Wno-unused-function -Wno-unused-label -Wno-unused-parameter -Wno-unused-variable -Wunused-value -Wno-empty-body -Wno-uninitialized -Wno-unknown-pragmas -w -Wno-shadow -Wno-four-char-constants -Wno-conversion -Wno-constant-conversion -Wno-int-conversion -Wno-bool-conversion -Wno-enum-conversion -Wno-float-conversion -Wno-non-literal-null-conversion -Wno-objc-literal-conversion -Wshorten-64-to-32 -Wpointer-sign -Wno-newline-eof -Wno-implicit-fallthrough -fstrict-aliasing -Wdeprecated-declarations -Wno-sign-conversion -Wno-infinite-recursion -Wno-comma -Wno-block-capture-autoreleasing -Wno-strict-prototypes -Wno-semicolon-before-method-body -index-store-path /Users/j/Documents/GitHub/MoneroOne/build/Index.noindex/DataStore @/Users/j/Documents/GitHub/MoneroOne/build/Build/Intermediates.noindex/swift-crypto.build/Debug-iphonesimulator/CCryptoBoringSSL.build/Objects-normal/arm64/7187679823f38a2a940e0043cdf9d637-common-args.resp -MMD -MT dependencies -MF /Users/j/Documents/GitHub/MoneroOne/build/Build/Intermediates.noindex/swift-crypto.build/Debug-iphonesimulator/CCryptoBoringSSL.build/Objects-normal/arm64/pair.d --serialize-diagnostics /Users/j/Documents/GitHub/MoneroOne/build/Build/Intermediates.noindex/swift-crypto.build/Debug-iphonesimulator/CCryptoBoringSSL.build/Objects-normal/arm64/pair.dia -c /Users/j/Documents/GitHub/MoneroOne/build/SourcePackages/checkouts/swift-crypto/Sources/CCryptoBoringSSL/crypto/bio/pair.c -o /Users/j/Documents/GitHub/MoneroOne/build/Build/Intermediates.noindex/swift-crypto.build/Debug-iphonesimulator/CCryptoBoringSSL.build/Objects-normal/arm64/pair.o -index-unit-output-path /swift-crypto.build/Debug-iphonesimulator/CCryptoBoringSSL.build/Objects-normal/arm64/pair.o

CompileC /Users/j/Documents/GitHub/MoneroOne/build/Build/Intermediates.noindex/swift-crypto.build/Debug-iphonesimulator/CCryptoBoringSSL.build/Objects-normal/arm64/passive.o /Users/j/Documents/GitHub/MoneroOne/build/SourcePackages/checkouts/swift-crypto/Sources/CCryptoBoringSSL/crypto/rand_extra/passive.c normal arm64 c com.apple.compilers.llvm.clang.1_0.compiler (in target 'CCryptoBoringSSL' from project 'swift-crypto')
    cd /Users/j/Documents/GitHub/MoneroOne/MoneroOne.xcodeproj
    
    Using response file: /Users/j/Documents/GitHub/MoneroOne/build/Build/Intermediates.noindex/swift-crypto.build/Debug-iphonesimulator/CCryptoBoringSSL.build/Objects-normal/arm64/7187679823f38a2a940e0043cdf9d637-common-args.resp
    
    /Applications/Xcode.app/Contents/Developer/Toolchains/XcodeDefault.xctoolchain/usr/bin/clang -x c -ivfsstatcache /Users/j/Documents/GitHub/MoneroOne/build/SDKStatCaches.noindex/iphonesimulator26.1-23B77-90cf18a4295e390e64c810bc6bd7acbc.sdkstatcache -fmessage-length\=0 -fdiagnostics-show-note-include-stack -fmacro-backtrace-limit\=0 -fno-color-diagnostics -fmodules-prune-interval\=86400 -fmodules-prune-after\=345600 -fbuild-session-file\=/Users/j/Documents/GitHub/MoneroOne/build/ModuleCache.noindex/Session.modulevalidation -fmodules-validate-once-per-build-session -Wnon-modular-include-in-framework-module -Werror\=non-modular-include-in-framework-module -Wno-trigraphs -Wno-missing-field-initializers -Wno-missing-prototypes -Wno-return-type -Wno-missing-braces -Wparentheses -Wswitch -Wno-unused-function -Wno-unused-label -Wno-unused-parameter -Wno-unused-variable -Wunused-value -Wno-empty-body -Wno-uninitialized -Wno-unknown-pragmas -w -Wno-shadow -Wno-four-char-constants -Wno-conversion -Wno-constant-conversion -Wno-int-conversion -Wno-bool-conversion -Wno-enum-conversion -Wno-float-conversion -Wno-non-literal-null-conversion -Wno-objc-literal-conversion -Wshorten-64-to-32 -Wpointer-sign -Wno-newline-eof -Wno-implicit-fallthrough -fstrict-aliasing -Wdeprecated-declarations -Wno-sign-conversion -Wno-infinite-recursion -Wno-comma -Wno-block-capture-autoreleasing -Wno-strict-prototypes -Wno-semicolon-before-method-body -index-store-path /Users/j/Documents/GitHub/MoneroOne/build/Index.noindex/DataStore @/Users/j/Documents/GitHub/MoneroOne/build/Build/Intermediates.noindex/swift-crypto.build/Debug-iphonesimulator/CCryptoBoringSSL.build/Objects-normal/arm64/7187679823f38a2a940e0043cdf9d637-common-args.resp -MMD -MT dependencies -MF /Users/j/Documents/GitHub/MoneroOne/build/Build/Intermediates.noindex/swift-crypto.build/Debug-iphonesimulator/CCryptoBoringSSL.build/Objects-normal/arm64/passive.d --serialize-diagnostics /Users/j/Documents/GitHub/MoneroOne/build/Build/Intermediates.noindex/swift-crypto.build/Debug-iphonesimulator/CCryptoBoringSSL.build/Objects-normal/arm64/passive.dia -c /Users/j/Documents/GitHub/MoneroOne/build/SourcePackages/checkouts/swift-crypto/Sources/CCryptoBoringSSL/crypto/rand_extra/passive.c -o /Users/j/Documents/GitHub/MoneroOne/build/Build/Intermediates.noindex/swift-crypto.build/Debug-iphonesimulator/CCryptoBoringSSL.build/Objects-normal/arm64/passive.o -index-unit-output-path /swift-crypto.build/Debug-iphonesimulator/CCryptoBoringSSL.build/Objects-normal/arm64/passive.o

CompileC /Users/j/Documents/GitHub/MoneroOne/build/Build/Intermediates.noindex/swift-crypto.build/Debug-iphonesimulator/CCryptoBoringSSL.build/Objects-normal/arm64/params.o /Users/j/Documents/GitHub/MoneroOne/build/SourcePackages/checkouts/swift-crypto/Sources/CCryptoBoringSSL/crypto/dh_extra/params.c normal arm64 c com.apple.compilers.llvm.clang.1_0.compiler (in target 'CCryptoBoringSSL' from project 'swift-crypto')
    cd /Users/j/Documents/GitHub/MoneroOne/MoneroOne.xcodeproj
    
    Using response file: /Users/j/Documents/GitHub/MoneroOne/build/Build/Intermediates.noindex/swift-crypto.build/Debug-iphonesimulator/CCryptoBoringSSL.build/Objects-normal/arm64/7187679823f38a2a940e0043cdf9d637-common-args.resp
    
    /Applications/Xcode.app/Contents/Developer/Toolchains/XcodeDefault.xctoolchain/usr/bin/clang -x c -ivfsstatcache /Users/j/Documents/GitHub/MoneroOne/build/SDKStatCaches.noindex/iphonesimulator26.1-23B77-90cf18a4295e390e64c810bc6bd7acbc.sdkstatcache -fmessage-length\=0 -fdiagnostics-show-note-include-stack -fmacro-backtrace-limit\=0 -fno-color-diagnostics -fmodules-prune-interval\=86400 -fmodules-prune-after\=345600 -fbuild-session-file\=/Users/j/Documents/GitHub/MoneroOne/build/ModuleCache.noindex/Session.modulevalidation -fmodules-validate-once-per-build-session -Wnon-modular-include-in-framework-module -Werror\=non-modular-include-in-framework-module -Wno-trigraphs -Wno-missing-field-initializers -Wno-missing-prototypes -Wno-return-type -Wno-missing-braces -Wparentheses -Wswitch -Wno-unused-function -Wno-unused-label -Wno-unused-parameter -Wno-unused-variable -Wunused-value -Wno-empty-body -Wno-uninitialized -Wno-unknown-pragmas -w -Wno-shadow -Wno-four-char-constants -Wno-conversion -Wno-constant-conversion -Wno-int-conversion -Wno-bool-conversion -Wno-enum-conversion -Wno-float-conversion -Wno-non-literal-null-conversion -Wno-objc-literal-conversion -Wshorten-64-to-32 -Wpointer-sign -Wno-newline-eof -Wno-implicit-fallthrough -fstrict-aliasing -Wdeprecated-declarations -Wno-sign-conversion -Wno-infinite-recursion -Wno-comma -Wno-block-capture-autoreleasing -Wno-strict-prototypes -Wno-semicolon-before-method-body -index-store-path /Users/j/Documents/GitHub/MoneroOne/build/Index.noindex/DataStore @/Users/j/Documents/GitHub/MoneroOne/build/Build/Intermediates.noindex/swift-crypto.build/Debug-iphonesimulator/CCryptoBoringSSL.build/Objects-normal/arm64/7187679823f38a2a940e0043cdf9d637-common-args.resp -MMD -MT dependencies -MF /Users/j/Documents/GitHub/MoneroOne/build/Build/Intermediates.noindex/swift-crypto.build/Debug-iphonesimulator/CCryptoBoringSSL.build/Objects-normal/arm64/params.d --serialize-diagnostics /Users/j/Documents/GitHub/MoneroOne/build/Build/Intermediates.noindex/swift-crypto.build/Debug-iphonesimulator/CCryptoBoringSSL.build/Objects-normal/arm64/params.dia -c /Users/j/Documents/GitHub/MoneroOne/build/SourcePackages/checkouts/swift-crypto/Sources/CCryptoBoringSSL/crypto/dh_extra/params.c -o /Users/j/Documents/GitHub/MoneroOne/build/Build/Intermediates.noindex/swift-crypto.build/Debug-iphonesimulator/CCryptoBoringSSL.build/Objects-normal/arm64/params.o -index-unit-output-path /swift-crypto.build/Debug-iphonesimulator/CCryptoBoringSSL.build/Objects-normal/arm64/params.o

CompileC /Users/j/Documents/GitHub/MoneroOne/build/Build/Intermediates.noindex/swift-crypto.build/Debug-iphonesimulator/CCryptoBoringSSL.build/Objects-normal/arm64/pair.o /Users/j/Documents/GitHub/MoneroOne/build/SourcePackages/checkouts/swift-crypto/Sources/CCryptoBoringSSL/crypto/bio/pair.c normal arm64 c com.apple.compilers.llvm.clang.1_0.compiler (in target 'CCryptoBoringSSL' from project 'swift-crypto')
    cd /Users/j/Documents/GitHub/MoneroOne/MoneroOne.xcodeproj
    
    Using response file: /Users/j/Documents/GitHub/MoneroOne/build/Build/Intermediates.noindex/swift-crypto.build/Debug-iphonesimulator/CCryptoBoringSSL.build/Objects-normal/arm64/7187679823f38a2a940e0043cdf9d637-common-args.resp
    
    /Applications/Xcode.app/Contents/Developer/Toolchains/XcodeDefault.xctoolchain/usr/bin/clang -x c -ivfsstatcache /Users/j/Documents/GitHub/MoneroOne/build/SDKStatCaches.noindex/iphonesimulator26.1-23B77-90cf18a4295e390e64c810bc6bd7acbc.sdkstatcache -fmessage-length\=0 -fdiagnostics-show-note-include-stack -fmacro-backtrace-limit\=0 -fno-color-diagnostics -fmodules-prune-interval\=86400 -fmodules-prune-after\=345600 -fbuild-session-file\=/Users/j/Documents/GitHub/MoneroOne/build/ModuleCache.noindex/Session.modulevalidation -fmodules-validate-once-per-build-session -Wnon-modular-include-in-framework-module -Werror\=non-modular-include-in-framework-module -Wno-trigraphs -Wno-missing-field-initializers -Wno-missing-prototypes -Wno-return-type -Wno-missing-braces -Wparentheses -Wswitch -Wno-unused-function -Wno-unused-label -Wno-unused-parameter -Wno-unused-variable -Wunused-value -Wno-empty-body -Wno-uninitialized -Wno-unknown-pragmas -w -Wno-shadow -Wno-four-char-constants -Wno-conversion -Wno-constant-conversion -Wno-int-conversion -Wno-bool-conversion -Wno-enum-conversion -Wno-float-conversion -Wno-non-literal-null-conversion -Wno-objc-literal-conversion -Wshorten-64-to-32 -Wpointer-sign -Wno-newline-eof -Wno-implicit-fallthrough -fstrict-aliasing -Wdeprecated-declarations -Wno-sign-conversion -Wno-infinite-recursion -Wno-comma -Wno-block-capture-autoreleasing -Wno-strict-prototypes -Wno-semicolon-before-method-body -index-store-path /Users/j/Documents/GitHub/MoneroOne/build/Index.noindex/DataStore @/Users/j/Documents/GitHub/MoneroOne/build/Build/Intermediates.noindex/swift-crypto.build/Debug-iphonesimulator/CCryptoBoringSSL.build/Objects-normal/arm64/7187679823f38a2a940e0043cdf9d637-common-args.resp -MMD -MT dependencies -MF /Users/j/Documents/GitHub/MoneroOne/build/Build/Intermediates.noindex/swift-crypto.build/Debug-iphonesimulator/CCryptoBoringSSL.build/Objects-normal/arm64/pair.d --serialize-diagnostics /Users/j/Documents/GitHub/MoneroOne/build/Build/Intermediates.noindex/swift-crypto.build/Debug-iphonesimulator/CCryptoBoringSSL.build/Objects-normal/arm64/pair.dia -c /Users/j/Documents/GitHub/MoneroOne/build/SourcePackages/checkouts/swift-crypto/Sources/CCryptoBoringSSL/crypto/bio/pair.c -o /Users/j/Documents/GitHub/MoneroOne/build/Build/Intermediates.noindex/swift-crypto.build/Debug-iphonesimulator/CCryptoBoringSSL.build/Objects-normal/arm64/pair.o -index-unit-output-path /swift-crypto.build/Debug-iphonesimulator/CCryptoBoringSSL.build/Objects-normal/arm64/pair.o

ScanDependencies /Users/j/Documents/GitHub/MoneroOne/build/Build/Intermediates.noindex/swift-crypto.build/Debug-iphonesimulator/CCryptoBoringSSL.build/Objects-normal/arm64/padding.o /Users/j/Documents/GitHub/MoneroOne/build/SourcePackages/checkouts/swift-crypto/Sources/CCryptoBoringSSL/crypto/fipsmodule/rsa/padding.c normal arm64 c com.apple.compilers.llvm.clang.1_0.compiler (in target 'CCryptoBoringSSL' from project 'swift-crypto')
    cd /Users/j/Documents/GitHub/MoneroOne/MoneroOne.xcodeproj
    
    Using response file: /Users/j/Documents/GitHub/MoneroOne/build/Build/Intermediates.noindex/swift-crypto.build/Debug-iphonesimulator/CCryptoBoringSSL.build/Objects-normal/arm64/7187679823f38a2a940e0043cdf9d637-common-args.resp
    
    builtin-ScanDependencies -o /Users/j/Documents/GitHub/MoneroOne/build/Build/Intermediates.noindex/swift-crypto.build/Debug-iphonesimulator/CCryptoBoringSSL.build/Objects-normal/arm64/padding.o.scan -- /Applications/Xcode.app/Contents/Developer/Toolchains/XcodeDefault.xctoolchain/usr/bin/clang -x c -ivfsstatcache /Users/j/Documents/GitHub/MoneroOne/build/SDKStatCaches.noindex/iphonesimulator26.1-23B77-90cf18a4295e390e64c810bc6bd7acbc.sdkstatcache -fmessage-length\=0 -fdiagnostics-show-note-include-stack -fmacro-backtrace-limit\=0 -fno-color-diagnostics -fmodules-prune-interval\=86400 -fmodules-prune-after\=345600 -fbuild-session-file\=/Users/j/Documents/GitHub/MoneroOne/build/ModuleCache.noindex/Session.modulevalidation -fmodules-validate-once-per-build-session -Wnon-modular-include-in-framework-module -Werror\=non-modular-include-in-framework-module -Wno-trigraphs -Wno-missing-field-initializers -Wno-missing-prototypes -Wno-return-type -Wno-missing-braces -Wparentheses -Wswitch -Wno-unused-function -Wno-unused-label -Wno-unused-parameter -Wno-unused-variable -Wunused-value -Wno-empty-body -Wno-uninitialized -Wno-unknown-pragmas -w -Wno-shadow -Wno-four-char-constants -Wno-conversion -Wno-constant-conversion -Wno-int-conversion -Wno-bool-conversion -Wno-enum-conversion -Wno-float-conversion -Wno-non-literal-null-conversion -Wno-objc-literal-conversion -Wshorten-64-to-32 -Wpointer-sign -Wno-newline-eof -Wno-implicit-fallthrough -fstrict-aliasing -Wdeprecated-declarations -Wno-sign-conversion -Wno-infinite-recursion -Wno-comma -Wno-block-capture-autoreleasing -Wno-strict-prototypes -Wno-semicolon-before-method-body -index-store-path /Users/j/Documents/GitHub/MoneroOne/build/Index.noindex/DataStore @/Users/j/Documents/GitHub/MoneroOne/build/Build/Intermediates.noindex/swift-crypto.build/Debug-iphonesimulator/CCryptoBoringSSL.build/Objects-normal/arm64/7187679823f38a2a940e0043cdf9d637-common-args.resp -MMD -MT dependencies -MF /Users/j/Documents/GitHub/MoneroOne/build/Build/Intermediates.noindex/swift-crypto.build/Debug-iphonesimulator/CCryptoBoringSSL.build/Objects-normal/arm64/padding.d --serialize-diagnostics /Users/j/Documents/GitHub/MoneroOne/build/Build/Intermediates.noindex/swift-crypto.build/Debug-iphonesimulator/CCryptoBoringSSL.build/Objects-normal/arm64/padding.dia -c /Users/j/Documents/GitHub/MoneroOne/build/SourcePackages/checkouts/swift-crypto/Sources/CCryptoBoringSSL/crypto/fipsmodule/rsa/padding.c -o /Users/j/Documents/GitHub/MoneroOne/build/Build/Intermediates.noindex/swift-crypto.build/Debug-iphonesimulator/CCryptoBoringSSL.build/Objects-normal/arm64/padding.o -index-unit-output-path /swift-crypto.build/Debug-iphonesimulator/CCryptoBoringSSL.build/Objects-normal/arm64/padding.o

ScanDependencies /Users/j/Documents/GitHub/MoneroOne/build/Build/Intermediates.noindex/swift-crypto.build/Debug-iphonesimulator/CCryptoBoringSSL.build/Objects-normal/arm64/p_x25519_asn1.o /Users/j/Documents/GitHub/MoneroOne/build/SourcePackages/checkouts/swift-crypto/Sources/CCryptoBoringSSL/crypto/evp/p_x25519_asn1.c normal arm64 c com.apple.compilers.llvm.clang.1_0.compiler (in target 'CCryptoBoringSSL' from project 'swift-crypto')
    cd /Users/j/Documents/GitHub/MoneroOne/MoneroOne.xcodeproj
    
    Using response file: /Users/j/Documents/GitHub/MoneroOne/build/Build/Intermediates.noindex/swift-crypto.build/Debug-iphonesimulator/CCryptoBoringSSL.build/Objects-normal/arm64/7187679823f38a2a940e0043cdf9d637-common-args.resp
    
    builtin-ScanDependencies -o /Users/j/Documents/GitHub/MoneroOne/build/Build/Intermediates.noindex/swift-crypto.build/Debug-iphonesimulator/CCryptoBoringSSL.build/Objects-normal/arm64/p_x25519_asn1.o.scan -- /Applications/Xcode.app/Contents/Developer/Toolchains/XcodeDefault.xctoolchain/usr/bin/clang -x c -ivfsstatcache /Users/j/Documents/GitHub/MoneroOne/build/SDKStatCaches.noindex/iphonesimulator26.1-23B77-90cf18a4295e390e64c810bc6bd7acbc.sdkstatcache -fmessage-length\=0 -fdiagnostics-show-note-include-stack -fmacro-backtrace-limit\=0 -fno-color-diagnostics -fmodules-prune-interval\=86400 -fmodules-prune-after\=345600 -fbuild-session-file\=/Users/j/Documents/GitHub/MoneroOne/build/ModuleCache.noindex/Session.modulevalidation -fmodules-validate-once-per-build-session -Wnon-modular-include-in-framework-module -Werror\=non-modular-include-in-framework-module -Wno-trigraphs -Wno-missing-field-initializers -Wno-missing-prototypes -Wno-return-type -Wno-missing-braces -Wparentheses -Wswitch -Wno-unused-function -Wno-unused-label -Wno-unused-parameter -Wno-unused-variable -Wunused-value -Wno-empty-body -Wno-uninitialized -Wno-unknown-pragmas -w -Wno-shadow -Wno-four-char-constants -Wno-conversion -Wno-constant-conversion -Wno-int-conversion -Wno-bool-conversion -Wno-enum-conversion -Wno-float-conversion -Wno-non-literal-null-conversion -Wno-objc-literal-conversion -Wshorten-64-to-32 -Wpointer-sign -Wno-newline-eof -Wno-implicit-fallthrough -fstrict-aliasing -Wdeprecated-declarations -Wno-sign-conversion -Wno-infinite-recursion -Wno-comma -Wno-block-capture-autoreleasing -Wno-strict-prototypes -Wno-semicolon-before-method-body -index-store-path /Users/j/Documents/GitHub/MoneroOne/build/Index.noindex/DataStore @/Users/j/Documents/GitHub/MoneroOne/build/Build/Intermediates.noindex/swift-crypto.build/Debug-iphonesimulator/CCryptoBoringSSL.build/Objects-normal/arm64/7187679823f38a2a940e0043cdf9d637-common-args.resp -MMD -MT dependencies -MF /Users/j/Documents/GitHub/MoneroOne/build/Build/Intermediates.noindex/swift-crypto.build/Debug-iphonesimulator/CCryptoBoringSSL.build/Objects-normal/arm64/p_x25519_asn1.d --serialize-diagnostics /Users/j/Documents/GitHub/MoneroOne/build/Build/Intermediates.noindex/swift-crypto.build/Debug-iphonesimulator/CCryptoBoringSSL.build/Objects-normal/arm64/p_x25519_asn1.dia -c /Users/j/Documents/GitHub/MoneroOne/build/SourcePackages/checkouts/swift-crypto/Sources/CCryptoBoringSSL/crypto/evp/p_x25519_asn1.c -o /Users/j/Documents/GitHub/MoneroOne/build/Build/Intermediates.noindex/swift-crypto.build/Debug-iphonesimulator/CCryptoBoringSSL.build/Objects-normal/arm64/p_x25519_asn1.o -index-unit-output-path /swift-crypto.build/Debug-iphonesimulator/CCryptoBoringSSL.build/Objects-normal/arm64/p_x25519_asn1.o

CompileC /Users/j/Documents/GitHub/MoneroOne/build/Build/Intermediates.noindex/swift-crypto.build/Debug-iphonesimulator/CCryptoBoringSSL.build/Objects-normal/arm64/padding.o /Users/j/Documents/GitHub/MoneroOne/build/SourcePackages/checkouts/swift-crypto/Sources/CCryptoBoringSSL/crypto/fipsmodule/rsa/padding.c normal arm64 c com.apple.compilers.llvm.clang.1_0.compiler (in target 'CCryptoBoringSSL' from project 'swift-crypto')
    cd /Users/j/Documents/GitHub/MoneroOne/MoneroOne.xcodeproj
    
    Using response file: /Users/j/Documents/GitHub/MoneroOne/build/Build/Intermediates.noindex/swift-crypto.build/Debug-iphonesimulator/CCryptoBoringSSL.build/Objects-normal/arm64/7187679823f38a2a940e0043cdf9d637-common-args.resp
    
    /Applications/Xcode.app/Contents/Developer/Toolchains/XcodeDefault.xctoolchain/usr/bin/clang -x c -ivfsstatcache /Users/j/Documents/GitHub/MoneroOne/build/SDKStatCaches.noindex/iphonesimulator26.1-23B77-90cf18a4295e390e64c810bc6bd7acbc.sdkstatcache -fmessage-length\=0 -fdiagnostics-show-note-include-stack -fmacro-backtrace-limit\=0 -fno-color-diagnostics -fmodules-prune-interval\=86400 -fmodules-prune-after\=345600 -fbuild-session-file\=/Users/j/Documents/GitHub/MoneroOne/build/ModuleCache.noindex/Session.modulevalidation -fmodules-validate-once-per-build-session -Wnon-modular-include-in-framework-module -Werror\=non-modular-include-in-framework-module -Wno-trigraphs -Wno-missing-field-initializers -Wno-missing-prototypes -Wno-return-type -Wno-missing-braces -Wparentheses -Wswitch -Wno-unused-function -Wno-unused-label -Wno-unused-parameter -Wno-unused-variable -Wunused-value -Wno-empty-body -Wno-uninitialized -Wno-unknown-pragmas -w -Wno-shadow -Wno-four-char-constants -Wno-conversion -Wno-constant-conversion -Wno-int-conversion -Wno-bool-conversion -Wno-enum-conversion -Wno-float-conversion -Wno-non-literal-null-conversion -Wno-objc-literal-conversion -Wshorten-64-to-32 -Wpointer-sign -Wno-newline-eof -Wno-implicit-fallthrough -fstrict-aliasing -Wdeprecated-declarations -Wno-sign-conversion -Wno-infinite-recursion -Wno-comma -Wno-block-capture-autoreleasing -Wno-strict-prototypes -Wno-semicolon-before-method-body -index-store-path /Users/j/Documents/GitHub/MoneroOne/build/Index.noindex/DataStore @/Users/j/Documents/GitHub/MoneroOne/build/Build/Intermediates.noindex/swift-crypto.build/Debug-iphonesimulator/CCryptoBoringSSL.build/Objects-normal/arm64/7187679823f38a2a940e0043cdf9d637-common-args.resp -MMD -MT dependencies -MF /Users/j/Documents/GitHub/MoneroOne/build/Build/Intermediates.noindex/swift-crypto.build/Debug-iphonesimulator/CCryptoBoringSSL.build/Objects-normal/arm64/padding.d --serialize-diagnostics /Users/j/Documents/GitHub/MoneroOne/build/Build/Intermediates.noindex/swift-crypto.build/Debug-iphonesimulator/CCryptoBoringSSL.build/Objects-normal/arm64/padding.dia -c /Users/j/Documents/GitHub/MoneroOne/build/SourcePackages/checkouts/swift-crypto/Sources/CCryptoBoringSSL/crypto/fipsmodule/rsa/padding.c -o /Users/j/Documents/GitHub/MoneroOne/build/Build/Intermediates.noindex/swift-crypto.build/Debug-iphonesimulator/CCryptoBoringSSL.build/Objects-normal/arm64/padding.o -index-unit-output-path /swift-crypto.build/Debug-iphonesimulator/CCryptoBoringSSL.build/Objects-normal/arm64/padding.o

ScanDependencies /Users/j/Documents/GitHub/MoneroOne/build/Build/Intermediates.noindex/swift-crypto.build/Debug-iphonesimulator/CCryptoBoringSSL.build/Objects-normal/arm64/p_x25519.o /Users/j/Documents/GitHub/MoneroOne/build/SourcePackages/checkouts/swift-crypto/Sources/CCryptoBoringSSL/crypto/evp/p_x25519.c normal arm64 c com.apple.compilers.llvm.clang.1_0.compiler (in target 'CCryptoBoringSSL' from project 'swift-crypto')
    cd /Users/j/Documents/GitHub/MoneroOne/MoneroOne.xcodeproj
    
    Using response file: /Users/j/Documents/GitHub/MoneroOne/build/Build/Intermediates.noindex/swift-crypto.build/Debug-iphonesimulator/CCryptoBoringSSL.build/Objects-normal/arm64/7187679823f38a2a940e0043cdf9d637-common-args.resp
    
    builtin-ScanDependencies -o /Users/j/Documents/GitHub/MoneroOne/build/Build/Intermediates.noindex/swift-crypto.build/Debug-iphonesimulator/CCryptoBoringSSL.build/Objects-normal/arm64/p_x25519.o.scan -- /Applications/Xcode.app/Contents/Developer/Toolchains/XcodeDefault.xctoolchain/usr/bin/clang -x c -ivfsstatcache /Users/j/Documents/GitHub/MoneroOne/build/SDKStatCaches.noindex/iphonesimulator26.1-23B77-90cf18a4295e390e64c810bc6bd7acbc.sdkstatcache -fmessage-length\=0 -fdiagnostics-show-note-include-stack -fmacro-backtrace-limit\=0 -fno-color-diagnostics -fmodules-prune-interval\=86400 -fmodules-prune-after\=345600 -fbuild-session-file\=/Users/j/Documents/GitHub/MoneroOne/build/ModuleCache.noindex/Session.modulevalidation -fmodules-validate-once-per-build-session -Wnon-modular-include-in-framework-module -Werror\=non-modular-include-in-framework-module -Wno-trigraphs -Wno-missing-field-initializers -Wno-missing-prototypes -Wno-return-type -Wno-missing-braces -Wparentheses -Wswitch -Wno-unused-function -Wno-unused-label -Wno-unused-parameter -Wno-unused-variable -Wunused-value -Wno-empty-body -Wno-uninitialized -Wno-unknown-pragmas -w -Wno-shadow -Wno-four-char-constants -Wno-conversion -Wno-constant-conversion -Wno-int-conversion -Wno-bool-conversion -Wno-enum-conversion -Wno-float-conversion -Wno-non-literal-null-conversion -Wno-objc-literal-conversion -Wshorten-64-to-32 -Wpointer-sign -Wno-newline-eof -Wno-implicit-fallthrough -fstrict-aliasing -Wdeprecated-declarations -Wno-sign-conversion -Wno-infinite-recursion -Wno-comma -Wno-block-capture-autoreleasing -Wno-strict-prototypes -Wno-semicolon-before-method-body -index-store-path /Users/j/Documents/GitHub/MoneroOne/build/Index.noindex/DataStore @/Users/j/Documents/GitHub/MoneroOne/build/Build/Intermediates.noindex/swift-crypto.build/Debug-iphonesimulator/CCryptoBoringSSL.build/Objects-normal/arm64/7187679823f38a2a940e0043cdf9d637-common-args.resp -MMD -MT dependencies -MF /Users/j/Documents/GitHub/MoneroOne/build/Build/Intermediates.noindex/swift-crypto.build/Debug-iphonesimulator/CCryptoBoringSSL.build/Objects-normal/arm64/p_x25519.d --serialize-diagnostics /Users/j/Documents/GitHub/MoneroOne/build/Build/Intermediates.noindex/swift-crypto.build/Debug-iphonesimulator/CCryptoBoringSSL.build/Objects-normal/arm64/p_x25519.dia -c /Users/j/Documents/GitHub/MoneroOne/build/SourcePackages/checkouts/swift-crypto/Sources/CCryptoBoringSSL/crypto/evp/p_x25519.c -o /Users/j/Documents/GitHub/MoneroOne/build/Build/Intermediates.noindex/swift-crypto.build/Debug-iphonesimulator/CCryptoBoringSSL.build/Objects-normal/arm64/p_x25519.o -index-unit-output-path /swift-crypto.build/Debug-iphonesimulator/CCryptoBoringSSL.build/Objects-normal/arm64/p_x25519.o

ScanDependencies /Users/j/Documents/GitHub/MoneroOne/build/Build/Intermediates.noindex/swift-crypto.build/Debug-iphonesimulator/CCryptoBoringSSL.build/Objects-normal/arm64/p_rsa_asn1.o /Users/j/Documents/GitHub/MoneroOne/build/SourcePackages/checkouts/swift-crypto/Sources/CCryptoBoringSSL/crypto/evp/p_rsa_asn1.c normal arm64 c com.apple.compilers.llvm.clang.1_0.compiler (in target 'CCryptoBoringSSL' from project 'swift-crypto')
    cd /Users/j/Documents/GitHub/MoneroOne/MoneroOne.xcodeproj
    
    Using response file: /Users/j/Documents/GitHub/MoneroOne/build/Build/Intermediates.noindex/swift-crypto.build/Debug-iphonesimulator/CCryptoBoringSSL.build/Objects-normal/arm64/7187679823f38a2a940e0043cdf9d637-common-args.resp
    
    builtin-ScanDependencies -o /Users/j/Documents/GitHub/MoneroOne/build/Build/Intermediates.noindex/swift-crypto.build/Debug-iphonesimulator/CCryptoBoringSSL.build/Objects-normal/arm64/p_rsa_asn1.o.scan -- /Applications/Xcode.app/Contents/Developer/Toolchains/XcodeDefault.xctoolchain/usr/bin/clang -x c -ivfsstatcache /Users/j/Documents/GitHub/MoneroOne/build/SDKStatCaches.noindex/iphonesimulator26.1-23B77-90cf18a4295e390e64c810bc6bd7acbc.sdkstatcache -fmessage-length\=0 -fdiagnostics-show-note-include-stack -fmacro-backtrace-limit\=0 -fno-color-diagnostics -fmodules-prune-interval\=86400 -fmodules-prune-after\=345600 -fbuild-session-file\=/Users/j/Documents/GitHub/MoneroOne/build/ModuleCache.noindex/Session.modulevalidation -fmodules-validate-once-per-build-session -Wnon-modular-include-in-framework-module -Werror\=non-modular-include-in-framework-module -Wno-trigraphs -Wno-missing-field-initializers -Wno-missing-prototypes -Wno-return-type -Wno-missing-braces -Wparentheses -Wswitch -Wno-unused-function -Wno-unused-label -Wno-unused-parameter -Wno-unused-variable -Wunused-value -Wno-empty-body -Wno-uninitialized -Wno-unknown-pragmas -w -Wno-shadow -Wno-four-char-constants -Wno-conversion -Wno-constant-conversion -Wno-int-conversion -Wno-bool-conversion -Wno-enum-conversion -Wno-float-conversion -Wno-non-literal-null-conversion -Wno-objc-literal-conversion -Wshorten-64-to-32 -Wpointer-sign -Wno-newline-eof -Wno-implicit-fallthrough -fstrict-aliasing -Wdeprecated-declarations -Wno-sign-conversion -Wno-infinite-recursion -Wno-comma -Wno-block-capture-autoreleasing -Wno-strict-prototypes -Wno-semicolon-before-method-body -index-store-path /Users/j/Documents/GitHub/MoneroOne/build/Index.noindex/DataStore @/Users/j/Documents/GitHub/MoneroOne/build/Build/Intermediates.noindex/swift-crypto.build/Debug-iphonesimulator/CCryptoBoringSSL.build/Objects-normal/arm64/7187679823f38a2a940e0043cdf9d637-common-args.resp -MMD -MT dependencies -MF /Users/j/Documents/GitHub/MoneroOne/build/Build/Intermediates.noindex/swift-crypto.build/Debug-iphonesimulator/CCryptoBoringSSL.build/Objects-normal/arm64/p_rsa_asn1.d --serialize-diagnostics /Users/j/Documents/GitHub/MoneroOne/build/Build/Intermediates.noindex/swift-crypto.build/Debug-iphonesimulator/CCryptoBoringSSL.build/Objects-normal/arm64/p_rsa_asn1.dia -c /Users/j/Documents/GitHub/MoneroOne/build/SourcePackages/checkouts/swift-crypto/Sources/CCryptoBoringSSL/crypto/evp/p_rsa_asn1.c -o /Users/j/Documents/GitHub/MoneroOne/build/Build/Intermediates.noindex/swift-crypto.build/Debug-iphonesimulator/CCryptoBoringSSL.build/Objects-normal/arm64/p_rsa_asn1.o -index-unit-output-path /swift-crypto.build/Debug-iphonesimulator/CCryptoBoringSSL.build/Objects-normal/arm64/p_rsa_asn1.o

ScanDependencies /Users/j/Documents/GitHub/MoneroOne/build/Build/Intermediates.noindex/swift-crypto.build/Debug-iphonesimulator/CCryptoBoringSSL.build/Objects-normal/arm64/p_rsa.o /Users/j/Documents/GitHub/MoneroOne/build/SourcePackages/checkouts/swift-crypto/Sources/CCryptoBoringSSL/crypto/evp/p_rsa.c normal arm64 c com.apple.compilers.llvm.clang.1_0.compiler (in target 'CCryptoBoringSSL' from project 'swift-crypto')
    cd /Users/j/Documents/GitHub/MoneroOne/MoneroOne.xcodeproj
    
    Using response file: /Users/j/Documents/GitHub/MoneroOne/build/Build/Intermediates.noindex/swift-crypto.build/Debug-iphonesimulator/CCryptoBoringSSL.build/Objects-normal/arm64/7187679823f38a2a940e0043cdf9d637-common-args.resp
    
    builtin-ScanDependencies -o /Users/j/Documents/GitHub/MoneroOne/build/Build/Intermediates.noindex/swift-crypto.build/Debug-iphonesimulator/CCryptoBoringSSL.build/Objects-normal/arm64/p_rsa.o.scan -- /Applications/Xcode.app/Contents/Developer/Toolchains/XcodeDefault.xctoolchain/usr/bin/clang -x c -ivfsstatcache /Users/j/Documents/GitHub/MoneroOne/build/SDKStatCaches.noindex/iphonesimulator26.1-23B77-90cf18a4295e390e64c810bc6bd7acbc.sdkstatcache -fmessage-length\=0 -fdiagnostics-show-note-include-stack -fmacro-backtrace-limit\=0 -fno-color-diagnostics -fmodules-prune-interval\=86400 -fmodules-prune-after\=345600 -fbuild-session-file\=/Users/j/Documents/GitHub/MoneroOne/build/ModuleCache.noindex/Session.modulevalidation -fmodules-validate-once-per-build-session -Wnon-modular-include-in-framework-module -Werror\=non-modular-include-in-framework-module -Wno-trigraphs -Wno-missing-field-initializers -Wno-missing-prototypes -Wno-return-type -Wno-missing-braces -Wparentheses -Wswitch -Wno-unused-function -Wno-unused-label -Wno-unused-parameter -Wno-unused-variable -Wunused-value -Wno-empty-body -Wno-uninitialized -Wno-unknown-pragmas -w -Wno-shadow -Wno-four-char-constants -Wno-conversion -Wno-constant-conversion -Wno-int-conversion -Wno-bool-conversion -Wno-enum-conversion -Wno-float-conversion -Wno-non-literal-null-conversion -Wno-objc-literal-conversion -Wshorten-64-to-32 -Wpointer-sign -Wno-newline-eof -Wno-implicit-fallthrough -fstrict-aliasing -Wdeprecated-declarations -Wno-sign-conversion -Wno-infinite-recursion -Wno-comma -Wno-block-capture-autoreleasing -Wno-strict-prototypes -Wno-semicolon-before-method-body -index-store-path /Users/j/Documents/GitHub/MoneroOne/build/Index.noindex/DataStore @/Users/j/Documents/GitHub/MoneroOne/build/Build/Intermediates.noindex/swift-crypto.build/Debug-iphonesimulator/CCryptoBoringSSL.build/Objects-normal/arm64/7187679823f38a2a940e0043cdf9d637-common-args.resp -MMD -MT dependencies -MF /Users/j/Documents/GitHub/MoneroOne/build/Build/Intermediates.noindex/swift-crypto.build/Debug-iphonesimulator/CCryptoBoringSSL.build/Objects-normal/arm64/p_rsa.d --serialize-diagnostics /Users/j/Documents/GitHub/MoneroOne/build/Build/Intermediates.noindex/swift-crypto.build/Debug-iphonesimulator/CCryptoBoringSSL.build/Objects-normal/arm64/p_rsa.dia -c /Users/j/Documents/GitHub/MoneroOne/build/SourcePackages/checkouts/swift-crypto/Sources/CCryptoBoringSSL/crypto/evp/p_rsa.c -o /Users/j/Documents/GitHub/MoneroOne/build/Build/Intermediates.noindex/swift-crypto.build/Debug-iphonesimulator/CCryptoBoringSSL.build/Objects-normal/arm64/p_rsa.o -index-unit-output-path /swift-crypto.build/Debug-iphonesimulator/CCryptoBoringSSL.build/Objects-normal/arm64/p_rsa.o

ScanDependencies /Users/j/Documents/GitHub/MoneroOne/build/Build/Intermediates.noindex/swift-crypto.build/Debug-iphonesimulator/CCryptoBoringSSL.build/Objects-normal/arm64/p_hkdf.o /Users/j/Documents/GitHub/MoneroOne/build/SourcePackages/checkouts/swift-crypto/Sources/CCryptoBoringSSL/crypto/evp/p_hkdf.c normal arm64 c com.apple.compilers.llvm.clang.1_0.compiler (in target 'CCryptoBoringSSL' from project 'swift-crypto')
    cd /Users/j/Documents/GitHub/MoneroOne/MoneroOne.xcodeproj
    
    Using response file: /Users/j/Documents/GitHub/MoneroOne/build/Build/Intermediates.noindex/swift-crypto.build/Debug-iphonesimulator/CCryptoBoringSSL.build/Objects-normal/arm64/7187679823f38a2a940e0043cdf9d637-common-args.resp
    
    builtin-ScanDependencies -o /Users/j/Documents/GitHub/MoneroOne/build/Build/Intermediates.noindex/swift-crypto.build/Debug-iphonesimulator/CCryptoBoringSSL.build/Objects-normal/arm64/p_hkdf.o.scan -- /Applications/Xcode.app/Contents/Developer/Toolchains/XcodeDefault.xctoolchain/usr/bin/clang -x c -ivfsstatcache /Users/j/Documents/GitHub/MoneroOne/build/SDKStatCaches.noindex/iphonesimulator26.1-23B77-90cf18a4295e390e64c810bc6bd7acbc.sdkstatcache -fmessage-length\=0 -fdiagnostics-show-note-include-stack -fmacro-backtrace-limit\=0 -fno-color-diagnostics -fmodules-prune-interval\=86400 -fmodules-prune-after\=345600 -fbuild-session-file\=/Users/j/Documents/GitHub/MoneroOne/build/ModuleCache.noindex/Session.modulevalidation -fmodules-validate-once-per-build-session -Wnon-modular-include-in-framework-module -Werror\=non-modular-include-in-framework-module -Wno-trigraphs -Wno-missing-field-initializers -Wno-missing-prototypes -Wno-return-type -Wno-missing-braces -Wparentheses -Wswitch -Wno-unused-function -Wno-unused-label -Wno-unused-parameter -Wno-unused-variable -Wunused-value -Wno-empty-body -Wno-uninitialized -Wno-unknown-pragmas -w -Wno-shadow -Wno-four-char-constants -Wno-conversion -Wno-constant-conversion -Wno-int-conversion -Wno-bool-conversion -Wno-enum-conversion -Wno-float-conversion -Wno-non-literal-null-conversion -Wno-objc-literal-conversion -Wshorten-64-to-32 -Wpointer-sign -Wno-newline-eof -Wno-implicit-fallthrough -fstrict-aliasing -Wdeprecated-declarations -Wno-sign-conversion -Wno-infinite-recursion -Wno-comma -Wno-block-capture-autoreleasing -Wno-strict-prototypes -Wno-semicolon-before-method-body -index-store-path /Users/j/Documents/GitHub/MoneroOne/build/Index.noindex/DataStore @/Users/j/Documents/GitHub/MoneroOne/build/Build/Intermediates.noindex/swift-crypto.build/Debug-iphonesimulator/CCryptoBoringSSL.build/Objects-normal/arm64/7187679823f38a2a940e0043cdf9d637-common-args.resp -MMD -MT dependencies -MF /Users/j/Documents/GitHub/MoneroOne/build/Build/Intermediates.noindex/swift-crypto.build/Debug-iphonesimulator/CCryptoBoringSSL.build/Objects-normal/arm64/p_hkdf.d --serialize-diagnostics /Users/j/Documents/GitHub/MoneroOne/build/Build/Intermediates.noindex/swift-crypto.build/Debug-iphonesimulator/CCryptoBoringSSL.build/Objects-normal/arm64/p_hkdf.dia -c /Users/j/Documents/GitHub/MoneroOne/build/SourcePackages/checkouts/swift-crypto/Sources/CCryptoBoringSSL/crypto/evp/p_hkdf.c -o /Users/j/Documents/GitHub/MoneroOne/build/Build/Intermediates.noindex/swift-crypto.build/Debug-iphonesimulator/CCryptoBoringSSL.build/Objects-normal/arm64/p_hkdf.o -index-unit-output-path /swift-crypto.build/Debug-iphonesimulator/CCryptoBoringSSL.build/Objects-normal/arm64/p_hkdf.o

SwiftDriverJobDiscovery normal arm64 Compiling SQLQueryGenerator.swift, SQLTableAlterationGenerator.swift, SQLTableGenerator.swift, SQLInterpolation+QueryInterface.swift, ColumnDefinition.swift, Database+SchemaDefinition.swift, ForeignKeyDefinition.swift, IndexDefinition.swift, TableAlteration.swift, TableDefinition.swift, VirtualTableModule.swift, TableRecord+Association.swift, TableRecord+QueryInterfaceRequest.swift, EncodableRecord+Encodable.swift (in target 'GRDB' from project 'GRDB')

ScanDependencies /Users/j/Documents/GitHub/MoneroOne/build/Build/Intermediates.noindex/swift-crypto.build/Debug-iphonesimulator/CCryptoBoringSSL.build/Objects-normal/arm64/p_ed25519_asn1.o /Users/j/Documents/GitHub/MoneroOne/build/SourcePackages/checkouts/swift-crypto/Sources/CCryptoBoringSSL/crypto/evp/p_ed25519_asn1.c normal arm64 c com.apple.compilers.llvm.clang.1_0.compiler (in target 'CCryptoBoringSSL' from project 'swift-crypto')
    cd /Users/j/Documents/GitHub/MoneroOne/MoneroOne.xcodeproj
    
    Using response file: /Users/j/Documents/GitHub/MoneroOne/build/Build/Intermediates.noindex/swift-crypto.build/Debug-iphonesimulator/CCryptoBoringSSL.build/Objects-normal/arm64/7187679823f38a2a940e0043cdf9d637-common-args.resp
    
    builtin-ScanDependencies -o /Users/j/Documents/GitHub/MoneroOne/build/Build/Intermediates.noindex/swift-crypto.build/Debug-iphonesimulator/CCryptoBoringSSL.build/Objects-normal/arm64/p_ed25519_asn1.o.scan -- /Applications/Xcode.app/Contents/Developer/Toolchains/XcodeDefault.xctoolchain/usr/bin/clang -x c -ivfsstatcache /Users/j/Documents/GitHub/MoneroOne/build/SDKStatCaches.noindex/iphonesimulator26.1-23B77-90cf18a4295e390e64c810bc6bd7acbc.sdkstatcache -fmessage-length\=0 -fdiagnostics-show-note-include-stack -fmacro-backtrace-limit\=0 -fno-color-diagnostics -fmodules-prune-interval\=86400 -fmodules-prune-after\=345600 -fbuild-session-file\=/Users/j/Documents/GitHub/MoneroOne/build/ModuleCache.noindex/Session.modulevalidation -fmodules-validate-once-per-build-session -Wnon-modular-include-in-framework-module -Werror\=non-modular-include-in-framework-module -Wno-trigraphs -Wno-missing-field-initializers -Wno-missing-prototypes -Wno-return-type -Wno-missing-braces -Wparentheses -Wswitch -Wno-unused-function -Wno-unused-label -Wno-unused-parameter -Wno-unused-variable -Wunused-value -Wno-empty-body -Wno-uninitialized -Wno-unknown-pragmas -w -Wno-shadow -Wno-four-char-constants -Wno-conversion -Wno-constant-conversion -Wno-int-conversion -Wno-bool-conversion -Wno-enum-conversion -Wno-float-conversion -Wno-non-literal-null-conversion -Wno-objc-literal-conversion -Wshorten-64-to-32 -Wpointer-sign -Wno-newline-eof -Wno-implicit-fallthrough -fstrict-aliasing -Wdeprecated-declarations -Wno-sign-conversion -Wno-infinite-recursion -Wno-comma -Wno-block-capture-autoreleasing -Wno-strict-prototypes -Wno-semicolon-before-method-body -index-store-path /Users/j/Documents/GitHub/MoneroOne/build/Index.noindex/DataStore @/Users/j/Documents/GitHub/MoneroOne/build/Build/Intermediates.noindex/swift-crypto.build/Debug-iphonesimulator/CCryptoBoringSSL.build/Objects-normal/arm64/7187679823f38a2a940e0043cdf9d637-common-args.resp -MMD -MT dependencies -MF /Users/j/Documents/GitHub/MoneroOne/build/Build/Intermediates.noindex/swift-crypto.build/Debug-iphonesimulator/CCryptoBoringSSL.build/Objects-normal/arm64/p_ed25519_asn1.d --serialize-diagnostics /Users/j/Documents/GitHub/MoneroOne/build/Build/Intermediates.noindex/swift-crypto.build/Debug-iphonesimulator/CCryptoBoringSSL.build/Objects-normal/arm64/p_ed25519_asn1.dia -c /Users/j/Documents/GitHub/MoneroOne/build/SourcePackages/checkouts/swift-crypto/Sources/CCryptoBoringSSL/crypto/evp/p_ed25519_asn1.c -o /Users/j/Documents/GitHub/MoneroOne/build/Build/Intermediates.noindex/swift-crypto.build/Debug-iphonesimulator/CCryptoBoringSSL.build/Objects-normal/arm64/p_ed25519_asn1.o -index-unit-output-path /swift-crypto.build/Debug-iphonesimulator/CCryptoBoringSSL.build/Objects-normal/arm64/p_ed25519_asn1.o

ScanDependencies /Users/j/Documents/GitHub/MoneroOne/build/Build/Intermediates.noindex/swift-crypto.build/Debug-iphonesimulator/CCryptoBoringSSL.build/Objects-normal/arm64/p_ed25519.o /Users/j/Documents/GitHub/MoneroOne/build/SourcePackages/checkouts/swift-crypto/Sources/CCryptoBoringSSL/crypto/evp/p_ed25519.c normal arm64 c com.apple.compilers.llvm.clang.1_0.compiler (in target 'CCryptoBoringSSL' from project 'swift-crypto')
    cd /Users/j/Documents/GitHub/MoneroOne/MoneroOne.xcodeproj
    
    Using response file: /Users/j/Documents/GitHub/MoneroOne/build/Build/Intermediates.noindex/swift-crypto.build/Debug-iphonesimulator/CCryptoBoringSSL.build/Objects-normal/arm64/7187679823f38a2a940e0043cdf9d637-common-args.resp
    
    builtin-ScanDependencies -o /Users/j/Documents/GitHub/MoneroOne/build/Build/Intermediates.noindex/swift-crypto.build/Debug-iphonesimulator/CCryptoBoringSSL.build/Objects-normal/arm64/p_ed25519.o.scan -- /Applications/Xcode.app/Contents/Developer/Toolchains/XcodeDefault.xctoolchain/usr/bin/clang -x c -ivfsstatcache /Users/j/Documents/GitHub/MoneroOne/build/SDKStatCaches.noindex/iphonesimulator26.1-23B77-90cf18a4295e390e64c810bc6bd7acbc.sdkstatcache -fmessage-length\=0 -fdiagnostics-show-note-include-stack -fmacro-backtrace-limit\=0 -fno-color-diagnostics -fmodules-prune-interval\=86400 -fmodules-prune-after\=345600 -fbuild-session-file\=/Users/j/Documents/GitHub/MoneroOne/build/ModuleCache.noindex/Session.modulevalidation -fmodules-validate-once-per-build-session -Wnon-modular-include-in-framework-module -Werror\=non-modular-include-in-framework-module -Wno-trigraphs -Wno-missing-field-initializers -Wno-missing-prototypes -Wno-return-type -Wno-missing-braces -Wparentheses -Wswitch -Wno-unused-function -Wno-unused-label -Wno-unused-parameter -Wno-unused-variable -Wunused-value -Wno-empty-body -Wno-uninitialized -Wno-unknown-pragmas -w -Wno-shadow -Wno-four-char-constants -Wno-conversion -Wno-constant-conversion -Wno-int-conversion -Wno-bool-conversion -Wno-enum-conversion -Wno-float-conversion -Wno-non-literal-null-conversion -Wno-objc-literal-conversion -Wshorten-64-to-32 -Wpointer-sign -Wno-newline-eof -Wno-implicit-fallthrough -fstrict-aliasing -Wdeprecated-declarations -Wno-sign-conversion -Wno-infinite-recursion -Wno-comma -Wno-block-capture-autoreleasing -Wno-strict-prototypes -Wno-semicolon-before-method-body -index-store-path /Users/j/Documents/GitHub/MoneroOne/build/Index.noindex/DataStore @/Users/j/Documents/GitHub/MoneroOne/build/Build/Intermediates.noindex/swift-crypto.build/Debug-iphonesimulator/CCryptoBoringSSL.build/Objects-normal/arm64/7187679823f38a2a940e0043cdf9d637-common-args.resp -MMD -MT dependencies -MF /Users/j/Documents/GitHub/MoneroOne/build/Build/Intermediates.noindex/swift-crypto.build/Debug-iphonesimulator/CCryptoBoringSSL.build/Objects-normal/arm64/p_ed25519.d --serialize-diagnostics /Users/j/Documents/GitHub/MoneroOne/build/Build/Intermediates.noindex/swift-crypto.build/Debug-iphonesimulator/CCryptoBoringSSL.build/Objects-normal/arm64/p_ed25519.dia -c /Users/j/Documents/GitHub/MoneroOne/build/SourcePackages/checkouts/swift-crypto/Sources/CCryptoBoringSSL/crypto/evp/p_ed25519.c -o /Users/j/Documents/GitHub/MoneroOne/build/Build/Intermediates.noindex/swift-crypto.build/Debug-iphonesimulator/CCryptoBoringSSL.build/Objects-normal/arm64/p_ed25519.o -index-unit-output-path /swift-crypto.build/Debug-iphonesimulator/CCryptoBoringSSL.build/Objects-normal/arm64/p_ed25519.o

ScanDependencies /Users/j/Documents/GitHub/MoneroOne/build/Build/Intermediates.noindex/swift-crypto.build/Debug-iphonesimulator/CCryptoBoringSSL.build/Objects-normal/arm64/p_ec_asn1.o /Users/j/Documents/GitHub/MoneroOne/build/SourcePackages/checkouts/swift-crypto/Sources/CCryptoBoringSSL/crypto/evp/p_ec_asn1.c normal arm64 c com.apple.compilers.llvm.clang.1_0.compiler (in target 'CCryptoBoringSSL' from project 'swift-crypto')
    cd /Users/j/Documents/GitHub/MoneroOne/MoneroOne.xcodeproj
    
    Using response file: /Users/j/Documents/GitHub/MoneroOne/build/Build/Intermediates.noindex/swift-crypto.build/Debug-iphonesimulator/CCryptoBoringSSL.build/Objects-normal/arm64/7187679823f38a2a940e0043cdf9d637-common-args.resp
    
    builtin-ScanDependencies -o /Users/j/Documents/GitHub/MoneroOne/build/Build/Intermediates.noindex/swift-crypto.build/Debug-iphonesimulator/CCryptoBoringSSL.build/Objects-normal/arm64/p_ec_asn1.o.scan -- /Applications/Xcode.app/Contents/Developer/Toolchains/XcodeDefault.xctoolchain/usr/bin/clang -x c -ivfsstatcache /Users/j/Documents/GitHub/MoneroOne/build/SDKStatCaches.noindex/iphonesimulator26.1-23B77-90cf18a4295e390e64c810bc6bd7acbc.sdkstatcache -fmessage-length\=0 -fdiagnostics-show-note-include-stack -fmacro-backtrace-limit\=0 -fno-color-diagnostics -fmodules-prune-interval\=86400 -fmodules-prune-after\=345600 -fbuild-session-file\=/Users/j/Documents/GitHub/MoneroOne/build/ModuleCache.noindex/Session.modulevalidation -fmodules-validate-once-per-build-session -Wnon-modular-include-in-framework-module -Werror\=non-modular-include-in-framework-module -Wno-trigraphs -Wno-missing-field-initializers -Wno-missing-prototypes -Wno-return-type -Wno-missing-braces -Wparentheses -Wswitch -Wno-unused-function -Wno-unused-label -Wno-unused-parameter -Wno-unused-variable -Wunused-value -Wno-empty-body -Wno-uninitialized -Wno-unknown-pragmas -w -Wno-shadow -Wno-four-char-constants -Wno-conversion -Wno-constant-conversion -Wno-int-conversion -Wno-bool-conversion -Wno-enum-conversion -Wno-float-conversion -Wno-non-literal-null-conversion -Wno-objc-literal-conversion -Wshorten-64-to-32 -Wpointer-sign -Wno-newline-eof -Wno-implicit-fallthrough -fstrict-aliasing -Wdeprecated-declarations -Wno-sign-conversion -Wno-infinite-recursion -Wno-comma -Wno-block-capture-autoreleasing -Wno-strict-prototypes -Wno-semicolon-before-method-body -index-store-path /Users/j/Documents/GitHub/MoneroOne/build/Index.noindex/DataStore @/Users/j/Documents/GitHub/MoneroOne/build/Build/Intermediates.noindex/swift-crypto.build/Debug-iphonesimulator/CCryptoBoringSSL.build/Objects-normal/arm64/7187679823f38a2a940e0043cdf9d637-common-args.resp -MMD -MT dependencies -MF /Users/j/Documents/GitHub/MoneroOne/build/Build/Intermediates.noindex/swift-crypto.build/Debug-iphonesimulator/CCryptoBoringSSL.build/Objects-normal/arm64/p_ec_asn1.d --serialize-diagnostics /Users/j/Documents/GitHub/MoneroOne/build/Build/Intermediates.noindex/swift-crypto.build/Debug-iphonesimulator/CCryptoBoringSSL.build/Objects-normal/arm64/p_ec_asn1.dia -c /Users/j/Documents/GitHub/MoneroOne/build/SourcePackages/checkouts/swift-crypto/Sources/CCryptoBoringSSL/crypto/evp/p_ec_asn1.c -o /Users/j/Documents/GitHub/MoneroOne/build/Build/Intermediates.noindex/swift-crypto.build/Debug-iphonesimulator/CCryptoBoringSSL.build/Objects-normal/arm64/p_ec_asn1.o -index-unit-output-path /swift-crypto.build/Debug-iphonesimulator/CCryptoBoringSSL.build/Objects-normal/arm64/p_ec_asn1.o

ScanDependencies /Users/j/Documents/GitHub/MoneroOne/build/Build/Intermediates.noindex/swift-crypto.build/Debug-iphonesimulator/CCryptoBoringSSL.build/Objects-normal/arm64/p_ec.o /Users/j/Documents/GitHub/MoneroOne/build/SourcePackages/checkouts/swift-crypto/Sources/CCryptoBoringSSL/crypto/evp/p_ec.c normal arm64 c com.apple.compilers.llvm.clang.1_0.compiler (in target 'CCryptoBoringSSL' from project 'swift-crypto')
    cd /Users/j/Documents/GitHub/MoneroOne/MoneroOne.xcodeproj
    
    Using response file: /Users/j/Documents/GitHub/MoneroOne/build/Build/Intermediates.noindex/swift-crypto.build/Debug-iphonesimulator/CCryptoBoringSSL.build/Objects-normal/arm64/7187679823f38a2a940e0043cdf9d637-common-args.resp
    
    builtin-ScanDependencies -o /Users/j/Documents/GitHub/MoneroOne/build/Build/Intermediates.noindex/swift-crypto.build/Debug-iphonesimulator/CCryptoBoringSSL.build/Objects-normal/arm64/p_ec.o.scan -- /Applications/Xcode.app/Contents/Developer/Toolchains/XcodeDefault.xctoolchain/usr/bin/clang -x c -ivfsstatcache /Users/j/Documents/GitHub/MoneroOne/build/SDKStatCaches.noindex/iphonesimulator26.1-23B77-90cf18a4295e390e64c810bc6bd7acbc.sdkstatcache -fmessage-length\=0 -fdiagnostics-show-note-include-stack -fmacro-backtrace-limit\=0 -fno-color-diagnostics -fmodules-prune-interval\=86400 -fmodules-prune-after\=345600 -fbuild-session-file\=/Users/j/Documents/GitHub/MoneroOne/build/ModuleCache.noindex/Session.modulevalidation -fmodules-validate-once-per-build-session -Wnon-modular-include-in-framework-module -Werror\=non-modular-include-in-framework-module -Wno-trigraphs -Wno-missing-field-initializers -Wno-missing-prototypes -Wno-return-type -Wno-missing-braces -Wparentheses -Wswitch -Wno-unused-function -Wno-unused-label -Wno-unused-parameter -Wno-unused-variable -Wunused-value -Wno-empty-body -Wno-uninitialized -Wno-unknown-pragmas -w -Wno-shadow -Wno-four-char-constants -Wno-conversion -Wno-constant-conversion -Wno-int-conversion -Wno-bool-conversion -Wno-enum-conversion -Wno-float-conversion -Wno-non-literal-null-conversion -Wno-objc-literal-conversion -Wshorten-64-to-32 -Wpointer-sign -Wno-newline-eof -Wno-implicit-fallthrough -fstrict-aliasing -Wdeprecated-declarations -Wno-sign-conversion -Wno-infinite-recursion -Wno-comma -Wno-block-capture-autoreleasing -Wno-strict-prototypes -Wno-semicolon-before-method-body -index-store-path /Users/j/Documents/GitHub/MoneroOne/build/Index.noindex/DataStore @/Users/j/Documents/GitHub/MoneroOne/build/Build/Intermediates.noindex/swift-crypto.build/Debug-iphonesimulator/CCryptoBoringSSL.build/Objects-normal/arm64/7187679823f38a2a940e0043cdf9d637-common-args.resp -MMD -MT dependencies -MF /Users/j/Documents/GitHub/MoneroOne/build/Build/Intermediates.noindex/swift-crypto.build/Debug-iphonesimulator/CCryptoBoringSSL.build/Objects-normal/arm64/p_ec.d --serialize-diagnostics /Users/j/Documents/GitHub/MoneroOne/build/Build/Intermediates.noindex/swift-crypto.build/Debug-iphonesimulator/CCryptoBoringSSL.build/Objects-normal/arm64/p_ec.dia -c /Users/j/Documents/GitHub/MoneroOne/build/SourcePackages/checkouts/swift-crypto/Sources/CCryptoBoringSSL/crypto/evp/p_ec.c -o /Users/j/Documents/GitHub/MoneroOne/build/Build/Intermediates.noindex/swift-crypto.build/Debug-iphonesimulator/CCryptoBoringSSL.build/Objects-normal/arm64/p_ec.o -index-unit-output-path /swift-crypto.build/Debug-iphonesimulator/CCryptoBoringSSL.build/Objects-normal/arm64/p_ec.o

ScanDependencies /Users/j/Documents/GitHub/MoneroOne/build/Build/Intermediates.noindex/swift-crypto.build/Debug-iphonesimulator/CCryptoBoringSSL.build/Objects-normal/arm64/p_dsa_asn1.o /Users/j/Documents/GitHub/MoneroOne/build/SourcePackages/checkouts/swift-crypto/Sources/CCryptoBoringSSL/crypto/evp/p_dsa_asn1.c normal arm64 c com.apple.compilers.llvm.clang.1_0.compiler (in target 'CCryptoBoringSSL' from project 'swift-crypto')
    cd /Users/j/Documents/GitHub/MoneroOne/MoneroOne.xcodeproj
    
    Using response file: /Users/j/Documents/GitHub/MoneroOne/build/Build/Intermediates.noindex/swift-crypto.build/Debug-iphonesimulator/CCryptoBoringSSL.build/Objects-normal/arm64/7187679823f38a2a940e0043cdf9d637-common-args.resp
    
    builtin-ScanDependencies -o /Users/j/Documents/GitHub/MoneroOne/build/Build/Intermediates.noindex/swift-crypto.build/Debug-iphonesimulator/CCryptoBoringSSL.build/Objects-normal/arm64/p_dsa_asn1.o.scan -- /Applications/Xcode.app/Contents/Developer/Toolchains/XcodeDefault.xctoolchain/usr/bin/clang -x c -ivfsstatcache /Users/j/Documents/GitHub/MoneroOne/build/SDKStatCaches.noindex/iphonesimulator26.1-23B77-90cf18a4295e390e64c810bc6bd7acbc.sdkstatcache -fmessage-length\=0 -fdiagnostics-show-note-include-stack -fmacro-backtrace-limit\=0 -fno-color-diagnostics -fmodules-prune-interval\=86400 -fmodules-prune-after\=345600 -fbuild-session-file\=/Users/j/Documents/GitHub/MoneroOne/build/ModuleCache.noindex/Session.modulevalidation -fmodules-validate-once-per-build-session -Wnon-modular-include-in-framework-module -Werror\=non-modular-include-in-framework-module -Wno-trigraphs -Wno-missing-field-initializers -Wno-missing-prototypes -Wno-return-type -Wno-missing-braces -Wparentheses -Wswitch -Wno-unused-function -Wno-unused-label -Wno-unused-parameter -Wno-unused-variable -Wunused-value -Wno-empty-body -Wno-uninitialized -Wno-unknown-pragmas -w -Wno-shadow -Wno-four-char-constants -Wno-conversion -Wno-constant-conversion -Wno-int-conversion -Wno-bool-conversion -Wno-enum-conversion -Wno-float-conversion -Wno-non-literal-null-conversion -Wno-objc-literal-conversion -Wshorten-64-to-32 -Wpointer-sign -Wno-newline-eof -Wno-implicit-fallthrough -fstrict-aliasing -Wdeprecated-declarations -Wno-sign-conversion -Wno-infinite-recursion -Wno-comma -Wno-block-capture-autoreleasing -Wno-strict-prototypes -Wno-semicolon-before-method-body -index-store-path /Users/j/Documents/GitHub/MoneroOne/build/Index.noindex/DataStore @/Users/j/Documents/GitHub/MoneroOne/build/Build/Intermediates.noindex/swift-crypto.build/Debug-iphonesimulator/CCryptoBoringSSL.build/Objects-normal/arm64/7187679823f38a2a940e0043cdf9d637-common-args.resp -MMD -MT dependencies -MF /Users/j/Documents/GitHub/MoneroOne/build/Build/Intermediates.noindex/swift-crypto.build/Debug-iphonesimulator/CCryptoBoringSSL.build/Objects-normal/arm64/p_dsa_asn1.d --serialize-diagnostics /Users/j/Documents/GitHub/MoneroOne/build/Build/Intermediates.noindex/swift-crypto.build/Debug-iphonesimulator/CCryptoBoringSSL.build/Objects-normal/arm64/p_dsa_asn1.dia -c /Users/j/Documents/GitHub/MoneroOne/build/SourcePackages/checkouts/swift-crypto/Sources/CCryptoBoringSSL/crypto/evp/p_dsa_asn1.c -o /Users/j/Documents/GitHub/MoneroOne/build/Build/Intermediates.noindex/swift-crypto.build/Debug-iphonesimulator/CCryptoBoringSSL.build/Objects-normal/arm64/p_dsa_asn1.o -index-unit-output-path /swift-crypto.build/Debug-iphonesimulator/CCryptoBoringSSL.build/Objects-normal/arm64/p_dsa_asn1.o

ScanDependencies /Users/j/Documents/GitHub/MoneroOne/build/Build/Intermediates.noindex/swift-crypto.build/Debug-iphonesimulator/CCryptoBoringSSL.build/Objects-normal/arm64/p5_pbev2.o /Users/j/Documents/GitHub/MoneroOne/build/SourcePackages/checkouts/swift-crypto/Sources/CCryptoBoringSSL/crypto/pkcs8/p5_pbev2.c normal arm64 c com.apple.compilers.llvm.clang.1_0.compiler (in target 'CCryptoBoringSSL' from project 'swift-crypto')
    cd /Users/j/Documents/GitHub/MoneroOne/MoneroOne.xcodeproj
    
    Using response file: /Users/j/Documents/GitHub/MoneroOne/build/Build/Intermediates.noindex/swift-crypto.build/Debug-iphonesimulator/CCryptoBoringSSL.build/Objects-normal/arm64/7187679823f38a2a940e0043cdf9d637-common-args.resp
    
    builtin-ScanDependencies -o /Users/j/Documents/GitHub/MoneroOne/build/Build/Intermediates.noindex/swift-crypto.build/Debug-iphonesimulator/CCryptoBoringSSL.build/Objects-normal/arm64/p5_pbev2.o.scan -- /Applications/Xcode.app/Contents/Developer/Toolchains/XcodeDefault.xctoolchain/usr/bin/clang -x c -ivfsstatcache /Users/j/Documents/GitHub/MoneroOne/build/SDKStatCaches.noindex/iphonesimulator26.1-23B77-90cf18a4295e390e64c810bc6bd7acbc.sdkstatcache -fmessage-length\=0 -fdiagnostics-show-note-include-stack -fmacro-backtrace-limit\=0 -fno-color-diagnostics -fmodules-prune-interval\=86400 -fmodules-prune-after\=345600 -fbuild-session-file\=/Users/j/Documents/GitHub/MoneroOne/build/ModuleCache.noindex/Session.modulevalidation -fmodules-validate-once-per-build-session -Wnon-modular-include-in-framework-module -Werror\=non-modular-include-in-framework-module -Wno-trigraphs -Wno-missing-field-initializers -Wno-missing-prototypes -Wno-return-type -Wno-missing-braces -Wparentheses -Wswitch -Wno-unused-function -Wno-unused-label -Wno-unused-parameter -Wno-unused-variable -Wunused-value -Wno-empty-body -Wno-uninitialized -Wno-unknown-pragmas -w -Wno-shadow -Wno-four-char-constants -Wno-conversion -Wno-constant-conversion -Wno-int-conversion -Wno-bool-conversion -Wno-enum-conversion -Wno-float-conversion -Wno-non-literal-null-conversion -Wno-objc-literal-conversion -Wshorten-64-to-32 -Wpointer-sign -Wno-newline-eof -Wno-implicit-fallthrough -fstrict-aliasing -Wdeprecated-declarations -Wno-sign-conversion -Wno-infinite-recursion -Wno-comma -Wno-block-capture-autoreleasing -Wno-strict-prototypes -Wno-semicolon-before-method-body -index-store-path /Users/j/Documents/GitHub/MoneroOne/build/Index.noindex/DataStore @/Users/j/Documents/GitHub/MoneroOne/build/Build/Intermediates.noindex/swift-crypto.build/Debug-iphonesimulator/CCryptoBoringSSL.build/Objects-normal/arm64/7187679823f38a2a940e0043cdf9d637-common-args.resp -MMD -MT dependencies -MF /Users/j/Documents/GitHub/MoneroOne/build/Build/Intermediates.noindex/swift-crypto.build/Debug-iphonesimulator/CCryptoBoringSSL.build/Objects-normal/arm64/p5_pbev2.d --serialize-diagnostics /Users/j/Documents/GitHub/MoneroOne/build/Build/Intermediates.noindex/swift-crypto.build/Debug-iphonesimulator/CCryptoBoringSSL.build/Objects-normal/arm64/p5_pbev2.dia -c /Users/j/Documents/GitHub/MoneroOne/build/SourcePackages/checkouts/swift-crypto/Sources/CCryptoBoringSSL/crypto/pkcs8/p5_pbev2.c -o /Users/j/Documents/GitHub/MoneroOne/build/Build/Intermediates.noindex/swift-crypto.build/Debug-iphonesimulator/CCryptoBoringSSL.build/Objects-normal/arm64/p5_pbev2.o -index-unit-output-path /swift-crypto.build/Debug-iphonesimulator/CCryptoBoringSSL.build/Objects-normal/arm64/p5_pbev2.o

ScanDependencies /Users/j/Documents/GitHub/MoneroOne/build/Build/Intermediates.noindex/swift-crypto.build/Debug-iphonesimulator/CCryptoBoringSSL.build/Objects-normal/arm64/p256.o /Users/j/Documents/GitHub/MoneroOne/build/SourcePackages/checkouts/swift-crypto/Sources/CCryptoBoringSSL/crypto/fipsmodule/ec/p256.c normal arm64 c com.apple.compilers.llvm.clang.1_0.compiler (in target 'CCryptoBoringSSL' from project 'swift-crypto')
    cd /Users/j/Documents/GitHub/MoneroOne/MoneroOne.xcodeproj
    
    Using response file: /Users/j/Documents/GitHub/MoneroOne/build/Build/Intermediates.noindex/swift-crypto.build/Debug-iphonesimulator/CCryptoBoringSSL.build/Objects-normal/arm64/7187679823f38a2a940e0043cdf9d637-common-args.resp
    
    builtin-ScanDependencies -o /Users/j/Documents/GitHub/MoneroOne/build/Build/Intermediates.noindex/swift-crypto.build/Debug-iphonesimulator/CCryptoBoringSSL.build/Objects-normal/arm64/p256.o.scan -- /Applications/Xcode.app/Contents/Developer/Toolchains/XcodeDefault.xctoolchain/usr/bin/clang -x c -ivfsstatcache /Users/j/Documents/GitHub/MoneroOne/build/SDKStatCaches.noindex/iphonesimulator26.1-23B77-90cf18a4295e390e64c810bc6bd7acbc.sdkstatcache -fmessage-length\=0 -fdiagnostics-show-note-include-stack -fmacro-backtrace-limit\=0 -fno-color-diagnostics -fmodules-prune-interval\=86400 -fmodules-prune-after\=345600 -fbuild-session-file\=/Users/j/Documents/GitHub/MoneroOne/build/ModuleCache.noindex/Session.modulevalidation -fmodules-validate-once-per-build-session -Wnon-modular-include-in-framework-module -Werror\=non-modular-include-in-framework-module -Wno-trigraphs -Wno-missing-field-initializers -Wno-missing-prototypes -Wno-return-type -Wno-missing-braces -Wparentheses -Wswitch -Wno-unused-function -Wno-unused-label -Wno-unused-parameter -Wno-unused-variable -Wunused-value -Wno-empty-body -Wno-uninitialized -Wno-unknown-pragmas -w -Wno-shadow -Wno-four-char-constants -Wno-conversion -Wno-constant-conversion -Wno-int-conversion -Wno-bool-conversion -Wno-enum-conversion -Wno-float-conversion -Wno-non-literal-null-conversion -Wno-objc-literal-conversion -Wshorten-64-to-32 -Wpointer-sign -Wno-newline-eof -Wno-implicit-fallthrough -fstrict-aliasing -Wdeprecated-declarations -Wno-sign-conversion -Wno-infinite-recursion -Wno-comma -Wno-block-capture-autoreleasing -Wno-strict-prototypes -Wno-semicolon-before-method-body -index-store-path /Users/j/Documents/GitHub/MoneroOne/build/Index.noindex/DataStore @/Users/j/Documents/GitHub/MoneroOne/build/Build/Intermediates.noindex/swift-crypto.build/Debug-iphonesimulator/CCryptoBoringSSL.build/Objects-normal/arm64/7187679823f38a2a940e0043cdf9d637-common-args.resp -MMD -MT dependencies -MF /Users/j/Documents/GitHub/MoneroOne/build/Build/Intermediates.noindex/swift-crypto.build/Debug-iphonesimulator/CCryptoBoringSSL.build/Objects-normal/arm64/p256.d --serialize-diagnostics /Users/j/Documents/GitHub/MoneroOne/build/Build/Intermediates.noindex/swift-crypto.build/Debug-iphonesimulator/CCryptoBoringSSL.build/Objects-normal/arm64/p256.dia -c /Users/j/Documents/GitHub/MoneroOne/build/SourcePackages/checkouts/swift-crypto/Sources/CCryptoBoringSSL/crypto/fipsmodule/ec/p256.c -o /Users/j/Documents/GitHub/MoneroOne/build/Build/Intermediates.noindex/swift-crypto.build/Debug-iphonesimulator/CCryptoBoringSSL.build/Objects-normal/arm64/p256.o -index-unit-output-path /swift-crypto.build/Debug-iphonesimulator/CCryptoBoringSSL.build/Objects-normal/arm64/p256.o

ScanDependencies /Users/j/Documents/GitHub/MoneroOne/build/Build/Intermediates.noindex/swift-crypto.build/Debug-iphonesimulator/CCryptoBoringSSL.build/Objects-normal/arm64/p224-64.o /Users/j/Documents/GitHub/MoneroOne/build/SourcePackages/checkouts/swift-crypto/Sources/CCryptoBoringSSL/crypto/fipsmodule/ec/p224-64.c normal arm64 c com.apple.compilers.llvm.clang.1_0.compiler (in target 'CCryptoBoringSSL' from project 'swift-crypto')
    cd /Users/j/Documents/GitHub/MoneroOne/MoneroOne.xcodeproj
    
    Using response file: /Users/j/Documents/GitHub/MoneroOne/build/Build/Intermediates.noindex/swift-crypto.build/Debug-iphonesimulator/CCryptoBoringSSL.build/Objects-normal/arm64/7187679823f38a2a940e0043cdf9d637-common-args.resp
    
    builtin-ScanDependencies -o /Users/j/Documents/GitHub/MoneroOne/build/Build/Intermediates.noindex/swift-crypto.build/Debug-iphonesimulator/CCryptoBoringSSL.build/Objects-normal/arm64/p224-64.o.scan -- /Applications/Xcode.app/Contents/Developer/Toolchains/XcodeDefault.xctoolchain/usr/bin/clang -x c -ivfsstatcache /Users/j/Documents/GitHub/MoneroOne/build/SDKStatCaches.noindex/iphonesimulator26.1-23B77-90cf18a4295e390e64c810bc6bd7acbc.sdkstatcache -fmessage-length\=0 -fdiagnostics-show-note-include-stack -fmacro-backtrace-limit\=0 -fno-color-diagnostics -fmodules-prune-interval\=86400 -fmodules-prune-after\=345600 -fbuild-session-file\=/Users/j/Documents/GitHub/MoneroOne/build/ModuleCache.noindex/Session.modulevalidation -fmodules-validate-once-per-build-session -Wnon-modular-include-in-framework-module -Werror\=non-modular-include-in-framework-module -Wno-trigraphs -Wno-missing-field-initializers -Wno-missing-prototypes -Wno-return-type -Wno-missing-braces -Wparentheses -Wswitch -Wno-unused-function -Wno-unused-label -Wno-unused-parameter -Wno-unused-variable -Wunused-value -Wno-empty-body -Wno-uninitialized -Wno-unknown-pragmas -w -Wno-shadow -Wno-four-char-constants -Wno-conversion -Wno-constant-conversion -Wno-int-conversion -Wno-bool-conversion -Wno-enum-conversion -Wno-float-conversion -Wno-non-literal-null-conversion -Wno-objc-literal-conversion -Wshorten-64-to-32 -Wpointer-sign -Wno-newline-eof -Wno-implicit-fallthrough -fstrict-aliasing -Wdeprecated-declarations -Wno-sign-conversion -Wno-infinite-recursion -Wno-comma -Wno-block-capture-autoreleasing -Wno-strict-prototypes -Wno-semicolon-before-method-body -index-store-path /Users/j/Documents/GitHub/MoneroOne/build/Index.noindex/DataStore @/Users/j/Documents/GitHub/MoneroOne/build/Build/Intermediates.noindex/swift-crypto.build/Debug-iphonesimulator/CCryptoBoringSSL.build/Objects-normal/arm64/7187679823f38a2a940e0043cdf9d637-common-args.resp -MMD -MT dependencies -MF /Users/j/Documents/GitHub/MoneroOne/build/Build/Intermediates.noindex/swift-crypto.build/Debug-iphonesimulator/CCryptoBoringSSL.build/Objects-normal/arm64/p224-64.d --serialize-diagnostics /Users/j/Documents/GitHub/MoneroOne/build/Build/Intermediates.noindex/swift-crypto.build/Debug-iphonesimulator/CCryptoBoringSSL.build/Objects-normal/arm64/p224-64.dia -c /Users/j/Documents/GitHub/MoneroOne/build/SourcePackages/checkouts/swift-crypto/Sources/CCryptoBoringSSL/crypto/fipsmodule/ec/p224-64.c -o /Users/j/Documents/GitHub/MoneroOne/build/Build/Intermediates.noindex/swift-crypto.build/Debug-iphonesimulator/CCryptoBoringSSL.build/Objects-normal/arm64/p224-64.o -index-unit-output-path /swift-crypto.build/Debug-iphonesimulator/CCryptoBoringSSL.build/Objects-normal/arm64/p224-64.o

ScanDependencies /Users/j/Documents/GitHub/MoneroOne/build/Build/Intermediates.noindex/swift-crypto.build/Debug-iphonesimulator/CCryptoBoringSSL.build/Objects-normal/arm64/p256-nistz.o /Users/j/Documents/GitHub/MoneroOne/build/SourcePackages/checkouts/swift-crypto/Sources/CCryptoBoringSSL/crypto/fipsmodule/ec/p256-nistz.c normal arm64 c com.apple.compilers.llvm.clang.1_0.compiler (in target 'CCryptoBoringSSL' from project 'swift-crypto')
    cd /Users/j/Documents/GitHub/MoneroOne/MoneroOne.xcodeproj
    
    Using response file: /Users/j/Documents/GitHub/MoneroOne/build/Build/Intermediates.noindex/swift-crypto.build/Debug-iphonesimulator/CCryptoBoringSSL.build/Objects-normal/arm64/7187679823f38a2a940e0043cdf9d637-common-args.resp
    
    builtin-ScanDependencies -o /Users/j/Documents/GitHub/MoneroOne/build/Build/Intermediates.noindex/swift-crypto.build/Debug-iphonesimulator/CCryptoBoringSSL.build/Objects-normal/arm64/p256-nistz.o.scan -- /Applications/Xcode.app/Contents/Developer/Toolchains/XcodeDefault.xctoolchain/usr/bin/clang -x c -ivfsstatcache /Users/j/Documents/GitHub/MoneroOne/build/SDKStatCaches.noindex/iphonesimulator26.1-23B77-90cf18a4295e390e64c810bc6bd7acbc.sdkstatcache -fmessage-length\=0 -fdiagnostics-show-note-include-stack -fmacro-backtrace-limit\=0 -fno-color-diagnostics -fmodules-prune-interval\=86400 -fmodules-prune-after\=345600 -fbuild-session-file\=/Users/j/Documents/GitHub/MoneroOne/build/ModuleCache.noindex/Session.modulevalidation -fmodules-validate-once-per-build-session -Wnon-modular-include-in-framework-module -Werror\=non-modular-include-in-framework-module -Wno-trigraphs -Wno-missing-field-initializers -Wno-missing-prototypes -Wno-return-type -Wno-missing-braces -Wparentheses -Wswitch -Wno-unused-function -Wno-unused-label -Wno-unused-parameter -Wno-unused-variable -Wunused-value -Wno-empty-body -Wno-uninitialized -Wno-unknown-pragmas -w -Wno-shadow -Wno-four-char-constants -Wno-conversion -Wno-constant-conversion -Wno-int-conversion -Wno-bool-conversion -Wno-enum-conversion -Wno-float-conversion -Wno-non-literal-null-conversion -Wno-objc-literal-conversion -Wshorten-64-to-32 -Wpointer-sign -Wno-newline-eof -Wno-implicit-fallthrough -fstrict-aliasing -Wdeprecated-declarations -Wno-sign-conversion -Wno-infinite-recursion -Wno-comma -Wno-block-capture-autoreleasing -Wno-strict-prototypes -Wno-semicolon-before-method-body -index-store-path /Users/j/Documents/GitHub/MoneroOne/build/Index.noindex/DataStore @/Users/j/Documents/GitHub/MoneroOne/build/Build/Intermediates.noindex/swift-crypto.build/Debug-iphonesimulator/CCryptoBoringSSL.build/Objects-normal/arm64/7187679823f38a2a940e0043cdf9d637-common-args.resp -MMD -MT dependencies -MF /Users/j/Documents/GitHub/MoneroOne/build/Build/Intermediates.noindex/swift-crypto.build/Debug-iphonesimulator/CCryptoBoringSSL.build/Objects-normal/arm64/p256-nistz.d --serialize-diagnostics /Users/j/Documents/GitHub/MoneroOne/build/Build/Intermediates.noindex/swift-crypto.build/Debug-iphonesimulator/CCryptoBoringSSL.build/Objects-normal/arm64/p256-nistz.dia -c /Users/j/Documents/GitHub/MoneroOne/build/SourcePackages/checkouts/swift-crypto/Sources/CCryptoBoringSSL/crypto/fipsmodule/ec/p256-nistz.c -o /Users/j/Documents/GitHub/MoneroOne/build/Build/Intermediates.noindex/swift-crypto.build/Debug-iphonesimulator/CCryptoBoringSSL.build/Objects-normal/arm64/p256-nistz.o -index-unit-output-path /swift-crypto.build/Debug-iphonesimulator/CCryptoBoringSSL.build/Objects-normal/arm64/p256-nistz.o

ScanDependencies /Users/j/Documents/GitHub/MoneroOne/build/Build/Intermediates.noindex/swift-crypto.build/Debug-iphonesimulator/CCryptoBoringSSL.build/Objects-normal/arm64/ofb.o /Users/j/Documents/GitHub/MoneroOne/build/SourcePackages/checkouts/swift-crypto/Sources/CCryptoBoringSSL/crypto/fipsmodule/modes/ofb.c normal arm64 c com.apple.compilers.llvm.clang.1_0.compiler (in target 'CCryptoBoringSSL' from project 'swift-crypto')
    cd /Users/j/Documents/GitHub/MoneroOne/MoneroOne.xcodeproj
    
    Using response file: /Users/j/Documents/GitHub/MoneroOne/build/Build/Intermediates.noindex/swift-crypto.build/Debug-iphonesimulator/CCryptoBoringSSL.build/Objects-normal/arm64/7187679823f38a2a940e0043cdf9d637-common-args.resp
    
    builtin-ScanDependencies -o /Users/j/Documents/GitHub/MoneroOne/build/Build/Intermediates.noindex/swift-crypto.build/Debug-iphonesimulator/CCryptoBoringSSL.build/Objects-normal/arm64/ofb.o.scan -- /Applications/Xcode.app/Contents/Developer/Toolchains/XcodeDefault.xctoolchain/usr/bin/clang -x c -ivfsstatcache /Users/j/Documents/GitHub/MoneroOne/build/SDKStatCaches.noindex/iphonesimulator26.1-23B77-90cf18a4295e390e64c810bc6bd7acbc.sdkstatcache -fmessage-length\=0 -fdiagnostics-show-note-include-stack -fmacro-backtrace-limit\=0 -fno-color-diagnostics -fmodules-prune-interval\=86400 -fmodules-prune-after\=345600 -fbuild-session-file\=/Users/j/Documents/GitHub/MoneroOne/build/ModuleCache.noindex/Session.modulevalidation -fmodules-validate-once-per-build-session -Wnon-modular-include-in-framework-module -Werror\=non-modular-include-in-framework-module -Wno-trigraphs -Wno-missing-field-initializers -Wno-missing-prototypes -Wno-return-type -Wno-missing-braces -Wparentheses -Wswitch -Wno-unused-function -Wno-unused-label -Wno-unused-parameter -Wno-unused-variable -Wunused-value -Wno-empty-body -Wno-uninitialized -Wno-unknown-pragmas -w -Wno-shadow -Wno-four-char-constants -Wno-conversion -Wno-constant-conversion -Wno-int-conversion -Wno-bool-conversion -Wno-enum-conversion -Wno-float-conversion -Wno-non-literal-null-conversion -Wno-objc-literal-conversion -Wshorten-64-to-32 -Wpointer-sign -Wno-newline-eof -Wno-implicit-fallthrough -fstrict-aliasing -Wdeprecated-declarations -Wno-sign-conversion -Wno-infinite-recursion -Wno-comma -Wno-block-capture-autoreleasing -Wno-strict-prototypes -Wno-semicolon-before-method-body -index-store-path /Users/j/Documents/GitHub/MoneroOne/build/Index.noindex/DataStore @/Users/j/Documents/GitHub/MoneroOne/build/Build/Intermediates.noindex/swift-crypto.build/Debug-iphonesimulator/CCryptoBoringSSL.build/Objects-normal/arm64/7187679823f38a2a940e0043cdf9d637-common-args.resp -MMD -MT dependencies -MF /Users/j/Documents/GitHub/MoneroOne/build/Build/Intermediates.noindex/swift-crypto.build/Debug-iphonesimulator/CCryptoBoringSSL.build/Objects-normal/arm64/ofb.d --serialize-diagnostics /Users/j/Documents/GitHub/MoneroOne/build/Build/Intermediates.noindex/swift-crypto.build/Debug-iphonesimulator/CCryptoBoringSSL.build/Objects-normal/arm64/ofb.dia -c /Users/j/Documents/GitHub/MoneroOne/build/SourcePackages/checkouts/swift-crypto/Sources/CCryptoBoringSSL/crypto/fipsmodule/modes/ofb.c -o /Users/j/Documents/GitHub/MoneroOne/build/Build/Intermediates.noindex/swift-crypto.build/Debug-iphonesimulator/CCryptoBoringSSL.build/Objects-normal/arm64/ofb.o -index-unit-output-path /swift-crypto.build/Debug-iphonesimulator/CCryptoBoringSSL.build/Objects-normal/arm64/ofb.o

ScanDependencies /Users/j/Documents/GitHub/MoneroOne/build/Build/Intermediates.noindex/swift-crypto.build/Debug-iphonesimulator/CCryptoBoringSSL.build/Objects-normal/arm64/oct.o /Users/j/Documents/GitHub/MoneroOne/build/SourcePackages/checkouts/swift-crypto/Sources/CCryptoBoringSSL/crypto/fipsmodule/ec/oct.c normal arm64 c com.apple.compilers.llvm.clang.1_0.compiler (in target 'CCryptoBoringSSL' from project 'swift-crypto')
    cd /Users/j/Documents/GitHub/MoneroOne/MoneroOne.xcodeproj
    
    Using response file: /Users/j/Documents/GitHub/MoneroOne/build/Build/Intermediates.noindex/swift-crypto.build/Debug-iphonesimulator/CCryptoBoringSSL.build/Objects-normal/arm64/7187679823f38a2a940e0043cdf9d637-common-args.resp
    
    builtin-ScanDependencies -o /Users/j/Documents/GitHub/MoneroOne/build/Build/Intermediates.noindex/swift-crypto.build/Debug-iphonesimulator/CCryptoBoringSSL.build/Objects-normal/arm64/oct.o.scan -- /Applications/Xcode.app/Contents/Developer/Toolchains/XcodeDefault.xctoolchain/usr/bin/clang -x c -ivfsstatcache /Users/j/Documents/GitHub/MoneroOne/build/SDKStatCaches.noindex/iphonesimulator26.1-23B77-90cf18a4295e390e64c810bc6bd7acbc.sdkstatcache -fmessage-length\=0 -fdiagnostics-show-note-include-stack -fmacro-backtrace-limit\=0 -fno-color-diagnostics -fmodules-prune-interval\=86400 -fmodules-prune-after\=345600 -fbuild-session-file\=/Users/j/Documents/GitHub/MoneroOne/build/ModuleCache.noindex/Session.modulevalidation -fmodules-validate-once-per-build-session -Wnon-modular-include-in-framework-module -Werror\=non-modular-include-in-framework-module -Wno-trigraphs -Wno-missing-field-initializers -Wno-missing-prototypes -Wno-return-type -Wno-missing-braces -Wparentheses -Wswitch -Wno-unused-function -Wno-unused-label -Wno-unused-parameter -Wno-unused-variable -Wunused-value -Wno-empty-body -Wno-uninitialized -Wno-unknown-pragmas -w -Wno-shadow -Wno-four-char-constants -Wno-conversion -Wno-constant-conversion -Wno-int-conversion -Wno-bool-conversion -Wno-enum-conversion -Wno-float-conversion -Wno-non-literal-null-conversion -Wno-objc-literal-conversion -Wshorten-64-to-32 -Wpointer-sign -Wno-newline-eof -Wno-implicit-fallthrough -fstrict-aliasing -Wdeprecated-declarations -Wno-sign-conversion -Wno-infinite-recursion -Wno-comma -Wno-block-capture-autoreleasing -Wno-strict-prototypes -Wno-semicolon-before-method-body -index-store-path /Users/j/Documents/GitHub/MoneroOne/build/Index.noindex/DataStore @/Users/j/Documents/GitHub/MoneroOne/build/Build/Intermediates.noindex/swift-crypto.build/Debug-iphonesimulator/CCryptoBoringSSL.build/Objects-normal/arm64/7187679823f38a2a940e0043cdf9d637-common-args.resp -MMD -MT dependencies -MF /Users/j/Documents/GitHub/MoneroOne/build/Build/Intermediates.noindex/swift-crypto.build/Debug-iphonesimulator/CCryptoBoringSSL.build/Objects-normal/arm64/oct.d --serialize-diagnostics /Users/j/Documents/GitHub/MoneroOne/build/Build/Intermediates.noindex/swift-crypto.build/Debug-iphonesimulator/CCryptoBoringSSL.build/Objects-normal/arm64/oct.dia -c /Users/j/Documents/GitHub/MoneroOne/build/SourcePackages/checkouts/swift-crypto/Sources/CCryptoBoringSSL/crypto/fipsmodule/ec/oct.c -o /Users/j/Documents/GitHub/MoneroOne/build/Build/Intermediates.noindex/swift-crypto.build/Debug-iphonesimulator/CCryptoBoringSSL.build/Objects-normal/arm64/oct.o -index-unit-output-path /swift-crypto.build/Debug-iphonesimulator/CCryptoBoringSSL.build/Objects-normal/arm64/oct.o

ScanDependencies /Users/j/Documents/GitHub/MoneroOne/build/Build/Intermediates.noindex/swift-crypto.build/Debug-iphonesimulator/CCryptoBoringSSL.build/Objects-normal/arm64/obj_xref.o /Users/j/Documents/GitHub/MoneroOne/build/SourcePackages/checkouts/swift-crypto/Sources/CCryptoBoringSSL/crypto/obj/obj_xref.c normal arm64 c com.apple.compilers.llvm.clang.1_0.compiler (in target 'CCryptoBoringSSL' from project 'swift-crypto')
    cd /Users/j/Documents/GitHub/MoneroOne/MoneroOne.xcodeproj
    
    Using response file: /Users/j/Documents/GitHub/MoneroOne/build/Build/Intermediates.noindex/swift-crypto.build/Debug-iphonesimulator/CCryptoBoringSSL.build/Objects-normal/arm64/7187679823f38a2a940e0043cdf9d637-common-args.resp
    
    builtin-ScanDependencies -o /Users/j/Documents/GitHub/MoneroOne/build/Build/Intermediates.noindex/swift-crypto.build/Debug-iphonesimulator/CCryptoBoringSSL.build/Objects-normal/arm64/obj_xref.o.scan -- /Applications/Xcode.app/Contents/Developer/Toolchains/XcodeDefault.xctoolchain/usr/bin/clang -x c -ivfsstatcache /Users/j/Documents/GitHub/MoneroOne/build/SDKStatCaches.noindex/iphonesimulator26.1-23B77-90cf18a4295e390e64c810bc6bd7acbc.sdkstatcache -fmessage-length\=0 -fdiagnostics-show-note-include-stack -fmacro-backtrace-limit\=0 -fno-color-diagnostics -fmodules-prune-interval\=86400 -fmodules-prune-after\=345600 -fbuild-session-file\=/Users/j/Documents/GitHub/MoneroOne/build/ModuleCache.noindex/Session.modulevalidation -fmodules-validate-once-per-build-session -Wnon-modular-include-in-framework-module -Werror\=non-modular-include-in-framework-module -Wno-trigraphs -Wno-missing-field-initializers -Wno-missing-prototypes -Wno-return-type -Wno-missing-braces -Wparentheses -Wswitch -Wno-unused-function -Wno-unused-label -Wno-unused-parameter -Wno-unused-variable -Wunused-value -Wno-empty-body -Wno-uninitialized -Wno-unknown-pragmas -w -Wno-shadow -Wno-four-char-constants -Wno-conversion -Wno-constant-conversion -Wno-int-conversion -Wno-bool-conversion -Wno-enum-conversion -Wno-float-conversion -Wno-non-literal-null-conversion -Wno-objc-literal-conversion -Wshorten-64-to-32 -Wpointer-sign -Wno-newline-eof -Wno-implicit-fallthrough -fstrict-aliasing -Wdeprecated-declarations -Wno-sign-conversion -Wno-infinite-recursion -Wno-comma -Wno-block-capture-autoreleasing -Wno-strict-prototypes -Wno-semicolon-before-method-body -index-store-path /Users/j/Documents/GitHub/MoneroOne/build/Index.noindex/DataStore @/Users/j/Documents/GitHub/MoneroOne/build/Build/Intermediates.noindex/swift-crypto.build/Debug-iphonesimulator/CCryptoBoringSSL.build/Objects-normal/arm64/7187679823f38a2a940e0043cdf9d637-common-args.resp -MMD -MT dependencies -MF /Users/j/Documents/GitHub/MoneroOne/build/Build/Intermediates.noindex/swift-crypto.build/Debug-iphonesimulator/CCryptoBoringSSL.build/Objects-normal/arm64/obj_xref.d --serialize-diagnostics /Users/j/Documents/GitHub/MoneroOne/build/Build/Intermediates.noindex/swift-crypto.build/Debug-iphonesimulator/CCryptoBoringSSL.build/Objects-normal/arm64/obj_xref.dia -c /Users/j/Documents/GitHub/MoneroOne/build/SourcePackages/checkouts/swift-crypto/Sources/CCryptoBoringSSL/crypto/obj/obj_xref.c -o /Users/j/Documents/GitHub/MoneroOne/build/Build/Intermediates.noindex/swift-crypto.build/Debug-iphonesimulator/CCryptoBoringSSL.build/Objects-normal/arm64/obj_xref.o -index-unit-output-path /swift-crypto.build/Debug-iphonesimulator/CCryptoBoringSSL.build/Objects-normal/arm64/obj_xref.o

ScanDependencies /Users/j/Documents/GitHub/MoneroOne/build/Build/Intermediates.noindex/swift-crypto.build/Debug-iphonesimulator/CCryptoBoringSSL.build/Objects-normal/arm64/obj.o /Users/j/Documents/GitHub/MoneroOne/build/SourcePackages/checkouts/swift-crypto/Sources/CCryptoBoringSSL/crypto/obj/obj.c normal arm64 c com.apple.compilers.llvm.clang.1_0.compiler (in target 'CCryptoBoringSSL' from project 'swift-crypto')
    cd /Users/j/Documents/GitHub/MoneroOne/MoneroOne.xcodeproj
    
    Using response file: /Users/j/Documents/GitHub/MoneroOne/build/Build/Intermediates.noindex/swift-crypto.build/Debug-iphonesimulator/CCryptoBoringSSL.build/Objects-normal/arm64/7187679823f38a2a940e0043cdf9d637-common-args.resp
    
    builtin-ScanDependencies -o /Users/j/Documents/GitHub/MoneroOne/build/Build/Intermediates.noindex/swift-crypto.build/Debug-iphonesimulator/CCryptoBoringSSL.build/Objects-normal/arm64/obj.o.scan -- /Applications/Xcode.app/Contents/Developer/Toolchains/XcodeDefault.xctoolchain/usr/bin/clang -x c -ivfsstatcache /Users/j/Documents/GitHub/MoneroOne/build/SDKStatCaches.noindex/iphonesimulator26.1-23B77-90cf18a4295e390e64c810bc6bd7acbc.sdkstatcache -fmessage-length\=0 -fdiagnostics-show-note-include-stack -fmacro-backtrace-limit\=0 -fno-color-diagnostics -fmodules-prune-interval\=86400 -fmodules-prune-after\=345600 -fbuild-session-file\=/Users/j/Documents/GitHub/MoneroOne/build/ModuleCache.noindex/Session.modulevalidation -fmodules-validate-once-per-build-session -Wnon-modular-include-in-framework-module -Werror\=non-modular-include-in-framework-module -Wno-trigraphs -Wno-missing-field-initializers -Wno-missing-prototypes -Wno-return-type -Wno-missing-braces -Wparentheses -Wswitch -Wno-unused-function -Wno-unused-label -Wno-unused-parameter -Wno-unused-variable -Wunused-value -Wno-empty-body -Wno-uninitialized -Wno-unknown-pragmas -w -Wno-shadow -Wno-four-char-constants -Wno-conversion -Wno-constant-conversion -Wno-int-conversion -Wno-bool-conversion -Wno-enum-conversion -Wno-float-conversion -Wno-non-literal-null-conversion -Wno-objc-literal-conversion -Wshorten-64-to-32 -Wpointer-sign -Wno-newline-eof -Wno-implicit-fallthrough -fstrict-aliasing -Wdeprecated-declarations -Wno-sign-conversion -Wno-infinite-recursion -Wno-comma -Wno-block-capture-autoreleasing -Wno-strict-prototypes -Wno-semicolon-before-method-body -index-store-path /Users/j/Documents/GitHub/MoneroOne/build/Index.noindex/DataStore @/Users/j/Documents/GitHub/MoneroOne/build/Build/Intermediates.noindex/swift-crypto.build/Debug-iphonesimulator/CCryptoBoringSSL.build/Objects-normal/arm64/7187679823f38a2a940e0043cdf9d637-common-args.resp -MMD -MT dependencies -MF /Users/j/Documents/GitHub/MoneroOne/build/Build/Intermediates.noindex/swift-crypto.build/Debug-iphonesimulator/CCryptoBoringSSL.build/Objects-normal/arm64/obj.d --serialize-diagnostics /Users/j/Documents/GitHub/MoneroOne/build/Build/Intermediates.noindex/swift-crypto.build/Debug-iphonesimulator/CCryptoBoringSSL.build/Objects-normal/arm64/obj.dia -c /Users/j/Documents/GitHub/MoneroOne/build/SourcePackages/checkouts/swift-crypto/Sources/CCryptoBoringSSL/crypto/obj/obj.c -o /Users/j/Documents/GitHub/MoneroOne/build/Build/Intermediates.noindex/swift-crypto.build/Debug-iphonesimulator/CCryptoBoringSSL.build/Objects-normal/arm64/obj.o -index-unit-output-path /swift-crypto.build/Debug-iphonesimulator/CCryptoBoringSSL.build/Objects-normal/arm64/obj.o

ScanDependencies /Users/j/Documents/GitHub/MoneroOne/build/Build/Intermediates.noindex/swift-crypto.build/Debug-iphonesimulator/CCryptoBoringSSL.build/Objects-normal/arm64/name_print.o /Users/j/Documents/GitHub/MoneroOne/build/SourcePackages/checkouts/swift-crypto/Sources/CCryptoBoringSSL/crypto/x509/name_print.c normal arm64 c com.apple.compilers.llvm.clang.1_0.compiler (in target 'CCryptoBoringSSL' from project 'swift-crypto')
    cd /Users/j/Documents/GitHub/MoneroOne/MoneroOne.xcodeproj
    
    Using response file: /Users/j/Documents/GitHub/MoneroOne/build/Build/Intermediates.noindex/swift-crypto.build/Debug-iphonesimulator/CCryptoBoringSSL.build/Objects-normal/arm64/7187679823f38a2a940e0043cdf9d637-common-args.resp
    
    builtin-ScanDependencies -o /Users/j/Documents/GitHub/MoneroOne/build/Build/Intermediates.noindex/swift-crypto.build/Debug-iphonesimulator/CCryptoBoringSSL.build/Objects-normal/arm64/name_print.o.scan -- /Applications/Xcode.app/Contents/Developer/Toolchains/XcodeDefault.xctoolchain/usr/bin/clang -x c -ivfsstatcache /Users/j/Documents/GitHub/MoneroOne/build/SDKStatCaches.noindex/iphonesimulator26.1-23B77-90cf18a4295e390e64c810bc6bd7acbc.sdkstatcache -fmessage-length\=0 -fdiagnostics-show-note-include-stack -fmacro-backtrace-limit\=0 -fno-color-diagnostics -fmodules-prune-interval\=86400 -fmodules-prune-after\=345600 -fbuild-session-file\=/Users/j/Documents/GitHub/MoneroOne/build/ModuleCache.noindex/Session.modulevalidation -fmodules-validate-once-per-build-session -Wnon-modular-include-in-framework-module -Werror\=non-modular-include-in-framework-module -Wno-trigraphs -Wno-missing-field-initializers -Wno-missing-prototypes -Wno-return-type -Wno-missing-braces -Wparentheses -Wswitch -Wno-unused-function -Wno-unused-label -Wno-unused-parameter -Wno-unused-variable -Wunused-value -Wno-empty-body -Wno-uninitialized -Wno-unknown-pragmas -w -Wno-shadow -Wno-four-char-constants -Wno-conversion -Wno-constant-conversion -Wno-int-conversion -Wno-bool-conversion -Wno-enum-conversion -Wno-float-conversion -Wno-non-literal-null-conversion -Wno-objc-literal-conversion -Wshorten-64-to-32 -Wpointer-sign -Wno-newline-eof -Wno-implicit-fallthrough -fstrict-aliasing -Wdeprecated-declarations -Wno-sign-conversion -Wno-infinite-recursion -Wno-comma -Wno-block-capture-autoreleasing -Wno-strict-prototypes -Wno-semicolon-before-method-body -index-store-path /Users/j/Documents/GitHub/MoneroOne/build/Index.noindex/DataStore @/Users/j/Documents/GitHub/MoneroOne/build/Build/Intermediates.noindex/swift-crypto.build/Debug-iphonesimulator/CCryptoBoringSSL.build/Objects-normal/arm64/7187679823f38a2a940e0043cdf9d637-common-args.resp -MMD -MT dependencies -MF /Users/j/Documents/GitHub/MoneroOne/build/Build/Intermediates.noindex/swift-crypto.build/Debug-iphonesimulator/CCryptoBoringSSL.build/Objects-normal/arm64/name_print.d --serialize-diagnostics /Users/j/Documents/GitHub/MoneroOne/build/Build/Intermediates.noindex/swift-crypto.build/Debug-iphonesimulator/CCryptoBoringSSL.build/Objects-normal/arm64/name_print.dia -c /Users/j/Documents/GitHub/MoneroOne/build/SourcePackages/checkouts/swift-crypto/Sources/CCryptoBoringSSL/crypto/x509/name_print.c -o /Users/j/Documents/GitHub/MoneroOne/build/Build/Intermediates.noindex/swift-crypto.build/Debug-iphonesimulator/CCryptoBoringSSL.build/Objects-normal/arm64/name_print.o -index-unit-output-path /swift-crypto.build/Debug-iphonesimulator/CCryptoBoringSSL.build/Objects-normal/arm64/name_print.o

CompileC /Users/j/Documents/GitHub/MoneroOne/build/Build/Intermediates.noindex/swift-crypto.build/Debug-iphonesimulator/CCryptoBoringSSL.build/Objects-normal/arm64/p_x25519_asn1.o /Users/j/Documents/GitHub/MoneroOne/build/SourcePackages/checkouts/swift-crypto/Sources/CCryptoBoringSSL/crypto/evp/p_x25519_asn1.c normal arm64 c com.apple.compilers.llvm.clang.1_0.compiler (in target 'CCryptoBoringSSL' from project 'swift-crypto')
    cd /Users/j/Documents/GitHub/MoneroOne/MoneroOne.xcodeproj
    
    Using response file: /Users/j/Documents/GitHub/MoneroOne/build/Build/Intermediates.noindex/swift-crypto.build/Debug-iphonesimulator/CCryptoBoringSSL.build/Objects-normal/arm64/7187679823f38a2a940e0043cdf9d637-common-args.resp
    
    /Applications/Xcode.app/Contents/Developer/Toolchains/XcodeDefault.xctoolchain/usr/bin/clang -x c -ivfsstatcache /Users/j/Documents/GitHub/MoneroOne/build/SDKStatCaches.noindex/iphonesimulator26.1-23B77-90cf18a4295e390e64c810bc6bd7acbc.sdkstatcache -fmessage-length\=0 -fdiagnostics-show-note-include-stack -fmacro-backtrace-limit\=0 -fno-color-diagnostics -fmodules-prune-interval\=86400 -fmodules-prune-after\=345600 -fbuild-session-file\=/Users/j/Documents/GitHub/MoneroOne/build/ModuleCache.noindex/Session.modulevalidation -fmodules-validate-once-per-build-session -Wnon-modular-include-in-framework-module -Werror\=non-modular-include-in-framework-module -Wno-trigraphs -Wno-missing-field-initializers -Wno-missing-prototypes -Wno-return-type -Wno-missing-braces -Wparentheses -Wswitch -Wno-unused-function -Wno-unused-label -Wno-unused-parameter -Wno-unused-variable -Wunused-value -Wno-empty-body -Wno-uninitialized -Wno-unknown-pragmas -w -Wno-shadow -Wno-four-char-constants -Wno-conversion -Wno-constant-conversion -Wno-int-conversion -Wno-bool-conversion -Wno-enum-conversion -Wno-float-conversion -Wno-non-literal-null-conversion -Wno-objc-literal-conversion -Wshorten-64-to-32 -Wpointer-sign -Wno-newline-eof -Wno-implicit-fallthrough -fstrict-aliasing -Wdeprecated-declarations -Wno-sign-conversion -Wno-infinite-recursion -Wno-comma -Wno-block-capture-autoreleasing -Wno-strict-prototypes -Wno-semicolon-before-method-body -index-store-path /Users/j/Documents/GitHub/MoneroOne/build/Index.noindex/DataStore @/Users/j/Documents/GitHub/MoneroOne/build/Build/Intermediates.noindex/swift-crypto.build/Debug-iphonesimulator/CCryptoBoringSSL.build/Objects-normal/arm64/7187679823f38a2a940e0043cdf9d637-common-args.resp -MMD -MT dependencies -MF /Users/j/Documents/GitHub/MoneroOne/build/Build/Intermediates.noindex/swift-crypto.build/Debug-iphonesimulator/CCryptoBoringSSL.build/Objects-normal/arm64/p_x25519_asn1.d --serialize-diagnostics /Users/j/Documents/GitHub/MoneroOne/build/Build/Intermediates.noindex/swift-crypto.build/Debug-iphonesimulator/CCryptoBoringSSL.build/Objects-normal/arm64/p_x25519_asn1.dia -c /Users/j/Documents/GitHub/MoneroOne/build/SourcePackages/checkouts/swift-crypto/Sources/CCryptoBoringSSL/crypto/evp/p_x25519_asn1.c -o /Users/j/Documents/GitHub/MoneroOne/build/Build/Intermediates.noindex/swift-crypto.build/Debug-iphonesimulator/CCryptoBoringSSL.build/Objects-normal/arm64/p_x25519_asn1.o -index-unit-output-path /swift-crypto.build/Debug-iphonesimulator/CCryptoBoringSSL.build/Objects-normal/arm64/p_x25519_asn1.o

CompileC /Users/j/Documents/GitHub/MoneroOne/build/Build/Intermediates.noindex/swift-crypto.build/Debug-iphonesimulator/CCryptoBoringSSL.build/Objects-normal/arm64/p_x25519.o /Users/j/Documents/GitHub/MoneroOne/build/SourcePackages/checkouts/swift-crypto/Sources/CCryptoBoringSSL/crypto/evp/p_x25519.c normal arm64 c com.apple.compilers.llvm.clang.1_0.compiler (in target 'CCryptoBoringSSL' from project 'swift-crypto')
    cd /Users/j/Documents/GitHub/MoneroOne/MoneroOne.xcodeproj
    
    Using response file: /Users/j/Documents/GitHub/MoneroOne/build/Build/Intermediates.noindex/swift-crypto.build/Debug-iphonesimulator/CCryptoBoringSSL.build/Objects-normal/arm64/7187679823f38a2a940e0043cdf9d637-common-args.resp
    
    /Applications/Xcode.app/Contents/Developer/Toolchains/XcodeDefault.xctoolchain/usr/bin/clang -x c -ivfsstatcache /Users/j/Documents/GitHub/MoneroOne/build/SDKStatCaches.noindex/iphonesimulator26.1-23B77-90cf18a4295e390e64c810bc6bd7acbc.sdkstatcache -fmessage-length\=0 -fdiagnostics-show-note-include-stack -fmacro-backtrace-limit\=0 -fno-color-diagnostics -fmodules-prune-interval\=86400 -fmodules-prune-after\=345600 -fbuild-session-file\=/Users/j/Documents/GitHub/MoneroOne/build/ModuleCache.noindex/Session.modulevalidation -fmodules-validate-once-per-build-session -Wnon-modular-include-in-framework-module -Werror\=non-modular-include-in-framework-module -Wno-trigraphs -Wno-missing-field-initializers -Wno-missing-prototypes -Wno-return-type -Wno-missing-braces -Wparentheses -Wswitch -Wno-unused-function -Wno-unused-label -Wno-unused-parameter -Wno-unused-variable -Wunused-value -Wno-empty-body -Wno-uninitialized -Wno-unknown-pragmas -w -Wno-shadow -Wno-four-char-constants -Wno-conversion -Wno-constant-conversion -Wno-int-conversion -Wno-bool-conversion -Wno-enum-conversion -Wno-float-conversion -Wno-non-literal-null-conversion -Wno-objc-literal-conversion -Wshorten-64-to-32 -Wpointer-sign -Wno-newline-eof -Wno-implicit-fallthrough -fstrict-aliasing -Wdeprecated-declarations -Wno-sign-conversion -Wno-infinite-recursion -Wno-comma -Wno-block-capture-autoreleasing -Wno-strict-prototypes -Wno-semicolon-before-method-body -index-store-path /Users/j/Documents/GitHub/MoneroOne/build/Index.noindex/DataStore @/Users/j/Documents/GitHub/MoneroOne/build/Build/Intermediates.noindex/swift-crypto.build/Debug-iphonesimulator/CCryptoBoringSSL.build/Objects-normal/arm64/7187679823f38a2a940e0043cdf9d637-common-args.resp -MMD -MT dependencies -MF /Users/j/Documents/GitHub/MoneroOne/build/Build/Intermediates.noindex/swift-crypto.build/Debug-iphonesimulator/CCryptoBoringSSL.build/Objects-normal/arm64/p_x25519.d --serialize-diagnostics /Users/j/Documents/GitHub/MoneroOne/build/Build/Intermediates.noindex/swift-crypto.build/Debug-iphonesimulator/CCryptoBoringSSL.build/Objects-normal/arm64/p_x25519.dia -c /Users/j/Documents/GitHub/MoneroOne/build/SourcePackages/checkouts/swift-crypto/Sources/CCryptoBoringSSL/crypto/evp/p_x25519.c -o /Users/j/Documents/GitHub/MoneroOne/build/Build/Intermediates.noindex/swift-crypto.build/Debug-iphonesimulator/CCryptoBoringSSL.build/Objects-normal/arm64/p_x25519.o -index-unit-output-path /swift-crypto.build/Debug-iphonesimulator/CCryptoBoringSSL.build/Objects-normal/arm64/p_x25519.o

CompileC /Users/j/Documents/GitHub/MoneroOne/build/Build/Intermediates.noindex/swift-crypto.build/Debug-iphonesimulator/CCryptoBoringSSL.build/Objects-normal/arm64/p_rsa_asn1.o /Users/j/Documents/GitHub/MoneroOne/build/SourcePackages/checkouts/swift-crypto/Sources/CCryptoBoringSSL/crypto/evp/p_rsa_asn1.c normal arm64 c com.apple.compilers.llvm.clang.1_0.compiler (in target 'CCryptoBoringSSL' from project 'swift-crypto')
    cd /Users/j/Documents/GitHub/MoneroOne/MoneroOne.xcodeproj
    
    Using response file: /Users/j/Documents/GitHub/MoneroOne/build/Build/Intermediates.noindex/swift-crypto.build/Debug-iphonesimulator/CCryptoBoringSSL.build/Objects-normal/arm64/7187679823f38a2a940e0043cdf9d637-common-args.resp
    
    /Applications/Xcode.app/Contents/Developer/Toolchains/XcodeDefault.xctoolchain/usr/bin/clang -x c -ivfsstatcache /Users/j/Documents/GitHub/MoneroOne/build/SDKStatCaches.noindex/iphonesimulator26.1-23B77-90cf18a4295e390e64c810bc6bd7acbc.sdkstatcache -fmessage-length\=0 -fdiagnostics-show-note-include-stack -fmacro-backtrace-limit\=0 -fno-color-diagnostics -fmodules-prune-interval\=86400 -fmodules-prune-after\=345600 -fbuild-session-file\=/Users/j/Documents/GitHub/MoneroOne/build/ModuleCache.noindex/Session.modulevalidation -fmodules-validate-once-per-build-session -Wnon-modular-include-in-framework-module -Werror\=non-modular-include-in-framework-module -Wno-trigraphs -Wno-missing-field-initializers -Wno-missing-prototypes -Wno-return-type -Wno-missing-braces -Wparentheses -Wswitch -Wno-unused-function -Wno-unused-label -Wno-unused-parameter -Wno-unused-variable -Wunused-value -Wno-empty-body -Wno-uninitialized -Wno-unknown-pragmas -w -Wno-shadow -Wno-four-char-constants -Wno-conversion -Wno-constant-conversion -Wno-int-conversion -Wno-bool-conversion -Wno-enum-conversion -Wno-float-conversion -Wno-non-literal-null-conversion -Wno-objc-literal-conversion -Wshorten-64-to-32 -Wpointer-sign -Wno-newline-eof -Wno-implicit-fallthrough -fstrict-aliasing -Wdeprecated-declarations -Wno-sign-conversion -Wno-infinite-recursion -Wno-comma -Wno-block-capture-autoreleasing -Wno-strict-prototypes -Wno-semicolon-before-method-body -index-store-path /Users/j/Documents/GitHub/MoneroOne/build/Index.noindex/DataStore @/Users/j/Documents/GitHub/MoneroOne/build/Build/Intermediates.noindex/swift-crypto.build/Debug-iphonesimulator/CCryptoBoringSSL.build/Objects-normal/arm64/7187679823f38a2a940e0043cdf9d637-common-args.resp -MMD -MT dependencies -MF /Users/j/Documents/GitHub/MoneroOne/build/Build/Intermediates.noindex/swift-crypto.build/Debug-iphonesimulator/CCryptoBoringSSL.build/Objects-normal/arm64/p_rsa_asn1.d --serialize-diagnostics /Users/j/Documents/GitHub/MoneroOne/build/Build/Intermediates.noindex/swift-crypto.build/Debug-iphonesimulator/CCryptoBoringSSL.build/Objects-normal/arm64/p_rsa_asn1.dia -c /Users/j/Documents/GitHub/MoneroOne/build/SourcePackages/checkouts/swift-crypto/Sources/CCryptoBoringSSL/crypto/evp/p_rsa_asn1.c -o /Users/j/Documents/GitHub/MoneroOne/build/Build/Intermediates.noindex/swift-crypto.build/Debug-iphonesimulator/CCryptoBoringSSL.build/Objects-normal/arm64/p_rsa_asn1.o -index-unit-output-path /swift-crypto.build/Debug-iphonesimulator/CCryptoBoringSSL.build/Objects-normal/arm64/p_rsa_asn1.o

CompileC /Users/j/Documents/GitHub/MoneroOne/build/Build/Intermediates.noindex/swift-crypto.build/Debug-iphonesimulator/CCryptoBoringSSL.build/Objects-normal/arm64/p_rsa.o /Users/j/Documents/GitHub/MoneroOne/build/SourcePackages/checkouts/swift-crypto/Sources/CCryptoBoringSSL/crypto/evp/p_rsa.c normal arm64 c com.apple.compilers.llvm.clang.1_0.compiler (in target 'CCryptoBoringSSL' from project 'swift-crypto')
    cd /Users/j/Documents/GitHub/MoneroOne/MoneroOne.xcodeproj
    
    Using response file: /Users/j/Documents/GitHub/MoneroOne/build/Build/Intermediates.noindex/swift-crypto.build/Debug-iphonesimulator/CCryptoBoringSSL.build/Objects-normal/arm64/7187679823f38a2a940e0043cdf9d637-common-args.resp
    
    /Applications/Xcode.app/Contents/Developer/Toolchains/XcodeDefault.xctoolchain/usr/bin/clang -x c -ivfsstatcache /Users/j/Documents/GitHub/MoneroOne/build/SDKStatCaches.noindex/iphonesimulator26.1-23B77-90cf18a4295e390e64c810bc6bd7acbc.sdkstatcache -fmessage-length\=0 -fdiagnostics-show-note-include-stack -fmacro-backtrace-limit\=0 -fno-color-diagnostics -fmodules-prune-interval\=86400 -fmodules-prune-after\=345600 -fbuild-session-file\=/Users/j/Documents/GitHub/MoneroOne/build/ModuleCache.noindex/Session.modulevalidation -fmodules-validate-once-per-build-session -Wnon-modular-include-in-framework-module -Werror\=non-modular-include-in-framework-module -Wno-trigraphs -Wno-missing-field-initializers -Wno-missing-prototypes -Wno-return-type -Wno-missing-braces -Wparentheses -Wswitch -Wno-unused-function -Wno-unused-label -Wno-unused-parameter -Wno-unused-variable -Wunused-value -Wno-empty-body -Wno-uninitialized -Wno-unknown-pragmas -w -Wno-shadow -Wno-four-char-constants -Wno-conversion -Wno-constant-conversion -Wno-int-conversion -Wno-bool-conversion -Wno-enum-conversion -Wno-float-conversion -Wno-non-literal-null-conversion -Wno-objc-literal-conversion -Wshorten-64-to-32 -Wpointer-sign -Wno-newline-eof -Wno-implicit-fallthrough -fstrict-aliasing -Wdeprecated-declarations -Wno-sign-conversion -Wno-infinite-recursion -Wno-comma -Wno-block-capture-autoreleasing -Wno-strict-prototypes -Wno-semicolon-before-method-body -index-store-path /Users/j/Documents/GitHub/MoneroOne/build/Index.noindex/DataStore @/Users/j/Documents/GitHub/MoneroOne/build/Build/Intermediates.noindex/swift-crypto.build/Debug-iphonesimulator/CCryptoBoringSSL.build/Objects-normal/arm64/7187679823f38a2a940e0043cdf9d637-common-args.resp -MMD -MT dependencies -MF /Users/j/Documents/GitHub/MoneroOne/build/Build/Intermediates.noindex/swift-crypto.build/Debug-iphonesimulator/CCryptoBoringSSL.build/Objects-normal/arm64/p_rsa.d --serialize-diagnostics /Users/j/Documents/GitHub/MoneroOne/build/Build/Intermediates.noindex/swift-crypto.build/Debug-iphonesimulator/CCryptoBoringSSL.build/Objects-normal/arm64/p_rsa.dia -c /Users/j/Documents/GitHub/MoneroOne/build/SourcePackages/checkouts/swift-crypto/Sources/CCryptoBoringSSL/crypto/evp/p_rsa.c -o /Users/j/Documents/GitHub/MoneroOne/build/Build/Intermediates.noindex/swift-crypto.build/Debug-iphonesimulator/CCryptoBoringSSL.build/Objects-normal/arm64/p_rsa.o -index-unit-output-path /swift-crypto.build/Debug-iphonesimulator/CCryptoBoringSSL.build/Objects-normal/arm64/p_rsa.o

CompileC /Users/j/Documents/GitHub/MoneroOne/build/Build/Intermediates.noindex/swift-crypto.build/Debug-iphonesimulator/CCryptoBoringSSL.build/Objects-normal/arm64/p_hkdf.o /Users/j/Documents/GitHub/MoneroOne/build/SourcePackages/checkouts/swift-crypto/Sources/CCryptoBoringSSL/crypto/evp/p_hkdf.c normal arm64 c com.apple.compilers.llvm.clang.1_0.compiler (in target 'CCryptoBoringSSL' from project 'swift-crypto')
    cd /Users/j/Documents/GitHub/MoneroOne/MoneroOne.xcodeproj
    
    Using response file: /Users/j/Documents/GitHub/MoneroOne/build/Build/Intermediates.noindex/swift-crypto.build/Debug-iphonesimulator/CCryptoBoringSSL.build/Objects-normal/arm64/7187679823f38a2a940e0043cdf9d637-common-args.resp
    
    /Applications/Xcode.app/Contents/Developer/Toolchains/XcodeDefault.xctoolchain/usr/bin/clang -x c -ivfsstatcache /Users/j/Documents/GitHub/MoneroOne/build/SDKStatCaches.noindex/iphonesimulator26.1-23B77-90cf18a4295e390e64c810bc6bd7acbc.sdkstatcache -fmessage-length\=0 -fdiagnostics-show-note-include-stack -fmacro-backtrace-limit\=0 -fno-color-diagnostics -fmodules-prune-interval\=86400 -fmodules-prune-after\=345600 -fbuild-session-file\=/Users/j/Documents/GitHub/MoneroOne/build/ModuleCache.noindex/Session.modulevalidation -fmodules-validate-once-per-build-session -Wnon-modular-include-in-framework-module -Werror\=non-modular-include-in-framework-module -Wno-trigraphs -Wno-missing-field-initializers -Wno-missing-prototypes -Wno-return-type -Wno-missing-braces -Wparentheses -Wswitch -Wno-unused-function -Wno-unused-label -Wno-unused-parameter -Wno-unused-variable -Wunused-value -Wno-empty-body -Wno-uninitialized -Wno-unknown-pragmas -w -Wno-shadow -Wno-four-char-constants -Wno-conversion -Wno-constant-conversion -Wno-int-conversion -Wno-bool-conversion -Wno-enum-conversion -Wno-float-conversion -Wno-non-literal-null-conversion -Wno-objc-literal-conversion -Wshorten-64-to-32 -Wpointer-sign -Wno-newline-eof -Wno-implicit-fallthrough -fstrict-aliasing -Wdeprecated-declarations -Wno-sign-conversion -Wno-infinite-recursion -Wno-comma -Wno-block-capture-autoreleasing -Wno-strict-prototypes -Wno-semicolon-before-method-body -index-store-path /Users/j/Documents/GitHub/MoneroOne/build/Index.noindex/DataStore @/Users/j/Documents/GitHub/MoneroOne/build/Build/Intermediates.noindex/swift-crypto.build/Debug-iphonesimulator/CCryptoBoringSSL.build/Objects-normal/arm64/7187679823f38a2a940e0043cdf9d637-common-args.resp -MMD -MT dependencies -MF /Users/j/Documents/GitHub/MoneroOne/build/Build/Intermediates.noindex/swift-crypto.build/Debug-iphonesimulator/CCryptoBoringSSL.build/Objects-normal/arm64/p_hkdf.d --serialize-diagnostics /Users/j/Documents/GitHub/MoneroOne/build/Build/Intermediates.noindex/swift-crypto.build/Debug-iphonesimulator/CCryptoBoringSSL.build/Objects-normal/arm64/p_hkdf.dia -c /Users/j/Documents/GitHub/MoneroOne/build/SourcePackages/checkouts/swift-crypto/Sources/CCryptoBoringSSL/crypto/evp/p_hkdf.c -o /Users/j/Documents/GitHub/MoneroOne/build/Build/Intermediates.noindex/swift-crypto.build/Debug-iphonesimulator/CCryptoBoringSSL.build/Objects-normal/arm64/p_hkdf.o -index-unit-output-path /swift-crypto.build/Debug-iphonesimulator/CCryptoBoringSSL.build/Objects-normal/arm64/p_hkdf.o

CompileC /Users/j/Documents/GitHub/MoneroOne/build/Build/Intermediates.noindex/swift-crypto.build/Debug-iphonesimulator/CCryptoBoringSSL.build/Objects-normal/arm64/p_ed25519_asn1.o /Users/j/Documents/GitHub/MoneroOne/build/SourcePackages/checkouts/swift-crypto/Sources/CCryptoBoringSSL/crypto/evp/p_ed25519_asn1.c normal arm64 c com.apple.compilers.llvm.clang.1_0.compiler (in target 'CCryptoBoringSSL' from project 'swift-crypto')
    cd /Users/j/Documents/GitHub/MoneroOne/MoneroOne.xcodeproj
    
    Using response file: /Users/j/Documents/GitHub/MoneroOne/build/Build/Intermediates.noindex/swift-crypto.build/Debug-iphonesimulator/CCryptoBoringSSL.build/Objects-normal/arm64/7187679823f38a2a940e0043cdf9d637-common-args.resp
    
    /Applications/Xcode.app/Contents/Developer/Toolchains/XcodeDefault.xctoolchain/usr/bin/clang -x c -ivfsstatcache /Users/j/Documents/GitHub/MoneroOne/build/SDKStatCaches.noindex/iphonesimulator26.1-23B77-90cf18a4295e390e64c810bc6bd7acbc.sdkstatcache -fmessage-length\=0 -fdiagnostics-show-note-include-stack -fmacro-backtrace-limit\=0 -fno-color-diagnostics -fmodules-prune-interval\=86400 -fmodules-prune-after\=345600 -fbuild-session-file\=/Users/j/Documents/GitHub/MoneroOne/build/ModuleCache.noindex/Session.modulevalidation -fmodules-validate-once-per-build-session -Wnon-modular-include-in-framework-module -Werror\=non-modular-include-in-framework-module -Wno-trigraphs -Wno-missing-field-initializers -Wno-missing-prototypes -Wno-return-type -Wno-missing-braces -Wparentheses -Wswitch -Wno-unused-function -Wno-unused-label -Wno-unused-parameter -Wno-unused-variable -Wunused-value -Wno-empty-body -Wno-uninitialized -Wno-unknown-pragmas -w -Wno-shadow -Wno-four-char-constants -Wno-conversion -Wno-constant-conversion -Wno-int-conversion -Wno-bool-conversion -Wno-enum-conversion -Wno-float-conversion -Wno-non-literal-null-conversion -Wno-objc-literal-conversion -Wshorten-64-to-32 -Wpointer-sign -Wno-newline-eof -Wno-implicit-fallthrough -fstrict-aliasing -Wdeprecated-declarations -Wno-sign-conversion -Wno-infinite-recursion -Wno-comma -Wno-block-capture-autoreleasing -Wno-strict-prototypes -Wno-semicolon-before-method-body -index-store-path /Users/j/Documents/GitHub/MoneroOne/build/Index.noindex/DataStore @/Users/j/Documents/GitHub/MoneroOne/build/Build/Intermediates.noindex/swift-crypto.build/Debug-iphonesimulator/CCryptoBoringSSL.build/Objects-normal/arm64/7187679823f38a2a940e0043cdf9d637-common-args.resp -MMD -MT dependencies -MF /Users/j/Documents/GitHub/MoneroOne/build/Build/Intermediates.noindex/swift-crypto.build/Debug-iphonesimulator/CCryptoBoringSSL.build/Objects-normal/arm64/p_ed25519_asn1.d --serialize-diagnostics /Users/j/Documents/GitHub/MoneroOne/build/Build/Intermediates.noindex/swift-crypto.build/Debug-iphonesimulator/CCryptoBoringSSL.build/Objects-normal/arm64/p_ed25519_asn1.dia -c /Users/j/Documents/GitHub/MoneroOne/build/SourcePackages/checkouts/swift-crypto/Sources/CCryptoBoringSSL/crypto/evp/p_ed25519_asn1.c -o /Users/j/Documents/GitHub/MoneroOne/build/Build/Intermediates.noindex/swift-crypto.build/Debug-iphonesimulator/CCryptoBoringSSL.build/Objects-normal/arm64/p_ed25519_asn1.o -index-unit-output-path /swift-crypto.build/Debug-iphonesimulator/CCryptoBoringSSL.build/Objects-normal/arm64/p_ed25519_asn1.o

CompileC /Users/j/Documents/GitHub/MoneroOne/build/Build/Intermediates.noindex/swift-crypto.build/Debug-iphonesimulator/CCryptoBoringSSL.build/Objects-normal/arm64/p_ed25519.o /Users/j/Documents/GitHub/MoneroOne/build/SourcePackages/checkouts/swift-crypto/Sources/CCryptoBoringSSL/crypto/evp/p_ed25519.c normal arm64 c com.apple.compilers.llvm.clang.1_0.compiler (in target 'CCryptoBoringSSL' from project 'swift-crypto')
    cd /Users/j/Documents/GitHub/MoneroOne/MoneroOne.xcodeproj
    
    Using response file: /Users/j/Documents/GitHub/MoneroOne/build/Build/Intermediates.noindex/swift-crypto.build/Debug-iphonesimulator/CCryptoBoringSSL.build/Objects-normal/arm64/7187679823f38a2a940e0043cdf9d637-common-args.resp
    
    /Applications/Xcode.app/Contents/Developer/Toolchains/XcodeDefault.xctoolchain/usr/bin/clang -x c -ivfsstatcache /Users/j/Documents/GitHub/MoneroOne/build/SDKStatCaches.noindex/iphonesimulator26.1-23B77-90cf18a4295e390e64c810bc6bd7acbc.sdkstatcache -fmessage-length\=0 -fdiagnostics-show-note-include-stack -fmacro-backtrace-limit\=0 -fno-color-diagnostics -fmodules-prune-interval\=86400 -fmodules-prune-after\=345600 -fbuild-session-file\=/Users/j/Documents/GitHub/MoneroOne/build/ModuleCache.noindex/Session.modulevalidation -fmodules-validate-once-per-build-session -Wnon-modular-include-in-framework-module -Werror\=non-modular-include-in-framework-module -Wno-trigraphs -Wno-missing-field-initializers -Wno-missing-prototypes -Wno-return-type -Wno-missing-braces -Wparentheses -Wswitch -Wno-unused-function -Wno-unused-label -Wno-unused-parameter -Wno-unused-variable -Wunused-value -Wno-empty-body -Wno-uninitialized -Wno-unknown-pragmas -w -Wno-shadow -Wno-four-char-constants -Wno-conversion -Wno-constant-conversion -Wno-int-conversion -Wno-bool-conversion -Wno-enum-conversion -Wno-float-conversion -Wno-non-literal-null-conversion -Wno-objc-literal-conversion -Wshorten-64-to-32 -Wpointer-sign -Wno-newline-eof -Wno-implicit-fallthrough -fstrict-aliasing -Wdeprecated-declarations -Wno-sign-conversion -Wno-infinite-recursion -Wno-comma -Wno-block-capture-autoreleasing -Wno-strict-prototypes -Wno-semicolon-before-method-body -index-store-path /Users/j/Documents/GitHub/MoneroOne/build/Index.noindex/DataStore @/Users/j/Documents/GitHub/MoneroOne/build/Build/Intermediates.noindex/swift-crypto.build/Debug-iphonesimulator/CCryptoBoringSSL.build/Objects-normal/arm64/7187679823f38a2a940e0043cdf9d637-common-args.resp -MMD -MT dependencies -MF /Users/j/Documents/GitHub/MoneroOne/build/Build/Intermediates.noindex/swift-crypto.build/Debug-iphonesimulator/CCryptoBoringSSL.build/Objects-normal/arm64/p_ed25519.d --serialize-diagnostics /Users/j/Documents/GitHub/MoneroOne/build/Build/Intermediates.noindex/swift-crypto.build/Debug-iphonesimulator/CCryptoBoringSSL.build/Objects-normal/arm64/p_ed25519.dia -c /Users/j/Documents/GitHub/MoneroOne/build/SourcePackages/checkouts/swift-crypto/Sources/CCryptoBoringSSL/crypto/evp/p_ed25519.c -o /Users/j/Documents/GitHub/MoneroOne/build/Build/Intermediates.noindex/swift-crypto.build/Debug-iphonesimulator/CCryptoBoringSSL.build/Objects-normal/arm64/p_ed25519.o -index-unit-output-path /swift-crypto.build/Debug-iphonesimulator/CCryptoBoringSSL.build/Objects-normal/arm64/p_ed25519.o

CompileC /Users/j/Documents/GitHub/MoneroOne/build/Build/Intermediates.noindex/swift-crypto.build/Debug-iphonesimulator/CCryptoBoringSSL.build/Objects-normal/arm64/p_ec_asn1.o /Users/j/Documents/GitHub/MoneroOne/build/SourcePackages/checkouts/swift-crypto/Sources/CCryptoBoringSSL/crypto/evp/p_ec_asn1.c normal arm64 c com.apple.compilers.llvm.clang.1_0.compiler (in target 'CCryptoBoringSSL' from project 'swift-crypto')
    cd /Users/j/Documents/GitHub/MoneroOne/MoneroOne.xcodeproj
    
    Using response file: /Users/j/Documents/GitHub/MoneroOne/build/Build/Intermediates.noindex/swift-crypto.build/Debug-iphonesimulator/CCryptoBoringSSL.build/Objects-normal/arm64/7187679823f38a2a940e0043cdf9d637-common-args.resp
    
    /Applications/Xcode.app/Contents/Developer/Toolchains/XcodeDefault.xctoolchain/usr/bin/clang -x c -ivfsstatcache /Users/j/Documents/GitHub/MoneroOne/build/SDKStatCaches.noindex/iphonesimulator26.1-23B77-90cf18a4295e390e64c810bc6bd7acbc.sdkstatcache -fmessage-length\=0 -fdiagnostics-show-note-include-stack -fmacro-backtrace-limit\=0 -fno-color-diagnostics -fmodules-prune-interval\=86400 -fmodules-prune-after\=345600 -fbuild-session-file\=/Users/j/Documents/GitHub/MoneroOne/build/ModuleCache.noindex/Session.modulevalidation -fmodules-validate-once-per-build-session -Wnon-modular-include-in-framework-module -Werror\=non-modular-include-in-framework-module -Wno-trigraphs -Wno-missing-field-initializers -Wno-missing-prototypes -Wno-return-type -Wno-missing-braces -Wparentheses -Wswitch -Wno-unused-function -Wno-unused-label -Wno-unused-parameter -Wno-unused-variable -Wunused-value -Wno-empty-body -Wno-uninitialized -Wno-unknown-pragmas -w -Wno-shadow -Wno-four-char-constants -Wno-conversion -Wno-constant-conversion -Wno-int-conversion -Wno-bool-conversion -Wno-enum-conversion -Wno-float-conversion -Wno-non-literal-null-conversion -Wno-objc-literal-conversion -Wshorten-64-to-32 -Wpointer-sign -Wno-newline-eof -Wno-implicit-fallthrough -fstrict-aliasing -Wdeprecated-declarations -Wno-sign-conversion -Wno-infinite-recursion -Wno-comma -Wno-block-capture-autoreleasing -Wno-strict-prototypes -Wno-semicolon-before-method-body -index-store-path /Users/j/Documents/GitHub/MoneroOne/build/Index.noindex/DataStore @/Users/j/Documents/GitHub/MoneroOne/build/Build/Intermediates.noindex/swift-crypto.build/Debug-iphonesimulator/CCryptoBoringSSL.build/Objects-normal/arm64/7187679823f38a2a940e0043cdf9d637-common-args.resp -MMD -MT dependencies -MF /Users/j/Documents/GitHub/MoneroOne/build/Build/Intermediates.noindex/swift-crypto.build/Debug-iphonesimulator/CCryptoBoringSSL.build/Objects-normal/arm64/p_ec_asn1.d --serialize-diagnostics /Users/j/Documents/GitHub/MoneroOne/build/Build/Intermediates.noindex/swift-crypto.build/Debug-iphonesimulator/CCryptoBoringSSL.build/Objects-normal/arm64/p_ec_asn1.dia -c /Users/j/Documents/GitHub/MoneroOne/build/SourcePackages/checkouts/swift-crypto/Sources/CCryptoBoringSSL/crypto/evp/p_ec_asn1.c -o /Users/j/Documents/GitHub/MoneroOne/build/Build/Intermediates.noindex/swift-crypto.build/Debug-iphonesimulator/CCryptoBoringSSL.build/Objects-normal/arm64/p_ec_asn1.o -index-unit-output-path /swift-crypto.build/Debug-iphonesimulator/CCryptoBoringSSL.build/Objects-normal/arm64/p_ec_asn1.o

CompileC /Users/j/Documents/GitHub/MoneroOne/build/Build/Intermediates.noindex/swift-crypto.build/Debug-iphonesimulator/CCryptoBoringSSL.build/Objects-normal/arm64/p_ec.o /Users/j/Documents/GitHub/MoneroOne/build/SourcePackages/checkouts/swift-crypto/Sources/CCryptoBoringSSL/crypto/evp/p_ec.c normal arm64 c com.apple.compilers.llvm.clang.1_0.compiler (in target 'CCryptoBoringSSL' from project 'swift-crypto')
    cd /Users/j/Documents/GitHub/MoneroOne/MoneroOne.xcodeproj
    
    Using response file: /Users/j/Documents/GitHub/MoneroOne/build/Build/Intermediates.noindex/swift-crypto.build/Debug-iphonesimulator/CCryptoBoringSSL.build/Objects-normal/arm64/7187679823f38a2a940e0043cdf9d637-common-args.resp
    
    /Applications/Xcode.app/Contents/Developer/Toolchains/XcodeDefault.xctoolchain/usr/bin/clang -x c -ivfsstatcache /Users/j/Documents/GitHub/MoneroOne/build/SDKStatCaches.noindex/iphonesimulator26.1-23B77-90cf18a4295e390e64c810bc6bd7acbc.sdkstatcache -fmessage-length\=0 -fdiagnostics-show-note-include-stack -fmacro-backtrace-limit\=0 -fno-color-diagnostics -fmodules-prune-interval\=86400 -fmodules-prune-after\=345600 -fbuild-session-file\=/Users/j/Documents/GitHub/MoneroOne/build/ModuleCache.noindex/Session.modulevalidation -fmodules-validate-once-per-build-session -Wnon-modular-include-in-framework-module -Werror\=non-modular-include-in-framework-module -Wno-trigraphs -Wno-missing-field-initializers -Wno-missing-prototypes -Wno-return-type -Wno-missing-braces -Wparentheses -Wswitch -Wno-unused-function -Wno-unused-label -Wno-unused-parameter -Wno-unused-variable -Wunused-value -Wno-empty-body -Wno-uninitialized -Wno-unknown-pragmas -w -Wno-shadow -Wno-four-char-constants -Wno-conversion -Wno-constant-conversion -Wno-int-conversion -Wno-bool-conversion -Wno-enum-conversion -Wno-float-conversion -Wno-non-literal-null-conversion -Wno-objc-literal-conversion -Wshorten-64-to-32 -Wpointer-sign -Wno-newline-eof -Wno-implicit-fallthrough -fstrict-aliasing -Wdeprecated-declarations -Wno-sign-conversion -Wno-infinite-recursion -Wno-comma -Wno-block-capture-autoreleasing -Wno-strict-prototypes -Wno-semicolon-before-method-body -index-store-path /Users/j/Documents/GitHub/MoneroOne/build/Index.noindex/DataStore @/Users/j/Documents/GitHub/MoneroOne/build/Build/Intermediates.noindex/swift-crypto.build/Debug-iphonesimulator/CCryptoBoringSSL.build/Objects-normal/arm64/7187679823f38a2a940e0043cdf9d637-common-args.resp -MMD -MT dependencies -MF /Users/j/Documents/GitHub/MoneroOne/build/Build/Intermediates.noindex/swift-crypto.build/Debug-iphonesimulator/CCryptoBoringSSL.build/Objects-normal/arm64/p_ec.d --serialize-diagnostics /Users/j/Documents/GitHub/MoneroOne/build/Build/Intermediates.noindex/swift-crypto.build/Debug-iphonesimulator/CCryptoBoringSSL.build/Objects-normal/arm64/p_ec.dia -c /Users/j/Documents/GitHub/MoneroOne/build/SourcePackages/checkouts/swift-crypto/Sources/CCryptoBoringSSL/crypto/evp/p_ec.c -o /Users/j/Documents/GitHub/MoneroOne/build/Build/Intermediates.noindex/swift-crypto.build/Debug-iphonesimulator/CCryptoBoringSSL.build/Objects-normal/arm64/p_ec.o -index-unit-output-path /swift-crypto.build/Debug-iphonesimulator/CCryptoBoringSSL.build/Objects-normal/arm64/p_ec.o

CompileC /Users/j/Documents/GitHub/MoneroOne/build/Build/Intermediates.noindex/swift-crypto.build/Debug-iphonesimulator/CCryptoBoringSSL.build/Objects-normal/arm64/p_dsa_asn1.o /Users/j/Documents/GitHub/MoneroOne/build/SourcePackages/checkouts/swift-crypto/Sources/CCryptoBoringSSL/crypto/evp/p_dsa_asn1.c normal arm64 c com.apple.compilers.llvm.clang.1_0.compiler (in target 'CCryptoBoringSSL' from project 'swift-crypto')
    cd /Users/j/Documents/GitHub/MoneroOne/MoneroOne.xcodeproj
    
    Using response file: /Users/j/Documents/GitHub/MoneroOne/build/Build/Intermediates.noindex/swift-crypto.build/Debug-iphonesimulator/CCryptoBoringSSL.build/Objects-normal/arm64/7187679823f38a2a940e0043cdf9d637-common-args.resp
    
    /Applications/Xcode.app/Contents/Developer/Toolchains/XcodeDefault.xctoolchain/usr/bin/clang -x c -ivfsstatcache /Users/j/Documents/GitHub/MoneroOne/build/SDKStatCaches.noindex/iphonesimulator26.1-23B77-90cf18a4295e390e64c810bc6bd7acbc.sdkstatcache -fmessage-length\=0 -fdiagnostics-show-note-include-stack -fmacro-backtrace-limit\=0 -fno-color-diagnostics -fmodules-prune-interval\=86400 -fmodules-prune-after\=345600 -fbuild-session-file\=/Users/j/Documents/GitHub/MoneroOne/build/ModuleCache.noindex/Session.modulevalidation -fmodules-validate-once-per-build-session -Wnon-modular-include-in-framework-module -Werror\=non-modular-include-in-framework-module -Wno-trigraphs -Wno-missing-field-initializers -Wno-missing-prototypes -Wno-return-type -Wno-missing-braces -Wparentheses -Wswitch -Wno-unused-function -Wno-unused-label -Wno-unused-parameter -Wno-unused-variable -Wunused-value -Wno-empty-body -Wno-uninitialized -Wno-unknown-pragmas -w -Wno-shadow -Wno-four-char-constants -Wno-conversion -Wno-constant-conversion -Wno-int-conversion -Wno-bool-conversion -Wno-enum-conversion -Wno-float-conversion -Wno-non-literal-null-conversion -Wno-objc-literal-conversion -Wshorten-64-to-32 -Wpointer-sign -Wno-newline-eof -Wno-implicit-fallthrough -fstrict-aliasing -Wdeprecated-declarations -Wno-sign-conversion -Wno-infinite-recursion -Wno-comma -Wno-block-capture-autoreleasing -Wno-strict-prototypes -Wno-semicolon-before-method-body -index-store-path /Users/j/Documents/GitHub/MoneroOne/build/Index.noindex/DataStore @/Users/j/Documents/GitHub/MoneroOne/build/Build/Intermediates.noindex/swift-crypto.build/Debug-iphonesimulator/CCryptoBoringSSL.build/Objects-normal/arm64/7187679823f38a2a940e0043cdf9d637-common-args.resp -MMD -MT dependencies -MF /Users/j/Documents/GitHub/MoneroOne/build/Build/Intermediates.noindex/swift-crypto.build/Debug-iphonesimulator/CCryptoBoringSSL.build/Objects-normal/arm64/p_dsa_asn1.d --serialize-diagnostics /Users/j/Documents/GitHub/MoneroOne/build/Build/Intermediates.noindex/swift-crypto.build/Debug-iphonesimulator/CCryptoBoringSSL.build/Objects-normal/arm64/p_dsa_asn1.dia -c /Users/j/Documents/GitHub/MoneroOne/build/SourcePackages/checkouts/swift-crypto/Sources/CCryptoBoringSSL/crypto/evp/p_dsa_asn1.c -o /Users/j/Documents/GitHub/MoneroOne/build/Build/Intermediates.noindex/swift-crypto.build/Debug-iphonesimulator/CCryptoBoringSSL.build/Objects-normal/arm64/p_dsa_asn1.o -index-unit-output-path /swift-crypto.build/Debug-iphonesimulator/CCryptoBoringSSL.build/Objects-normal/arm64/p_dsa_asn1.o

CompileC /Users/j/Documents/GitHub/MoneroOne/build/Build/Intermediates.noindex/swift-crypto.build/Debug-iphonesimulator/CCryptoBoringSSL.build/Objects-normal/arm64/p5_pbev2.o /Users/j/Documents/GitHub/MoneroOne/build/SourcePackages/checkouts/swift-crypto/Sources/CCryptoBoringSSL/crypto/pkcs8/p5_pbev2.c normal arm64 c com.apple.compilers.llvm.clang.1_0.compiler (in target 'CCryptoBoringSSL' from project 'swift-crypto')
    cd /Users/j/Documents/GitHub/MoneroOne/MoneroOne.xcodeproj
    
    Using response file: /Users/j/Documents/GitHub/MoneroOne/build/Build/Intermediates.noindex/swift-crypto.build/Debug-iphonesimulator/CCryptoBoringSSL.build/Objects-normal/arm64/7187679823f38a2a940e0043cdf9d637-common-args.resp
    
    /Applications/Xcode.app/Contents/Developer/Toolchains/XcodeDefault.xctoolchain/usr/bin/clang -x c -ivfsstatcache /Users/j/Documents/GitHub/MoneroOne/build/SDKStatCaches.noindex/iphonesimulator26.1-23B77-90cf18a4295e390e64c810bc6bd7acbc.sdkstatcache -fmessage-length\=0 -fdiagnostics-show-note-include-stack -fmacro-backtrace-limit\=0 -fno-color-diagnostics -fmodules-prune-interval\=86400 -fmodules-prune-after\=345600 -fbuild-session-file\=/Users/j/Documents/GitHub/MoneroOne/build/ModuleCache.noindex/Session.modulevalidation -fmodules-validate-once-per-build-session -Wnon-modular-include-in-framework-module -Werror\=non-modular-include-in-framework-module -Wno-trigraphs -Wno-missing-field-initializers -Wno-missing-prototypes -Wno-return-type -Wno-missing-braces -Wparentheses -Wswitch -Wno-unused-function -Wno-unused-label -Wno-unused-parameter -Wno-unused-variable -Wunused-value -Wno-empty-body -Wno-uninitialized -Wno-unknown-pragmas -w -Wno-shadow -Wno-four-char-constants -Wno-conversion -Wno-constant-conversion -Wno-int-conversion -Wno-bool-conversion -Wno-enum-conversion -Wno-float-conversion -Wno-non-literal-null-conversion -Wno-objc-literal-conversion -Wshorten-64-to-32 -Wpointer-sign -Wno-newline-eof -Wno-implicit-fallthrough -fstrict-aliasing -Wdeprecated-declarations -Wno-sign-conversion -Wno-infinite-recursion -Wno-comma -Wno-block-capture-autoreleasing -Wno-strict-prototypes -Wno-semicolon-before-method-body -index-store-path /Users/j/Documents/GitHub/MoneroOne/build/Index.noindex/DataStore @/Users/j/Documents/GitHub/MoneroOne/build/Build/Intermediates.noindex/swift-crypto.build/Debug-iphonesimulator/CCryptoBoringSSL.build/Objects-normal/arm64/7187679823f38a2a940e0043cdf9d637-common-args.resp -MMD -MT dependencies -MF /Users/j/Documents/GitHub/MoneroOne/build/Build/Intermediates.noindex/swift-crypto.build/Debug-iphonesimulator/CCryptoBoringSSL.build/Objects-normal/arm64/p5_pbev2.d --serialize-diagnostics /Users/j/Documents/GitHub/MoneroOne/build/Build/Intermediates.noindex/swift-crypto.build/Debug-iphonesimulator/CCryptoBoringSSL.build/Objects-normal/arm64/p5_pbev2.dia -c /Users/j/Documents/GitHub/MoneroOne/build/SourcePackages/checkouts/swift-crypto/Sources/CCryptoBoringSSL/crypto/pkcs8/p5_pbev2.c -o /Users/j/Documents/GitHub/MoneroOne/build/Build/Intermediates.noindex/swift-crypto.build/Debug-iphonesimulator/CCryptoBoringSSL.build/Objects-normal/arm64/p5_pbev2.o -index-unit-output-path /swift-crypto.build/Debug-iphonesimulator/CCryptoBoringSSL.build/Objects-normal/arm64/p5_pbev2.o

CompileC /Users/j/Documents/GitHub/MoneroOne/build/Build/Intermediates.noindex/swift-crypto.build/Debug-iphonesimulator/CCryptoBoringSSL.build/Objects-normal/arm64/p256.o /Users/j/Documents/GitHub/MoneroOne/build/SourcePackages/checkouts/swift-crypto/Sources/CCryptoBoringSSL/crypto/fipsmodule/ec/p256.c normal arm64 c com.apple.compilers.llvm.clang.1_0.compiler (in target 'CCryptoBoringSSL' from project 'swift-crypto')
    cd /Users/j/Documents/GitHub/MoneroOne/MoneroOne.xcodeproj
    
    Using response file: /Users/j/Documents/GitHub/MoneroOne/build/Build/Intermediates.noindex/swift-crypto.build/Debug-iphonesimulator/CCryptoBoringSSL.build/Objects-normal/arm64/7187679823f38a2a940e0043cdf9d637-common-args.resp
    
    /Applications/Xcode.app/Contents/Developer/Toolchains/XcodeDefault.xctoolchain/usr/bin/clang -x c -ivfsstatcache /Users/j/Documents/GitHub/MoneroOne/build/SDKStatCaches.noindex/iphonesimulator26.1-23B77-90cf18a4295e390e64c810bc6bd7acbc.sdkstatcache -fmessage-length\=0 -fdiagnostics-show-note-include-stack -fmacro-backtrace-limit\=0 -fno-color-diagnostics -fmodules-prune-interval\=86400 -fmodules-prune-after\=345600 -fbuild-session-file\=/Users/j/Documents/GitHub/MoneroOne/build/ModuleCache.noindex/Session.modulevalidation -fmodules-validate-once-per-build-session -Wnon-modular-include-in-framework-module -Werror\=non-modular-include-in-framework-module -Wno-trigraphs -Wno-missing-field-initializers -Wno-missing-prototypes -Wno-return-type -Wno-missing-braces -Wparentheses -Wswitch -Wno-unused-function -Wno-unused-label -Wno-unused-parameter -Wno-unused-variable -Wunused-value -Wno-empty-body -Wno-uninitialized -Wno-unknown-pragmas -w -Wno-shadow -Wno-four-char-constants -Wno-conversion -Wno-constant-conversion -Wno-int-conversion -Wno-bool-conversion -Wno-enum-conversion -Wno-float-conversion -Wno-non-literal-null-conversion -Wno-objc-literal-conversion -Wshorten-64-to-32 -Wpointer-sign -Wno-newline-eof -Wno-implicit-fallthrough -fstrict-aliasing -Wdeprecated-declarations -Wno-sign-conversion -Wno-infinite-recursion -Wno-comma -Wno-block-capture-autoreleasing -Wno-strict-prototypes -Wno-semicolon-before-method-body -index-store-path /Users/j/Documents/GitHub/MoneroOne/build/Index.noindex/DataStore @/Users/j/Documents/GitHub/MoneroOne/build/Build/Intermediates.noindex/swift-crypto.build/Debug-iphonesimulator/CCryptoBoringSSL.build/Objects-normal/arm64/7187679823f38a2a940e0043cdf9d637-common-args.resp -MMD -MT dependencies -MF /Users/j/Documents/GitHub/MoneroOne/build/Build/Intermediates.noindex/swift-crypto.build/Debug-iphonesimulator/CCryptoBoringSSL.build/Objects-normal/arm64/p256.d --serialize-diagnostics /Users/j/Documents/GitHub/MoneroOne/build/Build/Intermediates.noindex/swift-crypto.build/Debug-iphonesimulator/CCryptoBoringSSL.build/Objects-normal/arm64/p256.dia -c /Users/j/Documents/GitHub/MoneroOne/build/SourcePackages/checkouts/swift-crypto/Sources/CCryptoBoringSSL/crypto/fipsmodule/ec/p256.c -o /Users/j/Documents/GitHub/MoneroOne/build/Build/Intermediates.noindex/swift-crypto.build/Debug-iphonesimulator/CCryptoBoringSSL.build/Objects-normal/arm64/p256.o -index-unit-output-path /swift-crypto.build/Debug-iphonesimulator/CCryptoBoringSSL.build/Objects-normal/arm64/p256.o

CompileC /Users/j/Documents/GitHub/MoneroOne/build/Build/Intermediates.noindex/swift-crypto.build/Debug-iphonesimulator/CCryptoBoringSSL.build/Objects-normal/arm64/p256-nistz.o /Users/j/Documents/GitHub/MoneroOne/build/SourcePackages/checkouts/swift-crypto/Sources/CCryptoBoringSSL/crypto/fipsmodule/ec/p256-nistz.c normal arm64 c com.apple.compilers.llvm.clang.1_0.compiler (in target 'CCryptoBoringSSL' from project 'swift-crypto')
    cd /Users/j/Documents/GitHub/MoneroOne/MoneroOne.xcodeproj
    
    Using response file: /Users/j/Documents/GitHub/MoneroOne/build/Build/Intermediates.noindex/swift-crypto.build/Debug-iphonesimulator/CCryptoBoringSSL.build/Objects-normal/arm64/7187679823f38a2a940e0043cdf9d637-common-args.resp
    
    /Applications/Xcode.app/Contents/Developer/Toolchains/XcodeDefault.xctoolchain/usr/bin/clang -x c -ivfsstatcache /Users/j/Documents/GitHub/MoneroOne/build/SDKStatCaches.noindex/iphonesimulator26.1-23B77-90cf18a4295e390e64c810bc6bd7acbc.sdkstatcache -fmessage-length\=0 -fdiagnostics-show-note-include-stack -fmacro-backtrace-limit\=0 -fno-color-diagnostics -fmodules-prune-interval\=86400 -fmodules-prune-after\=345600 -fbuild-session-file\=/Users/j/Documents/GitHub/MoneroOne/build/ModuleCache.noindex/Session.modulevalidation -fmodules-validate-once-per-build-session -Wnon-modular-include-in-framework-module -Werror\=non-modular-include-in-framework-module -Wno-trigraphs -Wno-missing-field-initializers -Wno-missing-prototypes -Wno-return-type -Wno-missing-braces -Wparentheses -Wswitch -Wno-unused-function -Wno-unused-label -Wno-unused-parameter -Wno-unused-variable -Wunused-value -Wno-empty-body -Wno-uninitialized -Wno-unknown-pragmas -w -Wno-shadow -Wno-four-char-constants -Wno-conversion -Wno-constant-conversion -Wno-int-conversion -Wno-bool-conversion -Wno-enum-conversion -Wno-float-conversion -Wno-non-literal-null-conversion -Wno-objc-literal-conversion -Wshorten-64-to-32 -Wpointer-sign -Wno-newline-eof -Wno-implicit-fallthrough -fstrict-aliasing -Wdeprecated-declarations -Wno-sign-conversion -Wno-infinite-recursion -Wno-comma -Wno-block-capture-autoreleasing -Wno-strict-prototypes -Wno-semicolon-before-method-body -index-store-path /Users/j/Documents/GitHub/MoneroOne/build/Index.noindex/DataStore @/Users/j/Documents/GitHub/MoneroOne/build/Build/Intermediates.noindex/swift-crypto.build/Debug-iphonesimulator/CCryptoBoringSSL.build/Objects-normal/arm64/7187679823f38a2a940e0043cdf9d637-common-args.resp -MMD -MT dependencies -MF /Users/j/Documents/GitHub/MoneroOne/build/Build/Intermediates.noindex/swift-crypto.build/Debug-iphonesimulator/CCryptoBoringSSL.build/Objects-normal/arm64/p256-nistz.d --serialize-diagnostics /Users/j/Documents/GitHub/MoneroOne/build/Build/Intermediates.noindex/swift-crypto.build/Debug-iphonesimulator/CCryptoBoringSSL.build/Objects-normal/arm64/p256-nistz.dia -c /Users/j/Documents/GitHub/MoneroOne/build/SourcePackages/checkouts/swift-crypto/Sources/CCryptoBoringSSL/crypto/fipsmodule/ec/p256-nistz.c -o /Users/j/Documents/GitHub/MoneroOne/build/Build/Intermediates.noindex/swift-crypto.build/Debug-iphonesimulator/CCryptoBoringSSL.build/Objects-normal/arm64/p256-nistz.o -index-unit-output-path /swift-crypto.build/Debug-iphonesimulator/CCryptoBoringSSL.build/Objects-normal/arm64/p256-nistz.o

CompileC /Users/j/Documents/GitHub/MoneroOne/build/Build/Intermediates.noindex/swift-crypto.build/Debug-iphonesimulator/CCryptoBoringSSL.build/Objects-normal/arm64/p224-64.o /Users/j/Documents/GitHub/MoneroOne/build/SourcePackages/checkouts/swift-crypto/Sources/CCryptoBoringSSL/crypto/fipsmodule/ec/p224-64.c normal arm64 c com.apple.compilers.llvm.clang.1_0.compiler (in target 'CCryptoBoringSSL' from project 'swift-crypto')
    cd /Users/j/Documents/GitHub/MoneroOne/MoneroOne.xcodeproj
    
    Using response file: /Users/j/Documents/GitHub/MoneroOne/build/Build/Intermediates.noindex/swift-crypto.build/Debug-iphonesimulator/CCryptoBoringSSL.build/Objects-normal/arm64/7187679823f38a2a940e0043cdf9d637-common-args.resp
    
    /Applications/Xcode.app/Contents/Developer/Toolchains/XcodeDefault.xctoolchain/usr/bin/clang -x c -ivfsstatcache /Users/j/Documents/GitHub/MoneroOne/build/SDKStatCaches.noindex/iphonesimulator26.1-23B77-90cf18a4295e390e64c810bc6bd7acbc.sdkstatcache -fmessage-length\=0 -fdiagnostics-show-note-include-stack -fmacro-backtrace-limit\=0 -fno-color-diagnostics -fmodules-prune-interval\=86400 -fmodules-prune-after\=345600 -fbuild-session-file\=/Users/j/Documents/GitHub/MoneroOne/build/ModuleCache.noindex/Session.modulevalidation -fmodules-validate-once-per-build-session -Wnon-modular-include-in-framework-module -Werror\=non-modular-include-in-framework-module -Wno-trigraphs -Wno-missing-field-initializers -Wno-missing-prototypes -Wno-return-type -Wno-missing-braces -Wparentheses -Wswitch -Wno-unused-function -Wno-unused-label -Wno-unused-parameter -Wno-unused-variable -Wunused-value -Wno-empty-body -Wno-uninitialized -Wno-unknown-pragmas -w -Wno-shadow -Wno-four-char-constants -Wno-conversion -Wno-constant-conversion -Wno-int-conversion -Wno-bool-conversion -Wno-enum-conversion -Wno-float-conversion -Wno-non-literal-null-conversion -Wno-objc-literal-conversion -Wshorten-64-to-32 -Wpointer-sign -Wno-newline-eof -Wno-implicit-fallthrough -fstrict-aliasing -Wdeprecated-declarations -Wno-sign-conversion -Wno-infinite-recursion -Wno-comma -Wno-block-capture-autoreleasing -Wno-strict-prototypes -Wno-semicolon-before-method-body -index-store-path /Users/j/Documents/GitHub/MoneroOne/build/Index.noindex/DataStore @/Users/j/Documents/GitHub/MoneroOne/build/Build/Intermediates.noindex/swift-crypto.build/Debug-iphonesimulator/CCryptoBoringSSL.build/Objects-normal/arm64/7187679823f38a2a940e0043cdf9d637-common-args.resp -MMD -MT dependencies -MF /Users/j/Documents/GitHub/MoneroOne/build/Build/Intermediates.noindex/swift-crypto.build/Debug-iphonesimulator/CCryptoBoringSSL.build/Objects-normal/arm64/p224-64.d --serialize-diagnostics /Users/j/Documents/GitHub/MoneroOne/build/Build/Intermediates.noindex/swift-crypto.build/Debug-iphonesimulator/CCryptoBoringSSL.build/Objects-normal/arm64/p224-64.dia -c /Users/j/Documents/GitHub/MoneroOne/build/SourcePackages/checkouts/swift-crypto/Sources/CCryptoBoringSSL/crypto/fipsmodule/ec/p224-64.c -o /Users/j/Documents/GitHub/MoneroOne/build/Build/Intermediates.noindex/swift-crypto.build/Debug-iphonesimulator/CCryptoBoringSSL.build/Objects-normal/arm64/p224-64.o -index-unit-output-path /swift-crypto.build/Debug-iphonesimulator/CCryptoBoringSSL.build/Objects-normal/arm64/p224-64.o

CompileC /Users/j/Documents/GitHub/MoneroOne/build/Build/Intermediates.noindex/swift-crypto.build/Debug-iphonesimulator/CCryptoBoringSSL.build/Objects-normal/arm64/ofb.o /Users/j/Documents/GitHub/MoneroOne/build/SourcePackages/checkouts/swift-crypto/Sources/CCryptoBoringSSL/crypto/fipsmodule/modes/ofb.c normal arm64 c com.apple.compilers.llvm.clang.1_0.compiler (in target 'CCryptoBoringSSL' from project 'swift-crypto')
    cd /Users/j/Documents/GitHub/MoneroOne/MoneroOne.xcodeproj
    
    Using response file: /Users/j/Documents/GitHub/MoneroOne/build/Build/Intermediates.noindex/swift-crypto.build/Debug-iphonesimulator/CCryptoBoringSSL.build/Objects-normal/arm64/7187679823f38a2a940e0043cdf9d637-common-args.resp
    
    /Applications/Xcode.app/Contents/Developer/Toolchains/XcodeDefault.xctoolchain/usr/bin/clang -x c -ivfsstatcache /Users/j/Documents/GitHub/MoneroOne/build/SDKStatCaches.noindex/iphonesimulator26.1-23B77-90cf18a4295e390e64c810bc6bd7acbc.sdkstatcache -fmessage-length\=0 -fdiagnostics-show-note-include-stack -fmacro-backtrace-limit\=0 -fno-color-diagnostics -fmodules-prune-interval\=86400 -fmodules-prune-after\=345600 -fbuild-session-file\=/Users/j/Documents/GitHub/MoneroOne/build/ModuleCache.noindex/Session.modulevalidation -fmodules-validate-once-per-build-session -Wnon-modular-include-in-framework-module -Werror\=non-modular-include-in-framework-module -Wno-trigraphs -Wno-missing-field-initializers -Wno-missing-prototypes -Wno-return-type -Wno-missing-braces -Wparentheses -Wswitch -Wno-unused-function -Wno-unused-label -Wno-unused-parameter -Wno-unused-variable -Wunused-value -Wno-empty-body -Wno-uninitialized -Wno-unknown-pragmas -w -Wno-shadow -Wno-four-char-constants -Wno-conversion -Wno-constant-conversion -Wno-int-conversion -Wno-bool-conversion -Wno-enum-conversion -Wno-float-conversion -Wno-non-literal-null-conversion -Wno-objc-literal-conversion -Wshorten-64-to-32 -Wpointer-sign -Wno-newline-eof -Wno-implicit-fallthrough -fstrict-aliasing -Wdeprecated-declarations -Wno-sign-conversion -Wno-infinite-recursion -Wno-comma -Wno-block-capture-autoreleasing -Wno-strict-prototypes -Wno-semicolon-before-method-body -index-store-path /Users/j/Documents/GitHub/MoneroOne/build/Index.noindex/DataStore @/Users/j/Documents/GitHub/MoneroOne/build/Build/Intermediates.noindex/swift-crypto.build/Debug-iphonesimulator/CCryptoBoringSSL.build/Objects-normal/arm64/7187679823f38a2a940e0043cdf9d637-common-args.resp -MMD -MT dependencies -MF /Users/j/Documents/GitHub/MoneroOne/build/Build/Intermediates.noindex/swift-crypto.build/Debug-iphonesimulator/CCryptoBoringSSL.build/Objects-normal/arm64/ofb.d --serialize-diagnostics /Users/j/Documents/GitHub/MoneroOne/build/Build/Intermediates.noindex/swift-crypto.build/Debug-iphonesimulator/CCryptoBoringSSL.build/Objects-normal/arm64/ofb.dia -c /Users/j/Documents/GitHub/MoneroOne/build/SourcePackages/checkouts/swift-crypto/Sources/CCryptoBoringSSL/crypto/fipsmodule/modes/ofb.c -o /Users/j/Documents/GitHub/MoneroOne/build/Build/Intermediates.noindex/swift-crypto.build/Debug-iphonesimulator/CCryptoBoringSSL.build/Objects-normal/arm64/ofb.o -index-unit-output-path /swift-crypto.build/Debug-iphonesimulator/CCryptoBoringSSL.build/Objects-normal/arm64/ofb.o

CompileC /Users/j/Documents/GitHub/MoneroOne/build/Build/Intermediates.noindex/swift-crypto.build/Debug-iphonesimulator/CCryptoBoringSSL.build/Objects-normal/arm64/oct.o /Users/j/Documents/GitHub/MoneroOne/build/SourcePackages/checkouts/swift-crypto/Sources/CCryptoBoringSSL/crypto/fipsmodule/ec/oct.c normal arm64 c com.apple.compilers.llvm.clang.1_0.compiler (in target 'CCryptoBoringSSL' from project 'swift-crypto')
    cd /Users/j/Documents/GitHub/MoneroOne/MoneroOne.xcodeproj
    
    Using response file: /Users/j/Documents/GitHub/MoneroOne/build/Build/Intermediates.noindex/swift-crypto.build/Debug-iphonesimulator/CCryptoBoringSSL.build/Objects-normal/arm64/7187679823f38a2a940e0043cdf9d637-common-args.resp
    
    /Applications/Xcode.app/Contents/Developer/Toolchains/XcodeDefault.xctoolchain/usr/bin/clang -x c -ivfsstatcache /Users/j/Documents/GitHub/MoneroOne/build/SDKStatCaches.noindex/iphonesimulator26.1-23B77-90cf18a4295e390e64c810bc6bd7acbc.sdkstatcache -fmessage-length\=0 -fdiagnostics-show-note-include-stack -fmacro-backtrace-limit\=0 -fno-color-diagnostics -fmodules-prune-interval\=86400 -fmodules-prune-after\=345600 -fbuild-session-file\=/Users/j/Documents/GitHub/MoneroOne/build/ModuleCache.noindex/Session.modulevalidation -fmodules-validate-once-per-build-session -Wnon-modular-include-in-framework-module -Werror\=non-modular-include-in-framework-module -Wno-trigraphs -Wno-missing-field-initializers -Wno-missing-prototypes -Wno-return-type -Wno-missing-braces -Wparentheses -Wswitch -Wno-unused-function -Wno-unused-label -Wno-unused-parameter -Wno-unused-variable -Wunused-value -Wno-empty-body -Wno-uninitialized -Wno-unknown-pragmas -w -Wno-shadow -Wno-four-char-constants -Wno-conversion -Wno-constant-conversion -Wno-int-conversion -Wno-bool-conversion -Wno-enum-conversion -Wno-float-conversion -Wno-non-literal-null-conversion -Wno-objc-literal-conversion -Wshorten-64-to-32 -Wpointer-sign -Wno-newline-eof -Wno-implicit-fallthrough -fstrict-aliasing -Wdeprecated-declarations -Wno-sign-conversion -Wno-infinite-recursion -Wno-comma -Wno-block-capture-autoreleasing -Wno-strict-prototypes -Wno-semicolon-before-method-body -index-store-path /Users/j/Documents/GitHub/MoneroOne/build/Index.noindex/DataStore @/Users/j/Documents/GitHub/MoneroOne/build/Build/Intermediates.noindex/swift-crypto.build/Debug-iphonesimulator/CCryptoBoringSSL.build/Objects-normal/arm64/7187679823f38a2a940e0043cdf9d637-common-args.resp -MMD -MT dependencies -MF /Users/j/Documents/GitHub/MoneroOne/build/Build/Intermediates.noindex/swift-crypto.build/Debug-iphonesimulator/CCryptoBoringSSL.build/Objects-normal/arm64/oct.d --serialize-diagnostics /Users/j/Documents/GitHub/MoneroOne/build/Build/Intermediates.noindex/swift-crypto.build/Debug-iphonesimulator/CCryptoBoringSSL.build/Objects-normal/arm64/oct.dia -c /Users/j/Documents/GitHub/MoneroOne/build/SourcePackages/checkouts/swift-crypto/Sources/CCryptoBoringSSL/crypto/fipsmodule/ec/oct.c -o /Users/j/Documents/GitHub/MoneroOne/build/Build/Intermediates.noindex/swift-crypto.build/Debug-iphonesimulator/CCryptoBoringSSL.build/Objects-normal/arm64/oct.o -index-unit-output-path /swift-crypto.build/Debug-iphonesimulator/CCryptoBoringSSL.build/Objects-normal/arm64/oct.o

CompileC /Users/j/Documents/GitHub/MoneroOne/build/Build/Intermediates.noindex/swift-crypto.build/Debug-iphonesimulator/CCryptoBoringSSL.build/Objects-normal/arm64/obj_xref.o /Users/j/Documents/GitHub/MoneroOne/build/SourcePackages/checkouts/swift-crypto/Sources/CCryptoBoringSSL/crypto/obj/obj_xref.c normal arm64 c com.apple.compilers.llvm.clang.1_0.compiler (in target 'CCryptoBoringSSL' from project 'swift-crypto')
    cd /Users/j/Documents/GitHub/MoneroOne/MoneroOne.xcodeproj
    
    Using response file: /Users/j/Documents/GitHub/MoneroOne/build/Build/Intermediates.noindex/swift-crypto.build/Debug-iphonesimulator/CCryptoBoringSSL.build/Objects-normal/arm64/7187679823f38a2a940e0043cdf9d637-common-args.resp
    
    /Applications/Xcode.app/Contents/Developer/Toolchains/XcodeDefault.xctoolchain/usr/bin/clang -x c -ivfsstatcache /Users/j/Documents/GitHub/MoneroOne/build/SDKStatCaches.noindex/iphonesimulator26.1-23B77-90cf18a4295e390e64c810bc6bd7acbc.sdkstatcache -fmessage-length\=0 -fdiagnostics-show-note-include-stack -fmacro-backtrace-limit\=0 -fno-color-diagnostics -fmodules-prune-interval\=86400 -fmodules-prune-after\=345600 -fbuild-session-file\=/Users/j/Documents/GitHub/MoneroOne/build/ModuleCache.noindex/Session.modulevalidation -fmodules-validate-once-per-build-session -Wnon-modular-include-in-framework-module -Werror\=non-modular-include-in-framework-module -Wno-trigraphs -Wno-missing-field-initializers -Wno-missing-prototypes -Wno-return-type -Wno-missing-braces -Wparentheses -Wswitch -Wno-unused-function -Wno-unused-label -Wno-unused-parameter -Wno-unused-variable -Wunused-value -Wno-empty-body -Wno-uninitialized -Wno-unknown-pragmas -w -Wno-shadow -Wno-four-char-constants -Wno-conversion -Wno-constant-conversion -Wno-int-conversion -Wno-bool-conversion -Wno-enum-conversion -Wno-float-conversion -Wno-non-literal-null-conversion -Wno-objc-literal-conversion -Wshorten-64-to-32 -Wpointer-sign -Wno-newline-eof -Wno-implicit-fallthrough -fstrict-aliasing -Wdeprecated-declarations -Wno-sign-conversion -Wno-infinite-recursion -Wno-comma -Wno-block-capture-autoreleasing -Wno-strict-prototypes -Wno-semicolon-before-method-body -index-store-path /Users/j/Documents/GitHub/MoneroOne/build/Index.noindex/DataStore @/Users/j/Documents/GitHub/MoneroOne/build/Build/Intermediates.noindex/swift-crypto.build/Debug-iphonesimulator/CCryptoBoringSSL.build/Objects-normal/arm64/7187679823f38a2a940e0043cdf9d637-common-args.resp -MMD -MT dependencies -MF /Users/j/Documents/GitHub/MoneroOne/build/Build/Intermediates.noindex/swift-crypto.build/Debug-iphonesimulator/CCryptoBoringSSL.build/Objects-normal/arm64/obj_xref.d --serialize-diagnostics /Users/j/Documents/GitHub/MoneroOne/build/Build/Intermediates.noindex/swift-crypto.build/Debug-iphonesimulator/CCryptoBoringSSL.build/Objects-normal/arm64/obj_xref.dia -c /Users/j/Documents/GitHub/MoneroOne/build/SourcePackages/checkouts/swift-crypto/Sources/CCryptoBoringSSL/crypto/obj/obj_xref.c -o /Users/j/Documents/GitHub/MoneroOne/build/Build/Intermediates.noindex/swift-crypto.build/Debug-iphonesimulator/CCryptoBoringSSL.build/Objects-normal/arm64/obj_xref.o -index-unit-output-path /swift-crypto.build/Debug-iphonesimulator/CCryptoBoringSSL.build/Objects-normal/arm64/obj_xref.o

CompileC /Users/j/Documents/GitHub/MoneroOne/build/Build/Intermediates.noindex/swift-crypto.build/Debug-iphonesimulator/CCryptoBoringSSL.build/Objects-normal/arm64/obj.o /Users/j/Documents/GitHub/MoneroOne/build/SourcePackages/checkouts/swift-crypto/Sources/CCryptoBoringSSL/crypto/obj/obj.c normal arm64 c com.apple.compilers.llvm.clang.1_0.compiler (in target 'CCryptoBoringSSL' from project 'swift-crypto')
    cd /Users/j/Documents/GitHub/MoneroOne/MoneroOne.xcodeproj
    
    Using response file: /Users/j/Documents/GitHub/MoneroOne/build/Build/Intermediates.noindex/swift-crypto.build/Debug-iphonesimulator/CCryptoBoringSSL.build/Objects-normal/arm64/7187679823f38a2a940e0043cdf9d637-common-args.resp
    
    /Applications/Xcode.app/Contents/Developer/Toolchains/XcodeDefault.xctoolchain/usr/bin/clang -x c -ivfsstatcache /Users/j/Documents/GitHub/MoneroOne/build/SDKStatCaches.noindex/iphonesimulator26.1-23B77-90cf18a4295e390e64c810bc6bd7acbc.sdkstatcache -fmessage-length\=0 -fdiagnostics-show-note-include-stack -fmacro-backtrace-limit\=0 -fno-color-diagnostics -fmodules-prune-interval\=86400 -fmodules-prune-after\=345600 -fbuild-session-file\=/Users/j/Documents/GitHub/MoneroOne/build/ModuleCache.noindex/Session.modulevalidation -fmodules-validate-once-per-build-session -Wnon-modular-include-in-framework-module -Werror\=non-modular-include-in-framework-module -Wno-trigraphs -Wno-missing-field-initializers -Wno-missing-prototypes -Wno-return-type -Wno-missing-braces -Wparentheses -Wswitch -Wno-unused-function -Wno-unused-label -Wno-unused-parameter -Wno-unused-variable -Wunused-value -Wno-empty-body -Wno-uninitialized -Wno-unknown-pragmas -w -Wno-shadow -Wno-four-char-constants -Wno-conversion -Wno-constant-conversion -Wno-int-conversion -Wno-bool-conversion -Wno-enum-conversion -Wno-float-conversion -Wno-non-literal-null-conversion -Wno-objc-literal-conversion -Wshorten-64-to-32 -Wpointer-sign -Wno-newline-eof -Wno-implicit-fallthrough -fstrict-aliasing -Wdeprecated-declarations -Wno-sign-conversion -Wno-infinite-recursion -Wno-comma -Wno-block-capture-autoreleasing -Wno-strict-prototypes -Wno-semicolon-before-method-body -index-store-path /Users/j/Documents/GitHub/MoneroOne/build/Index.noindex/DataStore @/Users/j/Documents/GitHub/MoneroOne/build/Build/Intermediates.noindex/swift-crypto.build/Debug-iphonesimulator/CCryptoBoringSSL.build/Objects-normal/arm64/7187679823f38a2a940e0043cdf9d637-common-args.resp -MMD -MT dependencies -MF /Users/j/Documents/GitHub/MoneroOne/build/Build/Intermediates.noindex/swift-crypto.build/Debug-iphonesimulator/CCryptoBoringSSL.build/Objects-normal/arm64/obj.d --serialize-diagnostics /Users/j/Documents/GitHub/MoneroOne/build/Build/Intermediates.noindex/swift-crypto.build/Debug-iphonesimulator/CCryptoBoringSSL.build/Objects-normal/arm64/obj.dia -c /Users/j/Documents/GitHub/MoneroOne/build/SourcePackages/checkouts/swift-crypto/Sources/CCryptoBoringSSL/crypto/obj/obj.c -o /Users/j/Documents/GitHub/MoneroOne/build/Build/Intermediates.noindex/swift-crypto.build/Debug-iphonesimulator/CCryptoBoringSSL.build/Objects-normal/arm64/obj.o -index-unit-output-path /swift-crypto.build/Debug-iphonesimulator/CCryptoBoringSSL.build/Objects-normal/arm64/obj.o

CompileC /Users/j/Documents/GitHub/MoneroOne/build/Build/Intermediates.noindex/swift-crypto.build/Debug-iphonesimulator/CCryptoBoringSSL.build/Objects-normal/arm64/name_print.o /Users/j/Documents/GitHub/MoneroOne/build/SourcePackages/checkouts/swift-crypto/Sources/CCryptoBoringSSL/crypto/x509/name_print.c normal arm64 c com.apple.compilers.llvm.clang.1_0.compiler (in target 'CCryptoBoringSSL' from project 'swift-crypto')
    cd /Users/j/Documents/GitHub/MoneroOne/MoneroOne.xcodeproj
    
    Using response file: /Users/j/Documents/GitHub/MoneroOne/build/Build/Intermediates.noindex/swift-crypto.build/Debug-iphonesimulator/CCryptoBoringSSL.build/Objects-normal/arm64/7187679823f38a2a940e0043cdf9d637-common-args.resp
    
    /Applications/Xcode.app/Contents/Developer/Toolchains/XcodeDefault.xctoolchain/usr/bin/clang -x c -ivfsstatcache /Users/j/Documents/GitHub/MoneroOne/build/SDKStatCaches.noindex/iphonesimulator26.1-23B77-90cf18a4295e390e64c810bc6bd7acbc.sdkstatcache -fmessage-length\=0 -fdiagnostics-show-note-include-stack -fmacro-backtrace-limit\=0 -fno-color-diagnostics -fmodules-prune-interval\=86400 -fmodules-prune-after\=345600 -fbuild-session-file\=/Users/j/Documents/GitHub/MoneroOne/build/ModuleCache.noindex/Session.modulevalidation -fmodules-validate-once-per-build-session -Wnon-modular-include-in-framework-module -Werror\=non-modular-include-in-framework-module -Wno-trigraphs -Wno-missing-field-initializers -Wno-missing-prototypes -Wno-return-type -Wno-missing-braces -Wparentheses -Wswitch -Wno-unused-function -Wno-unused-label -Wno-unused-parameter -Wno-unused-variable -Wunused-value -Wno-empty-body -Wno-uninitialized -Wno-unknown-pragmas -w -Wno-shadow -Wno-four-char-constants -Wno-conversion -Wno-constant-conversion -Wno-int-conversion -Wno-bool-conversion -Wno-enum-conversion -Wno-float-conversion -Wno-non-literal-null-conversion -Wno-objc-literal-conversion -Wshorten-64-to-32 -Wpointer-sign -Wno-newline-eof -Wno-implicit-fallthrough -fstrict-aliasing -Wdeprecated-declarations -Wno-sign-conversion -Wno-infinite-recursion -Wno-comma -Wno-block-capture-autoreleasing -Wno-strict-prototypes -Wno-semicolon-before-method-body -index-store-path /Users/j/Documents/GitHub/MoneroOne/build/Index.noindex/DataStore @/Users/j/Documents/GitHub/MoneroOne/build/Build/Intermediates.noindex/swift-crypto.build/Debug-iphonesimulator/CCryptoBoringSSL.build/Objects-normal/arm64/7187679823f38a2a940e0043cdf9d637-common-args.resp -MMD -MT dependencies -MF /Users/j/Documents/GitHub/MoneroOne/build/Build/Intermediates.noindex/swift-crypto.build/Debug-iphonesimulator/CCryptoBoringSSL.build/Objects-normal/arm64/name_print.d --serialize-diagnostics /Users/j/Documents/GitHub/MoneroOne/build/Build/Intermediates.noindex/swift-crypto.build/Debug-iphonesimulator/CCryptoBoringSSL.build/Objects-normal/arm64/name_print.dia -c /Users/j/Documents/GitHub/MoneroOne/build/SourcePackages/checkouts/swift-crypto/Sources/CCryptoBoringSSL/crypto/x509/name_print.c -o /Users/j/Documents/GitHub/MoneroOne/build/Build/Intermediates.noindex/swift-crypto.build/Debug-iphonesimulator/CCryptoBoringSSL.build/Objects-normal/arm64/name_print.o -index-unit-output-path /swift-crypto.build/Debug-iphonesimulator/CCryptoBoringSSL.build/Objects-normal/arm64/name_print.o

ScanDependencies /Users/j/Documents/GitHub/MoneroOne/build/Build/Intermediates.noindex/swift-crypto.build/Debug-iphonesimulator/CCryptoBoringSSL.build/Objects-normal/arm64/mul.o /Users/j/Documents/GitHub/MoneroOne/build/SourcePackages/checkouts/swift-crypto/Sources/CCryptoBoringSSL/crypto/fipsmodule/bn/mul.c normal arm64 c com.apple.compilers.llvm.clang.1_0.compiler (in target 'CCryptoBoringSSL' from project 'swift-crypto')
    cd /Users/j/Documents/GitHub/MoneroOne/MoneroOne.xcodeproj
    
    Using response file: /Users/j/Documents/GitHub/MoneroOne/build/Build/Intermediates.noindex/swift-crypto.build/Debug-iphonesimulator/CCryptoBoringSSL.build/Objects-normal/arm64/7187679823f38a2a940e0043cdf9d637-common-args.resp
    
    builtin-ScanDependencies -o /Users/j/Documents/GitHub/MoneroOne/build/Build/Intermediates.noindex/swift-crypto.build/Debug-iphonesimulator/CCryptoBoringSSL.build/Objects-normal/arm64/mul.o.scan -- /Applications/Xcode.app/Contents/Developer/Toolchains/XcodeDefault.xctoolchain/usr/bin/clang -x c -ivfsstatcache /Users/j/Documents/GitHub/MoneroOne/build/SDKStatCaches.noindex/iphonesimulator26.1-23B77-90cf18a4295e390e64c810bc6bd7acbc.sdkstatcache -fmessage-length\=0 -fdiagnostics-show-note-include-stack -fmacro-backtrace-limit\=0 -fno-color-diagnostics -fmodules-prune-interval\=86400 -fmodules-prune-after\=345600 -fbuild-session-file\=/Users/j/Documents/GitHub/MoneroOne/build/ModuleCache.noindex/Session.modulevalidation -fmodules-validate-once-per-build-session -Wnon-modular-include-in-framework-module -Werror\=non-modular-include-in-framework-module -Wno-trigraphs -Wno-missing-field-initializers -Wno-missing-prototypes -Wno-return-type -Wno-missing-braces -Wparentheses -Wswitch -Wno-unused-function -Wno-unused-label -Wno-unused-parameter -Wno-unused-variable -Wunused-value -Wno-empty-body -Wno-uninitialized -Wno-unknown-pragmas -w -Wno-shadow -Wno-four-char-constants -Wno-conversion -Wno-constant-conversion -Wno-int-conversion -Wno-bool-conversion -Wno-enum-conversion -Wno-float-conversion -Wno-non-literal-null-conversion -Wno-objc-literal-conversion -Wshorten-64-to-32 -Wpointer-sign -Wno-newline-eof -Wno-implicit-fallthrough -fstrict-aliasing -Wdeprecated-declarations -Wno-sign-conversion -Wno-infinite-recursion -Wno-comma -Wno-block-capture-autoreleasing -Wno-strict-prototypes -Wno-semicolon-before-method-body -index-store-path /Users/j/Documents/GitHub/MoneroOne/build/Index.noindex/DataStore @/Users/j/Documents/GitHub/MoneroOne/build/Build/Intermediates.noindex/swift-crypto.build/Debug-iphonesimulator/CCryptoBoringSSL.build/Objects-normal/arm64/7187679823f38a2a940e0043cdf9d637-common-args.resp -MMD -MT dependencies -MF /Users/j/Documents/GitHub/MoneroOne/build/Build/Intermediates.noindex/swift-crypto.build/Debug-iphonesimulator/CCryptoBoringSSL.build/Objects-normal/arm64/mul.d --serialize-diagnostics /Users/j/Documents/GitHub/MoneroOne/build/Build/Intermediates.noindex/swift-crypto.build/Debug-iphonesimulator/CCryptoBoringSSL.build/Objects-normal/arm64/mul.dia -c /Users/j/Documents/GitHub/MoneroOne/build/SourcePackages/checkouts/swift-crypto/Sources/CCryptoBoringSSL/crypto/fipsmodule/bn/mul.c -o /Users/j/Documents/GitHub/MoneroOne/build/Build/Intermediates.noindex/swift-crypto.build/Debug-iphonesimulator/CCryptoBoringSSL.build/Objects-normal/arm64/mul.o -index-unit-output-path /swift-crypto.build/Debug-iphonesimulator/CCryptoBoringSSL.build/Objects-normal/arm64/mul.o

ScanDependencies /Users/j/Documents/GitHub/MoneroOne/build/Build/Intermediates.noindex/swift-crypto.build/Debug-iphonesimulator/CCryptoBoringSSL.build/Objects-normal/arm64/montgomery_inv.o /Users/j/Documents/GitHub/MoneroOne/build/SourcePackages/checkouts/swift-crypto/Sources/CCryptoBoringSSL/crypto/fipsmodule/bn/montgomery_inv.c normal arm64 c com.apple.compilers.llvm.clang.1_0.compiler (in target 'CCryptoBoringSSL' from project 'swift-crypto')
    cd /Users/j/Documents/GitHub/MoneroOne/MoneroOne.xcodeproj
    
    Using response file: /Users/j/Documents/GitHub/MoneroOne/build/Build/Intermediates.noindex/swift-crypto.build/Debug-iphonesimulator/CCryptoBoringSSL.build/Objects-normal/arm64/7187679823f38a2a940e0043cdf9d637-common-args.resp
    
    builtin-ScanDependencies -o /Users/j/Documents/GitHub/MoneroOne/build/Build/Intermediates.noindex/swift-crypto.build/Debug-iphonesimulator/CCryptoBoringSSL.build/Objects-normal/arm64/montgomery_inv.o.scan -- /Applications/Xcode.app/Contents/Developer/Toolchains/XcodeDefault.xctoolchain/usr/bin/clang -x c -ivfsstatcache /Users/j/Documents/GitHub/MoneroOne/build/SDKStatCaches.noindex/iphonesimulator26.1-23B77-90cf18a4295e390e64c810bc6bd7acbc.sdkstatcache -fmessage-length\=0 -fdiagnostics-show-note-include-stack -fmacro-backtrace-limit\=0 -fno-color-diagnostics -fmodules-prune-interval\=86400 -fmodules-prune-after\=345600 -fbuild-session-file\=/Users/j/Documents/GitHub/MoneroOne/build/ModuleCache.noindex/Session.modulevalidation -fmodules-validate-once-per-build-session -Wnon-modular-include-in-framework-module -Werror\=non-modular-include-in-framework-module -Wno-trigraphs -Wno-missing-field-initializers -Wno-missing-prototypes -Wno-return-type -Wno-missing-braces -Wparentheses -Wswitch -Wno-unused-function -Wno-unused-label -Wno-unused-parameter -Wno-unused-variable -Wunused-value -Wno-empty-body -Wno-uninitialized -Wno-unknown-pragmas -w -Wno-shadow -Wno-four-char-constants -Wno-conversion -Wno-constant-conversion -Wno-int-conversion -Wno-bool-conversion -Wno-enum-conversion -Wno-float-conversion -Wno-non-literal-null-conversion -Wno-objc-literal-conversion -Wshorten-64-to-32 -Wpointer-sign -Wno-newline-eof -Wno-implicit-fallthrough -fstrict-aliasing -Wdeprecated-declarations -Wno-sign-conversion -Wno-infinite-recursion -Wno-comma -Wno-block-capture-autoreleasing -Wno-strict-prototypes -Wno-semicolon-before-method-body -index-store-path /Users/j/Documents/GitHub/MoneroOne/build/Index.noindex/DataStore @/Users/j/Documents/GitHub/MoneroOne/build/Build/Intermediates.noindex/swift-crypto.build/Debug-iphonesimulator/CCryptoBoringSSL.build/Objects-normal/arm64/7187679823f38a2a940e0043cdf9d637-common-args.resp -MMD -MT dependencies -MF /Users/j/Documents/GitHub/MoneroOne/build/Build/Intermediates.noindex/swift-crypto.build/Debug-iphonesimulator/CCryptoBoringSSL.build/Objects-normal/arm64/montgomery_inv.d --serialize-diagnostics /Users/j/Documents/GitHub/MoneroOne/build/Build/Intermediates.noindex/swift-crypto.build/Debug-iphonesimulator/CCryptoBoringSSL.build/Objects-normal/arm64/montgomery_inv.dia -c /Users/j/Documents/GitHub/MoneroOne/build/SourcePackages/checkouts/swift-crypto/Sources/CCryptoBoringSSL/crypto/fipsmodule/bn/montgomery_inv.c -o /Users/j/Documents/GitHub/MoneroOne/build/Build/Intermediates.noindex/swift-crypto.build/Debug-iphonesimulator/CCryptoBoringSSL.build/Objects-normal/arm64/montgomery_inv.o -index-unit-output-path /swift-crypto.build/Debug-iphonesimulator/CCryptoBoringSSL.build/Objects-normal/arm64/montgomery_inv.o

ScanDependencies /Users/j/Documents/GitHub/MoneroOne/build/Build/Intermediates.noindex/swift-crypto.build/Debug-iphonesimulator/CCryptoBoringSSL.build/Objects-normal/arm64/montgomery.o /Users/j/Documents/GitHub/MoneroOne/build/SourcePackages/checkouts/swift-crypto/Sources/CCryptoBoringSSL/crypto/fipsmodule/bn/montgomery.c normal arm64 c com.apple.compilers.llvm.clang.1_0.compiler (in target 'CCryptoBoringSSL' from project 'swift-crypto')
    cd /Users/j/Documents/GitHub/MoneroOne/MoneroOne.xcodeproj
    
    Using response file: /Users/j/Documents/GitHub/MoneroOne/build/Build/Intermediates.noindex/swift-crypto.build/Debug-iphonesimulator/CCryptoBoringSSL.build/Objects-normal/arm64/7187679823f38a2a940e0043cdf9d637-common-args.resp
    
    builtin-ScanDependencies -o /Users/j/Documents/GitHub/MoneroOne/build/Build/Intermediates.noindex/swift-crypto.build/Debug-iphonesimulator/CCryptoBoringSSL.build/Objects-normal/arm64/montgomery.o.scan -- /Applications/Xcode.app/Contents/Developer/Toolchains/XcodeDefault.xctoolchain/usr/bin/clang -x c -ivfsstatcache /Users/j/Documents/GitHub/MoneroOne/build/SDKStatCaches.noindex/iphonesimulator26.1-23B77-90cf18a4295e390e64c810bc6bd7acbc.sdkstatcache -fmessage-length\=0 -fdiagnostics-show-note-include-stack -fmacro-backtrace-limit\=0 -fno-color-diagnostics -fmodules-prune-interval\=86400 -fmodules-prune-after\=345600 -fbuild-session-file\=/Users/j/Documents/GitHub/MoneroOne/build/ModuleCache.noindex/Session.modulevalidation -fmodules-validate-once-per-build-session -Wnon-modular-include-in-framework-module -Werror\=non-modular-include-in-framework-module -Wno-trigraphs -Wno-missing-field-initializers -Wno-missing-prototypes -Wno-return-type -Wno-missing-braces -Wparentheses -Wswitch -Wno-unused-function -Wno-unused-label -Wno-unused-parameter -Wno-unused-variable -Wunused-value -Wno-empty-body -Wno-uninitialized -Wno-unknown-pragmas -w -Wno-shadow -Wno-four-char-constants -Wno-conversion -Wno-constant-conversion -Wno-int-conversion -Wno-bool-conversion -Wno-enum-conversion -Wno-float-conversion -Wno-non-literal-null-conversion -Wno-objc-literal-conversion -Wshorten-64-to-32 -Wpointer-sign -Wno-newline-eof -Wno-implicit-fallthrough -fstrict-aliasing -Wdeprecated-declarations -Wno-sign-conversion -Wno-infinite-recursion -Wno-comma -Wno-block-capture-autoreleasing -Wno-strict-prototypes -Wno-semicolon-before-method-body -index-store-path /Users/j/Documents/GitHub/MoneroOne/build/Index.noindex/DataStore @/Users/j/Documents/GitHub/MoneroOne/build/Build/Intermediates.noindex/swift-crypto.build/Debug-iphonesimulator/CCryptoBoringSSL.build/Objects-normal/arm64/7187679823f38a2a940e0043cdf9d637-common-args.resp -MMD -MT dependencies -MF /Users/j/Documents/GitHub/MoneroOne/build/Build/Intermediates.noindex/swift-crypto.build/Debug-iphonesimulator/CCryptoBoringSSL.build/Objects-normal/arm64/montgomery.d --serialize-diagnostics /Users/j/Documents/GitHub/MoneroOne/build/Build/Intermediates.noindex/swift-crypto.build/Debug-iphonesimulator/CCryptoBoringSSL.build/Objects-normal/arm64/montgomery.dia -c /Users/j/Documents/GitHub/MoneroOne/build/SourcePackages/checkouts/swift-crypto/Sources/CCryptoBoringSSL/crypto/fipsmodule/bn/montgomery.c -o /Users/j/Documents/GitHub/MoneroOne/build/Build/Intermediates.noindex/swift-crypto.build/Debug-iphonesimulator/CCryptoBoringSSL.build/Objects-normal/arm64/montgomery.o -index-unit-output-path /swift-crypto.build/Debug-iphonesimulator/CCryptoBoringSSL.build/Objects-normal/arm64/montgomery.o

ScanDependencies /Users/j/Documents/GitHub/MoneroOne/build/Build/Intermediates.noindex/swift-crypto.build/Debug-iphonesimulator/CCryptoBoringSSL.build/Objects-normal/arm64/mode_wrappers.o /Users/j/Documents/GitHub/MoneroOne/build/SourcePackages/checkouts/swift-crypto/Sources/CCryptoBoringSSL/crypto/fipsmodule/aes/mode_wrappers.c normal arm64 c com.apple.compilers.llvm.clang.1_0.compiler (in target 'CCryptoBoringSSL' from project 'swift-crypto')
    cd /Users/j/Documents/GitHub/MoneroOne/MoneroOne.xcodeproj
    
    Using response file: /Users/j/Documents/GitHub/MoneroOne/build/Build/Intermediates.noindex/swift-crypto.build/Debug-iphonesimulator/CCryptoBoringSSL.build/Objects-normal/arm64/7187679823f38a2a940e0043cdf9d637-common-args.resp
    
    builtin-ScanDependencies -o /Users/j/Documents/GitHub/MoneroOne/build/Build/Intermediates.noindex/swift-crypto.build/Debug-iphonesimulator/CCryptoBoringSSL.build/Objects-normal/arm64/mode_wrappers.o.scan -- /Applications/Xcode.app/Contents/Developer/Toolchains/XcodeDefault.xctoolchain/usr/bin/clang -x c -ivfsstatcache /Users/j/Documents/GitHub/MoneroOne/build/SDKStatCaches.noindex/iphonesimulator26.1-23B77-90cf18a4295e390e64c810bc6bd7acbc.sdkstatcache -fmessage-length\=0 -fdiagnostics-show-note-include-stack -fmacro-backtrace-limit\=0 -fno-color-diagnostics -fmodules-prune-interval\=86400 -fmodules-prune-after\=345600 -fbuild-session-file\=/Users/j/Documents/GitHub/MoneroOne/build/ModuleCache.noindex/Session.modulevalidation -fmodules-validate-once-per-build-session -Wnon-modular-include-in-framework-module -Werror\=non-modular-include-in-framework-module -Wno-trigraphs -Wno-missing-field-initializers -Wno-missing-prototypes -Wno-return-type -Wno-missing-braces -Wparentheses -Wswitch -Wno-unused-function -Wno-unused-label -Wno-unused-parameter -Wno-unused-variable -Wunused-value -Wno-empty-body -Wno-uninitialized -Wno-unknown-pragmas -w -Wno-shadow -Wno-four-char-constants -Wno-conversion -Wno-constant-conversion -Wno-int-conversion -Wno-bool-conversion -Wno-enum-conversion -Wno-float-conversion -Wno-non-literal-null-conversion -Wno-objc-literal-conversion -Wshorten-64-to-32 -Wpointer-sign -Wno-newline-eof -Wno-implicit-fallthrough -fstrict-aliasing -Wdeprecated-declarations -Wno-sign-conversion -Wno-infinite-recursion -Wno-comma -Wno-block-capture-autoreleasing -Wno-strict-prototypes -Wno-semicolon-before-method-body -index-store-path /Users/j/Documents/GitHub/MoneroOne/build/Index.noindex/DataStore @/Users/j/Documents/GitHub/MoneroOne/build/Build/Intermediates.noindex/swift-crypto.build/Debug-iphonesimulator/CCryptoBoringSSL.build/Objects-normal/arm64/7187679823f38a2a940e0043cdf9d637-common-args.resp -MMD -MT dependencies -MF /Users/j/Documents/GitHub/MoneroOne/build/Build/Intermediates.noindex/swift-crypto.build/Debug-iphonesimulator/CCryptoBoringSSL.build/Objects-normal/arm64/mode_wrappers.d --serialize-diagnostics /Users/j/Documents/GitHub/MoneroOne/build/Build/Intermediates.noindex/swift-crypto.build/Debug-iphonesimulator/CCryptoBoringSSL.build/Objects-normal/arm64/mode_wrappers.dia -c /Users/j/Documents/GitHub/MoneroOne/build/SourcePackages/checkouts/swift-crypto/Sources/CCryptoBoringSSL/crypto/fipsmodule/aes/mode_wrappers.c -o /Users/j/Documents/GitHub/MoneroOne/build/Build/Intermediates.noindex/swift-crypto.build/Debug-iphonesimulator/CCryptoBoringSSL.build/Objects-normal/arm64/mode_wrappers.o -index-unit-output-path /swift-crypto.build/Debug-iphonesimulator/CCryptoBoringSSL.build/Objects-normal/arm64/mode_wrappers.o

ScanDependencies /Users/j/Documents/GitHub/MoneroOne/build/Build/Intermediates.noindex/swift-crypto.build/Debug-iphonesimulator/CCryptoBoringSSL.build/Objects-normal/arm64/mem.o /Users/j/Documents/GitHub/MoneroOne/build/SourcePackages/checkouts/swift-crypto/Sources/CCryptoBoringSSL/crypto/mem.c normal arm64 c com.apple.compilers.llvm.clang.1_0.compiler (in target 'CCryptoBoringSSL' from project 'swift-crypto')
    cd /Users/j/Documents/GitHub/MoneroOne/MoneroOne.xcodeproj
    
    Using response file: /Users/j/Documents/GitHub/MoneroOne/build/Build/Intermediates.noindex/swift-crypto.build/Debug-iphonesimulator/CCryptoBoringSSL.build/Objects-normal/arm64/7187679823f38a2a940e0043cdf9d637-common-args.resp
    
    builtin-ScanDependencies -o /Users/j/Documents/GitHub/MoneroOne/build/Build/Intermediates.noindex/swift-crypto.build/Debug-iphonesimulator/CCryptoBoringSSL.build/Objects-normal/arm64/mem.o.scan -- /Applications/Xcode.app/Contents/Developer/Toolchains/XcodeDefault.xctoolchain/usr/bin/clang -x c -ivfsstatcache /Users/j/Documents/GitHub/MoneroOne/build/SDKStatCaches.noindex/iphonesimulator26.1-23B77-90cf18a4295e390e64c810bc6bd7acbc.sdkstatcache -fmessage-length\=0 -fdiagnostics-show-note-include-stack -fmacro-backtrace-limit\=0 -fno-color-diagnostics -fmodules-prune-interval\=86400 -fmodules-prune-after\=345600 -fbuild-session-file\=/Users/j/Documents/GitHub/MoneroOne/build/ModuleCache.noindex/Session.modulevalidation -fmodules-validate-once-per-build-session -Wnon-modular-include-in-framework-module -Werror\=non-modular-include-in-framework-module -Wno-trigraphs -Wno-missing-field-initializers -Wno-missing-prototypes -Wno-return-type -Wno-missing-braces -Wparentheses -Wswitch -Wno-unused-function -Wno-unused-label -Wno-unused-parameter -Wno-unused-variable -Wunused-value -Wno-empty-body -Wno-uninitialized -Wno-unknown-pragmas -w -Wno-shadow -Wno-four-char-constants -Wno-conversion -Wno-constant-conversion -Wno-int-conversion -Wno-bool-conversion -Wno-enum-conversion -Wno-float-conversion -Wno-non-literal-null-conversion -Wno-objc-literal-conversion -Wshorten-64-to-32 -Wpointer-sign -Wno-newline-eof -Wno-implicit-fallthrough -fstrict-aliasing -Wdeprecated-declarations -Wno-sign-conversion -Wno-infinite-recursion -Wno-comma -Wno-block-capture-autoreleasing -Wno-strict-prototypes -Wno-semicolon-before-method-body -index-store-path /Users/j/Documents/GitHub/MoneroOne/build/Index.noindex/DataStore @/Users/j/Documents/GitHub/MoneroOne/build/Build/Intermediates.noindex/swift-crypto.build/Debug-iphonesimulator/CCryptoBoringSSL.build/Objects-normal/arm64/7187679823f38a2a940e0043cdf9d637-common-args.resp -MMD -MT dependencies -MF /Users/j/Documents/GitHub/MoneroOne/build/Build/Intermediates.noindex/swift-crypto.build/Debug-iphonesimulator/CCryptoBoringSSL.build/Objects-normal/arm64/mem.d --serialize-diagnostics /Users/j/Documents/GitHub/MoneroOne/build/Build/Intermediates.noindex/swift-crypto.build/Debug-iphonesimulator/CCryptoBoringSSL.build/Objects-normal/arm64/mem.dia -c /Users/j/Documents/GitHub/MoneroOne/build/SourcePackages/checkouts/swift-crypto/Sources/CCryptoBoringSSL/crypto/mem.c -o /Users/j/Documents/GitHub/MoneroOne/build/Build/Intermediates.noindex/swift-crypto.build/Debug-iphonesimulator/CCryptoBoringSSL.build/Objects-normal/arm64/mem.o -index-unit-output-path /swift-crypto.build/Debug-iphonesimulator/CCryptoBoringSSL.build/Objects-normal/arm64/mem.o

ScanDependencies /Users/j/Documents/GitHub/MoneroOne/build/Build/Intermediates.noindex/swift-crypto.build/Debug-iphonesimulator/CCryptoBoringSSL.build/Objects-normal/arm64/md5.o /Users/j/Documents/GitHub/MoneroOne/build/SourcePackages/checkouts/swift-crypto/Sources/CCryptoBoringSSL/crypto/fipsmodule/md5/md5.c normal arm64 c com.apple.compilers.llvm.clang.1_0.compiler (in target 'CCryptoBoringSSL' from project 'swift-crypto')
    cd /Users/j/Documents/GitHub/MoneroOne/MoneroOne.xcodeproj
    
    Using response file: /Users/j/Documents/GitHub/MoneroOne/build/Build/Intermediates.noindex/swift-crypto.build/Debug-iphonesimulator/CCryptoBoringSSL.build/Objects-normal/arm64/7187679823f38a2a940e0043cdf9d637-common-args.resp
    
    builtin-ScanDependencies -o /Users/j/Documents/GitHub/MoneroOne/build/Build/Intermediates.noindex/swift-crypto.build/Debug-iphonesimulator/CCryptoBoringSSL.build/Objects-normal/arm64/md5.o.scan -- /Applications/Xcode.app/Contents/Developer/Toolchains/XcodeDefault.xctoolchain/usr/bin/clang -x c -ivfsstatcache /Users/j/Documents/GitHub/MoneroOne/build/SDKStatCaches.noindex/iphonesimulator26.1-23B77-90cf18a4295e390e64c810bc6bd7acbc.sdkstatcache -fmessage-length\=0 -fdiagnostics-show-note-include-stack -fmacro-backtrace-limit\=0 -fno-color-diagnostics -fmodules-prune-interval\=86400 -fmodules-prune-after\=345600 -fbuild-session-file\=/Users/j/Documents/GitHub/MoneroOne/build/ModuleCache.noindex/Session.modulevalidation -fmodules-validate-once-per-build-session -Wnon-modular-include-in-framework-module -Werror\=non-modular-include-in-framework-module -Wno-trigraphs -Wno-missing-field-initializers -Wno-missing-prototypes -Wno-return-type -Wno-missing-braces -Wparentheses -Wswitch -Wno-unused-function -Wno-unused-label -Wno-unused-parameter -Wno-unused-variable -Wunused-value -Wno-empty-body -Wno-uninitialized -Wno-unknown-pragmas -w -Wno-shadow -Wno-four-char-constants -Wno-conversion -Wno-constant-conversion -Wno-int-conversion -Wno-bool-conversion -Wno-enum-conversion -Wno-float-conversion -Wno-non-literal-null-conversion -Wno-objc-literal-conversion -Wshorten-64-to-32 -Wpointer-sign -Wno-newline-eof -Wno-implicit-fallthrough -fstrict-aliasing -Wdeprecated-declarations -Wno-sign-conversion -Wno-infinite-recursion -Wno-comma -Wno-block-capture-autoreleasing -Wno-strict-prototypes -Wno-semicolon-before-method-body -index-store-path /Users/j/Documents/GitHub/MoneroOne/build/Index.noindex/DataStore @/Users/j/Documents/GitHub/MoneroOne/build/Build/Intermediates.noindex/swift-crypto.build/Debug-iphonesimulator/CCryptoBoringSSL.build/Objects-normal/arm64/7187679823f38a2a940e0043cdf9d637-common-args.resp -MMD -MT dependencies -MF /Users/j/Documents/GitHub/MoneroOne/build/Build/Intermediates.noindex/swift-crypto.build/Debug-iphonesimulator/CCryptoBoringSSL.build/Objects-normal/arm64/md5.d --serialize-diagnostics /Users/j/Documents/GitHub/MoneroOne/build/Build/Intermediates.noindex/swift-crypto.build/Debug-iphonesimulator/CCryptoBoringSSL.build/Objects-normal/arm64/md5.dia -c /Users/j/Documents/GitHub/MoneroOne/build/SourcePackages/checkouts/swift-crypto/Sources/CCryptoBoringSSL/crypto/fipsmodule/md5/md5.c -o /Users/j/Documents/GitHub/MoneroOne/build/Build/Intermediates.noindex/swift-crypto.build/Debug-iphonesimulator/CCryptoBoringSSL.build/Objects-normal/arm64/md5.o -index-unit-output-path /swift-crypto.build/Debug-iphonesimulator/CCryptoBoringSSL.build/Objects-normal/arm64/md5.o

CompileC /Users/j/Documents/GitHub/MoneroOne/build/Build/Intermediates.noindex/swift-crypto.build/Debug-iphonesimulator/CCryptoBoringSSL.build/Objects-normal/arm64/montgomery_inv.o /Users/j/Documents/GitHub/MoneroOne/build/SourcePackages/checkouts/swift-crypto/Sources/CCryptoBoringSSL/crypto/fipsmodule/bn/montgomery_inv.c normal arm64 c com.apple.compilers.llvm.clang.1_0.compiler (in target 'CCryptoBoringSSL' from project 'swift-crypto')
    cd /Users/j/Documents/GitHub/MoneroOne/MoneroOne.xcodeproj
    
    Using response file: /Users/j/Documents/GitHub/MoneroOne/build/Build/Intermediates.noindex/swift-crypto.build/Debug-iphonesimulator/CCryptoBoringSSL.build/Objects-normal/arm64/7187679823f38a2a940e0043cdf9d637-common-args.resp
    
    /Applications/Xcode.app/Contents/Developer/Toolchains/XcodeDefault.xctoolchain/usr/bin/clang -x c -ivfsstatcache /Users/j/Documents/GitHub/MoneroOne/build/SDKStatCaches.noindex/iphonesimulator26.1-23B77-90cf18a4295e390e64c810bc6bd7acbc.sdkstatcache -fmessage-length\=0 -fdiagnostics-show-note-include-stack -fmacro-backtrace-limit\=0 -fno-color-diagnostics -fmodules-prune-interval\=86400 -fmodules-prune-after\=345600 -fbuild-session-file\=/Users/j/Documents/GitHub/MoneroOne/build/ModuleCache.noindex/Session.modulevalidation -fmodules-validate-once-per-build-session -Wnon-modular-include-in-framework-module -Werror\=non-modular-include-in-framework-module -Wno-trigraphs -Wno-missing-field-initializers -Wno-missing-prototypes -Wno-return-type -Wno-missing-braces -Wparentheses -Wswitch -Wno-unused-function -Wno-unused-label -Wno-unused-parameter -Wno-unused-variable -Wunused-value -Wno-empty-body -Wno-uninitialized -Wno-unknown-pragmas -w -Wno-shadow -Wno-four-char-constants -Wno-conversion -Wno-constant-conversion -Wno-int-conversion -Wno-bool-conversion -Wno-enum-conversion -Wno-float-conversion -Wno-non-literal-null-conversion -Wno-objc-literal-conversion -Wshorten-64-to-32 -Wpointer-sign -Wno-newline-eof -Wno-implicit-fallthrough -fstrict-aliasing -Wdeprecated-declarations -Wno-sign-conversion -Wno-infinite-recursion -Wno-comma -Wno-block-capture-autoreleasing -Wno-strict-prototypes -Wno-semicolon-before-method-body -index-store-path /Users/j/Documents/GitHub/MoneroOne/build/Index.noindex/DataStore @/Users/j/Documents/GitHub/MoneroOne/build/Build/Intermediates.noindex/swift-crypto.build/Debug-iphonesimulator/CCryptoBoringSSL.build/Objects-normal/arm64/7187679823f38a2a940e0043cdf9d637-common-args.resp -MMD -MT dependencies -MF /Users/j/Documents/GitHub/MoneroOne/build/Build/Intermediates.noindex/swift-crypto.build/Debug-iphonesimulator/CCryptoBoringSSL.build/Objects-normal/arm64/montgomery_inv.d --serialize-diagnostics /Users/j/Documents/GitHub/MoneroOne/build/Build/Intermediates.noindex/swift-crypto.build/Debug-iphonesimulator/CCryptoBoringSSL.build/Objects-normal/arm64/montgomery_inv.dia -c /Users/j/Documents/GitHub/MoneroOne/build/SourcePackages/checkouts/swift-crypto/Sources/CCryptoBoringSSL/crypto/fipsmodule/bn/montgomery_inv.c -o /Users/j/Documents/GitHub/MoneroOne/build/Build/Intermediates.noindex/swift-crypto.build/Debug-iphonesimulator/CCryptoBoringSSL.build/Objects-normal/arm64/montgomery_inv.o -index-unit-output-path /swift-crypto.build/Debug-iphonesimulator/CCryptoBoringSSL.build/Objects-normal/arm64/montgomery_inv.o

CompileC /Users/j/Documents/GitHub/MoneroOne/build/Build/Intermediates.noindex/swift-crypto.build/Debug-iphonesimulator/CCryptoBoringSSL.build/Objects-normal/arm64/montgomery.o /Users/j/Documents/GitHub/MoneroOne/build/SourcePackages/checkouts/swift-crypto/Sources/CCryptoBoringSSL/crypto/fipsmodule/bn/montgomery.c normal arm64 c com.apple.compilers.llvm.clang.1_0.compiler (in target 'CCryptoBoringSSL' from project 'swift-crypto')
    cd /Users/j/Documents/GitHub/MoneroOne/MoneroOne.xcodeproj
    
    Using response file: /Users/j/Documents/GitHub/MoneroOne/build/Build/Intermediates.noindex/swift-crypto.build/Debug-iphonesimulator/CCryptoBoringSSL.build/Objects-normal/arm64/7187679823f38a2a940e0043cdf9d637-common-args.resp
    
    /Applications/Xcode.app/Contents/Developer/Toolchains/XcodeDefault.xctoolchain/usr/bin/clang -x c -ivfsstatcache /Users/j/Documents/GitHub/MoneroOne/build/SDKStatCaches.noindex/iphonesimulator26.1-23B77-90cf18a4295e390e64c810bc6bd7acbc.sdkstatcache -fmessage-length\=0 -fdiagnostics-show-note-include-stack -fmacro-backtrace-limit\=0 -fno-color-diagnostics -fmodules-prune-interval\=86400 -fmodules-prune-after\=345600 -fbuild-session-file\=/Users/j/Documents/GitHub/MoneroOne/build/ModuleCache.noindex/Session.modulevalidation -fmodules-validate-once-per-build-session -Wnon-modular-include-in-framework-module -Werror\=non-modular-include-in-framework-module -Wno-trigraphs -Wno-missing-field-initializers -Wno-missing-prototypes -Wno-return-type -Wno-missing-braces -Wparentheses -Wswitch -Wno-unused-function -Wno-unused-label -Wno-unused-parameter -Wno-unused-variable -Wunused-value -Wno-empty-body -Wno-uninitialized -Wno-unknown-pragmas -w -Wno-shadow -Wno-four-char-constants -Wno-conversion -Wno-constant-conversion -Wno-int-conversion -Wno-bool-conversion -Wno-enum-conversion -Wno-float-conversion -Wno-non-literal-null-conversion -Wno-objc-literal-conversion -Wshorten-64-to-32 -Wpointer-sign -Wno-newline-eof -Wno-implicit-fallthrough -fstrict-aliasing -Wdeprecated-declarations -Wno-sign-conversion -Wno-infinite-recursion -Wno-comma -Wno-block-capture-autoreleasing -Wno-strict-prototypes -Wno-semicolon-before-method-body -index-store-path /Users/j/Documents/GitHub/MoneroOne/build/Index.noindex/DataStore @/Users/j/Documents/GitHub/MoneroOne/build/Build/Intermediates.noindex/swift-crypto.build/Debug-iphonesimulator/CCryptoBoringSSL.build/Objects-normal/arm64/7187679823f38a2a940e0043cdf9d637-common-args.resp -MMD -MT dependencies -MF /Users/j/Documents/GitHub/MoneroOne/build/Build/Intermediates.noindex/swift-crypto.build/Debug-iphonesimulator/CCryptoBoringSSL.build/Objects-normal/arm64/montgomery.d --serialize-diagnostics /Users/j/Documents/GitHub/MoneroOne/build/Build/Intermediates.noindex/swift-crypto.build/Debug-iphonesimulator/CCryptoBoringSSL.build/Objects-normal/arm64/montgomery.dia -c /Users/j/Documents/GitHub/MoneroOne/build/SourcePackages/checkouts/swift-crypto/Sources/CCryptoBoringSSL/crypto/fipsmodule/bn/montgomery.c -o /Users/j/Documents/GitHub/MoneroOne/build/Build/Intermediates.noindex/swift-crypto.build/Debug-iphonesimulator/CCryptoBoringSSL.build/Objects-normal/arm64/montgomery.o -index-unit-output-path /swift-crypto.build/Debug-iphonesimulator/CCryptoBoringSSL.build/Objects-normal/arm64/montgomery.o

CompileC /Users/j/Documents/GitHub/MoneroOne/build/Build/Intermediates.noindex/swift-crypto.build/Debug-iphonesimulator/CCryptoBoringSSL.build/Objects-normal/arm64/mode_wrappers.o /Users/j/Documents/GitHub/MoneroOne/build/SourcePackages/checkouts/swift-crypto/Sources/CCryptoBoringSSL/crypto/fipsmodule/aes/mode_wrappers.c normal arm64 c com.apple.compilers.llvm.clang.1_0.compiler (in target 'CCryptoBoringSSL' from project 'swift-crypto')
    cd /Users/j/Documents/GitHub/MoneroOne/MoneroOne.xcodeproj
    
    Using response file: /Users/j/Documents/GitHub/MoneroOne/build/Build/Intermediates.noindex/swift-crypto.build/Debug-iphonesimulator/CCryptoBoringSSL.build/Objects-normal/arm64/7187679823f38a2a940e0043cdf9d637-common-args.resp
    
    /Applications/Xcode.app/Contents/Developer/Toolchains/XcodeDefault.xctoolchain/usr/bin/clang -x c -ivfsstatcache /Users/j/Documents/GitHub/MoneroOne/build/SDKStatCaches.noindex/iphonesimulator26.1-23B77-90cf18a4295e390e64c810bc6bd7acbc.sdkstatcache -fmessage-length\=0 -fdiagnostics-show-note-include-stack -fmacro-backtrace-limit\=0 -fno-color-diagnostics -fmodules-prune-interval\=86400 -fmodules-prune-after\=345600 -fbuild-session-file\=/Users/j/Documents/GitHub/MoneroOne/build/ModuleCache.noindex/Session.modulevalidation -fmodules-validate-once-per-build-session -Wnon-modular-include-in-framework-module -Werror\=non-modular-include-in-framework-module -Wno-trigraphs -Wno-missing-field-initializers -Wno-missing-prototypes -Wno-return-type -Wno-missing-braces -Wparentheses -Wswitch -Wno-unused-function -Wno-unused-label -Wno-unused-parameter -Wno-unused-variable -Wunused-value -Wno-empty-body -Wno-uninitialized -Wno-unknown-pragmas -w -Wno-shadow -Wno-four-char-constants -Wno-conversion -Wno-constant-conversion -Wno-int-conversion -Wno-bool-conversion -Wno-enum-conversion -Wno-float-conversion -Wno-non-literal-null-conversion -Wno-objc-literal-conversion -Wshorten-64-to-32 -Wpointer-sign -Wno-newline-eof -Wno-implicit-fallthrough -fstrict-aliasing -Wdeprecated-declarations -Wno-sign-conversion -Wno-infinite-recursion -Wno-comma -Wno-block-capture-autoreleasing -Wno-strict-prototypes -Wno-semicolon-before-method-body -index-store-path /Users/j/Documents/GitHub/MoneroOne/build/Index.noindex/DataStore @/Users/j/Documents/GitHub/MoneroOne/build/Build/Intermediates.noindex/swift-crypto.build/Debug-iphonesimulator/CCryptoBoringSSL.build/Objects-normal/arm64/7187679823f38a2a940e0043cdf9d637-common-args.resp -MMD -MT dependencies -MF /Users/j/Documents/GitHub/MoneroOne/build/Build/Intermediates.noindex/swift-crypto.build/Debug-iphonesimulator/CCryptoBoringSSL.build/Objects-normal/arm64/mode_wrappers.d --serialize-diagnostics /Users/j/Documents/GitHub/MoneroOne/build/Build/Intermediates.noindex/swift-crypto.build/Debug-iphonesimulator/CCryptoBoringSSL.build/Objects-normal/arm64/mode_wrappers.dia -c /Users/j/Documents/GitHub/MoneroOne/build/SourcePackages/checkouts/swift-crypto/Sources/CCryptoBoringSSL/crypto/fipsmodule/aes/mode_wrappers.c -o /Users/j/Documents/GitHub/MoneroOne/build/Build/Intermediates.noindex/swift-crypto.build/Debug-iphonesimulator/CCryptoBoringSSL.build/Objects-normal/arm64/mode_wrappers.o -index-unit-output-path /swift-crypto.build/Debug-iphonesimulator/CCryptoBoringSSL.build/Objects-normal/arm64/mode_wrappers.o

ScanDependencies /Users/j/Documents/GitHub/MoneroOne/build/Build/Intermediates.noindex/swift-crypto.build/Debug-iphonesimulator/CCryptoBoringSSL.build/Objects-normal/arm64/md4.o /Users/j/Documents/GitHub/MoneroOne/build/SourcePackages/checkouts/swift-crypto/Sources/CCryptoBoringSSL/crypto/fipsmodule/md4/md4.c normal arm64 c com.apple.compilers.llvm.clang.1_0.compiler (in target 'CCryptoBoringSSL' from project 'swift-crypto')
    cd /Users/j/Documents/GitHub/MoneroOne/MoneroOne.xcodeproj
    
    Using response file: /Users/j/Documents/GitHub/MoneroOne/build/Build/Intermediates.noindex/swift-crypto.build/Debug-iphonesimulator/CCryptoBoringSSL.build/Objects-normal/arm64/7187679823f38a2a940e0043cdf9d637-common-args.resp
    
    builtin-ScanDependencies -o /Users/j/Documents/GitHub/MoneroOne/build/Build/Intermediates.noindex/swift-crypto.build/Debug-iphonesimulator/CCryptoBoringSSL.build/Objects-normal/arm64/md4.o.scan -- /Applications/Xcode.app/Contents/Developer/Toolchains/XcodeDefault.xctoolchain/usr/bin/clang -x c -ivfsstatcache /Users/j/Documents/GitHub/MoneroOne/build/SDKStatCaches.noindex/iphonesimulator26.1-23B77-90cf18a4295e390e64c810bc6bd7acbc.sdkstatcache -fmessage-length\=0 -fdiagnostics-show-note-include-stack -fmacro-backtrace-limit\=0 -fno-color-diagnostics -fmodules-prune-interval\=86400 -fmodules-prune-after\=345600 -fbuild-session-file\=/Users/j/Documents/GitHub/MoneroOne/build/ModuleCache.noindex/Session.modulevalidation -fmodules-validate-once-per-build-session -Wnon-modular-include-in-framework-module -Werror\=non-modular-include-in-framework-module -Wno-trigraphs -Wno-missing-field-initializers -Wno-missing-prototypes -Wno-return-type -Wno-missing-braces -Wparentheses -Wswitch -Wno-unused-function -Wno-unused-label -Wno-unused-parameter -Wno-unused-variable -Wunused-value -Wno-empty-body -Wno-uninitialized -Wno-unknown-pragmas -w -Wno-shadow -Wno-four-char-constants -Wno-conversion -Wno-constant-conversion -Wno-int-conversion -Wno-bool-conversion -Wno-enum-conversion -Wno-float-conversion -Wno-non-literal-null-conversion -Wno-objc-literal-conversion -Wshorten-64-to-32 -Wpointer-sign -Wno-newline-eof -Wno-implicit-fallthrough -fstrict-aliasing -Wdeprecated-declarations -Wno-sign-conversion -Wno-infinite-recursion -Wno-comma -Wno-block-capture-autoreleasing -Wno-strict-prototypes -Wno-semicolon-before-method-body -index-store-path /Users/j/Documents/GitHub/MoneroOne/build/Index.noindex/DataStore @/Users/j/Documents/GitHub/MoneroOne/build/Build/Intermediates.noindex/swift-crypto.build/Debug-iphonesimulator/CCryptoBoringSSL.build/Objects-normal/arm64/7187679823f38a2a940e0043cdf9d637-common-args.resp -MMD -MT dependencies -MF /Users/j/Documents/GitHub/MoneroOne/build/Build/Intermediates.noindex/swift-crypto.build/Debug-iphonesimulator/CCryptoBoringSSL.build/Objects-normal/arm64/md4.d --serialize-diagnostics /Users/j/Documents/GitHub/MoneroOne/build/Build/Intermediates.noindex/swift-crypto.build/Debug-iphonesimulator/CCryptoBoringSSL.build/Objects-normal/arm64/md4.dia -c /Users/j/Documents/GitHub/MoneroOne/build/SourcePackages/checkouts/swift-crypto/Sources/CCryptoBoringSSL/crypto/fipsmodule/md4/md4.c -o /Users/j/Documents/GitHub/MoneroOne/build/Build/Intermediates.noindex/swift-crypto.build/Debug-iphonesimulator/CCryptoBoringSSL.build/Objects-normal/arm64/md4.o -index-unit-output-path /swift-crypto.build/Debug-iphonesimulator/CCryptoBoringSSL.build/Objects-normal/arm64/md4.o

CompileC /Users/j/Documents/GitHub/MoneroOne/build/Build/Intermediates.noindex/swift-crypto.build/Debug-iphonesimulator/CCryptoBoringSSL.build/Objects-normal/arm64/mem.o /Users/j/Documents/GitHub/MoneroOne/build/SourcePackages/checkouts/swift-crypto/Sources/CCryptoBoringSSL/crypto/mem.c normal arm64 c com.apple.compilers.llvm.clang.1_0.compiler (in target 'CCryptoBoringSSL' from project 'swift-crypto')
    cd /Users/j/Documents/GitHub/MoneroOne/MoneroOne.xcodeproj
    
    Using response file: /Users/j/Documents/GitHub/MoneroOne/build/Build/Intermediates.noindex/swift-crypto.build/Debug-iphonesimulator/CCryptoBoringSSL.build/Objects-normal/arm64/7187679823f38a2a940e0043cdf9d637-common-args.resp
    
    /Applications/Xcode.app/Contents/Developer/Toolchains/XcodeDefault.xctoolchain/usr/bin/clang -x c -ivfsstatcache /Users/j/Documents/GitHub/MoneroOne/build/SDKStatCaches.noindex/iphonesimulator26.1-23B77-90cf18a4295e390e64c810bc6bd7acbc.sdkstatcache -fmessage-length\=0 -fdiagnostics-show-note-include-stack -fmacro-backtrace-limit\=0 -fno-color-diagnostics -fmodules-prune-interval\=86400 -fmodules-prune-after\=345600 -fbuild-session-file\=/Users/j/Documents/GitHub/MoneroOne/build/ModuleCache.noindex/Session.modulevalidation -fmodules-validate-once-per-build-session -Wnon-modular-include-in-framework-module -Werror\=non-modular-include-in-framework-module -Wno-trigraphs -Wno-missing-field-initializers -Wno-missing-prototypes -Wno-return-type -Wno-missing-braces -Wparentheses -Wswitch -Wno-unused-function -Wno-unused-label -Wno-unused-parameter -Wno-unused-variable -Wunused-value -Wno-empty-body -Wno-uninitialized -Wno-unknown-pragmas -w -Wno-shadow -Wno-four-char-constants -Wno-conversion -Wno-constant-conversion -Wno-int-conversion -Wno-bool-conversion -Wno-enum-conversion -Wno-float-conversion -Wno-non-literal-null-conversion -Wno-objc-literal-conversion -Wshorten-64-to-32 -Wpointer-sign -Wno-newline-eof -Wno-implicit-fallthrough -fstrict-aliasing -Wdeprecated-declarations -Wno-sign-conversion -Wno-infinite-recursion -Wno-comma -Wno-block-capture-autoreleasing -Wno-strict-prototypes -Wno-semicolon-before-method-body -index-store-path /Users/j/Documents/GitHub/MoneroOne/build/Index.noindex/DataStore @/Users/j/Documents/GitHub/MoneroOne/build/Build/Intermediates.noindex/swift-crypto.build/Debug-iphonesimulator/CCryptoBoringSSL.build/Objects-normal/arm64/7187679823f38a2a940e0043cdf9d637-common-args.resp -MMD -MT dependencies -MF /Users/j/Documents/GitHub/MoneroOne/build/Build/Intermediates.noindex/swift-crypto.build/Debug-iphonesimulator/CCryptoBoringSSL.build/Objects-normal/arm64/mem.d --serialize-diagnostics /Users/j/Documents/GitHub/MoneroOne/build/Build/Intermediates.noindex/swift-crypto.build/Debug-iphonesimulator/CCryptoBoringSSL.build/Objects-normal/arm64/mem.dia -c /Users/j/Documents/GitHub/MoneroOne/build/SourcePackages/checkouts/swift-crypto/Sources/CCryptoBoringSSL/crypto/mem.c -o /Users/j/Documents/GitHub/MoneroOne/build/Build/Intermediates.noindex/swift-crypto.build/Debug-iphonesimulator/CCryptoBoringSSL.build/Objects-normal/arm64/mem.o -index-unit-output-path /swift-crypto.build/Debug-iphonesimulator/CCryptoBoringSSL.build/Objects-normal/arm64/mem.o

CompileC /Users/j/Documents/GitHub/MoneroOne/build/Build/Intermediates.noindex/swift-crypto.build/Debug-iphonesimulator/CCryptoBoringSSL.build/Objects-normal/arm64/md5.o /Users/j/Documents/GitHub/MoneroOne/build/SourcePackages/checkouts/swift-crypto/Sources/CCryptoBoringSSL/crypto/fipsmodule/md5/md5.c normal arm64 c com.apple.compilers.llvm.clang.1_0.compiler (in target 'CCryptoBoringSSL' from project 'swift-crypto')
    cd /Users/j/Documents/GitHub/MoneroOne/MoneroOne.xcodeproj
    
    Using response file: /Users/j/Documents/GitHub/MoneroOne/build/Build/Intermediates.noindex/swift-crypto.build/Debug-iphonesimulator/CCryptoBoringSSL.build/Objects-normal/arm64/7187679823f38a2a940e0043cdf9d637-common-args.resp
    
    /Applications/Xcode.app/Contents/Developer/Toolchains/XcodeDefault.xctoolchain/usr/bin/clang -x c -ivfsstatcache /Users/j/Documents/GitHub/MoneroOne/build/SDKStatCaches.noindex/iphonesimulator26.1-23B77-90cf18a4295e390e64c810bc6bd7acbc.sdkstatcache -fmessage-length\=0 -fdiagnostics-show-note-include-stack -fmacro-backtrace-limit\=0 -fno-color-diagnostics -fmodules-prune-interval\=86400 -fmodules-prune-after\=345600 -fbuild-session-file\=/Users/j/Documents/GitHub/MoneroOne/build/ModuleCache.noindex/Session.modulevalidation -fmodules-validate-once-per-build-session -Wnon-modular-include-in-framework-module -Werror\=non-modular-include-in-framework-module -Wno-trigraphs -Wno-missing-field-initializers -Wno-missing-prototypes -Wno-return-type -Wno-missing-braces -Wparentheses -Wswitch -Wno-unused-function -Wno-unused-label -Wno-unused-parameter -Wno-unused-variable -Wunused-value -Wno-empty-body -Wno-uninitialized -Wno-unknown-pragmas -w -Wno-shadow -Wno-four-char-constants -Wno-conversion -Wno-constant-conversion -Wno-int-conversion -Wno-bool-conversion -Wno-enum-conversion -Wno-float-conversion -Wno-non-literal-null-conversion -Wno-objc-literal-conversion -Wshorten-64-to-32 -Wpointer-sign -Wno-newline-eof -Wno-implicit-fallthrough -fstrict-aliasing -Wdeprecated-declarations -Wno-sign-conversion -Wno-infinite-recursion -Wno-comma -Wno-block-capture-autoreleasing -Wno-strict-prototypes -Wno-semicolon-before-method-body -index-store-path /Users/j/Documents/GitHub/MoneroOne/build/Index.noindex/DataStore @/Users/j/Documents/GitHub/MoneroOne/build/Build/Intermediates.noindex/swift-crypto.build/Debug-iphonesimulator/CCryptoBoringSSL.build/Objects-normal/arm64/7187679823f38a2a940e0043cdf9d637-common-args.resp -MMD -MT dependencies -MF /Users/j/Documents/GitHub/MoneroOne/build/Build/Intermediates.noindex/swift-crypto.build/Debug-iphonesimulator/CCryptoBoringSSL.build/Objects-normal/arm64/md5.d --serialize-diagnostics /Users/j/Documents/GitHub/MoneroOne/build/Build/Intermediates.noindex/swift-crypto.build/Debug-iphonesimulator/CCryptoBoringSSL.build/Objects-normal/arm64/md5.dia -c /Users/j/Documents/GitHub/MoneroOne/build/SourcePackages/checkouts/swift-crypto/Sources/CCryptoBoringSSL/crypto/fipsmodule/md5/md5.c -o /Users/j/Documents/GitHub/MoneroOne/build/Build/Intermediates.noindex/swift-crypto.build/Debug-iphonesimulator/CCryptoBoringSSL.build/Objects-normal/arm64/md5.o -index-unit-output-path /swift-crypto.build/Debug-iphonesimulator/CCryptoBoringSSL.build/Objects-normal/arm64/md5.o

CompileC /Users/j/Documents/GitHub/MoneroOne/build/Build/Intermediates.noindex/swift-crypto.build/Debug-iphonesimulator/CCryptoBoringSSL.build/Objects-normal/arm64/mul.o /Users/j/Documents/GitHub/MoneroOne/build/SourcePackages/checkouts/swift-crypto/Sources/CCryptoBoringSSL/crypto/fipsmodule/bn/mul.c normal arm64 c com.apple.compilers.llvm.clang.1_0.compiler (in target 'CCryptoBoringSSL' from project 'swift-crypto')
    cd /Users/j/Documents/GitHub/MoneroOne/MoneroOne.xcodeproj
    
    Using response file: /Users/j/Documents/GitHub/MoneroOne/build/Build/Intermediates.noindex/swift-crypto.build/Debug-iphonesimulator/CCryptoBoringSSL.build/Objects-normal/arm64/7187679823f38a2a940e0043cdf9d637-common-args.resp
    
    /Applications/Xcode.app/Contents/Developer/Toolchains/XcodeDefault.xctoolchain/usr/bin/clang -x c -ivfsstatcache /Users/j/Documents/GitHub/MoneroOne/build/SDKStatCaches.noindex/iphonesimulator26.1-23B77-90cf18a4295e390e64c810bc6bd7acbc.sdkstatcache -fmessage-length\=0 -fdiagnostics-show-note-include-stack -fmacro-backtrace-limit\=0 -fno-color-diagnostics -fmodules-prune-interval\=86400 -fmodules-prune-after\=345600 -fbuild-session-file\=/Users/j/Documents/GitHub/MoneroOne/build/ModuleCache.noindex/Session.modulevalidation -fmodules-validate-once-per-build-session -Wnon-modular-include-in-framework-module -Werror\=non-modular-include-in-framework-module -Wno-trigraphs -Wno-missing-field-initializers -Wno-missing-prototypes -Wno-return-type -Wno-missing-braces -Wparentheses -Wswitch -Wno-unused-function -Wno-unused-label -Wno-unused-parameter -Wno-unused-variable -Wunused-value -Wno-empty-body -Wno-uninitialized -Wno-unknown-pragmas -w -Wno-shadow -Wno-four-char-constants -Wno-conversion -Wno-constant-conversion -Wno-int-conversion -Wno-bool-conversion -Wno-enum-conversion -Wno-float-conversion -Wno-non-literal-null-conversion -Wno-objc-literal-conversion -Wshorten-64-to-32 -Wpointer-sign -Wno-newline-eof -Wno-implicit-fallthrough -fstrict-aliasing -Wdeprecated-declarations -Wno-sign-conversion -Wno-infinite-recursion -Wno-comma -Wno-block-capture-autoreleasing -Wno-strict-prototypes -Wno-semicolon-before-method-body -index-store-path /Users/j/Documents/GitHub/MoneroOne/build/Index.noindex/DataStore @/Users/j/Documents/GitHub/MoneroOne/build/Build/Intermediates.noindex/swift-crypto.build/Debug-iphonesimulator/CCryptoBoringSSL.build/Objects-normal/arm64/7187679823f38a2a940e0043cdf9d637-common-args.resp -MMD -MT dependencies -MF /Users/j/Documents/GitHub/MoneroOne/build/Build/Intermediates.noindex/swift-crypto.build/Debug-iphonesimulator/CCryptoBoringSSL.build/Objects-normal/arm64/mul.d --serialize-diagnostics /Users/j/Documents/GitHub/MoneroOne/build/Build/Intermediates.noindex/swift-crypto.build/Debug-iphonesimulator/CCryptoBoringSSL.build/Objects-normal/arm64/mul.dia -c /Users/j/Documents/GitHub/MoneroOne/build/SourcePackages/checkouts/swift-crypto/Sources/CCryptoBoringSSL/crypto/fipsmodule/bn/mul.c -o /Users/j/Documents/GitHub/MoneroOne/build/Build/Intermediates.noindex/swift-crypto.build/Debug-iphonesimulator/CCryptoBoringSSL.build/Objects-normal/arm64/mul.o -index-unit-output-path /swift-crypto.build/Debug-iphonesimulator/CCryptoBoringSSL.build/Objects-normal/arm64/mul.o

CompileC /Users/j/Documents/GitHub/MoneroOne/build/Build/Intermediates.noindex/swift-crypto.build/Debug-iphonesimulator/CCryptoBoringSSL.build/Objects-normal/arm64/md4.o /Users/j/Documents/GitHub/MoneroOne/build/SourcePackages/checkouts/swift-crypto/Sources/CCryptoBoringSSL/crypto/fipsmodule/md4/md4.c normal arm64 c com.apple.compilers.llvm.clang.1_0.compiler (in target 'CCryptoBoringSSL' from project 'swift-crypto')
    cd /Users/j/Documents/GitHub/MoneroOne/MoneroOne.xcodeproj
    
    Using response file: /Users/j/Documents/GitHub/MoneroOne/build/Build/Intermediates.noindex/swift-crypto.build/Debug-iphonesimulator/CCryptoBoringSSL.build/Objects-normal/arm64/7187679823f38a2a940e0043cdf9d637-common-args.resp
    
    /Applications/Xcode.app/Contents/Developer/Toolchains/XcodeDefault.xctoolchain/usr/bin/clang -x c -ivfsstatcache /Users/j/Documents/GitHub/MoneroOne/build/SDKStatCaches.noindex/iphonesimulator26.1-23B77-90cf18a4295e390e64c810bc6bd7acbc.sdkstatcache -fmessage-length\=0 -fdiagnostics-show-note-include-stack -fmacro-backtrace-limit\=0 -fno-color-diagnostics -fmodules-prune-interval\=86400 -fmodules-prune-after\=345600 -fbuild-session-file\=/Users/j/Documents/GitHub/MoneroOne/build/ModuleCache.noindex/Session.modulevalidation -fmodules-validate-once-per-build-session -Wnon-modular-include-in-framework-module -Werror\=non-modular-include-in-framework-module -Wno-trigraphs -Wno-missing-field-initializers -Wno-missing-prototypes -Wno-return-type -Wno-missing-braces -Wparentheses -Wswitch -Wno-unused-function -Wno-unused-label -Wno-unused-parameter -Wno-unused-variable -Wunused-value -Wno-empty-body -Wno-uninitialized -Wno-unknown-pragmas -w -Wno-shadow -Wno-four-char-constants -Wno-conversion -Wno-constant-conversion -Wno-int-conversion -Wno-bool-conversion -Wno-enum-conversion -Wno-float-conversion -Wno-non-literal-null-conversion -Wno-objc-literal-conversion -Wshorten-64-to-32 -Wpointer-sign -Wno-newline-eof -Wno-implicit-fallthrough -fstrict-aliasing -Wdeprecated-declarations -Wno-sign-conversion -Wno-infinite-recursion -Wno-comma -Wno-block-capture-autoreleasing -Wno-strict-prototypes -Wno-semicolon-before-method-body -index-store-path /Users/j/Documents/GitHub/MoneroOne/build/Index.noindex/DataStore @/Users/j/Documents/GitHub/MoneroOne/build/Build/Intermediates.noindex/swift-crypto.build/Debug-iphonesimulator/CCryptoBoringSSL.build/Objects-normal/arm64/7187679823f38a2a940e0043cdf9d637-common-args.resp -MMD -MT dependencies -MF /Users/j/Documents/GitHub/MoneroOne/build/Build/Intermediates.noindex/swift-crypto.build/Debug-iphonesimulator/CCryptoBoringSSL.build/Objects-normal/arm64/md4.d --serialize-diagnostics /Users/j/Documents/GitHub/MoneroOne/build/Build/Intermediates.noindex/swift-crypto.build/Debug-iphonesimulator/CCryptoBoringSSL.build/Objects-normal/arm64/md4.dia -c /Users/j/Documents/GitHub/MoneroOne/build/SourcePackages/checkouts/swift-crypto/Sources/CCryptoBoringSSL/crypto/fipsmodule/md4/md4.c -o /Users/j/Documents/GitHub/MoneroOne/build/Build/Intermediates.noindex/swift-crypto.build/Debug-iphonesimulator/CCryptoBoringSSL.build/Objects-normal/arm64/md4.o -index-unit-output-path /swift-crypto.build/Debug-iphonesimulator/CCryptoBoringSSL.build/Objects-normal/arm64/md4.o

ScanDependencies /Users/j/Documents/GitHub/MoneroOne/build/Build/Intermediates.noindex/swift-crypto.build/Debug-iphonesimulator/CCryptoBoringSSL.build/Objects-normal/arm64/lhash.o /Users/j/Documents/GitHub/MoneroOne/build/SourcePackages/checkouts/swift-crypto/Sources/CCryptoBoringSSL/crypto/lhash/lhash.c normal arm64 c com.apple.compilers.llvm.clang.1_0.compiler (in target 'CCryptoBoringSSL' from project 'swift-crypto')
    cd /Users/j/Documents/GitHub/MoneroOne/MoneroOne.xcodeproj
    
    Using response file: /Users/j/Documents/GitHub/MoneroOne/build/Build/Intermediates.noindex/swift-crypto.build/Debug-iphonesimulator/CCryptoBoringSSL.build/Objects-normal/arm64/7187679823f38a2a940e0043cdf9d637-common-args.resp
    
    builtin-ScanDependencies -o /Users/j/Documents/GitHub/MoneroOne/build/Build/Intermediates.noindex/swift-crypto.build/Debug-iphonesimulator/CCryptoBoringSSL.build/Objects-normal/arm64/lhash.o.scan -- /Applications/Xcode.app/Contents/Developer/Toolchains/XcodeDefault.xctoolchain/usr/bin/clang -x c -ivfsstatcache /Users/j/Documents/GitHub/MoneroOne/build/SDKStatCaches.noindex/iphonesimulator26.1-23B77-90cf18a4295e390e64c810bc6bd7acbc.sdkstatcache -fmessage-length\=0 -fdiagnostics-show-note-include-stack -fmacro-backtrace-limit\=0 -fno-color-diagnostics -fmodules-prune-interval\=86400 -fmodules-prune-after\=345600 -fbuild-session-file\=/Users/j/Documents/GitHub/MoneroOne/build/ModuleCache.noindex/Session.modulevalidation -fmodules-validate-once-per-build-session -Wnon-modular-include-in-framework-module -Werror\=non-modular-include-in-framework-module -Wno-trigraphs -Wno-missing-field-initializers -Wno-missing-prototypes -Wno-return-type -Wno-missing-braces -Wparentheses -Wswitch -Wno-unused-function -Wno-unused-label -Wno-unused-parameter -Wno-unused-variable -Wunused-value -Wno-empty-body -Wno-uninitialized -Wno-unknown-pragmas -w -Wno-shadow -Wno-four-char-constants -Wno-conversion -Wno-constant-conversion -Wno-int-conversion -Wno-bool-conversion -Wno-enum-conversion -Wno-float-conversion -Wno-non-literal-null-conversion -Wno-objc-literal-conversion -Wshorten-64-to-32 -Wpointer-sign -Wno-newline-eof -Wno-implicit-fallthrough -fstrict-aliasing -Wdeprecated-declarations -Wno-sign-conversion -Wno-infinite-recursion -Wno-comma -Wno-block-capture-autoreleasing -Wno-strict-prototypes -Wno-semicolon-before-method-body -index-store-path /Users/j/Documents/GitHub/MoneroOne/build/Index.noindex/DataStore @/Users/j/Documents/GitHub/MoneroOne/build/Build/Intermediates.noindex/swift-crypto.build/Debug-iphonesimulator/CCryptoBoringSSL.build/Objects-normal/arm64/7187679823f38a2a940e0043cdf9d637-common-args.resp -MMD -MT dependencies -MF /Users/j/Documents/GitHub/MoneroOne/build/Build/Intermediates.noindex/swift-crypto.build/Debug-iphonesimulator/CCryptoBoringSSL.build/Objects-normal/arm64/lhash.d --serialize-diagnostics /Users/j/Documents/GitHub/MoneroOne/build/Build/Intermediates.noindex/swift-crypto.build/Debug-iphonesimulator/CCryptoBoringSSL.build/Objects-normal/arm64/lhash.dia -c /Users/j/Documents/GitHub/MoneroOne/build/SourcePackages/checkouts/swift-crypto/Sources/CCryptoBoringSSL/crypto/lhash/lhash.c -o /Users/j/Documents/GitHub/MoneroOne/build/Build/Intermediates.noindex/swift-crypto.build/Debug-iphonesimulator/CCryptoBoringSSL.build/Objects-normal/arm64/lhash.o -index-unit-output-path /swift-crypto.build/Debug-iphonesimulator/CCryptoBoringSSL.build/Objects-normal/arm64/lhash.o

ScanDependencies /Users/j/Documents/GitHub/MoneroOne/build/Build/Intermediates.noindex/swift-crypto.build/Debug-iphonesimulator/CCryptoBoringSSL.build/Objects-normal/arm64/kyber.o /Users/j/Documents/GitHub/MoneroOne/build/SourcePackages/checkouts/swift-crypto/Sources/CCryptoBoringSSL/crypto/kyber/kyber.c normal arm64 c com.apple.compilers.llvm.clang.1_0.compiler (in target 'CCryptoBoringSSL' from project 'swift-crypto')
    cd /Users/j/Documents/GitHub/MoneroOne/MoneroOne.xcodeproj
    
    Using response file: /Users/j/Documents/GitHub/MoneroOne/build/Build/Intermediates.noindex/swift-crypto.build/Debug-iphonesimulator/CCryptoBoringSSL.build/Objects-normal/arm64/7187679823f38a2a940e0043cdf9d637-common-args.resp
    
    builtin-ScanDependencies -o /Users/j/Documents/GitHub/MoneroOne/build/Build/Intermediates.noindex/swift-crypto.build/Debug-iphonesimulator/CCryptoBoringSSL.build/Objects-normal/arm64/kyber.o.scan -- /Applications/Xcode.app/Contents/Developer/Toolchains/XcodeDefault.xctoolchain/usr/bin/clang -x c -ivfsstatcache /Users/j/Documents/GitHub/MoneroOne/build/SDKStatCaches.noindex/iphonesimulator26.1-23B77-90cf18a4295e390e64c810bc6bd7acbc.sdkstatcache -fmessage-length\=0 -fdiagnostics-show-note-include-stack -fmacro-backtrace-limit\=0 -fno-color-diagnostics -fmodules-prune-interval\=86400 -fmodules-prune-after\=345600 -fbuild-session-file\=/Users/j/Documents/GitHub/MoneroOne/build/ModuleCache.noindex/Session.modulevalidation -fmodules-validate-once-per-build-session -Wnon-modular-include-in-framework-module -Werror\=non-modular-include-in-framework-module -Wno-trigraphs -Wno-missing-field-initializers -Wno-missing-prototypes -Wno-return-type -Wno-missing-braces -Wparentheses -Wswitch -Wno-unused-function -Wno-unused-label -Wno-unused-parameter -Wno-unused-variable -Wunused-value -Wno-empty-body -Wno-uninitialized -Wno-unknown-pragmas -w -Wno-shadow -Wno-four-char-constants -Wno-conversion -Wno-constant-conversion -Wno-int-conversion -Wno-bool-conversion -Wno-enum-conversion -Wno-float-conversion -Wno-non-literal-null-conversion -Wno-objc-literal-conversion -Wshorten-64-to-32 -Wpointer-sign -Wno-newline-eof -Wno-implicit-fallthrough -fstrict-aliasing -Wdeprecated-declarations -Wno-sign-conversion -Wno-infinite-recursion -Wno-comma -Wno-block-capture-autoreleasing -Wno-strict-prototypes -Wno-semicolon-before-method-body -index-store-path /Users/j/Documents/GitHub/MoneroOne/build/Index.noindex/DataStore @/Users/j/Documents/GitHub/MoneroOne/build/Build/Intermediates.noindex/swift-crypto.build/Debug-iphonesimulator/CCryptoBoringSSL.build/Objects-normal/arm64/7187679823f38a2a940e0043cdf9d637-common-args.resp -MMD -MT dependencies -MF /Users/j/Documents/GitHub/MoneroOne/build/Build/Intermediates.noindex/swift-crypto.build/Debug-iphonesimulator/CCryptoBoringSSL.build/Objects-normal/arm64/kyber.d --serialize-diagnostics /Users/j/Documents/GitHub/MoneroOne/build/Build/Intermediates.noindex/swift-crypto.build/Debug-iphonesimulator/CCryptoBoringSSL.build/Objects-normal/arm64/kyber.dia -c /Users/j/Documents/GitHub/MoneroOne/build/SourcePackages/checkouts/swift-crypto/Sources/CCryptoBoringSSL/crypto/kyber/kyber.c -o /Users/j/Documents/GitHub/MoneroOne/build/Build/Intermediates.noindex/swift-crypto.build/Debug-iphonesimulator/CCryptoBoringSSL.build/Objects-normal/arm64/kyber.o -index-unit-output-path /swift-crypto.build/Debug-iphonesimulator/CCryptoBoringSSL.build/Objects-normal/arm64/kyber.o

ScanDependencies /Users/j/Documents/GitHub/MoneroOne/build/Build/Intermediates.noindex/swift-crypto.build/Debug-iphonesimulator/CCryptoBoringSSL.build/Objects-normal/arm64/key_wrap.o /Users/j/Documents/GitHub/MoneroOne/build/SourcePackages/checkouts/swift-crypto/Sources/CCryptoBoringSSL/crypto/fipsmodule/aes/key_wrap.c normal arm64 c com.apple.compilers.llvm.clang.1_0.compiler (in target 'CCryptoBoringSSL' from project 'swift-crypto')
    cd /Users/j/Documents/GitHub/MoneroOne/MoneroOne.xcodeproj
    
    Using response file: /Users/j/Documents/GitHub/MoneroOne/build/Build/Intermediates.noindex/swift-crypto.build/Debug-iphonesimulator/CCryptoBoringSSL.build/Objects-normal/arm64/7187679823f38a2a940e0043cdf9d637-common-args.resp
    
    builtin-ScanDependencies -o /Users/j/Documents/GitHub/MoneroOne/build/Build/Intermediates.noindex/swift-crypto.build/Debug-iphonesimulator/CCryptoBoringSSL.build/Objects-normal/arm64/key_wrap.o.scan -- /Applications/Xcode.app/Contents/Developer/Toolchains/XcodeDefault.xctoolchain/usr/bin/clang -x c -ivfsstatcache /Users/j/Documents/GitHub/MoneroOne/build/SDKStatCaches.noindex/iphonesimulator26.1-23B77-90cf18a4295e390e64c810bc6bd7acbc.sdkstatcache -fmessage-length\=0 -fdiagnostics-show-note-include-stack -fmacro-backtrace-limit\=0 -fno-color-diagnostics -fmodules-prune-interval\=86400 -fmodules-prune-after\=345600 -fbuild-session-file\=/Users/j/Documents/GitHub/MoneroOne/build/ModuleCache.noindex/Session.modulevalidation -fmodules-validate-once-per-build-session -Wnon-modular-include-in-framework-module -Werror\=non-modular-include-in-framework-module -Wno-trigraphs -Wno-missing-field-initializers -Wno-missing-prototypes -Wno-return-type -Wno-missing-braces -Wparentheses -Wswitch -Wno-unused-function -Wno-unused-label -Wno-unused-parameter -Wno-unused-variable -Wunused-value -Wno-empty-body -Wno-uninitialized -Wno-unknown-pragmas -w -Wno-shadow -Wno-four-char-constants -Wno-conversion -Wno-constant-conversion -Wno-int-conversion -Wno-bool-conversion -Wno-enum-conversion -Wno-float-conversion -Wno-non-literal-null-conversion -Wno-objc-literal-conversion -Wshorten-64-to-32 -Wpointer-sign -Wno-newline-eof -Wno-implicit-fallthrough -fstrict-aliasing -Wdeprecated-declarations -Wno-sign-conversion -Wno-infinite-recursion -Wno-comma -Wno-block-capture-autoreleasing -Wno-strict-prototypes -Wno-semicolon-before-method-body -index-store-path /Users/j/Documents/GitHub/MoneroOne/build/Index.noindex/DataStore @/Users/j/Documents/GitHub/MoneroOne/build/Build/Intermediates.noindex/swift-crypto.build/Debug-iphonesimulator/CCryptoBoringSSL.build/Objects-normal/arm64/7187679823f38a2a940e0043cdf9d637-common-args.resp -MMD -MT dependencies -MF /Users/j/Documents/GitHub/MoneroOne/build/Build/Intermediates.noindex/swift-crypto.build/Debug-iphonesimulator/CCryptoBoringSSL.build/Objects-normal/arm64/key_wrap.d --serialize-diagnostics /Users/j/Documents/GitHub/MoneroOne/build/Build/Intermediates.noindex/swift-crypto.build/Debug-iphonesimulator/CCryptoBoringSSL.build/Objects-normal/arm64/key_wrap.dia -c /Users/j/Documents/GitHub/MoneroOne/build/SourcePackages/checkouts/swift-crypto/Sources/CCryptoBoringSSL/crypto/fipsmodule/aes/key_wrap.c -o /Users/j/Documents/GitHub/MoneroOne/build/Build/Intermediates.noindex/swift-crypto.build/Debug-iphonesimulator/CCryptoBoringSSL.build/Objects-normal/arm64/key_wrap.o -index-unit-output-path /swift-crypto.build/Debug-iphonesimulator/CCryptoBoringSSL.build/Objects-normal/arm64/key_wrap.o

ScanDependencies /Users/j/Documents/GitHub/MoneroOne/build/Build/Intermediates.noindex/swift-crypto.build/Debug-iphonesimulator/CCryptoBoringSSL.build/Objects-normal/arm64/keccak.o /Users/j/Documents/GitHub/MoneroOne/build/SourcePackages/checkouts/swift-crypto/Sources/CCryptoBoringSSL/crypto/kyber/keccak.c normal arm64 c com.apple.compilers.llvm.clang.1_0.compiler (in target 'CCryptoBoringSSL' from project 'swift-crypto')
    cd /Users/j/Documents/GitHub/MoneroOne/MoneroOne.xcodeproj
    
    Using response file: /Users/j/Documents/GitHub/MoneroOne/build/Build/Intermediates.noindex/swift-crypto.build/Debug-iphonesimulator/CCryptoBoringSSL.build/Objects-normal/arm64/7187679823f38a2a940e0043cdf9d637-common-args.resp
    
    builtin-ScanDependencies -o /Users/j/Documents/GitHub/MoneroOne/build/Build/Intermediates.noindex/swift-crypto.build/Debug-iphonesimulator/CCryptoBoringSSL.build/Objects-normal/arm64/keccak.o.scan -- /Applications/Xcode.app/Contents/Developer/Toolchains/XcodeDefault.xctoolchain/usr/bin/clang -x c -ivfsstatcache /Users/j/Documents/GitHub/MoneroOne/build/SDKStatCaches.noindex/iphonesimulator26.1-23B77-90cf18a4295e390e64c810bc6bd7acbc.sdkstatcache -fmessage-length\=0 -fdiagnostics-show-note-include-stack -fmacro-backtrace-limit\=0 -fno-color-diagnostics -fmodules-prune-interval\=86400 -fmodules-prune-after\=345600 -fbuild-session-file\=/Users/j/Documents/GitHub/MoneroOne/build/ModuleCache.noindex/Session.modulevalidation -fmodules-validate-once-per-build-session -Wnon-modular-include-in-framework-module -Werror\=non-modular-include-in-framework-module -Wno-trigraphs -Wno-missing-field-initializers -Wno-missing-prototypes -Wno-return-type -Wno-missing-braces -Wparentheses -Wswitch -Wno-unused-function -Wno-unused-label -Wno-unused-parameter -Wno-unused-variable -Wunused-value -Wno-empty-body -Wno-uninitialized -Wno-unknown-pragmas -w -Wno-shadow -Wno-four-char-constants -Wno-conversion -Wno-constant-conversion -Wno-int-conversion -Wno-bool-conversion -Wno-enum-conversion -Wno-float-conversion -Wno-non-literal-null-conversion -Wno-objc-literal-conversion -Wshorten-64-to-32 -Wpointer-sign -Wno-newline-eof -Wno-implicit-fallthrough -fstrict-aliasing -Wdeprecated-declarations -Wno-sign-conversion -Wno-infinite-recursion -Wno-comma -Wno-block-capture-autoreleasing -Wno-strict-prototypes -Wno-semicolon-before-method-body -index-store-path /Users/j/Documents/GitHub/MoneroOne/build/Index.noindex/DataStore @/Users/j/Documents/GitHub/MoneroOne/build/Build/Intermediates.noindex/swift-crypto.build/Debug-iphonesimulator/CCryptoBoringSSL.build/Objects-normal/arm64/7187679823f38a2a940e0043cdf9d637-common-args.resp -MMD -MT dependencies -MF /Users/j/Documents/GitHub/MoneroOne/build/Build/Intermediates.noindex/swift-crypto.build/Debug-iphonesimulator/CCryptoBoringSSL.build/Objects-normal/arm64/keccak.d --serialize-diagnostics /Users/j/Documents/GitHub/MoneroOne/build/Build/Intermediates.noindex/swift-crypto.build/Debug-iphonesimulator/CCryptoBoringSSL.build/Objects-normal/arm64/keccak.dia -c /Users/j/Documents/GitHub/MoneroOne/build/SourcePackages/checkouts/swift-crypto/Sources/CCryptoBoringSSL/crypto/kyber/keccak.c -o /Users/j/Documents/GitHub/MoneroOne/build/Build/Intermediates.noindex/swift-crypto.build/Debug-iphonesimulator/CCryptoBoringSSL.build/Objects-normal/arm64/keccak.o -index-unit-output-path /swift-crypto.build/Debug-iphonesimulator/CCryptoBoringSSL.build/Objects-normal/arm64/keccak.o

ScanDependencies /Users/j/Documents/GitHub/MoneroOne/build/Build/Intermediates.noindex/swift-crypto.build/Debug-iphonesimulator/CCryptoBoringSSL.build/Objects-normal/arm64/kdf.o /Users/j/Documents/GitHub/MoneroOne/build/SourcePackages/checkouts/swift-crypto/Sources/CCryptoBoringSSL/crypto/fipsmodule/tls/kdf.c normal arm64 c com.apple.compilers.llvm.clang.1_0.compiler (in target 'CCryptoBoringSSL' from project 'swift-crypto')
    cd /Users/j/Documents/GitHub/MoneroOne/MoneroOne.xcodeproj
    
    Using response file: /Users/j/Documents/GitHub/MoneroOne/build/Build/Intermediates.noindex/swift-crypto.build/Debug-iphonesimulator/CCryptoBoringSSL.build/Objects-normal/arm64/7187679823f38a2a940e0043cdf9d637-common-args.resp
    
    builtin-ScanDependencies -o /Users/j/Documents/GitHub/MoneroOne/build/Build/Intermediates.noindex/swift-crypto.build/Debug-iphonesimulator/CCryptoBoringSSL.build/Objects-normal/arm64/kdf.o.scan -- /Applications/Xcode.app/Contents/Developer/Toolchains/XcodeDefault.xctoolchain/usr/bin/clang -x c -ivfsstatcache /Users/j/Documents/GitHub/MoneroOne/build/SDKStatCaches.noindex/iphonesimulator26.1-23B77-90cf18a4295e390e64c810bc6bd7acbc.sdkstatcache -fmessage-length\=0 -fdiagnostics-show-note-include-stack -fmacro-backtrace-limit\=0 -fno-color-diagnostics -fmodules-prune-interval\=86400 -fmodules-prune-after\=345600 -fbuild-session-file\=/Users/j/Documents/GitHub/MoneroOne/build/ModuleCache.noindex/Session.modulevalidation -fmodules-validate-once-per-build-session -Wnon-modular-include-in-framework-module -Werror\=non-modular-include-in-framework-module -Wno-trigraphs -Wno-missing-field-initializers -Wno-missing-prototypes -Wno-return-type -Wno-missing-braces -Wparentheses -Wswitch -Wno-unused-function -Wno-unused-label -Wno-unused-parameter -Wno-unused-variable -Wunused-value -Wno-empty-body -Wno-uninitialized -Wno-unknown-pragmas -w -Wno-shadow -Wno-four-char-constants -Wno-conversion -Wno-constant-conversion -Wno-int-conversion -Wno-bool-conversion -Wno-enum-conversion -Wno-float-conversion -Wno-non-literal-null-conversion -Wno-objc-literal-conversion -Wshorten-64-to-32 -Wpointer-sign -Wno-newline-eof -Wno-implicit-fallthrough -fstrict-aliasing -Wdeprecated-declarations -Wno-sign-conversion -Wno-infinite-recursion -Wno-comma -Wno-block-capture-autoreleasing -Wno-strict-prototypes -Wno-semicolon-before-method-body -index-store-path /Users/j/Documents/GitHub/MoneroOne/build/Index.noindex/DataStore @/Users/j/Documents/GitHub/MoneroOne/build/Build/Intermediates.noindex/swift-crypto.build/Debug-iphonesimulator/CCryptoBoringSSL.build/Objects-normal/arm64/7187679823f38a2a940e0043cdf9d637-common-args.resp -MMD -MT dependencies -MF /Users/j/Documents/GitHub/MoneroOne/build/Build/Intermediates.noindex/swift-crypto.build/Debug-iphonesimulator/CCryptoBoringSSL.build/Objects-normal/arm64/kdf.d --serialize-diagnostics /Users/j/Documents/GitHub/MoneroOne/build/Build/Intermediates.noindex/swift-crypto.build/Debug-iphonesimulator/CCryptoBoringSSL.build/Objects-normal/arm64/kdf.dia -c /Users/j/Documents/GitHub/MoneroOne/build/SourcePackages/checkouts/swift-crypto/Sources/CCryptoBoringSSL/crypto/fipsmodule/tls/kdf.c -o /Users/j/Documents/GitHub/MoneroOne/build/Build/Intermediates.noindex/swift-crypto.build/Debug-iphonesimulator/CCryptoBoringSSL.build/Objects-normal/arm64/kdf.o -index-unit-output-path /swift-crypto.build/Debug-iphonesimulator/CCryptoBoringSSL.build/Objects-normal/arm64/kdf.o

ScanDependencies /Users/j/Documents/GitHub/MoneroOne/build/Build/Intermediates.noindex/swift-crypto.build/Debug-iphonesimulator/CCryptoBoringSSL.build/Objects-normal/arm64/jacobi.o /Users/j/Documents/GitHub/MoneroOne/build/SourcePackages/checkouts/swift-crypto/Sources/CCryptoBoringSSL/crypto/fipsmodule/bn/jacobi.c normal arm64 c com.apple.compilers.llvm.clang.1_0.compiler (in target 'CCryptoBoringSSL' from project 'swift-crypto')
    cd /Users/j/Documents/GitHub/MoneroOne/MoneroOne.xcodeproj
    
    Using response file: /Users/j/Documents/GitHub/MoneroOne/build/Build/Intermediates.noindex/swift-crypto.build/Debug-iphonesimulator/CCryptoBoringSSL.build/Objects-normal/arm64/7187679823f38a2a940e0043cdf9d637-common-args.resp
    
    builtin-ScanDependencies -o /Users/j/Documents/GitHub/MoneroOne/build/Build/Intermediates.noindex/swift-crypto.build/Debug-iphonesimulator/CCryptoBoringSSL.build/Objects-normal/arm64/jacobi.o.scan -- /Applications/Xcode.app/Contents/Developer/Toolchains/XcodeDefault.xctoolchain/usr/bin/clang -x c -ivfsstatcache /Users/j/Documents/GitHub/MoneroOne/build/SDKStatCaches.noindex/iphonesimulator26.1-23B77-90cf18a4295e390e64c810bc6bd7acbc.sdkstatcache -fmessage-length\=0 -fdiagnostics-show-note-include-stack -fmacro-backtrace-limit\=0 -fno-color-diagnostics -fmodules-prune-interval\=86400 -fmodules-prune-after\=345600 -fbuild-session-file\=/Users/j/Documents/GitHub/MoneroOne/build/ModuleCache.noindex/Session.modulevalidation -fmodules-validate-once-per-build-session -Wnon-modular-include-in-framework-module -Werror\=non-modular-include-in-framework-module -Wno-trigraphs -Wno-missing-field-initializers -Wno-missing-prototypes -Wno-return-type -Wno-missing-braces -Wparentheses -Wswitch -Wno-unused-function -Wno-unused-label -Wno-unused-parameter -Wno-unused-variable -Wunused-value -Wno-empty-body -Wno-uninitialized -Wno-unknown-pragmas -w -Wno-shadow -Wno-four-char-constants -Wno-conversion -Wno-constant-conversion -Wno-int-conversion -Wno-bool-conversion -Wno-enum-conversion -Wno-float-conversion -Wno-non-literal-null-conversion -Wno-objc-literal-conversion -Wshorten-64-to-32 -Wpointer-sign -Wno-newline-eof -Wno-implicit-fallthrough -fstrict-aliasing -Wdeprecated-declarations -Wno-sign-conversion -Wno-infinite-recursion -Wno-comma -Wno-block-capture-autoreleasing -Wno-strict-prototypes -Wno-semicolon-before-method-body -index-store-path /Users/j/Documents/GitHub/MoneroOne/build/Index.noindex/DataStore @/Users/j/Documents/GitHub/MoneroOne/build/Build/Intermediates.noindex/swift-crypto.build/Debug-iphonesimulator/CCryptoBoringSSL.build/Objects-normal/arm64/7187679823f38a2a940e0043cdf9d637-common-args.resp -MMD -MT dependencies -MF /Users/j/Documents/GitHub/MoneroOne/build/Build/Intermediates.noindex/swift-crypto.build/Debug-iphonesimulator/CCryptoBoringSSL.build/Objects-normal/arm64/jacobi.d --serialize-diagnostics /Users/j/Documents/GitHub/MoneroOne/build/Build/Intermediates.noindex/swift-crypto.build/Debug-iphonesimulator/CCryptoBoringSSL.build/Objects-normal/arm64/jacobi.dia -c /Users/j/Documents/GitHub/MoneroOne/build/SourcePackages/checkouts/swift-crypto/Sources/CCryptoBoringSSL/crypto/fipsmodule/bn/jacobi.c -o /Users/j/Documents/GitHub/MoneroOne/build/Build/Intermediates.noindex/swift-crypto.build/Debug-iphonesimulator/CCryptoBoringSSL.build/Objects-normal/arm64/jacobi.o -index-unit-output-path /swift-crypto.build/Debug-iphonesimulator/CCryptoBoringSSL.build/Objects-normal/arm64/jacobi.o

CompileC /Users/j/Documents/GitHub/MoneroOne/build/Build/Intermediates.noindex/swift-crypto.build/Debug-iphonesimulator/CCryptoBoringSSL.build/Objects-normal/arm64/key_wrap.o /Users/j/Documents/GitHub/MoneroOne/build/SourcePackages/checkouts/swift-crypto/Sources/CCryptoBoringSSL/crypto/fipsmodule/aes/key_wrap.c normal arm64 c com.apple.compilers.llvm.clang.1_0.compiler (in target 'CCryptoBoringSSL' from project 'swift-crypto')
    cd /Users/j/Documents/GitHub/MoneroOne/MoneroOne.xcodeproj
    
    Using response file: /Users/j/Documents/GitHub/MoneroOne/build/Build/Intermediates.noindex/swift-crypto.build/Debug-iphonesimulator/CCryptoBoringSSL.build/Objects-normal/arm64/7187679823f38a2a940e0043cdf9d637-common-args.resp
    
    /Applications/Xcode.app/Contents/Developer/Toolchains/XcodeDefault.xctoolchain/usr/bin/clang -x c -ivfsstatcache /Users/j/Documents/GitHub/MoneroOne/build/SDKStatCaches.noindex/iphonesimulator26.1-23B77-90cf18a4295e390e64c810bc6bd7acbc.sdkstatcache -fmessage-length\=0 -fdiagnostics-show-note-include-stack -fmacro-backtrace-limit\=0 -fno-color-diagnostics -fmodules-prune-interval\=86400 -fmodules-prune-after\=345600 -fbuild-session-file\=/Users/j/Documents/GitHub/MoneroOne/build/ModuleCache.noindex/Session.modulevalidation -fmodules-validate-once-per-build-session -Wnon-modular-include-in-framework-module -Werror\=non-modular-include-in-framework-module -Wno-trigraphs -Wno-missing-field-initializers -Wno-missing-prototypes -Wno-return-type -Wno-missing-braces -Wparentheses -Wswitch -Wno-unused-function -Wno-unused-label -Wno-unused-parameter -Wno-unused-variable -Wunused-value -Wno-empty-body -Wno-uninitialized -Wno-unknown-pragmas -w -Wno-shadow -Wno-four-char-constants -Wno-conversion -Wno-constant-conversion -Wno-int-conversion -Wno-bool-conversion -Wno-enum-conversion -Wno-float-conversion -Wno-non-literal-null-conversion -Wno-objc-literal-conversion -Wshorten-64-to-32 -Wpointer-sign -Wno-newline-eof -Wno-implicit-fallthrough -fstrict-aliasing -Wdeprecated-declarations -Wno-sign-conversion -Wno-infinite-recursion -Wno-comma -Wno-block-capture-autoreleasing -Wno-strict-prototypes -Wno-semicolon-before-method-body -index-store-path /Users/j/Documents/GitHub/MoneroOne/build/Index.noindex/DataStore @/Users/j/Documents/GitHub/MoneroOne/build/Build/Intermediates.noindex/swift-crypto.build/Debug-iphonesimulator/CCryptoBoringSSL.build/Objects-normal/arm64/7187679823f38a2a940e0043cdf9d637-common-args.resp -MMD -MT dependencies -MF /Users/j/Documents/GitHub/MoneroOne/build/Build/Intermediates.noindex/swift-crypto.build/Debug-iphonesimulator/CCryptoBoringSSL.build/Objects-normal/arm64/key_wrap.d --serialize-diagnostics /Users/j/Documents/GitHub/MoneroOne/build/Build/Intermediates.noindex/swift-crypto.build/Debug-iphonesimulator/CCryptoBoringSSL.build/Objects-normal/arm64/key_wrap.dia -c /Users/j/Documents/GitHub/MoneroOne/build/SourcePackages/checkouts/swift-crypto/Sources/CCryptoBoringSSL/crypto/fipsmodule/aes/key_wrap.c -o /Users/j/Documents/GitHub/MoneroOne/build/Build/Intermediates.noindex/swift-crypto.build/Debug-iphonesimulator/CCryptoBoringSSL.build/Objects-normal/arm64/key_wrap.o -index-unit-output-path /swift-crypto.build/Debug-iphonesimulator/CCryptoBoringSSL.build/Objects-normal/arm64/key_wrap.o

ScanDependencies /Users/j/Documents/GitHub/MoneroOne/build/Build/Intermediates.noindex/swift-crypto.build/Debug-iphonesimulator/CCryptoBoringSSL.build/Objects-normal/arm64/ios.o /Users/j/Documents/GitHub/MoneroOne/build/SourcePackages/checkouts/swift-crypto/Sources/CCryptoBoringSSL/crypto/rand_extra/ios.c normal arm64 c com.apple.compilers.llvm.clang.1_0.compiler (in target 'CCryptoBoringSSL' from project 'swift-crypto')
    cd /Users/j/Documents/GitHub/MoneroOne/MoneroOne.xcodeproj
    
    Using response file: /Users/j/Documents/GitHub/MoneroOne/build/Build/Intermediates.noindex/swift-crypto.build/Debug-iphonesimulator/CCryptoBoringSSL.build/Objects-normal/arm64/7187679823f38a2a940e0043cdf9d637-common-args.resp
    
    builtin-ScanDependencies -o /Users/j/Documents/GitHub/MoneroOne/build/Build/Intermediates.noindex/swift-crypto.build/Debug-iphonesimulator/CCryptoBoringSSL.build/Objects-normal/arm64/ios.o.scan -- /Applications/Xcode.app/Contents/Developer/Toolchains/XcodeDefault.xctoolchain/usr/bin/clang -x c -ivfsstatcache /Users/j/Documents/GitHub/MoneroOne/build/SDKStatCaches.noindex/iphonesimulator26.1-23B77-90cf18a4295e390e64c810bc6bd7acbc.sdkstatcache -fmessage-length\=0 -fdiagnostics-show-note-include-stack -fmacro-backtrace-limit\=0 -fno-color-diagnostics -fmodules-prune-interval\=86400 -fmodules-prune-after\=345600 -fbuild-session-file\=/Users/j/Documents/GitHub/MoneroOne/build/ModuleCache.noindex/Session.modulevalidation -fmodules-validate-once-per-build-session -Wnon-modular-include-in-framework-module -Werror\=non-modular-include-in-framework-module -Wno-trigraphs -Wno-missing-field-initializers -Wno-missing-prototypes -Wno-return-type -Wno-missing-braces -Wparentheses -Wswitch -Wno-unused-function -Wno-unused-label -Wno-unused-parameter -Wno-unused-variable -Wunused-value -Wno-empty-body -Wno-uninitialized -Wno-unknown-pragmas -w -Wno-shadow -Wno-four-char-constants -Wno-conversion -Wno-constant-conversion -Wno-int-conversion -Wno-bool-conversion -Wno-enum-conversion -Wno-float-conversion -Wno-non-literal-null-conversion -Wno-objc-literal-conversion -Wshorten-64-to-32 -Wpointer-sign -Wno-newline-eof -Wno-implicit-fallthrough -fstrict-aliasing -Wdeprecated-declarations -Wno-sign-conversion -Wno-infinite-recursion -Wno-comma -Wno-block-capture-autoreleasing -Wno-strict-prototypes -Wno-semicolon-before-method-body -index-store-path /Users/j/Documents/GitHub/MoneroOne/build/Index.noindex/DataStore @/Users/j/Documents/GitHub/MoneroOne/build/Build/Intermediates.noindex/swift-crypto.build/Debug-iphonesimulator/CCryptoBoringSSL.build/Objects-normal/arm64/7187679823f38a2a940e0043cdf9d637-common-args.resp -MMD -MT dependencies -MF /Users/j/Documents/GitHub/MoneroOne/build/Build/Intermediates.noindex/swift-crypto.build/Debug-iphonesimulator/CCryptoBoringSSL.build/Objects-normal/arm64/ios.d --serialize-diagnostics /Users/j/Documents/GitHub/MoneroOne/build/Build/Intermediates.noindex/swift-crypto.build/Debug-iphonesimulator/CCryptoBoringSSL.build/Objects-normal/arm64/ios.dia -c /Users/j/Documents/GitHub/MoneroOne/build/SourcePackages/checkouts/swift-crypto/Sources/CCryptoBoringSSL/crypto/rand_extra/ios.c -o /Users/j/Documents/GitHub/MoneroOne/build/Build/Intermediates.noindex/swift-crypto.build/Debug-iphonesimulator/CCryptoBoringSSL.build/Objects-normal/arm64/ios.o -index-unit-output-path /swift-crypto.build/Debug-iphonesimulator/CCryptoBoringSSL.build/Objects-normal/arm64/ios.o

CompileC /Users/j/Documents/GitHub/MoneroOne/build/Build/Intermediates.noindex/swift-crypto.build/Debug-iphonesimulator/CCryptoBoringSSL.build/Objects-normal/arm64/kyber.o /Users/j/Documents/GitHub/MoneroOne/build/SourcePackages/checkouts/swift-crypto/Sources/CCryptoBoringSSL/crypto/kyber/kyber.c normal arm64 c com.apple.compilers.llvm.clang.1_0.compiler (in target 'CCryptoBoringSSL' from project 'swift-crypto')
    cd /Users/j/Documents/GitHub/MoneroOne/MoneroOne.xcodeproj
    
    Using response file: /Users/j/Documents/GitHub/MoneroOne/build/Build/Intermediates.noindex/swift-crypto.build/Debug-iphonesimulator/CCryptoBoringSSL.build/Objects-normal/arm64/7187679823f38a2a940e0043cdf9d637-common-args.resp
    
    /Applications/Xcode.app/Contents/Developer/Toolchains/XcodeDefault.xctoolchain/usr/bin/clang -x c -ivfsstatcache /Users/j/Documents/GitHub/MoneroOne/build/SDKStatCaches.noindex/iphonesimulator26.1-23B77-90cf18a4295e390e64c810bc6bd7acbc.sdkstatcache -fmessage-length\=0 -fdiagnostics-show-note-include-stack -fmacro-backtrace-limit\=0 -fno-color-diagnostics -fmodules-prune-interval\=86400 -fmodules-prune-after\=345600 -fbuild-session-file\=/Users/j/Documents/GitHub/MoneroOne/build/ModuleCache.noindex/Session.modulevalidation -fmodules-validate-once-per-build-session -Wnon-modular-include-in-framework-module -Werror\=non-modular-include-in-framework-module -Wno-trigraphs -Wno-missing-field-initializers -Wno-missing-prototypes -Wno-return-type -Wno-missing-braces -Wparentheses -Wswitch -Wno-unused-function -Wno-unused-label -Wno-unused-parameter -Wno-unused-variable -Wunused-value -Wno-empty-body -Wno-uninitialized -Wno-unknown-pragmas -w -Wno-shadow -Wno-four-char-constants -Wno-conversion -Wno-constant-conversion -Wno-int-conversion -Wno-bool-conversion -Wno-enum-conversion -Wno-float-conversion -Wno-non-literal-null-conversion -Wno-objc-literal-conversion -Wshorten-64-to-32 -Wpointer-sign -Wno-newline-eof -Wno-implicit-fallthrough -fstrict-aliasing -Wdeprecated-declarations -Wno-sign-conversion -Wno-infinite-recursion -Wno-comma -Wno-block-capture-autoreleasing -Wno-strict-prototypes -Wno-semicolon-before-method-body -index-store-path /Users/j/Documents/GitHub/MoneroOne/build/Index.noindex/DataStore @/Users/j/Documents/GitHub/MoneroOne/build/Build/Intermediates.noindex/swift-crypto.build/Debug-iphonesimulator/CCryptoBoringSSL.build/Objects-normal/arm64/7187679823f38a2a940e0043cdf9d637-common-args.resp -MMD -MT dependencies -MF /Users/j/Documents/GitHub/MoneroOne/build/Build/Intermediates.noindex/swift-crypto.build/Debug-iphonesimulator/CCryptoBoringSSL.build/Objects-normal/arm64/kyber.d --serialize-diagnostics /Users/j/Documents/GitHub/MoneroOne/build/Build/Intermediates.noindex/swift-crypto.build/Debug-iphonesimulator/CCryptoBoringSSL.build/Objects-normal/arm64/kyber.dia -c /Users/j/Documents/GitHub/MoneroOne/build/SourcePackages/checkouts/swift-crypto/Sources/CCryptoBoringSSL/crypto/kyber/kyber.c -o /Users/j/Documents/GitHub/MoneroOne/build/Build/Intermediates.noindex/swift-crypto.build/Debug-iphonesimulator/CCryptoBoringSSL.build/Objects-normal/arm64/kyber.o -index-unit-output-path /swift-crypto.build/Debug-iphonesimulator/CCryptoBoringSSL.build/Objects-normal/arm64/kyber.o

CompileC /Users/j/Documents/GitHub/MoneroOne/build/Build/Intermediates.noindex/swift-crypto.build/Debug-iphonesimulator/CCryptoBoringSSL.build/Objects-normal/arm64/lhash.o /Users/j/Documents/GitHub/MoneroOne/build/SourcePackages/checkouts/swift-crypto/Sources/CCryptoBoringSSL/crypto/lhash/lhash.c normal arm64 c com.apple.compilers.llvm.clang.1_0.compiler (in target 'CCryptoBoringSSL' from project 'swift-crypto')
    cd /Users/j/Documents/GitHub/MoneroOne/MoneroOne.xcodeproj
    
    Using response file: /Users/j/Documents/GitHub/MoneroOne/build/Build/Intermediates.noindex/swift-crypto.build/Debug-iphonesimulator/CCryptoBoringSSL.build/Objects-normal/arm64/7187679823f38a2a940e0043cdf9d637-common-args.resp
    
    /Applications/Xcode.app/Contents/Developer/Toolchains/XcodeDefault.xctoolchain/usr/bin/clang -x c -ivfsstatcache /Users/j/Documents/GitHub/MoneroOne/build/SDKStatCaches.noindex/iphonesimulator26.1-23B77-90cf18a4295e390e64c810bc6bd7acbc.sdkstatcache -fmessage-length\=0 -fdiagnostics-show-note-include-stack -fmacro-backtrace-limit\=0 -fno-color-diagnostics -fmodules-prune-interval\=86400 -fmodules-prune-after\=345600 -fbuild-session-file\=/Users/j/Documents/GitHub/MoneroOne/build/ModuleCache.noindex/Session.modulevalidation -fmodules-validate-once-per-build-session -Wnon-modular-include-in-framework-module -Werror\=non-modular-include-in-framework-module -Wno-trigraphs -Wno-missing-field-initializers -Wno-missing-prototypes -Wno-return-type -Wno-missing-braces -Wparentheses -Wswitch -Wno-unused-function -Wno-unused-label -Wno-unused-parameter -Wno-unused-variable -Wunused-value -Wno-empty-body -Wno-uninitialized -Wno-unknown-pragmas -w -Wno-shadow -Wno-four-char-constants -Wno-conversion -Wno-constant-conversion -Wno-int-conversion -Wno-bool-conversion -Wno-enum-conversion -Wno-float-conversion -Wno-non-literal-null-conversion -Wno-objc-literal-conversion -Wshorten-64-to-32 -Wpointer-sign -Wno-newline-eof -Wno-implicit-fallthrough -fstrict-aliasing -Wdeprecated-declarations -Wno-sign-conversion -Wno-infinite-recursion -Wno-comma -Wno-block-capture-autoreleasing -Wno-strict-prototypes -Wno-semicolon-before-method-body -index-store-path /Users/j/Documents/GitHub/MoneroOne/build/Index.noindex/DataStore @/Users/j/Documents/GitHub/MoneroOne/build/Build/Intermediates.noindex/swift-crypto.build/Debug-iphonesimulator/CCryptoBoringSSL.build/Objects-normal/arm64/7187679823f38a2a940e0043cdf9d637-common-args.resp -MMD -MT dependencies -MF /Users/j/Documents/GitHub/MoneroOne/build/Build/Intermediates.noindex/swift-crypto.build/Debug-iphonesimulator/CCryptoBoringSSL.build/Objects-normal/arm64/lhash.d --serialize-diagnostics /Users/j/Documents/GitHub/MoneroOne/build/Build/Intermediates.noindex/swift-crypto.build/Debug-iphonesimulator/CCryptoBoringSSL.build/Objects-normal/arm64/lhash.dia -c /Users/j/Documents/GitHub/MoneroOne/build/SourcePackages/checkouts/swift-crypto/Sources/CCryptoBoringSSL/crypto/lhash/lhash.c -o /Users/j/Documents/GitHub/MoneroOne/build/Build/Intermediates.noindex/swift-crypto.build/Debug-iphonesimulator/CCryptoBoringSSL.build/Objects-normal/arm64/lhash.o -index-unit-output-path /swift-crypto.build/Debug-iphonesimulator/CCryptoBoringSSL.build/Objects-normal/arm64/lhash.o

CompileC /Users/j/Documents/GitHub/MoneroOne/build/Build/Intermediates.noindex/swift-crypto.build/Debug-iphonesimulator/CCryptoBoringSSL.build/Objects-normal/arm64/keccak.o /Users/j/Documents/GitHub/MoneroOne/build/SourcePackages/checkouts/swift-crypto/Sources/CCryptoBoringSSL/crypto/kyber/keccak.c normal arm64 c com.apple.compilers.llvm.clang.1_0.compiler (in target 'CCryptoBoringSSL' from project 'swift-crypto')
    cd /Users/j/Documents/GitHub/MoneroOne/MoneroOne.xcodeproj
    
    Using response file: /Users/j/Documents/GitHub/MoneroOne/build/Build/Intermediates.noindex/swift-crypto.build/Debug-iphonesimulator/CCryptoBoringSSL.build/Objects-normal/arm64/7187679823f38a2a940e0043cdf9d637-common-args.resp
    
    /Applications/Xcode.app/Contents/Developer/Toolchains/XcodeDefault.xctoolchain/usr/bin/clang -x c -ivfsstatcache /Users/j/Documents/GitHub/MoneroOne/build/SDKStatCaches.noindex/iphonesimulator26.1-23B77-90cf18a4295e390e64c810bc6bd7acbc.sdkstatcache -fmessage-length\=0 -fdiagnostics-show-note-include-stack -fmacro-backtrace-limit\=0 -fno-color-diagnostics -fmodules-prune-interval\=86400 -fmodules-prune-after\=345600 -fbuild-session-file\=/Users/j/Documents/GitHub/MoneroOne/build/ModuleCache.noindex/Session.modulevalidation -fmodules-validate-once-per-build-session -Wnon-modular-include-in-framework-module -Werror\=non-modular-include-in-framework-module -Wno-trigraphs -Wno-missing-field-initializers -Wno-missing-prototypes -Wno-return-type -Wno-missing-braces -Wparentheses -Wswitch -Wno-unused-function -Wno-unused-label -Wno-unused-parameter -Wno-unused-variable -Wunused-value -Wno-empty-body -Wno-uninitialized -Wno-unknown-pragmas -w -Wno-shadow -Wno-four-char-constants -Wno-conversion -Wno-constant-conversion -Wno-int-conversion -Wno-bool-conversion -Wno-enum-conversion -Wno-float-conversion -Wno-non-literal-null-conversion -Wno-objc-literal-conversion -Wshorten-64-to-32 -Wpointer-sign -Wno-newline-eof -Wno-implicit-fallthrough -fstrict-aliasing -Wdeprecated-declarations -Wno-sign-conversion -Wno-infinite-recursion -Wno-comma -Wno-block-capture-autoreleasing -Wno-strict-prototypes -Wno-semicolon-before-method-body -index-store-path /Users/j/Documents/GitHub/MoneroOne/build/Index.noindex/DataStore @/Users/j/Documents/GitHub/MoneroOne/build/Build/Intermediates.noindex/swift-crypto.build/Debug-iphonesimulator/CCryptoBoringSSL.build/Objects-normal/arm64/7187679823f38a2a940e0043cdf9d637-common-args.resp -MMD -MT dependencies -MF /Users/j/Documents/GitHub/MoneroOne/build/Build/Intermediates.noindex/swift-crypto.build/Debug-iphonesimulator/CCryptoBoringSSL.build/Objects-normal/arm64/keccak.d --serialize-diagnostics /Users/j/Documents/GitHub/MoneroOne/build/Build/Intermediates.noindex/swift-crypto.build/Debug-iphonesimulator/CCryptoBoringSSL.build/Objects-normal/arm64/keccak.dia -c /Users/j/Documents/GitHub/MoneroOne/build/SourcePackages/checkouts/swift-crypto/Sources/CCryptoBoringSSL/crypto/kyber/keccak.c -o /Users/j/Documents/GitHub/MoneroOne/build/Build/Intermediates.noindex/swift-crypto.build/Debug-iphonesimulator/CCryptoBoringSSL.build/Objects-normal/arm64/keccak.o -index-unit-output-path /swift-crypto.build/Debug-iphonesimulator/CCryptoBoringSSL.build/Objects-normal/arm64/keccak.o

CompileC /Users/j/Documents/GitHub/MoneroOne/build/Build/Intermediates.noindex/swift-crypto.build/Debug-iphonesimulator/CCryptoBoringSSL.build/Objects-normal/arm64/kdf.o /Users/j/Documents/GitHub/MoneroOne/build/SourcePackages/checkouts/swift-crypto/Sources/CCryptoBoringSSL/crypto/fipsmodule/tls/kdf.c normal arm64 c com.apple.compilers.llvm.clang.1_0.compiler (in target 'CCryptoBoringSSL' from project 'swift-crypto')
    cd /Users/j/Documents/GitHub/MoneroOne/MoneroOne.xcodeproj
    
    Using response file: /Users/j/Documents/GitHub/MoneroOne/build/Build/Intermediates.noindex/swift-crypto.build/Debug-iphonesimulator/CCryptoBoringSSL.build/Objects-normal/arm64/7187679823f38a2a940e0043cdf9d637-common-args.resp
    
    /Applications/Xcode.app/Contents/Developer/Toolchains/XcodeDefault.xctoolchain/usr/bin/clang -x c -ivfsstatcache /Users/j/Documents/GitHub/MoneroOne/build/SDKStatCaches.noindex/iphonesimulator26.1-23B77-90cf18a4295e390e64c810bc6bd7acbc.sdkstatcache -fmessage-length\=0 -fdiagnostics-show-note-include-stack -fmacro-backtrace-limit\=0 -fno-color-diagnostics -fmodules-prune-interval\=86400 -fmodules-prune-after\=345600 -fbuild-session-file\=/Users/j/Documents/GitHub/MoneroOne/build/ModuleCache.noindex/Session.modulevalidation -fmodules-validate-once-per-build-session -Wnon-modular-include-in-framework-module -Werror\=non-modular-include-in-framework-module -Wno-trigraphs -Wno-missing-field-initializers -Wno-missing-prototypes -Wno-return-type -Wno-missing-braces -Wparentheses -Wswitch -Wno-unused-function -Wno-unused-label -Wno-unused-parameter -Wno-unused-variable -Wunused-value -Wno-empty-body -Wno-uninitialized -Wno-unknown-pragmas -w -Wno-shadow -Wno-four-char-constants -Wno-conversion -Wno-constant-conversion -Wno-int-conversion -Wno-bool-conversion -Wno-enum-conversion -Wno-float-conversion -Wno-non-literal-null-conversion -Wno-objc-literal-conversion -Wshorten-64-to-32 -Wpointer-sign -Wno-newline-eof -Wno-implicit-fallthrough -fstrict-aliasing -Wdeprecated-declarations -Wno-sign-conversion -Wno-infinite-recursion -Wno-comma -Wno-block-capture-autoreleasing -Wno-strict-prototypes -Wno-semicolon-before-method-body -index-store-path /Users/j/Documents/GitHub/MoneroOne/build/Index.noindex/DataStore @/Users/j/Documents/GitHub/MoneroOne/build/Build/Intermediates.noindex/swift-crypto.build/Debug-iphonesimulator/CCryptoBoringSSL.build/Objects-normal/arm64/7187679823f38a2a940e0043cdf9d637-common-args.resp -MMD -MT dependencies -MF /Users/j/Documents/GitHub/MoneroOne/build/Build/Intermediates.noindex/swift-crypto.build/Debug-iphonesimulator/CCryptoBoringSSL.build/Objects-normal/arm64/kdf.d --serialize-diagnostics /Users/j/Documents/GitHub/MoneroOne/build/Build/Intermediates.noindex/swift-crypto.build/Debug-iphonesimulator/CCryptoBoringSSL.build/Objects-normal/arm64/kdf.dia -c /Users/j/Documents/GitHub/MoneroOne/build/SourcePackages/checkouts/swift-crypto/Sources/CCryptoBoringSSL/crypto/fipsmodule/tls/kdf.c -o /Users/j/Documents/GitHub/MoneroOne/build/Build/Intermediates.noindex/swift-crypto.build/Debug-iphonesimulator/CCryptoBoringSSL.build/Objects-normal/arm64/kdf.o -index-unit-output-path /swift-crypto.build/Debug-iphonesimulator/CCryptoBoringSSL.build/Objects-normal/arm64/kdf.o

CompileC /Users/j/Documents/GitHub/MoneroOne/build/Build/Intermediates.noindex/swift-crypto.build/Debug-iphonesimulator/CCryptoBoringSSL.build/Objects-normal/arm64/jacobi.o /Users/j/Documents/GitHub/MoneroOne/build/SourcePackages/checkouts/swift-crypto/Sources/CCryptoBoringSSL/crypto/fipsmodule/bn/jacobi.c normal arm64 c com.apple.compilers.llvm.clang.1_0.compiler (in target 'CCryptoBoringSSL' from project 'swift-crypto')
    cd /Users/j/Documents/GitHub/MoneroOne/MoneroOne.xcodeproj
    
    Using response file: /Users/j/Documents/GitHub/MoneroOne/build/Build/Intermediates.noindex/swift-crypto.build/Debug-iphonesimulator/CCryptoBoringSSL.build/Objects-normal/arm64/7187679823f38a2a940e0043cdf9d637-common-args.resp
    
    /Applications/Xcode.app/Contents/Developer/Toolchains/XcodeDefault.xctoolchain/usr/bin/clang -x c -ivfsstatcache /Users/j/Documents/GitHub/MoneroOne/build/SDKStatCaches.noindex/iphonesimulator26.1-23B77-90cf18a4295e390e64c810bc6bd7acbc.sdkstatcache -fmessage-length\=0 -fdiagnostics-show-note-include-stack -fmacro-backtrace-limit\=0 -fno-color-diagnostics -fmodules-prune-interval\=86400 -fmodules-prune-after\=345600 -fbuild-session-file\=/Users/j/Documents/GitHub/MoneroOne/build/ModuleCache.noindex/Session.modulevalidation -fmodules-validate-once-per-build-session -Wnon-modular-include-in-framework-module -Werror\=non-modular-include-in-framework-module -Wno-trigraphs -Wno-missing-field-initializers -Wno-missing-prototypes -Wno-return-type -Wno-missing-braces -Wparentheses -Wswitch -Wno-unused-function -Wno-unused-label -Wno-unused-parameter -Wno-unused-variable -Wunused-value -Wno-empty-body -Wno-uninitialized -Wno-unknown-pragmas -w -Wno-shadow -Wno-four-char-constants -Wno-conversion -Wno-constant-conversion -Wno-int-conversion -Wno-bool-conversion -Wno-enum-conversion -Wno-float-conversion -Wno-non-literal-null-conversion -Wno-objc-literal-conversion -Wshorten-64-to-32 -Wpointer-sign -Wno-newline-eof -Wno-implicit-fallthrough -fstrict-aliasing -Wdeprecated-declarations -Wno-sign-conversion -Wno-infinite-recursion -Wno-comma -Wno-block-capture-autoreleasing -Wno-strict-prototypes -Wno-semicolon-before-method-body -index-store-path /Users/j/Documents/GitHub/MoneroOne/build/Index.noindex/DataStore @/Users/j/Documents/GitHub/MoneroOne/build/Build/Intermediates.noindex/swift-crypto.build/Debug-iphonesimulator/CCryptoBoringSSL.build/Objects-normal/arm64/7187679823f38a2a940e0043cdf9d637-common-args.resp -MMD -MT dependencies -MF /Users/j/Documents/GitHub/MoneroOne/build/Build/Intermediates.noindex/swift-crypto.build/Debug-iphonesimulator/CCryptoBoringSSL.build/Objects-normal/arm64/jacobi.d --serialize-diagnostics /Users/j/Documents/GitHub/MoneroOne/build/Build/Intermediates.noindex/swift-crypto.build/Debug-iphonesimulator/CCryptoBoringSSL.build/Objects-normal/arm64/jacobi.dia -c /Users/j/Documents/GitHub/MoneroOne/build/SourcePackages/checkouts/swift-crypto/Sources/CCryptoBoringSSL/crypto/fipsmodule/bn/jacobi.c -o /Users/j/Documents/GitHub/MoneroOne/build/Build/Intermediates.noindex/swift-crypto.build/Debug-iphonesimulator/CCryptoBoringSSL.build/Objects-normal/arm64/jacobi.o -index-unit-output-path /swift-crypto.build/Debug-iphonesimulator/CCryptoBoringSSL.build/Objects-normal/arm64/jacobi.o

ScanDependencies /Users/j/Documents/GitHub/MoneroOne/build/Build/Intermediates.noindex/swift-crypto.build/Debug-iphonesimulator/CCryptoBoringSSL.build/Objects-normal/arm64/i2d_pr.o /Users/j/Documents/GitHub/MoneroOne/build/SourcePackages/checkouts/swift-crypto/Sources/CCryptoBoringSSL/crypto/x509/i2d_pr.c normal arm64 c com.apple.compilers.llvm.clang.1_0.compiler (in target 'CCryptoBoringSSL' from project 'swift-crypto')
    cd /Users/j/Documents/GitHub/MoneroOne/MoneroOne.xcodeproj
    
    Using response file: /Users/j/Documents/GitHub/MoneroOne/build/Build/Intermediates.noindex/swift-crypto.build/Debug-iphonesimulator/CCryptoBoringSSL.build/Objects-normal/arm64/7187679823f38a2a940e0043cdf9d637-common-args.resp
    
    builtin-ScanDependencies -o /Users/j/Documents/GitHub/MoneroOne/build/Build/Intermediates.noindex/swift-crypto.build/Debug-iphonesimulator/CCryptoBoringSSL.build/Objects-normal/arm64/i2d_pr.o.scan -- /Applications/Xcode.app/Contents/Developer/Toolchains/XcodeDefault.xctoolchain/usr/bin/clang -x c -ivfsstatcache /Users/j/Documents/GitHub/MoneroOne/build/SDKStatCaches.noindex/iphonesimulator26.1-23B77-90cf18a4295e390e64c810bc6bd7acbc.sdkstatcache -fmessage-length\=0 -fdiagnostics-show-note-include-stack -fmacro-backtrace-limit\=0 -fno-color-diagnostics -fmodules-prune-interval\=86400 -fmodules-prune-after\=345600 -fbuild-session-file\=/Users/j/Documents/GitHub/MoneroOne/build/ModuleCache.noindex/Session.modulevalidation -fmodules-validate-once-per-build-session -Wnon-modular-include-in-framework-module -Werror\=non-modular-include-in-framework-module -Wno-trigraphs -Wno-missing-field-initializers -Wno-missing-prototypes -Wno-return-type -Wno-missing-braces -Wparentheses -Wswitch -Wno-unused-function -Wno-unused-label -Wno-unused-parameter -Wno-unused-variable -Wunused-value -Wno-empty-body -Wno-uninitialized -Wno-unknown-pragmas -w -Wno-shadow -Wno-four-char-constants -Wno-conversion -Wno-constant-conversion -Wno-int-conversion -Wno-bool-conversion -Wno-enum-conversion -Wno-float-conversion -Wno-non-literal-null-conversion -Wno-objc-literal-conversion -Wshorten-64-to-32 -Wpointer-sign -Wno-newline-eof -Wno-implicit-fallthrough -fstrict-aliasing -Wdeprecated-declarations -Wno-sign-conversion -Wno-infinite-recursion -Wno-comma -Wno-block-capture-autoreleasing -Wno-strict-prototypes -Wno-semicolon-before-method-body -index-store-path /Users/j/Documents/GitHub/MoneroOne/build/Index.noindex/DataStore @/Users/j/Documents/GitHub/MoneroOne/build/Build/Intermediates.noindex/swift-crypto.build/Debug-iphonesimulator/CCryptoBoringSSL.build/Objects-normal/arm64/7187679823f38a2a940e0043cdf9d637-common-args.resp -MMD -MT dependencies -MF /Users/j/Documents/GitHub/MoneroOne/build/Build/Intermediates.noindex/swift-crypto.build/Debug-iphonesimulator/CCryptoBoringSSL.build/Objects-normal/arm64/i2d_pr.d --serialize-diagnostics /Users/j/Documents/GitHub/MoneroOne/build/Build/Intermediates.noindex/swift-crypto.build/Debug-iphonesimulator/CCryptoBoringSSL.build/Objects-normal/arm64/i2d_pr.dia -c /Users/j/Documents/GitHub/MoneroOne/build/SourcePackages/checkouts/swift-crypto/Sources/CCryptoBoringSSL/crypto/x509/i2d_pr.c -o /Users/j/Documents/GitHub/MoneroOne/build/Build/Intermediates.noindex/swift-crypto.build/Debug-iphonesimulator/CCryptoBoringSSL.build/Objects-normal/arm64/i2d_pr.o -index-unit-output-path /swift-crypto.build/Debug-iphonesimulator/CCryptoBoringSSL.build/Objects-normal/arm64/i2d_pr.o

ScanDependencies /Users/j/Documents/GitHub/MoneroOne/build/Build/Intermediates.noindex/swift-crypto.build/Debug-iphonesimulator/CCryptoBoringSSL.build/Objects-normal/arm64/hrss.o /Users/j/Documents/GitHub/MoneroOne/build/SourcePackages/checkouts/swift-crypto/Sources/CCryptoBoringSSL/crypto/hrss/hrss.c normal arm64 c com.apple.compilers.llvm.clang.1_0.compiler (in target 'CCryptoBoringSSL' from project 'swift-crypto')
    cd /Users/j/Documents/GitHub/MoneroOne/MoneroOne.xcodeproj
    
    Using response file: /Users/j/Documents/GitHub/MoneroOne/build/Build/Intermediates.noindex/swift-crypto.build/Debug-iphonesimulator/CCryptoBoringSSL.build/Objects-normal/arm64/7187679823f38a2a940e0043cdf9d637-common-args.resp
    
    builtin-ScanDependencies -o /Users/j/Documents/GitHub/MoneroOne/build/Build/Intermediates.noindex/swift-crypto.build/Debug-iphonesimulator/CCryptoBoringSSL.build/Objects-normal/arm64/hrss.o.scan -- /Applications/Xcode.app/Contents/Developer/Toolchains/XcodeDefault.xctoolchain/usr/bin/clang -x c -ivfsstatcache /Users/j/Documents/GitHub/MoneroOne/build/SDKStatCaches.noindex/iphonesimulator26.1-23B77-90cf18a4295e390e64c810bc6bd7acbc.sdkstatcache -fmessage-length\=0 -fdiagnostics-show-note-include-stack -fmacro-backtrace-limit\=0 -fno-color-diagnostics -fmodules-prune-interval\=86400 -fmodules-prune-after\=345600 -fbuild-session-file\=/Users/j/Documents/GitHub/MoneroOne/build/ModuleCache.noindex/Session.modulevalidation -fmodules-validate-once-per-build-session -Wnon-modular-include-in-framework-module -Werror\=non-modular-include-in-framework-module -Wno-trigraphs -Wno-missing-field-initializers -Wno-missing-prototypes -Wno-return-type -Wno-missing-braces -Wparentheses -Wswitch -Wno-unused-function -Wno-unused-label -Wno-unused-parameter -Wno-unused-variable -Wunused-value -Wno-empty-body -Wno-uninitialized -Wno-unknown-pragmas -w -Wno-shadow -Wno-four-char-constants -Wno-conversion -Wno-constant-conversion -Wno-int-conversion -Wno-bool-conversion -Wno-enum-conversion -Wno-float-conversion -Wno-non-literal-null-conversion -Wno-objc-literal-conversion -Wshorten-64-to-32 -Wpointer-sign -Wno-newline-eof -Wno-implicit-fallthrough -fstrict-aliasing -Wdeprecated-declarations -Wno-sign-conversion -Wno-infinite-recursion -Wno-comma -Wno-block-capture-autoreleasing -Wno-strict-prototypes -Wno-semicolon-before-method-body -index-store-path /Users/j/Documents/GitHub/MoneroOne/build/Index.noindex/DataStore @/Users/j/Documents/GitHub/MoneroOne/build/Build/Intermediates.noindex/swift-crypto.build/Debug-iphonesimulator/CCryptoBoringSSL.build/Objects-normal/arm64/7187679823f38a2a940e0043cdf9d637-common-args.resp -MMD -MT dependencies -MF /Users/j/Documents/GitHub/MoneroOne/build/Build/Intermediates.noindex/swift-crypto.build/Debug-iphonesimulator/CCryptoBoringSSL.build/Objects-normal/arm64/hrss.d --serialize-diagnostics /Users/j/Documents/GitHub/MoneroOne/build/Build/Intermediates.noindex/swift-crypto.build/Debug-iphonesimulator/CCryptoBoringSSL.build/Objects-normal/arm64/hrss.dia -c /Users/j/Documents/GitHub/MoneroOne/build/SourcePackages/checkouts/swift-crypto/Sources/CCryptoBoringSSL/crypto/hrss/hrss.c -o /Users/j/Documents/GitHub/MoneroOne/build/Build/Intermediates.noindex/swift-crypto.build/Debug-iphonesimulator/CCryptoBoringSSL.build/Objects-normal/arm64/hrss.o -index-unit-output-path /swift-crypto.build/Debug-iphonesimulator/CCryptoBoringSSL.build/Objects-normal/arm64/hrss.o

PrecompileModule /Users/j/Documents/GitHub/MoneroOne/build/Build/Intermediates.noindex/ExplicitPrecompiledModules/_Builtin_stdbool-6M0MISODF7634A95AML5JGI2P.scan
    cd /
    builtin-precompileModule /Users/j/Documents/GitHub/MoneroOne/build/Build/Intermediates.noindex/ExplicitPrecompiledModules/_Builtin_stdbool-6M0MISODF7634A95AML5JGI2P.scan

CompileC /Users/j/Documents/GitHub/MoneroOne/build/Build/Intermediates.noindex/swift-crypto.build/Debug-iphonesimulator/CCryptoBoringSSL.build/Objects-normal/arm64/i2d_pr.o /Users/j/Documents/GitHub/MoneroOne/build/SourcePackages/checkouts/swift-crypto/Sources/CCryptoBoringSSL/crypto/x509/i2d_pr.c normal arm64 c com.apple.compilers.llvm.clang.1_0.compiler (in target 'CCryptoBoringSSL' from project 'swift-crypto')
    cd /Users/j/Documents/GitHub/MoneroOne/MoneroOne.xcodeproj
    
    Using response file: /Users/j/Documents/GitHub/MoneroOne/build/Build/Intermediates.noindex/swift-crypto.build/Debug-iphonesimulator/CCryptoBoringSSL.build/Objects-normal/arm64/7187679823f38a2a940e0043cdf9d637-common-args.resp
    
    /Applications/Xcode.app/Contents/Developer/Toolchains/XcodeDefault.xctoolchain/usr/bin/clang -x c -ivfsstatcache /Users/j/Documents/GitHub/MoneroOne/build/SDKStatCaches.noindex/iphonesimulator26.1-23B77-90cf18a4295e390e64c810bc6bd7acbc.sdkstatcache -fmessage-length\=0 -fdiagnostics-show-note-include-stack -fmacro-backtrace-limit\=0 -fno-color-diagnostics -fmodules-prune-interval\=86400 -fmodules-prune-after\=345600 -fbuild-session-file\=/Users/j/Documents/GitHub/MoneroOne/build/ModuleCache.noindex/Session.modulevalidation -fmodules-validate-once-per-build-session -Wnon-modular-include-in-framework-module -Werror\=non-modular-include-in-framework-module -Wno-trigraphs -Wno-missing-field-initializers -Wno-missing-prototypes -Wno-return-type -Wno-missing-braces -Wparentheses -Wswitch -Wno-unused-function -Wno-unused-label -Wno-unused-parameter -Wno-unused-variable -Wunused-value -Wno-empty-body -Wno-uninitialized -Wno-unknown-pragmas -w -Wno-shadow -Wno-four-char-constants -Wno-conversion -Wno-constant-conversion -Wno-int-conversion -Wno-bool-conversion -Wno-enum-conversion -Wno-float-conversion -Wno-non-literal-null-conversion -Wno-objc-literal-conversion -Wshorten-64-to-32 -Wpointer-sign -Wno-newline-eof -Wno-implicit-fallthrough -fstrict-aliasing -Wdeprecated-declarations -Wno-sign-conversion -Wno-infinite-recursion -Wno-comma -Wno-block-capture-autoreleasing -Wno-strict-prototypes -Wno-semicolon-before-method-body -index-store-path /Users/j/Documents/GitHub/MoneroOne/build/Index.noindex/DataStore @/Users/j/Documents/GitHub/MoneroOne/build/Build/Intermediates.noindex/swift-crypto.build/Debug-iphonesimulator/CCryptoBoringSSL.build/Objects-normal/arm64/7187679823f38a2a940e0043cdf9d637-common-args.resp -MMD -MT dependencies -MF /Users/j/Documents/GitHub/MoneroOne/build/Build/Intermediates.noindex/swift-crypto.build/Debug-iphonesimulator/CCryptoBoringSSL.build/Objects-normal/arm64/i2d_pr.d --serialize-diagnostics /Users/j/Documents/GitHub/MoneroOne/build/Build/Intermediates.noindex/swift-crypto.build/Debug-iphonesimulator/CCryptoBoringSSL.build/Objects-normal/arm64/i2d_pr.dia -c /Users/j/Documents/GitHub/MoneroOne/build/SourcePackages/checkouts/swift-crypto/Sources/CCryptoBoringSSL/crypto/x509/i2d_pr.c -o /Users/j/Documents/GitHub/MoneroOne/build/Build/Intermediates.noindex/swift-crypto.build/Debug-iphonesimulator/CCryptoBoringSSL.build/Objects-normal/arm64/i2d_pr.o -index-unit-output-path /swift-crypto.build/Debug-iphonesimulator/CCryptoBoringSSL.build/Objects-normal/arm64/i2d_pr.o

ScanDependencies /Users/j/Documents/GitHub/MoneroOne/build/Build/Intermediates.noindex/swift-crypto.build/Debug-iphonesimulator/CCryptoBoringSSL.build/Objects-normal/arm64/hpke.o /Users/j/Documents/GitHub/MoneroOne/build/SourcePackages/checkouts/swift-crypto/Sources/CCryptoBoringSSL/crypto/hpke/hpke.c normal arm64 c com.apple.compilers.llvm.clang.1_0.compiler (in target 'CCryptoBoringSSL' from project 'swift-crypto')
    cd /Users/j/Documents/GitHub/MoneroOne/MoneroOne.xcodeproj
    
    Using response file: /Users/j/Documents/GitHub/MoneroOne/build/Build/Intermediates.noindex/swift-crypto.build/Debug-iphonesimulator/CCryptoBoringSSL.build/Objects-normal/arm64/7187679823f38a2a940e0043cdf9d637-common-args.resp
    
    builtin-ScanDependencies -o /Users/j/Documents/GitHub/MoneroOne/build/Build/Intermediates.noindex/swift-crypto.build/Debug-iphonesimulator/CCryptoBoringSSL.build/Objects-normal/arm64/hpke.o.scan -- /Applications/Xcode.app/Contents/Developer/Toolchains/XcodeDefault.xctoolchain/usr/bin/clang -x c -ivfsstatcache /Users/j/Documents/GitHub/MoneroOne/build/SDKStatCaches.noindex/iphonesimulator26.1-23B77-90cf18a4295e390e64c810bc6bd7acbc.sdkstatcache -fmessage-length\=0 -fdiagnostics-show-note-include-stack -fmacro-backtrace-limit\=0 -fno-color-diagnostics -fmodules-prune-interval\=86400 -fmodules-prune-after\=345600 -fbuild-session-file\=/Users/j/Documents/GitHub/MoneroOne/build/ModuleCache.noindex/Session.modulevalidation -fmodules-validate-once-per-build-session -Wnon-modular-include-in-framework-module -Werror\=non-modular-include-in-framework-module -Wno-trigraphs -Wno-missing-field-initializers -Wno-missing-prototypes -Wno-return-type -Wno-missing-braces -Wparentheses -Wswitch -Wno-unused-function -Wno-unused-label -Wno-unused-parameter -Wno-unused-variable -Wunused-value -Wno-empty-body -Wno-uninitialized -Wno-unknown-pragmas -w -Wno-shadow -Wno-four-char-constants -Wno-conversion -Wno-constant-conversion -Wno-int-conversion -Wno-bool-conversion -Wno-enum-conversion -Wno-float-conversion -Wno-non-literal-null-conversion -Wno-objc-literal-conversion -Wshorten-64-to-32 -Wpointer-sign -Wno-newline-eof -Wno-implicit-fallthrough -fstrict-aliasing -Wdeprecated-declarations -Wno-sign-conversion -Wno-infinite-recursion -Wno-comma -Wno-block-capture-autoreleasing -Wno-strict-prototypes -Wno-semicolon-before-method-body -index-store-path /Users/j/Documents/GitHub/MoneroOne/build/Index.noindex/DataStore @/Users/j/Documents/GitHub/MoneroOne/build/Build/Intermediates.noindex/swift-crypto.build/Debug-iphonesimulator/CCryptoBoringSSL.build/Objects-normal/arm64/7187679823f38a2a940e0043cdf9d637-common-args.resp -MMD -MT dependencies -MF /Users/j/Documents/GitHub/MoneroOne/build/Build/Intermediates.noindex/swift-crypto.build/Debug-iphonesimulator/CCryptoBoringSSL.build/Objects-normal/arm64/hpke.d --serialize-diagnostics /Users/j/Documents/GitHub/MoneroOne/build/Build/Intermediates.noindex/swift-crypto.build/Debug-iphonesimulator/CCryptoBoringSSL.build/Objects-normal/arm64/hpke.dia -c /Users/j/Documents/GitHub/MoneroOne/build/SourcePackages/checkouts/swift-crypto/Sources/CCryptoBoringSSL/crypto/hpke/hpke.c -o /Users/j/Documents/GitHub/MoneroOne/build/Build/Intermediates.noindex/swift-crypto.build/Debug-iphonesimulator/CCryptoBoringSSL.build/Objects-normal/arm64/hpke.o -index-unit-output-path /swift-crypto.build/Debug-iphonesimulator/CCryptoBoringSSL.build/Objects-normal/arm64/hpke.o

ScanDependencies /Users/j/Documents/GitHub/MoneroOne/build/Build/Intermediates.noindex/swift-crypto.build/Debug-iphonesimulator/CCryptoBoringSSL.build/Objects-normal/arm64/hmac.o /Users/j/Documents/GitHub/MoneroOne/build/SourcePackages/checkouts/swift-crypto/Sources/CCryptoBoringSSL/crypto/fipsmodule/hmac/hmac.c normal arm64 c com.apple.compilers.llvm.clang.1_0.compiler (in target 'CCryptoBoringSSL' from project 'swift-crypto')
    cd /Users/j/Documents/GitHub/MoneroOne/MoneroOne.xcodeproj
    
    Using response file: /Users/j/Documents/GitHub/MoneroOne/build/Build/Intermediates.noindex/swift-crypto.build/Debug-iphonesimulator/CCryptoBoringSSL.build/Objects-normal/arm64/7187679823f38a2a940e0043cdf9d637-common-args.resp
    
    builtin-ScanDependencies -o /Users/j/Documents/GitHub/MoneroOne/build/Build/Intermediates.noindex/swift-crypto.build/Debug-iphonesimulator/CCryptoBoringSSL.build/Objects-normal/arm64/hmac.o.scan -- /Applications/Xcode.app/Contents/Developer/Toolchains/XcodeDefault.xctoolchain/usr/bin/clang -x c -ivfsstatcache /Users/j/Documents/GitHub/MoneroOne/build/SDKStatCaches.noindex/iphonesimulator26.1-23B77-90cf18a4295e390e64c810bc6bd7acbc.sdkstatcache -fmessage-length\=0 -fdiagnostics-show-note-include-stack -fmacro-backtrace-limit\=0 -fno-color-diagnostics -fmodules-prune-interval\=86400 -fmodules-prune-after\=345600 -fbuild-session-file\=/Users/j/Documents/GitHub/MoneroOne/build/ModuleCache.noindex/Session.modulevalidation -fmodules-validate-once-per-build-session -Wnon-modular-include-in-framework-module -Werror\=non-modular-include-in-framework-module -Wno-trigraphs -Wno-missing-field-initializers -Wno-missing-prototypes -Wno-return-type -Wno-missing-braces -Wparentheses -Wswitch -Wno-unused-function -Wno-unused-label -Wno-unused-parameter -Wno-unused-variable -Wunused-value -Wno-empty-body -Wno-uninitialized -Wno-unknown-pragmas -w -Wno-shadow -Wno-four-char-constants -Wno-conversion -Wno-constant-conversion -Wno-int-conversion -Wno-bool-conversion -Wno-enum-conversion -Wno-float-conversion -Wno-non-literal-null-conversion -Wno-objc-literal-conversion -Wshorten-64-to-32 -Wpointer-sign -Wno-newline-eof -Wno-implicit-fallthrough -fstrict-aliasing -Wdeprecated-declarations -Wno-sign-conversion -Wno-infinite-recursion -Wno-comma -Wno-block-capture-autoreleasing -Wno-strict-prototypes -Wno-semicolon-before-method-body -index-store-path /Users/j/Documents/GitHub/MoneroOne/build/Index.noindex/DataStore @/Users/j/Documents/GitHub/MoneroOne/build/Build/Intermediates.noindex/swift-crypto.build/Debug-iphonesimulator/CCryptoBoringSSL.build/Objects-normal/arm64/7187679823f38a2a940e0043cdf9d637-common-args.resp -MMD -MT dependencies -MF /Users/j/Documents/GitHub/MoneroOne/build/Build/Intermediates.noindex/swift-crypto.build/Debug-iphonesimulator/CCryptoBoringSSL.build/Objects-normal/arm64/hmac.d --serialize-diagnostics /Users/j/Documents/GitHub/MoneroOne/build/Build/Intermediates.noindex/swift-crypto.build/Debug-iphonesimulator/CCryptoBoringSSL.build/Objects-normal/arm64/hmac.dia -c /Users/j/Documents/GitHub/MoneroOne/build/SourcePackages/checkouts/swift-crypto/Sources/CCryptoBoringSSL/crypto/fipsmodule/hmac/hmac.c -o /Users/j/Documents/GitHub/MoneroOne/build/Build/Intermediates.noindex/swift-crypto.build/Debug-iphonesimulator/CCryptoBoringSSL.build/Objects-normal/arm64/hmac.o -index-unit-output-path /swift-crypto.build/Debug-iphonesimulator/CCryptoBoringSSL.build/Objects-normal/arm64/hmac.o

PrecompileModule /Users/j/Documents/GitHub/MoneroOne/build/Build/Intermediates.noindex/ExplicitPrecompiledModules/CommonCrypto-EBX2YADW3ICJL5UKKBHR5YSDI.scan
    cd /
    builtin-precompileModule /Users/j/Documents/GitHub/MoneroOne/build/Build/Intermediates.noindex/ExplicitPrecompiledModules/CommonCrypto-EBX2YADW3ICJL5UKKBHR5YSDI.scan

ScanDependencies /Users/j/Documents/GitHub/MoneroOne/build/Build/Intermediates.noindex/swift-crypto.build/Debug-iphonesimulator/CCryptoBoringSSL.build/Objects-normal/arm64/hkdf.o /Users/j/Documents/GitHub/MoneroOne/build/SourcePackages/checkouts/swift-crypto/Sources/CCryptoBoringSSL/crypto/fipsmodule/hkdf/hkdf.c normal arm64 c com.apple.compilers.llvm.clang.1_0.compiler (in target 'CCryptoBoringSSL' from project 'swift-crypto')
    cd /Users/j/Documents/GitHub/MoneroOne/MoneroOne.xcodeproj
    
    Using response file: /Users/j/Documents/GitHub/MoneroOne/build/Build/Intermediates.noindex/swift-crypto.build/Debug-iphonesimulator/CCryptoBoringSSL.build/Objects-normal/arm64/7187679823f38a2a940e0043cdf9d637-common-args.resp
    
    builtin-ScanDependencies -o /Users/j/Documents/GitHub/MoneroOne/build/Build/Intermediates.noindex/swift-crypto.build/Debug-iphonesimulator/CCryptoBoringSSL.build/Objects-normal/arm64/hkdf.o.scan -- /Applications/Xcode.app/Contents/Developer/Toolchains/XcodeDefault.xctoolchain/usr/bin/clang -x c -ivfsstatcache /Users/j/Documents/GitHub/MoneroOne/build/SDKStatCaches.noindex/iphonesimulator26.1-23B77-90cf18a4295e390e64c810bc6bd7acbc.sdkstatcache -fmessage-length\=0 -fdiagnostics-show-note-include-stack -fmacro-backtrace-limit\=0 -fno-color-diagnostics -fmodules-prune-interval\=86400 -fmodules-prune-after\=345600 -fbuild-session-file\=/Users/j/Documents/GitHub/MoneroOne/build/ModuleCache.noindex/Session.modulevalidation -fmodules-validate-once-per-build-session -Wnon-modular-include-in-framework-module -Werror\=non-modular-include-in-framework-module -Wno-trigraphs -Wno-missing-field-initializers -Wno-missing-prototypes -Wno-return-type -Wno-missing-braces -Wparentheses -Wswitch -Wno-unused-function -Wno-unused-label -Wno-unused-parameter -Wno-unused-variable -Wunused-value -Wno-empty-body -Wno-uninitialized -Wno-unknown-pragmas -w -Wno-shadow -Wno-four-char-constants -Wno-conversion -Wno-constant-conversion -Wno-int-conversion -Wno-bool-conversion -Wno-enum-conversion -Wno-float-conversion -Wno-non-literal-null-conversion -Wno-objc-literal-conversion -Wshorten-64-to-32 -Wpointer-sign -Wno-newline-eof -Wno-implicit-fallthrough -fstrict-aliasing -Wdeprecated-declarations -Wno-sign-conversion -Wno-infinite-recursion -Wno-comma -Wno-block-capture-autoreleasing -Wno-strict-prototypes -Wno-semicolon-before-method-body -index-store-path /Users/j/Documents/GitHub/MoneroOne/build/Index.noindex/DataStore @/Users/j/Documents/GitHub/MoneroOne/build/Build/Intermediates.noindex/swift-crypto.build/Debug-iphonesimulator/CCryptoBoringSSL.build/Objects-normal/arm64/7187679823f38a2a940e0043cdf9d637-common-args.resp -MMD -MT dependencies -MF /Users/j/Documents/GitHub/MoneroOne/build/Build/Intermediates.noindex/swift-crypto.build/Debug-iphonesimulator/CCryptoBoringSSL.build/Objects-normal/arm64/hkdf.d --serialize-diagnostics /Users/j/Documents/GitHub/MoneroOne/build/Build/Intermediates.noindex/swift-crypto.build/Debug-iphonesimulator/CCryptoBoringSSL.build/Objects-normal/arm64/hkdf.dia -c /Users/j/Documents/GitHub/MoneroOne/build/SourcePackages/checkouts/swift-crypto/Sources/CCryptoBoringSSL/crypto/fipsmodule/hkdf/hkdf.c -o /Users/j/Documents/GitHub/MoneroOne/build/Build/Intermediates.noindex/swift-crypto.build/Debug-iphonesimulator/CCryptoBoringSSL.build/Objects-normal/arm64/hkdf.o -index-unit-output-path /swift-crypto.build/Debug-iphonesimulator/CCryptoBoringSSL.build/Objects-normal/arm64/hkdf.o

ScanDependencies /Users/j/Documents/GitHub/MoneroOne/build/Build/Intermediates.noindex/swift-crypto.build/Debug-iphonesimulator/CCryptoBoringSSL.build/Objects-normal/arm64/hexdump.o /Users/j/Documents/GitHub/MoneroOne/build/SourcePackages/checkouts/swift-crypto/Sources/CCryptoBoringSSL/crypto/bio/hexdump.c normal arm64 c com.apple.compilers.llvm.clang.1_0.compiler (in target 'CCryptoBoringSSL' from project 'swift-crypto')
    cd /Users/j/Documents/GitHub/MoneroOne/MoneroOne.xcodeproj
    
    Using response file: /Users/j/Documents/GitHub/MoneroOne/build/Build/Intermediates.noindex/swift-crypto.build/Debug-iphonesimulator/CCryptoBoringSSL.build/Objects-normal/arm64/7187679823f38a2a940e0043cdf9d637-common-args.resp
    
    builtin-ScanDependencies -o /Users/j/Documents/GitHub/MoneroOne/build/Build/Intermediates.noindex/swift-crypto.build/Debug-iphonesimulator/CCryptoBoringSSL.build/Objects-normal/arm64/hexdump.o.scan -- /Applications/Xcode.app/Contents/Developer/Toolchains/XcodeDefault.xctoolchain/usr/bin/clang -x c -ivfsstatcache /Users/j/Documents/GitHub/MoneroOne/build/SDKStatCaches.noindex/iphonesimulator26.1-23B77-90cf18a4295e390e64c810bc6bd7acbc.sdkstatcache -fmessage-length\=0 -fdiagnostics-show-note-include-stack -fmacro-backtrace-limit\=0 -fno-color-diagnostics -fmodules-prune-interval\=86400 -fmodules-prune-after\=345600 -fbuild-session-file\=/Users/j/Documents/GitHub/MoneroOne/build/ModuleCache.noindex/Session.modulevalidation -fmodules-validate-once-per-build-session -Wnon-modular-include-in-framework-module -Werror\=non-modular-include-in-framework-module -Wno-trigraphs -Wno-missing-field-initializers -Wno-missing-prototypes -Wno-return-type -Wno-missing-braces -Wparentheses -Wswitch -Wno-unused-function -Wno-unused-label -Wno-unused-parameter -Wno-unused-variable -Wunused-value -Wno-empty-body -Wno-uninitialized -Wno-unknown-pragmas -w -Wno-shadow -Wno-four-char-constants -Wno-conversion -Wno-constant-conversion -Wno-int-conversion -Wno-bool-conversion -Wno-enum-conversion -Wno-float-conversion -Wno-non-literal-null-conversion -Wno-objc-literal-conversion -Wshorten-64-to-32 -Wpointer-sign -Wno-newline-eof -Wno-implicit-fallthrough -fstrict-aliasing -Wdeprecated-declarations -Wno-sign-conversion -Wno-infinite-recursion -Wno-comma -Wno-block-capture-autoreleasing -Wno-strict-prototypes -Wno-semicolon-before-method-body -index-store-path /Users/j/Documents/GitHub/MoneroOne/build/Index.noindex/DataStore @/Users/j/Documents/GitHub/MoneroOne/build/Build/Intermediates.noindex/swift-crypto.build/Debug-iphonesimulator/CCryptoBoringSSL.build/Objects-normal/arm64/7187679823f38a2a940e0043cdf9d637-common-args.resp -MMD -MT dependencies -MF /Users/j/Documents/GitHub/MoneroOne/build/Build/Intermediates.noindex/swift-crypto.build/Debug-iphonesimulator/CCryptoBoringSSL.build/Objects-normal/arm64/hexdump.d --serialize-diagnostics /Users/j/Documents/GitHub/MoneroOne/build/Build/Intermediates.noindex/swift-crypto.build/Debug-iphonesimulator/CCryptoBoringSSL.build/Objects-normal/arm64/hexdump.dia -c /Users/j/Documents/GitHub/MoneroOne/build/SourcePackages/checkouts/swift-crypto/Sources/CCryptoBoringSSL/crypto/bio/hexdump.c -o /Users/j/Documents/GitHub/MoneroOne/build/Build/Intermediates.noindex/swift-crypto.build/Debug-iphonesimulator/CCryptoBoringSSL.build/Objects-normal/arm64/hexdump.o -index-unit-output-path /swift-crypto.build/Debug-iphonesimulator/CCryptoBoringSSL.build/Objects-normal/arm64/hexdump.o

CompileC /Users/j/Documents/GitHub/MoneroOne/build/Build/Intermediates.noindex/swift-crypto.build/Debug-iphonesimulator/CCryptoBoringSSL.build/Objects-normal/arm64/hmac.o /Users/j/Documents/GitHub/MoneroOne/build/SourcePackages/checkouts/swift-crypto/Sources/CCryptoBoringSSL/crypto/fipsmodule/hmac/hmac.c normal arm64 c com.apple.compilers.llvm.clang.1_0.compiler (in target 'CCryptoBoringSSL' from project 'swift-crypto')
    cd /Users/j/Documents/GitHub/MoneroOne/MoneroOne.xcodeproj
    
    Using response file: /Users/j/Documents/GitHub/MoneroOne/build/Build/Intermediates.noindex/swift-crypto.build/Debug-iphonesimulator/CCryptoBoringSSL.build/Objects-normal/arm64/7187679823f38a2a940e0043cdf9d637-common-args.resp
    
    /Applications/Xcode.app/Contents/Developer/Toolchains/XcodeDefault.xctoolchain/usr/bin/clang -x c -ivfsstatcache /Users/j/Documents/GitHub/MoneroOne/build/SDKStatCaches.noindex/iphonesimulator26.1-23B77-90cf18a4295e390e64c810bc6bd7acbc.sdkstatcache -fmessage-length\=0 -fdiagnostics-show-note-include-stack -fmacro-backtrace-limit\=0 -fno-color-diagnostics -fmodules-prune-interval\=86400 -fmodules-prune-after\=345600 -fbuild-session-file\=/Users/j/Documents/GitHub/MoneroOne/build/ModuleCache.noindex/Session.modulevalidation -fmodules-validate-once-per-build-session -Wnon-modular-include-in-framework-module -Werror\=non-modular-include-in-framework-module -Wno-trigraphs -Wno-missing-field-initializers -Wno-missing-prototypes -Wno-return-type -Wno-missing-braces -Wparentheses -Wswitch -Wno-unused-function -Wno-unused-label -Wno-unused-parameter -Wno-unused-variable -Wunused-value -Wno-empty-body -Wno-uninitialized -Wno-unknown-pragmas -w -Wno-shadow -Wno-four-char-constants -Wno-conversion -Wno-constant-conversion -Wno-int-conversion -Wno-bool-conversion -Wno-enum-conversion -Wno-float-conversion -Wno-non-literal-null-conversion -Wno-objc-literal-conversion -Wshorten-64-to-32 -Wpointer-sign -Wno-newline-eof -Wno-implicit-fallthrough -fstrict-aliasing -Wdeprecated-declarations -Wno-sign-conversion -Wno-infinite-recursion -Wno-comma -Wno-block-capture-autoreleasing -Wno-strict-prototypes -Wno-semicolon-before-method-body -index-store-path /Users/j/Documents/GitHub/MoneroOne/build/Index.noindex/DataStore @/Users/j/Documents/GitHub/MoneroOne/build/Build/Intermediates.noindex/swift-crypto.build/Debug-iphonesimulator/CCryptoBoringSSL.build/Objects-normal/arm64/7187679823f38a2a940e0043cdf9d637-common-args.resp -MMD -MT dependencies -MF /Users/j/Documents/GitHub/MoneroOne/build/Build/Intermediates.noindex/swift-crypto.build/Debug-iphonesimulator/CCryptoBoringSSL.build/Objects-normal/arm64/hmac.d --serialize-diagnostics /Users/j/Documents/GitHub/MoneroOne/build/Build/Intermediates.noindex/swift-crypto.build/Debug-iphonesimulator/CCryptoBoringSSL.build/Objects-normal/arm64/hmac.dia -c /Users/j/Documents/GitHub/MoneroOne/build/SourcePackages/checkouts/swift-crypto/Sources/CCryptoBoringSSL/crypto/fipsmodule/hmac/hmac.c -o /Users/j/Documents/GitHub/MoneroOne/build/Build/Intermediates.noindex/swift-crypto.build/Debug-iphonesimulator/CCryptoBoringSSL.build/Objects-normal/arm64/hmac.o -index-unit-output-path /swift-crypto.build/Debug-iphonesimulator/CCryptoBoringSSL.build/Objects-normal/arm64/hmac.o

PrecompileModule /Users/j/Documents/GitHub/MoneroOne/build/Build/Intermediates.noindex/ExplicitPrecompiledModules/_Builtin_intrinsics-R4TEGUSQ3IZNPK2OF601NDHD.scan
    cd /
    builtin-precompileModule /Users/j/Documents/GitHub/MoneroOne/build/Build/Intermediates.noindex/ExplicitPrecompiledModules/_Builtin_intrinsics-R4TEGUSQ3IZNPK2OF601NDHD.scan

ScanDependencies /Users/j/Documents/GitHub/MoneroOne/build/Build/Intermediates.noindex/swift-crypto.build/Debug-iphonesimulator/CCryptoBoringSSL.build/Objects-normal/arm64/hash_to_curve.o /Users/j/Documents/GitHub/MoneroOne/build/SourcePackages/checkouts/swift-crypto/Sources/CCryptoBoringSSL/crypto/ec_extra/hash_to_curve.c normal arm64 c com.apple.compilers.llvm.clang.1_0.compiler (in target 'CCryptoBoringSSL' from project 'swift-crypto')
    cd /Users/j/Documents/GitHub/MoneroOne/MoneroOne.xcodeproj
    
    Using response file: /Users/j/Documents/GitHub/MoneroOne/build/Build/Intermediates.noindex/swift-crypto.build/Debug-iphonesimulator/CCryptoBoringSSL.build/Objects-normal/arm64/7187679823f38a2a940e0043cdf9d637-common-args.resp
    
    builtin-ScanDependencies -o /Users/j/Documents/GitHub/MoneroOne/build/Build/Intermediates.noindex/swift-crypto.build/Debug-iphonesimulator/CCryptoBoringSSL.build/Objects-normal/arm64/hash_to_curve.o.scan -- /Applications/Xcode.app/Contents/Developer/Toolchains/XcodeDefault.xctoolchain/usr/bin/clang -x c -ivfsstatcache /Users/j/Documents/GitHub/MoneroOne/build/SDKStatCaches.noindex/iphonesimulator26.1-23B77-90cf18a4295e390e64c810bc6bd7acbc.sdkstatcache -fmessage-length\=0 -fdiagnostics-show-note-include-stack -fmacro-backtrace-limit\=0 -fno-color-diagnostics -fmodules-prune-interval\=86400 -fmodules-prune-after\=345600 -fbuild-session-file\=/Users/j/Documents/GitHub/MoneroOne/build/ModuleCache.noindex/Session.modulevalidation -fmodules-validate-once-per-build-session -Wnon-modular-include-in-framework-module -Werror\=non-modular-include-in-framework-module -Wno-trigraphs -Wno-missing-field-initializers -Wno-missing-prototypes -Wno-return-type -Wno-missing-braces -Wparentheses -Wswitch -Wno-unused-function -Wno-unused-label -Wno-unused-parameter -Wno-unused-variable -Wunused-value -Wno-empty-body -Wno-uninitialized -Wno-unknown-pragmas -w -Wno-shadow -Wno-four-char-constants -Wno-conversion -Wno-constant-conversion -Wno-int-conversion -Wno-bool-conversion -Wno-enum-conversion -Wno-float-conversion -Wno-non-literal-null-conversion -Wno-objc-literal-conversion -Wshorten-64-to-32 -Wpointer-sign -Wno-newline-eof -Wno-implicit-fallthrough -fstrict-aliasing -Wdeprecated-declarations -Wno-sign-conversion -Wno-infinite-recursion -Wno-comma -Wno-block-capture-autoreleasing -Wno-strict-prototypes -Wno-semicolon-before-method-body -index-store-path /Users/j/Documents/GitHub/MoneroOne/build/Index.noindex/DataStore @/Users/j/Documents/GitHub/MoneroOne/build/Build/Intermediates.noindex/swift-crypto.build/Debug-iphonesimulator/CCryptoBoringSSL.build/Objects-normal/arm64/7187679823f38a2a940e0043cdf9d637-common-args.resp -MMD -MT dependencies -MF /Users/j/Documents/GitHub/MoneroOne/build/Build/Intermediates.noindex/swift-crypto.build/Debug-iphonesimulator/CCryptoBoringSSL.build/Objects-normal/arm64/hash_to_curve.d --serialize-diagnostics /Users/j/Documents/GitHub/MoneroOne/build/Build/Intermediates.noindex/swift-crypto.build/Debug-iphonesimulator/CCryptoBoringSSL.build/Objects-normal/arm64/hash_to_curve.dia -c /Users/j/Documents/GitHub/MoneroOne/build/SourcePackages/checkouts/swift-crypto/Sources/CCryptoBoringSSL/crypto/ec_extra/hash_to_curve.c -o /Users/j/Documents/GitHub/MoneroOne/build/Build/Intermediates.noindex/swift-crypto.build/Debug-iphonesimulator/CCryptoBoringSSL.build/Objects-normal/arm64/hash_to_curve.o -index-unit-output-path /swift-crypto.build/Debug-iphonesimulator/CCryptoBoringSSL.build/Objects-normal/arm64/hash_to_curve.o

CompileC /Users/j/Documents/GitHub/MoneroOne/build/Build/Intermediates.noindex/swift-crypto.build/Debug-iphonesimulator/CCryptoBoringSSL.build/Objects-normal/arm64/hpke.o /Users/j/Documents/GitHub/MoneroOne/build/SourcePackages/checkouts/swift-crypto/Sources/CCryptoBoringSSL/crypto/hpke/hpke.c normal arm64 c com.apple.compilers.llvm.clang.1_0.compiler (in target 'CCryptoBoringSSL' from project 'swift-crypto')
    cd /Users/j/Documents/GitHub/MoneroOne/MoneroOne.xcodeproj
    
    Using response file: /Users/j/Documents/GitHub/MoneroOne/build/Build/Intermediates.noindex/swift-crypto.build/Debug-iphonesimulator/CCryptoBoringSSL.build/Objects-normal/arm64/7187679823f38a2a940e0043cdf9d637-common-args.resp
    
    /Applications/Xcode.app/Contents/Developer/Toolchains/XcodeDefault.xctoolchain/usr/bin/clang -x c -ivfsstatcache /Users/j/Documents/GitHub/MoneroOne/build/SDKStatCaches.noindex/iphonesimulator26.1-23B77-90cf18a4295e390e64c810bc6bd7acbc.sdkstatcache -fmessage-length\=0 -fdiagnostics-show-note-include-stack -fmacro-backtrace-limit\=0 -fno-color-diagnostics -fmodules-prune-interval\=86400 -fmodules-prune-after\=345600 -fbuild-session-file\=/Users/j/Documents/GitHub/MoneroOne/build/ModuleCache.noindex/Session.modulevalidation -fmodules-validate-once-per-build-session -Wnon-modular-include-in-framework-module -Werror\=non-modular-include-in-framework-module -Wno-trigraphs -Wno-missing-field-initializers -Wno-missing-prototypes -Wno-return-type -Wno-missing-braces -Wparentheses -Wswitch -Wno-unused-function -Wno-unused-label -Wno-unused-parameter -Wno-unused-variable -Wunused-value -Wno-empty-body -Wno-uninitialized -Wno-unknown-pragmas -w -Wno-shadow -Wno-four-char-constants -Wno-conversion -Wno-constant-conversion -Wno-int-conversion -Wno-bool-conversion -Wno-enum-conversion -Wno-float-conversion -Wno-non-literal-null-conversion -Wno-objc-literal-conversion -Wshorten-64-to-32 -Wpointer-sign -Wno-newline-eof -Wno-implicit-fallthrough -fstrict-aliasing -Wdeprecated-declarations -Wno-sign-conversion -Wno-infinite-recursion -Wno-comma -Wno-block-capture-autoreleasing -Wno-strict-prototypes -Wno-semicolon-before-method-body -index-store-path /Users/j/Documents/GitHub/MoneroOne/build/Index.noindex/DataStore @/Users/j/Documents/GitHub/MoneroOne/build/Build/Intermediates.noindex/swift-crypto.build/Debug-iphonesimulator/CCryptoBoringSSL.build/Objects-normal/arm64/7187679823f38a2a940e0043cdf9d637-common-args.resp -MMD -MT dependencies -MF /Users/j/Documents/GitHub/MoneroOne/build/Build/Intermediates.noindex/swift-crypto.build/Debug-iphonesimulator/CCryptoBoringSSL.build/Objects-normal/arm64/hpke.d --serialize-diagnostics /Users/j/Documents/GitHub/MoneroOne/build/Build/Intermediates.noindex/swift-crypto.build/Debug-iphonesimulator/CCryptoBoringSSL.build/Objects-normal/arm64/hpke.dia -c /Users/j/Documents/GitHub/MoneroOne/build/SourcePackages/checkouts/swift-crypto/Sources/CCryptoBoringSSL/crypto/hpke/hpke.c -o /Users/j/Documents/GitHub/MoneroOne/build/Build/Intermediates.noindex/swift-crypto.build/Debug-iphonesimulator/CCryptoBoringSSL.build/Objects-normal/arm64/hpke.o -index-unit-output-path /swift-crypto.build/Debug-iphonesimulator/CCryptoBoringSSL.build/Objects-normal/arm64/hpke.o

ScanDependencies /Users/j/Documents/GitHub/MoneroOne/build/Build/Intermediates.noindex/swift-crypto.build/Debug-iphonesimulator/CCryptoBoringSSL.build/Objects-normal/arm64/getentropy.o /Users/j/Documents/GitHub/MoneroOne/build/SourcePackages/checkouts/swift-crypto/Sources/CCryptoBoringSSL/crypto/rand_extra/getentropy.c normal arm64 c com.apple.compilers.llvm.clang.1_0.compiler (in target 'CCryptoBoringSSL' from project 'swift-crypto')
    cd /Users/j/Documents/GitHub/MoneroOne/MoneroOne.xcodeproj
    
    Using response file: /Users/j/Documents/GitHub/MoneroOne/build/Build/Intermediates.noindex/swift-crypto.build/Debug-iphonesimulator/CCryptoBoringSSL.build/Objects-normal/arm64/7187679823f38a2a940e0043cdf9d637-common-args.resp
    
    builtin-ScanDependencies -o /Users/j/Documents/GitHub/MoneroOne/build/Build/Intermediates.noindex/swift-crypto.build/Debug-iphonesimulator/CCryptoBoringSSL.build/Objects-normal/arm64/getentropy.o.scan -- /Applications/Xcode.app/Contents/Developer/Toolchains/XcodeDefault.xctoolchain/usr/bin/clang -x c -ivfsstatcache /Users/j/Documents/GitHub/MoneroOne/build/SDKStatCaches.noindex/iphonesimulator26.1-23B77-90cf18a4295e390e64c810bc6bd7acbc.sdkstatcache -fmessage-length\=0 -fdiagnostics-show-note-include-stack -fmacro-backtrace-limit\=0 -fno-color-diagnostics -fmodules-prune-interval\=86400 -fmodules-prune-after\=345600 -fbuild-session-file\=/Users/j/Documents/GitHub/MoneroOne/build/ModuleCache.noindex/Session.modulevalidation -fmodules-validate-once-per-build-session -Wnon-modular-include-in-framework-module -Werror\=non-modular-include-in-framework-module -Wno-trigraphs -Wno-missing-field-initializers -Wno-missing-prototypes -Wno-return-type -Wno-missing-braces -Wparentheses -Wswitch -Wno-unused-function -Wno-unused-label -Wno-unused-parameter -Wno-unused-variable -Wunused-value -Wno-empty-body -Wno-uninitialized -Wno-unknown-pragmas -w -Wno-shadow -Wno-four-char-constants -Wno-conversion -Wno-constant-conversion -Wno-int-conversion -Wno-bool-conversion -Wno-enum-conversion -Wno-float-conversion -Wno-non-literal-null-conversion -Wno-objc-literal-conversion -Wshorten-64-to-32 -Wpointer-sign -Wno-newline-eof -Wno-implicit-fallthrough -fstrict-aliasing -Wdeprecated-declarations -Wno-sign-conversion -Wno-infinite-recursion -Wno-comma -Wno-block-capture-autoreleasing -Wno-strict-prototypes -Wno-semicolon-before-method-body -index-store-path /Users/j/Documents/GitHub/MoneroOne/build/Index.noindex/DataStore @/Users/j/Documents/GitHub/MoneroOne/build/Build/Intermediates.noindex/swift-crypto.build/Debug-iphonesimulator/CCryptoBoringSSL.build/Objects-normal/arm64/7187679823f38a2a940e0043cdf9d637-common-args.resp -MMD -MT dependencies -MF /Users/j/Documents/GitHub/MoneroOne/build/Build/Intermediates.noindex/swift-crypto.build/Debug-iphonesimulator/CCryptoBoringSSL.build/Objects-normal/arm64/getentropy.d --serialize-diagnostics /Users/j/Documents/GitHub/MoneroOne/build/Build/Intermediates.noindex/swift-crypto.build/Debug-iphonesimulator/CCryptoBoringSSL.build/Objects-normal/arm64/getentropy.dia -c /Users/j/Documents/GitHub/MoneroOne/build/SourcePackages/checkouts/swift-crypto/Sources/CCryptoBoringSSL/crypto/rand_extra/getentropy.c -o /Users/j/Documents/GitHub/MoneroOne/build/Build/Intermediates.noindex/swift-crypto.build/Debug-iphonesimulator/CCryptoBoringSSL.build/Objects-normal/arm64/getentropy.o -index-unit-output-path /swift-crypto.build/Debug-iphonesimulator/CCryptoBoringSSL.build/Objects-normal/arm64/getentropy.o

ScanDependencies /Users/j/Documents/GitHub/MoneroOne/build/Build/Intermediates.noindex/swift-crypto.build/Debug-iphonesimulator/CCryptoBoringSSL.build/Objects-normal/arm64/generic.o /Users/j/Documents/GitHub/MoneroOne/build/SourcePackages/checkouts/swift-crypto/Sources/CCryptoBoringSSL/crypto/fipsmodule/bn/generic.c normal arm64 c com.apple.compilers.llvm.clang.1_0.compiler (in target 'CCryptoBoringSSL' from project 'swift-crypto')
    cd /Users/j/Documents/GitHub/MoneroOne/MoneroOne.xcodeproj
    
    Using response file: /Users/j/Documents/GitHub/MoneroOne/build/Build/Intermediates.noindex/swift-crypto.build/Debug-iphonesimulator/CCryptoBoringSSL.build/Objects-normal/arm64/7187679823f38a2a940e0043cdf9d637-common-args.resp
    
    builtin-ScanDependencies -o /Users/j/Documents/GitHub/MoneroOne/build/Build/Intermediates.noindex/swift-crypto.build/Debug-iphonesimulator/CCryptoBoringSSL.build/Objects-normal/arm64/generic.o.scan -- /Applications/Xcode.app/Contents/Developer/Toolchains/XcodeDefault.xctoolchain/usr/bin/clang -x c -ivfsstatcache /Users/j/Documents/GitHub/MoneroOne/build/SDKStatCaches.noindex/iphonesimulator26.1-23B77-90cf18a4295e390e64c810bc6bd7acbc.sdkstatcache -fmessage-length\=0 -fdiagnostics-show-note-include-stack -fmacro-backtrace-limit\=0 -fno-color-diagnostics -fmodules-prune-interval\=86400 -fmodules-prune-after\=345600 -fbuild-session-file\=/Users/j/Documents/GitHub/MoneroOne/build/ModuleCache.noindex/Session.modulevalidation -fmodules-validate-once-per-build-session -Wnon-modular-include-in-framework-module -Werror\=non-modular-include-in-framework-module -Wno-trigraphs -Wno-missing-field-initializers -Wno-missing-prototypes -Wno-return-type -Wno-missing-braces -Wparentheses -Wswitch -Wno-unused-function -Wno-unused-label -Wno-unused-parameter -Wno-unused-variable -Wunused-value -Wno-empty-body -Wno-uninitialized -Wno-unknown-pragmas -w -Wno-shadow -Wno-four-char-constants -Wno-conversion -Wno-constant-conversion -Wno-int-conversion -Wno-bool-conversion -Wno-enum-conversion -Wno-float-conversion -Wno-non-literal-null-conversion -Wno-objc-literal-conversion -Wshorten-64-to-32 -Wpointer-sign -Wno-newline-eof -Wno-implicit-fallthrough -fstrict-aliasing -Wdeprecated-declarations -Wno-sign-conversion -Wno-infinite-recursion -Wno-comma -Wno-block-capture-autoreleasing -Wno-strict-prototypes -Wno-semicolon-before-method-body -index-store-path /Users/j/Documents/GitHub/MoneroOne/build/Index.noindex/DataStore @/Users/j/Documents/GitHub/MoneroOne/build/Build/Intermediates.noindex/swift-crypto.build/Debug-iphonesimulator/CCryptoBoringSSL.build/Objects-normal/arm64/7187679823f38a2a940e0043cdf9d637-common-args.resp -MMD -MT dependencies -MF /Users/j/Documents/GitHub/MoneroOne/build/Build/Intermediates.noindex/swift-crypto.build/Debug-iphonesimulator/CCryptoBoringSSL.build/Objects-normal/arm64/generic.d --serialize-diagnostics /Users/j/Documents/GitHub/MoneroOne/build/Build/Intermediates.noindex/swift-crypto.build/Debug-iphonesimulator/CCryptoBoringSSL.build/Objects-normal/arm64/generic.dia -c /Users/j/Documents/GitHub/MoneroOne/build/SourcePackages/checkouts/swift-crypto/Sources/CCryptoBoringSSL/crypto/fipsmodule/bn/generic.c -o /Users/j/Documents/GitHub/MoneroOne/build/Build/Intermediates.noindex/swift-crypto.build/Debug-iphonesimulator/CCryptoBoringSSL.build/Objects-normal/arm64/generic.o -index-unit-output-path /swift-crypto.build/Debug-iphonesimulator/CCryptoBoringSSL.build/Objects-normal/arm64/generic.o

CompileC /Users/j/Documents/GitHub/MoneroOne/build/Build/Intermediates.noindex/swift-crypto.build/Debug-iphonesimulator/CCryptoBoringSSL.build/Objects-normal/arm64/ios.o /Users/j/Documents/GitHub/MoneroOne/build/SourcePackages/checkouts/swift-crypto/Sources/CCryptoBoringSSL/crypto/rand_extra/ios.c normal arm64 c com.apple.compilers.llvm.clang.1_0.compiler (in target 'CCryptoBoringSSL' from project 'swift-crypto')
    cd /Users/j/Documents/GitHub/MoneroOne/MoneroOne.xcodeproj
    
    Using response file: /Users/j/Documents/GitHub/MoneroOne/build/Build/Intermediates.noindex/swift-crypto.build/Debug-iphonesimulator/CCryptoBoringSSL.build/Objects-normal/arm64/7187679823f38a2a940e0043cdf9d637-common-args.resp
    
    /Applications/Xcode.app/Contents/Developer/Toolchains/XcodeDefault.xctoolchain/usr/bin/clang -x c -ivfsstatcache /Users/j/Documents/GitHub/MoneroOne/build/SDKStatCaches.noindex/iphonesimulator26.1-23B77-90cf18a4295e390e64c810bc6bd7acbc.sdkstatcache -fmessage-length\=0 -fdiagnostics-show-note-include-stack -fmacro-backtrace-limit\=0 -fno-color-diagnostics -fmodules-prune-interval\=86400 -fmodules-prune-after\=345600 -fbuild-session-file\=/Users/j/Documents/GitHub/MoneroOne/build/ModuleCache.noindex/Session.modulevalidation -fmodules-validate-once-per-build-session -Wnon-modular-include-in-framework-module -Werror\=non-modular-include-in-framework-module -Wno-trigraphs -Wno-missing-field-initializers -Wno-missing-prototypes -Wno-return-type -Wno-missing-braces -Wparentheses -Wswitch -Wno-unused-function -Wno-unused-label -Wno-unused-parameter -Wno-unused-variable -Wunused-value -Wno-empty-body -Wno-uninitialized -Wno-unknown-pragmas -w -Wno-shadow -Wno-four-char-constants -Wno-conversion -Wno-constant-conversion -Wno-int-conversion -Wno-bool-conversion -Wno-enum-conversion -Wno-float-conversion -Wno-non-literal-null-conversion -Wno-objc-literal-conversion -Wshorten-64-to-32 -Wpointer-sign -Wno-newline-eof -Wno-implicit-fallthrough -fstrict-aliasing -Wdeprecated-declarations -Wno-sign-conversion -Wno-infinite-recursion -Wno-comma -Wno-block-capture-autoreleasing -Wno-strict-prototypes -Wno-semicolon-before-method-body -index-store-path /Users/j/Documents/GitHub/MoneroOne/build/Index.noindex/DataStore @/Users/j/Documents/GitHub/MoneroOne/build/Build/Intermediates.noindex/swift-crypto.build/Debug-iphonesimulator/CCryptoBoringSSL.build/Objects-normal/arm64/7187679823f38a2a940e0043cdf9d637-common-args.resp -MMD -MT dependencies -MF /Users/j/Documents/GitHub/MoneroOne/build/Build/Intermediates.noindex/swift-crypto.build/Debug-iphonesimulator/CCryptoBoringSSL.build/Objects-normal/arm64/ios.d --serialize-diagnostics /Users/j/Documents/GitHub/MoneroOne/build/Build/Intermediates.noindex/swift-crypto.build/Debug-iphonesimulator/CCryptoBoringSSL.build/Objects-normal/arm64/ios.dia -c /Users/j/Documents/GitHub/MoneroOne/build/SourcePackages/checkouts/swift-crypto/Sources/CCryptoBoringSSL/crypto/rand_extra/ios.c -o /Users/j/Documents/GitHub/MoneroOne/build/Build/Intermediates.noindex/swift-crypto.build/Debug-iphonesimulator/CCryptoBoringSSL.build/Objects-normal/arm64/ios.o -index-unit-output-path /swift-crypto.build/Debug-iphonesimulator/CCryptoBoringSSL.build/Objects-normal/arm64/ios.o

CompileC /Users/j/Documents/GitHub/MoneroOne/build/Build/Intermediates.noindex/swift-crypto.build/Debug-iphonesimulator/CCryptoBoringSSL.build/Objects-normal/arm64/hkdf.o /Users/j/Documents/GitHub/MoneroOne/build/SourcePackages/checkouts/swift-crypto/Sources/CCryptoBoringSSL/crypto/fipsmodule/hkdf/hkdf.c normal arm64 c com.apple.compilers.llvm.clang.1_0.compiler (in target 'CCryptoBoringSSL' from project 'swift-crypto')
    cd /Users/j/Documents/GitHub/MoneroOne/MoneroOne.xcodeproj
    
    Using response file: /Users/j/Documents/GitHub/MoneroOne/build/Build/Intermediates.noindex/swift-crypto.build/Debug-iphonesimulator/CCryptoBoringSSL.build/Objects-normal/arm64/7187679823f38a2a940e0043cdf9d637-common-args.resp
    
    /Applications/Xcode.app/Contents/Developer/Toolchains/XcodeDefault.xctoolchain/usr/bin/clang -x c -ivfsstatcache /Users/j/Documents/GitHub/MoneroOne/build/SDKStatCaches.noindex/iphonesimulator26.1-23B77-90cf18a4295e390e64c810bc6bd7acbc.sdkstatcache -fmessage-length\=0 -fdiagnostics-show-note-include-stack -fmacro-backtrace-limit\=0 -fno-color-diagnostics -fmodules-prune-interval\=86400 -fmodules-prune-after\=345600 -fbuild-session-file\=/Users/j/Documents/GitHub/MoneroOne/build/ModuleCache.noindex/Session.modulevalidation -fmodules-validate-once-per-build-session -Wnon-modular-include-in-framework-module -Werror\=non-modular-include-in-framework-module -Wno-trigraphs -Wno-missing-field-initializers -Wno-missing-prototypes -Wno-return-type -Wno-missing-braces -Wparentheses -Wswitch -Wno-unused-function -Wno-unused-label -Wno-unused-parameter -Wno-unused-variable -Wunused-value -Wno-empty-body -Wno-uninitialized -Wno-unknown-pragmas -w -Wno-shadow -Wno-four-char-constants -Wno-conversion -Wno-constant-conversion -Wno-int-conversion -Wno-bool-conversion -Wno-enum-conversion -Wno-float-conversion -Wno-non-literal-null-conversion -Wno-objc-literal-conversion -Wshorten-64-to-32 -Wpointer-sign -Wno-newline-eof -Wno-implicit-fallthrough -fstrict-aliasing -Wdeprecated-declarations -Wno-sign-conversion -Wno-infinite-recursion -Wno-comma -Wno-block-capture-autoreleasing -Wno-strict-prototypes -Wno-semicolon-before-method-body -index-store-path /Users/j/Documents/GitHub/MoneroOne/build/Index.noindex/DataStore @/Users/j/Documents/GitHub/MoneroOne/build/Build/Intermediates.noindex/swift-crypto.build/Debug-iphonesimulator/CCryptoBoringSSL.build/Objects-normal/arm64/7187679823f38a2a940e0043cdf9d637-common-args.resp -MMD -MT dependencies -MF /Users/j/Documents/GitHub/MoneroOne/build/Build/Intermediates.noindex/swift-crypto.build/Debug-iphonesimulator/CCryptoBoringSSL.build/Objects-normal/arm64/hkdf.d --serialize-diagnostics /Users/j/Documents/GitHub/MoneroOne/build/Build/Intermediates.noindex/swift-crypto.build/Debug-iphonesimulator/CCryptoBoringSSL.build/Objects-normal/arm64/hkdf.dia -c /Users/j/Documents/GitHub/MoneroOne/build/SourcePackages/checkouts/swift-crypto/Sources/CCryptoBoringSSL/crypto/fipsmodule/hkdf/hkdf.c -o /Users/j/Documents/GitHub/MoneroOne/build/Build/Intermediates.noindex/swift-crypto.build/Debug-iphonesimulator/CCryptoBoringSSL.build/Objects-normal/arm64/hkdf.o -index-unit-output-path /swift-crypto.build/Debug-iphonesimulator/CCryptoBoringSSL.build/Objects-normal/arm64/hkdf.o

CompileC /Users/j/Documents/GitHub/MoneroOne/build/Build/Intermediates.noindex/swift-crypto.build/Debug-iphonesimulator/CCryptoBoringSSL.build/Objects-normal/arm64/hexdump.o /Users/j/Documents/GitHub/MoneroOne/build/SourcePackages/checkouts/swift-crypto/Sources/CCryptoBoringSSL/crypto/bio/hexdump.c normal arm64 c com.apple.compilers.llvm.clang.1_0.compiler (in target 'CCryptoBoringSSL' from project 'swift-crypto')
    cd /Users/j/Documents/GitHub/MoneroOne/MoneroOne.xcodeproj
    
    Using response file: /Users/j/Documents/GitHub/MoneroOne/build/Build/Intermediates.noindex/swift-crypto.build/Debug-iphonesimulator/CCryptoBoringSSL.build/Objects-normal/arm64/7187679823f38a2a940e0043cdf9d637-common-args.resp
    
    /Applications/Xcode.app/Contents/Developer/Toolchains/XcodeDefault.xctoolchain/usr/bin/clang -x c -ivfsstatcache /Users/j/Documents/GitHub/MoneroOne/build/SDKStatCaches.noindex/iphonesimulator26.1-23B77-90cf18a4295e390e64c810bc6bd7acbc.sdkstatcache -fmessage-length\=0 -fdiagnostics-show-note-include-stack -fmacro-backtrace-limit\=0 -fno-color-diagnostics -fmodules-prune-interval\=86400 -fmodules-prune-after\=345600 -fbuild-session-file\=/Users/j/Documents/GitHub/MoneroOne/build/ModuleCache.noindex/Session.modulevalidation -fmodules-validate-once-per-build-session -Wnon-modular-include-in-framework-module -Werror\=non-modular-include-in-framework-module -Wno-trigraphs -Wno-missing-field-initializers -Wno-missing-prototypes -Wno-return-type -Wno-missing-braces -Wparentheses -Wswitch -Wno-unused-function -Wno-unused-label -Wno-unused-parameter -Wno-unused-variable -Wunused-value -Wno-empty-body -Wno-uninitialized -Wno-unknown-pragmas -w -Wno-shadow -Wno-four-char-constants -Wno-conversion -Wno-constant-conversion -Wno-int-conversion -Wno-bool-conversion -Wno-enum-conversion -Wno-float-conversion -Wno-non-literal-null-conversion -Wno-objc-literal-conversion -Wshorten-64-to-32 -Wpointer-sign -Wno-newline-eof -Wno-implicit-fallthrough -fstrict-aliasing -Wdeprecated-declarations -Wno-sign-conversion -Wno-infinite-recursion -Wno-comma -Wno-block-capture-autoreleasing -Wno-strict-prototypes -Wno-semicolon-before-method-body -index-store-path /Users/j/Documents/GitHub/MoneroOne/build/Index.noindex/DataStore @/Users/j/Documents/GitHub/MoneroOne/build/Build/Intermediates.noindex/swift-crypto.build/Debug-iphonesimulator/CCryptoBoringSSL.build/Objects-normal/arm64/7187679823f38a2a940e0043cdf9d637-common-args.resp -MMD -MT dependencies -MF /Users/j/Documents/GitHub/MoneroOne/build/Build/Intermediates.noindex/swift-crypto.build/Debug-iphonesimulator/CCryptoBoringSSL.build/Objects-normal/arm64/hexdump.d --serialize-diagnostics /Users/j/Documents/GitHub/MoneroOne/build/Build/Intermediates.noindex/swift-crypto.build/Debug-iphonesimulator/CCryptoBoringSSL.build/Objects-normal/arm64/hexdump.dia -c /Users/j/Documents/GitHub/MoneroOne/build/SourcePackages/checkouts/swift-crypto/Sources/CCryptoBoringSSL/crypto/bio/hexdump.c -o /Users/j/Documents/GitHub/MoneroOne/build/Build/Intermediates.noindex/swift-crypto.build/Debug-iphonesimulator/CCryptoBoringSSL.build/Objects-normal/arm64/hexdump.o -index-unit-output-path /swift-crypto.build/Debug-iphonesimulator/CCryptoBoringSSL.build/Objects-normal/arm64/hexdump.o

CompileC /Users/j/Documents/GitHub/MoneroOne/build/Build/Intermediates.noindex/swift-crypto.build/Debug-iphonesimulator/CCryptoBoringSSL.build/Objects-normal/arm64/generic.o /Users/j/Documents/GitHub/MoneroOne/build/SourcePackages/checkouts/swift-crypto/Sources/CCryptoBoringSSL/crypto/fipsmodule/bn/generic.c normal arm64 c com.apple.compilers.llvm.clang.1_0.compiler (in target 'CCryptoBoringSSL' from project 'swift-crypto')
    cd /Users/j/Documents/GitHub/MoneroOne/MoneroOne.xcodeproj
    
    Using response file: /Users/j/Documents/GitHub/MoneroOne/build/Build/Intermediates.noindex/swift-crypto.build/Debug-iphonesimulator/CCryptoBoringSSL.build/Objects-normal/arm64/7187679823f38a2a940e0043cdf9d637-common-args.resp
    
    /Applications/Xcode.app/Contents/Developer/Toolchains/XcodeDefault.xctoolchain/usr/bin/clang -x c -ivfsstatcache /Users/j/Documents/GitHub/MoneroOne/build/SDKStatCaches.noindex/iphonesimulator26.1-23B77-90cf18a4295e390e64c810bc6bd7acbc.sdkstatcache -fmessage-length\=0 -fdiagnostics-show-note-include-stack -fmacro-backtrace-limit\=0 -fno-color-diagnostics -fmodules-prune-interval\=86400 -fmodules-prune-after\=345600 -fbuild-session-file\=/Users/j/Documents/GitHub/MoneroOne/build/ModuleCache.noindex/Session.modulevalidation -fmodules-validate-once-per-build-session -Wnon-modular-include-in-framework-module -Werror\=non-modular-include-in-framework-module -Wno-trigraphs -Wno-missing-field-initializers -Wno-missing-prototypes -Wno-return-type -Wno-missing-braces -Wparentheses -Wswitch -Wno-unused-function -Wno-unused-label -Wno-unused-parameter -Wno-unused-variable -Wunused-value -Wno-empty-body -Wno-uninitialized -Wno-unknown-pragmas -w -Wno-shadow -Wno-four-char-constants -Wno-conversion -Wno-constant-conversion -Wno-int-conversion -Wno-bool-conversion -Wno-enum-conversion -Wno-float-conversion -Wno-non-literal-null-conversion -Wno-objc-literal-conversion -Wshorten-64-to-32 -Wpointer-sign -Wno-newline-eof -Wno-implicit-fallthrough -fstrict-aliasing -Wdeprecated-declarations -Wno-sign-conversion -Wno-infinite-recursion -Wno-comma -Wno-block-capture-autoreleasing -Wno-strict-prototypes -Wno-semicolon-before-method-body -index-store-path /Users/j/Documents/GitHub/MoneroOne/build/Index.noindex/DataStore @/Users/j/Documents/GitHub/MoneroOne/build/Build/Intermediates.noindex/swift-crypto.build/Debug-iphonesimulator/CCryptoBoringSSL.build/Objects-normal/arm64/7187679823f38a2a940e0043cdf9d637-common-args.resp -MMD -MT dependencies -MF /Users/j/Documents/GitHub/MoneroOne/build/Build/Intermediates.noindex/swift-crypto.build/Debug-iphonesimulator/CCryptoBoringSSL.build/Objects-normal/arm64/generic.d --serialize-diagnostics /Users/j/Documents/GitHub/MoneroOne/build/Build/Intermediates.noindex/swift-crypto.build/Debug-iphonesimulator/CCryptoBoringSSL.build/Objects-normal/arm64/generic.dia -c /Users/j/Documents/GitHub/MoneroOne/build/SourcePackages/checkouts/swift-crypto/Sources/CCryptoBoringSSL/crypto/fipsmodule/bn/generic.c -o /Users/j/Documents/GitHub/MoneroOne/build/Build/Intermediates.noindex/swift-crypto.build/Debug-iphonesimulator/CCryptoBoringSSL.build/Objects-normal/arm64/generic.o -index-unit-output-path /swift-crypto.build/Debug-iphonesimulator/CCryptoBoringSSL.build/Objects-normal/arm64/generic.o

CompileC /Users/j/Documents/GitHub/MoneroOne/build/Build/Intermediates.noindex/swift-crypto.build/Debug-iphonesimulator/CCryptoBoringSSL.build/Objects-normal/arm64/hash_to_curve.o /Users/j/Documents/GitHub/MoneroOne/build/SourcePackages/checkouts/swift-crypto/Sources/CCryptoBoringSSL/crypto/ec_extra/hash_to_curve.c normal arm64 c com.apple.compilers.llvm.clang.1_0.compiler (in target 'CCryptoBoringSSL' from project 'swift-crypto')
    cd /Users/j/Documents/GitHub/MoneroOne/MoneroOne.xcodeproj
    
    Using response file: /Users/j/Documents/GitHub/MoneroOne/build/Build/Intermediates.noindex/swift-crypto.build/Debug-iphonesimulator/CCryptoBoringSSL.build/Objects-normal/arm64/7187679823f38a2a940e0043cdf9d637-common-args.resp
    
    /Applications/Xcode.app/Contents/Developer/Toolchains/XcodeDefault.xctoolchain/usr/bin/clang -x c -ivfsstatcache /Users/j/Documents/GitHub/MoneroOne/build/SDKStatCaches.noindex/iphonesimulator26.1-23B77-90cf18a4295e390e64c810bc6bd7acbc.sdkstatcache -fmessage-length\=0 -fdiagnostics-show-note-include-stack -fmacro-backtrace-limit\=0 -fno-color-diagnostics -fmodules-prune-interval\=86400 -fmodules-prune-after\=345600 -fbuild-session-file\=/Users/j/Documents/GitHub/MoneroOne/build/ModuleCache.noindex/Session.modulevalidation -fmodules-validate-once-per-build-session -Wnon-modular-include-in-framework-module -Werror\=non-modular-include-in-framework-module -Wno-trigraphs -Wno-missing-field-initializers -Wno-missing-prototypes -Wno-return-type -Wno-missing-braces -Wparentheses -Wswitch -Wno-unused-function -Wno-unused-label -Wno-unused-parameter -Wno-unused-variable -Wunused-value -Wno-empty-body -Wno-uninitialized -Wno-unknown-pragmas -w -Wno-shadow -Wno-four-char-constants -Wno-conversion -Wno-constant-conversion -Wno-int-conversion -Wno-bool-conversion -Wno-enum-conversion -Wno-float-conversion -Wno-non-literal-null-conversion -Wno-objc-literal-conversion -Wshorten-64-to-32 -Wpointer-sign -Wno-newline-eof -Wno-implicit-fallthrough -fstrict-aliasing -Wdeprecated-declarations -Wno-sign-conversion -Wno-infinite-recursion -Wno-comma -Wno-block-capture-autoreleasing -Wno-strict-prototypes -Wno-semicolon-before-method-body -index-store-path /Users/j/Documents/GitHub/MoneroOne/build/Index.noindex/DataStore @/Users/j/Documents/GitHub/MoneroOne/build/Build/Intermediates.noindex/swift-crypto.build/Debug-iphonesimulator/CCryptoBoringSSL.build/Objects-normal/arm64/7187679823f38a2a940e0043cdf9d637-common-args.resp -MMD -MT dependencies -MF /Users/j/Documents/GitHub/MoneroOne/build/Build/Intermediates.noindex/swift-crypto.build/Debug-iphonesimulator/CCryptoBoringSSL.build/Objects-normal/arm64/hash_to_curve.d --serialize-diagnostics /Users/j/Documents/GitHub/MoneroOne/build/Build/Intermediates.noindex/swift-crypto.build/Debug-iphonesimulator/CCryptoBoringSSL.build/Objects-normal/arm64/hash_to_curve.dia -c /Users/j/Documents/GitHub/MoneroOne/build/SourcePackages/checkouts/swift-crypto/Sources/CCryptoBoringSSL/crypto/ec_extra/hash_to_curve.c -o /Users/j/Documents/GitHub/MoneroOne/build/Build/Intermediates.noindex/swift-crypto.build/Debug-iphonesimulator/CCryptoBoringSSL.build/Objects-normal/arm64/hash_to_curve.o -index-unit-output-path /swift-crypto.build/Debug-iphonesimulator/CCryptoBoringSSL.build/Objects-normal/arm64/hash_to_curve.o

CompileC /Users/j/Documents/GitHub/MoneroOne/build/Build/Intermediates.noindex/swift-crypto.build/Debug-iphonesimulator/CCryptoBoringSSL.build/Objects-normal/arm64/getentropy.o /Users/j/Documents/GitHub/MoneroOne/build/SourcePackages/checkouts/swift-crypto/Sources/CCryptoBoringSSL/crypto/rand_extra/getentropy.c normal arm64 c com.apple.compilers.llvm.clang.1_0.compiler (in target 'CCryptoBoringSSL' from project 'swift-crypto')
    cd /Users/j/Documents/GitHub/MoneroOne/MoneroOne.xcodeproj
    
    Using response file: /Users/j/Documents/GitHub/MoneroOne/build/Build/Intermediates.noindex/swift-crypto.build/Debug-iphonesimulator/CCryptoBoringSSL.build/Objects-normal/arm64/7187679823f38a2a940e0043cdf9d637-common-args.resp
    
    /Applications/Xcode.app/Contents/Developer/Toolchains/XcodeDefault.xctoolchain/usr/bin/clang -x c -ivfsstatcache /Users/j/Documents/GitHub/MoneroOne/build/SDKStatCaches.noindex/iphonesimulator26.1-23B77-90cf18a4295e390e64c810bc6bd7acbc.sdkstatcache -fmessage-length\=0 -fdiagnostics-show-note-include-stack -fmacro-backtrace-limit\=0 -fno-color-diagnostics -fmodules-prune-interval\=86400 -fmodules-prune-after\=345600 -fbuild-session-file\=/Users/j/Documents/GitHub/MoneroOne/build/ModuleCache.noindex/Session.modulevalidation -fmodules-validate-once-per-build-session -Wnon-modular-include-in-framework-module -Werror\=non-modular-include-in-framework-module -Wno-trigraphs -Wno-missing-field-initializers -Wno-missing-prototypes -Wno-return-type -Wno-missing-braces -Wparentheses -Wswitch -Wno-unused-function -Wno-unused-label -Wno-unused-parameter -Wno-unused-variable -Wunused-value -Wno-empty-body -Wno-uninitialized -Wno-unknown-pragmas -w -Wno-shadow -Wno-four-char-constants -Wno-conversion -Wno-constant-conversion -Wno-int-conversion -Wno-bool-conversion -Wno-enum-conversion -Wno-float-conversion -Wno-non-literal-null-conversion -Wno-objc-literal-conversion -Wshorten-64-to-32 -Wpointer-sign -Wno-newline-eof -Wno-implicit-fallthrough -fstrict-aliasing -Wdeprecated-declarations -Wno-sign-conversion -Wno-infinite-recursion -Wno-comma -Wno-block-capture-autoreleasing -Wno-strict-prototypes -Wno-semicolon-before-method-body -index-store-path /Users/j/Documents/GitHub/MoneroOne/build/Index.noindex/DataStore @/Users/j/Documents/GitHub/MoneroOne/build/Build/Intermediates.noindex/swift-crypto.build/Debug-iphonesimulator/CCryptoBoringSSL.build/Objects-normal/arm64/7187679823f38a2a940e0043cdf9d637-common-args.resp -MMD -MT dependencies -MF /Users/j/Documents/GitHub/MoneroOne/build/Build/Intermediates.noindex/swift-crypto.build/Debug-iphonesimulator/CCryptoBoringSSL.build/Objects-normal/arm64/getentropy.d --serialize-diagnostics /Users/j/Documents/GitHub/MoneroOne/build/Build/Intermediates.noindex/swift-crypto.build/Debug-iphonesimulator/CCryptoBoringSSL.build/Objects-normal/arm64/getentropy.dia -c /Users/j/Documents/GitHub/MoneroOne/build/SourcePackages/checkouts/swift-crypto/Sources/CCryptoBoringSSL/crypto/rand_extra/getentropy.c -o /Users/j/Documents/GitHub/MoneroOne/build/Build/Intermediates.noindex/swift-crypto.build/Debug-iphonesimulator/CCryptoBoringSSL.build/Objects-normal/arm64/getentropy.o -index-unit-output-path /swift-crypto.build/Debug-iphonesimulator/CCryptoBoringSSL.build/Objects-normal/arm64/getentropy.o

ScanDependencies /Users/j/Documents/GitHub/MoneroOne/build/Build/Intermediates.noindex/swift-crypto.build/Debug-iphonesimulator/CCryptoBoringSSL.build/Objects-normal/arm64/gcm_nohw.o /Users/j/Documents/GitHub/MoneroOne/build/SourcePackages/checkouts/swift-crypto/Sources/CCryptoBoringSSL/crypto/fipsmodule/modes/gcm_nohw.c normal arm64 c com.apple.compilers.llvm.clang.1_0.compiler (in target 'CCryptoBoringSSL' from project 'swift-crypto')
    cd /Users/j/Documents/GitHub/MoneroOne/MoneroOne.xcodeproj
    
    Using response file: /Users/j/Documents/GitHub/MoneroOne/build/Build/Intermediates.noindex/swift-crypto.build/Debug-iphonesimulator/CCryptoBoringSSL.build/Objects-normal/arm64/7187679823f38a2a940e0043cdf9d637-common-args.resp
    
    builtin-ScanDependencies -o /Users/j/Documents/GitHub/MoneroOne/build/Build/Intermediates.noindex/swift-crypto.build/Debug-iphonesimulator/CCryptoBoringSSL.build/Objects-normal/arm64/gcm_nohw.o.scan -- /Applications/Xcode.app/Contents/Developer/Toolchains/XcodeDefault.xctoolchain/usr/bin/clang -x c -ivfsstatcache /Users/j/Documents/GitHub/MoneroOne/build/SDKStatCaches.noindex/iphonesimulator26.1-23B77-90cf18a4295e390e64c810bc6bd7acbc.sdkstatcache -fmessage-length\=0 -fdiagnostics-show-note-include-stack -fmacro-backtrace-limit\=0 -fno-color-diagnostics -fmodules-prune-interval\=86400 -fmodules-prune-after\=345600 -fbuild-session-file\=/Users/j/Documents/GitHub/MoneroOne/build/ModuleCache.noindex/Session.modulevalidation -fmodules-validate-once-per-build-session -Wnon-modular-include-in-framework-module -Werror\=non-modular-include-in-framework-module -Wno-trigraphs -Wno-missing-field-initializers -Wno-missing-prototypes -Wno-return-type -Wno-missing-braces -Wparentheses -Wswitch -Wno-unused-function -Wno-unused-label -Wno-unused-parameter -Wno-unused-variable -Wunused-value -Wno-empty-body -Wno-uninitialized -Wno-unknown-pragmas -w -Wno-shadow -Wno-four-char-constants -Wno-conversion -Wno-constant-conversion -Wno-int-conversion -Wno-bool-conversion -Wno-enum-conversion -Wno-float-conversion -Wno-non-literal-null-conversion -Wno-objc-literal-conversion -Wshorten-64-to-32 -Wpointer-sign -Wno-newline-eof -Wno-implicit-fallthrough -fstrict-aliasing -Wdeprecated-declarations -Wno-sign-conversion -Wno-infinite-recursion -Wno-comma -Wno-block-capture-autoreleasing -Wno-strict-prototypes -Wno-semicolon-before-method-body -index-store-path /Users/j/Documents/GitHub/MoneroOne/build/Index.noindex/DataStore @/Users/j/Documents/GitHub/MoneroOne/build/Build/Intermediates.noindex/swift-crypto.build/Debug-iphonesimulator/CCryptoBoringSSL.build/Objects-normal/arm64/7187679823f38a2a940e0043cdf9d637-common-args.resp -MMD -MT dependencies -MF /Users/j/Documents/GitHub/MoneroOne/build/Build/Intermediates.noindex/swift-crypto.build/Debug-iphonesimulator/CCryptoBoringSSL.build/Objects-normal/arm64/gcm_nohw.d --serialize-diagnostics /Users/j/Documents/GitHub/MoneroOne/build/Build/Intermediates.noindex/swift-crypto.build/Debug-iphonesimulator/CCryptoBoringSSL.build/Objects-normal/arm64/gcm_nohw.dia -c /Users/j/Documents/GitHub/MoneroOne/build/SourcePackages/checkouts/swift-crypto/Sources/CCryptoBoringSSL/crypto/fipsmodule/modes/gcm_nohw.c -o /Users/j/Documents/GitHub/MoneroOne/build/Build/Intermediates.noindex/swift-crypto.build/Debug-iphonesimulator/CCryptoBoringSSL.build/Objects-normal/arm64/gcm_nohw.o -index-unit-output-path /swift-crypto.build/Debug-iphonesimulator/CCryptoBoringSSL.build/Objects-normal/arm64/gcm_nohw.o

ScanDependencies /Users/j/Documents/GitHub/MoneroOne/build/Build/Intermediates.noindex/swift-crypto.build/Debug-iphonesimulator/CCryptoBoringSSL.build/Objects-normal/arm64/gcm.o /Users/j/Documents/GitHub/MoneroOne/build/SourcePackages/checkouts/swift-crypto/Sources/CCryptoBoringSSL/crypto/fipsmodule/modes/gcm.c normal arm64 c com.apple.compilers.llvm.clang.1_0.compiler (in target 'CCryptoBoringSSL' from project 'swift-crypto')
    cd /Users/j/Documents/GitHub/MoneroOne/MoneroOne.xcodeproj
    
    Using response file: /Users/j/Documents/GitHub/MoneroOne/build/Build/Intermediates.noindex/swift-crypto.build/Debug-iphonesimulator/CCryptoBoringSSL.build/Objects-normal/arm64/7187679823f38a2a940e0043cdf9d637-common-args.resp
    
    builtin-ScanDependencies -o /Users/j/Documents/GitHub/MoneroOne/build/Build/Intermediates.noindex/swift-crypto.build/Debug-iphonesimulator/CCryptoBoringSSL.build/Objects-normal/arm64/gcm.o.scan -- /Applications/Xcode.app/Contents/Developer/Toolchains/XcodeDefault.xctoolchain/usr/bin/clang -x c -ivfsstatcache /Users/j/Documents/GitHub/MoneroOne/build/SDKStatCaches.noindex/iphonesimulator26.1-23B77-90cf18a4295e390e64c810bc6bd7acbc.sdkstatcache -fmessage-length\=0 -fdiagnostics-show-note-include-stack -fmacro-backtrace-limit\=0 -fno-color-diagnostics -fmodules-prune-interval\=86400 -fmodules-prune-after\=345600 -fbuild-session-file\=/Users/j/Documents/GitHub/MoneroOne/build/ModuleCache.noindex/Session.modulevalidation -fmodules-validate-once-per-build-session -Wnon-modular-include-in-framework-module -Werror\=non-modular-include-in-framework-module -Wno-trigraphs -Wno-missing-field-initializers -Wno-missing-prototypes -Wno-return-type -Wno-missing-braces -Wparentheses -Wswitch -Wno-unused-function -Wno-unused-label -Wno-unused-parameter -Wno-unused-variable -Wunused-value -Wno-empty-body -Wno-uninitialized -Wno-unknown-pragmas -w -Wno-shadow -Wno-four-char-constants -Wno-conversion -Wno-constant-conversion -Wno-int-conversion -Wno-bool-conversion -Wno-enum-conversion -Wno-float-conversion -Wno-non-literal-null-conversion -Wno-objc-literal-conversion -Wshorten-64-to-32 -Wpointer-sign -Wno-newline-eof -Wno-implicit-fallthrough -fstrict-aliasing -Wdeprecated-declarations -Wno-sign-conversion -Wno-infinite-recursion -Wno-comma -Wno-block-capture-autoreleasing -Wno-strict-prototypes -Wno-semicolon-before-method-body -index-store-path /Users/j/Documents/GitHub/MoneroOne/build/Index.noindex/DataStore @/Users/j/Documents/GitHub/MoneroOne/build/Build/Intermediates.noindex/swift-crypto.build/Debug-iphonesimulator/CCryptoBoringSSL.build/Objects-normal/arm64/7187679823f38a2a940e0043cdf9d637-common-args.resp -MMD -MT dependencies -MF /Users/j/Documents/GitHub/MoneroOne/build/Build/Intermediates.noindex/swift-crypto.build/Debug-iphonesimulator/CCryptoBoringSSL.build/Objects-normal/arm64/gcm.d --serialize-diagnostics /Users/j/Documents/GitHub/MoneroOne/build/Build/Intermediates.noindex/swift-crypto.build/Debug-iphonesimulator/CCryptoBoringSSL.build/Objects-normal/arm64/gcm.dia -c /Users/j/Documents/GitHub/MoneroOne/build/SourcePackages/checkouts/swift-crypto/Sources/CCryptoBoringSSL/crypto/fipsmodule/modes/gcm.c -o /Users/j/Documents/GitHub/MoneroOne/build/Build/Intermediates.noindex/swift-crypto.build/Debug-iphonesimulator/CCryptoBoringSSL.build/Objects-normal/arm64/gcm.o -index-unit-output-path /swift-crypto.build/Debug-iphonesimulator/CCryptoBoringSSL.build/Objects-normal/arm64/gcm.o

ScanDependencies /Users/j/Documents/GitHub/MoneroOne/build/Build/Intermediates.noindex/swift-crypto.build/Debug-iphonesimulator/CCryptoBoringSSL.build/Objects-normal/arm64/gcd_extra.o /Users/j/Documents/GitHub/MoneroOne/build/SourcePackages/checkouts/swift-crypto/Sources/CCryptoBoringSSL/crypto/fipsmodule/bn/gcd_extra.c normal arm64 c com.apple.compilers.llvm.clang.1_0.compiler (in target 'CCryptoBoringSSL' from project 'swift-crypto')
    cd /Users/j/Documents/GitHub/MoneroOne/MoneroOne.xcodeproj
    
    Using response file: /Users/j/Documents/GitHub/MoneroOne/build/Build/Intermediates.noindex/swift-crypto.build/Debug-iphonesimulator/CCryptoBoringSSL.build/Objects-normal/arm64/7187679823f38a2a940e0043cdf9d637-common-args.resp
    
    builtin-ScanDependencies -o /Users/j/Documents/GitHub/MoneroOne/build/Build/Intermediates.noindex/swift-crypto.build/Debug-iphonesimulator/CCryptoBoringSSL.build/Objects-normal/arm64/gcd_extra.o.scan -- /Applications/Xcode.app/Contents/Developer/Toolchains/XcodeDefault.xctoolchain/usr/bin/clang -x c -ivfsstatcache /Users/j/Documents/GitHub/MoneroOne/build/SDKStatCaches.noindex/iphonesimulator26.1-23B77-90cf18a4295e390e64c810bc6bd7acbc.sdkstatcache -fmessage-length\=0 -fdiagnostics-show-note-include-stack -fmacro-backtrace-limit\=0 -fno-color-diagnostics -fmodules-prune-interval\=86400 -fmodules-prune-after\=345600 -fbuild-session-file\=/Users/j/Documents/GitHub/MoneroOne/build/ModuleCache.noindex/Session.modulevalidation -fmodules-validate-once-per-build-session -Wnon-modular-include-in-framework-module -Werror\=non-modular-include-in-framework-module -Wno-trigraphs -Wno-missing-field-initializers -Wno-missing-prototypes -Wno-return-type -Wno-missing-braces -Wparentheses -Wswitch -Wno-unused-function -Wno-unused-label -Wno-unused-parameter -Wno-unused-variable -Wunused-value -Wno-empty-body -Wno-uninitialized -Wno-unknown-pragmas -w -Wno-shadow -Wno-four-char-constants -Wno-conversion -Wno-constant-conversion -Wno-int-conversion -Wno-bool-conversion -Wno-enum-conversion -Wno-float-conversion -Wno-non-literal-null-conversion -Wno-objc-literal-conversion -Wshorten-64-to-32 -Wpointer-sign -Wno-newline-eof -Wno-implicit-fallthrough -fstrict-aliasing -Wdeprecated-declarations -Wno-sign-conversion -Wno-infinite-recursion -Wno-comma -Wno-block-capture-autoreleasing -Wno-strict-prototypes -Wno-semicolon-before-method-body -index-store-path /Users/j/Documents/GitHub/MoneroOne/build/Index.noindex/DataStore @/Users/j/Documents/GitHub/MoneroOne/build/Build/Intermediates.noindex/swift-crypto.build/Debug-iphonesimulator/CCryptoBoringSSL.build/Objects-normal/arm64/7187679823f38a2a940e0043cdf9d637-common-args.resp -MMD -MT dependencies -MF /Users/j/Documents/GitHub/MoneroOne/build/Build/Intermediates.noindex/swift-crypto.build/Debug-iphonesimulator/CCryptoBoringSSL.build/Objects-normal/arm64/gcd_extra.d --serialize-diagnostics /Users/j/Documents/GitHub/MoneroOne/build/Build/Intermediates.noindex/swift-crypto.build/Debug-iphonesimulator/CCryptoBoringSSL.build/Objects-normal/arm64/gcd_extra.dia -c /Users/j/Documents/GitHub/MoneroOne/build/SourcePackages/checkouts/swift-crypto/Sources/CCryptoBoringSSL/crypto/fipsmodule/bn/gcd_extra.c -o /Users/j/Documents/GitHub/MoneroOne/build/Build/Intermediates.noindex/swift-crypto.build/Debug-iphonesimulator/CCryptoBoringSSL.build/Objects-normal/arm64/gcd_extra.o -index-unit-output-path /swift-crypto.build/Debug-iphonesimulator/CCryptoBoringSSL.build/Objects-normal/arm64/gcd_extra.o

ScanDependencies /Users/j/Documents/GitHub/MoneroOne/build/Build/Intermediates.noindex/swift-crypto.build/Debug-iphonesimulator/CCryptoBoringSSL.build/Objects-normal/arm64/gcd.o /Users/j/Documents/GitHub/MoneroOne/build/SourcePackages/checkouts/swift-crypto/Sources/CCryptoBoringSSL/crypto/fipsmodule/bn/gcd.c normal arm64 c com.apple.compilers.llvm.clang.1_0.compiler (in target 'CCryptoBoringSSL' from project 'swift-crypto')
    cd /Users/j/Documents/GitHub/MoneroOne/MoneroOne.xcodeproj
    
    Using response file: /Users/j/Documents/GitHub/MoneroOne/build/Build/Intermediates.noindex/swift-crypto.build/Debug-iphonesimulator/CCryptoBoringSSL.build/Objects-normal/arm64/7187679823f38a2a940e0043cdf9d637-common-args.resp
    
    builtin-ScanDependencies -o /Users/j/Documents/GitHub/MoneroOne/build/Build/Intermediates.noindex/swift-crypto.build/Debug-iphonesimulator/CCryptoBoringSSL.build/Objects-normal/arm64/gcd.o.scan -- /Applications/Xcode.app/Contents/Developer/Toolchains/XcodeDefault.xctoolchain/usr/bin/clang -x c -ivfsstatcache /Users/j/Documents/GitHub/MoneroOne/build/SDKStatCaches.noindex/iphonesimulator26.1-23B77-90cf18a4295e390e64c810bc6bd7acbc.sdkstatcache -fmessage-length\=0 -fdiagnostics-show-note-include-stack -fmacro-backtrace-limit\=0 -fno-color-diagnostics -fmodules-prune-interval\=86400 -fmodules-prune-after\=345600 -fbuild-session-file\=/Users/j/Documents/GitHub/MoneroOne/build/ModuleCache.noindex/Session.modulevalidation -fmodules-validate-once-per-build-session -Wnon-modular-include-in-framework-module -Werror\=non-modular-include-in-framework-module -Wno-trigraphs -Wno-missing-field-initializers -Wno-missing-prototypes -Wno-return-type -Wno-missing-braces -Wparentheses -Wswitch -Wno-unused-function -Wno-unused-label -Wno-unused-parameter -Wno-unused-variable -Wunused-value -Wno-empty-body -Wno-uninitialized -Wno-unknown-pragmas -w -Wno-shadow -Wno-four-char-constants -Wno-conversion -Wno-constant-conversion -Wno-int-conversion -Wno-bool-conversion -Wno-enum-conversion -Wno-float-conversion -Wno-non-literal-null-conversion -Wno-objc-literal-conversion -Wshorten-64-to-32 -Wpointer-sign -Wno-newline-eof -Wno-implicit-fallthrough -fstrict-aliasing -Wdeprecated-declarations -Wno-sign-conversion -Wno-infinite-recursion -Wno-comma -Wno-block-capture-autoreleasing -Wno-strict-prototypes -Wno-semicolon-before-method-body -index-store-path /Users/j/Documents/GitHub/MoneroOne/build/Index.noindex/DataStore @/Users/j/Documents/GitHub/MoneroOne/build/Build/Intermediates.noindex/swift-crypto.build/Debug-iphonesimulator/CCryptoBoringSSL.build/Objects-normal/arm64/7187679823f38a2a940e0043cdf9d637-common-args.resp -MMD -MT dependencies -MF /Users/j/Documents/GitHub/MoneroOne/build/Build/Intermediates.noindex/swift-crypto.build/Debug-iphonesimulator/CCryptoBoringSSL.build/Objects-normal/arm64/gcd.d --serialize-diagnostics /Users/j/Documents/GitHub/MoneroOne/build/Build/Intermediates.noindex/swift-crypto.build/Debug-iphonesimulator/CCryptoBoringSSL.build/Objects-normal/arm64/gcd.dia -c /Users/j/Documents/GitHub/MoneroOne/build/SourcePackages/checkouts/swift-crypto/Sources/CCryptoBoringSSL/crypto/fipsmodule/bn/gcd.c -o /Users/j/Documents/GitHub/MoneroOne/build/Build/Intermediates.noindex/swift-crypto.build/Debug-iphonesimulator/CCryptoBoringSSL.build/Objects-normal/arm64/gcd.o -index-unit-output-path /swift-crypto.build/Debug-iphonesimulator/CCryptoBoringSSL.build/Objects-normal/arm64/gcd.o

ScanDependencies /Users/j/Documents/GitHub/MoneroOne/build/Build/Intermediates.noindex/swift-crypto.build/Debug-iphonesimulator/CCryptoBoringSSL.build/Objects-normal/arm64/forkunsafe.o /Users/j/Documents/GitHub/MoneroOne/build/SourcePackages/checkouts/swift-crypto/Sources/CCryptoBoringSSL/crypto/rand_extra/forkunsafe.c normal arm64 c com.apple.compilers.llvm.clang.1_0.compiler (in target 'CCryptoBoringSSL' from project 'swift-crypto')
    cd /Users/j/Documents/GitHub/MoneroOne/MoneroOne.xcodeproj
    
    Using response file: /Users/j/Documents/GitHub/MoneroOne/build/Build/Intermediates.noindex/swift-crypto.build/Debug-iphonesimulator/CCryptoBoringSSL.build/Objects-normal/arm64/7187679823f38a2a940e0043cdf9d637-common-args.resp
    
    builtin-ScanDependencies -o /Users/j/Documents/GitHub/MoneroOne/build/Build/Intermediates.noindex/swift-crypto.build/Debug-iphonesimulator/CCryptoBoringSSL.build/Objects-normal/arm64/forkunsafe.o.scan -- /Applications/Xcode.app/Contents/Developer/Toolchains/XcodeDefault.xctoolchain/usr/bin/clang -x c -ivfsstatcache /Users/j/Documents/GitHub/MoneroOne/build/SDKStatCaches.noindex/iphonesimulator26.1-23B77-90cf18a4295e390e64c810bc6bd7acbc.sdkstatcache -fmessage-length\=0 -fdiagnostics-show-note-include-stack -fmacro-backtrace-limit\=0 -fno-color-diagnostics -fmodules-prune-interval\=86400 -fmodules-prune-after\=345600 -fbuild-session-file\=/Users/j/Documents/GitHub/MoneroOne/build/ModuleCache.noindex/Session.modulevalidation -fmodules-validate-once-per-build-session -Wnon-modular-include-in-framework-module -Werror\=non-modular-include-in-framework-module -Wno-trigraphs -Wno-missing-field-initializers -Wno-missing-prototypes -Wno-return-type -Wno-missing-braces -Wparentheses -Wswitch -Wno-unused-function -Wno-unused-label -Wno-unused-parameter -Wno-unused-variable -Wunused-value -Wno-empty-body -Wno-uninitialized -Wno-unknown-pragmas -w -Wno-shadow -Wno-four-char-constants -Wno-conversion -Wno-constant-conversion -Wno-int-conversion -Wno-bool-conversion -Wno-enum-conversion -Wno-float-conversion -Wno-non-literal-null-conversion -Wno-objc-literal-conversion -Wshorten-64-to-32 -Wpointer-sign -Wno-newline-eof -Wno-implicit-fallthrough -fstrict-aliasing -Wdeprecated-declarations -Wno-sign-conversion -Wno-infinite-recursion -Wno-comma -Wno-block-capture-autoreleasing -Wno-strict-prototypes -Wno-semicolon-before-method-body -index-store-path /Users/j/Documents/GitHub/MoneroOne/build/Index.noindex/DataStore @/Users/j/Documents/GitHub/MoneroOne/build/Build/Intermediates.noindex/swift-crypto.build/Debug-iphonesimulator/CCryptoBoringSSL.build/Objects-normal/arm64/7187679823f38a2a940e0043cdf9d637-common-args.resp -MMD -MT dependencies -MF /Users/j/Documents/GitHub/MoneroOne/build/Build/Intermediates.noindex/swift-crypto.build/Debug-iphonesimulator/CCryptoBoringSSL.build/Objects-normal/arm64/forkunsafe.d --serialize-diagnostics /Users/j/Documents/GitHub/MoneroOne/build/Build/Intermediates.noindex/swift-crypto.build/Debug-iphonesimulator/CCryptoBoringSSL.build/Objects-normal/arm64/forkunsafe.dia -c /Users/j/Documents/GitHub/MoneroOne/build/SourcePackages/checkouts/swift-crypto/Sources/CCryptoBoringSSL/crypto/rand_extra/forkunsafe.c -o /Users/j/Documents/GitHub/MoneroOne/build/Build/Intermediates.noindex/swift-crypto.build/Debug-iphonesimulator/CCryptoBoringSSL.build/Objects-normal/arm64/forkunsafe.o -index-unit-output-path /swift-crypto.build/Debug-iphonesimulator/CCryptoBoringSSL.build/Objects-normal/arm64/forkunsafe.o

ScanDependencies /Users/j/Documents/GitHub/MoneroOne/build/Build/Intermediates.noindex/swift-crypto.build/Debug-iphonesimulator/CCryptoBoringSSL.build/Objects-normal/arm64/fork_detect.o /Users/j/Documents/GitHub/MoneroOne/build/SourcePackages/checkouts/swift-crypto/Sources/CCryptoBoringSSL/crypto/fipsmodule/rand/fork_detect.c normal arm64 c com.apple.compilers.llvm.clang.1_0.compiler (in target 'CCryptoBoringSSL' from project 'swift-crypto')
    cd /Users/j/Documents/GitHub/MoneroOne/MoneroOne.xcodeproj
    
    Using response file: /Users/j/Documents/GitHub/MoneroOne/build/Build/Intermediates.noindex/swift-crypto.build/Debug-iphonesimulator/CCryptoBoringSSL.build/Objects-normal/arm64/7187679823f38a2a940e0043cdf9d637-common-args.resp
    
    builtin-ScanDependencies -o /Users/j/Documents/GitHub/MoneroOne/build/Build/Intermediates.noindex/swift-crypto.build/Debug-iphonesimulator/CCryptoBoringSSL.build/Objects-normal/arm64/fork_detect.o.scan -- /Applications/Xcode.app/Contents/Developer/Toolchains/XcodeDefault.xctoolchain/usr/bin/clang -x c -ivfsstatcache /Users/j/Documents/GitHub/MoneroOne/build/SDKStatCaches.noindex/iphonesimulator26.1-23B77-90cf18a4295e390e64c810bc6bd7acbc.sdkstatcache -fmessage-length\=0 -fdiagnostics-show-note-include-stack -fmacro-backtrace-limit\=0 -fno-color-diagnostics -fmodules-prune-interval\=86400 -fmodules-prune-after\=345600 -fbuild-session-file\=/Users/j/Documents/GitHub/MoneroOne/build/ModuleCache.noindex/Session.modulevalidation -fmodules-validate-once-per-build-session -Wnon-modular-include-in-framework-module -Werror\=non-modular-include-in-framework-module -Wno-trigraphs -Wno-missing-field-initializers -Wno-missing-prototypes -Wno-return-type -Wno-missing-braces -Wparentheses -Wswitch -Wno-unused-function -Wno-unused-label -Wno-unused-parameter -Wno-unused-variable -Wunused-value -Wno-empty-body -Wno-uninitialized -Wno-unknown-pragmas -w -Wno-shadow -Wno-four-char-constants -Wno-conversion -Wno-constant-conversion -Wno-int-conversion -Wno-bool-conversion -Wno-enum-conversion -Wno-float-conversion -Wno-non-literal-null-conversion -Wno-objc-literal-conversion -Wshorten-64-to-32 -Wpointer-sign -Wno-newline-eof -Wno-implicit-fallthrough -fstrict-aliasing -Wdeprecated-declarations -Wno-sign-conversion -Wno-infinite-recursion -Wno-comma -Wno-block-capture-autoreleasing -Wno-strict-prototypes -Wno-semicolon-before-method-body -index-store-path /Users/j/Documents/GitHub/MoneroOne/build/Index.noindex/DataStore @/Users/j/Documents/GitHub/MoneroOne/build/Build/Intermediates.noindex/swift-crypto.build/Debug-iphonesimulator/CCryptoBoringSSL.build/Objects-normal/arm64/7187679823f38a2a940e0043cdf9d637-common-args.resp -MMD -MT dependencies -MF /Users/j/Documents/GitHub/MoneroOne/build/Build/Intermediates.noindex/swift-crypto.build/Debug-iphonesimulator/CCryptoBoringSSL.build/Objects-normal/arm64/fork_detect.d --serialize-diagnostics /Users/j/Documents/GitHub/MoneroOne/build/Build/Intermediates.noindex/swift-crypto.build/Debug-iphonesimulator/CCryptoBoringSSL.build/Objects-normal/arm64/fork_detect.dia -c /Users/j/Documents/GitHub/MoneroOne/build/SourcePackages/checkouts/swift-crypto/Sources/CCryptoBoringSSL/crypto/fipsmodule/rand/fork_detect.c -o /Users/j/Documents/GitHub/MoneroOne/build/Build/Intermediates.noindex/swift-crypto.build/Debug-iphonesimulator/CCryptoBoringSSL.build/Objects-normal/arm64/fork_detect.o -index-unit-output-path /swift-crypto.build/Debug-iphonesimulator/CCryptoBoringSSL.build/Objects-normal/arm64/fork_detect.o

CompileC /Users/j/Documents/GitHub/MoneroOne/build/Build/Intermediates.noindex/swift-crypto.build/Debug-iphonesimulator/CCryptoBoringSSL.build/Objects-normal/arm64/gcm.o /Users/j/Documents/GitHub/MoneroOne/build/SourcePackages/checkouts/swift-crypto/Sources/CCryptoBoringSSL/crypto/fipsmodule/modes/gcm.c normal arm64 c com.apple.compilers.llvm.clang.1_0.compiler (in target 'CCryptoBoringSSL' from project 'swift-crypto')
    cd /Users/j/Documents/GitHub/MoneroOne/MoneroOne.xcodeproj
    
    Using response file: /Users/j/Documents/GitHub/MoneroOne/build/Build/Intermediates.noindex/swift-crypto.build/Debug-iphonesimulator/CCryptoBoringSSL.build/Objects-normal/arm64/7187679823f38a2a940e0043cdf9d637-common-args.resp
    
    /Applications/Xcode.app/Contents/Developer/Toolchains/XcodeDefault.xctoolchain/usr/bin/clang -x c -ivfsstatcache /Users/j/Documents/GitHub/MoneroOne/build/SDKStatCaches.noindex/iphonesimulator26.1-23B77-90cf18a4295e390e64c810bc6bd7acbc.sdkstatcache -fmessage-length\=0 -fdiagnostics-show-note-include-stack -fmacro-backtrace-limit\=0 -fno-color-diagnostics -fmodules-prune-interval\=86400 -fmodules-prune-after\=345600 -fbuild-session-file\=/Users/j/Documents/GitHub/MoneroOne/build/ModuleCache.noindex/Session.modulevalidation -fmodules-validate-once-per-build-session -Wnon-modular-include-in-framework-module -Werror\=non-modular-include-in-framework-module -Wno-trigraphs -Wno-missing-field-initializers -Wno-missing-prototypes -Wno-return-type -Wno-missing-braces -Wparentheses -Wswitch -Wno-unused-function -Wno-unused-label -Wno-unused-parameter -Wno-unused-variable -Wunused-value -Wno-empty-body -Wno-uninitialized -Wno-unknown-pragmas -w -Wno-shadow -Wno-four-char-constants -Wno-conversion -Wno-constant-conversion -Wno-int-conversion -Wno-bool-conversion -Wno-enum-conversion -Wno-float-conversion -Wno-non-literal-null-conversion -Wno-objc-literal-conversion -Wshorten-64-to-32 -Wpointer-sign -Wno-newline-eof -Wno-implicit-fallthrough -fstrict-aliasing -Wdeprecated-declarations -Wno-sign-conversion -Wno-infinite-recursion -Wno-comma -Wno-block-capture-autoreleasing -Wno-strict-prototypes -Wno-semicolon-before-method-body -index-store-path /Users/j/Documents/GitHub/MoneroOne/build/Index.noindex/DataStore @/Users/j/Documents/GitHub/MoneroOne/build/Build/Intermediates.noindex/swift-crypto.build/Debug-iphonesimulator/CCryptoBoringSSL.build/Objects-normal/arm64/7187679823f38a2a940e0043cdf9d637-common-args.resp -MMD -MT dependencies -MF /Users/j/Documents/GitHub/MoneroOne/build/Build/Intermediates.noindex/swift-crypto.build/Debug-iphonesimulator/CCryptoBoringSSL.build/Objects-normal/arm64/gcm.d --serialize-diagnostics /Users/j/Documents/GitHub/MoneroOne/build/Build/Intermediates.noindex/swift-crypto.build/Debug-iphonesimulator/CCryptoBoringSSL.build/Objects-normal/arm64/gcm.dia -c /Users/j/Documents/GitHub/MoneroOne/build/SourcePackages/checkouts/swift-crypto/Sources/CCryptoBoringSSL/crypto/fipsmodule/modes/gcm.c -o /Users/j/Documents/GitHub/MoneroOne/build/Build/Intermediates.noindex/swift-crypto.build/Debug-iphonesimulator/CCryptoBoringSSL.build/Objects-normal/arm64/gcm.o -index-unit-output-path /swift-crypto.build/Debug-iphonesimulator/CCryptoBoringSSL.build/Objects-normal/arm64/gcm.o

CompileC /Users/j/Documents/GitHub/MoneroOne/build/Build/Intermediates.noindex/swift-crypto.build/Debug-iphonesimulator/CCryptoBoringSSL.build/Objects-normal/arm64/gcd_extra.o /Users/j/Documents/GitHub/MoneroOne/build/SourcePackages/checkouts/swift-crypto/Sources/CCryptoBoringSSL/crypto/fipsmodule/bn/gcd_extra.c normal arm64 c com.apple.compilers.llvm.clang.1_0.compiler (in target 'CCryptoBoringSSL' from project 'swift-crypto')
    cd /Users/j/Documents/GitHub/MoneroOne/MoneroOne.xcodeproj
    
    Using response file: /Users/j/Documents/GitHub/MoneroOne/build/Build/Intermediates.noindex/swift-crypto.build/Debug-iphonesimulator/CCryptoBoringSSL.build/Objects-normal/arm64/7187679823f38a2a940e0043cdf9d637-common-args.resp
    
    /Applications/Xcode.app/Contents/Developer/Toolchains/XcodeDefault.xctoolchain/usr/bin/clang -x c -ivfsstatcache /Users/j/Documents/GitHub/MoneroOne/build/SDKStatCaches.noindex/iphonesimulator26.1-23B77-90cf18a4295e390e64c810bc6bd7acbc.sdkstatcache -fmessage-length\=0 -fdiagnostics-show-note-include-stack -fmacro-backtrace-limit\=0 -fno-color-diagnostics -fmodules-prune-interval\=86400 -fmodules-prune-after\=345600 -fbuild-session-file\=/Users/j/Documents/GitHub/MoneroOne/build/ModuleCache.noindex/Session.modulevalidation -fmodules-validate-once-per-build-session -Wnon-modular-include-in-framework-module -Werror\=non-modular-include-in-framework-module -Wno-trigraphs -Wno-missing-field-initializers -Wno-missing-prototypes -Wno-return-type -Wno-missing-braces -Wparentheses -Wswitch -Wno-unused-function -Wno-unused-label -Wno-unused-parameter -Wno-unused-variable -Wunused-value -Wno-empty-body -Wno-uninitialized -Wno-unknown-pragmas -w -Wno-shadow -Wno-four-char-constants -Wno-conversion -Wno-constant-conversion -Wno-int-conversion -Wno-bool-conversion -Wno-enum-conversion -Wno-float-conversion -Wno-non-literal-null-conversion -Wno-objc-literal-conversion -Wshorten-64-to-32 -Wpointer-sign -Wno-newline-eof -Wno-implicit-fallthrough -fstrict-aliasing -Wdeprecated-declarations -Wno-sign-conversion -Wno-infinite-recursion -Wno-comma -Wno-block-capture-autoreleasing -Wno-strict-prototypes -Wno-semicolon-before-method-body -index-store-path /Users/j/Documents/GitHub/MoneroOne/build/Index.noindex/DataStore @/Users/j/Documents/GitHub/MoneroOne/build/Build/Intermediates.noindex/swift-crypto.build/Debug-iphonesimulator/CCryptoBoringSSL.build/Objects-normal/arm64/7187679823f38a2a940e0043cdf9d637-common-args.resp -MMD -MT dependencies -MF /Users/j/Documents/GitHub/MoneroOne/build/Build/Intermediates.noindex/swift-crypto.build/Debug-iphonesimulator/CCryptoBoringSSL.build/Objects-normal/arm64/gcd_extra.d --serialize-diagnostics /Users/j/Documents/GitHub/MoneroOne/build/Build/Intermediates.noindex/swift-crypto.build/Debug-iphonesimulator/CCryptoBoringSSL.build/Objects-normal/arm64/gcd_extra.dia -c /Users/j/Documents/GitHub/MoneroOne/build/SourcePackages/checkouts/swift-crypto/Sources/CCryptoBoringSSL/crypto/fipsmodule/bn/gcd_extra.c -o /Users/j/Documents/GitHub/MoneroOne/build/Build/Intermediates.noindex/swift-crypto.build/Debug-iphonesimulator/CCryptoBoringSSL.build/Objects-normal/arm64/gcd_extra.o -index-unit-output-path /swift-crypto.build/Debug-iphonesimulator/CCryptoBoringSSL.build/Objects-normal/arm64/gcd_extra.o

CompileC /Users/j/Documents/GitHub/MoneroOne/build/Build/Intermediates.noindex/swift-crypto.build/Debug-iphonesimulator/CCryptoBoringSSL.build/Objects-normal/arm64/gcd.o /Users/j/Documents/GitHub/MoneroOne/build/SourcePackages/checkouts/swift-crypto/Sources/CCryptoBoringSSL/crypto/fipsmodule/bn/gcd.c normal arm64 c com.apple.compilers.llvm.clang.1_0.compiler (in target 'CCryptoBoringSSL' from project 'swift-crypto')
    cd /Users/j/Documents/GitHub/MoneroOne/MoneroOne.xcodeproj
    
    Using response file: /Users/j/Documents/GitHub/MoneroOne/build/Build/Intermediates.noindex/swift-crypto.build/Debug-iphonesimulator/CCryptoBoringSSL.build/Objects-normal/arm64/7187679823f38a2a940e0043cdf9d637-common-args.resp
    
    /Applications/Xcode.app/Contents/Developer/Toolchains/XcodeDefault.xctoolchain/usr/bin/clang -x c -ivfsstatcache /Users/j/Documents/GitHub/MoneroOne/build/SDKStatCaches.noindex/iphonesimulator26.1-23B77-90cf18a4295e390e64c810bc6bd7acbc.sdkstatcache -fmessage-length\=0 -fdiagnostics-show-note-include-stack -fmacro-backtrace-limit\=0 -fno-color-diagnostics -fmodules-prune-interval\=86400 -fmodules-prune-after\=345600 -fbuild-session-file\=/Users/j/Documents/GitHub/MoneroOne/build/ModuleCache.noindex/Session.modulevalidation -fmodules-validate-once-per-build-session -Wnon-modular-include-in-framework-module -Werror\=non-modular-include-in-framework-module -Wno-trigraphs -Wno-missing-field-initializers -Wno-missing-prototypes -Wno-return-type -Wno-missing-braces -Wparentheses -Wswitch -Wno-unused-function -Wno-unused-label -Wno-unused-parameter -Wno-unused-variable -Wunused-value -Wno-empty-body -Wno-uninitialized -Wno-unknown-pragmas -w -Wno-shadow -Wno-four-char-constants -Wno-conversion -Wno-constant-conversion -Wno-int-conversion -Wno-bool-conversion -Wno-enum-conversion -Wno-float-conversion -Wno-non-literal-null-conversion -Wno-objc-literal-conversion -Wshorten-64-to-32 -Wpointer-sign -Wno-newline-eof -Wno-implicit-fallthrough -fstrict-aliasing -Wdeprecated-declarations -Wno-sign-conversion -Wno-infinite-recursion -Wno-comma -Wno-block-capture-autoreleasing -Wno-strict-prototypes -Wno-semicolon-before-method-body -index-store-path /Users/j/Documents/GitHub/MoneroOne/build/Index.noindex/DataStore @/Users/j/Documents/GitHub/MoneroOne/build/Build/Intermediates.noindex/swift-crypto.build/Debug-iphonesimulator/CCryptoBoringSSL.build/Objects-normal/arm64/7187679823f38a2a940e0043cdf9d637-common-args.resp -MMD -MT dependencies -MF /Users/j/Documents/GitHub/MoneroOne/build/Build/Intermediates.noindex/swift-crypto.build/Debug-iphonesimulator/CCryptoBoringSSL.build/Objects-normal/arm64/gcd.d --serialize-diagnostics /Users/j/Documents/GitHub/MoneroOne/build/Build/Intermediates.noindex/swift-crypto.build/Debug-iphonesimulator/CCryptoBoringSSL.build/Objects-normal/arm64/gcd.dia -c /Users/j/Documents/GitHub/MoneroOne/build/SourcePackages/checkouts/swift-crypto/Sources/CCryptoBoringSSL/crypto/fipsmodule/bn/gcd.c -o /Users/j/Documents/GitHub/MoneroOne/build/Build/Intermediates.noindex/swift-crypto.build/Debug-iphonesimulator/CCryptoBoringSSL.build/Objects-normal/arm64/gcd.o -index-unit-output-path /swift-crypto.build/Debug-iphonesimulator/CCryptoBoringSSL.build/Objects-normal/arm64/gcd.o

ScanDependencies /Users/j/Documents/GitHub/MoneroOne/build/Build/Intermediates.noindex/swift-crypto.build/Debug-iphonesimulator/CCryptoBoringSSL.build/Objects-normal/arm64/fips_shared_support.o /Users/j/Documents/GitHub/MoneroOne/build/SourcePackages/checkouts/swift-crypto/Sources/CCryptoBoringSSL/crypto/fipsmodule/fips_shared_support.c normal arm64 c com.apple.compilers.llvm.clang.1_0.compiler (in target 'CCryptoBoringSSL' from project 'swift-crypto')
    cd /Users/j/Documents/GitHub/MoneroOne/MoneroOne.xcodeproj
    
    Using response file: /Users/j/Documents/GitHub/MoneroOne/build/Build/Intermediates.noindex/swift-crypto.build/Debug-iphonesimulator/CCryptoBoringSSL.build/Objects-normal/arm64/7187679823f38a2a940e0043cdf9d637-common-args.resp
    
    builtin-ScanDependencies -o /Users/j/Documents/GitHub/MoneroOne/build/Build/Intermediates.noindex/swift-crypto.build/Debug-iphonesimulator/CCryptoBoringSSL.build/Objects-normal/arm64/fips_shared_support.o.scan -- /Applications/Xcode.app/Contents/Developer/Toolchains/XcodeDefault.xctoolchain/usr/bin/clang -x c -ivfsstatcache /Users/j/Documents/GitHub/MoneroOne/build/SDKStatCaches.noindex/iphonesimulator26.1-23B77-90cf18a4295e390e64c810bc6bd7acbc.sdkstatcache -fmessage-length\=0 -fdiagnostics-show-note-include-stack -fmacro-backtrace-limit\=0 -fno-color-diagnostics -fmodules-prune-interval\=86400 -fmodules-prune-after\=345600 -fbuild-session-file\=/Users/j/Documents/GitHub/MoneroOne/build/ModuleCache.noindex/Session.modulevalidation -fmodules-validate-once-per-build-session -Wnon-modular-include-in-framework-module -Werror\=non-modular-include-in-framework-module -Wno-trigraphs -Wno-missing-field-initializers -Wno-missing-prototypes -Wno-return-type -Wno-missing-braces -Wparentheses -Wswitch -Wno-unused-function -Wno-unused-label -Wno-unused-parameter -Wno-unused-variable -Wunused-value -Wno-empty-body -Wno-uninitialized -Wno-unknown-pragmas -w -Wno-shadow -Wno-four-char-constants -Wno-conversion -Wno-constant-conversion -Wno-int-conversion -Wno-bool-conversion -Wno-enum-conversion -Wno-float-conversion -Wno-non-literal-null-conversion -Wno-objc-literal-conversion -Wshorten-64-to-32 -Wpointer-sign -Wno-newline-eof -Wno-implicit-fallthrough -fstrict-aliasing -Wdeprecated-declarations -Wno-sign-conversion -Wno-infinite-recursion -Wno-comma -Wno-block-capture-autoreleasing -Wno-strict-prototypes -Wno-semicolon-before-method-body -index-store-path /Users/j/Documents/GitHub/MoneroOne/build/Index.noindex/DataStore @/Users/j/Documents/GitHub/MoneroOne/build/Build/Intermediates.noindex/swift-crypto.build/Debug-iphonesimulator/CCryptoBoringSSL.build/Objects-normal/arm64/7187679823f38a2a940e0043cdf9d637-common-args.resp -MMD -MT dependencies -MF /Users/j/Documents/GitHub/MoneroOne/build/Build/Intermediates.noindex/swift-crypto.build/Debug-iphonesimulator/CCryptoBoringSSL.build/Objects-normal/arm64/fips_shared_support.d --serialize-diagnostics /Users/j/Documents/GitHub/MoneroOne/build/Build/Intermediates.noindex/swift-crypto.build/Debug-iphonesimulator/CCryptoBoringSSL.build/Objects-normal/arm64/fips_shared_support.dia -c /Users/j/Documents/GitHub/MoneroOne/build/SourcePackages/checkouts/swift-crypto/Sources/CCryptoBoringSSL/crypto/fipsmodule/fips_shared_support.c -o /Users/j/Documents/GitHub/MoneroOne/build/Build/Intermediates.noindex/swift-crypto.build/Debug-iphonesimulator/CCryptoBoringSSL.build/Objects-normal/arm64/fips_shared_support.o -index-unit-output-path /swift-crypto.build/Debug-iphonesimulator/CCryptoBoringSSL.build/Objects-normal/arm64/fips_shared_support.o

CompileC /Users/j/Documents/GitHub/MoneroOne/build/Build/Intermediates.noindex/swift-crypto.build/Debug-iphonesimulator/CCryptoBoringSSL.build/Objects-normal/arm64/fork_detect.o /Users/j/Documents/GitHub/MoneroOne/build/SourcePackages/checkouts/swift-crypto/Sources/CCryptoBoringSSL/crypto/fipsmodule/rand/fork_detect.c normal arm64 c com.apple.compilers.llvm.clang.1_0.compiler (in target 'CCryptoBoringSSL' from project 'swift-crypto')
    cd /Users/j/Documents/GitHub/MoneroOne/MoneroOne.xcodeproj
    
    Using response file: /Users/j/Documents/GitHub/MoneroOne/build/Build/Intermediates.noindex/swift-crypto.build/Debug-iphonesimulator/CCryptoBoringSSL.build/Objects-normal/arm64/7187679823f38a2a940e0043cdf9d637-common-args.resp
    
    /Applications/Xcode.app/Contents/Developer/Toolchains/XcodeDefault.xctoolchain/usr/bin/clang -x c -ivfsstatcache /Users/j/Documents/GitHub/MoneroOne/build/SDKStatCaches.noindex/iphonesimulator26.1-23B77-90cf18a4295e390e64c810bc6bd7acbc.sdkstatcache -fmessage-length\=0 -fdiagnostics-show-note-include-stack -fmacro-backtrace-limit\=0 -fno-color-diagnostics -fmodules-prune-interval\=86400 -fmodules-prune-after\=345600 -fbuild-session-file\=/Users/j/Documents/GitHub/MoneroOne/build/ModuleCache.noindex/Session.modulevalidation -fmodules-validate-once-per-build-session -Wnon-modular-include-in-framework-module -Werror\=non-modular-include-in-framework-module -Wno-trigraphs -Wno-missing-field-initializers -Wno-missing-prototypes -Wno-return-type -Wno-missing-braces -Wparentheses -Wswitch -Wno-unused-function -Wno-unused-label -Wno-unused-parameter -Wno-unused-variable -Wunused-value -Wno-empty-body -Wno-uninitialized -Wno-unknown-pragmas -w -Wno-shadow -Wno-four-char-constants -Wno-conversion -Wno-constant-conversion -Wno-int-conversion -Wno-bool-conversion -Wno-enum-conversion -Wno-float-conversion -Wno-non-literal-null-conversion -Wno-objc-literal-conversion -Wshorten-64-to-32 -Wpointer-sign -Wno-newline-eof -Wno-implicit-fallthrough -fstrict-aliasing -Wdeprecated-declarations -Wno-sign-conversion -Wno-infinite-recursion -Wno-comma -Wno-block-capture-autoreleasing -Wno-strict-prototypes -Wno-semicolon-before-method-body -index-store-path /Users/j/Documents/GitHub/MoneroOne/build/Index.noindex/DataStore @/Users/j/Documents/GitHub/MoneroOne/build/Build/Intermediates.noindex/swift-crypto.build/Debug-iphonesimulator/CCryptoBoringSSL.build/Objects-normal/arm64/7187679823f38a2a940e0043cdf9d637-common-args.resp -MMD -MT dependencies -MF /Users/j/Documents/GitHub/MoneroOne/build/Build/Intermediates.noindex/swift-crypto.build/Debug-iphonesimulator/CCryptoBoringSSL.build/Objects-normal/arm64/fork_detect.d --serialize-diagnostics /Users/j/Documents/GitHub/MoneroOne/build/Build/Intermediates.noindex/swift-crypto.build/Debug-iphonesimulator/CCryptoBoringSSL.build/Objects-normal/arm64/fork_detect.dia -c /Users/j/Documents/GitHub/MoneroOne/build/SourcePackages/checkouts/swift-crypto/Sources/CCryptoBoringSSL/crypto/fipsmodule/rand/fork_detect.c -o /Users/j/Documents/GitHub/MoneroOne/build/Build/Intermediates.noindex/swift-crypto.build/Debug-iphonesimulator/CCryptoBoringSSL.build/Objects-normal/arm64/fork_detect.o -index-unit-output-path /swift-crypto.build/Debug-iphonesimulator/CCryptoBoringSSL.build/Objects-normal/arm64/fork_detect.o

CompileC /Users/j/Documents/GitHub/MoneroOne/build/Build/Intermediates.noindex/swift-crypto.build/Debug-iphonesimulator/CCryptoBoringSSL.build/Objects-normal/arm64/forkunsafe.o /Users/j/Documents/GitHub/MoneroOne/build/SourcePackages/checkouts/swift-crypto/Sources/CCryptoBoringSSL/crypto/rand_extra/forkunsafe.c normal arm64 c com.apple.compilers.llvm.clang.1_0.compiler (in target 'CCryptoBoringSSL' from project 'swift-crypto')
    cd /Users/j/Documents/GitHub/MoneroOne/MoneroOne.xcodeproj
    
    Using response file: /Users/j/Documents/GitHub/MoneroOne/build/Build/Intermediates.noindex/swift-crypto.build/Debug-iphonesimulator/CCryptoBoringSSL.build/Objects-normal/arm64/7187679823f38a2a940e0043cdf9d637-common-args.resp
    
    /Applications/Xcode.app/Contents/Developer/Toolchains/XcodeDefault.xctoolchain/usr/bin/clang -x c -ivfsstatcache /Users/j/Documents/GitHub/MoneroOne/build/SDKStatCaches.noindex/iphonesimulator26.1-23B77-90cf18a4295e390e64c810bc6bd7acbc.sdkstatcache -fmessage-length\=0 -fdiagnostics-show-note-include-stack -fmacro-backtrace-limit\=0 -fno-color-diagnostics -fmodules-prune-interval\=86400 -fmodules-prune-after\=345600 -fbuild-session-file\=/Users/j/Documents/GitHub/MoneroOne/build/ModuleCache.noindex/Session.modulevalidation -fmodules-validate-once-per-build-session -Wnon-modular-include-in-framework-module -Werror\=non-modular-include-in-framework-module -Wno-trigraphs -Wno-missing-field-initializers -Wno-missing-prototypes -Wno-return-type -Wno-missing-braces -Wparentheses -Wswitch -Wno-unused-function -Wno-unused-label -Wno-unused-parameter -Wno-unused-variable -Wunused-value -Wno-empty-body -Wno-uninitialized -Wno-unknown-pragmas -w -Wno-shadow -Wno-four-char-constants -Wno-conversion -Wno-constant-conversion -Wno-int-conversion -Wno-bool-conversion -Wno-enum-conversion -Wno-float-conversion -Wno-non-literal-null-conversion -Wno-objc-literal-conversion -Wshorten-64-to-32 -Wpointer-sign -Wno-newline-eof -Wno-implicit-fallthrough -fstrict-aliasing -Wdeprecated-declarations -Wno-sign-conversion -Wno-infinite-recursion -Wno-comma -Wno-block-capture-autoreleasing -Wno-strict-prototypes -Wno-semicolon-before-method-body -index-store-path /Users/j/Documents/GitHub/MoneroOne/build/Index.noindex/DataStore @/Users/j/Documents/GitHub/MoneroOne/build/Build/Intermediates.noindex/swift-crypto.build/Debug-iphonesimulator/CCryptoBoringSSL.build/Objects-normal/arm64/7187679823f38a2a940e0043cdf9d637-common-args.resp -MMD -MT dependencies -MF /Users/j/Documents/GitHub/MoneroOne/build/Build/Intermediates.noindex/swift-crypto.build/Debug-iphonesimulator/CCryptoBoringSSL.build/Objects-normal/arm64/forkunsafe.d --serialize-diagnostics /Users/j/Documents/GitHub/MoneroOne/build/Build/Intermediates.noindex/swift-crypto.build/Debug-iphonesimulator/CCryptoBoringSSL.build/Objects-normal/arm64/forkunsafe.dia -c /Users/j/Documents/GitHub/MoneroOne/build/SourcePackages/checkouts/swift-crypto/Sources/CCryptoBoringSSL/crypto/rand_extra/forkunsafe.c -o /Users/j/Documents/GitHub/MoneroOne/build/Build/Intermediates.noindex/swift-crypto.build/Debug-iphonesimulator/CCryptoBoringSSL.build/Objects-normal/arm64/forkunsafe.o -index-unit-output-path /swift-crypto.build/Debug-iphonesimulator/CCryptoBoringSSL.build/Objects-normal/arm64/forkunsafe.o

ScanDependencies /Users/j/Documents/GitHub/MoneroOne/build/Build/Intermediates.noindex/swift-crypto.build/Debug-iphonesimulator/CCryptoBoringSSL.build/Objects-normal/arm64/fips.o /Users/j/Documents/GitHub/MoneroOne/build/SourcePackages/checkouts/swift-crypto/Sources/CCryptoBoringSSL/crypto/fipsmodule/self_check/fips.c normal arm64 c com.apple.compilers.llvm.clang.1_0.compiler (in target 'CCryptoBoringSSL' from project 'swift-crypto')
    cd /Users/j/Documents/GitHub/MoneroOne/MoneroOne.xcodeproj
    
    Using response file: /Users/j/Documents/GitHub/MoneroOne/build/Build/Intermediates.noindex/swift-crypto.build/Debug-iphonesimulator/CCryptoBoringSSL.build/Objects-normal/arm64/7187679823f38a2a940e0043cdf9d637-common-args.resp
    
    builtin-ScanDependencies -o /Users/j/Documents/GitHub/MoneroOne/build/Build/Intermediates.noindex/swift-crypto.build/Debug-iphonesimulator/CCryptoBoringSSL.build/Objects-normal/arm64/fips.o.scan -- /Applications/Xcode.app/Contents/Developer/Toolchains/XcodeDefault.xctoolchain/usr/bin/clang -x c -ivfsstatcache /Users/j/Documents/GitHub/MoneroOne/build/SDKStatCaches.noindex/iphonesimulator26.1-23B77-90cf18a4295e390e64c810bc6bd7acbc.sdkstatcache -fmessage-length\=0 -fdiagnostics-show-note-include-stack -fmacro-backtrace-limit\=0 -fno-color-diagnostics -fmodules-prune-interval\=86400 -fmodules-prune-after\=345600 -fbuild-session-file\=/Users/j/Documents/GitHub/MoneroOne/build/ModuleCache.noindex/Session.modulevalidation -fmodules-validate-once-per-build-session -Wnon-modular-include-in-framework-module -Werror\=non-modular-include-in-framework-module -Wno-trigraphs -Wno-missing-field-initializers -Wno-missing-prototypes -Wno-return-type -Wno-missing-braces -Wparentheses -Wswitch -Wno-unused-function -Wno-unused-label -Wno-unused-parameter -Wno-unused-variable -Wunused-value -Wno-empty-body -Wno-uninitialized -Wno-unknown-pragmas -w -Wno-shadow -Wno-four-char-constants -Wno-conversion -Wno-constant-conversion -Wno-int-conversion -Wno-bool-conversion -Wno-enum-conversion -Wno-float-conversion -Wno-non-literal-null-conversion -Wno-objc-literal-conversion -Wshorten-64-to-32 -Wpointer-sign -Wno-newline-eof -Wno-implicit-fallthrough -fstrict-aliasing -Wdeprecated-declarations -Wno-sign-conversion -Wno-infinite-recursion -Wno-comma -Wno-block-capture-autoreleasing -Wno-strict-prototypes -Wno-semicolon-before-method-body -index-store-path /Users/j/Documents/GitHub/MoneroOne/build/Index.noindex/DataStore @/Users/j/Documents/GitHub/MoneroOne/build/Build/Intermediates.noindex/swift-crypto.build/Debug-iphonesimulator/CCryptoBoringSSL.build/Objects-normal/arm64/7187679823f38a2a940e0043cdf9d637-common-args.resp -MMD -MT dependencies -MF /Users/j/Documents/GitHub/MoneroOne/build/Build/Intermediates.noindex/swift-crypto.build/Debug-iphonesimulator/CCryptoBoringSSL.build/Objects-normal/arm64/fips.d --serialize-diagnostics /Users/j/Documents/GitHub/MoneroOne/build/Build/Intermediates.noindex/swift-crypto.build/Debug-iphonesimulator/CCryptoBoringSSL.build/Objects-normal/arm64/fips.dia -c /Users/j/Documents/GitHub/MoneroOne/build/SourcePackages/checkouts/swift-crypto/Sources/CCryptoBoringSSL/crypto/fipsmodule/self_check/fips.c -o /Users/j/Documents/GitHub/MoneroOne/build/Build/Intermediates.noindex/swift-crypto.build/Debug-iphonesimulator/CCryptoBoringSSL.build/Objects-normal/arm64/fips.o -index-unit-output-path /swift-crypto.build/Debug-iphonesimulator/CCryptoBoringSSL.build/Objects-normal/arm64/fips.o

CompileC /Users/j/Documents/GitHub/MoneroOne/build/Build/Intermediates.noindex/swift-crypto.build/Debug-iphonesimulator/CCryptoBoringSSL.build/Objects-normal/arm64/fips_shared_support.o /Users/j/Documents/GitHub/MoneroOne/build/SourcePackages/checkouts/swift-crypto/Sources/CCryptoBoringSSL/crypto/fipsmodule/fips_shared_support.c normal arm64 c com.apple.compilers.llvm.clang.1_0.compiler (in target 'CCryptoBoringSSL' from project 'swift-crypto')
    cd /Users/j/Documents/GitHub/MoneroOne/MoneroOne.xcodeproj
    
    Using response file: /Users/j/Documents/GitHub/MoneroOne/build/Build/Intermediates.noindex/swift-crypto.build/Debug-iphonesimulator/CCryptoBoringSSL.build/Objects-normal/arm64/7187679823f38a2a940e0043cdf9d637-common-args.resp
    
    /Applications/Xcode.app/Contents/Developer/Toolchains/XcodeDefault.xctoolchain/usr/bin/clang -x c -ivfsstatcache /Users/j/Documents/GitHub/MoneroOne/build/SDKStatCaches.noindex/iphonesimulator26.1-23B77-90cf18a4295e390e64c810bc6bd7acbc.sdkstatcache -fmessage-length\=0 -fdiagnostics-show-note-include-stack -fmacro-backtrace-limit\=0 -fno-color-diagnostics -fmodules-prune-interval\=86400 -fmodules-prune-after\=345600 -fbuild-session-file\=/Users/j/Documents/GitHub/MoneroOne/build/ModuleCache.noindex/Session.modulevalidation -fmodules-validate-once-per-build-session -Wnon-modular-include-in-framework-module -Werror\=non-modular-include-in-framework-module -Wno-trigraphs -Wno-missing-field-initializers -Wno-missing-prototypes -Wno-return-type -Wno-missing-braces -Wparentheses -Wswitch -Wno-unused-function -Wno-unused-label -Wno-unused-parameter -Wno-unused-variable -Wunused-value -Wno-empty-body -Wno-uninitialized -Wno-unknown-pragmas -w -Wno-shadow -Wno-four-char-constants -Wno-conversion -Wno-constant-conversion -Wno-int-conversion -Wno-bool-conversion -Wno-enum-conversion -Wno-float-conversion -Wno-non-literal-null-conversion -Wno-objc-literal-conversion -Wshorten-64-to-32 -Wpointer-sign -Wno-newline-eof -Wno-implicit-fallthrough -fstrict-aliasing -Wdeprecated-declarations -Wno-sign-conversion -Wno-infinite-recursion -Wno-comma -Wno-block-capture-autoreleasing -Wno-strict-prototypes -Wno-semicolon-before-method-body -index-store-path /Users/j/Documents/GitHub/MoneroOne/build/Index.noindex/DataStore @/Users/j/Documents/GitHub/MoneroOne/build/Build/Intermediates.noindex/swift-crypto.build/Debug-iphonesimulator/CCryptoBoringSSL.build/Objects-normal/arm64/7187679823f38a2a940e0043cdf9d637-common-args.resp -MMD -MT dependencies -MF /Users/j/Documents/GitHub/MoneroOne/build/Build/Intermediates.noindex/swift-crypto.build/Debug-iphonesimulator/CCryptoBoringSSL.build/Objects-normal/arm64/fips_shared_support.d --serialize-diagnostics /Users/j/Documents/GitHub/MoneroOne/build/Build/Intermediates.noindex/swift-crypto.build/Debug-iphonesimulator/CCryptoBoringSSL.build/Objects-normal/arm64/fips_shared_support.dia -c /Users/j/Documents/GitHub/MoneroOne/build/SourcePackages/checkouts/swift-crypto/Sources/CCryptoBoringSSL/crypto/fipsmodule/fips_shared_support.c -o /Users/j/Documents/GitHub/MoneroOne/build/Build/Intermediates.noindex/swift-crypto.build/Debug-iphonesimulator/CCryptoBoringSSL.build/Objects-normal/arm64/fips_shared_support.o -index-unit-output-path /swift-crypto.build/Debug-iphonesimulator/CCryptoBoringSSL.build/Objects-normal/arm64/fips_shared_support.o

ScanDependencies /Users/j/Documents/GitHub/MoneroOne/build/Build/Intermediates.noindex/swift-crypto.build/Debug-iphonesimulator/CCryptoBoringSSL.build/Objects-normal/arm64/file.o /Users/j/Documents/GitHub/MoneroOne/build/SourcePackages/checkouts/swift-crypto/Sources/CCryptoBoringSSL/crypto/bio/file.c normal arm64 c com.apple.compilers.llvm.clang.1_0.compiler (in target 'CCryptoBoringSSL' from project 'swift-crypto')
    cd /Users/j/Documents/GitHub/MoneroOne/MoneroOne.xcodeproj
    
    Using response file: /Users/j/Documents/GitHub/MoneroOne/build/Build/Intermediates.noindex/swift-crypto.build/Debug-iphonesimulator/CCryptoBoringSSL.build/Objects-normal/arm64/7187679823f38a2a940e0043cdf9d637-common-args.resp
    
    builtin-ScanDependencies -o /Users/j/Documents/GitHub/MoneroOne/build/Build/Intermediates.noindex/swift-crypto.build/Debug-iphonesimulator/CCryptoBoringSSL.build/Objects-normal/arm64/file.o.scan -- /Applications/Xcode.app/Contents/Developer/Toolchains/XcodeDefault.xctoolchain/usr/bin/clang -x c -ivfsstatcache /Users/j/Documents/GitHub/MoneroOne/build/SDKStatCaches.noindex/iphonesimulator26.1-23B77-90cf18a4295e390e64c810bc6bd7acbc.sdkstatcache -fmessage-length\=0 -fdiagnostics-show-note-include-stack -fmacro-backtrace-limit\=0 -fno-color-diagnostics -fmodules-prune-interval\=86400 -fmodules-prune-after\=345600 -fbuild-session-file\=/Users/j/Documents/GitHub/MoneroOne/build/ModuleCache.noindex/Session.modulevalidation -fmodules-validate-once-per-build-session -Wnon-modular-include-in-framework-module -Werror\=non-modular-include-in-framework-module -Wno-trigraphs -Wno-missing-field-initializers -Wno-missing-prototypes -Wno-return-type -Wno-missing-braces -Wparentheses -Wswitch -Wno-unused-function -Wno-unused-label -Wno-unused-parameter -Wno-unused-variable -Wunused-value -Wno-empty-body -Wno-uninitialized -Wno-unknown-pragmas -w -Wno-shadow -Wno-four-char-constants -Wno-conversion -Wno-constant-conversion -Wno-int-conversion -Wno-bool-conversion -Wno-enum-conversion -Wno-float-conversion -Wno-non-literal-null-conversion -Wno-objc-literal-conversion -Wshorten-64-to-32 -Wpointer-sign -Wno-newline-eof -Wno-implicit-fallthrough -fstrict-aliasing -Wdeprecated-declarations -Wno-sign-conversion -Wno-infinite-recursion -Wno-comma -Wno-block-capture-autoreleasing -Wno-strict-prototypes -Wno-semicolon-before-method-body -index-store-path /Users/j/Documents/GitHub/MoneroOne/build/Index.noindex/DataStore @/Users/j/Documents/GitHub/MoneroOne/build/Build/Intermediates.noindex/swift-crypto.build/Debug-iphonesimulator/CCryptoBoringSSL.build/Objects-normal/arm64/7187679823f38a2a940e0043cdf9d637-common-args.resp -MMD -MT dependencies -MF /Users/j/Documents/GitHub/MoneroOne/build/Build/Intermediates.noindex/swift-crypto.build/Debug-iphonesimulator/CCryptoBoringSSL.build/Objects-normal/arm64/file.d --serialize-diagnostics /Users/j/Documents/GitHub/MoneroOne/build/Build/Intermediates.noindex/swift-crypto.build/Debug-iphonesimulator/CCryptoBoringSSL.build/Objects-normal/arm64/file.dia -c /Users/j/Documents/GitHub/MoneroOne/build/SourcePackages/checkouts/swift-crypto/Sources/CCryptoBoringSSL/crypto/bio/file.c -o /Users/j/Documents/GitHub/MoneroOne/build/Build/Intermediates.noindex/swift-crypto.build/Debug-iphonesimulator/CCryptoBoringSSL.build/Objects-normal/arm64/file.o -index-unit-output-path /swift-crypto.build/Debug-iphonesimulator/CCryptoBoringSSL.build/Objects-normal/arm64/file.o

CompileC /Users/j/Documents/GitHub/MoneroOne/build/Build/Intermediates.noindex/swift-crypto.build/Debug-iphonesimulator/CCryptoBoringSSL.build/Objects-normal/arm64/gcm_nohw.o /Users/j/Documents/GitHub/MoneroOne/build/SourcePackages/checkouts/swift-crypto/Sources/CCryptoBoringSSL/crypto/fipsmodule/modes/gcm_nohw.c normal arm64 c com.apple.compilers.llvm.clang.1_0.compiler (in target 'CCryptoBoringSSL' from project 'swift-crypto')
    cd /Users/j/Documents/GitHub/MoneroOne/MoneroOne.xcodeproj
    
    Using response file: /Users/j/Documents/GitHub/MoneroOne/build/Build/Intermediates.noindex/swift-crypto.build/Debug-iphonesimulator/CCryptoBoringSSL.build/Objects-normal/arm64/7187679823f38a2a940e0043cdf9d637-common-args.resp
    
    /Applications/Xcode.app/Contents/Developer/Toolchains/XcodeDefault.xctoolchain/usr/bin/clang -x c -ivfsstatcache /Users/j/Documents/GitHub/MoneroOne/build/SDKStatCaches.noindex/iphonesimulator26.1-23B77-90cf18a4295e390e64c810bc6bd7acbc.sdkstatcache -fmessage-length\=0 -fdiagnostics-show-note-include-stack -fmacro-backtrace-limit\=0 -fno-color-diagnostics -fmodules-prune-interval\=86400 -fmodules-prune-after\=345600 -fbuild-session-file\=/Users/j/Documents/GitHub/MoneroOne/build/ModuleCache.noindex/Session.modulevalidation -fmodules-validate-once-per-build-session -Wnon-modular-include-in-framework-module -Werror\=non-modular-include-in-framework-module -Wno-trigraphs -Wno-missing-field-initializers -Wno-missing-prototypes -Wno-return-type -Wno-missing-braces -Wparentheses -Wswitch -Wno-unused-function -Wno-unused-label -Wno-unused-parameter -Wno-unused-variable -Wunused-value -Wno-empty-body -Wno-uninitialized -Wno-unknown-pragmas -w -Wno-shadow -Wno-four-char-constants -Wno-conversion -Wno-constant-conversion -Wno-int-conversion -Wno-bool-conversion -Wno-enum-conversion -Wno-float-conversion -Wno-non-literal-null-conversion -Wno-objc-literal-conversion -Wshorten-64-to-32 -Wpointer-sign -Wno-newline-eof -Wno-implicit-fallthrough -fstrict-aliasing -Wdeprecated-declarations -Wno-sign-conversion -Wno-infinite-recursion -Wno-comma -Wno-block-capture-autoreleasing -Wno-strict-prototypes -Wno-semicolon-before-method-body -index-store-path /Users/j/Documents/GitHub/MoneroOne/build/Index.noindex/DataStore @/Users/j/Documents/GitHub/MoneroOne/build/Build/Intermediates.noindex/swift-crypto.build/Debug-iphonesimulator/CCryptoBoringSSL.build/Objects-normal/arm64/7187679823f38a2a940e0043cdf9d637-common-args.resp -MMD -MT dependencies -MF /Users/j/Documents/GitHub/MoneroOne/build/Build/Intermediates.noindex/swift-crypto.build/Debug-iphonesimulator/CCryptoBoringSSL.build/Objects-normal/arm64/gcm_nohw.d --serialize-diagnostics /Users/j/Documents/GitHub/MoneroOne/build/Build/Intermediates.noindex/swift-crypto.build/Debug-iphonesimulator/CCryptoBoringSSL.build/Objects-normal/arm64/gcm_nohw.dia -c /Users/j/Documents/GitHub/MoneroOne/build/SourcePackages/checkouts/swift-crypto/Sources/CCryptoBoringSSL/crypto/fipsmodule/modes/gcm_nohw.c -o /Users/j/Documents/GitHub/MoneroOne/build/Build/Intermediates.noindex/swift-crypto.build/Debug-iphonesimulator/CCryptoBoringSSL.build/Objects-normal/arm64/gcm_nohw.o -index-unit-output-path /swift-crypto.build/Debug-iphonesimulator/CCryptoBoringSSL.build/Objects-normal/arm64/gcm_nohw.o

ScanDependencies /Users/j/Documents/GitHub/MoneroOne/build/Build/Intermediates.noindex/swift-crypto.build/Debug-iphonesimulator/CCryptoBoringSSL.build/Objects-normal/arm64/felem.o /Users/j/Documents/GitHub/MoneroOne/build/SourcePackages/checkouts/swift-crypto/Sources/CCryptoBoringSSL/crypto/fipsmodule/ec/felem.c normal arm64 c com.apple.compilers.llvm.clang.1_0.compiler (in target 'CCryptoBoringSSL' from project 'swift-crypto')
    cd /Users/j/Documents/GitHub/MoneroOne/MoneroOne.xcodeproj
    
    Using response file: /Users/j/Documents/GitHub/MoneroOne/build/Build/Intermediates.noindex/swift-crypto.build/Debug-iphonesimulator/CCryptoBoringSSL.build/Objects-normal/arm64/7187679823f38a2a940e0043cdf9d637-common-args.resp
    
    builtin-ScanDependencies -o /Users/j/Documents/GitHub/MoneroOne/build/Build/Intermediates.noindex/swift-crypto.build/Debug-iphonesimulator/CCryptoBoringSSL.build/Objects-normal/arm64/felem.o.scan -- /Applications/Xcode.app/Contents/Developer/Toolchains/XcodeDefault.xctoolchain/usr/bin/clang -x c -ivfsstatcache /Users/j/Documents/GitHub/MoneroOne/build/SDKStatCaches.noindex/iphonesimulator26.1-23B77-90cf18a4295e390e64c810bc6bd7acbc.sdkstatcache -fmessage-length\=0 -fdiagnostics-show-note-include-stack -fmacro-backtrace-limit\=0 -fno-color-diagnostics -fmodules-prune-interval\=86400 -fmodules-prune-after\=345600 -fbuild-session-file\=/Users/j/Documents/GitHub/MoneroOne/build/ModuleCache.noindex/Session.modulevalidation -fmodules-validate-once-per-build-session -Wnon-modular-include-in-framework-module -Werror\=non-modular-include-in-framework-module -Wno-trigraphs -Wno-missing-field-initializers -Wno-missing-prototypes -Wno-return-type -Wno-missing-braces -Wparentheses -Wswitch -Wno-unused-function -Wno-unused-label -Wno-unused-parameter -Wno-unused-variable -Wunused-value -Wno-empty-body -Wno-uninitialized -Wno-unknown-pragmas -w -Wno-shadow -Wno-four-char-constants -Wno-conversion -Wno-constant-conversion -Wno-int-conversion -Wno-bool-conversion -Wno-enum-conversion -Wno-float-conversion -Wno-non-literal-null-conversion -Wno-objc-literal-conversion -Wshorten-64-to-32 -Wpointer-sign -Wno-newline-eof -Wno-implicit-fallthrough -fstrict-aliasing -Wdeprecated-declarations -Wno-sign-conversion -Wno-infinite-recursion -Wno-comma -Wno-block-capture-autoreleasing -Wno-strict-prototypes -Wno-semicolon-before-method-body -index-store-path /Users/j/Documents/GitHub/MoneroOne/build/Index.noindex/DataStore @/Users/j/Documents/GitHub/MoneroOne/build/Build/Intermediates.noindex/swift-crypto.build/Debug-iphonesimulator/CCryptoBoringSSL.build/Objects-normal/arm64/7187679823f38a2a940e0043cdf9d637-common-args.resp -MMD -MT dependencies -MF /Users/j/Documents/GitHub/MoneroOne/build/Build/Intermediates.noindex/swift-crypto.build/Debug-iphonesimulator/CCryptoBoringSSL.build/Objects-normal/arm64/felem.d --serialize-diagnostics /Users/j/Documents/GitHub/MoneroOne/build/Build/Intermediates.noindex/swift-crypto.build/Debug-iphonesimulator/CCryptoBoringSSL.build/Objects-normal/arm64/felem.dia -c /Users/j/Documents/GitHub/MoneroOne/build/SourcePackages/checkouts/swift-crypto/Sources/CCryptoBoringSSL/crypto/fipsmodule/ec/felem.c -o /Users/j/Documents/GitHub/MoneroOne/build/Build/Intermediates.noindex/swift-crypto.build/Debug-iphonesimulator/CCryptoBoringSSL.build/Objects-normal/arm64/felem.o -index-unit-output-path /swift-crypto.build/Debug-iphonesimulator/CCryptoBoringSSL.build/Objects-normal/arm64/felem.o

CompileC /Users/j/Documents/GitHub/MoneroOne/build/Build/Intermediates.noindex/swift-crypto.build/Debug-iphonesimulator/CCryptoBoringSSL.build/Objects-normal/arm64/fips.o /Users/j/Documents/GitHub/MoneroOne/build/SourcePackages/checkouts/swift-crypto/Sources/CCryptoBoringSSL/crypto/fipsmodule/self_check/fips.c normal arm64 c com.apple.compilers.llvm.clang.1_0.compiler (in target 'CCryptoBoringSSL' from project 'swift-crypto')
    cd /Users/j/Documents/GitHub/MoneroOne/MoneroOne.xcodeproj
    
    Using response file: /Users/j/Documents/GitHub/MoneroOne/build/Build/Intermediates.noindex/swift-crypto.build/Debug-iphonesimulator/CCryptoBoringSSL.build/Objects-normal/arm64/7187679823f38a2a940e0043cdf9d637-common-args.resp
    
    /Applications/Xcode.app/Contents/Developer/Toolchains/XcodeDefault.xctoolchain/usr/bin/clang -x c -ivfsstatcache /Users/j/Documents/GitHub/MoneroOne/build/SDKStatCaches.noindex/iphonesimulator26.1-23B77-90cf18a4295e390e64c810bc6bd7acbc.sdkstatcache -fmessage-length\=0 -fdiagnostics-show-note-include-stack -fmacro-backtrace-limit\=0 -fno-color-diagnostics -fmodules-prune-interval\=86400 -fmodules-prune-after\=345600 -fbuild-session-file\=/Users/j/Documents/GitHub/MoneroOne/build/ModuleCache.noindex/Session.modulevalidation -fmodules-validate-once-per-build-session -Wnon-modular-include-in-framework-module -Werror\=non-modular-include-in-framework-module -Wno-trigraphs -Wno-missing-field-initializers -Wno-missing-prototypes -Wno-return-type -Wno-missing-braces -Wparentheses -Wswitch -Wno-unused-function -Wno-unused-label -Wno-unused-parameter -Wno-unused-variable -Wunused-value -Wno-empty-body -Wno-uninitialized -Wno-unknown-pragmas -w -Wno-shadow -Wno-four-char-constants -Wno-conversion -Wno-constant-conversion -Wno-int-conversion -Wno-bool-conversion -Wno-enum-conversion -Wno-float-conversion -Wno-non-literal-null-conversion -Wno-objc-literal-conversion -Wshorten-64-to-32 -Wpointer-sign -Wno-newline-eof -Wno-implicit-fallthrough -fstrict-aliasing -Wdeprecated-declarations -Wno-sign-conversion -Wno-infinite-recursion -Wno-comma -Wno-block-capture-autoreleasing -Wno-strict-prototypes -Wno-semicolon-before-method-body -index-store-path /Users/j/Documents/GitHub/MoneroOne/build/Index.noindex/DataStore @/Users/j/Documents/GitHub/MoneroOne/build/Build/Intermediates.noindex/swift-crypto.build/Debug-iphonesimulator/CCryptoBoringSSL.build/Objects-normal/arm64/7187679823f38a2a940e0043cdf9d637-common-args.resp -MMD -MT dependencies -MF /Users/j/Documents/GitHub/MoneroOne/build/Build/Intermediates.noindex/swift-crypto.build/Debug-iphonesimulator/CCryptoBoringSSL.build/Objects-normal/arm64/fips.d --serialize-diagnostics /Users/j/Documents/GitHub/MoneroOne/build/Build/Intermediates.noindex/swift-crypto.build/Debug-iphonesimulator/CCryptoBoringSSL.build/Objects-normal/arm64/fips.dia -c /Users/j/Documents/GitHub/MoneroOne/build/SourcePackages/checkouts/swift-crypto/Sources/CCryptoBoringSSL/crypto/fipsmodule/self_check/fips.c -o /Users/j/Documents/GitHub/MoneroOne/build/Build/Intermediates.noindex/swift-crypto.build/Debug-iphonesimulator/CCryptoBoringSSL.build/Objects-normal/arm64/fips.o -index-unit-output-path /swift-crypto.build/Debug-iphonesimulator/CCryptoBoringSSL.build/Objects-normal/arm64/fips.o

ScanDependencies /Users/j/Documents/GitHub/MoneroOne/build/Build/Intermediates.noindex/swift-crypto.build/Debug-iphonesimulator/CCryptoBoringSSL.build/Objects-normal/arm64/fd.o /Users/j/Documents/GitHub/MoneroOne/build/SourcePackages/checkouts/swift-crypto/Sources/CCryptoBoringSSL/crypto/bio/fd.c normal arm64 c com.apple.compilers.llvm.clang.1_0.compiler (in target 'CCryptoBoringSSL' from project 'swift-crypto')
    cd /Users/j/Documents/GitHub/MoneroOne/MoneroOne.xcodeproj
    
    Using response file: /Users/j/Documents/GitHub/MoneroOne/build/Build/Intermediates.noindex/swift-crypto.build/Debug-iphonesimulator/CCryptoBoringSSL.build/Objects-normal/arm64/7187679823f38a2a940e0043cdf9d637-common-args.resp
    
    builtin-ScanDependencies -o /Users/j/Documents/GitHub/MoneroOne/build/Build/Intermediates.noindex/swift-crypto.build/Debug-iphonesimulator/CCryptoBoringSSL.build/Objects-normal/arm64/fd.o.scan -- /Applications/Xcode.app/Contents/Developer/Toolchains/XcodeDefault.xctoolchain/usr/bin/clang -x c -ivfsstatcache /Users/j/Documents/GitHub/MoneroOne/build/SDKStatCaches.noindex/iphonesimulator26.1-23B77-90cf18a4295e390e64c810bc6bd7acbc.sdkstatcache -fmessage-length\=0 -fdiagnostics-show-note-include-stack -fmacro-backtrace-limit\=0 -fno-color-diagnostics -fmodules-prune-interval\=86400 -fmodules-prune-after\=345600 -fbuild-session-file\=/Users/j/Documents/GitHub/MoneroOne/build/ModuleCache.noindex/Session.modulevalidation -fmodules-validate-once-per-build-session -Wnon-modular-include-in-framework-module -Werror\=non-modular-include-in-framework-module -Wno-trigraphs -Wno-missing-field-initializers -Wno-missing-prototypes -Wno-return-type -Wno-missing-braces -Wparentheses -Wswitch -Wno-unused-function -Wno-unused-label -Wno-unused-parameter -Wno-unused-variable -Wunused-value -Wno-empty-body -Wno-uninitialized -Wno-unknown-pragmas -w -Wno-shadow -Wno-four-char-constants -Wno-conversion -Wno-constant-conversion -Wno-int-conversion -Wno-bool-conversion -Wno-enum-conversion -Wno-float-conversion -Wno-non-literal-null-conversion -Wno-objc-literal-conversion -Wshorten-64-to-32 -Wpointer-sign -Wno-newline-eof -Wno-implicit-fallthrough -fstrict-aliasing -Wdeprecated-declarations -Wno-sign-conversion -Wno-infinite-recursion -Wno-comma -Wno-block-capture-autoreleasing -Wno-strict-prototypes -Wno-semicolon-before-method-body -index-store-path /Users/j/Documents/GitHub/MoneroOne/build/Index.noindex/DataStore @/Users/j/Documents/GitHub/MoneroOne/build/Build/Intermediates.noindex/swift-crypto.build/Debug-iphonesimulator/CCryptoBoringSSL.build/Objects-normal/arm64/7187679823f38a2a940e0043cdf9d637-common-args.resp -MMD -MT dependencies -MF /Users/j/Documents/GitHub/MoneroOne/build/Build/Intermediates.noindex/swift-crypto.build/Debug-iphonesimulator/CCryptoBoringSSL.build/Objects-normal/arm64/fd.d --serialize-diagnostics /Users/j/Documents/GitHub/MoneroOne/build/Build/Intermediates.noindex/swift-crypto.build/Debug-iphonesimulator/CCryptoBoringSSL.build/Objects-normal/arm64/fd.dia -c /Users/j/Documents/GitHub/MoneroOne/build/SourcePackages/checkouts/swift-crypto/Sources/CCryptoBoringSSL/crypto/bio/fd.c -o /Users/j/Documents/GitHub/MoneroOne/build/Build/Intermediates.noindex/swift-crypto.build/Debug-iphonesimulator/CCryptoBoringSSL.build/Objects-normal/arm64/fd.o -index-unit-output-path /swift-crypto.build/Debug-iphonesimulator/CCryptoBoringSSL.build/Objects-normal/arm64/fd.o

CompileC /Users/j/Documents/GitHub/MoneroOne/build/Build/Intermediates.noindex/swift-crypto.build/Debug-iphonesimulator/CCryptoBoringSSL.build/Objects-normal/arm64/file.o /Users/j/Documents/GitHub/MoneroOne/build/SourcePackages/checkouts/swift-crypto/Sources/CCryptoBoringSSL/crypto/bio/file.c normal arm64 c com.apple.compilers.llvm.clang.1_0.compiler (in target 'CCryptoBoringSSL' from project 'swift-crypto')
    cd /Users/j/Documents/GitHub/MoneroOne/MoneroOne.xcodeproj
    
    Using response file: /Users/j/Documents/GitHub/MoneroOne/build/Build/Intermediates.noindex/swift-crypto.build/Debug-iphonesimulator/CCryptoBoringSSL.build/Objects-normal/arm64/7187679823f38a2a940e0043cdf9d637-common-args.resp
    
    /Applications/Xcode.app/Contents/Developer/Toolchains/XcodeDefault.xctoolchain/usr/bin/clang -x c -ivfsstatcache /Users/j/Documents/GitHub/MoneroOne/build/SDKStatCaches.noindex/iphonesimulator26.1-23B77-90cf18a4295e390e64c810bc6bd7acbc.sdkstatcache -fmessage-length\=0 -fdiagnostics-show-note-include-stack -fmacro-backtrace-limit\=0 -fno-color-diagnostics -fmodules-prune-interval\=86400 -fmodules-prune-after\=345600 -fbuild-session-file\=/Users/j/Documents/GitHub/MoneroOne/build/ModuleCache.noindex/Session.modulevalidation -fmodules-validate-once-per-build-session -Wnon-modular-include-in-framework-module -Werror\=non-modular-include-in-framework-module -Wno-trigraphs -Wno-missing-field-initializers -Wno-missing-prototypes -Wno-return-type -Wno-missing-braces -Wparentheses -Wswitch -Wno-unused-function -Wno-unused-label -Wno-unused-parameter -Wno-unused-variable -Wunused-value -Wno-empty-body -Wno-uninitialized -Wno-unknown-pragmas -w -Wno-shadow -Wno-four-char-constants -Wno-conversion -Wno-constant-conversion -Wno-int-conversion -Wno-bool-conversion -Wno-enum-conversion -Wno-float-conversion -Wno-non-literal-null-conversion -Wno-objc-literal-conversion -Wshorten-64-to-32 -Wpointer-sign -Wno-newline-eof -Wno-implicit-fallthrough -fstrict-aliasing -Wdeprecated-declarations -Wno-sign-conversion -Wno-infinite-recursion -Wno-comma -Wno-block-capture-autoreleasing -Wno-strict-prototypes -Wno-semicolon-before-method-body -index-store-path /Users/j/Documents/GitHub/MoneroOne/build/Index.noindex/DataStore @/Users/j/Documents/GitHub/MoneroOne/build/Build/Intermediates.noindex/swift-crypto.build/Debug-iphonesimulator/CCryptoBoringSSL.build/Objects-normal/arm64/7187679823f38a2a940e0043cdf9d637-common-args.resp -MMD -MT dependencies -MF /Users/j/Documents/GitHub/MoneroOne/build/Build/Intermediates.noindex/swift-crypto.build/Debug-iphonesimulator/CCryptoBoringSSL.build/Objects-normal/arm64/file.d --serialize-diagnostics /Users/j/Documents/GitHub/MoneroOne/build/Build/Intermediates.noindex/swift-crypto.build/Debug-iphonesimulator/CCryptoBoringSSL.build/Objects-normal/arm64/file.dia -c /Users/j/Documents/GitHub/MoneroOne/build/SourcePackages/checkouts/swift-crypto/Sources/CCryptoBoringSSL/crypto/bio/file.c -o /Users/j/Documents/GitHub/MoneroOne/build/Build/Intermediates.noindex/swift-crypto.build/Debug-iphonesimulator/CCryptoBoringSSL.build/Objects-normal/arm64/file.o -index-unit-output-path /swift-crypto.build/Debug-iphonesimulator/CCryptoBoringSSL.build/Objects-normal/arm64/file.o

ScanDependencies /Users/j/Documents/GitHub/MoneroOne/build/Build/Intermediates.noindex/swift-crypto.build/Debug-iphonesimulator/CCryptoBoringSSL.build/Objects-normal/arm64/f_string.o /Users/j/Documents/GitHub/MoneroOne/build/SourcePackages/checkouts/swift-crypto/Sources/CCryptoBoringSSL/crypto/asn1/f_string.c normal arm64 c com.apple.compilers.llvm.clang.1_0.compiler (in target 'CCryptoBoringSSL' from project 'swift-crypto')
    cd /Users/j/Documents/GitHub/MoneroOne/MoneroOne.xcodeproj
    
    Using response file: /Users/j/Documents/GitHub/MoneroOne/build/Build/Intermediates.noindex/swift-crypto.build/Debug-iphonesimulator/CCryptoBoringSSL.build/Objects-normal/arm64/7187679823f38a2a940e0043cdf9d637-common-args.resp
    
    builtin-ScanDependencies -o /Users/j/Documents/GitHub/MoneroOne/build/Build/Intermediates.noindex/swift-crypto.build/Debug-iphonesimulator/CCryptoBoringSSL.build/Objects-normal/arm64/f_string.o.scan -- /Applications/Xcode.app/Contents/Developer/Toolchains/XcodeDefault.xctoolchain/usr/bin/clang -x c -ivfsstatcache /Users/j/Documents/GitHub/MoneroOne/build/SDKStatCaches.noindex/iphonesimulator26.1-23B77-90cf18a4295e390e64c810bc6bd7acbc.sdkstatcache -fmessage-length\=0 -fdiagnostics-show-note-include-stack -fmacro-backtrace-limit\=0 -fno-color-diagnostics -fmodules-prune-interval\=86400 -fmodules-prune-after\=345600 -fbuild-session-file\=/Users/j/Documents/GitHub/MoneroOne/build/ModuleCache.noindex/Session.modulevalidation -fmodules-validate-once-per-build-session -Wnon-modular-include-in-framework-module -Werror\=non-modular-include-in-framework-module -Wno-trigraphs -Wno-missing-field-initializers -Wno-missing-prototypes -Wno-return-type -Wno-missing-braces -Wparentheses -Wswitch -Wno-unused-function -Wno-unused-label -Wno-unused-parameter -Wno-unused-variable -Wunused-value -Wno-empty-body -Wno-uninitialized -Wno-unknown-pragmas -w -Wno-shadow -Wno-four-char-constants -Wno-conversion -Wno-constant-conversion -Wno-int-conversion -Wno-bool-conversion -Wno-enum-conversion -Wno-float-conversion -Wno-non-literal-null-conversion -Wno-objc-literal-conversion -Wshorten-64-to-32 -Wpointer-sign -Wno-newline-eof -Wno-implicit-fallthrough -fstrict-aliasing -Wdeprecated-declarations -Wno-sign-conversion -Wno-infinite-recursion -Wno-comma -Wno-block-capture-autoreleasing -Wno-strict-prototypes -Wno-semicolon-before-method-body -index-store-path /Users/j/Documents/GitHub/MoneroOne/build/Index.noindex/DataStore @/Users/j/Documents/GitHub/MoneroOne/build/Build/Intermediates.noindex/swift-crypto.build/Debug-iphonesimulator/CCryptoBoringSSL.build/Objects-normal/arm64/7187679823f38a2a940e0043cdf9d637-common-args.resp -MMD -MT dependencies -MF /Users/j/Documents/GitHub/MoneroOne/build/Build/Intermediates.noindex/swift-crypto.build/Debug-iphonesimulator/CCryptoBoringSSL.build/Objects-normal/arm64/f_string.d --serialize-diagnostics /Users/j/Documents/GitHub/MoneroOne/build/Build/Intermediates.noindex/swift-crypto.build/Debug-iphonesimulator/CCryptoBoringSSL.build/Objects-normal/arm64/f_string.dia -c /Users/j/Documents/GitHub/MoneroOne/build/SourcePackages/checkouts/swift-crypto/Sources/CCryptoBoringSSL/crypto/asn1/f_string.c -o /Users/j/Documents/GitHub/MoneroOne/build/Build/Intermediates.noindex/swift-crypto.build/Debug-iphonesimulator/CCryptoBoringSSL.build/Objects-normal/arm64/f_string.o -index-unit-output-path /swift-crypto.build/Debug-iphonesimulator/CCryptoBoringSSL.build/Objects-normal/arm64/f_string.o

CompileC /Users/j/Documents/GitHub/MoneroOne/build/Build/Intermediates.noindex/swift-crypto.build/Debug-iphonesimulator/CCryptoBoringSSL.build/Objects-normal/arm64/felem.o /Users/j/Documents/GitHub/MoneroOne/build/SourcePackages/checkouts/swift-crypto/Sources/CCryptoBoringSSL/crypto/fipsmodule/ec/felem.c normal arm64 c com.apple.compilers.llvm.clang.1_0.compiler (in target 'CCryptoBoringSSL' from project 'swift-crypto')
    cd /Users/j/Documents/GitHub/MoneroOne/MoneroOne.xcodeproj
    
    Using response file: /Users/j/Documents/GitHub/MoneroOne/build/Build/Intermediates.noindex/swift-crypto.build/Debug-iphonesimulator/CCryptoBoringSSL.build/Objects-normal/arm64/7187679823f38a2a940e0043cdf9d637-common-args.resp
    
    /Applications/Xcode.app/Contents/Developer/Toolchains/XcodeDefault.xctoolchain/usr/bin/clang -x c -ivfsstatcache /Users/j/Documents/GitHub/MoneroOne/build/SDKStatCaches.noindex/iphonesimulator26.1-23B77-90cf18a4295e390e64c810bc6bd7acbc.sdkstatcache -fmessage-length\=0 -fdiagnostics-show-note-include-stack -fmacro-backtrace-limit\=0 -fno-color-diagnostics -fmodules-prune-interval\=86400 -fmodules-prune-after\=345600 -fbuild-session-file\=/Users/j/Documents/GitHub/MoneroOne/build/ModuleCache.noindex/Session.modulevalidation -fmodules-validate-once-per-build-session -Wnon-modular-include-in-framework-module -Werror\=non-modular-include-in-framework-module -Wno-trigraphs -Wno-missing-field-initializers -Wno-missing-prototypes -Wno-return-type -Wno-missing-braces -Wparentheses -Wswitch -Wno-unused-function -Wno-unused-label -Wno-unused-parameter -Wno-unused-variable -Wunused-value -Wno-empty-body -Wno-uninitialized -Wno-unknown-pragmas -w -Wno-shadow -Wno-four-char-constants -Wno-conversion -Wno-constant-conversion -Wno-int-conversion -Wno-bool-conversion -Wno-enum-conversion -Wno-float-conversion -Wno-non-literal-null-conversion -Wno-objc-literal-conversion -Wshorten-64-to-32 -Wpointer-sign -Wno-newline-eof -Wno-implicit-fallthrough -fstrict-aliasing -Wdeprecated-declarations -Wno-sign-conversion -Wno-infinite-recursion -Wno-comma -Wno-block-capture-autoreleasing -Wno-strict-prototypes -Wno-semicolon-before-method-body -index-store-path /Users/j/Documents/GitHub/MoneroOne/build/Index.noindex/DataStore @/Users/j/Documents/GitHub/MoneroOne/build/Build/Intermediates.noindex/swift-crypto.build/Debug-iphonesimulator/CCryptoBoringSSL.build/Objects-normal/arm64/7187679823f38a2a940e0043cdf9d637-common-args.resp -MMD -MT dependencies -MF /Users/j/Documents/GitHub/MoneroOne/build/Build/Intermediates.noindex/swift-crypto.build/Debug-iphonesimulator/CCryptoBoringSSL.build/Objects-normal/arm64/felem.d --serialize-diagnostics /Users/j/Documents/GitHub/MoneroOne/build/Build/Intermediates.noindex/swift-crypto.build/Debug-iphonesimulator/CCryptoBoringSSL.build/Objects-normal/arm64/felem.dia -c /Users/j/Documents/GitHub/MoneroOne/build/SourcePackages/checkouts/swift-crypto/Sources/CCryptoBoringSSL/crypto/fipsmodule/ec/felem.c -o /Users/j/Documents/GitHub/MoneroOne/build/Build/Intermediates.noindex/swift-crypto.build/Debug-iphonesimulator/CCryptoBoringSSL.build/Objects-normal/arm64/felem.o -index-unit-output-path /swift-crypto.build/Debug-iphonesimulator/CCryptoBoringSSL.build/Objects-normal/arm64/felem.o

ScanDependencies /Users/j/Documents/GitHub/MoneroOne/build/Build/Intermediates.noindex/swift-crypto.build/Debug-iphonesimulator/CCryptoBoringSSL.build/Objects-normal/arm64/f_int.o /Users/j/Documents/GitHub/MoneroOne/build/SourcePackages/checkouts/swift-crypto/Sources/CCryptoBoringSSL/crypto/asn1/f_int.c normal arm64 c com.apple.compilers.llvm.clang.1_0.compiler (in target 'CCryptoBoringSSL' from project 'swift-crypto')
    cd /Users/j/Documents/GitHub/MoneroOne/MoneroOne.xcodeproj
    
    Using response file: /Users/j/Documents/GitHub/MoneroOne/build/Build/Intermediates.noindex/swift-crypto.build/Debug-iphonesimulator/CCryptoBoringSSL.build/Objects-normal/arm64/7187679823f38a2a940e0043cdf9d637-common-args.resp
    
    builtin-ScanDependencies -o /Users/j/Documents/GitHub/MoneroOne/build/Build/Intermediates.noindex/swift-crypto.build/Debug-iphonesimulator/CCryptoBoringSSL.build/Objects-normal/arm64/f_int.o.scan -- /Applications/Xcode.app/Contents/Developer/Toolchains/XcodeDefault.xctoolchain/usr/bin/clang -x c -ivfsstatcache /Users/j/Documents/GitHub/MoneroOne/build/SDKStatCaches.noindex/iphonesimulator26.1-23B77-90cf18a4295e390e64c810bc6bd7acbc.sdkstatcache -fmessage-length\=0 -fdiagnostics-show-note-include-stack -fmacro-backtrace-limit\=0 -fno-color-diagnostics -fmodules-prune-interval\=86400 -fmodules-prune-after\=345600 -fbuild-session-file\=/Users/j/Documents/GitHub/MoneroOne/build/ModuleCache.noindex/Session.modulevalidation -fmodules-validate-once-per-build-session -Wnon-modular-include-in-framework-module -Werror\=non-modular-include-in-framework-module -Wno-trigraphs -Wno-missing-field-initializers -Wno-missing-prototypes -Wno-return-type -Wno-missing-braces -Wparentheses -Wswitch -Wno-unused-function -Wno-unused-label -Wno-unused-parameter -Wno-unused-variable -Wunused-value -Wno-empty-body -Wno-uninitialized -Wno-unknown-pragmas -w -Wno-shadow -Wno-four-char-constants -Wno-conversion -Wno-constant-conversion -Wno-int-conversion -Wno-bool-conversion -Wno-enum-conversion -Wno-float-conversion -Wno-non-literal-null-conversion -Wno-objc-literal-conversion -Wshorten-64-to-32 -Wpointer-sign -Wno-newline-eof -Wno-implicit-fallthrough -fstrict-aliasing -Wdeprecated-declarations -Wno-sign-conversion -Wno-infinite-recursion -Wno-comma -Wno-block-capture-autoreleasing -Wno-strict-prototypes -Wno-semicolon-before-method-body -index-store-path /Users/j/Documents/GitHub/MoneroOne/build/Index.noindex/DataStore @/Users/j/Documents/GitHub/MoneroOne/build/Build/Intermediates.noindex/swift-crypto.build/Debug-iphonesimulator/CCryptoBoringSSL.build/Objects-normal/arm64/7187679823f38a2a940e0043cdf9d637-common-args.resp -MMD -MT dependencies -MF /Users/j/Documents/GitHub/MoneroOne/build/Build/Intermediates.noindex/swift-crypto.build/Debug-iphonesimulator/CCryptoBoringSSL.build/Objects-normal/arm64/f_int.d --serialize-diagnostics /Users/j/Documents/GitHub/MoneroOne/build/Build/Intermediates.noindex/swift-crypto.build/Debug-iphonesimulator/CCryptoBoringSSL.build/Objects-normal/arm64/f_int.dia -c /Users/j/Documents/GitHub/MoneroOne/build/SourcePackages/checkouts/swift-crypto/Sources/CCryptoBoringSSL/crypto/asn1/f_int.c -o /Users/j/Documents/GitHub/MoneroOne/build/Build/Intermediates.noindex/swift-crypto.build/Debug-iphonesimulator/CCryptoBoringSSL.build/Objects-normal/arm64/f_int.o -index-unit-output-path /swift-crypto.build/Debug-iphonesimulator/CCryptoBoringSSL.build/Objects-normal/arm64/f_int.o

ScanDependencies /Users/j/Documents/GitHub/MoneroOne/build/Build/Intermediates.noindex/swift-crypto.build/Debug-iphonesimulator/CCryptoBoringSSL.build/Objects-normal/arm64/exponentiation.o /Users/j/Documents/GitHub/MoneroOne/build/SourcePackages/checkouts/swift-crypto/Sources/CCryptoBoringSSL/crypto/fipsmodule/bn/exponentiation.c normal arm64 c com.apple.compilers.llvm.clang.1_0.compiler (in target 'CCryptoBoringSSL' from project 'swift-crypto')
    cd /Users/j/Documents/GitHub/MoneroOne/MoneroOne.xcodeproj
    
    Using response file: /Users/j/Documents/GitHub/MoneroOne/build/Build/Intermediates.noindex/swift-crypto.build/Debug-iphonesimulator/CCryptoBoringSSL.build/Objects-normal/arm64/7187679823f38a2a940e0043cdf9d637-common-args.resp
    
    builtin-ScanDependencies -o /Users/j/Documents/GitHub/MoneroOne/build/Build/Intermediates.noindex/swift-crypto.build/Debug-iphonesimulator/CCryptoBoringSSL.build/Objects-normal/arm64/exponentiation.o.scan -- /Applications/Xcode.app/Contents/Developer/Toolchains/XcodeDefault.xctoolchain/usr/bin/clang -x c -ivfsstatcache /Users/j/Documents/GitHub/MoneroOne/build/SDKStatCaches.noindex/iphonesimulator26.1-23B77-90cf18a4295e390e64c810bc6bd7acbc.sdkstatcache -fmessage-length\=0 -fdiagnostics-show-note-include-stack -fmacro-backtrace-limit\=0 -fno-color-diagnostics -fmodules-prune-interval\=86400 -fmodules-prune-after\=345600 -fbuild-session-file\=/Users/j/Documents/GitHub/MoneroOne/build/ModuleCache.noindex/Session.modulevalidation -fmodules-validate-once-per-build-session -Wnon-modular-include-in-framework-module -Werror\=non-modular-include-in-framework-module -Wno-trigraphs -Wno-missing-field-initializers -Wno-missing-prototypes -Wno-return-type -Wno-missing-braces -Wparentheses -Wswitch -Wno-unused-function -Wno-unused-label -Wno-unused-parameter -Wno-unused-variable -Wunused-value -Wno-empty-body -Wno-uninitialized -Wno-unknown-pragmas -w -Wno-shadow -Wno-four-char-constants -Wno-conversion -Wno-constant-conversion -Wno-int-conversion -Wno-bool-conversion -Wno-enum-conversion -Wno-float-conversion -Wno-non-literal-null-conversion -Wno-objc-literal-conversion -Wshorten-64-to-32 -Wpointer-sign -Wno-newline-eof -Wno-implicit-fallthrough -fstrict-aliasing -Wdeprecated-declarations -Wno-sign-conversion -Wno-infinite-recursion -Wno-comma -Wno-block-capture-autoreleasing -Wno-strict-prototypes -Wno-semicolon-before-method-body -index-store-path /Users/j/Documents/GitHub/MoneroOne/build/Index.noindex/DataStore @/Users/j/Documents/GitHub/MoneroOne/build/Build/Intermediates.noindex/swift-crypto.build/Debug-iphonesimulator/CCryptoBoringSSL.build/Objects-normal/arm64/7187679823f38a2a940e0043cdf9d637-common-args.resp -MMD -MT dependencies -MF /Users/j/Documents/GitHub/MoneroOne/build/Build/Intermediates.noindex/swift-crypto.build/Debug-iphonesimulator/CCryptoBoringSSL.build/Objects-normal/arm64/exponentiation.d --serialize-diagnostics /Users/j/Documents/GitHub/MoneroOne/build/Build/Intermediates.noindex/swift-crypto.build/Debug-iphonesimulator/CCryptoBoringSSL.build/Objects-normal/arm64/exponentiation.dia -c /Users/j/Documents/GitHub/MoneroOne/build/SourcePackages/checkouts/swift-crypto/Sources/CCryptoBoringSSL/crypto/fipsmodule/bn/exponentiation.c -o /Users/j/Documents/GitHub/MoneroOne/build/Build/Intermediates.noindex/swift-crypto.build/Debug-iphonesimulator/CCryptoBoringSSL.build/Objects-normal/arm64/exponentiation.o -index-unit-output-path /swift-crypto.build/Debug-iphonesimulator/CCryptoBoringSSL.build/Objects-normal/arm64/exponentiation.o

CompileC /Users/j/Documents/GitHub/MoneroOne/build/Build/Intermediates.noindex/swift-crypto.build/Debug-iphonesimulator/CCryptoBoringSSL.build/Objects-normal/arm64/hrss.o /Users/j/Documents/GitHub/MoneroOne/build/SourcePackages/checkouts/swift-crypto/Sources/CCryptoBoringSSL/crypto/hrss/hrss.c normal arm64 c com.apple.compilers.llvm.clang.1_0.compiler (in target 'CCryptoBoringSSL' from project 'swift-crypto')
    cd /Users/j/Documents/GitHub/MoneroOne/MoneroOne.xcodeproj
    
    Using response file: /Users/j/Documents/GitHub/MoneroOne/build/Build/Intermediates.noindex/swift-crypto.build/Debug-iphonesimulator/CCryptoBoringSSL.build/Objects-normal/arm64/7187679823f38a2a940e0043cdf9d637-common-args.resp
    
    /Applications/Xcode.app/Contents/Developer/Toolchains/XcodeDefault.xctoolchain/usr/bin/clang -x c -ivfsstatcache /Users/j/Documents/GitHub/MoneroOne/build/SDKStatCaches.noindex/iphonesimulator26.1-23B77-90cf18a4295e390e64c810bc6bd7acbc.sdkstatcache -fmessage-length\=0 -fdiagnostics-show-note-include-stack -fmacro-backtrace-limit\=0 -fno-color-diagnostics -fmodules-prune-interval\=86400 -fmodules-prune-after\=345600 -fbuild-session-file\=/Users/j/Documents/GitHub/MoneroOne/build/ModuleCache.noindex/Session.modulevalidation -fmodules-validate-once-per-build-session -Wnon-modular-include-in-framework-module -Werror\=non-modular-include-in-framework-module -Wno-trigraphs -Wno-missing-field-initializers -Wno-missing-prototypes -Wno-return-type -Wno-missing-braces -Wparentheses -Wswitch -Wno-unused-function -Wno-unused-label -Wno-unused-parameter -Wno-unused-variable -Wunused-value -Wno-empty-body -Wno-uninitialized -Wno-unknown-pragmas -w -Wno-shadow -Wno-four-char-constants -Wno-conversion -Wno-constant-conversion -Wno-int-conversion -Wno-bool-conversion -Wno-enum-conversion -Wno-float-conversion -Wno-non-literal-null-conversion -Wno-objc-literal-conversion -Wshorten-64-to-32 -Wpointer-sign -Wno-newline-eof -Wno-implicit-fallthrough -fstrict-aliasing -Wdeprecated-declarations -Wno-sign-conversion -Wno-infinite-recursion -Wno-comma -Wno-block-capture-autoreleasing -Wno-strict-prototypes -Wno-semicolon-before-method-body -index-store-path /Users/j/Documents/GitHub/MoneroOne/build/Index.noindex/DataStore @/Users/j/Documents/GitHub/MoneroOne/build/Build/Intermediates.noindex/swift-crypto.build/Debug-iphonesimulator/CCryptoBoringSSL.build/Objects-normal/arm64/7187679823f38a2a940e0043cdf9d637-common-args.resp -MMD -MT dependencies -MF /Users/j/Documents/GitHub/MoneroOne/build/Build/Intermediates.noindex/swift-crypto.build/Debug-iphonesimulator/CCryptoBoringSSL.build/Objects-normal/arm64/hrss.d --serialize-diagnostics /Users/j/Documents/GitHub/MoneroOne/build/Build/Intermediates.noindex/swift-crypto.build/Debug-iphonesimulator/CCryptoBoringSSL.build/Objects-normal/arm64/hrss.dia -c /Users/j/Documents/GitHub/MoneroOne/build/SourcePackages/checkouts/swift-crypto/Sources/CCryptoBoringSSL/crypto/hrss/hrss.c -o /Users/j/Documents/GitHub/MoneroOne/build/Build/Intermediates.noindex/swift-crypto.build/Debug-iphonesimulator/CCryptoBoringSSL.build/Objects-normal/arm64/hrss.o -index-unit-output-path /swift-crypto.build/Debug-iphonesimulator/CCryptoBoringSSL.build/Objects-normal/arm64/hrss.o

ScanDependencies /Users/j/Documents/GitHub/MoneroOne/build/Build/Intermediates.noindex/swift-crypto.build/Debug-iphonesimulator/CCryptoBoringSSL.build/Objects-normal/arm64/ex_data.o /Users/j/Documents/GitHub/MoneroOne/build/SourcePackages/checkouts/swift-crypto/Sources/CCryptoBoringSSL/crypto/ex_data.c normal arm64 c com.apple.compilers.llvm.clang.1_0.compiler (in target 'CCryptoBoringSSL' from project 'swift-crypto')
    cd /Users/j/Documents/GitHub/MoneroOne/MoneroOne.xcodeproj
    
    Using response file: /Users/j/Documents/GitHub/MoneroOne/build/Build/Intermediates.noindex/swift-crypto.build/Debug-iphonesimulator/CCryptoBoringSSL.build/Objects-normal/arm64/7187679823f38a2a940e0043cdf9d637-common-args.resp
    
    builtin-ScanDependencies -o /Users/j/Documents/GitHub/MoneroOne/build/Build/Intermediates.noindex/swift-crypto.build/Debug-iphonesimulator/CCryptoBoringSSL.build/Objects-normal/arm64/ex_data.o.scan -- /Applications/Xcode.app/Contents/Developer/Toolchains/XcodeDefault.xctoolchain/usr/bin/clang -x c -ivfsstatcache /Users/j/Documents/GitHub/MoneroOne/build/SDKStatCaches.noindex/iphonesimulator26.1-23B77-90cf18a4295e390e64c810bc6bd7acbc.sdkstatcache -fmessage-length\=0 -fdiagnostics-show-note-include-stack -fmacro-backtrace-limit\=0 -fno-color-diagnostics -fmodules-prune-interval\=86400 -fmodules-prune-after\=345600 -fbuild-session-file\=/Users/j/Documents/GitHub/MoneroOne/build/ModuleCache.noindex/Session.modulevalidation -fmodules-validate-once-per-build-session -Wnon-modular-include-in-framework-module -Werror\=non-modular-include-in-framework-module -Wno-trigraphs -Wno-missing-field-initializers -Wno-missing-prototypes -Wno-return-type -Wno-missing-braces -Wparentheses -Wswitch -Wno-unused-function -Wno-unused-label -Wno-unused-parameter -Wno-unused-variable -Wunused-value -Wno-empty-body -Wno-uninitialized -Wno-unknown-pragmas -w -Wno-shadow -Wno-four-char-constants -Wno-conversion -Wno-constant-conversion -Wno-int-conversion -Wno-bool-conversion -Wno-enum-conversion -Wno-float-conversion -Wno-non-literal-null-conversion -Wno-objc-literal-conversion -Wshorten-64-to-32 -Wpointer-sign -Wno-newline-eof -Wno-implicit-fallthrough -fstrict-aliasing -Wdeprecated-declarations -Wno-sign-conversion -Wno-infinite-recursion -Wno-comma -Wno-block-capture-autoreleasing -Wno-strict-prototypes -Wno-semicolon-before-method-body -index-store-path /Users/j/Documents/GitHub/MoneroOne/build/Index.noindex/DataStore @/Users/j/Documents/GitHub/MoneroOne/build/Build/Intermediates.noindex/swift-crypto.build/Debug-iphonesimulator/CCryptoBoringSSL.build/Objects-normal/arm64/7187679823f38a2a940e0043cdf9d637-common-args.resp -MMD -MT dependencies -MF /Users/j/Documents/GitHub/MoneroOne/build/Build/Intermediates.noindex/swift-crypto.build/Debug-iphonesimulator/CCryptoBoringSSL.build/Objects-normal/arm64/ex_data.d --serialize-diagnostics /Users/j/Documents/GitHub/MoneroOne/build/Build/Intermediates.noindex/swift-crypto.build/Debug-iphonesimulator/CCryptoBoringSSL.build/Objects-normal/arm64/ex_data.dia -c /Users/j/Documents/GitHub/MoneroOne/build/SourcePackages/checkouts/swift-crypto/Sources/CCryptoBoringSSL/crypto/ex_data.c -o /Users/j/Documents/GitHub/MoneroOne/build/Build/Intermediates.noindex/swift-crypto.build/Debug-iphonesimulator/CCryptoBoringSSL.build/Objects-normal/arm64/ex_data.o -index-unit-output-path /swift-crypto.build/Debug-iphonesimulator/CCryptoBoringSSL.build/Objects-normal/arm64/ex_data.o

CompileC /Users/j/Documents/GitHub/MoneroOne/build/Build/Intermediates.noindex/swift-crypto.build/Debug-iphonesimulator/CCryptoBoringSSL.build/Objects-normal/arm64/f_int.o /Users/j/Documents/GitHub/MoneroOne/build/SourcePackages/checkouts/swift-crypto/Sources/CCryptoBoringSSL/crypto/asn1/f_int.c normal arm64 c com.apple.compilers.llvm.clang.1_0.compiler (in target 'CCryptoBoringSSL' from project 'swift-crypto')
    cd /Users/j/Documents/GitHub/MoneroOne/MoneroOne.xcodeproj
    
    Using response file: /Users/j/Documents/GitHub/MoneroOne/build/Build/Intermediates.noindex/swift-crypto.build/Debug-iphonesimulator/CCryptoBoringSSL.build/Objects-normal/arm64/7187679823f38a2a940e0043cdf9d637-common-args.resp
    
    /Applications/Xcode.app/Contents/Developer/Toolchains/XcodeDefault.xctoolchain/usr/bin/clang -x c -ivfsstatcache /Users/j/Documents/GitHub/MoneroOne/build/SDKStatCaches.noindex/iphonesimulator26.1-23B77-90cf18a4295e390e64c810bc6bd7acbc.sdkstatcache -fmessage-length\=0 -fdiagnostics-show-note-include-stack -fmacro-backtrace-limit\=0 -fno-color-diagnostics -fmodules-prune-interval\=86400 -fmodules-prune-after\=345600 -fbuild-session-file\=/Users/j/Documents/GitHub/MoneroOne/build/ModuleCache.noindex/Session.modulevalidation -fmodules-validate-once-per-build-session -Wnon-modular-include-in-framework-module -Werror\=non-modular-include-in-framework-module -Wno-trigraphs -Wno-missing-field-initializers -Wno-missing-prototypes -Wno-return-type -Wno-missing-braces -Wparentheses -Wswitch -Wno-unused-function -Wno-unused-label -Wno-unused-parameter -Wno-unused-variable -Wunused-value -Wno-empty-body -Wno-uninitialized -Wno-unknown-pragmas -w -Wno-shadow -Wno-four-char-constants -Wno-conversion -Wno-constant-conversion -Wno-int-conversion -Wno-bool-conversion -Wno-enum-conversion -Wno-float-conversion -Wno-non-literal-null-conversion -Wno-objc-literal-conversion -Wshorten-64-to-32 -Wpointer-sign -Wno-newline-eof -Wno-implicit-fallthrough -fstrict-aliasing -Wdeprecated-declarations -Wno-sign-conversion -Wno-infinite-recursion -Wno-comma -Wno-block-capture-autoreleasing -Wno-strict-prototypes -Wno-semicolon-before-method-body -index-store-path /Users/j/Documents/GitHub/MoneroOne/build/Index.noindex/DataStore @/Users/j/Documents/GitHub/MoneroOne/build/Build/Intermediates.noindex/swift-crypto.build/Debug-iphonesimulator/CCryptoBoringSSL.build/Objects-normal/arm64/7187679823f38a2a940e0043cdf9d637-common-args.resp -MMD -MT dependencies -MF /Users/j/Documents/GitHub/MoneroOne/build/Build/Intermediates.noindex/swift-crypto.build/Debug-iphonesimulator/CCryptoBoringSSL.build/Objects-normal/arm64/f_int.d --serialize-diagnostics /Users/j/Documents/GitHub/MoneroOne/build/Build/Intermediates.noindex/swift-crypto.build/Debug-iphonesimulator/CCryptoBoringSSL.build/Objects-normal/arm64/f_int.dia -c /Users/j/Documents/GitHub/MoneroOne/build/SourcePackages/checkouts/swift-crypto/Sources/CCryptoBoringSSL/crypto/asn1/f_int.c -o /Users/j/Documents/GitHub/MoneroOne/build/Build/Intermediates.noindex/swift-crypto.build/Debug-iphonesimulator/CCryptoBoringSSL.build/Objects-normal/arm64/f_int.o -index-unit-output-path /swift-crypto.build/Debug-iphonesimulator/CCryptoBoringSSL.build/Objects-normal/arm64/f_int.o

CompileC /Users/j/Documents/GitHub/MoneroOne/build/Build/Intermediates.noindex/swift-crypto.build/Debug-iphonesimulator/CCryptoBoringSSL.build/Objects-normal/arm64/f_string.o /Users/j/Documents/GitHub/MoneroOne/build/SourcePackages/checkouts/swift-crypto/Sources/CCryptoBoringSSL/crypto/asn1/f_string.c normal arm64 c com.apple.compilers.llvm.clang.1_0.compiler (in target 'CCryptoBoringSSL' from project 'swift-crypto')
    cd /Users/j/Documents/GitHub/MoneroOne/MoneroOne.xcodeproj
    
    Using response file: /Users/j/Documents/GitHub/MoneroOne/build/Build/Intermediates.noindex/swift-crypto.build/Debug-iphonesimulator/CCryptoBoringSSL.build/Objects-normal/arm64/7187679823f38a2a940e0043cdf9d637-common-args.resp
    
    /Applications/Xcode.app/Contents/Developer/Toolchains/XcodeDefault.xctoolchain/usr/bin/clang -x c -ivfsstatcache /Users/j/Documents/GitHub/MoneroOne/build/SDKStatCaches.noindex/iphonesimulator26.1-23B77-90cf18a4295e390e64c810bc6bd7acbc.sdkstatcache -fmessage-length\=0 -fdiagnostics-show-note-include-stack -fmacro-backtrace-limit\=0 -fno-color-diagnostics -fmodules-prune-interval\=86400 -fmodules-prune-after\=345600 -fbuild-session-file\=/Users/j/Documents/GitHub/MoneroOne/build/ModuleCache.noindex/Session.modulevalidation -fmodules-validate-once-per-build-session -Wnon-modular-include-in-framework-module -Werror\=non-modular-include-in-framework-module -Wno-trigraphs -Wno-missing-field-initializers -Wno-missing-prototypes -Wno-return-type -Wno-missing-braces -Wparentheses -Wswitch -Wno-unused-function -Wno-unused-label -Wno-unused-parameter -Wno-unused-variable -Wunused-value -Wno-empty-body -Wno-uninitialized -Wno-unknown-pragmas -w -Wno-shadow -Wno-four-char-constants -Wno-conversion -Wno-constant-conversion -Wno-int-conversion -Wno-bool-conversion -Wno-enum-conversion -Wno-float-conversion -Wno-non-literal-null-conversion -Wno-objc-literal-conversion -Wshorten-64-to-32 -Wpointer-sign -Wno-newline-eof -Wno-implicit-fallthrough -fstrict-aliasing -Wdeprecated-declarations -Wno-sign-conversion -Wno-infinite-recursion -Wno-comma -Wno-block-capture-autoreleasing -Wno-strict-prototypes -Wno-semicolon-before-method-body -index-store-path /Users/j/Documents/GitHub/MoneroOne/build/Index.noindex/DataStore @/Users/j/Documents/GitHub/MoneroOne/build/Build/Intermediates.noindex/swift-crypto.build/Debug-iphonesimulator/CCryptoBoringSSL.build/Objects-normal/arm64/7187679823f38a2a940e0043cdf9d637-common-args.resp -MMD -MT dependencies -MF /Users/j/Documents/GitHub/MoneroOne/build/Build/Intermediates.noindex/swift-crypto.build/Debug-iphonesimulator/CCryptoBoringSSL.build/Objects-normal/arm64/f_string.d --serialize-diagnostics /Users/j/Documents/GitHub/MoneroOne/build/Build/Intermediates.noindex/swift-crypto.build/Debug-iphonesimulator/CCryptoBoringSSL.build/Objects-normal/arm64/f_string.dia -c /Users/j/Documents/GitHub/MoneroOne/build/SourcePackages/checkouts/swift-crypto/Sources/CCryptoBoringSSL/crypto/asn1/f_string.c -o /Users/j/Documents/GitHub/MoneroOne/build/Build/Intermediates.noindex/swift-crypto.build/Debug-iphonesimulator/CCryptoBoringSSL.build/Objects-normal/arm64/f_string.o -index-unit-output-path /swift-crypto.build/Debug-iphonesimulator/CCryptoBoringSSL.build/Objects-normal/arm64/f_string.o

ScanDependencies /Users/j/Documents/GitHub/MoneroOne/build/Build/Intermediates.noindex/swift-crypto.build/Debug-iphonesimulator/CCryptoBoringSSL.build/Objects-normal/arm64/evp_ctx.o /Users/j/Documents/GitHub/MoneroOne/build/SourcePackages/checkouts/swift-crypto/Sources/CCryptoBoringSSL/crypto/evp/evp_ctx.c normal arm64 c com.apple.compilers.llvm.clang.1_0.compiler (in target 'CCryptoBoringSSL' from project 'swift-crypto')
    cd /Users/j/Documents/GitHub/MoneroOne/MoneroOne.xcodeproj
    
    Using response file: /Users/j/Documents/GitHub/MoneroOne/build/Build/Intermediates.noindex/swift-crypto.build/Debug-iphonesimulator/CCryptoBoringSSL.build/Objects-normal/arm64/7187679823f38a2a940e0043cdf9d637-common-args.resp
    
    builtin-ScanDependencies -o /Users/j/Documents/GitHub/MoneroOne/build/Build/Intermediates.noindex/swift-crypto.build/Debug-iphonesimulator/CCryptoBoringSSL.build/Objects-normal/arm64/evp_ctx.o.scan -- /Applications/Xcode.app/Contents/Developer/Toolchains/XcodeDefault.xctoolchain/usr/bin/clang -x c -ivfsstatcache /Users/j/Documents/GitHub/MoneroOne/build/SDKStatCaches.noindex/iphonesimulator26.1-23B77-90cf18a4295e390e64c810bc6bd7acbc.sdkstatcache -fmessage-length\=0 -fdiagnostics-show-note-include-stack -fmacro-backtrace-limit\=0 -fno-color-diagnostics -fmodules-prune-interval\=86400 -fmodules-prune-after\=345600 -fbuild-session-file\=/Users/j/Documents/GitHub/MoneroOne/build/ModuleCache.noindex/Session.modulevalidation -fmodules-validate-once-per-build-session -Wnon-modular-include-in-framework-module -Werror\=non-modular-include-in-framework-module -Wno-trigraphs -Wno-missing-field-initializers -Wno-missing-prototypes -Wno-return-type -Wno-missing-braces -Wparentheses -Wswitch -Wno-unused-function -Wno-unused-label -Wno-unused-parameter -Wno-unused-variable -Wunused-value -Wno-empty-body -Wno-uninitialized -Wno-unknown-pragmas -w -Wno-shadow -Wno-four-char-constants -Wno-conversion -Wno-constant-conversion -Wno-int-conversion -Wno-bool-conversion -Wno-enum-conversion -Wno-float-conversion -Wno-non-literal-null-conversion -Wno-objc-literal-conversion -Wshorten-64-to-32 -Wpointer-sign -Wno-newline-eof -Wno-implicit-fallthrough -fstrict-aliasing -Wdeprecated-declarations -Wno-sign-conversion -Wno-infinite-recursion -Wno-comma -Wno-block-capture-autoreleasing -Wno-strict-prototypes -Wno-semicolon-before-method-body -index-store-path /Users/j/Documents/GitHub/MoneroOne/build/Index.noindex/DataStore @/Users/j/Documents/GitHub/MoneroOne/build/Build/Intermediates.noindex/swift-crypto.build/Debug-iphonesimulator/CCryptoBoringSSL.build/Objects-normal/arm64/7187679823f38a2a940e0043cdf9d637-common-args.resp -MMD -MT dependencies -MF /Users/j/Documents/GitHub/MoneroOne/build/Build/Intermediates.noindex/swift-crypto.build/Debug-iphonesimulator/CCryptoBoringSSL.build/Objects-normal/arm64/evp_ctx.d --serialize-diagnostics /Users/j/Documents/GitHub/MoneroOne/build/Build/Intermediates.noindex/swift-crypto.build/Debug-iphonesimulator/CCryptoBoringSSL.build/Objects-normal/arm64/evp_ctx.dia -c /Users/j/Documents/GitHub/MoneroOne/build/SourcePackages/checkouts/swift-crypto/Sources/CCryptoBoringSSL/crypto/evp/evp_ctx.c -o /Users/j/Documents/GitHub/MoneroOne/build/Build/Intermediates.noindex/swift-crypto.build/Debug-iphonesimulator/CCryptoBoringSSL.build/Objects-normal/arm64/evp_ctx.o -index-unit-output-path /swift-crypto.build/Debug-iphonesimulator/CCryptoBoringSSL.build/Objects-normal/arm64/evp_ctx.o

ScanDependencies /Users/j/Documents/GitHub/MoneroOne/build/Build/Intermediates.noindex/swift-crypto.build/Debug-iphonesimulator/CCryptoBoringSSL.build/Objects-normal/arm64/evp_asn1.o /Users/j/Documents/GitHub/MoneroOne/build/SourcePackages/checkouts/swift-crypto/Sources/CCryptoBoringSSL/crypto/evp/evp_asn1.c normal arm64 c com.apple.compilers.llvm.clang.1_0.compiler (in target 'CCryptoBoringSSL' from project 'swift-crypto')
    cd /Users/j/Documents/GitHub/MoneroOne/MoneroOne.xcodeproj
    
    Using response file: /Users/j/Documents/GitHub/MoneroOne/build/Build/Intermediates.noindex/swift-crypto.build/Debug-iphonesimulator/CCryptoBoringSSL.build/Objects-normal/arm64/7187679823f38a2a940e0043cdf9d637-common-args.resp
    
    builtin-ScanDependencies -o /Users/j/Documents/GitHub/MoneroOne/build/Build/Intermediates.noindex/swift-crypto.build/Debug-iphonesimulator/CCryptoBoringSSL.build/Objects-normal/arm64/evp_asn1.o.scan -- /Applications/Xcode.app/Contents/Developer/Toolchains/XcodeDefault.xctoolchain/usr/bin/clang -x c -ivfsstatcache /Users/j/Documents/GitHub/MoneroOne/build/SDKStatCaches.noindex/iphonesimulator26.1-23B77-90cf18a4295e390e64c810bc6bd7acbc.sdkstatcache -fmessage-length\=0 -fdiagnostics-show-note-include-stack -fmacro-backtrace-limit\=0 -fno-color-diagnostics -fmodules-prune-interval\=86400 -fmodules-prune-after\=345600 -fbuild-session-file\=/Users/j/Documents/GitHub/MoneroOne/build/ModuleCache.noindex/Session.modulevalidation -fmodules-validate-once-per-build-session -Wnon-modular-include-in-framework-module -Werror\=non-modular-include-in-framework-module -Wno-trigraphs -Wno-missing-field-initializers -Wno-missing-prototypes -Wno-return-type -Wno-missing-braces -Wparentheses -Wswitch -Wno-unused-function -Wno-unused-label -Wno-unused-parameter -Wno-unused-variable -Wunused-value -Wno-empty-body -Wno-uninitialized -Wno-unknown-pragmas -w -Wno-shadow -Wno-four-char-constants -Wno-conversion -Wno-constant-conversion -Wno-int-conversion -Wno-bool-conversion -Wno-enum-conversion -Wno-float-conversion -Wno-non-literal-null-conversion -Wno-objc-literal-conversion -Wshorten-64-to-32 -Wpointer-sign -Wno-newline-eof -Wno-implicit-fallthrough -fstrict-aliasing -Wdeprecated-declarations -Wno-sign-conversion -Wno-infinite-recursion -Wno-comma -Wno-block-capture-autoreleasing -Wno-strict-prototypes -Wno-semicolon-before-method-body -index-store-path /Users/j/Documents/GitHub/MoneroOne/build/Index.noindex/DataStore @/Users/j/Documents/GitHub/MoneroOne/build/Build/Intermediates.noindex/swift-crypto.build/Debug-iphonesimulator/CCryptoBoringSSL.build/Objects-normal/arm64/7187679823f38a2a940e0043cdf9d637-common-args.resp -MMD -MT dependencies -MF /Users/j/Documents/GitHub/MoneroOne/build/Build/Intermediates.noindex/swift-crypto.build/Debug-iphonesimulator/CCryptoBoringSSL.build/Objects-normal/arm64/evp_asn1.d --serialize-diagnostics /Users/j/Documents/GitHub/MoneroOne/build/Build/Intermediates.noindex/swift-crypto.build/Debug-iphonesimulator/CCryptoBoringSSL.build/Objects-normal/arm64/evp_asn1.dia -c /Users/j/Documents/GitHub/MoneroOne/build/SourcePackages/checkouts/swift-crypto/Sources/CCryptoBoringSSL/crypto/evp/evp_asn1.c -o /Users/j/Documents/GitHub/MoneroOne/build/Build/Intermediates.noindex/swift-crypto.build/Debug-iphonesimulator/CCryptoBoringSSL.build/Objects-normal/arm64/evp_asn1.o -index-unit-output-path /swift-crypto.build/Debug-iphonesimulator/CCryptoBoringSSL.build/Objects-normal/arm64/evp_asn1.o

CompileC /Users/j/Documents/GitHub/MoneroOne/build/Build/Intermediates.noindex/swift-crypto.build/Debug-iphonesimulator/CCryptoBoringSSL.build/Objects-normal/arm64/exponentiation.o /Users/j/Documents/GitHub/MoneroOne/build/SourcePackages/checkouts/swift-crypto/Sources/CCryptoBoringSSL/crypto/fipsmodule/bn/exponentiation.c normal arm64 c com.apple.compilers.llvm.clang.1_0.compiler (in target 'CCryptoBoringSSL' from project 'swift-crypto')
    cd /Users/j/Documents/GitHub/MoneroOne/MoneroOne.xcodeproj
    
    Using response file: /Users/j/Documents/GitHub/MoneroOne/build/Build/Intermediates.noindex/swift-crypto.build/Debug-iphonesimulator/CCryptoBoringSSL.build/Objects-normal/arm64/7187679823f38a2a940e0043cdf9d637-common-args.resp
    
    /Applications/Xcode.app/Contents/Developer/Toolchains/XcodeDefault.xctoolchain/usr/bin/clang -x c -ivfsstatcache /Users/j/Documents/GitHub/MoneroOne/build/SDKStatCaches.noindex/iphonesimulator26.1-23B77-90cf18a4295e390e64c810bc6bd7acbc.sdkstatcache -fmessage-length\=0 -fdiagnostics-show-note-include-stack -fmacro-backtrace-limit\=0 -fno-color-diagnostics -fmodules-prune-interval\=86400 -fmodules-prune-after\=345600 -fbuild-session-file\=/Users/j/Documents/GitHub/MoneroOne/build/ModuleCache.noindex/Session.modulevalidation -fmodules-validate-once-per-build-session -Wnon-modular-include-in-framework-module -Werror\=non-modular-include-in-framework-module -Wno-trigraphs -Wno-missing-field-initializers -Wno-missing-prototypes -Wno-return-type -Wno-missing-braces -Wparentheses -Wswitch -Wno-unused-function -Wno-unused-label -Wno-unused-parameter -Wno-unused-variable -Wunused-value -Wno-empty-body -Wno-uninitialized -Wno-unknown-pragmas -w -Wno-shadow -Wno-four-char-constants -Wno-conversion -Wno-constant-conversion -Wno-int-conversion -Wno-bool-conversion -Wno-enum-conversion -Wno-float-conversion -Wno-non-literal-null-conversion -Wno-objc-literal-conversion -Wshorten-64-to-32 -Wpointer-sign -Wno-newline-eof -Wno-implicit-fallthrough -fstrict-aliasing -Wdeprecated-declarations -Wno-sign-conversion -Wno-infinite-recursion -Wno-comma -Wno-block-capture-autoreleasing -Wno-strict-prototypes -Wno-semicolon-before-method-body -index-store-path /Users/j/Documents/GitHub/MoneroOne/build/Index.noindex/DataStore @/Users/j/Documents/GitHub/MoneroOne/build/Build/Intermediates.noindex/swift-crypto.build/Debug-iphonesimulator/CCryptoBoringSSL.build/Objects-normal/arm64/7187679823f38a2a940e0043cdf9d637-common-args.resp -MMD -MT dependencies -MF /Users/j/Documents/GitHub/MoneroOne/build/Build/Intermediates.noindex/swift-crypto.build/Debug-iphonesimulator/CCryptoBoringSSL.build/Objects-normal/arm64/exponentiation.d --serialize-diagnostics /Users/j/Documents/GitHub/MoneroOne/build/Build/Intermediates.noindex/swift-crypto.build/Debug-iphonesimulator/CCryptoBoringSSL.build/Objects-normal/arm64/exponentiation.dia -c /Users/j/Documents/GitHub/MoneroOne/build/SourcePackages/checkouts/swift-crypto/Sources/CCryptoBoringSSL/crypto/fipsmodule/bn/exponentiation.c -o /Users/j/Documents/GitHub/MoneroOne/build/Build/Intermediates.noindex/swift-crypto.build/Debug-iphonesimulator/CCryptoBoringSSL.build/Objects-normal/arm64/exponentiation.o -index-unit-output-path /swift-crypto.build/Debug-iphonesimulator/CCryptoBoringSSL.build/Objects-normal/arm64/exponentiation.o

PrecompileModule /Users/j/Documents/GitHub/MoneroOne/build/Build/Intermediates.noindex/ExplicitPrecompiledModules/Darwin-4VLK6LLW8X0QYO6U8PEJIK6VB.scan
    cd /
    builtin-precompileModule /Users/j/Documents/GitHub/MoneroOne/build/Build/Intermediates.noindex/ExplicitPrecompiledModules/Darwin-4VLK6LLW8X0QYO6U8PEJIK6VB.scan

CompileC /Users/j/Documents/GitHub/MoneroOne/build/Build/Intermediates.noindex/swift-crypto.build/Debug-iphonesimulator/CCryptoBoringSSL.build/Objects-normal/arm64/evp_ctx.o /Users/j/Documents/GitHub/MoneroOne/build/SourcePackages/checkouts/swift-crypto/Sources/CCryptoBoringSSL/crypto/evp/evp_ctx.c normal arm64 c com.apple.compilers.llvm.clang.1_0.compiler (in target 'CCryptoBoringSSL' from project 'swift-crypto')
    cd /Users/j/Documents/GitHub/MoneroOne/MoneroOne.xcodeproj
    
    Using response file: /Users/j/Documents/GitHub/MoneroOne/build/Build/Intermediates.noindex/swift-crypto.build/Debug-iphonesimulator/CCryptoBoringSSL.build/Objects-normal/arm64/7187679823f38a2a940e0043cdf9d637-common-args.resp
    
    /Applications/Xcode.app/Contents/Developer/Toolchains/XcodeDefault.xctoolchain/usr/bin/clang -x c -ivfsstatcache /Users/j/Documents/GitHub/MoneroOne/build/SDKStatCaches.noindex/iphonesimulator26.1-23B77-90cf18a4295e390e64c810bc6bd7acbc.sdkstatcache -fmessage-length\=0 -fdiagnostics-show-note-include-stack -fmacro-backtrace-limit\=0 -fno-color-diagnostics -fmodules-prune-interval\=86400 -fmodules-prune-after\=345600 -fbuild-session-file\=/Users/j/Documents/GitHub/MoneroOne/build/ModuleCache.noindex/Session.modulevalidation -fmodules-validate-once-per-build-session -Wnon-modular-include-in-framework-module -Werror\=non-modular-include-in-framework-module -Wno-trigraphs -Wno-missing-field-initializers -Wno-missing-prototypes -Wno-return-type -Wno-missing-braces -Wparentheses -Wswitch -Wno-unused-function -Wno-unused-label -Wno-unused-parameter -Wno-unused-variable -Wunused-value -Wno-empty-body -Wno-uninitialized -Wno-unknown-pragmas -w -Wno-shadow -Wno-four-char-constants -Wno-conversion -Wno-constant-conversion -Wno-int-conversion -Wno-bool-conversion -Wno-enum-conversion -Wno-float-conversion -Wno-non-literal-null-conversion -Wno-objc-literal-conversion -Wshorten-64-to-32 -Wpointer-sign -Wno-newline-eof -Wno-implicit-fallthrough -fstrict-aliasing -Wdeprecated-declarations -Wno-sign-conversion -Wno-infinite-recursion -Wno-comma -Wno-block-capture-autoreleasing -Wno-strict-prototypes -Wno-semicolon-before-method-body -index-store-path /Users/j/Documents/GitHub/MoneroOne/build/Index.noindex/DataStore @/Users/j/Documents/GitHub/MoneroOne/build/Build/Intermediates.noindex/swift-crypto.build/Debug-iphonesimulator/CCryptoBoringSSL.build/Objects-normal/arm64/7187679823f38a2a940e0043cdf9d637-common-args.resp -MMD -MT dependencies -MF /Users/j/Documents/GitHub/MoneroOne/build/Build/Intermediates.noindex/swift-crypto.build/Debug-iphonesimulator/CCryptoBoringSSL.build/Objects-normal/arm64/evp_ctx.d --serialize-diagnostics /Users/j/Documents/GitHub/MoneroOne/build/Build/Intermediates.noindex/swift-crypto.build/Debug-iphonesimulator/CCryptoBoringSSL.build/Objects-normal/arm64/evp_ctx.dia -c /Users/j/Documents/GitHub/MoneroOne/build/SourcePackages/checkouts/swift-crypto/Sources/CCryptoBoringSSL/crypto/evp/evp_ctx.c -o /Users/j/Documents/GitHub/MoneroOne/build/Build/Intermediates.noindex/swift-crypto.build/Debug-iphonesimulator/CCryptoBoringSSL.build/Objects-normal/arm64/evp_ctx.o -index-unit-output-path /swift-crypto.build/Debug-iphonesimulator/CCryptoBoringSSL.build/Objects-normal/arm64/evp_ctx.o

CompileC /Users/j/Documents/GitHub/MoneroOne/build/Build/Intermediates.noindex/swift-crypto.build/Debug-iphonesimulator/CCryptoBoringSSL.build/Objects-normal/arm64/evp_asn1.o /Users/j/Documents/GitHub/MoneroOne/build/SourcePackages/checkouts/swift-crypto/Sources/CCryptoBoringSSL/crypto/evp/evp_asn1.c normal arm64 c com.apple.compilers.llvm.clang.1_0.compiler (in target 'CCryptoBoringSSL' from project 'swift-crypto')
    cd /Users/j/Documents/GitHub/MoneroOne/MoneroOne.xcodeproj
    
    Using response file: /Users/j/Documents/GitHub/MoneroOne/build/Build/Intermediates.noindex/swift-crypto.build/Debug-iphonesimulator/CCryptoBoringSSL.build/Objects-normal/arm64/7187679823f38a2a940e0043cdf9d637-common-args.resp
    
    /Applications/Xcode.app/Contents/Developer/Toolchains/XcodeDefault.xctoolchain/usr/bin/clang -x c -ivfsstatcache /Users/j/Documents/GitHub/MoneroOne/build/SDKStatCaches.noindex/iphonesimulator26.1-23B77-90cf18a4295e390e64c810bc6bd7acbc.sdkstatcache -fmessage-length\=0 -fdiagnostics-show-note-include-stack -fmacro-backtrace-limit\=0 -fno-color-diagnostics -fmodules-prune-interval\=86400 -fmodules-prune-after\=345600 -fbuild-session-file\=/Users/j/Documents/GitHub/MoneroOne/build/ModuleCache.noindex/Session.modulevalidation -fmodules-validate-once-per-build-session -Wnon-modular-include-in-framework-module -Werror\=non-modular-include-in-framework-module -Wno-trigraphs -Wno-missing-field-initializers -Wno-missing-prototypes -Wno-return-type -Wno-missing-braces -Wparentheses -Wswitch -Wno-unused-function -Wno-unused-label -Wno-unused-parameter -Wno-unused-variable -Wunused-value -Wno-empty-body -Wno-uninitialized -Wno-unknown-pragmas -w -Wno-shadow -Wno-four-char-constants -Wno-conversion -Wno-constant-conversion -Wno-int-conversion -Wno-bool-conversion -Wno-enum-conversion -Wno-float-conversion -Wno-non-literal-null-conversion -Wno-objc-literal-conversion -Wshorten-64-to-32 -Wpointer-sign -Wno-newline-eof -Wno-implicit-fallthrough -fstrict-aliasing -Wdeprecated-declarations -Wno-sign-conversion -Wno-infinite-recursion -Wno-comma -Wno-block-capture-autoreleasing -Wno-strict-prototypes -Wno-semicolon-before-method-body -index-store-path /Users/j/Documents/GitHub/MoneroOne/build/Index.noindex/DataStore @/Users/j/Documents/GitHub/MoneroOne/build/Build/Intermediates.noindex/swift-crypto.build/Debug-iphonesimulator/CCryptoBoringSSL.build/Objects-normal/arm64/7187679823f38a2a940e0043cdf9d637-common-args.resp -MMD -MT dependencies -MF /Users/j/Documents/GitHub/MoneroOne/build/Build/Intermediates.noindex/swift-crypto.build/Debug-iphonesimulator/CCryptoBoringSSL.build/Objects-normal/arm64/evp_asn1.d --serialize-diagnostics /Users/j/Documents/GitHub/MoneroOne/build/Build/Intermediates.noindex/swift-crypto.build/Debug-iphonesimulator/CCryptoBoringSSL.build/Objects-normal/arm64/evp_asn1.dia -c /Users/j/Documents/GitHub/MoneroOne/build/SourcePackages/checkouts/swift-crypto/Sources/CCryptoBoringSSL/crypto/evp/evp_asn1.c -o /Users/j/Documents/GitHub/MoneroOne/build/Build/Intermediates.noindex/swift-crypto.build/Debug-iphonesimulator/CCryptoBoringSSL.build/Objects-normal/arm64/evp_asn1.o -index-unit-output-path /swift-crypto.build/Debug-iphonesimulator/CCryptoBoringSSL.build/Objects-normal/arm64/evp_asn1.o

ScanDependencies /Users/j/Documents/GitHub/MoneroOne/build/Build/Intermediates.noindex/swift-crypto.build/Debug-iphonesimulator/CCryptoBoringSSL.build/Objects-normal/arm64/evp.o /Users/j/Documents/GitHub/MoneroOne/build/SourcePackages/checkouts/swift-crypto/Sources/CCryptoBoringSSL/crypto/evp/evp.c normal arm64 c com.apple.compilers.llvm.clang.1_0.compiler (in target 'CCryptoBoringSSL' from project 'swift-crypto')
    cd /Users/j/Documents/GitHub/MoneroOne/MoneroOne.xcodeproj
    
    Using response file: /Users/j/Documents/GitHub/MoneroOne/build/Build/Intermediates.noindex/swift-crypto.build/Debug-iphonesimulator/CCryptoBoringSSL.build/Objects-normal/arm64/7187679823f38a2a940e0043cdf9d637-common-args.resp
    
    builtin-ScanDependencies -o /Users/j/Documents/GitHub/MoneroOne/build/Build/Intermediates.noindex/swift-crypto.build/Debug-iphonesimulator/CCryptoBoringSSL.build/Objects-normal/arm64/evp.o.scan -- /Applications/Xcode.app/Contents/Developer/Toolchains/XcodeDefault.xctoolchain/usr/bin/clang -x c -ivfsstatcache /Users/j/Documents/GitHub/MoneroOne/build/SDKStatCaches.noindex/iphonesimulator26.1-23B77-90cf18a4295e390e64c810bc6bd7acbc.sdkstatcache -fmessage-length\=0 -fdiagnostics-show-note-include-stack -fmacro-backtrace-limit\=0 -fno-color-diagnostics -fmodules-prune-interval\=86400 -fmodules-prune-after\=345600 -fbuild-session-file\=/Users/j/Documents/GitHub/MoneroOne/build/ModuleCache.noindex/Session.modulevalidation -fmodules-validate-once-per-build-session -Wnon-modular-include-in-framework-module -Werror\=non-modular-include-in-framework-module -Wno-trigraphs -Wno-missing-field-initializers -Wno-missing-prototypes -Wno-return-type -Wno-missing-braces -Wparentheses -Wswitch -Wno-unused-function -Wno-unused-label -Wno-unused-parameter -Wno-unused-variable -Wunused-value -Wno-empty-body -Wno-uninitialized -Wno-unknown-pragmas -w -Wno-shadow -Wno-four-char-constants -Wno-conversion -Wno-constant-conversion -Wno-int-conversion -Wno-bool-conversion -Wno-enum-conversion -Wno-float-conversion -Wno-non-literal-null-conversion -Wno-objc-literal-conversion -Wshorten-64-to-32 -Wpointer-sign -Wno-newline-eof -Wno-implicit-fallthrough -fstrict-aliasing -Wdeprecated-declarations -Wno-sign-conversion -Wno-infinite-recursion -Wno-comma -Wno-block-capture-autoreleasing -Wno-strict-prototypes -Wno-semicolon-before-method-body -index-store-path /Users/j/Documents/GitHub/MoneroOne/build/Index.noindex/DataStore @/Users/j/Documents/GitHub/MoneroOne/build/Build/Intermediates.noindex/swift-crypto.build/Debug-iphonesimulator/CCryptoBoringSSL.build/Objects-normal/arm64/7187679823f38a2a940e0043cdf9d637-common-args.resp -MMD -MT dependencies -MF /Users/j/Documents/GitHub/MoneroOne/build/Build/Intermediates.noindex/swift-crypto.build/Debug-iphonesimulator/CCryptoBoringSSL.build/Objects-normal/arm64/evp.d --serialize-diagnostics /Users/j/Documents/GitHub/MoneroOne/build/Build/Intermediates.noindex/swift-crypto.build/Debug-iphonesimulator/CCryptoBoringSSL.build/Objects-normal/arm64/evp.dia -c /Users/j/Documents/GitHub/MoneroOne/build/SourcePackages/checkouts/swift-crypto/Sources/CCryptoBoringSSL/crypto/evp/evp.c -o /Users/j/Documents/GitHub/MoneroOne/build/Build/Intermediates.noindex/swift-crypto.build/Debug-iphonesimulator/CCryptoBoringSSL.build/Objects-normal/arm64/evp.o -index-unit-output-path /swift-crypto.build/Debug-iphonesimulator/CCryptoBoringSSL.build/Objects-normal/arm64/evp.o

ScanDependencies /Users/j/Documents/GitHub/MoneroOne/build/Build/Intermediates.noindex/swift-crypto.build/Debug-iphonesimulator/CCryptoBoringSSL.build/Objects-normal/arm64/errno.o /Users/j/Documents/GitHub/MoneroOne/build/SourcePackages/checkouts/swift-crypto/Sources/CCryptoBoringSSL/crypto/bio/errno.c normal arm64 c com.apple.compilers.llvm.clang.1_0.compiler (in target 'CCryptoBoringSSL' from project 'swift-crypto')
    cd /Users/j/Documents/GitHub/MoneroOne/MoneroOne.xcodeproj
    
    Using response file: /Users/j/Documents/GitHub/MoneroOne/build/Build/Intermediates.noindex/swift-crypto.build/Debug-iphonesimulator/CCryptoBoringSSL.build/Objects-normal/arm64/7187679823f38a2a940e0043cdf9d637-common-args.resp
    
    builtin-ScanDependencies -o /Users/j/Documents/GitHub/MoneroOne/build/Build/Intermediates.noindex/swift-crypto.build/Debug-iphonesimulator/CCryptoBoringSSL.build/Objects-normal/arm64/errno.o.scan -- /Applications/Xcode.app/Contents/Developer/Toolchains/XcodeDefault.xctoolchain/usr/bin/clang -x c -ivfsstatcache /Users/j/Documents/GitHub/MoneroOne/build/SDKStatCaches.noindex/iphonesimulator26.1-23B77-90cf18a4295e390e64c810bc6bd7acbc.sdkstatcache -fmessage-length\=0 -fdiagnostics-show-note-include-stack -fmacro-backtrace-limit\=0 -fno-color-diagnostics -fmodules-prune-interval\=86400 -fmodules-prune-after\=345600 -fbuild-session-file\=/Users/j/Documents/GitHub/MoneroOne/build/ModuleCache.noindex/Session.modulevalidation -fmodules-validate-once-per-build-session -Wnon-modular-include-in-framework-module -Werror\=non-modular-include-in-framework-module -Wno-trigraphs -Wno-missing-field-initializers -Wno-missing-prototypes -Wno-return-type -Wno-missing-braces -Wparentheses -Wswitch -Wno-unused-function -Wno-unused-label -Wno-unused-parameter -Wno-unused-variable -Wunused-value -Wno-empty-body -Wno-uninitialized -Wno-unknown-pragmas -w -Wno-shadow -Wno-four-char-constants -Wno-conversion -Wno-constant-conversion -Wno-int-conversion -Wno-bool-conversion -Wno-enum-conversion -Wno-float-conversion -Wno-non-literal-null-conversion -Wno-objc-literal-conversion -Wshorten-64-to-32 -Wpointer-sign -Wno-newline-eof -Wno-implicit-fallthrough -fstrict-aliasing -Wdeprecated-declarations -Wno-sign-conversion -Wno-infinite-recursion -Wno-comma -Wno-block-capture-autoreleasing -Wno-strict-prototypes -Wno-semicolon-before-method-body -index-store-path /Users/j/Documents/GitHub/MoneroOne/build/Index.noindex/DataStore @/Users/j/Documents/GitHub/MoneroOne/build/Build/Intermediates.noindex/swift-crypto.build/Debug-iphonesimulator/CCryptoBoringSSL.build/Objects-normal/arm64/7187679823f38a2a940e0043cdf9d637-common-args.resp -MMD -MT dependencies -MF /Users/j/Documents/GitHub/MoneroOne/build/Build/Intermediates.noindex/swift-crypto.build/Debug-iphonesimulator/CCryptoBoringSSL.build/Objects-normal/arm64/errno.d --serialize-diagnostics /Users/j/Documents/GitHub/MoneroOne/build/Build/Intermediates.noindex/swift-crypto.build/Debug-iphonesimulator/CCryptoBoringSSL.build/Objects-normal/arm64/errno.dia -c /Users/j/Documents/GitHub/MoneroOne/build/SourcePackages/checkouts/swift-crypto/Sources/CCryptoBoringSSL/crypto/bio/errno.c -o /Users/j/Documents/GitHub/MoneroOne/build/Build/Intermediates.noindex/swift-crypto.build/Debug-iphonesimulator/CCryptoBoringSSL.build/Objects-normal/arm64/errno.o -index-unit-output-path /swift-crypto.build/Debug-iphonesimulator/CCryptoBoringSSL.build/Objects-normal/arm64/errno.o

CompileC /Users/j/Documents/GitHub/MoneroOne/build/Build/Intermediates.noindex/swift-crypto.build/Debug-iphonesimulator/CCryptoBoringSSL.build/Objects-normal/arm64/ex_data.o /Users/j/Documents/GitHub/MoneroOne/build/SourcePackages/checkouts/swift-crypto/Sources/CCryptoBoringSSL/crypto/ex_data.c normal arm64 c com.apple.compilers.llvm.clang.1_0.compiler (in target 'CCryptoBoringSSL' from project 'swift-crypto')
    cd /Users/j/Documents/GitHub/MoneroOne/MoneroOne.xcodeproj
    
    Using response file: /Users/j/Documents/GitHub/MoneroOne/build/Build/Intermediates.noindex/swift-crypto.build/Debug-iphonesimulator/CCryptoBoringSSL.build/Objects-normal/arm64/7187679823f38a2a940e0043cdf9d637-common-args.resp
    
    /Applications/Xcode.app/Contents/Developer/Toolchains/XcodeDefault.xctoolchain/usr/bin/clang -x c -ivfsstatcache /Users/j/Documents/GitHub/MoneroOne/build/SDKStatCaches.noindex/iphonesimulator26.1-23B77-90cf18a4295e390e64c810bc6bd7acbc.sdkstatcache -fmessage-length\=0 -fdiagnostics-show-note-include-stack -fmacro-backtrace-limit\=0 -fno-color-diagnostics -fmodules-prune-interval\=86400 -fmodules-prune-after\=345600 -fbuild-session-file\=/Users/j/Documents/GitHub/MoneroOne/build/ModuleCache.noindex/Session.modulevalidation -fmodules-validate-once-per-build-session -Wnon-modular-include-in-framework-module -Werror\=non-modular-include-in-framework-module -Wno-trigraphs -Wno-missing-field-initializers -Wno-missing-prototypes -Wno-return-type -Wno-missing-braces -Wparentheses -Wswitch -Wno-unused-function -Wno-unused-label -Wno-unused-parameter -Wno-unused-variable -Wunused-value -Wno-empty-body -Wno-uninitialized -Wno-unknown-pragmas -w -Wno-shadow -Wno-four-char-constants -Wno-conversion -Wno-constant-conversion -Wno-int-conversion -Wno-bool-conversion -Wno-enum-conversion -Wno-float-conversion -Wno-non-literal-null-conversion -Wno-objc-literal-conversion -Wshorten-64-to-32 -Wpointer-sign -Wno-newline-eof -Wno-implicit-fallthrough -fstrict-aliasing -Wdeprecated-declarations -Wno-sign-conversion -Wno-infinite-recursion -Wno-comma -Wno-block-capture-autoreleasing -Wno-strict-prototypes -Wno-semicolon-before-method-body -index-store-path /Users/j/Documents/GitHub/MoneroOne/build/Index.noindex/DataStore @/Users/j/Documents/GitHub/MoneroOne/build/Build/Intermediates.noindex/swift-crypto.build/Debug-iphonesimulator/CCryptoBoringSSL.build/Objects-normal/arm64/7187679823f38a2a940e0043cdf9d637-common-args.resp -MMD -MT dependencies -MF /Users/j/Documents/GitHub/MoneroOne/build/Build/Intermediates.noindex/swift-crypto.build/Debug-iphonesimulator/CCryptoBoringSSL.build/Objects-normal/arm64/ex_data.d --serialize-diagnostics /Users/j/Documents/GitHub/MoneroOne/build/Build/Intermediates.noindex/swift-crypto.build/Debug-iphonesimulator/CCryptoBoringSSL.build/Objects-normal/arm64/ex_data.dia -c /Users/j/Documents/GitHub/MoneroOne/build/SourcePackages/checkouts/swift-crypto/Sources/CCryptoBoringSSL/crypto/ex_data.c -o /Users/j/Documents/GitHub/MoneroOne/build/Build/Intermediates.noindex/swift-crypto.build/Debug-iphonesimulator/CCryptoBoringSSL.build/Objects-normal/arm64/ex_data.o -index-unit-output-path /swift-crypto.build/Debug-iphonesimulator/CCryptoBoringSSL.build/Objects-normal/arm64/ex_data.o

CompileC /Users/j/Documents/GitHub/MoneroOne/build/Build/Intermediates.noindex/swift-crypto.build/Debug-iphonesimulator/CCryptoBoringSSL.build/Objects-normal/arm64/evp.o /Users/j/Documents/GitHub/MoneroOne/build/SourcePackages/checkouts/swift-crypto/Sources/CCryptoBoringSSL/crypto/evp/evp.c normal arm64 c com.apple.compilers.llvm.clang.1_0.compiler (in target 'CCryptoBoringSSL' from project 'swift-crypto')
    cd /Users/j/Documents/GitHub/MoneroOne/MoneroOne.xcodeproj
    
    Using response file: /Users/j/Documents/GitHub/MoneroOne/build/Build/Intermediates.noindex/swift-crypto.build/Debug-iphonesimulator/CCryptoBoringSSL.build/Objects-normal/arm64/7187679823f38a2a940e0043cdf9d637-common-args.resp
    
    /Applications/Xcode.app/Contents/Developer/Toolchains/XcodeDefault.xctoolchain/usr/bin/clang -x c -ivfsstatcache /Users/j/Documents/GitHub/MoneroOne/build/SDKStatCaches.noindex/iphonesimulator26.1-23B77-90cf18a4295e390e64c810bc6bd7acbc.sdkstatcache -fmessage-length\=0 -fdiagnostics-show-note-include-stack -fmacro-backtrace-limit\=0 -fno-color-diagnostics -fmodules-prune-interval\=86400 -fmodules-prune-after\=345600 -fbuild-session-file\=/Users/j/Documents/GitHub/MoneroOne/build/ModuleCache.noindex/Session.modulevalidation -fmodules-validate-once-per-build-session -Wnon-modular-include-in-framework-module -Werror\=non-modular-include-in-framework-module -Wno-trigraphs -Wno-missing-field-initializers -Wno-missing-prototypes -Wno-return-type -Wno-missing-braces -Wparentheses -Wswitch -Wno-unused-function -Wno-unused-label -Wno-unused-parameter -Wno-unused-variable -Wunused-value -Wno-empty-body -Wno-uninitialized -Wno-unknown-pragmas -w -Wno-shadow -Wno-four-char-constants -Wno-conversion -Wno-constant-conversion -Wno-int-conversion -Wno-bool-conversion -Wno-enum-conversion -Wno-float-conversion -Wno-non-literal-null-conversion -Wno-objc-literal-conversion -Wshorten-64-to-32 -Wpointer-sign -Wno-newline-eof -Wno-implicit-fallthrough -fstrict-aliasing -Wdeprecated-declarations -Wno-sign-conversion -Wno-infinite-recursion -Wno-comma -Wno-block-capture-autoreleasing -Wno-strict-prototypes -Wno-semicolon-before-method-body -index-store-path /Users/j/Documents/GitHub/MoneroOne/build/Index.noindex/DataStore @/Users/j/Documents/GitHub/MoneroOne/build/Build/Intermediates.noindex/swift-crypto.build/Debug-iphonesimulator/CCryptoBoringSSL.build/Objects-normal/arm64/7187679823f38a2a940e0043cdf9d637-common-args.resp -MMD -MT dependencies -MF /Users/j/Documents/GitHub/MoneroOne/build/Build/Intermediates.noindex/swift-crypto.build/Debug-iphonesimulator/CCryptoBoringSSL.build/Objects-normal/arm64/evp.d --serialize-diagnostics /Users/j/Documents/GitHub/MoneroOne/build/Build/Intermediates.noindex/swift-crypto.build/Debug-iphonesimulator/CCryptoBoringSSL.build/Objects-normal/arm64/evp.dia -c /Users/j/Documents/GitHub/MoneroOne/build/SourcePackages/checkouts/swift-crypto/Sources/CCryptoBoringSSL/crypto/evp/evp.c -o /Users/j/Documents/GitHub/MoneroOne/build/Build/Intermediates.noindex/swift-crypto.build/Debug-iphonesimulator/CCryptoBoringSSL.build/Objects-normal/arm64/evp.o -index-unit-output-path /swift-crypto.build/Debug-iphonesimulator/CCryptoBoringSSL.build/Objects-normal/arm64/evp.o

ScanDependencies /Users/j/Documents/GitHub/MoneroOne/build/Build/Intermediates.noindex/swift-crypto.build/Debug-iphonesimulator/CCryptoBoringSSL.build/Objects-normal/arm64/err_data.o /Users/j/Documents/GitHub/MoneroOne/build/SourcePackages/checkouts/swift-crypto/Sources/CCryptoBoringSSL/crypto/err/err_data.c normal arm64 c com.apple.compilers.llvm.clang.1_0.compiler (in target 'CCryptoBoringSSL' from project 'swift-crypto')
    cd /Users/j/Documents/GitHub/MoneroOne/MoneroOne.xcodeproj
    
    Using response file: /Users/j/Documents/GitHub/MoneroOne/build/Build/Intermediates.noindex/swift-crypto.build/Debug-iphonesimulator/CCryptoBoringSSL.build/Objects-normal/arm64/7187679823f38a2a940e0043cdf9d637-common-args.resp
    
    builtin-ScanDependencies -o /Users/j/Documents/GitHub/MoneroOne/build/Build/Intermediates.noindex/swift-crypto.build/Debug-iphonesimulator/CCryptoBoringSSL.build/Objects-normal/arm64/err_data.o.scan -- /Applications/Xcode.app/Contents/Developer/Toolchains/XcodeDefault.xctoolchain/usr/bin/clang -x c -ivfsstatcache /Users/j/Documents/GitHub/MoneroOne/build/SDKStatCaches.noindex/iphonesimulator26.1-23B77-90cf18a4295e390e64c810bc6bd7acbc.sdkstatcache -fmessage-length\=0 -fdiagnostics-show-note-include-stack -fmacro-backtrace-limit\=0 -fno-color-diagnostics -fmodules-prune-interval\=86400 -fmodules-prune-after\=345600 -fbuild-session-file\=/Users/j/Documents/GitHub/MoneroOne/build/ModuleCache.noindex/Session.modulevalidation -fmodules-validate-once-per-build-session -Wnon-modular-include-in-framework-module -Werror\=non-modular-include-in-framework-module -Wno-trigraphs -Wno-missing-field-initializers -Wno-missing-prototypes -Wno-return-type -Wno-missing-braces -Wparentheses -Wswitch -Wno-unused-function -Wno-unused-label -Wno-unused-parameter -Wno-unused-variable -Wunused-value -Wno-empty-body -Wno-uninitialized -Wno-unknown-pragmas -w -Wno-shadow -Wno-four-char-constants -Wno-conversion -Wno-constant-conversion -Wno-int-conversion -Wno-bool-conversion -Wno-enum-conversion -Wno-float-conversion -Wno-non-literal-null-conversion -Wno-objc-literal-conversion -Wshorten-64-to-32 -Wpointer-sign -Wno-newline-eof -Wno-implicit-fallthrough -fstrict-aliasing -Wdeprecated-declarations -Wno-sign-conversion -Wno-infinite-recursion -Wno-comma -Wno-block-capture-autoreleasing -Wno-strict-prototypes -Wno-semicolon-before-method-body -index-store-path /Users/j/Documents/GitHub/MoneroOne/build/Index.noindex/DataStore @/Users/j/Documents/GitHub/MoneroOne/build/Build/Intermediates.noindex/swift-crypto.build/Debug-iphonesimulator/CCryptoBoringSSL.build/Objects-normal/arm64/7187679823f38a2a940e0043cdf9d637-common-args.resp -MMD -MT dependencies -MF /Users/j/Documents/GitHub/MoneroOne/build/Build/Intermediates.noindex/swift-crypto.build/Debug-iphonesimulator/CCryptoBoringSSL.build/Objects-normal/arm64/err_data.d --serialize-diagnostics /Users/j/Documents/GitHub/MoneroOne/build/Build/Intermediates.noindex/swift-crypto.build/Debug-iphonesimulator/CCryptoBoringSSL.build/Objects-normal/arm64/err_data.dia -c /Users/j/Documents/GitHub/MoneroOne/build/SourcePackages/checkouts/swift-crypto/Sources/CCryptoBoringSSL/crypto/err/err_data.c -o /Users/j/Documents/GitHub/MoneroOne/build/Build/Intermediates.noindex/swift-crypto.build/Debug-iphonesimulator/CCryptoBoringSSL.build/Objects-normal/arm64/err_data.o -index-unit-output-path /swift-crypto.build/Debug-iphonesimulator/CCryptoBoringSSL.build/Objects-normal/arm64/err_data.o

ScanDependencies /Users/j/Documents/GitHub/MoneroOne/build/Build/Intermediates.noindex/swift-crypto.build/Debug-iphonesimulator/CCryptoBoringSSL.build/Objects-normal/arm64/err.o /Users/j/Documents/GitHub/MoneroOne/build/SourcePackages/checkouts/swift-crypto/Sources/CCryptoBoringSSL/crypto/err/err.c normal arm64 c com.apple.compilers.llvm.clang.1_0.compiler (in target 'CCryptoBoringSSL' from project 'swift-crypto')
    cd /Users/j/Documents/GitHub/MoneroOne/MoneroOne.xcodeproj
    
    Using response file: /Users/j/Documents/GitHub/MoneroOne/build/Build/Intermediates.noindex/swift-crypto.build/Debug-iphonesimulator/CCryptoBoringSSL.build/Objects-normal/arm64/7187679823f38a2a940e0043cdf9d637-common-args.resp
    
    builtin-ScanDependencies -o /Users/j/Documents/GitHub/MoneroOne/build/Build/Intermediates.noindex/swift-crypto.build/Debug-iphonesimulator/CCryptoBoringSSL.build/Objects-normal/arm64/err.o.scan -- /Applications/Xcode.app/Contents/Developer/Toolchains/XcodeDefault.xctoolchain/usr/bin/clang -x c -ivfsstatcache /Users/j/Documents/GitHub/MoneroOne/build/SDKStatCaches.noindex/iphonesimulator26.1-23B77-90cf18a4295e390e64c810bc6bd7acbc.sdkstatcache -fmessage-length\=0 -fdiagnostics-show-note-include-stack -fmacro-backtrace-limit\=0 -fno-color-diagnostics -fmodules-prune-interval\=86400 -fmodules-prune-after\=345600 -fbuild-session-file\=/Users/j/Documents/GitHub/MoneroOne/build/ModuleCache.noindex/Session.modulevalidation -fmodules-validate-once-per-build-session -Wnon-modular-include-in-framework-module -Werror\=non-modular-include-in-framework-module -Wno-trigraphs -Wno-missing-field-initializers -Wno-missing-prototypes -Wno-return-type -Wno-missing-braces -Wparentheses -Wswitch -Wno-unused-function -Wno-unused-label -Wno-unused-parameter -Wno-unused-variable -Wunused-value -Wno-empty-body -Wno-uninitialized -Wno-unknown-pragmas -w -Wno-shadow -Wno-four-char-constants -Wno-conversion -Wno-constant-conversion -Wno-int-conversion -Wno-bool-conversion -Wno-enum-conversion -Wno-float-conversion -Wno-non-literal-null-conversion -Wno-objc-literal-conversion -Wshorten-64-to-32 -Wpointer-sign -Wno-newline-eof -Wno-implicit-fallthrough -fstrict-aliasing -Wdeprecated-declarations -Wno-sign-conversion -Wno-infinite-recursion -Wno-comma -Wno-block-capture-autoreleasing -Wno-strict-prototypes -Wno-semicolon-before-method-body -index-store-path /Users/j/Documents/GitHub/MoneroOne/build/Index.noindex/DataStore @/Users/j/Documents/GitHub/MoneroOne/build/Build/Intermediates.noindex/swift-crypto.build/Debug-iphonesimulator/CCryptoBoringSSL.build/Objects-normal/arm64/7187679823f38a2a940e0043cdf9d637-common-args.resp -MMD -MT dependencies -MF /Users/j/Documents/GitHub/MoneroOne/build/Build/Intermediates.noindex/swift-crypto.build/Debug-iphonesimulator/CCryptoBoringSSL.build/Objects-normal/arm64/err.d --serialize-diagnostics /Users/j/Documents/GitHub/MoneroOne/build/Build/Intermediates.noindex/swift-crypto.build/Debug-iphonesimulator/CCryptoBoringSSL.build/Objects-normal/arm64/err.dia -c /Users/j/Documents/GitHub/MoneroOne/build/SourcePackages/checkouts/swift-crypto/Sources/CCryptoBoringSSL/crypto/err/err.c -o /Users/j/Documents/GitHub/MoneroOne/build/Build/Intermediates.noindex/swift-crypto.build/Debug-iphonesimulator/CCryptoBoringSSL.build/Objects-normal/arm64/err.o -index-unit-output-path /swift-crypto.build/Debug-iphonesimulator/CCryptoBoringSSL.build/Objects-normal/arm64/err.o

ScanDependencies /Users/j/Documents/GitHub/MoneroOne/build/Build/Intermediates.noindex/swift-crypto.build/Debug-iphonesimulator/CCryptoBoringSSL.build/Objects-normal/arm64/engine.o /Users/j/Documents/GitHub/MoneroOne/build/SourcePackages/checkouts/swift-crypto/Sources/CCryptoBoringSSL/crypto/engine/engine.c normal arm64 c com.apple.compilers.llvm.clang.1_0.compiler (in target 'CCryptoBoringSSL' from project 'swift-crypto')
    cd /Users/j/Documents/GitHub/MoneroOne/MoneroOne.xcodeproj
    
    Using response file: /Users/j/Documents/GitHub/MoneroOne/build/Build/Intermediates.noindex/swift-crypto.build/Debug-iphonesimulator/CCryptoBoringSSL.build/Objects-normal/arm64/7187679823f38a2a940e0043cdf9d637-common-args.resp
    
    builtin-ScanDependencies -o /Users/j/Documents/GitHub/MoneroOne/build/Build/Intermediates.noindex/swift-crypto.build/Debug-iphonesimulator/CCryptoBoringSSL.build/Objects-normal/arm64/engine.o.scan -- /Applications/Xcode.app/Contents/Developer/Toolchains/XcodeDefault.xctoolchain/usr/bin/clang -x c -ivfsstatcache /Users/j/Documents/GitHub/MoneroOne/build/SDKStatCaches.noindex/iphonesimulator26.1-23B77-90cf18a4295e390e64c810bc6bd7acbc.sdkstatcache -fmessage-length\=0 -fdiagnostics-show-note-include-stack -fmacro-backtrace-limit\=0 -fno-color-diagnostics -fmodules-prune-interval\=86400 -fmodules-prune-after\=345600 -fbuild-session-file\=/Users/j/Documents/GitHub/MoneroOne/build/ModuleCache.noindex/Session.modulevalidation -fmodules-validate-once-per-build-session -Wnon-modular-include-in-framework-module -Werror\=non-modular-include-in-framework-module -Wno-trigraphs -Wno-missing-field-initializers -Wno-missing-prototypes -Wno-return-type -Wno-missing-braces -Wparentheses -Wswitch -Wno-unused-function -Wno-unused-label -Wno-unused-parameter -Wno-unused-variable -Wunused-value -Wno-empty-body -Wno-uninitialized -Wno-unknown-pragmas -w -Wno-shadow -Wno-four-char-constants -Wno-conversion -Wno-constant-conversion -Wno-int-conversion -Wno-bool-conversion -Wno-enum-conversion -Wno-float-conversion -Wno-non-literal-null-conversion -Wno-objc-literal-conversion -Wshorten-64-to-32 -Wpointer-sign -Wno-newline-eof -Wno-implicit-fallthrough -fstrict-aliasing -Wdeprecated-declarations -Wno-sign-conversion -Wno-infinite-recursion -Wno-comma -Wno-block-capture-autoreleasing -Wno-strict-prototypes -Wno-semicolon-before-method-body -index-store-path /Users/j/Documents/GitHub/MoneroOne/build/Index.noindex/DataStore @/Users/j/Documents/GitHub/MoneroOne/build/Build/Intermediates.noindex/swift-crypto.build/Debug-iphonesimulator/CCryptoBoringSSL.build/Objects-normal/arm64/7187679823f38a2a940e0043cdf9d637-common-args.resp -MMD -MT dependencies -MF /Users/j/Documents/GitHub/MoneroOne/build/Build/Intermediates.noindex/swift-crypto.build/Debug-iphonesimulator/CCryptoBoringSSL.build/Objects-normal/arm64/engine.d --serialize-diagnostics /Users/j/Documents/GitHub/MoneroOne/build/Build/Intermediates.noindex/swift-crypto.build/Debug-iphonesimulator/CCryptoBoringSSL.build/Objects-normal/arm64/engine.dia -c /Users/j/Documents/GitHub/MoneroOne/build/SourcePackages/checkouts/swift-crypto/Sources/CCryptoBoringSSL/crypto/engine/engine.c -o /Users/j/Documents/GitHub/MoneroOne/build/Build/Intermediates.noindex/swift-crypto.build/Debug-iphonesimulator/CCryptoBoringSSL.build/Objects-normal/arm64/engine.o -index-unit-output-path /swift-crypto.build/Debug-iphonesimulator/CCryptoBoringSSL.build/Objects-normal/arm64/engine.o

CompileC /Users/j/Documents/GitHub/MoneroOne/build/Build/Intermediates.noindex/swift-crypto.build/Debug-iphonesimulator/CCryptoBoringSSL.build/Objects-normal/arm64/err_data.o /Users/j/Documents/GitHub/MoneroOne/build/SourcePackages/checkouts/swift-crypto/Sources/CCryptoBoringSSL/crypto/err/err_data.c normal arm64 c com.apple.compilers.llvm.clang.1_0.compiler (in target 'CCryptoBoringSSL' from project 'swift-crypto')
    cd /Users/j/Documents/GitHub/MoneroOne/MoneroOne.xcodeproj
    
    Using response file: /Users/j/Documents/GitHub/MoneroOne/build/Build/Intermediates.noindex/swift-crypto.build/Debug-iphonesimulator/CCryptoBoringSSL.build/Objects-normal/arm64/7187679823f38a2a940e0043cdf9d637-common-args.resp
    
    /Applications/Xcode.app/Contents/Developer/Toolchains/XcodeDefault.xctoolchain/usr/bin/clang -x c -ivfsstatcache /Users/j/Documents/GitHub/MoneroOne/build/SDKStatCaches.noindex/iphonesimulator26.1-23B77-90cf18a4295e390e64c810bc6bd7acbc.sdkstatcache -fmessage-length\=0 -fdiagnostics-show-note-include-stack -fmacro-backtrace-limit\=0 -fno-color-diagnostics -fmodules-prune-interval\=86400 -fmodules-prune-after\=345600 -fbuild-session-file\=/Users/j/Documents/GitHub/MoneroOne/build/ModuleCache.noindex/Session.modulevalidation -fmodules-validate-once-per-build-session -Wnon-modular-include-in-framework-module -Werror\=non-modular-include-in-framework-module -Wno-trigraphs -Wno-missing-field-initializers -Wno-missing-prototypes -Wno-return-type -Wno-missing-braces -Wparentheses -Wswitch -Wno-unused-function -Wno-unused-label -Wno-unused-parameter -Wno-unused-variable -Wunused-value -Wno-empty-body -Wno-uninitialized -Wno-unknown-pragmas -w -Wno-shadow -Wno-four-char-constants -Wno-conversion -Wno-constant-conversion -Wno-int-conversion -Wno-bool-conversion -Wno-enum-conversion -Wno-float-conversion -Wno-non-literal-null-conversion -Wno-objc-literal-conversion -Wshorten-64-to-32 -Wpointer-sign -Wno-newline-eof -Wno-implicit-fallthrough -fstrict-aliasing -Wdeprecated-declarations -Wno-sign-conversion -Wno-infinite-recursion -Wno-comma -Wno-block-capture-autoreleasing -Wno-strict-prototypes -Wno-semicolon-before-method-body -index-store-path /Users/j/Documents/GitHub/MoneroOne/build/Index.noindex/DataStore @/Users/j/Documents/GitHub/MoneroOne/build/Build/Intermediates.noindex/swift-crypto.build/Debug-iphonesimulator/CCryptoBoringSSL.build/Objects-normal/arm64/7187679823f38a2a940e0043cdf9d637-common-args.resp -MMD -MT dependencies -MF /Users/j/Documents/GitHub/MoneroOne/build/Build/Intermediates.noindex/swift-crypto.build/Debug-iphonesimulator/CCryptoBoringSSL.build/Objects-normal/arm64/err_data.d --serialize-diagnostics /Users/j/Documents/GitHub/MoneroOne/build/Build/Intermediates.noindex/swift-crypto.build/Debug-iphonesimulator/CCryptoBoringSSL.build/Objects-normal/arm64/err_data.dia -c /Users/j/Documents/GitHub/MoneroOne/build/SourcePackages/checkouts/swift-crypto/Sources/CCryptoBoringSSL/crypto/err/err_data.c -o /Users/j/Documents/GitHub/MoneroOne/build/Build/Intermediates.noindex/swift-crypto.build/Debug-iphonesimulator/CCryptoBoringSSL.build/Objects-normal/arm64/err_data.o -index-unit-output-path /swift-crypto.build/Debug-iphonesimulator/CCryptoBoringSSL.build/Objects-normal/arm64/err_data.o

ScanDependencies /Users/j/Documents/GitHub/MoneroOne/build/Build/Intermediates.noindex/swift-crypto.build/Debug-iphonesimulator/CCryptoBoringSSL.build/Objects-normal/arm64/ecdsa_asn1.o /Users/j/Documents/GitHub/MoneroOne/build/SourcePackages/checkouts/swift-crypto/Sources/CCryptoBoringSSL/crypto/ecdsa_extra/ecdsa_asn1.c normal arm64 c com.apple.compilers.llvm.clang.1_0.compiler (in target 'CCryptoBoringSSL' from project 'swift-crypto')
    cd /Users/j/Documents/GitHub/MoneroOne/MoneroOne.xcodeproj
    
    Using response file: /Users/j/Documents/GitHub/MoneroOne/build/Build/Intermediates.noindex/swift-crypto.build/Debug-iphonesimulator/CCryptoBoringSSL.build/Objects-normal/arm64/7187679823f38a2a940e0043cdf9d637-common-args.resp
    
    builtin-ScanDependencies -o /Users/j/Documents/GitHub/MoneroOne/build/Build/Intermediates.noindex/swift-crypto.build/Debug-iphonesimulator/CCryptoBoringSSL.build/Objects-normal/arm64/ecdsa_asn1.o.scan -- /Applications/Xcode.app/Contents/Developer/Toolchains/XcodeDefault.xctoolchain/usr/bin/clang -x c -ivfsstatcache /Users/j/Documents/GitHub/MoneroOne/build/SDKStatCaches.noindex/iphonesimulator26.1-23B77-90cf18a4295e390e64c810bc6bd7acbc.sdkstatcache -fmessage-length\=0 -fdiagnostics-show-note-include-stack -fmacro-backtrace-limit\=0 -fno-color-diagnostics -fmodules-prune-interval\=86400 -fmodules-prune-after\=345600 -fbuild-session-file\=/Users/j/Documents/GitHub/MoneroOne/build/ModuleCache.noindex/Session.modulevalidation -fmodules-validate-once-per-build-session -Wnon-modular-include-in-framework-module -Werror\=non-modular-include-in-framework-module -Wno-trigraphs -Wno-missing-field-initializers -Wno-missing-prototypes -Wno-return-type -Wno-missing-braces -Wparentheses -Wswitch -Wno-unused-function -Wno-unused-label -Wno-unused-parameter -Wno-unused-variable -Wunused-value -Wno-empty-body -Wno-uninitialized -Wno-unknown-pragmas -w -Wno-shadow -Wno-four-char-constants -Wno-conversion -Wno-constant-conversion -Wno-int-conversion -Wno-bool-conversion -Wno-enum-conversion -Wno-float-conversion -Wno-non-literal-null-conversion -Wno-objc-literal-conversion -Wshorten-64-to-32 -Wpointer-sign -Wno-newline-eof -Wno-implicit-fallthrough -fstrict-aliasing -Wdeprecated-declarations -Wno-sign-conversion -Wno-infinite-recursion -Wno-comma -Wno-block-capture-autoreleasing -Wno-strict-prototypes -Wno-semicolon-before-method-body -index-store-path /Users/j/Documents/GitHub/MoneroOne/build/Index.noindex/DataStore @/Users/j/Documents/GitHub/MoneroOne/build/Build/Intermediates.noindex/swift-crypto.build/Debug-iphonesimulator/CCryptoBoringSSL.build/Objects-normal/arm64/7187679823f38a2a940e0043cdf9d637-common-args.resp -MMD -MT dependencies -MF /Users/j/Documents/GitHub/MoneroOne/build/Build/Intermediates.noindex/swift-crypto.build/Debug-iphonesimulator/CCryptoBoringSSL.build/Objects-normal/arm64/ecdsa_asn1.d --serialize-diagnostics /Users/j/Documents/GitHub/MoneroOne/build/Build/Intermediates.noindex/swift-crypto.build/Debug-iphonesimulator/CCryptoBoringSSL.build/Objects-normal/arm64/ecdsa_asn1.dia -c /Users/j/Documents/GitHub/MoneroOne/build/SourcePackages/checkouts/swift-crypto/Sources/CCryptoBoringSSL/crypto/ecdsa_extra/ecdsa_asn1.c -o /Users/j/Documents/GitHub/MoneroOne/build/Build/Intermediates.noindex/swift-crypto.build/Debug-iphonesimulator/CCryptoBoringSSL.build/Objects-normal/arm64/ecdsa_asn1.o -index-unit-output-path /swift-crypto.build/Debug-iphonesimulator/CCryptoBoringSSL.build/Objects-normal/arm64/ecdsa_asn1.o

ScanDependencies /Users/j/Documents/GitHub/MoneroOne/build/Build/Intermediates.noindex/swift-crypto.build/Debug-iphonesimulator/CCryptoBoringSSL.build/Objects-normal/arm64/ecdsa.o /Users/j/Documents/GitHub/MoneroOne/build/SourcePackages/checkouts/swift-crypto/Sources/CCryptoBoringSSL/crypto/fipsmodule/ecdsa/ecdsa.c normal arm64 c com.apple.compilers.llvm.clang.1_0.compiler (in target 'CCryptoBoringSSL' from project 'swift-crypto')
    cd /Users/j/Documents/GitHub/MoneroOne/MoneroOne.xcodeproj
    
    Using response file: /Users/j/Documents/GitHub/MoneroOne/build/Build/Intermediates.noindex/swift-crypto.build/Debug-iphonesimulator/CCryptoBoringSSL.build/Objects-normal/arm64/7187679823f38a2a940e0043cdf9d637-common-args.resp
    
    builtin-ScanDependencies -o /Users/j/Documents/GitHub/MoneroOne/build/Build/Intermediates.noindex/swift-crypto.build/Debug-iphonesimulator/CCryptoBoringSSL.build/Objects-normal/arm64/ecdsa.o.scan -- /Applications/Xcode.app/Contents/Developer/Toolchains/XcodeDefault.xctoolchain/usr/bin/clang -x c -ivfsstatcache /Users/j/Documents/GitHub/MoneroOne/build/SDKStatCaches.noindex/iphonesimulator26.1-23B77-90cf18a4295e390e64c810bc6bd7acbc.sdkstatcache -fmessage-length\=0 -fdiagnostics-show-note-include-stack -fmacro-backtrace-limit\=0 -fno-color-diagnostics -fmodules-prune-interval\=86400 -fmodules-prune-after\=345600 -fbuild-session-file\=/Users/j/Documents/GitHub/MoneroOne/build/ModuleCache.noindex/Session.modulevalidation -fmodules-validate-once-per-build-session -Wnon-modular-include-in-framework-module -Werror\=non-modular-include-in-framework-module -Wno-trigraphs -Wno-missing-field-initializers -Wno-missing-prototypes -Wno-return-type -Wno-missing-braces -Wparentheses -Wswitch -Wno-unused-function -Wno-unused-label -Wno-unused-parameter -Wno-unused-variable -Wunused-value -Wno-empty-body -Wno-uninitialized -Wno-unknown-pragmas -w -Wno-shadow -Wno-four-char-constants -Wno-conversion -Wno-constant-conversion -Wno-int-conversion -Wno-bool-conversion -Wno-enum-conversion -Wno-float-conversion -Wno-non-literal-null-conversion -Wno-objc-literal-conversion -Wshorten-64-to-32 -Wpointer-sign -Wno-newline-eof -Wno-implicit-fallthrough -fstrict-aliasing -Wdeprecated-declarations -Wno-sign-conversion -Wno-infinite-recursion -Wno-comma -Wno-block-capture-autoreleasing -Wno-strict-prototypes -Wno-semicolon-before-method-body -index-store-path /Users/j/Documents/GitHub/MoneroOne/build/Index.noindex/DataStore @/Users/j/Documents/GitHub/MoneroOne/build/Build/Intermediates.noindex/swift-crypto.build/Debug-iphonesimulator/CCryptoBoringSSL.build/Objects-normal/arm64/7187679823f38a2a940e0043cdf9d637-common-args.resp -MMD -MT dependencies -MF /Users/j/Documents/GitHub/MoneroOne/build/Build/Intermediates.noindex/swift-crypto.build/Debug-iphonesimulator/CCryptoBoringSSL.build/Objects-normal/arm64/ecdsa.d --serialize-diagnostics /Users/j/Documents/GitHub/MoneroOne/build/Build/Intermediates.noindex/swift-crypto.build/Debug-iphonesimulator/CCryptoBoringSSL.build/Objects-normal/arm64/ecdsa.dia -c /Users/j/Documents/GitHub/MoneroOne/build/SourcePackages/checkouts/swift-crypto/Sources/CCryptoBoringSSL/crypto/fipsmodule/ecdsa/ecdsa.c -o /Users/j/Documents/GitHub/MoneroOne/build/Build/Intermediates.noindex/swift-crypto.build/Debug-iphonesimulator/CCryptoBoringSSL.build/Objects-normal/arm64/ecdsa.o -index-unit-output-path /swift-crypto.build/Debug-iphonesimulator/CCryptoBoringSSL.build/Objects-normal/arm64/ecdsa.o

CompileC /Users/j/Documents/GitHub/MoneroOne/build/Build/Intermediates.noindex/swift-crypto.build/Debug-iphonesimulator/CCryptoBoringSSL.build/Objects-normal/arm64/err.o /Users/j/Documents/GitHub/MoneroOne/build/SourcePackages/checkouts/swift-crypto/Sources/CCryptoBoringSSL/crypto/err/err.c normal arm64 c com.apple.compilers.llvm.clang.1_0.compiler (in target 'CCryptoBoringSSL' from project 'swift-crypto')
    cd /Users/j/Documents/GitHub/MoneroOne/MoneroOne.xcodeproj
    
    Using response file: /Users/j/Documents/GitHub/MoneroOne/build/Build/Intermediates.noindex/swift-crypto.build/Debug-iphonesimulator/CCryptoBoringSSL.build/Objects-normal/arm64/7187679823f38a2a940e0043cdf9d637-common-args.resp
    
    /Applications/Xcode.app/Contents/Developer/Toolchains/XcodeDefault.xctoolchain/usr/bin/clang -x c -ivfsstatcache /Users/j/Documents/GitHub/MoneroOne/build/SDKStatCaches.noindex/iphonesimulator26.1-23B77-90cf18a4295e390e64c810bc6bd7acbc.sdkstatcache -fmessage-length\=0 -fdiagnostics-show-note-include-stack -fmacro-backtrace-limit\=0 -fno-color-diagnostics -fmodules-prune-interval\=86400 -fmodules-prune-after\=345600 -fbuild-session-file\=/Users/j/Documents/GitHub/MoneroOne/build/ModuleCache.noindex/Session.modulevalidation -fmodules-validate-once-per-build-session -Wnon-modular-include-in-framework-module -Werror\=non-modular-include-in-framework-module -Wno-trigraphs -Wno-missing-field-initializers -Wno-missing-prototypes -Wno-return-type -Wno-missing-braces -Wparentheses -Wswitch -Wno-unused-function -Wno-unused-label -Wno-unused-parameter -Wno-unused-variable -Wunused-value -Wno-empty-body -Wno-uninitialized -Wno-unknown-pragmas -w -Wno-shadow -Wno-four-char-constants -Wno-conversion -Wno-constant-conversion -Wno-int-conversion -Wno-bool-conversion -Wno-enum-conversion -Wno-float-conversion -Wno-non-literal-null-conversion -Wno-objc-literal-conversion -Wshorten-64-to-32 -Wpointer-sign -Wno-newline-eof -Wno-implicit-fallthrough -fstrict-aliasing -Wdeprecated-declarations -Wno-sign-conversion -Wno-infinite-recursion -Wno-comma -Wno-block-capture-autoreleasing -Wno-strict-prototypes -Wno-semicolon-before-method-body -index-store-path /Users/j/Documents/GitHub/MoneroOne/build/Index.noindex/DataStore @/Users/j/Documents/GitHub/MoneroOne/build/Build/Intermediates.noindex/swift-crypto.build/Debug-iphonesimulator/CCryptoBoringSSL.build/Objects-normal/arm64/7187679823f38a2a940e0043cdf9d637-common-args.resp -MMD -MT dependencies -MF /Users/j/Documents/GitHub/MoneroOne/build/Build/Intermediates.noindex/swift-crypto.build/Debug-iphonesimulator/CCryptoBoringSSL.build/Objects-normal/arm64/err.d --serialize-diagnostics /Users/j/Documents/GitHub/MoneroOne/build/Build/Intermediates.noindex/swift-crypto.build/Debug-iphonesimulator/CCryptoBoringSSL.build/Objects-normal/arm64/err.dia -c /Users/j/Documents/GitHub/MoneroOne/build/SourcePackages/checkouts/swift-crypto/Sources/CCryptoBoringSSL/crypto/err/err.c -o /Users/j/Documents/GitHub/MoneroOne/build/Build/Intermediates.noindex/swift-crypto.build/Debug-iphonesimulator/CCryptoBoringSSL.build/Objects-normal/arm64/err.o -index-unit-output-path /swift-crypto.build/Debug-iphonesimulator/CCryptoBoringSSL.build/Objects-normal/arm64/err.o

CompileC /Users/j/Documents/GitHub/MoneroOne/build/Build/Intermediates.noindex/swift-crypto.build/Debug-iphonesimulator/CCryptoBoringSSL.build/Objects-normal/arm64/engine.o /Users/j/Documents/GitHub/MoneroOne/build/SourcePackages/checkouts/swift-crypto/Sources/CCryptoBoringSSL/crypto/engine/engine.c normal arm64 c com.apple.compilers.llvm.clang.1_0.compiler (in target 'CCryptoBoringSSL' from project 'swift-crypto')
    cd /Users/j/Documents/GitHub/MoneroOne/MoneroOne.xcodeproj
    
    Using response file: /Users/j/Documents/GitHub/MoneroOne/build/Build/Intermediates.noindex/swift-crypto.build/Debug-iphonesimulator/CCryptoBoringSSL.build/Objects-normal/arm64/7187679823f38a2a940e0043cdf9d637-common-args.resp
    
    /Applications/Xcode.app/Contents/Developer/Toolchains/XcodeDefault.xctoolchain/usr/bin/clang -x c -ivfsstatcache /Users/j/Documents/GitHub/MoneroOne/build/SDKStatCaches.noindex/iphonesimulator26.1-23B77-90cf18a4295e390e64c810bc6bd7acbc.sdkstatcache -fmessage-length\=0 -fdiagnostics-show-note-include-stack -fmacro-backtrace-limit\=0 -fno-color-diagnostics -fmodules-prune-interval\=86400 -fmodules-prune-after\=345600 -fbuild-session-file\=/Users/j/Documents/GitHub/MoneroOne/build/ModuleCache.noindex/Session.modulevalidation -fmodules-validate-once-per-build-session -Wnon-modular-include-in-framework-module -Werror\=non-modular-include-in-framework-module -Wno-trigraphs -Wno-missing-field-initializers -Wno-missing-prototypes -Wno-return-type -Wno-missing-braces -Wparentheses -Wswitch -Wno-unused-function -Wno-unused-label -Wno-unused-parameter -Wno-unused-variable -Wunused-value -Wno-empty-body -Wno-uninitialized -Wno-unknown-pragmas -w -Wno-shadow -Wno-four-char-constants -Wno-conversion -Wno-constant-conversion -Wno-int-conversion -Wno-bool-conversion -Wno-enum-conversion -Wno-float-conversion -Wno-non-literal-null-conversion -Wno-objc-literal-conversion -Wshorten-64-to-32 -Wpointer-sign -Wno-newline-eof -Wno-implicit-fallthrough -fstrict-aliasing -Wdeprecated-declarations -Wno-sign-conversion -Wno-infinite-recursion -Wno-comma -Wno-block-capture-autoreleasing -Wno-strict-prototypes -Wno-semicolon-before-method-body -index-store-path /Users/j/Documents/GitHub/MoneroOne/build/Index.noindex/DataStore @/Users/j/Documents/GitHub/MoneroOne/build/Build/Intermediates.noindex/swift-crypto.build/Debug-iphonesimulator/CCryptoBoringSSL.build/Objects-normal/arm64/7187679823f38a2a940e0043cdf9d637-common-args.resp -MMD -MT dependencies -MF /Users/j/Documents/GitHub/MoneroOne/build/Build/Intermediates.noindex/swift-crypto.build/Debug-iphonesimulator/CCryptoBoringSSL.build/Objects-normal/arm64/engine.d --serialize-diagnostics /Users/j/Documents/GitHub/MoneroOne/build/Build/Intermediates.noindex/swift-crypto.build/Debug-iphonesimulator/CCryptoBoringSSL.build/Objects-normal/arm64/engine.dia -c /Users/j/Documents/GitHub/MoneroOne/build/SourcePackages/checkouts/swift-crypto/Sources/CCryptoBoringSSL/crypto/engine/engine.c -o /Users/j/Documents/GitHub/MoneroOne/build/Build/Intermediates.noindex/swift-crypto.build/Debug-iphonesimulator/CCryptoBoringSSL.build/Objects-normal/arm64/engine.o -index-unit-output-path /swift-crypto.build/Debug-iphonesimulator/CCryptoBoringSSL.build/Objects-normal/arm64/engine.o

ScanDependencies /Users/j/Documents/GitHub/MoneroOne/build/Build/Intermediates.noindex/swift-crypto.build/Debug-iphonesimulator/CCryptoBoringSSL.build/Objects-normal/arm64/ecdh_extra.o /Users/j/Documents/GitHub/MoneroOne/build/SourcePackages/checkouts/swift-crypto/Sources/CCryptoBoringSSL/crypto/ecdh_extra/ecdh_extra.c normal arm64 c com.apple.compilers.llvm.clang.1_0.compiler (in target 'CCryptoBoringSSL' from project 'swift-crypto')
    cd /Users/j/Documents/GitHub/MoneroOne/MoneroOne.xcodeproj
    
    Using response file: /Users/j/Documents/GitHub/MoneroOne/build/Build/Intermediates.noindex/swift-crypto.build/Debug-iphonesimulator/CCryptoBoringSSL.build/Objects-normal/arm64/7187679823f38a2a940e0043cdf9d637-common-args.resp
    
    builtin-ScanDependencies -o /Users/j/Documents/GitHub/MoneroOne/build/Build/Intermediates.noindex/swift-crypto.build/Debug-iphonesimulator/CCryptoBoringSSL.build/Objects-normal/arm64/ecdh_extra.o.scan -- /Applications/Xcode.app/Contents/Developer/Toolchains/XcodeDefault.xctoolchain/usr/bin/clang -x c -ivfsstatcache /Users/j/Documents/GitHub/MoneroOne/build/SDKStatCaches.noindex/iphonesimulator26.1-23B77-90cf18a4295e390e64c810bc6bd7acbc.sdkstatcache -fmessage-length\=0 -fdiagnostics-show-note-include-stack -fmacro-backtrace-limit\=0 -fno-color-diagnostics -fmodules-prune-interval\=86400 -fmodules-prune-after\=345600 -fbuild-session-file\=/Users/j/Documents/GitHub/MoneroOne/build/ModuleCache.noindex/Session.modulevalidation -fmodules-validate-once-per-build-session -Wnon-modular-include-in-framework-module -Werror\=non-modular-include-in-framework-module -Wno-trigraphs -Wno-missing-field-initializers -Wno-missing-prototypes -Wno-return-type -Wno-missing-braces -Wparentheses -Wswitch -Wno-unused-function -Wno-unused-label -Wno-unused-parameter -Wno-unused-variable -Wunused-value -Wno-empty-body -Wno-uninitialized -Wno-unknown-pragmas -w -Wno-shadow -Wno-four-char-constants -Wno-conversion -Wno-constant-conversion -Wno-int-conversion -Wno-bool-conversion -Wno-enum-conversion -Wno-float-conversion -Wno-non-literal-null-conversion -Wno-objc-literal-conversion -Wshorten-64-to-32 -Wpointer-sign -Wno-newline-eof -Wno-implicit-fallthrough -fstrict-aliasing -Wdeprecated-declarations -Wno-sign-conversion -Wno-infinite-recursion -Wno-comma -Wno-block-capture-autoreleasing -Wno-strict-prototypes -Wno-semicolon-before-method-body -index-store-path /Users/j/Documents/GitHub/MoneroOne/build/Index.noindex/DataStore @/Users/j/Documents/GitHub/MoneroOne/build/Build/Intermediates.noindex/swift-crypto.build/Debug-iphonesimulator/CCryptoBoringSSL.build/Objects-normal/arm64/7187679823f38a2a940e0043cdf9d637-common-args.resp -MMD -MT dependencies -MF /Users/j/Documents/GitHub/MoneroOne/build/Build/Intermediates.noindex/swift-crypto.build/Debug-iphonesimulator/CCryptoBoringSSL.build/Objects-normal/arm64/ecdh_extra.d --serialize-diagnostics /Users/j/Documents/GitHub/MoneroOne/build/Build/Intermediates.noindex/swift-crypto.build/Debug-iphonesimulator/CCryptoBoringSSL.build/Objects-normal/arm64/ecdh_extra.dia -c /Users/j/Documents/GitHub/MoneroOne/build/SourcePackages/checkouts/swift-crypto/Sources/CCryptoBoringSSL/crypto/ecdh_extra/ecdh_extra.c -o /Users/j/Documents/GitHub/MoneroOne/build/Build/Intermediates.noindex/swift-crypto.build/Debug-iphonesimulator/CCryptoBoringSSL.build/Objects-normal/arm64/ecdh_extra.o -index-unit-output-path /swift-crypto.build/Debug-iphonesimulator/CCryptoBoringSSL.build/Objects-normal/arm64/ecdh_extra.o

ScanDependencies /Users/j/Documents/GitHub/MoneroOne/build/Build/Intermediates.noindex/swift-crypto.build/Debug-iphonesimulator/CCryptoBoringSSL.build/Objects-normal/arm64/ecdh.o /Users/j/Documents/GitHub/MoneroOne/build/SourcePackages/checkouts/swift-crypto/Sources/CCryptoBoringSSL/crypto/fipsmodule/ecdh/ecdh.c normal arm64 c com.apple.compilers.llvm.clang.1_0.compiler (in target 'CCryptoBoringSSL' from project 'swift-crypto')
    cd /Users/j/Documents/GitHub/MoneroOne/MoneroOne.xcodeproj
    
    Using response file: /Users/j/Documents/GitHub/MoneroOne/build/Build/Intermediates.noindex/swift-crypto.build/Debug-iphonesimulator/CCryptoBoringSSL.build/Objects-normal/arm64/7187679823f38a2a940e0043cdf9d637-common-args.resp
    
    builtin-ScanDependencies -o /Users/j/Documents/GitHub/MoneroOne/build/Build/Intermediates.noindex/swift-crypto.build/Debug-iphonesimulator/CCryptoBoringSSL.build/Objects-normal/arm64/ecdh.o.scan -- /Applications/Xcode.app/Contents/Developer/Toolchains/XcodeDefault.xctoolchain/usr/bin/clang -x c -ivfsstatcache /Users/j/Documents/GitHub/MoneroOne/build/SDKStatCaches.noindex/iphonesimulator26.1-23B77-90cf18a4295e390e64c810bc6bd7acbc.sdkstatcache -fmessage-length\=0 -fdiagnostics-show-note-include-stack -fmacro-backtrace-limit\=0 -fno-color-diagnostics -fmodules-prune-interval\=86400 -fmodules-prune-after\=345600 -fbuild-session-file\=/Users/j/Documents/GitHub/MoneroOne/build/ModuleCache.noindex/Session.modulevalidation -fmodules-validate-once-per-build-session -Wnon-modular-include-in-framework-module -Werror\=non-modular-include-in-framework-module -Wno-trigraphs -Wno-missing-field-initializers -Wno-missing-prototypes -Wno-return-type -Wno-missing-braces -Wparentheses -Wswitch -Wno-unused-function -Wno-unused-label -Wno-unused-parameter -Wno-unused-variable -Wunused-value -Wno-empty-body -Wno-uninitialized -Wno-unknown-pragmas -w -Wno-shadow -Wno-four-char-constants -Wno-conversion -Wno-constant-conversion -Wno-int-conversion -Wno-bool-conversion -Wno-enum-conversion -Wno-float-conversion -Wno-non-literal-null-conversion -Wno-objc-literal-conversion -Wshorten-64-to-32 -Wpointer-sign -Wno-newline-eof -Wno-implicit-fallthrough -fstrict-aliasing -Wdeprecated-declarations -Wno-sign-conversion -Wno-infinite-recursion -Wno-comma -Wno-block-capture-autoreleasing -Wno-strict-prototypes -Wno-semicolon-before-method-body -index-store-path /Users/j/Documents/GitHub/MoneroOne/build/Index.noindex/DataStore @/Users/j/Documents/GitHub/MoneroOne/build/Build/Intermediates.noindex/swift-crypto.build/Debug-iphonesimulator/CCryptoBoringSSL.build/Objects-normal/arm64/7187679823f38a2a940e0043cdf9d637-common-args.resp -MMD -MT dependencies -MF /Users/j/Documents/GitHub/MoneroOne/build/Build/Intermediates.noindex/swift-crypto.build/Debug-iphonesimulator/CCryptoBoringSSL.build/Objects-normal/arm64/ecdh.d --serialize-diagnostics /Users/j/Documents/GitHub/MoneroOne/build/Build/Intermediates.noindex/swift-crypto.build/Debug-iphonesimulator/CCryptoBoringSSL.build/Objects-normal/arm64/ecdh.dia -c /Users/j/Documents/GitHub/MoneroOne/build/SourcePackages/checkouts/swift-crypto/Sources/CCryptoBoringSSL/crypto/fipsmodule/ecdh/ecdh.c -o /Users/j/Documents/GitHub/MoneroOne/build/Build/Intermediates.noindex/swift-crypto.build/Debug-iphonesimulator/CCryptoBoringSSL.build/Objects-normal/arm64/ecdh.o -index-unit-output-path /swift-crypto.build/Debug-iphonesimulator/CCryptoBoringSSL.build/Objects-normal/arm64/ecdh.o

CompileC /Users/j/Documents/GitHub/MoneroOne/build/Build/Intermediates.noindex/swift-crypto.build/Debug-iphonesimulator/CCryptoBoringSSL.build/Objects-normal/arm64/ecdsa_asn1.o /Users/j/Documents/GitHub/MoneroOne/build/SourcePackages/checkouts/swift-crypto/Sources/CCryptoBoringSSL/crypto/ecdsa_extra/ecdsa_asn1.c normal arm64 c com.apple.compilers.llvm.clang.1_0.compiler (in target 'CCryptoBoringSSL' from project 'swift-crypto')
    cd /Users/j/Documents/GitHub/MoneroOne/MoneroOne.xcodeproj
    
    Using response file: /Users/j/Documents/GitHub/MoneroOne/build/Build/Intermediates.noindex/swift-crypto.build/Debug-iphonesimulator/CCryptoBoringSSL.build/Objects-normal/arm64/7187679823f38a2a940e0043cdf9d637-common-args.resp
    
    /Applications/Xcode.app/Contents/Developer/Toolchains/XcodeDefault.xctoolchain/usr/bin/clang -x c -ivfsstatcache /Users/j/Documents/GitHub/MoneroOne/build/SDKStatCaches.noindex/iphonesimulator26.1-23B77-90cf18a4295e390e64c810bc6bd7acbc.sdkstatcache -fmessage-length\=0 -fdiagnostics-show-note-include-stack -fmacro-backtrace-limit\=0 -fno-color-diagnostics -fmodules-prune-interval\=86400 -fmodules-prune-after\=345600 -fbuild-session-file\=/Users/j/Documents/GitHub/MoneroOne/build/ModuleCache.noindex/Session.modulevalidation -fmodules-validate-once-per-build-session -Wnon-modular-include-in-framework-module -Werror\=non-modular-include-in-framework-module -Wno-trigraphs -Wno-missing-field-initializers -Wno-missing-prototypes -Wno-return-type -Wno-missing-braces -Wparentheses -Wswitch -Wno-unused-function -Wno-unused-label -Wno-unused-parameter -Wno-unused-variable -Wunused-value -Wno-empty-body -Wno-uninitialized -Wno-unknown-pragmas -w -Wno-shadow -Wno-four-char-constants -Wno-conversion -Wno-constant-conversion -Wno-int-conversion -Wno-bool-conversion -Wno-enum-conversion -Wno-float-conversion -Wno-non-literal-null-conversion -Wno-objc-literal-conversion -Wshorten-64-to-32 -Wpointer-sign -Wno-newline-eof -Wno-implicit-fallthrough -fstrict-aliasing -Wdeprecated-declarations -Wno-sign-conversion -Wno-infinite-recursion -Wno-comma -Wno-block-capture-autoreleasing -Wno-strict-prototypes -Wno-semicolon-before-method-body -index-store-path /Users/j/Documents/GitHub/MoneroOne/build/Index.noindex/DataStore @/Users/j/Documents/GitHub/MoneroOne/build/Build/Intermediates.noindex/swift-crypto.build/Debug-iphonesimulator/CCryptoBoringSSL.build/Objects-normal/arm64/7187679823f38a2a940e0043cdf9d637-common-args.resp -MMD -MT dependencies -MF /Users/j/Documents/GitHub/MoneroOne/build/Build/Intermediates.noindex/swift-crypto.build/Debug-iphonesimulator/CCryptoBoringSSL.build/Objects-normal/arm64/ecdsa_asn1.d --serialize-diagnostics /Users/j/Documents/GitHub/MoneroOne/build/Build/Intermediates.noindex/swift-crypto.build/Debug-iphonesimulator/CCryptoBoringSSL.build/Objects-normal/arm64/ecdsa_asn1.dia -c /Users/j/Documents/GitHub/MoneroOne/build/SourcePackages/checkouts/swift-crypto/Sources/CCryptoBoringSSL/crypto/ecdsa_extra/ecdsa_asn1.c -o /Users/j/Documents/GitHub/MoneroOne/build/Build/Intermediates.noindex/swift-crypto.build/Debug-iphonesimulator/CCryptoBoringSSL.build/Objects-normal/arm64/ecdsa_asn1.o -index-unit-output-path /swift-crypto.build/Debug-iphonesimulator/CCryptoBoringSSL.build/Objects-normal/arm64/ecdsa_asn1.o

ScanDependencies /Users/j/Documents/GitHub/MoneroOne/build/Build/Intermediates.noindex/swift-crypto.build/Debug-iphonesimulator/CCryptoBoringSSL.build/Objects-normal/arm64/ec_montgomery.o /Users/j/Documents/GitHub/MoneroOne/build/SourcePackages/checkouts/swift-crypto/Sources/CCryptoBoringSSL/crypto/fipsmodule/ec/ec_montgomery.c normal arm64 c com.apple.compilers.llvm.clang.1_0.compiler (in target 'CCryptoBoringSSL' from project 'swift-crypto')
    cd /Users/j/Documents/GitHub/MoneroOne/MoneroOne.xcodeproj
    
    Using response file: /Users/j/Documents/GitHub/MoneroOne/build/Build/Intermediates.noindex/swift-crypto.build/Debug-iphonesimulator/CCryptoBoringSSL.build/Objects-normal/arm64/7187679823f38a2a940e0043cdf9d637-common-args.resp
    
    builtin-ScanDependencies -o /Users/j/Documents/GitHub/MoneroOne/build/Build/Intermediates.noindex/swift-crypto.build/Debug-iphonesimulator/CCryptoBoringSSL.build/Objects-normal/arm64/ec_montgomery.o.scan -- /Applications/Xcode.app/Contents/Developer/Toolchains/XcodeDefault.xctoolchain/usr/bin/clang -x c -ivfsstatcache /Users/j/Documents/GitHub/MoneroOne/build/SDKStatCaches.noindex/iphonesimulator26.1-23B77-90cf18a4295e390e64c810bc6bd7acbc.sdkstatcache -fmessage-length\=0 -fdiagnostics-show-note-include-stack -fmacro-backtrace-limit\=0 -fno-color-diagnostics -fmodules-prune-interval\=86400 -fmodules-prune-after\=345600 -fbuild-session-file\=/Users/j/Documents/GitHub/MoneroOne/build/ModuleCache.noindex/Session.modulevalidation -fmodules-validate-once-per-build-session -Wnon-modular-include-in-framework-module -Werror\=non-modular-include-in-framework-module -Wno-trigraphs -Wno-missing-field-initializers -Wno-missing-prototypes -Wno-return-type -Wno-missing-braces -Wparentheses -Wswitch -Wno-unused-function -Wno-unused-label -Wno-unused-parameter -Wno-unused-variable -Wunused-value -Wno-empty-body -Wno-uninitialized -Wno-unknown-pragmas -w -Wno-shadow -Wno-four-char-constants -Wno-conversion -Wno-constant-conversion -Wno-int-conversion -Wno-bool-conversion -Wno-enum-conversion -Wno-float-conversion -Wno-non-literal-null-conversion -Wno-objc-literal-conversion -Wshorten-64-to-32 -Wpointer-sign -Wno-newline-eof -Wno-implicit-fallthrough -fstrict-aliasing -Wdeprecated-declarations -Wno-sign-conversion -Wno-infinite-recursion -Wno-comma -Wno-block-capture-autoreleasing -Wno-strict-prototypes -Wno-semicolon-before-method-body -index-store-path /Users/j/Documents/GitHub/MoneroOne/build/Index.noindex/DataStore @/Users/j/Documents/GitHub/MoneroOne/build/Build/Intermediates.noindex/swift-crypto.build/Debug-iphonesimulator/CCryptoBoringSSL.build/Objects-normal/arm64/7187679823f38a2a940e0043cdf9d637-common-args.resp -MMD -MT dependencies -MF /Users/j/Documents/GitHub/MoneroOne/build/Build/Intermediates.noindex/swift-crypto.build/Debug-iphonesimulator/CCryptoBoringSSL.build/Objects-normal/arm64/ec_montgomery.d --serialize-diagnostics /Users/j/Documents/GitHub/MoneroOne/build/Build/Intermediates.noindex/swift-crypto.build/Debug-iphonesimulator/CCryptoBoringSSL.build/Objects-normal/arm64/ec_montgomery.dia -c /Users/j/Documents/GitHub/MoneroOne/build/SourcePackages/checkouts/swift-crypto/Sources/CCryptoBoringSSL/crypto/fipsmodule/ec/ec_montgomery.c -o /Users/j/Documents/GitHub/MoneroOne/build/Build/Intermediates.noindex/swift-crypto.build/Debug-iphonesimulator/CCryptoBoringSSL.build/Objects-normal/arm64/ec_montgomery.o -index-unit-output-path /swift-crypto.build/Debug-iphonesimulator/CCryptoBoringSSL.build/Objects-normal/arm64/ec_montgomery.o

CompileC /Users/j/Documents/GitHub/MoneroOne/build/Build/Intermediates.noindex/swift-crypto.build/Debug-iphonesimulator/CCryptoBoringSSL.build/Objects-normal/arm64/ecdsa.o /Users/j/Documents/GitHub/MoneroOne/build/SourcePackages/checkouts/swift-crypto/Sources/CCryptoBoringSSL/crypto/fipsmodule/ecdsa/ecdsa.c normal arm64 c com.apple.compilers.llvm.clang.1_0.compiler (in target 'CCryptoBoringSSL' from project 'swift-crypto')
    cd /Users/j/Documents/GitHub/MoneroOne/MoneroOne.xcodeproj
    
    Using response file: /Users/j/Documents/GitHub/MoneroOne/build/Build/Intermediates.noindex/swift-crypto.build/Debug-iphonesimulator/CCryptoBoringSSL.build/Objects-normal/arm64/7187679823f38a2a940e0043cdf9d637-common-args.resp
    
    /Applications/Xcode.app/Contents/Developer/Toolchains/XcodeDefault.xctoolchain/usr/bin/clang -x c -ivfsstatcache /Users/j/Documents/GitHub/MoneroOne/build/SDKStatCaches.noindex/iphonesimulator26.1-23B77-90cf18a4295e390e64c810bc6bd7acbc.sdkstatcache -fmessage-length\=0 -fdiagnostics-show-note-include-stack -fmacro-backtrace-limit\=0 -fno-color-diagnostics -fmodules-prune-interval\=86400 -fmodules-prune-after\=345600 -fbuild-session-file\=/Users/j/Documents/GitHub/MoneroOne/build/ModuleCache.noindex/Session.modulevalidation -fmodules-validate-once-per-build-session -Wnon-modular-include-in-framework-module -Werror\=non-modular-include-in-framework-module -Wno-trigraphs -Wno-missing-field-initializers -Wno-missing-prototypes -Wno-return-type -Wno-missing-braces -Wparentheses -Wswitch -Wno-unused-function -Wno-unused-label -Wno-unused-parameter -Wno-unused-variable -Wunused-value -Wno-empty-body -Wno-uninitialized -Wno-unknown-pragmas -w -Wno-shadow -Wno-four-char-constants -Wno-conversion -Wno-constant-conversion -Wno-int-conversion -Wno-bool-conversion -Wno-enum-conversion -Wno-float-conversion -Wno-non-literal-null-conversion -Wno-objc-literal-conversion -Wshorten-64-to-32 -Wpointer-sign -Wno-newline-eof -Wno-implicit-fallthrough -fstrict-aliasing -Wdeprecated-declarations -Wno-sign-conversion -Wno-infinite-recursion -Wno-comma -Wno-block-capture-autoreleasing -Wno-strict-prototypes -Wno-semicolon-before-method-body -index-store-path /Users/j/Documents/GitHub/MoneroOne/build/Index.noindex/DataStore @/Users/j/Documents/GitHub/MoneroOne/build/Build/Intermediates.noindex/swift-crypto.build/Debug-iphonesimulator/CCryptoBoringSSL.build/Objects-normal/arm64/7187679823f38a2a940e0043cdf9d637-common-args.resp -MMD -MT dependencies -MF /Users/j/Documents/GitHub/MoneroOne/build/Build/Intermediates.noindex/swift-crypto.build/Debug-iphonesimulator/CCryptoBoringSSL.build/Objects-normal/arm64/ecdsa.d --serialize-diagnostics /Users/j/Documents/GitHub/MoneroOne/build/Build/Intermediates.noindex/swift-crypto.build/Debug-iphonesimulator/CCryptoBoringSSL.build/Objects-normal/arm64/ecdsa.dia -c /Users/j/Documents/GitHub/MoneroOne/build/SourcePackages/checkouts/swift-crypto/Sources/CCryptoBoringSSL/crypto/fipsmodule/ecdsa/ecdsa.c -o /Users/j/Documents/GitHub/MoneroOne/build/Build/Intermediates.noindex/swift-crypto.build/Debug-iphonesimulator/CCryptoBoringSSL.build/Objects-normal/arm64/ecdsa.o -index-unit-output-path /swift-crypto.build/Debug-iphonesimulator/CCryptoBoringSSL.build/Objects-normal/arm64/ecdsa.o

ScanDependencies /Users/j/Documents/GitHub/MoneroOne/build/Build/Intermediates.noindex/swift-crypto.build/Debug-iphonesimulator/CCryptoBoringSSL.build/Objects-normal/arm64/ec_key.o /Users/j/Documents/GitHub/MoneroOne/build/SourcePackages/checkouts/swift-crypto/Sources/CCryptoBoringSSL/crypto/fipsmodule/ec/ec_key.c normal arm64 c com.apple.compilers.llvm.clang.1_0.compiler (in target 'CCryptoBoringSSL' from project 'swift-crypto')
    cd /Users/j/Documents/GitHub/MoneroOne/MoneroOne.xcodeproj
    
    Using response file: /Users/j/Documents/GitHub/MoneroOne/build/Build/Intermediates.noindex/swift-crypto.build/Debug-iphonesimulator/CCryptoBoringSSL.build/Objects-normal/arm64/7187679823f38a2a940e0043cdf9d637-common-args.resp
    
    builtin-ScanDependencies -o /Users/j/Documents/GitHub/MoneroOne/build/Build/Intermediates.noindex/swift-crypto.build/Debug-iphonesimulator/CCryptoBoringSSL.build/Objects-normal/arm64/ec_key.o.scan -- /Applications/Xcode.app/Contents/Developer/Toolchains/XcodeDefault.xctoolchain/usr/bin/clang -x c -ivfsstatcache /Users/j/Documents/GitHub/MoneroOne/build/SDKStatCaches.noindex/iphonesimulator26.1-23B77-90cf18a4295e390e64c810bc6bd7acbc.sdkstatcache -fmessage-length\=0 -fdiagnostics-show-note-include-stack -fmacro-backtrace-limit\=0 -fno-color-diagnostics -fmodules-prune-interval\=86400 -fmodules-prune-after\=345600 -fbuild-session-file\=/Users/j/Documents/GitHub/MoneroOne/build/ModuleCache.noindex/Session.modulevalidation -fmodules-validate-once-per-build-session -Wnon-modular-include-in-framework-module -Werror\=non-modular-include-in-framework-module -Wno-trigraphs -Wno-missing-field-initializers -Wno-missing-prototypes -Wno-return-type -Wno-missing-braces -Wparentheses -Wswitch -Wno-unused-function -Wno-unused-label -Wno-unused-parameter -Wno-unused-variable -Wunused-value -Wno-empty-body -Wno-uninitialized -Wno-unknown-pragmas -w -Wno-shadow -Wno-four-char-constants -Wno-conversion -Wno-constant-conversion -Wno-int-conversion -Wno-bool-conversion -Wno-enum-conversion -Wno-float-conversion -Wno-non-literal-null-conversion -Wno-objc-literal-conversion -Wshorten-64-to-32 -Wpointer-sign -Wno-newline-eof -Wno-implicit-fallthrough -fstrict-aliasing -Wdeprecated-declarations -Wno-sign-conversion -Wno-infinite-recursion -Wno-comma -Wno-block-capture-autoreleasing -Wno-strict-prototypes -Wno-semicolon-before-method-body -index-store-path /Users/j/Documents/GitHub/MoneroOne/build/Index.noindex/DataStore @/Users/j/Documents/GitHub/MoneroOne/build/Build/Intermediates.noindex/swift-crypto.build/Debug-iphonesimulator/CCryptoBoringSSL.build/Objects-normal/arm64/7187679823f38a2a940e0043cdf9d637-common-args.resp -MMD -MT dependencies -MF /Users/j/Documents/GitHub/MoneroOne/build/Build/Intermediates.noindex/swift-crypto.build/Debug-iphonesimulator/CCryptoBoringSSL.build/Objects-normal/arm64/ec_key.d --serialize-diagnostics /Users/j/Documents/GitHub/MoneroOne/build/Build/Intermediates.noindex/swift-crypto.build/Debug-iphonesimulator/CCryptoBoringSSL.build/Objects-normal/arm64/ec_key.dia -c /Users/j/Documents/GitHub/MoneroOne/build/SourcePackages/checkouts/swift-crypto/Sources/CCryptoBoringSSL/crypto/fipsmodule/ec/ec_key.c -o /Users/j/Documents/GitHub/MoneroOne/build/Build/Intermediates.noindex/swift-crypto.build/Debug-iphonesimulator/CCryptoBoringSSL.build/Objects-normal/arm64/ec_key.o -index-unit-output-path /swift-crypto.build/Debug-iphonesimulator/CCryptoBoringSSL.build/Objects-normal/arm64/ec_key.o

CompileC /Users/j/Documents/GitHub/MoneroOne/build/Build/Intermediates.noindex/swift-crypto.build/Debug-iphonesimulator/CCryptoBoringSSL.build/Objects-normal/arm64/ecdh_extra.o /Users/j/Documents/GitHub/MoneroOne/build/SourcePackages/checkouts/swift-crypto/Sources/CCryptoBoringSSL/crypto/ecdh_extra/ecdh_extra.c normal arm64 c com.apple.compilers.llvm.clang.1_0.compiler (in target 'CCryptoBoringSSL' from project 'swift-crypto')
    cd /Users/j/Documents/GitHub/MoneroOne/MoneroOne.xcodeproj
    
    Using response file: /Users/j/Documents/GitHub/MoneroOne/build/Build/Intermediates.noindex/swift-crypto.build/Debug-iphonesimulator/CCryptoBoringSSL.build/Objects-normal/arm64/7187679823f38a2a940e0043cdf9d637-common-args.resp
    
    /Applications/Xcode.app/Contents/Developer/Toolchains/XcodeDefault.xctoolchain/usr/bin/clang -x c -ivfsstatcache /Users/j/Documents/GitHub/MoneroOne/build/SDKStatCaches.noindex/iphonesimulator26.1-23B77-90cf18a4295e390e64c810bc6bd7acbc.sdkstatcache -fmessage-length\=0 -fdiagnostics-show-note-include-stack -fmacro-backtrace-limit\=0 -fno-color-diagnostics -fmodules-prune-interval\=86400 -fmodules-prune-after\=345600 -fbuild-session-file\=/Users/j/Documents/GitHub/MoneroOne/build/ModuleCache.noindex/Session.modulevalidation -fmodules-validate-once-per-build-session -Wnon-modular-include-in-framework-module -Werror\=non-modular-include-in-framework-module -Wno-trigraphs -Wno-missing-field-initializers -Wno-missing-prototypes -Wno-return-type -Wno-missing-braces -Wparentheses -Wswitch -Wno-unused-function -Wno-unused-label -Wno-unused-parameter -Wno-unused-variable -Wunused-value -Wno-empty-body -Wno-uninitialized -Wno-unknown-pragmas -w -Wno-shadow -Wno-four-char-constants -Wno-conversion -Wno-constant-conversion -Wno-int-conversion -Wno-bool-conversion -Wno-enum-conversion -Wno-float-conversion -Wno-non-literal-null-conversion -Wno-objc-literal-conversion -Wshorten-64-to-32 -Wpointer-sign -Wno-newline-eof -Wno-implicit-fallthrough -fstrict-aliasing -Wdeprecated-declarations -Wno-sign-conversion -Wno-infinite-recursion -Wno-comma -Wno-block-capture-autoreleasing -Wno-strict-prototypes -Wno-semicolon-before-method-body -index-store-path /Users/j/Documents/GitHub/MoneroOne/build/Index.noindex/DataStore @/Users/j/Documents/GitHub/MoneroOne/build/Build/Intermediates.noindex/swift-crypto.build/Debug-iphonesimulator/CCryptoBoringSSL.build/Objects-normal/arm64/7187679823f38a2a940e0043cdf9d637-common-args.resp -MMD -MT dependencies -MF /Users/j/Documents/GitHub/MoneroOne/build/Build/Intermediates.noindex/swift-crypto.build/Debug-iphonesimulator/CCryptoBoringSSL.build/Objects-normal/arm64/ecdh_extra.d --serialize-diagnostics /Users/j/Documents/GitHub/MoneroOne/build/Build/Intermediates.noindex/swift-crypto.build/Debug-iphonesimulator/CCryptoBoringSSL.build/Objects-normal/arm64/ecdh_extra.dia -c /Users/j/Documents/GitHub/MoneroOne/build/SourcePackages/checkouts/swift-crypto/Sources/CCryptoBoringSSL/crypto/ecdh_extra/ecdh_extra.c -o /Users/j/Documents/GitHub/MoneroOne/build/Build/Intermediates.noindex/swift-crypto.build/Debug-iphonesimulator/CCryptoBoringSSL.build/Objects-normal/arm64/ecdh_extra.o -index-unit-output-path /swift-crypto.build/Debug-iphonesimulator/CCryptoBoringSSL.build/Objects-normal/arm64/ecdh_extra.o

CompileC /Users/j/Documents/GitHub/MoneroOne/build/Build/Intermediates.noindex/swift-crypto.build/Debug-iphonesimulator/CCryptoBoringSSL.build/Objects-normal/arm64/ecdh.o /Users/j/Documents/GitHub/MoneroOne/build/SourcePackages/checkouts/swift-crypto/Sources/CCryptoBoringSSL/crypto/fipsmodule/ecdh/ecdh.c normal arm64 c com.apple.compilers.llvm.clang.1_0.compiler (in target 'CCryptoBoringSSL' from project 'swift-crypto')
    cd /Users/j/Documents/GitHub/MoneroOne/MoneroOne.xcodeproj
    
    Using response file: /Users/j/Documents/GitHub/MoneroOne/build/Build/Intermediates.noindex/swift-crypto.build/Debug-iphonesimulator/CCryptoBoringSSL.build/Objects-normal/arm64/7187679823f38a2a940e0043cdf9d637-common-args.resp
    
    /Applications/Xcode.app/Contents/Developer/Toolchains/XcodeDefault.xctoolchain/usr/bin/clang -x c -ivfsstatcache /Users/j/Documents/GitHub/MoneroOne/build/SDKStatCaches.noindex/iphonesimulator26.1-23B77-90cf18a4295e390e64c810bc6bd7acbc.sdkstatcache -fmessage-length\=0 -fdiagnostics-show-note-include-stack -fmacro-backtrace-limit\=0 -fno-color-diagnostics -fmodules-prune-interval\=86400 -fmodules-prune-after\=345600 -fbuild-session-file\=/Users/j/Documents/GitHub/MoneroOne/build/ModuleCache.noindex/Session.modulevalidation -fmodules-validate-once-per-build-session -Wnon-modular-include-in-framework-module -Werror\=non-modular-include-in-framework-module -Wno-trigraphs -Wno-missing-field-initializers -Wno-missing-prototypes -Wno-return-type -Wno-missing-braces -Wparentheses -Wswitch -Wno-unused-function -Wno-unused-label -Wno-unused-parameter -Wno-unused-variable -Wunused-value -Wno-empty-body -Wno-uninitialized -Wno-unknown-pragmas -w -Wno-shadow -Wno-four-char-constants -Wno-conversion -Wno-constant-conversion -Wno-int-conversion -Wno-bool-conversion -Wno-enum-conversion -Wno-float-conversion -Wno-non-literal-null-conversion -Wno-objc-literal-conversion -Wshorten-64-to-32 -Wpointer-sign -Wno-newline-eof -Wno-implicit-fallthrough -fstrict-aliasing -Wdeprecated-declarations -Wno-sign-conversion -Wno-infinite-recursion -Wno-comma -Wno-block-capture-autoreleasing -Wno-strict-prototypes -Wno-semicolon-before-method-body -index-store-path /Users/j/Documents/GitHub/MoneroOne/build/Index.noindex/DataStore @/Users/j/Documents/GitHub/MoneroOne/build/Build/Intermediates.noindex/swift-crypto.build/Debug-iphonesimulator/CCryptoBoringSSL.build/Objects-normal/arm64/7187679823f38a2a940e0043cdf9d637-common-args.resp -MMD -MT dependencies -MF /Users/j/Documents/GitHub/MoneroOne/build/Build/Intermediates.noindex/swift-crypto.build/Debug-iphonesimulator/CCryptoBoringSSL.build/Objects-normal/arm64/ecdh.d --serialize-diagnostics /Users/j/Documents/GitHub/MoneroOne/build/Build/Intermediates.noindex/swift-crypto.build/Debug-iphonesimulator/CCryptoBoringSSL.build/Objects-normal/arm64/ecdh.dia -c /Users/j/Documents/GitHub/MoneroOne/build/SourcePackages/checkouts/swift-crypto/Sources/CCryptoBoringSSL/crypto/fipsmodule/ecdh/ecdh.c -o /Users/j/Documents/GitHub/MoneroOne/build/Build/Intermediates.noindex/swift-crypto.build/Debug-iphonesimulator/CCryptoBoringSSL.build/Objects-normal/arm64/ecdh.o -index-unit-output-path /swift-crypto.build/Debug-iphonesimulator/CCryptoBoringSSL.build/Objects-normal/arm64/ecdh.o

ScanDependencies /Users/j/Documents/GitHub/MoneroOne/build/Build/Intermediates.noindex/swift-crypto.build/Debug-iphonesimulator/CCryptoBoringSSL.build/Objects-normal/arm64/ec_derive.o /Users/j/Documents/GitHub/MoneroOne/build/SourcePackages/checkouts/swift-crypto/Sources/CCryptoBoringSSL/crypto/ec_extra/ec_derive.c normal arm64 c com.apple.compilers.llvm.clang.1_0.compiler (in target 'CCryptoBoringSSL' from project 'swift-crypto')
    cd /Users/j/Documents/GitHub/MoneroOne/MoneroOne.xcodeproj
    
    Using response file: /Users/j/Documents/GitHub/MoneroOne/build/Build/Intermediates.noindex/swift-crypto.build/Debug-iphonesimulator/CCryptoBoringSSL.build/Objects-normal/arm64/7187679823f38a2a940e0043cdf9d637-common-args.resp
    
    builtin-ScanDependencies -o /Users/j/Documents/GitHub/MoneroOne/build/Build/Intermediates.noindex/swift-crypto.build/Debug-iphonesimulator/CCryptoBoringSSL.build/Objects-normal/arm64/ec_derive.o.scan -- /Applications/Xcode.app/Contents/Developer/Toolchains/XcodeDefault.xctoolchain/usr/bin/clang -x c -ivfsstatcache /Users/j/Documents/GitHub/MoneroOne/build/SDKStatCaches.noindex/iphonesimulator26.1-23B77-90cf18a4295e390e64c810bc6bd7acbc.sdkstatcache -fmessage-length\=0 -fdiagnostics-show-note-include-stack -fmacro-backtrace-limit\=0 -fno-color-diagnostics -fmodules-prune-interval\=86400 -fmodules-prune-after\=345600 -fbuild-session-file\=/Users/j/Documents/GitHub/MoneroOne/build/ModuleCache.noindex/Session.modulevalidation -fmodules-validate-once-per-build-session -Wnon-modular-include-in-framework-module -Werror\=non-modular-include-in-framework-module -Wno-trigraphs -Wno-missing-field-initializers -Wno-missing-prototypes -Wno-return-type -Wno-missing-braces -Wparentheses -Wswitch -Wno-unused-function -Wno-unused-label -Wno-unused-parameter -Wno-unused-variable -Wunused-value -Wno-empty-body -Wno-uninitialized -Wno-unknown-pragmas -w -Wno-shadow -Wno-four-char-constants -Wno-conversion -Wno-constant-conversion -Wno-int-conversion -Wno-bool-conversion -Wno-enum-conversion -Wno-float-conversion -Wno-non-literal-null-conversion -Wno-objc-literal-conversion -Wshorten-64-to-32 -Wpointer-sign -Wno-newline-eof -Wno-implicit-fallthrough -fstrict-aliasing -Wdeprecated-declarations -Wno-sign-conversion -Wno-infinite-recursion -Wno-comma -Wno-block-capture-autoreleasing -Wno-strict-prototypes -Wno-semicolon-before-method-body -index-store-path /Users/j/Documents/GitHub/MoneroOne/build/Index.noindex/DataStore @/Users/j/Documents/GitHub/MoneroOne/build/Build/Intermediates.noindex/swift-crypto.build/Debug-iphonesimulator/CCryptoBoringSSL.build/Objects-normal/arm64/7187679823f38a2a940e0043cdf9d637-common-args.resp -MMD -MT dependencies -MF /Users/j/Documents/GitHub/MoneroOne/build/Build/Intermediates.noindex/swift-crypto.build/Debug-iphonesimulator/CCryptoBoringSSL.build/Objects-normal/arm64/ec_derive.d --serialize-diagnostics /Users/j/Documents/GitHub/MoneroOne/build/Build/Intermediates.noindex/swift-crypto.build/Debug-iphonesimulator/CCryptoBoringSSL.build/Objects-normal/arm64/ec_derive.dia -c /Users/j/Documents/GitHub/MoneroOne/build/SourcePackages/checkouts/swift-crypto/Sources/CCryptoBoringSSL/crypto/ec_extra/ec_derive.c -o /Users/j/Documents/GitHub/MoneroOne/build/Build/Intermediates.noindex/swift-crypto.build/Debug-iphonesimulator/CCryptoBoringSSL.build/Objects-normal/arm64/ec_derive.o -index-unit-output-path /swift-crypto.build/Debug-iphonesimulator/CCryptoBoringSSL.build/Objects-normal/arm64/ec_derive.o

ScanDependencies /Users/j/Documents/GitHub/MoneroOne/build/Build/Intermediates.noindex/swift-crypto.build/Debug-iphonesimulator/CCryptoBoringSSL.build/Objects-normal/arm64/ec_asn1.o /Users/j/Documents/GitHub/MoneroOne/build/SourcePackages/checkouts/swift-crypto/Sources/CCryptoBoringSSL/crypto/ec_extra/ec_asn1.c normal arm64 c com.apple.compilers.llvm.clang.1_0.compiler (in target 'CCryptoBoringSSL' from project 'swift-crypto')
    cd /Users/j/Documents/GitHub/MoneroOne/MoneroOne.xcodeproj
    
    Using response file: /Users/j/Documents/GitHub/MoneroOne/build/Build/Intermediates.noindex/swift-crypto.build/Debug-iphonesimulator/CCryptoBoringSSL.build/Objects-normal/arm64/7187679823f38a2a940e0043cdf9d637-common-args.resp
    
    builtin-ScanDependencies -o /Users/j/Documents/GitHub/MoneroOne/build/Build/Intermediates.noindex/swift-crypto.build/Debug-iphonesimulator/CCryptoBoringSSL.build/Objects-normal/arm64/ec_asn1.o.scan -- /Applications/Xcode.app/Contents/Developer/Toolchains/XcodeDefault.xctoolchain/usr/bin/clang -x c -ivfsstatcache /Users/j/Documents/GitHub/MoneroOne/build/SDKStatCaches.noindex/iphonesimulator26.1-23B77-90cf18a4295e390e64c810bc6bd7acbc.sdkstatcache -fmessage-length\=0 -fdiagnostics-show-note-include-stack -fmacro-backtrace-limit\=0 -fno-color-diagnostics -fmodules-prune-interval\=86400 -fmodules-prune-after\=345600 -fbuild-session-file\=/Users/j/Documents/GitHub/MoneroOne/build/ModuleCache.noindex/Session.modulevalidation -fmodules-validate-once-per-build-session -Wnon-modular-include-in-framework-module -Werror\=non-modular-include-in-framework-module -Wno-trigraphs -Wno-missing-field-initializers -Wno-missing-prototypes -Wno-return-type -Wno-missing-braces -Wparentheses -Wswitch -Wno-unused-function -Wno-unused-label -Wno-unused-parameter -Wno-unused-variable -Wunused-value -Wno-empty-body -Wno-uninitialized -Wno-unknown-pragmas -w -Wno-shadow -Wno-four-char-constants -Wno-conversion -Wno-constant-conversion -Wno-int-conversion -Wno-bool-conversion -Wno-enum-conversion -Wno-float-conversion -Wno-non-literal-null-conversion -Wno-objc-literal-conversion -Wshorten-64-to-32 -Wpointer-sign -Wno-newline-eof -Wno-implicit-fallthrough -fstrict-aliasing -Wdeprecated-declarations -Wno-sign-conversion -Wno-infinite-recursion -Wno-comma -Wno-block-capture-autoreleasing -Wno-strict-prototypes -Wno-semicolon-before-method-body -index-store-path /Users/j/Documents/GitHub/MoneroOne/build/Index.noindex/DataStore @/Users/j/Documents/GitHub/MoneroOne/build/Build/Intermediates.noindex/swift-crypto.build/Debug-iphonesimulator/CCryptoBoringSSL.build/Objects-normal/arm64/7187679823f38a2a940e0043cdf9d637-common-args.resp -MMD -MT dependencies -MF /Users/j/Documents/GitHub/MoneroOne/build/Build/Intermediates.noindex/swift-crypto.build/Debug-iphonesimulator/CCryptoBoringSSL.build/Objects-normal/arm64/ec_asn1.d --serialize-diagnostics /Users/j/Documents/GitHub/MoneroOne/build/Build/Intermediates.noindex/swift-crypto.build/Debug-iphonesimulator/CCryptoBoringSSL.build/Objects-normal/arm64/ec_asn1.dia -c /Users/j/Documents/GitHub/MoneroOne/build/SourcePackages/checkouts/swift-crypto/Sources/CCryptoBoringSSL/crypto/ec_extra/ec_asn1.c -o /Users/j/Documents/GitHub/MoneroOne/build/Build/Intermediates.noindex/swift-crypto.build/Debug-iphonesimulator/CCryptoBoringSSL.build/Objects-normal/arm64/ec_asn1.o -index-unit-output-path /swift-crypto.build/Debug-iphonesimulator/CCryptoBoringSSL.build/Objects-normal/arm64/ec_asn1.o

CompileC /Users/j/Documents/GitHub/MoneroOne/build/Build/Intermediates.noindex/swift-crypto.build/Debug-iphonesimulator/CCryptoBoringSSL.build/Objects-normal/arm64/ec_montgomery.o /Users/j/Documents/GitHub/MoneroOne/build/SourcePackages/checkouts/swift-crypto/Sources/CCryptoBoringSSL/crypto/fipsmodule/ec/ec_montgomery.c normal arm64 c com.apple.compilers.llvm.clang.1_0.compiler (in target 'CCryptoBoringSSL' from project 'swift-crypto')
    cd /Users/j/Documents/GitHub/MoneroOne/MoneroOne.xcodeproj
    
    Using response file: /Users/j/Documents/GitHub/MoneroOne/build/Build/Intermediates.noindex/swift-crypto.build/Debug-iphonesimulator/CCryptoBoringSSL.build/Objects-normal/arm64/7187679823f38a2a940e0043cdf9d637-common-args.resp
    
    /Applications/Xcode.app/Contents/Developer/Toolchains/XcodeDefault.xctoolchain/usr/bin/clang -x c -ivfsstatcache /Users/j/Documents/GitHub/MoneroOne/build/SDKStatCaches.noindex/iphonesimulator26.1-23B77-90cf18a4295e390e64c810bc6bd7acbc.sdkstatcache -fmessage-length\=0 -fdiagnostics-show-note-include-stack -fmacro-backtrace-limit\=0 -fno-color-diagnostics -fmodules-prune-interval\=86400 -fmodules-prune-after\=345600 -fbuild-session-file\=/Users/j/Documents/GitHub/MoneroOne/build/ModuleCache.noindex/Session.modulevalidation -fmodules-validate-once-per-build-session -Wnon-modular-include-in-framework-module -Werror\=non-modular-include-in-framework-module -Wno-trigraphs -Wno-missing-field-initializers -Wno-missing-prototypes -Wno-return-type -Wno-missing-braces -Wparentheses -Wswitch -Wno-unused-function -Wno-unused-label -Wno-unused-parameter -Wno-unused-variable -Wunused-value -Wno-empty-body -Wno-uninitialized -Wno-unknown-pragmas -w -Wno-shadow -Wno-four-char-constants -Wno-conversion -Wno-constant-conversion -Wno-int-conversion -Wno-bool-conversion -Wno-enum-conversion -Wno-float-conversion -Wno-non-literal-null-conversion -Wno-objc-literal-conversion -Wshorten-64-to-32 -Wpointer-sign -Wno-newline-eof -Wno-implicit-fallthrough -fstrict-aliasing -Wdeprecated-declarations -Wno-sign-conversion -Wno-infinite-recursion -Wno-comma -Wno-block-capture-autoreleasing -Wno-strict-prototypes -Wno-semicolon-before-method-body -index-store-path /Users/j/Documents/GitHub/MoneroOne/build/Index.noindex/DataStore @/Users/j/Documents/GitHub/MoneroOne/build/Build/Intermediates.noindex/swift-crypto.build/Debug-iphonesimulator/CCryptoBoringSSL.build/Objects-normal/arm64/7187679823f38a2a940e0043cdf9d637-common-args.resp -MMD -MT dependencies -MF /Users/j/Documents/GitHub/MoneroOne/build/Build/Intermediates.noindex/swift-crypto.build/Debug-iphonesimulator/CCryptoBoringSSL.build/Objects-normal/arm64/ec_montgomery.d --serialize-diagnostics /Users/j/Documents/GitHub/MoneroOne/build/Build/Intermediates.noindex/swift-crypto.build/Debug-iphonesimulator/CCryptoBoringSSL.build/Objects-normal/arm64/ec_montgomery.dia -c /Users/j/Documents/GitHub/MoneroOne/build/SourcePackages/checkouts/swift-crypto/Sources/CCryptoBoringSSL/crypto/fipsmodule/ec/ec_montgomery.c -o /Users/j/Documents/GitHub/MoneroOne/build/Build/Intermediates.noindex/swift-crypto.build/Debug-iphonesimulator/CCryptoBoringSSL.build/Objects-normal/arm64/ec_montgomery.o -index-unit-output-path /swift-crypto.build/Debug-iphonesimulator/CCryptoBoringSSL.build/Objects-normal/arm64/ec_montgomery.o

CompileC /Users/j/Documents/GitHub/MoneroOne/build/Build/Intermediates.noindex/swift-crypto.build/Debug-iphonesimulator/CCryptoBoringSSL.build/Objects-normal/arm64/ec_key.o /Users/j/Documents/GitHub/MoneroOne/build/SourcePackages/checkouts/swift-crypto/Sources/CCryptoBoringSSL/crypto/fipsmodule/ec/ec_key.c normal arm64 c com.apple.compilers.llvm.clang.1_0.compiler (in target 'CCryptoBoringSSL' from project 'swift-crypto')
    cd /Users/j/Documents/GitHub/MoneroOne/MoneroOne.xcodeproj
    
    Using response file: /Users/j/Documents/GitHub/MoneroOne/build/Build/Intermediates.noindex/swift-crypto.build/Debug-iphonesimulator/CCryptoBoringSSL.build/Objects-normal/arm64/7187679823f38a2a940e0043cdf9d637-common-args.resp
    
    /Applications/Xcode.app/Contents/Developer/Toolchains/XcodeDefault.xctoolchain/usr/bin/clang -x c -ivfsstatcache /Users/j/Documents/GitHub/MoneroOne/build/SDKStatCaches.noindex/iphonesimulator26.1-23B77-90cf18a4295e390e64c810bc6bd7acbc.sdkstatcache -fmessage-length\=0 -fdiagnostics-show-note-include-stack -fmacro-backtrace-limit\=0 -fno-color-diagnostics -fmodules-prune-interval\=86400 -fmodules-prune-after\=345600 -fbuild-session-file\=/Users/j/Documents/GitHub/MoneroOne/build/ModuleCache.noindex/Session.modulevalidation -fmodules-validate-once-per-build-session -Wnon-modular-include-in-framework-module -Werror\=non-modular-include-in-framework-module -Wno-trigraphs -Wno-missing-field-initializers -Wno-missing-prototypes -Wno-return-type -Wno-missing-braces -Wparentheses -Wswitch -Wno-unused-function -Wno-unused-label -Wno-unused-parameter -Wno-unused-variable -Wunused-value -Wno-empty-body -Wno-uninitialized -Wno-unknown-pragmas -w -Wno-shadow -Wno-four-char-constants -Wno-conversion -Wno-constant-conversion -Wno-int-conversion -Wno-bool-conversion -Wno-enum-conversion -Wno-float-conversion -Wno-non-literal-null-conversion -Wno-objc-literal-conversion -Wshorten-64-to-32 -Wpointer-sign -Wno-newline-eof -Wno-implicit-fallthrough -fstrict-aliasing -Wdeprecated-declarations -Wno-sign-conversion -Wno-infinite-recursion -Wno-comma -Wno-block-capture-autoreleasing -Wno-strict-prototypes -Wno-semicolon-before-method-body -index-store-path /Users/j/Documents/GitHub/MoneroOne/build/Index.noindex/DataStore @/Users/j/Documents/GitHub/MoneroOne/build/Build/Intermediates.noindex/swift-crypto.build/Debug-iphonesimulator/CCryptoBoringSSL.build/Objects-normal/arm64/7187679823f38a2a940e0043cdf9d637-common-args.resp -MMD -MT dependencies -MF /Users/j/Documents/GitHub/MoneroOne/build/Build/Intermediates.noindex/swift-crypto.build/Debug-iphonesimulator/CCryptoBoringSSL.build/Objects-normal/arm64/ec_key.d --serialize-diagnostics /Users/j/Documents/GitHub/MoneroOne/build/Build/Intermediates.noindex/swift-crypto.build/Debug-iphonesimulator/CCryptoBoringSSL.build/Objects-normal/arm64/ec_key.dia -c /Users/j/Documents/GitHub/MoneroOne/build/SourcePackages/checkouts/swift-crypto/Sources/CCryptoBoringSSL/crypto/fipsmodule/ec/ec_key.c -o /Users/j/Documents/GitHub/MoneroOne/build/Build/Intermediates.noindex/swift-crypto.build/Debug-iphonesimulator/CCryptoBoringSSL.build/Objects-normal/arm64/ec_key.o -index-unit-output-path /swift-crypto.build/Debug-iphonesimulator/CCryptoBoringSSL.build/Objects-normal/arm64/ec_key.o

ScanDependencies /Users/j/Documents/GitHub/MoneroOne/build/Build/Intermediates.noindex/swift-crypto.build/Debug-iphonesimulator/CCryptoBoringSSL.build/Objects-normal/arm64/ec.o /Users/j/Documents/GitHub/MoneroOne/build/SourcePackages/checkouts/swift-crypto/Sources/CCryptoBoringSSL/crypto/fipsmodule/ec/ec.c normal arm64 c com.apple.compilers.llvm.clang.1_0.compiler (in target 'CCryptoBoringSSL' from project 'swift-crypto')
    cd /Users/j/Documents/GitHub/MoneroOne/MoneroOne.xcodeproj
    
    Using response file: /Users/j/Documents/GitHub/MoneroOne/build/Build/Intermediates.noindex/swift-crypto.build/Debug-iphonesimulator/CCryptoBoringSSL.build/Objects-normal/arm64/7187679823f38a2a940e0043cdf9d637-common-args.resp
    
    builtin-ScanDependencies -o /Users/j/Documents/GitHub/MoneroOne/build/Build/Intermediates.noindex/swift-crypto.build/Debug-iphonesimulator/CCryptoBoringSSL.build/Objects-normal/arm64/ec.o.scan -- /Applications/Xcode.app/Contents/Developer/Toolchains/XcodeDefault.xctoolchain/usr/bin/clang -x c -ivfsstatcache /Users/j/Documents/GitHub/MoneroOne/build/SDKStatCaches.noindex/iphonesimulator26.1-23B77-90cf18a4295e390e64c810bc6bd7acbc.sdkstatcache -fmessage-length\=0 -fdiagnostics-show-note-include-stack -fmacro-backtrace-limit\=0 -fno-color-diagnostics -fmodules-prune-interval\=86400 -fmodules-prune-after\=345600 -fbuild-session-file\=/Users/j/Documents/GitHub/MoneroOne/build/ModuleCache.noindex/Session.modulevalidation -fmodules-validate-once-per-build-session -Wnon-modular-include-in-framework-module -Werror\=non-modular-include-in-framework-module -Wno-trigraphs -Wno-missing-field-initializers -Wno-missing-prototypes -Wno-return-type -Wno-missing-braces -Wparentheses -Wswitch -Wno-unused-function -Wno-unused-label -Wno-unused-parameter -Wno-unused-variable -Wunused-value -Wno-empty-body -Wno-uninitialized -Wno-unknown-pragmas -w -Wno-shadow -Wno-four-char-constants -Wno-conversion -Wno-constant-conversion -Wno-int-conversion -Wno-bool-conversion -Wno-enum-conversion -Wno-float-conversion -Wno-non-literal-null-conversion -Wno-objc-literal-conversion -Wshorten-64-to-32 -Wpointer-sign -Wno-newline-eof -Wno-implicit-fallthrough -fstrict-aliasing -Wdeprecated-declarations -Wno-sign-conversion -Wno-infinite-recursion -Wno-comma -Wno-block-capture-autoreleasing -Wno-strict-prototypes -Wno-semicolon-before-method-body -index-store-path /Users/j/Documents/GitHub/MoneroOne/build/Index.noindex/DataStore @/Users/j/Documents/GitHub/MoneroOne/build/Build/Intermediates.noindex/swift-crypto.build/Debug-iphonesimulator/CCryptoBoringSSL.build/Objects-normal/arm64/7187679823f38a2a940e0043cdf9d637-common-args.resp -MMD -MT dependencies -MF /Users/j/Documents/GitHub/MoneroOne/build/Build/Intermediates.noindex/swift-crypto.build/Debug-iphonesimulator/CCryptoBoringSSL.build/Objects-normal/arm64/ec.d --serialize-diagnostics /Users/j/Documents/GitHub/MoneroOne/build/Build/Intermediates.noindex/swift-crypto.build/Debug-iphonesimulator/CCryptoBoringSSL.build/Objects-normal/arm64/ec.dia -c /Users/j/Documents/GitHub/MoneroOne/build/SourcePackages/checkouts/swift-crypto/Sources/CCryptoBoringSSL/crypto/fipsmodule/ec/ec.c -o /Users/j/Documents/GitHub/MoneroOne/build/Build/Intermediates.noindex/swift-crypto.build/Debug-iphonesimulator/CCryptoBoringSSL.build/Objects-normal/arm64/ec.o -index-unit-output-path /swift-crypto.build/Debug-iphonesimulator/CCryptoBoringSSL.build/Objects-normal/arm64/ec.o

ScanDependencies /Users/j/Documents/GitHub/MoneroOne/build/Build/Intermediates.noindex/swift-crypto.build/Debug-iphonesimulator/CCryptoBoringSSL.build/Objects-normal/arm64/e_tls.o /Users/j/Documents/GitHub/MoneroOne/build/SourcePackages/checkouts/swift-crypto/Sources/CCryptoBoringSSL/crypto/cipher_extra/e_tls.c normal arm64 c com.apple.compilers.llvm.clang.1_0.compiler (in target 'CCryptoBoringSSL' from project 'swift-crypto')
    cd /Users/j/Documents/GitHub/MoneroOne/MoneroOne.xcodeproj
    
    Using response file: /Users/j/Documents/GitHub/MoneroOne/build/Build/Intermediates.noindex/swift-crypto.build/Debug-iphonesimulator/CCryptoBoringSSL.build/Objects-normal/arm64/7187679823f38a2a940e0043cdf9d637-common-args.resp
    
    builtin-ScanDependencies -o /Users/j/Documents/GitHub/MoneroOne/build/Build/Intermediates.noindex/swift-crypto.build/Debug-iphonesimulator/CCryptoBoringSSL.build/Objects-normal/arm64/e_tls.o.scan -- /Applications/Xcode.app/Contents/Developer/Toolchains/XcodeDefault.xctoolchain/usr/bin/clang -x c -ivfsstatcache /Users/j/Documents/GitHub/MoneroOne/build/SDKStatCaches.noindex/iphonesimulator26.1-23B77-90cf18a4295e390e64c810bc6bd7acbc.sdkstatcache -fmessage-length\=0 -fdiagnostics-show-note-include-stack -fmacro-backtrace-limit\=0 -fno-color-diagnostics -fmodules-prune-interval\=86400 -fmodules-prune-after\=345600 -fbuild-session-file\=/Users/j/Documents/GitHub/MoneroOne/build/ModuleCache.noindex/Session.modulevalidation -fmodules-validate-once-per-build-session -Wnon-modular-include-in-framework-module -Werror\=non-modular-include-in-framework-module -Wno-trigraphs -Wno-missing-field-initializers -Wno-missing-prototypes -Wno-return-type -Wno-missing-braces -Wparentheses -Wswitch -Wno-unused-function -Wno-unused-label -Wno-unused-parameter -Wno-unused-variable -Wunused-value -Wno-empty-body -Wno-uninitialized -Wno-unknown-pragmas -w -Wno-shadow -Wno-four-char-constants -Wno-conversion -Wno-constant-conversion -Wno-int-conversion -Wno-bool-conversion -Wno-enum-conversion -Wno-float-conversion -Wno-non-literal-null-conversion -Wno-objc-literal-conversion -Wshorten-64-to-32 -Wpointer-sign -Wno-newline-eof -Wno-implicit-fallthrough -fstrict-aliasing -Wdeprecated-declarations -Wno-sign-conversion -Wno-infinite-recursion -Wno-comma -Wno-block-capture-autoreleasing -Wno-strict-prototypes -Wno-semicolon-before-method-body -index-store-path /Users/j/Documents/GitHub/MoneroOne/build/Index.noindex/DataStore @/Users/j/Documents/GitHub/MoneroOne/build/Build/Intermediates.noindex/swift-crypto.build/Debug-iphonesimulator/CCryptoBoringSSL.build/Objects-normal/arm64/7187679823f38a2a940e0043cdf9d637-common-args.resp -MMD -MT dependencies -MF /Users/j/Documents/GitHub/MoneroOne/build/Build/Intermediates.noindex/swift-crypto.build/Debug-iphonesimulator/CCryptoBoringSSL.build/Objects-normal/arm64/e_tls.d --serialize-diagnostics /Users/j/Documents/GitHub/MoneroOne/build/Build/Intermediates.noindex/swift-crypto.build/Debug-iphonesimulator/CCryptoBoringSSL.build/Objects-normal/arm64/e_tls.dia -c /Users/j/Documents/GitHub/MoneroOne/build/SourcePackages/checkouts/swift-crypto/Sources/CCryptoBoringSSL/crypto/cipher_extra/e_tls.c -o /Users/j/Documents/GitHub/MoneroOne/build/Build/Intermediates.noindex/swift-crypto.build/Debug-iphonesimulator/CCryptoBoringSSL.build/Objects-normal/arm64/e_tls.o -index-unit-output-path /swift-crypto.build/Debug-iphonesimulator/CCryptoBoringSSL.build/Objects-normal/arm64/e_tls.o

CompileC /Users/j/Documents/GitHub/MoneroOne/build/Build/Intermediates.noindex/swift-crypto.build/Debug-iphonesimulator/CCryptoBoringSSL.build/Objects-normal/arm64/ec_derive.o /Users/j/Documents/GitHub/MoneroOne/build/SourcePackages/checkouts/swift-crypto/Sources/CCryptoBoringSSL/crypto/ec_extra/ec_derive.c normal arm64 c com.apple.compilers.llvm.clang.1_0.compiler (in target 'CCryptoBoringSSL' from project 'swift-crypto')
    cd /Users/j/Documents/GitHub/MoneroOne/MoneroOne.xcodeproj
    
    Using response file: /Users/j/Documents/GitHub/MoneroOne/build/Build/Intermediates.noindex/swift-crypto.build/Debug-iphonesimulator/CCryptoBoringSSL.build/Objects-normal/arm64/7187679823f38a2a940e0043cdf9d637-common-args.resp
    
    /Applications/Xcode.app/Contents/Developer/Toolchains/XcodeDefault.xctoolchain/usr/bin/clang -x c -ivfsstatcache /Users/j/Documents/GitHub/MoneroOne/build/SDKStatCaches.noindex/iphonesimulator26.1-23B77-90cf18a4295e390e64c810bc6bd7acbc.sdkstatcache -fmessage-length\=0 -fdiagnostics-show-note-include-stack -fmacro-backtrace-limit\=0 -fno-color-diagnostics -fmodules-prune-interval\=86400 -fmodules-prune-after\=345600 -fbuild-session-file\=/Users/j/Documents/GitHub/MoneroOne/build/ModuleCache.noindex/Session.modulevalidation -fmodules-validate-once-per-build-session -Wnon-modular-include-in-framework-module -Werror\=non-modular-include-in-framework-module -Wno-trigraphs -Wno-missing-field-initializers -Wno-missing-prototypes -Wno-return-type -Wno-missing-braces -Wparentheses -Wswitch -Wno-unused-function -Wno-unused-label -Wno-unused-parameter -Wno-unused-variable -Wunused-value -Wno-empty-body -Wno-uninitialized -Wno-unknown-pragmas -w -Wno-shadow -Wno-four-char-constants -Wno-conversion -Wno-constant-conversion -Wno-int-conversion -Wno-bool-conversion -Wno-enum-conversion -Wno-float-conversion -Wno-non-literal-null-conversion -Wno-objc-literal-conversion -Wshorten-64-to-32 -Wpointer-sign -Wno-newline-eof -Wno-implicit-fallthrough -fstrict-aliasing -Wdeprecated-declarations -Wno-sign-conversion -Wno-infinite-recursion -Wno-comma -Wno-block-capture-autoreleasing -Wno-strict-prototypes -Wno-semicolon-before-method-body -index-store-path /Users/j/Documents/GitHub/MoneroOne/build/Index.noindex/DataStore @/Users/j/Documents/GitHub/MoneroOne/build/Build/Intermediates.noindex/swift-crypto.build/Debug-iphonesimulator/CCryptoBoringSSL.build/Objects-normal/arm64/7187679823f38a2a940e0043cdf9d637-common-args.resp -MMD -MT dependencies -MF /Users/j/Documents/GitHub/MoneroOne/build/Build/Intermediates.noindex/swift-crypto.build/Debug-iphonesimulator/CCryptoBoringSSL.build/Objects-normal/arm64/ec_derive.d --serialize-diagnostics /Users/j/Documents/GitHub/MoneroOne/build/Build/Intermediates.noindex/swift-crypto.build/Debug-iphonesimulator/CCryptoBoringSSL.build/Objects-normal/arm64/ec_derive.dia -c /Users/j/Documents/GitHub/MoneroOne/build/SourcePackages/checkouts/swift-crypto/Sources/CCryptoBoringSSL/crypto/ec_extra/ec_derive.c -o /Users/j/Documents/GitHub/MoneroOne/build/Build/Intermediates.noindex/swift-crypto.build/Debug-iphonesimulator/CCryptoBoringSSL.build/Objects-normal/arm64/ec_derive.o -index-unit-output-path /swift-crypto.build/Debug-iphonesimulator/CCryptoBoringSSL.build/Objects-normal/arm64/ec_derive.o

CompileC /Users/j/Documents/GitHub/MoneroOne/build/Build/Intermediates.noindex/swift-crypto.build/Debug-iphonesimulator/CCryptoBoringSSL.build/Objects-normal/arm64/ec.o /Users/j/Documents/GitHub/MoneroOne/build/SourcePackages/checkouts/swift-crypto/Sources/CCryptoBoringSSL/crypto/fipsmodule/ec/ec.c normal arm64 c com.apple.compilers.llvm.clang.1_0.compiler (in target 'CCryptoBoringSSL' from project 'swift-crypto')
    cd /Users/j/Documents/GitHub/MoneroOne/MoneroOne.xcodeproj
    
    Using response file: /Users/j/Documents/GitHub/MoneroOne/build/Build/Intermediates.noindex/swift-crypto.build/Debug-iphonesimulator/CCryptoBoringSSL.build/Objects-normal/arm64/7187679823f38a2a940e0043cdf9d637-common-args.resp
    
    /Applications/Xcode.app/Contents/Developer/Toolchains/XcodeDefault.xctoolchain/usr/bin/clang -x c -ivfsstatcache /Users/j/Documents/GitHub/MoneroOne/build/SDKStatCaches.noindex/iphonesimulator26.1-23B77-90cf18a4295e390e64c810bc6bd7acbc.sdkstatcache -fmessage-length\=0 -fdiagnostics-show-note-include-stack -fmacro-backtrace-limit\=0 -fno-color-diagnostics -fmodules-prune-interval\=86400 -fmodules-prune-after\=345600 -fbuild-session-file\=/Users/j/Documents/GitHub/MoneroOne/build/ModuleCache.noindex/Session.modulevalidation -fmodules-validate-once-per-build-session -Wnon-modular-include-in-framework-module -Werror\=non-modular-include-in-framework-module -Wno-trigraphs -Wno-missing-field-initializers -Wno-missing-prototypes -Wno-return-type -Wno-missing-braces -Wparentheses -Wswitch -Wno-unused-function -Wno-unused-label -Wno-unused-parameter -Wno-unused-variable -Wunused-value -Wno-empty-body -Wno-uninitialized -Wno-unknown-pragmas -w -Wno-shadow -Wno-four-char-constants -Wno-conversion -Wno-constant-conversion -Wno-int-conversion -Wno-bool-conversion -Wno-enum-conversion -Wno-float-conversion -Wno-non-literal-null-conversion -Wno-objc-literal-conversion -Wshorten-64-to-32 -Wpointer-sign -Wno-newline-eof -Wno-implicit-fallthrough -fstrict-aliasing -Wdeprecated-declarations -Wno-sign-conversion -Wno-infinite-recursion -Wno-comma -Wno-block-capture-autoreleasing -Wno-strict-prototypes -Wno-semicolon-before-method-body -index-store-path /Users/j/Documents/GitHub/MoneroOne/build/Index.noindex/DataStore @/Users/j/Documents/GitHub/MoneroOne/build/Build/Intermediates.noindex/swift-crypto.build/Debug-iphonesimulator/CCryptoBoringSSL.build/Objects-normal/arm64/7187679823f38a2a940e0043cdf9d637-common-args.resp -MMD -MT dependencies -MF /Users/j/Documents/GitHub/MoneroOne/build/Build/Intermediates.noindex/swift-crypto.build/Debug-iphonesimulator/CCryptoBoringSSL.build/Objects-normal/arm64/ec.d --serialize-diagnostics /Users/j/Documents/GitHub/MoneroOne/build/Build/Intermediates.noindex/swift-crypto.build/Debug-iphonesimulator/CCryptoBoringSSL.build/Objects-normal/arm64/ec.dia -c /Users/j/Documents/GitHub/MoneroOne/build/SourcePackages/checkouts/swift-crypto/Sources/CCryptoBoringSSL/crypto/fipsmodule/ec/ec.c -o /Users/j/Documents/GitHub/MoneroOne/build/Build/Intermediates.noindex/swift-crypto.build/Debug-iphonesimulator/CCryptoBoringSSL.build/Objects-normal/arm64/ec.o -index-unit-output-path /swift-crypto.build/Debug-iphonesimulator/CCryptoBoringSSL.build/Objects-normal/arm64/ec.o

CompileC /Users/j/Documents/GitHub/MoneroOne/build/Build/Intermediates.noindex/swift-crypto.build/Debug-iphonesimulator/CCryptoBoringSSL.build/Objects-normal/arm64/e_tls.o /Users/j/Documents/GitHub/MoneroOne/build/SourcePackages/checkouts/swift-crypto/Sources/CCryptoBoringSSL/crypto/cipher_extra/e_tls.c normal arm64 c com.apple.compilers.llvm.clang.1_0.compiler (in target 'CCryptoBoringSSL' from project 'swift-crypto')
    cd /Users/j/Documents/GitHub/MoneroOne/MoneroOne.xcodeproj
    
    Using response file: /Users/j/Documents/GitHub/MoneroOne/build/Build/Intermediates.noindex/swift-crypto.build/Debug-iphonesimulator/CCryptoBoringSSL.build/Objects-normal/arm64/7187679823f38a2a940e0043cdf9d637-common-args.resp
    
    /Applications/Xcode.app/Contents/Developer/Toolchains/XcodeDefault.xctoolchain/usr/bin/clang -x c -ivfsstatcache /Users/j/Documents/GitHub/MoneroOne/build/SDKStatCaches.noindex/iphonesimulator26.1-23B77-90cf18a4295e390e64c810bc6bd7acbc.sdkstatcache -fmessage-length\=0 -fdiagnostics-show-note-include-stack -fmacro-backtrace-limit\=0 -fno-color-diagnostics -fmodules-prune-interval\=86400 -fmodules-prune-after\=345600 -fbuild-session-file\=/Users/j/Documents/GitHub/MoneroOne/build/ModuleCache.noindex/Session.modulevalidation -fmodules-validate-once-per-build-session -Wnon-modular-include-in-framework-module -Werror\=non-modular-include-in-framework-module -Wno-trigraphs -Wno-missing-field-initializers -Wno-missing-prototypes -Wno-return-type -Wno-missing-braces -Wparentheses -Wswitch -Wno-unused-function -Wno-unused-label -Wno-unused-parameter -Wno-unused-variable -Wunused-value -Wno-empty-body -Wno-uninitialized -Wno-unknown-pragmas -w -Wno-shadow -Wno-four-char-constants -Wno-conversion -Wno-constant-conversion -Wno-int-conversion -Wno-bool-conversion -Wno-enum-conversion -Wno-float-conversion -Wno-non-literal-null-conversion -Wno-objc-literal-conversion -Wshorten-64-to-32 -Wpointer-sign -Wno-newline-eof -Wno-implicit-fallthrough -fstrict-aliasing -Wdeprecated-declarations -Wno-sign-conversion -Wno-infinite-recursion -Wno-comma -Wno-block-capture-autoreleasing -Wno-strict-prototypes -Wno-semicolon-before-method-body -index-store-path /Users/j/Documents/GitHub/MoneroOne/build/Index.noindex/DataStore @/Users/j/Documents/GitHub/MoneroOne/build/Build/Intermediates.noindex/swift-crypto.build/Debug-iphonesimulator/CCryptoBoringSSL.build/Objects-normal/arm64/7187679823f38a2a940e0043cdf9d637-common-args.resp -MMD -MT dependencies -MF /Users/j/Documents/GitHub/MoneroOne/build/Build/Intermediates.noindex/swift-crypto.build/Debug-iphonesimulator/CCryptoBoringSSL.build/Objects-normal/arm64/e_tls.d --serialize-diagnostics /Users/j/Documents/GitHub/MoneroOne/build/Build/Intermediates.noindex/swift-crypto.build/Debug-iphonesimulator/CCryptoBoringSSL.build/Objects-normal/arm64/e_tls.dia -c /Users/j/Documents/GitHub/MoneroOne/build/SourcePackages/checkouts/swift-crypto/Sources/CCryptoBoringSSL/crypto/cipher_extra/e_tls.c -o /Users/j/Documents/GitHub/MoneroOne/build/Build/Intermediates.noindex/swift-crypto.build/Debug-iphonesimulator/CCryptoBoringSSL.build/Objects-normal/arm64/e_tls.o -index-unit-output-path /swift-crypto.build/Debug-iphonesimulator/CCryptoBoringSSL.build/Objects-normal/arm64/e_tls.o

CompileC /Users/j/Documents/GitHub/MoneroOne/build/Build/Intermediates.noindex/swift-crypto.build/Debug-iphonesimulator/CCryptoBoringSSL.build/Objects-normal/arm64/ec_asn1.o /Users/j/Documents/GitHub/MoneroOne/build/SourcePackages/checkouts/swift-crypto/Sources/CCryptoBoringSSL/crypto/ec_extra/ec_asn1.c normal arm64 c com.apple.compilers.llvm.clang.1_0.compiler (in target 'CCryptoBoringSSL' from project 'swift-crypto')
    cd /Users/j/Documents/GitHub/MoneroOne/MoneroOne.xcodeproj
    
    Using response file: /Users/j/Documents/GitHub/MoneroOne/build/Build/Intermediates.noindex/swift-crypto.build/Debug-iphonesimulator/CCryptoBoringSSL.build/Objects-normal/arm64/7187679823f38a2a940e0043cdf9d637-common-args.resp
    
    /Applications/Xcode.app/Contents/Developer/Toolchains/XcodeDefault.xctoolchain/usr/bin/clang -x c -ivfsstatcache /Users/j/Documents/GitHub/MoneroOne/build/SDKStatCaches.noindex/iphonesimulator26.1-23B77-90cf18a4295e390e64c810bc6bd7acbc.sdkstatcache -fmessage-length\=0 -fdiagnostics-show-note-include-stack -fmacro-backtrace-limit\=0 -fno-color-diagnostics -fmodules-prune-interval\=86400 -fmodules-prune-after\=345600 -fbuild-session-file\=/Users/j/Documents/GitHub/MoneroOne/build/ModuleCache.noindex/Session.modulevalidation -fmodules-validate-once-per-build-session -Wnon-modular-include-in-framework-module -Werror\=non-modular-include-in-framework-module -Wno-trigraphs -Wno-missing-field-initializers -Wno-missing-prototypes -Wno-return-type -Wno-missing-braces -Wparentheses -Wswitch -Wno-unused-function -Wno-unused-label -Wno-unused-parameter -Wno-unused-variable -Wunused-value -Wno-empty-body -Wno-uninitialized -Wno-unknown-pragmas -w -Wno-shadow -Wno-four-char-constants -Wno-conversion -Wno-constant-conversion -Wno-int-conversion -Wno-bool-conversion -Wno-enum-conversion -Wno-float-conversion -Wno-non-literal-null-conversion -Wno-objc-literal-conversion -Wshorten-64-to-32 -Wpointer-sign -Wno-newline-eof -Wno-implicit-fallthrough -fstrict-aliasing -Wdeprecated-declarations -Wno-sign-conversion -Wno-infinite-recursion -Wno-comma -Wno-block-capture-autoreleasing -Wno-strict-prototypes -Wno-semicolon-before-method-body -index-store-path /Users/j/Documents/GitHub/MoneroOne/build/Index.noindex/DataStore @/Users/j/Documents/GitHub/MoneroOne/build/Build/Intermediates.noindex/swift-crypto.build/Debug-iphonesimulator/CCryptoBoringSSL.build/Objects-normal/arm64/7187679823f38a2a940e0043cdf9d637-common-args.resp -MMD -MT dependencies -MF /Users/j/Documents/GitHub/MoneroOne/build/Build/Intermediates.noindex/swift-crypto.build/Debug-iphonesimulator/CCryptoBoringSSL.build/Objects-normal/arm64/ec_asn1.d --serialize-diagnostics /Users/j/Documents/GitHub/MoneroOne/build/Build/Intermediates.noindex/swift-crypto.build/Debug-iphonesimulator/CCryptoBoringSSL.build/Objects-normal/arm64/ec_asn1.dia -c /Users/j/Documents/GitHub/MoneroOne/build/SourcePackages/checkouts/swift-crypto/Sources/CCryptoBoringSSL/crypto/ec_extra/ec_asn1.c -o /Users/j/Documents/GitHub/MoneroOne/build/Build/Intermediates.noindex/swift-crypto.build/Debug-iphonesimulator/CCryptoBoringSSL.build/Objects-normal/arm64/ec_asn1.o -index-unit-output-path /swift-crypto.build/Debug-iphonesimulator/CCryptoBoringSSL.build/Objects-normal/arm64/ec_asn1.o

ScanDependencies /Users/j/Documents/GitHub/MoneroOne/build/Build/Intermediates.noindex/swift-crypto.build/Debug-iphonesimulator/CCryptoBoringSSL.build/Objects-normal/arm64/e_rc4.o /Users/j/Documents/GitHub/MoneroOne/build/SourcePackages/checkouts/swift-crypto/Sources/CCryptoBoringSSL/crypto/cipher_extra/e_rc4.c normal arm64 c com.apple.compilers.llvm.clang.1_0.compiler (in target 'CCryptoBoringSSL' from project 'swift-crypto')
    cd /Users/j/Documents/GitHub/MoneroOne/MoneroOne.xcodeproj
    
    Using response file: /Users/j/Documents/GitHub/MoneroOne/build/Build/Intermediates.noindex/swift-crypto.build/Debug-iphonesimulator/CCryptoBoringSSL.build/Objects-normal/arm64/7187679823f38a2a940e0043cdf9d637-common-args.resp
    
    builtin-ScanDependencies -o /Users/j/Documents/GitHub/MoneroOne/build/Build/Intermediates.noindex/swift-crypto.build/Debug-iphonesimulator/CCryptoBoringSSL.build/Objects-normal/arm64/e_rc4.o.scan -- /Applications/Xcode.app/Contents/Developer/Toolchains/XcodeDefault.xctoolchain/usr/bin/clang -x c -ivfsstatcache /Users/j/Documents/GitHub/MoneroOne/build/SDKStatCaches.noindex/iphonesimulator26.1-23B77-90cf18a4295e390e64c810bc6bd7acbc.sdkstatcache -fmessage-length\=0 -fdiagnostics-show-note-include-stack -fmacro-backtrace-limit\=0 -fno-color-diagnostics -fmodules-prune-interval\=86400 -fmodules-prune-after\=345600 -fbuild-session-file\=/Users/j/Documents/GitHub/MoneroOne/build/ModuleCache.noindex/Session.modulevalidation -fmodules-validate-once-per-build-session -Wnon-modular-include-in-framework-module -Werror\=non-modular-include-in-framework-module -Wno-trigraphs -Wno-missing-field-initializers -Wno-missing-prototypes -Wno-return-type -Wno-missing-braces -Wparentheses -Wswitch -Wno-unused-function -Wno-unused-label -Wno-unused-parameter -Wno-unused-variable -Wunused-value -Wno-empty-body -Wno-uninitialized -Wno-unknown-pragmas -w -Wno-shadow -Wno-four-char-constants -Wno-conversion -Wno-constant-conversion -Wno-int-conversion -Wno-bool-conversion -Wno-enum-conversion -Wno-float-conversion -Wno-non-literal-null-conversion -Wno-objc-literal-conversion -Wshorten-64-to-32 -Wpointer-sign -Wno-newline-eof -Wno-implicit-fallthrough -fstrict-aliasing -Wdeprecated-declarations -Wno-sign-conversion -Wno-infinite-recursion -Wno-comma -Wno-block-capture-autoreleasing -Wno-strict-prototypes -Wno-semicolon-before-method-body -index-store-path /Users/j/Documents/GitHub/MoneroOne/build/Index.noindex/DataStore @/Users/j/Documents/GitHub/MoneroOne/build/Build/Intermediates.noindex/swift-crypto.build/Debug-iphonesimulator/CCryptoBoringSSL.build/Objects-normal/arm64/7187679823f38a2a940e0043cdf9d637-common-args.resp -MMD -MT dependencies -MF /Users/j/Documents/GitHub/MoneroOne/build/Build/Intermediates.noindex/swift-crypto.build/Debug-iphonesimulator/CCryptoBoringSSL.build/Objects-normal/arm64/e_rc4.d --serialize-diagnostics /Users/j/Documents/GitHub/MoneroOne/build/Build/Intermediates.noindex/swift-crypto.build/Debug-iphonesimulator/CCryptoBoringSSL.build/Objects-normal/arm64/e_rc4.dia -c /Users/j/Documents/GitHub/MoneroOne/build/SourcePackages/checkouts/swift-crypto/Sources/CCryptoBoringSSL/crypto/cipher_extra/e_rc4.c -o /Users/j/Documents/GitHub/MoneroOne/build/Build/Intermediates.noindex/swift-crypto.build/Debug-iphonesimulator/CCryptoBoringSSL.build/Objects-normal/arm64/e_rc4.o -index-unit-output-path /swift-crypto.build/Debug-iphonesimulator/CCryptoBoringSSL.build/Objects-normal/arm64/e_rc4.o

ScanDependencies /Users/j/Documents/GitHub/MoneroOne/build/Build/Intermediates.noindex/swift-crypto.build/Debug-iphonesimulator/CCryptoBoringSSL.build/Objects-normal/arm64/e_rc2.o /Users/j/Documents/GitHub/MoneroOne/build/SourcePackages/checkouts/swift-crypto/Sources/CCryptoBoringSSL/crypto/cipher_extra/e_rc2.c normal arm64 c com.apple.compilers.llvm.clang.1_0.compiler (in target 'CCryptoBoringSSL' from project 'swift-crypto')
    cd /Users/j/Documents/GitHub/MoneroOne/MoneroOne.xcodeproj
    
    Using response file: /Users/j/Documents/GitHub/MoneroOne/build/Build/Intermediates.noindex/swift-crypto.build/Debug-iphonesimulator/CCryptoBoringSSL.build/Objects-normal/arm64/7187679823f38a2a940e0043cdf9d637-common-args.resp
    
    builtin-ScanDependencies -o /Users/j/Documents/GitHub/MoneroOne/build/Build/Intermediates.noindex/swift-crypto.build/Debug-iphonesimulator/CCryptoBoringSSL.build/Objects-normal/arm64/e_rc2.o.scan -- /Applications/Xcode.app/Contents/Developer/Toolchains/XcodeDefault.xctoolchain/usr/bin/clang -x c -ivfsstatcache /Users/j/Documents/GitHub/MoneroOne/build/SDKStatCaches.noindex/iphonesimulator26.1-23B77-90cf18a4295e390e64c810bc6bd7acbc.sdkstatcache -fmessage-length\=0 -fdiagnostics-show-note-include-stack -fmacro-backtrace-limit\=0 -fno-color-diagnostics -fmodules-prune-interval\=86400 -fmodules-prune-after\=345600 -fbuild-session-file\=/Users/j/Documents/GitHub/MoneroOne/build/ModuleCache.noindex/Session.modulevalidation -fmodules-validate-once-per-build-session -Wnon-modular-include-in-framework-module -Werror\=non-modular-include-in-framework-module -Wno-trigraphs -Wno-missing-field-initializers -Wno-missing-prototypes -Wno-return-type -Wno-missing-braces -Wparentheses -Wswitch -Wno-unused-function -Wno-unused-label -Wno-unused-parameter -Wno-unused-variable -Wunused-value -Wno-empty-body -Wno-uninitialized -Wno-unknown-pragmas -w -Wno-shadow -Wno-four-char-constants -Wno-conversion -Wno-constant-conversion -Wno-int-conversion -Wno-bool-conversion -Wno-enum-conversion -Wno-float-conversion -Wno-non-literal-null-conversion -Wno-objc-literal-conversion -Wshorten-64-to-32 -Wpointer-sign -Wno-newline-eof -Wno-implicit-fallthrough -fstrict-aliasing -Wdeprecated-declarations -Wno-sign-conversion -Wno-infinite-recursion -Wno-comma -Wno-block-capture-autoreleasing -Wno-strict-prototypes -Wno-semicolon-before-method-body -index-store-path /Users/j/Documents/GitHub/MoneroOne/build/Index.noindex/DataStore @/Users/j/Documents/GitHub/MoneroOne/build/Build/Intermediates.noindex/swift-crypto.build/Debug-iphonesimulator/CCryptoBoringSSL.build/Objects-normal/arm64/7187679823f38a2a940e0043cdf9d637-common-args.resp -MMD -MT dependencies -MF /Users/j/Documents/GitHub/MoneroOne/build/Build/Intermediates.noindex/swift-crypto.build/Debug-iphonesimulator/CCryptoBoringSSL.build/Objects-normal/arm64/e_rc2.d --serialize-diagnostics /Users/j/Documents/GitHub/MoneroOne/build/Build/Intermediates.noindex/swift-crypto.build/Debug-iphonesimulator/CCryptoBoringSSL.build/Objects-normal/arm64/e_rc2.dia -c /Users/j/Documents/GitHub/MoneroOne/build/SourcePackages/checkouts/swift-crypto/Sources/CCryptoBoringSSL/crypto/cipher_extra/e_rc2.c -o /Users/j/Documents/GitHub/MoneroOne/build/Build/Intermediates.noindex/swift-crypto.build/Debug-iphonesimulator/CCryptoBoringSSL.build/Objects-normal/arm64/e_rc2.o -index-unit-output-path /swift-crypto.build/Debug-iphonesimulator/CCryptoBoringSSL.build/Objects-normal/arm64/e_rc2.o

ScanDependencies /Users/j/Documents/GitHub/MoneroOne/build/Build/Intermediates.noindex/swift-crypto.build/Debug-iphonesimulator/CCryptoBoringSSL.build/Objects-normal/arm64/e_null.o /Users/j/Documents/GitHub/MoneroOne/build/SourcePackages/checkouts/swift-crypto/Sources/CCryptoBoringSSL/crypto/cipher_extra/e_null.c normal arm64 c com.apple.compilers.llvm.clang.1_0.compiler (in target 'CCryptoBoringSSL' from project 'swift-crypto')
    cd /Users/j/Documents/GitHub/MoneroOne/MoneroOne.xcodeproj
    
    Using response file: /Users/j/Documents/GitHub/MoneroOne/build/Build/Intermediates.noindex/swift-crypto.build/Debug-iphonesimulator/CCryptoBoringSSL.build/Objects-normal/arm64/7187679823f38a2a940e0043cdf9d637-common-args.resp
    
    builtin-ScanDependencies -o /Users/j/Documents/GitHub/MoneroOne/build/Build/Intermediates.noindex/swift-crypto.build/Debug-iphonesimulator/CCryptoBoringSSL.build/Objects-normal/arm64/e_null.o.scan -- /Applications/Xcode.app/Contents/Developer/Toolchains/XcodeDefault.xctoolchain/usr/bin/clang -x c -ivfsstatcache /Users/j/Documents/GitHub/MoneroOne/build/SDKStatCaches.noindex/iphonesimulator26.1-23B77-90cf18a4295e390e64c810bc6bd7acbc.sdkstatcache -fmessage-length\=0 -fdiagnostics-show-note-include-stack -fmacro-backtrace-limit\=0 -fno-color-diagnostics -fmodules-prune-interval\=86400 -fmodules-prune-after\=345600 -fbuild-session-file\=/Users/j/Documents/GitHub/MoneroOne/build/ModuleCache.noindex/Session.modulevalidation -fmodules-validate-once-per-build-session -Wnon-modular-include-in-framework-module -Werror\=non-modular-include-in-framework-module -Wno-trigraphs -Wno-missing-field-initializers -Wno-missing-prototypes -Wno-return-type -Wno-missing-braces -Wparentheses -Wswitch -Wno-unused-function -Wno-unused-label -Wno-unused-parameter -Wno-unused-variable -Wunused-value -Wno-empty-body -Wno-uninitialized -Wno-unknown-pragmas -w -Wno-shadow -Wno-four-char-constants -Wno-conversion -Wno-constant-conversion -Wno-int-conversion -Wno-bool-conversion -Wno-enum-conversion -Wno-float-conversion -Wno-non-literal-null-conversion -Wno-objc-literal-conversion -Wshorten-64-to-32 -Wpointer-sign -Wno-newline-eof -Wno-implicit-fallthrough -fstrict-aliasing -Wdeprecated-declarations -Wno-sign-conversion -Wno-infinite-recursion -Wno-comma -Wno-block-capture-autoreleasing -Wno-strict-prototypes -Wno-semicolon-before-method-body -index-store-path /Users/j/Documents/GitHub/MoneroOne/build/Index.noindex/DataStore @/Users/j/Documents/GitHub/MoneroOne/build/Build/Intermediates.noindex/swift-crypto.build/Debug-iphonesimulator/CCryptoBoringSSL.build/Objects-normal/arm64/7187679823f38a2a940e0043cdf9d637-common-args.resp -MMD -MT dependencies -MF /Users/j/Documents/GitHub/MoneroOne/build/Build/Intermediates.noindex/swift-crypto.build/Debug-iphonesimulator/CCryptoBoringSSL.build/Objects-normal/arm64/e_null.d --serialize-diagnostics /Users/j/Documents/GitHub/MoneroOne/build/Build/Intermediates.noindex/swift-crypto.build/Debug-iphonesimulator/CCryptoBoringSSL.build/Objects-normal/arm64/e_null.dia -c /Users/j/Documents/GitHub/MoneroOne/build/SourcePackages/checkouts/swift-crypto/Sources/CCryptoBoringSSL/crypto/cipher_extra/e_null.c -o /Users/j/Documents/GitHub/MoneroOne/build/Build/Intermediates.noindex/swift-crypto.build/Debug-iphonesimulator/CCryptoBoringSSL.build/Objects-normal/arm64/e_null.o -index-unit-output-path /swift-crypto.build/Debug-iphonesimulator/CCryptoBoringSSL.build/Objects-normal/arm64/e_null.o

ScanDependencies /Users/j/Documents/GitHub/MoneroOne/build/Build/Intermediates.noindex/swift-crypto.build/Debug-iphonesimulator/CCryptoBoringSSL.build/Objects-normal/arm64/e_des.o /Users/j/Documents/GitHub/MoneroOne/build/SourcePackages/checkouts/swift-crypto/Sources/CCryptoBoringSSL/crypto/cipher_extra/e_des.c normal arm64 c com.apple.compilers.llvm.clang.1_0.compiler (in target 'CCryptoBoringSSL' from project 'swift-crypto')
    cd /Users/j/Documents/GitHub/MoneroOne/MoneroOne.xcodeproj
    
    Using response file: /Users/j/Documents/GitHub/MoneroOne/build/Build/Intermediates.noindex/swift-crypto.build/Debug-iphonesimulator/CCryptoBoringSSL.build/Objects-normal/arm64/7187679823f38a2a940e0043cdf9d637-common-args.resp
    
    builtin-ScanDependencies -o /Users/j/Documents/GitHub/MoneroOne/build/Build/Intermediates.noindex/swift-crypto.build/Debug-iphonesimulator/CCryptoBoringSSL.build/Objects-normal/arm64/e_des.o.scan -- /Applications/Xcode.app/Contents/Developer/Toolchains/XcodeDefault.xctoolchain/usr/bin/clang -x c -ivfsstatcache /Users/j/Documents/GitHub/MoneroOne/build/SDKStatCaches.noindex/iphonesimulator26.1-23B77-90cf18a4295e390e64c810bc6bd7acbc.sdkstatcache -fmessage-length\=0 -fdiagnostics-show-note-include-stack -fmacro-backtrace-limit\=0 -fno-color-diagnostics -fmodules-prune-interval\=86400 -fmodules-prune-after\=345600 -fbuild-session-file\=/Users/j/Documents/GitHub/MoneroOne/build/ModuleCache.noindex/Session.modulevalidation -fmodules-validate-once-per-build-session -Wnon-modular-include-in-framework-module -Werror\=non-modular-include-in-framework-module -Wno-trigraphs -Wno-missing-field-initializers -Wno-missing-prototypes -Wno-return-type -Wno-missing-braces -Wparentheses -Wswitch -Wno-unused-function -Wno-unused-label -Wno-unused-parameter -Wno-unused-variable -Wunused-value -Wno-empty-body -Wno-uninitialized -Wno-unknown-pragmas -w -Wno-shadow -Wno-four-char-constants -Wno-conversion -Wno-constant-conversion -Wno-int-conversion -Wno-bool-conversion -Wno-enum-conversion -Wno-float-conversion -Wno-non-literal-null-conversion -Wno-objc-literal-conversion -Wshorten-64-to-32 -Wpointer-sign -Wno-newline-eof -Wno-implicit-fallthrough -fstrict-aliasing -Wdeprecated-declarations -Wno-sign-conversion -Wno-infinite-recursion -Wno-comma -Wno-block-capture-autoreleasing -Wno-strict-prototypes -Wno-semicolon-before-method-body -index-store-path /Users/j/Documents/GitHub/MoneroOne/build/Index.noindex/DataStore @/Users/j/Documents/GitHub/MoneroOne/build/Build/Intermediates.noindex/swift-crypto.build/Debug-iphonesimulator/CCryptoBoringSSL.build/Objects-normal/arm64/7187679823f38a2a940e0043cdf9d637-common-args.resp -MMD -MT dependencies -MF /Users/j/Documents/GitHub/MoneroOne/build/Build/Intermediates.noindex/swift-crypto.build/Debug-iphonesimulator/CCryptoBoringSSL.build/Objects-normal/arm64/e_des.d --serialize-diagnostics /Users/j/Documents/GitHub/MoneroOne/build/Build/Intermediates.noindex/swift-crypto.build/Debug-iphonesimulator/CCryptoBoringSSL.build/Objects-normal/arm64/e_des.dia -c /Users/j/Documents/GitHub/MoneroOne/build/SourcePackages/checkouts/swift-crypto/Sources/CCryptoBoringSSL/crypto/cipher_extra/e_des.c -o /Users/j/Documents/GitHub/MoneroOne/build/Build/Intermediates.noindex/swift-crypto.build/Debug-iphonesimulator/CCryptoBoringSSL.build/Objects-normal/arm64/e_des.o -index-unit-output-path /swift-crypto.build/Debug-iphonesimulator/CCryptoBoringSSL.build/Objects-normal/arm64/e_des.o

CompileC /Users/j/Documents/GitHub/MoneroOne/build/Build/Intermediates.noindex/swift-crypto.build/Debug-iphonesimulator/CCryptoBoringSSL.build/Objects-normal/arm64/e_rc2.o /Users/j/Documents/GitHub/MoneroOne/build/SourcePackages/checkouts/swift-crypto/Sources/CCryptoBoringSSL/crypto/cipher_extra/e_rc2.c normal arm64 c com.apple.compilers.llvm.clang.1_0.compiler (in target 'CCryptoBoringSSL' from project 'swift-crypto')
    cd /Users/j/Documents/GitHub/MoneroOne/MoneroOne.xcodeproj
    
    Using response file: /Users/j/Documents/GitHub/MoneroOne/build/Build/Intermediates.noindex/swift-crypto.build/Debug-iphonesimulator/CCryptoBoringSSL.build/Objects-normal/arm64/7187679823f38a2a940e0043cdf9d637-common-args.resp
    
    /Applications/Xcode.app/Contents/Developer/Toolchains/XcodeDefault.xctoolchain/usr/bin/clang -x c -ivfsstatcache /Users/j/Documents/GitHub/MoneroOne/build/SDKStatCaches.noindex/iphonesimulator26.1-23B77-90cf18a4295e390e64c810bc6bd7acbc.sdkstatcache -fmessage-length\=0 -fdiagnostics-show-note-include-stack -fmacro-backtrace-limit\=0 -fno-color-diagnostics -fmodules-prune-interval\=86400 -fmodules-prune-after\=345600 -fbuild-session-file\=/Users/j/Documents/GitHub/MoneroOne/build/ModuleCache.noindex/Session.modulevalidation -fmodules-validate-once-per-build-session -Wnon-modular-include-in-framework-module -Werror\=non-modular-include-in-framework-module -Wno-trigraphs -Wno-missing-field-initializers -Wno-missing-prototypes -Wno-return-type -Wno-missing-braces -Wparentheses -Wswitch -Wno-unused-function -Wno-unused-label -Wno-unused-parameter -Wno-unused-variable -Wunused-value -Wno-empty-body -Wno-uninitialized -Wno-unknown-pragmas -w -Wno-shadow -Wno-four-char-constants -Wno-conversion -Wno-constant-conversion -Wno-int-conversion -Wno-bool-conversion -Wno-enum-conversion -Wno-float-conversion -Wno-non-literal-null-conversion -Wno-objc-literal-conversion -Wshorten-64-to-32 -Wpointer-sign -Wno-newline-eof -Wno-implicit-fallthrough -fstrict-aliasing -Wdeprecated-declarations -Wno-sign-conversion -Wno-infinite-recursion -Wno-comma -Wno-block-capture-autoreleasing -Wno-strict-prototypes -Wno-semicolon-before-method-body -index-store-path /Users/j/Documents/GitHub/MoneroOne/build/Index.noindex/DataStore @/Users/j/Documents/GitHub/MoneroOne/build/Build/Intermediates.noindex/swift-crypto.build/Debug-iphonesimulator/CCryptoBoringSSL.build/Objects-normal/arm64/7187679823f38a2a940e0043cdf9d637-common-args.resp -MMD -MT dependencies -MF /Users/j/Documents/GitHub/MoneroOne/build/Build/Intermediates.noindex/swift-crypto.build/Debug-iphonesimulator/CCryptoBoringSSL.build/Objects-normal/arm64/e_rc2.d --serialize-diagnostics /Users/j/Documents/GitHub/MoneroOne/build/Build/Intermediates.noindex/swift-crypto.build/Debug-iphonesimulator/CCryptoBoringSSL.build/Objects-normal/arm64/e_rc2.dia -c /Users/j/Documents/GitHub/MoneroOne/build/SourcePackages/checkouts/swift-crypto/Sources/CCryptoBoringSSL/crypto/cipher_extra/e_rc2.c -o /Users/j/Documents/GitHub/MoneroOne/build/Build/Intermediates.noindex/swift-crypto.build/Debug-iphonesimulator/CCryptoBoringSSL.build/Objects-normal/arm64/e_rc2.o -index-unit-output-path /swift-crypto.build/Debug-iphonesimulator/CCryptoBoringSSL.build/Objects-normal/arm64/e_rc2.o

ScanDependencies /Users/j/Documents/GitHub/MoneroOne/build/Build/Intermediates.noindex/swift-crypto.build/Debug-iphonesimulator/CCryptoBoringSSL.build/Objects-normal/arm64/e_chacha20poly1305.o /Users/j/Documents/GitHub/MoneroOne/build/SourcePackages/checkouts/swift-crypto/Sources/CCryptoBoringSSL/crypto/cipher_extra/e_chacha20poly1305.c normal arm64 c com.apple.compilers.llvm.clang.1_0.compiler (in target 'CCryptoBoringSSL' from project 'swift-crypto')
    cd /Users/j/Documents/GitHub/MoneroOne/MoneroOne.xcodeproj
    
    Using response file: /Users/j/Documents/GitHub/MoneroOne/build/Build/Intermediates.noindex/swift-crypto.build/Debug-iphonesimulator/CCryptoBoringSSL.build/Objects-normal/arm64/7187679823f38a2a940e0043cdf9d637-common-args.resp
    
    builtin-ScanDependencies -o /Users/j/Documents/GitHub/MoneroOne/build/Build/Intermediates.noindex/swift-crypto.build/Debug-iphonesimulator/CCryptoBoringSSL.build/Objects-normal/arm64/e_chacha20poly1305.o.scan -- /Applications/Xcode.app/Contents/Developer/Toolchains/XcodeDefault.xctoolchain/usr/bin/clang -x c -ivfsstatcache /Users/j/Documents/GitHub/MoneroOne/build/SDKStatCaches.noindex/iphonesimulator26.1-23B77-90cf18a4295e390e64c810bc6bd7acbc.sdkstatcache -fmessage-length\=0 -fdiagnostics-show-note-include-stack -fmacro-backtrace-limit\=0 -fno-color-diagnostics -fmodules-prune-interval\=86400 -fmodules-prune-after\=345600 -fbuild-session-file\=/Users/j/Documents/GitHub/MoneroOne/build/ModuleCache.noindex/Session.modulevalidation -fmodules-validate-once-per-build-session -Wnon-modular-include-in-framework-module -Werror\=non-modular-include-in-framework-module -Wno-trigraphs -Wno-missing-field-initializers -Wno-missing-prototypes -Wno-return-type -Wno-missing-braces -Wparentheses -Wswitch -Wno-unused-function -Wno-unused-label -Wno-unused-parameter -Wno-unused-variable -Wunused-value -Wno-empty-body -Wno-uninitialized -Wno-unknown-pragmas -w -Wno-shadow -Wno-four-char-constants -Wno-conversion -Wno-constant-conversion -Wno-int-conversion -Wno-bool-conversion -Wno-enum-conversion -Wno-float-conversion -Wno-non-literal-null-conversion -Wno-objc-literal-conversion -Wshorten-64-to-32 -Wpointer-sign -Wno-newline-eof -Wno-implicit-fallthrough -fstrict-aliasing -Wdeprecated-declarations -Wno-sign-conversion -Wno-infinite-recursion -Wno-comma -Wno-block-capture-autoreleasing -Wno-strict-prototypes -Wno-semicolon-before-method-body -index-store-path /Users/j/Documents/GitHub/MoneroOne/build/Index.noindex/DataStore @/Users/j/Documents/GitHub/MoneroOne/build/Build/Intermediates.noindex/swift-crypto.build/Debug-iphonesimulator/CCryptoBoringSSL.build/Objects-normal/arm64/7187679823f38a2a940e0043cdf9d637-common-args.resp -MMD -MT dependencies -MF /Users/j/Documents/GitHub/MoneroOne/build/Build/Intermediates.noindex/swift-crypto.build/Debug-iphonesimulator/CCryptoBoringSSL.build/Objects-normal/arm64/e_chacha20poly1305.d --serialize-diagnostics /Users/j/Documents/GitHub/MoneroOne/build/Build/Intermediates.noindex/swift-crypto.build/Debug-iphonesimulator/CCryptoBoringSSL.build/Objects-normal/arm64/e_chacha20poly1305.dia -c /Users/j/Documents/GitHub/MoneroOne/build/SourcePackages/checkouts/swift-crypto/Sources/CCryptoBoringSSL/crypto/cipher_extra/e_chacha20poly1305.c -o /Users/j/Documents/GitHub/MoneroOne/build/Build/Intermediates.noindex/swift-crypto.build/Debug-iphonesimulator/CCryptoBoringSSL.build/Objects-normal/arm64/e_chacha20poly1305.o -index-unit-output-path /swift-crypto.build/Debug-iphonesimulator/CCryptoBoringSSL.build/Objects-normal/arm64/e_chacha20poly1305.o

CompileC /Users/j/Documents/GitHub/MoneroOne/build/Build/Intermediates.noindex/swift-crypto.build/Debug-iphonesimulator/CCryptoBoringSSL.build/Objects-normal/arm64/e_rc4.o /Users/j/Documents/GitHub/MoneroOne/build/SourcePackages/checkouts/swift-crypto/Sources/CCryptoBoringSSL/crypto/cipher_extra/e_rc4.c normal arm64 c com.apple.compilers.llvm.clang.1_0.compiler (in target 'CCryptoBoringSSL' from project 'swift-crypto')
    cd /Users/j/Documents/GitHub/MoneroOne/MoneroOne.xcodeproj
    
    Using response file: /Users/j/Documents/GitHub/MoneroOne/build/Build/Intermediates.noindex/swift-crypto.build/Debug-iphonesimulator/CCryptoBoringSSL.build/Objects-normal/arm64/7187679823f38a2a940e0043cdf9d637-common-args.resp
    
    /Applications/Xcode.app/Contents/Developer/Toolchains/XcodeDefault.xctoolchain/usr/bin/clang -x c -ivfsstatcache /Users/j/Documents/GitHub/MoneroOne/build/SDKStatCaches.noindex/iphonesimulator26.1-23B77-90cf18a4295e390e64c810bc6bd7acbc.sdkstatcache -fmessage-length\=0 -fdiagnostics-show-note-include-stack -fmacro-backtrace-limit\=0 -fno-color-diagnostics -fmodules-prune-interval\=86400 -fmodules-prune-after\=345600 -fbuild-session-file\=/Users/j/Documents/GitHub/MoneroOne/build/ModuleCache.noindex/Session.modulevalidation -fmodules-validate-once-per-build-session -Wnon-modular-include-in-framework-module -Werror\=non-modular-include-in-framework-module -Wno-trigraphs -Wno-missing-field-initializers -Wno-missing-prototypes -Wno-return-type -Wno-missing-braces -Wparentheses -Wswitch -Wno-unused-function -Wno-unused-label -Wno-unused-parameter -Wno-unused-variable -Wunused-value -Wno-empty-body -Wno-uninitialized -Wno-unknown-pragmas -w -Wno-shadow -Wno-four-char-constants -Wno-conversion -Wno-constant-conversion -Wno-int-conversion -Wno-bool-conversion -Wno-enum-conversion -Wno-float-conversion -Wno-non-literal-null-conversion -Wno-objc-literal-conversion -Wshorten-64-to-32 -Wpointer-sign -Wno-newline-eof -Wno-implicit-fallthrough -fstrict-aliasing -Wdeprecated-declarations -Wno-sign-conversion -Wno-infinite-recursion -Wno-comma -Wno-block-capture-autoreleasing -Wno-strict-prototypes -Wno-semicolon-before-method-body -index-store-path /Users/j/Documents/GitHub/MoneroOne/build/Index.noindex/DataStore @/Users/j/Documents/GitHub/MoneroOne/build/Build/Intermediates.noindex/swift-crypto.build/Debug-iphonesimulator/CCryptoBoringSSL.build/Objects-normal/arm64/7187679823f38a2a940e0043cdf9d637-common-args.resp -MMD -MT dependencies -MF /Users/j/Documents/GitHub/MoneroOne/build/Build/Intermediates.noindex/swift-crypto.build/Debug-iphonesimulator/CCryptoBoringSSL.build/Objects-normal/arm64/e_rc4.d --serialize-diagnostics /Users/j/Documents/GitHub/MoneroOne/build/Build/Intermediates.noindex/swift-crypto.build/Debug-iphonesimulator/CCryptoBoringSSL.build/Objects-normal/arm64/e_rc4.dia -c /Users/j/Documents/GitHub/MoneroOne/build/SourcePackages/checkouts/swift-crypto/Sources/CCryptoBoringSSL/crypto/cipher_extra/e_rc4.c -o /Users/j/Documents/GitHub/MoneroOne/build/Build/Intermediates.noindex/swift-crypto.build/Debug-iphonesimulator/CCryptoBoringSSL.build/Objects-normal/arm64/e_rc4.o -index-unit-output-path /swift-crypto.build/Debug-iphonesimulator/CCryptoBoringSSL.build/Objects-normal/arm64/e_rc4.o

ScanDependencies /Users/j/Documents/GitHub/MoneroOne/build/Build/Intermediates.noindex/swift-crypto.build/Debug-iphonesimulator/CCryptoBoringSSL.build/Objects-normal/arm64/e_aesgcmsiv.o /Users/j/Documents/GitHub/MoneroOne/build/SourcePackages/checkouts/swift-crypto/Sources/CCryptoBoringSSL/crypto/cipher_extra/e_aesgcmsiv.c normal arm64 c com.apple.compilers.llvm.clang.1_0.compiler (in target 'CCryptoBoringSSL' from project 'swift-crypto')
    cd /Users/j/Documents/GitHub/MoneroOne/MoneroOne.xcodeproj
    
    Using response file: /Users/j/Documents/GitHub/MoneroOne/build/Build/Intermediates.noindex/swift-crypto.build/Debug-iphonesimulator/CCryptoBoringSSL.build/Objects-normal/arm64/7187679823f38a2a940e0043cdf9d637-common-args.resp
    
    builtin-ScanDependencies -o /Users/j/Documents/GitHub/MoneroOne/build/Build/Intermediates.noindex/swift-crypto.build/Debug-iphonesimulator/CCryptoBoringSSL.build/Objects-normal/arm64/e_aesgcmsiv.o.scan -- /Applications/Xcode.app/Contents/Developer/Toolchains/XcodeDefault.xctoolchain/usr/bin/clang -x c -ivfsstatcache /Users/j/Documents/GitHub/MoneroOne/build/SDKStatCaches.noindex/iphonesimulator26.1-23B77-90cf18a4295e390e64c810bc6bd7acbc.sdkstatcache -fmessage-length\=0 -fdiagnostics-show-note-include-stack -fmacro-backtrace-limit\=0 -fno-color-diagnostics -fmodules-prune-interval\=86400 -fmodules-prune-after\=345600 -fbuild-session-file\=/Users/j/Documents/GitHub/MoneroOne/build/ModuleCache.noindex/Session.modulevalidation -fmodules-validate-once-per-build-session -Wnon-modular-include-in-framework-module -Werror\=non-modular-include-in-framework-module -Wno-trigraphs -Wno-missing-field-initializers -Wno-missing-prototypes -Wno-return-type -Wno-missing-braces -Wparentheses -Wswitch -Wno-unused-function -Wno-unused-label -Wno-unused-parameter -Wno-unused-variable -Wunused-value -Wno-empty-body -Wno-uninitialized -Wno-unknown-pragmas -w -Wno-shadow -Wno-four-char-constants -Wno-conversion -Wno-constant-conversion -Wno-int-conversion -Wno-bool-conversion -Wno-enum-conversion -Wno-float-conversion -Wno-non-literal-null-conversion -Wno-objc-literal-conversion -Wshorten-64-to-32 -Wpointer-sign -Wno-newline-eof -Wno-implicit-fallthrough -fstrict-aliasing -Wdeprecated-declarations -Wno-sign-conversion -Wno-infinite-recursion -Wno-comma -Wno-block-capture-autoreleasing -Wno-strict-prototypes -Wno-semicolon-before-method-body -index-store-path /Users/j/Documents/GitHub/MoneroOne/build/Index.noindex/DataStore @/Users/j/Documents/GitHub/MoneroOne/build/Build/Intermediates.noindex/swift-crypto.build/Debug-iphonesimulator/CCryptoBoringSSL.build/Objects-normal/arm64/7187679823f38a2a940e0043cdf9d637-common-args.resp -MMD -MT dependencies -MF /Users/j/Documents/GitHub/MoneroOne/build/Build/Intermediates.noindex/swift-crypto.build/Debug-iphonesimulator/CCryptoBoringSSL.build/Objects-normal/arm64/e_aesgcmsiv.d --serialize-diagnostics /Users/j/Documents/GitHub/MoneroOne/build/Build/Intermediates.noindex/swift-crypto.build/Debug-iphonesimulator/CCryptoBoringSSL.build/Objects-normal/arm64/e_aesgcmsiv.dia -c /Users/j/Documents/GitHub/MoneroOne/build/SourcePackages/checkouts/swift-crypto/Sources/CCryptoBoringSSL/crypto/cipher_extra/e_aesgcmsiv.c -o /Users/j/Documents/GitHub/MoneroOne/build/Build/Intermediates.noindex/swift-crypto.build/Debug-iphonesimulator/CCryptoBoringSSL.build/Objects-normal/arm64/e_aesgcmsiv.o -index-unit-output-path /swift-crypto.build/Debug-iphonesimulator/CCryptoBoringSSL.build/Objects-normal/arm64/e_aesgcmsiv.o

CompileC /Users/j/Documents/GitHub/MoneroOne/build/Build/Intermediates.noindex/swift-crypto.build/Debug-iphonesimulator/CCryptoBoringSSL.build/Objects-normal/arm64/e_null.o /Users/j/Documents/GitHub/MoneroOne/build/SourcePackages/checkouts/swift-crypto/Sources/CCryptoBoringSSL/crypto/cipher_extra/e_null.c normal arm64 c com.apple.compilers.llvm.clang.1_0.compiler (in target 'CCryptoBoringSSL' from project 'swift-crypto')
    cd /Users/j/Documents/GitHub/MoneroOne/MoneroOne.xcodeproj
    
    Using response file: /Users/j/Documents/GitHub/MoneroOne/build/Build/Intermediates.noindex/swift-crypto.build/Debug-iphonesimulator/CCryptoBoringSSL.build/Objects-normal/arm64/7187679823f38a2a940e0043cdf9d637-common-args.resp
    
    /Applications/Xcode.app/Contents/Developer/Toolchains/XcodeDefault.xctoolchain/usr/bin/clang -x c -ivfsstatcache /Users/j/Documents/GitHub/MoneroOne/build/SDKStatCaches.noindex/iphonesimulator26.1-23B77-90cf18a4295e390e64c810bc6bd7acbc.sdkstatcache -fmessage-length\=0 -fdiagnostics-show-note-include-stack -fmacro-backtrace-limit\=0 -fno-color-diagnostics -fmodules-prune-interval\=86400 -fmodules-prune-after\=345600 -fbuild-session-file\=/Users/j/Documents/GitHub/MoneroOne/build/ModuleCache.noindex/Session.modulevalidation -fmodules-validate-once-per-build-session -Wnon-modular-include-in-framework-module -Werror\=non-modular-include-in-framework-module -Wno-trigraphs -Wno-missing-field-initializers -Wno-missing-prototypes -Wno-return-type -Wno-missing-braces -Wparentheses -Wswitch -Wno-unused-function -Wno-unused-label -Wno-unused-parameter -Wno-unused-variable -Wunused-value -Wno-empty-body -Wno-uninitialized -Wno-unknown-pragmas -w -Wno-shadow -Wno-four-char-constants -Wno-conversion -Wno-constant-conversion -Wno-int-conversion -Wno-bool-conversion -Wno-enum-conversion -Wno-float-conversion -Wno-non-literal-null-conversion -Wno-objc-literal-conversion -Wshorten-64-to-32 -Wpointer-sign -Wno-newline-eof -Wno-implicit-fallthrough -fstrict-aliasing -Wdeprecated-declarations -Wno-sign-conversion -Wno-infinite-recursion -Wno-comma -Wno-block-capture-autoreleasing -Wno-strict-prototypes -Wno-semicolon-before-method-body -index-store-path /Users/j/Documents/GitHub/MoneroOne/build/Index.noindex/DataStore @/Users/j/Documents/GitHub/MoneroOne/build/Build/Intermediates.noindex/swift-crypto.build/Debug-iphonesimulator/CCryptoBoringSSL.build/Objects-normal/arm64/7187679823f38a2a940e0043cdf9d637-common-args.resp -MMD -MT dependencies -MF /Users/j/Documents/GitHub/MoneroOne/build/Build/Intermediates.noindex/swift-crypto.build/Debug-iphonesimulator/CCryptoBoringSSL.build/Objects-normal/arm64/e_null.d --serialize-diagnostics /Users/j/Documents/GitHub/MoneroOne/build/Build/Intermediates.noindex/swift-crypto.build/Debug-iphonesimulator/CCryptoBoringSSL.build/Objects-normal/arm64/e_null.dia -c /Users/j/Documents/GitHub/MoneroOne/build/SourcePackages/checkouts/swift-crypto/Sources/CCryptoBoringSSL/crypto/cipher_extra/e_null.c -o /Users/j/Documents/GitHub/MoneroOne/build/Build/Intermediates.noindex/swift-crypto.build/Debug-iphonesimulator/CCryptoBoringSSL.build/Objects-normal/arm64/e_null.o -index-unit-output-path /swift-crypto.build/Debug-iphonesimulator/CCryptoBoringSSL.build/Objects-normal/arm64/e_null.o

CompileC /Users/j/Documents/GitHub/MoneroOne/build/Build/Intermediates.noindex/swift-crypto.build/Debug-iphonesimulator/CCryptoBoringSSL.build/Objects-normal/arm64/e_des.o /Users/j/Documents/GitHub/MoneroOne/build/SourcePackages/checkouts/swift-crypto/Sources/CCryptoBoringSSL/crypto/cipher_extra/e_des.c normal arm64 c com.apple.compilers.llvm.clang.1_0.compiler (in target 'CCryptoBoringSSL' from project 'swift-crypto')
    cd /Users/j/Documents/GitHub/MoneroOne/MoneroOne.xcodeproj
    
    Using response file: /Users/j/Documents/GitHub/MoneroOne/build/Build/Intermediates.noindex/swift-crypto.build/Debug-iphonesimulator/CCryptoBoringSSL.build/Objects-normal/arm64/7187679823f38a2a940e0043cdf9d637-common-args.resp
    
    /Applications/Xcode.app/Contents/Developer/Toolchains/XcodeDefault.xctoolchain/usr/bin/clang -x c -ivfsstatcache /Users/j/Documents/GitHub/MoneroOne/build/SDKStatCaches.noindex/iphonesimulator26.1-23B77-90cf18a4295e390e64c810bc6bd7acbc.sdkstatcache -fmessage-length\=0 -fdiagnostics-show-note-include-stack -fmacro-backtrace-limit\=0 -fno-color-diagnostics -fmodules-prune-interval\=86400 -fmodules-prune-after\=345600 -fbuild-session-file\=/Users/j/Documents/GitHub/MoneroOne/build/ModuleCache.noindex/Session.modulevalidation -fmodules-validate-once-per-build-session -Wnon-modular-include-in-framework-module -Werror\=non-modular-include-in-framework-module -Wno-trigraphs -Wno-missing-field-initializers -Wno-missing-prototypes -Wno-return-type -Wno-missing-braces -Wparentheses -Wswitch -Wno-unused-function -Wno-unused-label -Wno-unused-parameter -Wno-unused-variable -Wunused-value -Wno-empty-body -Wno-uninitialized -Wno-unknown-pragmas -w -Wno-shadow -Wno-four-char-constants -Wno-conversion -Wno-constant-conversion -Wno-int-conversion -Wno-bool-conversion -Wno-enum-conversion -Wno-float-conversion -Wno-non-literal-null-conversion -Wno-objc-literal-conversion -Wshorten-64-to-32 -Wpointer-sign -Wno-newline-eof -Wno-implicit-fallthrough -fstrict-aliasing -Wdeprecated-declarations -Wno-sign-conversion -Wno-infinite-recursion -Wno-comma -Wno-block-capture-autoreleasing -Wno-strict-prototypes -Wno-semicolon-before-method-body -index-store-path /Users/j/Documents/GitHub/MoneroOne/build/Index.noindex/DataStore @/Users/j/Documents/GitHub/MoneroOne/build/Build/Intermediates.noindex/swift-crypto.build/Debug-iphonesimulator/CCryptoBoringSSL.build/Objects-normal/arm64/7187679823f38a2a940e0043cdf9d637-common-args.resp -MMD -MT dependencies -MF /Users/j/Documents/GitHub/MoneroOne/build/Build/Intermediates.noindex/swift-crypto.build/Debug-iphonesimulator/CCryptoBoringSSL.build/Objects-normal/arm64/e_des.d --serialize-diagnostics /Users/j/Documents/GitHub/MoneroOne/build/Build/Intermediates.noindex/swift-crypto.build/Debug-iphonesimulator/CCryptoBoringSSL.build/Objects-normal/arm64/e_des.dia -c /Users/j/Documents/GitHub/MoneroOne/build/SourcePackages/checkouts/swift-crypto/Sources/CCryptoBoringSSL/crypto/cipher_extra/e_des.c -o /Users/j/Documents/GitHub/MoneroOne/build/Build/Intermediates.noindex/swift-crypto.build/Debug-iphonesimulator/CCryptoBoringSSL.build/Objects-normal/arm64/e_des.o -index-unit-output-path /swift-crypto.build/Debug-iphonesimulator/CCryptoBoringSSL.build/Objects-normal/arm64/e_des.o

CompileC /Users/j/Documents/GitHub/MoneroOne/build/Build/Intermediates.noindex/swift-crypto.build/Debug-iphonesimulator/CCryptoBoringSSL.build/Objects-normal/arm64/e_chacha20poly1305.o /Users/j/Documents/GitHub/MoneroOne/build/SourcePackages/checkouts/swift-crypto/Sources/CCryptoBoringSSL/crypto/cipher_extra/e_chacha20poly1305.c normal arm64 c com.apple.compilers.llvm.clang.1_0.compiler (in target 'CCryptoBoringSSL' from project 'swift-crypto')
    cd /Users/j/Documents/GitHub/MoneroOne/MoneroOne.xcodeproj
    
    Using response file: /Users/j/Documents/GitHub/MoneroOne/build/Build/Intermediates.noindex/swift-crypto.build/Debug-iphonesimulator/CCryptoBoringSSL.build/Objects-normal/arm64/7187679823f38a2a940e0043cdf9d637-common-args.resp
    
    /Applications/Xcode.app/Contents/Developer/Toolchains/XcodeDefault.xctoolchain/usr/bin/clang -x c -ivfsstatcache /Users/j/Documents/GitHub/MoneroOne/build/SDKStatCaches.noindex/iphonesimulator26.1-23B77-90cf18a4295e390e64c810bc6bd7acbc.sdkstatcache -fmessage-length\=0 -fdiagnostics-show-note-include-stack -fmacro-backtrace-limit\=0 -fno-color-diagnostics -fmodules-prune-interval\=86400 -fmodules-prune-after\=345600 -fbuild-session-file\=/Users/j/Documents/GitHub/MoneroOne/build/ModuleCache.noindex/Session.modulevalidation -fmodules-validate-once-per-build-session -Wnon-modular-include-in-framework-module -Werror\=non-modular-include-in-framework-module -Wno-trigraphs -Wno-missing-field-initializers -Wno-missing-prototypes -Wno-return-type -Wno-missing-braces -Wparentheses -Wswitch -Wno-unused-function -Wno-unused-label -Wno-unused-parameter -Wno-unused-variable -Wunused-value -Wno-empty-body -Wno-uninitialized -Wno-unknown-pragmas -w -Wno-shadow -Wno-four-char-constants -Wno-conversion -Wno-constant-conversion -Wno-int-conversion -Wno-bool-conversion -Wno-enum-conversion -Wno-float-conversion -Wno-non-literal-null-conversion -Wno-objc-literal-conversion -Wshorten-64-to-32 -Wpointer-sign -Wno-newline-eof -Wno-implicit-fallthrough -fstrict-aliasing -Wdeprecated-declarations -Wno-sign-conversion -Wno-infinite-recursion -Wno-comma -Wno-block-capture-autoreleasing -Wno-strict-prototypes -Wno-semicolon-before-method-body -index-store-path /Users/j/Documents/GitHub/MoneroOne/build/Index.noindex/DataStore @/Users/j/Documents/GitHub/MoneroOne/build/Build/Intermediates.noindex/swift-crypto.build/Debug-iphonesimulator/CCryptoBoringSSL.build/Objects-normal/arm64/7187679823f38a2a940e0043cdf9d637-common-args.resp -MMD -MT dependencies -MF /Users/j/Documents/GitHub/MoneroOne/build/Build/Intermediates.noindex/swift-crypto.build/Debug-iphonesimulator/CCryptoBoringSSL.build/Objects-normal/arm64/e_chacha20poly1305.d --serialize-diagnostics /Users/j/Documents/GitHub/MoneroOne/build/Build/Intermediates.noindex/swift-crypto.build/Debug-iphonesimulator/CCryptoBoringSSL.build/Objects-normal/arm64/e_chacha20poly1305.dia -c /Users/j/Documents/GitHub/MoneroOne/build/SourcePackages/checkouts/swift-crypto/Sources/CCryptoBoringSSL/crypto/cipher_extra/e_chacha20poly1305.c -o /Users/j/Documents/GitHub/MoneroOne/build/Build/Intermediates.noindex/swift-crypto.build/Debug-iphonesimulator/CCryptoBoringSSL.build/Objects-normal/arm64/e_chacha20poly1305.o -index-unit-output-path /swift-crypto.build/Debug-iphonesimulator/CCryptoBoringSSL.build/Objects-normal/arm64/e_chacha20poly1305.o

ScanDependencies /Users/j/Documents/GitHub/MoneroOne/build/Build/Intermediates.noindex/swift-crypto.build/Debug-iphonesimulator/CCryptoBoringSSL.build/Objects-normal/arm64/e_aesctrhmac.o /Users/j/Documents/GitHub/MoneroOne/build/SourcePackages/checkouts/swift-crypto/Sources/CCryptoBoringSSL/crypto/cipher_extra/e_aesctrhmac.c normal arm64 c com.apple.compilers.llvm.clang.1_0.compiler (in target 'CCryptoBoringSSL' from project 'swift-crypto')
    cd /Users/j/Documents/GitHub/MoneroOne/MoneroOne.xcodeproj
    
    Using response file: /Users/j/Documents/GitHub/MoneroOne/build/Build/Intermediates.noindex/swift-crypto.build/Debug-iphonesimulator/CCryptoBoringSSL.build/Objects-normal/arm64/7187679823f38a2a940e0043cdf9d637-common-args.resp
    
    builtin-ScanDependencies -o /Users/j/Documents/GitHub/MoneroOne/build/Build/Intermediates.noindex/swift-crypto.build/Debug-iphonesimulator/CCryptoBoringSSL.build/Objects-normal/arm64/e_aesctrhmac.o.scan -- /Applications/Xcode.app/Contents/Developer/Toolchains/XcodeDefault.xctoolchain/usr/bin/clang -x c -ivfsstatcache /Users/j/Documents/GitHub/MoneroOne/build/SDKStatCaches.noindex/iphonesimulator26.1-23B77-90cf18a4295e390e64c810bc6bd7acbc.sdkstatcache -fmessage-length\=0 -fdiagnostics-show-note-include-stack -fmacro-backtrace-limit\=0 -fno-color-diagnostics -fmodules-prune-interval\=86400 -fmodules-prune-after\=345600 -fbuild-session-file\=/Users/j/Documents/GitHub/MoneroOne/build/ModuleCache.noindex/Session.modulevalidation -fmodules-validate-once-per-build-session -Wnon-modular-include-in-framework-module -Werror\=non-modular-include-in-framework-module -Wno-trigraphs -Wno-missing-field-initializers -Wno-missing-prototypes -Wno-return-type -Wno-missing-braces -Wparentheses -Wswitch -Wno-unused-function -Wno-unused-label -Wno-unused-parameter -Wno-unused-variable -Wunused-value -Wno-empty-body -Wno-uninitialized -Wno-unknown-pragmas -w -Wno-shadow -Wno-four-char-constants -Wno-conversion -Wno-constant-conversion -Wno-int-conversion -Wno-bool-conversion -Wno-enum-conversion -Wno-float-conversion -Wno-non-literal-null-conversion -Wno-objc-literal-conversion -Wshorten-64-to-32 -Wpointer-sign -Wno-newline-eof -Wno-implicit-fallthrough -fstrict-aliasing -Wdeprecated-declarations -Wno-sign-conversion -Wno-infinite-recursion -Wno-comma -Wno-block-capture-autoreleasing -Wno-strict-prototypes -Wno-semicolon-before-method-body -index-store-path /Users/j/Documents/GitHub/MoneroOne/build/Index.noindex/DataStore @/Users/j/Documents/GitHub/MoneroOne/build/Build/Intermediates.noindex/swift-crypto.build/Debug-iphonesimulator/CCryptoBoringSSL.build/Objects-normal/arm64/7187679823f38a2a940e0043cdf9d637-common-args.resp -MMD -MT dependencies -MF /Users/j/Documents/GitHub/MoneroOne/build/Build/Intermediates.noindex/swift-crypto.build/Debug-iphonesimulator/CCryptoBoringSSL.build/Objects-normal/arm64/e_aesctrhmac.d --serialize-diagnostics /Users/j/Documents/GitHub/MoneroOne/build/Build/Intermediates.noindex/swift-crypto.build/Debug-iphonesimulator/CCryptoBoringSSL.build/Objects-normal/arm64/e_aesctrhmac.dia -c /Users/j/Documents/GitHub/MoneroOne/build/SourcePackages/checkouts/swift-crypto/Sources/CCryptoBoringSSL/crypto/cipher_extra/e_aesctrhmac.c -o /Users/j/Documents/GitHub/MoneroOne/build/Build/Intermediates.noindex/swift-crypto.build/Debug-iphonesimulator/CCryptoBoringSSL.build/Objects-normal/arm64/e_aesctrhmac.o -index-unit-output-path /swift-crypto.build/Debug-iphonesimulator/CCryptoBoringSSL.build/Objects-normal/arm64/e_aesctrhmac.o

CompileC /Users/j/Documents/GitHub/MoneroOne/build/Build/Intermediates.noindex/swift-crypto.build/Debug-iphonesimulator/CCryptoBoringSSL.build/Objects-normal/arm64/e_aesgcmsiv.o /Users/j/Documents/GitHub/MoneroOne/build/SourcePackages/checkouts/swift-crypto/Sources/CCryptoBoringSSL/crypto/cipher_extra/e_aesgcmsiv.c normal arm64 c com.apple.compilers.llvm.clang.1_0.compiler (in target 'CCryptoBoringSSL' from project 'swift-crypto')
    cd /Users/j/Documents/GitHub/MoneroOne/MoneroOne.xcodeproj
    
    Using response file: /Users/j/Documents/GitHub/MoneroOne/build/Build/Intermediates.noindex/swift-crypto.build/Debug-iphonesimulator/CCryptoBoringSSL.build/Objects-normal/arm64/7187679823f38a2a940e0043cdf9d637-common-args.resp
    
    /Applications/Xcode.app/Contents/Developer/Toolchains/XcodeDefault.xctoolchain/usr/bin/clang -x c -ivfsstatcache /Users/j/Documents/GitHub/MoneroOne/build/SDKStatCaches.noindex/iphonesimulator26.1-23B77-90cf18a4295e390e64c810bc6bd7acbc.sdkstatcache -fmessage-length\=0 -fdiagnostics-show-note-include-stack -fmacro-backtrace-limit\=0 -fno-color-diagnostics -fmodules-prune-interval\=86400 -fmodules-prune-after\=345600 -fbuild-session-file\=/Users/j/Documents/GitHub/MoneroOne/build/ModuleCache.noindex/Session.modulevalidation -fmodules-validate-once-per-build-session -Wnon-modular-include-in-framework-module -Werror\=non-modular-include-in-framework-module -Wno-trigraphs -Wno-missing-field-initializers -Wno-missing-prototypes -Wno-return-type -Wno-missing-braces -Wparentheses -Wswitch -Wno-unused-function -Wno-unused-label -Wno-unused-parameter -Wno-unused-variable -Wunused-value -Wno-empty-body -Wno-uninitialized -Wno-unknown-pragmas -w -Wno-shadow -Wno-four-char-constants -Wno-conversion -Wno-constant-conversion -Wno-int-conversion -Wno-bool-conversion -Wno-enum-conversion -Wno-float-conversion -Wno-non-literal-null-conversion -Wno-objc-literal-conversion -Wshorten-64-to-32 -Wpointer-sign -Wno-newline-eof -Wno-implicit-fallthrough -fstrict-aliasing -Wdeprecated-declarations -Wno-sign-conversion -Wno-infinite-recursion -Wno-comma -Wno-block-capture-autoreleasing -Wno-strict-prototypes -Wno-semicolon-before-method-body -index-store-path /Users/j/Documents/GitHub/MoneroOne/build/Index.noindex/DataStore @/Users/j/Documents/GitHub/MoneroOne/build/Build/Intermediates.noindex/swift-crypto.build/Debug-iphonesimulator/CCryptoBoringSSL.build/Objects-normal/arm64/7187679823f38a2a940e0043cdf9d637-common-args.resp -MMD -MT dependencies -MF /Users/j/Documents/GitHub/MoneroOne/build/Build/Intermediates.noindex/swift-crypto.build/Debug-iphonesimulator/CCryptoBoringSSL.build/Objects-normal/arm64/e_aesgcmsiv.d --serialize-diagnostics /Users/j/Documents/GitHub/MoneroOne/build/Build/Intermediates.noindex/swift-crypto.build/Debug-iphonesimulator/CCryptoBoringSSL.build/Objects-normal/arm64/e_aesgcmsiv.dia -c /Users/j/Documents/GitHub/MoneroOne/build/SourcePackages/checkouts/swift-crypto/Sources/CCryptoBoringSSL/crypto/cipher_extra/e_aesgcmsiv.c -o /Users/j/Documents/GitHub/MoneroOne/build/Build/Intermediates.noindex/swift-crypto.build/Debug-iphonesimulator/CCryptoBoringSSL.build/Objects-normal/arm64/e_aesgcmsiv.o -index-unit-output-path /swift-crypto.build/Debug-iphonesimulator/CCryptoBoringSSL.build/Objects-normal/arm64/e_aesgcmsiv.o

ScanDependencies /Users/j/Documents/GitHub/MoneroOne/build/Build/Intermediates.noindex/swift-crypto.build/Debug-iphonesimulator/CCryptoBoringSSL.build/Objects-normal/arm64/e_aesccm.o /Users/j/Documents/GitHub/MoneroOne/build/SourcePackages/checkouts/swift-crypto/Sources/CCryptoBoringSSL/crypto/fipsmodule/cipher/e_aesccm.c normal arm64 c com.apple.compilers.llvm.clang.1_0.compiler (in target 'CCryptoBoringSSL' from project 'swift-crypto')
    cd /Users/j/Documents/GitHub/MoneroOne/MoneroOne.xcodeproj
    
    Using response file: /Users/j/Documents/GitHub/MoneroOne/build/Build/Intermediates.noindex/swift-crypto.build/Debug-iphonesimulator/CCryptoBoringSSL.build/Objects-normal/arm64/7187679823f38a2a940e0043cdf9d637-common-args.resp
    
    builtin-ScanDependencies -o /Users/j/Documents/GitHub/MoneroOne/build/Build/Intermediates.noindex/swift-crypto.build/Debug-iphonesimulator/CCryptoBoringSSL.build/Objects-normal/arm64/e_aesccm.o.scan -- /Applications/Xcode.app/Contents/Developer/Toolchains/XcodeDefault.xctoolchain/usr/bin/clang -x c -ivfsstatcache /Users/j/Documents/GitHub/MoneroOne/build/SDKStatCaches.noindex/iphonesimulator26.1-23B77-90cf18a4295e390e64c810bc6bd7acbc.sdkstatcache -fmessage-length\=0 -fdiagnostics-show-note-include-stack -fmacro-backtrace-limit\=0 -fno-color-diagnostics -fmodules-prune-interval\=86400 -fmodules-prune-after\=345600 -fbuild-session-file\=/Users/j/Documents/GitHub/MoneroOne/build/ModuleCache.noindex/Session.modulevalidation -fmodules-validate-once-per-build-session -Wnon-modular-include-in-framework-module -Werror\=non-modular-include-in-framework-module -Wno-trigraphs -Wno-missing-field-initializers -Wno-missing-prototypes -Wno-return-type -Wno-missing-braces -Wparentheses -Wswitch -Wno-unused-function -Wno-unused-label -Wno-unused-parameter -Wno-unused-variable -Wunused-value -Wno-empty-body -Wno-uninitialized -Wno-unknown-pragmas -w -Wno-shadow -Wno-four-char-constants -Wno-conversion -Wno-constant-conversion -Wno-int-conversion -Wno-bool-conversion -Wno-enum-conversion -Wno-float-conversion -Wno-non-literal-null-conversion -Wno-objc-literal-conversion -Wshorten-64-to-32 -Wpointer-sign -Wno-newline-eof -Wno-implicit-fallthrough -fstrict-aliasing -Wdeprecated-declarations -Wno-sign-conversion -Wno-infinite-recursion -Wno-comma -Wno-block-capture-autoreleasing -Wno-strict-prototypes -Wno-semicolon-before-method-body -index-store-path /Users/j/Documents/GitHub/MoneroOne/build/Index.noindex/DataStore @/Users/j/Documents/GitHub/MoneroOne/build/Build/Intermediates.noindex/swift-crypto.build/Debug-iphonesimulator/CCryptoBoringSSL.build/Objects-normal/arm64/7187679823f38a2a940e0043cdf9d637-common-args.resp -MMD -MT dependencies -MF /Users/j/Documents/GitHub/MoneroOne/build/Build/Intermediates.noindex/swift-crypto.build/Debug-iphonesimulator/CCryptoBoringSSL.build/Objects-normal/arm64/e_aesccm.d --serialize-diagnostics /Users/j/Documents/GitHub/MoneroOne/build/Build/Intermediates.noindex/swift-crypto.build/Debug-iphonesimulator/CCryptoBoringSSL.build/Objects-normal/arm64/e_aesccm.dia -c /Users/j/Documents/GitHub/MoneroOne/build/SourcePackages/checkouts/swift-crypto/Sources/CCryptoBoringSSL/crypto/fipsmodule/cipher/e_aesccm.c -o /Users/j/Documents/GitHub/MoneroOne/build/Build/Intermediates.noindex/swift-crypto.build/Debug-iphonesimulator/CCryptoBoringSSL.build/Objects-normal/arm64/e_aesccm.o -index-unit-output-path /swift-crypto.build/Debug-iphonesimulator/CCryptoBoringSSL.build/Objects-normal/arm64/e_aesccm.o

ScanDependencies /Users/j/Documents/GitHub/MoneroOne/build/Build/Intermediates.noindex/swift-crypto.build/Debug-iphonesimulator/CCryptoBoringSSL.build/Objects-normal/arm64/e_aes.o /Users/j/Documents/GitHub/MoneroOne/build/SourcePackages/checkouts/swift-crypto/Sources/CCryptoBoringSSL/crypto/fipsmodule/cipher/e_aes.c normal arm64 c com.apple.compilers.llvm.clang.1_0.compiler (in target 'CCryptoBoringSSL' from project 'swift-crypto')
    cd /Users/j/Documents/GitHub/MoneroOne/MoneroOne.xcodeproj
    
    Using response file: /Users/j/Documents/GitHub/MoneroOne/build/Build/Intermediates.noindex/swift-crypto.build/Debug-iphonesimulator/CCryptoBoringSSL.build/Objects-normal/arm64/7187679823f38a2a940e0043cdf9d637-common-args.resp
    
    builtin-ScanDependencies -o /Users/j/Documents/GitHub/MoneroOne/build/Build/Intermediates.noindex/swift-crypto.build/Debug-iphonesimulator/CCryptoBoringSSL.build/Objects-normal/arm64/e_aes.o.scan -- /Applications/Xcode.app/Contents/Developer/Toolchains/XcodeDefault.xctoolchain/usr/bin/clang -x c -ivfsstatcache /Users/j/Documents/GitHub/MoneroOne/build/SDKStatCaches.noindex/iphonesimulator26.1-23B77-90cf18a4295e390e64c810bc6bd7acbc.sdkstatcache -fmessage-length\=0 -fdiagnostics-show-note-include-stack -fmacro-backtrace-limit\=0 -fno-color-diagnostics -fmodules-prune-interval\=86400 -fmodules-prune-after\=345600 -fbuild-session-file\=/Users/j/Documents/GitHub/MoneroOne/build/ModuleCache.noindex/Session.modulevalidation -fmodules-validate-once-per-build-session -Wnon-modular-include-in-framework-module -Werror\=non-modular-include-in-framework-module -Wno-trigraphs -Wno-missing-field-initializers -Wno-missing-prototypes -Wno-return-type -Wno-missing-braces -Wparentheses -Wswitch -Wno-unused-function -Wno-unused-label -Wno-unused-parameter -Wno-unused-variable -Wunused-value -Wno-empty-body -Wno-uninitialized -Wno-unknown-pragmas -w -Wno-shadow -Wno-four-char-constants -Wno-conversion -Wno-constant-conversion -Wno-int-conversion -Wno-bool-conversion -Wno-enum-conversion -Wno-float-conversion -Wno-non-literal-null-conversion -Wno-objc-literal-conversion -Wshorten-64-to-32 -Wpointer-sign -Wno-newline-eof -Wno-implicit-fallthrough -fstrict-aliasing -Wdeprecated-declarations -Wno-sign-conversion -Wno-infinite-recursion -Wno-comma -Wno-block-capture-autoreleasing -Wno-strict-prototypes -Wno-semicolon-before-method-body -index-store-path /Users/j/Documents/GitHub/MoneroOne/build/Index.noindex/DataStore @/Users/j/Documents/GitHub/MoneroOne/build/Build/Intermediates.noindex/swift-crypto.build/Debug-iphonesimulator/CCryptoBoringSSL.build/Objects-normal/arm64/7187679823f38a2a940e0043cdf9d637-common-args.resp -MMD -MT dependencies -MF /Users/j/Documents/GitHub/MoneroOne/build/Build/Intermediates.noindex/swift-crypto.build/Debug-iphonesimulator/CCryptoBoringSSL.build/Objects-normal/arm64/e_aes.d --serialize-diagnostics /Users/j/Documents/GitHub/MoneroOne/build/Build/Intermediates.noindex/swift-crypto.build/Debug-iphonesimulator/CCryptoBoringSSL.build/Objects-normal/arm64/e_aes.dia -c /Users/j/Documents/GitHub/MoneroOne/build/SourcePackages/checkouts/swift-crypto/Sources/CCryptoBoringSSL/crypto/fipsmodule/cipher/e_aes.c -o /Users/j/Documents/GitHub/MoneroOne/build/Build/Intermediates.noindex/swift-crypto.build/Debug-iphonesimulator/CCryptoBoringSSL.build/Objects-normal/arm64/e_aes.o -index-unit-output-path /swift-crypto.build/Debug-iphonesimulator/CCryptoBoringSSL.build/Objects-normal/arm64/e_aes.o

ScanDependencies /Users/j/Documents/GitHub/MoneroOne/build/Build/Intermediates.noindex/swift-crypto.build/Debug-iphonesimulator/CCryptoBoringSSL.build/Objects-normal/arm64/dsa_asn1.o /Users/j/Documents/GitHub/MoneroOne/build/SourcePackages/checkouts/swift-crypto/Sources/CCryptoBoringSSL/crypto/dsa/dsa_asn1.c normal arm64 c com.apple.compilers.llvm.clang.1_0.compiler (in target 'CCryptoBoringSSL' from project 'swift-crypto')
    cd /Users/j/Documents/GitHub/MoneroOne/MoneroOne.xcodeproj
    
    Using response file: /Users/j/Documents/GitHub/MoneroOne/build/Build/Intermediates.noindex/swift-crypto.build/Debug-iphonesimulator/CCryptoBoringSSL.build/Objects-normal/arm64/7187679823f38a2a940e0043cdf9d637-common-args.resp
    
    builtin-ScanDependencies -o /Users/j/Documents/GitHub/MoneroOne/build/Build/Intermediates.noindex/swift-crypto.build/Debug-iphonesimulator/CCryptoBoringSSL.build/Objects-normal/arm64/dsa_asn1.o.scan -- /Applications/Xcode.app/Contents/Developer/Toolchains/XcodeDefault.xctoolchain/usr/bin/clang -x c -ivfsstatcache /Users/j/Documents/GitHub/MoneroOne/build/SDKStatCaches.noindex/iphonesimulator26.1-23B77-90cf18a4295e390e64c810bc6bd7acbc.sdkstatcache -fmessage-length\=0 -fdiagnostics-show-note-include-stack -fmacro-backtrace-limit\=0 -fno-color-diagnostics -fmodules-prune-interval\=86400 -fmodules-prune-after\=345600 -fbuild-session-file\=/Users/j/Documents/GitHub/MoneroOne/build/ModuleCache.noindex/Session.modulevalidation -fmodules-validate-once-per-build-session -Wnon-modular-include-in-framework-module -Werror\=non-modular-include-in-framework-module -Wno-trigraphs -Wno-missing-field-initializers -Wno-missing-prototypes -Wno-return-type -Wno-missing-braces -Wparentheses -Wswitch -Wno-unused-function -Wno-unused-label -Wno-unused-parameter -Wno-unused-variable -Wunused-value -Wno-empty-body -Wno-uninitialized -Wno-unknown-pragmas -w -Wno-shadow -Wno-four-char-constants -Wno-conversion -Wno-constant-conversion -Wno-int-conversion -Wno-bool-conversion -Wno-enum-conversion -Wno-float-conversion -Wno-non-literal-null-conversion -Wno-objc-literal-conversion -Wshorten-64-to-32 -Wpointer-sign -Wno-newline-eof -Wno-implicit-fallthrough -fstrict-aliasing -Wdeprecated-declarations -Wno-sign-conversion -Wno-infinite-recursion -Wno-comma -Wno-block-capture-autoreleasing -Wno-strict-prototypes -Wno-semicolon-before-method-body -index-store-path /Users/j/Documents/GitHub/MoneroOne/build/Index.noindex/DataStore @/Users/j/Documents/GitHub/MoneroOne/build/Build/Intermediates.noindex/swift-crypto.build/Debug-iphonesimulator/CCryptoBoringSSL.build/Objects-normal/arm64/7187679823f38a2a940e0043cdf9d637-common-args.resp -MMD -MT dependencies -MF /Users/j/Documents/GitHub/MoneroOne/build/Build/Intermediates.noindex/swift-crypto.build/Debug-iphonesimulator/CCryptoBoringSSL.build/Objects-normal/arm64/dsa_asn1.d --serialize-diagnostics /Users/j/Documents/GitHub/MoneroOne/build/Build/Intermediates.noindex/swift-crypto.build/Debug-iphonesimulator/CCryptoBoringSSL.build/Objects-normal/arm64/dsa_asn1.dia -c /Users/j/Documents/GitHub/MoneroOne/build/SourcePackages/checkouts/swift-crypto/Sources/CCryptoBoringSSL/crypto/dsa/dsa_asn1.c -o /Users/j/Documents/GitHub/MoneroOne/build/Build/Intermediates.noindex/swift-crypto.build/Debug-iphonesimulator/CCryptoBoringSSL.build/Objects-normal/arm64/dsa_asn1.o -index-unit-output-path /swift-crypto.build/Debug-iphonesimulator/CCryptoBoringSSL.build/Objects-normal/arm64/dsa_asn1.o

ScanDependencies /Users/j/Documents/GitHub/MoneroOne/build/Build/Intermediates.noindex/swift-crypto.build/Debug-iphonesimulator/CCryptoBoringSSL.build/Objects-normal/arm64/dsa.o /Users/j/Documents/GitHub/MoneroOne/build/SourcePackages/checkouts/swift-crypto/Sources/CCryptoBoringSSL/crypto/dsa/dsa.c normal arm64 c com.apple.compilers.llvm.clang.1_0.compiler (in target 'CCryptoBoringSSL' from project 'swift-crypto')
    cd /Users/j/Documents/GitHub/MoneroOne/MoneroOne.xcodeproj
    
    Using response file: /Users/j/Documents/GitHub/MoneroOne/build/Build/Intermediates.noindex/swift-crypto.build/Debug-iphonesimulator/CCryptoBoringSSL.build/Objects-normal/arm64/7187679823f38a2a940e0043cdf9d637-common-args.resp
    
    builtin-ScanDependencies -o /Users/j/Documents/GitHub/MoneroOne/build/Build/Intermediates.noindex/swift-crypto.build/Debug-iphonesimulator/CCryptoBoringSSL.build/Objects-normal/arm64/dsa.o.scan -- /Applications/Xcode.app/Contents/Developer/Toolchains/XcodeDefault.xctoolchain/usr/bin/clang -x c -ivfsstatcache /Users/j/Documents/GitHub/MoneroOne/build/SDKStatCaches.noindex/iphonesimulator26.1-23B77-90cf18a4295e390e64c810bc6bd7acbc.sdkstatcache -fmessage-length\=0 -fdiagnostics-show-note-include-stack -fmacro-backtrace-limit\=0 -fno-color-diagnostics -fmodules-prune-interval\=86400 -fmodules-prune-after\=345600 -fbuild-session-file\=/Users/j/Documents/GitHub/MoneroOne/build/ModuleCache.noindex/Session.modulevalidation -fmodules-validate-once-per-build-session -Wnon-modular-include-in-framework-module -Werror\=non-modular-include-in-framework-module -Wno-trigraphs -Wno-missing-field-initializers -Wno-missing-prototypes -Wno-return-type -Wno-missing-braces -Wparentheses -Wswitch -Wno-unused-function -Wno-unused-label -Wno-unused-parameter -Wno-unused-variable -Wunused-value -Wno-empty-body -Wno-uninitialized -Wno-unknown-pragmas -w -Wno-shadow -Wno-four-char-constants -Wno-conversion -Wno-constant-conversion -Wno-int-conversion -Wno-bool-conversion -Wno-enum-conversion -Wno-float-conversion -Wno-non-literal-null-conversion -Wno-objc-literal-conversion -Wshorten-64-to-32 -Wpointer-sign -Wno-newline-eof -Wno-implicit-fallthrough -fstrict-aliasing -Wdeprecated-declarations -Wno-sign-conversion -Wno-infinite-recursion -Wno-comma -Wno-block-capture-autoreleasing -Wno-strict-prototypes -Wno-semicolon-before-method-body -index-store-path /Users/j/Documents/GitHub/MoneroOne/build/Index.noindex/DataStore @/Users/j/Documents/GitHub/MoneroOne/build/Build/Intermediates.noindex/swift-crypto.build/Debug-iphonesimulator/CCryptoBoringSSL.build/Objects-normal/arm64/7187679823f38a2a940e0043cdf9d637-common-args.resp -MMD -MT dependencies -MF /Users/j/Documents/GitHub/MoneroOne/build/Build/Intermediates.noindex/swift-crypto.build/Debug-iphonesimulator/CCryptoBoringSSL.build/Objects-normal/arm64/dsa.d --serialize-diagnostics /Users/j/Documents/GitHub/MoneroOne/build/Build/Intermediates.noindex/swift-crypto.build/Debug-iphonesimulator/CCryptoBoringSSL.build/Objects-normal/arm64/dsa.dia -c /Users/j/Documents/GitHub/MoneroOne/build/SourcePackages/checkouts/swift-crypto/Sources/CCryptoBoringSSL/crypto/dsa/dsa.c -o /Users/j/Documents/GitHub/MoneroOne/build/Build/Intermediates.noindex/swift-crypto.build/Debug-iphonesimulator/CCryptoBoringSSL.build/Objects-normal/arm64/dsa.o -index-unit-output-path /swift-crypto.build/Debug-iphonesimulator/CCryptoBoringSSL.build/Objects-normal/arm64/dsa.o

ScanDependencies /Users/j/Documents/GitHub/MoneroOne/build/Build/Intermediates.noindex/swift-crypto.build/Debug-iphonesimulator/CCryptoBoringSSL.build/Objects-normal/arm64/div_extra.o /Users/j/Documents/GitHub/MoneroOne/build/SourcePackages/checkouts/swift-crypto/Sources/CCryptoBoringSSL/crypto/fipsmodule/bn/div_extra.c normal arm64 c com.apple.compilers.llvm.clang.1_0.compiler (in target 'CCryptoBoringSSL' from project 'swift-crypto')
    cd /Users/j/Documents/GitHub/MoneroOne/MoneroOne.xcodeproj
    
    Using response file: /Users/j/Documents/GitHub/MoneroOne/build/Build/Intermediates.noindex/swift-crypto.build/Debug-iphonesimulator/CCryptoBoringSSL.build/Objects-normal/arm64/7187679823f38a2a940e0043cdf9d637-common-args.resp
    
    builtin-ScanDependencies -o /Users/j/Documents/GitHub/MoneroOne/build/Build/Intermediates.noindex/swift-crypto.build/Debug-iphonesimulator/CCryptoBoringSSL.build/Objects-normal/arm64/div_extra.o.scan -- /Applications/Xcode.app/Contents/Developer/Toolchains/XcodeDefault.xctoolchain/usr/bin/clang -x c -ivfsstatcache /Users/j/Documents/GitHub/MoneroOne/build/SDKStatCaches.noindex/iphonesimulator26.1-23B77-90cf18a4295e390e64c810bc6bd7acbc.sdkstatcache -fmessage-length\=0 -fdiagnostics-show-note-include-stack -fmacro-backtrace-limit\=0 -fno-color-diagnostics -fmodules-prune-interval\=86400 -fmodules-prune-after\=345600 -fbuild-session-file\=/Users/j/Documents/GitHub/MoneroOne/build/ModuleCache.noindex/Session.modulevalidation -fmodules-validate-once-per-build-session -Wnon-modular-include-in-framework-module -Werror\=non-modular-include-in-framework-module -Wno-trigraphs -Wno-missing-field-initializers -Wno-missing-prototypes -Wno-return-type -Wno-missing-braces -Wparentheses -Wswitch -Wno-unused-function -Wno-unused-label -Wno-unused-parameter -Wno-unused-variable -Wunused-value -Wno-empty-body -Wno-uninitialized -Wno-unknown-pragmas -w -Wno-shadow -Wno-four-char-constants -Wno-conversion -Wno-constant-conversion -Wno-int-conversion -Wno-bool-conversion -Wno-enum-conversion -Wno-float-conversion -Wno-non-literal-null-conversion -Wno-objc-literal-conversion -Wshorten-64-to-32 -Wpointer-sign -Wno-newline-eof -Wno-implicit-fallthrough -fstrict-aliasing -Wdeprecated-declarations -Wno-sign-conversion -Wno-infinite-recursion -Wno-comma -Wno-block-capture-autoreleasing -Wno-strict-prototypes -Wno-semicolon-before-method-body -index-store-path /Users/j/Documents/GitHub/MoneroOne/build/Index.noindex/DataStore @/Users/j/Documents/GitHub/MoneroOne/build/Build/Intermediates.noindex/swift-crypto.build/Debug-iphonesimulator/CCryptoBoringSSL.build/Objects-normal/arm64/7187679823f38a2a940e0043cdf9d637-common-args.resp -MMD -MT dependencies -MF /Users/j/Documents/GitHub/MoneroOne/build/Build/Intermediates.noindex/swift-crypto.build/Debug-iphonesimulator/CCryptoBoringSSL.build/Objects-normal/arm64/div_extra.d --serialize-diagnostics /Users/j/Documents/GitHub/MoneroOne/build/Build/Intermediates.noindex/swift-crypto.build/Debug-iphonesimulator/CCryptoBoringSSL.build/Objects-normal/arm64/div_extra.dia -c /Users/j/Documents/GitHub/MoneroOne/build/SourcePackages/checkouts/swift-crypto/Sources/CCryptoBoringSSL/crypto/fipsmodule/bn/div_extra.c -o /Users/j/Documents/GitHub/MoneroOne/build/Build/Intermediates.noindex/swift-crypto.build/Debug-iphonesimulator/CCryptoBoringSSL.build/Objects-normal/arm64/div_extra.o -index-unit-output-path /swift-crypto.build/Debug-iphonesimulator/CCryptoBoringSSL.build/Objects-normal/arm64/div_extra.o

ScanDependencies /Users/j/Documents/GitHub/MoneroOne/build/Build/Intermediates.noindex/swift-crypto.build/Debug-iphonesimulator/CCryptoBoringSSL.build/Objects-normal/arm64/div.o /Users/j/Documents/GitHub/MoneroOne/build/SourcePackages/checkouts/swift-crypto/Sources/CCryptoBoringSSL/crypto/fipsmodule/bn/div.c normal arm64 c com.apple.compilers.llvm.clang.1_0.compiler (in target 'CCryptoBoringSSL' from project 'swift-crypto')
    cd /Users/j/Documents/GitHub/MoneroOne/MoneroOne.xcodeproj
    
    Using response file: /Users/j/Documents/GitHub/MoneroOne/build/Build/Intermediates.noindex/swift-crypto.build/Debug-iphonesimulator/CCryptoBoringSSL.build/Objects-normal/arm64/7187679823f38a2a940e0043cdf9d637-common-args.resp
    
    builtin-ScanDependencies -o /Users/j/Documents/GitHub/MoneroOne/build/Build/Intermediates.noindex/swift-crypto.build/Debug-iphonesimulator/CCryptoBoringSSL.build/Objects-normal/arm64/div.o.scan -- /Applications/Xcode.app/Contents/Developer/Toolchains/XcodeDefault.xctoolchain/usr/bin/clang -x c -ivfsstatcache /Users/j/Documents/GitHub/MoneroOne/build/SDKStatCaches.noindex/iphonesimulator26.1-23B77-90cf18a4295e390e64c810bc6bd7acbc.sdkstatcache -fmessage-length\=0 -fdiagnostics-show-note-include-stack -fmacro-backtrace-limit\=0 -fno-color-diagnostics -fmodules-prune-interval\=86400 -fmodules-prune-after\=345600 -fbuild-session-file\=/Users/j/Documents/GitHub/MoneroOne/build/ModuleCache.noindex/Session.modulevalidation -fmodules-validate-once-per-build-session -Wnon-modular-include-in-framework-module -Werror\=non-modular-include-in-framework-module -Wno-trigraphs -Wno-missing-field-initializers -Wno-missing-prototypes -Wno-return-type -Wno-missing-braces -Wparentheses -Wswitch -Wno-unused-function -Wno-unused-label -Wno-unused-parameter -Wno-unused-variable -Wunused-value -Wno-empty-body -Wno-uninitialized -Wno-unknown-pragmas -w -Wno-shadow -Wno-four-char-constants -Wno-conversion -Wno-constant-conversion -Wno-int-conversion -Wno-bool-conversion -Wno-enum-conversion -Wno-float-conversion -Wno-non-literal-null-conversion -Wno-objc-literal-conversion -Wshorten-64-to-32 -Wpointer-sign -Wno-newline-eof -Wno-implicit-fallthrough -fstrict-aliasing -Wdeprecated-declarations -Wno-sign-conversion -Wno-infinite-recursion -Wno-comma -Wno-block-capture-autoreleasing -Wno-strict-prototypes -Wno-semicolon-before-method-body -index-store-path /Users/j/Documents/GitHub/MoneroOne/build/Index.noindex/DataStore @/Users/j/Documents/GitHub/MoneroOne/build/Build/Intermediates.noindex/swift-crypto.build/Debug-iphonesimulator/CCryptoBoringSSL.build/Objects-normal/arm64/7187679823f38a2a940e0043cdf9d637-common-args.resp -MMD -MT dependencies -MF /Users/j/Documents/GitHub/MoneroOne/build/Build/Intermediates.noindex/swift-crypto.build/Debug-iphonesimulator/CCryptoBoringSSL.build/Objects-normal/arm64/div.d --serialize-diagnostics /Users/j/Documents/GitHub/MoneroOne/build/Build/Intermediates.noindex/swift-crypto.build/Debug-iphonesimulator/CCryptoBoringSSL.build/Objects-normal/arm64/div.dia -c /Users/j/Documents/GitHub/MoneroOne/build/SourcePackages/checkouts/swift-crypto/Sources/CCryptoBoringSSL/crypto/fipsmodule/bn/div.c -o /Users/j/Documents/GitHub/MoneroOne/build/Build/Intermediates.noindex/swift-crypto.build/Debug-iphonesimulator/CCryptoBoringSSL.build/Objects-normal/arm64/div.o -index-unit-output-path /swift-crypto.build/Debug-iphonesimulator/CCryptoBoringSSL.build/Objects-normal/arm64/div.o

ScanDependencies /Users/j/Documents/GitHub/MoneroOne/build/Build/Intermediates.noindex/swift-crypto.build/Debug-iphonesimulator/CCryptoBoringSSL.build/Objects-normal/arm64/digestsign.o /Users/j/Documents/GitHub/MoneroOne/build/SourcePackages/checkouts/swift-crypto/Sources/CCryptoBoringSSL/crypto/fipsmodule/digestsign/digestsign.c normal arm64 c com.apple.compilers.llvm.clang.1_0.compiler (in target 'CCryptoBoringSSL' from project 'swift-crypto')
    cd /Users/j/Documents/GitHub/MoneroOne/MoneroOne.xcodeproj
    
    Using response file: /Users/j/Documents/GitHub/MoneroOne/build/Build/Intermediates.noindex/swift-crypto.build/Debug-iphonesimulator/CCryptoBoringSSL.build/Objects-normal/arm64/7187679823f38a2a940e0043cdf9d637-common-args.resp
    
    builtin-ScanDependencies -o /Users/j/Documents/GitHub/MoneroOne/build/Build/Intermediates.noindex/swift-crypto.build/Debug-iphonesimulator/CCryptoBoringSSL.build/Objects-normal/arm64/digestsign.o.scan -- /Applications/Xcode.app/Contents/Developer/Toolchains/XcodeDefault.xctoolchain/usr/bin/clang -x c -ivfsstatcache /Users/j/Documents/GitHub/MoneroOne/build/SDKStatCaches.noindex/iphonesimulator26.1-23B77-90cf18a4295e390e64c810bc6bd7acbc.sdkstatcache -fmessage-length\=0 -fdiagnostics-show-note-include-stack -fmacro-backtrace-limit\=0 -fno-color-diagnostics -fmodules-prune-interval\=86400 -fmodules-prune-after\=345600 -fbuild-session-file\=/Users/j/Documents/GitHub/MoneroOne/build/ModuleCache.noindex/Session.modulevalidation -fmodules-validate-once-per-build-session -Wnon-modular-include-in-framework-module -Werror\=non-modular-include-in-framework-module -Wno-trigraphs -Wno-missing-field-initializers -Wno-missing-prototypes -Wno-return-type -Wno-missing-braces -Wparentheses -Wswitch -Wno-unused-function -Wno-unused-label -Wno-unused-parameter -Wno-unused-variable -Wunused-value -Wno-empty-body -Wno-uninitialized -Wno-unknown-pragmas -w -Wno-shadow -Wno-four-char-constants -Wno-conversion -Wno-constant-conversion -Wno-int-conversion -Wno-bool-conversion -Wno-enum-conversion -Wno-float-conversion -Wno-non-literal-null-conversion -Wno-objc-literal-conversion -Wshorten-64-to-32 -Wpointer-sign -Wno-newline-eof -Wno-implicit-fallthrough -fstrict-aliasing -Wdeprecated-declarations -Wno-sign-conversion -Wno-infinite-recursion -Wno-comma -Wno-block-capture-autoreleasing -Wno-strict-prototypes -Wno-semicolon-before-method-body -index-store-path /Users/j/Documents/GitHub/MoneroOne/build/Index.noindex/DataStore @/Users/j/Documents/GitHub/MoneroOne/build/Build/Intermediates.noindex/swift-crypto.build/Debug-iphonesimulator/CCryptoBoringSSL.build/Objects-normal/arm64/7187679823f38a2a940e0043cdf9d637-common-args.resp -MMD -MT dependencies -MF /Users/j/Documents/GitHub/MoneroOne/build/Build/Intermediates.noindex/swift-crypto.build/Debug-iphonesimulator/CCryptoBoringSSL.build/Objects-normal/arm64/digestsign.d --serialize-diagnostics /Users/j/Documents/GitHub/MoneroOne/build/Build/Intermediates.noindex/swift-crypto.build/Debug-iphonesimulator/CCryptoBoringSSL.build/Objects-normal/arm64/digestsign.dia -c /Users/j/Documents/GitHub/MoneroOne/build/SourcePackages/checkouts/swift-crypto/Sources/CCryptoBoringSSL/crypto/fipsmodule/digestsign/digestsign.c -o /Users/j/Documents/GitHub/MoneroOne/build/Build/Intermediates.noindex/swift-crypto.build/Debug-iphonesimulator/CCryptoBoringSSL.build/Objects-normal/arm64/digestsign.o -index-unit-output-path /swift-crypto.build/Debug-iphonesimulator/CCryptoBoringSSL.build/Objects-normal/arm64/digestsign.o

ScanDependencies /Users/j/Documents/GitHub/MoneroOne/build/Build/Intermediates.noindex/swift-crypto.build/Debug-iphonesimulator/CCryptoBoringSSL.build/Objects-normal/arm64/digests.o /Users/j/Documents/GitHub/MoneroOne/build/SourcePackages/checkouts/swift-crypto/Sources/CCryptoBoringSSL/crypto/fipsmodule/digest/digests.c normal arm64 c com.apple.compilers.llvm.clang.1_0.compiler (in target 'CCryptoBoringSSL' from project 'swift-crypto')
    cd /Users/j/Documents/GitHub/MoneroOne/MoneroOne.xcodeproj
    
    Using response file: /Users/j/Documents/GitHub/MoneroOne/build/Build/Intermediates.noindex/swift-crypto.build/Debug-iphonesimulator/CCryptoBoringSSL.build/Objects-normal/arm64/7187679823f38a2a940e0043cdf9d637-common-args.resp
    
    builtin-ScanDependencies -o /Users/j/Documents/GitHub/MoneroOne/build/Build/Intermediates.noindex/swift-crypto.build/Debug-iphonesimulator/CCryptoBoringSSL.build/Objects-normal/arm64/digests.o.scan -- /Applications/Xcode.app/Contents/Developer/Toolchains/XcodeDefault.xctoolchain/usr/bin/clang -x c -ivfsstatcache /Users/j/Documents/GitHub/MoneroOne/build/SDKStatCaches.noindex/iphonesimulator26.1-23B77-90cf18a4295e390e64c810bc6bd7acbc.sdkstatcache -fmessage-length\=0 -fdiagnostics-show-note-include-stack -fmacro-backtrace-limit\=0 -fno-color-diagnostics -fmodules-prune-interval\=86400 -fmodules-prune-after\=345600 -fbuild-session-file\=/Users/j/Documents/GitHub/MoneroOne/build/ModuleCache.noindex/Session.modulevalidation -fmodules-validate-once-per-build-session -Wnon-modular-include-in-framework-module -Werror\=non-modular-include-in-framework-module -Wno-trigraphs -Wno-missing-field-initializers -Wno-missing-prototypes -Wno-return-type -Wno-missing-braces -Wparentheses -Wswitch -Wno-unused-function -Wno-unused-label -Wno-unused-parameter -Wno-unused-variable -Wunused-value -Wno-empty-body -Wno-uninitialized -Wno-unknown-pragmas -w -Wno-shadow -Wno-four-char-constants -Wno-conversion -Wno-constant-conversion -Wno-int-conversion -Wno-bool-conversion -Wno-enum-conversion -Wno-float-conversion -Wno-non-literal-null-conversion -Wno-objc-literal-conversion -Wshorten-64-to-32 -Wpointer-sign -Wno-newline-eof -Wno-implicit-fallthrough -fstrict-aliasing -Wdeprecated-declarations -Wno-sign-conversion -Wno-infinite-recursion -Wno-comma -Wno-block-capture-autoreleasing -Wno-strict-prototypes -Wno-semicolon-before-method-body -index-store-path /Users/j/Documents/GitHub/MoneroOne/build/Index.noindex/DataStore @/Users/j/Documents/GitHub/MoneroOne/build/Build/Intermediates.noindex/swift-crypto.build/Debug-iphonesimulator/CCryptoBoringSSL.build/Objects-normal/arm64/7187679823f38a2a940e0043cdf9d637-common-args.resp -MMD -MT dependencies -MF /Users/j/Documents/GitHub/MoneroOne/build/Build/Intermediates.noindex/swift-crypto.build/Debug-iphonesimulator/CCryptoBoringSSL.build/Objects-normal/arm64/digests.d --serialize-diagnostics /Users/j/Documents/GitHub/MoneroOne/build/Build/Intermediates.noindex/swift-crypto.build/Debug-iphonesimulator/CCryptoBoringSSL.build/Objects-normal/arm64/digests.dia -c /Users/j/Documents/GitHub/MoneroOne/build/SourcePackages/checkouts/swift-crypto/Sources/CCryptoBoringSSL/crypto/fipsmodule/digest/digests.c -o /Users/j/Documents/GitHub/MoneroOne/build/Build/Intermediates.noindex/swift-crypto.build/Debug-iphonesimulator/CCryptoBoringSSL.build/Objects-normal/arm64/digests.o -index-unit-output-path /swift-crypto.build/Debug-iphonesimulator/CCryptoBoringSSL.build/Objects-normal/arm64/digests.o

CompileC /Users/j/Documents/GitHub/MoneroOne/build/Build/Intermediates.noindex/swift-crypto.build/Debug-iphonesimulator/CCryptoBoringSSL.build/Objects-normal/arm64/dsa_asn1.o /Users/j/Documents/GitHub/MoneroOne/build/SourcePackages/checkouts/swift-crypto/Sources/CCryptoBoringSSL/crypto/dsa/dsa_asn1.c normal arm64 c com.apple.compilers.llvm.clang.1_0.compiler (in target 'CCryptoBoringSSL' from project 'swift-crypto')
    cd /Users/j/Documents/GitHub/MoneroOne/MoneroOne.xcodeproj
    
    Using response file: /Users/j/Documents/GitHub/MoneroOne/build/Build/Intermediates.noindex/swift-crypto.build/Debug-iphonesimulator/CCryptoBoringSSL.build/Objects-normal/arm64/7187679823f38a2a940e0043cdf9d637-common-args.resp
    
    /Applications/Xcode.app/Contents/Developer/Toolchains/XcodeDefault.xctoolchain/usr/bin/clang -x c -ivfsstatcache /Users/j/Documents/GitHub/MoneroOne/build/SDKStatCaches.noindex/iphonesimulator26.1-23B77-90cf18a4295e390e64c810bc6bd7acbc.sdkstatcache -fmessage-length\=0 -fdiagnostics-show-note-include-stack -fmacro-backtrace-limit\=0 -fno-color-diagnostics -fmodules-prune-interval\=86400 -fmodules-prune-after\=345600 -fbuild-session-file\=/Users/j/Documents/GitHub/MoneroOne/build/ModuleCache.noindex/Session.modulevalidation -fmodules-validate-once-per-build-session -Wnon-modular-include-in-framework-module -Werror\=non-modular-include-in-framework-module -Wno-trigraphs -Wno-missing-field-initializers -Wno-missing-prototypes -Wno-return-type -Wno-missing-braces -Wparentheses -Wswitch -Wno-unused-function -Wno-unused-label -Wno-unused-parameter -Wno-unused-variable -Wunused-value -Wno-empty-body -Wno-uninitialized -Wno-unknown-pragmas -w -Wno-shadow -Wno-four-char-constants -Wno-conversion -Wno-constant-conversion -Wno-int-conversion -Wno-bool-conversion -Wno-enum-conversion -Wno-float-conversion -Wno-non-literal-null-conversion -Wno-objc-literal-conversion -Wshorten-64-to-32 -Wpointer-sign -Wno-newline-eof -Wno-implicit-fallthrough -fstrict-aliasing -Wdeprecated-declarations -Wno-sign-conversion -Wno-infinite-recursion -Wno-comma -Wno-block-capture-autoreleasing -Wno-strict-prototypes -Wno-semicolon-before-method-body -index-store-path /Users/j/Documents/GitHub/MoneroOne/build/Index.noindex/DataStore @/Users/j/Documents/GitHub/MoneroOne/build/Build/Intermediates.noindex/swift-crypto.build/Debug-iphonesimulator/CCryptoBoringSSL.build/Objects-normal/arm64/7187679823f38a2a940e0043cdf9d637-common-args.resp -MMD -MT dependencies -MF /Users/j/Documents/GitHub/MoneroOne/build/Build/Intermediates.noindex/swift-crypto.build/Debug-iphonesimulator/CCryptoBoringSSL.build/Objects-normal/arm64/dsa_asn1.d --serialize-diagnostics /Users/j/Documents/GitHub/MoneroOne/build/Build/Intermediates.noindex/swift-crypto.build/Debug-iphonesimulator/CCryptoBoringSSL.build/Objects-normal/arm64/dsa_asn1.dia -c /Users/j/Documents/GitHub/MoneroOne/build/SourcePackages/checkouts/swift-crypto/Sources/CCryptoBoringSSL/crypto/dsa/dsa_asn1.c -o /Users/j/Documents/GitHub/MoneroOne/build/Build/Intermediates.noindex/swift-crypto.build/Debug-iphonesimulator/CCryptoBoringSSL.build/Objects-normal/arm64/dsa_asn1.o -index-unit-output-path /swift-crypto.build/Debug-iphonesimulator/CCryptoBoringSSL.build/Objects-normal/arm64/dsa_asn1.o

CompileC /Users/j/Documents/GitHub/MoneroOne/build/Build/Intermediates.noindex/swift-crypto.build/Debug-iphonesimulator/CCryptoBoringSSL.build/Objects-normal/arm64/dsa.o /Users/j/Documents/GitHub/MoneroOne/build/SourcePackages/checkouts/swift-crypto/Sources/CCryptoBoringSSL/crypto/dsa/dsa.c normal arm64 c com.apple.compilers.llvm.clang.1_0.compiler (in target 'CCryptoBoringSSL' from project 'swift-crypto')
    cd /Users/j/Documents/GitHub/MoneroOne/MoneroOne.xcodeproj
    
    Using response file: /Users/j/Documents/GitHub/MoneroOne/build/Build/Intermediates.noindex/swift-crypto.build/Debug-iphonesimulator/CCryptoBoringSSL.build/Objects-normal/arm64/7187679823f38a2a940e0043cdf9d637-common-args.resp
    
    /Applications/Xcode.app/Contents/Developer/Toolchains/XcodeDefault.xctoolchain/usr/bin/clang -x c -ivfsstatcache /Users/j/Documents/GitHub/MoneroOne/build/SDKStatCaches.noindex/iphonesimulator26.1-23B77-90cf18a4295e390e64c810bc6bd7acbc.sdkstatcache -fmessage-length\=0 -fdiagnostics-show-note-include-stack -fmacro-backtrace-limit\=0 -fno-color-diagnostics -fmodules-prune-interval\=86400 -fmodules-prune-after\=345600 -fbuild-session-file\=/Users/j/Documents/GitHub/MoneroOne/build/ModuleCache.noindex/Session.modulevalidation -fmodules-validate-once-per-build-session -Wnon-modular-include-in-framework-module -Werror\=non-modular-include-in-framework-module -Wno-trigraphs -Wno-missing-field-initializers -Wno-missing-prototypes -Wno-return-type -Wno-missing-braces -Wparentheses -Wswitch -Wno-unused-function -Wno-unused-label -Wno-unused-parameter -Wno-unused-variable -Wunused-value -Wno-empty-body -Wno-uninitialized -Wno-unknown-pragmas -w -Wno-shadow -Wno-four-char-constants -Wno-conversion -Wno-constant-conversion -Wno-int-conversion -Wno-bool-conversion -Wno-enum-conversion -Wno-float-conversion -Wno-non-literal-null-conversion -Wno-objc-literal-conversion -Wshorten-64-to-32 -Wpointer-sign -Wno-newline-eof -Wno-implicit-fallthrough -fstrict-aliasing -Wdeprecated-declarations -Wno-sign-conversion -Wno-infinite-recursion -Wno-comma -Wno-block-capture-autoreleasing -Wno-strict-prototypes -Wno-semicolon-before-method-body -index-store-path /Users/j/Documents/GitHub/MoneroOne/build/Index.noindex/DataStore @/Users/j/Documents/GitHub/MoneroOne/build/Build/Intermediates.noindex/swift-crypto.build/Debug-iphonesimulator/CCryptoBoringSSL.build/Objects-normal/arm64/7187679823f38a2a940e0043cdf9d637-common-args.resp -MMD -MT dependencies -MF /Users/j/Documents/GitHub/MoneroOne/build/Build/Intermediates.noindex/swift-crypto.build/Debug-iphonesimulator/CCryptoBoringSSL.build/Objects-normal/arm64/dsa.d --serialize-diagnostics /Users/j/Documents/GitHub/MoneroOne/build/Build/Intermediates.noindex/swift-crypto.build/Debug-iphonesimulator/CCryptoBoringSSL.build/Objects-normal/arm64/dsa.dia -c /Users/j/Documents/GitHub/MoneroOne/build/SourcePackages/checkouts/swift-crypto/Sources/CCryptoBoringSSL/crypto/dsa/dsa.c -o /Users/j/Documents/GitHub/MoneroOne/build/Build/Intermediates.noindex/swift-crypto.build/Debug-iphonesimulator/CCryptoBoringSSL.build/Objects-normal/arm64/dsa.o -index-unit-output-path /swift-crypto.build/Debug-iphonesimulator/CCryptoBoringSSL.build/Objects-normal/arm64/dsa.o

ScanDependencies /Users/j/Documents/GitHub/MoneroOne/build/Build/Intermediates.noindex/swift-crypto.build/Debug-iphonesimulator/CCryptoBoringSSL.build/Objects-normal/arm64/digest_extra.o /Users/j/Documents/GitHub/MoneroOne/build/SourcePackages/checkouts/swift-crypto/Sources/CCryptoBoringSSL/crypto/digest_extra/digest_extra.c normal arm64 c com.apple.compilers.llvm.clang.1_0.compiler (in target 'CCryptoBoringSSL' from project 'swift-crypto')
    cd /Users/j/Documents/GitHub/MoneroOne/MoneroOne.xcodeproj
    
    Using response file: /Users/j/Documents/GitHub/MoneroOne/build/Build/Intermediates.noindex/swift-crypto.build/Debug-iphonesimulator/CCryptoBoringSSL.build/Objects-normal/arm64/7187679823f38a2a940e0043cdf9d637-common-args.resp
    
    builtin-ScanDependencies -o /Users/j/Documents/GitHub/MoneroOne/build/Build/Intermediates.noindex/swift-crypto.build/Debug-iphonesimulator/CCryptoBoringSSL.build/Objects-normal/arm64/digest_extra.o.scan -- /Applications/Xcode.app/Contents/Developer/Toolchains/XcodeDefault.xctoolchain/usr/bin/clang -x c -ivfsstatcache /Users/j/Documents/GitHub/MoneroOne/build/SDKStatCaches.noindex/iphonesimulator26.1-23B77-90cf18a4295e390e64c810bc6bd7acbc.sdkstatcache -fmessage-length\=0 -fdiagnostics-show-note-include-stack -fmacro-backtrace-limit\=0 -fno-color-diagnostics -fmodules-prune-interval\=86400 -fmodules-prune-after\=345600 -fbuild-session-file\=/Users/j/Documents/GitHub/MoneroOne/build/ModuleCache.noindex/Session.modulevalidation -fmodules-validate-once-per-build-session -Wnon-modular-include-in-framework-module -Werror\=non-modular-include-in-framework-module -Wno-trigraphs -Wno-missing-field-initializers -Wno-missing-prototypes -Wno-return-type -Wno-missing-braces -Wparentheses -Wswitch -Wno-unused-function -Wno-unused-label -Wno-unused-parameter -Wno-unused-variable -Wunused-value -Wno-empty-body -Wno-uninitialized -Wno-unknown-pragmas -w -Wno-shadow -Wno-four-char-constants -Wno-conversion -Wno-constant-conversion -Wno-int-conversion -Wno-bool-conversion -Wno-enum-conversion -Wno-float-conversion -Wno-non-literal-null-conversion -Wno-objc-literal-conversion -Wshorten-64-to-32 -Wpointer-sign -Wno-newline-eof -Wno-implicit-fallthrough -fstrict-aliasing -Wdeprecated-declarations -Wno-sign-conversion -Wno-infinite-recursion -Wno-comma -Wno-block-capture-autoreleasing -Wno-strict-prototypes -Wno-semicolon-before-method-body -index-store-path /Users/j/Documents/GitHub/MoneroOne/build/Index.noindex/DataStore @/Users/j/Documents/GitHub/MoneroOne/build/Build/Intermediates.noindex/swift-crypto.build/Debug-iphonesimulator/CCryptoBoringSSL.build/Objects-normal/arm64/7187679823f38a2a940e0043cdf9d637-common-args.resp -MMD -MT dependencies -MF /Users/j/Documents/GitHub/MoneroOne/build/Build/Intermediates.noindex/swift-crypto.build/Debug-iphonesimulator/CCryptoBoringSSL.build/Objects-normal/arm64/digest_extra.d --serialize-diagnostics /Users/j/Documents/GitHub/MoneroOne/build/Build/Intermediates.noindex/swift-crypto.build/Debug-iphonesimulator/CCryptoBoringSSL.build/Objects-normal/arm64/digest_extra.dia -c /Users/j/Documents/GitHub/MoneroOne/build/SourcePackages/checkouts/swift-crypto/Sources/CCryptoBoringSSL/crypto/digest_extra/digest_extra.c -o /Users/j/Documents/GitHub/MoneroOne/build/Build/Intermediates.noindex/swift-crypto.build/Debug-iphonesimulator/CCryptoBoringSSL.build/Objects-normal/arm64/digest_extra.o -index-unit-output-path /swift-crypto.build/Debug-iphonesimulator/CCryptoBoringSSL.build/Objects-normal/arm64/digest_extra.o

CompileC /Users/j/Documents/GitHub/MoneroOne/build/Build/Intermediates.noindex/swift-crypto.build/Debug-iphonesimulator/CCryptoBoringSSL.build/Objects-normal/arm64/div_extra.o /Users/j/Documents/GitHub/MoneroOne/build/SourcePackages/checkouts/swift-crypto/Sources/CCryptoBoringSSL/crypto/fipsmodule/bn/div_extra.c normal arm64 c com.apple.compilers.llvm.clang.1_0.compiler (in target 'CCryptoBoringSSL' from project 'swift-crypto')
    cd /Users/j/Documents/GitHub/MoneroOne/MoneroOne.xcodeproj
    
    Using response file: /Users/j/Documents/GitHub/MoneroOne/build/Build/Intermediates.noindex/swift-crypto.build/Debug-iphonesimulator/CCryptoBoringSSL.build/Objects-normal/arm64/7187679823f38a2a940e0043cdf9d637-common-args.resp
    
    /Applications/Xcode.app/Contents/Developer/Toolchains/XcodeDefault.xctoolchain/usr/bin/clang -x c -ivfsstatcache /Users/j/Documents/GitHub/MoneroOne/build/SDKStatCaches.noindex/iphonesimulator26.1-23B77-90cf18a4295e390e64c810bc6bd7acbc.sdkstatcache -fmessage-length\=0 -fdiagnostics-show-note-include-stack -fmacro-backtrace-limit\=0 -fno-color-diagnostics -fmodules-prune-interval\=86400 -fmodules-prune-after\=345600 -fbuild-session-file\=/Users/j/Documents/GitHub/MoneroOne/build/ModuleCache.noindex/Session.modulevalidation -fmodules-validate-once-per-build-session -Wnon-modular-include-in-framework-module -Werror\=non-modular-include-in-framework-module -Wno-trigraphs -Wno-missing-field-initializers -Wno-missing-prototypes -Wno-return-type -Wno-missing-braces -Wparentheses -Wswitch -Wno-unused-function -Wno-unused-label -Wno-unused-parameter -Wno-unused-variable -Wunused-value -Wno-empty-body -Wno-uninitialized -Wno-unknown-pragmas -w -Wno-shadow -Wno-four-char-constants -Wno-conversion -Wno-constant-conversion -Wno-int-conversion -Wno-bool-conversion -Wno-enum-conversion -Wno-float-conversion -Wno-non-literal-null-conversion -Wno-objc-literal-conversion -Wshorten-64-to-32 -Wpointer-sign -Wno-newline-eof -Wno-implicit-fallthrough -fstrict-aliasing -Wdeprecated-declarations -Wno-sign-conversion -Wno-infinite-recursion -Wno-comma -Wno-block-capture-autoreleasing -Wno-strict-prototypes -Wno-semicolon-before-method-body -index-store-path /Users/j/Documents/GitHub/MoneroOne/build/Index.noindex/DataStore @/Users/j/Documents/GitHub/MoneroOne/build/Build/Intermediates.noindex/swift-crypto.build/Debug-iphonesimulator/CCryptoBoringSSL.build/Objects-normal/arm64/7187679823f38a2a940e0043cdf9d637-common-args.resp -MMD -MT dependencies -MF /Users/j/Documents/GitHub/MoneroOne/build/Build/Intermediates.noindex/swift-crypto.build/Debug-iphonesimulator/CCryptoBoringSSL.build/Objects-normal/arm64/div_extra.d --serialize-diagnostics /Users/j/Documents/GitHub/MoneroOne/build/Build/Intermediates.noindex/swift-crypto.build/Debug-iphonesimulator/CCryptoBoringSSL.build/Objects-normal/arm64/div_extra.dia -c /Users/j/Documents/GitHub/MoneroOne/build/SourcePackages/checkouts/swift-crypto/Sources/CCryptoBoringSSL/crypto/fipsmodule/bn/div_extra.c -o /Users/j/Documents/GitHub/MoneroOne/build/Build/Intermediates.noindex/swift-crypto.build/Debug-iphonesimulator/CCryptoBoringSSL.build/Objects-normal/arm64/div_extra.o -index-unit-output-path /swift-crypto.build/Debug-iphonesimulator/CCryptoBoringSSL.build/Objects-normal/arm64/div_extra.o

CompileC /Users/j/Documents/GitHub/MoneroOne/build/Build/Intermediates.noindex/swift-crypto.build/Debug-iphonesimulator/CCryptoBoringSSL.build/Objects-normal/arm64/e_aesctrhmac.o /Users/j/Documents/GitHub/MoneroOne/build/SourcePackages/checkouts/swift-crypto/Sources/CCryptoBoringSSL/crypto/cipher_extra/e_aesctrhmac.c normal arm64 c com.apple.compilers.llvm.clang.1_0.compiler (in target 'CCryptoBoringSSL' from project 'swift-crypto')
    cd /Users/j/Documents/GitHub/MoneroOne/MoneroOne.xcodeproj
    
    Using response file: /Users/j/Documents/GitHub/MoneroOne/build/Build/Intermediates.noindex/swift-crypto.build/Debug-iphonesimulator/CCryptoBoringSSL.build/Objects-normal/arm64/7187679823f38a2a940e0043cdf9d637-common-args.resp
    
    /Applications/Xcode.app/Contents/Developer/Toolchains/XcodeDefault.xctoolchain/usr/bin/clang -x c -ivfsstatcache /Users/j/Documents/GitHub/MoneroOne/build/SDKStatCaches.noindex/iphonesimulator26.1-23B77-90cf18a4295e390e64c810bc6bd7acbc.sdkstatcache -fmessage-length\=0 -fdiagnostics-show-note-include-stack -fmacro-backtrace-limit\=0 -fno-color-diagnostics -fmodules-prune-interval\=86400 -fmodules-prune-after\=345600 -fbuild-session-file\=/Users/j/Documents/GitHub/MoneroOne/build/ModuleCache.noindex/Session.modulevalidation -fmodules-validate-once-per-build-session -Wnon-modular-include-in-framework-module -Werror\=non-modular-include-in-framework-module -Wno-trigraphs -Wno-missing-field-initializers -Wno-missing-prototypes -Wno-return-type -Wno-missing-braces -Wparentheses -Wswitch -Wno-unused-function -Wno-unused-label -Wno-unused-parameter -Wno-unused-variable -Wunused-value -Wno-empty-body -Wno-uninitialized -Wno-unknown-pragmas -w -Wno-shadow -Wno-four-char-constants -Wno-conversion -Wno-constant-conversion -Wno-int-conversion -Wno-bool-conversion -Wno-enum-conversion -Wno-float-conversion -Wno-non-literal-null-conversion -Wno-objc-literal-conversion -Wshorten-64-to-32 -Wpointer-sign -Wno-newline-eof -Wno-implicit-fallthrough -fstrict-aliasing -Wdeprecated-declarations -Wno-sign-conversion -Wno-infinite-recursion -Wno-comma -Wno-block-capture-autoreleasing -Wno-strict-prototypes -Wno-semicolon-before-method-body -index-store-path /Users/j/Documents/GitHub/MoneroOne/build/Index.noindex/DataStore @/Users/j/Documents/GitHub/MoneroOne/build/Build/Intermediates.noindex/swift-crypto.build/Debug-iphonesimulator/CCryptoBoringSSL.build/Objects-normal/arm64/7187679823f38a2a940e0043cdf9d637-common-args.resp -MMD -MT dependencies -MF /Users/j/Documents/GitHub/MoneroOne/build/Build/Intermediates.noindex/swift-crypto.build/Debug-iphonesimulator/CCryptoBoringSSL.build/Objects-normal/arm64/e_aesctrhmac.d --serialize-diagnostics /Users/j/Documents/GitHub/MoneroOne/build/Build/Intermediates.noindex/swift-crypto.build/Debug-iphonesimulator/CCryptoBoringSSL.build/Objects-normal/arm64/e_aesctrhmac.dia -c /Users/j/Documents/GitHub/MoneroOne/build/SourcePackages/checkouts/swift-crypto/Sources/CCryptoBoringSSL/crypto/cipher_extra/e_aesctrhmac.c -o /Users/j/Documents/GitHub/MoneroOne/build/Build/Intermediates.noindex/swift-crypto.build/Debug-iphonesimulator/CCryptoBoringSSL.build/Objects-normal/arm64/e_aesctrhmac.o -index-unit-output-path /swift-crypto.build/Debug-iphonesimulator/CCryptoBoringSSL.build/Objects-normal/arm64/e_aesctrhmac.o

CompileC /Users/j/Documents/GitHub/MoneroOne/build/Build/Intermediates.noindex/swift-crypto.build/Debug-iphonesimulator/CCryptoBoringSSL.build/Objects-normal/arm64/e_aes.o /Users/j/Documents/GitHub/MoneroOne/build/SourcePackages/checkouts/swift-crypto/Sources/CCryptoBoringSSL/crypto/fipsmodule/cipher/e_aes.c normal arm64 c com.apple.compilers.llvm.clang.1_0.compiler (in target 'CCryptoBoringSSL' from project 'swift-crypto')
    cd /Users/j/Documents/GitHub/MoneroOne/MoneroOne.xcodeproj
    
    Using response file: /Users/j/Documents/GitHub/MoneroOne/build/Build/Intermediates.noindex/swift-crypto.build/Debug-iphonesimulator/CCryptoBoringSSL.build/Objects-normal/arm64/7187679823f38a2a940e0043cdf9d637-common-args.resp
    
    /Applications/Xcode.app/Contents/Developer/Toolchains/XcodeDefault.xctoolchain/usr/bin/clang -x c -ivfsstatcache /Users/j/Documents/GitHub/MoneroOne/build/SDKStatCaches.noindex/iphonesimulator26.1-23B77-90cf18a4295e390e64c810bc6bd7acbc.sdkstatcache -fmessage-length\=0 -fdiagnostics-show-note-include-stack -fmacro-backtrace-limit\=0 -fno-color-diagnostics -fmodules-prune-interval\=86400 -fmodules-prune-after\=345600 -fbuild-session-file\=/Users/j/Documents/GitHub/MoneroOne/build/ModuleCache.noindex/Session.modulevalidation -fmodules-validate-once-per-build-session -Wnon-modular-include-in-framework-module -Werror\=non-modular-include-in-framework-module -Wno-trigraphs -Wno-missing-field-initializers -Wno-missing-prototypes -Wno-return-type -Wno-missing-braces -Wparentheses -Wswitch -Wno-unused-function -Wno-unused-label -Wno-unused-parameter -Wno-unused-variable -Wunused-value -Wno-empty-body -Wno-uninitialized -Wno-unknown-pragmas -w -Wno-shadow -Wno-four-char-constants -Wno-conversion -Wno-constant-conversion -Wno-int-conversion -Wno-bool-conversion -Wno-enum-conversion -Wno-float-conversion -Wno-non-literal-null-conversion -Wno-objc-literal-conversion -Wshorten-64-to-32 -Wpointer-sign -Wno-newline-eof -Wno-implicit-fallthrough -fstrict-aliasing -Wdeprecated-declarations -Wno-sign-conversion -Wno-infinite-recursion -Wno-comma -Wno-block-capture-autoreleasing -Wno-strict-prototypes -Wno-semicolon-before-method-body -index-store-path /Users/j/Documents/GitHub/MoneroOne/build/Index.noindex/DataStore @/Users/j/Documents/GitHub/MoneroOne/build/Build/Intermediates.noindex/swift-crypto.build/Debug-iphonesimulator/CCryptoBoringSSL.build/Objects-normal/arm64/7187679823f38a2a940e0043cdf9d637-common-args.resp -MMD -MT dependencies -MF /Users/j/Documents/GitHub/MoneroOne/build/Build/Intermediates.noindex/swift-crypto.build/Debug-iphonesimulator/CCryptoBoringSSL.build/Objects-normal/arm64/e_aes.d --serialize-diagnostics /Users/j/Documents/GitHub/MoneroOne/build/Build/Intermediates.noindex/swift-crypto.build/Debug-iphonesimulator/CCryptoBoringSSL.build/Objects-normal/arm64/e_aes.dia -c /Users/j/Documents/GitHub/MoneroOne/build/SourcePackages/checkouts/swift-crypto/Sources/CCryptoBoringSSL/crypto/fipsmodule/cipher/e_aes.c -o /Users/j/Documents/GitHub/MoneroOne/build/Build/Intermediates.noindex/swift-crypto.build/Debug-iphonesimulator/CCryptoBoringSSL.build/Objects-normal/arm64/e_aes.o -index-unit-output-path /swift-crypto.build/Debug-iphonesimulator/CCryptoBoringSSL.build/Objects-normal/arm64/e_aes.o

CompileC /Users/j/Documents/GitHub/MoneroOne/build/Build/Intermediates.noindex/swift-crypto.build/Debug-iphonesimulator/CCryptoBoringSSL.build/Objects-normal/arm64/e_aesccm.o /Users/j/Documents/GitHub/MoneroOne/build/SourcePackages/checkouts/swift-crypto/Sources/CCryptoBoringSSL/crypto/fipsmodule/cipher/e_aesccm.c normal arm64 c com.apple.compilers.llvm.clang.1_0.compiler (in target 'CCryptoBoringSSL' from project 'swift-crypto')
    cd /Users/j/Documents/GitHub/MoneroOne/MoneroOne.xcodeproj
    
    Using response file: /Users/j/Documents/GitHub/MoneroOne/build/Build/Intermediates.noindex/swift-crypto.build/Debug-iphonesimulator/CCryptoBoringSSL.build/Objects-normal/arm64/7187679823f38a2a940e0043cdf9d637-common-args.resp
    
    /Applications/Xcode.app/Contents/Developer/Toolchains/XcodeDefault.xctoolchain/usr/bin/clang -x c -ivfsstatcache /Users/j/Documents/GitHub/MoneroOne/build/SDKStatCaches.noindex/iphonesimulator26.1-23B77-90cf18a4295e390e64c810bc6bd7acbc.sdkstatcache -fmessage-length\=0 -fdiagnostics-show-note-include-stack -fmacro-backtrace-limit\=0 -fno-color-diagnostics -fmodules-prune-interval\=86400 -fmodules-prune-after\=345600 -fbuild-session-file\=/Users/j/Documents/GitHub/MoneroOne/build/ModuleCache.noindex/Session.modulevalidation -fmodules-validate-once-per-build-session -Wnon-modular-include-in-framework-module -Werror\=non-modular-include-in-framework-module -Wno-trigraphs -Wno-missing-field-initializers -Wno-missing-prototypes -Wno-return-type -Wno-missing-braces -Wparentheses -Wswitch -Wno-unused-function -Wno-unused-label -Wno-unused-parameter -Wno-unused-variable -Wunused-value -Wno-empty-body -Wno-uninitialized -Wno-unknown-pragmas -w -Wno-shadow -Wno-four-char-constants -Wno-conversion -Wno-constant-conversion -Wno-int-conversion -Wno-bool-conversion -Wno-enum-conversion -Wno-float-conversion -Wno-non-literal-null-conversion -Wno-objc-literal-conversion -Wshorten-64-to-32 -Wpointer-sign -Wno-newline-eof -Wno-implicit-fallthrough -fstrict-aliasing -Wdeprecated-declarations -Wno-sign-conversion -Wno-infinite-recursion -Wno-comma -Wno-block-capture-autoreleasing -Wno-strict-prototypes -Wno-semicolon-before-method-body -index-store-path /Users/j/Documents/GitHub/MoneroOne/build/Index.noindex/DataStore @/Users/j/Documents/GitHub/MoneroOne/build/Build/Intermediates.noindex/swift-crypto.build/Debug-iphonesimulator/CCryptoBoringSSL.build/Objects-normal/arm64/7187679823f38a2a940e0043cdf9d637-common-args.resp -MMD -MT dependencies -MF /Users/j/Documents/GitHub/MoneroOne/build/Build/Intermediates.noindex/swift-crypto.build/Debug-iphonesimulator/CCryptoBoringSSL.build/Objects-normal/arm64/e_aesccm.d --serialize-diagnostics /Users/j/Documents/GitHub/MoneroOne/build/Build/Intermediates.noindex/swift-crypto.build/Debug-iphonesimulator/CCryptoBoringSSL.build/Objects-normal/arm64/e_aesccm.dia -c /Users/j/Documents/GitHub/MoneroOne/build/SourcePackages/checkouts/swift-crypto/Sources/CCryptoBoringSSL/crypto/fipsmodule/cipher/e_aesccm.c -o /Users/j/Documents/GitHub/MoneroOne/build/Build/Intermediates.noindex/swift-crypto.build/Debug-iphonesimulator/CCryptoBoringSSL.build/Objects-normal/arm64/e_aesccm.o -index-unit-output-path /swift-crypto.build/Debug-iphonesimulator/CCryptoBoringSSL.build/Objects-normal/arm64/e_aesccm.o

CompileC /Users/j/Documents/GitHub/MoneroOne/build/Build/Intermediates.noindex/swift-crypto.build/Debug-iphonesimulator/CCryptoBoringSSL.build/Objects-normal/arm64/div.o /Users/j/Documents/GitHub/MoneroOne/build/SourcePackages/checkouts/swift-crypto/Sources/CCryptoBoringSSL/crypto/fipsmodule/bn/div.c normal arm64 c com.apple.compilers.llvm.clang.1_0.compiler (in target 'CCryptoBoringSSL' from project 'swift-crypto')
    cd /Users/j/Documents/GitHub/MoneroOne/MoneroOne.xcodeproj
    
    Using response file: /Users/j/Documents/GitHub/MoneroOne/build/Build/Intermediates.noindex/swift-crypto.build/Debug-iphonesimulator/CCryptoBoringSSL.build/Objects-normal/arm64/7187679823f38a2a940e0043cdf9d637-common-args.resp
    
    /Applications/Xcode.app/Contents/Developer/Toolchains/XcodeDefault.xctoolchain/usr/bin/clang -x c -ivfsstatcache /Users/j/Documents/GitHub/MoneroOne/build/SDKStatCaches.noindex/iphonesimulator26.1-23B77-90cf18a4295e390e64c810bc6bd7acbc.sdkstatcache -fmessage-length\=0 -fdiagnostics-show-note-include-stack -fmacro-backtrace-limit\=0 -fno-color-diagnostics -fmodules-prune-interval\=86400 -fmodules-prune-after\=345600 -fbuild-session-file\=/Users/j/Documents/GitHub/MoneroOne/build/ModuleCache.noindex/Session.modulevalidation -fmodules-validate-once-per-build-session -Wnon-modular-include-in-framework-module -Werror\=non-modular-include-in-framework-module -Wno-trigraphs -Wno-missing-field-initializers -Wno-missing-prototypes -Wno-return-type -Wno-missing-braces -Wparentheses -Wswitch -Wno-unused-function -Wno-unused-label -Wno-unused-parameter -Wno-unused-variable -Wunused-value -Wno-empty-body -Wno-uninitialized -Wno-unknown-pragmas -w -Wno-shadow -Wno-four-char-constants -Wno-conversion -Wno-constant-conversion -Wno-int-conversion -Wno-bool-conversion -Wno-enum-conversion -Wno-float-conversion -Wno-non-literal-null-conversion -Wno-objc-literal-conversion -Wshorten-64-to-32 -Wpointer-sign -Wno-newline-eof -Wno-implicit-fallthrough -fstrict-aliasing -Wdeprecated-declarations -Wno-sign-conversion -Wno-infinite-recursion -Wno-comma -Wno-block-capture-autoreleasing -Wno-strict-prototypes -Wno-semicolon-before-method-body -index-store-path /Users/j/Documents/GitHub/MoneroOne/build/Index.noindex/DataStore @/Users/j/Documents/GitHub/MoneroOne/build/Build/Intermediates.noindex/swift-crypto.build/Debug-iphonesimulator/CCryptoBoringSSL.build/Objects-normal/arm64/7187679823f38a2a940e0043cdf9d637-common-args.resp -MMD -MT dependencies -MF /Users/j/Documents/GitHub/MoneroOne/build/Build/Intermediates.noindex/swift-crypto.build/Debug-iphonesimulator/CCryptoBoringSSL.build/Objects-normal/arm64/div.d --serialize-diagnostics /Users/j/Documents/GitHub/MoneroOne/build/Build/Intermediates.noindex/swift-crypto.build/Debug-iphonesimulator/CCryptoBoringSSL.build/Objects-normal/arm64/div.dia -c /Users/j/Documents/GitHub/MoneroOne/build/SourcePackages/checkouts/swift-crypto/Sources/CCryptoBoringSSL/crypto/fipsmodule/bn/div.c -o /Users/j/Documents/GitHub/MoneroOne/build/Build/Intermediates.noindex/swift-crypto.build/Debug-iphonesimulator/CCryptoBoringSSL.build/Objects-normal/arm64/div.o -index-unit-output-path /swift-crypto.build/Debug-iphonesimulator/CCryptoBoringSSL.build/Objects-normal/arm64/div.o

CompileC /Users/j/Documents/GitHub/MoneroOne/build/Build/Intermediates.noindex/swift-crypto.build/Debug-iphonesimulator/CCryptoBoringSSL.build/Objects-normal/arm64/digestsign.o /Users/j/Documents/GitHub/MoneroOne/build/SourcePackages/checkouts/swift-crypto/Sources/CCryptoBoringSSL/crypto/fipsmodule/digestsign/digestsign.c normal arm64 c com.apple.compilers.llvm.clang.1_0.compiler (in target 'CCryptoBoringSSL' from project 'swift-crypto')
    cd /Users/j/Documents/GitHub/MoneroOne/MoneroOne.xcodeproj
    
    Using response file: /Users/j/Documents/GitHub/MoneroOne/build/Build/Intermediates.noindex/swift-crypto.build/Debug-iphonesimulator/CCryptoBoringSSL.build/Objects-normal/arm64/7187679823f38a2a940e0043cdf9d637-common-args.resp
    
    /Applications/Xcode.app/Contents/Developer/Toolchains/XcodeDefault.xctoolchain/usr/bin/clang -x c -ivfsstatcache /Users/j/Documents/GitHub/MoneroOne/build/SDKStatCaches.noindex/iphonesimulator26.1-23B77-90cf18a4295e390e64c810bc6bd7acbc.sdkstatcache -fmessage-length\=0 -fdiagnostics-show-note-include-stack -fmacro-backtrace-limit\=0 -fno-color-diagnostics -fmodules-prune-interval\=86400 -fmodules-prune-after\=345600 -fbuild-session-file\=/Users/j/Documents/GitHub/MoneroOne/build/ModuleCache.noindex/Session.modulevalidation -fmodules-validate-once-per-build-session -Wnon-modular-include-in-framework-module -Werror\=non-modular-include-in-framework-module -Wno-trigraphs -Wno-missing-field-initializers -Wno-missing-prototypes -Wno-return-type -Wno-missing-braces -Wparentheses -Wswitch -Wno-unused-function -Wno-unused-label -Wno-unused-parameter -Wno-unused-variable -Wunused-value -Wno-empty-body -Wno-uninitialized -Wno-unknown-pragmas -w -Wno-shadow -Wno-four-char-constants -Wno-conversion -Wno-constant-conversion -Wno-int-conversion -Wno-bool-conversion -Wno-enum-conversion -Wno-float-conversion -Wno-non-literal-null-conversion -Wno-objc-literal-conversion -Wshorten-64-to-32 -Wpointer-sign -Wno-newline-eof -Wno-implicit-fallthrough -fstrict-aliasing -Wdeprecated-declarations -Wno-sign-conversion -Wno-infinite-recursion -Wno-comma -Wno-block-capture-autoreleasing -Wno-strict-prototypes -Wno-semicolon-before-method-body -index-store-path /Users/j/Documents/GitHub/MoneroOne/build/Index.noindex/DataStore @/Users/j/Documents/GitHub/MoneroOne/build/Build/Intermediates.noindex/swift-crypto.build/Debug-iphonesimulator/CCryptoBoringSSL.build/Objects-normal/arm64/7187679823f38a2a940e0043cdf9d637-common-args.resp -MMD -MT dependencies -MF /Users/j/Documents/GitHub/MoneroOne/build/Build/Intermediates.noindex/swift-crypto.build/Debug-iphonesimulator/CCryptoBoringSSL.build/Objects-normal/arm64/digestsign.d --serialize-diagnostics /Users/j/Documents/GitHub/MoneroOne/build/Build/Intermediates.noindex/swift-crypto.build/Debug-iphonesimulator/CCryptoBoringSSL.build/Objects-normal/arm64/digestsign.dia -c /Users/j/Documents/GitHub/MoneroOne/build/SourcePackages/checkouts/swift-crypto/Sources/CCryptoBoringSSL/crypto/fipsmodule/digestsign/digestsign.c -o /Users/j/Documents/GitHub/MoneroOne/build/Build/Intermediates.noindex/swift-crypto.build/Debug-iphonesimulator/CCryptoBoringSSL.build/Objects-normal/arm64/digestsign.o -index-unit-output-path /swift-crypto.build/Debug-iphonesimulator/CCryptoBoringSSL.build/Objects-normal/arm64/digestsign.o

CompileC /Users/j/Documents/GitHub/MoneroOne/build/Build/Intermediates.noindex/swift-crypto.build/Debug-iphonesimulator/CCryptoBoringSSL.build/Objects-normal/arm64/digests.o /Users/j/Documents/GitHub/MoneroOne/build/SourcePackages/checkouts/swift-crypto/Sources/CCryptoBoringSSL/crypto/fipsmodule/digest/digests.c normal arm64 c com.apple.compilers.llvm.clang.1_0.compiler (in target 'CCryptoBoringSSL' from project 'swift-crypto')
    cd /Users/j/Documents/GitHub/MoneroOne/MoneroOne.xcodeproj
    
    Using response file: /Users/j/Documents/GitHub/MoneroOne/build/Build/Intermediates.noindex/swift-crypto.build/Debug-iphonesimulator/CCryptoBoringSSL.build/Objects-normal/arm64/7187679823f38a2a940e0043cdf9d637-common-args.resp
    
    /Applications/Xcode.app/Contents/Developer/Toolchains/XcodeDefault.xctoolchain/usr/bin/clang -x c -ivfsstatcache /Users/j/Documents/GitHub/MoneroOne/build/SDKStatCaches.noindex/iphonesimulator26.1-23B77-90cf18a4295e390e64c810bc6bd7acbc.sdkstatcache -fmessage-length\=0 -fdiagnostics-show-note-include-stack -fmacro-backtrace-limit\=0 -fno-color-diagnostics -fmodules-prune-interval\=86400 -fmodules-prune-after\=345600 -fbuild-session-file\=/Users/j/Documents/GitHub/MoneroOne/build/ModuleCache.noindex/Session.modulevalidation -fmodules-validate-once-per-build-session -Wnon-modular-include-in-framework-module -Werror\=non-modular-include-in-framework-module -Wno-trigraphs -Wno-missing-field-initializers -Wno-missing-prototypes -Wno-return-type -Wno-missing-braces -Wparentheses -Wswitch -Wno-unused-function -Wno-unused-label -Wno-unused-parameter -Wno-unused-variable -Wunused-value -Wno-empty-body -Wno-uninitialized -Wno-unknown-pragmas -w -Wno-shadow -Wno-four-char-constants -Wno-conversion -Wno-constant-conversion -Wno-int-conversion -Wno-bool-conversion -Wno-enum-conversion -Wno-float-conversion -Wno-non-literal-null-conversion -Wno-objc-literal-conversion -Wshorten-64-to-32 -Wpointer-sign -Wno-newline-eof -Wno-implicit-fallthrough -fstrict-aliasing -Wdeprecated-declarations -Wno-sign-conversion -Wno-infinite-recursion -Wno-comma -Wno-block-capture-autoreleasing -Wno-strict-prototypes -Wno-semicolon-before-method-body -index-store-path /Users/j/Documents/GitHub/MoneroOne/build/Index.noindex/DataStore @/Users/j/Documents/GitHub/MoneroOne/build/Build/Intermediates.noindex/swift-crypto.build/Debug-iphonesimulator/CCryptoBoringSSL.build/Objects-normal/arm64/7187679823f38a2a940e0043cdf9d637-common-args.resp -MMD -MT dependencies -MF /Users/j/Documents/GitHub/MoneroOne/build/Build/Intermediates.noindex/swift-crypto.build/Debug-iphonesimulator/CCryptoBoringSSL.build/Objects-normal/arm64/digests.d --serialize-diagnostics /Users/j/Documents/GitHub/MoneroOne/build/Build/Intermediates.noindex/swift-crypto.build/Debug-iphonesimulator/CCryptoBoringSSL.build/Objects-normal/arm64/digests.dia -c /Users/j/Documents/GitHub/MoneroOne/build/SourcePackages/checkouts/swift-crypto/Sources/CCryptoBoringSSL/crypto/fipsmodule/digest/digests.c -o /Users/j/Documents/GitHub/MoneroOne/build/Build/Intermediates.noindex/swift-crypto.build/Debug-iphonesimulator/CCryptoBoringSSL.build/Objects-normal/arm64/digests.o -index-unit-output-path /swift-crypto.build/Debug-iphonesimulator/CCryptoBoringSSL.build/Objects-normal/arm64/digests.o

CompileC /Users/j/Documents/GitHub/MoneroOne/build/Build/Intermediates.noindex/swift-crypto.build/Debug-iphonesimulator/CCryptoBoringSSL.build/Objects-normal/arm64/digest_extra.o /Users/j/Documents/GitHub/MoneroOne/build/SourcePackages/checkouts/swift-crypto/Sources/CCryptoBoringSSL/crypto/digest_extra/digest_extra.c normal arm64 c com.apple.compilers.llvm.clang.1_0.compiler (in target 'CCryptoBoringSSL' from project 'swift-crypto')
    cd /Users/j/Documents/GitHub/MoneroOne/MoneroOne.xcodeproj
    
    Using response file: /Users/j/Documents/GitHub/MoneroOne/build/Build/Intermediates.noindex/swift-crypto.build/Debug-iphonesimulator/CCryptoBoringSSL.build/Objects-normal/arm64/7187679823f38a2a940e0043cdf9d637-common-args.resp
    
    /Applications/Xcode.app/Contents/Developer/Toolchains/XcodeDefault.xctoolchain/usr/bin/clang -x c -ivfsstatcache /Users/j/Documents/GitHub/MoneroOne/build/SDKStatCaches.noindex/iphonesimulator26.1-23B77-90cf18a4295e390e64c810bc6bd7acbc.sdkstatcache -fmessage-length\=0 -fdiagnostics-show-note-include-stack -fmacro-backtrace-limit\=0 -fno-color-diagnostics -fmodules-prune-interval\=86400 -fmodules-prune-after\=345600 -fbuild-session-file\=/Users/j/Documents/GitHub/MoneroOne/build/ModuleCache.noindex/Session.modulevalidation -fmodules-validate-once-per-build-session -Wnon-modular-include-in-framework-module -Werror\=non-modular-include-in-framework-module -Wno-trigraphs -Wno-missing-field-initializers -Wno-missing-prototypes -Wno-return-type -Wno-missing-braces -Wparentheses -Wswitch -Wno-unused-function -Wno-unused-label -Wno-unused-parameter -Wno-unused-variable -Wunused-value -Wno-empty-body -Wno-uninitialized -Wno-unknown-pragmas -w -Wno-shadow -Wno-four-char-constants -Wno-conversion -Wno-constant-conversion -Wno-int-conversion -Wno-bool-conversion -Wno-enum-conversion -Wno-float-conversion -Wno-non-literal-null-conversion -Wno-objc-literal-conversion -Wshorten-64-to-32 -Wpointer-sign -Wno-newline-eof -Wno-implicit-fallthrough -fstrict-aliasing -Wdeprecated-declarations -Wno-sign-conversion -Wno-infinite-recursion -Wno-comma -Wno-block-capture-autoreleasing -Wno-strict-prototypes -Wno-semicolon-before-method-body -index-store-path /Users/j/Documents/GitHub/MoneroOne/build/Index.noindex/DataStore @/Users/j/Documents/GitHub/MoneroOne/build/Build/Intermediates.noindex/swift-crypto.build/Debug-iphonesimulator/CCryptoBoringSSL.build/Objects-normal/arm64/7187679823f38a2a940e0043cdf9d637-common-args.resp -MMD -MT dependencies -MF /Users/j/Documents/GitHub/MoneroOne/build/Build/Intermediates.noindex/swift-crypto.build/Debug-iphonesimulator/CCryptoBoringSSL.build/Objects-normal/arm64/digest_extra.d --serialize-diagnostics /Users/j/Documents/GitHub/MoneroOne/build/Build/Intermediates.noindex/swift-crypto.build/Debug-iphonesimulator/CCryptoBoringSSL.build/Objects-normal/arm64/digest_extra.dia -c /Users/j/Documents/GitHub/MoneroOne/build/SourcePackages/checkouts/swift-crypto/Sources/CCryptoBoringSSL/crypto/digest_extra/digest_extra.c -o /Users/j/Documents/GitHub/MoneroOne/build/Build/Intermediates.noindex/swift-crypto.build/Debug-iphonesimulator/CCryptoBoringSSL.build/Objects-normal/arm64/digest_extra.o -index-unit-output-path /swift-crypto.build/Debug-iphonesimulator/CCryptoBoringSSL.build/Objects-normal/arm64/digest_extra.o

CompileC /Users/j/Documents/GitHub/MoneroOne/build/Build/Intermediates.noindex/swift-crypto.build/Debug-iphonesimulator/CCryptoBoringSSL.build/Objects-normal/arm64/fd.o /Users/j/Documents/GitHub/MoneroOne/build/SourcePackages/checkouts/swift-crypto/Sources/CCryptoBoringSSL/crypto/bio/fd.c normal arm64 c com.apple.compilers.llvm.clang.1_0.compiler (in target 'CCryptoBoringSSL' from project 'swift-crypto')
    cd /Users/j/Documents/GitHub/MoneroOne/MoneroOne.xcodeproj
    
    Using response file: /Users/j/Documents/GitHub/MoneroOne/build/Build/Intermediates.noindex/swift-crypto.build/Debug-iphonesimulator/CCryptoBoringSSL.build/Objects-normal/arm64/7187679823f38a2a940e0043cdf9d637-common-args.resp
    
    /Applications/Xcode.app/Contents/Developer/Toolchains/XcodeDefault.xctoolchain/usr/bin/clang -x c -ivfsstatcache /Users/j/Documents/GitHub/MoneroOne/build/SDKStatCaches.noindex/iphonesimulator26.1-23B77-90cf18a4295e390e64c810bc6bd7acbc.sdkstatcache -fmessage-length\=0 -fdiagnostics-show-note-include-stack -fmacro-backtrace-limit\=0 -fno-color-diagnostics -fmodules-prune-interval\=86400 -fmodules-prune-after\=345600 -fbuild-session-file\=/Users/j/Documents/GitHub/MoneroOne/build/ModuleCache.noindex/Session.modulevalidation -fmodules-validate-once-per-build-session -Wnon-modular-include-in-framework-module -Werror\=non-modular-include-in-framework-module -Wno-trigraphs -Wno-missing-field-initializers -Wno-missing-prototypes -Wno-return-type -Wno-missing-braces -Wparentheses -Wswitch -Wno-unused-function -Wno-unused-label -Wno-unused-parameter -Wno-unused-variable -Wunused-value -Wno-empty-body -Wno-uninitialized -Wno-unknown-pragmas -w -Wno-shadow -Wno-four-char-constants -Wno-conversion -Wno-constant-conversion -Wno-int-conversion -Wno-bool-conversion -Wno-enum-conversion -Wno-float-conversion -Wno-non-literal-null-conversion -Wno-objc-literal-conversion -Wshorten-64-to-32 -Wpointer-sign -Wno-newline-eof -Wno-implicit-fallthrough -fstrict-aliasing -Wdeprecated-declarations -Wno-sign-conversion -Wno-infinite-recursion -Wno-comma -Wno-block-capture-autoreleasing -Wno-strict-prototypes -Wno-semicolon-before-method-body -index-store-path /Users/j/Documents/GitHub/MoneroOne/build/Index.noindex/DataStore @/Users/j/Documents/GitHub/MoneroOne/build/Build/Intermediates.noindex/swift-crypto.build/Debug-iphonesimulator/CCryptoBoringSSL.build/Objects-normal/arm64/7187679823f38a2a940e0043cdf9d637-common-args.resp -MMD -MT dependencies -MF /Users/j/Documents/GitHub/MoneroOne/build/Build/Intermediates.noindex/swift-crypto.build/Debug-iphonesimulator/CCryptoBoringSSL.build/Objects-normal/arm64/fd.d --serialize-diagnostics /Users/j/Documents/GitHub/MoneroOne/build/Build/Intermediates.noindex/swift-crypto.build/Debug-iphonesimulator/CCryptoBoringSSL.build/Objects-normal/arm64/fd.dia -c /Users/j/Documents/GitHub/MoneroOne/build/SourcePackages/checkouts/swift-crypto/Sources/CCryptoBoringSSL/crypto/bio/fd.c -o /Users/j/Documents/GitHub/MoneroOne/build/Build/Intermediates.noindex/swift-crypto.build/Debug-iphonesimulator/CCryptoBoringSSL.build/Objects-normal/arm64/fd.o -index-unit-output-path /swift-crypto.build/Debug-iphonesimulator/CCryptoBoringSSL.build/Objects-normal/arm64/fd.o

CompileC /Users/j/Documents/GitHub/MoneroOne/build/Build/Intermediates.noindex/swift-crypto.build/Debug-iphonesimulator/CCryptoBoringSSL.build/Objects-normal/arm64/errno.o /Users/j/Documents/GitHub/MoneroOne/build/SourcePackages/checkouts/swift-crypto/Sources/CCryptoBoringSSL/crypto/bio/errno.c normal arm64 c com.apple.compilers.llvm.clang.1_0.compiler (in target 'CCryptoBoringSSL' from project 'swift-crypto')
    cd /Users/j/Documents/GitHub/MoneroOne/MoneroOne.xcodeproj
    
    Using response file: /Users/j/Documents/GitHub/MoneroOne/build/Build/Intermediates.noindex/swift-crypto.build/Debug-iphonesimulator/CCryptoBoringSSL.build/Objects-normal/arm64/7187679823f38a2a940e0043cdf9d637-common-args.resp
    
    /Applications/Xcode.app/Contents/Developer/Toolchains/XcodeDefault.xctoolchain/usr/bin/clang -x c -ivfsstatcache /Users/j/Documents/GitHub/MoneroOne/build/SDKStatCaches.noindex/iphonesimulator26.1-23B77-90cf18a4295e390e64c810bc6bd7acbc.sdkstatcache -fmessage-length\=0 -fdiagnostics-show-note-include-stack -fmacro-backtrace-limit\=0 -fno-color-diagnostics -fmodules-prune-interval\=86400 -fmodules-prune-after\=345600 -fbuild-session-file\=/Users/j/Documents/GitHub/MoneroOne/build/ModuleCache.noindex/Session.modulevalidation -fmodules-validate-once-per-build-session -Wnon-modular-include-in-framework-module -Werror\=non-modular-include-in-framework-module -Wno-trigraphs -Wno-missing-field-initializers -Wno-missing-prototypes -Wno-return-type -Wno-missing-braces -Wparentheses -Wswitch -Wno-unused-function -Wno-unused-label -Wno-unused-parameter -Wno-unused-variable -Wunused-value -Wno-empty-body -Wno-uninitialized -Wno-unknown-pragmas -w -Wno-shadow -Wno-four-char-constants -Wno-conversion -Wno-constant-conversion -Wno-int-conversion -Wno-bool-conversion -Wno-enum-conversion -Wno-float-conversion -Wno-non-literal-null-conversion -Wno-objc-literal-conversion -Wshorten-64-to-32 -Wpointer-sign -Wno-newline-eof -Wno-implicit-fallthrough -fstrict-aliasing -Wdeprecated-declarations -Wno-sign-conversion -Wno-infinite-recursion -Wno-comma -Wno-block-capture-autoreleasing -Wno-strict-prototypes -Wno-semicolon-before-method-body -index-store-path /Users/j/Documents/GitHub/MoneroOne/build/Index.noindex/DataStore @/Users/j/Documents/GitHub/MoneroOne/build/Build/Intermediates.noindex/swift-crypto.build/Debug-iphonesimulator/CCryptoBoringSSL.build/Objects-normal/arm64/7187679823f38a2a940e0043cdf9d637-common-args.resp -MMD -MT dependencies -MF /Users/j/Documents/GitHub/MoneroOne/build/Build/Intermediates.noindex/swift-crypto.build/Debug-iphonesimulator/CCryptoBoringSSL.build/Objects-normal/arm64/errno.d --serialize-diagnostics /Users/j/Documents/GitHub/MoneroOne/build/Build/Intermediates.noindex/swift-crypto.build/Debug-iphonesimulator/CCryptoBoringSSL.build/Objects-normal/arm64/errno.dia -c /Users/j/Documents/GitHub/MoneroOne/build/SourcePackages/checkouts/swift-crypto/Sources/CCryptoBoringSSL/crypto/bio/errno.c -o /Users/j/Documents/GitHub/MoneroOne/build/Build/Intermediates.noindex/swift-crypto.build/Debug-iphonesimulator/CCryptoBoringSSL.build/Objects-normal/arm64/errno.o -index-unit-output-path /swift-crypto.build/Debug-iphonesimulator/CCryptoBoringSSL.build/Objects-normal/arm64/errno.o

ScanDependencies /Users/j/Documents/GitHub/MoneroOne/build/Build/Intermediates.noindex/swift-crypto.build/Debug-iphonesimulator/CCryptoBoringSSL.build/Objects-normal/arm64/digest.o /Users/j/Documents/GitHub/MoneroOne/build/SourcePackages/checkouts/swift-crypto/Sources/CCryptoBoringSSL/crypto/fipsmodule/digest/digest.c normal arm64 c com.apple.compilers.llvm.clang.1_0.compiler (in target 'CCryptoBoringSSL' from project 'swift-crypto')
    cd /Users/j/Documents/GitHub/MoneroOne/MoneroOne.xcodeproj
    
    Using response file: /Users/j/Documents/GitHub/MoneroOne/build/Build/Intermediates.noindex/swift-crypto.build/Debug-iphonesimulator/CCryptoBoringSSL.build/Objects-normal/arm64/7187679823f38a2a940e0043cdf9d637-common-args.resp
    
    builtin-ScanDependencies -o /Users/j/Documents/GitHub/MoneroOne/build/Build/Intermediates.noindex/swift-crypto.build/Debug-iphonesimulator/CCryptoBoringSSL.build/Objects-normal/arm64/digest.o.scan -- /Applications/Xcode.app/Contents/Developer/Toolchains/XcodeDefault.xctoolchain/usr/bin/clang -x c -ivfsstatcache /Users/j/Documents/GitHub/MoneroOne/build/SDKStatCaches.noindex/iphonesimulator26.1-23B77-90cf18a4295e390e64c810bc6bd7acbc.sdkstatcache -fmessage-length\=0 -fdiagnostics-show-note-include-stack -fmacro-backtrace-limit\=0 -fno-color-diagnostics -fmodules-prune-interval\=86400 -fmodules-prune-after\=345600 -fbuild-session-file\=/Users/j/Documents/GitHub/MoneroOne/build/ModuleCache.noindex/Session.modulevalidation -fmodules-validate-once-per-build-session -Wnon-modular-include-in-framework-module -Werror\=non-modular-include-in-framework-module -Wno-trigraphs -Wno-missing-field-initializers -Wno-missing-prototypes -Wno-return-type -Wno-missing-braces -Wparentheses -Wswitch -Wno-unused-function -Wno-unused-label -Wno-unused-parameter -Wno-unused-variable -Wunused-value -Wno-empty-body -Wno-uninitialized -Wno-unknown-pragmas -w -Wno-shadow -Wno-four-char-constants -Wno-conversion -Wno-constant-conversion -Wno-int-conversion -Wno-bool-conversion -Wno-enum-conversion -Wno-float-conversion -Wno-non-literal-null-conversion -Wno-objc-literal-conversion -Wshorten-64-to-32 -Wpointer-sign -Wno-newline-eof -Wno-implicit-fallthrough -fstrict-aliasing -Wdeprecated-declarations -Wno-sign-conversion -Wno-infinite-recursion -Wno-comma -Wno-block-capture-autoreleasing -Wno-strict-prototypes -Wno-semicolon-before-method-body -index-store-path /Users/j/Documents/GitHub/MoneroOne/build/Index.noindex/DataStore @/Users/j/Documents/GitHub/MoneroOne/build/Build/Intermediates.noindex/swift-crypto.build/Debug-iphonesimulator/CCryptoBoringSSL.build/Objects-normal/arm64/7187679823f38a2a940e0043cdf9d637-common-args.resp -MMD -MT dependencies -MF /Users/j/Documents/GitHub/MoneroOne/build/Build/Intermediates.noindex/swift-crypto.build/Debug-iphonesimulator/CCryptoBoringSSL.build/Objects-normal/arm64/digest.d --serialize-diagnostics /Users/j/Documents/GitHub/MoneroOne/build/Build/Intermediates.noindex/swift-crypto.build/Debug-iphonesimulator/CCryptoBoringSSL.build/Objects-normal/arm64/digest.dia -c /Users/j/Documents/GitHub/MoneroOne/build/SourcePackages/checkouts/swift-crypto/Sources/CCryptoBoringSSL/crypto/fipsmodule/digest/digest.c -o /Users/j/Documents/GitHub/MoneroOne/build/Build/Intermediates.noindex/swift-crypto.build/Debug-iphonesimulator/CCryptoBoringSSL.build/Objects-normal/arm64/digest.o -index-unit-output-path /swift-crypto.build/Debug-iphonesimulator/CCryptoBoringSSL.build/Objects-normal/arm64/digest.o

ScanDependencies /Users/j/Documents/GitHub/MoneroOne/build/Build/Intermediates.noindex/swift-crypto.build/Debug-iphonesimulator/CCryptoBoringSSL.build/Objects-normal/arm64/dh_asn1.o /Users/j/Documents/GitHub/MoneroOne/build/SourcePackages/checkouts/swift-crypto/Sources/CCryptoBoringSSL/crypto/dh_extra/dh_asn1.c normal arm64 c com.apple.compilers.llvm.clang.1_0.compiler (in target 'CCryptoBoringSSL' from project 'swift-crypto')
    cd /Users/j/Documents/GitHub/MoneroOne/MoneroOne.xcodeproj
    
    Using response file: /Users/j/Documents/GitHub/MoneroOne/build/Build/Intermediates.noindex/swift-crypto.build/Debug-iphonesimulator/CCryptoBoringSSL.build/Objects-normal/arm64/7187679823f38a2a940e0043cdf9d637-common-args.resp
    
    builtin-ScanDependencies -o /Users/j/Documents/GitHub/MoneroOne/build/Build/Intermediates.noindex/swift-crypto.build/Debug-iphonesimulator/CCryptoBoringSSL.build/Objects-normal/arm64/dh_asn1.o.scan -- /Applications/Xcode.app/Contents/Developer/Toolchains/XcodeDefault.xctoolchain/usr/bin/clang -x c -ivfsstatcache /Users/j/Documents/GitHub/MoneroOne/build/SDKStatCaches.noindex/iphonesimulator26.1-23B77-90cf18a4295e390e64c810bc6bd7acbc.sdkstatcache -fmessage-length\=0 -fdiagnostics-show-note-include-stack -fmacro-backtrace-limit\=0 -fno-color-diagnostics -fmodules-prune-interval\=86400 -fmodules-prune-after\=345600 -fbuild-session-file\=/Users/j/Documents/GitHub/MoneroOne/build/ModuleCache.noindex/Session.modulevalidation -fmodules-validate-once-per-build-session -Wnon-modular-include-in-framework-module -Werror\=non-modular-include-in-framework-module -Wno-trigraphs -Wno-missing-field-initializers -Wno-missing-prototypes -Wno-return-type -Wno-missing-braces -Wparentheses -Wswitch -Wno-unused-function -Wno-unused-label -Wno-unused-parameter -Wno-unused-variable -Wunused-value -Wno-empty-body -Wno-uninitialized -Wno-unknown-pragmas -w -Wno-shadow -Wno-four-char-constants -Wno-conversion -Wno-constant-conversion -Wno-int-conversion -Wno-bool-conversion -Wno-enum-conversion -Wno-float-conversion -Wno-non-literal-null-conversion -Wno-objc-literal-conversion -Wshorten-64-to-32 -Wpointer-sign -Wno-newline-eof -Wno-implicit-fallthrough -fstrict-aliasing -Wdeprecated-declarations -Wno-sign-conversion -Wno-infinite-recursion -Wno-comma -Wno-block-capture-autoreleasing -Wno-strict-prototypes -Wno-semicolon-before-method-body -index-store-path /Users/j/Documents/GitHub/MoneroOne/build/Index.noindex/DataStore @/Users/j/Documents/GitHub/MoneroOne/build/Build/Intermediates.noindex/swift-crypto.build/Debug-iphonesimulator/CCryptoBoringSSL.build/Objects-normal/arm64/7187679823f38a2a940e0043cdf9d637-common-args.resp -MMD -MT dependencies -MF /Users/j/Documents/GitHub/MoneroOne/build/Build/Intermediates.noindex/swift-crypto.build/Debug-iphonesimulator/CCryptoBoringSSL.build/Objects-normal/arm64/dh_asn1.d --serialize-diagnostics /Users/j/Documents/GitHub/MoneroOne/build/Build/Intermediates.noindex/swift-crypto.build/Debug-iphonesimulator/CCryptoBoringSSL.build/Objects-normal/arm64/dh_asn1.dia -c /Users/j/Documents/GitHub/MoneroOne/build/SourcePackages/checkouts/swift-crypto/Sources/CCryptoBoringSSL/crypto/dh_extra/dh_asn1.c -o /Users/j/Documents/GitHub/MoneroOne/build/Build/Intermediates.noindex/swift-crypto.build/Debug-iphonesimulator/CCryptoBoringSSL.build/Objects-normal/arm64/dh_asn1.o -index-unit-output-path /swift-crypto.build/Debug-iphonesimulator/CCryptoBoringSSL.build/Objects-normal/arm64/dh_asn1.o

CompileC /Users/j/Documents/GitHub/MoneroOne/build/Build/Intermediates.noindex/swift-crypto.build/Debug-iphonesimulator/CCryptoBoringSSL.build/Objects-normal/arm64/digest.o /Users/j/Documents/GitHub/MoneroOne/build/SourcePackages/checkouts/swift-crypto/Sources/CCryptoBoringSSL/crypto/fipsmodule/digest/digest.c normal arm64 c com.apple.compilers.llvm.clang.1_0.compiler (in target 'CCryptoBoringSSL' from project 'swift-crypto')
    cd /Users/j/Documents/GitHub/MoneroOne/MoneroOne.xcodeproj
    
    Using response file: /Users/j/Documents/GitHub/MoneroOne/build/Build/Intermediates.noindex/swift-crypto.build/Debug-iphonesimulator/CCryptoBoringSSL.build/Objects-normal/arm64/7187679823f38a2a940e0043cdf9d637-common-args.resp
    
    /Applications/Xcode.app/Contents/Developer/Toolchains/XcodeDefault.xctoolchain/usr/bin/clang -x c -ivfsstatcache /Users/j/Documents/GitHub/MoneroOne/build/SDKStatCaches.noindex/iphonesimulator26.1-23B77-90cf18a4295e390e64c810bc6bd7acbc.sdkstatcache -fmessage-length\=0 -fdiagnostics-show-note-include-stack -fmacro-backtrace-limit\=0 -fno-color-diagnostics -fmodules-prune-interval\=86400 -fmodules-prune-after\=345600 -fbuild-session-file\=/Users/j/Documents/GitHub/MoneroOne/build/ModuleCache.noindex/Session.modulevalidation -fmodules-validate-once-per-build-session -Wnon-modular-include-in-framework-module -Werror\=non-modular-include-in-framework-module -Wno-trigraphs -Wno-missing-field-initializers -Wno-missing-prototypes -Wno-return-type -Wno-missing-braces -Wparentheses -Wswitch -Wno-unused-function -Wno-unused-label -Wno-unused-parameter -Wno-unused-variable -Wunused-value -Wno-empty-body -Wno-uninitialized -Wno-unknown-pragmas -w -Wno-shadow -Wno-four-char-constants -Wno-conversion -Wno-constant-conversion -Wno-int-conversion -Wno-bool-conversion -Wno-enum-conversion -Wno-float-conversion -Wno-non-literal-null-conversion -Wno-objc-literal-conversion -Wshorten-64-to-32 -Wpointer-sign -Wno-newline-eof -Wno-implicit-fallthrough -fstrict-aliasing -Wdeprecated-declarations -Wno-sign-conversion -Wno-infinite-recursion -Wno-comma -Wno-block-capture-autoreleasing -Wno-strict-prototypes -Wno-semicolon-before-method-body -index-store-path /Users/j/Documents/GitHub/MoneroOne/build/Index.noindex/DataStore @/Users/j/Documents/GitHub/MoneroOne/build/Build/Intermediates.noindex/swift-crypto.build/Debug-iphonesimulator/CCryptoBoringSSL.build/Objects-normal/arm64/7187679823f38a2a940e0043cdf9d637-common-args.resp -MMD -MT dependencies -MF /Users/j/Documents/GitHub/MoneroOne/build/Build/Intermediates.noindex/swift-crypto.build/Debug-iphonesimulator/CCryptoBoringSSL.build/Objects-normal/arm64/digest.d --serialize-diagnostics /Users/j/Documents/GitHub/MoneroOne/build/Build/Intermediates.noindex/swift-crypto.build/Debug-iphonesimulator/CCryptoBoringSSL.build/Objects-normal/arm64/digest.dia -c /Users/j/Documents/GitHub/MoneroOne/build/SourcePackages/checkouts/swift-crypto/Sources/CCryptoBoringSSL/crypto/fipsmodule/digest/digest.c -o /Users/j/Documents/GitHub/MoneroOne/build/Build/Intermediates.noindex/swift-crypto.build/Debug-iphonesimulator/CCryptoBoringSSL.build/Objects-normal/arm64/digest.o -index-unit-output-path /swift-crypto.build/Debug-iphonesimulator/CCryptoBoringSSL.build/Objects-normal/arm64/digest.o

ScanDependencies /Users/j/Documents/GitHub/MoneroOne/build/Build/Intermediates.noindex/swift-crypto.build/Debug-iphonesimulator/CCryptoBoringSSL.build/Objects-normal/arm64/dh.o /Users/j/Documents/GitHub/MoneroOne/build/SourcePackages/checkouts/swift-crypto/Sources/CCryptoBoringSSL/crypto/fipsmodule/dh/dh.c normal arm64 c com.apple.compilers.llvm.clang.1_0.compiler (in target 'CCryptoBoringSSL' from project 'swift-crypto')
    cd /Users/j/Documents/GitHub/MoneroOne/MoneroOne.xcodeproj
    
    Using response file: /Users/j/Documents/GitHub/MoneroOne/build/Build/Intermediates.noindex/swift-crypto.build/Debug-iphonesimulator/CCryptoBoringSSL.build/Objects-normal/arm64/7187679823f38a2a940e0043cdf9d637-common-args.resp
    
    builtin-ScanDependencies -o /Users/j/Documents/GitHub/MoneroOne/build/Build/Intermediates.noindex/swift-crypto.build/Debug-iphonesimulator/CCryptoBoringSSL.build/Objects-normal/arm64/dh.o.scan -- /Applications/Xcode.app/Contents/Developer/Toolchains/XcodeDefault.xctoolchain/usr/bin/clang -x c -ivfsstatcache /Users/j/Documents/GitHub/MoneroOne/build/SDKStatCaches.noindex/iphonesimulator26.1-23B77-90cf18a4295e390e64c810bc6bd7acbc.sdkstatcache -fmessage-length\=0 -fdiagnostics-show-note-include-stack -fmacro-backtrace-limit\=0 -fno-color-diagnostics -fmodules-prune-interval\=86400 -fmodules-prune-after\=345600 -fbuild-session-file\=/Users/j/Documents/GitHub/MoneroOne/build/ModuleCache.noindex/Session.modulevalidation -fmodules-validate-once-per-build-session -Wnon-modular-include-in-framework-module -Werror\=non-modular-include-in-framework-module -Wno-trigraphs -Wno-missing-field-initializers -Wno-missing-prototypes -Wno-return-type -Wno-missing-braces -Wparentheses -Wswitch -Wno-unused-function -Wno-unused-label -Wno-unused-parameter -Wno-unused-variable -Wunused-value -Wno-empty-body -Wno-uninitialized -Wno-unknown-pragmas -w -Wno-shadow -Wno-four-char-constants -Wno-conversion -Wno-constant-conversion -Wno-int-conversion -Wno-bool-conversion -Wno-enum-conversion -Wno-float-conversion -Wno-non-literal-null-conversion -Wno-objc-literal-conversion -Wshorten-64-to-32 -Wpointer-sign -Wno-newline-eof -Wno-implicit-fallthrough -fstrict-aliasing -Wdeprecated-declarations -Wno-sign-conversion -Wno-infinite-recursion -Wno-comma -Wno-block-capture-autoreleasing -Wno-strict-prototypes -Wno-semicolon-before-method-body -index-store-path /Users/j/Documents/GitHub/MoneroOne/build/Index.noindex/DataStore @/Users/j/Documents/GitHub/MoneroOne/build/Build/Intermediates.noindex/swift-crypto.build/Debug-iphonesimulator/CCryptoBoringSSL.build/Objects-normal/arm64/7187679823f38a2a940e0043cdf9d637-common-args.resp -MMD -MT dependencies -MF /Users/j/Documents/GitHub/MoneroOne/build/Build/Intermediates.noindex/swift-crypto.build/Debug-iphonesimulator/CCryptoBoringSSL.build/Objects-normal/arm64/dh.d --serialize-diagnostics /Users/j/Documents/GitHub/MoneroOne/build/Build/Intermediates.noindex/swift-crypto.build/Debug-iphonesimulator/CCryptoBoringSSL.build/Objects-normal/arm64/dh.dia -c /Users/j/Documents/GitHub/MoneroOne/build/SourcePackages/checkouts/swift-crypto/Sources/CCryptoBoringSSL/crypto/fipsmodule/dh/dh.c -o /Users/j/Documents/GitHub/MoneroOne/build/Build/Intermediates.noindex/swift-crypto.build/Debug-iphonesimulator/CCryptoBoringSSL.build/Objects-normal/arm64/dh.o -index-unit-output-path /swift-crypto.build/Debug-iphonesimulator/CCryptoBoringSSL.build/Objects-normal/arm64/dh.o

ScanDependencies /Users/j/Documents/GitHub/MoneroOne/build/Build/Intermediates.noindex/swift-crypto.build/Debug-iphonesimulator/CCryptoBoringSSL.build/Objects-normal/arm64/deterministic.o /Users/j/Documents/GitHub/MoneroOne/build/SourcePackages/checkouts/swift-crypto/Sources/CCryptoBoringSSL/crypto/rand_extra/deterministic.c normal arm64 c com.apple.compilers.llvm.clang.1_0.compiler (in target 'CCryptoBoringSSL' from project 'swift-crypto')
    cd /Users/j/Documents/GitHub/MoneroOne/MoneroOne.xcodeproj
    
    Using response file: /Users/j/Documents/GitHub/MoneroOne/build/Build/Intermediates.noindex/swift-crypto.build/Debug-iphonesimulator/CCryptoBoringSSL.build/Objects-normal/arm64/7187679823f38a2a940e0043cdf9d637-common-args.resp
    
    builtin-ScanDependencies -o /Users/j/Documents/GitHub/MoneroOne/build/Build/Intermediates.noindex/swift-crypto.build/Debug-iphonesimulator/CCryptoBoringSSL.build/Objects-normal/arm64/deterministic.o.scan -- /Applications/Xcode.app/Contents/Developer/Toolchains/XcodeDefault.xctoolchain/usr/bin/clang -x c -ivfsstatcache /Users/j/Documents/GitHub/MoneroOne/build/SDKStatCaches.noindex/iphonesimulator26.1-23B77-90cf18a4295e390e64c810bc6bd7acbc.sdkstatcache -fmessage-length\=0 -fdiagnostics-show-note-include-stack -fmacro-backtrace-limit\=0 -fno-color-diagnostics -fmodules-prune-interval\=86400 -fmodules-prune-after\=345600 -fbuild-session-file\=/Users/j/Documents/GitHub/MoneroOne/build/ModuleCache.noindex/Session.modulevalidation -fmodules-validate-once-per-build-session -Wnon-modular-include-in-framework-module -Werror\=non-modular-include-in-framework-module -Wno-trigraphs -Wno-missing-field-initializers -Wno-missing-prototypes -Wno-return-type -Wno-missing-braces -Wparentheses -Wswitch -Wno-unused-function -Wno-unused-label -Wno-unused-parameter -Wno-unused-variable -Wunused-value -Wno-empty-body -Wno-uninitialized -Wno-unknown-pragmas -w -Wno-shadow -Wno-four-char-constants -Wno-conversion -Wno-constant-conversion -Wno-int-conversion -Wno-bool-conversion -Wno-enum-conversion -Wno-float-conversion -Wno-non-literal-null-conversion -Wno-objc-literal-conversion -Wshorten-64-to-32 -Wpointer-sign -Wno-newline-eof -Wno-implicit-fallthrough -fstrict-aliasing -Wdeprecated-declarations -Wno-sign-conversion -Wno-infinite-recursion -Wno-comma -Wno-block-capture-autoreleasing -Wno-strict-prototypes -Wno-semicolon-before-method-body -index-store-path /Users/j/Documents/GitHub/MoneroOne/build/Index.noindex/DataStore @/Users/j/Documents/GitHub/MoneroOne/build/Build/Intermediates.noindex/swift-crypto.build/Debug-iphonesimulator/CCryptoBoringSSL.build/Objects-normal/arm64/7187679823f38a2a940e0043cdf9d637-common-args.resp -MMD -MT dependencies -MF /Users/j/Documents/GitHub/MoneroOne/build/Build/Intermediates.noindex/swift-crypto.build/Debug-iphonesimulator/CCryptoBoringSSL.build/Objects-normal/arm64/deterministic.d --serialize-diagnostics /Users/j/Documents/GitHub/MoneroOne/build/Build/Intermediates.noindex/swift-crypto.build/Debug-iphonesimulator/CCryptoBoringSSL.build/Objects-normal/arm64/deterministic.dia -c /Users/j/Documents/GitHub/MoneroOne/build/SourcePackages/checkouts/swift-crypto/Sources/CCryptoBoringSSL/crypto/rand_extra/deterministic.c -o /Users/j/Documents/GitHub/MoneroOne/build/Build/Intermediates.noindex/swift-crypto.build/Debug-iphonesimulator/CCryptoBoringSSL.build/Objects-normal/arm64/deterministic.o -index-unit-output-path /swift-crypto.build/Debug-iphonesimulator/CCryptoBoringSSL.build/Objects-normal/arm64/deterministic.o

ScanDependencies /Users/j/Documents/GitHub/MoneroOne/build/Build/Intermediates.noindex/swift-crypto.build/Debug-iphonesimulator/CCryptoBoringSSL.build/Objects-normal/arm64/des.o /Users/j/Documents/GitHub/MoneroOne/build/SourcePackages/checkouts/swift-crypto/Sources/CCryptoBoringSSL/crypto/des/des.c normal arm64 c com.apple.compilers.llvm.clang.1_0.compiler (in target 'CCryptoBoringSSL' from project 'swift-crypto')
    cd /Users/j/Documents/GitHub/MoneroOne/MoneroOne.xcodeproj
    
    Using response file: /Users/j/Documents/GitHub/MoneroOne/build/Build/Intermediates.noindex/swift-crypto.build/Debug-iphonesimulator/CCryptoBoringSSL.build/Objects-normal/arm64/7187679823f38a2a940e0043cdf9d637-common-args.resp
    
    builtin-ScanDependencies -o /Users/j/Documents/GitHub/MoneroOne/build/Build/Intermediates.noindex/swift-crypto.build/Debug-iphonesimulator/CCryptoBoringSSL.build/Objects-normal/arm64/des.o.scan -- /Applications/Xcode.app/Contents/Developer/Toolchains/XcodeDefault.xctoolchain/usr/bin/clang -x c -ivfsstatcache /Users/j/Documents/GitHub/MoneroOne/build/SDKStatCaches.noindex/iphonesimulator26.1-23B77-90cf18a4295e390e64c810bc6bd7acbc.sdkstatcache -fmessage-length\=0 -fdiagnostics-show-note-include-stack -fmacro-backtrace-limit\=0 -fno-color-diagnostics -fmodules-prune-interval\=86400 -fmodules-prune-after\=345600 -fbuild-session-file\=/Users/j/Documents/GitHub/MoneroOne/build/ModuleCache.noindex/Session.modulevalidation -fmodules-validate-once-per-build-session -Wnon-modular-include-in-framework-module -Werror\=non-modular-include-in-framework-module -Wno-trigraphs -Wno-missing-field-initializers -Wno-missing-prototypes -Wno-return-type -Wno-missing-braces -Wparentheses -Wswitch -Wno-unused-function -Wno-unused-label -Wno-unused-parameter -Wno-unused-variable -Wunused-value -Wno-empty-body -Wno-uninitialized -Wno-unknown-pragmas -w -Wno-shadow -Wno-four-char-constants -Wno-conversion -Wno-constant-conversion -Wno-int-conversion -Wno-bool-conversion -Wno-enum-conversion -Wno-float-conversion -Wno-non-literal-null-conversion -Wno-objc-literal-conversion -Wshorten-64-to-32 -Wpointer-sign -Wno-newline-eof -Wno-implicit-fallthrough -fstrict-aliasing -Wdeprecated-declarations -Wno-sign-conversion -Wno-infinite-recursion -Wno-comma -Wno-block-capture-autoreleasing -Wno-strict-prototypes -Wno-semicolon-before-method-body -index-store-path /Users/j/Documents/GitHub/MoneroOne/build/Index.noindex/DataStore @/Users/j/Documents/GitHub/MoneroOne/build/Build/Intermediates.noindex/swift-crypto.build/Debug-iphonesimulator/CCryptoBoringSSL.build/Objects-normal/arm64/7187679823f38a2a940e0043cdf9d637-common-args.resp -MMD -MT dependencies -MF /Users/j/Documents/GitHub/MoneroOne/build/Build/Intermediates.noindex/swift-crypto.build/Debug-iphonesimulator/CCryptoBoringSSL.build/Objects-normal/arm64/des.d --serialize-diagnostics /Users/j/Documents/GitHub/MoneroOne/build/Build/Intermediates.noindex/swift-crypto.build/Debug-iphonesimulator/CCryptoBoringSSL.build/Objects-normal/arm64/des.dia -c /Users/j/Documents/GitHub/MoneroOne/build/SourcePackages/checkouts/swift-crypto/Sources/CCryptoBoringSSL/crypto/des/des.c -o /Users/j/Documents/GitHub/MoneroOne/build/Build/Intermediates.noindex/swift-crypto.build/Debug-iphonesimulator/CCryptoBoringSSL.build/Objects-normal/arm64/des.o -index-unit-output-path /swift-crypto.build/Debug-iphonesimulator/CCryptoBoringSSL.build/Objects-normal/arm64/des.o

ScanDependencies /Users/j/Documents/GitHub/MoneroOne/build/Build/Intermediates.noindex/swift-crypto.build/Debug-iphonesimulator/CCryptoBoringSSL.build/Objects-normal/arm64/derive_key.o /Users/j/Documents/GitHub/MoneroOne/build/SourcePackages/checkouts/swift-crypto/Sources/CCryptoBoringSSL/crypto/cipher_extra/derive_key.c normal arm64 c com.apple.compilers.llvm.clang.1_0.compiler (in target 'CCryptoBoringSSL' from project 'swift-crypto')
    cd /Users/j/Documents/GitHub/MoneroOne/MoneroOne.xcodeproj
    
    Using response file: /Users/j/Documents/GitHub/MoneroOne/build/Build/Intermediates.noindex/swift-crypto.build/Debug-iphonesimulator/CCryptoBoringSSL.build/Objects-normal/arm64/7187679823f38a2a940e0043cdf9d637-common-args.resp
    
    builtin-ScanDependencies -o /Users/j/Documents/GitHub/MoneroOne/build/Build/Intermediates.noindex/swift-crypto.build/Debug-iphonesimulator/CCryptoBoringSSL.build/Objects-normal/arm64/derive_key.o.scan -- /Applications/Xcode.app/Contents/Developer/Toolchains/XcodeDefault.xctoolchain/usr/bin/clang -x c -ivfsstatcache /Users/j/Documents/GitHub/MoneroOne/build/SDKStatCaches.noindex/iphonesimulator26.1-23B77-90cf18a4295e390e64c810bc6bd7acbc.sdkstatcache -fmessage-length\=0 -fdiagnostics-show-note-include-stack -fmacro-backtrace-limit\=0 -fno-color-diagnostics -fmodules-prune-interval\=86400 -fmodules-prune-after\=345600 -fbuild-session-file\=/Users/j/Documents/GitHub/MoneroOne/build/ModuleCache.noindex/Session.modulevalidation -fmodules-validate-once-per-build-session -Wnon-modular-include-in-framework-module -Werror\=non-modular-include-in-framework-module -Wno-trigraphs -Wno-missing-field-initializers -Wno-missing-prototypes -Wno-return-type -Wno-missing-braces -Wparentheses -Wswitch -Wno-unused-function -Wno-unused-label -Wno-unused-parameter -Wno-unused-variable -Wunused-value -Wno-empty-body -Wno-uninitialized -Wno-unknown-pragmas -w -Wno-shadow -Wno-four-char-constants -Wno-conversion -Wno-constant-conversion -Wno-int-conversion -Wno-bool-conversion -Wno-enum-conversion -Wno-float-conversion -Wno-non-literal-null-conversion -Wno-objc-literal-conversion -Wshorten-64-to-32 -Wpointer-sign -Wno-newline-eof -Wno-implicit-fallthrough -fstrict-aliasing -Wdeprecated-declarations -Wno-sign-conversion -Wno-infinite-recursion -Wno-comma -Wno-block-capture-autoreleasing -Wno-strict-prototypes -Wno-semicolon-before-method-body -index-store-path /Users/j/Documents/GitHub/MoneroOne/build/Index.noindex/DataStore @/Users/j/Documents/GitHub/MoneroOne/build/Build/Intermediates.noindex/swift-crypto.build/Debug-iphonesimulator/CCryptoBoringSSL.build/Objects-normal/arm64/7187679823f38a2a940e0043cdf9d637-common-args.resp -MMD -MT dependencies -MF /Users/j/Documents/GitHub/MoneroOne/build/Build/Intermediates.noindex/swift-crypto.build/Debug-iphonesimulator/CCryptoBoringSSL.build/Objects-normal/arm64/derive_key.d --serialize-diagnostics /Users/j/Documents/GitHub/MoneroOne/build/Build/Intermediates.noindex/swift-crypto.build/Debug-iphonesimulator/CCryptoBoringSSL.build/Objects-normal/arm64/derive_key.dia -c /Users/j/Documents/GitHub/MoneroOne/build/SourcePackages/checkouts/swift-crypto/Sources/CCryptoBoringSSL/crypto/cipher_extra/derive_key.c -o /Users/j/Documents/GitHub/MoneroOne/build/Build/Intermediates.noindex/swift-crypto.build/Debug-iphonesimulator/CCryptoBoringSSL.build/Objects-normal/arm64/derive_key.o -index-unit-output-path /swift-crypto.build/Debug-iphonesimulator/CCryptoBoringSSL.build/Objects-normal/arm64/derive_key.o

ScanDependencies /Users/j/Documents/GitHub/MoneroOne/build/Build/Intermediates.noindex/swift-crypto.build/Debug-iphonesimulator/CCryptoBoringSSL.build/Objects-normal/arm64/curve25519_64_adx.o /Users/j/Documents/GitHub/MoneroOne/build/SourcePackages/checkouts/swift-crypto/Sources/CCryptoBoringSSL/crypto/curve25519/curve25519_64_adx.c normal arm64 c com.apple.compilers.llvm.clang.1_0.compiler (in target 'CCryptoBoringSSL' from project 'swift-crypto')
    cd /Users/j/Documents/GitHub/MoneroOne/MoneroOne.xcodeproj
    
    Using response file: /Users/j/Documents/GitHub/MoneroOne/build/Build/Intermediates.noindex/swift-crypto.build/Debug-iphonesimulator/CCryptoBoringSSL.build/Objects-normal/arm64/7187679823f38a2a940e0043cdf9d637-common-args.resp
    
    builtin-ScanDependencies -o /Users/j/Documents/GitHub/MoneroOne/build/Build/Intermediates.noindex/swift-crypto.build/Debug-iphonesimulator/CCryptoBoringSSL.build/Objects-normal/arm64/curve25519_64_adx.o.scan -- /Applications/Xcode.app/Contents/Developer/Toolchains/XcodeDefault.xctoolchain/usr/bin/clang -x c -ivfsstatcache /Users/j/Documents/GitHub/MoneroOne/build/SDKStatCaches.noindex/iphonesimulator26.1-23B77-90cf18a4295e390e64c810bc6bd7acbc.sdkstatcache -fmessage-length\=0 -fdiagnostics-show-note-include-stack -fmacro-backtrace-limit\=0 -fno-color-diagnostics -fmodules-prune-interval\=86400 -fmodules-prune-after\=345600 -fbuild-session-file\=/Users/j/Documents/GitHub/MoneroOne/build/ModuleCache.noindex/Session.modulevalidation -fmodules-validate-once-per-build-session -Wnon-modular-include-in-framework-module -Werror\=non-modular-include-in-framework-module -Wno-trigraphs -Wno-missing-field-initializers -Wno-missing-prototypes -Wno-return-type -Wno-missing-braces -Wparentheses -Wswitch -Wno-unused-function -Wno-unused-label -Wno-unused-parameter -Wno-unused-variable -Wunused-value -Wno-empty-body -Wno-uninitialized -Wno-unknown-pragmas -w -Wno-shadow -Wno-four-char-constants -Wno-conversion -Wno-constant-conversion -Wno-int-conversion -Wno-bool-conversion -Wno-enum-conversion -Wno-float-conversion -Wno-non-literal-null-conversion -Wno-objc-literal-conversion -Wshorten-64-to-32 -Wpointer-sign -Wno-newline-eof -Wno-implicit-fallthrough -fstrict-aliasing -Wdeprecated-declarations -Wno-sign-conversion -Wno-infinite-recursion -Wno-comma -Wno-block-capture-autoreleasing -Wno-strict-prototypes -Wno-semicolon-before-method-body -index-store-path /Users/j/Documents/GitHub/MoneroOne/build/Index.noindex/DataStore @/Users/j/Documents/GitHub/MoneroOne/build/Build/Intermediates.noindex/swift-crypto.build/Debug-iphonesimulator/CCryptoBoringSSL.build/Objects-normal/arm64/7187679823f38a2a940e0043cdf9d637-common-args.resp -MMD -MT dependencies -MF /Users/j/Documents/GitHub/MoneroOne/build/Build/Intermediates.noindex/swift-crypto.build/Debug-iphonesimulator/CCryptoBoringSSL.build/Objects-normal/arm64/curve25519_64_adx.d --serialize-diagnostics /Users/j/Documents/GitHub/MoneroOne/build/Build/Intermediates.noindex/swift-crypto.build/Debug-iphonesimulator/CCryptoBoringSSL.build/Objects-normal/arm64/curve25519_64_adx.dia -c /Users/j/Documents/GitHub/MoneroOne/build/SourcePackages/checkouts/swift-crypto/Sources/CCryptoBoringSSL/crypto/curve25519/curve25519_64_adx.c -o /Users/j/Documents/GitHub/MoneroOne/build/Build/Intermediates.noindex/swift-crypto.build/Debug-iphonesimulator/CCryptoBoringSSL.build/Objects-normal/arm64/curve25519_64_adx.o -index-unit-output-path /swift-crypto.build/Debug-iphonesimulator/CCryptoBoringSSL.build/Objects-normal/arm64/curve25519_64_adx.o

CompileC /Users/j/Documents/GitHub/MoneroOne/build/Build/Intermediates.noindex/swift-crypto.build/Debug-iphonesimulator/CCryptoBoringSSL.build/Objects-normal/arm64/dh_asn1.o /Users/j/Documents/GitHub/MoneroOne/build/SourcePackages/checkouts/swift-crypto/Sources/CCryptoBoringSSL/crypto/dh_extra/dh_asn1.c normal arm64 c com.apple.compilers.llvm.clang.1_0.compiler (in target 'CCryptoBoringSSL' from project 'swift-crypto')
    cd /Users/j/Documents/GitHub/MoneroOne/MoneroOne.xcodeproj
    
    Using response file: /Users/j/Documents/GitHub/MoneroOne/build/Build/Intermediates.noindex/swift-crypto.build/Debug-iphonesimulator/CCryptoBoringSSL.build/Objects-normal/arm64/7187679823f38a2a940e0043cdf9d637-common-args.resp
    
    /Applications/Xcode.app/Contents/Developer/Toolchains/XcodeDefault.xctoolchain/usr/bin/clang -x c -ivfsstatcache /Users/j/Documents/GitHub/MoneroOne/build/SDKStatCaches.noindex/iphonesimulator26.1-23B77-90cf18a4295e390e64c810bc6bd7acbc.sdkstatcache -fmessage-length\=0 -fdiagnostics-show-note-include-stack -fmacro-backtrace-limit\=0 -fno-color-diagnostics -fmodules-prune-interval\=86400 -fmodules-prune-after\=345600 -fbuild-session-file\=/Users/j/Documents/GitHub/MoneroOne/build/ModuleCache.noindex/Session.modulevalidation -fmodules-validate-once-per-build-session -Wnon-modular-include-in-framework-module -Werror\=non-modular-include-in-framework-module -Wno-trigraphs -Wno-missing-field-initializers -Wno-missing-prototypes -Wno-return-type -Wno-missing-braces -Wparentheses -Wswitch -Wno-unused-function -Wno-unused-label -Wno-unused-parameter -Wno-unused-variable -Wunused-value -Wno-empty-body -Wno-uninitialized -Wno-unknown-pragmas -w -Wno-shadow -Wno-four-char-constants -Wno-conversion -Wno-constant-conversion -Wno-int-conversion -Wno-bool-conversion -Wno-enum-conversion -Wno-float-conversion -Wno-non-literal-null-conversion -Wno-objc-literal-conversion -Wshorten-64-to-32 -Wpointer-sign -Wno-newline-eof -Wno-implicit-fallthrough -fstrict-aliasing -Wdeprecated-declarations -Wno-sign-conversion -Wno-infinite-recursion -Wno-comma -Wno-block-capture-autoreleasing -Wno-strict-prototypes -Wno-semicolon-before-method-body -index-store-path /Users/j/Documents/GitHub/MoneroOne/build/Index.noindex/DataStore @/Users/j/Documents/GitHub/MoneroOne/build/Build/Intermediates.noindex/swift-crypto.build/Debug-iphonesimulator/CCryptoBoringSSL.build/Objects-normal/arm64/7187679823f38a2a940e0043cdf9d637-common-args.resp -MMD -MT dependencies -MF /Users/j/Documents/GitHub/MoneroOne/build/Build/Intermediates.noindex/swift-crypto.build/Debug-iphonesimulator/CCryptoBoringSSL.build/Objects-normal/arm64/dh_asn1.d --serialize-diagnostics /Users/j/Documents/GitHub/MoneroOne/build/Build/Intermediates.noindex/swift-crypto.build/Debug-iphonesimulator/CCryptoBoringSSL.build/Objects-normal/arm64/dh_asn1.dia -c /Users/j/Documents/GitHub/MoneroOne/build/SourcePackages/checkouts/swift-crypto/Sources/CCryptoBoringSSL/crypto/dh_extra/dh_asn1.c -o /Users/j/Documents/GitHub/MoneroOne/build/Build/Intermediates.noindex/swift-crypto.build/Debug-iphonesimulator/CCryptoBoringSSL.build/Objects-normal/arm64/dh_asn1.o -index-unit-output-path /swift-crypto.build/Debug-iphonesimulator/CCryptoBoringSSL.build/Objects-normal/arm64/dh_asn1.o

ScanDependencies /Users/j/Documents/GitHub/MoneroOne/build/Build/Intermediates.noindex/swift-crypto.build/Debug-iphonesimulator/CCryptoBoringSSL.build/Objects-normal/arm64/curve25519.o /Users/j/Documents/GitHub/MoneroOne/build/SourcePackages/checkouts/swift-crypto/Sources/CCryptoBoringSSL/crypto/curve25519/curve25519.c normal arm64 c com.apple.compilers.llvm.clang.1_0.compiler (in target 'CCryptoBoringSSL' from project 'swift-crypto')
    cd /Users/j/Documents/GitHub/MoneroOne/MoneroOne.xcodeproj
    
    Using response file: /Users/j/Documents/GitHub/MoneroOne/build/Build/Intermediates.noindex/swift-crypto.build/Debug-iphonesimulator/CCryptoBoringSSL.build/Objects-normal/arm64/7187679823f38a2a940e0043cdf9d637-common-args.resp
    
    builtin-ScanDependencies -o /Users/j/Documents/GitHub/MoneroOne/build/Build/Intermediates.noindex/swift-crypto.build/Debug-iphonesimulator/CCryptoBoringSSL.build/Objects-normal/arm64/curve25519.o.scan -- /Applications/Xcode.app/Contents/Developer/Toolchains/XcodeDefault.xctoolchain/usr/bin/clang -x c -ivfsstatcache /Users/j/Documents/GitHub/MoneroOne/build/SDKStatCaches.noindex/iphonesimulator26.1-23B77-90cf18a4295e390e64c810bc6bd7acbc.sdkstatcache -fmessage-length\=0 -fdiagnostics-show-note-include-stack -fmacro-backtrace-limit\=0 -fno-color-diagnostics -fmodules-prune-interval\=86400 -fmodules-prune-after\=345600 -fbuild-session-file\=/Users/j/Documents/GitHub/MoneroOne/build/ModuleCache.noindex/Session.modulevalidation -fmodules-validate-once-per-build-session -Wnon-modular-include-in-framework-module -Werror\=non-modular-include-in-framework-module -Wno-trigraphs -Wno-missing-field-initializers -Wno-missing-prototypes -Wno-return-type -Wno-missing-braces -Wparentheses -Wswitch -Wno-unused-function -Wno-unused-label -Wno-unused-parameter -Wno-unused-variable -Wunused-value -Wno-empty-body -Wno-uninitialized -Wno-unknown-pragmas -w -Wno-shadow -Wno-four-char-constants -Wno-conversion -Wno-constant-conversion -Wno-int-conversion -Wno-bool-conversion -Wno-enum-conversion -Wno-float-conversion -Wno-non-literal-null-conversion -Wno-objc-literal-conversion -Wshorten-64-to-32 -Wpointer-sign -Wno-newline-eof -Wno-implicit-fallthrough -fstrict-aliasing -Wdeprecated-declarations -Wno-sign-conversion -Wno-infinite-recursion -Wno-comma -Wno-block-capture-autoreleasing -Wno-strict-prototypes -Wno-semicolon-before-method-body -index-store-path /Users/j/Documents/GitHub/MoneroOne/build/Index.noindex/DataStore @/Users/j/Documents/GitHub/MoneroOne/build/Build/Intermediates.noindex/swift-crypto.build/Debug-iphonesimulator/CCryptoBoringSSL.build/Objects-normal/arm64/7187679823f38a2a940e0043cdf9d637-common-args.resp -MMD -MT dependencies -MF /Users/j/Documents/GitHub/MoneroOne/build/Build/Intermediates.noindex/swift-crypto.build/Debug-iphonesimulator/CCryptoBoringSSL.build/Objects-normal/arm64/curve25519.d --serialize-diagnostics /Users/j/Documents/GitHub/MoneroOne/build/Build/Intermediates.noindex/swift-crypto.build/Debug-iphonesimulator/CCryptoBoringSSL.build/Objects-normal/arm64/curve25519.dia -c /Users/j/Documents/GitHub/MoneroOne/build/SourcePackages/checkouts/swift-crypto/Sources/CCryptoBoringSSL/crypto/curve25519/curve25519.c -o /Users/j/Documents/GitHub/MoneroOne/build/Build/Intermediates.noindex/swift-crypto.build/Debug-iphonesimulator/CCryptoBoringSSL.build/Objects-normal/arm64/curve25519.o -index-unit-output-path /swift-crypto.build/Debug-iphonesimulator/CCryptoBoringSSL.build/Objects-normal/arm64/curve25519.o

ScanDependencies /Users/j/Documents/GitHub/MoneroOne/build/Build/Intermediates.noindex/swift-crypto.build/Debug-iphonesimulator/CCryptoBoringSSL.build/Objects-normal/arm64/ctx.o /Users/j/Documents/GitHub/MoneroOne/build/SourcePackages/checkouts/swift-crypto/Sources/CCryptoBoringSSL/crypto/fipsmodule/bn/ctx.c normal arm64 c com.apple.compilers.llvm.clang.1_0.compiler (in target 'CCryptoBoringSSL' from project 'swift-crypto')
    cd /Users/j/Documents/GitHub/MoneroOne/MoneroOne.xcodeproj
    
    Using response file: /Users/j/Documents/GitHub/MoneroOne/build/Build/Intermediates.noindex/swift-crypto.build/Debug-iphonesimulator/CCryptoBoringSSL.build/Objects-normal/arm64/7187679823f38a2a940e0043cdf9d637-common-args.resp
    
    builtin-ScanDependencies -o /Users/j/Documents/GitHub/MoneroOne/build/Build/Intermediates.noindex/swift-crypto.build/Debug-iphonesimulator/CCryptoBoringSSL.build/Objects-normal/arm64/ctx.o.scan -- /Applications/Xcode.app/Contents/Developer/Toolchains/XcodeDefault.xctoolchain/usr/bin/clang -x c -ivfsstatcache /Users/j/Documents/GitHub/MoneroOne/build/SDKStatCaches.noindex/iphonesimulator26.1-23B77-90cf18a4295e390e64c810bc6bd7acbc.sdkstatcache -fmessage-length\=0 -fdiagnostics-show-note-include-stack -fmacro-backtrace-limit\=0 -fno-color-diagnostics -fmodules-prune-interval\=86400 -fmodules-prune-after\=345600 -fbuild-session-file\=/Users/j/Documents/GitHub/MoneroOne/build/ModuleCache.noindex/Session.modulevalidation -fmodules-validate-once-per-build-session -Wnon-modular-include-in-framework-module -Werror\=non-modular-include-in-framework-module -Wno-trigraphs -Wno-missing-field-initializers -Wno-missing-prototypes -Wno-return-type -Wno-missing-braces -Wparentheses -Wswitch -Wno-unused-function -Wno-unused-label -Wno-unused-parameter -Wno-unused-variable -Wunused-value -Wno-empty-body -Wno-uninitialized -Wno-unknown-pragmas -w -Wno-shadow -Wno-four-char-constants -Wno-conversion -Wno-constant-conversion -Wno-int-conversion -Wno-bool-conversion -Wno-enum-conversion -Wno-float-conversion -Wno-non-literal-null-conversion -Wno-objc-literal-conversion -Wshorten-64-to-32 -Wpointer-sign -Wno-newline-eof -Wno-implicit-fallthrough -fstrict-aliasing -Wdeprecated-declarations -Wno-sign-conversion -Wno-infinite-recursion -Wno-comma -Wno-block-capture-autoreleasing -Wno-strict-prototypes -Wno-semicolon-before-method-body -index-store-path /Users/j/Documents/GitHub/MoneroOne/build/Index.noindex/DataStore @/Users/j/Documents/GitHub/MoneroOne/build/Build/Intermediates.noindex/swift-crypto.build/Debug-iphonesimulator/CCryptoBoringSSL.build/Objects-normal/arm64/7187679823f38a2a940e0043cdf9d637-common-args.resp -MMD -MT dependencies -MF /Users/j/Documents/GitHub/MoneroOne/build/Build/Intermediates.noindex/swift-crypto.build/Debug-iphonesimulator/CCryptoBoringSSL.build/Objects-normal/arm64/ctx.d --serialize-diagnostics /Users/j/Documents/GitHub/MoneroOne/build/Build/Intermediates.noindex/swift-crypto.build/Debug-iphonesimulator/CCryptoBoringSSL.build/Objects-normal/arm64/ctx.dia -c /Users/j/Documents/GitHub/MoneroOne/build/SourcePackages/checkouts/swift-crypto/Sources/CCryptoBoringSSL/crypto/fipsmodule/bn/ctx.c -o /Users/j/Documents/GitHub/MoneroOne/build/Build/Intermediates.noindex/swift-crypto.build/Debug-iphonesimulator/CCryptoBoringSSL.build/Objects-normal/arm64/ctx.o -index-unit-output-path /swift-crypto.build/Debug-iphonesimulator/CCryptoBoringSSL.build/Objects-normal/arm64/ctx.o

ScanDependencies /Users/j/Documents/GitHub/MoneroOne/build/Build/Intermediates.noindex/swift-crypto.build/Debug-iphonesimulator/CCryptoBoringSSL.build/Objects-normal/arm64/ctrdrbg.o /Users/j/Documents/GitHub/MoneroOne/build/SourcePackages/checkouts/swift-crypto/Sources/CCryptoBoringSSL/crypto/fipsmodule/rand/ctrdrbg.c normal arm64 c com.apple.compilers.llvm.clang.1_0.compiler (in target 'CCryptoBoringSSL' from project 'swift-crypto')
    cd /Users/j/Documents/GitHub/MoneroOne/MoneroOne.xcodeproj
    
    Using response file: /Users/j/Documents/GitHub/MoneroOne/build/Build/Intermediates.noindex/swift-crypto.build/Debug-iphonesimulator/CCryptoBoringSSL.build/Objects-normal/arm64/7187679823f38a2a940e0043cdf9d637-common-args.resp
    
    builtin-ScanDependencies -o /Users/j/Documents/GitHub/MoneroOne/build/Build/Intermediates.noindex/swift-crypto.build/Debug-iphonesimulator/CCryptoBoringSSL.build/Objects-normal/arm64/ctrdrbg.o.scan -- /Applications/Xcode.app/Contents/Developer/Toolchains/XcodeDefault.xctoolchain/usr/bin/clang -x c -ivfsstatcache /Users/j/Documents/GitHub/MoneroOne/build/SDKStatCaches.noindex/iphonesimulator26.1-23B77-90cf18a4295e390e64c810bc6bd7acbc.sdkstatcache -fmessage-length\=0 -fdiagnostics-show-note-include-stack -fmacro-backtrace-limit\=0 -fno-color-diagnostics -fmodules-prune-interval\=86400 -fmodules-prune-after\=345600 -fbuild-session-file\=/Users/j/Documents/GitHub/MoneroOne/build/ModuleCache.noindex/Session.modulevalidation -fmodules-validate-once-per-build-session -Wnon-modular-include-in-framework-module -Werror\=non-modular-include-in-framework-module -Wno-trigraphs -Wno-missing-field-initializers -Wno-missing-prototypes -Wno-return-type -Wno-missing-braces -Wparentheses -Wswitch -Wno-unused-function -Wno-unused-label -Wno-unused-parameter -Wno-unused-variable -Wunused-value -Wno-empty-body -Wno-uninitialized -Wno-unknown-pragmas -w -Wno-shadow -Wno-four-char-constants -Wno-conversion -Wno-constant-conversion -Wno-int-conversion -Wno-bool-conversion -Wno-enum-conversion -Wno-float-conversion -Wno-non-literal-null-conversion -Wno-objc-literal-conversion -Wshorten-64-to-32 -Wpointer-sign -Wno-newline-eof -Wno-implicit-fallthrough -fstrict-aliasing -Wdeprecated-declarations -Wno-sign-conversion -Wno-infinite-recursion -Wno-comma -Wno-block-capture-autoreleasing -Wno-strict-prototypes -Wno-semicolon-before-method-body -index-store-path /Users/j/Documents/GitHub/MoneroOne/build/Index.noindex/DataStore @/Users/j/Documents/GitHub/MoneroOne/build/Build/Intermediates.noindex/swift-crypto.build/Debug-iphonesimulator/CCryptoBoringSSL.build/Objects-normal/arm64/7187679823f38a2a940e0043cdf9d637-common-args.resp -MMD -MT dependencies -MF /Users/j/Documents/GitHub/MoneroOne/build/Build/Intermediates.noindex/swift-crypto.build/Debug-iphonesimulator/CCryptoBoringSSL.build/Objects-normal/arm64/ctrdrbg.d --serialize-diagnostics /Users/j/Documents/GitHub/MoneroOne/build/Build/Intermediates.noindex/swift-crypto.build/Debug-iphonesimulator/CCryptoBoringSSL.build/Objects-normal/arm64/ctrdrbg.dia -c /Users/j/Documents/GitHub/MoneroOne/build/SourcePackages/checkouts/swift-crypto/Sources/CCryptoBoringSSL/crypto/fipsmodule/rand/ctrdrbg.c -o /Users/j/Documents/GitHub/MoneroOne/build/Build/Intermediates.noindex/swift-crypto.build/Debug-iphonesimulator/CCryptoBoringSSL.build/Objects-normal/arm64/ctrdrbg.o -index-unit-output-path /swift-crypto.build/Debug-iphonesimulator/CCryptoBoringSSL.build/Objects-normal/arm64/ctrdrbg.o

ScanDependencies /Users/j/Documents/GitHub/MoneroOne/build/Build/Intermediates.noindex/swift-crypto.build/Debug-iphonesimulator/CCryptoBoringSSL.build/Objects-normal/arm64/ctr.o /Users/j/Documents/GitHub/MoneroOne/build/SourcePackages/checkouts/swift-crypto/Sources/CCryptoBoringSSL/crypto/fipsmodule/modes/ctr.c normal arm64 c com.apple.compilers.llvm.clang.1_0.compiler (in target 'CCryptoBoringSSL' from project 'swift-crypto')
    cd /Users/j/Documents/GitHub/MoneroOne/MoneroOne.xcodeproj
    
    Using response file: /Users/j/Documents/GitHub/MoneroOne/build/Build/Intermediates.noindex/swift-crypto.build/Debug-iphonesimulator/CCryptoBoringSSL.build/Objects-normal/arm64/7187679823f38a2a940e0043cdf9d637-common-args.resp
    
    builtin-ScanDependencies -o /Users/j/Documents/GitHub/MoneroOne/build/Build/Intermediates.noindex/swift-crypto.build/Debug-iphonesimulator/CCryptoBoringSSL.build/Objects-normal/arm64/ctr.o.scan -- /Applications/Xcode.app/Contents/Developer/Toolchains/XcodeDefault.xctoolchain/usr/bin/clang -x c -ivfsstatcache /Users/j/Documents/GitHub/MoneroOne/build/SDKStatCaches.noindex/iphonesimulator26.1-23B77-90cf18a4295e390e64c810bc6bd7acbc.sdkstatcache -fmessage-length\=0 -fdiagnostics-show-note-include-stack -fmacro-backtrace-limit\=0 -fno-color-diagnostics -fmodules-prune-interval\=86400 -fmodules-prune-after\=345600 -fbuild-session-file\=/Users/j/Documents/GitHub/MoneroOne/build/ModuleCache.noindex/Session.modulevalidation -fmodules-validate-once-per-build-session -Wnon-modular-include-in-framework-module -Werror\=non-modular-include-in-framework-module -Wno-trigraphs -Wno-missing-field-initializers -Wno-missing-prototypes -Wno-return-type -Wno-missing-braces -Wparentheses -Wswitch -Wno-unused-function -Wno-unused-label -Wno-unused-parameter -Wno-unused-variable -Wunused-value -Wno-empty-body -Wno-uninitialized -Wno-unknown-pragmas -w -Wno-shadow -Wno-four-char-constants -Wno-conversion -Wno-constant-conversion -Wno-int-conversion -Wno-bool-conversion -Wno-enum-conversion -Wno-float-conversion -Wno-non-literal-null-conversion -Wno-objc-literal-conversion -Wshorten-64-to-32 -Wpointer-sign -Wno-newline-eof -Wno-implicit-fallthrough -fstrict-aliasing -Wdeprecated-declarations -Wno-sign-conversion -Wno-infinite-recursion -Wno-comma -Wno-block-capture-autoreleasing -Wno-strict-prototypes -Wno-semicolon-before-method-body -index-store-path /Users/j/Documents/GitHub/MoneroOne/build/Index.noindex/DataStore @/Users/j/Documents/GitHub/MoneroOne/build/Build/Intermediates.noindex/swift-crypto.build/Debug-iphonesimulator/CCryptoBoringSSL.build/Objects-normal/arm64/7187679823f38a2a940e0043cdf9d637-common-args.resp -MMD -MT dependencies -MF /Users/j/Documents/GitHub/MoneroOne/build/Build/Intermediates.noindex/swift-crypto.build/Debug-iphonesimulator/CCryptoBoringSSL.build/Objects-normal/arm64/ctr.d --serialize-diagnostics /Users/j/Documents/GitHub/MoneroOne/build/Build/Intermediates.noindex/swift-crypto.build/Debug-iphonesimulator/CCryptoBoringSSL.build/Objects-normal/arm64/ctr.dia -c /Users/j/Documents/GitHub/MoneroOne/build/SourcePackages/checkouts/swift-crypto/Sources/CCryptoBoringSSL/crypto/fipsmodule/modes/ctr.c -o /Users/j/Documents/GitHub/MoneroOne/build/Build/Intermediates.noindex/swift-crypto.build/Debug-iphonesimulator/CCryptoBoringSSL.build/Objects-normal/arm64/ctr.o -index-unit-output-path /swift-crypto.build/Debug-iphonesimulator/CCryptoBoringSSL.build/Objects-normal/arm64/ctr.o

ScanDependencies /Users/j/Documents/GitHub/MoneroOne/build/Build/Intermediates.noindex/swift-crypto.build/Debug-iphonesimulator/CCryptoBoringSSL.build/Objects-normal/arm64/crypto.o /Users/j/Documents/GitHub/MoneroOne/build/SourcePackages/checkouts/swift-crypto/Sources/CCryptoBoringSSL/crypto/crypto.c normal arm64 c com.apple.compilers.llvm.clang.1_0.compiler (in target 'CCryptoBoringSSL' from project 'swift-crypto')
    cd /Users/j/Documents/GitHub/MoneroOne/MoneroOne.xcodeproj
    
    Using response file: /Users/j/Documents/GitHub/MoneroOne/build/Build/Intermediates.noindex/swift-crypto.build/Debug-iphonesimulator/CCryptoBoringSSL.build/Objects-normal/arm64/7187679823f38a2a940e0043cdf9d637-common-args.resp
    
    builtin-ScanDependencies -o /Users/j/Documents/GitHub/MoneroOne/build/Build/Intermediates.noindex/swift-crypto.build/Debug-iphonesimulator/CCryptoBoringSSL.build/Objects-normal/arm64/crypto.o.scan -- /Applications/Xcode.app/Contents/Developer/Toolchains/XcodeDefault.xctoolchain/usr/bin/clang -x c -ivfsstatcache /Users/j/Documents/GitHub/MoneroOne/build/SDKStatCaches.noindex/iphonesimulator26.1-23B77-90cf18a4295e390e64c810bc6bd7acbc.sdkstatcache -fmessage-length\=0 -fdiagnostics-show-note-include-stack -fmacro-backtrace-limit\=0 -fno-color-diagnostics -fmodules-prune-interval\=86400 -fmodules-prune-after\=345600 -fbuild-session-file\=/Users/j/Documents/GitHub/MoneroOne/build/ModuleCache.noindex/Session.modulevalidation -fmodules-validate-once-per-build-session -Wnon-modular-include-in-framework-module -Werror\=non-modular-include-in-framework-module -Wno-trigraphs -Wno-missing-field-initializers -Wno-missing-prototypes -Wno-return-type -Wno-missing-braces -Wparentheses -Wswitch -Wno-unused-function -Wno-unused-label -Wno-unused-parameter -Wno-unused-variable -Wunused-value -Wno-empty-body -Wno-uninitialized -Wno-unknown-pragmas -w -Wno-shadow -Wno-four-char-constants -Wno-conversion -Wno-constant-conversion -Wno-int-conversion -Wno-bool-conversion -Wno-enum-conversion -Wno-float-conversion -Wno-non-literal-null-conversion -Wno-objc-literal-conversion -Wshorten-64-to-32 -Wpointer-sign -Wno-newline-eof -Wno-implicit-fallthrough -fstrict-aliasing -Wdeprecated-declarations -Wno-sign-conversion -Wno-infinite-recursion -Wno-comma -Wno-block-capture-autoreleasing -Wno-strict-prototypes -Wno-semicolon-before-method-body -index-store-path /Users/j/Documents/GitHub/MoneroOne/build/Index.noindex/DataStore @/Users/j/Documents/GitHub/MoneroOne/build/Build/Intermediates.noindex/swift-crypto.build/Debug-iphonesimulator/CCryptoBoringSSL.build/Objects-normal/arm64/7187679823f38a2a940e0043cdf9d637-common-args.resp -MMD -MT dependencies -MF /Users/j/Documents/GitHub/MoneroOne/build/Build/Intermediates.noindex/swift-crypto.build/Debug-iphonesimulator/CCryptoBoringSSL.build/Objects-normal/arm64/crypto.d --serialize-diagnostics /Users/j/Documents/GitHub/MoneroOne/build/Build/Intermediates.noindex/swift-crypto.build/Debug-iphonesimulator/CCryptoBoringSSL.build/Objects-normal/arm64/crypto.dia -c /Users/j/Documents/GitHub/MoneroOne/build/SourcePackages/checkouts/swift-crypto/Sources/CCryptoBoringSSL/crypto/crypto.c -o /Users/j/Documents/GitHub/MoneroOne/build/Build/Intermediates.noindex/swift-crypto.build/Debug-iphonesimulator/CCryptoBoringSSL.build/Objects-normal/arm64/crypto.o -index-unit-output-path /swift-crypto.build/Debug-iphonesimulator/CCryptoBoringSSL.build/Objects-normal/arm64/crypto.o

ScanDependencies /Users/j/Documents/GitHub/MoneroOne/build/Build/Intermediates.noindex/swift-crypto.build/Debug-iphonesimulator/CCryptoBoringSSL.build/Objects-normal/arm64/cpu_intel.o /Users/j/Documents/GitHub/MoneroOne/build/SourcePackages/checkouts/swift-crypto/Sources/CCryptoBoringSSL/crypto/cpu_intel.c normal arm64 c com.apple.compilers.llvm.clang.1_0.compiler (in target 'CCryptoBoringSSL' from project 'swift-crypto')
    cd /Users/j/Documents/GitHub/MoneroOne/MoneroOne.xcodeproj
    
    Using response file: /Users/j/Documents/GitHub/MoneroOne/build/Build/Intermediates.noindex/swift-crypto.build/Debug-iphonesimulator/CCryptoBoringSSL.build/Objects-normal/arm64/7187679823f38a2a940e0043cdf9d637-common-args.resp
    
    builtin-ScanDependencies -o /Users/j/Documents/GitHub/MoneroOne/build/Build/Intermediates.noindex/swift-crypto.build/Debug-iphonesimulator/CCryptoBoringSSL.build/Objects-normal/arm64/cpu_intel.o.scan -- /Applications/Xcode.app/Contents/Developer/Toolchains/XcodeDefault.xctoolchain/usr/bin/clang -x c -ivfsstatcache /Users/j/Documents/GitHub/MoneroOne/build/SDKStatCaches.noindex/iphonesimulator26.1-23B77-90cf18a4295e390e64c810bc6bd7acbc.sdkstatcache -fmessage-length\=0 -fdiagnostics-show-note-include-stack -fmacro-backtrace-limit\=0 -fno-color-diagnostics -fmodules-prune-interval\=86400 -fmodules-prune-after\=345600 -fbuild-session-file\=/Users/j/Documents/GitHub/MoneroOne/build/ModuleCache.noindex/Session.modulevalidation -fmodules-validate-once-per-build-session -Wnon-modular-include-in-framework-module -Werror\=non-modular-include-in-framework-module -Wno-trigraphs -Wno-missing-field-initializers -Wno-missing-prototypes -Wno-return-type -Wno-missing-braces -Wparentheses -Wswitch -Wno-unused-function -Wno-unused-label -Wno-unused-parameter -Wno-unused-variable -Wunused-value -Wno-empty-body -Wno-uninitialized -Wno-unknown-pragmas -w -Wno-shadow -Wno-four-char-constants -Wno-conversion -Wno-constant-conversion -Wno-int-conversion -Wno-bool-conversion -Wno-enum-conversion -Wno-float-conversion -Wno-non-literal-null-conversion -Wno-objc-literal-conversion -Wshorten-64-to-32 -Wpointer-sign -Wno-newline-eof -Wno-implicit-fallthrough -fstrict-aliasing -Wdeprecated-declarations -Wno-sign-conversion -Wno-infinite-recursion -Wno-comma -Wno-block-capture-autoreleasing -Wno-strict-prototypes -Wno-semicolon-before-method-body -index-store-path /Users/j/Documents/GitHub/MoneroOne/build/Index.noindex/DataStore @/Users/j/Documents/GitHub/MoneroOne/build/Build/Intermediates.noindex/swift-crypto.build/Debug-iphonesimulator/CCryptoBoringSSL.build/Objects-normal/arm64/7187679823f38a2a940e0043cdf9d637-common-args.resp -MMD -MT dependencies -MF /Users/j/Documents/GitHub/MoneroOne/build/Build/Intermediates.noindex/swift-crypto.build/Debug-iphonesimulator/CCryptoBoringSSL.build/Objects-normal/arm64/cpu_intel.d --serialize-diagnostics /Users/j/Documents/GitHub/MoneroOne/build/Build/Intermediates.noindex/swift-crypto.build/Debug-iphonesimulator/CCryptoBoringSSL.build/Objects-normal/arm64/cpu_intel.dia -c /Users/j/Documents/GitHub/MoneroOne/build/SourcePackages/checkouts/swift-crypto/Sources/CCryptoBoringSSL/crypto/cpu_intel.c -o /Users/j/Documents/GitHub/MoneroOne/build/Build/Intermediates.noindex/swift-crypto.build/Debug-iphonesimulator/CCryptoBoringSSL.build/Objects-normal/arm64/cpu_intel.o -index-unit-output-path /swift-crypto.build/Debug-iphonesimulator/CCryptoBoringSSL.build/Objects-normal/arm64/cpu_intel.o

CompileC /Users/j/Documents/GitHub/MoneroOne/build/Build/Intermediates.noindex/swift-crypto.build/Debug-iphonesimulator/CCryptoBoringSSL.build/Objects-normal/arm64/dh.o /Users/j/Documents/GitHub/MoneroOne/build/SourcePackages/checkouts/swift-crypto/Sources/CCryptoBoringSSL/crypto/fipsmodule/dh/dh.c normal arm64 c com.apple.compilers.llvm.clang.1_0.compiler (in target 'CCryptoBoringSSL' from project 'swift-crypto')
    cd /Users/j/Documents/GitHub/MoneroOne/MoneroOne.xcodeproj
    
    Using response file: /Users/j/Documents/GitHub/MoneroOne/build/Build/Intermediates.noindex/swift-crypto.build/Debug-iphonesimulator/CCryptoBoringSSL.build/Objects-normal/arm64/7187679823f38a2a940e0043cdf9d637-common-args.resp
    
    /Applications/Xcode.app/Contents/Developer/Toolchains/XcodeDefault.xctoolchain/usr/bin/clang -x c -ivfsstatcache /Users/j/Documents/GitHub/MoneroOne/build/SDKStatCaches.noindex/iphonesimulator26.1-23B77-90cf18a4295e390e64c810bc6bd7acbc.sdkstatcache -fmessage-length\=0 -fdiagnostics-show-note-include-stack -fmacro-backtrace-limit\=0 -fno-color-diagnostics -fmodules-prune-interval\=86400 -fmodules-prune-after\=345600 -fbuild-session-file\=/Users/j/Documents/GitHub/MoneroOne/build/ModuleCache.noindex/Session.modulevalidation -fmodules-validate-once-per-build-session -Wnon-modular-include-in-framework-module -Werror\=non-modular-include-in-framework-module -Wno-trigraphs -Wno-missing-field-initializers -Wno-missing-prototypes -Wno-return-type -Wno-missing-braces -Wparentheses -Wswitch -Wno-unused-function -Wno-unused-label -Wno-unused-parameter -Wno-unused-variable -Wunused-value -Wno-empty-body -Wno-uninitialized -Wno-unknown-pragmas -w -Wno-shadow -Wno-four-char-constants -Wno-conversion -Wno-constant-conversion -Wno-int-conversion -Wno-bool-conversion -Wno-enum-conversion -Wno-float-conversion -Wno-non-literal-null-conversion -Wno-objc-literal-conversion -Wshorten-64-to-32 -Wpointer-sign -Wno-newline-eof -Wno-implicit-fallthrough -fstrict-aliasing -Wdeprecated-declarations -Wno-sign-conversion -Wno-infinite-recursion -Wno-comma -Wno-block-capture-autoreleasing -Wno-strict-prototypes -Wno-semicolon-before-method-body -index-store-path /Users/j/Documents/GitHub/MoneroOne/build/Index.noindex/DataStore @/Users/j/Documents/GitHub/MoneroOne/build/Build/Intermediates.noindex/swift-crypto.build/Debug-iphonesimulator/CCryptoBoringSSL.build/Objects-normal/arm64/7187679823f38a2a940e0043cdf9d637-common-args.resp -MMD -MT dependencies -MF /Users/j/Documents/GitHub/MoneroOne/build/Build/Intermediates.noindex/swift-crypto.build/Debug-iphonesimulator/CCryptoBoringSSL.build/Objects-normal/arm64/dh.d --serialize-diagnostics /Users/j/Documents/GitHub/MoneroOne/build/Build/Intermediates.noindex/swift-crypto.build/Debug-iphonesimulator/CCryptoBoringSSL.build/Objects-normal/arm64/dh.dia -c /Users/j/Documents/GitHub/MoneroOne/build/SourcePackages/checkouts/swift-crypto/Sources/CCryptoBoringSSL/crypto/fipsmodule/dh/dh.c -o /Users/j/Documents/GitHub/MoneroOne/build/Build/Intermediates.noindex/swift-crypto.build/Debug-iphonesimulator/CCryptoBoringSSL.build/Objects-normal/arm64/dh.o -index-unit-output-path /swift-crypto.build/Debug-iphonesimulator/CCryptoBoringSSL.build/Objects-normal/arm64/dh.o

CompileC /Users/j/Documents/GitHub/MoneroOne/build/Build/Intermediates.noindex/swift-crypto.build/Debug-iphonesimulator/CCryptoBoringSSL.build/Objects-normal/arm64/deterministic.o /Users/j/Documents/GitHub/MoneroOne/build/SourcePackages/checkouts/swift-crypto/Sources/CCryptoBoringSSL/crypto/rand_extra/deterministic.c normal arm64 c com.apple.compilers.llvm.clang.1_0.compiler (in target 'CCryptoBoringSSL' from project 'swift-crypto')
    cd /Users/j/Documents/GitHub/MoneroOne/MoneroOne.xcodeproj
    
    Using response file: /Users/j/Documents/GitHub/MoneroOne/build/Build/Intermediates.noindex/swift-crypto.build/Debug-iphonesimulator/CCryptoBoringSSL.build/Objects-normal/arm64/7187679823f38a2a940e0043cdf9d637-common-args.resp
    
    /Applications/Xcode.app/Contents/Developer/Toolchains/XcodeDefault.xctoolchain/usr/bin/clang -x c -ivfsstatcache /Users/j/Documents/GitHub/MoneroOne/build/SDKStatCaches.noindex/iphonesimulator26.1-23B77-90cf18a4295e390e64c810bc6bd7acbc.sdkstatcache -fmessage-length\=0 -fdiagnostics-show-note-include-stack -fmacro-backtrace-limit\=0 -fno-color-diagnostics -fmodules-prune-interval\=86400 -fmodules-prune-after\=345600 -fbuild-session-file\=/Users/j/Documents/GitHub/MoneroOne/build/ModuleCache.noindex/Session.modulevalidation -fmodules-validate-once-per-build-session -Wnon-modular-include-in-framework-module -Werror\=non-modular-include-in-framework-module -Wno-trigraphs -Wno-missing-field-initializers -Wno-missing-prototypes -Wno-return-type -Wno-missing-braces -Wparentheses -Wswitch -Wno-unused-function -Wno-unused-label -Wno-unused-parameter -Wno-unused-variable -Wunused-value -Wno-empty-body -Wno-uninitialized -Wno-unknown-pragmas -w -Wno-shadow -Wno-four-char-constants -Wno-conversion -Wno-constant-conversion -Wno-int-conversion -Wno-bool-conversion -Wno-enum-conversion -Wno-float-conversion -Wno-non-literal-null-conversion -Wno-objc-literal-conversion -Wshorten-64-to-32 -Wpointer-sign -Wno-newline-eof -Wno-implicit-fallthrough -fstrict-aliasing -Wdeprecated-declarations -Wno-sign-conversion -Wno-infinite-recursion -Wno-comma -Wno-block-capture-autoreleasing -Wno-strict-prototypes -Wno-semicolon-before-method-body -index-store-path /Users/j/Documents/GitHub/MoneroOne/build/Index.noindex/DataStore @/Users/j/Documents/GitHub/MoneroOne/build/Build/Intermediates.noindex/swift-crypto.build/Debug-iphonesimulator/CCryptoBoringSSL.build/Objects-normal/arm64/7187679823f38a2a940e0043cdf9d637-common-args.resp -MMD -MT dependencies -MF /Users/j/Documents/GitHub/MoneroOne/build/Build/Intermediates.noindex/swift-crypto.build/Debug-iphonesimulator/CCryptoBoringSSL.build/Objects-normal/arm64/deterministic.d --serialize-diagnostics /Users/j/Documents/GitHub/MoneroOne/build/Build/Intermediates.noindex/swift-crypto.build/Debug-iphonesimulator/CCryptoBoringSSL.build/Objects-normal/arm64/deterministic.dia -c /Users/j/Documents/GitHub/MoneroOne/build/SourcePackages/checkouts/swift-crypto/Sources/CCryptoBoringSSL/crypto/rand_extra/deterministic.c -o /Users/j/Documents/GitHub/MoneroOne/build/Build/Intermediates.noindex/swift-crypto.build/Debug-iphonesimulator/CCryptoBoringSSL.build/Objects-normal/arm64/deterministic.o -index-unit-output-path /swift-crypto.build/Debug-iphonesimulator/CCryptoBoringSSL.build/Objects-normal/arm64/deterministic.o

CompileC /Users/j/Documents/GitHub/MoneroOne/build/Build/Intermediates.noindex/swift-crypto.build/Debug-iphonesimulator/CCryptoBoringSSL.build/Objects-normal/arm64/des.o /Users/j/Documents/GitHub/MoneroOne/build/SourcePackages/checkouts/swift-crypto/Sources/CCryptoBoringSSL/crypto/des/des.c normal arm64 c com.apple.compilers.llvm.clang.1_0.compiler (in target 'CCryptoBoringSSL' from project 'swift-crypto')
    cd /Users/j/Documents/GitHub/MoneroOne/MoneroOne.xcodeproj
    
    Using response file: /Users/j/Documents/GitHub/MoneroOne/build/Build/Intermediates.noindex/swift-crypto.build/Debug-iphonesimulator/CCryptoBoringSSL.build/Objects-normal/arm64/7187679823f38a2a940e0043cdf9d637-common-args.resp
    
    /Applications/Xcode.app/Contents/Developer/Toolchains/XcodeDefault.xctoolchain/usr/bin/clang -x c -ivfsstatcache /Users/j/Documents/GitHub/MoneroOne/build/SDKStatCaches.noindex/iphonesimulator26.1-23B77-90cf18a4295e390e64c810bc6bd7acbc.sdkstatcache -fmessage-length\=0 -fdiagnostics-show-note-include-stack -fmacro-backtrace-limit\=0 -fno-color-diagnostics -fmodules-prune-interval\=86400 -fmodules-prune-after\=345600 -fbuild-session-file\=/Users/j/Documents/GitHub/MoneroOne/build/ModuleCache.noindex/Session.modulevalidation -fmodules-validate-once-per-build-session -Wnon-modular-include-in-framework-module -Werror\=non-modular-include-in-framework-module -Wno-trigraphs -Wno-missing-field-initializers -Wno-missing-prototypes -Wno-return-type -Wno-missing-braces -Wparentheses -Wswitch -Wno-unused-function -Wno-unused-label -Wno-unused-parameter -Wno-unused-variable -Wunused-value -Wno-empty-body -Wno-uninitialized -Wno-unknown-pragmas -w -Wno-shadow -Wno-four-char-constants -Wno-conversion -Wno-constant-conversion -Wno-int-conversion -Wno-bool-conversion -Wno-enum-conversion -Wno-float-conversion -Wno-non-literal-null-conversion -Wno-objc-literal-conversion -Wshorten-64-to-32 -Wpointer-sign -Wno-newline-eof -Wno-implicit-fallthrough -fstrict-aliasing -Wdeprecated-declarations -Wno-sign-conversion -Wno-infinite-recursion -Wno-comma -Wno-block-capture-autoreleasing -Wno-strict-prototypes -Wno-semicolon-before-method-body -index-store-path /Users/j/Documents/GitHub/MoneroOne/build/Index.noindex/DataStore @/Users/j/Documents/GitHub/MoneroOne/build/Build/Intermediates.noindex/swift-crypto.build/Debug-iphonesimulator/CCryptoBoringSSL.build/Objects-normal/arm64/7187679823f38a2a940e0043cdf9d637-common-args.resp -MMD -MT dependencies -MF /Users/j/Documents/GitHub/MoneroOne/build/Build/Intermediates.noindex/swift-crypto.build/Debug-iphonesimulator/CCryptoBoringSSL.build/Objects-normal/arm64/des.d --serialize-diagnostics /Users/j/Documents/GitHub/MoneroOne/build/Build/Intermediates.noindex/swift-crypto.build/Debug-iphonesimulator/CCryptoBoringSSL.build/Objects-normal/arm64/des.dia -c /Users/j/Documents/GitHub/MoneroOne/build/SourcePackages/checkouts/swift-crypto/Sources/CCryptoBoringSSL/crypto/des/des.c -o /Users/j/Documents/GitHub/MoneroOne/build/Build/Intermediates.noindex/swift-crypto.build/Debug-iphonesimulator/CCryptoBoringSSL.build/Objects-normal/arm64/des.o -index-unit-output-path /swift-crypto.build/Debug-iphonesimulator/CCryptoBoringSSL.build/Objects-normal/arm64/des.o

CompileC /Users/j/Documents/GitHub/MoneroOne/build/Build/Intermediates.noindex/swift-crypto.build/Debug-iphonesimulator/CCryptoBoringSSL.build/Objects-normal/arm64/derive_key.o /Users/j/Documents/GitHub/MoneroOne/build/SourcePackages/checkouts/swift-crypto/Sources/CCryptoBoringSSL/crypto/cipher_extra/derive_key.c normal arm64 c com.apple.compilers.llvm.clang.1_0.compiler (in target 'CCryptoBoringSSL' from project 'swift-crypto')
    cd /Users/j/Documents/GitHub/MoneroOne/MoneroOne.xcodeproj
    
    Using response file: /Users/j/Documents/GitHub/MoneroOne/build/Build/Intermediates.noindex/swift-crypto.build/Debug-iphonesimulator/CCryptoBoringSSL.build/Objects-normal/arm64/7187679823f38a2a940e0043cdf9d637-common-args.resp
    
    /Applications/Xcode.app/Contents/Developer/Toolchains/XcodeDefault.xctoolchain/usr/bin/clang -x c -ivfsstatcache /Users/j/Documents/GitHub/MoneroOne/build/SDKStatCaches.noindex/iphonesimulator26.1-23B77-90cf18a4295e390e64c810bc6bd7acbc.sdkstatcache -fmessage-length\=0 -fdiagnostics-show-note-include-stack -fmacro-backtrace-limit\=0 -fno-color-diagnostics -fmodules-prune-interval\=86400 -fmodules-prune-after\=345600 -fbuild-session-file\=/Users/j/Documents/GitHub/MoneroOne/build/ModuleCache.noindex/Session.modulevalidation -fmodules-validate-once-per-build-session -Wnon-modular-include-in-framework-module -Werror\=non-modular-include-in-framework-module -Wno-trigraphs -Wno-missing-field-initializers -Wno-missing-prototypes -Wno-return-type -Wno-missing-braces -Wparentheses -Wswitch -Wno-unused-function -Wno-unused-label -Wno-unused-parameter -Wno-unused-variable -Wunused-value -Wno-empty-body -Wno-uninitialized -Wno-unknown-pragmas -w -Wno-shadow -Wno-four-char-constants -Wno-conversion -Wno-constant-conversion -Wno-int-conversion -Wno-bool-conversion -Wno-enum-conversion -Wno-float-conversion -Wno-non-literal-null-conversion -Wno-objc-literal-conversion -Wshorten-64-to-32 -Wpointer-sign -Wno-newline-eof -Wno-implicit-fallthrough -fstrict-aliasing -Wdeprecated-declarations -Wno-sign-conversion -Wno-infinite-recursion -Wno-comma -Wno-block-capture-autoreleasing -Wno-strict-prototypes -Wno-semicolon-before-method-body -index-store-path /Users/j/Documents/GitHub/MoneroOne/build/Index.noindex/DataStore @/Users/j/Documents/GitHub/MoneroOne/build/Build/Intermediates.noindex/swift-crypto.build/Debug-iphonesimulator/CCryptoBoringSSL.build/Objects-normal/arm64/7187679823f38a2a940e0043cdf9d637-common-args.resp -MMD -MT dependencies -MF /Users/j/Documents/GitHub/MoneroOne/build/Build/Intermediates.noindex/swift-crypto.build/Debug-iphonesimulator/CCryptoBoringSSL.build/Objects-normal/arm64/derive_key.d --serialize-diagnostics /Users/j/Documents/GitHub/MoneroOne/build/Build/Intermediates.noindex/swift-crypto.build/Debug-iphonesimulator/CCryptoBoringSSL.build/Objects-normal/arm64/derive_key.dia -c /Users/j/Documents/GitHub/MoneroOne/build/SourcePackages/checkouts/swift-crypto/Sources/CCryptoBoringSSL/crypto/cipher_extra/derive_key.c -o /Users/j/Documents/GitHub/MoneroOne/build/Build/Intermediates.noindex/swift-crypto.build/Debug-iphonesimulator/CCryptoBoringSSL.build/Objects-normal/arm64/derive_key.o -index-unit-output-path /swift-crypto.build/Debug-iphonesimulator/CCryptoBoringSSL.build/Objects-normal/arm64/derive_key.o

CompileC /Users/j/Documents/GitHub/MoneroOne/build/Build/Intermediates.noindex/swift-crypto.build/Debug-iphonesimulator/CCryptoBoringSSL.build/Objects-normal/arm64/curve25519_64_adx.o /Users/j/Documents/GitHub/MoneroOne/build/SourcePackages/checkouts/swift-crypto/Sources/CCryptoBoringSSL/crypto/curve25519/curve25519_64_adx.c normal arm64 c com.apple.compilers.llvm.clang.1_0.compiler (in target 'CCryptoBoringSSL' from project 'swift-crypto')
    cd /Users/j/Documents/GitHub/MoneroOne/MoneroOne.xcodeproj
    
    Using response file: /Users/j/Documents/GitHub/MoneroOne/build/Build/Intermediates.noindex/swift-crypto.build/Debug-iphonesimulator/CCryptoBoringSSL.build/Objects-normal/arm64/7187679823f38a2a940e0043cdf9d637-common-args.resp
    
    /Applications/Xcode.app/Contents/Developer/Toolchains/XcodeDefault.xctoolchain/usr/bin/clang -x c -ivfsstatcache /Users/j/Documents/GitHub/MoneroOne/build/SDKStatCaches.noindex/iphonesimulator26.1-23B77-90cf18a4295e390e64c810bc6bd7acbc.sdkstatcache -fmessage-length\=0 -fdiagnostics-show-note-include-stack -fmacro-backtrace-limit\=0 -fno-color-diagnostics -fmodules-prune-interval\=86400 -fmodules-prune-after\=345600 -fbuild-session-file\=/Users/j/Documents/GitHub/MoneroOne/build/ModuleCache.noindex/Session.modulevalidation -fmodules-validate-once-per-build-session -Wnon-modular-include-in-framework-module -Werror\=non-modular-include-in-framework-module -Wno-trigraphs -Wno-missing-field-initializers -Wno-missing-prototypes -Wno-return-type -Wno-missing-braces -Wparentheses -Wswitch -Wno-unused-function -Wno-unused-label -Wno-unused-parameter -Wno-unused-variable -Wunused-value -Wno-empty-body -Wno-uninitialized -Wno-unknown-pragmas -w -Wno-shadow -Wno-four-char-constants -Wno-conversion -Wno-constant-conversion -Wno-int-conversion -Wno-bool-conversion -Wno-enum-conversion -Wno-float-conversion -Wno-non-literal-null-conversion -Wno-objc-literal-conversion -Wshorten-64-to-32 -Wpointer-sign -Wno-newline-eof -Wno-implicit-fallthrough -fstrict-aliasing -Wdeprecated-declarations -Wno-sign-conversion -Wno-infinite-recursion -Wno-comma -Wno-block-capture-autoreleasing -Wno-strict-prototypes -Wno-semicolon-before-method-body -index-store-path /Users/j/Documents/GitHub/MoneroOne/build/Index.noindex/DataStore @/Users/j/Documents/GitHub/MoneroOne/build/Build/Intermediates.noindex/swift-crypto.build/Debug-iphonesimulator/CCryptoBoringSSL.build/Objects-normal/arm64/7187679823f38a2a940e0043cdf9d637-common-args.resp -MMD -MT dependencies -MF /Users/j/Documents/GitHub/MoneroOne/build/Build/Intermediates.noindex/swift-crypto.build/Debug-iphonesimulator/CCryptoBoringSSL.build/Objects-normal/arm64/curve25519_64_adx.d --serialize-diagnostics /Users/j/Documents/GitHub/MoneroOne/build/Build/Intermediates.noindex/swift-crypto.build/Debug-iphonesimulator/CCryptoBoringSSL.build/Objects-normal/arm64/curve25519_64_adx.dia -c /Users/j/Documents/GitHub/MoneroOne/build/SourcePackages/checkouts/swift-crypto/Sources/CCryptoBoringSSL/crypto/curve25519/curve25519_64_adx.c -o /Users/j/Documents/GitHub/MoneroOne/build/Build/Intermediates.noindex/swift-crypto.build/Debug-iphonesimulator/CCryptoBoringSSL.build/Objects-normal/arm64/curve25519_64_adx.o -index-unit-output-path /swift-crypto.build/Debug-iphonesimulator/CCryptoBoringSSL.build/Objects-normal/arm64/curve25519_64_adx.o

CompileC /Users/j/Documents/GitHub/MoneroOne/build/Build/Intermediates.noindex/swift-crypto.build/Debug-iphonesimulator/CCryptoBoringSSL.build/Objects-normal/arm64/ctx.o /Users/j/Documents/GitHub/MoneroOne/build/SourcePackages/checkouts/swift-crypto/Sources/CCryptoBoringSSL/crypto/fipsmodule/bn/ctx.c normal arm64 c com.apple.compilers.llvm.clang.1_0.compiler (in target 'CCryptoBoringSSL' from project 'swift-crypto')
    cd /Users/j/Documents/GitHub/MoneroOne/MoneroOne.xcodeproj
    
    Using response file: /Users/j/Documents/GitHub/MoneroOne/build/Build/Intermediates.noindex/swift-crypto.build/Debug-iphonesimulator/CCryptoBoringSSL.build/Objects-normal/arm64/7187679823f38a2a940e0043cdf9d637-common-args.resp
    
    /Applications/Xcode.app/Contents/Developer/Toolchains/XcodeDefault.xctoolchain/usr/bin/clang -x c -ivfsstatcache /Users/j/Documents/GitHub/MoneroOne/build/SDKStatCaches.noindex/iphonesimulator26.1-23B77-90cf18a4295e390e64c810bc6bd7acbc.sdkstatcache -fmessage-length\=0 -fdiagnostics-show-note-include-stack -fmacro-backtrace-limit\=0 -fno-color-diagnostics -fmodules-prune-interval\=86400 -fmodules-prune-after\=345600 -fbuild-session-file\=/Users/j/Documents/GitHub/MoneroOne/build/ModuleCache.noindex/Session.modulevalidation -fmodules-validate-once-per-build-session -Wnon-modular-include-in-framework-module -Werror\=non-modular-include-in-framework-module -Wno-trigraphs -Wno-missing-field-initializers -Wno-missing-prototypes -Wno-return-type -Wno-missing-braces -Wparentheses -Wswitch -Wno-unused-function -Wno-unused-label -Wno-unused-parameter -Wno-unused-variable -Wunused-value -Wno-empty-body -Wno-uninitialized -Wno-unknown-pragmas -w -Wno-shadow -Wno-four-char-constants -Wno-conversion -Wno-constant-conversion -Wno-int-conversion -Wno-bool-conversion -Wno-enum-conversion -Wno-float-conversion -Wno-non-literal-null-conversion -Wno-objc-literal-conversion -Wshorten-64-to-32 -Wpointer-sign -Wno-newline-eof -Wno-implicit-fallthrough -fstrict-aliasing -Wdeprecated-declarations -Wno-sign-conversion -Wno-infinite-recursion -Wno-comma -Wno-block-capture-autoreleasing -Wno-strict-prototypes -Wno-semicolon-before-method-body -index-store-path /Users/j/Documents/GitHub/MoneroOne/build/Index.noindex/DataStore @/Users/j/Documents/GitHub/MoneroOne/build/Build/Intermediates.noindex/swift-crypto.build/Debug-iphonesimulator/CCryptoBoringSSL.build/Objects-normal/arm64/7187679823f38a2a940e0043cdf9d637-common-args.resp -MMD -MT dependencies -MF /Users/j/Documents/GitHub/MoneroOne/build/Build/Intermediates.noindex/swift-crypto.build/Debug-iphonesimulator/CCryptoBoringSSL.build/Objects-normal/arm64/ctx.d --serialize-diagnostics /Users/j/Documents/GitHub/MoneroOne/build/Build/Intermediates.noindex/swift-crypto.build/Debug-iphonesimulator/CCryptoBoringSSL.build/Objects-normal/arm64/ctx.dia -c /Users/j/Documents/GitHub/MoneroOne/build/SourcePackages/checkouts/swift-crypto/Sources/CCryptoBoringSSL/crypto/fipsmodule/bn/ctx.c -o /Users/j/Documents/GitHub/MoneroOne/build/Build/Intermediates.noindex/swift-crypto.build/Debug-iphonesimulator/CCryptoBoringSSL.build/Objects-normal/arm64/ctx.o -index-unit-output-path /swift-crypto.build/Debug-iphonesimulator/CCryptoBoringSSL.build/Objects-normal/arm64/ctx.o

CompileC /Users/j/Documents/GitHub/MoneroOne/build/Build/Intermediates.noindex/swift-crypto.build/Debug-iphonesimulator/CCryptoBoringSSL.build/Objects-normal/arm64/ctrdrbg.o /Users/j/Documents/GitHub/MoneroOne/build/SourcePackages/checkouts/swift-crypto/Sources/CCryptoBoringSSL/crypto/fipsmodule/rand/ctrdrbg.c normal arm64 c com.apple.compilers.llvm.clang.1_0.compiler (in target 'CCryptoBoringSSL' from project 'swift-crypto')
    cd /Users/j/Documents/GitHub/MoneroOne/MoneroOne.xcodeproj
    
    Using response file: /Users/j/Documents/GitHub/MoneroOne/build/Build/Intermediates.noindex/swift-crypto.build/Debug-iphonesimulator/CCryptoBoringSSL.build/Objects-normal/arm64/7187679823f38a2a940e0043cdf9d637-common-args.resp
    
    /Applications/Xcode.app/Contents/Developer/Toolchains/XcodeDefault.xctoolchain/usr/bin/clang -x c -ivfsstatcache /Users/j/Documents/GitHub/MoneroOne/build/SDKStatCaches.noindex/iphonesimulator26.1-23B77-90cf18a4295e390e64c810bc6bd7acbc.sdkstatcache -fmessage-length\=0 -fdiagnostics-show-note-include-stack -fmacro-backtrace-limit\=0 -fno-color-diagnostics -fmodules-prune-interval\=86400 -fmodules-prune-after\=345600 -fbuild-session-file\=/Users/j/Documents/GitHub/MoneroOne/build/ModuleCache.noindex/Session.modulevalidation -fmodules-validate-once-per-build-session -Wnon-modular-include-in-framework-module -Werror\=non-modular-include-in-framework-module -Wno-trigraphs -Wno-missing-field-initializers -Wno-missing-prototypes -Wno-return-type -Wno-missing-braces -Wparentheses -Wswitch -Wno-unused-function -Wno-unused-label -Wno-unused-parameter -Wno-unused-variable -Wunused-value -Wno-empty-body -Wno-uninitialized -Wno-unknown-pragmas -w -Wno-shadow -Wno-four-char-constants -Wno-conversion -Wno-constant-conversion -Wno-int-conversion -Wno-bool-conversion -Wno-enum-conversion -Wno-float-conversion -Wno-non-literal-null-conversion -Wno-objc-literal-conversion -Wshorten-64-to-32 -Wpointer-sign -Wno-newline-eof -Wno-implicit-fallthrough -fstrict-aliasing -Wdeprecated-declarations -Wno-sign-conversion -Wno-infinite-recursion -Wno-comma -Wno-block-capture-autoreleasing -Wno-strict-prototypes -Wno-semicolon-before-method-body -index-store-path /Users/j/Documents/GitHub/MoneroOne/build/Index.noindex/DataStore @/Users/j/Documents/GitHub/MoneroOne/build/Build/Intermediates.noindex/swift-crypto.build/Debug-iphonesimulator/CCryptoBoringSSL.build/Objects-normal/arm64/7187679823f38a2a940e0043cdf9d637-common-args.resp -MMD -MT dependencies -MF /Users/j/Documents/GitHub/MoneroOne/build/Build/Intermediates.noindex/swift-crypto.build/Debug-iphonesimulator/CCryptoBoringSSL.build/Objects-normal/arm64/ctrdrbg.d --serialize-diagnostics /Users/j/Documents/GitHub/MoneroOne/build/Build/Intermediates.noindex/swift-crypto.build/Debug-iphonesimulator/CCryptoBoringSSL.build/Objects-normal/arm64/ctrdrbg.dia -c /Users/j/Documents/GitHub/MoneroOne/build/SourcePackages/checkouts/swift-crypto/Sources/CCryptoBoringSSL/crypto/fipsmodule/rand/ctrdrbg.c -o /Users/j/Documents/GitHub/MoneroOne/build/Build/Intermediates.noindex/swift-crypto.build/Debug-iphonesimulator/CCryptoBoringSSL.build/Objects-normal/arm64/ctrdrbg.o -index-unit-output-path /swift-crypto.build/Debug-iphonesimulator/CCryptoBoringSSL.build/Objects-normal/arm64/ctrdrbg.o

CompileC /Users/j/Documents/GitHub/MoneroOne/build/Build/Intermediates.noindex/swift-crypto.build/Debug-iphonesimulator/CCryptoBoringSSL.build/Objects-normal/arm64/ctr.o /Users/j/Documents/GitHub/MoneroOne/build/SourcePackages/checkouts/swift-crypto/Sources/CCryptoBoringSSL/crypto/fipsmodule/modes/ctr.c normal arm64 c com.apple.compilers.llvm.clang.1_0.compiler (in target 'CCryptoBoringSSL' from project 'swift-crypto')
    cd /Users/j/Documents/GitHub/MoneroOne/MoneroOne.xcodeproj
    
    Using response file: /Users/j/Documents/GitHub/MoneroOne/build/Build/Intermediates.noindex/swift-crypto.build/Debug-iphonesimulator/CCryptoBoringSSL.build/Objects-normal/arm64/7187679823f38a2a940e0043cdf9d637-common-args.resp
    
    /Applications/Xcode.app/Contents/Developer/Toolchains/XcodeDefault.xctoolchain/usr/bin/clang -x c -ivfsstatcache /Users/j/Documents/GitHub/MoneroOne/build/SDKStatCaches.noindex/iphonesimulator26.1-23B77-90cf18a4295e390e64c810bc6bd7acbc.sdkstatcache -fmessage-length\=0 -fdiagnostics-show-note-include-stack -fmacro-backtrace-limit\=0 -fno-color-diagnostics -fmodules-prune-interval\=86400 -fmodules-prune-after\=345600 -fbuild-session-file\=/Users/j/Documents/GitHub/MoneroOne/build/ModuleCache.noindex/Session.modulevalidation -fmodules-validate-once-per-build-session -Wnon-modular-include-in-framework-module -Werror\=non-modular-include-in-framework-module -Wno-trigraphs -Wno-missing-field-initializers -Wno-missing-prototypes -Wno-return-type -Wno-missing-braces -Wparentheses -Wswitch -Wno-unused-function -Wno-unused-label -Wno-unused-parameter -Wno-unused-variable -Wunused-value -Wno-empty-body -Wno-uninitialized -Wno-unknown-pragmas -w -Wno-shadow -Wno-four-char-constants -Wno-conversion -Wno-constant-conversion -Wno-int-conversion -Wno-bool-conversion -Wno-enum-conversion -Wno-float-conversion -Wno-non-literal-null-conversion -Wno-objc-literal-conversion -Wshorten-64-to-32 -Wpointer-sign -Wno-newline-eof -Wno-implicit-fallthrough -fstrict-aliasing -Wdeprecated-declarations -Wno-sign-conversion -Wno-infinite-recursion -Wno-comma -Wno-block-capture-autoreleasing -Wno-strict-prototypes -Wno-semicolon-before-method-body -index-store-path /Users/j/Documents/GitHub/MoneroOne/build/Index.noindex/DataStore @/Users/j/Documents/GitHub/MoneroOne/build/Build/Intermediates.noindex/swift-crypto.build/Debug-iphonesimulator/CCryptoBoringSSL.build/Objects-normal/arm64/7187679823f38a2a940e0043cdf9d637-common-args.resp -MMD -MT dependencies -MF /Users/j/Documents/GitHub/MoneroOne/build/Build/Intermediates.noindex/swift-crypto.build/Debug-iphonesimulator/CCryptoBoringSSL.build/Objects-normal/arm64/ctr.d --serialize-diagnostics /Users/j/Documents/GitHub/MoneroOne/build/Build/Intermediates.noindex/swift-crypto.build/Debug-iphonesimulator/CCryptoBoringSSL.build/Objects-normal/arm64/ctr.dia -c /Users/j/Documents/GitHub/MoneroOne/build/SourcePackages/checkouts/swift-crypto/Sources/CCryptoBoringSSL/crypto/fipsmodule/modes/ctr.c -o /Users/j/Documents/GitHub/MoneroOne/build/Build/Intermediates.noindex/swift-crypto.build/Debug-iphonesimulator/CCryptoBoringSSL.build/Objects-normal/arm64/ctr.o -index-unit-output-path /swift-crypto.build/Debug-iphonesimulator/CCryptoBoringSSL.build/Objects-normal/arm64/ctr.o

CompileC /Users/j/Documents/GitHub/MoneroOne/build/Build/Intermediates.noindex/swift-crypto.build/Debug-iphonesimulator/CCryptoBoringSSL.build/Objects-normal/arm64/crypto.o /Users/j/Documents/GitHub/MoneroOne/build/SourcePackages/checkouts/swift-crypto/Sources/CCryptoBoringSSL/crypto/crypto.c normal arm64 c com.apple.compilers.llvm.clang.1_0.compiler (in target 'CCryptoBoringSSL' from project 'swift-crypto')
    cd /Users/j/Documents/GitHub/MoneroOne/MoneroOne.xcodeproj
    
    Using response file: /Users/j/Documents/GitHub/MoneroOne/build/Build/Intermediates.noindex/swift-crypto.build/Debug-iphonesimulator/CCryptoBoringSSL.build/Objects-normal/arm64/7187679823f38a2a940e0043cdf9d637-common-args.resp
    
    /Applications/Xcode.app/Contents/Developer/Toolchains/XcodeDefault.xctoolchain/usr/bin/clang -x c -ivfsstatcache /Users/j/Documents/GitHub/MoneroOne/build/SDKStatCaches.noindex/iphonesimulator26.1-23B77-90cf18a4295e390e64c810bc6bd7acbc.sdkstatcache -fmessage-length\=0 -fdiagnostics-show-note-include-stack -fmacro-backtrace-limit\=0 -fno-color-diagnostics -fmodules-prune-interval\=86400 -fmodules-prune-after\=345600 -fbuild-session-file\=/Users/j/Documents/GitHub/MoneroOne/build/ModuleCache.noindex/Session.modulevalidation -fmodules-validate-once-per-build-session -Wnon-modular-include-in-framework-module -Werror\=non-modular-include-in-framework-module -Wno-trigraphs -Wno-missing-field-initializers -Wno-missing-prototypes -Wno-return-type -Wno-missing-braces -Wparentheses -Wswitch -Wno-unused-function -Wno-unused-label -Wno-unused-parameter -Wno-unused-variable -Wunused-value -Wno-empty-body -Wno-uninitialized -Wno-unknown-pragmas -w -Wno-shadow -Wno-four-char-constants -Wno-conversion -Wno-constant-conversion -Wno-int-conversion -Wno-bool-conversion -Wno-enum-conversion -Wno-float-conversion -Wno-non-literal-null-conversion -Wno-objc-literal-conversion -Wshorten-64-to-32 -Wpointer-sign -Wno-newline-eof -Wno-implicit-fallthrough -fstrict-aliasing -Wdeprecated-declarations -Wno-sign-conversion -Wno-infinite-recursion -Wno-comma -Wno-block-capture-autoreleasing -Wno-strict-prototypes -Wno-semicolon-before-method-body -index-store-path /Users/j/Documents/GitHub/MoneroOne/build/Index.noindex/DataStore @/Users/j/Documents/GitHub/MoneroOne/build/Build/Intermediates.noindex/swift-crypto.build/Debug-iphonesimulator/CCryptoBoringSSL.build/Objects-normal/arm64/7187679823f38a2a940e0043cdf9d637-common-args.resp -MMD -MT dependencies -MF /Users/j/Documents/GitHub/MoneroOne/build/Build/Intermediates.noindex/swift-crypto.build/Debug-iphonesimulator/CCryptoBoringSSL.build/Objects-normal/arm64/crypto.d --serialize-diagnostics /Users/j/Documents/GitHub/MoneroOne/build/Build/Intermediates.noindex/swift-crypto.build/Debug-iphonesimulator/CCryptoBoringSSL.build/Objects-normal/arm64/crypto.dia -c /Users/j/Documents/GitHub/MoneroOne/build/SourcePackages/checkouts/swift-crypto/Sources/CCryptoBoringSSL/crypto/crypto.c -o /Users/j/Documents/GitHub/MoneroOne/build/Build/Intermediates.noindex/swift-crypto.build/Debug-iphonesimulator/CCryptoBoringSSL.build/Objects-normal/arm64/crypto.o -index-unit-output-path /swift-crypto.build/Debug-iphonesimulator/CCryptoBoringSSL.build/Objects-normal/arm64/crypto.o

CompileC /Users/j/Documents/GitHub/MoneroOne/build/Build/Intermediates.noindex/swift-crypto.build/Debug-iphonesimulator/CCryptoBoringSSL.build/Objects-normal/arm64/curve25519.o /Users/j/Documents/GitHub/MoneroOne/build/SourcePackages/checkouts/swift-crypto/Sources/CCryptoBoringSSL/crypto/curve25519/curve25519.c normal arm64 c com.apple.compilers.llvm.clang.1_0.compiler (in target 'CCryptoBoringSSL' from project 'swift-crypto')
    cd /Users/j/Documents/GitHub/MoneroOne/MoneroOne.xcodeproj
    
    Using response file: /Users/j/Documents/GitHub/MoneroOne/build/Build/Intermediates.noindex/swift-crypto.build/Debug-iphonesimulator/CCryptoBoringSSL.build/Objects-normal/arm64/7187679823f38a2a940e0043cdf9d637-common-args.resp
    
    /Applications/Xcode.app/Contents/Developer/Toolchains/XcodeDefault.xctoolchain/usr/bin/clang -x c -ivfsstatcache /Users/j/Documents/GitHub/MoneroOne/build/SDKStatCaches.noindex/iphonesimulator26.1-23B77-90cf18a4295e390e64c810bc6bd7acbc.sdkstatcache -fmessage-length\=0 -fdiagnostics-show-note-include-stack -fmacro-backtrace-limit\=0 -fno-color-diagnostics -fmodules-prune-interval\=86400 -fmodules-prune-after\=345600 -fbuild-session-file\=/Users/j/Documents/GitHub/MoneroOne/build/ModuleCache.noindex/Session.modulevalidation -fmodules-validate-once-per-build-session -Wnon-modular-include-in-framework-module -Werror\=non-modular-include-in-framework-module -Wno-trigraphs -Wno-missing-field-initializers -Wno-missing-prototypes -Wno-return-type -Wno-missing-braces -Wparentheses -Wswitch -Wno-unused-function -Wno-unused-label -Wno-unused-parameter -Wno-unused-variable -Wunused-value -Wno-empty-body -Wno-uninitialized -Wno-unknown-pragmas -w -Wno-shadow -Wno-four-char-constants -Wno-conversion -Wno-constant-conversion -Wno-int-conversion -Wno-bool-conversion -Wno-enum-conversion -Wno-float-conversion -Wno-non-literal-null-conversion -Wno-objc-literal-conversion -Wshorten-64-to-32 -Wpointer-sign -Wno-newline-eof -Wno-implicit-fallthrough -fstrict-aliasing -Wdeprecated-declarations -Wno-sign-conversion -Wno-infinite-recursion -Wno-comma -Wno-block-capture-autoreleasing -Wno-strict-prototypes -Wno-semicolon-before-method-body -index-store-path /Users/j/Documents/GitHub/MoneroOne/build/Index.noindex/DataStore @/Users/j/Documents/GitHub/MoneroOne/build/Build/Intermediates.noindex/swift-crypto.build/Debug-iphonesimulator/CCryptoBoringSSL.build/Objects-normal/arm64/7187679823f38a2a940e0043cdf9d637-common-args.resp -MMD -MT dependencies -MF /Users/j/Documents/GitHub/MoneroOne/build/Build/Intermediates.noindex/swift-crypto.build/Debug-iphonesimulator/CCryptoBoringSSL.build/Objects-normal/arm64/curve25519.d --serialize-diagnostics /Users/j/Documents/GitHub/MoneroOne/build/Build/Intermediates.noindex/swift-crypto.build/Debug-iphonesimulator/CCryptoBoringSSL.build/Objects-normal/arm64/curve25519.dia -c /Users/j/Documents/GitHub/MoneroOne/build/SourcePackages/checkouts/swift-crypto/Sources/CCryptoBoringSSL/crypto/curve25519/curve25519.c -o /Users/j/Documents/GitHub/MoneroOne/build/Build/Intermediates.noindex/swift-crypto.build/Debug-iphonesimulator/CCryptoBoringSSL.build/Objects-normal/arm64/curve25519.o -index-unit-output-path /swift-crypto.build/Debug-iphonesimulator/CCryptoBoringSSL.build/Objects-normal/arm64/curve25519.o

CompileC /Users/j/Documents/GitHub/MoneroOne/build/Build/Intermediates.noindex/swift-crypto.build/Debug-iphonesimulator/CCryptoBoringSSL.build/Objects-normal/arm64/cpu_intel.o /Users/j/Documents/GitHub/MoneroOne/build/SourcePackages/checkouts/swift-crypto/Sources/CCryptoBoringSSL/crypto/cpu_intel.c normal arm64 c com.apple.compilers.llvm.clang.1_0.compiler (in target 'CCryptoBoringSSL' from project 'swift-crypto')
    cd /Users/j/Documents/GitHub/MoneroOne/MoneroOne.xcodeproj
    
    Using response file: /Users/j/Documents/GitHub/MoneroOne/build/Build/Intermediates.noindex/swift-crypto.build/Debug-iphonesimulator/CCryptoBoringSSL.build/Objects-normal/arm64/7187679823f38a2a940e0043cdf9d637-common-args.resp
    
    /Applications/Xcode.app/Contents/Developer/Toolchains/XcodeDefault.xctoolchain/usr/bin/clang -x c -ivfsstatcache /Users/j/Documents/GitHub/MoneroOne/build/SDKStatCaches.noindex/iphonesimulator26.1-23B77-90cf18a4295e390e64c810bc6bd7acbc.sdkstatcache -fmessage-length\=0 -fdiagnostics-show-note-include-stack -fmacro-backtrace-limit\=0 -fno-color-diagnostics -fmodules-prune-interval\=86400 -fmodules-prune-after\=345600 -fbuild-session-file\=/Users/j/Documents/GitHub/MoneroOne/build/ModuleCache.noindex/Session.modulevalidation -fmodules-validate-once-per-build-session -Wnon-modular-include-in-framework-module -Werror\=non-modular-include-in-framework-module -Wno-trigraphs -Wno-missing-field-initializers -Wno-missing-prototypes -Wno-return-type -Wno-missing-braces -Wparentheses -Wswitch -Wno-unused-function -Wno-unused-label -Wno-unused-parameter -Wno-unused-variable -Wunused-value -Wno-empty-body -Wno-uninitialized -Wno-unknown-pragmas -w -Wno-shadow -Wno-four-char-constants -Wno-conversion -Wno-constant-conversion -Wno-int-conversion -Wno-bool-conversion -Wno-enum-conversion -Wno-float-conversion -Wno-non-literal-null-conversion -Wno-objc-literal-conversion -Wshorten-64-to-32 -Wpointer-sign -Wno-newline-eof -Wno-implicit-fallthrough -fstrict-aliasing -Wdeprecated-declarations -Wno-sign-conversion -Wno-infinite-recursion -Wno-comma -Wno-block-capture-autoreleasing -Wno-strict-prototypes -Wno-semicolon-before-method-body -index-store-path /Users/j/Documents/GitHub/MoneroOne/build/Index.noindex/DataStore @/Users/j/Documents/GitHub/MoneroOne/build/Build/Intermediates.noindex/swift-crypto.build/Debug-iphonesimulator/CCryptoBoringSSL.build/Objects-normal/arm64/7187679823f38a2a940e0043cdf9d637-common-args.resp -MMD -MT dependencies -MF /Users/j/Documents/GitHub/MoneroOne/build/Build/Intermediates.noindex/swift-crypto.build/Debug-iphonesimulator/CCryptoBoringSSL.build/Objects-normal/arm64/cpu_intel.d --serialize-diagnostics /Users/j/Documents/GitHub/MoneroOne/build/Build/Intermediates.noindex/swift-crypto.build/Debug-iphonesimulator/CCryptoBoringSSL.build/Objects-normal/arm64/cpu_intel.dia -c /Users/j/Documents/GitHub/MoneroOne/build/SourcePackages/checkouts/swift-crypto/Sources/CCryptoBoringSSL/crypto/cpu_intel.c -o /Users/j/Documents/GitHub/MoneroOne/build/Build/Intermediates.noindex/swift-crypto.build/Debug-iphonesimulator/CCryptoBoringSSL.build/Objects-normal/arm64/cpu_intel.o -index-unit-output-path /swift-crypto.build/Debug-iphonesimulator/CCryptoBoringSSL.build/Objects-normal/arm64/cpu_intel.o

ScanDependencies /Users/j/Documents/GitHub/MoneroOne/build/Build/Intermediates.noindex/swift-crypto.build/Debug-iphonesimulator/CCryptoBoringSSL.build/Objects-normal/arm64/cpu_arm_linux.o /Users/j/Documents/GitHub/MoneroOne/build/SourcePackages/checkouts/swift-crypto/Sources/CCryptoBoringSSL/crypto/cpu_arm_linux.c normal arm64 c com.apple.compilers.llvm.clang.1_0.compiler (in target 'CCryptoBoringSSL' from project 'swift-crypto')
    cd /Users/j/Documents/GitHub/MoneroOne/MoneroOne.xcodeproj
    
    Using response file: /Users/j/Documents/GitHub/MoneroOne/build/Build/Intermediates.noindex/swift-crypto.build/Debug-iphonesimulator/CCryptoBoringSSL.build/Objects-normal/arm64/7187679823f38a2a940e0043cdf9d637-common-args.resp
    
    builtin-ScanDependencies -o /Users/j/Documents/GitHub/MoneroOne/build/Build/Intermediates.noindex/swift-crypto.build/Debug-iphonesimulator/CCryptoBoringSSL.build/Objects-normal/arm64/cpu_arm_linux.o.scan -- /Applications/Xcode.app/Contents/Developer/Toolchains/XcodeDefault.xctoolchain/usr/bin/clang -x c -ivfsstatcache /Users/j/Documents/GitHub/MoneroOne/build/SDKStatCaches.noindex/iphonesimulator26.1-23B77-90cf18a4295e390e64c810bc6bd7acbc.sdkstatcache -fmessage-length\=0 -fdiagnostics-show-note-include-stack -fmacro-backtrace-limit\=0 -fno-color-diagnostics -fmodules-prune-interval\=86400 -fmodules-prune-after\=345600 -fbuild-session-file\=/Users/j/Documents/GitHub/MoneroOne/build/ModuleCache.noindex/Session.modulevalidation -fmodules-validate-once-per-build-session -Wnon-modular-include-in-framework-module -Werror\=non-modular-include-in-framework-module -Wno-trigraphs -Wno-missing-field-initializers -Wno-missing-prototypes -Wno-return-type -Wno-missing-braces -Wparentheses -Wswitch -Wno-unused-function -Wno-unused-label -Wno-unused-parameter -Wno-unused-variable -Wunused-value -Wno-empty-body -Wno-uninitialized -Wno-unknown-pragmas -w -Wno-shadow -Wno-four-char-constants -Wno-conversion -Wno-constant-conversion -Wno-int-conversion -Wno-bool-conversion -Wno-enum-conversion -Wno-float-conversion -Wno-non-literal-null-conversion -Wno-objc-literal-conversion -Wshorten-64-to-32 -Wpointer-sign -Wno-newline-eof -Wno-implicit-fallthrough -fstrict-aliasing -Wdeprecated-declarations -Wno-sign-conversion -Wno-infinite-recursion -Wno-comma -Wno-block-capture-autoreleasing -Wno-strict-prototypes -Wno-semicolon-before-method-body -index-store-path /Users/j/Documents/GitHub/MoneroOne/build/Index.noindex/DataStore @/Users/j/Documents/GitHub/MoneroOne/build/Build/Intermediates.noindex/swift-crypto.build/Debug-iphonesimulator/CCryptoBoringSSL.build/Objects-normal/arm64/7187679823f38a2a940e0043cdf9d637-common-args.resp -MMD -MT dependencies -MF /Users/j/Documents/GitHub/MoneroOne/build/Build/Intermediates.noindex/swift-crypto.build/Debug-iphonesimulator/CCryptoBoringSSL.build/Objects-normal/arm64/cpu_arm_linux.d --serialize-diagnostics /Users/j/Documents/GitHub/MoneroOne/build/Build/Intermediates.noindex/swift-crypto.build/Debug-iphonesimulator/CCryptoBoringSSL.build/Objects-normal/arm64/cpu_arm_linux.dia -c /Users/j/Documents/GitHub/MoneroOne/build/SourcePackages/checkouts/swift-crypto/Sources/CCryptoBoringSSL/crypto/cpu_arm_linux.c -o /Users/j/Documents/GitHub/MoneroOne/build/Build/Intermediates.noindex/swift-crypto.build/Debug-iphonesimulator/CCryptoBoringSSL.build/Objects-normal/arm64/cpu_arm_linux.o -index-unit-output-path /swift-crypto.build/Debug-iphonesimulator/CCryptoBoringSSL.build/Objects-normal/arm64/cpu_arm_linux.o

ScanDependencies /Users/j/Documents/GitHub/MoneroOne/build/Build/Intermediates.noindex/swift-crypto.build/Debug-iphonesimulator/CCryptoBoringSSL.build/Objects-normal/arm64/cpu_arm_freebsd.o /Users/j/Documents/GitHub/MoneroOne/build/SourcePackages/checkouts/swift-crypto/Sources/CCryptoBoringSSL/crypto/cpu_arm_freebsd.c normal arm64 c com.apple.compilers.llvm.clang.1_0.compiler (in target 'CCryptoBoringSSL' from project 'swift-crypto')
    cd /Users/j/Documents/GitHub/MoneroOne/MoneroOne.xcodeproj
    
    Using response file: /Users/j/Documents/GitHub/MoneroOne/build/Build/Intermediates.noindex/swift-crypto.build/Debug-iphonesimulator/CCryptoBoringSSL.build/Objects-normal/arm64/7187679823f38a2a940e0043cdf9d637-common-args.resp
    
    builtin-ScanDependencies -o /Users/j/Documents/GitHub/MoneroOne/build/Build/Intermediates.noindex/swift-crypto.build/Debug-iphonesimulator/CCryptoBoringSSL.build/Objects-normal/arm64/cpu_arm_freebsd.o.scan -- /Applications/Xcode.app/Contents/Developer/Toolchains/XcodeDefault.xctoolchain/usr/bin/clang -x c -ivfsstatcache /Users/j/Documents/GitHub/MoneroOne/build/SDKStatCaches.noindex/iphonesimulator26.1-23B77-90cf18a4295e390e64c810bc6bd7acbc.sdkstatcache -fmessage-length\=0 -fdiagnostics-show-note-include-stack -fmacro-backtrace-limit\=0 -fno-color-diagnostics -fmodules-prune-interval\=86400 -fmodules-prune-after\=345600 -fbuild-session-file\=/Users/j/Documents/GitHub/MoneroOne/build/ModuleCache.noindex/Session.modulevalidation -fmodules-validate-once-per-build-session -Wnon-modular-include-in-framework-module -Werror\=non-modular-include-in-framework-module -Wno-trigraphs -Wno-missing-field-initializers -Wno-missing-prototypes -Wno-return-type -Wno-missing-braces -Wparentheses -Wswitch -Wno-unused-function -Wno-unused-label -Wno-unused-parameter -Wno-unused-variable -Wunused-value -Wno-empty-body -Wno-uninitialized -Wno-unknown-pragmas -w -Wno-shadow -Wno-four-char-constants -Wno-conversion -Wno-constant-conversion -Wno-int-conversion -Wno-bool-conversion -Wno-enum-conversion -Wno-float-conversion -Wno-non-literal-null-conversion -Wno-objc-literal-conversion -Wshorten-64-to-32 -Wpointer-sign -Wno-newline-eof -Wno-implicit-fallthrough -fstrict-aliasing -Wdeprecated-declarations -Wno-sign-conversion -Wno-infinite-recursion -Wno-comma -Wno-block-capture-autoreleasing -Wno-strict-prototypes -Wno-semicolon-before-method-body -index-store-path /Users/j/Documents/GitHub/MoneroOne/build/Index.noindex/DataStore @/Users/j/Documents/GitHub/MoneroOne/build/Build/Intermediates.noindex/swift-crypto.build/Debug-iphonesimulator/CCryptoBoringSSL.build/Objects-normal/arm64/7187679823f38a2a940e0043cdf9d637-common-args.resp -MMD -MT dependencies -MF /Users/j/Documents/GitHub/MoneroOne/build/Build/Intermediates.noindex/swift-crypto.build/Debug-iphonesimulator/CCryptoBoringSSL.build/Objects-normal/arm64/cpu_arm_freebsd.d --serialize-diagnostics /Users/j/Documents/GitHub/MoneroOne/build/Build/Intermediates.noindex/swift-crypto.build/Debug-iphonesimulator/CCryptoBoringSSL.build/Objects-normal/arm64/cpu_arm_freebsd.dia -c /Users/j/Documents/GitHub/MoneroOne/build/SourcePackages/checkouts/swift-crypto/Sources/CCryptoBoringSSL/crypto/cpu_arm_freebsd.c -o /Users/j/Documents/GitHub/MoneroOne/build/Build/Intermediates.noindex/swift-crypto.build/Debug-iphonesimulator/CCryptoBoringSSL.build/Objects-normal/arm64/cpu_arm_freebsd.o -index-unit-output-path /swift-crypto.build/Debug-iphonesimulator/CCryptoBoringSSL.build/Objects-normal/arm64/cpu_arm_freebsd.o

ScanDependencies /Users/j/Documents/GitHub/MoneroOne/build/Build/Intermediates.noindex/swift-crypto.build/Debug-iphonesimulator/CCryptoBoringSSL.build/Objects-normal/arm64/cpu_arm.o /Users/j/Documents/GitHub/MoneroOne/build/SourcePackages/checkouts/swift-crypto/Sources/CCryptoBoringSSL/crypto/cpu_arm.c normal arm64 c com.apple.compilers.llvm.clang.1_0.compiler (in target 'CCryptoBoringSSL' from project 'swift-crypto')
    cd /Users/j/Documents/GitHub/MoneroOne/MoneroOne.xcodeproj
    
    Using response file: /Users/j/Documents/GitHub/MoneroOne/build/Build/Intermediates.noindex/swift-crypto.build/Debug-iphonesimulator/CCryptoBoringSSL.build/Objects-normal/arm64/7187679823f38a2a940e0043cdf9d637-common-args.resp
    
    builtin-ScanDependencies -o /Users/j/Documents/GitHub/MoneroOne/build/Build/Intermediates.noindex/swift-crypto.build/Debug-iphonesimulator/CCryptoBoringSSL.build/Objects-normal/arm64/cpu_arm.o.scan -- /Applications/Xcode.app/Contents/Developer/Toolchains/XcodeDefault.xctoolchain/usr/bin/clang -x c -ivfsstatcache /Users/j/Documents/GitHub/MoneroOne/build/SDKStatCaches.noindex/iphonesimulator26.1-23B77-90cf18a4295e390e64c810bc6bd7acbc.sdkstatcache -fmessage-length\=0 -fdiagnostics-show-note-include-stack -fmacro-backtrace-limit\=0 -fno-color-diagnostics -fmodules-prune-interval\=86400 -fmodules-prune-after\=345600 -fbuild-session-file\=/Users/j/Documents/GitHub/MoneroOne/build/ModuleCache.noindex/Session.modulevalidation -fmodules-validate-once-per-build-session -Wnon-modular-include-in-framework-module -Werror\=non-modular-include-in-framework-module -Wno-trigraphs -Wno-missing-field-initializers -Wno-missing-prototypes -Wno-return-type -Wno-missing-braces -Wparentheses -Wswitch -Wno-unused-function -Wno-unused-label -Wno-unused-parameter -Wno-unused-variable -Wunused-value -Wno-empty-body -Wno-uninitialized -Wno-unknown-pragmas -w -Wno-shadow -Wno-four-char-constants -Wno-conversion -Wno-constant-conversion -Wno-int-conversion -Wno-bool-conversion -Wno-enum-conversion -Wno-float-conversion -Wno-non-literal-null-conversion -Wno-objc-literal-conversion -Wshorten-64-to-32 -Wpointer-sign -Wno-newline-eof -Wno-implicit-fallthrough -fstrict-aliasing -Wdeprecated-declarations -Wno-sign-conversion -Wno-infinite-recursion -Wno-comma -Wno-block-capture-autoreleasing -Wno-strict-prototypes -Wno-semicolon-before-method-body -index-store-path /Users/j/Documents/GitHub/MoneroOne/build/Index.noindex/DataStore @/Users/j/Documents/GitHub/MoneroOne/build/Build/Intermediates.noindex/swift-crypto.build/Debug-iphonesimulator/CCryptoBoringSSL.build/Objects-normal/arm64/7187679823f38a2a940e0043cdf9d637-common-args.resp -MMD -MT dependencies -MF /Users/j/Documents/GitHub/MoneroOne/build/Build/Intermediates.noindex/swift-crypto.build/Debug-iphonesimulator/CCryptoBoringSSL.build/Objects-normal/arm64/cpu_arm.d --serialize-diagnostics /Users/j/Documents/GitHub/MoneroOne/build/Build/Intermediates.noindex/swift-crypto.build/Debug-iphonesimulator/CCryptoBoringSSL.build/Objects-normal/arm64/cpu_arm.dia -c /Users/j/Documents/GitHub/MoneroOne/build/SourcePackages/checkouts/swift-crypto/Sources/CCryptoBoringSSL/crypto/cpu_arm.c -o /Users/j/Documents/GitHub/MoneroOne/build/Build/Intermediates.noindex/swift-crypto.build/Debug-iphonesimulator/CCryptoBoringSSL.build/Objects-normal/arm64/cpu_arm.o -index-unit-output-path /swift-crypto.build/Debug-iphonesimulator/CCryptoBoringSSL.build/Objects-normal/arm64/cpu_arm.o

ScanDependencies /Users/j/Documents/GitHub/MoneroOne/build/Build/Intermediates.noindex/swift-crypto.build/Debug-iphonesimulator/CCryptoBoringSSL.build/Objects-normal/arm64/cpu_aarch64_win.o /Users/j/Documents/GitHub/MoneroOne/build/SourcePackages/checkouts/swift-crypto/Sources/CCryptoBoringSSL/crypto/cpu_aarch64_win.c normal arm64 c com.apple.compilers.llvm.clang.1_0.compiler (in target 'CCryptoBoringSSL' from project 'swift-crypto')
    cd /Users/j/Documents/GitHub/MoneroOne/MoneroOne.xcodeproj
    
    Using response file: /Users/j/Documents/GitHub/MoneroOne/build/Build/Intermediates.noindex/swift-crypto.build/Debug-iphonesimulator/CCryptoBoringSSL.build/Objects-normal/arm64/7187679823f38a2a940e0043cdf9d637-common-args.resp
    
    builtin-ScanDependencies -o /Users/j/Documents/GitHub/MoneroOne/build/Build/Intermediates.noindex/swift-crypto.build/Debug-iphonesimulator/CCryptoBoringSSL.build/Objects-normal/arm64/cpu_aarch64_win.o.scan -- /Applications/Xcode.app/Contents/Developer/Toolchains/XcodeDefault.xctoolchain/usr/bin/clang -x c -ivfsstatcache /Users/j/Documents/GitHub/MoneroOne/build/SDKStatCaches.noindex/iphonesimulator26.1-23B77-90cf18a4295e390e64c810bc6bd7acbc.sdkstatcache -fmessage-length\=0 -fdiagnostics-show-note-include-stack -fmacro-backtrace-limit\=0 -fno-color-diagnostics -fmodules-prune-interval\=86400 -fmodules-prune-after\=345600 -fbuild-session-file\=/Users/j/Documents/GitHub/MoneroOne/build/ModuleCache.noindex/Session.modulevalidation -fmodules-validate-once-per-build-session -Wnon-modular-include-in-framework-module -Werror\=non-modular-include-in-framework-module -Wno-trigraphs -Wno-missing-field-initializers -Wno-missing-prototypes -Wno-return-type -Wno-missing-braces -Wparentheses -Wswitch -Wno-unused-function -Wno-unused-label -Wno-unused-parameter -Wno-unused-variable -Wunused-value -Wno-empty-body -Wno-uninitialized -Wno-unknown-pragmas -w -Wno-shadow -Wno-four-char-constants -Wno-conversion -Wno-constant-conversion -Wno-int-conversion -Wno-bool-conversion -Wno-enum-conversion -Wno-float-conversion -Wno-non-literal-null-conversion -Wno-objc-literal-conversion -Wshorten-64-to-32 -Wpointer-sign -Wno-newline-eof -Wno-implicit-fallthrough -fstrict-aliasing -Wdeprecated-declarations -Wno-sign-conversion -Wno-infinite-recursion -Wno-comma -Wno-block-capture-autoreleasing -Wno-strict-prototypes -Wno-semicolon-before-method-body -index-store-path /Users/j/Documents/GitHub/MoneroOne/build/Index.noindex/DataStore @/Users/j/Documents/GitHub/MoneroOne/build/Build/Intermediates.noindex/swift-crypto.build/Debug-iphonesimulator/CCryptoBoringSSL.build/Objects-normal/arm64/7187679823f38a2a940e0043cdf9d637-common-args.resp -MMD -MT dependencies -MF /Users/j/Documents/GitHub/MoneroOne/build/Build/Intermediates.noindex/swift-crypto.build/Debug-iphonesimulator/CCryptoBoringSSL.build/Objects-normal/arm64/cpu_aarch64_win.d --serialize-diagnostics /Users/j/Documents/GitHub/MoneroOne/build/Build/Intermediates.noindex/swift-crypto.build/Debug-iphonesimulator/CCryptoBoringSSL.build/Objects-normal/arm64/cpu_aarch64_win.dia -c /Users/j/Documents/GitHub/MoneroOne/build/SourcePackages/checkouts/swift-crypto/Sources/CCryptoBoringSSL/crypto/cpu_aarch64_win.c -o /Users/j/Documents/GitHub/MoneroOne/build/Build/Intermediates.noindex/swift-crypto.build/Debug-iphonesimulator/CCryptoBoringSSL.build/Objects-normal/arm64/cpu_aarch64_win.o -index-unit-output-path /swift-crypto.build/Debug-iphonesimulator/CCryptoBoringSSL.build/Objects-normal/arm64/cpu_aarch64_win.o

ScanDependencies /Users/j/Documents/GitHub/MoneroOne/build/Build/Intermediates.noindex/swift-crypto.build/Debug-iphonesimulator/CCryptoBoringSSL.build/Objects-normal/arm64/cpu_aarch64_sysreg.o /Users/j/Documents/GitHub/MoneroOne/build/SourcePackages/checkouts/swift-crypto/Sources/CCryptoBoringSSL/crypto/cpu_aarch64_sysreg.c normal arm64 c com.apple.compilers.llvm.clang.1_0.compiler (in target 'CCryptoBoringSSL' from project 'swift-crypto')
    cd /Users/j/Documents/GitHub/MoneroOne/MoneroOne.xcodeproj
    
    Using response file: /Users/j/Documents/GitHub/MoneroOne/build/Build/Intermediates.noindex/swift-crypto.build/Debug-iphonesimulator/CCryptoBoringSSL.build/Objects-normal/arm64/7187679823f38a2a940e0043cdf9d637-common-args.resp
    
    builtin-ScanDependencies -o /Users/j/Documents/GitHub/MoneroOne/build/Build/Intermediates.noindex/swift-crypto.build/Debug-iphonesimulator/CCryptoBoringSSL.build/Objects-normal/arm64/cpu_aarch64_sysreg.o.scan -- /Applications/Xcode.app/Contents/Developer/Toolchains/XcodeDefault.xctoolchain/usr/bin/clang -x c -ivfsstatcache /Users/j/Documents/GitHub/MoneroOne/build/SDKStatCaches.noindex/iphonesimulator26.1-23B77-90cf18a4295e390e64c810bc6bd7acbc.sdkstatcache -fmessage-length\=0 -fdiagnostics-show-note-include-stack -fmacro-backtrace-limit\=0 -fno-color-diagnostics -fmodules-prune-interval\=86400 -fmodules-prune-after\=345600 -fbuild-session-file\=/Users/j/Documents/GitHub/MoneroOne/build/ModuleCache.noindex/Session.modulevalidation -fmodules-validate-once-per-build-session -Wnon-modular-include-in-framework-module -Werror\=non-modular-include-in-framework-module -Wno-trigraphs -Wno-missing-field-initializers -Wno-missing-prototypes -Wno-return-type -Wno-missing-braces -Wparentheses -Wswitch -Wno-unused-function -Wno-unused-label -Wno-unused-parameter -Wno-unused-variable -Wunused-value -Wno-empty-body -Wno-uninitialized -Wno-unknown-pragmas -w -Wno-shadow -Wno-four-char-constants -Wno-conversion -Wno-constant-conversion -Wno-int-conversion -Wno-bool-conversion -Wno-enum-conversion -Wno-float-conversion -Wno-non-literal-null-conversion -Wno-objc-literal-conversion -Wshorten-64-to-32 -Wpointer-sign -Wno-newline-eof -Wno-implicit-fallthrough -fstrict-aliasing -Wdeprecated-declarations -Wno-sign-conversion -Wno-infinite-recursion -Wno-comma -Wno-block-capture-autoreleasing -Wno-strict-prototypes -Wno-semicolon-before-method-body -index-store-path /Users/j/Documents/GitHub/MoneroOne/build/Index.noindex/DataStore @/Users/j/Documents/GitHub/MoneroOne/build/Build/Intermediates.noindex/swift-crypto.build/Debug-iphonesimulator/CCryptoBoringSSL.build/Objects-normal/arm64/7187679823f38a2a940e0043cdf9d637-common-args.resp -MMD -MT dependencies -MF /Users/j/Documents/GitHub/MoneroOne/build/Build/Intermediates.noindex/swift-crypto.build/Debug-iphonesimulator/CCryptoBoringSSL.build/Objects-normal/arm64/cpu_aarch64_sysreg.d --serialize-diagnostics /Users/j/Documents/GitHub/MoneroOne/build/Build/Intermediates.noindex/swift-crypto.build/Debug-iphonesimulator/CCryptoBoringSSL.build/Objects-normal/arm64/cpu_aarch64_sysreg.dia -c /Users/j/Documents/GitHub/MoneroOne/build/SourcePackages/checkouts/swift-crypto/Sources/CCryptoBoringSSL/crypto/cpu_aarch64_sysreg.c -o /Users/j/Documents/GitHub/MoneroOne/build/Build/Intermediates.noindex/swift-crypto.build/Debug-iphonesimulator/CCryptoBoringSSL.build/Objects-normal/arm64/cpu_aarch64_sysreg.o -index-unit-output-path /swift-crypto.build/Debug-iphonesimulator/CCryptoBoringSSL.build/Objects-normal/arm64/cpu_aarch64_sysreg.o

CompileC /Users/j/Documents/GitHub/MoneroOne/build/Build/Intermediates.noindex/swift-crypto.build/Debug-iphonesimulator/CCryptoBoringSSL.build/Objects-normal/arm64/cpu_arm_linux.o /Users/j/Documents/GitHub/MoneroOne/build/SourcePackages/checkouts/swift-crypto/Sources/CCryptoBoringSSL/crypto/cpu_arm_linux.c normal arm64 c com.apple.compilers.llvm.clang.1_0.compiler (in target 'CCryptoBoringSSL' from project 'swift-crypto')
    cd /Users/j/Documents/GitHub/MoneroOne/MoneroOne.xcodeproj
    
    Using response file: /Users/j/Documents/GitHub/MoneroOne/build/Build/Intermediates.noindex/swift-crypto.build/Debug-iphonesimulator/CCryptoBoringSSL.build/Objects-normal/arm64/7187679823f38a2a940e0043cdf9d637-common-args.resp
    
    /Applications/Xcode.app/Contents/Developer/Toolchains/XcodeDefault.xctoolchain/usr/bin/clang -x c -ivfsstatcache /Users/j/Documents/GitHub/MoneroOne/build/SDKStatCaches.noindex/iphonesimulator26.1-23B77-90cf18a4295e390e64c810bc6bd7acbc.sdkstatcache -fmessage-length\=0 -fdiagnostics-show-note-include-stack -fmacro-backtrace-limit\=0 -fno-color-diagnostics -fmodules-prune-interval\=86400 -fmodules-prune-after\=345600 -fbuild-session-file\=/Users/j/Documents/GitHub/MoneroOne/build/ModuleCache.noindex/Session.modulevalidation -fmodules-validate-once-per-build-session -Wnon-modular-include-in-framework-module -Werror\=non-modular-include-in-framework-module -Wno-trigraphs -Wno-missing-field-initializers -Wno-missing-prototypes -Wno-return-type -Wno-missing-braces -Wparentheses -Wswitch -Wno-unused-function -Wno-unused-label -Wno-unused-parameter -Wno-unused-variable -Wunused-value -Wno-empty-body -Wno-uninitialized -Wno-unknown-pragmas -w -Wno-shadow -Wno-four-char-constants -Wno-conversion -Wno-constant-conversion -Wno-int-conversion -Wno-bool-conversion -Wno-enum-conversion -Wno-float-conversion -Wno-non-literal-null-conversion -Wno-objc-literal-conversion -Wshorten-64-to-32 -Wpointer-sign -Wno-newline-eof -Wno-implicit-fallthrough -fstrict-aliasing -Wdeprecated-declarations -Wno-sign-conversion -Wno-infinite-recursion -Wno-comma -Wno-block-capture-autoreleasing -Wno-strict-prototypes -Wno-semicolon-before-method-body -index-store-path /Users/j/Documents/GitHub/MoneroOne/build/Index.noindex/DataStore @/Users/j/Documents/GitHub/MoneroOne/build/Build/Intermediates.noindex/swift-crypto.build/Debug-iphonesimulator/CCryptoBoringSSL.build/Objects-normal/arm64/7187679823f38a2a940e0043cdf9d637-common-args.resp -MMD -MT dependencies -MF /Users/j/Documents/GitHub/MoneroOne/build/Build/Intermediates.noindex/swift-crypto.build/Debug-iphonesimulator/CCryptoBoringSSL.build/Objects-normal/arm64/cpu_arm_linux.d --serialize-diagnostics /Users/j/Documents/GitHub/MoneroOne/build/Build/Intermediates.noindex/swift-crypto.build/Debug-iphonesimulator/CCryptoBoringSSL.build/Objects-normal/arm64/cpu_arm_linux.dia -c /Users/j/Documents/GitHub/MoneroOne/build/SourcePackages/checkouts/swift-crypto/Sources/CCryptoBoringSSL/crypto/cpu_arm_linux.c -o /Users/j/Documents/GitHub/MoneroOne/build/Build/Intermediates.noindex/swift-crypto.build/Debug-iphonesimulator/CCryptoBoringSSL.build/Objects-normal/arm64/cpu_arm_linux.o -index-unit-output-path /swift-crypto.build/Debug-iphonesimulator/CCryptoBoringSSL.build/Objects-normal/arm64/cpu_arm_linux.o

ScanDependencies /Users/j/Documents/GitHub/MoneroOne/build/Build/Intermediates.noindex/swift-crypto.build/Debug-iphonesimulator/CCryptoBoringSSL.build/Objects-normal/arm64/cpu_aarch64_openbsd.o /Users/j/Documents/GitHub/MoneroOne/build/SourcePackages/checkouts/swift-crypto/Sources/CCryptoBoringSSL/crypto/cpu_aarch64_openbsd.c normal arm64 c com.apple.compilers.llvm.clang.1_0.compiler (in target 'CCryptoBoringSSL' from project 'swift-crypto')
    cd /Users/j/Documents/GitHub/MoneroOne/MoneroOne.xcodeproj
    
    Using response file: /Users/j/Documents/GitHub/MoneroOne/build/Build/Intermediates.noindex/swift-crypto.build/Debug-iphonesimulator/CCryptoBoringSSL.build/Objects-normal/arm64/7187679823f38a2a940e0043cdf9d637-common-args.resp
    
    builtin-ScanDependencies -o /Users/j/Documents/GitHub/MoneroOne/build/Build/Intermediates.noindex/swift-crypto.build/Debug-iphonesimulator/CCryptoBoringSSL.build/Objects-normal/arm64/cpu_aarch64_openbsd.o.scan -- /Applications/Xcode.app/Contents/Developer/Toolchains/XcodeDefault.xctoolchain/usr/bin/clang -x c -ivfsstatcache /Users/j/Documents/GitHub/MoneroOne/build/SDKStatCaches.noindex/iphonesimulator26.1-23B77-90cf18a4295e390e64c810bc6bd7acbc.sdkstatcache -fmessage-length\=0 -fdiagnostics-show-note-include-stack -fmacro-backtrace-limit\=0 -fno-color-diagnostics -fmodules-prune-interval\=86400 -fmodules-prune-after\=345600 -fbuild-session-file\=/Users/j/Documents/GitHub/MoneroOne/build/ModuleCache.noindex/Session.modulevalidation -fmodules-validate-once-per-build-session -Wnon-modular-include-in-framework-module -Werror\=non-modular-include-in-framework-module -Wno-trigraphs -Wno-missing-field-initializers -Wno-missing-prototypes -Wno-return-type -Wno-missing-braces -Wparentheses -Wswitch -Wno-unused-function -Wno-unused-label -Wno-unused-parameter -Wno-unused-variable -Wunused-value -Wno-empty-body -Wno-uninitialized -Wno-unknown-pragmas -w -Wno-shadow -Wno-four-char-constants -Wno-conversion -Wno-constant-conversion -Wno-int-conversion -Wno-bool-conversion -Wno-enum-conversion -Wno-float-conversion -Wno-non-literal-null-conversion -Wno-objc-literal-conversion -Wshorten-64-to-32 -Wpointer-sign -Wno-newline-eof -Wno-implicit-fallthrough -fstrict-aliasing -Wdeprecated-declarations -Wno-sign-conversion -Wno-infinite-recursion -Wno-comma -Wno-block-capture-autoreleasing -Wno-strict-prototypes -Wno-semicolon-before-method-body -index-store-path /Users/j/Documents/GitHub/MoneroOne/build/Index.noindex/DataStore @/Users/j/Documents/GitHub/MoneroOne/build/Build/Intermediates.noindex/swift-crypto.build/Debug-iphonesimulator/CCryptoBoringSSL.build/Objects-normal/arm64/7187679823f38a2a940e0043cdf9d637-common-args.resp -MMD -MT dependencies -MF /Users/j/Documents/GitHub/MoneroOne/build/Build/Intermediates.noindex/swift-crypto.build/Debug-iphonesimulator/CCryptoBoringSSL.build/Objects-normal/arm64/cpu_aarch64_openbsd.d --serialize-diagnostics /Users/j/Documents/GitHub/MoneroOne/build/Build/Intermediates.noindex/swift-crypto.build/Debug-iphonesimulator/CCryptoBoringSSL.build/Objects-normal/arm64/cpu_aarch64_openbsd.dia -c /Users/j/Documents/GitHub/MoneroOne/build/SourcePackages/checkouts/swift-crypto/Sources/CCryptoBoringSSL/crypto/cpu_aarch64_openbsd.c -o /Users/j/Documents/GitHub/MoneroOne/build/Build/Intermediates.noindex/swift-crypto.build/Debug-iphonesimulator/CCryptoBoringSSL.build/Objects-normal/arm64/cpu_aarch64_openbsd.o -index-unit-output-path /swift-crypto.build/Debug-iphonesimulator/CCryptoBoringSSL.build/Objects-normal/arm64/cpu_aarch64_openbsd.o

CompileC /Users/j/Documents/GitHub/MoneroOne/build/Build/Intermediates.noindex/swift-crypto.build/Debug-iphonesimulator/CCryptoBoringSSL.build/Objects-normal/arm64/cpu_arm_freebsd.o /Users/j/Documents/GitHub/MoneroOne/build/SourcePackages/checkouts/swift-crypto/Sources/CCryptoBoringSSL/crypto/cpu_arm_freebsd.c normal arm64 c com.apple.compilers.llvm.clang.1_0.compiler (in target 'CCryptoBoringSSL' from project 'swift-crypto')
    cd /Users/j/Documents/GitHub/MoneroOne/MoneroOne.xcodeproj
    
    Using response file: /Users/j/Documents/GitHub/MoneroOne/build/Build/Intermediates.noindex/swift-crypto.build/Debug-iphonesimulator/CCryptoBoringSSL.build/Objects-normal/arm64/7187679823f38a2a940e0043cdf9d637-common-args.resp
    
    /Applications/Xcode.app/Contents/Developer/Toolchains/XcodeDefault.xctoolchain/usr/bin/clang -x c -ivfsstatcache /Users/j/Documents/GitHub/MoneroOne/build/SDKStatCaches.noindex/iphonesimulator26.1-23B77-90cf18a4295e390e64c810bc6bd7acbc.sdkstatcache -fmessage-length\=0 -fdiagnostics-show-note-include-stack -fmacro-backtrace-limit\=0 -fno-color-diagnostics -fmodules-prune-interval\=86400 -fmodules-prune-after\=345600 -fbuild-session-file\=/Users/j/Documents/GitHub/MoneroOne/build/ModuleCache.noindex/Session.modulevalidation -fmodules-validate-once-per-build-session -Wnon-modular-include-in-framework-module -Werror\=non-modular-include-in-framework-module -Wno-trigraphs -Wno-missing-field-initializers -Wno-missing-prototypes -Wno-return-type -Wno-missing-braces -Wparentheses -Wswitch -Wno-unused-function -Wno-unused-label -Wno-unused-parameter -Wno-unused-variable -Wunused-value -Wno-empty-body -Wno-uninitialized -Wno-unknown-pragmas -w -Wno-shadow -Wno-four-char-constants -Wno-conversion -Wno-constant-conversion -Wno-int-conversion -Wno-bool-conversion -Wno-enum-conversion -Wno-float-conversion -Wno-non-literal-null-conversion -Wno-objc-literal-conversion -Wshorten-64-to-32 -Wpointer-sign -Wno-newline-eof -Wno-implicit-fallthrough -fstrict-aliasing -Wdeprecated-declarations -Wno-sign-conversion -Wno-infinite-recursion -Wno-comma -Wno-block-capture-autoreleasing -Wno-strict-prototypes -Wno-semicolon-before-method-body -index-store-path /Users/j/Documents/GitHub/MoneroOne/build/Index.noindex/DataStore @/Users/j/Documents/GitHub/MoneroOne/build/Build/Intermediates.noindex/swift-crypto.build/Debug-iphonesimulator/CCryptoBoringSSL.build/Objects-normal/arm64/7187679823f38a2a940e0043cdf9d637-common-args.resp -MMD -MT dependencies -MF /Users/j/Documents/GitHub/MoneroOne/build/Build/Intermediates.noindex/swift-crypto.build/Debug-iphonesimulator/CCryptoBoringSSL.build/Objects-normal/arm64/cpu_arm_freebsd.d --serialize-diagnostics /Users/j/Documents/GitHub/MoneroOne/build/Build/Intermediates.noindex/swift-crypto.build/Debug-iphonesimulator/CCryptoBoringSSL.build/Objects-normal/arm64/cpu_arm_freebsd.dia -c /Users/j/Documents/GitHub/MoneroOne/build/SourcePackages/checkouts/swift-crypto/Sources/CCryptoBoringSSL/crypto/cpu_arm_freebsd.c -o /Users/j/Documents/GitHub/MoneroOne/build/Build/Intermediates.noindex/swift-crypto.build/Debug-iphonesimulator/CCryptoBoringSSL.build/Objects-normal/arm64/cpu_arm_freebsd.o -index-unit-output-path /swift-crypto.build/Debug-iphonesimulator/CCryptoBoringSSL.build/Objects-normal/arm64/cpu_arm_freebsd.o

CompileC /Users/j/Documents/GitHub/MoneroOne/build/Build/Intermediates.noindex/swift-crypto.build/Debug-iphonesimulator/CCryptoBoringSSL.build/Objects-normal/arm64/cpu_arm.o /Users/j/Documents/GitHub/MoneroOne/build/SourcePackages/checkouts/swift-crypto/Sources/CCryptoBoringSSL/crypto/cpu_arm.c normal arm64 c com.apple.compilers.llvm.clang.1_0.compiler (in target 'CCryptoBoringSSL' from project 'swift-crypto')
    cd /Users/j/Documents/GitHub/MoneroOne/MoneroOne.xcodeproj
    
    Using response file: /Users/j/Documents/GitHub/MoneroOne/build/Build/Intermediates.noindex/swift-crypto.build/Debug-iphonesimulator/CCryptoBoringSSL.build/Objects-normal/arm64/7187679823f38a2a940e0043cdf9d637-common-args.resp
    
    /Applications/Xcode.app/Contents/Developer/Toolchains/XcodeDefault.xctoolchain/usr/bin/clang -x c -ivfsstatcache /Users/j/Documents/GitHub/MoneroOne/build/SDKStatCaches.noindex/iphonesimulator26.1-23B77-90cf18a4295e390e64c810bc6bd7acbc.sdkstatcache -fmessage-length\=0 -fdiagnostics-show-note-include-stack -fmacro-backtrace-limit\=0 -fno-color-diagnostics -fmodules-prune-interval\=86400 -fmodules-prune-after\=345600 -fbuild-session-file\=/Users/j/Documents/GitHub/MoneroOne/build/ModuleCache.noindex/Session.modulevalidation -fmodules-validate-once-per-build-session -Wnon-modular-include-in-framework-module -Werror\=non-modular-include-in-framework-module -Wno-trigraphs -Wno-missing-field-initializers -Wno-missing-prototypes -Wno-return-type -Wno-missing-braces -Wparentheses -Wswitch -Wno-unused-function -Wno-unused-label -Wno-unused-parameter -Wno-unused-variable -Wunused-value -Wno-empty-body -Wno-uninitialized -Wno-unknown-pragmas -w -Wno-shadow -Wno-four-char-constants -Wno-conversion -Wno-constant-conversion -Wno-int-conversion -Wno-bool-conversion -Wno-enum-conversion -Wno-float-conversion -Wno-non-literal-null-conversion -Wno-objc-literal-conversion -Wshorten-64-to-32 -Wpointer-sign -Wno-newline-eof -Wno-implicit-fallthrough -fstrict-aliasing -Wdeprecated-declarations -Wno-sign-conversion -Wno-infinite-recursion -Wno-comma -Wno-block-capture-autoreleasing -Wno-strict-prototypes -Wno-semicolon-before-method-body -index-store-path /Users/j/Documents/GitHub/MoneroOne/build/Index.noindex/DataStore @/Users/j/Documents/GitHub/MoneroOne/build/Build/Intermediates.noindex/swift-crypto.build/Debug-iphonesimulator/CCryptoBoringSSL.build/Objects-normal/arm64/7187679823f38a2a940e0043cdf9d637-common-args.resp -MMD -MT dependencies -MF /Users/j/Documents/GitHub/MoneroOne/build/Build/Intermediates.noindex/swift-crypto.build/Debug-iphonesimulator/CCryptoBoringSSL.build/Objects-normal/arm64/cpu_arm.d --serialize-diagnostics /Users/j/Documents/GitHub/MoneroOne/build/Build/Intermediates.noindex/swift-crypto.build/Debug-iphonesimulator/CCryptoBoringSSL.build/Objects-normal/arm64/cpu_arm.dia -c /Users/j/Documents/GitHub/MoneroOne/build/SourcePackages/checkouts/swift-crypto/Sources/CCryptoBoringSSL/crypto/cpu_arm.c -o /Users/j/Documents/GitHub/MoneroOne/build/Build/Intermediates.noindex/swift-crypto.build/Debug-iphonesimulator/CCryptoBoringSSL.build/Objects-normal/arm64/cpu_arm.o -index-unit-output-path /swift-crypto.build/Debug-iphonesimulator/CCryptoBoringSSL.build/Objects-normal/arm64/cpu_arm.o

ScanDependencies /Users/j/Documents/GitHub/MoneroOne/build/Build/Intermediates.noindex/swift-crypto.build/Debug-iphonesimulator/CCryptoBoringSSL.build/Objects-normal/arm64/cpu_aarch64_linux.o /Users/j/Documents/GitHub/MoneroOne/build/SourcePackages/checkouts/swift-crypto/Sources/CCryptoBoringSSL/crypto/cpu_aarch64_linux.c normal arm64 c com.apple.compilers.llvm.clang.1_0.compiler (in target 'CCryptoBoringSSL' from project 'swift-crypto')
    cd /Users/j/Documents/GitHub/MoneroOne/MoneroOne.xcodeproj
    
    Using response file: /Users/j/Documents/GitHub/MoneroOne/build/Build/Intermediates.noindex/swift-crypto.build/Debug-iphonesimulator/CCryptoBoringSSL.build/Objects-normal/arm64/7187679823f38a2a940e0043cdf9d637-common-args.resp
    
    builtin-ScanDependencies -o /Users/j/Documents/GitHub/MoneroOne/build/Build/Intermediates.noindex/swift-crypto.build/Debug-iphonesimulator/CCryptoBoringSSL.build/Objects-normal/arm64/cpu_aarch64_linux.o.scan -- /Applications/Xcode.app/Contents/Developer/Toolchains/XcodeDefault.xctoolchain/usr/bin/clang -x c -ivfsstatcache /Users/j/Documents/GitHub/MoneroOne/build/SDKStatCaches.noindex/iphonesimulator26.1-23B77-90cf18a4295e390e64c810bc6bd7acbc.sdkstatcache -fmessage-length\=0 -fdiagnostics-show-note-include-stack -fmacro-backtrace-limit\=0 -fno-color-diagnostics -fmodules-prune-interval\=86400 -fmodules-prune-after\=345600 -fbuild-session-file\=/Users/j/Documents/GitHub/MoneroOne/build/ModuleCache.noindex/Session.modulevalidation -fmodules-validate-once-per-build-session -Wnon-modular-include-in-framework-module -Werror\=non-modular-include-in-framework-module -Wno-trigraphs -Wno-missing-field-initializers -Wno-missing-prototypes -Wno-return-type -Wno-missing-braces -Wparentheses -Wswitch -Wno-unused-function -Wno-unused-label -Wno-unused-parameter -Wno-unused-variable -Wunused-value -Wno-empty-body -Wno-uninitialized -Wno-unknown-pragmas -w -Wno-shadow -Wno-four-char-constants -Wno-conversion -Wno-constant-conversion -Wno-int-conversion -Wno-bool-conversion -Wno-enum-conversion -Wno-float-conversion -Wno-non-literal-null-conversion -Wno-objc-literal-conversion -Wshorten-64-to-32 -Wpointer-sign -Wno-newline-eof -Wno-implicit-fallthrough -fstrict-aliasing -Wdeprecated-declarations -Wno-sign-conversion -Wno-infinite-recursion -Wno-comma -Wno-block-capture-autoreleasing -Wno-strict-prototypes -Wno-semicolon-before-method-body -index-store-path /Users/j/Documents/GitHub/MoneroOne/build/Index.noindex/DataStore @/Users/j/Documents/GitHub/MoneroOne/build/Build/Intermediates.noindex/swift-crypto.build/Debug-iphonesimulator/CCryptoBoringSSL.build/Objects-normal/arm64/7187679823f38a2a940e0043cdf9d637-common-args.resp -MMD -MT dependencies -MF /Users/j/Documents/GitHub/MoneroOne/build/Build/Intermediates.noindex/swift-crypto.build/Debug-iphonesimulator/CCryptoBoringSSL.build/Objects-normal/arm64/cpu_aarch64_linux.d --serialize-diagnostics /Users/j/Documents/GitHub/MoneroOne/build/Build/Intermediates.noindex/swift-crypto.build/Debug-iphonesimulator/CCryptoBoringSSL.build/Objects-normal/arm64/cpu_aarch64_linux.dia -c /Users/j/Documents/GitHub/MoneroOne/build/SourcePackages/checkouts/swift-crypto/Sources/CCryptoBoringSSL/crypto/cpu_aarch64_linux.c -o /Users/j/Documents/GitHub/MoneroOne/build/Build/Intermediates.noindex/swift-crypto.build/Debug-iphonesimulator/CCryptoBoringSSL.build/Objects-normal/arm64/cpu_aarch64_linux.o -index-unit-output-path /swift-crypto.build/Debug-iphonesimulator/CCryptoBoringSSL.build/Objects-normal/arm64/cpu_aarch64_linux.o

ScanDependencies /Users/j/Documents/GitHub/MoneroOne/build/Build/Intermediates.noindex/swift-crypto.build/Debug-iphonesimulator/CCryptoBoringSSL.build/Objects-normal/arm64/cpu_aarch64_fuchsia.o /Users/j/Documents/GitHub/MoneroOne/build/SourcePackages/checkouts/swift-crypto/Sources/CCryptoBoringSSL/crypto/cpu_aarch64_fuchsia.c normal arm64 c com.apple.compilers.llvm.clang.1_0.compiler (in target 'CCryptoBoringSSL' from project 'swift-crypto')
    cd /Users/j/Documents/GitHub/MoneroOne/MoneroOne.xcodeproj
    
    Using response file: /Users/j/Documents/GitHub/MoneroOne/build/Build/Intermediates.noindex/swift-crypto.build/Debug-iphonesimulator/CCryptoBoringSSL.build/Objects-normal/arm64/7187679823f38a2a940e0043cdf9d637-common-args.resp
    
    builtin-ScanDependencies -o /Users/j/Documents/GitHub/MoneroOne/build/Build/Intermediates.noindex/swift-crypto.build/Debug-iphonesimulator/CCryptoBoringSSL.build/Objects-normal/arm64/cpu_aarch64_fuchsia.o.scan -- /Applications/Xcode.app/Contents/Developer/Toolchains/XcodeDefault.xctoolchain/usr/bin/clang -x c -ivfsstatcache /Users/j/Documents/GitHub/MoneroOne/build/SDKStatCaches.noindex/iphonesimulator26.1-23B77-90cf18a4295e390e64c810bc6bd7acbc.sdkstatcache -fmessage-length\=0 -fdiagnostics-show-note-include-stack -fmacro-backtrace-limit\=0 -fno-color-diagnostics -fmodules-prune-interval\=86400 -fmodules-prune-after\=345600 -fbuild-session-file\=/Users/j/Documents/GitHub/MoneroOne/build/ModuleCache.noindex/Session.modulevalidation -fmodules-validate-once-per-build-session -Wnon-modular-include-in-framework-module -Werror\=non-modular-include-in-framework-module -Wno-trigraphs -Wno-missing-field-initializers -Wno-missing-prototypes -Wno-return-type -Wno-missing-braces -Wparentheses -Wswitch -Wno-unused-function -Wno-unused-label -Wno-unused-parameter -Wno-unused-variable -Wunused-value -Wno-empty-body -Wno-uninitialized -Wno-unknown-pragmas -w -Wno-shadow -Wno-four-char-constants -Wno-conversion -Wno-constant-conversion -Wno-int-conversion -Wno-bool-conversion -Wno-enum-conversion -Wno-float-conversion -Wno-non-literal-null-conversion -Wno-objc-literal-conversion -Wshorten-64-to-32 -Wpointer-sign -Wno-newline-eof -Wno-implicit-fallthrough -fstrict-aliasing -Wdeprecated-declarations -Wno-sign-conversion -Wno-infinite-recursion -Wno-comma -Wno-block-capture-autoreleasing -Wno-strict-prototypes -Wno-semicolon-before-method-body -index-store-path /Users/j/Documents/GitHub/MoneroOne/build/Index.noindex/DataStore @/Users/j/Documents/GitHub/MoneroOne/build/Build/Intermediates.noindex/swift-crypto.build/Debug-iphonesimulator/CCryptoBoringSSL.build/Objects-normal/arm64/7187679823f38a2a940e0043cdf9d637-common-args.resp -MMD -MT dependencies -MF /Users/j/Documents/GitHub/MoneroOne/build/Build/Intermediates.noindex/swift-crypto.build/Debug-iphonesimulator/CCryptoBoringSSL.build/Objects-normal/arm64/cpu_aarch64_fuchsia.d --serialize-diagnostics /Users/j/Documents/GitHub/MoneroOne/build/Build/Intermediates.noindex/swift-crypto.build/Debug-iphonesimulator/CCryptoBoringSSL.build/Objects-normal/arm64/cpu_aarch64_fuchsia.dia -c /Users/j/Documents/GitHub/MoneroOne/build/SourcePackages/checkouts/swift-crypto/Sources/CCryptoBoringSSL/crypto/cpu_aarch64_fuchsia.c -o /Users/j/Documents/GitHub/MoneroOne/build/Build/Intermediates.noindex/swift-crypto.build/Debug-iphonesimulator/CCryptoBoringSSL.build/Objects-normal/arm64/cpu_aarch64_fuchsia.o -index-unit-output-path /swift-crypto.build/Debug-iphonesimulator/CCryptoBoringSSL.build/Objects-normal/arm64/cpu_aarch64_fuchsia.o

CompileC /Users/j/Documents/GitHub/MoneroOne/build/Build/Intermediates.noindex/swift-crypto.build/Debug-iphonesimulator/CCryptoBoringSSL.build/Objects-normal/arm64/cpu_aarch64_win.o /Users/j/Documents/GitHub/MoneroOne/build/SourcePackages/checkouts/swift-crypto/Sources/CCryptoBoringSSL/crypto/cpu_aarch64_win.c normal arm64 c com.apple.compilers.llvm.clang.1_0.compiler (in target 'CCryptoBoringSSL' from project 'swift-crypto')
    cd /Users/j/Documents/GitHub/MoneroOne/MoneroOne.xcodeproj
    
    Using response file: /Users/j/Documents/GitHub/MoneroOne/build/Build/Intermediates.noindex/swift-crypto.build/Debug-iphonesimulator/CCryptoBoringSSL.build/Objects-normal/arm64/7187679823f38a2a940e0043cdf9d637-common-args.resp
    
    /Applications/Xcode.app/Contents/Developer/Toolchains/XcodeDefault.xctoolchain/usr/bin/clang -x c -ivfsstatcache /Users/j/Documents/GitHub/MoneroOne/build/SDKStatCaches.noindex/iphonesimulator26.1-23B77-90cf18a4295e390e64c810bc6bd7acbc.sdkstatcache -fmessage-length\=0 -fdiagnostics-show-note-include-stack -fmacro-backtrace-limit\=0 -fno-color-diagnostics -fmodules-prune-interval\=86400 -fmodules-prune-after\=345600 -fbuild-session-file\=/Users/j/Documents/GitHub/MoneroOne/build/ModuleCache.noindex/Session.modulevalidation -fmodules-validate-once-per-build-session -Wnon-modular-include-in-framework-module -Werror\=non-modular-include-in-framework-module -Wno-trigraphs -Wno-missing-field-initializers -Wno-missing-prototypes -Wno-return-type -Wno-missing-braces -Wparentheses -Wswitch -Wno-unused-function -Wno-unused-label -Wno-unused-parameter -Wno-unused-variable -Wunused-value -Wno-empty-body -Wno-uninitialized -Wno-unknown-pragmas -w -Wno-shadow -Wno-four-char-constants -Wno-conversion -Wno-constant-conversion -Wno-int-conversion -Wno-bool-conversion -Wno-enum-conversion -Wno-float-conversion -Wno-non-literal-null-conversion -Wno-objc-literal-conversion -Wshorten-64-to-32 -Wpointer-sign -Wno-newline-eof -Wno-implicit-fallthrough -fstrict-aliasing -Wdeprecated-declarations -Wno-sign-conversion -Wno-infinite-recursion -Wno-comma -Wno-block-capture-autoreleasing -Wno-strict-prototypes -Wno-semicolon-before-method-body -index-store-path /Users/j/Documents/GitHub/MoneroOne/build/Index.noindex/DataStore @/Users/j/Documents/GitHub/MoneroOne/build/Build/Intermediates.noindex/swift-crypto.build/Debug-iphonesimulator/CCryptoBoringSSL.build/Objects-normal/arm64/7187679823f38a2a940e0043cdf9d637-common-args.resp -MMD -MT dependencies -MF /Users/j/Documents/GitHub/MoneroOne/build/Build/Intermediates.noindex/swift-crypto.build/Debug-iphonesimulator/CCryptoBoringSSL.build/Objects-normal/arm64/cpu_aarch64_win.d --serialize-diagnostics /Users/j/Documents/GitHub/MoneroOne/build/Build/Intermediates.noindex/swift-crypto.build/Debug-iphonesimulator/CCryptoBoringSSL.build/Objects-normal/arm64/cpu_aarch64_win.dia -c /Users/j/Documents/GitHub/MoneroOne/build/SourcePackages/checkouts/swift-crypto/Sources/CCryptoBoringSSL/crypto/cpu_aarch64_win.c -o /Users/j/Documents/GitHub/MoneroOne/build/Build/Intermediates.noindex/swift-crypto.build/Debug-iphonesimulator/CCryptoBoringSSL.build/Objects-normal/arm64/cpu_aarch64_win.o -index-unit-output-path /swift-crypto.build/Debug-iphonesimulator/CCryptoBoringSSL.build/Objects-normal/arm64/cpu_aarch64_win.o

CompileC /Users/j/Documents/GitHub/MoneroOne/build/Build/Intermediates.noindex/swift-crypto.build/Debug-iphonesimulator/CCryptoBoringSSL.build/Objects-normal/arm64/cpu_aarch64_sysreg.o /Users/j/Documents/GitHub/MoneroOne/build/SourcePackages/checkouts/swift-crypto/Sources/CCryptoBoringSSL/crypto/cpu_aarch64_sysreg.c normal arm64 c com.apple.compilers.llvm.clang.1_0.compiler (in target 'CCryptoBoringSSL' from project 'swift-crypto')
    cd /Users/j/Documents/GitHub/MoneroOne/MoneroOne.xcodeproj
    
    Using response file: /Users/j/Documents/GitHub/MoneroOne/build/Build/Intermediates.noindex/swift-crypto.build/Debug-iphonesimulator/CCryptoBoringSSL.build/Objects-normal/arm64/7187679823f38a2a940e0043cdf9d637-common-args.resp
    
    /Applications/Xcode.app/Contents/Developer/Toolchains/XcodeDefault.xctoolchain/usr/bin/clang -x c -ivfsstatcache /Users/j/Documents/GitHub/MoneroOne/build/SDKStatCaches.noindex/iphonesimulator26.1-23B77-90cf18a4295e390e64c810bc6bd7acbc.sdkstatcache -fmessage-length\=0 -fdiagnostics-show-note-include-stack -fmacro-backtrace-limit\=0 -fno-color-diagnostics -fmodules-prune-interval\=86400 -fmodules-prune-after\=345600 -fbuild-session-file\=/Users/j/Documents/GitHub/MoneroOne/build/ModuleCache.noindex/Session.modulevalidation -fmodules-validate-once-per-build-session -Wnon-modular-include-in-framework-module -Werror\=non-modular-include-in-framework-module -Wno-trigraphs -Wno-missing-field-initializers -Wno-missing-prototypes -Wno-return-type -Wno-missing-braces -Wparentheses -Wswitch -Wno-unused-function -Wno-unused-label -Wno-unused-parameter -Wno-unused-variable -Wunused-value -Wno-empty-body -Wno-uninitialized -Wno-unknown-pragmas -w -Wno-shadow -Wno-four-char-constants -Wno-conversion -Wno-constant-conversion -Wno-int-conversion -Wno-bool-conversion -Wno-enum-conversion -Wno-float-conversion -Wno-non-literal-null-conversion -Wno-objc-literal-conversion -Wshorten-64-to-32 -Wpointer-sign -Wno-newline-eof -Wno-implicit-fallthrough -fstrict-aliasing -Wdeprecated-declarations -Wno-sign-conversion -Wno-infinite-recursion -Wno-comma -Wno-block-capture-autoreleasing -Wno-strict-prototypes -Wno-semicolon-before-method-body -index-store-path /Users/j/Documents/GitHub/MoneroOne/build/Index.noindex/DataStore @/Users/j/Documents/GitHub/MoneroOne/build/Build/Intermediates.noindex/swift-crypto.build/Debug-iphonesimulator/CCryptoBoringSSL.build/Objects-normal/arm64/7187679823f38a2a940e0043cdf9d637-common-args.resp -MMD -MT dependencies -MF /Users/j/Documents/GitHub/MoneroOne/build/Build/Intermediates.noindex/swift-crypto.build/Debug-iphonesimulator/CCryptoBoringSSL.build/Objects-normal/arm64/cpu_aarch64_sysreg.d --serialize-diagnostics /Users/j/Documents/GitHub/MoneroOne/build/Build/Intermediates.noindex/swift-crypto.build/Debug-iphonesimulator/CCryptoBoringSSL.build/Objects-normal/arm64/cpu_aarch64_sysreg.dia -c /Users/j/Documents/GitHub/MoneroOne/build/SourcePackages/checkouts/swift-crypto/Sources/CCryptoBoringSSL/crypto/cpu_aarch64_sysreg.c -o /Users/j/Documents/GitHub/MoneroOne/build/Build/Intermediates.noindex/swift-crypto.build/Debug-iphonesimulator/CCryptoBoringSSL.build/Objects-normal/arm64/cpu_aarch64_sysreg.o -index-unit-output-path /swift-crypto.build/Debug-iphonesimulator/CCryptoBoringSSL.build/Objects-normal/arm64/cpu_aarch64_sysreg.o

ScanDependencies /Users/j/Documents/GitHub/MoneroOne/build/Build/Intermediates.noindex/swift-crypto.build/Debug-iphonesimulator/CCryptoBoringSSL.build/Objects-normal/arm64/cpu_aarch64_apple.o /Users/j/Documents/GitHub/MoneroOne/build/SourcePackages/checkouts/swift-crypto/Sources/CCryptoBoringSSL/crypto/cpu_aarch64_apple.c normal arm64 c com.apple.compilers.llvm.clang.1_0.compiler (in target 'CCryptoBoringSSL' from project 'swift-crypto')
    cd /Users/j/Documents/GitHub/MoneroOne/MoneroOne.xcodeproj
    
    Using response file: /Users/j/Documents/GitHub/MoneroOne/build/Build/Intermediates.noindex/swift-crypto.build/Debug-iphonesimulator/CCryptoBoringSSL.build/Objects-normal/arm64/7187679823f38a2a940e0043cdf9d637-common-args.resp
    
    builtin-ScanDependencies -o /Users/j/Documents/GitHub/MoneroOne/build/Build/Intermediates.noindex/swift-crypto.build/Debug-iphonesimulator/CCryptoBoringSSL.build/Objects-normal/arm64/cpu_aarch64_apple.o.scan -- /Applications/Xcode.app/Contents/Developer/Toolchains/XcodeDefault.xctoolchain/usr/bin/clang -x c -ivfsstatcache /Users/j/Documents/GitHub/MoneroOne/build/SDKStatCaches.noindex/iphonesimulator26.1-23B77-90cf18a4295e390e64c810bc6bd7acbc.sdkstatcache -fmessage-length\=0 -fdiagnostics-show-note-include-stack -fmacro-backtrace-limit\=0 -fno-color-diagnostics -fmodules-prune-interval\=86400 -fmodules-prune-after\=345600 -fbuild-session-file\=/Users/j/Documents/GitHub/MoneroOne/build/ModuleCache.noindex/Session.modulevalidation -fmodules-validate-once-per-build-session -Wnon-modular-include-in-framework-module -Werror\=non-modular-include-in-framework-module -Wno-trigraphs -Wno-missing-field-initializers -Wno-missing-prototypes -Wno-return-type -Wno-missing-braces -Wparentheses -Wswitch -Wno-unused-function -Wno-unused-label -Wno-unused-parameter -Wno-unused-variable -Wunused-value -Wno-empty-body -Wno-uninitialized -Wno-unknown-pragmas -w -Wno-shadow -Wno-four-char-constants -Wno-conversion -Wno-constant-conversion -Wno-int-conversion -Wno-bool-conversion -Wno-enum-conversion -Wno-float-conversion -Wno-non-literal-null-conversion -Wno-objc-literal-conversion -Wshorten-64-to-32 -Wpointer-sign -Wno-newline-eof -Wno-implicit-fallthrough -fstrict-aliasing -Wdeprecated-declarations -Wno-sign-conversion -Wno-infinite-recursion -Wno-comma -Wno-block-capture-autoreleasing -Wno-strict-prototypes -Wno-semicolon-before-method-body -index-store-path /Users/j/Documents/GitHub/MoneroOne/build/Index.noindex/DataStore @/Users/j/Documents/GitHub/MoneroOne/build/Build/Intermediates.noindex/swift-crypto.build/Debug-iphonesimulator/CCryptoBoringSSL.build/Objects-normal/arm64/7187679823f38a2a940e0043cdf9d637-common-args.resp -MMD -MT dependencies -MF /Users/j/Documents/GitHub/MoneroOne/build/Build/Intermediates.noindex/swift-crypto.build/Debug-iphonesimulator/CCryptoBoringSSL.build/Objects-normal/arm64/cpu_aarch64_apple.d --serialize-diagnostics /Users/j/Documents/GitHub/MoneroOne/build/Build/Intermediates.noindex/swift-crypto.build/Debug-iphonesimulator/CCryptoBoringSSL.build/Objects-normal/arm64/cpu_aarch64_apple.dia -c /Users/j/Documents/GitHub/MoneroOne/build/SourcePackages/checkouts/swift-crypto/Sources/CCryptoBoringSSL/crypto/cpu_aarch64_apple.c -o /Users/j/Documents/GitHub/MoneroOne/build/Build/Intermediates.noindex/swift-crypto.build/Debug-iphonesimulator/CCryptoBoringSSL.build/Objects-normal/arm64/cpu_aarch64_apple.o -index-unit-output-path /swift-crypto.build/Debug-iphonesimulator/CCryptoBoringSSL.build/Objects-normal/arm64/cpu_aarch64_apple.o

CompileC /Users/j/Documents/GitHub/MoneroOne/build/Build/Intermediates.noindex/swift-crypto.build/Debug-iphonesimulator/CCryptoBoringSSL.build/Objects-normal/arm64/cpu_aarch64_openbsd.o /Users/j/Documents/GitHub/MoneroOne/build/SourcePackages/checkouts/swift-crypto/Sources/CCryptoBoringSSL/crypto/cpu_aarch64_openbsd.c normal arm64 c com.apple.compilers.llvm.clang.1_0.compiler (in target 'CCryptoBoringSSL' from project 'swift-crypto')
    cd /Users/j/Documents/GitHub/MoneroOne/MoneroOne.xcodeproj
    
    Using response file: /Users/j/Documents/GitHub/MoneroOne/build/Build/Intermediates.noindex/swift-crypto.build/Debug-iphonesimulator/CCryptoBoringSSL.build/Objects-normal/arm64/7187679823f38a2a940e0043cdf9d637-common-args.resp
    
    /Applications/Xcode.app/Contents/Developer/Toolchains/XcodeDefault.xctoolchain/usr/bin/clang -x c -ivfsstatcache /Users/j/Documents/GitHub/MoneroOne/build/SDKStatCaches.noindex/iphonesimulator26.1-23B77-90cf18a4295e390e64c810bc6bd7acbc.sdkstatcache -fmessage-length\=0 -fdiagnostics-show-note-include-stack -fmacro-backtrace-limit\=0 -fno-color-diagnostics -fmodules-prune-interval\=86400 -fmodules-prune-after\=345600 -fbuild-session-file\=/Users/j/Documents/GitHub/MoneroOne/build/ModuleCache.noindex/Session.modulevalidation -fmodules-validate-once-per-build-session -Wnon-modular-include-in-framework-module -Werror\=non-modular-include-in-framework-module -Wno-trigraphs -Wno-missing-field-initializers -Wno-missing-prototypes -Wno-return-type -Wno-missing-braces -Wparentheses -Wswitch -Wno-unused-function -Wno-unused-label -Wno-unused-parameter -Wno-unused-variable -Wunused-value -Wno-empty-body -Wno-uninitialized -Wno-unknown-pragmas -w -Wno-shadow -Wno-four-char-constants -Wno-conversion -Wno-constant-conversion -Wno-int-conversion -Wno-bool-conversion -Wno-enum-conversion -Wno-float-conversion -Wno-non-literal-null-conversion -Wno-objc-literal-conversion -Wshorten-64-to-32 -Wpointer-sign -Wno-newline-eof -Wno-implicit-fallthrough -fstrict-aliasing -Wdeprecated-declarations -Wno-sign-conversion -Wno-infinite-recursion -Wno-comma -Wno-block-capture-autoreleasing -Wno-strict-prototypes -Wno-semicolon-before-method-body -index-store-path /Users/j/Documents/GitHub/MoneroOne/build/Index.noindex/DataStore @/Users/j/Documents/GitHub/MoneroOne/build/Build/Intermediates.noindex/swift-crypto.build/Debug-iphonesimulator/CCryptoBoringSSL.build/Objects-normal/arm64/7187679823f38a2a940e0043cdf9d637-common-args.resp -MMD -MT dependencies -MF /Users/j/Documents/GitHub/MoneroOne/build/Build/Intermediates.noindex/swift-crypto.build/Debug-iphonesimulator/CCryptoBoringSSL.build/Objects-normal/arm64/cpu_aarch64_openbsd.d --serialize-diagnostics /Users/j/Documents/GitHub/MoneroOne/build/Build/Intermediates.noindex/swift-crypto.build/Debug-iphonesimulator/CCryptoBoringSSL.build/Objects-normal/arm64/cpu_aarch64_openbsd.dia -c /Users/j/Documents/GitHub/MoneroOne/build/SourcePackages/checkouts/swift-crypto/Sources/CCryptoBoringSSL/crypto/cpu_aarch64_openbsd.c -o /Users/j/Documents/GitHub/MoneroOne/build/Build/Intermediates.noindex/swift-crypto.build/Debug-iphonesimulator/CCryptoBoringSSL.build/Objects-normal/arm64/cpu_aarch64_openbsd.o -index-unit-output-path /swift-crypto.build/Debug-iphonesimulator/CCryptoBoringSSL.build/Objects-normal/arm64/cpu_aarch64_openbsd.o

ScanDependencies /Users/j/Documents/GitHub/MoneroOne/build/Build/Intermediates.noindex/swift-crypto.build/Debug-iphonesimulator/CCryptoBoringSSL.build/Objects-normal/arm64/convert.o /Users/j/Documents/GitHub/MoneroOne/build/SourcePackages/checkouts/swift-crypto/Sources/CCryptoBoringSSL/crypto/bn_extra/convert.c normal arm64 c com.apple.compilers.llvm.clang.1_0.compiler (in target 'CCryptoBoringSSL' from project 'swift-crypto')
    cd /Users/j/Documents/GitHub/MoneroOne/MoneroOne.xcodeproj
    
    Using response file: /Users/j/Documents/GitHub/MoneroOne/build/Build/Intermediates.noindex/swift-crypto.build/Debug-iphonesimulator/CCryptoBoringSSL.build/Objects-normal/arm64/7187679823f38a2a940e0043cdf9d637-common-args.resp
    
    builtin-ScanDependencies -o /Users/j/Documents/GitHub/MoneroOne/build/Build/Intermediates.noindex/swift-crypto.build/Debug-iphonesimulator/CCryptoBoringSSL.build/Objects-normal/arm64/convert.o.scan -- /Applications/Xcode.app/Contents/Developer/Toolchains/XcodeDefault.xctoolchain/usr/bin/clang -x c -ivfsstatcache /Users/j/Documents/GitHub/MoneroOne/build/SDKStatCaches.noindex/iphonesimulator26.1-23B77-90cf18a4295e390e64c810bc6bd7acbc.sdkstatcache -fmessage-length\=0 -fdiagnostics-show-note-include-stack -fmacro-backtrace-limit\=0 -fno-color-diagnostics -fmodules-prune-interval\=86400 -fmodules-prune-after\=345600 -fbuild-session-file\=/Users/j/Documents/GitHub/MoneroOne/build/ModuleCache.noindex/Session.modulevalidation -fmodules-validate-once-per-build-session -Wnon-modular-include-in-framework-module -Werror\=non-modular-include-in-framework-module -Wno-trigraphs -Wno-missing-field-initializers -Wno-missing-prototypes -Wno-return-type -Wno-missing-braces -Wparentheses -Wswitch -Wno-unused-function -Wno-unused-label -Wno-unused-parameter -Wno-unused-variable -Wunused-value -Wno-empty-body -Wno-uninitialized -Wno-unknown-pragmas -w -Wno-shadow -Wno-four-char-constants -Wno-conversion -Wno-constant-conversion -Wno-int-conversion -Wno-bool-conversion -Wno-enum-conversion -Wno-float-conversion -Wno-non-literal-null-conversion -Wno-objc-literal-conversion -Wshorten-64-to-32 -Wpointer-sign -Wno-newline-eof -Wno-implicit-fallthrough -fstrict-aliasing -Wdeprecated-declarations -Wno-sign-conversion -Wno-infinite-recursion -Wno-comma -Wno-block-capture-autoreleasing -Wno-strict-prototypes -Wno-semicolon-before-method-body -index-store-path /Users/j/Documents/GitHub/MoneroOne/build/Index.noindex/DataStore @/Users/j/Documents/GitHub/MoneroOne/build/Build/Intermediates.noindex/swift-crypto.build/Debug-iphonesimulator/CCryptoBoringSSL.build/Objects-normal/arm64/7187679823f38a2a940e0043cdf9d637-common-args.resp -MMD -MT dependencies -MF /Users/j/Documents/GitHub/MoneroOne/build/Build/Intermediates.noindex/swift-crypto.build/Debug-iphonesimulator/CCryptoBoringSSL.build/Objects-normal/arm64/convert.d --serialize-diagnostics /Users/j/Documents/GitHub/MoneroOne/build/Build/Intermediates.noindex/swift-crypto.build/Debug-iphonesimulator/CCryptoBoringSSL.build/Objects-normal/arm64/convert.dia -c /Users/j/Documents/GitHub/MoneroOne/build/SourcePackages/checkouts/swift-crypto/Sources/CCryptoBoringSSL/crypto/bn_extra/convert.c -o /Users/j/Documents/GitHub/MoneroOne/build/Build/Intermediates.noindex/swift-crypto.build/Debug-iphonesimulator/CCryptoBoringSSL.build/Objects-normal/arm64/convert.o -index-unit-output-path /swift-crypto.build/Debug-iphonesimulator/CCryptoBoringSSL.build/Objects-normal/arm64/convert.o

CompileC /Users/j/Documents/GitHub/MoneroOne/build/Build/Intermediates.noindex/swift-crypto.build/Debug-iphonesimulator/CCryptoBoringSSL.build/Objects-normal/arm64/cpu_aarch64_linux.o /Users/j/Documents/GitHub/MoneroOne/build/SourcePackages/checkouts/swift-crypto/Sources/CCryptoBoringSSL/crypto/cpu_aarch64_linux.c normal arm64 c com.apple.compilers.llvm.clang.1_0.compiler (in target 'CCryptoBoringSSL' from project 'swift-crypto')
    cd /Users/j/Documents/GitHub/MoneroOne/MoneroOne.xcodeproj
    
    Using response file: /Users/j/Documents/GitHub/MoneroOne/build/Build/Intermediates.noindex/swift-crypto.build/Debug-iphonesimulator/CCryptoBoringSSL.build/Objects-normal/arm64/7187679823f38a2a940e0043cdf9d637-common-args.resp
    
    /Applications/Xcode.app/Contents/Developer/Toolchains/XcodeDefault.xctoolchain/usr/bin/clang -x c -ivfsstatcache /Users/j/Documents/GitHub/MoneroOne/build/SDKStatCaches.noindex/iphonesimulator26.1-23B77-90cf18a4295e390e64c810bc6bd7acbc.sdkstatcache -fmessage-length\=0 -fdiagnostics-show-note-include-stack -fmacro-backtrace-limit\=0 -fno-color-diagnostics -fmodules-prune-interval\=86400 -fmodules-prune-after\=345600 -fbuild-session-file\=/Users/j/Documents/GitHub/MoneroOne/build/ModuleCache.noindex/Session.modulevalidation -fmodules-validate-once-per-build-session -Wnon-modular-include-in-framework-module -Werror\=non-modular-include-in-framework-module -Wno-trigraphs -Wno-missing-field-initializers -Wno-missing-prototypes -Wno-return-type -Wno-missing-braces -Wparentheses -Wswitch -Wno-unused-function -Wno-unused-label -Wno-unused-parameter -Wno-unused-variable -Wunused-value -Wno-empty-body -Wno-uninitialized -Wno-unknown-pragmas -w -Wno-shadow -Wno-four-char-constants -Wno-conversion -Wno-constant-conversion -Wno-int-conversion -Wno-bool-conversion -Wno-enum-conversion -Wno-float-conversion -Wno-non-literal-null-conversion -Wno-objc-literal-conversion -Wshorten-64-to-32 -Wpointer-sign -Wno-newline-eof -Wno-implicit-fallthrough -fstrict-aliasing -Wdeprecated-declarations -Wno-sign-conversion -Wno-infinite-recursion -Wno-comma -Wno-block-capture-autoreleasing -Wno-strict-prototypes -Wno-semicolon-before-method-body -index-store-path /Users/j/Documents/GitHub/MoneroOne/build/Index.noindex/DataStore @/Users/j/Documents/GitHub/MoneroOne/build/Build/Intermediates.noindex/swift-crypto.build/Debug-iphonesimulator/CCryptoBoringSSL.build/Objects-normal/arm64/7187679823f38a2a940e0043cdf9d637-common-args.resp -MMD -MT dependencies -MF /Users/j/Documents/GitHub/MoneroOne/build/Build/Intermediates.noindex/swift-crypto.build/Debug-iphonesimulator/CCryptoBoringSSL.build/Objects-normal/arm64/cpu_aarch64_linux.d --serialize-diagnostics /Users/j/Documents/GitHub/MoneroOne/build/Build/Intermediates.noindex/swift-crypto.build/Debug-iphonesimulator/CCryptoBoringSSL.build/Objects-normal/arm64/cpu_aarch64_linux.dia -c /Users/j/Documents/GitHub/MoneroOne/build/SourcePackages/checkouts/swift-crypto/Sources/CCryptoBoringSSL/crypto/cpu_aarch64_linux.c -o /Users/j/Documents/GitHub/MoneroOne/build/Build/Intermediates.noindex/swift-crypto.build/Debug-iphonesimulator/CCryptoBoringSSL.build/Objects-normal/arm64/cpu_aarch64_linux.o -index-unit-output-path /swift-crypto.build/Debug-iphonesimulator/CCryptoBoringSSL.build/Objects-normal/arm64/cpu_aarch64_linux.o

CompileC /Users/j/Documents/GitHub/MoneroOne/build/Build/Intermediates.noindex/swift-crypto.build/Debug-iphonesimulator/CCryptoBoringSSL.build/Objects-normal/arm64/cpu_aarch64_fuchsia.o /Users/j/Documents/GitHub/MoneroOne/build/SourcePackages/checkouts/swift-crypto/Sources/CCryptoBoringSSL/crypto/cpu_aarch64_fuchsia.c normal arm64 c com.apple.compilers.llvm.clang.1_0.compiler (in target 'CCryptoBoringSSL' from project 'swift-crypto')
    cd /Users/j/Documents/GitHub/MoneroOne/MoneroOne.xcodeproj
    
    Using response file: /Users/j/Documents/GitHub/MoneroOne/build/Build/Intermediates.noindex/swift-crypto.build/Debug-iphonesimulator/CCryptoBoringSSL.build/Objects-normal/arm64/7187679823f38a2a940e0043cdf9d637-common-args.resp
    
    /Applications/Xcode.app/Contents/Developer/Toolchains/XcodeDefault.xctoolchain/usr/bin/clang -x c -ivfsstatcache /Users/j/Documents/GitHub/MoneroOne/build/SDKStatCaches.noindex/iphonesimulator26.1-23B77-90cf18a4295e390e64c810bc6bd7acbc.sdkstatcache -fmessage-length\=0 -fdiagnostics-show-note-include-stack -fmacro-backtrace-limit\=0 -fno-color-diagnostics -fmodules-prune-interval\=86400 -fmodules-prune-after\=345600 -fbuild-session-file\=/Users/j/Documents/GitHub/MoneroOne/build/ModuleCache.noindex/Session.modulevalidation -fmodules-validate-once-per-build-session -Wnon-modular-include-in-framework-module -Werror\=non-modular-include-in-framework-module -Wno-trigraphs -Wno-missing-field-initializers -Wno-missing-prototypes -Wno-return-type -Wno-missing-braces -Wparentheses -Wswitch -Wno-unused-function -Wno-unused-label -Wno-unused-parameter -Wno-unused-variable -Wunused-value -Wno-empty-body -Wno-uninitialized -Wno-unknown-pragmas -w -Wno-shadow -Wno-four-char-constants -Wno-conversion -Wno-constant-conversion -Wno-int-conversion -Wno-bool-conversion -Wno-enum-conversion -Wno-float-conversion -Wno-non-literal-null-conversion -Wno-objc-literal-conversion -Wshorten-64-to-32 -Wpointer-sign -Wno-newline-eof -Wno-implicit-fallthrough -fstrict-aliasing -Wdeprecated-declarations -Wno-sign-conversion -Wno-infinite-recursion -Wno-comma -Wno-block-capture-autoreleasing -Wno-strict-prototypes -Wno-semicolon-before-method-body -index-store-path /Users/j/Documents/GitHub/MoneroOne/build/Index.noindex/DataStore @/Users/j/Documents/GitHub/MoneroOne/build/Build/Intermediates.noindex/swift-crypto.build/Debug-iphonesimulator/CCryptoBoringSSL.build/Objects-normal/arm64/7187679823f38a2a940e0043cdf9d637-common-args.resp -MMD -MT dependencies -MF /Users/j/Documents/GitHub/MoneroOne/build/Build/Intermediates.noindex/swift-crypto.build/Debug-iphonesimulator/CCryptoBoringSSL.build/Objects-normal/arm64/cpu_aarch64_fuchsia.d --serialize-diagnostics /Users/j/Documents/GitHub/MoneroOne/build/Build/Intermediates.noindex/swift-crypto.build/Debug-iphonesimulator/CCryptoBoringSSL.build/Objects-normal/arm64/cpu_aarch64_fuchsia.dia -c /Users/j/Documents/GitHub/MoneroOne/build/SourcePackages/checkouts/swift-crypto/Sources/CCryptoBoringSSL/crypto/cpu_aarch64_fuchsia.c -o /Users/j/Documents/GitHub/MoneroOne/build/Build/Intermediates.noindex/swift-crypto.build/Debug-iphonesimulator/CCryptoBoringSSL.build/Objects-normal/arm64/cpu_aarch64_fuchsia.o -index-unit-output-path /swift-crypto.build/Debug-iphonesimulator/CCryptoBoringSSL.build/Objects-normal/arm64/cpu_aarch64_fuchsia.o

CompileC /Users/j/Documents/GitHub/MoneroOne/build/Build/Intermediates.noindex/swift-crypto.build/Debug-iphonesimulator/CCryptoBoringSSL.build/Objects-normal/arm64/cpu_aarch64_apple.o /Users/j/Documents/GitHub/MoneroOne/build/SourcePackages/checkouts/swift-crypto/Sources/CCryptoBoringSSL/crypto/cpu_aarch64_apple.c normal arm64 c com.apple.compilers.llvm.clang.1_0.compiler (in target 'CCryptoBoringSSL' from project 'swift-crypto')
    cd /Users/j/Documents/GitHub/MoneroOne/MoneroOne.xcodeproj
    
    Using response file: /Users/j/Documents/GitHub/MoneroOne/build/Build/Intermediates.noindex/swift-crypto.build/Debug-iphonesimulator/CCryptoBoringSSL.build/Objects-normal/arm64/7187679823f38a2a940e0043cdf9d637-common-args.resp
    
    /Applications/Xcode.app/Contents/Developer/Toolchains/XcodeDefault.xctoolchain/usr/bin/clang -x c -ivfsstatcache /Users/j/Documents/GitHub/MoneroOne/build/SDKStatCaches.noindex/iphonesimulator26.1-23B77-90cf18a4295e390e64c810bc6bd7acbc.sdkstatcache -fmessage-length\=0 -fdiagnostics-show-note-include-stack -fmacro-backtrace-limit\=0 -fno-color-diagnostics -fmodules-prune-interval\=86400 -fmodules-prune-after\=345600 -fbuild-session-file\=/Users/j/Documents/GitHub/MoneroOne/build/ModuleCache.noindex/Session.modulevalidation -fmodules-validate-once-per-build-session -Wnon-modular-include-in-framework-module -Werror\=non-modular-include-in-framework-module -Wno-trigraphs -Wno-missing-field-initializers -Wno-missing-prototypes -Wno-return-type -Wno-missing-braces -Wparentheses -Wswitch -Wno-unused-function -Wno-unused-label -Wno-unused-parameter -Wno-unused-variable -Wunused-value -Wno-empty-body -Wno-uninitialized -Wno-unknown-pragmas -w -Wno-shadow -Wno-four-char-constants -Wno-conversion -Wno-constant-conversion -Wno-int-conversion -Wno-bool-conversion -Wno-enum-conversion -Wno-float-conversion -Wno-non-literal-null-conversion -Wno-objc-literal-conversion -Wshorten-64-to-32 -Wpointer-sign -Wno-newline-eof -Wno-implicit-fallthrough -fstrict-aliasing -Wdeprecated-declarations -Wno-sign-conversion -Wno-infinite-recursion -Wno-comma -Wno-block-capture-autoreleasing -Wno-strict-prototypes -Wno-semicolon-before-method-body -index-store-path /Users/j/Documents/GitHub/MoneroOne/build/Index.noindex/DataStore @/Users/j/Documents/GitHub/MoneroOne/build/Build/Intermediates.noindex/swift-crypto.build/Debug-iphonesimulator/CCryptoBoringSSL.build/Objects-normal/arm64/7187679823f38a2a940e0043cdf9d637-common-args.resp -MMD -MT dependencies -MF /Users/j/Documents/GitHub/MoneroOne/build/Build/Intermediates.noindex/swift-crypto.build/Debug-iphonesimulator/CCryptoBoringSSL.build/Objects-normal/arm64/cpu_aarch64_apple.d --serialize-diagnostics /Users/j/Documents/GitHub/MoneroOne/build/Build/Intermediates.noindex/swift-crypto.build/Debug-iphonesimulator/CCryptoBoringSSL.build/Objects-normal/arm64/cpu_aarch64_apple.dia -c /Users/j/Documents/GitHub/MoneroOne/build/SourcePackages/checkouts/swift-crypto/Sources/CCryptoBoringSSL/crypto/cpu_aarch64_apple.c -o /Users/j/Documents/GitHub/MoneroOne/build/Build/Intermediates.noindex/swift-crypto.build/Debug-iphonesimulator/CCryptoBoringSSL.build/Objects-normal/arm64/cpu_aarch64_apple.o -index-unit-output-path /swift-crypto.build/Debug-iphonesimulator/CCryptoBoringSSL.build/Objects-normal/arm64/cpu_aarch64_apple.o

ScanDependencies /Users/j/Documents/GitHub/MoneroOne/build/Build/Intermediates.noindex/swift-crypto.build/Debug-iphonesimulator/CCryptoBoringSSL.build/Objects-normal/arm64/conf.o /Users/j/Documents/GitHub/MoneroOne/build/SourcePackages/checkouts/swift-crypto/Sources/CCryptoBoringSSL/crypto/conf/conf.c normal arm64 c com.apple.compilers.llvm.clang.1_0.compiler (in target 'CCryptoBoringSSL' from project 'swift-crypto')
    cd /Users/j/Documents/GitHub/MoneroOne/MoneroOne.xcodeproj
    
    Using response file: /Users/j/Documents/GitHub/MoneroOne/build/Build/Intermediates.noindex/swift-crypto.build/Debug-iphonesimulator/CCryptoBoringSSL.build/Objects-normal/arm64/7187679823f38a2a940e0043cdf9d637-common-args.resp
    
    builtin-ScanDependencies -o /Users/j/Documents/GitHub/MoneroOne/build/Build/Intermediates.noindex/swift-crypto.build/Debug-iphonesimulator/CCryptoBoringSSL.build/Objects-normal/arm64/conf.o.scan -- /Applications/Xcode.app/Contents/Developer/Toolchains/XcodeDefault.xctoolchain/usr/bin/clang -x c -ivfsstatcache /Users/j/Documents/GitHub/MoneroOne/build/SDKStatCaches.noindex/iphonesimulator26.1-23B77-90cf18a4295e390e64c810bc6bd7acbc.sdkstatcache -fmessage-length\=0 -fdiagnostics-show-note-include-stack -fmacro-backtrace-limit\=0 -fno-color-diagnostics -fmodules-prune-interval\=86400 -fmodules-prune-after\=345600 -fbuild-session-file\=/Users/j/Documents/GitHub/MoneroOne/build/ModuleCache.noindex/Session.modulevalidation -fmodules-validate-once-per-build-session -Wnon-modular-include-in-framework-module -Werror\=non-modular-include-in-framework-module -Wno-trigraphs -Wno-missing-field-initializers -Wno-missing-prototypes -Wno-return-type -Wno-missing-braces -Wparentheses -Wswitch -Wno-unused-function -Wno-unused-label -Wno-unused-parameter -Wno-unused-variable -Wunused-value -Wno-empty-body -Wno-uninitialized -Wno-unknown-pragmas -w -Wno-shadow -Wno-four-char-constants -Wno-conversion -Wno-constant-conversion -Wno-int-conversion -Wno-bool-conversion -Wno-enum-conversion -Wno-float-conversion -Wno-non-literal-null-conversion -Wno-objc-literal-conversion -Wshorten-64-to-32 -Wpointer-sign -Wno-newline-eof -Wno-implicit-fallthrough -fstrict-aliasing -Wdeprecated-declarations -Wno-sign-conversion -Wno-infinite-recursion -Wno-comma -Wno-block-capture-autoreleasing -Wno-strict-prototypes -Wno-semicolon-before-method-body -index-store-path /Users/j/Documents/GitHub/MoneroOne/build/Index.noindex/DataStore @/Users/j/Documents/GitHub/MoneroOne/build/Build/Intermediates.noindex/swift-crypto.build/Debug-iphonesimulator/CCryptoBoringSSL.build/Objects-normal/arm64/7187679823f38a2a940e0043cdf9d637-common-args.resp -MMD -MT dependencies -MF /Users/j/Documents/GitHub/MoneroOne/build/Build/Intermediates.noindex/swift-crypto.build/Debug-iphonesimulator/CCryptoBoringSSL.build/Objects-normal/arm64/conf.d --serialize-diagnostics /Users/j/Documents/GitHub/MoneroOne/build/Build/Intermediates.noindex/swift-crypto.build/Debug-iphonesimulator/CCryptoBoringSSL.build/Objects-normal/arm64/conf.dia -c /Users/j/Documents/GitHub/MoneroOne/build/SourcePackages/checkouts/swift-crypto/Sources/CCryptoBoringSSL/crypto/conf/conf.c -o /Users/j/Documents/GitHub/MoneroOne/build/Build/Intermediates.noindex/swift-crypto.build/Debug-iphonesimulator/CCryptoBoringSSL.build/Objects-normal/arm64/conf.o -index-unit-output-path /swift-crypto.build/Debug-iphonesimulator/CCryptoBoringSSL.build/Objects-normal/arm64/conf.o

CompileC /Users/j/Documents/GitHub/MoneroOne/build/Build/Intermediates.noindex/swift-crypto.build/Debug-iphonesimulator/CCryptoBoringSSL.build/Objects-normal/arm64/convert.o /Users/j/Documents/GitHub/MoneroOne/build/SourcePackages/checkouts/swift-crypto/Sources/CCryptoBoringSSL/crypto/bn_extra/convert.c normal arm64 c com.apple.compilers.llvm.clang.1_0.compiler (in target 'CCryptoBoringSSL' from project 'swift-crypto')
    cd /Users/j/Documents/GitHub/MoneroOne/MoneroOne.xcodeproj
    
    Using response file: /Users/j/Documents/GitHub/MoneroOne/build/Build/Intermediates.noindex/swift-crypto.build/Debug-iphonesimulator/CCryptoBoringSSL.build/Objects-normal/arm64/7187679823f38a2a940e0043cdf9d637-common-args.resp
    
    /Applications/Xcode.app/Contents/Developer/Toolchains/XcodeDefault.xctoolchain/usr/bin/clang -x c -ivfsstatcache /Users/j/Documents/GitHub/MoneroOne/build/SDKStatCaches.noindex/iphonesimulator26.1-23B77-90cf18a4295e390e64c810bc6bd7acbc.sdkstatcache -fmessage-length\=0 -fdiagnostics-show-note-include-stack -fmacro-backtrace-limit\=0 -fno-color-diagnostics -fmodules-prune-interval\=86400 -fmodules-prune-after\=345600 -fbuild-session-file\=/Users/j/Documents/GitHub/MoneroOne/build/ModuleCache.noindex/Session.modulevalidation -fmodules-validate-once-per-build-session -Wnon-modular-include-in-framework-module -Werror\=non-modular-include-in-framework-module -Wno-trigraphs -Wno-missing-field-initializers -Wno-missing-prototypes -Wno-return-type -Wno-missing-braces -Wparentheses -Wswitch -Wno-unused-function -Wno-unused-label -Wno-unused-parameter -Wno-unused-variable -Wunused-value -Wno-empty-body -Wno-uninitialized -Wno-unknown-pragmas -w -Wno-shadow -Wno-four-char-constants -Wno-conversion -Wno-constant-conversion -Wno-int-conversion -Wno-bool-conversion -Wno-enum-conversion -Wno-float-conversion -Wno-non-literal-null-conversion -Wno-objc-literal-conversion -Wshorten-64-to-32 -Wpointer-sign -Wno-newline-eof -Wno-implicit-fallthrough -fstrict-aliasing -Wdeprecated-declarations -Wno-sign-conversion -Wno-infinite-recursion -Wno-comma -Wno-block-capture-autoreleasing -Wno-strict-prototypes -Wno-semicolon-before-method-body -index-store-path /Users/j/Documents/GitHub/MoneroOne/build/Index.noindex/DataStore @/Users/j/Documents/GitHub/MoneroOne/build/Build/Intermediates.noindex/swift-crypto.build/Debug-iphonesimulator/CCryptoBoringSSL.build/Objects-normal/arm64/7187679823f38a2a940e0043cdf9d637-common-args.resp -MMD -MT dependencies -MF /Users/j/Documents/GitHub/MoneroOne/build/Build/Intermediates.noindex/swift-crypto.build/Debug-iphonesimulator/CCryptoBoringSSL.build/Objects-normal/arm64/convert.d --serialize-diagnostics /Users/j/Documents/GitHub/MoneroOne/build/Build/Intermediates.noindex/swift-crypto.build/Debug-iphonesimulator/CCryptoBoringSSL.build/Objects-normal/arm64/convert.dia -c /Users/j/Documents/GitHub/MoneroOne/build/SourcePackages/checkouts/swift-crypto/Sources/CCryptoBoringSSL/crypto/bn_extra/convert.c -o /Users/j/Documents/GitHub/MoneroOne/build/Build/Intermediates.noindex/swift-crypto.build/Debug-iphonesimulator/CCryptoBoringSSL.build/Objects-normal/arm64/convert.o -index-unit-output-path /swift-crypto.build/Debug-iphonesimulator/CCryptoBoringSSL.build/Objects-normal/arm64/convert.o

ScanDependencies /Users/j/Documents/GitHub/MoneroOne/build/Build/Intermediates.noindex/swift-crypto.build/Debug-iphonesimulator/CCryptoBoringSSL.build/Objects-normal/arm64/cmp.o /Users/j/Documents/GitHub/MoneroOne/build/SourcePackages/checkouts/swift-crypto/Sources/CCryptoBoringSSL/crypto/fipsmodule/bn/cmp.c normal arm64 c com.apple.compilers.llvm.clang.1_0.compiler (in target 'CCryptoBoringSSL' from project 'swift-crypto')
    cd /Users/j/Documents/GitHub/MoneroOne/MoneroOne.xcodeproj
    
    Using response file: /Users/j/Documents/GitHub/MoneroOne/build/Build/Intermediates.noindex/swift-crypto.build/Debug-iphonesimulator/CCryptoBoringSSL.build/Objects-normal/arm64/7187679823f38a2a940e0043cdf9d637-common-args.resp
    
    builtin-ScanDependencies -o /Users/j/Documents/GitHub/MoneroOne/build/Build/Intermediates.noindex/swift-crypto.build/Debug-iphonesimulator/CCryptoBoringSSL.build/Objects-normal/arm64/cmp.o.scan -- /Applications/Xcode.app/Contents/Developer/Toolchains/XcodeDefault.xctoolchain/usr/bin/clang -x c -ivfsstatcache /Users/j/Documents/GitHub/MoneroOne/build/SDKStatCaches.noindex/iphonesimulator26.1-23B77-90cf18a4295e390e64c810bc6bd7acbc.sdkstatcache -fmessage-length\=0 -fdiagnostics-show-note-include-stack -fmacro-backtrace-limit\=0 -fno-color-diagnostics -fmodules-prune-interval\=86400 -fmodules-prune-after\=345600 -fbuild-session-file\=/Users/j/Documents/GitHub/MoneroOne/build/ModuleCache.noindex/Session.modulevalidation -fmodules-validate-once-per-build-session -Wnon-modular-include-in-framework-module -Werror\=non-modular-include-in-framework-module -Wno-trigraphs -Wno-missing-field-initializers -Wno-missing-prototypes -Wno-return-type -Wno-missing-braces -Wparentheses -Wswitch -Wno-unused-function -Wno-unused-label -Wno-unused-parameter -Wno-unused-variable -Wunused-value -Wno-empty-body -Wno-uninitialized -Wno-unknown-pragmas -w -Wno-shadow -Wno-four-char-constants -Wno-conversion -Wno-constant-conversion -Wno-int-conversion -Wno-bool-conversion -Wno-enum-conversion -Wno-float-conversion -Wno-non-literal-null-conversion -Wno-objc-literal-conversion -Wshorten-64-to-32 -Wpointer-sign -Wno-newline-eof -Wno-implicit-fallthrough -fstrict-aliasing -Wdeprecated-declarations -Wno-sign-conversion -Wno-infinite-recursion -Wno-comma -Wno-block-capture-autoreleasing -Wno-strict-prototypes -Wno-semicolon-before-method-body -index-store-path /Users/j/Documents/GitHub/MoneroOne/build/Index.noindex/DataStore @/Users/j/Documents/GitHub/MoneroOne/build/Build/Intermediates.noindex/swift-crypto.build/Debug-iphonesimulator/CCryptoBoringSSL.build/Objects-normal/arm64/7187679823f38a2a940e0043cdf9d637-common-args.resp -MMD -MT dependencies -MF /Users/j/Documents/GitHub/MoneroOne/build/Build/Intermediates.noindex/swift-crypto.build/Debug-iphonesimulator/CCryptoBoringSSL.build/Objects-normal/arm64/cmp.d --serialize-diagnostics /Users/j/Documents/GitHub/MoneroOne/build/Build/Intermediates.noindex/swift-crypto.build/Debug-iphonesimulator/CCryptoBoringSSL.build/Objects-normal/arm64/cmp.dia -c /Users/j/Documents/GitHub/MoneroOne/build/SourcePackages/checkouts/swift-crypto/Sources/CCryptoBoringSSL/crypto/fipsmodule/bn/cmp.c -o /Users/j/Documents/GitHub/MoneroOne/build/Build/Intermediates.noindex/swift-crypto.build/Debug-iphonesimulator/CCryptoBoringSSL.build/Objects-normal/arm64/cmp.o -index-unit-output-path /swift-crypto.build/Debug-iphonesimulator/CCryptoBoringSSL.build/Objects-normal/arm64/cmp.o

ScanDependencies /Users/j/Documents/GitHub/MoneroOne/build/Build/Intermediates.noindex/swift-crypto.build/Debug-iphonesimulator/CCryptoBoringSSL.build/Objects-normal/arm64/cmac.o /Users/j/Documents/GitHub/MoneroOne/build/SourcePackages/checkouts/swift-crypto/Sources/CCryptoBoringSSL/crypto/fipsmodule/cmac/cmac.c normal arm64 c com.apple.compilers.llvm.clang.1_0.compiler (in target 'CCryptoBoringSSL' from project 'swift-crypto')
    cd /Users/j/Documents/GitHub/MoneroOne/MoneroOne.xcodeproj
    
    Using response file: /Users/j/Documents/GitHub/MoneroOne/build/Build/Intermediates.noindex/swift-crypto.build/Debug-iphonesimulator/CCryptoBoringSSL.build/Objects-normal/arm64/7187679823f38a2a940e0043cdf9d637-common-args.resp
    
    builtin-ScanDependencies -o /Users/j/Documents/GitHub/MoneroOne/build/Build/Intermediates.noindex/swift-crypto.build/Debug-iphonesimulator/CCryptoBoringSSL.build/Objects-normal/arm64/cmac.o.scan -- /Applications/Xcode.app/Contents/Developer/Toolchains/XcodeDefault.xctoolchain/usr/bin/clang -x c -ivfsstatcache /Users/j/Documents/GitHub/MoneroOne/build/SDKStatCaches.noindex/iphonesimulator26.1-23B77-90cf18a4295e390e64c810bc6bd7acbc.sdkstatcache -fmessage-length\=0 -fdiagnostics-show-note-include-stack -fmacro-backtrace-limit\=0 -fno-color-diagnostics -fmodules-prune-interval\=86400 -fmodules-prune-after\=345600 -fbuild-session-file\=/Users/j/Documents/GitHub/MoneroOne/build/ModuleCache.noindex/Session.modulevalidation -fmodules-validate-once-per-build-session -Wnon-modular-include-in-framework-module -Werror\=non-modular-include-in-framework-module -Wno-trigraphs -Wno-missing-field-initializers -Wno-missing-prototypes -Wno-return-type -Wno-missing-braces -Wparentheses -Wswitch -Wno-unused-function -Wno-unused-label -Wno-unused-parameter -Wno-unused-variable -Wunused-value -Wno-empty-body -Wno-uninitialized -Wno-unknown-pragmas -w -Wno-shadow -Wno-four-char-constants -Wno-conversion -Wno-constant-conversion -Wno-int-conversion -Wno-bool-conversion -Wno-enum-conversion -Wno-float-conversion -Wno-non-literal-null-conversion -Wno-objc-literal-conversion -Wshorten-64-to-32 -Wpointer-sign -Wno-newline-eof -Wno-implicit-fallthrough -fstrict-aliasing -Wdeprecated-declarations -Wno-sign-conversion -Wno-infinite-recursion -Wno-comma -Wno-block-capture-autoreleasing -Wno-strict-prototypes -Wno-semicolon-before-method-body -index-store-path /Users/j/Documents/GitHub/MoneroOne/build/Index.noindex/DataStore @/Users/j/Documents/GitHub/MoneroOne/build/Build/Intermediates.noindex/swift-crypto.build/Debug-iphonesimulator/CCryptoBoringSSL.build/Objects-normal/arm64/7187679823f38a2a940e0043cdf9d637-common-args.resp -MMD -MT dependencies -MF /Users/j/Documents/GitHub/MoneroOne/build/Build/Intermediates.noindex/swift-crypto.build/Debug-iphonesimulator/CCryptoBoringSSL.build/Objects-normal/arm64/cmac.d --serialize-diagnostics /Users/j/Documents/GitHub/MoneroOne/build/Build/Intermediates.noindex/swift-crypto.build/Debug-iphonesimulator/CCryptoBoringSSL.build/Objects-normal/arm64/cmac.dia -c /Users/j/Documents/GitHub/MoneroOne/build/SourcePackages/checkouts/swift-crypto/Sources/CCryptoBoringSSL/crypto/fipsmodule/cmac/cmac.c -o /Users/j/Documents/GitHub/MoneroOne/build/Build/Intermediates.noindex/swift-crypto.build/Debug-iphonesimulator/CCryptoBoringSSL.build/Objects-normal/arm64/cmac.o -index-unit-output-path /swift-crypto.build/Debug-iphonesimulator/CCryptoBoringSSL.build/Objects-normal/arm64/cmac.o

ScanDependencies /Users/j/Documents/GitHub/MoneroOne/build/Build/Intermediates.noindex/swift-crypto.build/Debug-iphonesimulator/CCryptoBoringSSL.build/Objects-normal/arm64/cipher_extra.o /Users/j/Documents/GitHub/MoneroOne/build/SourcePackages/checkouts/swift-crypto/Sources/CCryptoBoringSSL/crypto/cipher_extra/cipher_extra.c normal arm64 c com.apple.compilers.llvm.clang.1_0.compiler (in target 'CCryptoBoringSSL' from project 'swift-crypto')
    cd /Users/j/Documents/GitHub/MoneroOne/MoneroOne.xcodeproj
    
    Using response file: /Users/j/Documents/GitHub/MoneroOne/build/Build/Intermediates.noindex/swift-crypto.build/Debug-iphonesimulator/CCryptoBoringSSL.build/Objects-normal/arm64/7187679823f38a2a940e0043cdf9d637-common-args.resp
    
    builtin-ScanDependencies -o /Users/j/Documents/GitHub/MoneroOne/build/Build/Intermediates.noindex/swift-crypto.build/Debug-iphonesimulator/CCryptoBoringSSL.build/Objects-normal/arm64/cipher_extra.o.scan -- /Applications/Xcode.app/Contents/Developer/Toolchains/XcodeDefault.xctoolchain/usr/bin/clang -x c -ivfsstatcache /Users/j/Documents/GitHub/MoneroOne/build/SDKStatCaches.noindex/iphonesimulator26.1-23B77-90cf18a4295e390e64c810bc6bd7acbc.sdkstatcache -fmessage-length\=0 -fdiagnostics-show-note-include-stack -fmacro-backtrace-limit\=0 -fno-color-diagnostics -fmodules-prune-interval\=86400 -fmodules-prune-after\=345600 -fbuild-session-file\=/Users/j/Documents/GitHub/MoneroOne/build/ModuleCache.noindex/Session.modulevalidation -fmodules-validate-once-per-build-session -Wnon-modular-include-in-framework-module -Werror\=non-modular-include-in-framework-module -Wno-trigraphs -Wno-missing-field-initializers -Wno-missing-prototypes -Wno-return-type -Wno-missing-braces -Wparentheses -Wswitch -Wno-unused-function -Wno-unused-label -Wno-unused-parameter -Wno-unused-variable -Wunused-value -Wno-empty-body -Wno-uninitialized -Wno-unknown-pragmas -w -Wno-shadow -Wno-four-char-constants -Wno-conversion -Wno-constant-conversion -Wno-int-conversion -Wno-bool-conversion -Wno-enum-conversion -Wno-float-conversion -Wno-non-literal-null-conversion -Wno-objc-literal-conversion -Wshorten-64-to-32 -Wpointer-sign -Wno-newline-eof -Wno-implicit-fallthrough -fstrict-aliasing -Wdeprecated-declarations -Wno-sign-conversion -Wno-infinite-recursion -Wno-comma -Wno-block-capture-autoreleasing -Wno-strict-prototypes -Wno-semicolon-before-method-body -index-store-path /Users/j/Documents/GitHub/MoneroOne/build/Index.noindex/DataStore @/Users/j/Documents/GitHub/MoneroOne/build/Build/Intermediates.noindex/swift-crypto.build/Debug-iphonesimulator/CCryptoBoringSSL.build/Objects-normal/arm64/7187679823f38a2a940e0043cdf9d637-common-args.resp -MMD -MT dependencies -MF /Users/j/Documents/GitHub/MoneroOne/build/Build/Intermediates.noindex/swift-crypto.build/Debug-iphonesimulator/CCryptoBoringSSL.build/Objects-normal/arm64/cipher_extra.d --serialize-diagnostics /Users/j/Documents/GitHub/MoneroOne/build/Build/Intermediates.noindex/swift-crypto.build/Debug-iphonesimulator/CCryptoBoringSSL.build/Objects-normal/arm64/cipher_extra.dia -c /Users/j/Documents/GitHub/MoneroOne/build/SourcePackages/checkouts/swift-crypto/Sources/CCryptoBoringSSL/crypto/cipher_extra/cipher_extra.c -o /Users/j/Documents/GitHub/MoneroOne/build/Build/Intermediates.noindex/swift-crypto.build/Debug-iphonesimulator/CCryptoBoringSSL.build/Objects-normal/arm64/cipher_extra.o -index-unit-output-path /swift-crypto.build/Debug-iphonesimulator/CCryptoBoringSSL.build/Objects-normal/arm64/cipher_extra.o

ScanDependencies /Users/j/Documents/GitHub/MoneroOne/build/Build/Intermediates.noindex/swift-crypto.build/Debug-iphonesimulator/CCryptoBoringSSL.build/Objects-normal/arm64/cipher.o /Users/j/Documents/GitHub/MoneroOne/build/SourcePackages/checkouts/swift-crypto/Sources/CCryptoBoringSSL/crypto/fipsmodule/cipher/cipher.c normal arm64 c com.apple.compilers.llvm.clang.1_0.compiler (in target 'CCryptoBoringSSL' from project 'swift-crypto')
    cd /Users/j/Documents/GitHub/MoneroOne/MoneroOne.xcodeproj
    
    Using response file: /Users/j/Documents/GitHub/MoneroOne/build/Build/Intermediates.noindex/swift-crypto.build/Debug-iphonesimulator/CCryptoBoringSSL.build/Objects-normal/arm64/7187679823f38a2a940e0043cdf9d637-common-args.resp
    
    builtin-ScanDependencies -o /Users/j/Documents/GitHub/MoneroOne/build/Build/Intermediates.noindex/swift-crypto.build/Debug-iphonesimulator/CCryptoBoringSSL.build/Objects-normal/arm64/cipher.o.scan -- /Applications/Xcode.app/Contents/Developer/Toolchains/XcodeDefault.xctoolchain/usr/bin/clang -x c -ivfsstatcache /Users/j/Documents/GitHub/MoneroOne/build/SDKStatCaches.noindex/iphonesimulator26.1-23B77-90cf18a4295e390e64c810bc6bd7acbc.sdkstatcache -fmessage-length\=0 -fdiagnostics-show-note-include-stack -fmacro-backtrace-limit\=0 -fno-color-diagnostics -fmodules-prune-interval\=86400 -fmodules-prune-after\=345600 -fbuild-session-file\=/Users/j/Documents/GitHub/MoneroOne/build/ModuleCache.noindex/Session.modulevalidation -fmodules-validate-once-per-build-session -Wnon-modular-include-in-framework-module -Werror\=non-modular-include-in-framework-module -Wno-trigraphs -Wno-missing-field-initializers -Wno-missing-prototypes -Wno-return-type -Wno-missing-braces -Wparentheses -Wswitch -Wno-unused-function -Wno-unused-label -Wno-unused-parameter -Wno-unused-variable -Wunused-value -Wno-empty-body -Wno-uninitialized -Wno-unknown-pragmas -w -Wno-shadow -Wno-four-char-constants -Wno-conversion -Wno-constant-conversion -Wno-int-conversion -Wno-bool-conversion -Wno-enum-conversion -Wno-float-conversion -Wno-non-literal-null-conversion -Wno-objc-literal-conversion -Wshorten-64-to-32 -Wpointer-sign -Wno-newline-eof -Wno-implicit-fallthrough -fstrict-aliasing -Wdeprecated-declarations -Wno-sign-conversion -Wno-infinite-recursion -Wno-comma -Wno-block-capture-autoreleasing -Wno-strict-prototypes -Wno-semicolon-before-method-body -index-store-path /Users/j/Documents/GitHub/MoneroOne/build/Index.noindex/DataStore @/Users/j/Documents/GitHub/MoneroOne/build/Build/Intermediates.noindex/swift-crypto.build/Debug-iphonesimulator/CCryptoBoringSSL.build/Objects-normal/arm64/7187679823f38a2a940e0043cdf9d637-common-args.resp -MMD -MT dependencies -MF /Users/j/Documents/GitHub/MoneroOne/build/Build/Intermediates.noindex/swift-crypto.build/Debug-iphonesimulator/CCryptoBoringSSL.build/Objects-normal/arm64/cipher.d --serialize-diagnostics /Users/j/Documents/GitHub/MoneroOne/build/Build/Intermediates.noindex/swift-crypto.build/Debug-iphonesimulator/CCryptoBoringSSL.build/Objects-normal/arm64/cipher.dia -c /Users/j/Documents/GitHub/MoneroOne/build/SourcePackages/checkouts/swift-crypto/Sources/CCryptoBoringSSL/crypto/fipsmodule/cipher/cipher.c -o /Users/j/Documents/GitHub/MoneroOne/build/Build/Intermediates.noindex/swift-crypto.build/Debug-iphonesimulator/CCryptoBoringSSL.build/Objects-normal/arm64/cipher.o -index-unit-output-path /swift-crypto.build/Debug-iphonesimulator/CCryptoBoringSSL.build/Objects-normal/arm64/cipher.o

ScanDependencies /Users/j/Documents/GitHub/MoneroOne/build/Build/Intermediates.noindex/swift-crypto.build/Debug-iphonesimulator/CCryptoBoringSSL.build/Objects-normal/arm64/check.o /Users/j/Documents/GitHub/MoneroOne/build/SourcePackages/checkouts/swift-crypto/Sources/CCryptoBoringSSL/crypto/fipsmodule/dh/check.c normal arm64 c com.apple.compilers.llvm.clang.1_0.compiler (in target 'CCryptoBoringSSL' from project 'swift-crypto')
    cd /Users/j/Documents/GitHub/MoneroOne/MoneroOne.xcodeproj
    
    Using response file: /Users/j/Documents/GitHub/MoneroOne/build/Build/Intermediates.noindex/swift-crypto.build/Debug-iphonesimulator/CCryptoBoringSSL.build/Objects-normal/arm64/7187679823f38a2a940e0043cdf9d637-common-args.resp
    
    builtin-ScanDependencies -o /Users/j/Documents/GitHub/MoneroOne/build/Build/Intermediates.noindex/swift-crypto.build/Debug-iphonesimulator/CCryptoBoringSSL.build/Objects-normal/arm64/check.o.scan -- /Applications/Xcode.app/Contents/Developer/Toolchains/XcodeDefault.xctoolchain/usr/bin/clang -x c -ivfsstatcache /Users/j/Documents/GitHub/MoneroOne/build/SDKStatCaches.noindex/iphonesimulator26.1-23B77-90cf18a4295e390e64c810bc6bd7acbc.sdkstatcache -fmessage-length\=0 -fdiagnostics-show-note-include-stack -fmacro-backtrace-limit\=0 -fno-color-diagnostics -fmodules-prune-interval\=86400 -fmodules-prune-after\=345600 -fbuild-session-file\=/Users/j/Documents/GitHub/MoneroOne/build/ModuleCache.noindex/Session.modulevalidation -fmodules-validate-once-per-build-session -Wnon-modular-include-in-framework-module -Werror\=non-modular-include-in-framework-module -Wno-trigraphs -Wno-missing-field-initializers -Wno-missing-prototypes -Wno-return-type -Wno-missing-braces -Wparentheses -Wswitch -Wno-unused-function -Wno-unused-label -Wno-unused-parameter -Wno-unused-variable -Wunused-value -Wno-empty-body -Wno-uninitialized -Wno-unknown-pragmas -w -Wno-shadow -Wno-four-char-constants -Wno-conversion -Wno-constant-conversion -Wno-int-conversion -Wno-bool-conversion -Wno-enum-conversion -Wno-float-conversion -Wno-non-literal-null-conversion -Wno-objc-literal-conversion -Wshorten-64-to-32 -Wpointer-sign -Wno-newline-eof -Wno-implicit-fallthrough -fstrict-aliasing -Wdeprecated-declarations -Wno-sign-conversion -Wno-infinite-recursion -Wno-comma -Wno-block-capture-autoreleasing -Wno-strict-prototypes -Wno-semicolon-before-method-body -index-store-path /Users/j/Documents/GitHub/MoneroOne/build/Index.noindex/DataStore @/Users/j/Documents/GitHub/MoneroOne/build/Build/Intermediates.noindex/swift-crypto.build/Debug-iphonesimulator/CCryptoBoringSSL.build/Objects-normal/arm64/7187679823f38a2a940e0043cdf9d637-common-args.resp -MMD -MT dependencies -MF /Users/j/Documents/GitHub/MoneroOne/build/Build/Intermediates.noindex/swift-crypto.build/Debug-iphonesimulator/CCryptoBoringSSL.build/Objects-normal/arm64/check.d --serialize-diagnostics /Users/j/Documents/GitHub/MoneroOne/build/Build/Intermediates.noindex/swift-crypto.build/Debug-iphonesimulator/CCryptoBoringSSL.build/Objects-normal/arm64/check.dia -c /Users/j/Documents/GitHub/MoneroOne/build/SourcePackages/checkouts/swift-crypto/Sources/CCryptoBoringSSL/crypto/fipsmodule/dh/check.c -o /Users/j/Documents/GitHub/MoneroOne/build/Build/Intermediates.noindex/swift-crypto.build/Debug-iphonesimulator/CCryptoBoringSSL.build/Objects-normal/arm64/check.o -index-unit-output-path /swift-crypto.build/Debug-iphonesimulator/CCryptoBoringSSL.build/Objects-normal/arm64/check.o

CompileC /Users/j/Documents/GitHub/MoneroOne/build/Build/Intermediates.noindex/swift-crypto.build/Debug-iphonesimulator/CCryptoBoringSSL.build/Objects-normal/arm64/cmp.o /Users/j/Documents/GitHub/MoneroOne/build/SourcePackages/checkouts/swift-crypto/Sources/CCryptoBoringSSL/crypto/fipsmodule/bn/cmp.c normal arm64 c com.apple.compilers.llvm.clang.1_0.compiler (in target 'CCryptoBoringSSL' from project 'swift-crypto')
    cd /Users/j/Documents/GitHub/MoneroOne/MoneroOne.xcodeproj
    
    Using response file: /Users/j/Documents/GitHub/MoneroOne/build/Build/Intermediates.noindex/swift-crypto.build/Debug-iphonesimulator/CCryptoBoringSSL.build/Objects-normal/arm64/7187679823f38a2a940e0043cdf9d637-common-args.resp
    
    /Applications/Xcode.app/Contents/Developer/Toolchains/XcodeDefault.xctoolchain/usr/bin/clang -x c -ivfsstatcache /Users/j/Documents/GitHub/MoneroOne/build/SDKStatCaches.noindex/iphonesimulator26.1-23B77-90cf18a4295e390e64c810bc6bd7acbc.sdkstatcache -fmessage-length\=0 -fdiagnostics-show-note-include-stack -fmacro-backtrace-limit\=0 -fno-color-diagnostics -fmodules-prune-interval\=86400 -fmodules-prune-after\=345600 -fbuild-session-file\=/Users/j/Documents/GitHub/MoneroOne/build/ModuleCache.noindex/Session.modulevalidation -fmodules-validate-once-per-build-session -Wnon-modular-include-in-framework-module -Werror\=non-modular-include-in-framework-module -Wno-trigraphs -Wno-missing-field-initializers -Wno-missing-prototypes -Wno-return-type -Wno-missing-braces -Wparentheses -Wswitch -Wno-unused-function -Wno-unused-label -Wno-unused-parameter -Wno-unused-variable -Wunused-value -Wno-empty-body -Wno-uninitialized -Wno-unknown-pragmas -w -Wno-shadow -Wno-four-char-constants -Wno-conversion -Wno-constant-conversion -Wno-int-conversion -Wno-bool-conversion -Wno-enum-conversion -Wno-float-conversion -Wno-non-literal-null-conversion -Wno-objc-literal-conversion -Wshorten-64-to-32 -Wpointer-sign -Wno-newline-eof -Wno-implicit-fallthrough -fstrict-aliasing -Wdeprecated-declarations -Wno-sign-conversion -Wno-infinite-recursion -Wno-comma -Wno-block-capture-autoreleasing -Wno-strict-prototypes -Wno-semicolon-before-method-body -index-store-path /Users/j/Documents/GitHub/MoneroOne/build/Index.noindex/DataStore @/Users/j/Documents/GitHub/MoneroOne/build/Build/Intermediates.noindex/swift-crypto.build/Debug-iphonesimulator/CCryptoBoringSSL.build/Objects-normal/arm64/7187679823f38a2a940e0043cdf9d637-common-args.resp -MMD -MT dependencies -MF /Users/j/Documents/GitHub/MoneroOne/build/Build/Intermediates.noindex/swift-crypto.build/Debug-iphonesimulator/CCryptoBoringSSL.build/Objects-normal/arm64/cmp.d --serialize-diagnostics /Users/j/Documents/GitHub/MoneroOne/build/Build/Intermediates.noindex/swift-crypto.build/Debug-iphonesimulator/CCryptoBoringSSL.build/Objects-normal/arm64/cmp.dia -c /Users/j/Documents/GitHub/MoneroOne/build/SourcePackages/checkouts/swift-crypto/Sources/CCryptoBoringSSL/crypto/fipsmodule/bn/cmp.c -o /Users/j/Documents/GitHub/MoneroOne/build/Build/Intermediates.noindex/swift-crypto.build/Debug-iphonesimulator/CCryptoBoringSSL.build/Objects-normal/arm64/cmp.o -index-unit-output-path /swift-crypto.build/Debug-iphonesimulator/CCryptoBoringSSL.build/Objects-normal/arm64/cmp.o

ScanDependencies /Users/j/Documents/GitHub/MoneroOne/build/Build/Intermediates.noindex/swift-crypto.build/Debug-iphonesimulator/CCryptoBoringSSL.build/Objects-normal/arm64/chacha.o /Users/j/Documents/GitHub/MoneroOne/build/SourcePackages/checkouts/swift-crypto/Sources/CCryptoBoringSSL/crypto/chacha/chacha.c normal arm64 c com.apple.compilers.llvm.clang.1_0.compiler (in target 'CCryptoBoringSSL' from project 'swift-crypto')
    cd /Users/j/Documents/GitHub/MoneroOne/MoneroOne.xcodeproj
    
    Using response file: /Users/j/Documents/GitHub/MoneroOne/build/Build/Intermediates.noindex/swift-crypto.build/Debug-iphonesimulator/CCryptoBoringSSL.build/Objects-normal/arm64/7187679823f38a2a940e0043cdf9d637-common-args.resp
    
    builtin-ScanDependencies -o /Users/j/Documents/GitHub/MoneroOne/build/Build/Intermediates.noindex/swift-crypto.build/Debug-iphonesimulator/CCryptoBoringSSL.build/Objects-normal/arm64/chacha.o.scan -- /Applications/Xcode.app/Contents/Developer/Toolchains/XcodeDefault.xctoolchain/usr/bin/clang -x c -ivfsstatcache /Users/j/Documents/GitHub/MoneroOne/build/SDKStatCaches.noindex/iphonesimulator26.1-23B77-90cf18a4295e390e64c810bc6bd7acbc.sdkstatcache -fmessage-length\=0 -fdiagnostics-show-note-include-stack -fmacro-backtrace-limit\=0 -fno-color-diagnostics -fmodules-prune-interval\=86400 -fmodules-prune-after\=345600 -fbuild-session-file\=/Users/j/Documents/GitHub/MoneroOne/build/ModuleCache.noindex/Session.modulevalidation -fmodules-validate-once-per-build-session -Wnon-modular-include-in-framework-module -Werror\=non-modular-include-in-framework-module -Wno-trigraphs -Wno-missing-field-initializers -Wno-missing-prototypes -Wno-return-type -Wno-missing-braces -Wparentheses -Wswitch -Wno-unused-function -Wno-unused-label -Wno-unused-parameter -Wno-unused-variable -Wunused-value -Wno-empty-body -Wno-uninitialized -Wno-unknown-pragmas -w -Wno-shadow -Wno-four-char-constants -Wno-conversion -Wno-constant-conversion -Wno-int-conversion -Wno-bool-conversion -Wno-enum-conversion -Wno-float-conversion -Wno-non-literal-null-conversion -Wno-objc-literal-conversion -Wshorten-64-to-32 -Wpointer-sign -Wno-newline-eof -Wno-implicit-fallthrough -fstrict-aliasing -Wdeprecated-declarations -Wno-sign-conversion -Wno-infinite-recursion -Wno-comma -Wno-block-capture-autoreleasing -Wno-strict-prototypes -Wno-semicolon-before-method-body -index-store-path /Users/j/Documents/GitHub/MoneroOne/build/Index.noindex/DataStore @/Users/j/Documents/GitHub/MoneroOne/build/Build/Intermediates.noindex/swift-crypto.build/Debug-iphonesimulator/CCryptoBoringSSL.build/Objects-normal/arm64/7187679823f38a2a940e0043cdf9d637-common-args.resp -MMD -MT dependencies -MF /Users/j/Documents/GitHub/MoneroOne/build/Build/Intermediates.noindex/swift-crypto.build/Debug-iphonesimulator/CCryptoBoringSSL.build/Objects-normal/arm64/chacha.d --serialize-diagnostics /Users/j/Documents/GitHub/MoneroOne/build/Build/Intermediates.noindex/swift-crypto.build/Debug-iphonesimulator/CCryptoBoringSSL.build/Objects-normal/arm64/chacha.dia -c /Users/j/Documents/GitHub/MoneroOne/build/SourcePackages/checkouts/swift-crypto/Sources/CCryptoBoringSSL/crypto/chacha/chacha.c -o /Users/j/Documents/GitHub/MoneroOne/build/Build/Intermediates.noindex/swift-crypto.build/Debug-iphonesimulator/CCryptoBoringSSL.build/Objects-normal/arm64/chacha.o -index-unit-output-path /swift-crypto.build/Debug-iphonesimulator/CCryptoBoringSSL.build/Objects-normal/arm64/chacha.o

CompileC /Users/j/Documents/GitHub/MoneroOne/build/Build/Intermediates.noindex/swift-crypto.build/Debug-iphonesimulator/CCryptoBoringSSL.build/Objects-normal/arm64/cmac.o /Users/j/Documents/GitHub/MoneroOne/build/SourcePackages/checkouts/swift-crypto/Sources/CCryptoBoringSSL/crypto/fipsmodule/cmac/cmac.c normal arm64 c com.apple.compilers.llvm.clang.1_0.compiler (in target 'CCryptoBoringSSL' from project 'swift-crypto')
    cd /Users/j/Documents/GitHub/MoneroOne/MoneroOne.xcodeproj
    
    Using response file: /Users/j/Documents/GitHub/MoneroOne/build/Build/Intermediates.noindex/swift-crypto.build/Debug-iphonesimulator/CCryptoBoringSSL.build/Objects-normal/arm64/7187679823f38a2a940e0043cdf9d637-common-args.resp
    
    /Applications/Xcode.app/Contents/Developer/Toolchains/XcodeDefault.xctoolchain/usr/bin/clang -x c -ivfsstatcache /Users/j/Documents/GitHub/MoneroOne/build/SDKStatCaches.noindex/iphonesimulator26.1-23B77-90cf18a4295e390e64c810bc6bd7acbc.sdkstatcache -fmessage-length\=0 -fdiagnostics-show-note-include-stack -fmacro-backtrace-limit\=0 -fno-color-diagnostics -fmodules-prune-interval\=86400 -fmodules-prune-after\=345600 -fbuild-session-file\=/Users/j/Documents/GitHub/MoneroOne/build/ModuleCache.noindex/Session.modulevalidation -fmodules-validate-once-per-build-session -Wnon-modular-include-in-framework-module -Werror\=non-modular-include-in-framework-module -Wno-trigraphs -Wno-missing-field-initializers -Wno-missing-prototypes -Wno-return-type -Wno-missing-braces -Wparentheses -Wswitch -Wno-unused-function -Wno-unused-label -Wno-unused-parameter -Wno-unused-variable -Wunused-value -Wno-empty-body -Wno-uninitialized -Wno-unknown-pragmas -w -Wno-shadow -Wno-four-char-constants -Wno-conversion -Wno-constant-conversion -Wno-int-conversion -Wno-bool-conversion -Wno-enum-conversion -Wno-float-conversion -Wno-non-literal-null-conversion -Wno-objc-literal-conversion -Wshorten-64-to-32 -Wpointer-sign -Wno-newline-eof -Wno-implicit-fallthrough -fstrict-aliasing -Wdeprecated-declarations -Wno-sign-conversion -Wno-infinite-recursion -Wno-comma -Wno-block-capture-autoreleasing -Wno-strict-prototypes -Wno-semicolon-before-method-body -index-store-path /Users/j/Documents/GitHub/MoneroOne/build/Index.noindex/DataStore @/Users/j/Documents/GitHub/MoneroOne/build/Build/Intermediates.noindex/swift-crypto.build/Debug-iphonesimulator/CCryptoBoringSSL.build/Objects-normal/arm64/7187679823f38a2a940e0043cdf9d637-common-args.resp -MMD -MT dependencies -MF /Users/j/Documents/GitHub/MoneroOne/build/Build/Intermediates.noindex/swift-crypto.build/Debug-iphonesimulator/CCryptoBoringSSL.build/Objects-normal/arm64/cmac.d --serialize-diagnostics /Users/j/Documents/GitHub/MoneroOne/build/Build/Intermediates.noindex/swift-crypto.build/Debug-iphonesimulator/CCryptoBoringSSL.build/Objects-normal/arm64/cmac.dia -c /Users/j/Documents/GitHub/MoneroOne/build/SourcePackages/checkouts/swift-crypto/Sources/CCryptoBoringSSL/crypto/fipsmodule/cmac/cmac.c -o /Users/j/Documents/GitHub/MoneroOne/build/Build/Intermediates.noindex/swift-crypto.build/Debug-iphonesimulator/CCryptoBoringSSL.build/Objects-normal/arm64/cmac.o -index-unit-output-path /swift-crypto.build/Debug-iphonesimulator/CCryptoBoringSSL.build/Objects-normal/arm64/cmac.o

ScanDependencies /Users/j/Documents/GitHub/MoneroOne/build/Build/Intermediates.noindex/swift-crypto.build/Debug-iphonesimulator/CCryptoBoringSSL.build/Objects-normal/arm64/cfb.o /Users/j/Documents/GitHub/MoneroOne/build/SourcePackages/checkouts/swift-crypto/Sources/CCryptoBoringSSL/crypto/fipsmodule/modes/cfb.c normal arm64 c com.apple.compilers.llvm.clang.1_0.compiler (in target 'CCryptoBoringSSL' from project 'swift-crypto')
    cd /Users/j/Documents/GitHub/MoneroOne/MoneroOne.xcodeproj
    
    Using response file: /Users/j/Documents/GitHub/MoneroOne/build/Build/Intermediates.noindex/swift-crypto.build/Debug-iphonesimulator/CCryptoBoringSSL.build/Objects-normal/arm64/7187679823f38a2a940e0043cdf9d637-common-args.resp
    
    builtin-ScanDependencies -o /Users/j/Documents/GitHub/MoneroOne/build/Build/Intermediates.noindex/swift-crypto.build/Debug-iphonesimulator/CCryptoBoringSSL.build/Objects-normal/arm64/cfb.o.scan -- /Applications/Xcode.app/Contents/Developer/Toolchains/XcodeDefault.xctoolchain/usr/bin/clang -x c -ivfsstatcache /Users/j/Documents/GitHub/MoneroOne/build/SDKStatCaches.noindex/iphonesimulator26.1-23B77-90cf18a4295e390e64c810bc6bd7acbc.sdkstatcache -fmessage-length\=0 -fdiagnostics-show-note-include-stack -fmacro-backtrace-limit\=0 -fno-color-diagnostics -fmodules-prune-interval\=86400 -fmodules-prune-after\=345600 -fbuild-session-file\=/Users/j/Documents/GitHub/MoneroOne/build/ModuleCache.noindex/Session.modulevalidation -fmodules-validate-once-per-build-session -Wnon-modular-include-in-framework-module -Werror\=non-modular-include-in-framework-module -Wno-trigraphs -Wno-missing-field-initializers -Wno-missing-prototypes -Wno-return-type -Wno-missing-braces -Wparentheses -Wswitch -Wno-unused-function -Wno-unused-label -Wno-unused-parameter -Wno-unused-variable -Wunused-value -Wno-empty-body -Wno-uninitialized -Wno-unknown-pragmas -w -Wno-shadow -Wno-four-char-constants -Wno-conversion -Wno-constant-conversion -Wno-int-conversion -Wno-bool-conversion -Wno-enum-conversion -Wno-float-conversion -Wno-non-literal-null-conversion -Wno-objc-literal-conversion -Wshorten-64-to-32 -Wpointer-sign -Wno-newline-eof -Wno-implicit-fallthrough -fstrict-aliasing -Wdeprecated-declarations -Wno-sign-conversion -Wno-infinite-recursion -Wno-comma -Wno-block-capture-autoreleasing -Wno-strict-prototypes -Wno-semicolon-before-method-body -index-store-path /Users/j/Documents/GitHub/MoneroOne/build/Index.noindex/DataStore @/Users/j/Documents/GitHub/MoneroOne/build/Build/Intermediates.noindex/swift-crypto.build/Debug-iphonesimulator/CCryptoBoringSSL.build/Objects-normal/arm64/7187679823f38a2a940e0043cdf9d637-common-args.resp -MMD -MT dependencies -MF /Users/j/Documents/GitHub/MoneroOne/build/Build/Intermediates.noindex/swift-crypto.build/Debug-iphonesimulator/CCryptoBoringSSL.build/Objects-normal/arm64/cfb.d --serialize-diagnostics /Users/j/Documents/GitHub/MoneroOne/build/Build/Intermediates.noindex/swift-crypto.build/Debug-iphonesimulator/CCryptoBoringSSL.build/Objects-normal/arm64/cfb.dia -c /Users/j/Documents/GitHub/MoneroOne/build/SourcePackages/checkouts/swift-crypto/Sources/CCryptoBoringSSL/crypto/fipsmodule/modes/cfb.c -o /Users/j/Documents/GitHub/MoneroOne/build/Build/Intermediates.noindex/swift-crypto.build/Debug-iphonesimulator/CCryptoBoringSSL.build/Objects-normal/arm64/cfb.o -index-unit-output-path /swift-crypto.build/Debug-iphonesimulator/CCryptoBoringSSL.build/Objects-normal/arm64/cfb.o

CompileC /Users/j/Documents/GitHub/MoneroOne/build/Build/Intermediates.noindex/swift-crypto.build/Debug-iphonesimulator/CCryptoBoringSSL.build/Objects-normal/arm64/cipher_extra.o /Users/j/Documents/GitHub/MoneroOne/build/SourcePackages/checkouts/swift-crypto/Sources/CCryptoBoringSSL/crypto/cipher_extra/cipher_extra.c normal arm64 c com.apple.compilers.llvm.clang.1_0.compiler (in target 'CCryptoBoringSSL' from project 'swift-crypto')
    cd /Users/j/Documents/GitHub/MoneroOne/MoneroOne.xcodeproj
    
    Using response file: /Users/j/Documents/GitHub/MoneroOne/build/Build/Intermediates.noindex/swift-crypto.build/Debug-iphonesimulator/CCryptoBoringSSL.build/Objects-normal/arm64/7187679823f38a2a940e0043cdf9d637-common-args.resp
    
    /Applications/Xcode.app/Contents/Developer/Toolchains/XcodeDefault.xctoolchain/usr/bin/clang -x c -ivfsstatcache /Users/j/Documents/GitHub/MoneroOne/build/SDKStatCaches.noindex/iphonesimulator26.1-23B77-90cf18a4295e390e64c810bc6bd7acbc.sdkstatcache -fmessage-length\=0 -fdiagnostics-show-note-include-stack -fmacro-backtrace-limit\=0 -fno-color-diagnostics -fmodules-prune-interval\=86400 -fmodules-prune-after\=345600 -fbuild-session-file\=/Users/j/Documents/GitHub/MoneroOne/build/ModuleCache.noindex/Session.modulevalidation -fmodules-validate-once-per-build-session -Wnon-modular-include-in-framework-module -Werror\=non-modular-include-in-framework-module -Wno-trigraphs -Wno-missing-field-initializers -Wno-missing-prototypes -Wno-return-type -Wno-missing-braces -Wparentheses -Wswitch -Wno-unused-function -Wno-unused-label -Wno-unused-parameter -Wno-unused-variable -Wunused-value -Wno-empty-body -Wno-uninitialized -Wno-unknown-pragmas -w -Wno-shadow -Wno-four-char-constants -Wno-conversion -Wno-constant-conversion -Wno-int-conversion -Wno-bool-conversion -Wno-enum-conversion -Wno-float-conversion -Wno-non-literal-null-conversion -Wno-objc-literal-conversion -Wshorten-64-to-32 -Wpointer-sign -Wno-newline-eof -Wno-implicit-fallthrough -fstrict-aliasing -Wdeprecated-declarations -Wno-sign-conversion -Wno-infinite-recursion -Wno-comma -Wno-block-capture-autoreleasing -Wno-strict-prototypes -Wno-semicolon-before-method-body -index-store-path /Users/j/Documents/GitHub/MoneroOne/build/Index.noindex/DataStore @/Users/j/Documents/GitHub/MoneroOne/build/Build/Intermediates.noindex/swift-crypto.build/Debug-iphonesimulator/CCryptoBoringSSL.build/Objects-normal/arm64/7187679823f38a2a940e0043cdf9d637-common-args.resp -MMD -MT dependencies -MF /Users/j/Documents/GitHub/MoneroOne/build/Build/Intermediates.noindex/swift-crypto.build/Debug-iphonesimulator/CCryptoBoringSSL.build/Objects-normal/arm64/cipher_extra.d --serialize-diagnostics /Users/j/Documents/GitHub/MoneroOne/build/Build/Intermediates.noindex/swift-crypto.build/Debug-iphonesimulator/CCryptoBoringSSL.build/Objects-normal/arm64/cipher_extra.dia -c /Users/j/Documents/GitHub/MoneroOne/build/SourcePackages/checkouts/swift-crypto/Sources/CCryptoBoringSSL/crypto/cipher_extra/cipher_extra.c -o /Users/j/Documents/GitHub/MoneroOne/build/Build/Intermediates.noindex/swift-crypto.build/Debug-iphonesimulator/CCryptoBoringSSL.build/Objects-normal/arm64/cipher_extra.o -index-unit-output-path /swift-crypto.build/Debug-iphonesimulator/CCryptoBoringSSL.build/Objects-normal/arm64/cipher_extra.o

CompileC /Users/j/Documents/GitHub/MoneroOne/build/Build/Intermediates.noindex/swift-crypto.build/Debug-iphonesimulator/CCryptoBoringSSL.build/Objects-normal/arm64/conf.o /Users/j/Documents/GitHub/MoneroOne/build/SourcePackages/checkouts/swift-crypto/Sources/CCryptoBoringSSL/crypto/conf/conf.c normal arm64 c com.apple.compilers.llvm.clang.1_0.compiler (in target 'CCryptoBoringSSL' from project 'swift-crypto')
    cd /Users/j/Documents/GitHub/MoneroOne/MoneroOne.xcodeproj
    
    Using response file: /Users/j/Documents/GitHub/MoneroOne/build/Build/Intermediates.noindex/swift-crypto.build/Debug-iphonesimulator/CCryptoBoringSSL.build/Objects-normal/arm64/7187679823f38a2a940e0043cdf9d637-common-args.resp
    
    /Applications/Xcode.app/Contents/Developer/Toolchains/XcodeDefault.xctoolchain/usr/bin/clang -x c -ivfsstatcache /Users/j/Documents/GitHub/MoneroOne/build/SDKStatCaches.noindex/iphonesimulator26.1-23B77-90cf18a4295e390e64c810bc6bd7acbc.sdkstatcache -fmessage-length\=0 -fdiagnostics-show-note-include-stack -fmacro-backtrace-limit\=0 -fno-color-diagnostics -fmodules-prune-interval\=86400 -fmodules-prune-after\=345600 -fbuild-session-file\=/Users/j/Documents/GitHub/MoneroOne/build/ModuleCache.noindex/Session.modulevalidation -fmodules-validate-once-per-build-session -Wnon-modular-include-in-framework-module -Werror\=non-modular-include-in-framework-module -Wno-trigraphs -Wno-missing-field-initializers -Wno-missing-prototypes -Wno-return-type -Wno-missing-braces -Wparentheses -Wswitch -Wno-unused-function -Wno-unused-label -Wno-unused-parameter -Wno-unused-variable -Wunused-value -Wno-empty-body -Wno-uninitialized -Wno-unknown-pragmas -w -Wno-shadow -Wno-four-char-constants -Wno-conversion -Wno-constant-conversion -Wno-int-conversion -Wno-bool-conversion -Wno-enum-conversion -Wno-float-conversion -Wno-non-literal-null-conversion -Wno-objc-literal-conversion -Wshorten-64-to-32 -Wpointer-sign -Wno-newline-eof -Wno-implicit-fallthrough -fstrict-aliasing -Wdeprecated-declarations -Wno-sign-conversion -Wno-infinite-recursion -Wno-comma -Wno-block-capture-autoreleasing -Wno-strict-prototypes -Wno-semicolon-before-method-body -index-store-path /Users/j/Documents/GitHub/MoneroOne/build/Index.noindex/DataStore @/Users/j/Documents/GitHub/MoneroOne/build/Build/Intermediates.noindex/swift-crypto.build/Debug-iphonesimulator/CCryptoBoringSSL.build/Objects-normal/arm64/7187679823f38a2a940e0043cdf9d637-common-args.resp -MMD -MT dependencies -MF /Users/j/Documents/GitHub/MoneroOne/build/Build/Intermediates.noindex/swift-crypto.build/Debug-iphonesimulator/CCryptoBoringSSL.build/Objects-normal/arm64/conf.d --serialize-diagnostics /Users/j/Documents/GitHub/MoneroOne/build/Build/Intermediates.noindex/swift-crypto.build/Debug-iphonesimulator/CCryptoBoringSSL.build/Objects-normal/arm64/conf.dia -c /Users/j/Documents/GitHub/MoneroOne/build/SourcePackages/checkouts/swift-crypto/Sources/CCryptoBoringSSL/crypto/conf/conf.c -o /Users/j/Documents/GitHub/MoneroOne/build/Build/Intermediates.noindex/swift-crypto.build/Debug-iphonesimulator/CCryptoBoringSSL.build/Objects-normal/arm64/conf.o -index-unit-output-path /swift-crypto.build/Debug-iphonesimulator/CCryptoBoringSSL.build/Objects-normal/arm64/conf.o

CompileC /Users/j/Documents/GitHub/MoneroOne/build/Build/Intermediates.noindex/swift-crypto.build/Debug-iphonesimulator/CCryptoBoringSSL.build/Objects-normal/arm64/cipher.o /Users/j/Documents/GitHub/MoneroOne/build/SourcePackages/checkouts/swift-crypto/Sources/CCryptoBoringSSL/crypto/fipsmodule/cipher/cipher.c normal arm64 c com.apple.compilers.llvm.clang.1_0.compiler (in target 'CCryptoBoringSSL' from project 'swift-crypto')
    cd /Users/j/Documents/GitHub/MoneroOne/MoneroOne.xcodeproj
    
    Using response file: /Users/j/Documents/GitHub/MoneroOne/build/Build/Intermediates.noindex/swift-crypto.build/Debug-iphonesimulator/CCryptoBoringSSL.build/Objects-normal/arm64/7187679823f38a2a940e0043cdf9d637-common-args.resp
    
    /Applications/Xcode.app/Contents/Developer/Toolchains/XcodeDefault.xctoolchain/usr/bin/clang -x c -ivfsstatcache /Users/j/Documents/GitHub/MoneroOne/build/SDKStatCaches.noindex/iphonesimulator26.1-23B77-90cf18a4295e390e64c810bc6bd7acbc.sdkstatcache -fmessage-length\=0 -fdiagnostics-show-note-include-stack -fmacro-backtrace-limit\=0 -fno-color-diagnostics -fmodules-prune-interval\=86400 -fmodules-prune-after\=345600 -fbuild-session-file\=/Users/j/Documents/GitHub/MoneroOne/build/ModuleCache.noindex/Session.modulevalidation -fmodules-validate-once-per-build-session -Wnon-modular-include-in-framework-module -Werror\=non-modular-include-in-framework-module -Wno-trigraphs -Wno-missing-field-initializers -Wno-missing-prototypes -Wno-return-type -Wno-missing-braces -Wparentheses -Wswitch -Wno-unused-function -Wno-unused-label -Wno-unused-parameter -Wno-unused-variable -Wunused-value -Wno-empty-body -Wno-uninitialized -Wno-unknown-pragmas -w -Wno-shadow -Wno-four-char-constants -Wno-conversion -Wno-constant-conversion -Wno-int-conversion -Wno-bool-conversion -Wno-enum-conversion -Wno-float-conversion -Wno-non-literal-null-conversion -Wno-objc-literal-conversion -Wshorten-64-to-32 -Wpointer-sign -Wno-newline-eof -Wno-implicit-fallthrough -fstrict-aliasing -Wdeprecated-declarations -Wno-sign-conversion -Wno-infinite-recursion -Wno-comma -Wno-block-capture-autoreleasing -Wno-strict-prototypes -Wno-semicolon-before-method-body -index-store-path /Users/j/Documents/GitHub/MoneroOne/build/Index.noindex/DataStore @/Users/j/Documents/GitHub/MoneroOne/build/Build/Intermediates.noindex/swift-crypto.build/Debug-iphonesimulator/CCryptoBoringSSL.build/Objects-normal/arm64/7187679823f38a2a940e0043cdf9d637-common-args.resp -MMD -MT dependencies -MF /Users/j/Documents/GitHub/MoneroOne/build/Build/Intermediates.noindex/swift-crypto.build/Debug-iphonesimulator/CCryptoBoringSSL.build/Objects-normal/arm64/cipher.d --serialize-diagnostics /Users/j/Documents/GitHub/MoneroOne/build/Build/Intermediates.noindex/swift-crypto.build/Debug-iphonesimulator/CCryptoBoringSSL.build/Objects-normal/arm64/cipher.dia -c /Users/j/Documents/GitHub/MoneroOne/build/SourcePackages/checkouts/swift-crypto/Sources/CCryptoBoringSSL/crypto/fipsmodule/cipher/cipher.c -o /Users/j/Documents/GitHub/MoneroOne/build/Build/Intermediates.noindex/swift-crypto.build/Debug-iphonesimulator/CCryptoBoringSSL.build/Objects-normal/arm64/cipher.o -index-unit-output-path /swift-crypto.build/Debug-iphonesimulator/CCryptoBoringSSL.build/Objects-normal/arm64/cipher.o

ScanDependencies /Users/j/Documents/GitHub/MoneroOne/build/Build/Intermediates.noindex/swift-crypto.build/Debug-iphonesimulator/CCryptoBoringSSL.build/Objects-normal/arm64/cbs.o /Users/j/Documents/GitHub/MoneroOne/build/SourcePackages/checkouts/swift-crypto/Sources/CCryptoBoringSSL/crypto/bytestring/cbs.c normal arm64 c com.apple.compilers.llvm.clang.1_0.compiler (in target 'CCryptoBoringSSL' from project 'swift-crypto')
    cd /Users/j/Documents/GitHub/MoneroOne/MoneroOne.xcodeproj
    
    Using response file: /Users/j/Documents/GitHub/MoneroOne/build/Build/Intermediates.noindex/swift-crypto.build/Debug-iphonesimulator/CCryptoBoringSSL.build/Objects-normal/arm64/7187679823f38a2a940e0043cdf9d637-common-args.resp
    
    builtin-ScanDependencies -o /Users/j/Documents/GitHub/MoneroOne/build/Build/Intermediates.noindex/swift-crypto.build/Debug-iphonesimulator/CCryptoBoringSSL.build/Objects-normal/arm64/cbs.o.scan -- /Applications/Xcode.app/Contents/Developer/Toolchains/XcodeDefault.xctoolchain/usr/bin/clang -x c -ivfsstatcache /Users/j/Documents/GitHub/MoneroOne/build/SDKStatCaches.noindex/iphonesimulator26.1-23B77-90cf18a4295e390e64c810bc6bd7acbc.sdkstatcache -fmessage-length\=0 -fdiagnostics-show-note-include-stack -fmacro-backtrace-limit\=0 -fno-color-diagnostics -fmodules-prune-interval\=86400 -fmodules-prune-after\=345600 -fbuild-session-file\=/Users/j/Documents/GitHub/MoneroOne/build/ModuleCache.noindex/Session.modulevalidation -fmodules-validate-once-per-build-session -Wnon-modular-include-in-framework-module -Werror\=non-modular-include-in-framework-module -Wno-trigraphs -Wno-missing-field-initializers -Wno-missing-prototypes -Wno-return-type -Wno-missing-braces -Wparentheses -Wswitch -Wno-unused-function -Wno-unused-label -Wno-unused-parameter -Wno-unused-variable -Wunused-value -Wno-empty-body -Wno-uninitialized -Wno-unknown-pragmas -w -Wno-shadow -Wno-four-char-constants -Wno-conversion -Wno-constant-conversion -Wno-int-conversion -Wno-bool-conversion -Wno-enum-conversion -Wno-float-conversion -Wno-non-literal-null-conversion -Wno-objc-literal-conversion -Wshorten-64-to-32 -Wpointer-sign -Wno-newline-eof -Wno-implicit-fallthrough -fstrict-aliasing -Wdeprecated-declarations -Wno-sign-conversion -Wno-infinite-recursion -Wno-comma -Wno-block-capture-autoreleasing -Wno-strict-prototypes -Wno-semicolon-before-method-body -index-store-path /Users/j/Documents/GitHub/MoneroOne/build/Index.noindex/DataStore @/Users/j/Documents/GitHub/MoneroOne/build/Build/Intermediates.noindex/swift-crypto.build/Debug-iphonesimulator/CCryptoBoringSSL.build/Objects-normal/arm64/7187679823f38a2a940e0043cdf9d637-common-args.resp -MMD -MT dependencies -MF /Users/j/Documents/GitHub/MoneroOne/build/Build/Intermediates.noindex/swift-crypto.build/Debug-iphonesimulator/CCryptoBoringSSL.build/Objects-normal/arm64/cbs.d --serialize-diagnostics /Users/j/Documents/GitHub/MoneroOne/build/Build/Intermediates.noindex/swift-crypto.build/Debug-iphonesimulator/CCryptoBoringSSL.build/Objects-normal/arm64/cbs.dia -c /Users/j/Documents/GitHub/MoneroOne/build/SourcePackages/checkouts/swift-crypto/Sources/CCryptoBoringSSL/crypto/bytestring/cbs.c -o /Users/j/Documents/GitHub/MoneroOne/build/Build/Intermediates.noindex/swift-crypto.build/Debug-iphonesimulator/CCryptoBoringSSL.build/Objects-normal/arm64/cbs.o -index-unit-output-path /swift-crypto.build/Debug-iphonesimulator/CCryptoBoringSSL.build/Objects-normal/arm64/cbs.o

CompileC /Users/j/Documents/GitHub/MoneroOne/build/Build/Intermediates.noindex/swift-crypto.build/Debug-iphonesimulator/CCryptoBoringSSL.build/Objects-normal/arm64/check.o /Users/j/Documents/GitHub/MoneroOne/build/SourcePackages/checkouts/swift-crypto/Sources/CCryptoBoringSSL/crypto/fipsmodule/dh/check.c normal arm64 c com.apple.compilers.llvm.clang.1_0.compiler (in target 'CCryptoBoringSSL' from project 'swift-crypto')
    cd /Users/j/Documents/GitHub/MoneroOne/MoneroOne.xcodeproj
    
    Using response file: /Users/j/Documents/GitHub/MoneroOne/build/Build/Intermediates.noindex/swift-crypto.build/Debug-iphonesimulator/CCryptoBoringSSL.build/Objects-normal/arm64/7187679823f38a2a940e0043cdf9d637-common-args.resp
    
    /Applications/Xcode.app/Contents/Developer/Toolchains/XcodeDefault.xctoolchain/usr/bin/clang -x c -ivfsstatcache /Users/j/Documents/GitHub/MoneroOne/build/SDKStatCaches.noindex/iphonesimulator26.1-23B77-90cf18a4295e390e64c810bc6bd7acbc.sdkstatcache -fmessage-length\=0 -fdiagnostics-show-note-include-stack -fmacro-backtrace-limit\=0 -fno-color-diagnostics -fmodules-prune-interval\=86400 -fmodules-prune-after\=345600 -fbuild-session-file\=/Users/j/Documents/GitHub/MoneroOne/build/ModuleCache.noindex/Session.modulevalidation -fmodules-validate-once-per-build-session -Wnon-modular-include-in-framework-module -Werror\=non-modular-include-in-framework-module -Wno-trigraphs -Wno-missing-field-initializers -Wno-missing-prototypes -Wno-return-type -Wno-missing-braces -Wparentheses -Wswitch -Wno-unused-function -Wno-unused-label -Wno-unused-parameter -Wno-unused-variable -Wunused-value -Wno-empty-body -Wno-uninitialized -Wno-unknown-pragmas -w -Wno-shadow -Wno-four-char-constants -Wno-conversion -Wno-constant-conversion -Wno-int-conversion -Wno-bool-conversion -Wno-enum-conversion -Wno-float-conversion -Wno-non-literal-null-conversion -Wno-objc-literal-conversion -Wshorten-64-to-32 -Wpointer-sign -Wno-newline-eof -Wno-implicit-fallthrough -fstrict-aliasing -Wdeprecated-declarations -Wno-sign-conversion -Wno-infinite-recursion -Wno-comma -Wno-block-capture-autoreleasing -Wno-strict-prototypes -Wno-semicolon-before-method-body -index-store-path /Users/j/Documents/GitHub/MoneroOne/build/Index.noindex/DataStore @/Users/j/Documents/GitHub/MoneroOne/build/Build/Intermediates.noindex/swift-crypto.build/Debug-iphonesimulator/CCryptoBoringSSL.build/Objects-normal/arm64/7187679823f38a2a940e0043cdf9d637-common-args.resp -MMD -MT dependencies -MF /Users/j/Documents/GitHub/MoneroOne/build/Build/Intermediates.noindex/swift-crypto.build/Debug-iphonesimulator/CCryptoBoringSSL.build/Objects-normal/arm64/check.d --serialize-diagnostics /Users/j/Documents/GitHub/MoneroOne/build/Build/Intermediates.noindex/swift-crypto.build/Debug-iphonesimulator/CCryptoBoringSSL.build/Objects-normal/arm64/check.dia -c /Users/j/Documents/GitHub/MoneroOne/build/SourcePackages/checkouts/swift-crypto/Sources/CCryptoBoringSSL/crypto/fipsmodule/dh/check.c -o /Users/j/Documents/GitHub/MoneroOne/build/Build/Intermediates.noindex/swift-crypto.build/Debug-iphonesimulator/CCryptoBoringSSL.build/Objects-normal/arm64/check.o -index-unit-output-path /swift-crypto.build/Debug-iphonesimulator/CCryptoBoringSSL.build/Objects-normal/arm64/check.o

CompileC /Users/j/Documents/GitHub/MoneroOne/build/Build/Intermediates.noindex/swift-crypto.build/Debug-iphonesimulator/CCryptoBoringSSL.build/Objects-normal/arm64/cfb.o /Users/j/Documents/GitHub/MoneroOne/build/SourcePackages/checkouts/swift-crypto/Sources/CCryptoBoringSSL/crypto/fipsmodule/modes/cfb.c normal arm64 c com.apple.compilers.llvm.clang.1_0.compiler (in target 'CCryptoBoringSSL' from project 'swift-crypto')
    cd /Users/j/Documents/GitHub/MoneroOne/MoneroOne.xcodeproj
    
    Using response file: /Users/j/Documents/GitHub/MoneroOne/build/Build/Intermediates.noindex/swift-crypto.build/Debug-iphonesimulator/CCryptoBoringSSL.build/Objects-normal/arm64/7187679823f38a2a940e0043cdf9d637-common-args.resp
    
    /Applications/Xcode.app/Contents/Developer/Toolchains/XcodeDefault.xctoolchain/usr/bin/clang -x c -ivfsstatcache /Users/j/Documents/GitHub/MoneroOne/build/SDKStatCaches.noindex/iphonesimulator26.1-23B77-90cf18a4295e390e64c810bc6bd7acbc.sdkstatcache -fmessage-length\=0 -fdiagnostics-show-note-include-stack -fmacro-backtrace-limit\=0 -fno-color-diagnostics -fmodules-prune-interval\=86400 -fmodules-prune-after\=345600 -fbuild-session-file\=/Users/j/Documents/GitHub/MoneroOne/build/ModuleCache.noindex/Session.modulevalidation -fmodules-validate-once-per-build-session -Wnon-modular-include-in-framework-module -Werror\=non-modular-include-in-framework-module -Wno-trigraphs -Wno-missing-field-initializers -Wno-missing-prototypes -Wno-return-type -Wno-missing-braces -Wparentheses -Wswitch -Wno-unused-function -Wno-unused-label -Wno-unused-parameter -Wno-unused-variable -Wunused-value -Wno-empty-body -Wno-uninitialized -Wno-unknown-pragmas -w -Wno-shadow -Wno-four-char-constants -Wno-conversion -Wno-constant-conversion -Wno-int-conversion -Wno-bool-conversion -Wno-enum-conversion -Wno-float-conversion -Wno-non-literal-null-conversion -Wno-objc-literal-conversion -Wshorten-64-to-32 -Wpointer-sign -Wno-newline-eof -Wno-implicit-fallthrough -fstrict-aliasing -Wdeprecated-declarations -Wno-sign-conversion -Wno-infinite-recursion -Wno-comma -Wno-block-capture-autoreleasing -Wno-strict-prototypes -Wno-semicolon-before-method-body -index-store-path /Users/j/Documents/GitHub/MoneroOne/build/Index.noindex/DataStore @/Users/j/Documents/GitHub/MoneroOne/build/Build/Intermediates.noindex/swift-crypto.build/Debug-iphonesimulator/CCryptoBoringSSL.build/Objects-normal/arm64/7187679823f38a2a940e0043cdf9d637-common-args.resp -MMD -MT dependencies -MF /Users/j/Documents/GitHub/MoneroOne/build/Build/Intermediates.noindex/swift-crypto.build/Debug-iphonesimulator/CCryptoBoringSSL.build/Objects-normal/arm64/cfb.d --serialize-diagnostics /Users/j/Documents/GitHub/MoneroOne/build/Build/Intermediates.noindex/swift-crypto.build/Debug-iphonesimulator/CCryptoBoringSSL.build/Objects-normal/arm64/cfb.dia -c /Users/j/Documents/GitHub/MoneroOne/build/SourcePackages/checkouts/swift-crypto/Sources/CCryptoBoringSSL/crypto/fipsmodule/modes/cfb.c -o /Users/j/Documents/GitHub/MoneroOne/build/Build/Intermediates.noindex/swift-crypto.build/Debug-iphonesimulator/CCryptoBoringSSL.build/Objects-normal/arm64/cfb.o -index-unit-output-path /swift-crypto.build/Debug-iphonesimulator/CCryptoBoringSSL.build/Objects-normal/arm64/cfb.o

CompileC /Users/j/Documents/GitHub/MoneroOne/build/Build/Intermediates.noindex/swift-crypto.build/Debug-iphonesimulator/CCryptoBoringSSL.build/Objects-normal/arm64/chacha.o /Users/j/Documents/GitHub/MoneroOne/build/SourcePackages/checkouts/swift-crypto/Sources/CCryptoBoringSSL/crypto/chacha/chacha.c normal arm64 c com.apple.compilers.llvm.clang.1_0.compiler (in target 'CCryptoBoringSSL' from project 'swift-crypto')
    cd /Users/j/Documents/GitHub/MoneroOne/MoneroOne.xcodeproj
    
    Using response file: /Users/j/Documents/GitHub/MoneroOne/build/Build/Intermediates.noindex/swift-crypto.build/Debug-iphonesimulator/CCryptoBoringSSL.build/Objects-normal/arm64/7187679823f38a2a940e0043cdf9d637-common-args.resp
    
    /Applications/Xcode.app/Contents/Developer/Toolchains/XcodeDefault.xctoolchain/usr/bin/clang -x c -ivfsstatcache /Users/j/Documents/GitHub/MoneroOne/build/SDKStatCaches.noindex/iphonesimulator26.1-23B77-90cf18a4295e390e64c810bc6bd7acbc.sdkstatcache -fmessage-length\=0 -fdiagnostics-show-note-include-stack -fmacro-backtrace-limit\=0 -fno-color-diagnostics -fmodules-prune-interval\=86400 -fmodules-prune-after\=345600 -fbuild-session-file\=/Users/j/Documents/GitHub/MoneroOne/build/ModuleCache.noindex/Session.modulevalidation -fmodules-validate-once-per-build-session -Wnon-modular-include-in-framework-module -Werror\=non-modular-include-in-framework-module -Wno-trigraphs -Wno-missing-field-initializers -Wno-missing-prototypes -Wno-return-type -Wno-missing-braces -Wparentheses -Wswitch -Wno-unused-function -Wno-unused-label -Wno-unused-parameter -Wno-unused-variable -Wunused-value -Wno-empty-body -Wno-uninitialized -Wno-unknown-pragmas -w -Wno-shadow -Wno-four-char-constants -Wno-conversion -Wno-constant-conversion -Wno-int-conversion -Wno-bool-conversion -Wno-enum-conversion -Wno-float-conversion -Wno-non-literal-null-conversion -Wno-objc-literal-conversion -Wshorten-64-to-32 -Wpointer-sign -Wno-newline-eof -Wno-implicit-fallthrough -fstrict-aliasing -Wdeprecated-declarations -Wno-sign-conversion -Wno-infinite-recursion -Wno-comma -Wno-block-capture-autoreleasing -Wno-strict-prototypes -Wno-semicolon-before-method-body -index-store-path /Users/j/Documents/GitHub/MoneroOne/build/Index.noindex/DataStore @/Users/j/Documents/GitHub/MoneroOne/build/Build/Intermediates.noindex/swift-crypto.build/Debug-iphonesimulator/CCryptoBoringSSL.build/Objects-normal/arm64/7187679823f38a2a940e0043cdf9d637-common-args.resp -MMD -MT dependencies -MF /Users/j/Documents/GitHub/MoneroOne/build/Build/Intermediates.noindex/swift-crypto.build/Debug-iphonesimulator/CCryptoBoringSSL.build/Objects-normal/arm64/chacha.d --serialize-diagnostics /Users/j/Documents/GitHub/MoneroOne/build/Build/Intermediates.noindex/swift-crypto.build/Debug-iphonesimulator/CCryptoBoringSSL.build/Objects-normal/arm64/chacha.dia -c /Users/j/Documents/GitHub/MoneroOne/build/SourcePackages/checkouts/swift-crypto/Sources/CCryptoBoringSSL/crypto/chacha/chacha.c -o /Users/j/Documents/GitHub/MoneroOne/build/Build/Intermediates.noindex/swift-crypto.build/Debug-iphonesimulator/CCryptoBoringSSL.build/Objects-normal/arm64/chacha.o -index-unit-output-path /swift-crypto.build/Debug-iphonesimulator/CCryptoBoringSSL.build/Objects-normal/arm64/chacha.o

ScanDependencies /Users/j/Documents/GitHub/MoneroOne/build/Build/Intermediates.noindex/swift-crypto.build/Debug-iphonesimulator/CCryptoBoringSSL.build/Objects-normal/arm64/cbc.o /Users/j/Documents/GitHub/MoneroOne/build/SourcePackages/checkouts/swift-crypto/Sources/CCryptoBoringSSL/crypto/fipsmodule/modes/cbc.c normal arm64 c com.apple.compilers.llvm.clang.1_0.compiler (in target 'CCryptoBoringSSL' from project 'swift-crypto')
    cd /Users/j/Documents/GitHub/MoneroOne/MoneroOne.xcodeproj
    
    Using response file: /Users/j/Documents/GitHub/MoneroOne/build/Build/Intermediates.noindex/swift-crypto.build/Debug-iphonesimulator/CCryptoBoringSSL.build/Objects-normal/arm64/7187679823f38a2a940e0043cdf9d637-common-args.resp
    
    builtin-ScanDependencies -o /Users/j/Documents/GitHub/MoneroOne/build/Build/Intermediates.noindex/swift-crypto.build/Debug-iphonesimulator/CCryptoBoringSSL.build/Objects-normal/arm64/cbc.o.scan -- /Applications/Xcode.app/Contents/Developer/Toolchains/XcodeDefault.xctoolchain/usr/bin/clang -x c -ivfsstatcache /Users/j/Documents/GitHub/MoneroOne/build/SDKStatCaches.noindex/iphonesimulator26.1-23B77-90cf18a4295e390e64c810bc6bd7acbc.sdkstatcache -fmessage-length\=0 -fdiagnostics-show-note-include-stack -fmacro-backtrace-limit\=0 -fno-color-diagnostics -fmodules-prune-interval\=86400 -fmodules-prune-after\=345600 -fbuild-session-file\=/Users/j/Documents/GitHub/MoneroOne/build/ModuleCache.noindex/Session.modulevalidation -fmodules-validate-once-per-build-session -Wnon-modular-include-in-framework-module -Werror\=non-modular-include-in-framework-module -Wno-trigraphs -Wno-missing-field-initializers -Wno-missing-prototypes -Wno-return-type -Wno-missing-braces -Wparentheses -Wswitch -Wno-unused-function -Wno-unused-label -Wno-unused-parameter -Wno-unused-variable -Wunused-value -Wno-empty-body -Wno-uninitialized -Wno-unknown-pragmas -w -Wno-shadow -Wno-four-char-constants -Wno-conversion -Wno-constant-conversion -Wno-int-conversion -Wno-bool-conversion -Wno-enum-conversion -Wno-float-conversion -Wno-non-literal-null-conversion -Wno-objc-literal-conversion -Wshorten-64-to-32 -Wpointer-sign -Wno-newline-eof -Wno-implicit-fallthrough -fstrict-aliasing -Wdeprecated-declarations -Wno-sign-conversion -Wno-infinite-recursion -Wno-comma -Wno-block-capture-autoreleasing -Wno-strict-prototypes -Wno-semicolon-before-method-body -index-store-path /Users/j/Documents/GitHub/MoneroOne/build/Index.noindex/DataStore @/Users/j/Documents/GitHub/MoneroOne/build/Build/Intermediates.noindex/swift-crypto.build/Debug-iphonesimulator/CCryptoBoringSSL.build/Objects-normal/arm64/7187679823f38a2a940e0043cdf9d637-common-args.resp -MMD -MT dependencies -MF /Users/j/Documents/GitHub/MoneroOne/build/Build/Intermediates.noindex/swift-crypto.build/Debug-iphonesimulator/CCryptoBoringSSL.build/Objects-normal/arm64/cbc.d --serialize-diagnostics /Users/j/Documents/GitHub/MoneroOne/build/Build/Intermediates.noindex/swift-crypto.build/Debug-iphonesimulator/CCryptoBoringSSL.build/Objects-normal/arm64/cbc.dia -c /Users/j/Documents/GitHub/MoneroOne/build/SourcePackages/checkouts/swift-crypto/Sources/CCryptoBoringSSL/crypto/fipsmodule/modes/cbc.c -o /Users/j/Documents/GitHub/MoneroOne/build/Build/Intermediates.noindex/swift-crypto.build/Debug-iphonesimulator/CCryptoBoringSSL.build/Objects-normal/arm64/cbc.o -index-unit-output-path /swift-crypto.build/Debug-iphonesimulator/CCryptoBoringSSL.build/Objects-normal/arm64/cbc.o

CompileC /Users/j/Documents/GitHub/MoneroOne/build/Build/Intermediates.noindex/swift-crypto.build/Debug-iphonesimulator/CCryptoBoringSSL.build/Objects-normal/arm64/cbs.o /Users/j/Documents/GitHub/MoneroOne/build/SourcePackages/checkouts/swift-crypto/Sources/CCryptoBoringSSL/crypto/bytestring/cbs.c normal arm64 c com.apple.compilers.llvm.clang.1_0.compiler (in target 'CCryptoBoringSSL' from project 'swift-crypto')
    cd /Users/j/Documents/GitHub/MoneroOne/MoneroOne.xcodeproj
    
    Using response file: /Users/j/Documents/GitHub/MoneroOne/build/Build/Intermediates.noindex/swift-crypto.build/Debug-iphonesimulator/CCryptoBoringSSL.build/Objects-normal/arm64/7187679823f38a2a940e0043cdf9d637-common-args.resp
    
    /Applications/Xcode.app/Contents/Developer/Toolchains/XcodeDefault.xctoolchain/usr/bin/clang -x c -ivfsstatcache /Users/j/Documents/GitHub/MoneroOne/build/SDKStatCaches.noindex/iphonesimulator26.1-23B77-90cf18a4295e390e64c810bc6bd7acbc.sdkstatcache -fmessage-length\=0 -fdiagnostics-show-note-include-stack -fmacro-backtrace-limit\=0 -fno-color-diagnostics -fmodules-prune-interval\=86400 -fmodules-prune-after\=345600 -fbuild-session-file\=/Users/j/Documents/GitHub/MoneroOne/build/ModuleCache.noindex/Session.modulevalidation -fmodules-validate-once-per-build-session -Wnon-modular-include-in-framework-module -Werror\=non-modular-include-in-framework-module -Wno-trigraphs -Wno-missing-field-initializers -Wno-missing-prototypes -Wno-return-type -Wno-missing-braces -Wparentheses -Wswitch -Wno-unused-function -Wno-unused-label -Wno-unused-parameter -Wno-unused-variable -Wunused-value -Wno-empty-body -Wno-uninitialized -Wno-unknown-pragmas -w -Wno-shadow -Wno-four-char-constants -Wno-conversion -Wno-constant-conversion -Wno-int-conversion -Wno-bool-conversion -Wno-enum-conversion -Wno-float-conversion -Wno-non-literal-null-conversion -Wno-objc-literal-conversion -Wshorten-64-to-32 -Wpointer-sign -Wno-newline-eof -Wno-implicit-fallthrough -fstrict-aliasing -Wdeprecated-declarations -Wno-sign-conversion -Wno-infinite-recursion -Wno-comma -Wno-block-capture-autoreleasing -Wno-strict-prototypes -Wno-semicolon-before-method-body -index-store-path /Users/j/Documents/GitHub/MoneroOne/build/Index.noindex/DataStore @/Users/j/Documents/GitHub/MoneroOne/build/Build/Intermediates.noindex/swift-crypto.build/Debug-iphonesimulator/CCryptoBoringSSL.build/Objects-normal/arm64/7187679823f38a2a940e0043cdf9d637-common-args.resp -MMD -MT dependencies -MF /Users/j/Documents/GitHub/MoneroOne/build/Build/Intermediates.noindex/swift-crypto.build/Debug-iphonesimulator/CCryptoBoringSSL.build/Objects-normal/arm64/cbs.d --serialize-diagnostics /Users/j/Documents/GitHub/MoneroOne/build/Build/Intermediates.noindex/swift-crypto.build/Debug-iphonesimulator/CCryptoBoringSSL.build/Objects-normal/arm64/cbs.dia -c /Users/j/Documents/GitHub/MoneroOne/build/SourcePackages/checkouts/swift-crypto/Sources/CCryptoBoringSSL/crypto/bytestring/cbs.c -o /Users/j/Documents/GitHub/MoneroOne/build/Build/Intermediates.noindex/swift-crypto.build/Debug-iphonesimulator/CCryptoBoringSSL.build/Objects-normal/arm64/cbs.o -index-unit-output-path /swift-crypto.build/Debug-iphonesimulator/CCryptoBoringSSL.build/Objects-normal/arm64/cbs.o

CompileC /Users/j/Documents/GitHub/MoneroOne/build/Build/Intermediates.noindex/swift-crypto.build/Debug-iphonesimulator/CCryptoBoringSSL.build/Objects-normal/arm64/cbc.o /Users/j/Documents/GitHub/MoneroOne/build/SourcePackages/checkouts/swift-crypto/Sources/CCryptoBoringSSL/crypto/fipsmodule/modes/cbc.c normal arm64 c com.apple.compilers.llvm.clang.1_0.compiler (in target 'CCryptoBoringSSL' from project 'swift-crypto')
    cd /Users/j/Documents/GitHub/MoneroOne/MoneroOne.xcodeproj
    
    Using response file: /Users/j/Documents/GitHub/MoneroOne/build/Build/Intermediates.noindex/swift-crypto.build/Debug-iphonesimulator/CCryptoBoringSSL.build/Objects-normal/arm64/7187679823f38a2a940e0043cdf9d637-common-args.resp
    
    /Applications/Xcode.app/Contents/Developer/Toolchains/XcodeDefault.xctoolchain/usr/bin/clang -x c -ivfsstatcache /Users/j/Documents/GitHub/MoneroOne/build/SDKStatCaches.noindex/iphonesimulator26.1-23B77-90cf18a4295e390e64c810bc6bd7acbc.sdkstatcache -fmessage-length\=0 -fdiagnostics-show-note-include-stack -fmacro-backtrace-limit\=0 -fno-color-diagnostics -fmodules-prune-interval\=86400 -fmodules-prune-after\=345600 -fbuild-session-file\=/Users/j/Documents/GitHub/MoneroOne/build/ModuleCache.noindex/Session.modulevalidation -fmodules-validate-once-per-build-session -Wnon-modular-include-in-framework-module -Werror\=non-modular-include-in-framework-module -Wno-trigraphs -Wno-missing-field-initializers -Wno-missing-prototypes -Wno-return-type -Wno-missing-braces -Wparentheses -Wswitch -Wno-unused-function -Wno-unused-label -Wno-unused-parameter -Wno-unused-variable -Wunused-value -Wno-empty-body -Wno-uninitialized -Wno-unknown-pragmas -w -Wno-shadow -Wno-four-char-constants -Wno-conversion -Wno-constant-conversion -Wno-int-conversion -Wno-bool-conversion -Wno-enum-conversion -Wno-float-conversion -Wno-non-literal-null-conversion -Wno-objc-literal-conversion -Wshorten-64-to-32 -Wpointer-sign -Wno-newline-eof -Wno-implicit-fallthrough -fstrict-aliasing -Wdeprecated-declarations -Wno-sign-conversion -Wno-infinite-recursion -Wno-comma -Wno-block-capture-autoreleasing -Wno-strict-prototypes -Wno-semicolon-before-method-body -index-store-path /Users/j/Documents/GitHub/MoneroOne/build/Index.noindex/DataStore @/Users/j/Documents/GitHub/MoneroOne/build/Build/Intermediates.noindex/swift-crypto.build/Debug-iphonesimulator/CCryptoBoringSSL.build/Objects-normal/arm64/7187679823f38a2a940e0043cdf9d637-common-args.resp -MMD -MT dependencies -MF /Users/j/Documents/GitHub/MoneroOne/build/Build/Intermediates.noindex/swift-crypto.build/Debug-iphonesimulator/CCryptoBoringSSL.build/Objects-normal/arm64/cbc.d --serialize-diagnostics /Users/j/Documents/GitHub/MoneroOne/build/Build/Intermediates.noindex/swift-crypto.build/Debug-iphonesimulator/CCryptoBoringSSL.build/Objects-normal/arm64/cbc.dia -c /Users/j/Documents/GitHub/MoneroOne/build/SourcePackages/checkouts/swift-crypto/Sources/CCryptoBoringSSL/crypto/fipsmodule/modes/cbc.c -o /Users/j/Documents/GitHub/MoneroOne/build/Build/Intermediates.noindex/swift-crypto.build/Debug-iphonesimulator/CCryptoBoringSSL.build/Objects-normal/arm64/cbc.o -index-unit-output-path /swift-crypto.build/Debug-iphonesimulator/CCryptoBoringSSL.build/Objects-normal/arm64/cbc.o

ScanDependencies /Users/j/Documents/GitHub/MoneroOne/build/Build/Intermediates.noindex/swift-crypto.build/Debug-iphonesimulator/CCryptoBoringSSL.build/Objects-normal/arm64/cbb.o /Users/j/Documents/GitHub/MoneroOne/build/SourcePackages/checkouts/swift-crypto/Sources/CCryptoBoringSSL/crypto/bytestring/cbb.c normal arm64 c com.apple.compilers.llvm.clang.1_0.compiler (in target 'CCryptoBoringSSL' from project 'swift-crypto')
    cd /Users/j/Documents/GitHub/MoneroOne/MoneroOne.xcodeproj
    
    Using response file: /Users/j/Documents/GitHub/MoneroOne/build/Build/Intermediates.noindex/swift-crypto.build/Debug-iphonesimulator/CCryptoBoringSSL.build/Objects-normal/arm64/7187679823f38a2a940e0043cdf9d637-common-args.resp
    
    builtin-ScanDependencies -o /Users/j/Documents/GitHub/MoneroOne/build/Build/Intermediates.noindex/swift-crypto.build/Debug-iphonesimulator/CCryptoBoringSSL.build/Objects-normal/arm64/cbb.o.scan -- /Applications/Xcode.app/Contents/Developer/Toolchains/XcodeDefault.xctoolchain/usr/bin/clang -x c -ivfsstatcache /Users/j/Documents/GitHub/MoneroOne/build/SDKStatCaches.noindex/iphonesimulator26.1-23B77-90cf18a4295e390e64c810bc6bd7acbc.sdkstatcache -fmessage-length\=0 -fdiagnostics-show-note-include-stack -fmacro-backtrace-limit\=0 -fno-color-diagnostics -fmodules-prune-interval\=86400 -fmodules-prune-after\=345600 -fbuild-session-file\=/Users/j/Documents/GitHub/MoneroOne/build/ModuleCache.noindex/Session.modulevalidation -fmodules-validate-once-per-build-session -Wnon-modular-include-in-framework-module -Werror\=non-modular-include-in-framework-module -Wno-trigraphs -Wno-missing-field-initializers -Wno-missing-prototypes -Wno-return-type -Wno-missing-braces -Wparentheses -Wswitch -Wno-unused-function -Wno-unused-label -Wno-unused-parameter -Wno-unused-variable -Wunused-value -Wno-empty-body -Wno-uninitialized -Wno-unknown-pragmas -w -Wno-shadow -Wno-four-char-constants -Wno-conversion -Wno-constant-conversion -Wno-int-conversion -Wno-bool-conversion -Wno-enum-conversion -Wno-float-conversion -Wno-non-literal-null-conversion -Wno-objc-literal-conversion -Wshorten-64-to-32 -Wpointer-sign -Wno-newline-eof -Wno-implicit-fallthrough -fstrict-aliasing -Wdeprecated-declarations -Wno-sign-conversion -Wno-infinite-recursion -Wno-comma -Wno-block-capture-autoreleasing -Wno-strict-prototypes -Wno-semicolon-before-method-body -index-store-path /Users/j/Documents/GitHub/MoneroOne/build/Index.noindex/DataStore @/Users/j/Documents/GitHub/MoneroOne/build/Build/Intermediates.noindex/swift-crypto.build/Debug-iphonesimulator/CCryptoBoringSSL.build/Objects-normal/arm64/7187679823f38a2a940e0043cdf9d637-common-args.resp -MMD -MT dependencies -MF /Users/j/Documents/GitHub/MoneroOne/build/Build/Intermediates.noindex/swift-crypto.build/Debug-iphonesimulator/CCryptoBoringSSL.build/Objects-normal/arm64/cbb.d --serialize-diagnostics /Users/j/Documents/GitHub/MoneroOne/build/Build/Intermediates.noindex/swift-crypto.build/Debug-iphonesimulator/CCryptoBoringSSL.build/Objects-normal/arm64/cbb.dia -c /Users/j/Documents/GitHub/MoneroOne/build/SourcePackages/checkouts/swift-crypto/Sources/CCryptoBoringSSL/crypto/bytestring/cbb.c -o /Users/j/Documents/GitHub/MoneroOne/build/Build/Intermediates.noindex/swift-crypto.build/Debug-iphonesimulator/CCryptoBoringSSL.build/Objects-normal/arm64/cbb.o -index-unit-output-path /swift-crypto.build/Debug-iphonesimulator/CCryptoBoringSSL.build/Objects-normal/arm64/cbb.o

ScanDependencies /Users/j/Documents/GitHub/MoneroOne/build/Build/Intermediates.noindex/swift-crypto.build/Debug-iphonesimulator/CCryptoBoringSSL.build/Objects-normal/arm64/bytes.o /Users/j/Documents/GitHub/MoneroOne/build/SourcePackages/checkouts/swift-crypto/Sources/CCryptoBoringSSL/crypto/fipsmodule/bn/bytes.c normal arm64 c com.apple.compilers.llvm.clang.1_0.compiler (in target 'CCryptoBoringSSL' from project 'swift-crypto')
    cd /Users/j/Documents/GitHub/MoneroOne/MoneroOne.xcodeproj
    
    Using response file: /Users/j/Documents/GitHub/MoneroOne/build/Build/Intermediates.noindex/swift-crypto.build/Debug-iphonesimulator/CCryptoBoringSSL.build/Objects-normal/arm64/7187679823f38a2a940e0043cdf9d637-common-args.resp
    
    builtin-ScanDependencies -o /Users/j/Documents/GitHub/MoneroOne/build/Build/Intermediates.noindex/swift-crypto.build/Debug-iphonesimulator/CCryptoBoringSSL.build/Objects-normal/arm64/bytes.o.scan -- /Applications/Xcode.app/Contents/Developer/Toolchains/XcodeDefault.xctoolchain/usr/bin/clang -x c -ivfsstatcache /Users/j/Documents/GitHub/MoneroOne/build/SDKStatCaches.noindex/iphonesimulator26.1-23B77-90cf18a4295e390e64c810bc6bd7acbc.sdkstatcache -fmessage-length\=0 -fdiagnostics-show-note-include-stack -fmacro-backtrace-limit\=0 -fno-color-diagnostics -fmodules-prune-interval\=86400 -fmodules-prune-after\=345600 -fbuild-session-file\=/Users/j/Documents/GitHub/MoneroOne/build/ModuleCache.noindex/Session.modulevalidation -fmodules-validate-once-per-build-session -Wnon-modular-include-in-framework-module -Werror\=non-modular-include-in-framework-module -Wno-trigraphs -Wno-missing-field-initializers -Wno-missing-prototypes -Wno-return-type -Wno-missing-braces -Wparentheses -Wswitch -Wno-unused-function -Wno-unused-label -Wno-unused-parameter -Wno-unused-variable -Wunused-value -Wno-empty-body -Wno-uninitialized -Wno-unknown-pragmas -w -Wno-shadow -Wno-four-char-constants -Wno-conversion -Wno-constant-conversion -Wno-int-conversion -Wno-bool-conversion -Wno-enum-conversion -Wno-float-conversion -Wno-non-literal-null-conversion -Wno-objc-literal-conversion -Wshorten-64-to-32 -Wpointer-sign -Wno-newline-eof -Wno-implicit-fallthrough -fstrict-aliasing -Wdeprecated-declarations -Wno-sign-conversion -Wno-infinite-recursion -Wno-comma -Wno-block-capture-autoreleasing -Wno-strict-prototypes -Wno-semicolon-before-method-body -index-store-path /Users/j/Documents/GitHub/MoneroOne/build/Index.noindex/DataStore @/Users/j/Documents/GitHub/MoneroOne/build/Build/Intermediates.noindex/swift-crypto.build/Debug-iphonesimulator/CCryptoBoringSSL.build/Objects-normal/arm64/7187679823f38a2a940e0043cdf9d637-common-args.resp -MMD -MT dependencies -MF /Users/j/Documents/GitHub/MoneroOne/build/Build/Intermediates.noindex/swift-crypto.build/Debug-iphonesimulator/CCryptoBoringSSL.build/Objects-normal/arm64/bytes.d --serialize-diagnostics /Users/j/Documents/GitHub/MoneroOne/build/Build/Intermediates.noindex/swift-crypto.build/Debug-iphonesimulator/CCryptoBoringSSL.build/Objects-normal/arm64/bytes.dia -c /Users/j/Documents/GitHub/MoneroOne/build/SourcePackages/checkouts/swift-crypto/Sources/CCryptoBoringSSL/crypto/fipsmodule/bn/bytes.c -o /Users/j/Documents/GitHub/MoneroOne/build/Build/Intermediates.noindex/swift-crypto.build/Debug-iphonesimulator/CCryptoBoringSSL.build/Objects-normal/arm64/bytes.o -index-unit-output-path /swift-crypto.build/Debug-iphonesimulator/CCryptoBoringSSL.build/Objects-normal/arm64/bytes.o

ScanDependencies /Users/j/Documents/GitHub/MoneroOne/build/Build/Intermediates.noindex/swift-crypto.build/Debug-iphonesimulator/CCryptoBoringSSL.build/Objects-normal/arm64/by_file.o /Users/j/Documents/GitHub/MoneroOne/build/SourcePackages/checkouts/swift-crypto/Sources/CCryptoBoringSSL/crypto/x509/by_file.c normal arm64 c com.apple.compilers.llvm.clang.1_0.compiler (in target 'CCryptoBoringSSL' from project 'swift-crypto')
    cd /Users/j/Documents/GitHub/MoneroOne/MoneroOne.xcodeproj
    
    Using response file: /Users/j/Documents/GitHub/MoneroOne/build/Build/Intermediates.noindex/swift-crypto.build/Debug-iphonesimulator/CCryptoBoringSSL.build/Objects-normal/arm64/7187679823f38a2a940e0043cdf9d637-common-args.resp
    
    builtin-ScanDependencies -o /Users/j/Documents/GitHub/MoneroOne/build/Build/Intermediates.noindex/swift-crypto.build/Debug-iphonesimulator/CCryptoBoringSSL.build/Objects-normal/arm64/by_file.o.scan -- /Applications/Xcode.app/Contents/Developer/Toolchains/XcodeDefault.xctoolchain/usr/bin/clang -x c -ivfsstatcache /Users/j/Documents/GitHub/MoneroOne/build/SDKStatCaches.noindex/iphonesimulator26.1-23B77-90cf18a4295e390e64c810bc6bd7acbc.sdkstatcache -fmessage-length\=0 -fdiagnostics-show-note-include-stack -fmacro-backtrace-limit\=0 -fno-color-diagnostics -fmodules-prune-interval\=86400 -fmodules-prune-after\=345600 -fbuild-session-file\=/Users/j/Documents/GitHub/MoneroOne/build/ModuleCache.noindex/Session.modulevalidation -fmodules-validate-once-per-build-session -Wnon-modular-include-in-framework-module -Werror\=non-modular-include-in-framework-module -Wno-trigraphs -Wno-missing-field-initializers -Wno-missing-prototypes -Wno-return-type -Wno-missing-braces -Wparentheses -Wswitch -Wno-unused-function -Wno-unused-label -Wno-unused-parameter -Wno-unused-variable -Wunused-value -Wno-empty-body -Wno-uninitialized -Wno-unknown-pragmas -w -Wno-shadow -Wno-four-char-constants -Wno-conversion -Wno-constant-conversion -Wno-int-conversion -Wno-bool-conversion -Wno-enum-conversion -Wno-float-conversion -Wno-non-literal-null-conversion -Wno-objc-literal-conversion -Wshorten-64-to-32 -Wpointer-sign -Wno-newline-eof -Wno-implicit-fallthrough -fstrict-aliasing -Wdeprecated-declarations -Wno-sign-conversion -Wno-infinite-recursion -Wno-comma -Wno-block-capture-autoreleasing -Wno-strict-prototypes -Wno-semicolon-before-method-body -index-store-path /Users/j/Documents/GitHub/MoneroOne/build/Index.noindex/DataStore @/Users/j/Documents/GitHub/MoneroOne/build/Build/Intermediates.noindex/swift-crypto.build/Debug-iphonesimulator/CCryptoBoringSSL.build/Objects-normal/arm64/7187679823f38a2a940e0043cdf9d637-common-args.resp -MMD -MT dependencies -MF /Users/j/Documents/GitHub/MoneroOne/build/Build/Intermediates.noindex/swift-crypto.build/Debug-iphonesimulator/CCryptoBoringSSL.build/Objects-normal/arm64/by_file.d --serialize-diagnostics /Users/j/Documents/GitHub/MoneroOne/build/Build/Intermediates.noindex/swift-crypto.build/Debug-iphonesimulator/CCryptoBoringSSL.build/Objects-normal/arm64/by_file.dia -c /Users/j/Documents/GitHub/MoneroOne/build/SourcePackages/checkouts/swift-crypto/Sources/CCryptoBoringSSL/crypto/x509/by_file.c -o /Users/j/Documents/GitHub/MoneroOne/build/Build/Intermediates.noindex/swift-crypto.build/Debug-iphonesimulator/CCryptoBoringSSL.build/Objects-normal/arm64/by_file.o -index-unit-output-path /swift-crypto.build/Debug-iphonesimulator/CCryptoBoringSSL.build/Objects-normal/arm64/by_file.o

ScanDependencies /Users/j/Documents/GitHub/MoneroOne/build/Build/Intermediates.noindex/swift-crypto.build/Debug-iphonesimulator/CCryptoBoringSSL.build/Objects-normal/arm64/by_dir.o /Users/j/Documents/GitHub/MoneroOne/build/SourcePackages/checkouts/swift-crypto/Sources/CCryptoBoringSSL/crypto/x509/by_dir.c normal arm64 c com.apple.compilers.llvm.clang.1_0.compiler (in target 'CCryptoBoringSSL' from project 'swift-crypto')
    cd /Users/j/Documents/GitHub/MoneroOne/MoneroOne.xcodeproj
    
    Using response file: /Users/j/Documents/GitHub/MoneroOne/build/Build/Intermediates.noindex/swift-crypto.build/Debug-iphonesimulator/CCryptoBoringSSL.build/Objects-normal/arm64/7187679823f38a2a940e0043cdf9d637-common-args.resp
    
    builtin-ScanDependencies -o /Users/j/Documents/GitHub/MoneroOne/build/Build/Intermediates.noindex/swift-crypto.build/Debug-iphonesimulator/CCryptoBoringSSL.build/Objects-normal/arm64/by_dir.o.scan -- /Applications/Xcode.app/Contents/Developer/Toolchains/XcodeDefault.xctoolchain/usr/bin/clang -x c -ivfsstatcache /Users/j/Documents/GitHub/MoneroOne/build/SDKStatCaches.noindex/iphonesimulator26.1-23B77-90cf18a4295e390e64c810bc6bd7acbc.sdkstatcache -fmessage-length\=0 -fdiagnostics-show-note-include-stack -fmacro-backtrace-limit\=0 -fno-color-diagnostics -fmodules-prune-interval\=86400 -fmodules-prune-after\=345600 -fbuild-session-file\=/Users/j/Documents/GitHub/MoneroOne/build/ModuleCache.noindex/Session.modulevalidation -fmodules-validate-once-per-build-session -Wnon-modular-include-in-framework-module -Werror\=non-modular-include-in-framework-module -Wno-trigraphs -Wno-missing-field-initializers -Wno-missing-prototypes -Wno-return-type -Wno-missing-braces -Wparentheses -Wswitch -Wno-unused-function -Wno-unused-label -Wno-unused-parameter -Wno-unused-variable -Wunused-value -Wno-empty-body -Wno-uninitialized -Wno-unknown-pragmas -w -Wno-shadow -Wno-four-char-constants -Wno-conversion -Wno-constant-conversion -Wno-int-conversion -Wno-bool-conversion -Wno-enum-conversion -Wno-float-conversion -Wno-non-literal-null-conversion -Wno-objc-literal-conversion -Wshorten-64-to-32 -Wpointer-sign -Wno-newline-eof -Wno-implicit-fallthrough -fstrict-aliasing -Wdeprecated-declarations -Wno-sign-conversion -Wno-infinite-recursion -Wno-comma -Wno-block-capture-autoreleasing -Wno-strict-prototypes -Wno-semicolon-before-method-body -index-store-path /Users/j/Documents/GitHub/MoneroOne/build/Index.noindex/DataStore @/Users/j/Documents/GitHub/MoneroOne/build/Build/Intermediates.noindex/swift-crypto.build/Debug-iphonesimulator/CCryptoBoringSSL.build/Objects-normal/arm64/7187679823f38a2a940e0043cdf9d637-common-args.resp -MMD -MT dependencies -MF /Users/j/Documents/GitHub/MoneroOne/build/Build/Intermediates.noindex/swift-crypto.build/Debug-iphonesimulator/CCryptoBoringSSL.build/Objects-normal/arm64/by_dir.d --serialize-diagnostics /Users/j/Documents/GitHub/MoneroOne/build/Build/Intermediates.noindex/swift-crypto.build/Debug-iphonesimulator/CCryptoBoringSSL.build/Objects-normal/arm64/by_dir.dia -c /Users/j/Documents/GitHub/MoneroOne/build/SourcePackages/checkouts/swift-crypto/Sources/CCryptoBoringSSL/crypto/x509/by_dir.c -o /Users/j/Documents/GitHub/MoneroOne/build/Build/Intermediates.noindex/swift-crypto.build/Debug-iphonesimulator/CCryptoBoringSSL.build/Objects-normal/arm64/by_dir.o -index-unit-output-path /swift-crypto.build/Debug-iphonesimulator/CCryptoBoringSSL.build/Objects-normal/arm64/by_dir.o

ScanDependencies /Users/j/Documents/GitHub/MoneroOne/build/Build/Intermediates.noindex/swift-crypto.build/Debug-iphonesimulator/CCryptoBoringSSL.build/Objects-normal/arm64/buf.o /Users/j/Documents/GitHub/MoneroOne/build/SourcePackages/checkouts/swift-crypto/Sources/CCryptoBoringSSL/crypto/buf/buf.c normal arm64 c com.apple.compilers.llvm.clang.1_0.compiler (in target 'CCryptoBoringSSL' from project 'swift-crypto')
    cd /Users/j/Documents/GitHub/MoneroOne/MoneroOne.xcodeproj
    
    Using response file: /Users/j/Documents/GitHub/MoneroOne/build/Build/Intermediates.noindex/swift-crypto.build/Debug-iphonesimulator/CCryptoBoringSSL.build/Objects-normal/arm64/7187679823f38a2a940e0043cdf9d637-common-args.resp
    
    builtin-ScanDependencies -o /Users/j/Documents/GitHub/MoneroOne/build/Build/Intermediates.noindex/swift-crypto.build/Debug-iphonesimulator/CCryptoBoringSSL.build/Objects-normal/arm64/buf.o.scan -- /Applications/Xcode.app/Contents/Developer/Toolchains/XcodeDefault.xctoolchain/usr/bin/clang -x c -ivfsstatcache /Users/j/Documents/GitHub/MoneroOne/build/SDKStatCaches.noindex/iphonesimulator26.1-23B77-90cf18a4295e390e64c810bc6bd7acbc.sdkstatcache -fmessage-length\=0 -fdiagnostics-show-note-include-stack -fmacro-backtrace-limit\=0 -fno-color-diagnostics -fmodules-prune-interval\=86400 -fmodules-prune-after\=345600 -fbuild-session-file\=/Users/j/Documents/GitHub/MoneroOne/build/ModuleCache.noindex/Session.modulevalidation -fmodules-validate-once-per-build-session -Wnon-modular-include-in-framework-module -Werror\=non-modular-include-in-framework-module -Wno-trigraphs -Wno-missing-field-initializers -Wno-missing-prototypes -Wno-return-type -Wno-missing-braces -Wparentheses -Wswitch -Wno-unused-function -Wno-unused-label -Wno-unused-parameter -Wno-unused-variable -Wunused-value -Wno-empty-body -Wno-uninitialized -Wno-unknown-pragmas -w -Wno-shadow -Wno-four-char-constants -Wno-conversion -Wno-constant-conversion -Wno-int-conversion -Wno-bool-conversion -Wno-enum-conversion -Wno-float-conversion -Wno-non-literal-null-conversion -Wno-objc-literal-conversion -Wshorten-64-to-32 -Wpointer-sign -Wno-newline-eof -Wno-implicit-fallthrough -fstrict-aliasing -Wdeprecated-declarations -Wno-sign-conversion -Wno-infinite-recursion -Wno-comma -Wno-block-capture-autoreleasing -Wno-strict-prototypes -Wno-semicolon-before-method-body -index-store-path /Users/j/Documents/GitHub/MoneroOne/build/Index.noindex/DataStore @/Users/j/Documents/GitHub/MoneroOne/build/Build/Intermediates.noindex/swift-crypto.build/Debug-iphonesimulator/CCryptoBoringSSL.build/Objects-normal/arm64/7187679823f38a2a940e0043cdf9d637-common-args.resp -MMD -MT dependencies -MF /Users/j/Documents/GitHub/MoneroOne/build/Build/Intermediates.noindex/swift-crypto.build/Debug-iphonesimulator/CCryptoBoringSSL.build/Objects-normal/arm64/buf.d --serialize-diagnostics /Users/j/Documents/GitHub/MoneroOne/build/Build/Intermediates.noindex/swift-crypto.build/Debug-iphonesimulator/CCryptoBoringSSL.build/Objects-normal/arm64/buf.dia -c /Users/j/Documents/GitHub/MoneroOne/build/SourcePackages/checkouts/swift-crypto/Sources/CCryptoBoringSSL/crypto/buf/buf.c -o /Users/j/Documents/GitHub/MoneroOne/build/Build/Intermediates.noindex/swift-crypto.build/Debug-iphonesimulator/CCryptoBoringSSL.build/Objects-normal/arm64/buf.o -index-unit-output-path /swift-crypto.build/Debug-iphonesimulator/CCryptoBoringSSL.build/Objects-normal/arm64/buf.o

ScanDependencies /Users/j/Documents/GitHub/MoneroOne/build/Build/Intermediates.noindex/swift-crypto.build/Debug-iphonesimulator/CCryptoBoringSSL.build/Objects-normal/arm64/bn_asn1.o /Users/j/Documents/GitHub/MoneroOne/build/SourcePackages/checkouts/swift-crypto/Sources/CCryptoBoringSSL/crypto/bn_extra/bn_asn1.c normal arm64 c com.apple.compilers.llvm.clang.1_0.compiler (in target 'CCryptoBoringSSL' from project 'swift-crypto')
    cd /Users/j/Documents/GitHub/MoneroOne/MoneroOne.xcodeproj
    
    Using response file: /Users/j/Documents/GitHub/MoneroOne/build/Build/Intermediates.noindex/swift-crypto.build/Debug-iphonesimulator/CCryptoBoringSSL.build/Objects-normal/arm64/7187679823f38a2a940e0043cdf9d637-common-args.resp
    
    builtin-ScanDependencies -o /Users/j/Documents/GitHub/MoneroOne/build/Build/Intermediates.noindex/swift-crypto.build/Debug-iphonesimulator/CCryptoBoringSSL.build/Objects-normal/arm64/bn_asn1.o.scan -- /Applications/Xcode.app/Contents/Developer/Toolchains/XcodeDefault.xctoolchain/usr/bin/clang -x c -ivfsstatcache /Users/j/Documents/GitHub/MoneroOne/build/SDKStatCaches.noindex/iphonesimulator26.1-23B77-90cf18a4295e390e64c810bc6bd7acbc.sdkstatcache -fmessage-length\=0 -fdiagnostics-show-note-include-stack -fmacro-backtrace-limit\=0 -fno-color-diagnostics -fmodules-prune-interval\=86400 -fmodules-prune-after\=345600 -fbuild-session-file\=/Users/j/Documents/GitHub/MoneroOne/build/ModuleCache.noindex/Session.modulevalidation -fmodules-validate-once-per-build-session -Wnon-modular-include-in-framework-module -Werror\=non-modular-include-in-framework-module -Wno-trigraphs -Wno-missing-field-initializers -Wno-missing-prototypes -Wno-return-type -Wno-missing-braces -Wparentheses -Wswitch -Wno-unused-function -Wno-unused-label -Wno-unused-parameter -Wno-unused-variable -Wunused-value -Wno-empty-body -Wno-uninitialized -Wno-unknown-pragmas -w -Wno-shadow -Wno-four-char-constants -Wno-conversion -Wno-constant-conversion -Wno-int-conversion -Wno-bool-conversion -Wno-enum-conversion -Wno-float-conversion -Wno-non-literal-null-conversion -Wno-objc-literal-conversion -Wshorten-64-to-32 -Wpointer-sign -Wno-newline-eof -Wno-implicit-fallthrough -fstrict-aliasing -Wdeprecated-declarations -Wno-sign-conversion -Wno-infinite-recursion -Wno-comma -Wno-block-capture-autoreleasing -Wno-strict-prototypes -Wno-semicolon-before-method-body -index-store-path /Users/j/Documents/GitHub/MoneroOne/build/Index.noindex/DataStore @/Users/j/Documents/GitHub/MoneroOne/build/Build/Intermediates.noindex/swift-crypto.build/Debug-iphonesimulator/CCryptoBoringSSL.build/Objects-normal/arm64/7187679823f38a2a940e0043cdf9d637-common-args.resp -MMD -MT dependencies -MF /Users/j/Documents/GitHub/MoneroOne/build/Build/Intermediates.noindex/swift-crypto.build/Debug-iphonesimulator/CCryptoBoringSSL.build/Objects-normal/arm64/bn_asn1.d --serialize-diagnostics /Users/j/Documents/GitHub/MoneroOne/build/Build/Intermediates.noindex/swift-crypto.build/Debug-iphonesimulator/CCryptoBoringSSL.build/Objects-normal/arm64/bn_asn1.dia -c /Users/j/Documents/GitHub/MoneroOne/build/SourcePackages/checkouts/swift-crypto/Sources/CCryptoBoringSSL/crypto/bn_extra/bn_asn1.c -o /Users/j/Documents/GitHub/MoneroOne/build/Build/Intermediates.noindex/swift-crypto.build/Debug-iphonesimulator/CCryptoBoringSSL.build/Objects-normal/arm64/bn_asn1.o -index-unit-output-path /swift-crypto.build/Debug-iphonesimulator/CCryptoBoringSSL.build/Objects-normal/arm64/bn_asn1.o

CompileC /Users/j/Documents/GitHub/MoneroOne/build/Build/Intermediates.noindex/swift-crypto.build/Debug-iphonesimulator/CCryptoBoringSSL.build/Objects-normal/arm64/cbb.o /Users/j/Documents/GitHub/MoneroOne/build/SourcePackages/checkouts/swift-crypto/Sources/CCryptoBoringSSL/crypto/bytestring/cbb.c normal arm64 c com.apple.compilers.llvm.clang.1_0.compiler (in target 'CCryptoBoringSSL' from project 'swift-crypto')
    cd /Users/j/Documents/GitHub/MoneroOne/MoneroOne.xcodeproj
    
    Using response file: /Users/j/Documents/GitHub/MoneroOne/build/Build/Intermediates.noindex/swift-crypto.build/Debug-iphonesimulator/CCryptoBoringSSL.build/Objects-normal/arm64/7187679823f38a2a940e0043cdf9d637-common-args.resp
    
    /Applications/Xcode.app/Contents/Developer/Toolchains/XcodeDefault.xctoolchain/usr/bin/clang -x c -ivfsstatcache /Users/j/Documents/GitHub/MoneroOne/build/SDKStatCaches.noindex/iphonesimulator26.1-23B77-90cf18a4295e390e64c810bc6bd7acbc.sdkstatcache -fmessage-length\=0 -fdiagnostics-show-note-include-stack -fmacro-backtrace-limit\=0 -fno-color-diagnostics -fmodules-prune-interval\=86400 -fmodules-prune-after\=345600 -fbuild-session-file\=/Users/j/Documents/GitHub/MoneroOne/build/ModuleCache.noindex/Session.modulevalidation -fmodules-validate-once-per-build-session -Wnon-modular-include-in-framework-module -Werror\=non-modular-include-in-framework-module -Wno-trigraphs -Wno-missing-field-initializers -Wno-missing-prototypes -Wno-return-type -Wno-missing-braces -Wparentheses -Wswitch -Wno-unused-function -Wno-unused-label -Wno-unused-parameter -Wno-unused-variable -Wunused-value -Wno-empty-body -Wno-uninitialized -Wno-unknown-pragmas -w -Wno-shadow -Wno-four-char-constants -Wno-conversion -Wno-constant-conversion -Wno-int-conversion -Wno-bool-conversion -Wno-enum-conversion -Wno-float-conversion -Wno-non-literal-null-conversion -Wno-objc-literal-conversion -Wshorten-64-to-32 -Wpointer-sign -Wno-newline-eof -Wno-implicit-fallthrough -fstrict-aliasing -Wdeprecated-declarations -Wno-sign-conversion -Wno-infinite-recursion -Wno-comma -Wno-block-capture-autoreleasing -Wno-strict-prototypes -Wno-semicolon-before-method-body -index-store-path /Users/j/Documents/GitHub/MoneroOne/build/Index.noindex/DataStore @/Users/j/Documents/GitHub/MoneroOne/build/Build/Intermediates.noindex/swift-crypto.build/Debug-iphonesimulator/CCryptoBoringSSL.build/Objects-normal/arm64/7187679823f38a2a940e0043cdf9d637-common-args.resp -MMD -MT dependencies -MF /Users/j/Documents/GitHub/MoneroOne/build/Build/Intermediates.noindex/swift-crypto.build/Debug-iphonesimulator/CCryptoBoringSSL.build/Objects-normal/arm64/cbb.d --serialize-diagnostics /Users/j/Documents/GitHub/MoneroOne/build/Build/Intermediates.noindex/swift-crypto.build/Debug-iphonesimulator/CCryptoBoringSSL.build/Objects-normal/arm64/cbb.dia -c /Users/j/Documents/GitHub/MoneroOne/build/SourcePackages/checkouts/swift-crypto/Sources/CCryptoBoringSSL/crypto/bytestring/cbb.c -o /Users/j/Documents/GitHub/MoneroOne/build/Build/Intermediates.noindex/swift-crypto.build/Debug-iphonesimulator/CCryptoBoringSSL.build/Objects-normal/arm64/cbb.o -index-unit-output-path /swift-crypto.build/Debug-iphonesimulator/CCryptoBoringSSL.build/Objects-normal/arm64/cbb.o

ScanDependencies /Users/j/Documents/GitHub/MoneroOne/build/Build/Intermediates.noindex/swift-crypto.build/Debug-iphonesimulator/CCryptoBoringSSL.build/Objects-normal/arm64/bn.o /Users/j/Documents/GitHub/MoneroOne/build/SourcePackages/checkouts/swift-crypto/Sources/CCryptoBoringSSL/crypto/fipsmodule/bn/bn.c normal arm64 c com.apple.compilers.llvm.clang.1_0.compiler (in target 'CCryptoBoringSSL' from project 'swift-crypto')
    cd /Users/j/Documents/GitHub/MoneroOne/MoneroOne.xcodeproj
    
    Using response file: /Users/j/Documents/GitHub/MoneroOne/build/Build/Intermediates.noindex/swift-crypto.build/Debug-iphonesimulator/CCryptoBoringSSL.build/Objects-normal/arm64/7187679823f38a2a940e0043cdf9d637-common-args.resp
    
    builtin-ScanDependencies -o /Users/j/Documents/GitHub/MoneroOne/build/Build/Intermediates.noindex/swift-crypto.build/Debug-iphonesimulator/CCryptoBoringSSL.build/Objects-normal/arm64/bn.o.scan -- /Applications/Xcode.app/Contents/Developer/Toolchains/XcodeDefault.xctoolchain/usr/bin/clang -x c -ivfsstatcache /Users/j/Documents/GitHub/MoneroOne/build/SDKStatCaches.noindex/iphonesimulator26.1-23B77-90cf18a4295e390e64c810bc6bd7acbc.sdkstatcache -fmessage-length\=0 -fdiagnostics-show-note-include-stack -fmacro-backtrace-limit\=0 -fno-color-diagnostics -fmodules-prune-interval\=86400 -fmodules-prune-after\=345600 -fbuild-session-file\=/Users/j/Documents/GitHub/MoneroOne/build/ModuleCache.noindex/Session.modulevalidation -fmodules-validate-once-per-build-session -Wnon-modular-include-in-framework-module -Werror\=non-modular-include-in-framework-module -Wno-trigraphs -Wno-missing-field-initializers -Wno-missing-prototypes -Wno-return-type -Wno-missing-braces -Wparentheses -Wswitch -Wno-unused-function -Wno-unused-label -Wno-unused-parameter -Wno-unused-variable -Wunused-value -Wno-empty-body -Wno-uninitialized -Wno-unknown-pragmas -w -Wno-shadow -Wno-four-char-constants -Wno-conversion -Wno-constant-conversion -Wno-int-conversion -Wno-bool-conversion -Wno-enum-conversion -Wno-float-conversion -Wno-non-literal-null-conversion -Wno-objc-literal-conversion -Wshorten-64-to-32 -Wpointer-sign -Wno-newline-eof -Wno-implicit-fallthrough -fstrict-aliasing -Wdeprecated-declarations -Wno-sign-conversion -Wno-infinite-recursion -Wno-comma -Wno-block-capture-autoreleasing -Wno-strict-prototypes -Wno-semicolon-before-method-body -index-store-path /Users/j/Documents/GitHub/MoneroOne/build/Index.noindex/DataStore @/Users/j/Documents/GitHub/MoneroOne/build/Build/Intermediates.noindex/swift-crypto.build/Debug-iphonesimulator/CCryptoBoringSSL.build/Objects-normal/arm64/7187679823f38a2a940e0043cdf9d637-common-args.resp -MMD -MT dependencies -MF /Users/j/Documents/GitHub/MoneroOne/build/Build/Intermediates.noindex/swift-crypto.build/Debug-iphonesimulator/CCryptoBoringSSL.build/Objects-normal/arm64/bn.d --serialize-diagnostics /Users/j/Documents/GitHub/MoneroOne/build/Build/Intermediates.noindex/swift-crypto.build/Debug-iphonesimulator/CCryptoBoringSSL.build/Objects-normal/arm64/bn.dia -c /Users/j/Documents/GitHub/MoneroOne/build/SourcePackages/checkouts/swift-crypto/Sources/CCryptoBoringSSL/crypto/fipsmodule/bn/bn.c -o /Users/j/Documents/GitHub/MoneroOne/build/Build/Intermediates.noindex/swift-crypto.build/Debug-iphonesimulator/CCryptoBoringSSL.build/Objects-normal/arm64/bn.o -index-unit-output-path /swift-crypto.build/Debug-iphonesimulator/CCryptoBoringSSL.build/Objects-normal/arm64/bn.o

ScanDependencies /Users/j/Documents/GitHub/MoneroOne/build/Build/Intermediates.noindex/swift-crypto.build/Debug-iphonesimulator/CCryptoBoringSSL.build/Objects-normal/arm64/blinding.o /Users/j/Documents/GitHub/MoneroOne/build/SourcePackages/checkouts/swift-crypto/Sources/CCryptoBoringSSL/crypto/fipsmodule/rsa/blinding.c normal arm64 c com.apple.compilers.llvm.clang.1_0.compiler (in target 'CCryptoBoringSSL' from project 'swift-crypto')
    cd /Users/j/Documents/GitHub/MoneroOne/MoneroOne.xcodeproj
    
    Using response file: /Users/j/Documents/GitHub/MoneroOne/build/Build/Intermediates.noindex/swift-crypto.build/Debug-iphonesimulator/CCryptoBoringSSL.build/Objects-normal/arm64/7187679823f38a2a940e0043cdf9d637-common-args.resp
    
    builtin-ScanDependencies -o /Users/j/Documents/GitHub/MoneroOne/build/Build/Intermediates.noindex/swift-crypto.build/Debug-iphonesimulator/CCryptoBoringSSL.build/Objects-normal/arm64/blinding.o.scan -- /Applications/Xcode.app/Contents/Developer/Toolchains/XcodeDefault.xctoolchain/usr/bin/clang -x c -ivfsstatcache /Users/j/Documents/GitHub/MoneroOne/build/SDKStatCaches.noindex/iphonesimulator26.1-23B77-90cf18a4295e390e64c810bc6bd7acbc.sdkstatcache -fmessage-length\=0 -fdiagnostics-show-note-include-stack -fmacro-backtrace-limit\=0 -fno-color-diagnostics -fmodules-prune-interval\=86400 -fmodules-prune-after\=345600 -fbuild-session-file\=/Users/j/Documents/GitHub/MoneroOne/build/ModuleCache.noindex/Session.modulevalidation -fmodules-validate-once-per-build-session -Wnon-modular-include-in-framework-module -Werror\=non-modular-include-in-framework-module -Wno-trigraphs -Wno-missing-field-initializers -Wno-missing-prototypes -Wno-return-type -Wno-missing-braces -Wparentheses -Wswitch -Wno-unused-function -Wno-unused-label -Wno-unused-parameter -Wno-unused-variable -Wunused-value -Wno-empty-body -Wno-uninitialized -Wno-unknown-pragmas -w -Wno-shadow -Wno-four-char-constants -Wno-conversion -Wno-constant-conversion -Wno-int-conversion -Wno-bool-conversion -Wno-enum-conversion -Wno-float-conversion -Wno-non-literal-null-conversion -Wno-objc-literal-conversion -Wshorten-64-to-32 -Wpointer-sign -Wno-newline-eof -Wno-implicit-fallthrough -fstrict-aliasing -Wdeprecated-declarations -Wno-sign-conversion -Wno-infinite-recursion -Wno-comma -Wno-block-capture-autoreleasing -Wno-strict-prototypes -Wno-semicolon-before-method-body -index-store-path /Users/j/Documents/GitHub/MoneroOne/build/Index.noindex/DataStore @/Users/j/Documents/GitHub/MoneroOne/build/Build/Intermediates.noindex/swift-crypto.build/Debug-iphonesimulator/CCryptoBoringSSL.build/Objects-normal/arm64/7187679823f38a2a940e0043cdf9d637-common-args.resp -MMD -MT dependencies -MF /Users/j/Documents/GitHub/MoneroOne/build/Build/Intermediates.noindex/swift-crypto.build/Debug-iphonesimulator/CCryptoBoringSSL.build/Objects-normal/arm64/blinding.d --serialize-diagnostics /Users/j/Documents/GitHub/MoneroOne/build/Build/Intermediates.noindex/swift-crypto.build/Debug-iphonesimulator/CCryptoBoringSSL.build/Objects-normal/arm64/blinding.dia -c /Users/j/Documents/GitHub/MoneroOne/build/SourcePackages/checkouts/swift-crypto/Sources/CCryptoBoringSSL/crypto/fipsmodule/rsa/blinding.c -o /Users/j/Documents/GitHub/MoneroOne/build/Build/Intermediates.noindex/swift-crypto.build/Debug-iphonesimulator/CCryptoBoringSSL.build/Objects-normal/arm64/blinding.o -index-unit-output-path /swift-crypto.build/Debug-iphonesimulator/CCryptoBoringSSL.build/Objects-normal/arm64/blinding.o

CompileC /Users/j/Documents/GitHub/MoneroOne/build/Build/Intermediates.noindex/swift-crypto.build/Debug-iphonesimulator/CCryptoBoringSSL.build/Objects-normal/arm64/bytes.o /Users/j/Documents/GitHub/MoneroOne/build/SourcePackages/checkouts/swift-crypto/Sources/CCryptoBoringSSL/crypto/fipsmodule/bn/bytes.c normal arm64 c com.apple.compilers.llvm.clang.1_0.compiler (in target 'CCryptoBoringSSL' from project 'swift-crypto')
    cd /Users/j/Documents/GitHub/MoneroOne/MoneroOne.xcodeproj
    
    Using response file: /Users/j/Documents/GitHub/MoneroOne/build/Build/Intermediates.noindex/swift-crypto.build/Debug-iphonesimulator/CCryptoBoringSSL.build/Objects-normal/arm64/7187679823f38a2a940e0043cdf9d637-common-args.resp
    
    /Applications/Xcode.app/Contents/Developer/Toolchains/XcodeDefault.xctoolchain/usr/bin/clang -x c -ivfsstatcache /Users/j/Documents/GitHub/MoneroOne/build/SDKStatCaches.noindex/iphonesimulator26.1-23B77-90cf18a4295e390e64c810bc6bd7acbc.sdkstatcache -fmessage-length\=0 -fdiagnostics-show-note-include-stack -fmacro-backtrace-limit\=0 -fno-color-diagnostics -fmodules-prune-interval\=86400 -fmodules-prune-after\=345600 -fbuild-session-file\=/Users/j/Documents/GitHub/MoneroOne/build/ModuleCache.noindex/Session.modulevalidation -fmodules-validate-once-per-build-session -Wnon-modular-include-in-framework-module -Werror\=non-modular-include-in-framework-module -Wno-trigraphs -Wno-missing-field-initializers -Wno-missing-prototypes -Wno-return-type -Wno-missing-braces -Wparentheses -Wswitch -Wno-unused-function -Wno-unused-label -Wno-unused-parameter -Wno-unused-variable -Wunused-value -Wno-empty-body -Wno-uninitialized -Wno-unknown-pragmas -w -Wno-shadow -Wno-four-char-constants -Wno-conversion -Wno-constant-conversion -Wno-int-conversion -Wno-bool-conversion -Wno-enum-conversion -Wno-float-conversion -Wno-non-literal-null-conversion -Wno-objc-literal-conversion -Wshorten-64-to-32 -Wpointer-sign -Wno-newline-eof -Wno-implicit-fallthrough -fstrict-aliasing -Wdeprecated-declarations -Wno-sign-conversion -Wno-infinite-recursion -Wno-comma -Wno-block-capture-autoreleasing -Wno-strict-prototypes -Wno-semicolon-before-method-body -index-store-path /Users/j/Documents/GitHub/MoneroOne/build/Index.noindex/DataStore @/Users/j/Documents/GitHub/MoneroOne/build/Build/Intermediates.noindex/swift-crypto.build/Debug-iphonesimulator/CCryptoBoringSSL.build/Objects-normal/arm64/7187679823f38a2a940e0043cdf9d637-common-args.resp -MMD -MT dependencies -MF /Users/j/Documents/GitHub/MoneroOne/build/Build/Intermediates.noindex/swift-crypto.build/Debug-iphonesimulator/CCryptoBoringSSL.build/Objects-normal/arm64/bytes.d --serialize-diagnostics /Users/j/Documents/GitHub/MoneroOne/build/Build/Intermediates.noindex/swift-crypto.build/Debug-iphonesimulator/CCryptoBoringSSL.build/Objects-normal/arm64/bytes.dia -c /Users/j/Documents/GitHub/MoneroOne/build/SourcePackages/checkouts/swift-crypto/Sources/CCryptoBoringSSL/crypto/fipsmodule/bn/bytes.c -o /Users/j/Documents/GitHub/MoneroOne/build/Build/Intermediates.noindex/swift-crypto.build/Debug-iphonesimulator/CCryptoBoringSSL.build/Objects-normal/arm64/bytes.o -index-unit-output-path /swift-crypto.build/Debug-iphonesimulator/CCryptoBoringSSL.build/Objects-normal/arm64/bytes.o

ScanDependencies /Users/j/Documents/GitHub/MoneroOne/build/Build/Intermediates.noindex/swift-crypto.build/Debug-iphonesimulator/CCryptoBoringSSL.build/Objects-normal/arm64/blake2.o /Users/j/Documents/GitHub/MoneroOne/build/SourcePackages/checkouts/swift-crypto/Sources/CCryptoBoringSSL/crypto/blake2/blake2.c normal arm64 c com.apple.compilers.llvm.clang.1_0.compiler (in target 'CCryptoBoringSSL' from project 'swift-crypto')
    cd /Users/j/Documents/GitHub/MoneroOne/MoneroOne.xcodeproj
    
    Using response file: /Users/j/Documents/GitHub/MoneroOne/build/Build/Intermediates.noindex/swift-crypto.build/Debug-iphonesimulator/CCryptoBoringSSL.build/Objects-normal/arm64/7187679823f38a2a940e0043cdf9d637-common-args.resp
    
    builtin-ScanDependencies -o /Users/j/Documents/GitHub/MoneroOne/build/Build/Intermediates.noindex/swift-crypto.build/Debug-iphonesimulator/CCryptoBoringSSL.build/Objects-normal/arm64/blake2.o.scan -- /Applications/Xcode.app/Contents/Developer/Toolchains/XcodeDefault.xctoolchain/usr/bin/clang -x c -ivfsstatcache /Users/j/Documents/GitHub/MoneroOne/build/SDKStatCaches.noindex/iphonesimulator26.1-23B77-90cf18a4295e390e64c810bc6bd7acbc.sdkstatcache -fmessage-length\=0 -fdiagnostics-show-note-include-stack -fmacro-backtrace-limit\=0 -fno-color-diagnostics -fmodules-prune-interval\=86400 -fmodules-prune-after\=345600 -fbuild-session-file\=/Users/j/Documents/GitHub/MoneroOne/build/ModuleCache.noindex/Session.modulevalidation -fmodules-validate-once-per-build-session -Wnon-modular-include-in-framework-module -Werror\=non-modular-include-in-framework-module -Wno-trigraphs -Wno-missing-field-initializers -Wno-missing-prototypes -Wno-return-type -Wno-missing-braces -Wparentheses -Wswitch -Wno-unused-function -Wno-unused-label -Wno-unused-parameter -Wno-unused-variable -Wunused-value -Wno-empty-body -Wno-uninitialized -Wno-unknown-pragmas -w -Wno-shadow -Wno-four-char-constants -Wno-conversion -Wno-constant-conversion -Wno-int-conversion -Wno-bool-conversion -Wno-enum-conversion -Wno-float-conversion -Wno-non-literal-null-conversion -Wno-objc-literal-conversion -Wshorten-64-to-32 -Wpointer-sign -Wno-newline-eof -Wno-implicit-fallthrough -fstrict-aliasing -Wdeprecated-declarations -Wno-sign-conversion -Wno-infinite-recursion -Wno-comma -Wno-block-capture-autoreleasing -Wno-strict-prototypes -Wno-semicolon-before-method-body -index-store-path /Users/j/Documents/GitHub/MoneroOne/build/Index.noindex/DataStore @/Users/j/Documents/GitHub/MoneroOne/build/Build/Intermediates.noindex/swift-crypto.build/Debug-iphonesimulator/CCryptoBoringSSL.build/Objects-normal/arm64/7187679823f38a2a940e0043cdf9d637-common-args.resp -MMD -MT dependencies -MF /Users/j/Documents/GitHub/MoneroOne/build/Build/Intermediates.noindex/swift-crypto.build/Debug-iphonesimulator/CCryptoBoringSSL.build/Objects-normal/arm64/blake2.d --serialize-diagnostics /Users/j/Documents/GitHub/MoneroOne/build/Build/Intermediates.noindex/swift-crypto.build/Debug-iphonesimulator/CCryptoBoringSSL.build/Objects-normal/arm64/blake2.dia -c /Users/j/Documents/GitHub/MoneroOne/build/SourcePackages/checkouts/swift-crypto/Sources/CCryptoBoringSSL/crypto/blake2/blake2.c -o /Users/j/Documents/GitHub/MoneroOne/build/Build/Intermediates.noindex/swift-crypto.build/Debug-iphonesimulator/CCryptoBoringSSL.build/Objects-normal/arm64/blake2.o -index-unit-output-path /swift-crypto.build/Debug-iphonesimulator/CCryptoBoringSSL.build/Objects-normal/arm64/blake2.o

ScanDependencies /Users/j/Documents/GitHub/MoneroOne/build/Build/Intermediates.noindex/swift-crypto.build/Debug-iphonesimulator/CCryptoBoringSSL.build/Objects-normal/arm64/bio_mem.o /Users/j/Documents/GitHub/MoneroOne/build/SourcePackages/checkouts/swift-crypto/Sources/CCryptoBoringSSL/crypto/bio/bio_mem.c normal arm64 c com.apple.compilers.llvm.clang.1_0.compiler (in target 'CCryptoBoringSSL' from project 'swift-crypto')
    cd /Users/j/Documents/GitHub/MoneroOne/MoneroOne.xcodeproj
    
    Using response file: /Users/j/Documents/GitHub/MoneroOne/build/Build/Intermediates.noindex/swift-crypto.build/Debug-iphonesimulator/CCryptoBoringSSL.build/Objects-normal/arm64/7187679823f38a2a940e0043cdf9d637-common-args.resp
    
    builtin-ScanDependencies -o /Users/j/Documents/GitHub/MoneroOne/build/Build/Intermediates.noindex/swift-crypto.build/Debug-iphonesimulator/CCryptoBoringSSL.build/Objects-normal/arm64/bio_mem.o.scan -- /Applications/Xcode.app/Contents/Developer/Toolchains/XcodeDefault.xctoolchain/usr/bin/clang -x c -ivfsstatcache /Users/j/Documents/GitHub/MoneroOne/build/SDKStatCaches.noindex/iphonesimulator26.1-23B77-90cf18a4295e390e64c810bc6bd7acbc.sdkstatcache -fmessage-length\=0 -fdiagnostics-show-note-include-stack -fmacro-backtrace-limit\=0 -fno-color-diagnostics -fmodules-prune-interval\=86400 -fmodules-prune-after\=345600 -fbuild-session-file\=/Users/j/Documents/GitHub/MoneroOne/build/ModuleCache.noindex/Session.modulevalidation -fmodules-validate-once-per-build-session -Wnon-modular-include-in-framework-module -Werror\=non-modular-include-in-framework-module -Wno-trigraphs -Wno-missing-field-initializers -Wno-missing-prototypes -Wno-return-type -Wno-missing-braces -Wparentheses -Wswitch -Wno-unused-function -Wno-unused-label -Wno-unused-parameter -Wno-unused-variable -Wunused-value -Wno-empty-body -Wno-uninitialized -Wno-unknown-pragmas -w -Wno-shadow -Wno-four-char-constants -Wno-conversion -Wno-constant-conversion -Wno-int-conversion -Wno-bool-conversion -Wno-enum-conversion -Wno-float-conversion -Wno-non-literal-null-conversion -Wno-objc-literal-conversion -Wshorten-64-to-32 -Wpointer-sign -Wno-newline-eof -Wno-implicit-fallthrough -fstrict-aliasing -Wdeprecated-declarations -Wno-sign-conversion -Wno-infinite-recursion -Wno-comma -Wno-block-capture-autoreleasing -Wno-strict-prototypes -Wno-semicolon-before-method-body -index-store-path /Users/j/Documents/GitHub/MoneroOne/build/Index.noindex/DataStore @/Users/j/Documents/GitHub/MoneroOne/build/Build/Intermediates.noindex/swift-crypto.build/Debug-iphonesimulator/CCryptoBoringSSL.build/Objects-normal/arm64/7187679823f38a2a940e0043cdf9d637-common-args.resp -MMD -MT dependencies -MF /Users/j/Documents/GitHub/MoneroOne/build/Build/Intermediates.noindex/swift-crypto.build/Debug-iphonesimulator/CCryptoBoringSSL.build/Objects-normal/arm64/bio_mem.d --serialize-diagnostics /Users/j/Documents/GitHub/MoneroOne/build/Build/Intermediates.noindex/swift-crypto.build/Debug-iphonesimulator/CCryptoBoringSSL.build/Objects-normal/arm64/bio_mem.dia -c /Users/j/Documents/GitHub/MoneroOne/build/SourcePackages/checkouts/swift-crypto/Sources/CCryptoBoringSSL/crypto/bio/bio_mem.c -o /Users/j/Documents/GitHub/MoneroOne/build/Build/Intermediates.noindex/swift-crypto.build/Debug-iphonesimulator/CCryptoBoringSSL.build/Objects-normal/arm64/bio_mem.o -index-unit-output-path /swift-crypto.build/Debug-iphonesimulator/CCryptoBoringSSL.build/Objects-normal/arm64/bio_mem.o

CompileC /Users/j/Documents/GitHub/MoneroOne/build/Build/Intermediates.noindex/swift-crypto.build/Debug-iphonesimulator/CCryptoBoringSSL.build/Objects-normal/arm64/by_file.o /Users/j/Documents/GitHub/MoneroOne/build/SourcePackages/checkouts/swift-crypto/Sources/CCryptoBoringSSL/crypto/x509/by_file.c normal arm64 c com.apple.compilers.llvm.clang.1_0.compiler (in target 'CCryptoBoringSSL' from project 'swift-crypto')
    cd /Users/j/Documents/GitHub/MoneroOne/MoneroOne.xcodeproj
    
    Using response file: /Users/j/Documents/GitHub/MoneroOne/build/Build/Intermediates.noindex/swift-crypto.build/Debug-iphonesimulator/CCryptoBoringSSL.build/Objects-normal/arm64/7187679823f38a2a940e0043cdf9d637-common-args.resp
    
    /Applications/Xcode.app/Contents/Developer/Toolchains/XcodeDefault.xctoolchain/usr/bin/clang -x c -ivfsstatcache /Users/j/Documents/GitHub/MoneroOne/build/SDKStatCaches.noindex/iphonesimulator26.1-23B77-90cf18a4295e390e64c810bc6bd7acbc.sdkstatcache -fmessage-length\=0 -fdiagnostics-show-note-include-stack -fmacro-backtrace-limit\=0 -fno-color-diagnostics -fmodules-prune-interval\=86400 -fmodules-prune-after\=345600 -fbuild-session-file\=/Users/j/Documents/GitHub/MoneroOne/build/ModuleCache.noindex/Session.modulevalidation -fmodules-validate-once-per-build-session -Wnon-modular-include-in-framework-module -Werror\=non-modular-include-in-framework-module -Wno-trigraphs -Wno-missing-field-initializers -Wno-missing-prototypes -Wno-return-type -Wno-missing-braces -Wparentheses -Wswitch -Wno-unused-function -Wno-unused-label -Wno-unused-parameter -Wno-unused-variable -Wunused-value -Wno-empty-body -Wno-uninitialized -Wno-unknown-pragmas -w -Wno-shadow -Wno-four-char-constants -Wno-conversion -Wno-constant-conversion -Wno-int-conversion -Wno-bool-conversion -Wno-enum-conversion -Wno-float-conversion -Wno-non-literal-null-conversion -Wno-objc-literal-conversion -Wshorten-64-to-32 -Wpointer-sign -Wno-newline-eof -Wno-implicit-fallthrough -fstrict-aliasing -Wdeprecated-declarations -Wno-sign-conversion -Wno-infinite-recursion -Wno-comma -Wno-block-capture-autoreleasing -Wno-strict-prototypes -Wno-semicolon-before-method-body -index-store-path /Users/j/Documents/GitHub/MoneroOne/build/Index.noindex/DataStore @/Users/j/Documents/GitHub/MoneroOne/build/Build/Intermediates.noindex/swift-crypto.build/Debug-iphonesimulator/CCryptoBoringSSL.build/Objects-normal/arm64/7187679823f38a2a940e0043cdf9d637-common-args.resp -MMD -MT dependencies -MF /Users/j/Documents/GitHub/MoneroOne/build/Build/Intermediates.noindex/swift-crypto.build/Debug-iphonesimulator/CCryptoBoringSSL.build/Objects-normal/arm64/by_file.d --serialize-diagnostics /Users/j/Documents/GitHub/MoneroOne/build/Build/Intermediates.noindex/swift-crypto.build/Debug-iphonesimulator/CCryptoBoringSSL.build/Objects-normal/arm64/by_file.dia -c /Users/j/Documents/GitHub/MoneroOne/build/SourcePackages/checkouts/swift-crypto/Sources/CCryptoBoringSSL/crypto/x509/by_file.c -o /Users/j/Documents/GitHub/MoneroOne/build/Build/Intermediates.noindex/swift-crypto.build/Debug-iphonesimulator/CCryptoBoringSSL.build/Objects-normal/arm64/by_file.o -index-unit-output-path /swift-crypto.build/Debug-iphonesimulator/CCryptoBoringSSL.build/Objects-normal/arm64/by_file.o

CompileC /Users/j/Documents/GitHub/MoneroOne/build/Build/Intermediates.noindex/swift-crypto.build/Debug-iphonesimulator/CCryptoBoringSSL.build/Objects-normal/arm64/buf.o /Users/j/Documents/GitHub/MoneroOne/build/SourcePackages/checkouts/swift-crypto/Sources/CCryptoBoringSSL/crypto/buf/buf.c normal arm64 c com.apple.compilers.llvm.clang.1_0.compiler (in target 'CCryptoBoringSSL' from project 'swift-crypto')
    cd /Users/j/Documents/GitHub/MoneroOne/MoneroOne.xcodeproj
    
    Using response file: /Users/j/Documents/GitHub/MoneroOne/build/Build/Intermediates.noindex/swift-crypto.build/Debug-iphonesimulator/CCryptoBoringSSL.build/Objects-normal/arm64/7187679823f38a2a940e0043cdf9d637-common-args.resp
    
    /Applications/Xcode.app/Contents/Developer/Toolchains/XcodeDefault.xctoolchain/usr/bin/clang -x c -ivfsstatcache /Users/j/Documents/GitHub/MoneroOne/build/SDKStatCaches.noindex/iphonesimulator26.1-23B77-90cf18a4295e390e64c810bc6bd7acbc.sdkstatcache -fmessage-length\=0 -fdiagnostics-show-note-include-stack -fmacro-backtrace-limit\=0 -fno-color-diagnostics -fmodules-prune-interval\=86400 -fmodules-prune-after\=345600 -fbuild-session-file\=/Users/j/Documents/GitHub/MoneroOne/build/ModuleCache.noindex/Session.modulevalidation -fmodules-validate-once-per-build-session -Wnon-modular-include-in-framework-module -Werror\=non-modular-include-in-framework-module -Wno-trigraphs -Wno-missing-field-initializers -Wno-missing-prototypes -Wno-return-type -Wno-missing-braces -Wparentheses -Wswitch -Wno-unused-function -Wno-unused-label -Wno-unused-parameter -Wno-unused-variable -Wunused-value -Wno-empty-body -Wno-uninitialized -Wno-unknown-pragmas -w -Wno-shadow -Wno-four-char-constants -Wno-conversion -Wno-constant-conversion -Wno-int-conversion -Wno-bool-conversion -Wno-enum-conversion -Wno-float-conversion -Wno-non-literal-null-conversion -Wno-objc-literal-conversion -Wshorten-64-to-32 -Wpointer-sign -Wno-newline-eof -Wno-implicit-fallthrough -fstrict-aliasing -Wdeprecated-declarations -Wno-sign-conversion -Wno-infinite-recursion -Wno-comma -Wno-block-capture-autoreleasing -Wno-strict-prototypes -Wno-semicolon-before-method-body -index-store-path /Users/j/Documents/GitHub/MoneroOne/build/Index.noindex/DataStore @/Users/j/Documents/GitHub/MoneroOne/build/Build/Intermediates.noindex/swift-crypto.build/Debug-iphonesimulator/CCryptoBoringSSL.build/Objects-normal/arm64/7187679823f38a2a940e0043cdf9d637-common-args.resp -MMD -MT dependencies -MF /Users/j/Documents/GitHub/MoneroOne/build/Build/Intermediates.noindex/swift-crypto.build/Debug-iphonesimulator/CCryptoBoringSSL.build/Objects-normal/arm64/buf.d --serialize-diagnostics /Users/j/Documents/GitHub/MoneroOne/build/Build/Intermediates.noindex/swift-crypto.build/Debug-iphonesimulator/CCryptoBoringSSL.build/Objects-normal/arm64/buf.dia -c /Users/j/Documents/GitHub/MoneroOne/build/SourcePackages/checkouts/swift-crypto/Sources/CCryptoBoringSSL/crypto/buf/buf.c -o /Users/j/Documents/GitHub/MoneroOne/build/Build/Intermediates.noindex/swift-crypto.build/Debug-iphonesimulator/CCryptoBoringSSL.build/Objects-normal/arm64/buf.o -index-unit-output-path /swift-crypto.build/Debug-iphonesimulator/CCryptoBoringSSL.build/Objects-normal/arm64/buf.o

CompileC /Users/j/Documents/GitHub/MoneroOne/build/Build/Intermediates.noindex/swift-crypto.build/Debug-iphonesimulator/CCryptoBoringSSL.build/Objects-normal/arm64/by_dir.o /Users/j/Documents/GitHub/MoneroOne/build/SourcePackages/checkouts/swift-crypto/Sources/CCryptoBoringSSL/crypto/x509/by_dir.c normal arm64 c com.apple.compilers.llvm.clang.1_0.compiler (in target 'CCryptoBoringSSL' from project 'swift-crypto')
    cd /Users/j/Documents/GitHub/MoneroOne/MoneroOne.xcodeproj
    
    Using response file: /Users/j/Documents/GitHub/MoneroOne/build/Build/Intermediates.noindex/swift-crypto.build/Debug-iphonesimulator/CCryptoBoringSSL.build/Objects-normal/arm64/7187679823f38a2a940e0043cdf9d637-common-args.resp
    
    /Applications/Xcode.app/Contents/Developer/Toolchains/XcodeDefault.xctoolchain/usr/bin/clang -x c -ivfsstatcache /Users/j/Documents/GitHub/MoneroOne/build/SDKStatCaches.noindex/iphonesimulator26.1-23B77-90cf18a4295e390e64c810bc6bd7acbc.sdkstatcache -fmessage-length\=0 -fdiagnostics-show-note-include-stack -fmacro-backtrace-limit\=0 -fno-color-diagnostics -fmodules-prune-interval\=86400 -fmodules-prune-after\=345600 -fbuild-session-file\=/Users/j/Documents/GitHub/MoneroOne/build/ModuleCache.noindex/Session.modulevalidation -fmodules-validate-once-per-build-session -Wnon-modular-include-in-framework-module -Werror\=non-modular-include-in-framework-module -Wno-trigraphs -Wno-missing-field-initializers -Wno-missing-prototypes -Wno-return-type -Wno-missing-braces -Wparentheses -Wswitch -Wno-unused-function -Wno-unused-label -Wno-unused-parameter -Wno-unused-variable -Wunused-value -Wno-empty-body -Wno-uninitialized -Wno-unknown-pragmas -w -Wno-shadow -Wno-four-char-constants -Wno-conversion -Wno-constant-conversion -Wno-int-conversion -Wno-bool-conversion -Wno-enum-conversion -Wno-float-conversion -Wno-non-literal-null-conversion -Wno-objc-literal-conversion -Wshorten-64-to-32 -Wpointer-sign -Wno-newline-eof -Wno-implicit-fallthrough -fstrict-aliasing -Wdeprecated-declarations -Wno-sign-conversion -Wno-infinite-recursion -Wno-comma -Wno-block-capture-autoreleasing -Wno-strict-prototypes -Wno-semicolon-before-method-body -index-store-path /Users/j/Documents/GitHub/MoneroOne/build/Index.noindex/DataStore @/Users/j/Documents/GitHub/MoneroOne/build/Build/Intermediates.noindex/swift-crypto.build/Debug-iphonesimulator/CCryptoBoringSSL.build/Objects-normal/arm64/7187679823f38a2a940e0043cdf9d637-common-args.resp -MMD -MT dependencies -MF /Users/j/Documents/GitHub/MoneroOne/build/Build/Intermediates.noindex/swift-crypto.build/Debug-iphonesimulator/CCryptoBoringSSL.build/Objects-normal/arm64/by_dir.d --serialize-diagnostics /Users/j/Documents/GitHub/MoneroOne/build/Build/Intermediates.noindex/swift-crypto.build/Debug-iphonesimulator/CCryptoBoringSSL.build/Objects-normal/arm64/by_dir.dia -c /Users/j/Documents/GitHub/MoneroOne/build/SourcePackages/checkouts/swift-crypto/Sources/CCryptoBoringSSL/crypto/x509/by_dir.c -o /Users/j/Documents/GitHub/MoneroOne/build/Build/Intermediates.noindex/swift-crypto.build/Debug-iphonesimulator/CCryptoBoringSSL.build/Objects-normal/arm64/by_dir.o -index-unit-output-path /swift-crypto.build/Debug-iphonesimulator/CCryptoBoringSSL.build/Objects-normal/arm64/by_dir.o

CompileC /Users/j/Documents/GitHub/MoneroOne/build/Build/Intermediates.noindex/swift-crypto.build/Debug-iphonesimulator/CCryptoBoringSSL.build/Objects-normal/arm64/bn_asn1.o /Users/j/Documents/GitHub/MoneroOne/build/SourcePackages/checkouts/swift-crypto/Sources/CCryptoBoringSSL/crypto/bn_extra/bn_asn1.c normal arm64 c com.apple.compilers.llvm.clang.1_0.compiler (in target 'CCryptoBoringSSL' from project 'swift-crypto')
    cd /Users/j/Documents/GitHub/MoneroOne/MoneroOne.xcodeproj
    
    Using response file: /Users/j/Documents/GitHub/MoneroOne/build/Build/Intermediates.noindex/swift-crypto.build/Debug-iphonesimulator/CCryptoBoringSSL.build/Objects-normal/arm64/7187679823f38a2a940e0043cdf9d637-common-args.resp
    
    /Applications/Xcode.app/Contents/Developer/Toolchains/XcodeDefault.xctoolchain/usr/bin/clang -x c -ivfsstatcache /Users/j/Documents/GitHub/MoneroOne/build/SDKStatCaches.noindex/iphonesimulator26.1-23B77-90cf18a4295e390e64c810bc6bd7acbc.sdkstatcache -fmessage-length\=0 -fdiagnostics-show-note-include-stack -fmacro-backtrace-limit\=0 -fno-color-diagnostics -fmodules-prune-interval\=86400 -fmodules-prune-after\=345600 -fbuild-session-file\=/Users/j/Documents/GitHub/MoneroOne/build/ModuleCache.noindex/Session.modulevalidation -fmodules-validate-once-per-build-session -Wnon-modular-include-in-framework-module -Werror\=non-modular-include-in-framework-module -Wno-trigraphs -Wno-missing-field-initializers -Wno-missing-prototypes -Wno-return-type -Wno-missing-braces -Wparentheses -Wswitch -Wno-unused-function -Wno-unused-label -Wno-unused-parameter -Wno-unused-variable -Wunused-value -Wno-empty-body -Wno-uninitialized -Wno-unknown-pragmas -w -Wno-shadow -Wno-four-char-constants -Wno-conversion -Wno-constant-conversion -Wno-int-conversion -Wno-bool-conversion -Wno-enum-conversion -Wno-float-conversion -Wno-non-literal-null-conversion -Wno-objc-literal-conversion -Wshorten-64-to-32 -Wpointer-sign -Wno-newline-eof -Wno-implicit-fallthrough -fstrict-aliasing -Wdeprecated-declarations -Wno-sign-conversion -Wno-infinite-recursion -Wno-comma -Wno-block-capture-autoreleasing -Wno-strict-prototypes -Wno-semicolon-before-method-body -index-store-path /Users/j/Documents/GitHub/MoneroOne/build/Index.noindex/DataStore @/Users/j/Documents/GitHub/MoneroOne/build/Build/Intermediates.noindex/swift-crypto.build/Debug-iphonesimulator/CCryptoBoringSSL.build/Objects-normal/arm64/7187679823f38a2a940e0043cdf9d637-common-args.resp -MMD -MT dependencies -MF /Users/j/Documents/GitHub/MoneroOne/build/Build/Intermediates.noindex/swift-crypto.build/Debug-iphonesimulator/CCryptoBoringSSL.build/Objects-normal/arm64/bn_asn1.d --serialize-diagnostics /Users/j/Documents/GitHub/MoneroOne/build/Build/Intermediates.noindex/swift-crypto.build/Debug-iphonesimulator/CCryptoBoringSSL.build/Objects-normal/arm64/bn_asn1.dia -c /Users/j/Documents/GitHub/MoneroOne/build/SourcePackages/checkouts/swift-crypto/Sources/CCryptoBoringSSL/crypto/bn_extra/bn_asn1.c -o /Users/j/Documents/GitHub/MoneroOne/build/Build/Intermediates.noindex/swift-crypto.build/Debug-iphonesimulator/CCryptoBoringSSL.build/Objects-normal/arm64/bn_asn1.o -index-unit-output-path /swift-crypto.build/Debug-iphonesimulator/CCryptoBoringSSL.build/Objects-normal/arm64/bn_asn1.o

CompileC /Users/j/Documents/GitHub/MoneroOne/build/Build/Intermediates.noindex/swift-crypto.build/Debug-iphonesimulator/CCryptoBoringSSL.build/Objects-normal/arm64/bn.o /Users/j/Documents/GitHub/MoneroOne/build/SourcePackages/checkouts/swift-crypto/Sources/CCryptoBoringSSL/crypto/fipsmodule/bn/bn.c normal arm64 c com.apple.compilers.llvm.clang.1_0.compiler (in target 'CCryptoBoringSSL' from project 'swift-crypto')
    cd /Users/j/Documents/GitHub/MoneroOne/MoneroOne.xcodeproj
    
    Using response file: /Users/j/Documents/GitHub/MoneroOne/build/Build/Intermediates.noindex/swift-crypto.build/Debug-iphonesimulator/CCryptoBoringSSL.build/Objects-normal/arm64/7187679823f38a2a940e0043cdf9d637-common-args.resp
    
    /Applications/Xcode.app/Contents/Developer/Toolchains/XcodeDefault.xctoolchain/usr/bin/clang -x c -ivfsstatcache /Users/j/Documents/GitHub/MoneroOne/build/SDKStatCaches.noindex/iphonesimulator26.1-23B77-90cf18a4295e390e64c810bc6bd7acbc.sdkstatcache -fmessage-length\=0 -fdiagnostics-show-note-include-stack -fmacro-backtrace-limit\=0 -fno-color-diagnostics -fmodules-prune-interval\=86400 -fmodules-prune-after\=345600 -fbuild-session-file\=/Users/j/Documents/GitHub/MoneroOne/build/ModuleCache.noindex/Session.modulevalidation -fmodules-validate-once-per-build-session -Wnon-modular-include-in-framework-module -Werror\=non-modular-include-in-framework-module -Wno-trigraphs -Wno-missing-field-initializers -Wno-missing-prototypes -Wno-return-type -Wno-missing-braces -Wparentheses -Wswitch -Wno-unused-function -Wno-unused-label -Wno-unused-parameter -Wno-unused-variable -Wunused-value -Wno-empty-body -Wno-uninitialized -Wno-unknown-pragmas -w -Wno-shadow -Wno-four-char-constants -Wno-conversion -Wno-constant-conversion -Wno-int-conversion -Wno-bool-conversion -Wno-enum-conversion -Wno-float-conversion -Wno-non-literal-null-conversion -Wno-objc-literal-conversion -Wshorten-64-to-32 -Wpointer-sign -Wno-newline-eof -Wno-implicit-fallthrough -fstrict-aliasing -Wdeprecated-declarations -Wno-sign-conversion -Wno-infinite-recursion -Wno-comma -Wno-block-capture-autoreleasing -Wno-strict-prototypes -Wno-semicolon-before-method-body -index-store-path /Users/j/Documents/GitHub/MoneroOne/build/Index.noindex/DataStore @/Users/j/Documents/GitHub/MoneroOne/build/Build/Intermediates.noindex/swift-crypto.build/Debug-iphonesimulator/CCryptoBoringSSL.build/Objects-normal/arm64/7187679823f38a2a940e0043cdf9d637-common-args.resp -MMD -MT dependencies -MF /Users/j/Documents/GitHub/MoneroOne/build/Build/Intermediates.noindex/swift-crypto.build/Debug-iphonesimulator/CCryptoBoringSSL.build/Objects-normal/arm64/bn.d --serialize-diagnostics /Users/j/Documents/GitHub/MoneroOne/build/Build/Intermediates.noindex/swift-crypto.build/Debug-iphonesimulator/CCryptoBoringSSL.build/Objects-normal/arm64/bn.dia -c /Users/j/Documents/GitHub/MoneroOne/build/SourcePackages/checkouts/swift-crypto/Sources/CCryptoBoringSSL/crypto/fipsmodule/bn/bn.c -o /Users/j/Documents/GitHub/MoneroOne/build/Build/Intermediates.noindex/swift-crypto.build/Debug-iphonesimulator/CCryptoBoringSSL.build/Objects-normal/arm64/bn.o -index-unit-output-path /swift-crypto.build/Debug-iphonesimulator/CCryptoBoringSSL.build/Objects-normal/arm64/bn.o

CompileC /Users/j/Documents/GitHub/MoneroOne/build/Build/Intermediates.noindex/swift-crypto.build/Debug-iphonesimulator/CCryptoBoringSSL.build/Objects-normal/arm64/blinding.o /Users/j/Documents/GitHub/MoneroOne/build/SourcePackages/checkouts/swift-crypto/Sources/CCryptoBoringSSL/crypto/fipsmodule/rsa/blinding.c normal arm64 c com.apple.compilers.llvm.clang.1_0.compiler (in target 'CCryptoBoringSSL' from project 'swift-crypto')
    cd /Users/j/Documents/GitHub/MoneroOne/MoneroOne.xcodeproj
    
    Using response file: /Users/j/Documents/GitHub/MoneroOne/build/Build/Intermediates.noindex/swift-crypto.build/Debug-iphonesimulator/CCryptoBoringSSL.build/Objects-normal/arm64/7187679823f38a2a940e0043cdf9d637-common-args.resp
    
    /Applications/Xcode.app/Contents/Developer/Toolchains/XcodeDefault.xctoolchain/usr/bin/clang -x c -ivfsstatcache /Users/j/Documents/GitHub/MoneroOne/build/SDKStatCaches.noindex/iphonesimulator26.1-23B77-90cf18a4295e390e64c810bc6bd7acbc.sdkstatcache -fmessage-length\=0 -fdiagnostics-show-note-include-stack -fmacro-backtrace-limit\=0 -fno-color-diagnostics -fmodules-prune-interval\=86400 -fmodules-prune-after\=345600 -fbuild-session-file\=/Users/j/Documents/GitHub/MoneroOne/build/ModuleCache.noindex/Session.modulevalidation -fmodules-validate-once-per-build-session -Wnon-modular-include-in-framework-module -Werror\=non-modular-include-in-framework-module -Wno-trigraphs -Wno-missing-field-initializers -Wno-missing-prototypes -Wno-return-type -Wno-missing-braces -Wparentheses -Wswitch -Wno-unused-function -Wno-unused-label -Wno-unused-parameter -Wno-unused-variable -Wunused-value -Wno-empty-body -Wno-uninitialized -Wno-unknown-pragmas -w -Wno-shadow -Wno-four-char-constants -Wno-conversion -Wno-constant-conversion -Wno-int-conversion -Wno-bool-conversion -Wno-enum-conversion -Wno-float-conversion -Wno-non-literal-null-conversion -Wno-objc-literal-conversion -Wshorten-64-to-32 -Wpointer-sign -Wno-newline-eof -Wno-implicit-fallthrough -fstrict-aliasing -Wdeprecated-declarations -Wno-sign-conversion -Wno-infinite-recursion -Wno-comma -Wno-block-capture-autoreleasing -Wno-strict-prototypes -Wno-semicolon-before-method-body -index-store-path /Users/j/Documents/GitHub/MoneroOne/build/Index.noindex/DataStore @/Users/j/Documents/GitHub/MoneroOne/build/Build/Intermediates.noindex/swift-crypto.build/Debug-iphonesimulator/CCryptoBoringSSL.build/Objects-normal/arm64/7187679823f38a2a940e0043cdf9d637-common-args.resp -MMD -MT dependencies -MF /Users/j/Documents/GitHub/MoneroOne/build/Build/Intermediates.noindex/swift-crypto.build/Debug-iphonesimulator/CCryptoBoringSSL.build/Objects-normal/arm64/blinding.d --serialize-diagnostics /Users/j/Documents/GitHub/MoneroOne/build/Build/Intermediates.noindex/swift-crypto.build/Debug-iphonesimulator/CCryptoBoringSSL.build/Objects-normal/arm64/blinding.dia -c /Users/j/Documents/GitHub/MoneroOne/build/SourcePackages/checkouts/swift-crypto/Sources/CCryptoBoringSSL/crypto/fipsmodule/rsa/blinding.c -o /Users/j/Documents/GitHub/MoneroOne/build/Build/Intermediates.noindex/swift-crypto.build/Debug-iphonesimulator/CCryptoBoringSSL.build/Objects-normal/arm64/blinding.o -index-unit-output-path /swift-crypto.build/Debug-iphonesimulator/CCryptoBoringSSL.build/Objects-normal/arm64/blinding.o

CompileC /Users/j/Documents/GitHub/MoneroOne/build/Build/Intermediates.noindex/swift-crypto.build/Debug-iphonesimulator/CCryptoBoringSSL.build/Objects-normal/arm64/bio_mem.o /Users/j/Documents/GitHub/MoneroOne/build/SourcePackages/checkouts/swift-crypto/Sources/CCryptoBoringSSL/crypto/bio/bio_mem.c normal arm64 c com.apple.compilers.llvm.clang.1_0.compiler (in target 'CCryptoBoringSSL' from project 'swift-crypto')
    cd /Users/j/Documents/GitHub/MoneroOne/MoneroOne.xcodeproj
    
    Using response file: /Users/j/Documents/GitHub/MoneroOne/build/Build/Intermediates.noindex/swift-crypto.build/Debug-iphonesimulator/CCryptoBoringSSL.build/Objects-normal/arm64/7187679823f38a2a940e0043cdf9d637-common-args.resp
    
    /Applications/Xcode.app/Contents/Developer/Toolchains/XcodeDefault.xctoolchain/usr/bin/clang -x c -ivfsstatcache /Users/j/Documents/GitHub/MoneroOne/build/SDKStatCaches.noindex/iphonesimulator26.1-23B77-90cf18a4295e390e64c810bc6bd7acbc.sdkstatcache -fmessage-length\=0 -fdiagnostics-show-note-include-stack -fmacro-backtrace-limit\=0 -fno-color-diagnostics -fmodules-prune-interval\=86400 -fmodules-prune-after\=345600 -fbuild-session-file\=/Users/j/Documents/GitHub/MoneroOne/build/ModuleCache.noindex/Session.modulevalidation -fmodules-validate-once-per-build-session -Wnon-modular-include-in-framework-module -Werror\=non-modular-include-in-framework-module -Wno-trigraphs -Wno-missing-field-initializers -Wno-missing-prototypes -Wno-return-type -Wno-missing-braces -Wparentheses -Wswitch -Wno-unused-function -Wno-unused-label -Wno-unused-parameter -Wno-unused-variable -Wunused-value -Wno-empty-body -Wno-uninitialized -Wno-unknown-pragmas -w -Wno-shadow -Wno-four-char-constants -Wno-conversion -Wno-constant-conversion -Wno-int-conversion -Wno-bool-conversion -Wno-enum-conversion -Wno-float-conversion -Wno-non-literal-null-conversion -Wno-objc-literal-conversion -Wshorten-64-to-32 -Wpointer-sign -Wno-newline-eof -Wno-implicit-fallthrough -fstrict-aliasing -Wdeprecated-declarations -Wno-sign-conversion -Wno-infinite-recursion -Wno-comma -Wno-block-capture-autoreleasing -Wno-strict-prototypes -Wno-semicolon-before-method-body -index-store-path /Users/j/Documents/GitHub/MoneroOne/build/Index.noindex/DataStore @/Users/j/Documents/GitHub/MoneroOne/build/Build/Intermediates.noindex/swift-crypto.build/Debug-iphonesimulator/CCryptoBoringSSL.build/Objects-normal/arm64/7187679823f38a2a940e0043cdf9d637-common-args.resp -MMD -MT dependencies -MF /Users/j/Documents/GitHub/MoneroOne/build/Build/Intermediates.noindex/swift-crypto.build/Debug-iphonesimulator/CCryptoBoringSSL.build/Objects-normal/arm64/bio_mem.d --serialize-diagnostics /Users/j/Documents/GitHub/MoneroOne/build/Build/Intermediates.noindex/swift-crypto.build/Debug-iphonesimulator/CCryptoBoringSSL.build/Objects-normal/arm64/bio_mem.dia -c /Users/j/Documents/GitHub/MoneroOne/build/SourcePackages/checkouts/swift-crypto/Sources/CCryptoBoringSSL/crypto/bio/bio_mem.c -o /Users/j/Documents/GitHub/MoneroOne/build/Build/Intermediates.noindex/swift-crypto.build/Debug-iphonesimulator/CCryptoBoringSSL.build/Objects-normal/arm64/bio_mem.o -index-unit-output-path /swift-crypto.build/Debug-iphonesimulator/CCryptoBoringSSL.build/Objects-normal/arm64/bio_mem.o

CompileC /Users/j/Documents/GitHub/MoneroOne/build/Build/Intermediates.noindex/swift-crypto.build/Debug-iphonesimulator/CCryptoBoringSSL.build/Objects-normal/arm64/blake2.o /Users/j/Documents/GitHub/MoneroOne/build/SourcePackages/checkouts/swift-crypto/Sources/CCryptoBoringSSL/crypto/blake2/blake2.c normal arm64 c com.apple.compilers.llvm.clang.1_0.compiler (in target 'CCryptoBoringSSL' from project 'swift-crypto')
    cd /Users/j/Documents/GitHub/MoneroOne/MoneroOne.xcodeproj
    
    Using response file: /Users/j/Documents/GitHub/MoneroOne/build/Build/Intermediates.noindex/swift-crypto.build/Debug-iphonesimulator/CCryptoBoringSSL.build/Objects-normal/arm64/7187679823f38a2a940e0043cdf9d637-common-args.resp
    
    /Applications/Xcode.app/Contents/Developer/Toolchains/XcodeDefault.xctoolchain/usr/bin/clang -x c -ivfsstatcache /Users/j/Documents/GitHub/MoneroOne/build/SDKStatCaches.noindex/iphonesimulator26.1-23B77-90cf18a4295e390e64c810bc6bd7acbc.sdkstatcache -fmessage-length\=0 -fdiagnostics-show-note-include-stack -fmacro-backtrace-limit\=0 -fno-color-diagnostics -fmodules-prune-interval\=86400 -fmodules-prune-after\=345600 -fbuild-session-file\=/Users/j/Documents/GitHub/MoneroOne/build/ModuleCache.noindex/Session.modulevalidation -fmodules-validate-once-per-build-session -Wnon-modular-include-in-framework-module -Werror\=non-modular-include-in-framework-module -Wno-trigraphs -Wno-missing-field-initializers -Wno-missing-prototypes -Wno-return-type -Wno-missing-braces -Wparentheses -Wswitch -Wno-unused-function -Wno-unused-label -Wno-unused-parameter -Wno-unused-variable -Wunused-value -Wno-empty-body -Wno-uninitialized -Wno-unknown-pragmas -w -Wno-shadow -Wno-four-char-constants -Wno-conversion -Wno-constant-conversion -Wno-int-conversion -Wno-bool-conversion -Wno-enum-conversion -Wno-float-conversion -Wno-non-literal-null-conversion -Wno-objc-literal-conversion -Wshorten-64-to-32 -Wpointer-sign -Wno-newline-eof -Wno-implicit-fallthrough -fstrict-aliasing -Wdeprecated-declarations -Wno-sign-conversion -Wno-infinite-recursion -Wno-comma -Wno-block-capture-autoreleasing -Wno-strict-prototypes -Wno-semicolon-before-method-body -index-store-path /Users/j/Documents/GitHub/MoneroOne/build/Index.noindex/DataStore @/Users/j/Documents/GitHub/MoneroOne/build/Build/Intermediates.noindex/swift-crypto.build/Debug-iphonesimulator/CCryptoBoringSSL.build/Objects-normal/arm64/7187679823f38a2a940e0043cdf9d637-common-args.resp -MMD -MT dependencies -MF /Users/j/Documents/GitHub/MoneroOne/build/Build/Intermediates.noindex/swift-crypto.build/Debug-iphonesimulator/CCryptoBoringSSL.build/Objects-normal/arm64/blake2.d --serialize-diagnostics /Users/j/Documents/GitHub/MoneroOne/build/Build/Intermediates.noindex/swift-crypto.build/Debug-iphonesimulator/CCryptoBoringSSL.build/Objects-normal/arm64/blake2.dia -c /Users/j/Documents/GitHub/MoneroOne/build/SourcePackages/checkouts/swift-crypto/Sources/CCryptoBoringSSL/crypto/blake2/blake2.c -o /Users/j/Documents/GitHub/MoneroOne/build/Build/Intermediates.noindex/swift-crypto.build/Debug-iphonesimulator/CCryptoBoringSSL.build/Objects-normal/arm64/blake2.o -index-unit-output-path /swift-crypto.build/Debug-iphonesimulator/CCryptoBoringSSL.build/Objects-normal/arm64/blake2.o

ScanDependencies /Users/j/Documents/GitHub/MoneroOne/build/Build/Intermediates.noindex/swift-crypto.build/Debug-iphonesimulator/CCryptoBoringSSL.build/Objects-normal/arm64/bio.o /Users/j/Documents/GitHub/MoneroOne/build/SourcePackages/checkouts/swift-crypto/Sources/CCryptoBoringSSL/crypto/bio/bio.c normal arm64 c com.apple.compilers.llvm.clang.1_0.compiler (in target 'CCryptoBoringSSL' from project 'swift-crypto')
    cd /Users/j/Documents/GitHub/MoneroOne/MoneroOne.xcodeproj
    
    Using response file: /Users/j/Documents/GitHub/MoneroOne/build/Build/Intermediates.noindex/swift-crypto.build/Debug-iphonesimulator/CCryptoBoringSSL.build/Objects-normal/arm64/7187679823f38a2a940e0043cdf9d637-common-args.resp
    
    builtin-ScanDependencies -o /Users/j/Documents/GitHub/MoneroOne/build/Build/Intermediates.noindex/swift-crypto.build/Debug-iphonesimulator/CCryptoBoringSSL.build/Objects-normal/arm64/bio.o.scan -- /Applications/Xcode.app/Contents/Developer/Toolchains/XcodeDefault.xctoolchain/usr/bin/clang -x c -ivfsstatcache /Users/j/Documents/GitHub/MoneroOne/build/SDKStatCaches.noindex/iphonesimulator26.1-23B77-90cf18a4295e390e64c810bc6bd7acbc.sdkstatcache -fmessage-length\=0 -fdiagnostics-show-note-include-stack -fmacro-backtrace-limit\=0 -fno-color-diagnostics -fmodules-prune-interval\=86400 -fmodules-prune-after\=345600 -fbuild-session-file\=/Users/j/Documents/GitHub/MoneroOne/build/ModuleCache.noindex/Session.modulevalidation -fmodules-validate-once-per-build-session -Wnon-modular-include-in-framework-module -Werror\=non-modular-include-in-framework-module -Wno-trigraphs -Wno-missing-field-initializers -Wno-missing-prototypes -Wno-return-type -Wno-missing-braces -Wparentheses -Wswitch -Wno-unused-function -Wno-unused-label -Wno-unused-parameter -Wno-unused-variable -Wunused-value -Wno-empty-body -Wno-uninitialized -Wno-unknown-pragmas -w -Wno-shadow -Wno-four-char-constants -Wno-conversion -Wno-constant-conversion -Wno-int-conversion -Wno-bool-conversion -Wno-enum-conversion -Wno-float-conversion -Wno-non-literal-null-conversion -Wno-objc-literal-conversion -Wshorten-64-to-32 -Wpointer-sign -Wno-newline-eof -Wno-implicit-fallthrough -fstrict-aliasing -Wdeprecated-declarations -Wno-sign-conversion -Wno-infinite-recursion -Wno-comma -Wno-block-capture-autoreleasing -Wno-strict-prototypes -Wno-semicolon-before-method-body -index-store-path /Users/j/Documents/GitHub/MoneroOne/build/Index.noindex/DataStore @/Users/j/Documents/GitHub/MoneroOne/build/Build/Intermediates.noindex/swift-crypto.build/Debug-iphonesimulator/CCryptoBoringSSL.build/Objects-normal/arm64/7187679823f38a2a940e0043cdf9d637-common-args.resp -MMD -MT dependencies -MF /Users/j/Documents/GitHub/MoneroOne/build/Build/Intermediates.noindex/swift-crypto.build/Debug-iphonesimulator/CCryptoBoringSSL.build/Objects-normal/arm64/bio.d --serialize-diagnostics /Users/j/Documents/GitHub/MoneroOne/build/Build/Intermediates.noindex/swift-crypto.build/Debug-iphonesimulator/CCryptoBoringSSL.build/Objects-normal/arm64/bio.dia -c /Users/j/Documents/GitHub/MoneroOne/build/SourcePackages/checkouts/swift-crypto/Sources/CCryptoBoringSSL/crypto/bio/bio.c -o /Users/j/Documents/GitHub/MoneroOne/build/Build/Intermediates.noindex/swift-crypto.build/Debug-iphonesimulator/CCryptoBoringSSL.build/Objects-normal/arm64/bio.o -index-unit-output-path /swift-crypto.build/Debug-iphonesimulator/CCryptoBoringSSL.build/Objects-normal/arm64/bio.o

ScanDependencies /Users/j/Documents/GitHub/MoneroOne/build/Build/Intermediates.noindex/swift-crypto.build/Debug-iphonesimulator/CCryptoBoringSSL.build/Objects-normal/arm64/ber.o /Users/j/Documents/GitHub/MoneroOne/build/SourcePackages/checkouts/swift-crypto/Sources/CCryptoBoringSSL/crypto/bytestring/ber.c normal arm64 c com.apple.compilers.llvm.clang.1_0.compiler (in target 'CCryptoBoringSSL' from project 'swift-crypto')
    cd /Users/j/Documents/GitHub/MoneroOne/MoneroOne.xcodeproj
    
    Using response file: /Users/j/Documents/GitHub/MoneroOne/build/Build/Intermediates.noindex/swift-crypto.build/Debug-iphonesimulator/CCryptoBoringSSL.build/Objects-normal/arm64/7187679823f38a2a940e0043cdf9d637-common-args.resp
    
    builtin-ScanDependencies -o /Users/j/Documents/GitHub/MoneroOne/build/Build/Intermediates.noindex/swift-crypto.build/Debug-iphonesimulator/CCryptoBoringSSL.build/Objects-normal/arm64/ber.o.scan -- /Applications/Xcode.app/Contents/Developer/Toolchains/XcodeDefault.xctoolchain/usr/bin/clang -x c -ivfsstatcache /Users/j/Documents/GitHub/MoneroOne/build/SDKStatCaches.noindex/iphonesimulator26.1-23B77-90cf18a4295e390e64c810bc6bd7acbc.sdkstatcache -fmessage-length\=0 -fdiagnostics-show-note-include-stack -fmacro-backtrace-limit\=0 -fno-color-diagnostics -fmodules-prune-interval\=86400 -fmodules-prune-after\=345600 -fbuild-session-file\=/Users/j/Documents/GitHub/MoneroOne/build/ModuleCache.noindex/Session.modulevalidation -fmodules-validate-once-per-build-session -Wnon-modular-include-in-framework-module -Werror\=non-modular-include-in-framework-module -Wno-trigraphs -Wno-missing-field-initializers -Wno-missing-prototypes -Wno-return-type -Wno-missing-braces -Wparentheses -Wswitch -Wno-unused-function -Wno-unused-label -Wno-unused-parameter -Wno-unused-variable -Wunused-value -Wno-empty-body -Wno-uninitialized -Wno-unknown-pragmas -w -Wno-shadow -Wno-four-char-constants -Wno-conversion -Wno-constant-conversion -Wno-int-conversion -Wno-bool-conversion -Wno-enum-conversion -Wno-float-conversion -Wno-non-literal-null-conversion -Wno-objc-literal-conversion -Wshorten-64-to-32 -Wpointer-sign -Wno-newline-eof -Wno-implicit-fallthrough -fstrict-aliasing -Wdeprecated-declarations -Wno-sign-conversion -Wno-infinite-recursion -Wno-comma -Wno-block-capture-autoreleasing -Wno-strict-prototypes -Wno-semicolon-before-method-body -index-store-path /Users/j/Documents/GitHub/MoneroOne/build/Index.noindex/DataStore @/Users/j/Documents/GitHub/MoneroOne/build/Build/Intermediates.noindex/swift-crypto.build/Debug-iphonesimulator/CCryptoBoringSSL.build/Objects-normal/arm64/7187679823f38a2a940e0043cdf9d637-common-args.resp -MMD -MT dependencies -MF /Users/j/Documents/GitHub/MoneroOne/build/Build/Intermediates.noindex/swift-crypto.build/Debug-iphonesimulator/CCryptoBoringSSL.build/Objects-normal/arm64/ber.d --serialize-diagnostics /Users/j/Documents/GitHub/MoneroOne/build/Build/Intermediates.noindex/swift-crypto.build/Debug-iphonesimulator/CCryptoBoringSSL.build/Objects-normal/arm64/ber.dia -c /Users/j/Documents/GitHub/MoneroOne/build/SourcePackages/checkouts/swift-crypto/Sources/CCryptoBoringSSL/crypto/bytestring/ber.c -o /Users/j/Documents/GitHub/MoneroOne/build/Build/Intermediates.noindex/swift-crypto.build/Debug-iphonesimulator/CCryptoBoringSSL.build/Objects-normal/arm64/ber.o -index-unit-output-path /swift-crypto.build/Debug-iphonesimulator/CCryptoBoringSSL.build/Objects-normal/arm64/ber.o

ScanDependencies /Users/j/Documents/GitHub/MoneroOne/build/Build/Intermediates.noindex/swift-crypto.build/Debug-iphonesimulator/CCryptoBoringSSL.build/Objects-normal/arm64/base64.o /Users/j/Documents/GitHub/MoneroOne/build/SourcePackages/checkouts/swift-crypto/Sources/CCryptoBoringSSL/crypto/base64/base64.c normal arm64 c com.apple.compilers.llvm.clang.1_0.compiler (in target 'CCryptoBoringSSL' from project 'swift-crypto')
    cd /Users/j/Documents/GitHub/MoneroOne/MoneroOne.xcodeproj
    
    Using response file: /Users/j/Documents/GitHub/MoneroOne/build/Build/Intermediates.noindex/swift-crypto.build/Debug-iphonesimulator/CCryptoBoringSSL.build/Objects-normal/arm64/7187679823f38a2a940e0043cdf9d637-common-args.resp
    
    builtin-ScanDependencies -o /Users/j/Documents/GitHub/MoneroOne/build/Build/Intermediates.noindex/swift-crypto.build/Debug-iphonesimulator/CCryptoBoringSSL.build/Objects-normal/arm64/base64.o.scan -- /Applications/Xcode.app/Contents/Developer/Toolchains/XcodeDefault.xctoolchain/usr/bin/clang -x c -ivfsstatcache /Users/j/Documents/GitHub/MoneroOne/build/SDKStatCaches.noindex/iphonesimulator26.1-23B77-90cf18a4295e390e64c810bc6bd7acbc.sdkstatcache -fmessage-length\=0 -fdiagnostics-show-note-include-stack -fmacro-backtrace-limit\=0 -fno-color-diagnostics -fmodules-prune-interval\=86400 -fmodules-prune-after\=345600 -fbuild-session-file\=/Users/j/Documents/GitHub/MoneroOne/build/ModuleCache.noindex/Session.modulevalidation -fmodules-validate-once-per-build-session -Wnon-modular-include-in-framework-module -Werror\=non-modular-include-in-framework-module -Wno-trigraphs -Wno-missing-field-initializers -Wno-missing-prototypes -Wno-return-type -Wno-missing-braces -Wparentheses -Wswitch -Wno-unused-function -Wno-unused-label -Wno-unused-parameter -Wno-unused-variable -Wunused-value -Wno-empty-body -Wno-uninitialized -Wno-unknown-pragmas -w -Wno-shadow -Wno-four-char-constants -Wno-conversion -Wno-constant-conversion -Wno-int-conversion -Wno-bool-conversion -Wno-enum-conversion -Wno-float-conversion -Wno-non-literal-null-conversion -Wno-objc-literal-conversion -Wshorten-64-to-32 -Wpointer-sign -Wno-newline-eof -Wno-implicit-fallthrough -fstrict-aliasing -Wdeprecated-declarations -Wno-sign-conversion -Wno-infinite-recursion -Wno-comma -Wno-block-capture-autoreleasing -Wno-strict-prototypes -Wno-semicolon-before-method-body -index-store-path /Users/j/Documents/GitHub/MoneroOne/build/Index.noindex/DataStore @/Users/j/Documents/GitHub/MoneroOne/build/Build/Intermediates.noindex/swift-crypto.build/Debug-iphonesimulator/CCryptoBoringSSL.build/Objects-normal/arm64/7187679823f38a2a940e0043cdf9d637-common-args.resp -MMD -MT dependencies -MF /Users/j/Documents/GitHub/MoneroOne/build/Build/Intermediates.noindex/swift-crypto.build/Debug-iphonesimulator/CCryptoBoringSSL.build/Objects-normal/arm64/base64.d --serialize-diagnostics /Users/j/Documents/GitHub/MoneroOne/build/Build/Intermediates.noindex/swift-crypto.build/Debug-iphonesimulator/CCryptoBoringSSL.build/Objects-normal/arm64/base64.dia -c /Users/j/Documents/GitHub/MoneroOne/build/SourcePackages/checkouts/swift-crypto/Sources/CCryptoBoringSSL/crypto/base64/base64.c -o /Users/j/Documents/GitHub/MoneroOne/build/Build/Intermediates.noindex/swift-crypto.build/Debug-iphonesimulator/CCryptoBoringSSL.build/Objects-normal/arm64/base64.o -index-unit-output-path /swift-crypto.build/Debug-iphonesimulator/CCryptoBoringSSL.build/Objects-normal/arm64/base64.o

ScanDependencies /Users/j/Documents/GitHub/MoneroOne/build/Build/Intermediates.noindex/swift-crypto.build/Debug-iphonesimulator/CCryptoBoringSSL.build/Objects-normal/arm64/asn1_par.o /Users/j/Documents/GitHub/MoneroOne/build/SourcePackages/checkouts/swift-crypto/Sources/CCryptoBoringSSL/crypto/asn1/asn1_par.c normal arm64 c com.apple.compilers.llvm.clang.1_0.compiler (in target 'CCryptoBoringSSL' from project 'swift-crypto')
    cd /Users/j/Documents/GitHub/MoneroOne/MoneroOne.xcodeproj
    
    Using response file: /Users/j/Documents/GitHub/MoneroOne/build/Build/Intermediates.noindex/swift-crypto.build/Debug-iphonesimulator/CCryptoBoringSSL.build/Objects-normal/arm64/7187679823f38a2a940e0043cdf9d637-common-args.resp
    
    builtin-ScanDependencies -o /Users/j/Documents/GitHub/MoneroOne/build/Build/Intermediates.noindex/swift-crypto.build/Debug-iphonesimulator/CCryptoBoringSSL.build/Objects-normal/arm64/asn1_par.o.scan -- /Applications/Xcode.app/Contents/Developer/Toolchains/XcodeDefault.xctoolchain/usr/bin/clang -x c -ivfsstatcache /Users/j/Documents/GitHub/MoneroOne/build/SDKStatCaches.noindex/iphonesimulator26.1-23B77-90cf18a4295e390e64c810bc6bd7acbc.sdkstatcache -fmessage-length\=0 -fdiagnostics-show-note-include-stack -fmacro-backtrace-limit\=0 -fno-color-diagnostics -fmodules-prune-interval\=86400 -fmodules-prune-after\=345600 -fbuild-session-file\=/Users/j/Documents/GitHub/MoneroOne/build/ModuleCache.noindex/Session.modulevalidation -fmodules-validate-once-per-build-session -Wnon-modular-include-in-framework-module -Werror\=non-modular-include-in-framework-module -Wno-trigraphs -Wno-missing-field-initializers -Wno-missing-prototypes -Wno-return-type -Wno-missing-braces -Wparentheses -Wswitch -Wno-unused-function -Wno-unused-label -Wno-unused-parameter -Wno-unused-variable -Wunused-value -Wno-empty-body -Wno-uninitialized -Wno-unknown-pragmas -w -Wno-shadow -Wno-four-char-constants -Wno-conversion -Wno-constant-conversion -Wno-int-conversion -Wno-bool-conversion -Wno-enum-conversion -Wno-float-conversion -Wno-non-literal-null-conversion -Wno-objc-literal-conversion -Wshorten-64-to-32 -Wpointer-sign -Wno-newline-eof -Wno-implicit-fallthrough -fstrict-aliasing -Wdeprecated-declarations -Wno-sign-conversion -Wno-infinite-recursion -Wno-comma -Wno-block-capture-autoreleasing -Wno-strict-prototypes -Wno-semicolon-before-method-body -index-store-path /Users/j/Documents/GitHub/MoneroOne/build/Index.noindex/DataStore @/Users/j/Documents/GitHub/MoneroOne/build/Build/Intermediates.noindex/swift-crypto.build/Debug-iphonesimulator/CCryptoBoringSSL.build/Objects-normal/arm64/7187679823f38a2a940e0043cdf9d637-common-args.resp -MMD -MT dependencies -MF /Users/j/Documents/GitHub/MoneroOne/build/Build/Intermediates.noindex/swift-crypto.build/Debug-iphonesimulator/CCryptoBoringSSL.build/Objects-normal/arm64/asn1_par.d --serialize-diagnostics /Users/j/Documents/GitHub/MoneroOne/build/Build/Intermediates.noindex/swift-crypto.build/Debug-iphonesimulator/CCryptoBoringSSL.build/Objects-normal/arm64/asn1_par.dia -c /Users/j/Documents/GitHub/MoneroOne/build/SourcePackages/checkouts/swift-crypto/Sources/CCryptoBoringSSL/crypto/asn1/asn1_par.c -o /Users/j/Documents/GitHub/MoneroOne/build/Build/Intermediates.noindex/swift-crypto.build/Debug-iphonesimulator/CCryptoBoringSSL.build/Objects-normal/arm64/asn1_par.o -index-unit-output-path /swift-crypto.build/Debug-iphonesimulator/CCryptoBoringSSL.build/Objects-normal/arm64/asn1_par.o

ScanDependencies /Users/j/Documents/GitHub/MoneroOne/build/Build/Intermediates.noindex/swift-crypto.build/Debug-iphonesimulator/CCryptoBoringSSL.build/Objects-normal/arm64/asn_pack.o /Users/j/Documents/GitHub/MoneroOne/build/SourcePackages/checkouts/swift-crypto/Sources/CCryptoBoringSSL/crypto/asn1/asn_pack.c normal arm64 c com.apple.compilers.llvm.clang.1_0.compiler (in target 'CCryptoBoringSSL' from project 'swift-crypto')
    cd /Users/j/Documents/GitHub/MoneroOne/MoneroOne.xcodeproj
    
    Using response file: /Users/j/Documents/GitHub/MoneroOne/build/Build/Intermediates.noindex/swift-crypto.build/Debug-iphonesimulator/CCryptoBoringSSL.build/Objects-normal/arm64/7187679823f38a2a940e0043cdf9d637-common-args.resp
    
    builtin-ScanDependencies -o /Users/j/Documents/GitHub/MoneroOne/build/Build/Intermediates.noindex/swift-crypto.build/Debug-iphonesimulator/CCryptoBoringSSL.build/Objects-normal/arm64/asn_pack.o.scan -- /Applications/Xcode.app/Contents/Developer/Toolchains/XcodeDefault.xctoolchain/usr/bin/clang -x c -ivfsstatcache /Users/j/Documents/GitHub/MoneroOne/build/SDKStatCaches.noindex/iphonesimulator26.1-23B77-90cf18a4295e390e64c810bc6bd7acbc.sdkstatcache -fmessage-length\=0 -fdiagnostics-show-note-include-stack -fmacro-backtrace-limit\=0 -fno-color-diagnostics -fmodules-prune-interval\=86400 -fmodules-prune-after\=345600 -fbuild-session-file\=/Users/j/Documents/GitHub/MoneroOne/build/ModuleCache.noindex/Session.modulevalidation -fmodules-validate-once-per-build-session -Wnon-modular-include-in-framework-module -Werror\=non-modular-include-in-framework-module -Wno-trigraphs -Wno-missing-field-initializers -Wno-missing-prototypes -Wno-return-type -Wno-missing-braces -Wparentheses -Wswitch -Wno-unused-function -Wno-unused-label -Wno-unused-parameter -Wno-unused-variable -Wunused-value -Wno-empty-body -Wno-uninitialized -Wno-unknown-pragmas -w -Wno-shadow -Wno-four-char-constants -Wno-conversion -Wno-constant-conversion -Wno-int-conversion -Wno-bool-conversion -Wno-enum-conversion -Wno-float-conversion -Wno-non-literal-null-conversion -Wno-objc-literal-conversion -Wshorten-64-to-32 -Wpointer-sign -Wno-newline-eof -Wno-implicit-fallthrough -fstrict-aliasing -Wdeprecated-declarations -Wno-sign-conversion -Wno-infinite-recursion -Wno-comma -Wno-block-capture-autoreleasing -Wno-strict-prototypes -Wno-semicolon-before-method-body -index-store-path /Users/j/Documents/GitHub/MoneroOne/build/Index.noindex/DataStore @/Users/j/Documents/GitHub/MoneroOne/build/Build/Intermediates.noindex/swift-crypto.build/Debug-iphonesimulator/CCryptoBoringSSL.build/Objects-normal/arm64/7187679823f38a2a940e0043cdf9d637-common-args.resp -MMD -MT dependencies -MF /Users/j/Documents/GitHub/MoneroOne/build/Build/Intermediates.noindex/swift-crypto.build/Debug-iphonesimulator/CCryptoBoringSSL.build/Objects-normal/arm64/asn_pack.d --serialize-diagnostics /Users/j/Documents/GitHub/MoneroOne/build/Build/Intermediates.noindex/swift-crypto.build/Debug-iphonesimulator/CCryptoBoringSSL.build/Objects-normal/arm64/asn_pack.dia -c /Users/j/Documents/GitHub/MoneroOne/build/SourcePackages/checkouts/swift-crypto/Sources/CCryptoBoringSSL/crypto/asn1/asn_pack.c -o /Users/j/Documents/GitHub/MoneroOne/build/Build/Intermediates.noindex/swift-crypto.build/Debug-iphonesimulator/CCryptoBoringSSL.build/Objects-normal/arm64/asn_pack.o -index-unit-output-path /swift-crypto.build/Debug-iphonesimulator/CCryptoBoringSSL.build/Objects-normal/arm64/asn_pack.o

CompileC /Users/j/Documents/GitHub/MoneroOne/build/Build/Intermediates.noindex/swift-crypto.build/Debug-iphonesimulator/CCryptoBoringSSL.build/Objects-normal/arm64/bio.o /Users/j/Documents/GitHub/MoneroOne/build/SourcePackages/checkouts/swift-crypto/Sources/CCryptoBoringSSL/crypto/bio/bio.c normal arm64 c com.apple.compilers.llvm.clang.1_0.compiler (in target 'CCryptoBoringSSL' from project 'swift-crypto')
    cd /Users/j/Documents/GitHub/MoneroOne/MoneroOne.xcodeproj
    
    Using response file: /Users/j/Documents/GitHub/MoneroOne/build/Build/Intermediates.noindex/swift-crypto.build/Debug-iphonesimulator/CCryptoBoringSSL.build/Objects-normal/arm64/7187679823f38a2a940e0043cdf9d637-common-args.resp
    
    /Applications/Xcode.app/Contents/Developer/Toolchains/XcodeDefault.xctoolchain/usr/bin/clang -x c -ivfsstatcache /Users/j/Documents/GitHub/MoneroOne/build/SDKStatCaches.noindex/iphonesimulator26.1-23B77-90cf18a4295e390e64c810bc6bd7acbc.sdkstatcache -fmessage-length\=0 -fdiagnostics-show-note-include-stack -fmacro-backtrace-limit\=0 -fno-color-diagnostics -fmodules-prune-interval\=86400 -fmodules-prune-after\=345600 -fbuild-session-file\=/Users/j/Documents/GitHub/MoneroOne/build/ModuleCache.noindex/Session.modulevalidation -fmodules-validate-once-per-build-session -Wnon-modular-include-in-framework-module -Werror\=non-modular-include-in-framework-module -Wno-trigraphs -Wno-missing-field-initializers -Wno-missing-prototypes -Wno-return-type -Wno-missing-braces -Wparentheses -Wswitch -Wno-unused-function -Wno-unused-label -Wno-unused-parameter -Wno-unused-variable -Wunused-value -Wno-empty-body -Wno-uninitialized -Wno-unknown-pragmas -w -Wno-shadow -Wno-four-char-constants -Wno-conversion -Wno-constant-conversion -Wno-int-conversion -Wno-bool-conversion -Wno-enum-conversion -Wno-float-conversion -Wno-non-literal-null-conversion -Wno-objc-literal-conversion -Wshorten-64-to-32 -Wpointer-sign -Wno-newline-eof -Wno-implicit-fallthrough -fstrict-aliasing -Wdeprecated-declarations -Wno-sign-conversion -Wno-infinite-recursion -Wno-comma -Wno-block-capture-autoreleasing -Wno-strict-prototypes -Wno-semicolon-before-method-body -index-store-path /Users/j/Documents/GitHub/MoneroOne/build/Index.noindex/DataStore @/Users/j/Documents/GitHub/MoneroOne/build/Build/Intermediates.noindex/swift-crypto.build/Debug-iphonesimulator/CCryptoBoringSSL.build/Objects-normal/arm64/7187679823f38a2a940e0043cdf9d637-common-args.resp -MMD -MT dependencies -MF /Users/j/Documents/GitHub/MoneroOne/build/Build/Intermediates.noindex/swift-crypto.build/Debug-iphonesimulator/CCryptoBoringSSL.build/Objects-normal/arm64/bio.d --serialize-diagnostics /Users/j/Documents/GitHub/MoneroOne/build/Build/Intermediates.noindex/swift-crypto.build/Debug-iphonesimulator/CCryptoBoringSSL.build/Objects-normal/arm64/bio.dia -c /Users/j/Documents/GitHub/MoneroOne/build/SourcePackages/checkouts/swift-crypto/Sources/CCryptoBoringSSL/crypto/bio/bio.c -o /Users/j/Documents/GitHub/MoneroOne/build/Build/Intermediates.noindex/swift-crypto.build/Debug-iphonesimulator/CCryptoBoringSSL.build/Objects-normal/arm64/bio.o -index-unit-output-path /swift-crypto.build/Debug-iphonesimulator/CCryptoBoringSSL.build/Objects-normal/arm64/bio.o

ScanDependencies /Users/j/Documents/GitHub/MoneroOne/build/Build/Intermediates.noindex/swift-crypto.build/Debug-iphonesimulator/CCryptoBoringSSL.build/Objects-normal/arm64/asn1_gen.o /Users/j/Documents/GitHub/MoneroOne/build/SourcePackages/checkouts/swift-crypto/Sources/CCryptoBoringSSL/crypto/x509/asn1_gen.c normal arm64 c com.apple.compilers.llvm.clang.1_0.compiler (in target 'CCryptoBoringSSL' from project 'swift-crypto')
    cd /Users/j/Documents/GitHub/MoneroOne/MoneroOne.xcodeproj
    
    Using response file: /Users/j/Documents/GitHub/MoneroOne/build/Build/Intermediates.noindex/swift-crypto.build/Debug-iphonesimulator/CCryptoBoringSSL.build/Objects-normal/arm64/7187679823f38a2a940e0043cdf9d637-common-args.resp
    
    builtin-ScanDependencies -o /Users/j/Documents/GitHub/MoneroOne/build/Build/Intermediates.noindex/swift-crypto.build/Debug-iphonesimulator/CCryptoBoringSSL.build/Objects-normal/arm64/asn1_gen.o.scan -- /Applications/Xcode.app/Contents/Developer/Toolchains/XcodeDefault.xctoolchain/usr/bin/clang -x c -ivfsstatcache /Users/j/Documents/GitHub/MoneroOne/build/SDKStatCaches.noindex/iphonesimulator26.1-23B77-90cf18a4295e390e64c810bc6bd7acbc.sdkstatcache -fmessage-length\=0 -fdiagnostics-show-note-include-stack -fmacro-backtrace-limit\=0 -fno-color-diagnostics -fmodules-prune-interval\=86400 -fmodules-prune-after\=345600 -fbuild-session-file\=/Users/j/Documents/GitHub/MoneroOne/build/ModuleCache.noindex/Session.modulevalidation -fmodules-validate-once-per-build-session -Wnon-modular-include-in-framework-module -Werror\=non-modular-include-in-framework-module -Wno-trigraphs -Wno-missing-field-initializers -Wno-missing-prototypes -Wno-return-type -Wno-missing-braces -Wparentheses -Wswitch -Wno-unused-function -Wno-unused-label -Wno-unused-parameter -Wno-unused-variable -Wunused-value -Wno-empty-body -Wno-uninitialized -Wno-unknown-pragmas -w -Wno-shadow -Wno-four-char-constants -Wno-conversion -Wno-constant-conversion -Wno-int-conversion -Wno-bool-conversion -Wno-enum-conversion -Wno-float-conversion -Wno-non-literal-null-conversion -Wno-objc-literal-conversion -Wshorten-64-to-32 -Wpointer-sign -Wno-newline-eof -Wno-implicit-fallthrough -fstrict-aliasing -Wdeprecated-declarations -Wno-sign-conversion -Wno-infinite-recursion -Wno-comma -Wno-block-capture-autoreleasing -Wno-strict-prototypes -Wno-semicolon-before-method-body -index-store-path /Users/j/Documents/GitHub/MoneroOne/build/Index.noindex/DataStore @/Users/j/Documents/GitHub/MoneroOne/build/Build/Intermediates.noindex/swift-crypto.build/Debug-iphonesimulator/CCryptoBoringSSL.build/Objects-normal/arm64/7187679823f38a2a940e0043cdf9d637-common-args.resp -MMD -MT dependencies -MF /Users/j/Documents/GitHub/MoneroOne/build/Build/Intermediates.noindex/swift-crypto.build/Debug-iphonesimulator/CCryptoBoringSSL.build/Objects-normal/arm64/asn1_gen.d --serialize-diagnostics /Users/j/Documents/GitHub/MoneroOne/build/Build/Intermediates.noindex/swift-crypto.build/Debug-iphonesimulator/CCryptoBoringSSL.build/Objects-normal/arm64/asn1_gen.dia -c /Users/j/Documents/GitHub/MoneroOne/build/SourcePackages/checkouts/swift-crypto/Sources/CCryptoBoringSSL/crypto/x509/asn1_gen.c -o /Users/j/Documents/GitHub/MoneroOne/build/Build/Intermediates.noindex/swift-crypto.build/Debug-iphonesimulator/CCryptoBoringSSL.build/Objects-normal/arm64/asn1_gen.o -index-unit-output-path /swift-crypto.build/Debug-iphonesimulator/CCryptoBoringSSL.build/Objects-normal/arm64/asn1_gen.o

ScanDependencies /Users/j/Documents/GitHub/MoneroOne/build/Build/Intermediates.noindex/swift-crypto.build/Debug-iphonesimulator/CCryptoBoringSSL.build/Objects-normal/arm64/asn1_lib.o /Users/j/Documents/GitHub/MoneroOne/build/SourcePackages/checkouts/swift-crypto/Sources/CCryptoBoringSSL/crypto/asn1/asn1_lib.c normal arm64 c com.apple.compilers.llvm.clang.1_0.compiler (in target 'CCryptoBoringSSL' from project 'swift-crypto')
    cd /Users/j/Documents/GitHub/MoneroOne/MoneroOne.xcodeproj
    
    Using response file: /Users/j/Documents/GitHub/MoneroOne/build/Build/Intermediates.noindex/swift-crypto.build/Debug-iphonesimulator/CCryptoBoringSSL.build/Objects-normal/arm64/7187679823f38a2a940e0043cdf9d637-common-args.resp
    
    builtin-ScanDependencies -o /Users/j/Documents/GitHub/MoneroOne/build/Build/Intermediates.noindex/swift-crypto.build/Debug-iphonesimulator/CCryptoBoringSSL.build/Objects-normal/arm64/asn1_lib.o.scan -- /Applications/Xcode.app/Contents/Developer/Toolchains/XcodeDefault.xctoolchain/usr/bin/clang -x c -ivfsstatcache /Users/j/Documents/GitHub/MoneroOne/build/SDKStatCaches.noindex/iphonesimulator26.1-23B77-90cf18a4295e390e64c810bc6bd7acbc.sdkstatcache -fmessage-length\=0 -fdiagnostics-show-note-include-stack -fmacro-backtrace-limit\=0 -fno-color-diagnostics -fmodules-prune-interval\=86400 -fmodules-prune-after\=345600 -fbuild-session-file\=/Users/j/Documents/GitHub/MoneroOne/build/ModuleCache.noindex/Session.modulevalidation -fmodules-validate-once-per-build-session -Wnon-modular-include-in-framework-module -Werror\=non-modular-include-in-framework-module -Wno-trigraphs -Wno-missing-field-initializers -Wno-missing-prototypes -Wno-return-type -Wno-missing-braces -Wparentheses -Wswitch -Wno-unused-function -Wno-unused-label -Wno-unused-parameter -Wno-unused-variable -Wunused-value -Wno-empty-body -Wno-uninitialized -Wno-unknown-pragmas -w -Wno-shadow -Wno-four-char-constants -Wno-conversion -Wno-constant-conversion -Wno-int-conversion -Wno-bool-conversion -Wno-enum-conversion -Wno-float-conversion -Wno-non-literal-null-conversion -Wno-objc-literal-conversion -Wshorten-64-to-32 -Wpointer-sign -Wno-newline-eof -Wno-implicit-fallthrough -fstrict-aliasing -Wdeprecated-declarations -Wno-sign-conversion -Wno-infinite-recursion -Wno-comma -Wno-block-capture-autoreleasing -Wno-strict-prototypes -Wno-semicolon-before-method-body -index-store-path /Users/j/Documents/GitHub/MoneroOne/build/Index.noindex/DataStore @/Users/j/Documents/GitHub/MoneroOne/build/Build/Intermediates.noindex/swift-crypto.build/Debug-iphonesimulator/CCryptoBoringSSL.build/Objects-normal/arm64/7187679823f38a2a940e0043cdf9d637-common-args.resp -MMD -MT dependencies -MF /Users/j/Documents/GitHub/MoneroOne/build/Build/Intermediates.noindex/swift-crypto.build/Debug-iphonesimulator/CCryptoBoringSSL.build/Objects-normal/arm64/asn1_lib.d --serialize-diagnostics /Users/j/Documents/GitHub/MoneroOne/build/Build/Intermediates.noindex/swift-crypto.build/Debug-iphonesimulator/CCryptoBoringSSL.build/Objects-normal/arm64/asn1_lib.dia -c /Users/j/Documents/GitHub/MoneroOne/build/SourcePackages/checkouts/swift-crypto/Sources/CCryptoBoringSSL/crypto/asn1/asn1_lib.c -o /Users/j/Documents/GitHub/MoneroOne/build/Build/Intermediates.noindex/swift-crypto.build/Debug-iphonesimulator/CCryptoBoringSSL.build/Objects-normal/arm64/asn1_lib.o -index-unit-output-path /swift-crypto.build/Debug-iphonesimulator/CCryptoBoringSSL.build/Objects-normal/arm64/asn1_lib.o

ScanDependencies /Users/j/Documents/GitHub/MoneroOne/build/Build/Intermediates.noindex/swift-crypto.build/Debug-iphonesimulator/CCryptoBoringSSL.build/Objects-normal/arm64/asn1_compat.o /Users/j/Documents/GitHub/MoneroOne/build/SourcePackages/checkouts/swift-crypto/Sources/CCryptoBoringSSL/crypto/bytestring/asn1_compat.c normal arm64 c com.apple.compilers.llvm.clang.1_0.compiler (in target 'CCryptoBoringSSL' from project 'swift-crypto')
    cd /Users/j/Documents/GitHub/MoneroOne/MoneroOne.xcodeproj
    
    Using response file: /Users/j/Documents/GitHub/MoneroOne/build/Build/Intermediates.noindex/swift-crypto.build/Debug-iphonesimulator/CCryptoBoringSSL.build/Objects-normal/arm64/7187679823f38a2a940e0043cdf9d637-common-args.resp
    
    builtin-ScanDependencies -o /Users/j/Documents/GitHub/MoneroOne/build/Build/Intermediates.noindex/swift-crypto.build/Debug-iphonesimulator/CCryptoBoringSSL.build/Objects-normal/arm64/asn1_compat.o.scan -- /Applications/Xcode.app/Contents/Developer/Toolchains/XcodeDefault.xctoolchain/usr/bin/clang -x c -ivfsstatcache /Users/j/Documents/GitHub/MoneroOne/build/SDKStatCaches.noindex/iphonesimulator26.1-23B77-90cf18a4295e390e64c810bc6bd7acbc.sdkstatcache -fmessage-length\=0 -fdiagnostics-show-note-include-stack -fmacro-backtrace-limit\=0 -fno-color-diagnostics -fmodules-prune-interval\=86400 -fmodules-prune-after\=345600 -fbuild-session-file\=/Users/j/Documents/GitHub/MoneroOne/build/ModuleCache.noindex/Session.modulevalidation -fmodules-validate-once-per-build-session -Wnon-modular-include-in-framework-module -Werror\=non-modular-include-in-framework-module -Wno-trigraphs -Wno-missing-field-initializers -Wno-missing-prototypes -Wno-return-type -Wno-missing-braces -Wparentheses -Wswitch -Wno-unused-function -Wno-unused-label -Wno-unused-parameter -Wno-unused-variable -Wunused-value -Wno-empty-body -Wno-uninitialized -Wno-unknown-pragmas -w -Wno-shadow -Wno-four-char-constants -Wno-conversion -Wno-constant-conversion -Wno-int-conversion -Wno-bool-conversion -Wno-enum-conversion -Wno-float-conversion -Wno-non-literal-null-conversion -Wno-objc-literal-conversion -Wshorten-64-to-32 -Wpointer-sign -Wno-newline-eof -Wno-implicit-fallthrough -fstrict-aliasing -Wdeprecated-declarations -Wno-sign-conversion -Wno-infinite-recursion -Wno-comma -Wno-block-capture-autoreleasing -Wno-strict-prototypes -Wno-semicolon-before-method-body -index-store-path /Users/j/Documents/GitHub/MoneroOne/build/Index.noindex/DataStore @/Users/j/Documents/GitHub/MoneroOne/build/Build/Intermediates.noindex/swift-crypto.build/Debug-iphonesimulator/CCryptoBoringSSL.build/Objects-normal/arm64/7187679823f38a2a940e0043cdf9d637-common-args.resp -MMD -MT dependencies -MF /Users/j/Documents/GitHub/MoneroOne/build/Build/Intermediates.noindex/swift-crypto.build/Debug-iphonesimulator/CCryptoBoringSSL.build/Objects-normal/arm64/asn1_compat.d --serialize-diagnostics /Users/j/Documents/GitHub/MoneroOne/build/Build/Intermediates.noindex/swift-crypto.build/Debug-iphonesimulator/CCryptoBoringSSL.build/Objects-normal/arm64/asn1_compat.dia -c /Users/j/Documents/GitHub/MoneroOne/build/SourcePackages/checkouts/swift-crypto/Sources/CCryptoBoringSSL/crypto/bytestring/asn1_compat.c -o /Users/j/Documents/GitHub/MoneroOne/build/Build/Intermediates.noindex/swift-crypto.build/Debug-iphonesimulator/CCryptoBoringSSL.build/Objects-normal/arm64/asn1_compat.o -index-unit-output-path /swift-crypto.build/Debug-iphonesimulator/CCryptoBoringSSL.build/Objects-normal/arm64/asn1_compat.o

ScanDependencies /Users/j/Documents/GitHub/MoneroOne/build/Build/Intermediates.noindex/swift-crypto.build/Debug-iphonesimulator/CCryptoBoringSSL.build/Objects-normal/arm64/algorithm.o /Users/j/Documents/GitHub/MoneroOne/build/SourcePackages/checkouts/swift-crypto/Sources/CCryptoBoringSSL/crypto/x509/algorithm.c normal arm64 c com.apple.compilers.llvm.clang.1_0.compiler (in target 'CCryptoBoringSSL' from project 'swift-crypto')
    cd /Users/j/Documents/GitHub/MoneroOne/MoneroOne.xcodeproj
    
    Using response file: /Users/j/Documents/GitHub/MoneroOne/build/Build/Intermediates.noindex/swift-crypto.build/Debug-iphonesimulator/CCryptoBoringSSL.build/Objects-normal/arm64/7187679823f38a2a940e0043cdf9d637-common-args.resp
    
    builtin-ScanDependencies -o /Users/j/Documents/GitHub/MoneroOne/build/Build/Intermediates.noindex/swift-crypto.build/Debug-iphonesimulator/CCryptoBoringSSL.build/Objects-normal/arm64/algorithm.o.scan -- /Applications/Xcode.app/Contents/Developer/Toolchains/XcodeDefault.xctoolchain/usr/bin/clang -x c -ivfsstatcache /Users/j/Documents/GitHub/MoneroOne/build/SDKStatCaches.noindex/iphonesimulator26.1-23B77-90cf18a4295e390e64c810bc6bd7acbc.sdkstatcache -fmessage-length\=0 -fdiagnostics-show-note-include-stack -fmacro-backtrace-limit\=0 -fno-color-diagnostics -fmodules-prune-interval\=86400 -fmodules-prune-after\=345600 -fbuild-session-file\=/Users/j/Documents/GitHub/MoneroOne/build/ModuleCache.noindex/Session.modulevalidation -fmodules-validate-once-per-build-session -Wnon-modular-include-in-framework-module -Werror\=non-modular-include-in-framework-module -Wno-trigraphs -Wno-missing-field-initializers -Wno-missing-prototypes -Wno-return-type -Wno-missing-braces -Wparentheses -Wswitch -Wno-unused-function -Wno-unused-label -Wno-unused-parameter -Wno-unused-variable -Wunused-value -Wno-empty-body -Wno-uninitialized -Wno-unknown-pragmas -w -Wno-shadow -Wno-four-char-constants -Wno-conversion -Wno-constant-conversion -Wno-int-conversion -Wno-bool-conversion -Wno-enum-conversion -Wno-float-conversion -Wno-non-literal-null-conversion -Wno-objc-literal-conversion -Wshorten-64-to-32 -Wpointer-sign -Wno-newline-eof -Wno-implicit-fallthrough -fstrict-aliasing -Wdeprecated-declarations -Wno-sign-conversion -Wno-infinite-recursion -Wno-comma -Wno-block-capture-autoreleasing -Wno-strict-prototypes -Wno-semicolon-before-method-body -index-store-path /Users/j/Documents/GitHub/MoneroOne/build/Index.noindex/DataStore @/Users/j/Documents/GitHub/MoneroOne/build/Build/Intermediates.noindex/swift-crypto.build/Debug-iphonesimulator/CCryptoBoringSSL.build/Objects-normal/arm64/7187679823f38a2a940e0043cdf9d637-common-args.resp -MMD -MT dependencies -MF /Users/j/Documents/GitHub/MoneroOne/build/Build/Intermediates.noindex/swift-crypto.build/Debug-iphonesimulator/CCryptoBoringSSL.build/Objects-normal/arm64/algorithm.d --serialize-diagnostics /Users/j/Documents/GitHub/MoneroOne/build/Build/Intermediates.noindex/swift-crypto.build/Debug-iphonesimulator/CCryptoBoringSSL.build/Objects-normal/arm64/algorithm.dia -c /Users/j/Documents/GitHub/MoneroOne/build/SourcePackages/checkouts/swift-crypto/Sources/CCryptoBoringSSL/crypto/x509/algorithm.c -o /Users/j/Documents/GitHub/MoneroOne/build/Build/Intermediates.noindex/swift-crypto.build/Debug-iphonesimulator/CCryptoBoringSSL.build/Objects-normal/arm64/algorithm.o -index-unit-output-path /swift-crypto.build/Debug-iphonesimulator/CCryptoBoringSSL.build/Objects-normal/arm64/algorithm.o

CompileC /Users/j/Documents/GitHub/MoneroOne/build/Build/Intermediates.noindex/swift-crypto.build/Debug-iphonesimulator/CCryptoBoringSSL.build/Objects-normal/arm64/asn1_par.o /Users/j/Documents/GitHub/MoneroOne/build/SourcePackages/checkouts/swift-crypto/Sources/CCryptoBoringSSL/crypto/asn1/asn1_par.c normal arm64 c com.apple.compilers.llvm.clang.1_0.compiler (in target 'CCryptoBoringSSL' from project 'swift-crypto')
    cd /Users/j/Documents/GitHub/MoneroOne/MoneroOne.xcodeproj
    
    Using response file: /Users/j/Documents/GitHub/MoneroOne/build/Build/Intermediates.noindex/swift-crypto.build/Debug-iphonesimulator/CCryptoBoringSSL.build/Objects-normal/arm64/7187679823f38a2a940e0043cdf9d637-common-args.resp
    
    /Applications/Xcode.app/Contents/Developer/Toolchains/XcodeDefault.xctoolchain/usr/bin/clang -x c -ivfsstatcache /Users/j/Documents/GitHub/MoneroOne/build/SDKStatCaches.noindex/iphonesimulator26.1-23B77-90cf18a4295e390e64c810bc6bd7acbc.sdkstatcache -fmessage-length\=0 -fdiagnostics-show-note-include-stack -fmacro-backtrace-limit\=0 -fno-color-diagnostics -fmodules-prune-interval\=86400 -fmodules-prune-after\=345600 -fbuild-session-file\=/Users/j/Documents/GitHub/MoneroOne/build/ModuleCache.noindex/Session.modulevalidation -fmodules-validate-once-per-build-session -Wnon-modular-include-in-framework-module -Werror\=non-modular-include-in-framework-module -Wno-trigraphs -Wno-missing-field-initializers -Wno-missing-prototypes -Wno-return-type -Wno-missing-braces -Wparentheses -Wswitch -Wno-unused-function -Wno-unused-label -Wno-unused-parameter -Wno-unused-variable -Wunused-value -Wno-empty-body -Wno-uninitialized -Wno-unknown-pragmas -w -Wno-shadow -Wno-four-char-constants -Wno-conversion -Wno-constant-conversion -Wno-int-conversion -Wno-bool-conversion -Wno-enum-conversion -Wno-float-conversion -Wno-non-literal-null-conversion -Wno-objc-literal-conversion -Wshorten-64-to-32 -Wpointer-sign -Wno-newline-eof -Wno-implicit-fallthrough -fstrict-aliasing -Wdeprecated-declarations -Wno-sign-conversion -Wno-infinite-recursion -Wno-comma -Wno-block-capture-autoreleasing -Wno-strict-prototypes -Wno-semicolon-before-method-body -index-store-path /Users/j/Documents/GitHub/MoneroOne/build/Index.noindex/DataStore @/Users/j/Documents/GitHub/MoneroOne/build/Build/Intermediates.noindex/swift-crypto.build/Debug-iphonesimulator/CCryptoBoringSSL.build/Objects-normal/arm64/7187679823f38a2a940e0043cdf9d637-common-args.resp -MMD -MT dependencies -MF /Users/j/Documents/GitHub/MoneroOne/build/Build/Intermediates.noindex/swift-crypto.build/Debug-iphonesimulator/CCryptoBoringSSL.build/Objects-normal/arm64/asn1_par.d --serialize-diagnostics /Users/j/Documents/GitHub/MoneroOne/build/Build/Intermediates.noindex/swift-crypto.build/Debug-iphonesimulator/CCryptoBoringSSL.build/Objects-normal/arm64/asn1_par.dia -c /Users/j/Documents/GitHub/MoneroOne/build/SourcePackages/checkouts/swift-crypto/Sources/CCryptoBoringSSL/crypto/asn1/asn1_par.c -o /Users/j/Documents/GitHub/MoneroOne/build/Build/Intermediates.noindex/swift-crypto.build/Debug-iphonesimulator/CCryptoBoringSSL.build/Objects-normal/arm64/asn1_par.o -index-unit-output-path /swift-crypto.build/Debug-iphonesimulator/CCryptoBoringSSL.build/Objects-normal/arm64/asn1_par.o

ScanDependencies /Users/j/Documents/GitHub/MoneroOne/build/Build/Intermediates.noindex/swift-crypto.build/Debug-iphonesimulator/CCryptoBoringSSL.build/Objects-normal/arm64/aes_nohw.o /Users/j/Documents/GitHub/MoneroOne/build/SourcePackages/checkouts/swift-crypto/Sources/CCryptoBoringSSL/crypto/fipsmodule/aes/aes_nohw.c normal arm64 c com.apple.compilers.llvm.clang.1_0.compiler (in target 'CCryptoBoringSSL' from project 'swift-crypto')
    cd /Users/j/Documents/GitHub/MoneroOne/MoneroOne.xcodeproj
    
    Using response file: /Users/j/Documents/GitHub/MoneroOne/build/Build/Intermediates.noindex/swift-crypto.build/Debug-iphonesimulator/CCryptoBoringSSL.build/Objects-normal/arm64/7187679823f38a2a940e0043cdf9d637-common-args.resp
    
    builtin-ScanDependencies -o /Users/j/Documents/GitHub/MoneroOne/build/Build/Intermediates.noindex/swift-crypto.build/Debug-iphonesimulator/CCryptoBoringSSL.build/Objects-normal/arm64/aes_nohw.o.scan -- /Applications/Xcode.app/Contents/Developer/Toolchains/XcodeDefault.xctoolchain/usr/bin/clang -x c -ivfsstatcache /Users/j/Documents/GitHub/MoneroOne/build/SDKStatCaches.noindex/iphonesimulator26.1-23B77-90cf18a4295e390e64c810bc6bd7acbc.sdkstatcache -fmessage-length\=0 -fdiagnostics-show-note-include-stack -fmacro-backtrace-limit\=0 -fno-color-diagnostics -fmodules-prune-interval\=86400 -fmodules-prune-after\=345600 -fbuild-session-file\=/Users/j/Documents/GitHub/MoneroOne/build/ModuleCache.noindex/Session.modulevalidation -fmodules-validate-once-per-build-session -Wnon-modular-include-in-framework-module -Werror\=non-modular-include-in-framework-module -Wno-trigraphs -Wno-missing-field-initializers -Wno-missing-prototypes -Wno-return-type -Wno-missing-braces -Wparentheses -Wswitch -Wno-unused-function -Wno-unused-label -Wno-unused-parameter -Wno-unused-variable -Wunused-value -Wno-empty-body -Wno-uninitialized -Wno-unknown-pragmas -w -Wno-shadow -Wno-four-char-constants -Wno-conversion -Wno-constant-conversion -Wno-int-conversion -Wno-bool-conversion -Wno-enum-conversion -Wno-float-conversion -Wno-non-literal-null-conversion -Wno-objc-literal-conversion -Wshorten-64-to-32 -Wpointer-sign -Wno-newline-eof -Wno-implicit-fallthrough -fstrict-aliasing -Wdeprecated-declarations -Wno-sign-conversion -Wno-infinite-recursion -Wno-comma -Wno-block-capture-autoreleasing -Wno-strict-prototypes -Wno-semicolon-before-method-body -index-store-path /Users/j/Documents/GitHub/MoneroOne/build/Index.noindex/DataStore @/Users/j/Documents/GitHub/MoneroOne/build/Build/Intermediates.noindex/swift-crypto.build/Debug-iphonesimulator/CCryptoBoringSSL.build/Objects-normal/arm64/7187679823f38a2a940e0043cdf9d637-common-args.resp -MMD -MT dependencies -MF /Users/j/Documents/GitHub/MoneroOne/build/Build/Intermediates.noindex/swift-crypto.build/Debug-iphonesimulator/CCryptoBoringSSL.build/Objects-normal/arm64/aes_nohw.d --serialize-diagnostics /Users/j/Documents/GitHub/MoneroOne/build/Build/Intermediates.noindex/swift-crypto.build/Debug-iphonesimulator/CCryptoBoringSSL.build/Objects-normal/arm64/aes_nohw.dia -c /Users/j/Documents/GitHub/MoneroOne/build/SourcePackages/checkouts/swift-crypto/Sources/CCryptoBoringSSL/crypto/fipsmodule/aes/aes_nohw.c -o /Users/j/Documents/GitHub/MoneroOne/build/Build/Intermediates.noindex/swift-crypto.build/Debug-iphonesimulator/CCryptoBoringSSL.build/Objects-normal/arm64/aes_nohw.o -index-unit-output-path /swift-crypto.build/Debug-iphonesimulator/CCryptoBoringSSL.build/Objects-normal/arm64/aes_nohw.o

CompileC /Users/j/Documents/GitHub/MoneroOne/build/Build/Intermediates.noindex/swift-crypto.build/Debug-iphonesimulator/CCryptoBoringSSL.build/Objects-normal/arm64/base64.o /Users/j/Documents/GitHub/MoneroOne/build/SourcePackages/checkouts/swift-crypto/Sources/CCryptoBoringSSL/crypto/base64/base64.c normal arm64 c com.apple.compilers.llvm.clang.1_0.compiler (in target 'CCryptoBoringSSL' from project 'swift-crypto')
    cd /Users/j/Documents/GitHub/MoneroOne/MoneroOne.xcodeproj
    
    Using response file: /Users/j/Documents/GitHub/MoneroOne/build/Build/Intermediates.noindex/swift-crypto.build/Debug-iphonesimulator/CCryptoBoringSSL.build/Objects-normal/arm64/7187679823f38a2a940e0043cdf9d637-common-args.resp
    
    /Applications/Xcode.app/Contents/Developer/Toolchains/XcodeDefault.xctoolchain/usr/bin/clang -x c -ivfsstatcache /Users/j/Documents/GitHub/MoneroOne/build/SDKStatCaches.noindex/iphonesimulator26.1-23B77-90cf18a4295e390e64c810bc6bd7acbc.sdkstatcache -fmessage-length\=0 -fdiagnostics-show-note-include-stack -fmacro-backtrace-limit\=0 -fno-color-diagnostics -fmodules-prune-interval\=86400 -fmodules-prune-after\=345600 -fbuild-session-file\=/Users/j/Documents/GitHub/MoneroOne/build/ModuleCache.noindex/Session.modulevalidation -fmodules-validate-once-per-build-session -Wnon-modular-include-in-framework-module -Werror\=non-modular-include-in-framework-module -Wno-trigraphs -Wno-missing-field-initializers -Wno-missing-prototypes -Wno-return-type -Wno-missing-braces -Wparentheses -Wswitch -Wno-unused-function -Wno-unused-label -Wno-unused-parameter -Wno-unused-variable -Wunused-value -Wno-empty-body -Wno-uninitialized -Wno-unknown-pragmas -w -Wno-shadow -Wno-four-char-constants -Wno-conversion -Wno-constant-conversion -Wno-int-conversion -Wno-bool-conversion -Wno-enum-conversion -Wno-float-conversion -Wno-non-literal-null-conversion -Wno-objc-literal-conversion -Wshorten-64-to-32 -Wpointer-sign -Wno-newline-eof -Wno-implicit-fallthrough -fstrict-aliasing -Wdeprecated-declarations -Wno-sign-conversion -Wno-infinite-recursion -Wno-comma -Wno-block-capture-autoreleasing -Wno-strict-prototypes -Wno-semicolon-before-method-body -index-store-path /Users/j/Documents/GitHub/MoneroOne/build/Index.noindex/DataStore @/Users/j/Documents/GitHub/MoneroOne/build/Build/Intermediates.noindex/swift-crypto.build/Debug-iphonesimulator/CCryptoBoringSSL.build/Objects-normal/arm64/7187679823f38a2a940e0043cdf9d637-common-args.resp -MMD -MT dependencies -MF /Users/j/Documents/GitHub/MoneroOne/build/Build/Intermediates.noindex/swift-crypto.build/Debug-iphonesimulator/CCryptoBoringSSL.build/Objects-normal/arm64/base64.d --serialize-diagnostics /Users/j/Documents/GitHub/MoneroOne/build/Build/Intermediates.noindex/swift-crypto.build/Debug-iphonesimulator/CCryptoBoringSSL.build/Objects-normal/arm64/base64.dia -c /Users/j/Documents/GitHub/MoneroOne/build/SourcePackages/checkouts/swift-crypto/Sources/CCryptoBoringSSL/crypto/base64/base64.c -o /Users/j/Documents/GitHub/MoneroOne/build/Build/Intermediates.noindex/swift-crypto.build/Debug-iphonesimulator/CCryptoBoringSSL.build/Objects-normal/arm64/base64.o -index-unit-output-path /swift-crypto.build/Debug-iphonesimulator/CCryptoBoringSSL.build/Objects-normal/arm64/base64.o

CompileC /Users/j/Documents/GitHub/MoneroOne/build/Build/Intermediates.noindex/swift-crypto.build/Debug-iphonesimulator/CCryptoBoringSSL.build/Objects-normal/arm64/asn_pack.o /Users/j/Documents/GitHub/MoneroOne/build/SourcePackages/checkouts/swift-crypto/Sources/CCryptoBoringSSL/crypto/asn1/asn_pack.c normal arm64 c com.apple.compilers.llvm.clang.1_0.compiler (in target 'CCryptoBoringSSL' from project 'swift-crypto')
    cd /Users/j/Documents/GitHub/MoneroOne/MoneroOne.xcodeproj
    
    Using response file: /Users/j/Documents/GitHub/MoneroOne/build/Build/Intermediates.noindex/swift-crypto.build/Debug-iphonesimulator/CCryptoBoringSSL.build/Objects-normal/arm64/7187679823f38a2a940e0043cdf9d637-common-args.resp
    
    /Applications/Xcode.app/Contents/Developer/Toolchains/XcodeDefault.xctoolchain/usr/bin/clang -x c -ivfsstatcache /Users/j/Documents/GitHub/MoneroOne/build/SDKStatCaches.noindex/iphonesimulator26.1-23B77-90cf18a4295e390e64c810bc6bd7acbc.sdkstatcache -fmessage-length\=0 -fdiagnostics-show-note-include-stack -fmacro-backtrace-limit\=0 -fno-color-diagnostics -fmodules-prune-interval\=86400 -fmodules-prune-after\=345600 -fbuild-session-file\=/Users/j/Documents/GitHub/MoneroOne/build/ModuleCache.noindex/Session.modulevalidation -fmodules-validate-once-per-build-session -Wnon-modular-include-in-framework-module -Werror\=non-modular-include-in-framework-module -Wno-trigraphs -Wno-missing-field-initializers -Wno-missing-prototypes -Wno-return-type -Wno-missing-braces -Wparentheses -Wswitch -Wno-unused-function -Wno-unused-label -Wno-unused-parameter -Wno-unused-variable -Wunused-value -Wno-empty-body -Wno-uninitialized -Wno-unknown-pragmas -w -Wno-shadow -Wno-four-char-constants -Wno-conversion -Wno-constant-conversion -Wno-int-conversion -Wno-bool-conversion -Wno-enum-conversion -Wno-float-conversion -Wno-non-literal-null-conversion -Wno-objc-literal-conversion -Wshorten-64-to-32 -Wpointer-sign -Wno-newline-eof -Wno-implicit-fallthrough -fstrict-aliasing -Wdeprecated-declarations -Wno-sign-conversion -Wno-infinite-recursion -Wno-comma -Wno-block-capture-autoreleasing -Wno-strict-prototypes -Wno-semicolon-before-method-body -index-store-path /Users/j/Documents/GitHub/MoneroOne/build/Index.noindex/DataStore @/Users/j/Documents/GitHub/MoneroOne/build/Build/Intermediates.noindex/swift-crypto.build/Debug-iphonesimulator/CCryptoBoringSSL.build/Objects-normal/arm64/7187679823f38a2a940e0043cdf9d637-common-args.resp -MMD -MT dependencies -MF /Users/j/Documents/GitHub/MoneroOne/build/Build/Intermediates.noindex/swift-crypto.build/Debug-iphonesimulator/CCryptoBoringSSL.build/Objects-normal/arm64/asn_pack.d --serialize-diagnostics /Users/j/Documents/GitHub/MoneroOne/build/Build/Intermediates.noindex/swift-crypto.build/Debug-iphonesimulator/CCryptoBoringSSL.build/Objects-normal/arm64/asn_pack.dia -c /Users/j/Documents/GitHub/MoneroOne/build/SourcePackages/checkouts/swift-crypto/Sources/CCryptoBoringSSL/crypto/asn1/asn_pack.c -o /Users/j/Documents/GitHub/MoneroOne/build/Build/Intermediates.noindex/swift-crypto.build/Debug-iphonesimulator/CCryptoBoringSSL.build/Objects-normal/arm64/asn_pack.o -index-unit-output-path /swift-crypto.build/Debug-iphonesimulator/CCryptoBoringSSL.build/Objects-normal/arm64/asn_pack.o

ScanDependencies /Users/j/Documents/GitHub/MoneroOne/build/Build/Intermediates.noindex/swift-crypto.build/Debug-iphonesimulator/CCryptoBoringSSL.build/Objects-normal/arm64/aes.o /Users/j/Documents/GitHub/MoneroOne/build/SourcePackages/checkouts/swift-crypto/Sources/CCryptoBoringSSL/crypto/fipsmodule/aes/aes.c normal arm64 c com.apple.compilers.llvm.clang.1_0.compiler (in target 'CCryptoBoringSSL' from project 'swift-crypto')
    cd /Users/j/Documents/GitHub/MoneroOne/MoneroOne.xcodeproj
    
    Using response file: /Users/j/Documents/GitHub/MoneroOne/build/Build/Intermediates.noindex/swift-crypto.build/Debug-iphonesimulator/CCryptoBoringSSL.build/Objects-normal/arm64/7187679823f38a2a940e0043cdf9d637-common-args.resp
    
    builtin-ScanDependencies -o /Users/j/Documents/GitHub/MoneroOne/build/Build/Intermediates.noindex/swift-crypto.build/Debug-iphonesimulator/CCryptoBoringSSL.build/Objects-normal/arm64/aes.o.scan -- /Applications/Xcode.app/Contents/Developer/Toolchains/XcodeDefault.xctoolchain/usr/bin/clang -x c -ivfsstatcache /Users/j/Documents/GitHub/MoneroOne/build/SDKStatCaches.noindex/iphonesimulator26.1-23B77-90cf18a4295e390e64c810bc6bd7acbc.sdkstatcache -fmessage-length\=0 -fdiagnostics-show-note-include-stack -fmacro-backtrace-limit\=0 -fno-color-diagnostics -fmodules-prune-interval\=86400 -fmodules-prune-after\=345600 -fbuild-session-file\=/Users/j/Documents/GitHub/MoneroOne/build/ModuleCache.noindex/Session.modulevalidation -fmodules-validate-once-per-build-session -Wnon-modular-include-in-framework-module -Werror\=non-modular-include-in-framework-module -Wno-trigraphs -Wno-missing-field-initializers -Wno-missing-prototypes -Wno-return-type -Wno-missing-braces -Wparentheses -Wswitch -Wno-unused-function -Wno-unused-label -Wno-unused-parameter -Wno-unused-variable -Wunused-value -Wno-empty-body -Wno-uninitialized -Wno-unknown-pragmas -w -Wno-shadow -Wno-four-char-constants -Wno-conversion -Wno-constant-conversion -Wno-int-conversion -Wno-bool-conversion -Wno-enum-conversion -Wno-float-conversion -Wno-non-literal-null-conversion -Wno-objc-literal-conversion -Wshorten-64-to-32 -Wpointer-sign -Wno-newline-eof -Wno-implicit-fallthrough -fstrict-aliasing -Wdeprecated-declarations -Wno-sign-conversion -Wno-infinite-recursion -Wno-comma -Wno-block-capture-autoreleasing -Wno-strict-prototypes -Wno-semicolon-before-method-body -index-store-path /Users/j/Documents/GitHub/MoneroOne/build/Index.noindex/DataStore @/Users/j/Documents/GitHub/MoneroOne/build/Build/Intermediates.noindex/swift-crypto.build/Debug-iphonesimulator/CCryptoBoringSSL.build/Objects-normal/arm64/7187679823f38a2a940e0043cdf9d637-common-args.resp -MMD -MT dependencies -MF /Users/j/Documents/GitHub/MoneroOne/build/Build/Intermediates.noindex/swift-crypto.build/Debug-iphonesimulator/CCryptoBoringSSL.build/Objects-normal/arm64/aes.d --serialize-diagnostics /Users/j/Documents/GitHub/MoneroOne/build/Build/Intermediates.noindex/swift-crypto.build/Debug-iphonesimulator/CCryptoBoringSSL.build/Objects-normal/arm64/aes.dia -c /Users/j/Documents/GitHub/MoneroOne/build/SourcePackages/checkouts/swift-crypto/Sources/CCryptoBoringSSL/crypto/fipsmodule/aes/aes.c -o /Users/j/Documents/GitHub/MoneroOne/build/Build/Intermediates.noindex/swift-crypto.build/Debug-iphonesimulator/CCryptoBoringSSL.build/Objects-normal/arm64/aes.o -index-unit-output-path /swift-crypto.build/Debug-iphonesimulator/CCryptoBoringSSL.build/Objects-normal/arm64/aes.o

CompileC /Users/j/Documents/GitHub/MoneroOne/build/Build/Intermediates.noindex/swift-crypto.build/Debug-iphonesimulator/CCryptoBoringSSL.build/Objects-normal/arm64/ber.o /Users/j/Documents/GitHub/MoneroOne/build/SourcePackages/checkouts/swift-crypto/Sources/CCryptoBoringSSL/crypto/bytestring/ber.c normal arm64 c com.apple.compilers.llvm.clang.1_0.compiler (in target 'CCryptoBoringSSL' from project 'swift-crypto')
    cd /Users/j/Documents/GitHub/MoneroOne/MoneroOne.xcodeproj
    
    Using response file: /Users/j/Documents/GitHub/MoneroOne/build/Build/Intermediates.noindex/swift-crypto.build/Debug-iphonesimulator/CCryptoBoringSSL.build/Objects-normal/arm64/7187679823f38a2a940e0043cdf9d637-common-args.resp
    
    /Applications/Xcode.app/Contents/Developer/Toolchains/XcodeDefault.xctoolchain/usr/bin/clang -x c -ivfsstatcache /Users/j/Documents/GitHub/MoneroOne/build/SDKStatCaches.noindex/iphonesimulator26.1-23B77-90cf18a4295e390e64c810bc6bd7acbc.sdkstatcache -fmessage-length\=0 -fdiagnostics-show-note-include-stack -fmacro-backtrace-limit\=0 -fno-color-diagnostics -fmodules-prune-interval\=86400 -fmodules-prune-after\=345600 -fbuild-session-file\=/Users/j/Documents/GitHub/MoneroOne/build/ModuleCache.noindex/Session.modulevalidation -fmodules-validate-once-per-build-session -Wnon-modular-include-in-framework-module -Werror\=non-modular-include-in-framework-module -Wno-trigraphs -Wno-missing-field-initializers -Wno-missing-prototypes -Wno-return-type -Wno-missing-braces -Wparentheses -Wswitch -Wno-unused-function -Wno-unused-label -Wno-unused-parameter -Wno-unused-variable -Wunused-value -Wno-empty-body -Wno-uninitialized -Wno-unknown-pragmas -w -Wno-shadow -Wno-four-char-constants -Wno-conversion -Wno-constant-conversion -Wno-int-conversion -Wno-bool-conversion -Wno-enum-conversion -Wno-float-conversion -Wno-non-literal-null-conversion -Wno-objc-literal-conversion -Wshorten-64-to-32 -Wpointer-sign -Wno-newline-eof -Wno-implicit-fallthrough -fstrict-aliasing -Wdeprecated-declarations -Wno-sign-conversion -Wno-infinite-recursion -Wno-comma -Wno-block-capture-autoreleasing -Wno-strict-prototypes -Wno-semicolon-before-method-body -index-store-path /Users/j/Documents/GitHub/MoneroOne/build/Index.noindex/DataStore @/Users/j/Documents/GitHub/MoneroOne/build/Build/Intermediates.noindex/swift-crypto.build/Debug-iphonesimulator/CCryptoBoringSSL.build/Objects-normal/arm64/7187679823f38a2a940e0043cdf9d637-common-args.resp -MMD -MT dependencies -MF /Users/j/Documents/GitHub/MoneroOne/build/Build/Intermediates.noindex/swift-crypto.build/Debug-iphonesimulator/CCryptoBoringSSL.build/Objects-normal/arm64/ber.d --serialize-diagnostics /Users/j/Documents/GitHub/MoneroOne/build/Build/Intermediates.noindex/swift-crypto.build/Debug-iphonesimulator/CCryptoBoringSSL.build/Objects-normal/arm64/ber.dia -c /Users/j/Documents/GitHub/MoneroOne/build/SourcePackages/checkouts/swift-crypto/Sources/CCryptoBoringSSL/crypto/bytestring/ber.c -o /Users/j/Documents/GitHub/MoneroOne/build/Build/Intermediates.noindex/swift-crypto.build/Debug-iphonesimulator/CCryptoBoringSSL.build/Objects-normal/arm64/ber.o -index-unit-output-path /swift-crypto.build/Debug-iphonesimulator/CCryptoBoringSSL.build/Objects-normal/arm64/ber.o

CompileC /Users/j/Documents/GitHub/MoneroOne/build/Build/Intermediates.noindex/swift-crypto.build/Debug-iphonesimulator/CCryptoBoringSSL.build/Objects-normal/arm64/asn1_lib.o /Users/j/Documents/GitHub/MoneroOne/build/SourcePackages/checkouts/swift-crypto/Sources/CCryptoBoringSSL/crypto/asn1/asn1_lib.c normal arm64 c com.apple.compilers.llvm.clang.1_0.compiler (in target 'CCryptoBoringSSL' from project 'swift-crypto')
    cd /Users/j/Documents/GitHub/MoneroOne/MoneroOne.xcodeproj
    
    Using response file: /Users/j/Documents/GitHub/MoneroOne/build/Build/Intermediates.noindex/swift-crypto.build/Debug-iphonesimulator/CCryptoBoringSSL.build/Objects-normal/arm64/7187679823f38a2a940e0043cdf9d637-common-args.resp
    
    /Applications/Xcode.app/Contents/Developer/Toolchains/XcodeDefault.xctoolchain/usr/bin/clang -x c -ivfsstatcache /Users/j/Documents/GitHub/MoneroOne/build/SDKStatCaches.noindex/iphonesimulator26.1-23B77-90cf18a4295e390e64c810bc6bd7acbc.sdkstatcache -fmessage-length\=0 -fdiagnostics-show-note-include-stack -fmacro-backtrace-limit\=0 -fno-color-diagnostics -fmodules-prune-interval\=86400 -fmodules-prune-after\=345600 -fbuild-session-file\=/Users/j/Documents/GitHub/MoneroOne/build/ModuleCache.noindex/Session.modulevalidation -fmodules-validate-once-per-build-session -Wnon-modular-include-in-framework-module -Werror\=non-modular-include-in-framework-module -Wno-trigraphs -Wno-missing-field-initializers -Wno-missing-prototypes -Wno-return-type -Wno-missing-braces -Wparentheses -Wswitch -Wno-unused-function -Wno-unused-label -Wno-unused-parameter -Wno-unused-variable -Wunused-value -Wno-empty-body -Wno-uninitialized -Wno-unknown-pragmas -w -Wno-shadow -Wno-four-char-constants -Wno-conversion -Wno-constant-conversion -Wno-int-conversion -Wno-bool-conversion -Wno-enum-conversion -Wno-float-conversion -Wno-non-literal-null-conversion -Wno-objc-literal-conversion -Wshorten-64-to-32 -Wpointer-sign -Wno-newline-eof -Wno-implicit-fallthrough -fstrict-aliasing -Wdeprecated-declarations -Wno-sign-conversion -Wno-infinite-recursion -Wno-comma -Wno-block-capture-autoreleasing -Wno-strict-prototypes -Wno-semicolon-before-method-body -index-store-path /Users/j/Documents/GitHub/MoneroOne/build/Index.noindex/DataStore @/Users/j/Documents/GitHub/MoneroOne/build/Build/Intermediates.noindex/swift-crypto.build/Debug-iphonesimulator/CCryptoBoringSSL.build/Objects-normal/arm64/7187679823f38a2a940e0043cdf9d637-common-args.resp -MMD -MT dependencies -MF /Users/j/Documents/GitHub/MoneroOne/build/Build/Intermediates.noindex/swift-crypto.build/Debug-iphonesimulator/CCryptoBoringSSL.build/Objects-normal/arm64/asn1_lib.d --serialize-diagnostics /Users/j/Documents/GitHub/MoneroOne/build/Build/Intermediates.noindex/swift-crypto.build/Debug-iphonesimulator/CCryptoBoringSSL.build/Objects-normal/arm64/asn1_lib.dia -c /Users/j/Documents/GitHub/MoneroOne/build/SourcePackages/checkouts/swift-crypto/Sources/CCryptoBoringSSL/crypto/asn1/asn1_lib.c -o /Users/j/Documents/GitHub/MoneroOne/build/Build/Intermediates.noindex/swift-crypto.build/Debug-iphonesimulator/CCryptoBoringSSL.build/Objects-normal/arm64/asn1_lib.o -index-unit-output-path /swift-crypto.build/Debug-iphonesimulator/CCryptoBoringSSL.build/Objects-normal/arm64/asn1_lib.o

CompileC /Users/j/Documents/GitHub/MoneroOne/build/Build/Intermediates.noindex/swift-crypto.build/Debug-iphonesimulator/CCryptoBoringSSL.build/Objects-normal/arm64/asn1_gen.o /Users/j/Documents/GitHub/MoneroOne/build/SourcePackages/checkouts/swift-crypto/Sources/CCryptoBoringSSL/crypto/x509/asn1_gen.c normal arm64 c com.apple.compilers.llvm.clang.1_0.compiler (in target 'CCryptoBoringSSL' from project 'swift-crypto')
    cd /Users/j/Documents/GitHub/MoneroOne/MoneroOne.xcodeproj
    
    Using response file: /Users/j/Documents/GitHub/MoneroOne/build/Build/Intermediates.noindex/swift-crypto.build/Debug-iphonesimulator/CCryptoBoringSSL.build/Objects-normal/arm64/7187679823f38a2a940e0043cdf9d637-common-args.resp
    
    /Applications/Xcode.app/Contents/Developer/Toolchains/XcodeDefault.xctoolchain/usr/bin/clang -x c -ivfsstatcache /Users/j/Documents/GitHub/MoneroOne/build/SDKStatCaches.noindex/iphonesimulator26.1-23B77-90cf18a4295e390e64c810bc6bd7acbc.sdkstatcache -fmessage-length\=0 -fdiagnostics-show-note-include-stack -fmacro-backtrace-limit\=0 -fno-color-diagnostics -fmodules-prune-interval\=86400 -fmodules-prune-after\=345600 -fbuild-session-file\=/Users/j/Documents/GitHub/MoneroOne/build/ModuleCache.noindex/Session.modulevalidation -fmodules-validate-once-per-build-session -Wnon-modular-include-in-framework-module -Werror\=non-modular-include-in-framework-module -Wno-trigraphs -Wno-missing-field-initializers -Wno-missing-prototypes -Wno-return-type -Wno-missing-braces -Wparentheses -Wswitch -Wno-unused-function -Wno-unused-label -Wno-unused-parameter -Wno-unused-variable -Wunused-value -Wno-empty-body -Wno-uninitialized -Wno-unknown-pragmas -w -Wno-shadow -Wno-four-char-constants -Wno-conversion -Wno-constant-conversion -Wno-int-conversion -Wno-bool-conversion -Wno-enum-conversion -Wno-float-conversion -Wno-non-literal-null-conversion -Wno-objc-literal-conversion -Wshorten-64-to-32 -Wpointer-sign -Wno-newline-eof -Wno-implicit-fallthrough -fstrict-aliasing -Wdeprecated-declarations -Wno-sign-conversion -Wno-infinite-recursion -Wno-comma -Wno-block-capture-autoreleasing -Wno-strict-prototypes -Wno-semicolon-before-method-body -index-store-path /Users/j/Documents/GitHub/MoneroOne/build/Index.noindex/DataStore @/Users/j/Documents/GitHub/MoneroOne/build/Build/Intermediates.noindex/swift-crypto.build/Debug-iphonesimulator/CCryptoBoringSSL.build/Objects-normal/arm64/7187679823f38a2a940e0043cdf9d637-common-args.resp -MMD -MT dependencies -MF /Users/j/Documents/GitHub/MoneroOne/build/Build/Intermediates.noindex/swift-crypto.build/Debug-iphonesimulator/CCryptoBoringSSL.build/Objects-normal/arm64/asn1_gen.d --serialize-diagnostics /Users/j/Documents/GitHub/MoneroOne/build/Build/Intermediates.noindex/swift-crypto.build/Debug-iphonesimulator/CCryptoBoringSSL.build/Objects-normal/arm64/asn1_gen.dia -c /Users/j/Documents/GitHub/MoneroOne/build/SourcePackages/checkouts/swift-crypto/Sources/CCryptoBoringSSL/crypto/x509/asn1_gen.c -o /Users/j/Documents/GitHub/MoneroOne/build/Build/Intermediates.noindex/swift-crypto.build/Debug-iphonesimulator/CCryptoBoringSSL.build/Objects-normal/arm64/asn1_gen.o -index-unit-output-path /swift-crypto.build/Debug-iphonesimulator/CCryptoBoringSSL.build/Objects-normal/arm64/asn1_gen.o

CompileC /Users/j/Documents/GitHub/MoneroOne/build/Build/Intermediates.noindex/swift-crypto.build/Debug-iphonesimulator/CCryptoBoringSSL.build/Objects-normal/arm64/asn1_compat.o /Users/j/Documents/GitHub/MoneroOne/build/SourcePackages/checkouts/swift-crypto/Sources/CCryptoBoringSSL/crypto/bytestring/asn1_compat.c normal arm64 c com.apple.compilers.llvm.clang.1_0.compiler (in target 'CCryptoBoringSSL' from project 'swift-crypto')
    cd /Users/j/Documents/GitHub/MoneroOne/MoneroOne.xcodeproj
    
    Using response file: /Users/j/Documents/GitHub/MoneroOne/build/Build/Intermediates.noindex/swift-crypto.build/Debug-iphonesimulator/CCryptoBoringSSL.build/Objects-normal/arm64/7187679823f38a2a940e0043cdf9d637-common-args.resp
    
    /Applications/Xcode.app/Contents/Developer/Toolchains/XcodeDefault.xctoolchain/usr/bin/clang -x c -ivfsstatcache /Users/j/Documents/GitHub/MoneroOne/build/SDKStatCaches.noindex/iphonesimulator26.1-23B77-90cf18a4295e390e64c810bc6bd7acbc.sdkstatcache -fmessage-length\=0 -fdiagnostics-show-note-include-stack -fmacro-backtrace-limit\=0 -fno-color-diagnostics -fmodules-prune-interval\=86400 -fmodules-prune-after\=345600 -fbuild-session-file\=/Users/j/Documents/GitHub/MoneroOne/build/ModuleCache.noindex/Session.modulevalidation -fmodules-validate-once-per-build-session -Wnon-modular-include-in-framework-module -Werror\=non-modular-include-in-framework-module -Wno-trigraphs -Wno-missing-field-initializers -Wno-missing-prototypes -Wno-return-type -Wno-missing-braces -Wparentheses -Wswitch -Wno-unused-function -Wno-unused-label -Wno-unused-parameter -Wno-unused-variable -Wunused-value -Wno-empty-body -Wno-uninitialized -Wno-unknown-pragmas -w -Wno-shadow -Wno-four-char-constants -Wno-conversion -Wno-constant-conversion -Wno-int-conversion -Wno-bool-conversion -Wno-enum-conversion -Wno-float-conversion -Wno-non-literal-null-conversion -Wno-objc-literal-conversion -Wshorten-64-to-32 -Wpointer-sign -Wno-newline-eof -Wno-implicit-fallthrough -fstrict-aliasing -Wdeprecated-declarations -Wno-sign-conversion -Wno-infinite-recursion -Wno-comma -Wno-block-capture-autoreleasing -Wno-strict-prototypes -Wno-semicolon-before-method-body -index-store-path /Users/j/Documents/GitHub/MoneroOne/build/Index.noindex/DataStore @/Users/j/Documents/GitHub/MoneroOne/build/Build/Intermediates.noindex/swift-crypto.build/Debug-iphonesimulator/CCryptoBoringSSL.build/Objects-normal/arm64/7187679823f38a2a940e0043cdf9d637-common-args.resp -MMD -MT dependencies -MF /Users/j/Documents/GitHub/MoneroOne/build/Build/Intermediates.noindex/swift-crypto.build/Debug-iphonesimulator/CCryptoBoringSSL.build/Objects-normal/arm64/asn1_compat.d --serialize-diagnostics /Users/j/Documents/GitHub/MoneroOne/build/Build/Intermediates.noindex/swift-crypto.build/Debug-iphonesimulator/CCryptoBoringSSL.build/Objects-normal/arm64/asn1_compat.dia -c /Users/j/Documents/GitHub/MoneroOne/build/SourcePackages/checkouts/swift-crypto/Sources/CCryptoBoringSSL/crypto/bytestring/asn1_compat.c -o /Users/j/Documents/GitHub/MoneroOne/build/Build/Intermediates.noindex/swift-crypto.build/Debug-iphonesimulator/CCryptoBoringSSL.build/Objects-normal/arm64/asn1_compat.o -index-unit-output-path /swift-crypto.build/Debug-iphonesimulator/CCryptoBoringSSL.build/Objects-normal/arm64/asn1_compat.o

CompileC /Users/j/Documents/GitHub/MoneroOne/build/Build/Intermediates.noindex/swift-crypto.build/Debug-iphonesimulator/CCryptoBoringSSL.build/Objects-normal/arm64/algorithm.o /Users/j/Documents/GitHub/MoneroOne/build/SourcePackages/checkouts/swift-crypto/Sources/CCryptoBoringSSL/crypto/x509/algorithm.c normal arm64 c com.apple.compilers.llvm.clang.1_0.compiler (in target 'CCryptoBoringSSL' from project 'swift-crypto')
    cd /Users/j/Documents/GitHub/MoneroOne/MoneroOne.xcodeproj
    
    Using response file: /Users/j/Documents/GitHub/MoneroOne/build/Build/Intermediates.noindex/swift-crypto.build/Debug-iphonesimulator/CCryptoBoringSSL.build/Objects-normal/arm64/7187679823f38a2a940e0043cdf9d637-common-args.resp
    
    /Applications/Xcode.app/Contents/Developer/Toolchains/XcodeDefault.xctoolchain/usr/bin/clang -x c -ivfsstatcache /Users/j/Documents/GitHub/MoneroOne/build/SDKStatCaches.noindex/iphonesimulator26.1-23B77-90cf18a4295e390e64c810bc6bd7acbc.sdkstatcache -fmessage-length\=0 -fdiagnostics-show-note-include-stack -fmacro-backtrace-limit\=0 -fno-color-diagnostics -fmodules-prune-interval\=86400 -fmodules-prune-after\=345600 -fbuild-session-file\=/Users/j/Documents/GitHub/MoneroOne/build/ModuleCache.noindex/Session.modulevalidation -fmodules-validate-once-per-build-session -Wnon-modular-include-in-framework-module -Werror\=non-modular-include-in-framework-module -Wno-trigraphs -Wno-missing-field-initializers -Wno-missing-prototypes -Wno-return-type -Wno-missing-braces -Wparentheses -Wswitch -Wno-unused-function -Wno-unused-label -Wno-unused-parameter -Wno-unused-variable -Wunused-value -Wno-empty-body -Wno-uninitialized -Wno-unknown-pragmas -w -Wno-shadow -Wno-four-char-constants -Wno-conversion -Wno-constant-conversion -Wno-int-conversion -Wno-bool-conversion -Wno-enum-conversion -Wno-float-conversion -Wno-non-literal-null-conversion -Wno-objc-literal-conversion -Wshorten-64-to-32 -Wpointer-sign -Wno-newline-eof -Wno-implicit-fallthrough -fstrict-aliasing -Wdeprecated-declarations -Wno-sign-conversion -Wno-infinite-recursion -Wno-comma -Wno-block-capture-autoreleasing -Wno-strict-prototypes -Wno-semicolon-before-method-body -index-store-path /Users/j/Documents/GitHub/MoneroOne/build/Index.noindex/DataStore @/Users/j/Documents/GitHub/MoneroOne/build/Build/Intermediates.noindex/swift-crypto.build/Debug-iphonesimulator/CCryptoBoringSSL.build/Objects-normal/arm64/7187679823f38a2a940e0043cdf9d637-common-args.resp -MMD -MT dependencies -MF /Users/j/Documents/GitHub/MoneroOne/build/Build/Intermediates.noindex/swift-crypto.build/Debug-iphonesimulator/CCryptoBoringSSL.build/Objects-normal/arm64/algorithm.d --serialize-diagnostics /Users/j/Documents/GitHub/MoneroOne/build/Build/Intermediates.noindex/swift-crypto.build/Debug-iphonesimulator/CCryptoBoringSSL.build/Objects-normal/arm64/algorithm.dia -c /Users/j/Documents/GitHub/MoneroOne/build/SourcePackages/checkouts/swift-crypto/Sources/CCryptoBoringSSL/crypto/x509/algorithm.c -o /Users/j/Documents/GitHub/MoneroOne/build/Build/Intermediates.noindex/swift-crypto.build/Debug-iphonesimulator/CCryptoBoringSSL.build/Objects-normal/arm64/algorithm.o -index-unit-output-path /swift-crypto.build/Debug-iphonesimulator/CCryptoBoringSSL.build/Objects-normal/arm64/algorithm.o

CompileC /Users/j/Documents/GitHub/MoneroOne/build/Build/Intermediates.noindex/swift-crypto.build/Debug-iphonesimulator/CCryptoBoringSSL.build/Objects-normal/arm64/aes_nohw.o /Users/j/Documents/GitHub/MoneroOne/build/SourcePackages/checkouts/swift-crypto/Sources/CCryptoBoringSSL/crypto/fipsmodule/aes/aes_nohw.c normal arm64 c com.apple.compilers.llvm.clang.1_0.compiler (in target 'CCryptoBoringSSL' from project 'swift-crypto')
    cd /Users/j/Documents/GitHub/MoneroOne/MoneroOne.xcodeproj
    
    Using response file: /Users/j/Documents/GitHub/MoneroOne/build/Build/Intermediates.noindex/swift-crypto.build/Debug-iphonesimulator/CCryptoBoringSSL.build/Objects-normal/arm64/7187679823f38a2a940e0043cdf9d637-common-args.resp
    
    /Applications/Xcode.app/Contents/Developer/Toolchains/XcodeDefault.xctoolchain/usr/bin/clang -x c -ivfsstatcache /Users/j/Documents/GitHub/MoneroOne/build/SDKStatCaches.noindex/iphonesimulator26.1-23B77-90cf18a4295e390e64c810bc6bd7acbc.sdkstatcache -fmessage-length\=0 -fdiagnostics-show-note-include-stack -fmacro-backtrace-limit\=0 -fno-color-diagnostics -fmodules-prune-interval\=86400 -fmodules-prune-after\=345600 -fbuild-session-file\=/Users/j/Documents/GitHub/MoneroOne/build/ModuleCache.noindex/Session.modulevalidation -fmodules-validate-once-per-build-session -Wnon-modular-include-in-framework-module -Werror\=non-modular-include-in-framework-module -Wno-trigraphs -Wno-missing-field-initializers -Wno-missing-prototypes -Wno-return-type -Wno-missing-braces -Wparentheses -Wswitch -Wno-unused-function -Wno-unused-label -Wno-unused-parameter -Wno-unused-variable -Wunused-value -Wno-empty-body -Wno-uninitialized -Wno-unknown-pragmas -w -Wno-shadow -Wno-four-char-constants -Wno-conversion -Wno-constant-conversion -Wno-int-conversion -Wno-bool-conversion -Wno-enum-conversion -Wno-float-conversion -Wno-non-literal-null-conversion -Wno-objc-literal-conversion -Wshorten-64-to-32 -Wpointer-sign -Wno-newline-eof -Wno-implicit-fallthrough -fstrict-aliasing -Wdeprecated-declarations -Wno-sign-conversion -Wno-infinite-recursion -Wno-comma -Wno-block-capture-autoreleasing -Wno-strict-prototypes -Wno-semicolon-before-method-body -index-store-path /Users/j/Documents/GitHub/MoneroOne/build/Index.noindex/DataStore @/Users/j/Documents/GitHub/MoneroOne/build/Build/Intermediates.noindex/swift-crypto.build/Debug-iphonesimulator/CCryptoBoringSSL.build/Objects-normal/arm64/7187679823f38a2a940e0043cdf9d637-common-args.resp -MMD -MT dependencies -MF /Users/j/Documents/GitHub/MoneroOne/build/Build/Intermediates.noindex/swift-crypto.build/Debug-iphonesimulator/CCryptoBoringSSL.build/Objects-normal/arm64/aes_nohw.d --serialize-diagnostics /Users/j/Documents/GitHub/MoneroOne/build/Build/Intermediates.noindex/swift-crypto.build/Debug-iphonesimulator/CCryptoBoringSSL.build/Objects-normal/arm64/aes_nohw.dia -c /Users/j/Documents/GitHub/MoneroOne/build/SourcePackages/checkouts/swift-crypto/Sources/CCryptoBoringSSL/crypto/fipsmodule/aes/aes_nohw.c -o /Users/j/Documents/GitHub/MoneroOne/build/Build/Intermediates.noindex/swift-crypto.build/Debug-iphonesimulator/CCryptoBoringSSL.build/Objects-normal/arm64/aes_nohw.o -index-unit-output-path /swift-crypto.build/Debug-iphonesimulator/CCryptoBoringSSL.build/Objects-normal/arm64/aes_nohw.o

CompileC /Users/j/Documents/GitHub/MoneroOne/build/Build/Intermediates.noindex/swift-crypto.build/Debug-iphonesimulator/CCryptoBoringSSL.build/Objects-normal/arm64/aes.o /Users/j/Documents/GitHub/MoneroOne/build/SourcePackages/checkouts/swift-crypto/Sources/CCryptoBoringSSL/crypto/fipsmodule/aes/aes.c normal arm64 c com.apple.compilers.llvm.clang.1_0.compiler (in target 'CCryptoBoringSSL' from project 'swift-crypto')
    cd /Users/j/Documents/GitHub/MoneroOne/MoneroOne.xcodeproj
    
    Using response file: /Users/j/Documents/GitHub/MoneroOne/build/Build/Intermediates.noindex/swift-crypto.build/Debug-iphonesimulator/CCryptoBoringSSL.build/Objects-normal/arm64/7187679823f38a2a940e0043cdf9d637-common-args.resp
    
    /Applications/Xcode.app/Contents/Developer/Toolchains/XcodeDefault.xctoolchain/usr/bin/clang -x c -ivfsstatcache /Users/j/Documents/GitHub/MoneroOne/build/SDKStatCaches.noindex/iphonesimulator26.1-23B77-90cf18a4295e390e64c810bc6bd7acbc.sdkstatcache -fmessage-length\=0 -fdiagnostics-show-note-include-stack -fmacro-backtrace-limit\=0 -fno-color-diagnostics -fmodules-prune-interval\=86400 -fmodules-prune-after\=345600 -fbuild-session-file\=/Users/j/Documents/GitHub/MoneroOne/build/ModuleCache.noindex/Session.modulevalidation -fmodules-validate-once-per-build-session -Wnon-modular-include-in-framework-module -Werror\=non-modular-include-in-framework-module -Wno-trigraphs -Wno-missing-field-initializers -Wno-missing-prototypes -Wno-return-type -Wno-missing-braces -Wparentheses -Wswitch -Wno-unused-function -Wno-unused-label -Wno-unused-parameter -Wno-unused-variable -Wunused-value -Wno-empty-body -Wno-uninitialized -Wno-unknown-pragmas -w -Wno-shadow -Wno-four-char-constants -Wno-conversion -Wno-constant-conversion -Wno-int-conversion -Wno-bool-conversion -Wno-enum-conversion -Wno-float-conversion -Wno-non-literal-null-conversion -Wno-objc-literal-conversion -Wshorten-64-to-32 -Wpointer-sign -Wno-newline-eof -Wno-implicit-fallthrough -fstrict-aliasing -Wdeprecated-declarations -Wno-sign-conversion -Wno-infinite-recursion -Wno-comma -Wno-block-capture-autoreleasing -Wno-strict-prototypes -Wno-semicolon-before-method-body -index-store-path /Users/j/Documents/GitHub/MoneroOne/build/Index.noindex/DataStore @/Users/j/Documents/GitHub/MoneroOne/build/Build/Intermediates.noindex/swift-crypto.build/Debug-iphonesimulator/CCryptoBoringSSL.build/Objects-normal/arm64/7187679823f38a2a940e0043cdf9d637-common-args.resp -MMD -MT dependencies -MF /Users/j/Documents/GitHub/MoneroOne/build/Build/Intermediates.noindex/swift-crypto.build/Debug-iphonesimulator/CCryptoBoringSSL.build/Objects-normal/arm64/aes.d --serialize-diagnostics /Users/j/Documents/GitHub/MoneroOne/build/Build/Intermediates.noindex/swift-crypto.build/Debug-iphonesimulator/CCryptoBoringSSL.build/Objects-normal/arm64/aes.dia -c /Users/j/Documents/GitHub/MoneroOne/build/SourcePackages/checkouts/swift-crypto/Sources/CCryptoBoringSSL/crypto/fipsmodule/aes/aes.c -o /Users/j/Documents/GitHub/MoneroOne/build/Build/Intermediates.noindex/swift-crypto.build/Debug-iphonesimulator/CCryptoBoringSSL.build/Objects-normal/arm64/aes.o -index-unit-output-path /swift-crypto.build/Debug-iphonesimulator/CCryptoBoringSSL.build/Objects-normal/arm64/aes.o

ScanDependencies /Users/j/Documents/GitHub/MoneroOne/build/Build/Intermediates.noindex/swift-crypto.build/Debug-iphonesimulator/CCryptoBoringSSL.build/Objects-normal/arm64/aead.o /Users/j/Documents/GitHub/MoneroOne/build/SourcePackages/checkouts/swift-crypto/Sources/CCryptoBoringSSL/crypto/fipsmodule/cipher/aead.c normal arm64 c com.apple.compilers.llvm.clang.1_0.compiler (in target 'CCryptoBoringSSL' from project 'swift-crypto')
    cd /Users/j/Documents/GitHub/MoneroOne/MoneroOne.xcodeproj
    
    Using response file: /Users/j/Documents/GitHub/MoneroOne/build/Build/Intermediates.noindex/swift-crypto.build/Debug-iphonesimulator/CCryptoBoringSSL.build/Objects-normal/arm64/7187679823f38a2a940e0043cdf9d637-common-args.resp
    
    builtin-ScanDependencies -o /Users/j/Documents/GitHub/MoneroOne/build/Build/Intermediates.noindex/swift-crypto.build/Debug-iphonesimulator/CCryptoBoringSSL.build/Objects-normal/arm64/aead.o.scan -- /Applications/Xcode.app/Contents/Developer/Toolchains/XcodeDefault.xctoolchain/usr/bin/clang -x c -ivfsstatcache /Users/j/Documents/GitHub/MoneroOne/build/SDKStatCaches.noindex/iphonesimulator26.1-23B77-90cf18a4295e390e64c810bc6bd7acbc.sdkstatcache -fmessage-length\=0 -fdiagnostics-show-note-include-stack -fmacro-backtrace-limit\=0 -fno-color-diagnostics -fmodules-prune-interval\=86400 -fmodules-prune-after\=345600 -fbuild-session-file\=/Users/j/Documents/GitHub/MoneroOne/build/ModuleCache.noindex/Session.modulevalidation -fmodules-validate-once-per-build-session -Wnon-modular-include-in-framework-module -Werror\=non-modular-include-in-framework-module -Wno-trigraphs -Wno-missing-field-initializers -Wno-missing-prototypes -Wno-return-type -Wno-missing-braces -Wparentheses -Wswitch -Wno-unused-function -Wno-unused-label -Wno-unused-parameter -Wno-unused-variable -Wunused-value -Wno-empty-body -Wno-uninitialized -Wno-unknown-pragmas -w -Wno-shadow -Wno-four-char-constants -Wno-conversion -Wno-constant-conversion -Wno-int-conversion -Wno-bool-conversion -Wno-enum-conversion -Wno-float-conversion -Wno-non-literal-null-conversion -Wno-objc-literal-conversion -Wshorten-64-to-32 -Wpointer-sign -Wno-newline-eof -Wno-implicit-fallthrough -fstrict-aliasing -Wdeprecated-declarations -Wno-sign-conversion -Wno-infinite-recursion -Wno-comma -Wno-block-capture-autoreleasing -Wno-strict-prototypes -Wno-semicolon-before-method-body -index-store-path /Users/j/Documents/GitHub/MoneroOne/build/Index.noindex/DataStore @/Users/j/Documents/GitHub/MoneroOne/build/Build/Intermediates.noindex/swift-crypto.build/Debug-iphonesimulator/CCryptoBoringSSL.build/Objects-normal/arm64/7187679823f38a2a940e0043cdf9d637-common-args.resp -MMD -MT dependencies -MF /Users/j/Documents/GitHub/MoneroOne/build/Build/Intermediates.noindex/swift-crypto.build/Debug-iphonesimulator/CCryptoBoringSSL.build/Objects-normal/arm64/aead.d --serialize-diagnostics /Users/j/Documents/GitHub/MoneroOne/build/Build/Intermediates.noindex/swift-crypto.build/Debug-iphonesimulator/CCryptoBoringSSL.build/Objects-normal/arm64/aead.dia -c /Users/j/Documents/GitHub/MoneroOne/build/SourcePackages/checkouts/swift-crypto/Sources/CCryptoBoringSSL/crypto/fipsmodule/cipher/aead.c -o /Users/j/Documents/GitHub/MoneroOne/build/Build/Intermediates.noindex/swift-crypto.build/Debug-iphonesimulator/CCryptoBoringSSL.build/Objects-normal/arm64/aead.o -index-unit-output-path /swift-crypto.build/Debug-iphonesimulator/CCryptoBoringSSL.build/Objects-normal/arm64/aead.o

ScanDependencies /Users/j/Documents/GitHub/MoneroOne/build/Build/Intermediates.noindex/swift-crypto.build/Debug-iphonesimulator/CCryptoBoringSSL.build/Objects-normal/arm64/add.o /Users/j/Documents/GitHub/MoneroOne/build/SourcePackages/checkouts/swift-crypto/Sources/CCryptoBoringSSL/crypto/fipsmodule/bn/add.c normal arm64 c com.apple.compilers.llvm.clang.1_0.compiler (in target 'CCryptoBoringSSL' from project 'swift-crypto')
    cd /Users/j/Documents/GitHub/MoneroOne/MoneroOne.xcodeproj
    
    Using response file: /Users/j/Documents/GitHub/MoneroOne/build/Build/Intermediates.noindex/swift-crypto.build/Debug-iphonesimulator/CCryptoBoringSSL.build/Objects-normal/arm64/7187679823f38a2a940e0043cdf9d637-common-args.resp
    
    builtin-ScanDependencies -o /Users/j/Documents/GitHub/MoneroOne/build/Build/Intermediates.noindex/swift-crypto.build/Debug-iphonesimulator/CCryptoBoringSSL.build/Objects-normal/arm64/add.o.scan -- /Applications/Xcode.app/Contents/Developer/Toolchains/XcodeDefault.xctoolchain/usr/bin/clang -x c -ivfsstatcache /Users/j/Documents/GitHub/MoneroOne/build/SDKStatCaches.noindex/iphonesimulator26.1-23B77-90cf18a4295e390e64c810bc6bd7acbc.sdkstatcache -fmessage-length\=0 -fdiagnostics-show-note-include-stack -fmacro-backtrace-limit\=0 -fno-color-diagnostics -fmodules-prune-interval\=86400 -fmodules-prune-after\=345600 -fbuild-session-file\=/Users/j/Documents/GitHub/MoneroOne/build/ModuleCache.noindex/Session.modulevalidation -fmodules-validate-once-per-build-session -Wnon-modular-include-in-framework-module -Werror\=non-modular-include-in-framework-module -Wno-trigraphs -Wno-missing-field-initializers -Wno-missing-prototypes -Wno-return-type -Wno-missing-braces -Wparentheses -Wswitch -Wno-unused-function -Wno-unused-label -Wno-unused-parameter -Wno-unused-variable -Wunused-value -Wno-empty-body -Wno-uninitialized -Wno-unknown-pragmas -w -Wno-shadow -Wno-four-char-constants -Wno-conversion -Wno-constant-conversion -Wno-int-conversion -Wno-bool-conversion -Wno-enum-conversion -Wno-float-conversion -Wno-non-literal-null-conversion -Wno-objc-literal-conversion -Wshorten-64-to-32 -Wpointer-sign -Wno-newline-eof -Wno-implicit-fallthrough -fstrict-aliasing -Wdeprecated-declarations -Wno-sign-conversion -Wno-infinite-recursion -Wno-comma -Wno-block-capture-autoreleasing -Wno-strict-prototypes -Wno-semicolon-before-method-body -index-store-path /Users/j/Documents/GitHub/MoneroOne/build/Index.noindex/DataStore @/Users/j/Documents/GitHub/MoneroOne/build/Build/Intermediates.noindex/swift-crypto.build/Debug-iphonesimulator/CCryptoBoringSSL.build/Objects-normal/arm64/7187679823f38a2a940e0043cdf9d637-common-args.resp -MMD -MT dependencies -MF /Users/j/Documents/GitHub/MoneroOne/build/Build/Intermediates.noindex/swift-crypto.build/Debug-iphonesimulator/CCryptoBoringSSL.build/Objects-normal/arm64/add.d --serialize-diagnostics /Users/j/Documents/GitHub/MoneroOne/build/Build/Intermediates.noindex/swift-crypto.build/Debug-iphonesimulator/CCryptoBoringSSL.build/Objects-normal/arm64/add.dia -c /Users/j/Documents/GitHub/MoneroOne/build/SourcePackages/checkouts/swift-crypto/Sources/CCryptoBoringSSL/crypto/fipsmodule/bn/add.c -o /Users/j/Documents/GitHub/MoneroOne/build/Build/Intermediates.noindex/swift-crypto.build/Debug-iphonesimulator/CCryptoBoringSSL.build/Objects-normal/arm64/add.o -index-unit-output-path /swift-crypto.build/Debug-iphonesimulator/CCryptoBoringSSL.build/Objects-normal/arm64/add.o

ScanDependencies /Users/j/Documents/GitHub/MoneroOne/build/Build/Intermediates.noindex/swift-crypto.build/Debug-iphonesimulator/CCryptoBoringSSL.build/Objects-normal/arm64/a_verify.o /Users/j/Documents/GitHub/MoneroOne/build/SourcePackages/checkouts/swift-crypto/Sources/CCryptoBoringSSL/crypto/x509/a_verify.c normal arm64 c com.apple.compilers.llvm.clang.1_0.compiler (in target 'CCryptoBoringSSL' from project 'swift-crypto')
    cd /Users/j/Documents/GitHub/MoneroOne/MoneroOne.xcodeproj
    
    Using response file: /Users/j/Documents/GitHub/MoneroOne/build/Build/Intermediates.noindex/swift-crypto.build/Debug-iphonesimulator/CCryptoBoringSSL.build/Objects-normal/arm64/7187679823f38a2a940e0043cdf9d637-common-args.resp
    
    builtin-ScanDependencies -o /Users/j/Documents/GitHub/MoneroOne/build/Build/Intermediates.noindex/swift-crypto.build/Debug-iphonesimulator/CCryptoBoringSSL.build/Objects-normal/arm64/a_verify.o.scan -- /Applications/Xcode.app/Contents/Developer/Toolchains/XcodeDefault.xctoolchain/usr/bin/clang -x c -ivfsstatcache /Users/j/Documents/GitHub/MoneroOne/build/SDKStatCaches.noindex/iphonesimulator26.1-23B77-90cf18a4295e390e64c810bc6bd7acbc.sdkstatcache -fmessage-length\=0 -fdiagnostics-show-note-include-stack -fmacro-backtrace-limit\=0 -fno-color-diagnostics -fmodules-prune-interval\=86400 -fmodules-prune-after\=345600 -fbuild-session-file\=/Users/j/Documents/GitHub/MoneroOne/build/ModuleCache.noindex/Session.modulevalidation -fmodules-validate-once-per-build-session -Wnon-modular-include-in-framework-module -Werror\=non-modular-include-in-framework-module -Wno-trigraphs -Wno-missing-field-initializers -Wno-missing-prototypes -Wno-return-type -Wno-missing-braces -Wparentheses -Wswitch -Wno-unused-function -Wno-unused-label -Wno-unused-parameter -Wno-unused-variable -Wunused-value -Wno-empty-body -Wno-uninitialized -Wno-unknown-pragmas -w -Wno-shadow -Wno-four-char-constants -Wno-conversion -Wno-constant-conversion -Wno-int-conversion -Wno-bool-conversion -Wno-enum-conversion -Wno-float-conversion -Wno-non-literal-null-conversion -Wno-objc-literal-conversion -Wshorten-64-to-32 -Wpointer-sign -Wno-newline-eof -Wno-implicit-fallthrough -fstrict-aliasing -Wdeprecated-declarations -Wno-sign-conversion -Wno-infinite-recursion -Wno-comma -Wno-block-capture-autoreleasing -Wno-strict-prototypes -Wno-semicolon-before-method-body -index-store-path /Users/j/Documents/GitHub/MoneroOne/build/Index.noindex/DataStore @/Users/j/Documents/GitHub/MoneroOne/build/Build/Intermediates.noindex/swift-crypto.build/Debug-iphonesimulator/CCryptoBoringSSL.build/Objects-normal/arm64/7187679823f38a2a940e0043cdf9d637-common-args.resp -MMD -MT dependencies -MF /Users/j/Documents/GitHub/MoneroOne/build/Build/Intermediates.noindex/swift-crypto.build/Debug-iphonesimulator/CCryptoBoringSSL.build/Objects-normal/arm64/a_verify.d --serialize-diagnostics /Users/j/Documents/GitHub/MoneroOne/build/Build/Intermediates.noindex/swift-crypto.build/Debug-iphonesimulator/CCryptoBoringSSL.build/Objects-normal/arm64/a_verify.dia -c /Users/j/Documents/GitHub/MoneroOne/build/SourcePackages/checkouts/swift-crypto/Sources/CCryptoBoringSSL/crypto/x509/a_verify.c -o /Users/j/Documents/GitHub/MoneroOne/build/Build/Intermediates.noindex/swift-crypto.build/Debug-iphonesimulator/CCryptoBoringSSL.build/Objects-normal/arm64/a_verify.o -index-unit-output-path /swift-crypto.build/Debug-iphonesimulator/CCryptoBoringSSL.build/Objects-normal/arm64/a_verify.o

ScanDependencies /Users/j/Documents/GitHub/MoneroOne/build/Build/Intermediates.noindex/swift-crypto.build/Debug-iphonesimulator/CCryptoBoringSSL.build/Objects-normal/arm64/a_utctm.o /Users/j/Documents/GitHub/MoneroOne/build/SourcePackages/checkouts/swift-crypto/Sources/CCryptoBoringSSL/crypto/asn1/a_utctm.c normal arm64 c com.apple.compilers.llvm.clang.1_0.compiler (in target 'CCryptoBoringSSL' from project 'swift-crypto')
    cd /Users/j/Documents/GitHub/MoneroOne/MoneroOne.xcodeproj
    
    Using response file: /Users/j/Documents/GitHub/MoneroOne/build/Build/Intermediates.noindex/swift-crypto.build/Debug-iphonesimulator/CCryptoBoringSSL.build/Objects-normal/arm64/7187679823f38a2a940e0043cdf9d637-common-args.resp
    
    builtin-ScanDependencies -o /Users/j/Documents/GitHub/MoneroOne/build/Build/Intermediates.noindex/swift-crypto.build/Debug-iphonesimulator/CCryptoBoringSSL.build/Objects-normal/arm64/a_utctm.o.scan -- /Applications/Xcode.app/Contents/Developer/Toolchains/XcodeDefault.xctoolchain/usr/bin/clang -x c -ivfsstatcache /Users/j/Documents/GitHub/MoneroOne/build/SDKStatCaches.noindex/iphonesimulator26.1-23B77-90cf18a4295e390e64c810bc6bd7acbc.sdkstatcache -fmessage-length\=0 -fdiagnostics-show-note-include-stack -fmacro-backtrace-limit\=0 -fno-color-diagnostics -fmodules-prune-interval\=86400 -fmodules-prune-after\=345600 -fbuild-session-file\=/Users/j/Documents/GitHub/MoneroOne/build/ModuleCache.noindex/Session.modulevalidation -fmodules-validate-once-per-build-session -Wnon-modular-include-in-framework-module -Werror\=non-modular-include-in-framework-module -Wno-trigraphs -Wno-missing-field-initializers -Wno-missing-prototypes -Wno-return-type -Wno-missing-braces -Wparentheses -Wswitch -Wno-unused-function -Wno-unused-label -Wno-unused-parameter -Wno-unused-variable -Wunused-value -Wno-empty-body -Wno-uninitialized -Wno-unknown-pragmas -w -Wno-shadow -Wno-four-char-constants -Wno-conversion -Wno-constant-conversion -Wno-int-conversion -Wno-bool-conversion -Wno-enum-conversion -Wno-float-conversion -Wno-non-literal-null-conversion -Wno-objc-literal-conversion -Wshorten-64-to-32 -Wpointer-sign -Wno-newline-eof -Wno-implicit-fallthrough -fstrict-aliasing -Wdeprecated-declarations -Wno-sign-conversion -Wno-infinite-recursion -Wno-comma -Wno-block-capture-autoreleasing -Wno-strict-prototypes -Wno-semicolon-before-method-body -index-store-path /Users/j/Documents/GitHub/MoneroOne/build/Index.noindex/DataStore @/Users/j/Documents/GitHub/MoneroOne/build/Build/Intermediates.noindex/swift-crypto.build/Debug-iphonesimulator/CCryptoBoringSSL.build/Objects-normal/arm64/7187679823f38a2a940e0043cdf9d637-common-args.resp -MMD -MT dependencies -MF /Users/j/Documents/GitHub/MoneroOne/build/Build/Intermediates.noindex/swift-crypto.build/Debug-iphonesimulator/CCryptoBoringSSL.build/Objects-normal/arm64/a_utctm.d --serialize-diagnostics /Users/j/Documents/GitHub/MoneroOne/build/Build/Intermediates.noindex/swift-crypto.build/Debug-iphonesimulator/CCryptoBoringSSL.build/Objects-normal/arm64/a_utctm.dia -c /Users/j/Documents/GitHub/MoneroOne/build/SourcePackages/checkouts/swift-crypto/Sources/CCryptoBoringSSL/crypto/asn1/a_utctm.c -o /Users/j/Documents/GitHub/MoneroOne/build/Build/Intermediates.noindex/swift-crypto.build/Debug-iphonesimulator/CCryptoBoringSSL.build/Objects-normal/arm64/a_utctm.o -index-unit-output-path /swift-crypto.build/Debug-iphonesimulator/CCryptoBoringSSL.build/Objects-normal/arm64/a_utctm.o

ScanDependencies /Users/j/Documents/GitHub/MoneroOne/build/Build/Intermediates.noindex/swift-crypto.build/Debug-iphonesimulator/CCryptoBoringSSL.build/Objects-normal/arm64/a_type.o /Users/j/Documents/GitHub/MoneroOne/build/SourcePackages/checkouts/swift-crypto/Sources/CCryptoBoringSSL/crypto/asn1/a_type.c normal arm64 c com.apple.compilers.llvm.clang.1_0.compiler (in target 'CCryptoBoringSSL' from project 'swift-crypto')
    cd /Users/j/Documents/GitHub/MoneroOne/MoneroOne.xcodeproj
    
    Using response file: /Users/j/Documents/GitHub/MoneroOne/build/Build/Intermediates.noindex/swift-crypto.build/Debug-iphonesimulator/CCryptoBoringSSL.build/Objects-normal/arm64/7187679823f38a2a940e0043cdf9d637-common-args.resp
    
    builtin-ScanDependencies -o /Users/j/Documents/GitHub/MoneroOne/build/Build/Intermediates.noindex/swift-crypto.build/Debug-iphonesimulator/CCryptoBoringSSL.build/Objects-normal/arm64/a_type.o.scan -- /Applications/Xcode.app/Contents/Developer/Toolchains/XcodeDefault.xctoolchain/usr/bin/clang -x c -ivfsstatcache /Users/j/Documents/GitHub/MoneroOne/build/SDKStatCaches.noindex/iphonesimulator26.1-23B77-90cf18a4295e390e64c810bc6bd7acbc.sdkstatcache -fmessage-length\=0 -fdiagnostics-show-note-include-stack -fmacro-backtrace-limit\=0 -fno-color-diagnostics -fmodules-prune-interval\=86400 -fmodules-prune-after\=345600 -fbuild-session-file\=/Users/j/Documents/GitHub/MoneroOne/build/ModuleCache.noindex/Session.modulevalidation -fmodules-validate-once-per-build-session -Wnon-modular-include-in-framework-module -Werror\=non-modular-include-in-framework-module -Wno-trigraphs -Wno-missing-field-initializers -Wno-missing-prototypes -Wno-return-type -Wno-missing-braces -Wparentheses -Wswitch -Wno-unused-function -Wno-unused-label -Wno-unused-parameter -Wno-unused-variable -Wunused-value -Wno-empty-body -Wno-uninitialized -Wno-unknown-pragmas -w -Wno-shadow -Wno-four-char-constants -Wno-conversion -Wno-constant-conversion -Wno-int-conversion -Wno-bool-conversion -Wno-enum-conversion -Wno-float-conversion -Wno-non-literal-null-conversion -Wno-objc-literal-conversion -Wshorten-64-to-32 -Wpointer-sign -Wno-newline-eof -Wno-implicit-fallthrough -fstrict-aliasing -Wdeprecated-declarations -Wno-sign-conversion -Wno-infinite-recursion -Wno-comma -Wno-block-capture-autoreleasing -Wno-strict-prototypes -Wno-semicolon-before-method-body -index-store-path /Users/j/Documents/GitHub/MoneroOne/build/Index.noindex/DataStore @/Users/j/Documents/GitHub/MoneroOne/build/Build/Intermediates.noindex/swift-crypto.build/Debug-iphonesimulator/CCryptoBoringSSL.build/Objects-normal/arm64/7187679823f38a2a940e0043cdf9d637-common-args.resp -MMD -MT dependencies -MF /Users/j/Documents/GitHub/MoneroOne/build/Build/Intermediates.noindex/swift-crypto.build/Debug-iphonesimulator/CCryptoBoringSSL.build/Objects-normal/arm64/a_type.d --serialize-diagnostics /Users/j/Documents/GitHub/MoneroOne/build/Build/Intermediates.noindex/swift-crypto.build/Debug-iphonesimulator/CCryptoBoringSSL.build/Objects-normal/arm64/a_type.dia -c /Users/j/Documents/GitHub/MoneroOne/build/SourcePackages/checkouts/swift-crypto/Sources/CCryptoBoringSSL/crypto/asn1/a_type.c -o /Users/j/Documents/GitHub/MoneroOne/build/Build/Intermediates.noindex/swift-crypto.build/Debug-iphonesimulator/CCryptoBoringSSL.build/Objects-normal/arm64/a_type.o -index-unit-output-path /swift-crypto.build/Debug-iphonesimulator/CCryptoBoringSSL.build/Objects-normal/arm64/a_type.o

ScanDependencies /Users/j/Documents/GitHub/MoneroOne/build/Build/Intermediates.noindex/swift-crypto.build/Debug-iphonesimulator/CCryptoBoringSSL.build/Objects-normal/arm64/a_time.o /Users/j/Documents/GitHub/MoneroOne/build/SourcePackages/checkouts/swift-crypto/Sources/CCryptoBoringSSL/crypto/asn1/a_time.c normal arm64 c com.apple.compilers.llvm.clang.1_0.compiler (in target 'CCryptoBoringSSL' from project 'swift-crypto')
    cd /Users/j/Documents/GitHub/MoneroOne/MoneroOne.xcodeproj
    
    Using response file: /Users/j/Documents/GitHub/MoneroOne/build/Build/Intermediates.noindex/swift-crypto.build/Debug-iphonesimulator/CCryptoBoringSSL.build/Objects-normal/arm64/7187679823f38a2a940e0043cdf9d637-common-args.resp
    
    builtin-ScanDependencies -o /Users/j/Documents/GitHub/MoneroOne/build/Build/Intermediates.noindex/swift-crypto.build/Debug-iphonesimulator/CCryptoBoringSSL.build/Objects-normal/arm64/a_time.o.scan -- /Applications/Xcode.app/Contents/Developer/Toolchains/XcodeDefault.xctoolchain/usr/bin/clang -x c -ivfsstatcache /Users/j/Documents/GitHub/MoneroOne/build/SDKStatCaches.noindex/iphonesimulator26.1-23B77-90cf18a4295e390e64c810bc6bd7acbc.sdkstatcache -fmessage-length\=0 -fdiagnostics-show-note-include-stack -fmacro-backtrace-limit\=0 -fno-color-diagnostics -fmodules-prune-interval\=86400 -fmodules-prune-after\=345600 -fbuild-session-file\=/Users/j/Documents/GitHub/MoneroOne/build/ModuleCache.noindex/Session.modulevalidation -fmodules-validate-once-per-build-session -Wnon-modular-include-in-framework-module -Werror\=non-modular-include-in-framework-module -Wno-trigraphs -Wno-missing-field-initializers -Wno-missing-prototypes -Wno-return-type -Wno-missing-braces -Wparentheses -Wswitch -Wno-unused-function -Wno-unused-label -Wno-unused-parameter -Wno-unused-variable -Wunused-value -Wno-empty-body -Wno-uninitialized -Wno-unknown-pragmas -w -Wno-shadow -Wno-four-char-constants -Wno-conversion -Wno-constant-conversion -Wno-int-conversion -Wno-bool-conversion -Wno-enum-conversion -Wno-float-conversion -Wno-non-literal-null-conversion -Wno-objc-literal-conversion -Wshorten-64-to-32 -Wpointer-sign -Wno-newline-eof -Wno-implicit-fallthrough -fstrict-aliasing -Wdeprecated-declarations -Wno-sign-conversion -Wno-infinite-recursion -Wno-comma -Wno-block-capture-autoreleasing -Wno-strict-prototypes -Wno-semicolon-before-method-body -index-store-path /Users/j/Documents/GitHub/MoneroOne/build/Index.noindex/DataStore @/Users/j/Documents/GitHub/MoneroOne/build/Build/Intermediates.noindex/swift-crypto.build/Debug-iphonesimulator/CCryptoBoringSSL.build/Objects-normal/arm64/7187679823f38a2a940e0043cdf9d637-common-args.resp -MMD -MT dependencies -MF /Users/j/Documents/GitHub/MoneroOne/build/Build/Intermediates.noindex/swift-crypto.build/Debug-iphonesimulator/CCryptoBoringSSL.build/Objects-normal/arm64/a_time.d --serialize-diagnostics /Users/j/Documents/GitHub/MoneroOne/build/Build/Intermediates.noindex/swift-crypto.build/Debug-iphonesimulator/CCryptoBoringSSL.build/Objects-normal/arm64/a_time.dia -c /Users/j/Documents/GitHub/MoneroOne/build/SourcePackages/checkouts/swift-crypto/Sources/CCryptoBoringSSL/crypto/asn1/a_time.c -o /Users/j/Documents/GitHub/MoneroOne/build/Build/Intermediates.noindex/swift-crypto.build/Debug-iphonesimulator/CCryptoBoringSSL.build/Objects-normal/arm64/a_time.o -index-unit-output-path /swift-crypto.build/Debug-iphonesimulator/CCryptoBoringSSL.build/Objects-normal/arm64/a_time.o

ScanDependencies /Users/j/Documents/GitHub/MoneroOne/build/Build/Intermediates.noindex/swift-crypto.build/Debug-iphonesimulator/CCryptoBoringSSL.build/Objects-normal/arm64/a_strnid.o /Users/j/Documents/GitHub/MoneroOne/build/SourcePackages/checkouts/swift-crypto/Sources/CCryptoBoringSSL/crypto/asn1/a_strnid.c normal arm64 c com.apple.compilers.llvm.clang.1_0.compiler (in target 'CCryptoBoringSSL' from project 'swift-crypto')
    cd /Users/j/Documents/GitHub/MoneroOne/MoneroOne.xcodeproj
    
    Using response file: /Users/j/Documents/GitHub/MoneroOne/build/Build/Intermediates.noindex/swift-crypto.build/Debug-iphonesimulator/CCryptoBoringSSL.build/Objects-normal/arm64/7187679823f38a2a940e0043cdf9d637-common-args.resp
    
    builtin-ScanDependencies -o /Users/j/Documents/GitHub/MoneroOne/build/Build/Intermediates.noindex/swift-crypto.build/Debug-iphonesimulator/CCryptoBoringSSL.build/Objects-normal/arm64/a_strnid.o.scan -- /Applications/Xcode.app/Contents/Developer/Toolchains/XcodeDefault.xctoolchain/usr/bin/clang -x c -ivfsstatcache /Users/j/Documents/GitHub/MoneroOne/build/SDKStatCaches.noindex/iphonesimulator26.1-23B77-90cf18a4295e390e64c810bc6bd7acbc.sdkstatcache -fmessage-length\=0 -fdiagnostics-show-note-include-stack -fmacro-backtrace-limit\=0 -fno-color-diagnostics -fmodules-prune-interval\=86400 -fmodules-prune-after\=345600 -fbuild-session-file\=/Users/j/Documents/GitHub/MoneroOne/build/ModuleCache.noindex/Session.modulevalidation -fmodules-validate-once-per-build-session -Wnon-modular-include-in-framework-module -Werror\=non-modular-include-in-framework-module -Wno-trigraphs -Wno-missing-field-initializers -Wno-missing-prototypes -Wno-return-type -Wno-missing-braces -Wparentheses -Wswitch -Wno-unused-function -Wno-unused-label -Wno-unused-parameter -Wno-unused-variable -Wunused-value -Wno-empty-body -Wno-uninitialized -Wno-unknown-pragmas -w -Wno-shadow -Wno-four-char-constants -Wno-conversion -Wno-constant-conversion -Wno-int-conversion -Wno-bool-conversion -Wno-enum-conversion -Wno-float-conversion -Wno-non-literal-null-conversion -Wno-objc-literal-conversion -Wshorten-64-to-32 -Wpointer-sign -Wno-newline-eof -Wno-implicit-fallthrough -fstrict-aliasing -Wdeprecated-declarations -Wno-sign-conversion -Wno-infinite-recursion -Wno-comma -Wno-block-capture-autoreleasing -Wno-strict-prototypes -Wno-semicolon-before-method-body -index-store-path /Users/j/Documents/GitHub/MoneroOne/build/Index.noindex/DataStore @/Users/j/Documents/GitHub/MoneroOne/build/Build/Intermediates.noindex/swift-crypto.build/Debug-iphonesimulator/CCryptoBoringSSL.build/Objects-normal/arm64/7187679823f38a2a940e0043cdf9d637-common-args.resp -MMD -MT dependencies -MF /Users/j/Documents/GitHub/MoneroOne/build/Build/Intermediates.noindex/swift-crypto.build/Debug-iphonesimulator/CCryptoBoringSSL.build/Objects-normal/arm64/a_strnid.d --serialize-diagnostics /Users/j/Documents/GitHub/MoneroOne/build/Build/Intermediates.noindex/swift-crypto.build/Debug-iphonesimulator/CCryptoBoringSSL.build/Objects-normal/arm64/a_strnid.dia -c /Users/j/Documents/GitHub/MoneroOne/build/SourcePackages/checkouts/swift-crypto/Sources/CCryptoBoringSSL/crypto/asn1/a_strnid.c -o /Users/j/Documents/GitHub/MoneroOne/build/Build/Intermediates.noindex/swift-crypto.build/Debug-iphonesimulator/CCryptoBoringSSL.build/Objects-normal/arm64/a_strnid.o -index-unit-output-path /swift-crypto.build/Debug-iphonesimulator/CCryptoBoringSSL.build/Objects-normal/arm64/a_strnid.o

CompileC /Users/j/Documents/GitHub/MoneroOne/build/Build/Intermediates.noindex/swift-crypto.build/Debug-iphonesimulator/CCryptoBoringSSL.build/Objects-normal/arm64/add.o /Users/j/Documents/GitHub/MoneroOne/build/SourcePackages/checkouts/swift-crypto/Sources/CCryptoBoringSSL/crypto/fipsmodule/bn/add.c normal arm64 c com.apple.compilers.llvm.clang.1_0.compiler (in target 'CCryptoBoringSSL' from project 'swift-crypto')
    cd /Users/j/Documents/GitHub/MoneroOne/MoneroOne.xcodeproj
    
    Using response file: /Users/j/Documents/GitHub/MoneroOne/build/Build/Intermediates.noindex/swift-crypto.build/Debug-iphonesimulator/CCryptoBoringSSL.build/Objects-normal/arm64/7187679823f38a2a940e0043cdf9d637-common-args.resp
    
    /Applications/Xcode.app/Contents/Developer/Toolchains/XcodeDefault.xctoolchain/usr/bin/clang -x c -ivfsstatcache /Users/j/Documents/GitHub/MoneroOne/build/SDKStatCaches.noindex/iphonesimulator26.1-23B77-90cf18a4295e390e64c810bc6bd7acbc.sdkstatcache -fmessage-length\=0 -fdiagnostics-show-note-include-stack -fmacro-backtrace-limit\=0 -fno-color-diagnostics -fmodules-prune-interval\=86400 -fmodules-prune-after\=345600 -fbuild-session-file\=/Users/j/Documents/GitHub/MoneroOne/build/ModuleCache.noindex/Session.modulevalidation -fmodules-validate-once-per-build-session -Wnon-modular-include-in-framework-module -Werror\=non-modular-include-in-framework-module -Wno-trigraphs -Wno-missing-field-initializers -Wno-missing-prototypes -Wno-return-type -Wno-missing-braces -Wparentheses -Wswitch -Wno-unused-function -Wno-unused-label -Wno-unused-parameter -Wno-unused-variable -Wunused-value -Wno-empty-body -Wno-uninitialized -Wno-unknown-pragmas -w -Wno-shadow -Wno-four-char-constants -Wno-conversion -Wno-constant-conversion -Wno-int-conversion -Wno-bool-conversion -Wno-enum-conversion -Wno-float-conversion -Wno-non-literal-null-conversion -Wno-objc-literal-conversion -Wshorten-64-to-32 -Wpointer-sign -Wno-newline-eof -Wno-implicit-fallthrough -fstrict-aliasing -Wdeprecated-declarations -Wno-sign-conversion -Wno-infinite-recursion -Wno-comma -Wno-block-capture-autoreleasing -Wno-strict-prototypes -Wno-semicolon-before-method-body -index-store-path /Users/j/Documents/GitHub/MoneroOne/build/Index.noindex/DataStore @/Users/j/Documents/GitHub/MoneroOne/build/Build/Intermediates.noindex/swift-crypto.build/Debug-iphonesimulator/CCryptoBoringSSL.build/Objects-normal/arm64/7187679823f38a2a940e0043cdf9d637-common-args.resp -MMD -MT dependencies -MF /Users/j/Documents/GitHub/MoneroOne/build/Build/Intermediates.noindex/swift-crypto.build/Debug-iphonesimulator/CCryptoBoringSSL.build/Objects-normal/arm64/add.d --serialize-diagnostics /Users/j/Documents/GitHub/MoneroOne/build/Build/Intermediates.noindex/swift-crypto.build/Debug-iphonesimulator/CCryptoBoringSSL.build/Objects-normal/arm64/add.dia -c /Users/j/Documents/GitHub/MoneroOne/build/SourcePackages/checkouts/swift-crypto/Sources/CCryptoBoringSSL/crypto/fipsmodule/bn/add.c -o /Users/j/Documents/GitHub/MoneroOne/build/Build/Intermediates.noindex/swift-crypto.build/Debug-iphonesimulator/CCryptoBoringSSL.build/Objects-normal/arm64/add.o -index-unit-output-path /swift-crypto.build/Debug-iphonesimulator/CCryptoBoringSSL.build/Objects-normal/arm64/add.o

CompileC /Users/j/Documents/GitHub/MoneroOne/build/Build/Intermediates.noindex/swift-crypto.build/Debug-iphonesimulator/CCryptoBoringSSL.build/Objects-normal/arm64/aead.o /Users/j/Documents/GitHub/MoneroOne/build/SourcePackages/checkouts/swift-crypto/Sources/CCryptoBoringSSL/crypto/fipsmodule/cipher/aead.c normal arm64 c com.apple.compilers.llvm.clang.1_0.compiler (in target 'CCryptoBoringSSL' from project 'swift-crypto')
    cd /Users/j/Documents/GitHub/MoneroOne/MoneroOne.xcodeproj
    
    Using response file: /Users/j/Documents/GitHub/MoneroOne/build/Build/Intermediates.noindex/swift-crypto.build/Debug-iphonesimulator/CCryptoBoringSSL.build/Objects-normal/arm64/7187679823f38a2a940e0043cdf9d637-common-args.resp
    
    /Applications/Xcode.app/Contents/Developer/Toolchains/XcodeDefault.xctoolchain/usr/bin/clang -x c -ivfsstatcache /Users/j/Documents/GitHub/MoneroOne/build/SDKStatCaches.noindex/iphonesimulator26.1-23B77-90cf18a4295e390e64c810bc6bd7acbc.sdkstatcache -fmessage-length\=0 -fdiagnostics-show-note-include-stack -fmacro-backtrace-limit\=0 -fno-color-diagnostics -fmodules-prune-interval\=86400 -fmodules-prune-after\=345600 -fbuild-session-file\=/Users/j/Documents/GitHub/MoneroOne/build/ModuleCache.noindex/Session.modulevalidation -fmodules-validate-once-per-build-session -Wnon-modular-include-in-framework-module -Werror\=non-modular-include-in-framework-module -Wno-trigraphs -Wno-missing-field-initializers -Wno-missing-prototypes -Wno-return-type -Wno-missing-braces -Wparentheses -Wswitch -Wno-unused-function -Wno-unused-label -Wno-unused-parameter -Wno-unused-variable -Wunused-value -Wno-empty-body -Wno-uninitialized -Wno-unknown-pragmas -w -Wno-shadow -Wno-four-char-constants -Wno-conversion -Wno-constant-conversion -Wno-int-conversion -Wno-bool-conversion -Wno-enum-conversion -Wno-float-conversion -Wno-non-literal-null-conversion -Wno-objc-literal-conversion -Wshorten-64-to-32 -Wpointer-sign -Wno-newline-eof -Wno-implicit-fallthrough -fstrict-aliasing -Wdeprecated-declarations -Wno-sign-conversion -Wno-infinite-recursion -Wno-comma -Wno-block-capture-autoreleasing -Wno-strict-prototypes -Wno-semicolon-before-method-body -index-store-path /Users/j/Documents/GitHub/MoneroOne/build/Index.noindex/DataStore @/Users/j/Documents/GitHub/MoneroOne/build/Build/Intermediates.noindex/swift-crypto.build/Debug-iphonesimulator/CCryptoBoringSSL.build/Objects-normal/arm64/7187679823f38a2a940e0043cdf9d637-common-args.resp -MMD -MT dependencies -MF /Users/j/Documents/GitHub/MoneroOne/build/Build/Intermediates.noindex/swift-crypto.build/Debug-iphonesimulator/CCryptoBoringSSL.build/Objects-normal/arm64/aead.d --serialize-diagnostics /Users/j/Documents/GitHub/MoneroOne/build/Build/Intermediates.noindex/swift-crypto.build/Debug-iphonesimulator/CCryptoBoringSSL.build/Objects-normal/arm64/aead.dia -c /Users/j/Documents/GitHub/MoneroOne/build/SourcePackages/checkouts/swift-crypto/Sources/CCryptoBoringSSL/crypto/fipsmodule/cipher/aead.c -o /Users/j/Documents/GitHub/MoneroOne/build/Build/Intermediates.noindex/swift-crypto.build/Debug-iphonesimulator/CCryptoBoringSSL.build/Objects-normal/arm64/aead.o -index-unit-output-path /swift-crypto.build/Debug-iphonesimulator/CCryptoBoringSSL.build/Objects-normal/arm64/aead.o

CompileC /Users/j/Documents/GitHub/MoneroOne/build/Build/Intermediates.noindex/swift-crypto.build/Debug-iphonesimulator/CCryptoBoringSSL.build/Objects-normal/arm64/a_time.o /Users/j/Documents/GitHub/MoneroOne/build/SourcePackages/checkouts/swift-crypto/Sources/CCryptoBoringSSL/crypto/asn1/a_time.c normal arm64 c com.apple.compilers.llvm.clang.1_0.compiler (in target 'CCryptoBoringSSL' from project 'swift-crypto')
    cd /Users/j/Documents/GitHub/MoneroOne/MoneroOne.xcodeproj
    
    Using response file: /Users/j/Documents/GitHub/MoneroOne/build/Build/Intermediates.noindex/swift-crypto.build/Debug-iphonesimulator/CCryptoBoringSSL.build/Objects-normal/arm64/7187679823f38a2a940e0043cdf9d637-common-args.resp
    
    /Applications/Xcode.app/Contents/Developer/Toolchains/XcodeDefault.xctoolchain/usr/bin/clang -x c -ivfsstatcache /Users/j/Documents/GitHub/MoneroOne/build/SDKStatCaches.noindex/iphonesimulator26.1-23B77-90cf18a4295e390e64c810bc6bd7acbc.sdkstatcache -fmessage-length\=0 -fdiagnostics-show-note-include-stack -fmacro-backtrace-limit\=0 -fno-color-diagnostics -fmodules-prune-interval\=86400 -fmodules-prune-after\=345600 -fbuild-session-file\=/Users/j/Documents/GitHub/MoneroOne/build/ModuleCache.noindex/Session.modulevalidation -fmodules-validate-once-per-build-session -Wnon-modular-include-in-framework-module -Werror\=non-modular-include-in-framework-module -Wno-trigraphs -Wno-missing-field-initializers -Wno-missing-prototypes -Wno-return-type -Wno-missing-braces -Wparentheses -Wswitch -Wno-unused-function -Wno-unused-label -Wno-unused-parameter -Wno-unused-variable -Wunused-value -Wno-empty-body -Wno-uninitialized -Wno-unknown-pragmas -w -Wno-shadow -Wno-four-char-constants -Wno-conversion -Wno-constant-conversion -Wno-int-conversion -Wno-bool-conversion -Wno-enum-conversion -Wno-float-conversion -Wno-non-literal-null-conversion -Wno-objc-literal-conversion -Wshorten-64-to-32 -Wpointer-sign -Wno-newline-eof -Wno-implicit-fallthrough -fstrict-aliasing -Wdeprecated-declarations -Wno-sign-conversion -Wno-infinite-recursion -Wno-comma -Wno-block-capture-autoreleasing -Wno-strict-prototypes -Wno-semicolon-before-method-body -index-store-path /Users/j/Documents/GitHub/MoneroOne/build/Index.noindex/DataStore @/Users/j/Documents/GitHub/MoneroOne/build/Build/Intermediates.noindex/swift-crypto.build/Debug-iphonesimulator/CCryptoBoringSSL.build/Objects-normal/arm64/7187679823f38a2a940e0043cdf9d637-common-args.resp -MMD -MT dependencies -MF /Users/j/Documents/GitHub/MoneroOne/build/Build/Intermediates.noindex/swift-crypto.build/Debug-iphonesimulator/CCryptoBoringSSL.build/Objects-normal/arm64/a_time.d --serialize-diagnostics /Users/j/Documents/GitHub/MoneroOne/build/Build/Intermediates.noindex/swift-crypto.build/Debug-iphonesimulator/CCryptoBoringSSL.build/Objects-normal/arm64/a_time.dia -c /Users/j/Documents/GitHub/MoneroOne/build/SourcePackages/checkouts/swift-crypto/Sources/CCryptoBoringSSL/crypto/asn1/a_time.c -o /Users/j/Documents/GitHub/MoneroOne/build/Build/Intermediates.noindex/swift-crypto.build/Debug-iphonesimulator/CCryptoBoringSSL.build/Objects-normal/arm64/a_time.o -index-unit-output-path /swift-crypto.build/Debug-iphonesimulator/CCryptoBoringSSL.build/Objects-normal/arm64/a_time.o

ScanDependencies /Users/j/Documents/GitHub/MoneroOne/build/Build/Intermediates.noindex/swift-crypto.build/Debug-iphonesimulator/CCryptoBoringSSL.build/Objects-normal/arm64/a_strex.o /Users/j/Documents/GitHub/MoneroOne/build/SourcePackages/checkouts/swift-crypto/Sources/CCryptoBoringSSL/crypto/asn1/a_strex.c normal arm64 c com.apple.compilers.llvm.clang.1_0.compiler (in target 'CCryptoBoringSSL' from project 'swift-crypto')
    cd /Users/j/Documents/GitHub/MoneroOne/MoneroOne.xcodeproj
    
    Using response file: /Users/j/Documents/GitHub/MoneroOne/build/Build/Intermediates.noindex/swift-crypto.build/Debug-iphonesimulator/CCryptoBoringSSL.build/Objects-normal/arm64/7187679823f38a2a940e0043cdf9d637-common-args.resp
    
    builtin-ScanDependencies -o /Users/j/Documents/GitHub/MoneroOne/build/Build/Intermediates.noindex/swift-crypto.build/Debug-iphonesimulator/CCryptoBoringSSL.build/Objects-normal/arm64/a_strex.o.scan -- /Applications/Xcode.app/Contents/Developer/Toolchains/XcodeDefault.xctoolchain/usr/bin/clang -x c -ivfsstatcache /Users/j/Documents/GitHub/MoneroOne/build/SDKStatCaches.noindex/iphonesimulator26.1-23B77-90cf18a4295e390e64c810bc6bd7acbc.sdkstatcache -fmessage-length\=0 -fdiagnostics-show-note-include-stack -fmacro-backtrace-limit\=0 -fno-color-diagnostics -fmodules-prune-interval\=86400 -fmodules-prune-after\=345600 -fbuild-session-file\=/Users/j/Documents/GitHub/MoneroOne/build/ModuleCache.noindex/Session.modulevalidation -fmodules-validate-once-per-build-session -Wnon-modular-include-in-framework-module -Werror\=non-modular-include-in-framework-module -Wno-trigraphs -Wno-missing-field-initializers -Wno-missing-prototypes -Wno-return-type -Wno-missing-braces -Wparentheses -Wswitch -Wno-unused-function -Wno-unused-label -Wno-unused-parameter -Wno-unused-variable -Wunused-value -Wno-empty-body -Wno-uninitialized -Wno-unknown-pragmas -w -Wno-shadow -Wno-four-char-constants -Wno-conversion -Wno-constant-conversion -Wno-int-conversion -Wno-bool-conversion -Wno-enum-conversion -Wno-float-conversion -Wno-non-literal-null-conversion -Wno-objc-literal-conversion -Wshorten-64-to-32 -Wpointer-sign -Wno-newline-eof -Wno-implicit-fallthrough -fstrict-aliasing -Wdeprecated-declarations -Wno-sign-conversion -Wno-infinite-recursion -Wno-comma -Wno-block-capture-autoreleasing -Wno-strict-prototypes -Wno-semicolon-before-method-body -index-store-path /Users/j/Documents/GitHub/MoneroOne/build/Index.noindex/DataStore @/Users/j/Documents/GitHub/MoneroOne/build/Build/Intermediates.noindex/swift-crypto.build/Debug-iphonesimulator/CCryptoBoringSSL.build/Objects-normal/arm64/7187679823f38a2a940e0043cdf9d637-common-args.resp -MMD -MT dependencies -MF /Users/j/Documents/GitHub/MoneroOne/build/Build/Intermediates.noindex/swift-crypto.build/Debug-iphonesimulator/CCryptoBoringSSL.build/Objects-normal/arm64/a_strex.d --serialize-diagnostics /Users/j/Documents/GitHub/MoneroOne/build/Build/Intermediates.noindex/swift-crypto.build/Debug-iphonesimulator/CCryptoBoringSSL.build/Objects-normal/arm64/a_strex.dia -c /Users/j/Documents/GitHub/MoneroOne/build/SourcePackages/checkouts/swift-crypto/Sources/CCryptoBoringSSL/crypto/asn1/a_strex.c -o /Users/j/Documents/GitHub/MoneroOne/build/Build/Intermediates.noindex/swift-crypto.build/Debug-iphonesimulator/CCryptoBoringSSL.build/Objects-normal/arm64/a_strex.o -index-unit-output-path /swift-crypto.build/Debug-iphonesimulator/CCryptoBoringSSL.build/Objects-normal/arm64/a_strex.o

CompileC /Users/j/Documents/GitHub/MoneroOne/build/Build/Intermediates.noindex/swift-crypto.build/Debug-iphonesimulator/CCryptoBoringSSL.build/Objects-normal/arm64/a_utctm.o /Users/j/Documents/GitHub/MoneroOne/build/SourcePackages/checkouts/swift-crypto/Sources/CCryptoBoringSSL/crypto/asn1/a_utctm.c normal arm64 c com.apple.compilers.llvm.clang.1_0.compiler (in target 'CCryptoBoringSSL' from project 'swift-crypto')
    cd /Users/j/Documents/GitHub/MoneroOne/MoneroOne.xcodeproj
    
    Using response file: /Users/j/Documents/GitHub/MoneroOne/build/Build/Intermediates.noindex/swift-crypto.build/Debug-iphonesimulator/CCryptoBoringSSL.build/Objects-normal/arm64/7187679823f38a2a940e0043cdf9d637-common-args.resp
    
    /Applications/Xcode.app/Contents/Developer/Toolchains/XcodeDefault.xctoolchain/usr/bin/clang -x c -ivfsstatcache /Users/j/Documents/GitHub/MoneroOne/build/SDKStatCaches.noindex/iphonesimulator26.1-23B77-90cf18a4295e390e64c810bc6bd7acbc.sdkstatcache -fmessage-length\=0 -fdiagnostics-show-note-include-stack -fmacro-backtrace-limit\=0 -fno-color-diagnostics -fmodules-prune-interval\=86400 -fmodules-prune-after\=345600 -fbuild-session-file\=/Users/j/Documents/GitHub/MoneroOne/build/ModuleCache.noindex/Session.modulevalidation -fmodules-validate-once-per-build-session -Wnon-modular-include-in-framework-module -Werror\=non-modular-include-in-framework-module -Wno-trigraphs -Wno-missing-field-initializers -Wno-missing-prototypes -Wno-return-type -Wno-missing-braces -Wparentheses -Wswitch -Wno-unused-function -Wno-unused-label -Wno-unused-parameter -Wno-unused-variable -Wunused-value -Wno-empty-body -Wno-uninitialized -Wno-unknown-pragmas -w -Wno-shadow -Wno-four-char-constants -Wno-conversion -Wno-constant-conversion -Wno-int-conversion -Wno-bool-conversion -Wno-enum-conversion -Wno-float-conversion -Wno-non-literal-null-conversion -Wno-objc-literal-conversion -Wshorten-64-to-32 -Wpointer-sign -Wno-newline-eof -Wno-implicit-fallthrough -fstrict-aliasing -Wdeprecated-declarations -Wno-sign-conversion -Wno-infinite-recursion -Wno-comma -Wno-block-capture-autoreleasing -Wno-strict-prototypes -Wno-semicolon-before-method-body -index-store-path /Users/j/Documents/GitHub/MoneroOne/build/Index.noindex/DataStore @/Users/j/Documents/GitHub/MoneroOne/build/Build/Intermediates.noindex/swift-crypto.build/Debug-iphonesimulator/CCryptoBoringSSL.build/Objects-normal/arm64/7187679823f38a2a940e0043cdf9d637-common-args.resp -MMD -MT dependencies -MF /Users/j/Documents/GitHub/MoneroOne/build/Build/Intermediates.noindex/swift-crypto.build/Debug-iphonesimulator/CCryptoBoringSSL.build/Objects-normal/arm64/a_utctm.d --serialize-diagnostics /Users/j/Documents/GitHub/MoneroOne/build/Build/Intermediates.noindex/swift-crypto.build/Debug-iphonesimulator/CCryptoBoringSSL.build/Objects-normal/arm64/a_utctm.dia -c /Users/j/Documents/GitHub/MoneroOne/build/SourcePackages/checkouts/swift-crypto/Sources/CCryptoBoringSSL/crypto/asn1/a_utctm.c -o /Users/j/Documents/GitHub/MoneroOne/build/Build/Intermediates.noindex/swift-crypto.build/Debug-iphonesimulator/CCryptoBoringSSL.build/Objects-normal/arm64/a_utctm.o -index-unit-output-path /swift-crypto.build/Debug-iphonesimulator/CCryptoBoringSSL.build/Objects-normal/arm64/a_utctm.o

CompileC /Users/j/Documents/GitHub/MoneroOne/build/Build/Intermediates.noindex/swift-crypto.build/Debug-iphonesimulator/CCryptoBoringSSL.build/Objects-normal/arm64/a_verify.o /Users/j/Documents/GitHub/MoneroOne/build/SourcePackages/checkouts/swift-crypto/Sources/CCryptoBoringSSL/crypto/x509/a_verify.c normal arm64 c com.apple.compilers.llvm.clang.1_0.compiler (in target 'CCryptoBoringSSL' from project 'swift-crypto')
    cd /Users/j/Documents/GitHub/MoneroOne/MoneroOne.xcodeproj
    
    Using response file: /Users/j/Documents/GitHub/MoneroOne/build/Build/Intermediates.noindex/swift-crypto.build/Debug-iphonesimulator/CCryptoBoringSSL.build/Objects-normal/arm64/7187679823f38a2a940e0043cdf9d637-common-args.resp
    
    /Applications/Xcode.app/Contents/Developer/Toolchains/XcodeDefault.xctoolchain/usr/bin/clang -x c -ivfsstatcache /Users/j/Documents/GitHub/MoneroOne/build/SDKStatCaches.noindex/iphonesimulator26.1-23B77-90cf18a4295e390e64c810bc6bd7acbc.sdkstatcache -fmessage-length\=0 -fdiagnostics-show-note-include-stack -fmacro-backtrace-limit\=0 -fno-color-diagnostics -fmodules-prune-interval\=86400 -fmodules-prune-after\=345600 -fbuild-session-file\=/Users/j/Documents/GitHub/MoneroOne/build/ModuleCache.noindex/Session.modulevalidation -fmodules-validate-once-per-build-session -Wnon-modular-include-in-framework-module -Werror\=non-modular-include-in-framework-module -Wno-trigraphs -Wno-missing-field-initializers -Wno-missing-prototypes -Wno-return-type -Wno-missing-braces -Wparentheses -Wswitch -Wno-unused-function -Wno-unused-label -Wno-unused-parameter -Wno-unused-variable -Wunused-value -Wno-empty-body -Wno-uninitialized -Wno-unknown-pragmas -w -Wno-shadow -Wno-four-char-constants -Wno-conversion -Wno-constant-conversion -Wno-int-conversion -Wno-bool-conversion -Wno-enum-conversion -Wno-float-conversion -Wno-non-literal-null-conversion -Wno-objc-literal-conversion -Wshorten-64-to-32 -Wpointer-sign -Wno-newline-eof -Wno-implicit-fallthrough -fstrict-aliasing -Wdeprecated-declarations -Wno-sign-conversion -Wno-infinite-recursion -Wno-comma -Wno-block-capture-autoreleasing -Wno-strict-prototypes -Wno-semicolon-before-method-body -index-store-path /Users/j/Documents/GitHub/MoneroOne/build/Index.noindex/DataStore @/Users/j/Documents/GitHub/MoneroOne/build/Build/Intermediates.noindex/swift-crypto.build/Debug-iphonesimulator/CCryptoBoringSSL.build/Objects-normal/arm64/7187679823f38a2a940e0043cdf9d637-common-args.resp -MMD -MT dependencies -MF /Users/j/Documents/GitHub/MoneroOne/build/Build/Intermediates.noindex/swift-crypto.build/Debug-iphonesimulator/CCryptoBoringSSL.build/Objects-normal/arm64/a_verify.d --serialize-diagnostics /Users/j/Documents/GitHub/MoneroOne/build/Build/Intermediates.noindex/swift-crypto.build/Debug-iphonesimulator/CCryptoBoringSSL.build/Objects-normal/arm64/a_verify.dia -c /Users/j/Documents/GitHub/MoneroOne/build/SourcePackages/checkouts/swift-crypto/Sources/CCryptoBoringSSL/crypto/x509/a_verify.c -o /Users/j/Documents/GitHub/MoneroOne/build/Build/Intermediates.noindex/swift-crypto.build/Debug-iphonesimulator/CCryptoBoringSSL.build/Objects-normal/arm64/a_verify.o -index-unit-output-path /swift-crypto.build/Debug-iphonesimulator/CCryptoBoringSSL.build/Objects-normal/arm64/a_verify.o

CompileC /Users/j/Documents/GitHub/MoneroOne/build/Build/Intermediates.noindex/swift-crypto.build/Debug-iphonesimulator/CCryptoBoringSSL.build/Objects-normal/arm64/a_type.o /Users/j/Documents/GitHub/MoneroOne/build/SourcePackages/checkouts/swift-crypto/Sources/CCryptoBoringSSL/crypto/asn1/a_type.c normal arm64 c com.apple.compilers.llvm.clang.1_0.compiler (in target 'CCryptoBoringSSL' from project 'swift-crypto')
    cd /Users/j/Documents/GitHub/MoneroOne/MoneroOne.xcodeproj
    
    Using response file: /Users/j/Documents/GitHub/MoneroOne/build/Build/Intermediates.noindex/swift-crypto.build/Debug-iphonesimulator/CCryptoBoringSSL.build/Objects-normal/arm64/7187679823f38a2a940e0043cdf9d637-common-args.resp
    
    /Applications/Xcode.app/Contents/Developer/Toolchains/XcodeDefault.xctoolchain/usr/bin/clang -x c -ivfsstatcache /Users/j/Documents/GitHub/MoneroOne/build/SDKStatCaches.noindex/iphonesimulator26.1-23B77-90cf18a4295e390e64c810bc6bd7acbc.sdkstatcache -fmessage-length\=0 -fdiagnostics-show-note-include-stack -fmacro-backtrace-limit\=0 -fno-color-diagnostics -fmodules-prune-interval\=86400 -fmodules-prune-after\=345600 -fbuild-session-file\=/Users/j/Documents/GitHub/MoneroOne/build/ModuleCache.noindex/Session.modulevalidation -fmodules-validate-once-per-build-session -Wnon-modular-include-in-framework-module -Werror\=non-modular-include-in-framework-module -Wno-trigraphs -Wno-missing-field-initializers -Wno-missing-prototypes -Wno-return-type -Wno-missing-braces -Wparentheses -Wswitch -Wno-unused-function -Wno-unused-label -Wno-unused-parameter -Wno-unused-variable -Wunused-value -Wno-empty-body -Wno-uninitialized -Wno-unknown-pragmas -w -Wno-shadow -Wno-four-char-constants -Wno-conversion -Wno-constant-conversion -Wno-int-conversion -Wno-bool-conversion -Wno-enum-conversion -Wno-float-conversion -Wno-non-literal-null-conversion -Wno-objc-literal-conversion -Wshorten-64-to-32 -Wpointer-sign -Wno-newline-eof -Wno-implicit-fallthrough -fstrict-aliasing -Wdeprecated-declarations -Wno-sign-conversion -Wno-infinite-recursion -Wno-comma -Wno-block-capture-autoreleasing -Wno-strict-prototypes -Wno-semicolon-before-method-body -index-store-path /Users/j/Documents/GitHub/MoneroOne/build/Index.noindex/DataStore @/Users/j/Documents/GitHub/MoneroOne/build/Build/Intermediates.noindex/swift-crypto.build/Debug-iphonesimulator/CCryptoBoringSSL.build/Objects-normal/arm64/7187679823f38a2a940e0043cdf9d637-common-args.resp -MMD -MT dependencies -MF /Users/j/Documents/GitHub/MoneroOne/build/Build/Intermediates.noindex/swift-crypto.build/Debug-iphonesimulator/CCryptoBoringSSL.build/Objects-normal/arm64/a_type.d --serialize-diagnostics /Users/j/Documents/GitHub/MoneroOne/build/Build/Intermediates.noindex/swift-crypto.build/Debug-iphonesimulator/CCryptoBoringSSL.build/Objects-normal/arm64/a_type.dia -c /Users/j/Documents/GitHub/MoneroOne/build/SourcePackages/checkouts/swift-crypto/Sources/CCryptoBoringSSL/crypto/asn1/a_type.c -o /Users/j/Documents/GitHub/MoneroOne/build/Build/Intermediates.noindex/swift-crypto.build/Debug-iphonesimulator/CCryptoBoringSSL.build/Objects-normal/arm64/a_type.o -index-unit-output-path /swift-crypto.build/Debug-iphonesimulator/CCryptoBoringSSL.build/Objects-normal/arm64/a_type.o

CompileC /Users/j/Documents/GitHub/MoneroOne/build/Build/Intermediates.noindex/swift-crypto.build/Debug-iphonesimulator/CCryptoBoringSSL.build/Objects-normal/arm64/a_strnid.o /Users/j/Documents/GitHub/MoneroOne/build/SourcePackages/checkouts/swift-crypto/Sources/CCryptoBoringSSL/crypto/asn1/a_strnid.c normal arm64 c com.apple.compilers.llvm.clang.1_0.compiler (in target 'CCryptoBoringSSL' from project 'swift-crypto')
    cd /Users/j/Documents/GitHub/MoneroOne/MoneroOne.xcodeproj
    
    Using response file: /Users/j/Documents/GitHub/MoneroOne/build/Build/Intermediates.noindex/swift-crypto.build/Debug-iphonesimulator/CCryptoBoringSSL.build/Objects-normal/arm64/7187679823f38a2a940e0043cdf9d637-common-args.resp
    
    /Applications/Xcode.app/Contents/Developer/Toolchains/XcodeDefault.xctoolchain/usr/bin/clang -x c -ivfsstatcache /Users/j/Documents/GitHub/MoneroOne/build/SDKStatCaches.noindex/iphonesimulator26.1-23B77-90cf18a4295e390e64c810bc6bd7acbc.sdkstatcache -fmessage-length\=0 -fdiagnostics-show-note-include-stack -fmacro-backtrace-limit\=0 -fno-color-diagnostics -fmodules-prune-interval\=86400 -fmodules-prune-after\=345600 -fbuild-session-file\=/Users/j/Documents/GitHub/MoneroOne/build/ModuleCache.noindex/Session.modulevalidation -fmodules-validate-once-per-build-session -Wnon-modular-include-in-framework-module -Werror\=non-modular-include-in-framework-module -Wno-trigraphs -Wno-missing-field-initializers -Wno-missing-prototypes -Wno-return-type -Wno-missing-braces -Wparentheses -Wswitch -Wno-unused-function -Wno-unused-label -Wno-unused-parameter -Wno-unused-variable -Wunused-value -Wno-empty-body -Wno-uninitialized -Wno-unknown-pragmas -w -Wno-shadow -Wno-four-char-constants -Wno-conversion -Wno-constant-conversion -Wno-int-conversion -Wno-bool-conversion -Wno-enum-conversion -Wno-float-conversion -Wno-non-literal-null-conversion -Wno-objc-literal-conversion -Wshorten-64-to-32 -Wpointer-sign -Wno-newline-eof -Wno-implicit-fallthrough -fstrict-aliasing -Wdeprecated-declarations -Wno-sign-conversion -Wno-infinite-recursion -Wno-comma -Wno-block-capture-autoreleasing -Wno-strict-prototypes -Wno-semicolon-before-method-body -index-store-path /Users/j/Documents/GitHub/MoneroOne/build/Index.noindex/DataStore @/Users/j/Documents/GitHub/MoneroOne/build/Build/Intermediates.noindex/swift-crypto.build/Debug-iphonesimulator/CCryptoBoringSSL.build/Objects-normal/arm64/7187679823f38a2a940e0043cdf9d637-common-args.resp -MMD -MT dependencies -MF /Users/j/Documents/GitHub/MoneroOne/build/Build/Intermediates.noindex/swift-crypto.build/Debug-iphonesimulator/CCryptoBoringSSL.build/Objects-normal/arm64/a_strnid.d --serialize-diagnostics /Users/j/Documents/GitHub/MoneroOne/build/Build/Intermediates.noindex/swift-crypto.build/Debug-iphonesimulator/CCryptoBoringSSL.build/Objects-normal/arm64/a_strnid.dia -c /Users/j/Documents/GitHub/MoneroOne/build/SourcePackages/checkouts/swift-crypto/Sources/CCryptoBoringSSL/crypto/asn1/a_strnid.c -o /Users/j/Documents/GitHub/MoneroOne/build/Build/Intermediates.noindex/swift-crypto.build/Debug-iphonesimulator/CCryptoBoringSSL.build/Objects-normal/arm64/a_strnid.o -index-unit-output-path /swift-crypto.build/Debug-iphonesimulator/CCryptoBoringSSL.build/Objects-normal/arm64/a_strnid.o

ScanDependencies /Users/j/Documents/GitHub/MoneroOne/build/Build/Intermediates.noindex/swift-crypto.build/Debug-iphonesimulator/CCryptoBoringSSL.build/Objects-normal/arm64/a_sign.o /Users/j/Documents/GitHub/MoneroOne/build/SourcePackages/checkouts/swift-crypto/Sources/CCryptoBoringSSL/crypto/x509/a_sign.c normal arm64 c com.apple.compilers.llvm.clang.1_0.compiler (in target 'CCryptoBoringSSL' from project 'swift-crypto')
    cd /Users/j/Documents/GitHub/MoneroOne/MoneroOne.xcodeproj
    
    Using response file: /Users/j/Documents/GitHub/MoneroOne/build/Build/Intermediates.noindex/swift-crypto.build/Debug-iphonesimulator/CCryptoBoringSSL.build/Objects-normal/arm64/7187679823f38a2a940e0043cdf9d637-common-args.resp
    
    builtin-ScanDependencies -o /Users/j/Documents/GitHub/MoneroOne/build/Build/Intermediates.noindex/swift-crypto.build/Debug-iphonesimulator/CCryptoBoringSSL.build/Objects-normal/arm64/a_sign.o.scan -- /Applications/Xcode.app/Contents/Developer/Toolchains/XcodeDefault.xctoolchain/usr/bin/clang -x c -ivfsstatcache /Users/j/Documents/GitHub/MoneroOne/build/SDKStatCaches.noindex/iphonesimulator26.1-23B77-90cf18a4295e390e64c810bc6bd7acbc.sdkstatcache -fmessage-length\=0 -fdiagnostics-show-note-include-stack -fmacro-backtrace-limit\=0 -fno-color-diagnostics -fmodules-prune-interval\=86400 -fmodules-prune-after\=345600 -fbuild-session-file\=/Users/j/Documents/GitHub/MoneroOne/build/ModuleCache.noindex/Session.modulevalidation -fmodules-validate-once-per-build-session -Wnon-modular-include-in-framework-module -Werror\=non-modular-include-in-framework-module -Wno-trigraphs -Wno-missing-field-initializers -Wno-missing-prototypes -Wno-return-type -Wno-missing-braces -Wparentheses -Wswitch -Wno-unused-function -Wno-unused-label -Wno-unused-parameter -Wno-unused-variable -Wunused-value -Wno-empty-body -Wno-uninitialized -Wno-unknown-pragmas -w -Wno-shadow -Wno-four-char-constants -Wno-conversion -Wno-constant-conversion -Wno-int-conversion -Wno-bool-conversion -Wno-enum-conversion -Wno-float-conversion -Wno-non-literal-null-conversion -Wno-objc-literal-conversion -Wshorten-64-to-32 -Wpointer-sign -Wno-newline-eof -Wno-implicit-fallthrough -fstrict-aliasing -Wdeprecated-declarations -Wno-sign-conversion -Wno-infinite-recursion -Wno-comma -Wno-block-capture-autoreleasing -Wno-strict-prototypes -Wno-semicolon-before-method-body -index-store-path /Users/j/Documents/GitHub/MoneroOne/build/Index.noindex/DataStore @/Users/j/Documents/GitHub/MoneroOne/build/Build/Intermediates.noindex/swift-crypto.build/Debug-iphonesimulator/CCryptoBoringSSL.build/Objects-normal/arm64/7187679823f38a2a940e0043cdf9d637-common-args.resp -MMD -MT dependencies -MF /Users/j/Documents/GitHub/MoneroOne/build/Build/Intermediates.noindex/swift-crypto.build/Debug-iphonesimulator/CCryptoBoringSSL.build/Objects-normal/arm64/a_sign.d --serialize-diagnostics /Users/j/Documents/GitHub/MoneroOne/build/Build/Intermediates.noindex/swift-crypto.build/Debug-iphonesimulator/CCryptoBoringSSL.build/Objects-normal/arm64/a_sign.dia -c /Users/j/Documents/GitHub/MoneroOne/build/SourcePackages/checkouts/swift-crypto/Sources/CCryptoBoringSSL/crypto/x509/a_sign.c -o /Users/j/Documents/GitHub/MoneroOne/build/Build/Intermediates.noindex/swift-crypto.build/Debug-iphonesimulator/CCryptoBoringSSL.build/Objects-normal/arm64/a_sign.o -index-unit-output-path /swift-crypto.build/Debug-iphonesimulator/CCryptoBoringSSL.build/Objects-normal/arm64/a_sign.o

CompileC /Users/j/Documents/GitHub/MoneroOne/build/Build/Intermediates.noindex/swift-crypto.build/Debug-iphonesimulator/CCryptoBoringSSL.build/Objects-normal/arm64/a_strex.o /Users/j/Documents/GitHub/MoneroOne/build/SourcePackages/checkouts/swift-crypto/Sources/CCryptoBoringSSL/crypto/asn1/a_strex.c normal arm64 c com.apple.compilers.llvm.clang.1_0.compiler (in target 'CCryptoBoringSSL' from project 'swift-crypto')
    cd /Users/j/Documents/GitHub/MoneroOne/MoneroOne.xcodeproj
    
    Using response file: /Users/j/Documents/GitHub/MoneroOne/build/Build/Intermediates.noindex/swift-crypto.build/Debug-iphonesimulator/CCryptoBoringSSL.build/Objects-normal/arm64/7187679823f38a2a940e0043cdf9d637-common-args.resp
    
    /Applications/Xcode.app/Contents/Developer/Toolchains/XcodeDefault.xctoolchain/usr/bin/clang -x c -ivfsstatcache /Users/j/Documents/GitHub/MoneroOne/build/SDKStatCaches.noindex/iphonesimulator26.1-23B77-90cf18a4295e390e64c810bc6bd7acbc.sdkstatcache -fmessage-length\=0 -fdiagnostics-show-note-include-stack -fmacro-backtrace-limit\=0 -fno-color-diagnostics -fmodules-prune-interval\=86400 -fmodules-prune-after\=345600 -fbuild-session-file\=/Users/j/Documents/GitHub/MoneroOne/build/ModuleCache.noindex/Session.modulevalidation -fmodules-validate-once-per-build-session -Wnon-modular-include-in-framework-module -Werror\=non-modular-include-in-framework-module -Wno-trigraphs -Wno-missing-field-initializers -Wno-missing-prototypes -Wno-return-type -Wno-missing-braces -Wparentheses -Wswitch -Wno-unused-function -Wno-unused-label -Wno-unused-parameter -Wno-unused-variable -Wunused-value -Wno-empty-body -Wno-uninitialized -Wno-unknown-pragmas -w -Wno-shadow -Wno-four-char-constants -Wno-conversion -Wno-constant-conversion -Wno-int-conversion -Wno-bool-conversion -Wno-enum-conversion -Wno-float-conversion -Wno-non-literal-null-conversion -Wno-objc-literal-conversion -Wshorten-64-to-32 -Wpointer-sign -Wno-newline-eof -Wno-implicit-fallthrough -fstrict-aliasing -Wdeprecated-declarations -Wno-sign-conversion -Wno-infinite-recursion -Wno-comma -Wno-block-capture-autoreleasing -Wno-strict-prototypes -Wno-semicolon-before-method-body -index-store-path /Users/j/Documents/GitHub/MoneroOne/build/Index.noindex/DataStore @/Users/j/Documents/GitHub/MoneroOne/build/Build/Intermediates.noindex/swift-crypto.build/Debug-iphonesimulator/CCryptoBoringSSL.build/Objects-normal/arm64/7187679823f38a2a940e0043cdf9d637-common-args.resp -MMD -MT dependencies -MF /Users/j/Documents/GitHub/MoneroOne/build/Build/Intermediates.noindex/swift-crypto.build/Debug-iphonesimulator/CCryptoBoringSSL.build/Objects-normal/arm64/a_strex.d --serialize-diagnostics /Users/j/Documents/GitHub/MoneroOne/build/Build/Intermediates.noindex/swift-crypto.build/Debug-iphonesimulator/CCryptoBoringSSL.build/Objects-normal/arm64/a_strex.dia -c /Users/j/Documents/GitHub/MoneroOne/build/SourcePackages/checkouts/swift-crypto/Sources/CCryptoBoringSSL/crypto/asn1/a_strex.c -o /Users/j/Documents/GitHub/MoneroOne/build/Build/Intermediates.noindex/swift-crypto.build/Debug-iphonesimulator/CCryptoBoringSSL.build/Objects-normal/arm64/a_strex.o -index-unit-output-path /swift-crypto.build/Debug-iphonesimulator/CCryptoBoringSSL.build/Objects-normal/arm64/a_strex.o

ScanDependencies /Users/j/Documents/GitHub/MoneroOne/build/Build/Intermediates.noindex/swift-crypto.build/Debug-iphonesimulator/CCryptoBoringSSL.build/Objects-normal/arm64/a_octet.o /Users/j/Documents/GitHub/MoneroOne/build/SourcePackages/checkouts/swift-crypto/Sources/CCryptoBoringSSL/crypto/asn1/a_octet.c normal arm64 c com.apple.compilers.llvm.clang.1_0.compiler (in target 'CCryptoBoringSSL' from project 'swift-crypto')
    cd /Users/j/Documents/GitHub/MoneroOne/MoneroOne.xcodeproj
    
    Using response file: /Users/j/Documents/GitHub/MoneroOne/build/Build/Intermediates.noindex/swift-crypto.build/Debug-iphonesimulator/CCryptoBoringSSL.build/Objects-normal/arm64/7187679823f38a2a940e0043cdf9d637-common-args.resp
    
    builtin-ScanDependencies -o /Users/j/Documents/GitHub/MoneroOne/build/Build/Intermediates.noindex/swift-crypto.build/Debug-iphonesimulator/CCryptoBoringSSL.build/Objects-normal/arm64/a_octet.o.scan -- /Applications/Xcode.app/Contents/Developer/Toolchains/XcodeDefault.xctoolchain/usr/bin/clang -x c -ivfsstatcache /Users/j/Documents/GitHub/MoneroOne/build/SDKStatCaches.noindex/iphonesimulator26.1-23B77-90cf18a4295e390e64c810bc6bd7acbc.sdkstatcache -fmessage-length\=0 -fdiagnostics-show-note-include-stack -fmacro-backtrace-limit\=0 -fno-color-diagnostics -fmodules-prune-interval\=86400 -fmodules-prune-after\=345600 -fbuild-session-file\=/Users/j/Documents/GitHub/MoneroOne/build/ModuleCache.noindex/Session.modulevalidation -fmodules-validate-once-per-build-session -Wnon-modular-include-in-framework-module -Werror\=non-modular-include-in-framework-module -Wno-trigraphs -Wno-missing-field-initializers -Wno-missing-prototypes -Wno-return-type -Wno-missing-braces -Wparentheses -Wswitch -Wno-unused-function -Wno-unused-label -Wno-unused-parameter -Wno-unused-variable -Wunused-value -Wno-empty-body -Wno-uninitialized -Wno-unknown-pragmas -w -Wno-shadow -Wno-four-char-constants -Wno-conversion -Wno-constant-conversion -Wno-int-conversion -Wno-bool-conversion -Wno-enum-conversion -Wno-float-conversion -Wno-non-literal-null-conversion -Wno-objc-literal-conversion -Wshorten-64-to-32 -Wpointer-sign -Wno-newline-eof -Wno-implicit-fallthrough -fstrict-aliasing -Wdeprecated-declarations -Wno-sign-conversion -Wno-infinite-recursion -Wno-comma -Wno-block-capture-autoreleasing -Wno-strict-prototypes -Wno-semicolon-before-method-body -index-store-path /Users/j/Documents/GitHub/MoneroOne/build/Index.noindex/DataStore @/Users/j/Documents/GitHub/MoneroOne/build/Build/Intermediates.noindex/swift-crypto.build/Debug-iphonesimulator/CCryptoBoringSSL.build/Objects-normal/arm64/7187679823f38a2a940e0043cdf9d637-common-args.resp -MMD -MT dependencies -MF /Users/j/Documents/GitHub/MoneroOne/build/Build/Intermediates.noindex/swift-crypto.build/Debug-iphonesimulator/CCryptoBoringSSL.build/Objects-normal/arm64/a_octet.d --serialize-diagnostics /Users/j/Documents/GitHub/MoneroOne/build/Build/Intermediates.noindex/swift-crypto.build/Debug-iphonesimulator/CCryptoBoringSSL.build/Objects-normal/arm64/a_octet.dia -c /Users/j/Documents/GitHub/MoneroOne/build/SourcePackages/checkouts/swift-crypto/Sources/CCryptoBoringSSL/crypto/asn1/a_octet.c -o /Users/j/Documents/GitHub/MoneroOne/build/Build/Intermediates.noindex/swift-crypto.build/Debug-iphonesimulator/CCryptoBoringSSL.build/Objects-normal/arm64/a_octet.o -index-unit-output-path /swift-crypto.build/Debug-iphonesimulator/CCryptoBoringSSL.build/Objects-normal/arm64/a_octet.o

ScanDependencies /Users/j/Documents/GitHub/MoneroOne/build/Build/Intermediates.noindex/swift-crypto.build/Debug-iphonesimulator/CCryptoBoringSSL.build/Objects-normal/arm64/a_object.o /Users/j/Documents/GitHub/MoneroOne/build/SourcePackages/checkouts/swift-crypto/Sources/CCryptoBoringSSL/crypto/asn1/a_object.c normal arm64 c com.apple.compilers.llvm.clang.1_0.compiler (in target 'CCryptoBoringSSL' from project 'swift-crypto')
    cd /Users/j/Documents/GitHub/MoneroOne/MoneroOne.xcodeproj
    
    Using response file: /Users/j/Documents/GitHub/MoneroOne/build/Build/Intermediates.noindex/swift-crypto.build/Debug-iphonesimulator/CCryptoBoringSSL.build/Objects-normal/arm64/7187679823f38a2a940e0043cdf9d637-common-args.resp
    
    builtin-ScanDependencies -o /Users/j/Documents/GitHub/MoneroOne/build/Build/Intermediates.noindex/swift-crypto.build/Debug-iphonesimulator/CCryptoBoringSSL.build/Objects-normal/arm64/a_object.o.scan -- /Applications/Xcode.app/Contents/Developer/Toolchains/XcodeDefault.xctoolchain/usr/bin/clang -x c -ivfsstatcache /Users/j/Documents/GitHub/MoneroOne/build/SDKStatCaches.noindex/iphonesimulator26.1-23B77-90cf18a4295e390e64c810bc6bd7acbc.sdkstatcache -fmessage-length\=0 -fdiagnostics-show-note-include-stack -fmacro-backtrace-limit\=0 -fno-color-diagnostics -fmodules-prune-interval\=86400 -fmodules-prune-after\=345600 -fbuild-session-file\=/Users/j/Documents/GitHub/MoneroOne/build/ModuleCache.noindex/Session.modulevalidation -fmodules-validate-once-per-build-session -Wnon-modular-include-in-framework-module -Werror\=non-modular-include-in-framework-module -Wno-trigraphs -Wno-missing-field-initializers -Wno-missing-prototypes -Wno-return-type -Wno-missing-braces -Wparentheses -Wswitch -Wno-unused-function -Wno-unused-label -Wno-unused-parameter -Wno-unused-variable -Wunused-value -Wno-empty-body -Wno-uninitialized -Wno-unknown-pragmas -w -Wno-shadow -Wno-four-char-constants -Wno-conversion -Wno-constant-conversion -Wno-int-conversion -Wno-bool-conversion -Wno-enum-conversion -Wno-float-conversion -Wno-non-literal-null-conversion -Wno-objc-literal-conversion -Wshorten-64-to-32 -Wpointer-sign -Wno-newline-eof -Wno-implicit-fallthrough -fstrict-aliasing -Wdeprecated-declarations -Wno-sign-conversion -Wno-infinite-recursion -Wno-comma -Wno-block-capture-autoreleasing -Wno-strict-prototypes -Wno-semicolon-before-method-body -index-store-path /Users/j/Documents/GitHub/MoneroOne/build/Index.noindex/DataStore @/Users/j/Documents/GitHub/MoneroOne/build/Build/Intermediates.noindex/swift-crypto.build/Debug-iphonesimulator/CCryptoBoringSSL.build/Objects-normal/arm64/7187679823f38a2a940e0043cdf9d637-common-args.resp -MMD -MT dependencies -MF /Users/j/Documents/GitHub/MoneroOne/build/Build/Intermediates.noindex/swift-crypto.build/Debug-iphonesimulator/CCryptoBoringSSL.build/Objects-normal/arm64/a_object.d --serialize-diagnostics /Users/j/Documents/GitHub/MoneroOne/build/Build/Intermediates.noindex/swift-crypto.build/Debug-iphonesimulator/CCryptoBoringSSL.build/Objects-normal/arm64/a_object.dia -c /Users/j/Documents/GitHub/MoneroOne/build/SourcePackages/checkouts/swift-crypto/Sources/CCryptoBoringSSL/crypto/asn1/a_object.c -o /Users/j/Documents/GitHub/MoneroOne/build/Build/Intermediates.noindex/swift-crypto.build/Debug-iphonesimulator/CCryptoBoringSSL.build/Objects-normal/arm64/a_object.o -index-unit-output-path /swift-crypto.build/Debug-iphonesimulator/CCryptoBoringSSL.build/Objects-normal/arm64/a_object.o

ScanDependencies /Users/j/Documents/GitHub/MoneroOne/build/Build/Intermediates.noindex/swift-crypto.build/Debug-iphonesimulator/CCryptoBoringSSL.build/Objects-normal/arm64/a_mbstr.o /Users/j/Documents/GitHub/MoneroOne/build/SourcePackages/checkouts/swift-crypto/Sources/CCryptoBoringSSL/crypto/asn1/a_mbstr.c normal arm64 c com.apple.compilers.llvm.clang.1_0.compiler (in target 'CCryptoBoringSSL' from project 'swift-crypto')
    cd /Users/j/Documents/GitHub/MoneroOne/MoneroOne.xcodeproj
    
    Using response file: /Users/j/Documents/GitHub/MoneroOne/build/Build/Intermediates.noindex/swift-crypto.build/Debug-iphonesimulator/CCryptoBoringSSL.build/Objects-normal/arm64/7187679823f38a2a940e0043cdf9d637-common-args.resp
    
    builtin-ScanDependencies -o /Users/j/Documents/GitHub/MoneroOne/build/Build/Intermediates.noindex/swift-crypto.build/Debug-iphonesimulator/CCryptoBoringSSL.build/Objects-normal/arm64/a_mbstr.o.scan -- /Applications/Xcode.app/Contents/Developer/Toolchains/XcodeDefault.xctoolchain/usr/bin/clang -x c -ivfsstatcache /Users/j/Documents/GitHub/MoneroOne/build/SDKStatCaches.noindex/iphonesimulator26.1-23B77-90cf18a4295e390e64c810bc6bd7acbc.sdkstatcache -fmessage-length\=0 -fdiagnostics-show-note-include-stack -fmacro-backtrace-limit\=0 -fno-color-diagnostics -fmodules-prune-interval\=86400 -fmodules-prune-after\=345600 -fbuild-session-file\=/Users/j/Documents/GitHub/MoneroOne/build/ModuleCache.noindex/Session.modulevalidation -fmodules-validate-once-per-build-session -Wnon-modular-include-in-framework-module -Werror\=non-modular-include-in-framework-module -Wno-trigraphs -Wno-missing-field-initializers -Wno-missing-prototypes -Wno-return-type -Wno-missing-braces -Wparentheses -Wswitch -Wno-unused-function -Wno-unused-label -Wno-unused-parameter -Wno-unused-variable -Wunused-value -Wno-empty-body -Wno-uninitialized -Wno-unknown-pragmas -w -Wno-shadow -Wno-four-char-constants -Wno-conversion -Wno-constant-conversion -Wno-int-conversion -Wno-bool-conversion -Wno-enum-conversion -Wno-float-conversion -Wno-non-literal-null-conversion -Wno-objc-literal-conversion -Wshorten-64-to-32 -Wpointer-sign -Wno-newline-eof -Wno-implicit-fallthrough -fstrict-aliasing -Wdeprecated-declarations -Wno-sign-conversion -Wno-infinite-recursion -Wno-comma -Wno-block-capture-autoreleasing -Wno-strict-prototypes -Wno-semicolon-before-method-body -index-store-path /Users/j/Documents/GitHub/MoneroOne/build/Index.noindex/DataStore @/Users/j/Documents/GitHub/MoneroOne/build/Build/Intermediates.noindex/swift-crypto.build/Debug-iphonesimulator/CCryptoBoringSSL.build/Objects-normal/arm64/7187679823f38a2a940e0043cdf9d637-common-args.resp -MMD -MT dependencies -MF /Users/j/Documents/GitHub/MoneroOne/build/Build/Intermediates.noindex/swift-crypto.build/Debug-iphonesimulator/CCryptoBoringSSL.build/Objects-normal/arm64/a_mbstr.d --serialize-diagnostics /Users/j/Documents/GitHub/MoneroOne/build/Build/Intermediates.noindex/swift-crypto.build/Debug-iphonesimulator/CCryptoBoringSSL.build/Objects-normal/arm64/a_mbstr.dia -c /Users/j/Documents/GitHub/MoneroOne/build/SourcePackages/checkouts/swift-crypto/Sources/CCryptoBoringSSL/crypto/asn1/a_mbstr.c -o /Users/j/Documents/GitHub/MoneroOne/build/Build/Intermediates.noindex/swift-crypto.build/Debug-iphonesimulator/CCryptoBoringSSL.build/Objects-normal/arm64/a_mbstr.o -index-unit-output-path /swift-crypto.build/Debug-iphonesimulator/CCryptoBoringSSL.build/Objects-normal/arm64/a_mbstr.o

ScanDependencies /Users/j/Documents/GitHub/MoneroOne/build/Build/Intermediates.noindex/swift-crypto.build/Debug-iphonesimulator/CCryptoBoringSSL.build/Objects-normal/arm64/a_int.o /Users/j/Documents/GitHub/MoneroOne/build/SourcePackages/checkouts/swift-crypto/Sources/CCryptoBoringSSL/crypto/asn1/a_int.c normal arm64 c com.apple.compilers.llvm.clang.1_0.compiler (in target 'CCryptoBoringSSL' from project 'swift-crypto')
    cd /Users/j/Documents/GitHub/MoneroOne/MoneroOne.xcodeproj
    
    Using response file: /Users/j/Documents/GitHub/MoneroOne/build/Build/Intermediates.noindex/swift-crypto.build/Debug-iphonesimulator/CCryptoBoringSSL.build/Objects-normal/arm64/7187679823f38a2a940e0043cdf9d637-common-args.resp
    
    builtin-ScanDependencies -o /Users/j/Documents/GitHub/MoneroOne/build/Build/Intermediates.noindex/swift-crypto.build/Debug-iphonesimulator/CCryptoBoringSSL.build/Objects-normal/arm64/a_int.o.scan -- /Applications/Xcode.app/Contents/Developer/Toolchains/XcodeDefault.xctoolchain/usr/bin/clang -x c -ivfsstatcache /Users/j/Documents/GitHub/MoneroOne/build/SDKStatCaches.noindex/iphonesimulator26.1-23B77-90cf18a4295e390e64c810bc6bd7acbc.sdkstatcache -fmessage-length\=0 -fdiagnostics-show-note-include-stack -fmacro-backtrace-limit\=0 -fno-color-diagnostics -fmodules-prune-interval\=86400 -fmodules-prune-after\=345600 -fbuild-session-file\=/Users/j/Documents/GitHub/MoneroOne/build/ModuleCache.noindex/Session.modulevalidation -fmodules-validate-once-per-build-session -Wnon-modular-include-in-framework-module -Werror\=non-modular-include-in-framework-module -Wno-trigraphs -Wno-missing-field-initializers -Wno-missing-prototypes -Wno-return-type -Wno-missing-braces -Wparentheses -Wswitch -Wno-unused-function -Wno-unused-label -Wno-unused-parameter -Wno-unused-variable -Wunused-value -Wno-empty-body -Wno-uninitialized -Wno-unknown-pragmas -w -Wno-shadow -Wno-four-char-constants -Wno-conversion -Wno-constant-conversion -Wno-int-conversion -Wno-bool-conversion -Wno-enum-conversion -Wno-float-conversion -Wno-non-literal-null-conversion -Wno-objc-literal-conversion -Wshorten-64-to-32 -Wpointer-sign -Wno-newline-eof -Wno-implicit-fallthrough -fstrict-aliasing -Wdeprecated-declarations -Wno-sign-conversion -Wno-infinite-recursion -Wno-comma -Wno-block-capture-autoreleasing -Wno-strict-prototypes -Wno-semicolon-before-method-body -index-store-path /Users/j/Documents/GitHub/MoneroOne/build/Index.noindex/DataStore @/Users/j/Documents/GitHub/MoneroOne/build/Build/Intermediates.noindex/swift-crypto.build/Debug-iphonesimulator/CCryptoBoringSSL.build/Objects-normal/arm64/7187679823f38a2a940e0043cdf9d637-common-args.resp -MMD -MT dependencies -MF /Users/j/Documents/GitHub/MoneroOne/build/Build/Intermediates.noindex/swift-crypto.build/Debug-iphonesimulator/CCryptoBoringSSL.build/Objects-normal/arm64/a_int.d --serialize-diagnostics /Users/j/Documents/GitHub/MoneroOne/build/Build/Intermediates.noindex/swift-crypto.build/Debug-iphonesimulator/CCryptoBoringSSL.build/Objects-normal/arm64/a_int.dia -c /Users/j/Documents/GitHub/MoneroOne/build/SourcePackages/checkouts/swift-crypto/Sources/CCryptoBoringSSL/crypto/asn1/a_int.c -o /Users/j/Documents/GitHub/MoneroOne/build/Build/Intermediates.noindex/swift-crypto.build/Debug-iphonesimulator/CCryptoBoringSSL.build/Objects-normal/arm64/a_int.o -index-unit-output-path /swift-crypto.build/Debug-iphonesimulator/CCryptoBoringSSL.build/Objects-normal/arm64/a_int.o

ScanDependencies /Users/j/Documents/GitHub/MoneroOne/build/Build/Intermediates.noindex/swift-crypto.build/Debug-iphonesimulator/CCryptoBoringSSL.build/Objects-normal/arm64/a_i2d_fp.o /Users/j/Documents/GitHub/MoneroOne/build/SourcePackages/checkouts/swift-crypto/Sources/CCryptoBoringSSL/crypto/asn1/a_i2d_fp.c normal arm64 c com.apple.compilers.llvm.clang.1_0.compiler (in target 'CCryptoBoringSSL' from project 'swift-crypto')
    cd /Users/j/Documents/GitHub/MoneroOne/MoneroOne.xcodeproj
    
    Using response file: /Users/j/Documents/GitHub/MoneroOne/build/Build/Intermediates.noindex/swift-crypto.build/Debug-iphonesimulator/CCryptoBoringSSL.build/Objects-normal/arm64/7187679823f38a2a940e0043cdf9d637-common-args.resp
    
    builtin-ScanDependencies -o /Users/j/Documents/GitHub/MoneroOne/build/Build/Intermediates.noindex/swift-crypto.build/Debug-iphonesimulator/CCryptoBoringSSL.build/Objects-normal/arm64/a_i2d_fp.o.scan -- /Applications/Xcode.app/Contents/Developer/Toolchains/XcodeDefault.xctoolchain/usr/bin/clang -x c -ivfsstatcache /Users/j/Documents/GitHub/MoneroOne/build/SDKStatCaches.noindex/iphonesimulator26.1-23B77-90cf18a4295e390e64c810bc6bd7acbc.sdkstatcache -fmessage-length\=0 -fdiagnostics-show-note-include-stack -fmacro-backtrace-limit\=0 -fno-color-diagnostics -fmodules-prune-interval\=86400 -fmodules-prune-after\=345600 -fbuild-session-file\=/Users/j/Documents/GitHub/MoneroOne/build/ModuleCache.noindex/Session.modulevalidation -fmodules-validate-once-per-build-session -Wnon-modular-include-in-framework-module -Werror\=non-modular-include-in-framework-module -Wno-trigraphs -Wno-missing-field-initializers -Wno-missing-prototypes -Wno-return-type -Wno-missing-braces -Wparentheses -Wswitch -Wno-unused-function -Wno-unused-label -Wno-unused-parameter -Wno-unused-variable -Wunused-value -Wno-empty-body -Wno-uninitialized -Wno-unknown-pragmas -w -Wno-shadow -Wno-four-char-constants -Wno-conversion -Wno-constant-conversion -Wno-int-conversion -Wno-bool-conversion -Wno-enum-conversion -Wno-float-conversion -Wno-non-literal-null-conversion -Wno-objc-literal-conversion -Wshorten-64-to-32 -Wpointer-sign -Wno-newline-eof -Wno-implicit-fallthrough -fstrict-aliasing -Wdeprecated-declarations -Wno-sign-conversion -Wno-infinite-recursion -Wno-comma -Wno-block-capture-autoreleasing -Wno-strict-prototypes -Wno-semicolon-before-method-body -index-store-path /Users/j/Documents/GitHub/MoneroOne/build/Index.noindex/DataStore @/Users/j/Documents/GitHub/MoneroOne/build/Build/Intermediates.noindex/swift-crypto.build/Debug-iphonesimulator/CCryptoBoringSSL.build/Objects-normal/arm64/7187679823f38a2a940e0043cdf9d637-common-args.resp -MMD -MT dependencies -MF /Users/j/Documents/GitHub/MoneroOne/build/Build/Intermediates.noindex/swift-crypto.build/Debug-iphonesimulator/CCryptoBoringSSL.build/Objects-normal/arm64/a_i2d_fp.d --serialize-diagnostics /Users/j/Documents/GitHub/MoneroOne/build/Build/Intermediates.noindex/swift-crypto.build/Debug-iphonesimulator/CCryptoBoringSSL.build/Objects-normal/arm64/a_i2d_fp.dia -c /Users/j/Documents/GitHub/MoneroOne/build/SourcePackages/checkouts/swift-crypto/Sources/CCryptoBoringSSL/crypto/asn1/a_i2d_fp.c -o /Users/j/Documents/GitHub/MoneroOne/build/Build/Intermediates.noindex/swift-crypto.build/Debug-iphonesimulator/CCryptoBoringSSL.build/Objects-normal/arm64/a_i2d_fp.o -index-unit-output-path /swift-crypto.build/Debug-iphonesimulator/CCryptoBoringSSL.build/Objects-normal/arm64/a_i2d_fp.o

ScanDependencies /Users/j/Documents/GitHub/MoneroOne/build/Build/Intermediates.noindex/swift-crypto.build/Debug-iphonesimulator/CCryptoBoringSSL.build/Objects-normal/arm64/a_gentm.o /Users/j/Documents/GitHub/MoneroOne/build/SourcePackages/checkouts/swift-crypto/Sources/CCryptoBoringSSL/crypto/asn1/a_gentm.c normal arm64 c com.apple.compilers.llvm.clang.1_0.compiler (in target 'CCryptoBoringSSL' from project 'swift-crypto')
    cd /Users/j/Documents/GitHub/MoneroOne/MoneroOne.xcodeproj
    
    Using response file: /Users/j/Documents/GitHub/MoneroOne/build/Build/Intermediates.noindex/swift-crypto.build/Debug-iphonesimulator/CCryptoBoringSSL.build/Objects-normal/arm64/7187679823f38a2a940e0043cdf9d637-common-args.resp
    
    builtin-ScanDependencies -o /Users/j/Documents/GitHub/MoneroOne/build/Build/Intermediates.noindex/swift-crypto.build/Debug-iphonesimulator/CCryptoBoringSSL.build/Objects-normal/arm64/a_gentm.o.scan -- /Applications/Xcode.app/Contents/Developer/Toolchains/XcodeDefault.xctoolchain/usr/bin/clang -x c -ivfsstatcache /Users/j/Documents/GitHub/MoneroOne/build/SDKStatCaches.noindex/iphonesimulator26.1-23B77-90cf18a4295e390e64c810bc6bd7acbc.sdkstatcache -fmessage-length\=0 -fdiagnostics-show-note-include-stack -fmacro-backtrace-limit\=0 -fno-color-diagnostics -fmodules-prune-interval\=86400 -fmodules-prune-after\=345600 -fbuild-session-file\=/Users/j/Documents/GitHub/MoneroOne/build/ModuleCache.noindex/Session.modulevalidation -fmodules-validate-once-per-build-session -Wnon-modular-include-in-framework-module -Werror\=non-modular-include-in-framework-module -Wno-trigraphs -Wno-missing-field-initializers -Wno-missing-prototypes -Wno-return-type -Wno-missing-braces -Wparentheses -Wswitch -Wno-unused-function -Wno-unused-label -Wno-unused-parameter -Wno-unused-variable -Wunused-value -Wno-empty-body -Wno-uninitialized -Wno-unknown-pragmas -w -Wno-shadow -Wno-four-char-constants -Wno-conversion -Wno-constant-conversion -Wno-int-conversion -Wno-bool-conversion -Wno-enum-conversion -Wno-float-conversion -Wno-non-literal-null-conversion -Wno-objc-literal-conversion -Wshorten-64-to-32 -Wpointer-sign -Wno-newline-eof -Wno-implicit-fallthrough -fstrict-aliasing -Wdeprecated-declarations -Wno-sign-conversion -Wno-infinite-recursion -Wno-comma -Wno-block-capture-autoreleasing -Wno-strict-prototypes -Wno-semicolon-before-method-body -index-store-path /Users/j/Documents/GitHub/MoneroOne/build/Index.noindex/DataStore @/Users/j/Documents/GitHub/MoneroOne/build/Build/Intermediates.noindex/swift-crypto.build/Debug-iphonesimulator/CCryptoBoringSSL.build/Objects-normal/arm64/7187679823f38a2a940e0043cdf9d637-common-args.resp -MMD -MT dependencies -MF /Users/j/Documents/GitHub/MoneroOne/build/Build/Intermediates.noindex/swift-crypto.build/Debug-iphonesimulator/CCryptoBoringSSL.build/Objects-normal/arm64/a_gentm.d --serialize-diagnostics /Users/j/Documents/GitHub/MoneroOne/build/Build/Intermediates.noindex/swift-crypto.build/Debug-iphonesimulator/CCryptoBoringSSL.build/Objects-normal/arm64/a_gentm.dia -c /Users/j/Documents/GitHub/MoneroOne/build/SourcePackages/checkouts/swift-crypto/Sources/CCryptoBoringSSL/crypto/asn1/a_gentm.c -o /Users/j/Documents/GitHub/MoneroOne/build/Build/Intermediates.noindex/swift-crypto.build/Debug-iphonesimulator/CCryptoBoringSSL.build/Objects-normal/arm64/a_gentm.o -index-unit-output-path /swift-crypto.build/Debug-iphonesimulator/CCryptoBoringSSL.build/Objects-normal/arm64/a_gentm.o

ScanDependencies /Users/j/Documents/GitHub/MoneroOne/build/Build/Intermediates.noindex/swift-crypto.build/Debug-iphonesimulator/CCryptoBoringSSL.build/Objects-normal/arm64/a_dup.o /Users/j/Documents/GitHub/MoneroOne/build/SourcePackages/checkouts/swift-crypto/Sources/CCryptoBoringSSL/crypto/asn1/a_dup.c normal arm64 c com.apple.compilers.llvm.clang.1_0.compiler (in target 'CCryptoBoringSSL' from project 'swift-crypto')
    cd /Users/j/Documents/GitHub/MoneroOne/MoneroOne.xcodeproj
    
    Using response file: /Users/j/Documents/GitHub/MoneroOne/build/Build/Intermediates.noindex/swift-crypto.build/Debug-iphonesimulator/CCryptoBoringSSL.build/Objects-normal/arm64/7187679823f38a2a940e0043cdf9d637-common-args.resp
    
    builtin-ScanDependencies -o /Users/j/Documents/GitHub/MoneroOne/build/Build/Intermediates.noindex/swift-crypto.build/Debug-iphonesimulator/CCryptoBoringSSL.build/Objects-normal/arm64/a_dup.o.scan -- /Applications/Xcode.app/Contents/Developer/Toolchains/XcodeDefault.xctoolchain/usr/bin/clang -x c -ivfsstatcache /Users/j/Documents/GitHub/MoneroOne/build/SDKStatCaches.noindex/iphonesimulator26.1-23B77-90cf18a4295e390e64c810bc6bd7acbc.sdkstatcache -fmessage-length\=0 -fdiagnostics-show-note-include-stack -fmacro-backtrace-limit\=0 -fno-color-diagnostics -fmodules-prune-interval\=86400 -fmodules-prune-after\=345600 -fbuild-session-file\=/Users/j/Documents/GitHub/MoneroOne/build/ModuleCache.noindex/Session.modulevalidation -fmodules-validate-once-per-build-session -Wnon-modular-include-in-framework-module -Werror\=non-modular-include-in-framework-module -Wno-trigraphs -Wno-missing-field-initializers -Wno-missing-prototypes -Wno-return-type -Wno-missing-braces -Wparentheses -Wswitch -Wno-unused-function -Wno-unused-label -Wno-unused-parameter -Wno-unused-variable -Wunused-value -Wno-empty-body -Wno-uninitialized -Wno-unknown-pragmas -w -Wno-shadow -Wno-four-char-constants -Wno-conversion -Wno-constant-conversion -Wno-int-conversion -Wno-bool-conversion -Wno-enum-conversion -Wno-float-conversion -Wno-non-literal-null-conversion -Wno-objc-literal-conversion -Wshorten-64-to-32 -Wpointer-sign -Wno-newline-eof -Wno-implicit-fallthrough -fstrict-aliasing -Wdeprecated-declarations -Wno-sign-conversion -Wno-infinite-recursion -Wno-comma -Wno-block-capture-autoreleasing -Wno-strict-prototypes -Wno-semicolon-before-method-body -index-store-path /Users/j/Documents/GitHub/MoneroOne/build/Index.noindex/DataStore @/Users/j/Documents/GitHub/MoneroOne/build/Build/Intermediates.noindex/swift-crypto.build/Debug-iphonesimulator/CCryptoBoringSSL.build/Objects-normal/arm64/7187679823f38a2a940e0043cdf9d637-common-args.resp -MMD -MT dependencies -MF /Users/j/Documents/GitHub/MoneroOne/build/Build/Intermediates.noindex/swift-crypto.build/Debug-iphonesimulator/CCryptoBoringSSL.build/Objects-normal/arm64/a_dup.d --serialize-diagnostics /Users/j/Documents/GitHub/MoneroOne/build/Build/Intermediates.noindex/swift-crypto.build/Debug-iphonesimulator/CCryptoBoringSSL.build/Objects-normal/arm64/a_dup.dia -c /Users/j/Documents/GitHub/MoneroOne/build/SourcePackages/checkouts/swift-crypto/Sources/CCryptoBoringSSL/crypto/asn1/a_dup.c -o /Users/j/Documents/GitHub/MoneroOne/build/Build/Intermediates.noindex/swift-crypto.build/Debug-iphonesimulator/CCryptoBoringSSL.build/Objects-normal/arm64/a_dup.o -index-unit-output-path /swift-crypto.build/Debug-iphonesimulator/CCryptoBoringSSL.build/Objects-normal/arm64/a_dup.o

CompileC /Users/j/Documents/GitHub/MoneroOne/build/Build/Intermediates.noindex/swift-crypto.build/Debug-iphonesimulator/CCryptoBoringSSL.build/Objects-normal/arm64/a_octet.o /Users/j/Documents/GitHub/MoneroOne/build/SourcePackages/checkouts/swift-crypto/Sources/CCryptoBoringSSL/crypto/asn1/a_octet.c normal arm64 c com.apple.compilers.llvm.clang.1_0.compiler (in target 'CCryptoBoringSSL' from project 'swift-crypto')
    cd /Users/j/Documents/GitHub/MoneroOne/MoneroOne.xcodeproj
    
    Using response file: /Users/j/Documents/GitHub/MoneroOne/build/Build/Intermediates.noindex/swift-crypto.build/Debug-iphonesimulator/CCryptoBoringSSL.build/Objects-normal/arm64/7187679823f38a2a940e0043cdf9d637-common-args.resp
    
    /Applications/Xcode.app/Contents/Developer/Toolchains/XcodeDefault.xctoolchain/usr/bin/clang -x c -ivfsstatcache /Users/j/Documents/GitHub/MoneroOne/build/SDKStatCaches.noindex/iphonesimulator26.1-23B77-90cf18a4295e390e64c810bc6bd7acbc.sdkstatcache -fmessage-length\=0 -fdiagnostics-show-note-include-stack -fmacro-backtrace-limit\=0 -fno-color-diagnostics -fmodules-prune-interval\=86400 -fmodules-prune-after\=345600 -fbuild-session-file\=/Users/j/Documents/GitHub/MoneroOne/build/ModuleCache.noindex/Session.modulevalidation -fmodules-validate-once-per-build-session -Wnon-modular-include-in-framework-module -Werror\=non-modular-include-in-framework-module -Wno-trigraphs -Wno-missing-field-initializers -Wno-missing-prototypes -Wno-return-type -Wno-missing-braces -Wparentheses -Wswitch -Wno-unused-function -Wno-unused-label -Wno-unused-parameter -Wno-unused-variable -Wunused-value -Wno-empty-body -Wno-uninitialized -Wno-unknown-pragmas -w -Wno-shadow -Wno-four-char-constants -Wno-conversion -Wno-constant-conversion -Wno-int-conversion -Wno-bool-conversion -Wno-enum-conversion -Wno-float-conversion -Wno-non-literal-null-conversion -Wno-objc-literal-conversion -Wshorten-64-to-32 -Wpointer-sign -Wno-newline-eof -Wno-implicit-fallthrough -fstrict-aliasing -Wdeprecated-declarations -Wno-sign-conversion -Wno-infinite-recursion -Wno-comma -Wno-block-capture-autoreleasing -Wno-strict-prototypes -Wno-semicolon-before-method-body -index-store-path /Users/j/Documents/GitHub/MoneroOne/build/Index.noindex/DataStore @/Users/j/Documents/GitHub/MoneroOne/build/Build/Intermediates.noindex/swift-crypto.build/Debug-iphonesimulator/CCryptoBoringSSL.build/Objects-normal/arm64/7187679823f38a2a940e0043cdf9d637-common-args.resp -MMD -MT dependencies -MF /Users/j/Documents/GitHub/MoneroOne/build/Build/Intermediates.noindex/swift-crypto.build/Debug-iphonesimulator/CCryptoBoringSSL.build/Objects-normal/arm64/a_octet.d --serialize-diagnostics /Users/j/Documents/GitHub/MoneroOne/build/Build/Intermediates.noindex/swift-crypto.build/Debug-iphonesimulator/CCryptoBoringSSL.build/Objects-normal/arm64/a_octet.dia -c /Users/j/Documents/GitHub/MoneroOne/build/SourcePackages/checkouts/swift-crypto/Sources/CCryptoBoringSSL/crypto/asn1/a_octet.c -o /Users/j/Documents/GitHub/MoneroOne/build/Build/Intermediates.noindex/swift-crypto.build/Debug-iphonesimulator/CCryptoBoringSSL.build/Objects-normal/arm64/a_octet.o -index-unit-output-path /swift-crypto.build/Debug-iphonesimulator/CCryptoBoringSSL.build/Objects-normal/arm64/a_octet.o

CompileC /Users/j/Documents/GitHub/MoneroOne/build/Build/Intermediates.noindex/swift-crypto.build/Debug-iphonesimulator/CCryptoBoringSSL.build/Objects-normal/arm64/a_mbstr.o /Users/j/Documents/GitHub/MoneroOne/build/SourcePackages/checkouts/swift-crypto/Sources/CCryptoBoringSSL/crypto/asn1/a_mbstr.c normal arm64 c com.apple.compilers.llvm.clang.1_0.compiler (in target 'CCryptoBoringSSL' from project 'swift-crypto')
    cd /Users/j/Documents/GitHub/MoneroOne/MoneroOne.xcodeproj
    
    Using response file: /Users/j/Documents/GitHub/MoneroOne/build/Build/Intermediates.noindex/swift-crypto.build/Debug-iphonesimulator/CCryptoBoringSSL.build/Objects-normal/arm64/7187679823f38a2a940e0043cdf9d637-common-args.resp
    
    /Applications/Xcode.app/Contents/Developer/Toolchains/XcodeDefault.xctoolchain/usr/bin/clang -x c -ivfsstatcache /Users/j/Documents/GitHub/MoneroOne/build/SDKStatCaches.noindex/iphonesimulator26.1-23B77-90cf18a4295e390e64c810bc6bd7acbc.sdkstatcache -fmessage-length\=0 -fdiagnostics-show-note-include-stack -fmacro-backtrace-limit\=0 -fno-color-diagnostics -fmodules-prune-interval\=86400 -fmodules-prune-after\=345600 -fbuild-session-file\=/Users/j/Documents/GitHub/MoneroOne/build/ModuleCache.noindex/Session.modulevalidation -fmodules-validate-once-per-build-session -Wnon-modular-include-in-framework-module -Werror\=non-modular-include-in-framework-module -Wno-trigraphs -Wno-missing-field-initializers -Wno-missing-prototypes -Wno-return-type -Wno-missing-braces -Wparentheses -Wswitch -Wno-unused-function -Wno-unused-label -Wno-unused-parameter -Wno-unused-variable -Wunused-value -Wno-empty-body -Wno-uninitialized -Wno-unknown-pragmas -w -Wno-shadow -Wno-four-char-constants -Wno-conversion -Wno-constant-conversion -Wno-int-conversion -Wno-bool-conversion -Wno-enum-conversion -Wno-float-conversion -Wno-non-literal-null-conversion -Wno-objc-literal-conversion -Wshorten-64-to-32 -Wpointer-sign -Wno-newline-eof -Wno-implicit-fallthrough -fstrict-aliasing -Wdeprecated-declarations -Wno-sign-conversion -Wno-infinite-recursion -Wno-comma -Wno-block-capture-autoreleasing -Wno-strict-prototypes -Wno-semicolon-before-method-body -index-store-path /Users/j/Documents/GitHub/MoneroOne/build/Index.noindex/DataStore @/Users/j/Documents/GitHub/MoneroOne/build/Build/Intermediates.noindex/swift-crypto.build/Debug-iphonesimulator/CCryptoBoringSSL.build/Objects-normal/arm64/7187679823f38a2a940e0043cdf9d637-common-args.resp -MMD -MT dependencies -MF /Users/j/Documents/GitHub/MoneroOne/build/Build/Intermediates.noindex/swift-crypto.build/Debug-iphonesimulator/CCryptoBoringSSL.build/Objects-normal/arm64/a_mbstr.d --serialize-diagnostics /Users/j/Documents/GitHub/MoneroOne/build/Build/Intermediates.noindex/swift-crypto.build/Debug-iphonesimulator/CCryptoBoringSSL.build/Objects-normal/arm64/a_mbstr.dia -c /Users/j/Documents/GitHub/MoneroOne/build/SourcePackages/checkouts/swift-crypto/Sources/CCryptoBoringSSL/crypto/asn1/a_mbstr.c -o /Users/j/Documents/GitHub/MoneroOne/build/Build/Intermediates.noindex/swift-crypto.build/Debug-iphonesimulator/CCryptoBoringSSL.build/Objects-normal/arm64/a_mbstr.o -index-unit-output-path /swift-crypto.build/Debug-iphonesimulator/CCryptoBoringSSL.build/Objects-normal/arm64/a_mbstr.o

CompileC /Users/j/Documents/GitHub/MoneroOne/build/Build/Intermediates.noindex/swift-crypto.build/Debug-iphonesimulator/CCryptoBoringSSL.build/Objects-normal/arm64/a_object.o /Users/j/Documents/GitHub/MoneroOne/build/SourcePackages/checkouts/swift-crypto/Sources/CCryptoBoringSSL/crypto/asn1/a_object.c normal arm64 c com.apple.compilers.llvm.clang.1_0.compiler (in target 'CCryptoBoringSSL' from project 'swift-crypto')
    cd /Users/j/Documents/GitHub/MoneroOne/MoneroOne.xcodeproj
    
    Using response file: /Users/j/Documents/GitHub/MoneroOne/build/Build/Intermediates.noindex/swift-crypto.build/Debug-iphonesimulator/CCryptoBoringSSL.build/Objects-normal/arm64/7187679823f38a2a940e0043cdf9d637-common-args.resp
    
    /Applications/Xcode.app/Contents/Developer/Toolchains/XcodeDefault.xctoolchain/usr/bin/clang -x c -ivfsstatcache /Users/j/Documents/GitHub/MoneroOne/build/SDKStatCaches.noindex/iphonesimulator26.1-23B77-90cf18a4295e390e64c810bc6bd7acbc.sdkstatcache -fmessage-length\=0 -fdiagnostics-show-note-include-stack -fmacro-backtrace-limit\=0 -fno-color-diagnostics -fmodules-prune-interval\=86400 -fmodules-prune-after\=345600 -fbuild-session-file\=/Users/j/Documents/GitHub/MoneroOne/build/ModuleCache.noindex/Session.modulevalidation -fmodules-validate-once-per-build-session -Wnon-modular-include-in-framework-module -Werror\=non-modular-include-in-framework-module -Wno-trigraphs -Wno-missing-field-initializers -Wno-missing-prototypes -Wno-return-type -Wno-missing-braces -Wparentheses -Wswitch -Wno-unused-function -Wno-unused-label -Wno-unused-parameter -Wno-unused-variable -Wunused-value -Wno-empty-body -Wno-uninitialized -Wno-unknown-pragmas -w -Wno-shadow -Wno-four-char-constants -Wno-conversion -Wno-constant-conversion -Wno-int-conversion -Wno-bool-conversion -Wno-enum-conversion -Wno-float-conversion -Wno-non-literal-null-conversion -Wno-objc-literal-conversion -Wshorten-64-to-32 -Wpointer-sign -Wno-newline-eof -Wno-implicit-fallthrough -fstrict-aliasing -Wdeprecated-declarations -Wno-sign-conversion -Wno-infinite-recursion -Wno-comma -Wno-block-capture-autoreleasing -Wno-strict-prototypes -Wno-semicolon-before-method-body -index-store-path /Users/j/Documents/GitHub/MoneroOne/build/Index.noindex/DataStore @/Users/j/Documents/GitHub/MoneroOne/build/Build/Intermediates.noindex/swift-crypto.build/Debug-iphonesimulator/CCryptoBoringSSL.build/Objects-normal/arm64/7187679823f38a2a940e0043cdf9d637-common-args.resp -MMD -MT dependencies -MF /Users/j/Documents/GitHub/MoneroOne/build/Build/Intermediates.noindex/swift-crypto.build/Debug-iphonesimulator/CCryptoBoringSSL.build/Objects-normal/arm64/a_object.d --serialize-diagnostics /Users/j/Documents/GitHub/MoneroOne/build/Build/Intermediates.noindex/swift-crypto.build/Debug-iphonesimulator/CCryptoBoringSSL.build/Objects-normal/arm64/a_object.dia -c /Users/j/Documents/GitHub/MoneroOne/build/SourcePackages/checkouts/swift-crypto/Sources/CCryptoBoringSSL/crypto/asn1/a_object.c -o /Users/j/Documents/GitHub/MoneroOne/build/Build/Intermediates.noindex/swift-crypto.build/Debug-iphonesimulator/CCryptoBoringSSL.build/Objects-normal/arm64/a_object.o -index-unit-output-path /swift-crypto.build/Debug-iphonesimulator/CCryptoBoringSSL.build/Objects-normal/arm64/a_object.o

CompileC /Users/j/Documents/GitHub/MoneroOne/build/Build/Intermediates.noindex/swift-crypto.build/Debug-iphonesimulator/CCryptoBoringSSL.build/Objects-normal/arm64/a_sign.o /Users/j/Documents/GitHub/MoneroOne/build/SourcePackages/checkouts/swift-crypto/Sources/CCryptoBoringSSL/crypto/x509/a_sign.c normal arm64 c com.apple.compilers.llvm.clang.1_0.compiler (in target 'CCryptoBoringSSL' from project 'swift-crypto')
    cd /Users/j/Documents/GitHub/MoneroOne/MoneroOne.xcodeproj
    
    Using response file: /Users/j/Documents/GitHub/MoneroOne/build/Build/Intermediates.noindex/swift-crypto.build/Debug-iphonesimulator/CCryptoBoringSSL.build/Objects-normal/arm64/7187679823f38a2a940e0043cdf9d637-common-args.resp
    
    /Applications/Xcode.app/Contents/Developer/Toolchains/XcodeDefault.xctoolchain/usr/bin/clang -x c -ivfsstatcache /Users/j/Documents/GitHub/MoneroOne/build/SDKStatCaches.noindex/iphonesimulator26.1-23B77-90cf18a4295e390e64c810bc6bd7acbc.sdkstatcache -fmessage-length\=0 -fdiagnostics-show-note-include-stack -fmacro-backtrace-limit\=0 -fno-color-diagnostics -fmodules-prune-interval\=86400 -fmodules-prune-after\=345600 -fbuild-session-file\=/Users/j/Documents/GitHub/MoneroOne/build/ModuleCache.noindex/Session.modulevalidation -fmodules-validate-once-per-build-session -Wnon-modular-include-in-framework-module -Werror\=non-modular-include-in-framework-module -Wno-trigraphs -Wno-missing-field-initializers -Wno-missing-prototypes -Wno-return-type -Wno-missing-braces -Wparentheses -Wswitch -Wno-unused-function -Wno-unused-label -Wno-unused-parameter -Wno-unused-variable -Wunused-value -Wno-empty-body -Wno-uninitialized -Wno-unknown-pragmas -w -Wno-shadow -Wno-four-char-constants -Wno-conversion -Wno-constant-conversion -Wno-int-conversion -Wno-bool-conversion -Wno-enum-conversion -Wno-float-conversion -Wno-non-literal-null-conversion -Wno-objc-literal-conversion -Wshorten-64-to-32 -Wpointer-sign -Wno-newline-eof -Wno-implicit-fallthrough -fstrict-aliasing -Wdeprecated-declarations -Wno-sign-conversion -Wno-infinite-recursion -Wno-comma -Wno-block-capture-autoreleasing -Wno-strict-prototypes -Wno-semicolon-before-method-body -index-store-path /Users/j/Documents/GitHub/MoneroOne/build/Index.noindex/DataStore @/Users/j/Documents/GitHub/MoneroOne/build/Build/Intermediates.noindex/swift-crypto.build/Debug-iphonesimulator/CCryptoBoringSSL.build/Objects-normal/arm64/7187679823f38a2a940e0043cdf9d637-common-args.resp -MMD -MT dependencies -MF /Users/j/Documents/GitHub/MoneroOne/build/Build/Intermediates.noindex/swift-crypto.build/Debug-iphonesimulator/CCryptoBoringSSL.build/Objects-normal/arm64/a_sign.d --serialize-diagnostics /Users/j/Documents/GitHub/MoneroOne/build/Build/Intermediates.noindex/swift-crypto.build/Debug-iphonesimulator/CCryptoBoringSSL.build/Objects-normal/arm64/a_sign.dia -c /Users/j/Documents/GitHub/MoneroOne/build/SourcePackages/checkouts/swift-crypto/Sources/CCryptoBoringSSL/crypto/x509/a_sign.c -o /Users/j/Documents/GitHub/MoneroOne/build/Build/Intermediates.noindex/swift-crypto.build/Debug-iphonesimulator/CCryptoBoringSSL.build/Objects-normal/arm64/a_sign.o -index-unit-output-path /swift-crypto.build/Debug-iphonesimulator/CCryptoBoringSSL.build/Objects-normal/arm64/a_sign.o

ScanDependencies /Users/j/Documents/GitHub/MoneroOne/build/Build/Intermediates.noindex/swift-crypto.build/Debug-iphonesimulator/CCryptoBoringSSL.build/Objects-normal/arm64/a_digest.o /Users/j/Documents/GitHub/MoneroOne/build/SourcePackages/checkouts/swift-crypto/Sources/CCryptoBoringSSL/crypto/x509/a_digest.c normal arm64 c com.apple.compilers.llvm.clang.1_0.compiler (in target 'CCryptoBoringSSL' from project 'swift-crypto')
    cd /Users/j/Documents/GitHub/MoneroOne/MoneroOne.xcodeproj
    
    Using response file: /Users/j/Documents/GitHub/MoneroOne/build/Build/Intermediates.noindex/swift-crypto.build/Debug-iphonesimulator/CCryptoBoringSSL.build/Objects-normal/arm64/7187679823f38a2a940e0043cdf9d637-common-args.resp
    
    builtin-ScanDependencies -o /Users/j/Documents/GitHub/MoneroOne/build/Build/Intermediates.noindex/swift-crypto.build/Debug-iphonesimulator/CCryptoBoringSSL.build/Objects-normal/arm64/a_digest.o.scan -- /Applications/Xcode.app/Contents/Developer/Toolchains/XcodeDefault.xctoolchain/usr/bin/clang -x c -ivfsstatcache /Users/j/Documents/GitHub/MoneroOne/build/SDKStatCaches.noindex/iphonesimulator26.1-23B77-90cf18a4295e390e64c810bc6bd7acbc.sdkstatcache -fmessage-length\=0 -fdiagnostics-show-note-include-stack -fmacro-backtrace-limit\=0 -fno-color-diagnostics -fmodules-prune-interval\=86400 -fmodules-prune-after\=345600 -fbuild-session-file\=/Users/j/Documents/GitHub/MoneroOne/build/ModuleCache.noindex/Session.modulevalidation -fmodules-validate-once-per-build-session -Wnon-modular-include-in-framework-module -Werror\=non-modular-include-in-framework-module -Wno-trigraphs -Wno-missing-field-initializers -Wno-missing-prototypes -Wno-return-type -Wno-missing-braces -Wparentheses -Wswitch -Wno-unused-function -Wno-unused-label -Wno-unused-parameter -Wno-unused-variable -Wunused-value -Wno-empty-body -Wno-uninitialized -Wno-unknown-pragmas -w -Wno-shadow -Wno-four-char-constants -Wno-conversion -Wno-constant-conversion -Wno-int-conversion -Wno-bool-conversion -Wno-enum-conversion -Wno-float-conversion -Wno-non-literal-null-conversion -Wno-objc-literal-conversion -Wshorten-64-to-32 -Wpointer-sign -Wno-newline-eof -Wno-implicit-fallthrough -fstrict-aliasing -Wdeprecated-declarations -Wno-sign-conversion -Wno-infinite-recursion -Wno-comma -Wno-block-capture-autoreleasing -Wno-strict-prototypes -Wno-semicolon-before-method-body -index-store-path /Users/j/Documents/GitHub/MoneroOne/build/Index.noindex/DataStore @/Users/j/Documents/GitHub/MoneroOne/build/Build/Intermediates.noindex/swift-crypto.build/Debug-iphonesimulator/CCryptoBoringSSL.build/Objects-normal/arm64/7187679823f38a2a940e0043cdf9d637-common-args.resp -MMD -MT dependencies -MF /Users/j/Documents/GitHub/MoneroOne/build/Build/Intermediates.noindex/swift-crypto.build/Debug-iphonesimulator/CCryptoBoringSSL.build/Objects-normal/arm64/a_digest.d --serialize-diagnostics /Users/j/Documents/GitHub/MoneroOne/build/Build/Intermediates.noindex/swift-crypto.build/Debug-iphonesimulator/CCryptoBoringSSL.build/Objects-normal/arm64/a_digest.dia -c /Users/j/Documents/GitHub/MoneroOne/build/SourcePackages/checkouts/swift-crypto/Sources/CCryptoBoringSSL/crypto/x509/a_digest.c -o /Users/j/Documents/GitHub/MoneroOne/build/Build/Intermediates.noindex/swift-crypto.build/Debug-iphonesimulator/CCryptoBoringSSL.build/Objects-normal/arm64/a_digest.o -index-unit-output-path /swift-crypto.build/Debug-iphonesimulator/CCryptoBoringSSL.build/Objects-normal/arm64/a_digest.o

CompileC /Users/j/Documents/GitHub/MoneroOne/build/Build/Intermediates.noindex/swift-crypto.build/Debug-iphonesimulator/CCryptoBoringSSL.build/Objects-normal/arm64/a_int.o /Users/j/Documents/GitHub/MoneroOne/build/SourcePackages/checkouts/swift-crypto/Sources/CCryptoBoringSSL/crypto/asn1/a_int.c normal arm64 c com.apple.compilers.llvm.clang.1_0.compiler (in target 'CCryptoBoringSSL' from project 'swift-crypto')
    cd /Users/j/Documents/GitHub/MoneroOne/MoneroOne.xcodeproj
    
    Using response file: /Users/j/Documents/GitHub/MoneroOne/build/Build/Intermediates.noindex/swift-crypto.build/Debug-iphonesimulator/CCryptoBoringSSL.build/Objects-normal/arm64/7187679823f38a2a940e0043cdf9d637-common-args.resp
    
    /Applications/Xcode.app/Contents/Developer/Toolchains/XcodeDefault.xctoolchain/usr/bin/clang -x c -ivfsstatcache /Users/j/Documents/GitHub/MoneroOne/build/SDKStatCaches.noindex/iphonesimulator26.1-23B77-90cf18a4295e390e64c810bc6bd7acbc.sdkstatcache -fmessage-length\=0 -fdiagnostics-show-note-include-stack -fmacro-backtrace-limit\=0 -fno-color-diagnostics -fmodules-prune-interval\=86400 -fmodules-prune-after\=345600 -fbuild-session-file\=/Users/j/Documents/GitHub/MoneroOne/build/ModuleCache.noindex/Session.modulevalidation -fmodules-validate-once-per-build-session -Wnon-modular-include-in-framework-module -Werror\=non-modular-include-in-framework-module -Wno-trigraphs -Wno-missing-field-initializers -Wno-missing-prototypes -Wno-return-type -Wno-missing-braces -Wparentheses -Wswitch -Wno-unused-function -Wno-unused-label -Wno-unused-parameter -Wno-unused-variable -Wunused-value -Wno-empty-body -Wno-uninitialized -Wno-unknown-pragmas -w -Wno-shadow -Wno-four-char-constants -Wno-conversion -Wno-constant-conversion -Wno-int-conversion -Wno-bool-conversion -Wno-enum-conversion -Wno-float-conversion -Wno-non-literal-null-conversion -Wno-objc-literal-conversion -Wshorten-64-to-32 -Wpointer-sign -Wno-newline-eof -Wno-implicit-fallthrough -fstrict-aliasing -Wdeprecated-declarations -Wno-sign-conversion -Wno-infinite-recursion -Wno-comma -Wno-block-capture-autoreleasing -Wno-strict-prototypes -Wno-semicolon-before-method-body -index-store-path /Users/j/Documents/GitHub/MoneroOne/build/Index.noindex/DataStore @/Users/j/Documents/GitHub/MoneroOne/build/Build/Intermediates.noindex/swift-crypto.build/Debug-iphonesimulator/CCryptoBoringSSL.build/Objects-normal/arm64/7187679823f38a2a940e0043cdf9d637-common-args.resp -MMD -MT dependencies -MF /Users/j/Documents/GitHub/MoneroOne/build/Build/Intermediates.noindex/swift-crypto.build/Debug-iphonesimulator/CCryptoBoringSSL.build/Objects-normal/arm64/a_int.d --serialize-diagnostics /Users/j/Documents/GitHub/MoneroOne/build/Build/Intermediates.noindex/swift-crypto.build/Debug-iphonesimulator/CCryptoBoringSSL.build/Objects-normal/arm64/a_int.dia -c /Users/j/Documents/GitHub/MoneroOne/build/SourcePackages/checkouts/swift-crypto/Sources/CCryptoBoringSSL/crypto/asn1/a_int.c -o /Users/j/Documents/GitHub/MoneroOne/build/Build/Intermediates.noindex/swift-crypto.build/Debug-iphonesimulator/CCryptoBoringSSL.build/Objects-normal/arm64/a_int.o -index-unit-output-path /swift-crypto.build/Debug-iphonesimulator/CCryptoBoringSSL.build/Objects-normal/arm64/a_int.o

CompileC /Users/j/Documents/GitHub/MoneroOne/build/Build/Intermediates.noindex/swift-crypto.build/Debug-iphonesimulator/CCryptoBoringSSL.build/Objects-normal/arm64/a_gentm.o /Users/j/Documents/GitHub/MoneroOne/build/SourcePackages/checkouts/swift-crypto/Sources/CCryptoBoringSSL/crypto/asn1/a_gentm.c normal arm64 c com.apple.compilers.llvm.clang.1_0.compiler (in target 'CCryptoBoringSSL' from project 'swift-crypto')
    cd /Users/j/Documents/GitHub/MoneroOne/MoneroOne.xcodeproj
    
    Using response file: /Users/j/Documents/GitHub/MoneroOne/build/Build/Intermediates.noindex/swift-crypto.build/Debug-iphonesimulator/CCryptoBoringSSL.build/Objects-normal/arm64/7187679823f38a2a940e0043cdf9d637-common-args.resp
    
    /Applications/Xcode.app/Contents/Developer/Toolchains/XcodeDefault.xctoolchain/usr/bin/clang -x c -ivfsstatcache /Users/j/Documents/GitHub/MoneroOne/build/SDKStatCaches.noindex/iphonesimulator26.1-23B77-90cf18a4295e390e64c810bc6bd7acbc.sdkstatcache -fmessage-length\=0 -fdiagnostics-show-note-include-stack -fmacro-backtrace-limit\=0 -fno-color-diagnostics -fmodules-prune-interval\=86400 -fmodules-prune-after\=345600 -fbuild-session-file\=/Users/j/Documents/GitHub/MoneroOne/build/ModuleCache.noindex/Session.modulevalidation -fmodules-validate-once-per-build-session -Wnon-modular-include-in-framework-module -Werror\=non-modular-include-in-framework-module -Wno-trigraphs -Wno-missing-field-initializers -Wno-missing-prototypes -Wno-return-type -Wno-missing-braces -Wparentheses -Wswitch -Wno-unused-function -Wno-unused-label -Wno-unused-parameter -Wno-unused-variable -Wunused-value -Wno-empty-body -Wno-uninitialized -Wno-unknown-pragmas -w -Wno-shadow -Wno-four-char-constants -Wno-conversion -Wno-constant-conversion -Wno-int-conversion -Wno-bool-conversion -Wno-enum-conversion -Wno-float-conversion -Wno-non-literal-null-conversion -Wno-objc-literal-conversion -Wshorten-64-to-32 -Wpointer-sign -Wno-newline-eof -Wno-implicit-fallthrough -fstrict-aliasing -Wdeprecated-declarations -Wno-sign-conversion -Wno-infinite-recursion -Wno-comma -Wno-block-capture-autoreleasing -Wno-strict-prototypes -Wno-semicolon-before-method-body -index-store-path /Users/j/Documents/GitHub/MoneroOne/build/Index.noindex/DataStore @/Users/j/Documents/GitHub/MoneroOne/build/Build/Intermediates.noindex/swift-crypto.build/Debug-iphonesimulator/CCryptoBoringSSL.build/Objects-normal/arm64/7187679823f38a2a940e0043cdf9d637-common-args.resp -MMD -MT dependencies -MF /Users/j/Documents/GitHub/MoneroOne/build/Build/Intermediates.noindex/swift-crypto.build/Debug-iphonesimulator/CCryptoBoringSSL.build/Objects-normal/arm64/a_gentm.d --serialize-diagnostics /Users/j/Documents/GitHub/MoneroOne/build/Build/Intermediates.noindex/swift-crypto.build/Debug-iphonesimulator/CCryptoBoringSSL.build/Objects-normal/arm64/a_gentm.dia -c /Users/j/Documents/GitHub/MoneroOne/build/SourcePackages/checkouts/swift-crypto/Sources/CCryptoBoringSSL/crypto/asn1/a_gentm.c -o /Users/j/Documents/GitHub/MoneroOne/build/Build/Intermediates.noindex/swift-crypto.build/Debug-iphonesimulator/CCryptoBoringSSL.build/Objects-normal/arm64/a_gentm.o -index-unit-output-path /swift-crypto.build/Debug-iphonesimulator/CCryptoBoringSSL.build/Objects-normal/arm64/a_gentm.o

CompileC /Users/j/Documents/GitHub/MoneroOne/build/Build/Intermediates.noindex/swift-crypto.build/Debug-iphonesimulator/CCryptoBoringSSL.build/Objects-normal/arm64/a_i2d_fp.o /Users/j/Documents/GitHub/MoneroOne/build/SourcePackages/checkouts/swift-crypto/Sources/CCryptoBoringSSL/crypto/asn1/a_i2d_fp.c normal arm64 c com.apple.compilers.llvm.clang.1_0.compiler (in target 'CCryptoBoringSSL' from project 'swift-crypto')
    cd /Users/j/Documents/GitHub/MoneroOne/MoneroOne.xcodeproj
    
    Using response file: /Users/j/Documents/GitHub/MoneroOne/build/Build/Intermediates.noindex/swift-crypto.build/Debug-iphonesimulator/CCryptoBoringSSL.build/Objects-normal/arm64/7187679823f38a2a940e0043cdf9d637-common-args.resp
    
    /Applications/Xcode.app/Contents/Developer/Toolchains/XcodeDefault.xctoolchain/usr/bin/clang -x c -ivfsstatcache /Users/j/Documents/GitHub/MoneroOne/build/SDKStatCaches.noindex/iphonesimulator26.1-23B77-90cf18a4295e390e64c810bc6bd7acbc.sdkstatcache -fmessage-length\=0 -fdiagnostics-show-note-include-stack -fmacro-backtrace-limit\=0 -fno-color-diagnostics -fmodules-prune-interval\=86400 -fmodules-prune-after\=345600 -fbuild-session-file\=/Users/j/Documents/GitHub/MoneroOne/build/ModuleCache.noindex/Session.modulevalidation -fmodules-validate-once-per-build-session -Wnon-modular-include-in-framework-module -Werror\=non-modular-include-in-framework-module -Wno-trigraphs -Wno-missing-field-initializers -Wno-missing-prototypes -Wno-return-type -Wno-missing-braces -Wparentheses -Wswitch -Wno-unused-function -Wno-unused-label -Wno-unused-parameter -Wno-unused-variable -Wunused-value -Wno-empty-body -Wno-uninitialized -Wno-unknown-pragmas -w -Wno-shadow -Wno-four-char-constants -Wno-conversion -Wno-constant-conversion -Wno-int-conversion -Wno-bool-conversion -Wno-enum-conversion -Wno-float-conversion -Wno-non-literal-null-conversion -Wno-objc-literal-conversion -Wshorten-64-to-32 -Wpointer-sign -Wno-newline-eof -Wno-implicit-fallthrough -fstrict-aliasing -Wdeprecated-declarations -Wno-sign-conversion -Wno-infinite-recursion -Wno-comma -Wno-block-capture-autoreleasing -Wno-strict-prototypes -Wno-semicolon-before-method-body -index-store-path /Users/j/Documents/GitHub/MoneroOne/build/Index.noindex/DataStore @/Users/j/Documents/GitHub/MoneroOne/build/Build/Intermediates.noindex/swift-crypto.build/Debug-iphonesimulator/CCryptoBoringSSL.build/Objects-normal/arm64/7187679823f38a2a940e0043cdf9d637-common-args.resp -MMD -MT dependencies -MF /Users/j/Documents/GitHub/MoneroOne/build/Build/Intermediates.noindex/swift-crypto.build/Debug-iphonesimulator/CCryptoBoringSSL.build/Objects-normal/arm64/a_i2d_fp.d --serialize-diagnostics /Users/j/Documents/GitHub/MoneroOne/build/Build/Intermediates.noindex/swift-crypto.build/Debug-iphonesimulator/CCryptoBoringSSL.build/Objects-normal/arm64/a_i2d_fp.dia -c /Users/j/Documents/GitHub/MoneroOne/build/SourcePackages/checkouts/swift-crypto/Sources/CCryptoBoringSSL/crypto/asn1/a_i2d_fp.c -o /Users/j/Documents/GitHub/MoneroOne/build/Build/Intermediates.noindex/swift-crypto.build/Debug-iphonesimulator/CCryptoBoringSSL.build/Objects-normal/arm64/a_i2d_fp.o -index-unit-output-path /swift-crypto.build/Debug-iphonesimulator/CCryptoBoringSSL.build/Objects-normal/arm64/a_i2d_fp.o

CompileC /Users/j/Documents/GitHub/MoneroOne/build/Build/Intermediates.noindex/swift-crypto.build/Debug-iphonesimulator/CCryptoBoringSSL.build/Objects-normal/arm64/a_dup.o /Users/j/Documents/GitHub/MoneroOne/build/SourcePackages/checkouts/swift-crypto/Sources/CCryptoBoringSSL/crypto/asn1/a_dup.c normal arm64 c com.apple.compilers.llvm.clang.1_0.compiler (in target 'CCryptoBoringSSL' from project 'swift-crypto')
    cd /Users/j/Documents/GitHub/MoneroOne/MoneroOne.xcodeproj
    
    Using response file: /Users/j/Documents/GitHub/MoneroOne/build/Build/Intermediates.noindex/swift-crypto.build/Debug-iphonesimulator/CCryptoBoringSSL.build/Objects-normal/arm64/7187679823f38a2a940e0043cdf9d637-common-args.resp
    
    /Applications/Xcode.app/Contents/Developer/Toolchains/XcodeDefault.xctoolchain/usr/bin/clang -x c -ivfsstatcache /Users/j/Documents/GitHub/MoneroOne/build/SDKStatCaches.noindex/iphonesimulator26.1-23B77-90cf18a4295e390e64c810bc6bd7acbc.sdkstatcache -fmessage-length\=0 -fdiagnostics-show-note-include-stack -fmacro-backtrace-limit\=0 -fno-color-diagnostics -fmodules-prune-interval\=86400 -fmodules-prune-after\=345600 -fbuild-session-file\=/Users/j/Documents/GitHub/MoneroOne/build/ModuleCache.noindex/Session.modulevalidation -fmodules-validate-once-per-build-session -Wnon-modular-include-in-framework-module -Werror\=non-modular-include-in-framework-module -Wno-trigraphs -Wno-missing-field-initializers -Wno-missing-prototypes -Wno-return-type -Wno-missing-braces -Wparentheses -Wswitch -Wno-unused-function -Wno-unused-label -Wno-unused-parameter -Wno-unused-variable -Wunused-value -Wno-empty-body -Wno-uninitialized -Wno-unknown-pragmas -w -Wno-shadow -Wno-four-char-constants -Wno-conversion -Wno-constant-conversion -Wno-int-conversion -Wno-bool-conversion -Wno-enum-conversion -Wno-float-conversion -Wno-non-literal-null-conversion -Wno-objc-literal-conversion -Wshorten-64-to-32 -Wpointer-sign -Wno-newline-eof -Wno-implicit-fallthrough -fstrict-aliasing -Wdeprecated-declarations -Wno-sign-conversion -Wno-infinite-recursion -Wno-comma -Wno-block-capture-autoreleasing -Wno-strict-prototypes -Wno-semicolon-before-method-body -index-store-path /Users/j/Documents/GitHub/MoneroOne/build/Index.noindex/DataStore @/Users/j/Documents/GitHub/MoneroOne/build/Build/Intermediates.noindex/swift-crypto.build/Debug-iphonesimulator/CCryptoBoringSSL.build/Objects-normal/arm64/7187679823f38a2a940e0043cdf9d637-common-args.resp -MMD -MT dependencies -MF /Users/j/Documents/GitHub/MoneroOne/build/Build/Intermediates.noindex/swift-crypto.build/Debug-iphonesimulator/CCryptoBoringSSL.build/Objects-normal/arm64/a_dup.d --serialize-diagnostics /Users/j/Documents/GitHub/MoneroOne/build/Build/Intermediates.noindex/swift-crypto.build/Debug-iphonesimulator/CCryptoBoringSSL.build/Objects-normal/arm64/a_dup.dia -c /Users/j/Documents/GitHub/MoneroOne/build/SourcePackages/checkouts/swift-crypto/Sources/CCryptoBoringSSL/crypto/asn1/a_dup.c -o /Users/j/Documents/GitHub/MoneroOne/build/Build/Intermediates.noindex/swift-crypto.build/Debug-iphonesimulator/CCryptoBoringSSL.build/Objects-normal/arm64/a_dup.o -index-unit-output-path /swift-crypto.build/Debug-iphonesimulator/CCryptoBoringSSL.build/Objects-normal/arm64/a_dup.o

CompileC /Users/j/Documents/GitHub/MoneroOne/build/Build/Intermediates.noindex/swift-crypto.build/Debug-iphonesimulator/CCryptoBoringSSL.build/Objects-normal/arm64/a_digest.o /Users/j/Documents/GitHub/MoneroOne/build/SourcePackages/checkouts/swift-crypto/Sources/CCryptoBoringSSL/crypto/x509/a_digest.c normal arm64 c com.apple.compilers.llvm.clang.1_0.compiler (in target 'CCryptoBoringSSL' from project 'swift-crypto')
    cd /Users/j/Documents/GitHub/MoneroOne/MoneroOne.xcodeproj
    
    Using response file: /Users/j/Documents/GitHub/MoneroOne/build/Build/Intermediates.noindex/swift-crypto.build/Debug-iphonesimulator/CCryptoBoringSSL.build/Objects-normal/arm64/7187679823f38a2a940e0043cdf9d637-common-args.resp
    
    /Applications/Xcode.app/Contents/Developer/Toolchains/XcodeDefault.xctoolchain/usr/bin/clang -x c -ivfsstatcache /Users/j/Documents/GitHub/MoneroOne/build/SDKStatCaches.noindex/iphonesimulator26.1-23B77-90cf18a4295e390e64c810bc6bd7acbc.sdkstatcache -fmessage-length\=0 -fdiagnostics-show-note-include-stack -fmacro-backtrace-limit\=0 -fno-color-diagnostics -fmodules-prune-interval\=86400 -fmodules-prune-after\=345600 -fbuild-session-file\=/Users/j/Documents/GitHub/MoneroOne/build/ModuleCache.noindex/Session.modulevalidation -fmodules-validate-once-per-build-session -Wnon-modular-include-in-framework-module -Werror\=non-modular-include-in-framework-module -Wno-trigraphs -Wno-missing-field-initializers -Wno-missing-prototypes -Wno-return-type -Wno-missing-braces -Wparentheses -Wswitch -Wno-unused-function -Wno-unused-label -Wno-unused-parameter -Wno-unused-variable -Wunused-value -Wno-empty-body -Wno-uninitialized -Wno-unknown-pragmas -w -Wno-shadow -Wno-four-char-constants -Wno-conversion -Wno-constant-conversion -Wno-int-conversion -Wno-bool-conversion -Wno-enum-conversion -Wno-float-conversion -Wno-non-literal-null-conversion -Wno-objc-literal-conversion -Wshorten-64-to-32 -Wpointer-sign -Wno-newline-eof -Wno-implicit-fallthrough -fstrict-aliasing -Wdeprecated-declarations -Wno-sign-conversion -Wno-infinite-recursion -Wno-comma -Wno-block-capture-autoreleasing -Wno-strict-prototypes -Wno-semicolon-before-method-body -index-store-path /Users/j/Documents/GitHub/MoneroOne/build/Index.noindex/DataStore @/Users/j/Documents/GitHub/MoneroOne/build/Build/Intermediates.noindex/swift-crypto.build/Debug-iphonesimulator/CCryptoBoringSSL.build/Objects-normal/arm64/7187679823f38a2a940e0043cdf9d637-common-args.resp -MMD -MT dependencies -MF /Users/j/Documents/GitHub/MoneroOne/build/Build/Intermediates.noindex/swift-crypto.build/Debug-iphonesimulator/CCryptoBoringSSL.build/Objects-normal/arm64/a_digest.d --serialize-diagnostics /Users/j/Documents/GitHub/MoneroOne/build/Build/Intermediates.noindex/swift-crypto.build/Debug-iphonesimulator/CCryptoBoringSSL.build/Objects-normal/arm64/a_digest.dia -c /Users/j/Documents/GitHub/MoneroOne/build/SourcePackages/checkouts/swift-crypto/Sources/CCryptoBoringSSL/crypto/x509/a_digest.c -o /Users/j/Documents/GitHub/MoneroOne/build/Build/Intermediates.noindex/swift-crypto.build/Debug-iphonesimulator/CCryptoBoringSSL.build/Objects-normal/arm64/a_digest.o -index-unit-output-path /swift-crypto.build/Debug-iphonesimulator/CCryptoBoringSSL.build/Objects-normal/arm64/a_digest.o

ScanDependencies /Users/j/Documents/GitHub/MoneroOne/build/Build/Intermediates.noindex/swift-crypto.build/Debug-iphonesimulator/CCryptoBoringSSL.build/Objects-normal/arm64/a_d2i_fp.o /Users/j/Documents/GitHub/MoneroOne/build/SourcePackages/checkouts/swift-crypto/Sources/CCryptoBoringSSL/crypto/asn1/a_d2i_fp.c normal arm64 c com.apple.compilers.llvm.clang.1_0.compiler (in target 'CCryptoBoringSSL' from project 'swift-crypto')
    cd /Users/j/Documents/GitHub/MoneroOne/MoneroOne.xcodeproj
    
    Using response file: /Users/j/Documents/GitHub/MoneroOne/build/Build/Intermediates.noindex/swift-crypto.build/Debug-iphonesimulator/CCryptoBoringSSL.build/Objects-normal/arm64/7187679823f38a2a940e0043cdf9d637-common-args.resp
    
    builtin-ScanDependencies -o /Users/j/Documents/GitHub/MoneroOne/build/Build/Intermediates.noindex/swift-crypto.build/Debug-iphonesimulator/CCryptoBoringSSL.build/Objects-normal/arm64/a_d2i_fp.o.scan -- /Applications/Xcode.app/Contents/Developer/Toolchains/XcodeDefault.xctoolchain/usr/bin/clang -x c -ivfsstatcache /Users/j/Documents/GitHub/MoneroOne/build/SDKStatCaches.noindex/iphonesimulator26.1-23B77-90cf18a4295e390e64c810bc6bd7acbc.sdkstatcache -fmessage-length\=0 -fdiagnostics-show-note-include-stack -fmacro-backtrace-limit\=0 -fno-color-diagnostics -fmodules-prune-interval\=86400 -fmodules-prune-after\=345600 -fbuild-session-file\=/Users/j/Documents/GitHub/MoneroOne/build/ModuleCache.noindex/Session.modulevalidation -fmodules-validate-once-per-build-session -Wnon-modular-include-in-framework-module -Werror\=non-modular-include-in-framework-module -Wno-trigraphs -Wno-missing-field-initializers -Wno-missing-prototypes -Wno-return-type -Wno-missing-braces -Wparentheses -Wswitch -Wno-unused-function -Wno-unused-label -Wno-unused-parameter -Wno-unused-variable -Wunused-value -Wno-empty-body -Wno-uninitialized -Wno-unknown-pragmas -w -Wno-shadow -Wno-four-char-constants -Wno-conversion -Wno-constant-conversion -Wno-int-conversion -Wno-bool-conversion -Wno-enum-conversion -Wno-float-conversion -Wno-non-literal-null-conversion -Wno-objc-literal-conversion -Wshorten-64-to-32 -Wpointer-sign -Wno-newline-eof -Wno-implicit-fallthrough -fstrict-aliasing -Wdeprecated-declarations -Wno-sign-conversion -Wno-infinite-recursion -Wno-comma -Wno-block-capture-autoreleasing -Wno-strict-prototypes -Wno-semicolon-before-method-body -index-store-path /Users/j/Documents/GitHub/MoneroOne/build/Index.noindex/DataStore @/Users/j/Documents/GitHub/MoneroOne/build/Build/Intermediates.noindex/swift-crypto.build/Debug-iphonesimulator/CCryptoBoringSSL.build/Objects-normal/arm64/7187679823f38a2a940e0043cdf9d637-common-args.resp -MMD -MT dependencies -MF /Users/j/Documents/GitHub/MoneroOne/build/Build/Intermediates.noindex/swift-crypto.build/Debug-iphonesimulator/CCryptoBoringSSL.build/Objects-normal/arm64/a_d2i_fp.d --serialize-diagnostics /Users/j/Documents/GitHub/MoneroOne/build/Build/Intermediates.noindex/swift-crypto.build/Debug-iphonesimulator/CCryptoBoringSSL.build/Objects-normal/arm64/a_d2i_fp.dia -c /Users/j/Documents/GitHub/MoneroOne/build/SourcePackages/checkouts/swift-crypto/Sources/CCryptoBoringSSL/crypto/asn1/a_d2i_fp.c -o /Users/j/Documents/GitHub/MoneroOne/build/Build/Intermediates.noindex/swift-crypto.build/Debug-iphonesimulator/CCryptoBoringSSL.build/Objects-normal/arm64/a_d2i_fp.o -index-unit-output-path /swift-crypto.build/Debug-iphonesimulator/CCryptoBoringSSL.build/Objects-normal/arm64/a_d2i_fp.o

ScanDependencies /Users/j/Documents/GitHub/MoneroOne/build/Build/Intermediates.noindex/swift-crypto.build/Debug-iphonesimulator/CCryptoBoringSSL.build/Objects-normal/arm64/a_bool.o /Users/j/Documents/GitHub/MoneroOne/build/SourcePackages/checkouts/swift-crypto/Sources/CCryptoBoringSSL/crypto/asn1/a_bool.c normal arm64 c com.apple.compilers.llvm.clang.1_0.compiler (in target 'CCryptoBoringSSL' from project 'swift-crypto')
    cd /Users/j/Documents/GitHub/MoneroOne/MoneroOne.xcodeproj
    
    Using response file: /Users/j/Documents/GitHub/MoneroOne/build/Build/Intermediates.noindex/swift-crypto.build/Debug-iphonesimulator/CCryptoBoringSSL.build/Objects-normal/arm64/7187679823f38a2a940e0043cdf9d637-common-args.resp
    
    builtin-ScanDependencies -o /Users/j/Documents/GitHub/MoneroOne/build/Build/Intermediates.noindex/swift-crypto.build/Debug-iphonesimulator/CCryptoBoringSSL.build/Objects-normal/arm64/a_bool.o.scan -- /Applications/Xcode.app/Contents/Developer/Toolchains/XcodeDefault.xctoolchain/usr/bin/clang -x c -ivfsstatcache /Users/j/Documents/GitHub/MoneroOne/build/SDKStatCaches.noindex/iphonesimulator26.1-23B77-90cf18a4295e390e64c810bc6bd7acbc.sdkstatcache -fmessage-length\=0 -fdiagnostics-show-note-include-stack -fmacro-backtrace-limit\=0 -fno-color-diagnostics -fmodules-prune-interval\=86400 -fmodules-prune-after\=345600 -fbuild-session-file\=/Users/j/Documents/GitHub/MoneroOne/build/ModuleCache.noindex/Session.modulevalidation -fmodules-validate-once-per-build-session -Wnon-modular-include-in-framework-module -Werror\=non-modular-include-in-framework-module -Wno-trigraphs -Wno-missing-field-initializers -Wno-missing-prototypes -Wno-return-type -Wno-missing-braces -Wparentheses -Wswitch -Wno-unused-function -Wno-unused-label -Wno-unused-parameter -Wno-unused-variable -Wunused-value -Wno-empty-body -Wno-uninitialized -Wno-unknown-pragmas -w -Wno-shadow -Wno-four-char-constants -Wno-conversion -Wno-constant-conversion -Wno-int-conversion -Wno-bool-conversion -Wno-enum-conversion -Wno-float-conversion -Wno-non-literal-null-conversion -Wno-objc-literal-conversion -Wshorten-64-to-32 -Wpointer-sign -Wno-newline-eof -Wno-implicit-fallthrough -fstrict-aliasing -Wdeprecated-declarations -Wno-sign-conversion -Wno-infinite-recursion -Wno-comma -Wno-block-capture-autoreleasing -Wno-strict-prototypes -Wno-semicolon-before-method-body -index-store-path /Users/j/Documents/GitHub/MoneroOne/build/Index.noindex/DataStore @/Users/j/Documents/GitHub/MoneroOne/build/Build/Intermediates.noindex/swift-crypto.build/Debug-iphonesimulator/CCryptoBoringSSL.build/Objects-normal/arm64/7187679823f38a2a940e0043cdf9d637-common-args.resp -MMD -MT dependencies -MF /Users/j/Documents/GitHub/MoneroOne/build/Build/Intermediates.noindex/swift-crypto.build/Debug-iphonesimulator/CCryptoBoringSSL.build/Objects-normal/arm64/a_bool.d --serialize-diagnostics /Users/j/Documents/GitHub/MoneroOne/build/Build/Intermediates.noindex/swift-crypto.build/Debug-iphonesimulator/CCryptoBoringSSL.build/Objects-normal/arm64/a_bool.dia -c /Users/j/Documents/GitHub/MoneroOne/build/SourcePackages/checkouts/swift-crypto/Sources/CCryptoBoringSSL/crypto/asn1/a_bool.c -o /Users/j/Documents/GitHub/MoneroOne/build/Build/Intermediates.noindex/swift-crypto.build/Debug-iphonesimulator/CCryptoBoringSSL.build/Objects-normal/arm64/a_bool.o -index-unit-output-path /swift-crypto.build/Debug-iphonesimulator/CCryptoBoringSSL.build/Objects-normal/arm64/a_bool.o

ScanDependencies /Users/j/Documents/GitHub/MoneroOne/build/Build/Intermediates.noindex/swift-crypto.build/Debug-iphonesimulator/CCryptoBoringSSL.build/Objects-normal/arm64/a_bitstr.o /Users/j/Documents/GitHub/MoneroOne/build/SourcePackages/checkouts/swift-crypto/Sources/CCryptoBoringSSL/crypto/asn1/a_bitstr.c normal arm64 c com.apple.compilers.llvm.clang.1_0.compiler (in target 'CCryptoBoringSSL' from project 'swift-crypto')
    cd /Users/j/Documents/GitHub/MoneroOne/MoneroOne.xcodeproj
    
    Using response file: /Users/j/Documents/GitHub/MoneroOne/build/Build/Intermediates.noindex/swift-crypto.build/Debug-iphonesimulator/CCryptoBoringSSL.build/Objects-normal/arm64/7187679823f38a2a940e0043cdf9d637-common-args.resp
    
    builtin-ScanDependencies -o /Users/j/Documents/GitHub/MoneroOne/build/Build/Intermediates.noindex/swift-crypto.build/Debug-iphonesimulator/CCryptoBoringSSL.build/Objects-normal/arm64/a_bitstr.o.scan -- /Applications/Xcode.app/Contents/Developer/Toolchains/XcodeDefault.xctoolchain/usr/bin/clang -x c -ivfsstatcache /Users/j/Documents/GitHub/MoneroOne/build/SDKStatCaches.noindex/iphonesimulator26.1-23B77-90cf18a4295e390e64c810bc6bd7acbc.sdkstatcache -fmessage-length\=0 -fdiagnostics-show-note-include-stack -fmacro-backtrace-limit\=0 -fno-color-diagnostics -fmodules-prune-interval\=86400 -fmodules-prune-after\=345600 -fbuild-session-file\=/Users/j/Documents/GitHub/MoneroOne/build/ModuleCache.noindex/Session.modulevalidation -fmodules-validate-once-per-build-session -Wnon-modular-include-in-framework-module -Werror\=non-modular-include-in-framework-module -Wno-trigraphs -Wno-missing-field-initializers -Wno-missing-prototypes -Wno-return-type -Wno-missing-braces -Wparentheses -Wswitch -Wno-unused-function -Wno-unused-label -Wno-unused-parameter -Wno-unused-variable -Wunused-value -Wno-empty-body -Wno-uninitialized -Wno-unknown-pragmas -w -Wno-shadow -Wno-four-char-constants -Wno-conversion -Wno-constant-conversion -Wno-int-conversion -Wno-bool-conversion -Wno-enum-conversion -Wno-float-conversion -Wno-non-literal-null-conversion -Wno-objc-literal-conversion -Wshorten-64-to-32 -Wpointer-sign -Wno-newline-eof -Wno-implicit-fallthrough -fstrict-aliasing -Wdeprecated-declarations -Wno-sign-conversion -Wno-infinite-recursion -Wno-comma -Wno-block-capture-autoreleasing -Wno-strict-prototypes -Wno-semicolon-before-method-body -index-store-path /Users/j/Documents/GitHub/MoneroOne/build/Index.noindex/DataStore @/Users/j/Documents/GitHub/MoneroOne/build/Build/Intermediates.noindex/swift-crypto.build/Debug-iphonesimulator/CCryptoBoringSSL.build/Objects-normal/arm64/7187679823f38a2a940e0043cdf9d637-common-args.resp -MMD -MT dependencies -MF /Users/j/Documents/GitHub/MoneroOne/build/Build/Intermediates.noindex/swift-crypto.build/Debug-iphonesimulator/CCryptoBoringSSL.build/Objects-normal/arm64/a_bitstr.d --serialize-diagnostics /Users/j/Documents/GitHub/MoneroOne/build/Build/Intermediates.noindex/swift-crypto.build/Debug-iphonesimulator/CCryptoBoringSSL.build/Objects-normal/arm64/a_bitstr.dia -c /Users/j/Documents/GitHub/MoneroOne/build/SourcePackages/checkouts/swift-crypto/Sources/CCryptoBoringSSL/crypto/asn1/a_bitstr.c -o /Users/j/Documents/GitHub/MoneroOne/build/Build/Intermediates.noindex/swift-crypto.build/Debug-iphonesimulator/CCryptoBoringSSL.build/Objects-normal/arm64/a_bitstr.o -index-unit-output-path /swift-crypto.build/Debug-iphonesimulator/CCryptoBoringSSL.build/Objects-normal/arm64/a_bitstr.o

SwiftCompile normal arm64 Compiling\ Words\ and\ Bits.swift /Users/j/Documents/GitHub/MoneroOne/build/SourcePackages/checkouts/BigInt/Sources/Words\ and\ Bits.swift (in target 'BigInt' from project 'BigInt')

SwiftCompile normal arm64 /Users/j/Documents/GitHub/MoneroOne/build/SourcePackages/checkouts/BigInt/Sources/Words\ and\ Bits.swift (in target 'BigInt' from project 'BigInt')
    cd /Users/j/Documents/GitHub/MoneroOne/MoneroOne.xcodeproj
    

CompileC /Users/j/Documents/GitHub/MoneroOne/build/Build/Intermediates.noindex/swift-crypto.build/Debug-iphonesimulator/CCryptoBoringSSL.build/Objects-normal/arm64/a_d2i_fp.o /Users/j/Documents/GitHub/MoneroOne/build/SourcePackages/checkouts/swift-crypto/Sources/CCryptoBoringSSL/crypto/asn1/a_d2i_fp.c normal arm64 c com.apple.compilers.llvm.clang.1_0.compiler (in target 'CCryptoBoringSSL' from project 'swift-crypto')
    cd /Users/j/Documents/GitHub/MoneroOne/MoneroOne.xcodeproj
    
    Using response file: /Users/j/Documents/GitHub/MoneroOne/build/Build/Intermediates.noindex/swift-crypto.build/Debug-iphonesimulator/CCryptoBoringSSL.build/Objects-normal/arm64/7187679823f38a2a940e0043cdf9d637-common-args.resp
    
    /Applications/Xcode.app/Contents/Developer/Toolchains/XcodeDefault.xctoolchain/usr/bin/clang -x c -ivfsstatcache /Users/j/Documents/GitHub/MoneroOne/build/SDKStatCaches.noindex/iphonesimulator26.1-23B77-90cf18a4295e390e64c810bc6bd7acbc.sdkstatcache -fmessage-length\=0 -fdiagnostics-show-note-include-stack -fmacro-backtrace-limit\=0 -fno-color-diagnostics -fmodules-prune-interval\=86400 -fmodules-prune-after\=345600 -fbuild-session-file\=/Users/j/Documents/GitHub/MoneroOne/build/ModuleCache.noindex/Session.modulevalidation -fmodules-validate-once-per-build-session -Wnon-modular-include-in-framework-module -Werror\=non-modular-include-in-framework-module -Wno-trigraphs -Wno-missing-field-initializers -Wno-missing-prototypes -Wno-return-type -Wno-missing-braces -Wparentheses -Wswitch -Wno-unused-function -Wno-unused-label -Wno-unused-parameter -Wno-unused-variable -Wunused-value -Wno-empty-body -Wno-uninitialized -Wno-unknown-pragmas -w -Wno-shadow -Wno-four-char-constants -Wno-conversion -Wno-constant-conversion -Wno-int-conversion -Wno-bool-conversion -Wno-enum-conversion -Wno-float-conversion -Wno-non-literal-null-conversion -Wno-objc-literal-conversion -Wshorten-64-to-32 -Wpointer-sign -Wno-newline-eof -Wno-implicit-fallthrough -fstrict-aliasing -Wdeprecated-declarations -Wno-sign-conversion -Wno-infinite-recursion -Wno-comma -Wno-block-capture-autoreleasing -Wno-strict-prototypes -Wno-semicolon-before-method-body -index-store-path /Users/j/Documents/GitHub/MoneroOne/build/Index.noindex/DataStore @/Users/j/Documents/GitHub/MoneroOne/build/Build/Intermediates.noindex/swift-crypto.build/Debug-iphonesimulator/CCryptoBoringSSL.build/Objects-normal/arm64/7187679823f38a2a940e0043cdf9d637-common-args.resp -MMD -MT dependencies -MF /Users/j/Documents/GitHub/MoneroOne/build/Build/Intermediates.noindex/swift-crypto.build/Debug-iphonesimulator/CCryptoBoringSSL.build/Objects-normal/arm64/a_d2i_fp.d --serialize-diagnostics /Users/j/Documents/GitHub/MoneroOne/build/Build/Intermediates.noindex/swift-crypto.build/Debug-iphonesimulator/CCryptoBoringSSL.build/Objects-normal/arm64/a_d2i_fp.dia -c /Users/j/Documents/GitHub/MoneroOne/build/SourcePackages/checkouts/swift-crypto/Sources/CCryptoBoringSSL/crypto/asn1/a_d2i_fp.c -o /Users/j/Documents/GitHub/MoneroOne/build/Build/Intermediates.noindex/swift-crypto.build/Debug-iphonesimulator/CCryptoBoringSSL.build/Objects-normal/arm64/a_d2i_fp.o -index-unit-output-path /swift-crypto.build/Debug-iphonesimulator/CCryptoBoringSSL.build/Objects-normal/arm64/a_d2i_fp.o

CompileC /Users/j/Documents/GitHub/MoneroOne/build/Build/Intermediates.noindex/swift-crypto.build/Debug-iphonesimulator/CCryptoBoringSSL.build/Objects-normal/arm64/a_bool.o /Users/j/Documents/GitHub/MoneroOne/build/SourcePackages/checkouts/swift-crypto/Sources/CCryptoBoringSSL/crypto/asn1/a_bool.c normal arm64 c com.apple.compilers.llvm.clang.1_0.compiler (in target 'CCryptoBoringSSL' from project 'swift-crypto')
    cd /Users/j/Documents/GitHub/MoneroOne/MoneroOne.xcodeproj
    
    Using response file: /Users/j/Documents/GitHub/MoneroOne/build/Build/Intermediates.noindex/swift-crypto.build/Debug-iphonesimulator/CCryptoBoringSSL.build/Objects-normal/arm64/7187679823f38a2a940e0043cdf9d637-common-args.resp
    
    /Applications/Xcode.app/Contents/Developer/Toolchains/XcodeDefault.xctoolchain/usr/bin/clang -x c -ivfsstatcache /Users/j/Documents/GitHub/MoneroOne/build/SDKStatCaches.noindex/iphonesimulator26.1-23B77-90cf18a4295e390e64c810bc6bd7acbc.sdkstatcache -fmessage-length\=0 -fdiagnostics-show-note-include-stack -fmacro-backtrace-limit\=0 -fno-color-diagnostics -fmodules-prune-interval\=86400 -fmodules-prune-after\=345600 -fbuild-session-file\=/Users/j/Documents/GitHub/MoneroOne/build/ModuleCache.noindex/Session.modulevalidation -fmodules-validate-once-per-build-session -Wnon-modular-include-in-framework-module -Werror\=non-modular-include-in-framework-module -Wno-trigraphs -Wno-missing-field-initializers -Wno-missing-prototypes -Wno-return-type -Wno-missing-braces -Wparentheses -Wswitch -Wno-unused-function -Wno-unused-label -Wno-unused-parameter -Wno-unused-variable -Wunused-value -Wno-empty-body -Wno-uninitialized -Wno-unknown-pragmas -w -Wno-shadow -Wno-four-char-constants -Wno-conversion -Wno-constant-conversion -Wno-int-conversion -Wno-bool-conversion -Wno-enum-conversion -Wno-float-conversion -Wno-non-literal-null-conversion -Wno-objc-literal-conversion -Wshorten-64-to-32 -Wpointer-sign -Wno-newline-eof -Wno-implicit-fallthrough -fstrict-aliasing -Wdeprecated-declarations -Wno-sign-conversion -Wno-infinite-recursion -Wno-comma -Wno-block-capture-autoreleasing -Wno-strict-prototypes -Wno-semicolon-before-method-body -index-store-path /Users/j/Documents/GitHub/MoneroOne/build/Index.noindex/DataStore @/Users/j/Documents/GitHub/MoneroOne/build/Build/Intermediates.noindex/swift-crypto.build/Debug-iphonesimulator/CCryptoBoringSSL.build/Objects-normal/arm64/7187679823f38a2a940e0043cdf9d637-common-args.resp -MMD -MT dependencies -MF /Users/j/Documents/GitHub/MoneroOne/build/Build/Intermediates.noindex/swift-crypto.build/Debug-iphonesimulator/CCryptoBoringSSL.build/Objects-normal/arm64/a_bool.d --serialize-diagnostics /Users/j/Documents/GitHub/MoneroOne/build/Build/Intermediates.noindex/swift-crypto.build/Debug-iphonesimulator/CCryptoBoringSSL.build/Objects-normal/arm64/a_bool.dia -c /Users/j/Documents/GitHub/MoneroOne/build/SourcePackages/checkouts/swift-crypto/Sources/CCryptoBoringSSL/crypto/asn1/a_bool.c -o /Users/j/Documents/GitHub/MoneroOne/build/Build/Intermediates.noindex/swift-crypto.build/Debug-iphonesimulator/CCryptoBoringSSL.build/Objects-normal/arm64/a_bool.o -index-unit-output-path /swift-crypto.build/Debug-iphonesimulator/CCryptoBoringSSL.build/Objects-normal/arm64/a_bool.o

SwiftCompile normal arm64 Compiling\ GCD.swift,\ Hashable.swift /Users/j/Documents/GitHub/MoneroOne/build/SourcePackages/checkouts/BigInt/Sources/GCD.swift /Users/j/Documents/GitHub/MoneroOne/build/SourcePackages/checkouts/BigInt/Sources/Hashable.swift (in target 'BigInt' from project 'BigInt')

SwiftCompile normal arm64 /Users/j/Documents/GitHub/MoneroOne/build/SourcePackages/checkouts/BigInt/Sources/GCD.swift (in target 'BigInt' from project 'BigInt')
    cd /Users/j/Documents/GitHub/MoneroOne/MoneroOne.xcodeproj
    

SwiftCompile normal arm64 /Users/j/Documents/GitHub/MoneroOne/build/SourcePackages/checkouts/BigInt/Sources/Hashable.swift (in target 'BigInt' from project 'BigInt')
    cd /Users/j/Documents/GitHub/MoneroOne/MoneroOne.xcodeproj
    

SwiftCompile normal arm64 Compiling\ Exponentiation.swift,\ Floating\ Point\ Conversion.swift /Users/j/Documents/GitHub/MoneroOne/build/SourcePackages/checkouts/BigInt/Sources/Exponentiation.swift /Users/j/Documents/GitHub/MoneroOne/build/SourcePackages/checkouts/BigInt/Sources/Floating\ Point\ Conversion.swift (in target 'BigInt' from project 'BigInt')

SwiftCompile normal arm64 /Users/j/Documents/GitHub/MoneroOne/build/SourcePackages/checkouts/BigInt/Sources/Exponentiation.swift (in target 'BigInt' from project 'BigInt')
    cd /Users/j/Documents/GitHub/MoneroOne/MoneroOne.xcodeproj
    

SwiftCompile normal arm64 /Users/j/Documents/GitHub/MoneroOne/build/SourcePackages/checkouts/BigInt/Sources/Floating\ Point\ Conversion.swift (in target 'BigInt' from project 'BigInt')
    cd /Users/j/Documents/GitHub/MoneroOne/MoneroOne.xcodeproj
    

SwiftCompile normal arm64 Compiling\ Addition.swift,\ BigInt.swift /Users/j/Documents/GitHub/MoneroOne/build/SourcePackages/checkouts/BigInt/Sources/Addition.swift /Users/j/Documents/GitHub/MoneroOne/build/SourcePackages/checkouts/BigInt/Sources/BigInt.swift (in target 'BigInt' from project 'BigInt')

SwiftCompile normal arm64 /Users/j/Documents/GitHub/MoneroOne/build/SourcePackages/checkouts/BigInt/Sources/Addition.swift (in target 'BigInt' from project 'BigInt')
    cd /Users/j/Documents/GitHub/MoneroOne/MoneroOne.xcodeproj
    

SwiftCompile normal arm64 /Users/j/Documents/GitHub/MoneroOne/build/SourcePackages/checkouts/BigInt/Sources/BigInt.swift (in target 'BigInt' from project 'BigInt')
    cd /Users/j/Documents/GitHub/MoneroOne/MoneroOne.xcodeproj
    

CompileC /Users/j/Documents/GitHub/MoneroOne/build/Build/Intermediates.noindex/swift-crypto.build/Debug-iphonesimulator/CCryptoBoringSSL.build/Objects-normal/arm64/a_bitstr.o /Users/j/Documents/GitHub/MoneroOne/build/SourcePackages/checkouts/swift-crypto/Sources/CCryptoBoringSSL/crypto/asn1/a_bitstr.c normal arm64 c com.apple.compilers.llvm.clang.1_0.compiler (in target 'CCryptoBoringSSL' from project 'swift-crypto')
    cd /Users/j/Documents/GitHub/MoneroOne/MoneroOne.xcodeproj
    
    Using response file: /Users/j/Documents/GitHub/MoneroOne/build/Build/Intermediates.noindex/swift-crypto.build/Debug-iphonesimulator/CCryptoBoringSSL.build/Objects-normal/arm64/7187679823f38a2a940e0043cdf9d637-common-args.resp
    
    /Applications/Xcode.app/Contents/Developer/Toolchains/XcodeDefault.xctoolchain/usr/bin/clang -x c -ivfsstatcache /Users/j/Documents/GitHub/MoneroOne/build/SDKStatCaches.noindex/iphonesimulator26.1-23B77-90cf18a4295e390e64c810bc6bd7acbc.sdkstatcache -fmessage-length\=0 -fdiagnostics-show-note-include-stack -fmacro-backtrace-limit\=0 -fno-color-diagnostics -fmodules-prune-interval\=86400 -fmodules-prune-after\=345600 -fbuild-session-file\=/Users/j/Documents/GitHub/MoneroOne/build/ModuleCache.noindex/Session.modulevalidation -fmodules-validate-once-per-build-session -Wnon-modular-include-in-framework-module -Werror\=non-modular-include-in-framework-module -Wno-trigraphs -Wno-missing-field-initializers -Wno-missing-prototypes -Wno-return-type -Wno-missing-braces -Wparentheses -Wswitch -Wno-unused-function -Wno-unused-label -Wno-unused-parameter -Wno-unused-variable -Wunused-value -Wno-empty-body -Wno-uninitialized -Wno-unknown-pragmas -w -Wno-shadow -Wno-four-char-constants -Wno-conversion -Wno-constant-conversion -Wno-int-conversion -Wno-bool-conversion -Wno-enum-conversion -Wno-float-conversion -Wno-non-literal-null-conversion -Wno-objc-literal-conversion -Wshorten-64-to-32 -Wpointer-sign -Wno-newline-eof -Wno-implicit-fallthrough -fstrict-aliasing -Wdeprecated-declarations -Wno-sign-conversion -Wno-infinite-recursion -Wno-comma -Wno-block-capture-autoreleasing -Wno-strict-prototypes -Wno-semicolon-before-method-body -index-store-path /Users/j/Documents/GitHub/MoneroOne/build/Index.noindex/DataStore @/Users/j/Documents/GitHub/MoneroOne/build/Build/Intermediates.noindex/swift-crypto.build/Debug-iphonesimulator/CCryptoBoringSSL.build/Objects-normal/arm64/7187679823f38a2a940e0043cdf9d637-common-args.resp -MMD -MT dependencies -MF /Users/j/Documents/GitHub/MoneroOne/build/Build/Intermediates.noindex/swift-crypto.build/Debug-iphonesimulator/CCryptoBoringSSL.build/Objects-normal/arm64/a_bitstr.d --serialize-diagnostics /Users/j/Documents/GitHub/MoneroOne/build/Build/Intermediates.noindex/swift-crypto.build/Debug-iphonesimulator/CCryptoBoringSSL.build/Objects-normal/arm64/a_bitstr.dia -c /Users/j/Documents/GitHub/MoneroOne/build/SourcePackages/checkouts/swift-crypto/Sources/CCryptoBoringSSL/crypto/asn1/a_bitstr.c -o /Users/j/Documents/GitHub/MoneroOne/build/Build/Intermediates.noindex/swift-crypto.build/Debug-iphonesimulator/CCryptoBoringSSL.build/Objects-normal/arm64/a_bitstr.o -index-unit-output-path /swift-crypto.build/Debug-iphonesimulator/CCryptoBoringSSL.build/Objects-normal/arm64/a_bitstr.o

SwiftCompile normal arm64 Compiling\ Strideable.swift,\ String\ Conversion.swift /Users/j/Documents/GitHub/MoneroOne/build/SourcePackages/checkouts/BigInt/Sources/Strideable.swift /Users/j/Documents/GitHub/MoneroOne/build/SourcePackages/checkouts/BigInt/Sources/String\ Conversion.swift (in target 'BigInt' from project 'BigInt')

SwiftCompile normal arm64 /Users/j/Documents/GitHub/MoneroOne/build/SourcePackages/checkouts/BigInt/Sources/Strideable.swift (in target 'BigInt' from project 'BigInt')
    cd /Users/j/Documents/GitHub/MoneroOne/MoneroOne.xcodeproj
    

SwiftCompile normal arm64 /Users/j/Documents/GitHub/MoneroOne/build/SourcePackages/checkouts/BigInt/Sources/String\ Conversion.swift (in target 'BigInt' from project 'BigInt')
    cd /Users/j/Documents/GitHub/MoneroOne/MoneroOne.xcodeproj
    

SwiftCompile normal arm64 Compiling\ Data\ Conversion.swift,\ Division.swift /Users/j/Documents/GitHub/MoneroOne/build/SourcePackages/checkouts/BigInt/Sources/Data\ Conversion.swift /Users/j/Documents/GitHub/MoneroOne/build/SourcePackages/checkouts/BigInt/Sources/Division.swift (in target 'BigInt' from project 'BigInt')

SwiftCompile normal arm64 /Users/j/Documents/GitHub/MoneroOne/build/SourcePackages/checkouts/BigInt/Sources/Data\ Conversion.swift (in target 'BigInt' from project 'BigInt')
    cd /Users/j/Documents/GitHub/MoneroOne/MoneroOne.xcodeproj
    

SwiftCompile normal arm64 /Users/j/Documents/GitHub/MoneroOne/build/SourcePackages/checkouts/BigInt/Sources/Division.swift (in target 'BigInt' from project 'BigInt')
    cd /Users/j/Documents/GitHub/MoneroOne/MoneroOne.xcodeproj
    

SwiftCompile normal arm64 Compiling\ Shifts.swift,\ Square\ Root.swift /Users/j/Documents/GitHub/MoneroOne/build/SourcePackages/checkouts/BigInt/Sources/Shifts.swift /Users/j/Documents/GitHub/MoneroOne/build/SourcePackages/checkouts/BigInt/Sources/Square\ Root.swift (in target 'BigInt' from project 'BigInt')

SwiftCompile normal arm64 /Users/j/Documents/GitHub/MoneroOne/build/SourcePackages/checkouts/BigInt/Sources/Shifts.swift (in target 'BigInt' from project 'BigInt')
    cd /Users/j/Documents/GitHub/MoneroOne/MoneroOne.xcodeproj
    

SwiftCompile normal arm64 /Users/j/Documents/GitHub/MoneroOne/build/SourcePackages/checkouts/BigInt/Sources/Square\ Root.swift (in target 'BigInt' from project 'BigInt')
    cd /Users/j/Documents/GitHub/MoneroOne/MoneroOne.xcodeproj
    

SwiftCompile normal arm64 Compiling\ BigUInt.swift,\ Bitwise\ Ops.swift /Users/j/Documents/GitHub/MoneroOne/build/SourcePackages/checkouts/BigInt/Sources/BigUInt.swift /Users/j/Documents/GitHub/MoneroOne/build/SourcePackages/checkouts/BigInt/Sources/Bitwise\ Ops.swift (in target 'BigInt' from project 'BigInt')

SwiftCompile normal arm64 /Users/j/Documents/GitHub/MoneroOne/build/SourcePackages/checkouts/BigInt/Sources/BigUInt.swift (in target 'BigInt' from project 'BigInt')
    cd /Users/j/Documents/GitHub/MoneroOne/MoneroOne.xcodeproj
    

SwiftCompile normal arm64 /Users/j/Documents/GitHub/MoneroOne/build/SourcePackages/checkouts/BigInt/Sources/Bitwise\ Ops.swift (in target 'BigInt' from project 'BigInt')
    cd /Users/j/Documents/GitHub/MoneroOne/MoneroOne.xcodeproj
    

SwiftCompile normal arm64 Compiling\ Prime\ Test.swift,\ Random.swift /Users/j/Documents/GitHub/MoneroOne/build/SourcePackages/checkouts/BigInt/Sources/Prime\ Test.swift /Users/j/Documents/GitHub/MoneroOne/build/SourcePackages/checkouts/BigInt/Sources/Random.swift (in target 'BigInt' from project 'BigInt')

SwiftCompile normal arm64 /Users/j/Documents/GitHub/MoneroOne/build/SourcePackages/checkouts/BigInt/Sources/Prime\ Test.swift (in target 'BigInt' from project 'BigInt')
    cd /Users/j/Documents/GitHub/MoneroOne/MoneroOne.xcodeproj
    

SwiftCompile normal arm64 /Users/j/Documents/GitHub/MoneroOne/build/SourcePackages/checkouts/BigInt/Sources/Random.swift (in target 'BigInt' from project 'BigInt')
    cd /Users/j/Documents/GitHub/MoneroOne/MoneroOne.xcodeproj
    

SwiftCompile normal arm64 Compiling\ Integer\ Conversion.swift,\ Multiplication.swift /Users/j/Documents/GitHub/MoneroOne/build/SourcePackages/checkouts/BigInt/Sources/Integer\ Conversion.swift /Users/j/Documents/GitHub/MoneroOne/build/SourcePackages/checkouts/BigInt/Sources/Multiplication.swift (in target 'BigInt' from project 'BigInt')

SwiftCompile normal arm64 /Users/j/Documents/GitHub/MoneroOne/build/SourcePackages/checkouts/BigInt/Sources/Integer\ Conversion.swift (in target 'BigInt' from project 'BigInt')
    cd /Users/j/Documents/GitHub/MoneroOne/MoneroOne.xcodeproj
    

SwiftCompile normal arm64 /Users/j/Documents/GitHub/MoneroOne/build/SourcePackages/checkouts/BigInt/Sources/Multiplication.swift (in target 'BigInt' from project 'BigInt')
    cd /Users/j/Documents/GitHub/MoneroOne/MoneroOne.xcodeproj
    

Ld /Users/j/Documents/GitHub/MoneroOne/build/Build/Products/Debug-iphonesimulator/CCryptoBoringSSL.o normal (in target 'CCryptoBoringSSL' from project 'swift-crypto')
    cd /Users/j/Documents/GitHub/MoneroOne/build/SourcePackages/checkouts/swift-crypto
    /Applications/Xcode.app/Contents/Developer/Toolchains/XcodeDefault.xctoolchain/usr/bin/clang -Xlinker -reproducible -target arm64-apple-ios13.0-simulator -r -isysroot /Applications/Xcode.app/Contents/Developer/Platforms/iPhoneSimulator.platform/Developer/SDKs/iPhoneSimulator26.1.sdk -O0 -w -L/Users/j/Documents/GitHub/MoneroOne/build/Build/Intermediates.noindex/EagerLinkingTBDs/Debug-iphonesimulator -L/Users/j/Documents/GitHub/MoneroOne/build/Build/Products/Debug-iphonesimulator -L/Applications/Xcode.app/Contents/Developer/Platforms/iPhoneSimulator.platform/Developer/usr/lib -F/Users/j/Documents/GitHub/MoneroOne/build/Build/Intermediates.noindex/EagerLinkingTBDs/Debug-iphonesimulator -F/Users/j/Documents/GitHub/MoneroOne/build/Build/Products/Debug-iphonesimulator -iframework /Applications/Xcode.app/Contents/Developer/Platforms/iPhoneSimulator.platform/Developer/Library/Frameworks -iframework /Applications/Xcode.app/Contents/Developer/Platforms/iPhoneSimulator.platform/Developer/SDKs/iPhoneSimulator26.1.sdk/Developer/Library/Frameworks -filelist /Users/j/Documents/GitHub/MoneroOne/build/Build/Intermediates.noindex/swift-crypto.build/Debug-iphonesimulator/CCryptoBoringSSL.build/Objects-normal/arm64/CCryptoBoringSSL.LinkFileList -nostdlib -Xlinker -object_path_lto -Xlinker /Users/j/Documents/GitHub/MoneroOne/build/Build/Intermediates.noindex/swift-crypto.build/Debug-iphonesimulator/CCryptoBoringSSL.build/Objects-normal/arm64/CCryptoBoringSSL_lto.o -rdynamic -Xlinker -no_deduplicate -Xlinker -objc_abi_version -Xlinker 2 -Xlinker -dependency_info -Xlinker /Users/j/Documents/GitHub/MoneroOne/build/Build/Intermediates.noindex/swift-crypto.build/Debug-iphonesimulator/CCryptoBoringSSL.build/Objects-normal/arm64/CCryptoBoringSSL_dependency_info.dat -o /Users/j/Documents/GitHub/MoneroOne/build/Build/Products/Debug-iphonesimulator/CCryptoBoringSSL.o

Ld /Users/j/Documents/GitHub/MoneroOne/build/Build/Products/Debug-iphonesimulator/CNIOAtomics.o normal (in target 'CNIOAtomics' from project 'swift-nio')
    cd /Users/j/Documents/GitHub/MoneroOne/build/SourcePackages/checkouts/swift-nio
    /Applications/Xcode.app/Contents/Developer/Toolchains/XcodeDefault.xctoolchain/usr/bin/clang -Xlinker -reproducible -target arm64-apple-ios12.0-simulator -r -isysroot /Applications/Xcode.app/Contents/Developer/Platforms/iPhoneSimulator.platform/Developer/SDKs/iPhoneSimulator26.1.sdk -O0 -w -L/Users/j/Documents/GitHub/MoneroOne/build/Build/Intermediates.noindex/EagerLinkingTBDs/Debug-iphonesimulator -L/Users/j/Documents/GitHub/MoneroOne/build/Build/Products/Debug-iphonesimulator -L/Applications/Xcode.app/Contents/Developer/Platforms/iPhoneSimulator.platform/Developer/usr/lib -F/Users/j/Documents/GitHub/MoneroOne/build/Build/Intermediates.noindex/EagerLinkingTBDs/Debug-iphonesimulator -F/Users/j/Documents/GitHub/MoneroOne/build/Build/Products/Debug-iphonesimulator -iframework /Applications/Xcode.app/Contents/Developer/Platforms/iPhoneSimulator.platform/Developer/Library/Frameworks -iframework /Applications/Xcode.app/Contents/Developer/Platforms/iPhoneSimulator.platform/Developer/SDKs/iPhoneSimulator26.1.sdk/Developer/Library/Frameworks -filelist /Users/j/Documents/GitHub/MoneroOne/build/Build/Intermediates.noindex/swift-nio.build/Debug-iphonesimulator/CNIOAtomics.build/Objects-normal/arm64/CNIOAtomics.LinkFileList -nostdlib -Xlinker -object_path_lto -Xlinker /Users/j/Documents/GitHub/MoneroOne/build/Build/Intermediates.noindex/swift-nio.build/Debug-iphonesimulator/CNIOAtomics.build/Objects-normal/arm64/CNIOAtomics_lto.o -rdynamic -Xlinker -no_deduplicate -Xlinker -objc_abi_version -Xlinker 2 -Xlinker -dependency_info -Xlinker /Users/j/Documents/GitHub/MoneroOne/build/Build/Intermediates.noindex/swift-nio.build/Debug-iphonesimulator/CNIOAtomics.build/Objects-normal/arm64/CNIOAtomics_dependency_info.dat -o /Users/j/Documents/GitHub/MoneroOne/build/Build/Products/Debug-iphonesimulator/CNIOAtomics.o

SwiftDriverJobDiscovery normal arm64 Compiling GCD.swift, Hashable.swift (in target 'BigInt' from project 'BigInt')

SwiftCompile normal arm64 Compiling\ Codable.swift,\ Comparable.swift /Users/j/Documents/GitHub/MoneroOne/build/SourcePackages/checkouts/BigInt/Sources/Codable.swift /Users/j/Documents/GitHub/MoneroOne/build/SourcePackages/checkouts/BigInt/Sources/Comparable.swift (in target 'BigInt' from project 'BigInt')

SwiftCompile normal arm64 /Users/j/Documents/GitHub/MoneroOne/build/SourcePackages/checkouts/BigInt/Sources/Codable.swift (in target 'BigInt' from project 'BigInt')
    cd /Users/j/Documents/GitHub/MoneroOne/MoneroOne.xcodeproj
    

SwiftCompile normal arm64 /Users/j/Documents/GitHub/MoneroOne/build/SourcePackages/checkouts/BigInt/Sources/Comparable.swift (in target 'BigInt' from project 'BigInt')
    cd /Users/j/Documents/GitHub/MoneroOne/MoneroOne.xcodeproj
    

SwiftDriverJobDiscovery normal arm64 Compiling Addition.swift, BigInt.swift (in target 'BigInt' from project 'BigInt')

SwiftCompile normal arm64 Compiling\ Subtraction.swift /Users/j/Documents/GitHub/MoneroOne/build/SourcePackages/checkouts/BigInt/Sources/Subtraction.swift (in target 'BigInt' from project 'BigInt')

SwiftCompile normal arm64 /Users/j/Documents/GitHub/MoneroOne/build/SourcePackages/checkouts/BigInt/Sources/Subtraction.swift (in target 'BigInt' from project 'BigInt')
    cd /Users/j/Documents/GitHub/MoneroOne/MoneroOne.xcodeproj
    

SwiftDriverJobDiscovery normal arm64 Compiling Integer Conversion.swift, Multiplication.swift (in target 'BigInt' from project 'BigInt')

SwiftCompile normal arm64 Compiling\ AtomicReference.swift,\ AtomicStorage.swift /Users/j/Documents/GitHub/MoneroOne/build/SourcePackages/checkouts/swift-atomics/Sources/Atomics/Protocols/AtomicReference.swift /Users/j/Documents/GitHub/MoneroOne/build/SourcePackages/checkouts/swift-atomics/Sources/Atomics/Protocols/AtomicStorage.swift (in target 'Atomics' from project 'swift-atomics')

SwiftCompile normal arm64 /Users/j/Documents/GitHub/MoneroOne/build/SourcePackages/checkouts/swift-atomics/Sources/Atomics/Protocols/AtomicReference.swift (in target 'Atomics' from project 'swift-atomics')
    cd /Users/j/Documents/GitHub/MoneroOne/MoneroOne.xcodeproj
    

SwiftCompile normal arm64 /Users/j/Documents/GitHub/MoneroOne/build/SourcePackages/checkouts/swift-atomics/Sources/Atomics/Protocols/AtomicStorage.swift (in target 'Atomics' from project 'swift-atomics')
    cd /Users/j/Documents/GitHub/MoneroOne/MoneroOne.xcodeproj
    

SwiftCompile normal arm64 Compiling\ AtomicValue.swift,\ AtomicMemoryOrderings.swift /Users/j/Documents/GitHub/MoneroOne/build/SourcePackages/checkouts/swift-atomics/Sources/Atomics/Protocols/AtomicValue.swift /Users/j/Documents/GitHub/MoneroOne/build/SourcePackages/checkouts/swift-atomics/Sources/Atomics/Types/AtomicMemoryOrderings.swift (in target 'Atomics' from project 'swift-atomics')

SwiftCompile normal arm64 /Users/j/Documents/GitHub/MoneroOne/build/SourcePackages/checkouts/swift-atomics/Sources/Atomics/Protocols/AtomicValue.swift (in target 'Atomics' from project 'swift-atomics')
    cd /Users/j/Documents/GitHub/MoneroOne/MoneroOne.xcodeproj
    

SwiftCompile normal arm64 /Users/j/Documents/GitHub/MoneroOne/build/SourcePackages/checkouts/swift-atomics/Sources/Atomics/Types/AtomicMemoryOrderings.swift (in target 'Atomics' from project 'swift-atomics')
    cd /Users/j/Documents/GitHub/MoneroOne/MoneroOne.xcodeproj
    

SwiftCompile normal arm64 Compiling\ Unmanaged\ extensions.swift /Users/j/Documents/GitHub/MoneroOne/build/SourcePackages/checkouts/swift-atomics/Sources/Atomics/Unmanaged\ extensions.swift (in target 'Atomics' from project 'swift-atomics')

SwiftCompile normal arm64 /Users/j/Documents/GitHub/MoneroOne/build/SourcePackages/checkouts/swift-atomics/Sources/Atomics/Unmanaged\ extensions.swift (in target 'Atomics' from project 'swift-atomics')
    cd /Users/j/Documents/GitHub/MoneroOne/MoneroOne.xcodeproj
    

SwiftDriverJobDiscovery normal arm64 Compiling Prime Test.swift, Random.swift (in target 'BigInt' from project 'BigInt')

SwiftCompile normal arm64 Compiling\ UnsafeAtomicLazyReference.swift /Users/j/Documents/GitHub/MoneroOne/build/SourcePackages/checkouts/swift-atomics/Sources/Atomics/Types/UnsafeAtomicLazyReference.swift (in target 'Atomics' from project 'swift-atomics')

SwiftCompile normal arm64 /Users/j/Documents/GitHub/MoneroOne/build/SourcePackages/checkouts/swift-atomics/Sources/Atomics/Types/UnsafeAtomicLazyReference.swift (in target 'Atomics' from project 'swift-atomics')
    cd /Users/j/Documents/GitHub/MoneroOne/MoneroOne.xcodeproj
    

SwiftDriverJobDiscovery normal arm64 Compiling Strideable.swift, String Conversion.swift (in target 'BigInt' from project 'BigInt')

SwiftCompile normal arm64 Compiling\ IntegerOperations.swift /Users/j/Documents/GitHub/MoneroOne/build/SourcePackages/checkouts/swift-atomics/Sources/Atomics/Types/autogenerated/IntegerOperations.swift (in target 'Atomics' from project 'swift-atomics')

SwiftCompile normal arm64 /Users/j/Documents/GitHub/MoneroOne/build/SourcePackages/checkouts/swift-atomics/Sources/Atomics/Types/autogenerated/IntegerOperations.swift (in target 'Atomics' from project 'swift-atomics')
    cd /Users/j/Documents/GitHub/MoneroOne/MoneroOne.xcodeproj
    

SwiftDriverJobDiscovery normal arm64 Compiling AtomicValue.swift, AtomicMemoryOrderings.swift (in target 'Atomics' from project 'swift-atomics')

SwiftCompile normal arm64 Compiling\ AtomicInteger.swift,\ AtomicOptionalWrappable.swift /Users/j/Documents/GitHub/MoneroOne/build/SourcePackages/checkouts/swift-atomics/Sources/Atomics/Protocols/AtomicInteger.swift /Users/j/Documents/GitHub/MoneroOne/build/SourcePackages/checkouts/swift-atomics/Sources/Atomics/Protocols/AtomicOptionalWrappable.swift (in target 'Atomics' from project 'swift-atomics')

SwiftCompile normal arm64 /Users/j/Documents/GitHub/MoneroOne/build/SourcePackages/checkouts/swift-atomics/Sources/Atomics/Protocols/AtomicInteger.swift (in target 'Atomics' from project 'swift-atomics')
    cd /Users/j/Documents/GitHub/MoneroOne/MoneroOne.xcodeproj
    

SwiftCompile normal arm64 /Users/j/Documents/GitHub/MoneroOne/build/SourcePackages/checkouts/swift-atomics/Sources/Atomics/Protocols/AtomicOptionalWrappable.swift (in target 'Atomics' from project 'swift-atomics')
    cd /Users/j/Documents/GitHub/MoneroOne/MoneroOne.xcodeproj
    

SwiftDriverJobDiscovery normal arm64 Compiling Subtraction.swift (in target 'BigInt' from project 'BigInt')

SwiftCompile normal arm64 Compiling\ ManagedAtomicLazyReference.swift /Users/j/Documents/GitHub/MoneroOne/build/SourcePackages/checkouts/swift-atomics/Sources/Atomics/Types/ManagedAtomicLazyReference.swift (in target 'Atomics' from project 'swift-atomics')

SwiftCompile normal arm64 /Users/j/Documents/GitHub/MoneroOne/build/SourcePackages/checkouts/swift-atomics/Sources/Atomics/Types/ManagedAtomicLazyReference.swift (in target 'Atomics' from project 'swift-atomics')
    cd /Users/j/Documents/GitHub/MoneroOne/MoneroOne.xcodeproj
    

SwiftDriverJobDiscovery normal arm64 Compiling Unmanaged extensions.swift (in target 'Atomics' from project 'swift-atomics')

SwiftCompile normal arm64 Compiling\ UnsafeAtomic.swift /Users/j/Documents/GitHub/MoneroOne/build/SourcePackages/checkouts/swift-atomics/Sources/Atomics/Types/UnsafeAtomic.swift (in target 'Atomics' from project 'swift-atomics')

SwiftCompile normal arm64 /Users/j/Documents/GitHub/MoneroOne/build/SourcePackages/checkouts/swift-atomics/Sources/Atomics/Types/UnsafeAtomic.swift (in target 'Atomics' from project 'swift-atomics')
    cd /Users/j/Documents/GitHub/MoneroOne/MoneroOne.xcodeproj
    

SwiftCompile normal arm64 Compiling\ OptionalRawRepresentable.swift,\ RawRepresentable.swift /Users/j/Documents/GitHub/MoneroOne/build/SourcePackages/checkouts/swift-atomics/Sources/Atomics/Conformances/OptionalRawRepresentable.swift /Users/j/Documents/GitHub/MoneroOne/build/SourcePackages/checkouts/swift-atomics/Sources/Atomics/Conformances/RawRepresentable.swift (in target 'Atomics' from project 'swift-atomics')

SwiftCompile normal arm64 /Users/j/Documents/GitHub/MoneroOne/build/SourcePackages/checkouts/swift-atomics/Sources/Atomics/Conformances/OptionalRawRepresentable.swift (in target 'Atomics' from project 'swift-atomics')
    cd /Users/j/Documents/GitHub/MoneroOne/MoneroOne.xcodeproj
    

SwiftCompile normal arm64 /Users/j/Documents/GitHub/MoneroOne/build/SourcePackages/checkouts/swift-atomics/Sources/Atomics/Conformances/RawRepresentable.swift (in target 'Atomics' from project 'swift-atomics')
    cd /Users/j/Documents/GitHub/MoneroOne/MoneroOne.xcodeproj
    

SwiftDriverJobDiscovery normal arm64 Compiling UnsafeAtomicLazyReference.swift (in target 'Atomics' from project 'swift-atomics')

SwiftDriverJobDiscovery normal arm64 Compiling BigUInt.swift, Bitwise Ops.swift (in target 'BigInt' from project 'BigInt')

SwiftCompile normal arm64 Compiling\ DoubleWord.swift,\ ManagedAtomic.swift /Users/j/Documents/GitHub/MoneroOne/build/SourcePackages/checkouts/swift-atomics/Sources/Atomics/Types/DoubleWord.swift /Users/j/Documents/GitHub/MoneroOne/build/SourcePackages/checkouts/swift-atomics/Sources/Atomics/Types/ManagedAtomic.swift (in target 'Atomics' from project 'swift-atomics')

SwiftCompile normal arm64 /Users/j/Documents/GitHub/MoneroOne/build/SourcePackages/checkouts/swift-atomics/Sources/Atomics/Types/DoubleWord.swift (in target 'Atomics' from project 'swift-atomics')
    cd /Users/j/Documents/GitHub/MoneroOne/MoneroOne.xcodeproj
    

SwiftCompile normal arm64 /Users/j/Documents/GitHub/MoneroOne/build/SourcePackages/checkouts/swift-atomics/Sources/Atomics/Types/ManagedAtomic.swift (in target 'Atomics' from project 'swift-atomics')
    cd /Users/j/Documents/GitHub/MoneroOne/MoneroOne.xcodeproj
    

SwiftDriverJobDiscovery normal arm64 Compiling AtomicInteger.swift, AtomicOptionalWrappable.swift (in target 'Atomics' from project 'swift-atomics')

SwiftCompile normal arm64 Compiling\ AtomicBool.swift,\ IntegerConformances.swift /Users/j/Documents/GitHub/MoneroOne/build/SourcePackages/checkouts/swift-atomics/Sources/Atomics/Conformances/autogenerated/AtomicBool.swift /Users/j/Documents/GitHub/MoneroOne/build/SourcePackages/checkouts/swift-atomics/Sources/Atomics/Conformances/autogenerated/IntegerConformances.swift (in target 'Atomics' from project 'swift-atomics')

SwiftCompile normal arm64 /Users/j/Documents/GitHub/MoneroOne/build/SourcePackages/checkouts/swift-atomics/Sources/Atomics/Conformances/autogenerated/AtomicBool.swift (in target 'Atomics' from project 'swift-atomics')
    cd /Users/j/Documents/GitHub/MoneroOne/MoneroOne.xcodeproj
    

SwiftCompile normal arm64 /Users/j/Documents/GitHub/MoneroOne/build/SourcePackages/checkouts/swift-atomics/Sources/Atomics/Conformances/autogenerated/IntegerConformances.swift (in target 'Atomics' from project 'swift-atomics')
    cd /Users/j/Documents/GitHub/MoneroOne/MoneroOne.xcodeproj
    

SwiftDriverJobDiscovery normal arm64 Compiling Exponentiation.swift, Floating Point Conversion.swift (in target 'BigInt' from project 'BigInt')

SwiftCompile normal arm64 Compiling\ PointerConformances.swift,\ Primitives.native.swift /Users/j/Documents/GitHub/MoneroOne/build/SourcePackages/checkouts/swift-atomics/Sources/Atomics/Conformances/autogenerated/PointerConformances.swift /Users/j/Documents/GitHub/MoneroOne/build/SourcePackages/checkouts/swift-atomics/Sources/Atomics/Primitives/autogenerated/Primitives.native.swift (in target 'Atomics' from project 'swift-atomics')

SwiftCompile normal arm64 /Users/j/Documents/GitHub/MoneroOne/build/SourcePackages/checkouts/swift-atomics/Sources/Atomics/Conformances/autogenerated/PointerConformances.swift (in target 'Atomics' from project 'swift-atomics')
    cd /Users/j/Documents/GitHub/MoneroOne/MoneroOne.xcodeproj
    

SwiftCompile normal arm64 /Users/j/Documents/GitHub/MoneroOne/build/SourcePackages/checkouts/swift-atomics/Sources/Atomics/Primitives/autogenerated/Primitives.native.swift (in target 'Atomics' from project 'swift-atomics')
    cd /Users/j/Documents/GitHub/MoneroOne/MoneroOne.xcodeproj
    

SwiftDriverJobDiscovery normal arm64 Compiling Words and Bits.swift (in target 'BigInt' from project 'BigInt')

SwiftCompile normal arm64 Compiling\ CachedResponseHandler.swift,\ Combine.swift,\ Concurrency.swift,\ EventMonitor.swift /Users/j/Documents/GitHub/MoneroOne/build/SourcePackages/checkouts/Alamofire/Source/Features/CachedResponseHandler.swift /Users/j/Documents/GitHub/MoneroOne/build/SourcePackages/checkouts/Alamofire/Source/Features/Combine.swift /Users/j/Documents/GitHub/MoneroOne/build/SourcePackages/checkouts/Alamofire/Source/Features/Concurrency.swift /Users/j/Documents/GitHub/MoneroOne/build/SourcePackages/checkouts/Alamofire/Source/Features/EventMonitor.swift (in target 'Alamofire' from project 'Alamofire')
SwiftCompile normal arm64 /Users/j/Documents/GitHub/MoneroOne/build/SourcePackages/checkouts/Alamofire/Source/Features/CachedResponseHandler.swift (in target 'Alamofire' from project 'Alamofire')
    cd /Users/j/Documents/GitHub/MoneroOne/MoneroOne.xcodeproj
    

SwiftCompile normal arm64 /Users/j/Documents/GitHub/MoneroOne/build/SourcePackages/checkouts/Alamofire/Source/Features/Combine.swift (in target 'Alamofire' from project 'Alamofire')
    cd /Users/j/Documents/GitHub/MoneroOne/MoneroOne.xcodeproj
    

SwiftCompile normal arm64 /Users/j/Documents/GitHub/MoneroOne/build/SourcePackages/checkouts/Alamofire/Source/Features/Concurrency.swift (in target 'Alamofire' from project 'Alamofire')
    cd /Users/j/Documents/GitHub/MoneroOne/MoneroOne.xcodeproj
    

SwiftCompile normal arm64 /Users/j/Documents/GitHub/MoneroOne/build/SourcePackages/checkouts/Alamofire/Source/Features/EventMonitor.swift (in target 'Alamofire' from project 'Alamofire')
    cd /Users/j/Documents/GitHub/MoneroOne/MoneroOne.xcodeproj
    

SwiftDriverJobDiscovery normal arm64 Compiling IntegerOperations.swift (in target 'Atomics' from project 'swift-atomics')

SwiftDriverJobDiscovery normal arm64 Compiling AtomicReference.swift, AtomicStorage.swift (in target 'Atomics' from project 'swift-atomics')

SwiftCompile normal arm64 Compiling\ Request.swift,\ RequestTaskMap.swift,\ Response.swift,\ Session.swift /Users/j/Documents/GitHub/MoneroOne/build/SourcePackages/checkouts/Alamofire/Source/Core/Request.swift /Users/j/Documents/GitHub/MoneroOne/build/SourcePackages/checkouts/Alamofire/Source/Core/RequestTaskMap.swift /Users/j/Documents/GitHub/MoneroOne/build/SourcePackages/checkouts/Alamofire/Source/Core/Response.swift /Users/j/Documents/GitHub/MoneroOne/build/SourcePackages/checkouts/Alamofire/Source/Core/Session.swift (in target 'Alamofire' from project 'Alamofire')
SwiftCompile normal arm64 /Users/j/Documents/GitHub/MoneroOne/build/SourcePackages/checkouts/Alamofire/Source/Core/Request.swift (in target 'Alamofire' from project 'Alamofire')
    cd /Users/j/Documents/GitHub/MoneroOne/MoneroOne.xcodeproj
    

SwiftCompile normal arm64 /Users/j/Documents/GitHub/MoneroOne/build/SourcePackages/checkouts/Alamofire/Source/Core/RequestTaskMap.swift (in target 'Alamofire' from project 'Alamofire')
    cd /Users/j/Documents/GitHub/MoneroOne/MoneroOne.xcodeproj
    

SwiftCompile normal arm64 /Users/j/Documents/GitHub/MoneroOne/build/SourcePackages/checkouts/Alamofire/Source/Core/Response.swift (in target 'Alamofire' from project 'Alamofire')
    cd /Users/j/Documents/GitHub/MoneroOne/MoneroOne.xcodeproj
    

SwiftCompile normal arm64 /Users/j/Documents/GitHub/MoneroOne/build/SourcePackages/checkouts/Alamofire/Source/Core/Session.swift (in target 'Alamofire' from project 'Alamofire')
    cd /Users/j/Documents/GitHub/MoneroOne/MoneroOne.xcodeproj
    

SwiftCompile normal arm64 Compiling\ URLRequest+Alamofire.swift,\ URLSessionConfiguration+Alamofire.swift,\ AlamofireExtended.swift,\ AuthenticationInterceptor.swift /Users/j/Documents/GitHub/MoneroOne/build/SourcePackages/checkouts/Alamofire/Source/Extensions/URLRequest+Alamofire.swift /Users/j/Documents/GitHub/MoneroOne/build/SourcePackages/checkouts/Alamofire/Source/Extensions/URLSessionConfiguration+Alamofire.swift /Users/j/Documents/GitHub/MoneroOne/build/SourcePackages/checkouts/Alamofire/Source/Features/AlamofireExtended.swift /Users/j/Documents/GitHub/MoneroOne/build/SourcePackages/checkouts/Alamofire/Source/Features/AuthenticationInterceptor.swift (in target 'Alamofire' from project 'Alamofire')

SwiftCompile normal arm64 /Users/j/Documents/GitHub/MoneroOne/build/SourcePackages/checkouts/Alamofire/Source/Extensions/URLRequest+Alamofire.swift (in target 'Alamofire' from project 'Alamofire')
    cd /Users/j/Documents/GitHub/MoneroOne/MoneroOne.xcodeproj
    

SwiftCompile normal arm64 /Users/j/Documents/GitHub/MoneroOne/build/SourcePackages/checkouts/Alamofire/Source/Extensions/URLSessionConfiguration+Alamofire.swift (in target 'Alamofire' from project 'Alamofire')
    cd /Users/j/Documents/GitHub/MoneroOne/MoneroOne.xcodeproj
    

SwiftCompile normal arm64 /Users/j/Documents/GitHub/MoneroOne/build/SourcePackages/checkouts/Alamofire/Source/Features/AlamofireExtended.swift (in target 'Alamofire' from project 'Alamofire')
    cd /Users/j/Documents/GitHub/MoneroOne/MoneroOne.xcodeproj
    

SwiftCompile normal arm64 /Users/j/Documents/GitHub/MoneroOne/build/SourcePackages/checkouts/Alamofire/Source/Features/AuthenticationInterceptor.swift (in target 'Alamofire' from project 'Alamofire')
    cd /Users/j/Documents/GitHub/MoneroOne/MoneroOne.xcodeproj
    

SwiftDriverJobDiscovery normal arm64 Compiling ManagedAtomicLazyReference.swift (in target 'Atomics' from project 'swift-atomics')

SwiftCompile normal arm64 Compiling\ MultipartFormData.swift,\ MultipartUpload.swift,\ NetworkReachabilityManager.swift /Users/j/Documents/GitHub/MoneroOne/build/SourcePackages/checkouts/Alamofire/Source/Features/MultipartFormData.swift /Users/j/Documents/GitHub/MoneroOne/build/SourcePackages/checkouts/Alamofire/Source/Features/MultipartUpload.swift /Users/j/Documents/GitHub/MoneroOne/build/SourcePackages/checkouts/Alamofire/Source/Features/NetworkReachabilityManager.swift (in target 'Alamofire' from project 'Alamofire')

SwiftCompile normal arm64 /Users/j/Documents/GitHub/MoneroOne/build/SourcePackages/checkouts/Alamofire/Source/Features/MultipartFormData.swift (in target 'Alamofire' from project 'Alamofire')
    cd /Users/j/Documents/GitHub/MoneroOne/MoneroOne.xcodeproj
    

SwiftCompile normal arm64 /Users/j/Documents/GitHub/MoneroOne/build/SourcePackages/checkouts/Alamofire/Source/Features/MultipartUpload.swift (in target 'Alamofire' from project 'Alamofire')
    cd /Users/j/Documents/GitHub/MoneroOne/MoneroOne.xcodeproj
    

SwiftCompile normal arm64 /Users/j/Documents/GitHub/MoneroOne/build/SourcePackages/checkouts/Alamofire/Source/Features/NetworkReachabilityManager.swift (in target 'Alamofire' from project 'Alamofire')
    cd /Users/j/Documents/GitHub/MoneroOne/MoneroOne.xcodeproj
    

SwiftDriverJobDiscovery normal arm64 Compiling UnsafeAtomic.swift (in target 'Atomics' from project 'swift-atomics')

SwiftCompile normal arm64 Compiling\ DispatchQueue+Alamofire.swift,\ OperationQueue+Alamofire.swift,\ Result+Alamofire.swift,\ StringEncoding+Alamofire.swift /Users/j/Documents/GitHub/MoneroOne/build/SourcePackages/checkouts/Alamofire/Source/Extensions/DispatchQueue+Alamofire.swift /Users/j/Documents/GitHub/MoneroOne/build/SourcePackages/checkouts/Alamofire/Source/Extensions/OperationQueue+Alamofire.swift /Users/j/Documents/GitHub/MoneroOne/build/SourcePackages/checkouts/Alamofire/Source/Extensions/Result+Alamofire.swift /Users/j/Documents/GitHub/MoneroOne/build/SourcePackages/checkouts/Alamofire/Source/Extensions/StringEncoding+Alamofire.swift (in target 'Alamofire' from project 'Alamofire')

SwiftCompile normal arm64 /Users/j/Documents/GitHub/MoneroOne/build/SourcePackages/checkouts/Alamofire/Source/Extensions/DispatchQueue+Alamofire.swift (in target 'Alamofire' from project 'Alamofire')
    cd /Users/j/Documents/GitHub/MoneroOne/MoneroOne.xcodeproj
    

SwiftCompile normal arm64 /Users/j/Documents/GitHub/MoneroOne/build/SourcePackages/checkouts/Alamofire/Source/Extensions/OperationQueue+Alamofire.swift (in target 'Alamofire' from project 'Alamofire')
    cd /Users/j/Documents/GitHub/MoneroOne/MoneroOne.xcodeproj
    

SwiftCompile normal arm64 /Users/j/Documents/GitHub/MoneroOne/build/SourcePackages/checkouts/Alamofire/Source/Extensions/Result+Alamofire.swift (in target 'Alamofire' from project 'Alamofire')
    cd /Users/j/Documents/GitHub/MoneroOne/MoneroOne.xcodeproj
    

SwiftCompile normal arm64 /Users/j/Documents/GitHub/MoneroOne/build/SourcePackages/checkouts/Alamofire/Source/Extensions/StringEncoding+Alamofire.swift (in target 'Alamofire' from project 'Alamofire')
    cd /Users/j/Documents/GitHub/MoneroOne/MoneroOne.xcodeproj
    

SwiftDriverJobDiscovery normal arm64 Compiling Shifts.swift, Square Root.swift (in target 'BigInt' from project 'BigInt')

SwiftCompile normal arm64 Compiling\ resource_bundle_accessor.swift,\ Alamofire.swift,\ AFError.swift,\ DataRequest.swift /Users/j/Documents/GitHub/MoneroOne/build/Build/Intermediates.noindex/Alamofire.build/Debug-iphonesimulator/Alamofire.build/DerivedSources/resource_bundle_accessor.swift /Users/j/Documents/GitHub/MoneroOne/build/SourcePackages/checkouts/Alamofire/Source/Alamofire.swift /Users/j/Documents/GitHub/MoneroOne/build/SourcePackages/checkouts/Alamofire/Source/Core/AFError.swift /Users/j/Documents/GitHub/MoneroOne/build/SourcePackages/checkouts/Alamofire/Source/Core/DataRequest.swift (in target 'Alamofire' from project 'Alamofire')

SwiftCompile normal arm64 /Users/j/Documents/GitHub/MoneroOne/build/Build/Intermediates.noindex/Alamofire.build/Debug-iphonesimulator/Alamofire.build/DerivedSources/resource_bundle_accessor.swift (in target 'Alamofire' from project 'Alamofire')
    cd /Users/j/Documents/GitHub/MoneroOne/MoneroOne.xcodeproj
    

SwiftCompile normal arm64 /Users/j/Documents/GitHub/MoneroOne/build/SourcePackages/checkouts/Alamofire/Source/Alamofire.swift (in target 'Alamofire' from project 'Alamofire')
    cd /Users/j/Documents/GitHub/MoneroOne/MoneroOne.xcodeproj
    

SwiftCompile normal arm64 /Users/j/Documents/GitHub/MoneroOne/build/SourcePackages/checkouts/Alamofire/Source/Core/AFError.swift (in target 'Alamofire' from project 'Alamofire')
    cd /Users/j/Documents/GitHub/MoneroOne/MoneroOne.xcodeproj
    

SwiftCompile normal arm64 /Users/j/Documents/GitHub/MoneroOne/build/SourcePackages/checkouts/Alamofire/Source/Core/DataRequest.swift (in target 'Alamofire' from project 'Alamofire')
    cd /Users/j/Documents/GitHub/MoneroOne/MoneroOne.xcodeproj
    

SwiftDriverJobDiscovery normal arm64 Compiling DoubleWord.swift, ManagedAtomic.swift (in target 'Atomics' from project 'swift-atomics')

SwiftCompile normal arm64 Compiling\ RequestInterceptor.swift,\ ResponseSerialization.swift,\ RetryPolicy.swift /Users/j/Documents/GitHub/MoneroOne/build/SourcePackages/checkouts/Alamofire/Source/Features/RequestInterceptor.swift /Users/j/Documents/GitHub/MoneroOne/build/SourcePackages/checkouts/Alamofire/Source/Features/ResponseSerialization.swift /Users/j/Documents/GitHub/MoneroOne/build/SourcePackages/checkouts/Alamofire/Source/Features/RetryPolicy.swift (in target 'Alamofire' from project 'Alamofire')

SwiftCompile normal arm64 /Users/j/Documents/GitHub/MoneroOne/build/SourcePackages/checkouts/Alamofire/Source/Features/RequestInterceptor.swift (in target 'Alamofire' from project 'Alamofire')
    cd /Users/j/Documents/GitHub/MoneroOne/MoneroOne.xcodeproj
    

SwiftCompile normal arm64 /Users/j/Documents/GitHub/MoneroOne/build/SourcePackages/checkouts/Alamofire/Source/Features/ResponseSerialization.swift (in target 'Alamofire' from project 'Alamofire')
    cd /Users/j/Documents/GitHub/MoneroOne/MoneroOne.xcodeproj
    

SwiftCompile normal arm64 /Users/j/Documents/GitHub/MoneroOne/build/SourcePackages/checkouts/Alamofire/Source/Features/RetryPolicy.swift (in target 'Alamofire' from project 'Alamofire')
    cd /Users/j/Documents/GitHub/MoneroOne/MoneroOne.xcodeproj
    

SwiftDriverJobDiscovery normal arm64 Compiling OptionalRawRepresentable.swift, RawRepresentable.swift (in target 'Atomics' from project 'swift-atomics')

SwiftCompile normal arm64 Compiling\ DataStreamRequest.swift,\ DownloadRequest.swift,\ HTTPHeaders.swift,\ HTTPMethod.swift /Users/j/Documents/GitHub/MoneroOne/build/SourcePackages/checkouts/Alamofire/Source/Core/DataStreamRequest.swift /Users/j/Documents/GitHub/MoneroOne/build/SourcePackages/checkouts/Alamofire/Source/Core/DownloadRequest.swift /Users/j/Documents/GitHub/MoneroOne/build/SourcePackages/checkouts/Alamofire/Source/Core/HTTPHeaders.swift /Users/j/Documents/GitHub/MoneroOne/build/SourcePackages/checkouts/Alamofire/Source/Core/HTTPMethod.swift (in target 'Alamofire' from project 'Alamofire')

SwiftCompile normal arm64 /Users/j/Documents/GitHub/MoneroOne/build/SourcePackages/checkouts/Alamofire/Source/Core/DataStreamRequest.swift (in target 'Alamofire' from project 'Alamofire')
    cd /Users/j/Documents/GitHub/MoneroOne/MoneroOne.xcodeproj
    

SwiftCompile normal arm64 /Users/j/Documents/GitHub/MoneroOne/build/SourcePackages/checkouts/Alamofire/Source/Core/DownloadRequest.swift (in target 'Alamofire' from project 'Alamofire')
    cd /Users/j/Documents/GitHub/MoneroOne/MoneroOne.xcodeproj
    

SwiftCompile normal arm64 /Users/j/Documents/GitHub/MoneroOne/build/SourcePackages/checkouts/Alamofire/Source/Core/HTTPHeaders.swift (in target 'Alamofire' from project 'Alamofire')
    cd /Users/j/Documents/GitHub/MoneroOne/MoneroOne.xcodeproj
    

SwiftCompile normal arm64 /Users/j/Documents/GitHub/MoneroOne/build/SourcePackages/checkouts/Alamofire/Source/Core/HTTPMethod.swift (in target 'Alamofire' from project 'Alamofire')
    cd /Users/j/Documents/GitHub/MoneroOne/MoneroOne.xcodeproj
    

SwiftDriverJobDiscovery normal arm64 Compiling Codable.swift, Comparable.swift (in target 'BigInt' from project 'BigInt')

SwiftCompile normal arm64 Compiling\ Notifications.swift,\ ParameterEncoder.swift,\ ParameterEncoding.swift,\ Protected.swift /Users/j/Documents/GitHub/MoneroOne/build/SourcePackages/checkouts/Alamofire/Source/Core/Notifications.swift /Users/j/Documents/GitHub/MoneroOne/build/SourcePackages/checkouts/Alamofire/Source/Core/ParameterEncoder.swift /Users/j/Documents/GitHub/MoneroOne/build/SourcePackages/checkouts/Alamofire/Source/Core/ParameterEncoding.swift /Users/j/Documents/GitHub/MoneroOne/build/SourcePackages/checkouts/Alamofire/Source/Core/Protected.swift (in target 'Alamofire' from project 'Alamofire')

SwiftCompile normal arm64 /Users/j/Documents/GitHub/MoneroOne/build/SourcePackages/checkouts/Alamofire/Source/Core/Notifications.swift (in target 'Alamofire' from project 'Alamofire')
    cd /Users/j/Documents/GitHub/MoneroOne/MoneroOne.xcodeproj
    

SwiftCompile normal arm64 /Users/j/Documents/GitHub/MoneroOne/build/SourcePackages/checkouts/Alamofire/Source/Core/ParameterEncoder.swift (in target 'Alamofire' from project 'Alamofire')
    cd /Users/j/Documents/GitHub/MoneroOne/MoneroOne.xcodeproj
    

SwiftCompile normal arm64 /Users/j/Documents/GitHub/MoneroOne/build/SourcePackages/checkouts/Alamofire/Source/Core/ParameterEncoding.swift (in target 'Alamofire' from project 'Alamofire')
    cd /Users/j/Documents/GitHub/MoneroOne/MoneroOne.xcodeproj
    

SwiftCompile normal arm64 /Users/j/Documents/GitHub/MoneroOne/build/SourcePackages/checkouts/Alamofire/Source/Core/Protected.swift (in target 'Alamofire' from project 'Alamofire')
    cd /Users/j/Documents/GitHub/MoneroOne/MoneroOne.xcodeproj
    

SwiftDriverJobDiscovery normal arm64 Compiling DispatchQueue+Alamofire.swift, OperationQueue+Alamofire.swift, Result+Alamofire.swift, StringEncoding+Alamofire.swift (in target 'Alamofire' from project 'Alamofire')

SwiftCompile normal arm64 Compiling\ SessionDelegate.swift,\ URLConvertible+URLRequestConvertible.swift,\ UploadRequest.swift,\ WebSocketRequest.swift /Users/j/Documents/GitHub/MoneroOne/build/SourcePackages/checkouts/Alamofire/Source/Core/SessionDelegate.swift /Users/j/Documents/GitHub/MoneroOne/build/SourcePackages/checkouts/Alamofire/Source/Core/URLConvertible+URLRequestConvertible.swift /Users/j/Documents/GitHub/MoneroOne/build/SourcePackages/checkouts/Alamofire/Source/Core/UploadRequest.swift /Users/j/Documents/GitHub/MoneroOne/build/SourcePackages/checkouts/Alamofire/Source/Core/WebSocketRequest.swift (in target 'Alamofire' from project 'Alamofire')

SwiftCompile normal arm64 /Users/j/Documents/GitHub/MoneroOne/build/SourcePackages/checkouts/Alamofire/Source/Core/SessionDelegate.swift (in target 'Alamofire' from project 'Alamofire')
    cd /Users/j/Documents/GitHub/MoneroOne/MoneroOne.xcodeproj
    

SwiftCompile normal arm64 /Users/j/Documents/GitHub/MoneroOne/build/SourcePackages/checkouts/Alamofire/Source/Core/URLConvertible+URLRequestConvertible.swift (in target 'Alamofire' from project 'Alamofire')
    cd /Users/j/Documents/GitHub/MoneroOne/MoneroOne.xcodeproj
    

SwiftCompile normal arm64 /Users/j/Documents/GitHub/MoneroOne/build/SourcePackages/checkouts/Alamofire/Source/Core/UploadRequest.swift (in target 'Alamofire' from project 'Alamofire')
    cd /Users/j/Documents/GitHub/MoneroOne/MoneroOne.xcodeproj
    

SwiftCompile normal arm64 /Users/j/Documents/GitHub/MoneroOne/build/SourcePackages/checkouts/Alamofire/Source/Core/WebSocketRequest.swift (in target 'Alamofire' from project 'Alamofire')
    cd /Users/j/Documents/GitHub/MoneroOne/MoneroOne.xcodeproj
    

SwiftDriverJobDiscovery normal arm64 Compiling Data Conversion.swift, Division.swift (in target 'BigInt' from project 'BigInt')

SwiftDriver\ Compilation BigInt normal arm64 com.apple.xcode.tools.swift.compiler (in target 'BigInt' from project 'BigInt')
    cd /Users/j/Documents/GitHub/MoneroOne/MoneroOne.xcodeproj
    builtin-Swift-Compilation -- /Applications/Xcode.app/Contents/Developer/Toolchains/XcodeDefault.xctoolchain/usr/bin/swiftc -module-name BigInt -Onone -enforce-exclusivity\=checked @/Users/j/Documents/GitHub/MoneroOne/build/Build/Intermediates.noindex/BigInt.build/Debug-iphonesimulator/BigInt.build/Objects-normal/arm64/BigInt.SwiftFileList -DSWIFT_PACKAGE -DDEBUG -DSWIFT_MODULE_RESOURCE_BUNDLE_UNAVAILABLE -DXcode -enable-experimental-feature StrictConcurrency -plugin-path /Applications/Xcode.app/Contents/Developer/Toolchains/XcodeDefault.xctoolchain/usr/lib/swift/host/plugins/testing -enable-experimental-feature DebugDescriptionMacro -sdk /Applications/Xcode.app/Contents/Developer/Platforms/iPhoneSimulator.platform/Developer/SDKs/iPhoneSimulator26.1.sdk -target arm64-apple-ios12.0-simulator -g -module-cache-path /Users/j/Documents/GitHub/MoneroOne/build/ModuleCache.noindex -Xfrontend -serialize-debugging-options -enable-testing -suppress-warnings -index-store-path /Users/j/Documents/GitHub/MoneroOne/build/Index.noindex/DataStore -Xcc -D_LIBCPP_HARDENING_MODE\=_LIBCPP_HARDENING_MODE_DEBUG -swift-version 5 -I /Users/j/Documents/GitHub/MoneroOne/build/Build/Products/Debug-iphonesimulator -Isystem /Applications/Xcode.app/Contents/Developer/Platforms/iPhoneSimulator.platform/Developer/usr/lib -F /Users/j/Documents/GitHub/MoneroOne/build/Build/Products/Debug-iphonesimulator -F /Applications/Xcode.app/Contents/Developer/Platforms/iPhoneSimulator.platform/Developer/Library/Frameworks -F /Applications/Xcode.app/Contents/Developer/Platforms/iPhoneSimulator.platform/Developer/SDKs/iPhoneSimulator26.1.sdk/Developer/Library/Frameworks -c -j12 -enable-batch-mode -incremental -Xcc -ivfsstatcache -Xcc /Users/j/Documents/GitHub/MoneroOne/build/SDKStatCaches.noindex/iphonesimulator26.1-23B77-90cf18a4295e390e64c810bc6bd7acbc.sdkstatcache -output-file-map /Users/j/Documents/GitHub/MoneroOne/build/Build/Intermediates.noindex/BigInt.build/Debug-iphonesimulator/BigInt.build/Objects-normal/arm64/BigInt-OutputFileMap.json -use-frontend-parseable-output -save-temps -no-color-diagnostics -explicit-module-build -module-cache-path /Users/j/Documents/GitHub/MoneroOne/build/Build/Intermediates.noindex/SwiftExplicitPrecompiledModules -clang-scanner-module-cache-path /Users/j/Documents/GitHub/MoneroOne/build/ModuleCache.noindex -sdk-module-cache-path /Users/j/Documents/GitHub/MoneroOne/build/ModuleCache.noindex -serialize-diagnostics -emit-dependencies -emit-module -emit-module-path /Users/j/Documents/GitHub/MoneroOne/build/Build/Intermediates.noindex/BigInt.build/Debug-iphonesimulator/BigInt.build/Objects-normal/arm64/BigInt.swiftmodule -validate-clang-modules-once -clang-build-session-file /Users/j/Documents/GitHub/MoneroOne/build/ModuleCache.noindex/Session.modulevalidation -package-name bigint -Xcc -I/Users/j/Documents/GitHub/MoneroOne/build/Build/Intermediates.noindex/BigInt.build/Debug-iphonesimulator/BigInt.build/swift-overrides.hmap -emit-const-values -Xfrontend -const-gather-protocols-file -Xfrontend /Users/j/Documents/GitHub/MoneroOne/build/Build/Intermediates.noindex/BigInt.build/Debug-iphonesimulator/BigInt.build/Objects-normal/arm64/BigInt_const_extract_protocols.json -Xcc -I/Users/j/Documents/GitHub/MoneroOne/build/Build/Products/Debug-iphonesimulator/include -Xcc -I/Users/j/Documents/GitHub/MoneroOne/build/Build/Intermediates.noindex/BigInt.build/Debug-iphonesimulator/BigInt.build/DerivedSources-normal/arm64 -Xcc -I/Users/j/Documents/GitHub/MoneroOne/build/Build/Intermediates.noindex/BigInt.build/Debug-iphonesimulator/BigInt.build/DerivedSources/arm64 -Xcc -I/Users/j/Documents/GitHub/MoneroOne/build/Build/Intermediates.noindex/BigInt.build/Debug-iphonesimulator/BigInt.build/DerivedSources -Xcc -DSWIFT_PACKAGE -Xcc -DDEBUG\=1 -emit-objc-header -emit-objc-header-path /Users/j/Documents/GitHub/MoneroOne/build/Build/Intermediates.noindex/BigInt.build/Debug-iphonesimulator/BigInt.build/Objects-normal/arm64/BigInt-Swift.h -working-directory /Users/j/Documents/GitHub/MoneroOne/MoneroOne.xcodeproj -experimental-emit-module-separately -disable-cmo

SwiftDriverJobDiscovery normal arm64 Compiling AtomicBool.swift, IntegerConformances.swift (in target 'Atomics' from project 'swift-atomics')

SwiftCompile normal arm64 Compiling\ OfflineRetrier.swift,\ RedirectHandler.swift,\ RequestCompression.swift /Users/j/Documents/GitHub/MoneroOne/build/SourcePackages/checkouts/Alamofire/Source/Features/OfflineRetrier.swift /Users/j/Documents/GitHub/MoneroOne/build/SourcePackages/checkouts/Alamofire/Source/Features/RedirectHandler.swift /Users/j/Documents/GitHub/MoneroOne/build/SourcePackages/checkouts/Alamofire/Source/Features/RequestCompression.swift (in target 'Alamofire' from project 'Alamofire')

SwiftCompile normal arm64 /Users/j/Documents/GitHub/MoneroOne/build/SourcePackages/checkouts/Alamofire/Source/Features/OfflineRetrier.swift (in target 'Alamofire' from project 'Alamofire')
    cd /Users/j/Documents/GitHub/MoneroOne/MoneroOne.xcodeproj
    

SwiftCompile normal arm64 /Users/j/Documents/GitHub/MoneroOne/build/SourcePackages/checkouts/Alamofire/Source/Features/RedirectHandler.swift (in target 'Alamofire' from project 'Alamofire')
    cd /Users/j/Documents/GitHub/MoneroOne/MoneroOne.xcodeproj
    

SwiftCompile normal arm64 /Users/j/Documents/GitHub/MoneroOne/build/SourcePackages/checkouts/Alamofire/Source/Features/RequestCompression.swift (in target 'Alamofire' from project 'Alamofire')
    cd /Users/j/Documents/GitHub/MoneroOne/MoneroOne.xcodeproj
    

SwiftCompile normal arm64 Compiling\ ServerTrustEvaluation.swift,\ URLEncodedFormEncoder.swift,\ Validation.swift /Users/j/Documents/GitHub/MoneroOne/build/SourcePackages/checkouts/Alamofire/Source/Features/ServerTrustEvaluation.swift /Users/j/Documents/GitHub/MoneroOne/build/SourcePackages/checkouts/Alamofire/Source/Features/URLEncodedFormEncoder.swift /Users/j/Documents/GitHub/MoneroOne/build/SourcePackages/checkouts/Alamofire/Source/Features/Validation.swift (in target 'Alamofire' from project 'Alamofire')
SwiftCompile normal arm64 /Users/j/Documents/GitHub/MoneroOne/build/SourcePackages/checkouts/Alamofire/Source/Features/ServerTrustEvaluation.swift (in target 'Alamofire' from project 'Alamofire')
    cd /Users/j/Documents/GitHub/MoneroOne/MoneroOne.xcodeproj
    

SwiftCompile normal arm64 /Users/j/Documents/GitHub/MoneroOne/build/SourcePackages/checkouts/Alamofire/Source/Features/URLEncodedFormEncoder.swift (in target 'Alamofire' from project 'Alamofire')
    cd /Users/j/Documents/GitHub/MoneroOne/MoneroOne.xcodeproj
    

SwiftCompile normal arm64 /Users/j/Documents/GitHub/MoneroOne/build/SourcePackages/checkouts/Alamofire/Source/Features/Validation.swift (in target 'Alamofire' from project 'Alamofire')
    cd /Users/j/Documents/GitHub/MoneroOne/MoneroOne.xcodeproj
    

SwiftDriverJobDiscovery normal arm64 Compiling URLRequest+Alamofire.swift, URLSessionConfiguration+Alamofire.swift, AlamofireExtended.swift, AuthenticationInterceptor.swift (in target 'Alamofire' from project 'Alamofire')

SwiftDriverJobDiscovery normal arm64 Compiling PointerConformances.swift, Primitives.native.swift (in target 'Atomics' from project 'swift-atomics')

SwiftDriverJobDiscovery normal arm64 Compiling RequestInterceptor.swift, ResponseSerialization.swift, RetryPolicy.swift (in target 'Alamofire' from project 'Alamofire')

SwiftDriver\ Compilation Atomics normal arm64 com.apple.xcode.tools.swift.compiler (in target 'Atomics' from project 'swift-atomics')
    cd /Users/j/Documents/GitHub/MoneroOne/MoneroOne.xcodeproj
    builtin-Swift-Compilation -- /Applications/Xcode.app/Contents/Developer/Toolchains/XcodeDefault.xctoolchain/usr/bin/swiftc -module-name Atomics -Onone -enforce-exclusivity\=checked @/Users/j/Documents/GitHub/MoneroOne/build/Build/Intermediates.noindex/swift-atomics.build/Debug-iphonesimulator/Atomics.build/Objects-normal/arm64/Atomics.SwiftFileList -DSWIFT_PACKAGE -DDEBUG -DSWIFT_MODULE_RESOURCE_BUNDLE_UNAVAILABLE -DXcode -enable-experimental-feature BuiltinModule -plugin-path /Applications/Xcode.app/Contents/Developer/Toolchains/XcodeDefault.xctoolchain/usr/lib/swift/host/plugins/testing -enable-experimental-feature DebugDescriptionMacro -sdk /Applications/Xcode.app/Contents/Developer/Platforms/iPhoneSimulator.platform/Developer/SDKs/iPhoneSimulator26.1.sdk -target arm64-apple-ios12.0-simulator -g -module-cache-path /Users/j/Documents/GitHub/MoneroOne/build/ModuleCache.noindex -Xfrontend -serialize-debugging-options -enable-testing -suppress-warnings -index-store-path /Users/j/Documents/GitHub/MoneroOne/build/Index.noindex/DataStore -Xcc -D_LIBCPP_HARDENING_MODE\=_LIBCPP_HARDENING_MODE_DEBUG -swift-version 5 -I /Users/j/Documents/GitHub/MoneroOne/build/Build/Products/Debug-iphonesimulator -Isystem /Applications/Xcode.app/Contents/Developer/Platforms/iPhoneSimulator.platform/Developer/usr/lib -F /Users/j/Documents/GitHub/MoneroOne/build/Build/Products/Debug-iphonesimulator/PackageFrameworks -F /Users/j/Documents/GitHub/MoneroOne/build/Build/Products/Debug-iphonesimulator -F /Applications/Xcode.app/Contents/Developer/Platforms/iPhoneSimulator.platform/Developer/Library/Frameworks -F /Applications/Xcode.app/Contents/Developer/Platforms/iPhoneSimulator.platform/Developer/SDKs/iPhoneSimulator26.1.sdk/Developer/Library/Frameworks -c -j12 -enable-batch-mode -incremental -Xcc -ivfsstatcache -Xcc /Users/j/Documents/GitHub/MoneroOne/build/SDKStatCaches.noindex/iphonesimulator26.1-23B77-90cf18a4295e390e64c810bc6bd7acbc.sdkstatcache -output-file-map /Users/j/Documents/GitHub/MoneroOne/build/Build/Intermediates.noindex/swift-atomics.build/Debug-iphonesimulator/Atomics.build/Objects-normal/arm64/Atomics-OutputFileMap.json -use-frontend-parseable-output -save-temps -no-color-diagnostics -explicit-module-build -module-cache-path /Users/j/Documents/GitHub/MoneroOne/build/Build/Intermediates.noindex/SwiftExplicitPrecompiledModules -clang-scanner-module-cache-path /Users/j/Documents/GitHub/MoneroOne/build/ModuleCache.noindex -sdk-module-cache-path /Users/j/Documents/GitHub/MoneroOne/build/ModuleCache.noindex -serialize-diagnostics -emit-dependencies -emit-module -emit-module-path /Users/j/Documents/GitHub/MoneroOne/build/Build/Intermediates.noindex/swift-atomics.build/Debug-iphonesimulator/Atomics.build/Objects-normal/arm64/Atomics.swiftmodule -validate-clang-modules-once -clang-build-session-file /Users/j/Documents/GitHub/MoneroOne/build/ModuleCache.noindex/Session.modulevalidation -package-name swift_atomics -Xcc -I/Users/j/Documents/GitHub/MoneroOne/build/Build/Intermediates.noindex/swift-atomics.build/Debug-iphonesimulator/Atomics.build/swift-overrides.hmap -emit-const-values -Xfrontend -const-gather-protocols-file -Xfrontend /Users/j/Documents/GitHub/MoneroOne/build/Build/Intermediates.noindex/swift-atomics.build/Debug-iphonesimulator/Atomics.build/Objects-normal/arm64/Atomics_const_extract_protocols.json -Xcc -I/Users/j/Documents/GitHub/MoneroOne/build/SourcePackages/checkouts/swift-atomics/Sources/_AtomicsShims/include -Xcc -I/Users/j/Documents/GitHub/MoneroOne/build/Build/Products/Debug-iphonesimulator/include -Xcc -I/Users/j/Documents/GitHub/MoneroOne/build/Build/Intermediates.noindex/swift-atomics.build/Debug-iphonesimulator/Atomics.build/DerivedSources-normal/arm64 -Xcc -I/Users/j/Documents/GitHub/MoneroOne/build/Build/Intermediates.noindex/swift-atomics.build/Debug-iphonesimulator/Atomics.build/DerivedSources/arm64 -Xcc -I/Users/j/Documents/GitHub/MoneroOne/build/Build/Intermediates.noindex/swift-atomics.build/Debug-iphonesimulator/Atomics.build/DerivedSources -Xcc -DSWIFT_PACKAGE -Xcc -DDEBUG\=1 -emit-objc-header -emit-objc-header-path /Users/j/Documents/GitHub/MoneroOne/build/Build/Intermediates.noindex/swift-atomics.build/Debug-iphonesimulator/Atomics.build/Objects-normal/arm64/Atomics-Swift.h -working-directory /Users/j/Documents/GitHub/MoneroOne/MoneroOne.xcodeproj -experimental-emit-module-separately -disable-cmo

Ld /Users/j/Documents/GitHub/MoneroOne/build/Build/Products/Debug-iphonesimulator/_NIODataStructures.o normal (in target '_NIODataStructures' from project 'swift-nio')
    cd /Users/j/Documents/GitHub/MoneroOne/build/SourcePackages/checkouts/swift-nio
    /Applications/Xcode.app/Contents/Developer/Toolchains/XcodeDefault.xctoolchain/usr/bin/clang -Xlinker -reproducible -target arm64-apple-ios12.0-simulator -r -isysroot /Applications/Xcode.app/Contents/Developer/Platforms/iPhoneSimulator.platform/Developer/SDKs/iPhoneSimulator26.1.sdk -O0 -w -L/Users/j/Documents/GitHub/MoneroOne/build/Build/Intermediates.noindex/EagerLinkingTBDs/Debug-iphonesimulator -L/Users/j/Documents/GitHub/MoneroOne/build/Build/Products/Debug-iphonesimulator -L/Applications/Xcode.app/Contents/Developer/Platforms/iPhoneSimulator.platform/Developer/usr/lib -F/Users/j/Documents/GitHub/MoneroOne/build/Build/Intermediates.noindex/EagerLinkingTBDs/Debug-iphonesimulator -F/Users/j/Documents/GitHub/MoneroOne/build/Build/Products/Debug-iphonesimulator -iframework /Applications/Xcode.app/Contents/Developer/Platforms/iPhoneSimulator.platform/Developer/Library/Frameworks -iframework /Applications/Xcode.app/Contents/Developer/Platforms/iPhoneSimulator.platform/Developer/SDKs/iPhoneSimulator26.1.sdk/Developer/Library/Frameworks -filelist /Users/j/Documents/GitHub/MoneroOne/build/Build/Intermediates.noindex/swift-nio.build/Debug-iphonesimulator/_NIODataStructures.build/Objects-normal/arm64/_NIODataStructures.LinkFileList -nostdlib -Xlinker -object_path_lto -Xlinker /Users/j/Documents/GitHub/MoneroOne/build/Build/Intermediates.noindex/swift-nio.build/Debug-iphonesimulator/_NIODataStructures.build/Objects-normal/arm64/_NIODataStructures_lto.o -rdynamic -Xlinker -no_deduplicate -Xlinker -objc_abi_version -Xlinker 2 -Xlinker -dependency_info -Xlinker /Users/j/Documents/GitHub/MoneroOne/build/Build/Intermediates.noindex/swift-nio.build/Debug-iphonesimulator/_NIODataStructures.build/Objects-normal/arm64/_NIODataStructures_dependency_info.dat -fobjc-link-runtime -L/Applications/Xcode.app/Contents/Developer/Toolchains/XcodeDefault.xctoolchain/usr/lib/swift/iphonesimulator -L/usr/lib/swift -Xlinker -add_ast_path -Xlinker /Users/j/Documents/GitHub/MoneroOne/build/Build/Intermediates.noindex/swift-nio.build/Debug-iphonesimulator/_NIODataStructures.build/Objects-normal/arm64/_NIODataStructures.swiftmodule @/Users/j/Documents/GitHub/MoneroOne/build/Build/Intermediates.noindex/swift-nio.build/Debug-iphonesimulator/_NIODataStructures.build/Objects-normal/arm64/_NIODataStructures-linker-args.resp -o /Users/j/Documents/GitHub/MoneroOne/build/Build/Products/Debug-iphonesimulator/_NIODataStructures.o

Ld /Users/j/Documents/GitHub/MoneroOne/build/Build/Products/Debug-iphonesimulator/_NIOBase64.o normal (in target '_NIOBase64' from project 'swift-nio')
    cd /Users/j/Documents/GitHub/MoneroOne/build/SourcePackages/checkouts/swift-nio
    /Applications/Xcode.app/Contents/Developer/Toolchains/XcodeDefault.xctoolchain/usr/bin/clang -Xlinker -reproducible -target arm64-apple-ios12.0-simulator -r -isysroot /Applications/Xcode.app/Contents/Developer/Platforms/iPhoneSimulator.platform/Developer/SDKs/iPhoneSimulator26.1.sdk -O0 -w -L/Users/j/Documents/GitHub/MoneroOne/build/Build/Intermediates.noindex/EagerLinkingTBDs/Debug-iphonesimulator -L/Users/j/Documents/GitHub/MoneroOne/build/Build/Products/Debug-iphonesimulator -L/Applications/Xcode.app/Contents/Developer/Platforms/iPhoneSimulator.platform/Developer/usr/lib -F/Users/j/Documents/GitHub/MoneroOne/build/Build/Intermediates.noindex/EagerLinkingTBDs/Debug-iphonesimulator -F/Users/j/Documents/GitHub/MoneroOne/build/Build/Products/Debug-iphonesimulator -iframework /Applications/Xcode.app/Contents/Developer/Platforms/iPhoneSimulator.platform/Developer/Library/Frameworks -iframework /Applications/Xcode.app/Contents/Developer/Platforms/iPhoneSimulator.platform/Developer/SDKs/iPhoneSimulator26.1.sdk/Developer/Library/Frameworks -filelist /Users/j/Documents/GitHub/MoneroOne/build/Build/Intermediates.noindex/swift-nio.build/Debug-iphonesimulator/_NIOBase64.build/Objects-normal/arm64/_NIOBase64.LinkFileList -nostdlib -Xlinker -object_path_lto -Xlinker /Users/j/Documents/GitHub/MoneroOne/build/Build/Intermediates.noindex/swift-nio.build/Debug-iphonesimulator/_NIOBase64.build/Objects-normal/arm64/_NIOBase64_lto.o -rdynamic -Xlinker -no_deduplicate -Xlinker -objc_abi_version -Xlinker 2 -Xlinker -dependency_info -Xlinker /Users/j/Documents/GitHub/MoneroOne/build/Build/Intermediates.noindex/swift-nio.build/Debug-iphonesimulator/_NIOBase64.build/Objects-normal/arm64/_NIOBase64_dependency_info.dat -fobjc-link-runtime -L/Applications/Xcode.app/Contents/Developer/Toolchains/XcodeDefault.xctoolchain/usr/lib/swift/iphonesimulator -L/usr/lib/swift -Xlinker -add_ast_path -Xlinker /Users/j/Documents/GitHub/MoneroOne/build/Build/Intermediates.noindex/swift-nio.build/Debug-iphonesimulator/_NIOBase64.build/Objects-normal/arm64/_NIOBase64.swiftmodule @/Users/j/Documents/GitHub/MoneroOne/build/Build/Intermediates.noindex/swift-nio.build/Debug-iphonesimulator/_NIOBase64.build/Objects-normal/arm64/_NIOBase64-linker-args.resp -o /Users/j/Documents/GitHub/MoneroOne/build/Build/Products/Debug-iphonesimulator/_NIOBase64.o

Ld /Users/j/Documents/GitHub/MoneroOne/build/Build/Products/Debug-iphonesimulator/ObjectMapper.o normal (in target 'ObjectMapper' from project 'ObjectMapper')
    cd /Users/j/Documents/GitHub/MoneroOne/build/SourcePackages/checkouts/ObjectMapper
    /Applications/Xcode.app/Contents/Developer/Toolchains/XcodeDefault.xctoolchain/usr/bin/clang -Xlinker -reproducible -target arm64-apple-ios13.0-simulator -r -isysroot /Applications/Xcode.app/Contents/Developer/Platforms/iPhoneSimulator.platform/Developer/SDKs/iPhoneSimulator26.1.sdk -O0 -w -L/Users/j/Documents/GitHub/MoneroOne/build/Build/Intermediates.noindex/EagerLinkingTBDs/Debug-iphonesimulator -L/Users/j/Documents/GitHub/MoneroOne/build/Build/Products/Debug-iphonesimulator -L/Applications/Xcode.app/Contents/Developer/Platforms/iPhoneSimulator.platform/Developer/usr/lib -F/Users/j/Documents/GitHub/MoneroOne/build/Build/Intermediates.noindex/EagerLinkingTBDs/Debug-iphonesimulator -F/Users/j/Documents/GitHub/MoneroOne/build/Build/Products/Debug-iphonesimulator -iframework /Applications/Xcode.app/Contents/Developer/Platforms/iPhoneSimulator.platform/Developer/Library/Frameworks -iframework /Applications/Xcode.app/Contents/Developer/Platforms/iPhoneSimulator.platform/Developer/SDKs/iPhoneSimulator26.1.sdk/Developer/Library/Frameworks -filelist /Users/j/Documents/GitHub/MoneroOne/build/Build/Intermediates.noindex/ObjectMapper.build/Debug-iphonesimulator/ObjectMapper.build/Objects-normal/arm64/ObjectMapper.LinkFileList -nostdlib -Xlinker -object_path_lto -Xlinker /Users/j/Documents/GitHub/MoneroOne/build/Build/Intermediates.noindex/ObjectMapper.build/Debug-iphonesimulator/ObjectMapper.build/Objects-normal/arm64/ObjectMapper_lto.o -rdynamic -Xlinker -no_deduplicate -Xlinker -objc_abi_version -Xlinker 2 -Xlinker -dependency_info -Xlinker /Users/j/Documents/GitHub/MoneroOne/build/Build/Intermediates.noindex/ObjectMapper.build/Debug-iphonesimulator/ObjectMapper.build/Objects-normal/arm64/ObjectMapper_dependency_info.dat -fobjc-link-runtime -L/Applications/Xcode.app/Contents/Developer/Toolchains/XcodeDefault.xctoolchain/usr/lib/swift/iphonesimulator -L/usr/lib/swift -Xlinker -add_ast_path -Xlinker /Users/j/Documents/GitHub/MoneroOne/build/Build/Intermediates.noindex/ObjectMapper.build/Debug-iphonesimulator/ObjectMapper.build/Objects-normal/arm64/ObjectMapper.swiftmodule @/Users/j/Documents/GitHub/MoneroOne/build/Build/Intermediates.noindex/ObjectMapper.build/Debug-iphonesimulator/ObjectMapper.build/Objects-normal/arm64/ObjectMapper-linker-args.resp -o /Users/j/Documents/GitHub/MoneroOne/build/Build/Products/Debug-iphonesimulator/ObjectMapper.o

Ld /Users/j/Documents/GitHub/MoneroOne/build/Build/Products/Debug-iphonesimulator/MoneroOneWidgets.appex/MoneroOneWidgets.debug.dylib normal (in target 'MoneroOneWidgets' from project 'MoneroOne')
    cd /Users/j/Documents/GitHub/MoneroOne
    /Applications/Xcode.app/Contents/Developer/Toolchains/XcodeDefault.xctoolchain/usr/bin/clang -Xlinker -reproducible -target arm64-apple-ios26.0-simulator -dynamiclib -isysroot /Applications/Xcode.app/Contents/Developer/Platforms/iPhoneSimulator.platform/Developer/SDKs/iPhoneSimulator26.1.sdk -O0 -L/Users/j/Documents/GitHub/MoneroOne/build/Build/Intermediates.noindex/EagerLinkingTBDs/Debug-iphonesimulator -L/Users/j/Documents/GitHub/MoneroOne/build/Build/Products/Debug-iphonesimulator -F/Users/j/Documents/GitHub/MoneroOne/build/Build/Intermediates.noindex/EagerLinkingTBDs/Debug-iphonesimulator -F/Users/j/Documents/GitHub/MoneroOne/build/Build/Products/Debug-iphonesimulator -filelist /Users/j/Documents/GitHub/MoneroOne/build/Build/Intermediates.noindex/MoneroOne.build/Debug-iphonesimulator/MoneroOneWidgets.build/Objects-normal/arm64/MoneroOneWidgets.LinkFileList -install_name @rpath/MoneroOneWidgets.debug.dylib -Xlinker -rpath -Xlinker @executable_path/Frameworks -Xlinker -rpath -Xlinker @executable_path/../../Frameworks -dead_strip -Xlinker -object_path_lto -Xlinker /Users/j/Documents/GitHub/MoneroOne/build/Build/Intermediates.noindex/MoneroOne.build/Debug-iphonesimulator/MoneroOneWidgets.build/Objects-normal/arm64/MoneroOneWidgets_lto.o -rdynamic -Xlinker -no_deduplicate -Xlinker -objc_abi_version -Xlinker 2 -Xlinker -dependency_info -Xlinker /Users/j/Documents/GitHub/MoneroOne/build/Build/Intermediates.noindex/MoneroOne.build/Debug-iphonesimulator/MoneroOneWidgets.build/Objects-normal/arm64/MoneroOneWidgets_dependency_info.dat -fapplication-extension -fobjc-link-runtime -L/Applications/Xcode.app/Contents/Developer/Toolchains/XcodeDefault.xctoolchain/usr/lib/swift/iphonesimulator -L/usr/lib/swift -Xlinker -add_ast_path -Xlinker /Users/j/Documents/GitHub/MoneroOne/build/Build/Intermediates.noindex/MoneroOne.build/Debug-iphonesimulator/MoneroOneWidgets.build/Objects-normal/arm64/MoneroOneWidgets.swiftmodule @/Users/j/Documents/GitHub/MoneroOne/build/Build/Intermediates.noindex/MoneroOne.build/Debug-iphonesimulator/MoneroOneWidgets.build/Objects-normal/arm64/MoneroOneWidgets-linker-args.resp -Xlinker -alias -Xlinker _NSExtensionMain -Xlinker ___debug_main_executable_dylib_entry_point -Xlinker -no_adhoc_codesign -o /Users/j/Documents/GitHub/MoneroOne/build/Build/Products/Debug-iphonesimulator/MoneroOneWidgets.appex/MoneroOneWidgets.debug.dylib

Ld /Users/j/Documents/GitHub/MoneroOne/build/Build/Products/Debug-iphonesimulator/InternalCollectionsUtilities.o normal (in target 'InternalCollectionsUtilities' from project 'swift-collections')
    cd /Users/j/Documents/GitHub/MoneroOne/build/SourcePackages/checkouts/swift-collections
    /Applications/Xcode.app/Contents/Developer/Toolchains/XcodeDefault.xctoolchain/usr/bin/clang -Xlinker -reproducible -target arm64-apple-ios12.0-simulator -r -isysroot /Applications/Xcode.app/Contents/Developer/Platforms/iPhoneSimulator.platform/Developer/SDKs/iPhoneSimulator26.1.sdk -O0 -w -L/Users/j/Documents/GitHub/MoneroOne/build/Build/Intermediates.noindex/EagerLinkingTBDs/Debug-iphonesimulator -L/Users/j/Documents/GitHub/MoneroOne/build/Build/Products/Debug-iphonesimulator -L/Applications/Xcode.app/Contents/Developer/Platforms/iPhoneSimulator.platform/Developer/usr/lib -F/Users/j/Documents/GitHub/MoneroOne/build/Build/Intermediates.noindex/EagerLinkingTBDs/Debug-iphonesimulator -F/Users/j/Documents/GitHub/MoneroOne/build/Build/Products/Debug-iphonesimulator -iframework /Applications/Xcode.app/Contents/Developer/Platforms/iPhoneSimulator.platform/Developer/Library/Frameworks -iframework /Applications/Xcode.app/Contents/Developer/Platforms/iPhoneSimulator.platform/Developer/SDKs/iPhoneSimulator26.1.sdk/Developer/Library/Frameworks -filelist /Users/j/Documents/GitHub/MoneroOne/build/Build/Intermediates.noindex/swift-collections.build/Debug-iphonesimulator/InternalCollectionsUtilities.build/Objects-normal/arm64/InternalCollectionsUtilities.LinkFileList -nostdlib -Xlinker -object_path_lto -Xlinker /Users/j/Documents/GitHub/MoneroOne/build/Build/Intermediates.noindex/swift-collections.build/Debug-iphonesimulator/InternalCollectionsUtilities.build/Objects-normal/arm64/InternalCollectionsUtilities_lto.o -rdynamic -Xlinker -no_deduplicate -Xlinker -objc_abi_version -Xlinker 2 -Xlinker -dependency_info -Xlinker /Users/j/Documents/GitHub/MoneroOne/build/Build/Intermediates.noindex/swift-collections.build/Debug-iphonesimulator/InternalCollectionsUtilities.build/Objects-normal/arm64/InternalCollectionsUtilities_dependency_info.dat -fobjc-link-runtime -L/Applications/Xcode.app/Contents/Developer/Toolchains/XcodeDefault.xctoolchain/usr/lib/swift/iphonesimulator -L/usr/lib/swift -Xlinker -add_ast_path -Xlinker /Users/j/Documents/GitHub/MoneroOne/build/Build/Intermediates.noindex/swift-collections.build/Debug-iphonesimulator/InternalCollectionsUtilities.build/Objects-normal/arm64/InternalCollectionsUtilities.swiftmodule @/Users/j/Documents/GitHub/MoneroOne/build/Build/Intermediates.noindex/swift-collections.build/Debug-iphonesimulator/InternalCollectionsUtilities.build/Objects-normal/arm64/InternalCollectionsUtilities-linker-args.resp -o /Users/j/Documents/GitHub/MoneroOne/build/Build/Products/Debug-iphonesimulator/InternalCollectionsUtilities.o

Ld /Users/j/Documents/GitHub/MoneroOne/build/Build/Products/Debug-iphonesimulator/HsExtensions.o normal (in target 'HsExtensions' from project 'HsExtensions.Swift')
    cd /Users/j/Documents/GitHub/MoneroOne/build/SourcePackages/checkouts/HsExtensions.Swift
    /Applications/Xcode.app/Contents/Developer/Toolchains/XcodeDefault.xctoolchain/usr/bin/clang -Xlinker -reproducible -target arm64-apple-ios13.0-simulator -r -isysroot /Applications/Xcode.app/Contents/Developer/Platforms/iPhoneSimulator.platform/Developer/SDKs/iPhoneSimulator26.1.sdk -O0 -w -L/Users/j/Documents/GitHub/MoneroOne/build/Build/Intermediates.noindex/EagerLinkingTBDs/Debug-iphonesimulator -L/Users/j/Documents/GitHub/MoneroOne/build/Build/Products/Debug-iphonesimulator -L/Applications/Xcode.app/Contents/Developer/Platforms/iPhoneSimulator.platform/Developer/usr/lib -F/Users/j/Documents/GitHub/MoneroOne/build/Build/Intermediates.noindex/EagerLinkingTBDs/Debug-iphonesimulator -F/Users/j/Documents/GitHub/MoneroOne/build/Build/Products/Debug-iphonesimulator -iframework /Applications/Xcode.app/Contents/Developer/Platforms/iPhoneSimulator.platform/Developer/Library/Frameworks -iframework /Applications/Xcode.app/Contents/Developer/Platforms/iPhoneSimulator.platform/Developer/SDKs/iPhoneSimulator26.1.sdk/Developer/Library/Frameworks -filelist /Users/j/Documents/GitHub/MoneroOne/build/Build/Intermediates.noindex/HsExtensions.Swift.build/Debug-iphonesimulator/HsExtensions.build/Objects-normal/arm64/HsExtensions.LinkFileList -nostdlib -Xlinker -object_path_lto -Xlinker /Users/j/Documents/GitHub/MoneroOne/build/Build/Intermediates.noindex/HsExtensions.Swift.build/Debug-iphonesimulator/HsExtensions.build/Objects-normal/arm64/HsExtensions_lto.o -rdynamic -Xlinker -no_deduplicate -Xlinker -objc_abi_version -Xlinker 2 -Xlinker -dependency_info -Xlinker /Users/j/Documents/GitHub/MoneroOne/build/Build/Intermediates.noindex/HsExtensions.Swift.build/Debug-iphonesimulator/HsExtensions.build/Objects-normal/arm64/HsExtensions_dependency_info.dat -fobjc-link-runtime -L/Applications/Xcode.app/Contents/Developer/Toolchains/XcodeDefault.xctoolchain/usr/lib/swift/iphonesimulator -L/usr/lib/swift -Xlinker -add_ast_path -Xlinker /Users/j/Documents/GitHub/MoneroOne/build/Build/Intermediates.noindex/HsExtensions.Swift.build/Debug-iphonesimulator/HsExtensions.build/Objects-normal/arm64/HsExtensions.swiftmodule @/Users/j/Documents/GitHub/MoneroOne/build/Build/Intermediates.noindex/HsExtensions.Swift.build/Debug-iphonesimulator/HsExtensions.build/Objects-normal/arm64/HsExtensions-linker-args.resp -o /Users/j/Documents/GitHub/MoneroOne/build/Build/Products/Debug-iphonesimulator/HsExtensions.o

Ld /Users/j/Documents/GitHub/MoneroOne/build/Build/Products/Debug-iphonesimulator/Crypto.o normal (in target 'Crypto' from project 'swift-crypto')
    cd /Users/j/Documents/GitHub/MoneroOne/build/SourcePackages/checkouts/swift-crypto
    /Applications/Xcode.app/Contents/Developer/Toolchains/XcodeDefault.xctoolchain/usr/bin/clang -Xlinker -reproducible -target arm64-apple-ios13.0-simulator -r -isysroot /Applications/Xcode.app/Contents/Developer/Platforms/iPhoneSimulator.platform/Developer/SDKs/iPhoneSimulator26.1.sdk -O0 -w -L/Users/j/Documents/GitHub/MoneroOne/build/Build/Intermediates.noindex/EagerLinkingTBDs/Debug-iphonesimulator -L/Users/j/Documents/GitHub/MoneroOne/build/Build/Products/Debug-iphonesimulator -L/Applications/Xcode.app/Contents/Developer/Platforms/iPhoneSimulator.platform/Developer/usr/lib -F/Users/j/Documents/GitHub/MoneroOne/build/Build/Intermediates.noindex/EagerLinkingTBDs/Debug-iphonesimulator -F/Users/j/Documents/GitHub/MoneroOne/build/Build/Products/Debug-iphonesimulator -iframework /Applications/Xcode.app/Contents/Developer/Platforms/iPhoneSimulator.platform/Developer/Library/Frameworks -iframework /Applications/Xcode.app/Contents/Developer/Platforms/iPhoneSimulator.platform/Developer/SDKs/iPhoneSimulator26.1.sdk/Developer/Library/Frameworks -filelist /Users/j/Documents/GitHub/MoneroOne/build/Build/Intermediates.noindex/swift-crypto.build/Debug-iphonesimulator/Crypto.build/Objects-normal/arm64/Crypto.LinkFileList -nostdlib -Xlinker -object_path_lto -Xlinker /Users/j/Documents/GitHub/MoneroOne/build/Build/Intermediates.noindex/swift-crypto.build/Debug-iphonesimulator/Crypto.build/Objects-normal/arm64/Crypto_lto.o -rdynamic -Xlinker -no_deduplicate -Xlinker -objc_abi_version -Xlinker 2 -Xlinker -dependency_info -Xlinker /Users/j/Documents/GitHub/MoneroOne/build/Build/Intermediates.noindex/swift-crypto.build/Debug-iphonesimulator/Crypto.build/Objects-normal/arm64/Crypto_dependency_info.dat -fobjc-link-runtime -L/Applications/Xcode.app/Contents/Developer/Toolchains/XcodeDefault.xctoolchain/usr/lib/swift/iphonesimulator -L/usr/lib/swift -Xlinker -add_ast_path -Xlinker /Users/j/Documents/GitHub/MoneroOne/build/Build/Intermediates.noindex/swift-crypto.build/Debug-iphonesimulator/Crypto.build/Objects-normal/arm64/Crypto.swiftmodule @/Users/j/Documents/GitHub/MoneroOne/build/Build/Intermediates.noindex/swift-crypto.build/Debug-iphonesimulator/Crypto.build/Objects-normal/arm64/Crypto-linker-args.resp -o /Users/j/Documents/GitHub/MoneroOne/build/Build/Products/Debug-iphonesimulator/Crypto.o

Ld /Users/j/Documents/GitHub/MoneroOne/build/Build/Products/Debug-iphonesimulator/BigInt.o normal (in target 'BigInt' from project 'BigInt')
    cd /Users/j/Documents/GitHub/MoneroOne/build/SourcePackages/checkouts/BigInt
    /Applications/Xcode.app/Contents/Developer/Toolchains/XcodeDefault.xctoolchain/usr/bin/clang -Xlinker -reproducible -target arm64-apple-ios12.0-simulator -r -isysroot /Applications/Xcode.app/Contents/Developer/Platforms/iPhoneSimulator.platform/Developer/SDKs/iPhoneSimulator26.1.sdk -O0 -w -L/Users/j/Documents/GitHub/MoneroOne/build/Build/Intermediates.noindex/EagerLinkingTBDs/Debug-iphonesimulator -L/Users/j/Documents/GitHub/MoneroOne/build/Build/Products/Debug-iphonesimulator -L/Applications/Xcode.app/Contents/Developer/Platforms/iPhoneSimulator.platform/Developer/usr/lib -F/Users/j/Documents/GitHub/MoneroOne/build/Build/Intermediates.noindex/EagerLinkingTBDs/Debug-iphonesimulator -F/Users/j/Documents/GitHub/MoneroOne/build/Build/Products/Debug-iphonesimulator -iframework /Applications/Xcode.app/Contents/Developer/Platforms/iPhoneSimulator.platform/Developer/Library/Frameworks -iframework /Applications/Xcode.app/Contents/Developer/Platforms/iPhoneSimulator.platform/Developer/SDKs/iPhoneSimulator26.1.sdk/Developer/Library/Frameworks -filelist /Users/j/Documents/GitHub/MoneroOne/build/Build/Intermediates.noindex/BigInt.build/Debug-iphonesimulator/BigInt.build/Objects-normal/arm64/BigInt.LinkFileList -nostdlib -Xlinker -object_path_lto -Xlinker /Users/j/Documents/GitHub/MoneroOne/build/Build/Intermediates.noindex/BigInt.build/Debug-iphonesimulator/BigInt.build/Objects-normal/arm64/BigInt_lto.o -rdynamic -Xlinker -no_deduplicate -Xlinker -objc_abi_version -Xlinker 2 -Xlinker -dependency_info -Xlinker /Users/j/Documents/GitHub/MoneroOne/build/Build/Intermediates.noindex/BigInt.build/Debug-iphonesimulator/BigInt.build/Objects-normal/arm64/BigInt_dependency_info.dat -fobjc-link-runtime -L/Applications/Xcode.app/Contents/Developer/Toolchains/XcodeDefault.xctoolchain/usr/lib/swift/iphonesimulator -L/usr/lib/swift -Xlinker -add_ast_path -Xlinker /Users/j/Documents/GitHub/MoneroOne/build/Build/Intermediates.noindex/BigInt.build/Debug-iphonesimulator/BigInt.build/Objects-normal/arm64/BigInt.swiftmodule @/Users/j/Documents/GitHub/MoneroOne/build/Build/Intermediates.noindex/BigInt.build/Debug-iphonesimulator/BigInt.build/Objects-normal/arm64/BigInt-linker-args.resp -o /Users/j/Documents/GitHub/MoneroOne/build/Build/Products/Debug-iphonesimulator/BigInt.o

SwiftDriverJobDiscovery normal arm64 Compiling Notifications.swift, ParameterEncoder.swift, ParameterEncoding.swift, Protected.swift (in target 'Alamofire' from project 'Alamofire')

ExtractAppIntentsMetadata (in target '_NIODataStructures' from project 'swift-nio')
    cd /Users/j/Documents/GitHub/MoneroOne/build/SourcePackages/checkouts/swift-nio
    /Applications/Xcode.app/Contents/Developer/Toolchains/XcodeDefault.xctoolchain/usr/bin/appintentsmetadataprocessor --toolchain-dir /Applications/Xcode.app/Contents/Developer/Toolchains/XcodeDefault.xctoolchain --module-name _NIODataStructures --sdk-root /Applications/Xcode.app/Contents/Developer/Platforms/iPhoneSimulator.platform/Developer/SDKs/iPhoneSimulator26.1.sdk --xcode-version 17B100 --platform-family iOS --deployment-target 12.0 --bundle-identifier swift-nio.-NIODataStructures --output /Users/j/Documents/GitHub/MoneroOne/build/Build/Products/Debug-iphonesimulator/_NIODataStructures.appintents --target-triple arm64-apple-ios12.0-simulator --binary-file /Users/j/Documents/GitHub/MoneroOne/build/Build/Products/Debug-iphonesimulator/_NIODataStructures.o --dependency-file /Users/j/Documents/GitHub/MoneroOne/build/Build/Intermediates.noindex/swift-nio.build/Debug-iphonesimulator/_NIODataStructures.build/Objects-normal/arm64/_NIODataStructures_dependency_info.dat --stringsdata-file /Users/j/Documents/GitHub/MoneroOne/build/Build/Intermediates.noindex/swift-nio.build/Debug-iphonesimulator/_NIODataStructures.build/Objects-normal/arm64/ExtractedAppShortcutsMetadata.stringsdata --source-file-list /Users/j/Documents/GitHub/MoneroOne/build/Build/Intermediates.noindex/swift-nio.build/Debug-iphonesimulator/_NIODataStructures.build/Objects-normal/arm64/_NIODataStructures.SwiftFileList --metadata-file-list /Users/j/Documents/GitHub/MoneroOne/build/Build/Intermediates.noindex/swift-nio.build/Debug-iphonesimulator/_NIODataStructures.build/_NIODataStructures.DependencyMetadataFileList --static-metadata-file-list /Users/j/Documents/GitHub/MoneroOne/build/Build/Intermediates.noindex/swift-nio.build/Debug-iphonesimulator/_NIODataStructures.build/_NIODataStructures.DependencyStaticMetadataFileList --swift-const-vals-list /Users/j/Documents/GitHub/MoneroOne/build/Build/Intermediates.noindex/swift-nio.build/Debug-iphonesimulator/_NIODataStructures.build/Objects-normal/arm64/_NIODataStructures.SwiftConstValuesFileList --force --compile-time-extraction --deployment-aware-processing --validate-assistant-intents --no-app-shortcuts-localization
2026-01-18 15:26:04.544 appintentsmetadataprocessor[3726:39109375] Starting appintentsmetadataprocessor export
2026-01-18 15:26:04.671 appintentsmetadataprocessor[3726:39109375] Extracted no relevant App Intents symbols, skipping writing output

ExtractAppIntentsMetadata (in target '_NIOBase64' from project 'swift-nio')
    cd /Users/j/Documents/GitHub/MoneroOne/build/SourcePackages/checkouts/swift-nio
    /Applications/Xcode.app/Contents/Developer/Toolchains/XcodeDefault.xctoolchain/usr/bin/appintentsmetadataprocessor --toolchain-dir /Applications/Xcode.app/Contents/Developer/Toolchains/XcodeDefault.xctoolchain --module-name _NIOBase64 --sdk-root /Applications/Xcode.app/Contents/Developer/Platforms/iPhoneSimulator.platform/Developer/SDKs/iPhoneSimulator26.1.sdk --xcode-version 17B100 --platform-family iOS --deployment-target 12.0 --bundle-identifier swift-nio.-NIOBase64 --output /Users/j/Documents/GitHub/MoneroOne/build/Build/Products/Debug-iphonesimulator/_NIOBase64.appintents --target-triple arm64-apple-ios12.0-simulator --binary-file /Users/j/Documents/GitHub/MoneroOne/build/Build/Products/Debug-iphonesimulator/_NIOBase64.o --dependency-file /Users/j/Documents/GitHub/MoneroOne/build/Build/Intermediates.noindex/swift-nio.build/Debug-iphonesimulator/_NIOBase64.build/Objects-normal/arm64/_NIOBase64_dependency_info.dat --stringsdata-file /Users/j/Documents/GitHub/MoneroOne/build/Build/Intermediates.noindex/swift-nio.build/Debug-iphonesimulator/_NIOBase64.build/Objects-normal/arm64/ExtractedAppShortcutsMetadata.stringsdata --source-file-list /Users/j/Documents/GitHub/MoneroOne/build/Build/Intermediates.noindex/swift-nio.build/Debug-iphonesimulator/_NIOBase64.build/Objects-normal/arm64/_NIOBase64.SwiftFileList --metadata-file-list /Users/j/Documents/GitHub/MoneroOne/build/Build/Intermediates.noindex/swift-nio.build/Debug-iphonesimulator/_NIOBase64.build/_NIOBase64.DependencyMetadataFileList --static-metadata-file-list /Users/j/Documents/GitHub/MoneroOne/build/Build/Intermediates.noindex/swift-nio.build/Debug-iphonesimulator/_NIOBase64.build/_NIOBase64.DependencyStaticMetadataFileList --swift-const-vals-list /Users/j/Documents/GitHub/MoneroOne/build/Build/Intermediates.noindex/swift-nio.build/Debug-iphonesimulator/_NIOBase64.build/Objects-normal/arm64/_NIOBase64.SwiftConstValuesFileList --force --compile-time-extraction --deployment-aware-processing --validate-assistant-intents --no-app-shortcuts-localization
2026-01-18 15:26:04.543 appintentsmetadataprocessor[3727:39109389] Starting appintentsmetadataprocessor export
2026-01-18 15:26:04.671 appintentsmetadataprocessor[3727:39109389] Extracted no relevant App Intents symbols, skipping writing output

ExtractAppIntentsMetadata (in target 'ObjectMapper' from project 'ObjectMapper')
    cd /Users/j/Documents/GitHub/MoneroOne/build/SourcePackages/checkouts/ObjectMapper
    /Applications/Xcode.app/Contents/Developer/Toolchains/XcodeDefault.xctoolchain/usr/bin/appintentsmetadataprocessor --toolchain-dir /Applications/Xcode.app/Contents/Developer/Toolchains/XcodeDefault.xctoolchain --module-name ObjectMapper --sdk-root /Applications/Xcode.app/Contents/Developer/Platforms/iPhoneSimulator.platform/Developer/SDKs/iPhoneSimulator26.1.sdk --xcode-version 17B100 --platform-family iOS --deployment-target 13.0 --bundle-identifier objectmapper.ObjectMapper --output /Users/j/Documents/GitHub/MoneroOne/build/Build/Products/Debug-iphonesimulator/ObjectMapper.appintents --target-triple arm64-apple-ios13.0-simulator --binary-file /Users/j/Documents/GitHub/MoneroOne/build/Build/Products/Debug-iphonesimulator/ObjectMapper.o --dependency-file /Users/j/Documents/GitHub/MoneroOne/build/Build/Intermediates.noindex/ObjectMapper.build/Debug-iphonesimulator/ObjectMapper.build/Objects-normal/arm64/ObjectMapper_dependency_info.dat --stringsdata-file /Users/j/Documents/GitHub/MoneroOne/build/Build/Intermediates.noindex/ObjectMapper.build/Debug-iphonesimulator/ObjectMapper.build/Objects-normal/arm64/ExtractedAppShortcutsMetadata.stringsdata --source-file-list /Users/j/Documents/GitHub/MoneroOne/build/Build/Intermediates.noindex/ObjectMapper.build/Debug-iphonesimulator/ObjectMapper.build/Objects-normal/arm64/ObjectMapper.SwiftFileList --metadata-file-list /Users/j/Documents/GitHub/MoneroOne/build/Build/Intermediates.noindex/ObjectMapper.build/Debug-iphonesimulator/ObjectMapper.build/ObjectMapper.DependencyMetadataFileList --static-metadata-file-list /Users/j/Documents/GitHub/MoneroOne/build/Build/Intermediates.noindex/ObjectMapper.build/Debug-iphonesimulator/ObjectMapper.build/ObjectMapper.DependencyStaticMetadataFileList --swift-const-vals-list /Users/j/Documents/GitHub/MoneroOne/build/Build/Intermediates.noindex/ObjectMapper.build/Debug-iphonesimulator/ObjectMapper.build/Objects-normal/arm64/ObjectMapper.SwiftConstValuesFileList --force --compile-time-extraction --deployment-aware-processing --validate-assistant-intents --no-app-shortcuts-localization
2026-01-18 15:26:04.571 appintentsmetadataprocessor[3728:39109391] Starting appintentsmetadataprocessor export
2026-01-18 15:26:04.688 appintentsmetadataprocessor[3728:39109391] Extracted no relevant App Intents symbols, skipping writing output

SwiftDriverJobDiscovery normal arm64 Compiling MultipartFormData.swift, MultipartUpload.swift, NetworkReachabilityManager.swift (in target 'Alamofire' from project 'Alamofire')

ExtractAppIntentsMetadata (in target 'InternalCollectionsUtilities' from project 'swift-collections')
    cd /Users/j/Documents/GitHub/MoneroOne/build/SourcePackages/checkouts/swift-collections
    /Applications/Xcode.app/Contents/Developer/Toolchains/XcodeDefault.xctoolchain/usr/bin/appintentsmetadataprocessor --toolchain-dir /Applications/Xcode.app/Contents/Developer/Toolchains/XcodeDefault.xctoolchain --module-name InternalCollectionsUtilities --sdk-root /Applications/Xcode.app/Contents/Developer/Platforms/iPhoneSimulator.platform/Developer/SDKs/iPhoneSimulator26.1.sdk --xcode-version 17B100 --platform-family iOS --deployment-target 12.0 --bundle-identifier swift-collections.InternalCollectionsUtilities --output /Users/j/Documents/GitHub/MoneroOne/build/Build/Products/Debug-iphonesimulator/InternalCollectionsUtilities.appintents --target-triple arm64-apple-ios12.0-simulator --binary-file /Users/j/Documents/GitHub/MoneroOne/build/Build/Products/Debug-iphonesimulator/InternalCollectionsUtilities.o --dependency-file /Users/j/Documents/GitHub/MoneroOne/build/Build/Intermediates.noindex/swift-collections.build/Debug-iphonesimulator/InternalCollectionsUtilities.build/Objects-normal/arm64/InternalCollectionsUtilities_dependency_info.dat --stringsdata-file /Users/j/Documents/GitHub/MoneroOne/build/Build/Intermediates.noindex/swift-collections.build/Debug-iphonesimulator/InternalCollectionsUtilities.build/Objects-normal/arm64/ExtractedAppShortcutsMetadata.stringsdata --source-file-list /Users/j/Documents/GitHub/MoneroOne/build/Build/Intermediates.noindex/swift-collections.build/Debug-iphonesimulator/InternalCollectionsUtilities.build/Objects-normal/arm64/InternalCollectionsUtilities.SwiftFileList --metadata-file-list /Users/j/Documents/GitHub/MoneroOne/build/Build/Intermediates.noindex/swift-collections.build/Debug-iphonesimulator/InternalCollectionsUtilities.build/InternalCollectionsUtilities.DependencyMetadataFileList --static-metadata-file-list /Users/j/Documents/GitHub/MoneroOne/build/Build/Intermediates.noindex/swift-collections.build/Debug-iphonesimulator/InternalCollectionsUtilities.build/InternalCollectionsUtilities.DependencyStaticMetadataFileList --swift-const-vals-list /Users/j/Documents/GitHub/MoneroOne/build/Build/Intermediates.noindex/swift-collections.build/Debug-iphonesimulator/InternalCollectionsUtilities.build/Objects-normal/arm64/InternalCollectionsUtilities.SwiftConstValuesFileList --force --compile-time-extraction --deployment-aware-processing --validate-assistant-intents --no-app-shortcuts-localization
2026-01-18 15:26:04.582 appintentsmetadataprocessor[3729:39109397] Starting appintentsmetadataprocessor export
2026-01-18 15:26:04.706 appintentsmetadataprocessor[3729:39109397] Extracted no relevant App Intents symbols, skipping writing output

SwiftDriverJobDiscovery normal arm64 Compiling resource_bundle_accessor.swift, Configuration.swift, Cursor.swift, Database+Schema.swift, Database+Statements.swift, Database.swift, DatabaseBackupProgress.swift, DatabaseCollation.swift, DatabaseError.swift, DatabaseFunction.swift, DatabasePool.swift, DatabasePublishers.swift, DatabaseQueue.swift, DatabaseReader.swift (in target 'GRDB' from project 'GRDB')

ExtractAppIntentsMetadata (in target 'HsExtensions' from project 'HsExtensions.Swift')
    cd /Users/j/Documents/GitHub/MoneroOne/build/SourcePackages/checkouts/HsExtensions.Swift
    /Applications/Xcode.app/Contents/Developer/Toolchains/XcodeDefault.xctoolchain/usr/bin/appintentsmetadataprocessor --toolchain-dir /Applications/Xcode.app/Contents/Developer/Toolchains/XcodeDefault.xctoolchain --module-name HsExtensions --sdk-root /Applications/Xcode.app/Contents/Developer/Platforms/iPhoneSimulator.platform/Developer/SDKs/iPhoneSimulator26.1.sdk --xcode-version 17B100 --platform-family iOS --deployment-target 13.0 --bundle-identifier hsextensions.swift.HsExtensions --output /Users/j/Documents/GitHub/MoneroOne/build/Build/Products/Debug-iphonesimulator/HsExtensions.appintents --target-triple arm64-apple-ios13.0-simulator --binary-file /Users/j/Documents/GitHub/MoneroOne/build/Build/Products/Debug-iphonesimulator/HsExtensions.o --dependency-file /Users/j/Documents/GitHub/MoneroOne/build/Build/Intermediates.noindex/HsExtensions.Swift.build/Debug-iphonesimulator/HsExtensions.build/Objects-normal/arm64/HsExtensions_dependency_info.dat --stringsdata-file /Users/j/Documents/GitHub/MoneroOne/build/Build/Intermediates.noindex/HsExtensions.Swift.build/Debug-iphonesimulator/HsExtensions.build/Objects-normal/arm64/ExtractedAppShortcutsMetadata.stringsdata --source-file-list /Users/j/Documents/GitHub/MoneroOne/build/Build/Intermediates.noindex/HsExtensions.Swift.build/Debug-iphonesimulator/HsExtensions.build/Objects-normal/arm64/HsExtensions.SwiftFileList --metadata-file-list /Users/j/Documents/GitHub/MoneroOne/build/Build/Intermediates.noindex/HsExtensions.Swift.build/Debug-iphonesimulator/HsExtensions.build/HsExtensions.DependencyMetadataFileList --static-metadata-file-list /Users/j/Documents/GitHub/MoneroOne/build/Build/Intermediates.noindex/HsExtensions.Swift.build/Debug-iphonesimulator/HsExtensions.build/HsExtensions.DependencyStaticMetadataFileList --swift-const-vals-list /Users/j/Documents/GitHub/MoneroOne/build/Build/Intermediates.noindex/HsExtensions.Swift.build/Debug-iphonesimulator/HsExtensions.build/Objects-normal/arm64/HsExtensions.SwiftConstValuesFileList --force --compile-time-extraction --deployment-aware-processing --validate-assistant-intents --no-app-shortcuts-localization
2026-01-18 15:26:04.645 appintentsmetadataprocessor[3730:39109402] Starting appintentsmetadataprocessor export
2026-01-18 15:26:04.776 appintentsmetadataprocessor[3730:39109402] Extracted no relevant App Intents symbols, skipping writing output

SwiftDriverJobDiscovery normal arm64 Compiling resource_bundle_accessor.swift, Alamofire.swift, AFError.swift, DataRequest.swift (in target 'Alamofire' from project 'Alamofire')

ExtractAppIntentsMetadata (in target 'Crypto' from project 'swift-crypto')
    cd /Users/j/Documents/GitHub/MoneroOne/build/SourcePackages/checkouts/swift-crypto
    /Applications/Xcode.app/Contents/Developer/Toolchains/XcodeDefault.xctoolchain/usr/bin/appintentsmetadataprocessor --toolchain-dir /Applications/Xcode.app/Contents/Developer/Toolchains/XcodeDefault.xctoolchain --module-name Crypto --sdk-root /Applications/Xcode.app/Contents/Developer/Platforms/iPhoneSimulator.platform/Developer/SDKs/iPhoneSimulator26.1.sdk --xcode-version 17B100 --platform-family iOS --deployment-target 13.0 --bundle-identifier swift-crypto.Crypto --output /Users/j/Documents/GitHub/MoneroOne/build/Build/Products/Debug-iphonesimulator/Crypto.appintents --target-triple arm64-apple-ios13.0-simulator --binary-file /Users/j/Documents/GitHub/MoneroOne/build/Build/Products/Debug-iphonesimulator/Crypto.o --dependency-file /Users/j/Documents/GitHub/MoneroOne/build/Build/Intermediates.noindex/swift-crypto.build/Debug-iphonesimulator/Crypto.build/Objects-normal/arm64/Crypto_dependency_info.dat --stringsdata-file /Users/j/Documents/GitHub/MoneroOne/build/Build/Intermediates.noindex/swift-crypto.build/Debug-iphonesimulator/Crypto.build/Objects-normal/arm64/ExtractedAppShortcutsMetadata.stringsdata --source-file-list /Users/j/Documents/GitHub/MoneroOne/build/Build/Intermediates.noindex/swift-crypto.build/Debug-iphonesimulator/Crypto.build/Objects-normal/arm64/Crypto.SwiftFileList --metadata-file-list /Users/j/Documents/GitHub/MoneroOne/build/Build/Intermediates.noindex/swift-crypto.build/Debug-iphonesimulator/Crypto.build/Crypto.DependencyMetadataFileList --static-metadata-file-list /Users/j/Documents/GitHub/MoneroOne/build/Build/Intermediates.noindex/swift-crypto.build/Debug-iphonesimulator/Crypto.build/Crypto.DependencyStaticMetadataFileList --swift-const-vals-list /Users/j/Documents/GitHub/MoneroOne/build/Build/Intermediates.noindex/swift-crypto.build/Debug-iphonesimulator/Crypto.build/Objects-normal/arm64/Crypto.SwiftConstValuesFileList --force --compile-time-extraction --deployment-aware-processing --validate-assistant-intents --no-app-shortcuts-localization
2026-01-18 15:26:04.693 appintentsmetadataprocessor[3731:39109405] Starting appintentsmetadataprocessor export
2026-01-18 15:26:04.842 appintentsmetadataprocessor[3731:39109405] Extracted no relevant App Intents symbols, skipping writing output

SwiftDriver\ Compilation GRDB normal arm64 com.apple.xcode.tools.swift.compiler (in target 'GRDB' from project 'GRDB')
    cd /Users/j/Documents/GitHub/MoneroOne/MoneroOne.xcodeproj
    builtin-Swift-Compilation -- /Applications/Xcode.app/Contents/Developer/Toolchains/XcodeDefault.xctoolchain/usr/bin/swiftc -module-name GRDB -Onone -enforce-exclusivity\=checked @/Users/j/Documents/GitHub/MoneroOne/build/Build/Intermediates.noindex/GRDB.build/Debug-iphonesimulator/GRDB.build/Objects-normal/arm64/GRDB.SwiftFileList -DSWIFT_PACKAGE -DDEBUG -DSWIFT_MODULE_RESOURCE_BUNDLE_AVAILABLE -DSQLITE_ENABLE_FTS5 -Xcc -fmodule-map-file\=/Users/j/Documents/GitHub/MoneroOne/build/SourcePackages/checkouts/GRDB.swift/Sources/CSQLite/module.modulemap -DXcode -plugin-path /Applications/Xcode.app/Contents/Developer/Toolchains/XcodeDefault.xctoolchain/usr/lib/swift/host/plugins/testing -enable-experimental-feature DebugDescriptionMacro -sdk /Applications/Xcode.app/Contents/Developer/Platforms/iPhoneSimulator.platform/Developer/SDKs/iPhoneSimulator26.1.sdk -target arm64-apple-ios12.0-simulator -g -module-cache-path /Users/j/Documents/GitHub/MoneroOne/build/ModuleCache.noindex -Xfrontend -serialize-debugging-options -enable-testing -suppress-warnings -index-store-path /Users/j/Documents/GitHub/MoneroOne/build/Index.noindex/DataStore -Xcc -D_LIBCPP_HARDENING_MODE\=_LIBCPP_HARDENING_MODE_DEBUG -swift-version 5 -I /Users/j/Documents/GitHub/MoneroOne/build/Build/Products/Debug-iphonesimulator -Isystem /Applications/Xcode.app/Contents/Developer/Platforms/iPhoneSimulator.platform/Developer/usr/lib -F /Users/j/Documents/GitHub/MoneroOne/build/Build/Products/Debug-iphonesimulator -F /Applications/Xcode.app/Contents/Developer/Platforms/iPhoneSimulator.platform/Developer/Library/Frameworks -F /Applications/Xcode.app/Contents/Developer/Platforms/iPhoneSimulator.platform/Developer/SDKs/iPhoneSimulator26.1.sdk/Developer/Library/Frameworks -emit-localized-strings -emit-localized-strings-path /Users/j/Documents/GitHub/MoneroOne/build/Build/Intermediates.noindex/GRDB.build/Debug-iphonesimulator/GRDB.build/Objects-normal/arm64 -c -j12 -enable-batch-mode -incremental -Xcc -ivfsstatcache -Xcc /Users/j/Documents/GitHub/MoneroOne/build/SDKStatCaches.noindex/iphonesimulator26.1-23B77-90cf18a4295e390e64c810bc6bd7acbc.sdkstatcache -output-file-map /Users/j/Documents/GitHub/MoneroOne/build/Build/Intermediates.noindex/GRDB.build/Debug-iphonesimulator/GRDB.build/Objects-normal/arm64/GRDB-OutputFileMap.json -use-frontend-parseable-output -save-temps -no-color-diagnostics -explicit-module-build -module-cache-path /Users/j/Documents/GitHub/MoneroOne/build/Build/Intermediates.noindex/SwiftExplicitPrecompiledModules -clang-scanner-module-cache-path /Users/j/Documents/GitHub/MoneroOne/build/ModuleCache.noindex -sdk-module-cache-path /Users/j/Documents/GitHub/MoneroOne/build/ModuleCache.noindex -serialize-diagnostics -emit-dependencies -emit-module -emit-module-path /Users/j/Documents/GitHub/MoneroOne/build/Build/Intermediates.noindex/GRDB.build/Debug-iphonesimulator/GRDB.build/Objects-normal/arm64/GRDB.swiftmodule -validate-clang-modules-once -clang-build-session-file /Users/j/Documents/GitHub/MoneroOne/build/ModuleCache.noindex/Session.modulevalidation -Xcc -I/Users/j/Documents/GitHub/MoneroOne/build/Build/Intermediates.noindex/GRDB.build/Debug-iphonesimulator/GRDB.build/swift-overrides.hmap -emit-const-values -Xfrontend -const-gather-protocols-file -Xfrontend /Users/j/Documents/GitHub/MoneroOne/build/Build/Intermediates.noindex/GRDB.build/Debug-iphonesimulator/GRDB.build/Objects-normal/arm64/GRDB_const_extract_protocols.json -Xcc -I/Users/j/Documents/GitHub/MoneroOne/build/Build/Products/Debug-iphonesimulator/include -Xcc -I/Users/j/Documents/GitHub/MoneroOne/build/Build/Intermediates.noindex/GRDB.build/Debug-iphonesimulator/GRDB.build/DerivedSources-normal/arm64 -Xcc -I/Users/j/Documents/GitHub/MoneroOne/build/Build/Intermediates.noindex/GRDB.build/Debug-iphonesimulator/GRDB.build/DerivedSources/arm64 -Xcc -I/Users/j/Documents/GitHub/MoneroOne/build/Build/Intermediates.noindex/GRDB.build/Debug-iphonesimulator/GRDB.build/DerivedSources -Xcc -DSWIFT_PACKAGE -Xcc -DDEBUG\=1 -emit-objc-header -emit-objc-header-path /Users/j/Documents/GitHub/MoneroOne/build/Build/Intermediates.noindex/GRDB.build/Debug-iphonesimulator/GRDB.build/Objects-normal/arm64/GRDB-Swift.h -working-directory /Users/j/Documents/GitHub/MoneroOne/MoneroOne.xcodeproj -experimental-emit-module-separately -disable-cmo

Ld /Users/j/Documents/GitHub/MoneroOne/build/Build/Products/Debug-iphonesimulator/GRDB.o normal (in target 'GRDB' from project 'GRDB')
    cd /Users/j/Documents/GitHub/MoneroOne/build/SourcePackages/checkouts/GRDB.swift
    /Applications/Xcode.app/Contents/Developer/Toolchains/XcodeDefault.xctoolchain/usr/bin/clang -Xlinker -reproducible -target arm64-apple-ios12.0-simulator -r -isysroot /Applications/Xcode.app/Contents/Developer/Platforms/iPhoneSimulator.platform/Developer/SDKs/iPhoneSimulator26.1.sdk -O0 -w -L/Users/j/Documents/GitHub/MoneroOne/build/Build/Intermediates.noindex/EagerLinkingTBDs/Debug-iphonesimulator -L/Users/j/Documents/GitHub/MoneroOne/build/Build/Products/Debug-iphonesimulator -L/Applications/Xcode.app/Contents/Developer/Platforms/iPhoneSimulator.platform/Developer/usr/lib -F/Users/j/Documents/GitHub/MoneroOne/build/Build/Intermediates.noindex/EagerLinkingTBDs/Debug-iphonesimulator -F/Users/j/Documents/GitHub/MoneroOne/build/Build/Products/Debug-iphonesimulator -iframework /Applications/Xcode.app/Contents/Developer/Platforms/iPhoneSimulator.platform/Developer/Library/Frameworks -iframework /Applications/Xcode.app/Contents/Developer/Platforms/iPhoneSimulator.platform/Developer/SDKs/iPhoneSimulator26.1.sdk/Developer/Library/Frameworks -filelist /Users/j/Documents/GitHub/MoneroOne/build/Build/Intermediates.noindex/GRDB.build/Debug-iphonesimulator/GRDB.build/Objects-normal/arm64/GRDB.LinkFileList -nostdlib -Xlinker -object_path_lto -Xlinker /Users/j/Documents/GitHub/MoneroOne/build/Build/Intermediates.noindex/GRDB.build/Debug-iphonesimulator/GRDB.build/Objects-normal/arm64/GRDB_lto.o -rdynamic -Xlinker -no_deduplicate -Xlinker -objc_abi_version -Xlinker 2 -Xlinker -dependency_info -Xlinker /Users/j/Documents/GitHub/MoneroOne/build/Build/Intermediates.noindex/GRDB.build/Debug-iphonesimulator/GRDB.build/Objects-normal/arm64/GRDB_dependency_info.dat -fobjc-link-runtime -L/Applications/Xcode.app/Contents/Developer/Toolchains/XcodeDefault.xctoolchain/usr/lib/swift/iphonesimulator -L/usr/lib/swift -Xlinker -add_ast_path -Xlinker /Users/j/Documents/GitHub/MoneroOne/build/Build/Intermediates.noindex/GRDB.build/Debug-iphonesimulator/GRDB.build/Objects-normal/arm64/GRDB.swiftmodule @/Users/j/Documents/GitHub/MoneroOne/build/Build/Intermediates.noindex/GRDB.build/Debug-iphonesimulator/GRDB.build/Objects-normal/arm64/GRDB-linker-args.resp -o /Users/j/Documents/GitHub/MoneroOne/build/Build/Products/Debug-iphonesimulator/GRDB.o

ConstructStubExecutorLinkFileList /Users/j/Documents/GitHub/MoneroOne/build/Build/Intermediates.noindex/MoneroOne.build/Debug-iphonesimulator/MoneroOneWidgets.build/MoneroOneWidgets-ExecutorLinkFileList-normal-arm64.txt (in target 'MoneroOneWidgets' from project 'MoneroOne')
    cd /Users/j/Documents/GitHub/MoneroOne
    construct-stub-executor-link-file-list /Users/j/Documents/GitHub/MoneroOne/build/Build/Products/Debug-iphonesimulator/MoneroOneWidgets.appex/MoneroOneWidgets.debug.dylib /Applications/Xcode.app/Contents/Developer/Platforms/iPhoneSimulator.platform/Developer/usr/lib/libPreviewsJITStubExecutor_no_swift_entry_point.a /Applications/Xcode.app/Contents/Developer/Platforms/iPhoneSimulator.platform/Developer/usr/lib/libPreviewsJITStubExecutor.a --output /Users/j/Documents/GitHub/MoneroOne/build/Build/Intermediates.noindex/MoneroOne.build/Debug-iphonesimulator/MoneroOneWidgets.build/MoneroOneWidgets-ExecutorLinkFileList-normal-arm64.txt
note: Using stub executor library with Swift entry point. (in target 'MoneroOneWidgets' from project 'MoneroOne')

ExtractAppIntentsMetadata (in target 'BigInt' from project 'BigInt')
    cd /Users/j/Documents/GitHub/MoneroOne/build/SourcePackages/checkouts/BigInt
    /Applications/Xcode.app/Contents/Developer/Toolchains/XcodeDefault.xctoolchain/usr/bin/appintentsmetadataprocessor --toolchain-dir /Applications/Xcode.app/Contents/Developer/Toolchains/XcodeDefault.xctoolchain --module-name BigInt --sdk-root /Applications/Xcode.app/Contents/Developer/Platforms/iPhoneSimulator.platform/Developer/SDKs/iPhoneSimulator26.1.sdk --xcode-version 17B100 --platform-family iOS --deployment-target 12.0 --bundle-identifier bigint.BigInt --output /Users/j/Documents/GitHub/MoneroOne/build/Build/Products/Debug-iphonesimulator/BigInt.appintents --target-triple arm64-apple-ios12.0-simulator --binary-file /Users/j/Documents/GitHub/MoneroOne/build/Build/Products/Debug-iphonesimulator/BigInt.o --dependency-file /Users/j/Documents/GitHub/MoneroOne/build/Build/Intermediates.noindex/BigInt.build/Debug-iphonesimulator/BigInt.build/Objects-normal/arm64/BigInt_dependency_info.dat --stringsdata-file /Users/j/Documents/GitHub/MoneroOne/build/Build/Intermediates.noindex/BigInt.build/Debug-iphonesimulator/BigInt.build/Objects-normal/arm64/ExtractedAppShortcutsMetadata.stringsdata --source-file-list /Users/j/Documents/GitHub/MoneroOne/build/Build/Intermediates.noindex/BigInt.build/Debug-iphonesimulator/BigInt.build/Objects-normal/arm64/BigInt.SwiftFileList --metadata-file-list /Users/j/Documents/GitHub/MoneroOne/build/Build/Intermediates.noindex/BigInt.build/Debug-iphonesimulator/BigInt.build/BigInt.DependencyMetadataFileList --static-metadata-file-list /Users/j/Documents/GitHub/MoneroOne/build/Build/Intermediates.noindex/BigInt.build/Debug-iphonesimulator/BigInt.build/BigInt.DependencyStaticMetadataFileList --swift-const-vals-list /Users/j/Documents/GitHub/MoneroOne/build/Build/Intermediates.noindex/BigInt.build/Debug-iphonesimulator/BigInt.build/Objects-normal/arm64/BigInt.SwiftConstValuesFileList --force --compile-time-extraction --deployment-aware-processing --validate-assistant-intents --no-app-shortcuts-localization
2026-01-18 15:26:04.719 appintentsmetadataprocessor[3733:39109415] Starting appintentsmetadataprocessor export
2026-01-18 15:26:04.873 appintentsmetadataprocessor[3733:39109415] Extracted no relevant App Intents symbols, skipping writing output

Ld /Users/j/Documents/GitHub/MoneroOne/build/Build/Products/Debug-iphonesimulator/MoneroOneWidgets.appex/MoneroOneWidgets normal (in target 'MoneroOneWidgets' from project 'MoneroOne')
    cd /Users/j/Documents/GitHub/MoneroOne
    /Applications/Xcode.app/Contents/Developer/Toolchains/XcodeDefault.xctoolchain/usr/bin/clang -Xlinker -reproducible -target arm64-apple-ios26.0-simulator -isysroot /Applications/Xcode.app/Contents/Developer/Platforms/iPhoneSimulator.platform/Developer/SDKs/iPhoneSimulator26.1.sdk -O0 -L/Users/j/Documents/GitHub/MoneroOne/build/Build/Products/Debug-iphonesimulator -F/Users/j/Documents/GitHub/MoneroOne/build/Build/Products/Debug-iphonesimulator -Xlinker -rpath -Xlinker @executable_path -Xlinker -rpath -Xlinker @executable_path/Frameworks -Xlinker -rpath -Xlinker @executable_path/../../Frameworks -rdynamic -Xlinker -no_deduplicate -Xlinker -objc_abi_version -Xlinker 2 -e ___debug_blank_executor_main -Xlinker -sectcreate -Xlinker __TEXT -Xlinker __debug_dylib -Xlinker /Users/j/Documents/GitHub/MoneroOne/build/Build/Intermediates.noindex/MoneroOne.build/Debug-iphonesimulator/MoneroOneWidgets.build/MoneroOneWidgets-DebugDylibPath-normal-arm64.txt -Xlinker -sectcreate -Xlinker __TEXT -Xlinker __debug_entry -Xlinker /Users/j/Documents/GitHub/MoneroOne/build/Build/Intermediates.noindex/MoneroOne.build/Debug-iphonesimulator/MoneroOneWidgets.build/MoneroOneWidgets-DebugEntryPoint-normal-arm64.txt -Xlinker -sectcreate -Xlinker __TEXT -Xlinker __debug_instlnm -Xlinker /Users/j/Documents/GitHub/MoneroOne/build/Build/Intermediates.noindex/MoneroOne.build/Debug-iphonesimulator/MoneroOneWidgets.build/MoneroOneWidgets-DebugDylibInstallName-normal-arm64.txt -Xlinker -filelist -Xlinker /Users/j/Documents/GitHub/MoneroOne/build/Build/Intermediates.noindex/MoneroOne.build/Debug-iphonesimulator/MoneroOneWidgets.build/MoneroOneWidgets-ExecutorLinkFileList-normal-arm64.txt -Xlinker -sectcreate -Xlinker __TEXT -Xlinker __entitlements -Xlinker /Users/j/Documents/GitHub/MoneroOne/build/Build/Intermediates.noindex/MoneroOne.build/Debug-iphonesimulator/MoneroOneWidgets.build/MoneroOneWidgets.appex-Simulated.xcent -Xlinker -sectcreate -Xlinker __TEXT -Xlinker __ents_der -Xlinker /Users/j/Documents/GitHub/MoneroOne/build/Build/Intermediates.noindex/MoneroOne.build/Debug-iphonesimulator/MoneroOneWidgets.build/MoneroOneWidgets.appex-Simulated.xcent.der /Users/j/Documents/GitHub/MoneroOne/build/Build/Products/Debug-iphonesimulator/MoneroOneWidgets.appex/MoneroOneWidgets.debug.dylib -Xlinker -no_adhoc_codesign -o /Users/j/Documents/GitHub/MoneroOne/build/Build/Products/Debug-iphonesimulator/MoneroOneWidgets.appex/MoneroOneWidgets

RegisterExecutionPolicyException /Users/j/Documents/GitHub/MoneroOne/build/Build/Products/Debug-iphonesimulator/secp256k1_bindings.o (in target 'secp256k1_bindings' from project 'secp256k1')
    cd /Users/j/Documents/GitHub/MoneroOne/build/SourcePackages/checkouts/secp256k1.swift
    builtin-RegisterExecutionPolicyException /Users/j/Documents/GitHub/MoneroOne/build/Build/Products/Debug-iphonesimulator/secp256k1_bindings.o

SwiftDriver _CryptoExtras normal arm64 com.apple.xcode.tools.swift.compiler (in target '_CryptoExtras' from project 'swift-crypto')
    cd /Users/j/Documents/GitHub/MoneroOne/MoneroOne.xcodeproj
    builtin-SwiftDriver -- /Applications/Xcode.app/Contents/Developer/Toolchains/XcodeDefault.xctoolchain/usr/bin/swiftc -module-name _CryptoExtras -Onone -enforce-exclusivity\=checked @/Users/j/Documents/GitHub/MoneroOne/build/Build/Intermediates.noindex/swift-crypto.build/Debug-iphonesimulator/_CryptoExtras.build/Objects-normal/arm64/_CryptoExtras.SwiftFileList -DSWIFT_PACKAGE -DDEBUG -DSWIFT_MODULE_RESOURCE_BUNDLE_UNAVAILABLE -DXcode -plugin-path /Applications/Xcode.app/Contents/Developer/Toolchains/XcodeDefault.xctoolchain/usr/lib/swift/host/plugins/testing -enable-experimental-feature DebugDescriptionMacro -sdk /Applications/Xcode.app/Contents/Developer/Platforms/iPhoneSimulator.platform/Developer/SDKs/iPhoneSimulator26.1.sdk -target arm64-apple-ios13.0-simulator -g -module-cache-path /Users/j/Documents/GitHub/MoneroOne/build/ModuleCache.noindex -Xfrontend -serialize-debugging-options -enable-testing -suppress-warnings -index-store-path /Users/j/Documents/GitHub/MoneroOne/build/Index.noindex/DataStore -Xcc -D_LIBCPP_HARDENING_MODE\=_LIBCPP_HARDENING_MODE_DEBUG -swift-version 5 -I /Users/j/Documents/GitHub/MoneroOne/build/Build/Products/Debug-iphonesimulator -Isystem /Applications/Xcode.app/Contents/Developer/Platforms/iPhoneSimulator.platform/Developer/usr/lib -F /Users/j/Documents/GitHub/MoneroOne/build/Build/Products/Debug-iphonesimulator/PackageFrameworks -F /Users/j/Documents/GitHub/MoneroOne/build/Build/Products/Debug-iphonesimulator/PackageFrameworks -F /Users/j/Documents/GitHub/MoneroOne/build/Build/Products/Debug-iphonesimulator/PackageFrameworks -F /Users/j/Documents/GitHub/MoneroOne/build/Build/Products/Debug-iphonesimulator/PackageFrameworks -F /Users/j/Documents/GitHub/MoneroOne/build/Build/Products/Debug-iphonesimulator -F /Applications/Xcode.app/Contents/Developer/Platforms/iPhoneSimulator.platform/Developer/Library/Frameworks -F /Applications/Xcode.app/Contents/Developer/Platforms/iPhoneSimulator.platform/Developer/SDKs/iPhoneSimulator26.1.sdk/Developer/Library/Frameworks -c -j12 -enable-batch-mode -incremental -Xcc -ivfsstatcache -Xcc /Users/j/Documents/GitHub/MoneroOne/build/SDKStatCaches.noindex/iphonesimulator26.1-23B77-90cf18a4295e390e64c810bc6bd7acbc.sdkstatcache -output-file-map /Users/j/Documents/GitHub/MoneroOne/build/Build/Intermediates.noindex/swift-crypto.build/Debug-iphonesimulator/_CryptoExtras.build/Objects-normal/arm64/_CryptoExtras-OutputFileMap.json -use-frontend-parseable-output -save-temps -no-color-diagnostics -explicit-module-build -module-cache-path /Users/j/Documents/GitHub/MoneroOne/build/Build/Intermediates.noindex/SwiftExplicitPrecompiledModules -clang-scanner-module-cache-path /Users/j/Documents/GitHub/MoneroOne/build/ModuleCache.noindex -sdk-module-cache-path /Users/j/Documents/GitHub/MoneroOne/build/ModuleCache.noindex -serialize-diagnostics -emit-dependencies -emit-module -emit-module-path /Users/j/Documents/GitHub/MoneroOne/build/Build/Intermediates.noindex/swift-crypto.build/Debug-iphonesimulator/_CryptoExtras.build/Objects-normal/arm64/_CryptoExtras.swiftmodule -validate-clang-modules-once -clang-build-session-file /Users/j/Documents/GitHub/MoneroOne/build/ModuleCache.noindex/Session.modulevalidation -Xcc -I/Users/j/Documents/GitHub/MoneroOne/build/Build/Intermediates.noindex/swift-crypto.build/Debug-iphonesimulator/_CryptoExtras.build/swift-overrides.hmap -emit-const-values -Xfrontend -const-gather-protocols-file -Xfrontend /Users/j/Documents/GitHub/MoneroOne/build/Build/Intermediates.noindex/swift-crypto.build/Debug-iphonesimulator/_CryptoExtras.build/Objects-normal/arm64/_CryptoExtras_const_extract_protocols.json -Xcc -I/Users/j/Documents/GitHub/MoneroOne/build/SourcePackages/checkouts/swift-crypto/Sources/CCryptoBoringSSLShims/include -Xcc -I/Users/j/Documents/GitHub/MoneroOne/build/SourcePackages/checkouts/swift-crypto/Sources/CCryptoBoringSSL/include -Xcc -I/Users/j/Documents/GitHub/MoneroOne/build/Build/Products/Debug-iphonesimulator/include -Xcc -I/Users/j/Documents/GitHub/MoneroOne/build/Build/Intermediates.noindex/swift-crypto.build/Debug-iphonesimulator/_CryptoExtras.build/DerivedSources-normal/arm64 -Xcc -I/Users/j/Documents/GitHub/MoneroOne/build/Build/Intermediates.noindex/swift-crypto.build/Debug-iphonesimulator/_CryptoExtras.build/DerivedSources/arm64 -Xcc -I/Users/j/Documents/GitHub/MoneroOne/build/Build/Intermediates.noindex/swift-crypto.build/Debug-iphonesimulator/_CryptoExtras.build/DerivedSources -Xcc -DSWIFT_PACKAGE -Xcc -DDEBUG\=1 -emit-objc-header -emit-objc-header-path /Users/j/Documents/GitHub/MoneroOne/build/Build/Intermediates.noindex/swift-crypto.build/Debug-iphonesimulator/_CryptoExtras.build/Objects-normal/arm64/_CryptoExtras-Swift.h -working-directory /Users/j/Documents/GitHub/MoneroOne/MoneroOne.xcodeproj -experimental-emit-module-separately -disable-cmo

ExtractAppIntentsMetadata (in target 'MoneroOneWidgets' from project 'MoneroOne')
    cd /Users/j/Documents/GitHub/MoneroOne
    /Applications/Xcode.app/Contents/Developer/Toolchains/XcodeDefault.xctoolchain/usr/bin/appintentsmetadataprocessor --toolchain-dir /Applications/Xcode.app/Contents/Developer/Toolchains/XcodeDefault.xctoolchain --module-name MoneroOneWidgets --sdk-root /Applications/Xcode.app/Contents/Developer/Platforms/iPhoneSimulator.platform/Developer/SDKs/iPhoneSimulator26.1.sdk --xcode-version 17B100 --platform-family iOS --deployment-target 26.0 --bundle-identifier one.monero.MoneroOne.Widgets --output /Users/j/Documents/GitHub/MoneroOne/build/Build/Products/Debug-iphonesimulator/MoneroOneWidgets.appex --target-triple arm64-apple-ios26.0-simulator --binary-file /Users/j/Documents/GitHub/MoneroOne/build/Build/Products/Debug-iphonesimulator/MoneroOneWidgets.appex/MoneroOneWidgets --dependency-file /Users/j/Documents/GitHub/MoneroOne/build/Build/Intermediates.noindex/MoneroOne.build/Debug-iphonesimulator/MoneroOneWidgets.build/Objects-normal/arm64/MoneroOneWidgets_dependency_info.dat --stringsdata-file /Users/j/Documents/GitHub/MoneroOne/build/Build/Intermediates.noindex/MoneroOne.build/Debug-iphonesimulator/MoneroOneWidgets.build/Objects-normal/arm64/ExtractedAppShortcutsMetadata.stringsdata --source-file-list /Users/j/Documents/GitHub/MoneroOne/build/Build/Intermediates.noindex/MoneroOne.build/Debug-iphonesimulator/MoneroOneWidgets.build/Objects-normal/arm64/MoneroOneWidgets.SwiftFileList --metadata-file-list /Users/j/Documents/GitHub/MoneroOne/build/Build/Intermediates.noindex/MoneroOne.build/Debug-iphonesimulator/MoneroOneWidgets.build/MoneroOneWidgets.DependencyMetadataFileList --static-metadata-file-list /Users/j/Documents/GitHub/MoneroOne/build/Build/Intermediates.noindex/MoneroOne.build/Debug-iphonesimulator/MoneroOneWidgets.build/MoneroOneWidgets.DependencyStaticMetadataFileList --swift-const-vals-list /Users/j/Documents/GitHub/MoneroOne/build/Build/Intermediates.noindex/MoneroOne.build/Debug-iphonesimulator/MoneroOneWidgets.build/Objects-normal/arm64/MoneroOneWidgets.SwiftConstValuesFileList --compile-time-extraction --deployment-aware-processing --validate-assistant-intents --no-app-shortcuts-localization
2026-01-18 15:26:04.776 appintentsmetadataprocessor[3742:39109452] Starting appintentsmetadataprocessor export
2026-01-18 15:26:04.989 appintentsmetadataprocessor[3742:39109452] Extracted no relevant App Intents symbols, skipping writing output

SwiftDriver DequeModule normal arm64 com.apple.xcode.tools.swift.compiler (in target 'DequeModule' from project 'swift-collections')
    cd /Users/j/Documents/GitHub/MoneroOne/MoneroOne.xcodeproj
    builtin-SwiftDriver -- /Applications/Xcode.app/Contents/Developer/Toolchains/XcodeDefault.xctoolchain/usr/bin/swiftc -module-name DequeModule -Onone -enforce-exclusivity\=checked @/Users/j/Documents/GitHub/MoneroOne/build/Build/Intermediates.noindex/swift-collections.build/Debug-iphonesimulator/DequeModule.build/Objects-normal/arm64/DequeModule.SwiftFileList -DSWIFT_PACKAGE -DDEBUG -DSWIFT_MODULE_RESOURCE_BUNDLE_UNAVAILABLE -DCOLLECTIONS_RANDOMIZED_TESTING -DXcode -enable-experimental-feature AvailabilityMacro\=SwiftStdlib\ 5.0:\ macOS\ 10.14.4,\ iOS\ 12.2,\ watchOS\ 5.2,\ tvOS\ 12.2 -enable-experimental-feature AvailabilityMacro\=SwiftStdlib\ 5.1:\ macOS\ 10.15,\ iOS\ 13.0,\ watchOS\ 6.0,\ tvOS\ 13.0 -enable-experimental-feature AvailabilityMacro\=SwiftStdlib\ 5.6:\ macOS\ 12.3,\ iOS\ 15.4,\ watchOS\ 8.5,\ tvOS\ 15.4 -enable-experimental-feature AvailabilityMacro\=SwiftStdlib\ 5.8:\ macOS\ 13.3,\ iOS\ 16.4,\ watchOS\ 9.4,\ tvOS\ 16.4 -enable-experimental-feature AvailabilityMacro\=SwiftStdlib\ 5.9:\ macOS\ 14.0,\ iOS\ 17.0,\ watchOS\ 10.0,\ tvOS\ 17.0 -enable-experimental-feature AvailabilityMacro\=SwiftStdlib\ 5.10:\ macOS\ 14.4,\ iOS\ 17.4,\ watchOS\ 10.4,\ tvOS\ 17.4,\ visionOS\ 1.1 -enable-experimental-feature AvailabilityMacro\=SwiftStdlib\ 6.0:\ macOS\ 15.0,\ iOS\ 18.0,\ watchOS\ 11.0,\ tvOS\ 18.0,\ visionOS\ 2.0 -enable-experimental-feature AvailabilityMacro\=SwiftStdlib\ 6.1:\ macOS\ 15.4,\ iOS\ 18.4,\ watchOS\ 11.4,\ tvOS\ 18.4,\ visionOS\ 2.4 -enable-experimental-feature AvailabilityMacro\=SwiftStdlib\ 6.2:\ macOS\ 26.0,\ iOS\ 26.0,\ watchOS\ 26.0,\ tvOS\ 26.0,\ visionOS\ 26.0 -enable-upcoming-feature MemberImportVisibility -enable-experimental-feature BuiltinModule -enable-experimental-feature Lifetimes -enable-experimental-feature InoutLifetimeDependence -enable-experimental-feature SuppressedAssociatedTypes -plugin-path /Applications/Xcode.app/Contents/Developer/Toolchains/XcodeDefault.xctoolchain/usr/lib/swift/host/plugins/testing -enable-experimental-feature DebugDescriptionMacro -sdk /Applications/Xcode.app/Contents/Developer/Platforms/iPhoneSimulator.platform/Developer/SDKs/iPhoneSimulator26.1.sdk -target arm64-apple-ios12.0-simulator -g -module-cache-path /Users/j/Documents/GitHub/MoneroOne/build/ModuleCache.noindex -Xfrontend -serialize-debugging-options -enable-testing -suppress-warnings -index-store-path /Users/j/Documents/GitHub/MoneroOne/build/Index.noindex/DataStore -Xcc -D_LIBCPP_HARDENING_MODE\=_LIBCPP_HARDENING_MODE_DEBUG -swift-version 6 -I /Users/j/Documents/GitHub/MoneroOne/build/Build/Products/Debug-iphonesimulator -Isystem /Applications/Xcode.app/Contents/Developer/Platforms/iPhoneSimulator.platform/Developer/usr/lib -F /Users/j/Documents/GitHub/MoneroOne/build/Build/Products/Debug-iphonesimulator/PackageFrameworks -F /Users/j/Documents/GitHub/MoneroOne/build/Build/Products/Debug-iphonesimulator -F /Applications/Xcode.app/Contents/Developer/Platforms/iPhoneSimulator.platform/Developer/Library/Frameworks -F /Applications/Xcode.app/Contents/Developer/Platforms/iPhoneSimulator.platform/Developer/SDKs/iPhoneSimulator26.1.sdk/Developer/Library/Frameworks -c -j12 -enable-batch-mode -incremental -Xcc -ivfsstatcache -Xcc /Users/j/Documents/GitHub/MoneroOne/build/SDKStatCaches.noindex/iphonesimulator26.1-23B77-90cf18a4295e390e64c810bc6bd7acbc.sdkstatcache -output-file-map /Users/j/Documents/GitHub/MoneroOne/build/Build/Intermediates.noindex/swift-collections.build/Debug-iphonesimulator/DequeModule.build/Objects-normal/arm64/DequeModule-OutputFileMap.json -use-frontend-parseable-output -save-temps -no-color-diagnostics -explicit-module-build -module-cache-path /Users/j/Documents/GitHub/MoneroOne/build/Build/Intermediates.noindex/SwiftExplicitPrecompiledModules -clang-scanner-module-cache-path /Users/j/Documents/GitHub/MoneroOne/build/ModuleCache.noindex -sdk-module-cache-path /Users/j/Documents/GitHub/MoneroOne/build/ModuleCache.noindex -serialize-diagnostics -emit-dependencies -emit-module -emit-module-path /Users/j/Documents/GitHub/MoneroOne/build/Build/Intermediates.noindex/swift-collections.build/Debug-iphonesimulator/DequeModule.build/Objects-normal/arm64/DequeModule.swiftmodule -user-module-version 1.3.0 -validate-clang-modules-once -clang-build-session-file /Users/j/Documents/GitHub/MoneroOne/build/ModuleCache.noindex/Session.modulevalidation -package-name swift_collections -Xcc -I/Users/j/Documents/GitHub/MoneroOne/build/Build/Intermediates.noindex/swift-collections.build/Debug-iphonesimulator/DequeModule.build/swift-overrides.hmap -emit-const-values -Xfrontend -const-gather-protocols-file -Xfrontend /Users/j/Documents/GitHub/MoneroOne/build/Build/Intermediates.noindex/swift-collections.build/Debug-iphonesimulator/DequeModule.build/Objects-normal/arm64/DequeModule_const_extract_protocols.json -Xcc -I/Users/j/Documents/GitHub/MoneroOne/build/Build/Products/Debug-iphonesimulator/include -Xcc -I/Users/j/Documents/GitHub/MoneroOne/build/Build/Intermediates.noindex/swift-collections.build/Debug-iphonesimulator/DequeModule.build/DerivedSources-normal/arm64 -Xcc -I/Users/j/Documents/GitHub/MoneroOne/build/Build/Intermediates.noindex/swift-collections.build/Debug-iphonesimulator/DequeModule.build/DerivedSources/arm64 -Xcc -I/Users/j/Documents/GitHub/MoneroOne/build/Build/Intermediates.noindex/swift-collections.build/Debug-iphonesimulator/DequeModule.build/DerivedSources -Xcc -DSWIFT_PACKAGE -Xcc -DDEBUG\=1 -emit-objc-header -emit-objc-header-path /Users/j/Documents/GitHub/MoneroOne/build/Build/Intermediates.noindex/swift-collections.build/Debug-iphonesimulator/DequeModule.build/Objects-normal/arm64/DequeModule-Swift.h -working-directory /Users/j/Documents/GitHub/MoneroOne/MoneroOne.xcodeproj -experimental-emit-module-separately -disable-cmo

SwiftDriverJobDiscovery normal arm64 Compiling OfflineRetrier.swift, RedirectHandler.swift, RequestCompression.swift (in target 'Alamofire' from project 'Alamofire')

RegisterExecutionPolicyException /Users/j/Documents/GitHub/MoneroOne/build/Build/Products/Debug-iphonesimulator/_AtomicsShims.o (in target '_AtomicsShims' from project 'swift-atomics')
    cd /Users/j/Documents/GitHub/MoneroOne/build/SourcePackages/checkouts/swift-atomics
    builtin-RegisterExecutionPolicyException /Users/j/Documents/GitHub/MoneroOne/build/Build/Products/Debug-iphonesimulator/_AtomicsShims.o

ExtractAppIntentsMetadata (in target 'GRDB' from project 'GRDB')
    cd /Users/j/Documents/GitHub/MoneroOne/build/SourcePackages/checkouts/GRDB.swift
    /Applications/Xcode.app/Contents/Developer/Toolchains/XcodeDefault.xctoolchain/usr/bin/appintentsmetadataprocessor --toolchain-dir /Applications/Xcode.app/Contents/Developer/Toolchains/XcodeDefault.xctoolchain --module-name GRDB --sdk-root /Applications/Xcode.app/Contents/Developer/Platforms/iPhoneSimulator.platform/Developer/SDKs/iPhoneSimulator26.1.sdk --xcode-version 17B100 --platform-family iOS --deployment-target 12.0 --bundle-identifier grdb.swift.GRDB --output /Users/j/Documents/GitHub/MoneroOne/build/Build/Products/Debug-iphonesimulator/GRDB.appintents --target-triple arm64-apple-ios12.0-simulator --binary-file /Users/j/Documents/GitHub/MoneroOne/build/Build/Products/Debug-iphonesimulator/GRDB.o --dependency-file /Users/j/Documents/GitHub/MoneroOne/build/Build/Intermediates.noindex/GRDB.build/Debug-iphonesimulator/GRDB.build/Objects-normal/arm64/GRDB_dependency_info.dat --stringsdata-file /Users/j/Documents/GitHub/MoneroOne/build/Build/Intermediates.noindex/GRDB.build/Debug-iphonesimulator/GRDB.build/Objects-normal/arm64/ExtractedAppShortcutsMetadata.stringsdata --source-file-list /Users/j/Documents/GitHub/MoneroOne/build/Build/Intermediates.noindex/GRDB.build/Debug-iphonesimulator/GRDB.build/Objects-normal/arm64/GRDB.SwiftFileList --metadata-file-list /Users/j/Documents/GitHub/MoneroOne/build/Build/Intermediates.noindex/GRDB.build/Debug-iphonesimulator/GRDB.build/GRDB.DependencyMetadataFileList --static-metadata-file-list /Users/j/Documents/GitHub/MoneroOne/build/Build/Intermediates.noindex/GRDB.build/Debug-iphonesimulator/GRDB.build/GRDB.DependencyStaticMetadataFileList --swift-const-vals-list /Users/j/Documents/GitHub/MoneroOne/build/Build/Intermediates.noindex/GRDB.build/Debug-iphonesimulator/GRDB.build/Objects-normal/arm64/GRDB.SwiftConstValuesFileList --force --compile-time-extraction --deployment-aware-processing --validate-assistant-intents --no-app-shortcuts-localization
2026-01-18 15:26:04.837 appintentsmetadataprocessor[3743:39109467] Starting appintentsmetadataprocessor export
2026-01-18 15:26:04.992 appintentsmetadataprocessor[3743:39109467] Extracted no relevant App Intents symbols, skipping writing output

Ld /Users/j/Documents/GitHub/MoneroOne/build/Build/Products/Debug-iphonesimulator/secp256k1.o normal (in target 'secp256k1' from project 'secp256k1')
    cd /Users/j/Documents/GitHub/MoneroOne/build/SourcePackages/checkouts/secp256k1.swift
    /Applications/Xcode.app/Contents/Developer/Toolchains/XcodeDefault.xctoolchain/usr/bin/clang -Xlinker -reproducible -target arm64-apple-ios12.0-simulator -r -isysroot /Applications/Xcode.app/Contents/Developer/Platforms/iPhoneSimulator.platform/Developer/SDKs/iPhoneSimulator26.1.sdk -O0 -w -L/Users/j/Documents/GitHub/MoneroOne/build/Build/Intermediates.noindex/EagerLinkingTBDs/Debug-iphonesimulator -L/Users/j/Documents/GitHub/MoneroOne/build/Build/Products/Debug-iphonesimulator -L/Applications/Xcode.app/Contents/Developer/Platforms/iPhoneSimulator.platform/Developer/usr/lib -F/Users/j/Documents/GitHub/MoneroOne/build/Build/Intermediates.noindex/EagerLinkingTBDs/Debug-iphonesimulator -F/Users/j/Documents/GitHub/MoneroOne/build/Build/Products/Debug-iphonesimulator/PackageFrameworks -F/Users/j/Documents/GitHub/MoneroOne/build/Build/Products/Debug-iphonesimulator -iframework /Applications/Xcode.app/Contents/Developer/Platforms/iPhoneSimulator.platform/Developer/Library/Frameworks -iframework /Applications/Xcode.app/Contents/Developer/Platforms/iPhoneSimulator.platform/Developer/SDKs/iPhoneSimulator26.1.sdk/Developer/Library/Frameworks -filelist /Users/j/Documents/GitHub/MoneroOne/build/Build/Intermediates.noindex/secp256k1.build/Debug-iphonesimulator/secp256k1.build/Objects-normal/arm64/secp256k1.LinkFileList -nostdlib -Xlinker -object_path_lto -Xlinker /Users/j/Documents/GitHub/MoneroOne/build/Build/Intermediates.noindex/secp256k1.build/Debug-iphonesimulator/secp256k1.build/Objects-normal/arm64/secp256k1_lto.o -rdynamic -Xlinker -no_deduplicate -Xlinker -objc_abi_version -Xlinker 2 -Xlinker -dependency_info -Xlinker /Users/j/Documents/GitHub/MoneroOne/build/Build/Intermediates.noindex/secp256k1.build/Debug-iphonesimulator/secp256k1.build/Objects-normal/arm64/secp256k1_dependency_info.dat -fobjc-link-runtime -L/Applications/Xcode.app/Contents/Developer/Toolchains/XcodeDefault.xctoolchain/usr/lib/swift/iphonesimulator -L/usr/lib/swift -Xlinker -add_ast_path -Xlinker /Users/j/Documents/GitHub/MoneroOne/build/Build/Intermediates.noindex/secp256k1.build/Debug-iphonesimulator/secp256k1.build/Objects-normal/arm64/secp256k1.swiftmodule @/Users/j/Documents/GitHub/MoneroOne/build/Build/Intermediates.noindex/secp256k1.build/Debug-iphonesimulator/secp256k1.build/Objects-normal/arm64/secp256k1-linker-args.resp -o /Users/j/Documents/GitHub/MoneroOne/build/Build/Products/Debug-iphonesimulator/secp256k1.o

RegisterExecutionPolicyException /Users/j/Documents/GitHub/MoneroOne/build/Build/Products/Debug-iphonesimulator/_NIODataStructures.o (in target '_NIODataStructures' from project 'swift-nio')
    cd /Users/j/Documents/GitHub/MoneroOne/build/SourcePackages/checkouts/swift-nio
    builtin-RegisterExecutionPolicyException /Users/j/Documents/GitHub/MoneroOne/build/Build/Products/Debug-iphonesimulator/_NIODataStructures.o

RegisterExecutionPolicyException /Users/j/Documents/GitHub/MoneroOne/build/Build/Products/Debug-iphonesimulator/_NIOBase64.o (in target '_NIOBase64' from project 'swift-nio')
    cd /Users/j/Documents/GitHub/MoneroOne/build/SourcePackages/checkouts/swift-nio
    builtin-RegisterExecutionPolicyException /Users/j/Documents/GitHub/MoneroOne/build/Build/Products/Debug-iphonesimulator/_NIOBase64.o

RegisterExecutionPolicyException /Users/j/Documents/GitHub/MoneroOne/build/Build/Products/Debug-iphonesimulator/HsCryptoKitC.o (in target 'HsCryptoKitC' from project 'HsCryptoKit.Swift')
    cd /Users/j/Documents/GitHub/MoneroOne/build/SourcePackages/checkouts/HsCryptoKit.Swift
    builtin-RegisterExecutionPolicyException /Users/j/Documents/GitHub/MoneroOne/build/Build/Products/Debug-iphonesimulator/HsCryptoKitC.o

SwiftEmitModule normal arm64 Emitting\ module\ for\ DequeModule (in target 'DequeModule' from project 'swift-collections')

EmitSwiftModule normal arm64 (in target 'DequeModule' from project 'swift-collections')
    cd /Users/j/Documents/GitHub/MoneroOne/MoneroOne.xcodeproj
    

ExtractAppIntentsMetadata (in target 'secp256k1' from project 'secp256k1')
    cd /Users/j/Documents/GitHub/MoneroOne/build/SourcePackages/checkouts/secp256k1.swift
    /Applications/Xcode.app/Contents/Developer/Toolchains/XcodeDefault.xctoolchain/usr/bin/appintentsmetadataprocessor --toolchain-dir /Applications/Xcode.app/Contents/Developer/Toolchains/XcodeDefault.xctoolchain --module-name secp256k1 --sdk-root /Applications/Xcode.app/Contents/Developer/Platforms/iPhoneSimulator.platform/Developer/SDKs/iPhoneSimulator26.1.sdk --xcode-version 17B100 --platform-family iOS --deployment-target 12.0 --bundle-identifier secp256k1.swift.secp256k1 --output /Users/j/Documents/GitHub/MoneroOne/build/Build/Products/Debug-iphonesimulator/secp256k1.appintents --target-triple arm64-apple-ios12.0-simulator --binary-file /Users/j/Documents/GitHub/MoneroOne/build/Build/Products/Debug-iphonesimulator/secp256k1.o --dependency-file /Users/j/Documents/GitHub/MoneroOne/build/Build/Intermediates.noindex/secp256k1.build/Debug-iphonesimulator/secp256k1.build/Objects-normal/arm64/secp256k1_dependency_info.dat --stringsdata-file /Users/j/Documents/GitHub/MoneroOne/build/Build/Intermediates.noindex/secp256k1.build/Debug-iphonesimulator/secp256k1.build/Objects-normal/arm64/ExtractedAppShortcutsMetadata.stringsdata --source-file-list /Users/j/Documents/GitHub/MoneroOne/build/Build/Intermediates.noindex/secp256k1.build/Debug-iphonesimulator/secp256k1.build/Objects-normal/arm64/secp256k1.SwiftFileList --metadata-file-list /Users/j/Documents/GitHub/MoneroOne/build/Build/Intermediates.noindex/secp256k1.build/Debug-iphonesimulator/secp256k1.build/secp256k1.DependencyMetadataFileList --static-metadata-file-list /Users/j/Documents/GitHub/MoneroOne/build/Build/Intermediates.noindex/secp256k1.build/Debug-iphonesimulator/secp256k1.build/secp256k1.DependencyStaticMetadataFileList --swift-const-vals-list /Users/j/Documents/GitHub/MoneroOne/build/Build/Intermediates.noindex/secp256k1.build/Debug-iphonesimulator/secp256k1.build/Objects-normal/arm64/secp256k1.SwiftConstValuesFileList --force --compile-time-extraction --deployment-aware-processing --validate-assistant-intents --no-app-shortcuts-localization
2026-01-18 15:26:04.898 appintentsmetadataprocessor[3747:39109522] Starting appintentsmetadataprocessor export
2026-01-18 15:26:05.008 appintentsmetadataprocessor[3747:39109522] Extracted no relevant App Intents symbols, skipping writing output

RegisterExecutionPolicyException /Users/j/Documents/GitHub/MoneroOne/build/Build/Products/Debug-iphonesimulator/ObjectMapper.o (in target 'ObjectMapper' from project 'ObjectMapper')
    cd /Users/j/Documents/GitHub/MoneroOne/build/SourcePackages/checkouts/ObjectMapper
    builtin-RegisterExecutionPolicyException /Users/j/Documents/GitHub/MoneroOne/build/Build/Products/Debug-iphonesimulator/ObjectMapper.o

SwiftCompile normal arm64 Compiling\ _UnsafeWrappedBuffer.swift /Users/j/Documents/GitHub/MoneroOne/build/SourcePackages/checkouts/swift-collections/Sources/DequeModule/_UnsafeWrappedBuffer.swift (in target 'DequeModule' from project 'swift-collections')

SwiftCompile normal arm64 /Users/j/Documents/GitHub/MoneroOne/build/SourcePackages/checkouts/swift-collections/Sources/DequeModule/_UnsafeWrappedBuffer.swift (in target 'DequeModule' from project 'swift-collections')
    cd /Users/j/Documents/GitHub/MoneroOne/MoneroOne.xcodeproj
    

SwiftCompile normal arm64 Compiling\ _DequeBufferHeader.swift /Users/j/Documents/GitHub/MoneroOne/build/SourcePackages/checkouts/swift-collections/Sources/DequeModule/_DequeBufferHeader.swift (in target 'DequeModule' from project 'swift-collections')

SwiftCompile normal arm64 /Users/j/Documents/GitHub/MoneroOne/build/SourcePackages/checkouts/swift-collections/Sources/DequeModule/_DequeBufferHeader.swift (in target 'DequeModule' from project 'swift-collections')
    cd /Users/j/Documents/GitHub/MoneroOne/MoneroOne.xcodeproj
    

SwiftCompile normal arm64 Compiling\ Deque+CustomReflectable.swift,\ Deque+Descriptions.swift /Users/j/Documents/GitHub/MoneroOne/build/SourcePackages/checkouts/swift-collections/Sources/DequeModule/Deque+CustomReflectable.swift /Users/j/Documents/GitHub/MoneroOne/build/SourcePackages/checkouts/swift-collections/Sources/DequeModule/Deque+Descriptions.swift (in target 'DequeModule' from project 'swift-collections')

SwiftCompile normal arm64 /Users/j/Documents/GitHub/MoneroOne/build/SourcePackages/checkouts/swift-collections/Sources/DequeModule/Deque+CustomReflectable.swift (in target 'DequeModule' from project 'swift-collections')
    cd /Users/j/Documents/GitHub/MoneroOne/MoneroOne.xcodeproj
    

SwiftCompile normal arm64 /Users/j/Documents/GitHub/MoneroOne/build/SourcePackages/checkouts/swift-collections/Sources/DequeModule/Deque+Descriptions.swift (in target 'DequeModule' from project 'swift-collections')
    cd /Users/j/Documents/GitHub/MoneroOne/MoneroOne.xcodeproj
    

SwiftDriverJobDiscovery normal arm64 Compiling _DequeBufferHeader.swift (in target 'DequeModule' from project 'swift-collections')

SwiftCompile normal arm64 Compiling\ Deque._Storage.swift /Users/j/Documents/GitHub/MoneroOne/build/SourcePackages/checkouts/swift-collections/Sources/DequeModule/Deque._Storage.swift (in target 'DequeModule' from project 'swift-collections')

SwiftCompile normal arm64 /Users/j/Documents/GitHub/MoneroOne/build/SourcePackages/checkouts/swift-collections/Sources/DequeModule/Deque._Storage.swift (in target 'DequeModule' from project 'swift-collections')
    cd /Users/j/Documents/GitHub/MoneroOne/MoneroOne.xcodeproj
    

AppIntentsSSUTraining (in target 'MoneroOneWidgets' from project 'MoneroOne')
    cd /Users/j/Documents/GitHub/MoneroOne
    /Applications/Xcode.app/Contents/Developer/Toolchains/XcodeDefault.xctoolchain/usr/bin/appintentsnltrainingprocessor --infoplist-path /Users/j/Documents/GitHub/MoneroOne/build/Build/Products/Debug-iphonesimulator/MoneroOneWidgets.appex/Info.plist --temp-dir-path /Users/j/Documents/GitHub/MoneroOne/build/Build/Intermediates.noindex/MoneroOne.build/Debug-iphonesimulator/MoneroOneWidgets.build/ssu --bundle-id one.monero.MoneroOne.Widgets --product-path /Users/j/Documents/GitHub/MoneroOne/build/Build/Products/Debug-iphonesimulator/MoneroOneWidgets.appex --extracted-metadata-path /Users/j/Documents/GitHub/MoneroOne/build/Build/Products/Debug-iphonesimulator/MoneroOneWidgets.appex/Metadata.appintents --metadata-file-list /Users/j/Documents/GitHub/MoneroOne/build/Build/Intermediates.noindex/MoneroOne.build/Debug-iphonesimulator/MoneroOneWidgets.build/MoneroOneWidgets.DependencyMetadataFileList --archive-ssu-assets
2026-01-18 15:26:05.060 appintentsnltrainingprocessor[3753:39109546] Parsing options for appintentsnltrainingprocessor
2026-01-18 15:26:05.063 appintentsnltrainingprocessor[3753:39109546] No AppShortcuts found - Skipping.

SwiftCompile normal arm64 Compiling\ _DequeSlot.swift /Users/j/Documents/GitHub/MoneroOne/build/SourcePackages/checkouts/swift-collections/Sources/DequeModule/_DequeSlot.swift (in target 'DequeModule' from project 'swift-collections')

SwiftCompile normal arm64 /Users/j/Documents/GitHub/MoneroOne/build/SourcePackages/checkouts/swift-collections/Sources/DequeModule/_DequeSlot.swift (in target 'DequeModule' from project 'swift-collections')
    cd /Users/j/Documents/GitHub/MoneroOne/MoneroOne.xcodeproj
    

SwiftCompile normal arm64 Compiling\ Deque.swift /Users/j/Documents/GitHub/MoneroOne/build/SourcePackages/checkouts/swift-collections/Sources/DequeModule/Deque.swift (in target 'DequeModule' from project 'swift-collections')

SwiftCompile normal arm64 /Users/j/Documents/GitHub/MoneroOne/build/SourcePackages/checkouts/swift-collections/Sources/DequeModule/Deque.swift (in target 'DequeModule' from project 'swift-collections')
    cd /Users/j/Documents/GitHub/MoneroOne/MoneroOne.xcodeproj
    

SwiftEmitModule normal arm64 Emitting\ module\ for\ _CryptoExtras (in target '_CryptoExtras' from project 'swift-crypto')

EmitSwiftModule normal arm64 (in target '_CryptoExtras' from project 'swift-crypto')
    cd /Users/j/Documents/GitHub/MoneroOne/MoneroOne.xcodeproj
    

SwiftDriverJobDiscovery normal arm64 Compiling Deque+CustomReflectable.swift, Deque+Descriptions.swift (in target 'DequeModule' from project 'swift-collections')

SwiftCompile normal arm64 Compiling\ RandomBytes.swift /Users/j/Documents/GitHub/MoneroOne/build/SourcePackages/checkouts/swift-crypto/Sources/_CryptoExtras/Util/RandomBytes.swift (in target '_CryptoExtras' from project 'swift-crypto')

SwiftCompile normal arm64 /Users/j/Documents/GitHub/MoneroOne/build/SourcePackages/checkouts/swift-crypto/Sources/_CryptoExtras/Util/RandomBytes.swift (in target '_CryptoExtras' from project 'swift-crypto')
    cd /Users/j/Documents/GitHub/MoneroOne/MoneroOne.xcodeproj
    

SwiftCompile normal arm64 Compiling\ DigestType.swift /Users/j/Documents/GitHub/MoneroOne/build/SourcePackages/checkouts/swift-crypto/Sources/_CryptoExtras/Util/DigestType.swift (in target '_CryptoExtras' from project 'swift-crypto')

SwiftCompile normal arm64 /Users/j/Documents/GitHub/MoneroOne/build/SourcePackages/checkouts/swift-crypto/Sources/_CryptoExtras/Util/DigestType.swift (in target '_CryptoExtras' from project 'swift-crypto')
    cd /Users/j/Documents/GitHub/MoneroOne/MoneroOne.xcodeproj
    

SwiftDriverJobDiscovery normal arm64 Compiling _UnsafeWrappedBuffer.swift (in target 'DequeModule' from project 'swift-collections')

SwiftCompile normal arm64 Compiling\ PEMDocument.swift /Users/j/Documents/GitHub/MoneroOne/build/SourcePackages/checkouts/swift-crypto/Sources/_CryptoExtras/Util/PEMDocument.swift (in target '_CryptoExtras' from project 'swift-crypto')

SwiftCompile normal arm64 /Users/j/Documents/GitHub/MoneroOne/build/SourcePackages/checkouts/swift-crypto/Sources/_CryptoExtras/Util/PEMDocument.swift (in target '_CryptoExtras' from project 'swift-crypto')
    cd /Users/j/Documents/GitHub/MoneroOne/MoneroOne.xcodeproj
    

SwiftDriverJobDiscovery normal arm64 Compiling Deque._Storage.swift (in target 'DequeModule' from project 'swift-collections')

SwiftCompile normal arm64 Compiling\ RSA_security.swift /Users/j/Documents/GitHub/MoneroOne/build/SourcePackages/checkouts/swift-crypto/Sources/_CryptoExtras/RSA/RSA_security.swift (in target '_CryptoExtras' from project 'swift-crypto')
SwiftCompile normal arm64 /Users/j/Documents/GitHub/MoneroOne/build/SourcePackages/checkouts/swift-crypto/Sources/_CryptoExtras/RSA/RSA_security.swift (in target '_CryptoExtras' from project 'swift-crypto')
    cd /Users/j/Documents/GitHub/MoneroOne/MoneroOne.xcodeproj
    

SwiftDriverJobDiscovery normal arm64 Compiling Deque.swift (in target 'DequeModule' from project 'swift-collections')

SwiftCompile normal arm64 Compiling\ RSA.swift /Users/j/Documents/GitHub/MoneroOne/build/SourcePackages/checkouts/swift-crypto/Sources/_CryptoExtras/RSA/RSA.swift (in target '_CryptoExtras' from project 'swift-crypto')

SwiftCompile normal arm64 /Users/j/Documents/GitHub/MoneroOne/build/SourcePackages/checkouts/swift-crypto/Sources/_CryptoExtras/RSA/RSA.swift (in target '_CryptoExtras' from project 'swift-crypto')
    cd /Users/j/Documents/GitHub/MoneroOne/MoneroOne.xcodeproj
    

SwiftDriverJobDiscovery normal arm64 Compiling _DequeSlot.swift (in target 'DequeModule' from project 'swift-collections')

SwiftCompile normal arm64 Compiling\ Error.swift /Users/j/Documents/GitHub/MoneroOne/build/SourcePackages/checkouts/swift-crypto/Sources/_CryptoExtras/Util/Error.swift (in target '_CryptoExtras' from project 'swift-crypto')

SwiftCompile normal arm64 /Users/j/Documents/GitHub/MoneroOne/build/SourcePackages/checkouts/swift-crypto/Sources/_CryptoExtras/Util/Error.swift (in target '_CryptoExtras' from project 'swift-crypto')
    cd /Users/j/Documents/GitHub/MoneroOne/MoneroOne.xcodeproj
    

SwiftDriverJobDiscovery normal arm64 Compiling DigestType.swift (in target '_CryptoExtras' from project 'swift-crypto')

SwiftCompile normal arm64 Compiling\ ChaCha20CTR.swift /Users/j/Documents/GitHub/MoneroOne/build/SourcePackages/checkouts/swift-crypto/Sources/_CryptoExtras/ChaCha20CTR/ChaCha20CTR.swift (in target '_CryptoExtras' from project 'swift-crypto')

SwiftCompile normal arm64 /Users/j/Documents/GitHub/MoneroOne/build/SourcePackages/checkouts/swift-crypto/Sources/_CryptoExtras/ChaCha20CTR/ChaCha20CTR.swift (in target '_CryptoExtras' from project 'swift-crypto')
    cd /Users/j/Documents/GitHub/MoneroOne/MoneroOne.xcodeproj
    

SwiftDriverJobDiscovery normal arm64 Compiling CachedResponseHandler.swift, Combine.swift, Concurrency.swift, EventMonitor.swift (in target 'Alamofire' from project 'Alamofire')

SwiftCompile normal arm64 Compiling\ AES_GCM_SIV.swift,\ Block\ Function.swift /Users/j/Documents/GitHub/MoneroOne/build/SourcePackages/checkouts/swift-crypto/Sources/_CryptoExtras/AES/AES_GCM_SIV.swift /Users/j/Documents/GitHub/MoneroOne/build/SourcePackages/checkouts/swift-crypto/Sources/_CryptoExtras/AES/Block\ Function.swift (in target '_CryptoExtras' from project 'swift-crypto')

SwiftCompile normal arm64 /Users/j/Documents/GitHub/MoneroOne/build/SourcePackages/checkouts/swift-crypto/Sources/_CryptoExtras/AES/AES_GCM_SIV.swift (in target '_CryptoExtras' from project 'swift-crypto')
    cd /Users/j/Documents/GitHub/MoneroOne/MoneroOne.xcodeproj
    

SwiftCompile normal arm64 /Users/j/Documents/GitHub/MoneroOne/build/SourcePackages/checkouts/swift-crypto/Sources/_CryptoExtras/AES/Block\ Function.swift (in target '_CryptoExtras' from project 'swift-crypto')
    cd /Users/j/Documents/GitHub/MoneroOne/MoneroOne.xcodeproj
    

SwiftDriverJobDiscovery normal arm64 Compiling RandomBytes.swift (in target '_CryptoExtras' from project 'swift-crypto')

SwiftCompile normal arm64 Compiling\ BoringSSLHelpers.swift /Users/j/Documents/GitHub/MoneroOne/build/SourcePackages/checkouts/swift-crypto/Sources/_CryptoExtras/Util/BoringSSLHelpers.swift (in target '_CryptoExtras' from project 'swift-crypto')

SwiftCompile normal arm64 /Users/j/Documents/GitHub/MoneroOne/build/SourcePackages/checkouts/swift-crypto/Sources/_CryptoExtras/Util/BoringSSLHelpers.swift (in target '_CryptoExtras' from project 'swift-crypto')
    cd /Users/j/Documents/GitHub/MoneroOne/MoneroOne.xcodeproj
    

SwiftDriverJobDiscovery normal arm64 Compiling Error.swift (in target '_CryptoExtras' from project 'swift-crypto')

SwiftCompile normal arm64 Compiling\ CryptoKitErrors_boring.swift /Users/j/Documents/GitHub/MoneroOne/build/SourcePackages/checkouts/swift-crypto/Sources/_CryptoExtras/Util/CryptoKitErrors_boring.swift (in target '_CryptoExtras' from project 'swift-crypto')

SwiftCompile normal arm64 /Users/j/Documents/GitHub/MoneroOne/build/SourcePackages/checkouts/swift-crypto/Sources/_CryptoExtras/Util/CryptoKitErrors_boring.swift (in target '_CryptoExtras' from project 'swift-crypto')
    cd /Users/j/Documents/GitHub/MoneroOne/MoneroOne.xcodeproj
    

SwiftDriverJobDiscovery normal arm64 Compiling SessionDelegate.swift, URLConvertible+URLRequestConvertible.swift, UploadRequest.swift, WebSocketRequest.swift (in target 'Alamofire' from project 'Alamofire')

SwiftCompile normal arm64 Compiling\ RSA_boring.swift /Users/j/Documents/GitHub/MoneroOne/build/SourcePackages/checkouts/swift-crypto/Sources/_CryptoExtras/RSA/RSA_boring.swift (in target '_CryptoExtras' from project 'swift-crypto')

SwiftCompile normal arm64 /Users/j/Documents/GitHub/MoneroOne/build/SourcePackages/checkouts/swift-crypto/Sources/_CryptoExtras/RSA/RSA_boring.swift (in target '_CryptoExtras' from project 'swift-crypto')
    cd /Users/j/Documents/GitHub/MoneroOne/MoneroOne.xcodeproj
    

SwiftDriverJobDiscovery normal arm64 Emitting module for _CryptoExtras (in target '_CryptoExtras' from project 'swift-crypto')

SwiftDriver\ Compilation\ Requirements _CryptoExtras normal arm64 com.apple.xcode.tools.swift.compiler (in target '_CryptoExtras' from project 'swift-crypto')
    cd /Users/j/Documents/GitHub/MoneroOne/MoneroOne.xcodeproj
    builtin-Swift-Compilation-Requirements -- /Applications/Xcode.app/Contents/Developer/Toolchains/XcodeDefault.xctoolchain/usr/bin/swiftc -module-name _CryptoExtras -Onone -enforce-exclusivity\=checked @/Users/j/Documents/GitHub/MoneroOne/build/Build/Intermediates.noindex/swift-crypto.build/Debug-iphonesimulator/_CryptoExtras.build/Objects-normal/arm64/_CryptoExtras.SwiftFileList -DSWIFT_PACKAGE -DDEBUG -DSWIFT_MODULE_RESOURCE_BUNDLE_UNAVAILABLE -DXcode -plugin-path /Applications/Xcode.app/Contents/Developer/Toolchains/XcodeDefault.xctoolchain/usr/lib/swift/host/plugins/testing -enable-experimental-feature DebugDescriptionMacro -sdk /Applications/Xcode.app/Contents/Developer/Platforms/iPhoneSimulator.platform/Developer/SDKs/iPhoneSimulator26.1.sdk -target arm64-apple-ios13.0-simulator -g -module-cache-path /Users/j/Documents/GitHub/MoneroOne/build/ModuleCache.noindex -Xfrontend -serialize-debugging-options -enable-testing -suppress-warnings -index-store-path /Users/j/Documents/GitHub/MoneroOne/build/Index.noindex/DataStore -Xcc -D_LIBCPP_HARDENING_MODE\=_LIBCPP_HARDENING_MODE_DEBUG -swift-version 5 -I /Users/j/Documents/GitHub/MoneroOne/build/Build/Products/Debug-iphonesimulator -Isystem /Applications/Xcode.app/Contents/Developer/Platforms/iPhoneSimulator.platform/Developer/usr/lib -F /Users/j/Documents/GitHub/MoneroOne/build/Build/Products/Debug-iphonesimulator/PackageFrameworks -F /Users/j/Documents/GitHub/MoneroOne/build/Build/Products/Debug-iphonesimulator/PackageFrameworks -F /Users/j/Documents/GitHub/MoneroOne/build/Build/Products/Debug-iphonesimulator/PackageFrameworks -F /Users/j/Documents/GitHub/MoneroOne/build/Build/Products/Debug-iphonesimulator/PackageFrameworks -F /Users/j/Documents/GitHub/MoneroOne/build/Build/Products/Debug-iphonesimulator -F /Applications/Xcode.app/Contents/Developer/Platforms/iPhoneSimulator.platform/Developer/Library/Frameworks -F /Applications/Xcode.app/Contents/Developer/Platforms/iPhoneSimulator.platform/Developer/SDKs/iPhoneSimulator26.1.sdk/Developer/Library/Frameworks -c -j12 -enable-batch-mode -incremental -Xcc -ivfsstatcache -Xcc /Users/j/Documents/GitHub/MoneroOne/build/SDKStatCaches.noindex/iphonesimulator26.1-23B77-90cf18a4295e390e64c810bc6bd7acbc.sdkstatcache -output-file-map /Users/j/Documents/GitHub/MoneroOne/build/Build/Intermediates.noindex/swift-crypto.build/Debug-iphonesimulator/_CryptoExtras.build/Objects-normal/arm64/_CryptoExtras-OutputFileMap.json -use-frontend-parseable-output -save-temps -no-color-diagnostics -explicit-module-build -module-cache-path /Users/j/Documents/GitHub/MoneroOne/build/Build/Intermediates.noindex/SwiftExplicitPrecompiledModules -clang-scanner-module-cache-path /Users/j/Documents/GitHub/MoneroOne/build/ModuleCache.noindex -sdk-module-cache-path /Users/j/Documents/GitHub/MoneroOne/build/ModuleCache.noindex -serialize-diagnostics -emit-dependencies -emit-module -emit-module-path /Users/j/Documents/GitHub/MoneroOne/build/Build/Intermediates.noindex/swift-crypto.build/Debug-iphonesimulator/_CryptoExtras.build/Objects-normal/arm64/_CryptoExtras.swiftmodule -validate-clang-modules-once -clang-build-session-file /Users/j/Documents/GitHub/MoneroOne/build/ModuleCache.noindex/Session.modulevalidation -Xcc -I/Users/j/Documents/GitHub/MoneroOne/build/Build/Intermediates.noindex/swift-crypto.build/Debug-iphonesimulator/_CryptoExtras.build/swift-overrides.hmap -emit-const-values -Xfrontend -const-gather-protocols-file -Xfrontend /Users/j/Documents/GitHub/MoneroOne/build/Build/Intermediates.noindex/swift-crypto.build/Debug-iphonesimulator/_CryptoExtras.build/Objects-normal/arm64/_CryptoExtras_const_extract_protocols.json -Xcc -I/Users/j/Documents/GitHub/MoneroOne/build/SourcePackages/checkouts/swift-crypto/Sources/CCryptoBoringSSLShims/include -Xcc -I/Users/j/Documents/GitHub/MoneroOne/build/SourcePackages/checkouts/swift-crypto/Sources/CCryptoBoringSSL/include -Xcc -I/Users/j/Documents/GitHub/MoneroOne/build/Build/Products/Debug-iphonesimulator/include -Xcc -I/Users/j/Documents/GitHub/MoneroOne/build/Build/Intermediates.noindex/swift-crypto.build/Debug-iphonesimulator/_CryptoExtras.build/DerivedSources-normal/arm64 -Xcc -I/Users/j/Documents/GitHub/MoneroOne/build/Build/Intermediates.noindex/swift-crypto.build/Debug-iphonesimulator/_CryptoExtras.build/DerivedSources/arm64 -Xcc -I/Users/j/Documents/GitHub/MoneroOne/build/Build/Intermediates.noindex/swift-crypto.build/Debug-iphonesimulator/_CryptoExtras.build/DerivedSources -Xcc -DSWIFT_PACKAGE -Xcc -DDEBUG\=1 -emit-objc-header -emit-objc-header-path /Users/j/Documents/GitHub/MoneroOne/build/Build/Intermediates.noindex/swift-crypto.build/Debug-iphonesimulator/_CryptoExtras.build/Objects-normal/arm64/_CryptoExtras-Swift.h -working-directory /Users/j/Documents/GitHub/MoneroOne/MoneroOne.xcodeproj -experimental-emit-module-separately -disable-cmo

SwiftDriverJobDiscovery normal arm64 Compiling BoringSSLHelpers.swift (in target '_CryptoExtras' from project 'swift-crypto')

SwiftCompile normal arm64 Compiling\ AES_GCM_SIV_boring.swift,\ ChaCha20CTR_boring.swift /Users/j/Documents/GitHub/MoneroOne/build/SourcePackages/checkouts/swift-crypto/Sources/_CryptoExtras/AES/BoringSSL/AES_GCM_SIV_boring.swift /Users/j/Documents/GitHub/MoneroOne/build/SourcePackages/checkouts/swift-crypto/Sources/_CryptoExtras/ChaCha20CTR/BoringSSL/ChaCha20CTR_boring.swift (in target '_CryptoExtras' from project 'swift-crypto')

SwiftCompile normal arm64 /Users/j/Documents/GitHub/MoneroOne/build/SourcePackages/checkouts/swift-crypto/Sources/_CryptoExtras/AES/BoringSSL/AES_GCM_SIV_boring.swift (in target '_CryptoExtras' from project 'swift-crypto')
    cd /Users/j/Documents/GitHub/MoneroOne/MoneroOne.xcodeproj
    

SwiftCompile normal arm64 /Users/j/Documents/GitHub/MoneroOne/build/SourcePackages/checkouts/swift-crypto/Sources/_CryptoExtras/ChaCha20CTR/BoringSSL/ChaCha20CTR_boring.swift (in target '_CryptoExtras' from project 'swift-crypto')
    cd /Users/j/Documents/GitHub/MoneroOne/MoneroOne.xcodeproj
    

SwiftMergeGeneratedHeaders /Users/j/Documents/GitHub/MoneroOne/build/Build/Intermediates.noindex/GeneratedModuleMaps-iphonesimulator/_CryptoExtras-Swift.h /Users/j/Documents/GitHub/MoneroOne/build/Build/Intermediates.noindex/swift-crypto.build/Debug-iphonesimulator/_CryptoExtras.build/Objects-normal/arm64/_CryptoExtras-Swift.h (in target '_CryptoExtras' from project 'swift-crypto')
    cd /Users/j/Documents/GitHub/MoneroOne/build/SourcePackages/checkouts/swift-crypto
    builtin-swiftHeaderTool -arch arm64 /Users/j/Documents/GitHub/MoneroOne/build/Build/Intermediates.noindex/swift-crypto.build/Debug-iphonesimulator/_CryptoExtras.build/Objects-normal/arm64/_CryptoExtras-Swift.h -o /Users/j/Documents/GitHub/MoneroOne/build/Build/Intermediates.noindex/GeneratedModuleMaps-iphonesimulator/_CryptoExtras-Swift.h

Copy /Users/j/Documents/GitHub/MoneroOne/build/Build/Products/Debug-iphonesimulator/_CryptoExtras.swiftmodule/arm64-apple-ios-simulator.swiftmodule /Users/j/Documents/GitHub/MoneroOne/build/Build/Intermediates.noindex/swift-crypto.build/Debug-iphonesimulator/_CryptoExtras.build/Objects-normal/arm64/_CryptoExtras.swiftmodule (in target '_CryptoExtras' from project 'swift-crypto')
    cd /Users/j/Documents/GitHub/MoneroOne/build/SourcePackages/checkouts/swift-crypto
    builtin-copy -exclude .DS_Store -exclude CVS -exclude .svn -exclude .git -exclude .hg -resolve-src-symlinks -rename /Users/j/Documents/GitHub/MoneroOne/build/Build/Intermediates.noindex/swift-crypto.build/Debug-iphonesimulator/_CryptoExtras.build/Objects-normal/arm64/_CryptoExtras.swiftmodule /Users/j/Documents/GitHub/MoneroOne/build/Build/Products/Debug-iphonesimulator/_CryptoExtras.swiftmodule/arm64-apple-ios-simulator.swiftmodule

Copy /Users/j/Documents/GitHub/MoneroOne/build/Build/Products/Debug-iphonesimulator/_CryptoExtras.swiftmodule/arm64-apple-ios-simulator.swiftdoc /Users/j/Documents/GitHub/MoneroOne/build/Build/Intermediates.noindex/swift-crypto.build/Debug-iphonesimulator/_CryptoExtras.build/Objects-normal/arm64/_CryptoExtras.swiftdoc (in target '_CryptoExtras' from project 'swift-crypto')
    cd /Users/j/Documents/GitHub/MoneroOne/build/SourcePackages/checkouts/swift-crypto
    builtin-copy -exclude .DS_Store -exclude CVS -exclude .svn -exclude .git -exclude .hg -resolve-src-symlinks -rename /Users/j/Documents/GitHub/MoneroOne/build/Build/Intermediates.noindex/swift-crypto.build/Debug-iphonesimulator/_CryptoExtras.build/Objects-normal/arm64/_CryptoExtras.swiftdoc /Users/j/Documents/GitHub/MoneroOne/build/Build/Products/Debug-iphonesimulator/_CryptoExtras.swiftmodule/arm64-apple-ios-simulator.swiftdoc

Copy /Users/j/Documents/GitHub/MoneroOne/build/Build/Products/Debug-iphonesimulator/_CryptoExtras.swiftmodule/arm64-apple-ios-simulator.abi.json /Users/j/Documents/GitHub/MoneroOne/build/Build/Intermediates.noindex/swift-crypto.build/Debug-iphonesimulator/_CryptoExtras.build/Objects-normal/arm64/_CryptoExtras.abi.json (in target '_CryptoExtras' from project 'swift-crypto')
    cd /Users/j/Documents/GitHub/MoneroOne/build/SourcePackages/checkouts/swift-crypto
    builtin-copy -exclude .DS_Store -exclude CVS -exclude .svn -exclude .git -exclude .hg -resolve-src-symlinks -rename /Users/j/Documents/GitHub/MoneroOne/build/Build/Intermediates.noindex/swift-crypto.build/Debug-iphonesimulator/_CryptoExtras.build/Objects-normal/arm64/_CryptoExtras.abi.json /Users/j/Documents/GitHub/MoneroOne/build/Build/Products/Debug-iphonesimulator/_CryptoExtras.swiftmodule/arm64-apple-ios-simulator.abi.json

SwiftDriverJobDiscovery normal arm64 Compiling CryptoKitErrors_boring.swift (in target '_CryptoExtras' from project 'swift-crypto')

Copy /Users/j/Documents/GitHub/MoneroOne/build/Build/Products/Debug-iphonesimulator/_CryptoExtras.swiftmodule/Project/arm64-apple-ios-simulator.swiftsourceinfo /Users/j/Documents/GitHub/MoneroOne/build/Build/Intermediates.noindex/swift-crypto.build/Debug-iphonesimulator/_CryptoExtras.build/Objects-normal/arm64/_CryptoExtras.swiftsourceinfo (in target '_CryptoExtras' from project 'swift-crypto')
    cd /Users/j/Documents/GitHub/MoneroOne/build/SourcePackages/checkouts/swift-crypto
    builtin-copy -exclude .DS_Store -exclude CVS -exclude .svn -exclude .git -exclude .hg -resolve-src-symlinks -rename /Users/j/Documents/GitHub/MoneroOne/build/Build/Intermediates.noindex/swift-crypto.build/Debug-iphonesimulator/_CryptoExtras.build/Objects-normal/arm64/_CryptoExtras.swiftsourceinfo /Users/j/Documents/GitHub/MoneroOne/build/Build/Products/Debug-iphonesimulator/_CryptoExtras.swiftmodule/Project/arm64-apple-ios-simulator.swiftsourceinfo

SwiftCompile normal arm64 Compiling\ Deque+Extras.swift,\ Deque+Hashable.swift /Users/j/Documents/GitHub/MoneroOne/build/SourcePackages/checkouts/swift-collections/Sources/DequeModule/Deque+Extras.swift /Users/j/Documents/GitHub/MoneroOne/build/SourcePackages/checkouts/swift-collections/Sources/DequeModule/Deque+Hashable.swift (in target 'DequeModule' from project 'swift-collections')

SwiftCompile normal arm64 /Users/j/Documents/GitHub/MoneroOne/build/SourcePackages/checkouts/swift-collections/Sources/DequeModule/Deque+Extras.swift (in target 'DequeModule' from project 'swift-collections')
    cd /Users/j/Documents/GitHub/MoneroOne/MoneroOne.xcodeproj
    

SwiftCompile normal arm64 /Users/j/Documents/GitHub/MoneroOne/build/SourcePackages/checkouts/swift-collections/Sources/DequeModule/Deque+Hashable.swift (in target 'DequeModule' from project 'swift-collections')
    cd /Users/j/Documents/GitHub/MoneroOne/MoneroOne.xcodeproj
    

SwiftCompile normal arm64 Compiling\ _DequeBuffer.swift /Users/j/Documents/GitHub/MoneroOne/build/SourcePackages/checkouts/swift-collections/Sources/DequeModule/_DequeBuffer.swift (in target 'DequeModule' from project 'swift-collections')

SwiftCompile normal arm64 /Users/j/Documents/GitHub/MoneroOne/build/SourcePackages/checkouts/swift-collections/Sources/DequeModule/_DequeBuffer.swift (in target 'DequeModule' from project 'swift-collections')
    cd /Users/j/Documents/GitHub/MoneroOne/MoneroOne.xcodeproj
    

SwiftDriverJobDiscovery normal arm64 Compiling DataStreamRequest.swift, DownloadRequest.swift, HTTPHeaders.swift, HTTPMethod.swift (in target 'Alamofire' from project 'Alamofire')

SwiftCompile normal arm64 Compiling\ Deque+Equatable.swift,\ Deque+ExpressibleByArrayLiteral.swift /Users/j/Documents/GitHub/MoneroOne/build/SourcePackages/checkouts/swift-collections/Sources/DequeModule/Deque+Equatable.swift /Users/j/Documents/GitHub/MoneroOne/build/SourcePackages/checkouts/swift-collections/Sources/DequeModule/Deque+ExpressibleByArrayLiteral.swift (in target 'DequeModule' from project 'swift-collections')

SwiftCompile normal arm64 /Users/j/Documents/GitHub/MoneroOne/build/SourcePackages/checkouts/swift-collections/Sources/DequeModule/Deque+Equatable.swift (in target 'DequeModule' from project 'swift-collections')
    cd /Users/j/Documents/GitHub/MoneroOne/MoneroOne.xcodeproj
    

SwiftCompile normal arm64 /Users/j/Documents/GitHub/MoneroOne/build/SourcePackages/checkouts/swift-collections/Sources/DequeModule/Deque+ExpressibleByArrayLiteral.swift (in target 'DequeModule' from project 'swift-collections')
    cd /Users/j/Documents/GitHub/MoneroOne/MoneroOne.xcodeproj
    

SwiftDriverJobDiscovery normal arm64 Compiling RSA_boring.swift (in target '_CryptoExtras' from project 'swift-crypto')

SwiftDriverJobDiscovery normal arm64 Compiling PEMDocument.swift (in target '_CryptoExtras' from project 'swift-crypto')

SwiftCompile normal arm64 Compiling\ Deque+Codable.swift,\ Deque+Collection.swift /Users/j/Documents/GitHub/MoneroOne/build/SourcePackages/checkouts/swift-collections/Sources/DequeModule/Deque+Codable.swift /Users/j/Documents/GitHub/MoneroOne/build/SourcePackages/checkouts/swift-collections/Sources/DequeModule/Deque+Collection.swift (in target 'DequeModule' from project 'swift-collections')
SwiftCompile normal arm64 /Users/j/Documents/GitHub/MoneroOne/build/SourcePackages/checkouts/swift-collections/Sources/DequeModule/Deque+Codable.swift (in target 'DequeModule' from project 'swift-collections')
    cd /Users/j/Documents/GitHub/MoneroOne/MoneroOne.xcodeproj
    

SwiftCompile normal arm64 /Users/j/Documents/GitHub/MoneroOne/build/SourcePackages/checkouts/swift-collections/Sources/DequeModule/Deque+Collection.swift (in target 'DequeModule' from project 'swift-collections')
    cd /Users/j/Documents/GitHub/MoneroOne/MoneroOne.xcodeproj
    

SwiftCompile normal arm64 Compiling\ Deque+Testing.swift /Users/j/Documents/GitHub/MoneroOne/build/SourcePackages/checkouts/swift-collections/Sources/DequeModule/Deque+Testing.swift (in target 'DequeModule' from project 'swift-collections')

SwiftCompile normal arm64 /Users/j/Documents/GitHub/MoneroOne/build/SourcePackages/checkouts/swift-collections/Sources/DequeModule/Deque+Testing.swift (in target 'DequeModule' from project 'swift-collections')
    cd /Users/j/Documents/GitHub/MoneroOne/MoneroOne.xcodeproj
    

SwiftCompile normal arm64 Compiling\ Deque._UnsafeHandle.swift /Users/j/Documents/GitHub/MoneroOne/build/SourcePackages/checkouts/swift-collections/Sources/DequeModule/Deque._UnsafeHandle.swift (in target 'DequeModule' from project 'swift-collections')

SwiftCompile normal arm64 /Users/j/Documents/GitHub/MoneroOne/build/SourcePackages/checkouts/swift-collections/Sources/DequeModule/Deque._UnsafeHandle.swift (in target 'DequeModule' from project 'swift-collections')
    cd /Users/j/Documents/GitHub/MoneroOne/MoneroOne.xcodeproj
    

SwiftDriverJobDiscovery normal arm64 Emitting module for DequeModule (in target 'DequeModule' from project 'swift-collections')

SwiftDriverJobDiscovery normal arm64 Compiling RSA.swift (in target '_CryptoExtras' from project 'swift-crypto')

SwiftDriver\ Compilation\ Requirements DequeModule normal arm64 com.apple.xcode.tools.swift.compiler (in target 'DequeModule' from project 'swift-collections')
    cd /Users/j/Documents/GitHub/MoneroOne/MoneroOne.xcodeproj
    builtin-Swift-Compilation-Requirements -- /Applications/Xcode.app/Contents/Developer/Toolchains/XcodeDefault.xctoolchain/usr/bin/swiftc -module-name DequeModule -Onone -enforce-exclusivity\=checked @/Users/j/Documents/GitHub/MoneroOne/build/Build/Intermediates.noindex/swift-collections.build/Debug-iphonesimulator/DequeModule.build/Objects-normal/arm64/DequeModule.SwiftFileList -DSWIFT_PACKAGE -DDEBUG -DSWIFT_MODULE_RESOURCE_BUNDLE_UNAVAILABLE -DCOLLECTIONS_RANDOMIZED_TESTING -DXcode -enable-experimental-feature AvailabilityMacro\=SwiftStdlib\ 5.0:\ macOS\ 10.14.4,\ iOS\ 12.2,\ watchOS\ 5.2,\ tvOS\ 12.2 -enable-experimental-feature AvailabilityMacro\=SwiftStdlib\ 5.1:\ macOS\ 10.15,\ iOS\ 13.0,\ watchOS\ 6.0,\ tvOS\ 13.0 -enable-experimental-feature AvailabilityMacro\=SwiftStdlib\ 5.6:\ macOS\ 12.3,\ iOS\ 15.4,\ watchOS\ 8.5,\ tvOS\ 15.4 -enable-experimental-feature AvailabilityMacro\=SwiftStdlib\ 5.8:\ macOS\ 13.3,\ iOS\ 16.4,\ watchOS\ 9.4,\ tvOS\ 16.4 -enable-experimental-feature AvailabilityMacro\=SwiftStdlib\ 5.9:\ macOS\ 14.0,\ iOS\ 17.0,\ watchOS\ 10.0,\ tvOS\ 17.0 -enable-experimental-feature AvailabilityMacro\=SwiftStdlib\ 5.10:\ macOS\ 14.4,\ iOS\ 17.4,\ watchOS\ 10.4,\ tvOS\ 17.4,\ visionOS\ 1.1 -enable-experimental-feature AvailabilityMacro\=SwiftStdlib\ 6.0:\ macOS\ 15.0,\ iOS\ 18.0,\ watchOS\ 11.0,\ tvOS\ 18.0,\ visionOS\ 2.0 -enable-experimental-feature AvailabilityMacro\=SwiftStdlib\ 6.1:\ macOS\ 15.4,\ iOS\ 18.4,\ watchOS\ 11.4,\ tvOS\ 18.4,\ visionOS\ 2.4 -enable-experimental-feature AvailabilityMacro\=SwiftStdlib\ 6.2:\ macOS\ 26.0,\ iOS\ 26.0,\ watchOS\ 26.0,\ tvOS\ 26.0,\ visionOS\ 26.0 -enable-upcoming-feature MemberImportVisibility -enable-experimental-feature BuiltinModule -enable-experimental-feature Lifetimes -enable-experimental-feature InoutLifetimeDependence -enable-experimental-feature SuppressedAssociatedTypes -plugin-path /Applications/Xcode.app/Contents/Developer/Toolchains/XcodeDefault.xctoolchain/usr/lib/swift/host/plugins/testing -enable-experimental-feature DebugDescriptionMacro -sdk /Applications/Xcode.app/Contents/Developer/Platforms/iPhoneSimulator.platform/Developer/SDKs/iPhoneSimulator26.1.sdk -target arm64-apple-ios12.0-simulator -g -module-cache-path /Users/j/Documents/GitHub/MoneroOne/build/ModuleCache.noindex -Xfrontend -serialize-debugging-options -enable-testing -suppress-warnings -index-store-path /Users/j/Documents/GitHub/MoneroOne/build/Index.noindex/DataStore -Xcc -D_LIBCPP_HARDENING_MODE\=_LIBCPP_HARDENING_MODE_DEBUG -swift-version 6 -I /Users/j/Documents/GitHub/MoneroOne/build/Build/Products/Debug-iphonesimulator -Isystem /Applications/Xcode.app/Contents/Developer/Platforms/iPhoneSimulator.platform/Developer/usr/lib -F /Users/j/Documents/GitHub/MoneroOne/build/Build/Products/Debug-iphonesimulator/PackageFrameworks -F /Users/j/Documents/GitHub/MoneroOne/build/Build/Products/Debug-iphonesimulator -F /Applications/Xcode.app/Contents/Developer/Platforms/iPhoneSimulator.platform/Developer/Library/Frameworks -F /Applications/Xcode.app/Contents/Developer/Platforms/iPhoneSimulator.platform/Developer/SDKs/iPhoneSimulator26.1.sdk/Developer/Library/Frameworks -c -j12 -enable-batch-mode -incremental -Xcc -ivfsstatcache -Xcc /Users/j/Documents/GitHub/MoneroOne/build/SDKStatCaches.noindex/iphonesimulator26.1-23B77-90cf18a4295e390e64c810bc6bd7acbc.sdkstatcache -output-file-map /Users/j/Documents/GitHub/MoneroOne/build/Build/Intermediates.noindex/swift-collections.build/Debug-iphonesimulator/DequeModule.build/Objects-normal/arm64/DequeModule-OutputFileMap.json -use-frontend-parseable-output -save-temps -no-color-diagnostics -explicit-module-build -module-cache-path /Users/j/Documents/GitHub/MoneroOne/build/Build/Intermediates.noindex/SwiftExplicitPrecompiledModules -clang-scanner-module-cache-path /Users/j/Documents/GitHub/MoneroOne/build/ModuleCache.noindex -sdk-module-cache-path /Users/j/Documents/GitHub/MoneroOne/build/ModuleCache.noindex -serialize-diagnostics -emit-dependencies -emit-module -emit-module-path /Users/j/Documents/GitHub/MoneroOne/build/Build/Intermediates.noindex/swift-collections.build/Debug-iphonesimulator/DequeModule.build/Objects-normal/arm64/DequeModule.swiftmodule -user-module-version 1.3.0 -validate-clang-modules-once -clang-build-session-file /Users/j/Documents/GitHub/MoneroOne/build/ModuleCache.noindex/Session.modulevalidation -package-name swift_collections -Xcc -I/Users/j/Documents/GitHub/MoneroOne/build/Build/Intermediates.noindex/swift-collections.build/Debug-iphonesimulator/DequeModule.build/swift-overrides.hmap -emit-const-values -Xfrontend -const-gather-protocols-file -Xfrontend /Users/j/Documents/GitHub/MoneroOne/build/Build/Intermediates.noindex/swift-collections.build/Debug-iphonesimulator/DequeModule.build/Objects-normal/arm64/DequeModule_const_extract_protocols.json -Xcc -I/Users/j/Documents/GitHub/MoneroOne/build/Build/Products/Debug-iphonesimulator/include -Xcc -I/Users/j/Documents/GitHub/MoneroOne/build/Build/Intermediates.noindex/swift-collections.build/Debug-iphonesimulator/DequeModule.build/DerivedSources-normal/arm64 -Xcc -I/Users/j/Documents/GitHub/MoneroOne/build/Build/Intermediates.noindex/swift-collections.build/Debug-iphonesimulator/DequeModule.build/DerivedSources/arm64 -Xcc -I/Users/j/Documents/GitHub/MoneroOne/build/Build/Intermediates.noindex/swift-collections.build/Debug-iphonesimulator/DequeModule.build/DerivedSources -Xcc -DSWIFT_PACKAGE -Xcc -DDEBUG\=1 -emit-objc-header -emit-objc-header-path /Users/j/Documents/GitHub/MoneroOne/build/Build/Intermediates.noindex/swift-collections.build/Debug-iphonesimulator/DequeModule.build/Objects-normal/arm64/DequeModule-Swift.h -working-directory /Users/j/Documents/GitHub/MoneroOne/MoneroOne.xcodeproj -experimental-emit-module-separately -disable-cmo

RegisterExecutionPolicyException /Users/j/Documents/GitHub/MoneroOne/build/Build/Products/Debug-iphonesimulator/CNIOWindows.o (in target 'CNIOWindows' from project 'swift-nio')
    cd /Users/j/Documents/GitHub/MoneroOne/build/SourcePackages/checkouts/swift-nio
    builtin-RegisterExecutionPolicyException /Users/j/Documents/GitHub/MoneroOne/build/Build/Products/Debug-iphonesimulator/CNIOWindows.o

SwiftDriverJobDiscovery normal arm64 Compiling _DequeBuffer.swift (in target 'DequeModule' from project 'swift-collections')

SwiftMergeGeneratedHeaders /Users/j/Documents/GitHub/MoneroOne/build/Build/Intermediates.noindex/GeneratedModuleMaps-iphonesimulator/DequeModule-Swift.h /Users/j/Documents/GitHub/MoneroOne/build/Build/Intermediates.noindex/swift-collections.build/Debug-iphonesimulator/DequeModule.build/Objects-normal/arm64/DequeModule-Swift.h (in target 'DequeModule' from project 'swift-collections')
    cd /Users/j/Documents/GitHub/MoneroOne/build/SourcePackages/checkouts/swift-collections
    builtin-swiftHeaderTool -arch arm64 /Users/j/Documents/GitHub/MoneroOne/build/Build/Intermediates.noindex/swift-collections.build/Debug-iphonesimulator/DequeModule.build/Objects-normal/arm64/DequeModule-Swift.h -o /Users/j/Documents/GitHub/MoneroOne/build/Build/Intermediates.noindex/GeneratedModuleMaps-iphonesimulator/DequeModule-Swift.h

Copy /Users/j/Documents/GitHub/MoneroOne/build/Build/Products/Debug-iphonesimulator/DequeModule.swiftmodule/arm64-apple-ios-simulator.swiftmodule /Users/j/Documents/GitHub/MoneroOne/build/Build/Intermediates.noindex/swift-collections.build/Debug-iphonesimulator/DequeModule.build/Objects-normal/arm64/DequeModule.swiftmodule (in target 'DequeModule' from project 'swift-collections')
    cd /Users/j/Documents/GitHub/MoneroOne/build/SourcePackages/checkouts/swift-collections
    builtin-copy -exclude .DS_Store -exclude CVS -exclude .svn -exclude .git -exclude .hg -resolve-src-symlinks -rename /Users/j/Documents/GitHub/MoneroOne/build/Build/Intermediates.noindex/swift-collections.build/Debug-iphonesimulator/DequeModule.build/Objects-normal/arm64/DequeModule.swiftmodule /Users/j/Documents/GitHub/MoneroOne/build/Build/Products/Debug-iphonesimulator/DequeModule.swiftmodule/arm64-apple-ios-simulator.swiftmodule

Copy /Users/j/Documents/GitHub/MoneroOne/build/Build/Products/Debug-iphonesimulator/DequeModule.swiftmodule/arm64-apple-ios-simulator.swiftdoc /Users/j/Documents/GitHub/MoneroOne/build/Build/Intermediates.noindex/swift-collections.build/Debug-iphonesimulator/DequeModule.build/Objects-normal/arm64/DequeModule.swiftdoc (in target 'DequeModule' from project 'swift-collections')
    cd /Users/j/Documents/GitHub/MoneroOne/build/SourcePackages/checkouts/swift-collections
    builtin-copy -exclude .DS_Store -exclude CVS -exclude .svn -exclude .git -exclude .hg -resolve-src-symlinks -rename /Users/j/Documents/GitHub/MoneroOne/build/Build/Intermediates.noindex/swift-collections.build/Debug-iphonesimulator/DequeModule.build/Objects-normal/arm64/DequeModule.swiftdoc /Users/j/Documents/GitHub/MoneroOne/build/Build/Products/Debug-iphonesimulator/DequeModule.swiftmodule/arm64-apple-ios-simulator.swiftdoc

Copy /Users/j/Documents/GitHub/MoneroOne/build/Build/Products/Debug-iphonesimulator/DequeModule.swiftmodule/arm64-apple-ios-simulator.abi.json /Users/j/Documents/GitHub/MoneroOne/build/Build/Intermediates.noindex/swift-collections.build/Debug-iphonesimulator/DequeModule.build/Objects-normal/arm64/DequeModule.abi.json (in target 'DequeModule' from project 'swift-collections')
    cd /Users/j/Documents/GitHub/MoneroOne/build/SourcePackages/checkouts/swift-collections
    builtin-copy -exclude .DS_Store -exclude CVS -exclude .svn -exclude .git -exclude .hg -resolve-src-symlinks -rename /Users/j/Documents/GitHub/MoneroOne/build/Build/Intermediates.noindex/swift-collections.build/Debug-iphonesimulator/DequeModule.build/Objects-normal/arm64/DequeModule.abi.json /Users/j/Documents/GitHub/MoneroOne/build/Build/Products/Debug-iphonesimulator/DequeModule.swiftmodule/arm64-apple-ios-simulator.abi.json

Copy /Users/j/Documents/GitHub/MoneroOne/build/Build/Products/Debug-iphonesimulator/DequeModule.swiftmodule/Project/arm64-apple-ios-simulator.swiftsourceinfo /Users/j/Documents/GitHub/MoneroOne/build/Build/Intermediates.noindex/swift-collections.build/Debug-iphonesimulator/DequeModule.build/Objects-normal/arm64/DequeModule.swiftsourceinfo (in target 'DequeModule' from project 'swift-collections')
    cd /Users/j/Documents/GitHub/MoneroOne/build/SourcePackages/checkouts/swift-collections
    builtin-copy -exclude .DS_Store -exclude CVS -exclude .svn -exclude .git -exclude .hg -resolve-src-symlinks -rename /Users/j/Documents/GitHub/MoneroOne/build/Build/Intermediates.noindex/swift-collections.build/Debug-iphonesimulator/DequeModule.build/Objects-normal/arm64/DequeModule.swiftsourceinfo /Users/j/Documents/GitHub/MoneroOne/build/Build/Products/Debug-iphonesimulator/DequeModule.swiftmodule/Project/arm64-apple-ios-simulator.swiftsourceinfo

RegisterExecutionPolicyException /Users/j/Documents/GitHub/MoneroOne/build/Build/Products/Debug-iphonesimulator/CNIOWASI.o (in target 'CNIOWASI' from project 'swift-nio')
    cd /Users/j/Documents/GitHub/MoneroOne/build/SourcePackages/checkouts/swift-nio
    builtin-RegisterExecutionPolicyException /Users/j/Documents/GitHub/MoneroOne/build/Build/Products/Debug-iphonesimulator/CNIOWASI.o

SwiftDriverJobDiscovery normal arm64 Compiling Deque+Equatable.swift, Deque+ExpressibleByArrayLiteral.swift (in target 'DequeModule' from project 'swift-collections')

Ld /Users/j/Documents/GitHub/MoneroOne/build/Build/Products/Debug-iphonesimulator/Atomics.o normal (in target 'Atomics' from project 'swift-atomics')
    cd /Users/j/Documents/GitHub/MoneroOne/build/SourcePackages/checkouts/swift-atomics
    /Applications/Xcode.app/Contents/Developer/Toolchains/XcodeDefault.xctoolchain/usr/bin/clang -Xlinker -reproducible -target arm64-apple-ios12.0-simulator -r -isysroot /Applications/Xcode.app/Contents/Developer/Platforms/iPhoneSimulator.platform/Developer/SDKs/iPhoneSimulator26.1.sdk -O0 -w -L/Users/j/Documents/GitHub/MoneroOne/build/Build/Intermediates.noindex/EagerLinkingTBDs/Debug-iphonesimulator -L/Users/j/Documents/GitHub/MoneroOne/build/Build/Products/Debug-iphonesimulator -L/Applications/Xcode.app/Contents/Developer/Platforms/iPhoneSimulator.platform/Developer/usr/lib -F/Users/j/Documents/GitHub/MoneroOne/build/Build/Intermediates.noindex/EagerLinkingTBDs/Debug-iphonesimulator -F/Users/j/Documents/GitHub/MoneroOne/build/Build/Products/Debug-iphonesimulator/PackageFrameworks -F/Users/j/Documents/GitHub/MoneroOne/build/Build/Products/Debug-iphonesimulator -iframework /Applications/Xcode.app/Contents/Developer/Platforms/iPhoneSimulator.platform/Developer/Library/Frameworks -iframework /Applications/Xcode.app/Contents/Developer/Platforms/iPhoneSimulator.platform/Developer/SDKs/iPhoneSimulator26.1.sdk/Developer/Library/Frameworks -filelist /Users/j/Documents/GitHub/MoneroOne/build/Build/Intermediates.noindex/swift-atomics.build/Debug-iphonesimulator/Atomics.build/Objects-normal/arm64/Atomics.LinkFileList -nostdlib -Xlinker -object_path_lto -Xlinker /Users/j/Documents/GitHub/MoneroOne/build/Build/Intermediates.noindex/swift-atomics.build/Debug-iphonesimulator/Atomics.build/Objects-normal/arm64/Atomics_lto.o -rdynamic -Xlinker -no_deduplicate -Xlinker -objc_abi_version -Xlinker 2 -Xlinker -dependency_info -Xlinker /Users/j/Documents/GitHub/MoneroOne/build/Build/Intermediates.noindex/swift-atomics.build/Debug-iphonesimulator/Atomics.build/Objects-normal/arm64/Atomics_dependency_info.dat -fobjc-link-runtime -L/Applications/Xcode.app/Contents/Developer/Toolchains/XcodeDefault.xctoolchain/usr/lib/swift/iphonesimulator -L/usr/lib/swift -Xlinker -add_ast_path -Xlinker /Users/j/Documents/GitHub/MoneroOne/build/Build/Intermediates.noindex/swift-atomics.build/Debug-iphonesimulator/Atomics.build/Objects-normal/arm64/Atomics.swiftmodule @/Users/j/Documents/GitHub/MoneroOne/build/Build/Intermediates.noindex/swift-atomics.build/Debug-iphonesimulator/Atomics.build/Objects-normal/arm64/Atomics-linker-args.resp -o /Users/j/Documents/GitHub/MoneroOne/build/Build/Products/Debug-iphonesimulator/Atomics.o

RegisterExecutionPolicyException /Users/j/Documents/GitHub/MoneroOne/build/Build/Products/Debug-iphonesimulator/CNIOSHA1.o (in target 'CNIOSHA1' from project 'swift-nio')
    cd /Users/j/Documents/GitHub/MoneroOne/build/SourcePackages/checkouts/swift-nio
    builtin-RegisterExecutionPolicyException /Users/j/Documents/GitHub/MoneroOne/build/Build/Products/Debug-iphonesimulator/CNIOSHA1.o

RegisterExecutionPolicyException /Users/j/Documents/GitHub/MoneroOne/build/Build/Products/Debug-iphonesimulator/InternalCollectionsUtilities.o (in target 'InternalCollectionsUtilities' from project 'swift-collections')
    cd /Users/j/Documents/GitHub/MoneroOne/build/SourcePackages/checkouts/swift-collections
    builtin-RegisterExecutionPolicyException /Users/j/Documents/GitHub/MoneroOne/build/Build/Products/Debug-iphonesimulator/InternalCollectionsUtilities.o

RegisterExecutionPolicyException /Users/j/Documents/GitHub/MoneroOne/build/Build/Products/Debug-iphonesimulator/CNIOPosix.o (in target 'CNIOPosix' from project 'swift-nio')
    cd /Users/j/Documents/GitHub/MoneroOne/build/SourcePackages/checkouts/swift-nio
    builtin-RegisterExecutionPolicyException /Users/j/Documents/GitHub/MoneroOne/build/Build/Products/Debug-iphonesimulator/CNIOPosix.o

RegisterExecutionPolicyException /Users/j/Documents/GitHub/MoneroOne/build/Build/Products/Debug-iphonesimulator/CNIOOpenBSD.o (in target 'CNIOOpenBSD' from project 'swift-nio')
    cd /Users/j/Documents/GitHub/MoneroOne/build/SourcePackages/checkouts/swift-nio
    builtin-RegisterExecutionPolicyException /Users/j/Documents/GitHub/MoneroOne/build/Build/Products/Debug-iphonesimulator/CNIOOpenBSD.o

RegisterExecutionPolicyException /Users/j/Documents/GitHub/MoneroOne/build/Build/Products/Debug-iphonesimulator/CNIOLinux.o (in target 'CNIOLinux' from project 'swift-nio')
    cd /Users/j/Documents/GitHub/MoneroOne/build/SourcePackages/checkouts/swift-nio
    builtin-RegisterExecutionPolicyException /Users/j/Documents/GitHub/MoneroOne/build/Build/Products/Debug-iphonesimulator/CNIOLinux.o

SwiftDriverJobDiscovery normal arm64 Compiling Deque+Extras.swift, Deque+Hashable.swift (in target 'DequeModule' from project 'swift-collections')

RegisterExecutionPolicyException /Users/j/Documents/GitHub/MoneroOne/build/Build/Products/Debug-iphonesimulator/CNIOLLHTTP.o (in target 'CNIOLLHTTP' from project 'swift-nio')
    cd /Users/j/Documents/GitHub/MoneroOne/build/SourcePackages/checkouts/swift-nio
    builtin-RegisterExecutionPolicyException /Users/j/Documents/GitHub/MoneroOne/build/Build/Products/Debug-iphonesimulator/CNIOLLHTTP.o

RegisterExecutionPolicyException /Users/j/Documents/GitHub/MoneroOne/build/Build/Products/Debug-iphonesimulator/CNIODarwin.o (in target 'CNIODarwin' from project 'swift-nio')
    cd /Users/j/Documents/GitHub/MoneroOne/build/SourcePackages/checkouts/swift-nio
    builtin-RegisterExecutionPolicyException /Users/j/Documents/GitHub/MoneroOne/build/Build/Products/Debug-iphonesimulator/CNIODarwin.o

RegisterExecutionPolicyException /Users/j/Documents/GitHub/MoneroOne/build/Build/Products/Debug-iphonesimulator/CNIOBoringSSL.o (in target 'CNIOBoringSSL' from project 'swift-nio-ssl')
    cd /Users/j/Documents/GitHub/MoneroOne/build/SourcePackages/checkouts/swift-nio-ssl
    builtin-RegisterExecutionPolicyException /Users/j/Documents/GitHub/MoneroOne/build/Build/Products/Debug-iphonesimulator/CNIOBoringSSL.o

RegisterExecutionPolicyException /Users/j/Documents/GitHub/MoneroOne/build/Build/Products/Debug-iphonesimulator/CNIOAtomics.o (in target 'CNIOAtomics' from project 'swift-nio')
    cd /Users/j/Documents/GitHub/MoneroOne/build/SourcePackages/checkouts/swift-nio
    builtin-RegisterExecutionPolicyException /Users/j/Documents/GitHub/MoneroOne/build/Build/Products/Debug-iphonesimulator/CNIOAtomics.o

RegisterExecutionPolicyException /Users/j/Documents/GitHub/MoneroOne/build/Build/Products/Debug-iphonesimulator/CMonero.o (in target 'CMonero' from project 'MoneroKit.swift')
    cd /Users/j/Documents/GitHub/MoneroKit.Swift
    builtin-RegisterExecutionPolicyException /Users/j/Documents/GitHub/MoneroOne/build/Build/Products/Debug-iphonesimulator/CMonero.o

RegisterExecutionPolicyException /Users/j/Documents/GitHub/MoneroOne/build/Build/Products/Debug-iphonesimulator/CCryptoBoringSSL.o (in target 'CCryptoBoringSSL' from project 'swift-crypto')
    cd /Users/j/Documents/GitHub/MoneroOne/build/SourcePackages/checkouts/swift-crypto
    builtin-RegisterExecutionPolicyException /Users/j/Documents/GitHub/MoneroOne/build/Build/Products/Debug-iphonesimulator/CCryptoBoringSSL.o

ExtractAppIntentsMetadata (in target 'Atomics' from project 'swift-atomics')
    cd /Users/j/Documents/GitHub/MoneroOne/build/SourcePackages/checkouts/swift-atomics
    /Applications/Xcode.app/Contents/Developer/Toolchains/XcodeDefault.xctoolchain/usr/bin/appintentsmetadataprocessor --toolchain-dir /Applications/Xcode.app/Contents/Developer/Toolchains/XcodeDefault.xctoolchain --module-name Atomics --sdk-root /Applications/Xcode.app/Contents/Developer/Platforms/iPhoneSimulator.platform/Developer/SDKs/iPhoneSimulator26.1.sdk --xcode-version 17B100 --platform-family iOS --deployment-target 12.0 --bundle-identifier swift-atomics.Atomics --output /Users/j/Documents/GitHub/MoneroOne/build/Build/Products/Debug-iphonesimulator/Atomics.appintents --target-triple arm64-apple-ios12.0-simulator --binary-file /Users/j/Documents/GitHub/MoneroOne/build/Build/Products/Debug-iphonesimulator/Atomics.o --dependency-file /Users/j/Documents/GitHub/MoneroOne/build/Build/Intermediates.noindex/swift-atomics.build/Debug-iphonesimulator/Atomics.build/Objects-normal/arm64/Atomics_dependency_info.dat --stringsdata-file /Users/j/Documents/GitHub/MoneroOne/build/Build/Intermediates.noindex/swift-atomics.build/Debug-iphonesimulator/Atomics.build/Objects-normal/arm64/ExtractedAppShortcutsMetadata.stringsdata --source-file-list /Users/j/Documents/GitHub/MoneroOne/build/Build/Intermediates.noindex/swift-atomics.build/Debug-iphonesimulator/Atomics.build/Objects-normal/arm64/Atomics.SwiftFileList --metadata-file-list /Users/j/Documents/GitHub/MoneroOne/build/Build/Intermediates.noindex/swift-atomics.build/Debug-iphonesimulator/Atomics.build/Atomics.DependencyMetadataFileList --static-metadata-file-list /Users/j/Documents/GitHub/MoneroOne/build/Build/Intermediates.noindex/swift-atomics.build/Debug-iphonesimulator/Atomics.build/Atomics.DependencyStaticMetadataFileList --swift-const-vals-list /Users/j/Documents/GitHub/MoneroOne/build/Build/Intermediates.noindex/swift-atomics.build/Debug-iphonesimulator/Atomics.build/Objects-normal/arm64/Atomics.SwiftConstValuesFileList --force --compile-time-extraction --deployment-aware-processing --validate-assistant-intents --no-app-shortcuts-localization
2026-01-18 15:26:05.614 appintentsmetadataprocessor[3782:39109641] Starting appintentsmetadataprocessor export
2026-01-18 15:26:05.756 appintentsmetadataprocessor[3782:39109641] Extracted no relevant App Intents symbols, skipping writing output

SwiftDriverJobDiscovery normal arm64 Compiling AES_GCM_SIV_boring.swift, ChaCha20CTR_boring.swift (in target '_CryptoExtras' from project 'swift-crypto')

SwiftDriverJobDiscovery normal arm64 Compiling Deque+Testing.swift (in target 'DequeModule' from project 'swift-collections')

RegisterExecutionPolicyException /Users/j/Documents/GitHub/MoneroOne/build/Build/Products/Debug-iphonesimulator/HsExtensions.o (in target 'HsExtensions' from project 'HsExtensions.Swift')
    cd /Users/j/Documents/GitHub/MoneroOne/build/SourcePackages/checkouts/HsExtensions.Swift
    builtin-RegisterExecutionPolicyException /Users/j/Documents/GitHub/MoneroOne/build/Build/Products/Debug-iphonesimulator/HsExtensions.o

CodeSign /Users/j/Documents/GitHub/MoneroOne/build/Build/Products/Debug-iphonesimulator/MoneroOneWidgets.appex/MoneroOneWidgets.debug.dylib (in target 'MoneroOneWidgets' from project 'MoneroOne')
    cd /Users/j/Documents/GitHub/MoneroOne
    
    Signing Identity:     "Sign to Run Locally"
    
    /usr/bin/codesign --force --sign - --timestamp\=none --generate-entitlement-der /Users/j/Documents/GitHub/MoneroOne/build/Build/Products/Debug-iphonesimulator/MoneroOneWidgets.appex/MoneroOneWidgets.debug.dylib

SwiftDriverJobDiscovery normal arm64 Compiling ChaCha20CTR.swift (in target '_CryptoExtras' from project 'swift-crypto')

RegisterExecutionPolicyException /Users/j/Documents/GitHub/MoneroOne/build/Build/Products/Debug-iphonesimulator/Crypto.o (in target 'Crypto' from project 'swift-crypto')
    cd /Users/j/Documents/GitHub/MoneroOne/build/SourcePackages/checkouts/swift-crypto
    builtin-RegisterExecutionPolicyException /Users/j/Documents/GitHub/MoneroOne/build/Build/Products/Debug-iphonesimulator/Crypto.o

RegisterExecutionPolicyException /Users/j/Documents/GitHub/MoneroOne/build/Build/Products/Debug-iphonesimulator/secp256k1.o (in target 'secp256k1' from project 'secp256k1')
    cd /Users/j/Documents/GitHub/MoneroOne/build/SourcePackages/checkouts/secp256k1.swift
    builtin-RegisterExecutionPolicyException /Users/j/Documents/GitHub/MoneroOne/build/Build/Products/Debug-iphonesimulator/secp256k1.o

SwiftDriver HsCryptoKit normal arm64 com.apple.xcode.tools.swift.compiler (in target 'HsCryptoKit' from project 'HsCryptoKit.Swift')
    cd /Users/j/Documents/GitHub/MoneroOne/MoneroOne.xcodeproj
    builtin-SwiftDriver -- /Applications/Xcode.app/Contents/Developer/Toolchains/XcodeDefault.xctoolchain/usr/bin/swiftc -module-name HsCryptoKit -Onone -enforce-exclusivity\=checked @/Users/j/Documents/GitHub/MoneroOne/build/Build/Intermediates.noindex/HsCryptoKit.Swift.build/Debug-iphonesimulator/HsCryptoKit.build/Objects-normal/arm64/HsCryptoKit.SwiftFileList -DSWIFT_PACKAGE -DDEBUG -DSWIFT_MODULE_RESOURCE_BUNDLE_UNAVAILABLE -Xcc -fmodule-map-file\=/Users/j/Documents/GitHub/MoneroOne/build/Build/Intermediates.noindex/GeneratedModuleMaps-iphonesimulator/secp256k1_bindings.modulemap -Xcc -fmodule-map-file\=/Users/j/Documents/GitHub/MoneroOne/build/Build/Intermediates.noindex/GeneratedModuleMaps-iphonesimulator/HsCryptoKitC.modulemap -DXcode -plugin-path /Applications/Xcode.app/Contents/Developer/Toolchains/XcodeDefault.xctoolchain/usr/lib/swift/host/plugins/testing -enable-experimental-feature DebugDescriptionMacro -sdk /Applications/Xcode.app/Contents/Developer/Platforms/iPhoneSimulator.platform/Developer/SDKs/iPhoneSimulator26.1.sdk -target arm64-apple-ios13.0-simulator -g -module-cache-path /Users/j/Documents/GitHub/MoneroOne/build/ModuleCache.noindex -Xfrontend -serialize-debugging-options -enable-testing -suppress-warnings -index-store-path /Users/j/Documents/GitHub/MoneroOne/build/Index.noindex/DataStore -Xcc -D_LIBCPP_HARDENING_MODE\=_LIBCPP_HARDENING_MODE_DEBUG -swift-version 5 -I /Users/j/Documents/GitHub/MoneroOne/build/Build/Products/Debug-iphonesimulator -Isystem /Applications/Xcode.app/Contents/Developer/Platforms/iPhoneSimulator.platform/Developer/usr/lib -F /Users/j/Documents/GitHub/MoneroOne/build/Build/Products/Debug-iphonesimulator/PackageFrameworks -F /Users/j/Documents/GitHub/MoneroOne/build/Build/Products/Debug-iphonesimulator/PackageFrameworks -F /Users/j/Documents/GitHub/MoneroOne/build/Build/Products/Debug-iphonesimulator/PackageFrameworks -F /Users/j/Documents/GitHub/MoneroOne/build/Build/Products/Debug-iphonesimulator/PackageFrameworks -F /Users/j/Documents/GitHub/MoneroOne/build/Build/Products/Debug-iphonesimulator/PackageFrameworks -F /Users/j/Documents/GitHub/MoneroOne/build/Build/Products/Debug-iphonesimulator/PackageFrameworks -F /Users/j/Documents/GitHub/MoneroOne/build/Build/Products/Debug-iphonesimulator/PackageFrameworks -F /Users/j/Documents/GitHub/MoneroOne/build/Build/Products/Debug-iphonesimulator/PackageFrameworks -F /Users/j/Documents/GitHub/MoneroOne/build/Build/Products/Debug-iphonesimulator/PackageFrameworks -F /Users/j/Documents/GitHub/MoneroOne/build/Build/Products/Debug-iphonesimulator/PackageFrameworks -F /Users/j/Documents/GitHub/MoneroOne/build/Build/Products/Debug-iphonesimulator -F /Applications/Xcode.app/Contents/Developer/Platforms/iPhoneSimulator.platform/Developer/Library/Frameworks -F /Applications/Xcode.app/Contents/Developer/Platforms/iPhoneSimulator.platform/Developer/SDKs/iPhoneSimulator26.1.sdk/Developer/Library/Frameworks -c -j12 -enable-batch-mode -incremental -Xcc -ivfsstatcache -Xcc /Users/j/Documents/GitHub/MoneroOne/build/SDKStatCaches.noindex/iphonesimulator26.1-23B77-90cf18a4295e390e64c810bc6bd7acbc.sdkstatcache -output-file-map /Users/j/Documents/GitHub/MoneroOne/build/Build/Intermediates.noindex/HsCryptoKit.Swift.build/Debug-iphonesimulator/HsCryptoKit.build/Objects-normal/arm64/HsCryptoKit-OutputFileMap.json -use-frontend-parseable-output -save-temps -no-color-diagnostics -explicit-module-build -module-cache-path /Users/j/Documents/GitHub/MoneroOne/build/Build/Intermediates.noindex/SwiftExplicitPrecompiledModules -clang-scanner-module-cache-path /Users/j/Documents/GitHub/MoneroOne/build/ModuleCache.noindex -sdk-module-cache-path /Users/j/Documents/GitHub/MoneroOne/build/ModuleCache.noindex -serialize-diagnostics -emit-dependencies -emit-module -emit-module-path /Users/j/Documents/GitHub/MoneroOne/build/Build/Intermediates.noindex/HsCryptoKit.Swift.build/Debug-iphonesimulator/HsCryptoKit.build/Objects-normal/arm64/HsCryptoKit.swiftmodule -validate-clang-modules-once -clang-build-session-file /Users/j/Documents/GitHub/MoneroOne/build/ModuleCache.noindex/Session.modulevalidation -Xcc -I/Users/j/Documents/GitHub/MoneroOne/build/Build/Intermediates.noindex/HsCryptoKit.Swift.build/Debug-iphonesimulator/HsCryptoKit.build/swift-overrides.hmap -emit-const-values -Xfrontend -const-gather-protocols-file -Xfrontend /Users/j/Documents/GitHub/MoneroOne/build/Build/Intermediates.noindex/HsCryptoKit.Swift.build/Debug-iphonesimulator/HsCryptoKit.build/Objects-normal/arm64/HsCryptoKit_const_extract_protocols.json -Xcc -I/Users/j/Documents/GitHub/MoneroOne/build/SourcePackages/checkouts/swift-crypto/Sources/CCryptoBoringSSLShims/include -Xcc -I/Users/j/Documents/GitHub/MoneroOne/build/SourcePackages/checkouts/swift-crypto/Sources/CCryptoBoringSSL/include -Xcc -I/Users/j/Documents/GitHub/MoneroOne/build/SourcePackages/checkouts/secp256k1.swift/Sources/secp256k1_bindings/include -Xcc -I/Users/j/Documents/GitHub/MoneroOne/build/SourcePackages/checkouts/HsCryptoKit.Swift/Sources/HsCryptoKitC/include -Xcc -I/Users/j/Documents/GitHub/MoneroOne/build/Build/Products/Debug-iphonesimulator/include -Xcc -I/Users/j/Documents/GitHub/MoneroOne/build/Build/Intermediates.noindex/HsCryptoKit.Swift.build/Debug-iphonesimulator/HsCryptoKit.build/DerivedSources-normal/arm64 -Xcc -I/Users/j/Documents/GitHub/MoneroOne/build/Build/Intermediates.noindex/HsCryptoKit.Swift.build/Debug-iphonesimulator/HsCryptoKit.build/DerivedSources/arm64 -Xcc -I/Users/j/Documents/GitHub/MoneroOne/build/Build/Intermediates.noindex/HsCryptoKit.Swift.build/Debug-iphonesimulator/HsCryptoKit.build/DerivedSources -Xcc -DSWIFT_PACKAGE -Xcc -DDEBUG\=1 -emit-objc-header -emit-objc-header-path /Users/j/Documents/GitHub/MoneroOne/build/Build/Intermediates.noindex/HsCryptoKit.Swift.build/Debug-iphonesimulator/HsCryptoKit.build/Objects-normal/arm64/HsCryptoKit-Swift.h -working-directory /Users/j/Documents/GitHub/MoneroOne/MoneroOne.xcodeproj -experimental-emit-module-separately -disable-cmo

SwiftDriver NIOCore normal arm64 com.apple.xcode.tools.swift.compiler (in target 'NIOCore' from project 'swift-nio')
    cd /Users/j/Documents/GitHub/MoneroOne/MoneroOne.xcodeproj
    builtin-SwiftDriver -- /Applications/Xcode.app/Contents/Developer/Toolchains/XcodeDefault.xctoolchain/usr/bin/swiftc -module-name NIOCore -Onone -enforce-exclusivity\=checked @/Users/j/Documents/GitHub/MoneroOne/build/Build/Intermediates.noindex/swift-nio.build/Debug-iphonesimulator/NIOCore.build/Objects-normal/arm64/NIOCore.SwiftFileList -DSWIFT_PACKAGE -DDEBUG -DSWIFT_MODULE_RESOURCE_BUNDLE_UNAVAILABLE -Xcc -fmodule-map-file\=/Users/j/Documents/GitHub/MoneroOne/build/Build/Intermediates.noindex/GeneratedModuleMaps-iphonesimulator/CNIOWASI.modulemap -Xcc -fmodule-map-file\=/Users/j/Documents/GitHub/MoneroOne/build/Build/Intermediates.noindex/GeneratedModuleMaps-iphonesimulator/CNIOLinux.modulemap -Xcc -fmodule-map-file\=/Users/j/Documents/GitHub/MoneroOne/build/Build/Intermediates.noindex/GeneratedModuleMaps-iphonesimulator/CNIODarwin.modulemap -Xcc -fmodule-map-file\=/Users/j/Documents/GitHub/MoneroOne/build/Build/Intermediates.noindex/GeneratedModuleMaps-iphonesimulator/CNIOOpenBSD.modulemap -Xcc -fmodule-map-file\=/Users/j/Documents/GitHub/MoneroOne/build/Build/Intermediates.noindex/GeneratedModuleMaps-iphonesimulator/CNIOAtomics.modulemap -DXcode -enable-experimental-feature Lifetimes -enable-upcoming-feature MemberImportVisibility -plugin-path /Applications/Xcode.app/Contents/Developer/Toolchains/XcodeDefault.xctoolchain/usr/lib/swift/host/plugins/testing -enable-experimental-feature DebugDescriptionMacro -sdk /Applications/Xcode.app/Contents/Developer/Platforms/iPhoneSimulator.platform/Developer/SDKs/iPhoneSimulator26.1.sdk -target arm64-apple-ios12.0-simulator -g -module-cache-path /Users/j/Documents/GitHub/MoneroOne/build/ModuleCache.noindex -Xfrontend -serialize-debugging-options -enable-testing -suppress-warnings -index-store-path /Users/j/Documents/GitHub/MoneroOne/build/Index.noindex/DataStore -Xcc -D_LIBCPP_HARDENING_MODE\=_LIBCPP_HARDENING_MODE_DEBUG -swift-version 6 -I /Users/j/Documents/GitHub/MoneroOne/build/Build/Products/Debug-iphonesimulator -Isystem /Applications/Xcode.app/Contents/Developer/Platforms/iPhoneSimulator.platform/Developer/usr/lib -F /Users/j/Documents/GitHub/MoneroOne/build/Build/Products/Debug-iphonesimulator/PackageFrameworks -F /Users/j/Documents/GitHub/MoneroOne/build/Build/Products/Debug-iphonesimulator/PackageFrameworks -F /Users/j/Documents/GitHub/MoneroOne/build/Build/Products/Debug-iphonesimulator/PackageFrameworks -F /Users/j/Documents/GitHub/MoneroOne/build/Build/Products/Debug-iphonesimulator/PackageFrameworks -F /Users/j/Documents/GitHub/MoneroOne/build/Build/Products/Debug-iphonesimulator/PackageFrameworks -F /Users/j/Documents/GitHub/MoneroOne/build/Build/Products/Debug-iphonesimulator/PackageFrameworks -F /Users/j/Documents/GitHub/MoneroOne/build/Build/Products/Debug-iphonesimulator/PackageFrameworks -F /Users/j/Documents/GitHub/MoneroOne/build/Build/Products/Debug-iphonesimulator/PackageFrameworks -F /Users/j/Documents/GitHub/MoneroOne/build/Build/Products/Debug-iphonesimulator/PackageFrameworks -F /Users/j/Documents/GitHub/MoneroOne/build/Build/Products/Debug-iphonesimulator/PackageFrameworks -F /Users/j/Documents/GitHub/MoneroOne/build/Build/Products/Debug-iphonesimulator/PackageFrameworks -F /Users/j/Documents/GitHub/MoneroOne/build/Build/Products/Debug-iphonesimulator/PackageFrameworks -F /Users/j/Documents/GitHub/MoneroOne/build/Build/Products/Debug-iphonesimulator/PackageFrameworks -F /Users/j/Documents/GitHub/MoneroOne/build/Build/Products/Debug-iphonesimulator -F /Applications/Xcode.app/Contents/Developer/Platforms/iPhoneSimulator.platform/Developer/Library/Frameworks -F /Applications/Xcode.app/Contents/Developer/Platforms/iPhoneSimulator.platform/Developer/SDKs/iPhoneSimulator26.1.sdk/Developer/Library/Frameworks -c -j12 -enable-batch-mode -incremental -Xcc -ivfsstatcache -Xcc /Users/j/Documents/GitHub/MoneroOne/build/SDKStatCaches.noindex/iphonesimulator26.1-23B77-90cf18a4295e390e64c810bc6bd7acbc.sdkstatcache -output-file-map /Users/j/Documents/GitHub/MoneroOne/build/Build/Intermediates.noindex/swift-nio.build/Debug-iphonesimulator/NIOCore.build/Objects-normal/arm64/NIOCore-OutputFileMap.json -use-frontend-parseable-output -save-temps -no-color-diagnostics -explicit-module-build -module-cache-path /Users/j/Documents/GitHub/MoneroOne/build/Build/Intermediates.noindex/SwiftExplicitPrecompiledModules -clang-scanner-module-cache-path /Users/j/Documents/GitHub/MoneroOne/build/ModuleCache.noindex -sdk-module-cache-path /Users/j/Documents/GitHub/MoneroOne/build/ModuleCache.noindex -serialize-diagnostics -emit-dependencies -emit-module -emit-module-path /Users/j/Documents/GitHub/MoneroOne/build/Build/Intermediates.noindex/swift-nio.build/Debug-iphonesimulator/NIOCore.build/Objects-normal/arm64/NIOCore.swiftmodule -user-module-version 2.92.2 -validate-clang-modules-once -clang-build-session-file /Users/j/Documents/GitHub/MoneroOne/build/ModuleCache.noindex/Session.modulevalidation -package-name swift_nio -Xcc -I/Users/j/Documents/GitHub/MoneroOne/build/Build/Intermediates.noindex/swift-nio.build/Debug-iphonesimulator/NIOCore.build/swift-overrides.hmap -emit-const-values -Xfrontend -const-gather-protocols-file -Xfrontend /Users/j/Documents/GitHub/MoneroOne/build/Build/Intermediates.noindex/swift-nio.build/Debug-iphonesimulator/NIOCore.build/Objects-normal/arm64/NIOCore_const_extract_protocols.json -Xcc -I/Users/j/Documents/GitHub/MoneroOne/build/SourcePackages/checkouts/swift-atomics/Sources/_AtomicsShims/include -Xcc -I/Users/j/Documents/GitHub/MoneroOne/build/SourcePackages/checkouts/swift-nio/Sources/CNIOWASI/include -Xcc -I/Users/j/Documents/GitHub/MoneroOne/build/SourcePackages/checkouts/swift-nio/Sources/CNIOWindows/include -Xcc -I/Users/j/Documents/GitHub/MoneroOne/build/SourcePackages/checkouts/swift-nio/Sources/CNIOLinux/include -Xcc -I/Users/j/Documents/GitHub/MoneroOne/build/SourcePackages/checkouts/swift-nio/Sources/CNIODarwin/include -Xcc -I/Users/j/Documents/GitHub/MoneroOne/build/SourcePackages/checkouts/swift-nio/Sources/CNIOOpenBSD/include -Xcc -I/Users/j/Documents/GitHub/MoneroOne/build/SourcePackages/checkouts/swift-nio/Sources/CNIOAtomics/include -Xcc -I/Users/j/Documents/GitHub/MoneroOne/build/Build/Products/Debug-iphonesimulator/include -Xcc -I/Users/j/Documents/GitHub/MoneroOne/build/Build/Intermediates.noindex/swift-nio.build/Debug-iphonesimulator/NIOCore.build/DerivedSources-normal/arm64 -Xcc -I/Users/j/Documents/GitHub/MoneroOne/build/Build/Intermediates.noindex/swift-nio.build/Debug-iphonesimulator/NIOCore.build/DerivedSources/arm64 -Xcc -I/Users/j/Documents/GitHub/MoneroOne/build/Build/Intermediates.noindex/swift-nio.build/Debug-iphonesimulator/NIOCore.build/DerivedSources -Xcc -DSWIFT_PACKAGE -Xcc -DDEBUG\=1 -emit-objc-header -emit-objc-header-path /Users/j/Documents/GitHub/MoneroOne/build/Build/Intermediates.noindex/swift-nio.build/Debug-iphonesimulator/NIOCore.build/Objects-normal/arm64/NIOCore-Swift.h -working-directory /Users/j/Documents/GitHub/MoneroOne/MoneroOne.xcodeproj -experimental-emit-module-separately -disable-cmo

RegisterExecutionPolicyException /Users/j/Documents/GitHub/MoneroOne/build/Build/Products/Debug-iphonesimulator/GRDB.o (in target 'GRDB' from project 'GRDB')
    cd /Users/j/Documents/GitHub/MoneroOne/build/SourcePackages/checkouts/GRDB.swift
    builtin-RegisterExecutionPolicyException /Users/j/Documents/GitHub/MoneroOne/build/Build/Products/Debug-iphonesimulator/GRDB.o

SwiftDriverJobDiscovery normal arm64 Compiling Request.swift, RequestTaskMap.swift, Response.swift, Session.swift (in target 'Alamofire' from project 'Alamofire')

CodeSign /Users/j/Documents/GitHub/MoneroOne/build/Build/Products/Debug-iphonesimulator/MoneroOneWidgets.appex/__preview.dylib (in target 'MoneroOneWidgets' from project 'MoneroOne')
    cd /Users/j/Documents/GitHub/MoneroOne
    
    Signing Identity:     "Sign to Run Locally"
    
    /usr/bin/codesign --force --sign - --timestamp\=none --generate-entitlement-der /Users/j/Documents/GitHub/MoneroOne/build/Build/Products/Debug-iphonesimulator/MoneroOneWidgets.appex/__preview.dylib

Ld /Users/j/Documents/GitHub/MoneroOne/build/Build/Products/Debug-iphonesimulator/NIOConcurrencyHelpers.o normal (in target 'NIOConcurrencyHelpers' from project 'swift-nio')
    cd /Users/j/Documents/GitHub/MoneroOne/build/SourcePackages/checkouts/swift-nio
    /Applications/Xcode.app/Contents/Developer/Toolchains/XcodeDefault.xctoolchain/usr/bin/clang -Xlinker -reproducible -target arm64-apple-ios12.0-simulator -r -isysroot /Applications/Xcode.app/Contents/Developer/Platforms/iPhoneSimulator.platform/Developer/SDKs/iPhoneSimulator26.1.sdk -O0 -w -L/Users/j/Documents/GitHub/MoneroOne/build/Build/Intermediates.noindex/EagerLinkingTBDs/Debug-iphonesimulator -L/Users/j/Documents/GitHub/MoneroOne/build/Build/Products/Debug-iphonesimulator -L/Applications/Xcode.app/Contents/Developer/Platforms/iPhoneSimulator.platform/Developer/usr/lib -F/Users/j/Documents/GitHub/MoneroOne/build/Build/Intermediates.noindex/EagerLinkingTBDs/Debug-iphonesimulator -F/Users/j/Documents/GitHub/MoneroOne/build/Build/Products/Debug-iphonesimulator/PackageFrameworks -F/Users/j/Documents/GitHub/MoneroOne/build/Build/Products/Debug-iphonesimulator -iframework /Applications/Xcode.app/Contents/Developer/Platforms/iPhoneSimulator.platform/Developer/Library/Frameworks -iframework /Applications/Xcode.app/Contents/Developer/Platforms/iPhoneSimulator.platform/Developer/SDKs/iPhoneSimulator26.1.sdk/Developer/Library/Frameworks -filelist /Users/j/Documents/GitHub/MoneroOne/build/Build/Intermediates.noindex/swift-nio.build/Debug-iphonesimulator/NIOConcurrencyHelpers.build/Objects-normal/arm64/NIOConcurrencyHelpers.LinkFileList -nostdlib -Xlinker -object_path_lto -Xlinker /Users/j/Documents/GitHub/MoneroOne/build/Build/Intermediates.noindex/swift-nio.build/Debug-iphonesimulator/NIOConcurrencyHelpers.build/Objects-normal/arm64/NIOConcurrencyHelpers_lto.o -rdynamic -Xlinker -no_deduplicate -Xlinker -objc_abi_version -Xlinker 2 -Xlinker -dependency_info -Xlinker /Users/j/Documents/GitHub/MoneroOne/build/Build/Intermediates.noindex/swift-nio.build/Debug-iphonesimulator/NIOConcurrencyHelpers.build/Objects-normal/arm64/NIOConcurrencyHelpers_dependency_info.dat -fobjc-link-runtime -L/Applications/Xcode.app/Contents/Developer/Toolchains/XcodeDefault.xctoolchain/usr/lib/swift/iphonesimulator -L/usr/lib/swift -Xlinker -add_ast_path -Xlinker /Users/j/Documents/GitHub/MoneroOne/build/Build/Intermediates.noindex/swift-nio.build/Debug-iphonesimulator/NIOConcurrencyHelpers.build/Objects-normal/arm64/NIOConcurrencyHelpers.swiftmodule @/Users/j/Documents/GitHub/MoneroOne/build/Build/Intermediates.noindex/swift-nio.build/Debug-iphonesimulator/NIOConcurrencyHelpers.build/Objects-normal/arm64/NIOConcurrencyHelpers-linker-args.resp -o /Users/j/Documents/GitHub/MoneroOne/build/Build/Products/Debug-iphonesimulator/NIOConcurrencyHelpers.o

Ld /Users/j/Documents/GitHub/MoneroOne/build/Build/Products/Debug-iphonesimulator/CNIOBoringSSLShims.o normal (in target 'CNIOBoringSSLShims' from project 'swift-nio-ssl')
    cd /Users/j/Documents/GitHub/MoneroOne/build/SourcePackages/checkouts/swift-nio-ssl
    /Applications/Xcode.app/Contents/Developer/Toolchains/XcodeDefault.xctoolchain/usr/bin/clang -Xlinker -reproducible -target arm64-apple-ios12.0-simulator -r -isysroot /Applications/Xcode.app/Contents/Developer/Platforms/iPhoneSimulator.platform/Developer/SDKs/iPhoneSimulator26.1.sdk -O0 -w -L/Users/j/Documents/GitHub/MoneroOne/build/Build/Intermediates.noindex/EagerLinkingTBDs/Debug-iphonesimulator -L/Users/j/Documents/GitHub/MoneroOne/build/Build/Products/Debug-iphonesimulator -L/Applications/Xcode.app/Contents/Developer/Platforms/iPhoneSimulator.platform/Developer/usr/lib -F/Users/j/Documents/GitHub/MoneroOne/build/Build/Intermediates.noindex/EagerLinkingTBDs/Debug-iphonesimulator -F/Users/j/Documents/GitHub/MoneroOne/build/Build/Products/Debug-iphonesimulator/PackageFrameworks -F/Users/j/Documents/GitHub/MoneroOne/build/Build/Products/Debug-iphonesimulator -iframework /Applications/Xcode.app/Contents/Developer/Platforms/iPhoneSimulator.platform/Developer/Library/Frameworks -iframework /Applications/Xcode.app/Contents/Developer/Platforms/iPhoneSimulator.platform/Developer/SDKs/iPhoneSimulator26.1.sdk/Developer/Library/Frameworks -filelist /Users/j/Documents/GitHub/MoneroOne/build/Build/Intermediates.noindex/swift-nio-ssl.build/Debug-iphonesimulator/CNIOBoringSSLShims.build/Objects-normal/arm64/CNIOBoringSSLShims.LinkFileList -nostdlib -Xlinker -object_path_lto -Xlinker /Users/j/Documents/GitHub/MoneroOne/build/Build/Intermediates.noindex/swift-nio-ssl.build/Debug-iphonesimulator/CNIOBoringSSLShims.build/Objects-normal/arm64/CNIOBoringSSLShims_lto.o -rdynamic -Xlinker -no_deduplicate -Xlinker -objc_abi_version -Xlinker 2 -Xlinker -dependency_info -Xlinker /Users/j/Documents/GitHub/MoneroOne/build/Build/Intermediates.noindex/swift-nio-ssl.build/Debug-iphonesimulator/CNIOBoringSSLShims.build/Objects-normal/arm64/CNIOBoringSSLShims_dependency_info.dat -o /Users/j/Documents/GitHub/MoneroOne/build/Build/Products/Debug-iphonesimulator/CNIOBoringSSLShims.o

Ld /Users/j/Documents/GitHub/MoneroOne/build/Build/Products/Debug-iphonesimulator/CCryptoBoringSSLShims.o normal (in target 'CCryptoBoringSSLShims' from project 'swift-crypto')
    cd /Users/j/Documents/GitHub/MoneroOne/build/SourcePackages/checkouts/swift-crypto
    /Applications/Xcode.app/Contents/Developer/Toolchains/XcodeDefault.xctoolchain/usr/bin/clang -Xlinker -reproducible -target arm64-apple-ios13.0-simulator -r -isysroot /Applications/Xcode.app/Contents/Developer/Platforms/iPhoneSimulator.platform/Developer/SDKs/iPhoneSimulator26.1.sdk -O0 -w -L/Users/j/Documents/GitHub/MoneroOne/build/Build/Intermediates.noindex/EagerLinkingTBDs/Debug-iphonesimulator -L/Users/j/Documents/GitHub/MoneroOne/build/Build/Products/Debug-iphonesimulator -L/Applications/Xcode.app/Contents/Developer/Platforms/iPhoneSimulator.platform/Developer/usr/lib -F/Users/j/Documents/GitHub/MoneroOne/build/Build/Intermediates.noindex/EagerLinkingTBDs/Debug-iphonesimulator -F/Users/j/Documents/GitHub/MoneroOne/build/Build/Products/Debug-iphonesimulator/PackageFrameworks -F/Users/j/Documents/GitHub/MoneroOne/build/Build/Products/Debug-iphonesimulator -iframework /Applications/Xcode.app/Contents/Developer/Platforms/iPhoneSimulator.platform/Developer/Library/Frameworks -iframework /Applications/Xcode.app/Contents/Developer/Platforms/iPhoneSimulator.platform/Developer/SDKs/iPhoneSimulator26.1.sdk/Developer/Library/Frameworks -filelist /Users/j/Documents/GitHub/MoneroOne/build/Build/Intermediates.noindex/swift-crypto.build/Debug-iphonesimulator/CCryptoBoringSSLShims.build/Objects-normal/arm64/CCryptoBoringSSLShims.LinkFileList -nostdlib -Xlinker -object_path_lto -Xlinker /Users/j/Documents/GitHub/MoneroOne/build/Build/Intermediates.noindex/swift-crypto.build/Debug-iphonesimulator/CCryptoBoringSSLShims.build/Objects-normal/arm64/CCryptoBoringSSLShims_lto.o -rdynamic -Xlinker -no_deduplicate -Xlinker -objc_abi_version -Xlinker 2 -Xlinker -dependency_info -Xlinker /Users/j/Documents/GitHub/MoneroOne/build/Build/Intermediates.noindex/swift-crypto.build/Debug-iphonesimulator/CCryptoBoringSSLShims.build/Objects-normal/arm64/CCryptoBoringSSLShims_dependency_info.dat -o /Users/j/Documents/GitHub/MoneroOne/build/Build/Products/Debug-iphonesimulator/CCryptoBoringSSLShims.o

SwiftDriverJobDiscovery normal arm64 Compiling ServerTrustEvaluation.swift, URLEncodedFormEncoder.swift, Validation.swift (in target 'Alamofire' from project 'Alamofire')

SwiftDriver\ Compilation Alamofire normal arm64 com.apple.xcode.tools.swift.compiler (in target 'Alamofire' from project 'Alamofire')
    cd /Users/j/Documents/GitHub/MoneroOne/MoneroOne.xcodeproj
    builtin-Swift-Compilation -- /Applications/Xcode.app/Contents/Developer/Toolchains/XcodeDefault.xctoolchain/usr/bin/swiftc -module-name Alamofire -Onone -enforce-exclusivity\=checked @/Users/j/Documents/GitHub/MoneroOne/build/Build/Intermediates.noindex/Alamofire.build/Debug-iphonesimulator/Alamofire.build/Objects-normal/arm64/Alamofire.SwiftFileList -DSWIFT_PACKAGE -DDEBUG -DSWIFT_MODULE_RESOURCE_BUNDLE_AVAILABLE -DXcode -enable-upcoming-feature ExistentialAny -plugin-path /Applications/Xcode.app/Contents/Developer/Toolchains/XcodeDefault.xctoolchain/usr/lib/swift/host/plugins/testing -enable-experimental-feature DebugDescriptionMacro -sdk /Applications/Xcode.app/Contents/Developer/Platforms/iPhoneSimulator.platform/Developer/SDKs/iPhoneSimulator26.1.sdk -target arm64-apple-ios12.0-simulator -g -module-cache-path /Users/j/Documents/GitHub/MoneroOne/build/ModuleCache.noindex -Xfrontend -serialize-debugging-options -enable-testing -suppress-warnings -index-store-path /Users/j/Documents/GitHub/MoneroOne/build/Index.noindex/DataStore -Xcc -D_LIBCPP_HARDENING_MODE\=_LIBCPP_HARDENING_MODE_DEBUG -swift-version 5 -I /Users/j/Documents/GitHub/MoneroOne/build/Build/Products/Debug-iphonesimulator -Isystem /Applications/Xcode.app/Contents/Developer/Platforms/iPhoneSimulator.platform/Developer/usr/lib -F /Users/j/Documents/GitHub/MoneroOne/build/Build/Products/Debug-iphonesimulator -F /Applications/Xcode.app/Contents/Developer/Platforms/iPhoneSimulator.platform/Developer/Library/Frameworks -F /Applications/Xcode.app/Contents/Developer/Platforms/iPhoneSimulator.platform/Developer/SDKs/iPhoneSimulator26.1.sdk/Developer/Library/Frameworks -c -j12 -enable-batch-mode -incremental -Xcc -ivfsstatcache -Xcc /Users/j/Documents/GitHub/MoneroOne/build/SDKStatCaches.noindex/iphonesimulator26.1-23B77-90cf18a4295e390e64c810bc6bd7acbc.sdkstatcache -output-file-map /Users/j/Documents/GitHub/MoneroOne/build/Build/Intermediates.noindex/Alamofire.build/Debug-iphonesimulator/Alamofire.build/Objects-normal/arm64/Alamofire-OutputFileMap.json -use-frontend-parseable-output -save-temps -no-color-diagnostics -explicit-module-build -module-cache-path /Users/j/Documents/GitHub/MoneroOne/build/Build/Intermediates.noindex/SwiftExplicitPrecompiledModules -clang-scanner-module-cache-path /Users/j/Documents/GitHub/MoneroOne/build/ModuleCache.noindex -sdk-module-cache-path /Users/j/Documents/GitHub/MoneroOne/build/ModuleCache.noindex -serialize-diagnostics -emit-dependencies -emit-module -emit-module-path /Users/j/Documents/GitHub/MoneroOne/build/Build/Intermediates.noindex/Alamofire.build/Debug-iphonesimulator/Alamofire.build/Objects-normal/arm64/Alamofire.swiftmodule -user-module-version 5.11.0 -validate-clang-modules-once -clang-build-session-file /Users/j/Documents/GitHub/MoneroOne/build/ModuleCache.noindex/Session.modulevalidation -package-name alamofire -Xcc -I/Users/j/Documents/GitHub/MoneroOne/build/Build/Intermediates.noindex/Alamofire.build/Debug-iphonesimulator/Alamofire.build/swift-overrides.hmap -emit-const-values -Xfrontend -const-gather-protocols-file -Xfrontend /Users/j/Documents/GitHub/MoneroOne/build/Build/Intermediates.noindex/Alamofire.build/Debug-iphonesimulator/Alamofire.build/Objects-normal/arm64/Alamofire_const_extract_protocols.json -Xcc -I/Users/j/Documents/GitHub/MoneroOne/build/Build/Products/Debug-iphonesimulator/include -Xcc -I/Users/j/Documents/GitHub/MoneroOne/build/Build/Intermediates.noindex/Alamofire.build/Debug-iphonesimulator/Alamofire.build/DerivedSources-normal/arm64 -Xcc -I/Users/j/Documents/GitHub/MoneroOne/build/Build/Intermediates.noindex/Alamofire.build/Debug-iphonesimulator/Alamofire.build/DerivedSources/arm64 -Xcc -I/Users/j/Documents/GitHub/MoneroOne/build/Build/Intermediates.noindex/Alamofire.build/Debug-iphonesimulator/Alamofire.build/DerivedSources -Xcc -DSWIFT_PACKAGE -Xcc -DDEBUG\=1 -emit-objc-header -emit-objc-header-path /Users/j/Documents/GitHub/MoneroOne/build/Build/Intermediates.noindex/Alamofire.build/Debug-iphonesimulator/Alamofire.build/Objects-normal/arm64/Alamofire-Swift.h -working-directory /Users/j/Documents/GitHub/MoneroOne/MoneroOne.xcodeproj -experimental-emit-module-separately -disable-cmo

CodeSign /Users/j/Documents/GitHub/MoneroOne/build/Build/Products/Debug-iphonesimulator/MoneroOneWidgets.appex (in target 'MoneroOneWidgets' from project 'MoneroOne')
    cd /Users/j/Documents/GitHub/MoneroOne
    
    Signing Identity:     "Sign to Run Locally"
    
    /usr/bin/codesign --force --sign - --timestamp\=none --generate-entitlement-der /Users/j/Documents/GitHub/MoneroOne/build/Build/Products/Debug-iphonesimulator/MoneroOneWidgets.appex

ExtractAppIntentsMetadata (in target 'NIOConcurrencyHelpers' from project 'swift-nio')
    cd /Users/j/Documents/GitHub/MoneroOne/build/SourcePackages/checkouts/swift-nio
    /Applications/Xcode.app/Contents/Developer/Toolchains/XcodeDefault.xctoolchain/usr/bin/appintentsmetadataprocessor --toolchain-dir /Applications/Xcode.app/Contents/Developer/Toolchains/XcodeDefault.xctoolchain --module-name NIOConcurrencyHelpers --sdk-root /Applications/Xcode.app/Contents/Developer/Platforms/iPhoneSimulator.platform/Developer/SDKs/iPhoneSimulator26.1.sdk --xcode-version 17B100 --platform-family iOS --deployment-target 12.0 --bundle-identifier swift-nio.NIOConcurrencyHelpers --output /Users/j/Documents/GitHub/MoneroOne/build/Build/Products/Debug-iphonesimulator/NIOConcurrencyHelpers.appintents --target-triple arm64-apple-ios12.0-simulator --binary-file /Users/j/Documents/GitHub/MoneroOne/build/Build/Products/Debug-iphonesimulator/NIOConcurrencyHelpers.o --dependency-file /Users/j/Documents/GitHub/MoneroOne/build/Build/Intermediates.noindex/swift-nio.build/Debug-iphonesimulator/NIOConcurrencyHelpers.build/Objects-normal/arm64/NIOConcurrencyHelpers_dependency_info.dat --stringsdata-file /Users/j/Documents/GitHub/MoneroOne/build/Build/Intermediates.noindex/swift-nio.build/Debug-iphonesimulator/NIOConcurrencyHelpers.build/Objects-normal/arm64/ExtractedAppShortcutsMetadata.stringsdata --source-file-list /Users/j/Documents/GitHub/MoneroOne/build/Build/Intermediates.noindex/swift-nio.build/Debug-iphonesimulator/NIOConcurrencyHelpers.build/Objects-normal/arm64/NIOConcurrencyHelpers.SwiftFileList --metadata-file-list /Users/j/Documents/GitHub/MoneroOne/build/Build/Intermediates.noindex/swift-nio.build/Debug-iphonesimulator/NIOConcurrencyHelpers.build/NIOConcurrencyHelpers.DependencyMetadataFileList --static-metadata-file-list /Users/j/Documents/GitHub/MoneroOne/build/Build/Intermediates.noindex/swift-nio.build/Debug-iphonesimulator/NIOConcurrencyHelpers.build/NIOConcurrencyHelpers.DependencyStaticMetadataFileList --swift-const-vals-list /Users/j/Documents/GitHub/MoneroOne/build/Build/Intermediates.noindex/swift-nio.build/Debug-iphonesimulator/NIOConcurrencyHelpers.build/Objects-normal/arm64/NIOConcurrencyHelpers.SwiftConstValuesFileList --force --compile-time-extraction --deployment-aware-processing --validate-assistant-intents --no-app-shortcuts-localization
2026-01-18 15:26:05.772 appintentsmetadataprocessor[3792:39109763] Starting appintentsmetadataprocessor export
2026-01-18 15:26:05.927 appintentsmetadataprocessor[3792:39109763] Extracted no relevant App Intents symbols, skipping writing output

Ld /Users/j/Documents/GitHub/MoneroOne/build/Build/Products/Debug-iphonesimulator/Alamofire.o normal (in target 'Alamofire' from project 'Alamofire')
    cd /Users/j/Documents/GitHub/MoneroOne/build/SourcePackages/checkouts/Alamofire
    /Applications/Xcode.app/Contents/Developer/Toolchains/XcodeDefault.xctoolchain/usr/bin/clang -Xlinker -reproducible -target arm64-apple-ios12.0-simulator -r -isysroot /Applications/Xcode.app/Contents/Developer/Platforms/iPhoneSimulator.platform/Developer/SDKs/iPhoneSimulator26.1.sdk -O0 -w -L/Users/j/Documents/GitHub/MoneroOne/build/Build/Intermediates.noindex/EagerLinkingTBDs/Debug-iphonesimulator -L/Users/j/Documents/GitHub/MoneroOne/build/Build/Products/Debug-iphonesimulator -L/Applications/Xcode.app/Contents/Developer/Platforms/iPhoneSimulator.platform/Developer/usr/lib -F/Users/j/Documents/GitHub/MoneroOne/build/Build/Intermediates.noindex/EagerLinkingTBDs/Debug-iphonesimulator -F/Users/j/Documents/GitHub/MoneroOne/build/Build/Products/Debug-iphonesimulator -iframework /Applications/Xcode.app/Contents/Developer/Platforms/iPhoneSimulator.platform/Developer/Library/Frameworks -iframework /Applications/Xcode.app/Contents/Developer/Platforms/iPhoneSimulator.platform/Developer/SDKs/iPhoneSimulator26.1.sdk/Developer/Library/Frameworks -filelist /Users/j/Documents/GitHub/MoneroOne/build/Build/Intermediates.noindex/Alamofire.build/Debug-iphonesimulator/Alamofire.build/Objects-normal/arm64/Alamofire.LinkFileList -nostdlib -Xlinker -object_path_lto -Xlinker /Users/j/Documents/GitHub/MoneroOne/build/Build/Intermediates.noindex/Alamofire.build/Debug-iphonesimulator/Alamofire.build/Objects-normal/arm64/Alamofire_lto.o -rdynamic -Xlinker -no_deduplicate -Xlinker -objc_abi_version -Xlinker 2 -Xlinker -dependency_info -Xlinker /Users/j/Documents/GitHub/MoneroOne/build/Build/Intermediates.noindex/Alamofire.build/Debug-iphonesimulator/Alamofire.build/Objects-normal/arm64/Alamofire_dependency_info.dat -fobjc-link-runtime -L/Applications/Xcode.app/Contents/Developer/Toolchains/XcodeDefault.xctoolchain/usr/lib/swift/iphonesimulator -L/usr/lib/swift -Xlinker -add_ast_path -Xlinker /Users/j/Documents/GitHub/MoneroOne/build/Build/Intermediates.noindex/Alamofire.build/Debug-iphonesimulator/Alamofire.build/Objects-normal/arm64/Alamofire.swiftmodule @/Users/j/Documents/GitHub/MoneroOne/build/Build/Intermediates.noindex/Alamofire.build/Debug-iphonesimulator/Alamofire.build/Objects-normal/arm64/Alamofire-linker-args.resp -o /Users/j/Documents/GitHub/MoneroOne/build/Build/Products/Debug-iphonesimulator/Alamofire.o

RegisterExecutionPolicyException /Users/j/Documents/GitHub/MoneroOne/build/Build/Products/Debug-iphonesimulator/BigInt.o (in target 'BigInt' from project 'BigInt')
    cd /Users/j/Documents/GitHub/MoneroOne/build/SourcePackages/checkouts/BigInt
    builtin-RegisterExecutionPolicyException /Users/j/Documents/GitHub/MoneroOne/build/Build/Products/Debug-iphonesimulator/BigInt.o

RegisterExecutionPolicyException /Users/j/Documents/GitHub/MoneroOne/build/Build/Products/Debug-iphonesimulator/CNIOBoringSSLShims.o (in target 'CNIOBoringSSLShims' from project 'swift-nio-ssl')
    cd /Users/j/Documents/GitHub/MoneroOne/build/SourcePackages/checkouts/swift-nio-ssl
    builtin-RegisterExecutionPolicyException /Users/j/Documents/GitHub/MoneroOne/build/Build/Products/Debug-iphonesimulator/CNIOBoringSSLShims.o

RegisterExecutionPolicyException /Users/j/Documents/GitHub/MoneroOne/build/Build/Products/Debug-iphonesimulator/CCryptoBoringSSLShims.o (in target 'CCryptoBoringSSLShims' from project 'swift-crypto')
    cd /Users/j/Documents/GitHub/MoneroOne/build/SourcePackages/checkouts/swift-crypto
    builtin-RegisterExecutionPolicyException /Users/j/Documents/GitHub/MoneroOne/build/Build/Products/Debug-iphonesimulator/CCryptoBoringSSLShims.o

RegisterExecutionPolicyException /Users/j/Documents/GitHub/MoneroOne/build/Build/Products/Debug-iphonesimulator/MoneroOneWidgets.appex (in target 'MoneroOneWidgets' from project 'MoneroOne')
    cd /Users/j/Documents/GitHub/MoneroOne
    builtin-RegisterExecutionPolicyException /Users/j/Documents/GitHub/MoneroOne/build/Build/Products/Debug-iphonesimulator/MoneroOneWidgets.appex

Ld /Users/j/Documents/GitHub/MoneroOne/build/Build/Products/Debug-iphonesimulator/CryptoBoringWrapper.o normal (in target 'CryptoBoringWrapper' from project 'swift-crypto')
    cd /Users/j/Documents/GitHub/MoneroOne/build/SourcePackages/checkouts/swift-crypto
    /Applications/Xcode.app/Contents/Developer/Toolchains/XcodeDefault.xctoolchain/usr/bin/clang -Xlinker -reproducible -target arm64-apple-ios13.0-simulator -r -isysroot /Applications/Xcode.app/Contents/Developer/Platforms/iPhoneSimulator.platform/Developer/SDKs/iPhoneSimulator26.1.sdk -O0 -w -L/Users/j/Documents/GitHub/MoneroOne/build/Build/Intermediates.noindex/EagerLinkingTBDs/Debug-iphonesimulator -L/Users/j/Documents/GitHub/MoneroOne/build/Build/Products/Debug-iphonesimulator -L/Applications/Xcode.app/Contents/Developer/Platforms/iPhoneSimulator.platform/Developer/usr/lib -F/Users/j/Documents/GitHub/MoneroOne/build/Build/Intermediates.noindex/EagerLinkingTBDs/Debug-iphonesimulator -F/Users/j/Documents/GitHub/MoneroOne/build/Build/Products/Debug-iphonesimulator/PackageFrameworks -F/Users/j/Documents/GitHub/MoneroOne/build/Build/Products/Debug-iphonesimulator/PackageFrameworks -F/Users/j/Documents/GitHub/MoneroOne/build/Build/Products/Debug-iphonesimulator -iframework /Applications/Xcode.app/Contents/Developer/Platforms/iPhoneSimulator.platform/Developer/Library/Frameworks -iframework /Applications/Xcode.app/Contents/Developer/Platforms/iPhoneSimulator.platform/Developer/SDKs/iPhoneSimulator26.1.sdk/Developer/Library/Frameworks -filelist /Users/j/Documents/GitHub/MoneroOne/build/Build/Intermediates.noindex/swift-crypto.build/Debug-iphonesimulator/CryptoBoringWrapper.build/Objects-normal/arm64/CryptoBoringWrapper.LinkFileList -nostdlib -Xlinker -object_path_lto -Xlinker /Users/j/Documents/GitHub/MoneroOne/build/Build/Intermediates.noindex/swift-crypto.build/Debug-iphonesimulator/CryptoBoringWrapper.build/Objects-normal/arm64/CryptoBoringWrapper_lto.o -rdynamic -Xlinker -no_deduplicate -Xlinker -objc_abi_version -Xlinker 2 -Xlinker -dependency_info -Xlinker /Users/j/Documents/GitHub/MoneroOne/build/Build/Intermediates.noindex/swift-crypto.build/Debug-iphonesimulator/CryptoBoringWrapper.build/Objects-normal/arm64/CryptoBoringWrapper_dependency_info.dat -fobjc-link-runtime -L/Applications/Xcode.app/Contents/Developer/Toolchains/XcodeDefault.xctoolchain/usr/lib/swift/iphonesimulator -L/usr/lib/swift -Xlinker -add_ast_path -Xlinker /Users/j/Documents/GitHub/MoneroOne/build/Build/Intermediates.noindex/swift-crypto.build/Debug-iphonesimulator/CryptoBoringWrapper.build/Objects-normal/arm64/CryptoBoringWrapper.swiftmodule @/Users/j/Documents/GitHub/MoneroOne/build/Build/Intermediates.noindex/swift-crypto.build/Debug-iphonesimulator/CryptoBoringWrapper.build/Objects-normal/arm64/CryptoBoringWrapper-linker-args.resp -o /Users/j/Documents/GitHub/MoneroOne/build/Build/Products/Debug-iphonesimulator/CryptoBoringWrapper.o

RegisterExecutionPolicyException /Users/j/Documents/GitHub/MoneroOne/build/Build/Products/Debug-iphonesimulator/Atomics.o (in target 'Atomics' from project 'swift-atomics')
    cd /Users/j/Documents/GitHub/MoneroOne/build/SourcePackages/checkouts/swift-atomics
    builtin-RegisterExecutionPolicyException /Users/j/Documents/GitHub/MoneroOne/build/Build/Products/Debug-iphonesimulator/Atomics.o

ExtractAppIntentsMetadata (in target 'Alamofire' from project 'Alamofire')
    cd /Users/j/Documents/GitHub/MoneroOne/build/SourcePackages/checkouts/Alamofire
    /Applications/Xcode.app/Contents/Developer/Toolchains/XcodeDefault.xctoolchain/usr/bin/appintentsmetadataprocessor --toolchain-dir /Applications/Xcode.app/Contents/Developer/Toolchains/XcodeDefault.xctoolchain --module-name Alamofire --sdk-root /Applications/Xcode.app/Contents/Developer/Platforms/iPhoneSimulator.platform/Developer/SDKs/iPhoneSimulator26.1.sdk --xcode-version 17B100 --platform-family iOS --deployment-target 12.0 --bundle-identifier alamofire.Alamofire --output /Users/j/Documents/GitHub/MoneroOne/build/Build/Products/Debug-iphonesimulator/Alamofire.appintents --target-triple arm64-apple-ios12.0-simulator --binary-file /Users/j/Documents/GitHub/MoneroOne/build/Build/Products/Debug-iphonesimulator/Alamofire.o --dependency-file /Users/j/Documents/GitHub/MoneroOne/build/Build/Intermediates.noindex/Alamofire.build/Debug-iphonesimulator/Alamofire.build/Objects-normal/arm64/Alamofire_dependency_info.dat --stringsdata-file /Users/j/Documents/GitHub/MoneroOne/build/Build/Intermediates.noindex/Alamofire.build/Debug-iphonesimulator/Alamofire.build/Objects-normal/arm64/ExtractedAppShortcutsMetadata.stringsdata --source-file-list /Users/j/Documents/GitHub/MoneroOne/build/Build/Intermediates.noindex/Alamofire.build/Debug-iphonesimulator/Alamofire.build/Objects-normal/arm64/Alamofire.SwiftFileList --metadata-file-list /Users/j/Documents/GitHub/MoneroOne/build/Build/Intermediates.noindex/Alamofire.build/Debug-iphonesimulator/Alamofire.build/Alamofire.DependencyMetadataFileList --static-metadata-file-list /Users/j/Documents/GitHub/MoneroOne/build/Build/Intermediates.noindex/Alamofire.build/Debug-iphonesimulator/Alamofire.build/Alamofire.DependencyStaticMetadataFileList --swift-const-vals-list /Users/j/Documents/GitHub/MoneroOne/build/Build/Intermediates.noindex/Alamofire.build/Debug-iphonesimulator/Alamofire.build/Objects-normal/arm64/Alamofire.SwiftConstValuesFileList --force --compile-time-extraction --deployment-aware-processing --validate-assistant-intents --no-app-shortcuts-localization
2026-01-18 15:26:05.837 appintentsmetadataprocessor[3796:39109794] Starting appintentsmetadataprocessor export
2026-01-18 15:26:05.983 appintentsmetadataprocessor[3796:39109794] Extracted no relevant App Intents symbols, skipping writing output

Touch /Users/j/Documents/GitHub/MoneroOne/build/Build/Products/Debug-iphonesimulator/MoneroOneWidgets.appex (in target 'MoneroOneWidgets' from project 'MoneroOne')
    cd /Users/j/Documents/GitHub/MoneroOne
    /usr/bin/touch -c /Users/j/Documents/GitHub/MoneroOne/build/Build/Products/Debug-iphonesimulator/MoneroOneWidgets.appex

ExtractAppIntentsMetadata (in target 'CryptoBoringWrapper' from project 'swift-crypto')
    cd /Users/j/Documents/GitHub/MoneroOne/build/SourcePackages/checkouts/swift-crypto
    /Applications/Xcode.app/Contents/Developer/Toolchains/XcodeDefault.xctoolchain/usr/bin/appintentsmetadataprocessor --toolchain-dir /Applications/Xcode.app/Contents/Developer/Toolchains/XcodeDefault.xctoolchain --module-name CryptoBoringWrapper --sdk-root /Applications/Xcode.app/Contents/Developer/Platforms/iPhoneSimulator.platform/Developer/SDKs/iPhoneSimulator26.1.sdk --xcode-version 17B100 --platform-family iOS --deployment-target 13.0 --bundle-identifier swift-crypto.CryptoBoringWrapper --output /Users/j/Documents/GitHub/MoneroOne/build/Build/Products/Debug-iphonesimulator/CryptoBoringWrapper.appintents --target-triple arm64-apple-ios13.0-simulator --binary-file /Users/j/Documents/GitHub/MoneroOne/build/Build/Products/Debug-iphonesimulator/CryptoBoringWrapper.o --dependency-file /Users/j/Documents/GitHub/MoneroOne/build/Build/Intermediates.noindex/swift-crypto.build/Debug-iphonesimulator/CryptoBoringWrapper.build/Objects-normal/arm64/CryptoBoringWrapper_dependency_info.dat --stringsdata-file /Users/j/Documents/GitHub/MoneroOne/build/Build/Intermediates.noindex/swift-crypto.build/Debug-iphonesimulator/CryptoBoringWrapper.build/Objects-normal/arm64/ExtractedAppShortcutsMetadata.stringsdata --source-file-list /Users/j/Documents/GitHub/MoneroOne/build/Build/Intermediates.noindex/swift-crypto.build/Debug-iphonesimulator/CryptoBoringWrapper.build/Objects-normal/arm64/CryptoBoringWrapper.SwiftFileList --metadata-file-list /Users/j/Documents/GitHub/MoneroOne/build/Build/Intermediates.noindex/swift-crypto.build/Debug-iphonesimulator/CryptoBoringWrapper.build/CryptoBoringWrapper.DependencyMetadataFileList --static-metadata-file-list /Users/j/Documents/GitHub/MoneroOne/build/Build/Intermediates.noindex/swift-crypto.build/Debug-iphonesimulator/CryptoBoringWrapper.build/CryptoBoringWrapper.DependencyStaticMetadataFileList --swift-const-vals-list /Users/j/Documents/GitHub/MoneroOne/build/Build/Intermediates.noindex/swift-crypto.build/Debug-iphonesimulator/CryptoBoringWrapper.build/Objects-normal/arm64/CryptoBoringWrapper.SwiftConstValuesFileList --force --compile-time-extraction --deployment-aware-processing --validate-assistant-intents --no-app-shortcuts-localization
2026-01-18 15:26:05.856 appintentsmetadataprocessor[3799:39109812] Starting appintentsmetadataprocessor export
2026-01-18 15:26:05.995 appintentsmetadataprocessor[3799:39109812] Extracted no relevant App Intents symbols, skipping writing output

SwiftDriverJobDiscovery normal arm64 Compiling AES_GCM_SIV.swift, Block Function.swift (in target '_CryptoExtras' from project 'swift-crypto')

SwiftDriverJobDiscovery normal arm64 Compiling RSA_security.swift (in target '_CryptoExtras' from project 'swift-crypto')

SwiftDriver\ Compilation _CryptoExtras normal arm64 com.apple.xcode.tools.swift.compiler (in target '_CryptoExtras' from project 'swift-crypto')
    cd /Users/j/Documents/GitHub/MoneroOne/MoneroOne.xcodeproj
    builtin-Swift-Compilation -- /Applications/Xcode.app/Contents/Developer/Toolchains/XcodeDefault.xctoolchain/usr/bin/swiftc -module-name _CryptoExtras -Onone -enforce-exclusivity\=checked @/Users/j/Documents/GitHub/MoneroOne/build/Build/Intermediates.noindex/swift-crypto.build/Debug-iphonesimulator/_CryptoExtras.build/Objects-normal/arm64/_CryptoExtras.SwiftFileList -DSWIFT_PACKAGE -DDEBUG -DSWIFT_MODULE_RESOURCE_BUNDLE_UNAVAILABLE -DXcode -plugin-path /Applications/Xcode.app/Contents/Developer/Toolchains/XcodeDefault.xctoolchain/usr/lib/swift/host/plugins/testing -enable-experimental-feature DebugDescriptionMacro -sdk /Applications/Xcode.app/Contents/Developer/Platforms/iPhoneSimulator.platform/Developer/SDKs/iPhoneSimulator26.1.sdk -target arm64-apple-ios13.0-simulator -g -module-cache-path /Users/j/Documents/GitHub/MoneroOne/build/ModuleCache.noindex -Xfrontend -serialize-debugging-options -enable-testing -suppress-warnings -index-store-path /Users/j/Documents/GitHub/MoneroOne/build/Index.noindex/DataStore -Xcc -D_LIBCPP_HARDENING_MODE\=_LIBCPP_HARDENING_MODE_DEBUG -swift-version 5 -I /Users/j/Documents/GitHub/MoneroOne/build/Build/Products/Debug-iphonesimulator -Isystem /Applications/Xcode.app/Contents/Developer/Platforms/iPhoneSimulator.platform/Developer/usr/lib -F /Users/j/Documents/GitHub/MoneroOne/build/Build/Products/Debug-iphonesimulator/PackageFrameworks -F /Users/j/Documents/GitHub/MoneroOne/build/Build/Products/Debug-iphonesimulator/PackageFrameworks -F /Users/j/Documents/GitHub/MoneroOne/build/Build/Products/Debug-iphonesimulator/PackageFrameworks -F /Users/j/Documents/GitHub/MoneroOne/build/Build/Products/Debug-iphonesimulator/PackageFrameworks -F /Users/j/Documents/GitHub/MoneroOne/build/Build/Products/Debug-iphonesimulator -F /Applications/Xcode.app/Contents/Developer/Platforms/iPhoneSimulator.platform/Developer/Library/Frameworks -F /Applications/Xcode.app/Contents/Developer/Platforms/iPhoneSimulator.platform/Developer/SDKs/iPhoneSimulator26.1.sdk/Developer/Library/Frameworks -c -j12 -enable-batch-mode -incremental -Xcc -ivfsstatcache -Xcc /Users/j/Documents/GitHub/MoneroOne/build/SDKStatCaches.noindex/iphonesimulator26.1-23B77-90cf18a4295e390e64c810bc6bd7acbc.sdkstatcache -output-file-map /Users/j/Documents/GitHub/MoneroOne/build/Build/Intermediates.noindex/swift-crypto.build/Debug-iphonesimulator/_CryptoExtras.build/Objects-normal/arm64/_CryptoExtras-OutputFileMap.json -use-frontend-parseable-output -save-temps -no-color-diagnostics -explicit-module-build -module-cache-path /Users/j/Documents/GitHub/MoneroOne/build/Build/Intermediates.noindex/SwiftExplicitPrecompiledModules -clang-scanner-module-cache-path /Users/j/Documents/GitHub/MoneroOne/build/ModuleCache.noindex -sdk-module-cache-path /Users/j/Documents/GitHub/MoneroOne/build/ModuleCache.noindex -serialize-diagnostics -emit-dependencies -emit-module -emit-module-path /Users/j/Documents/GitHub/MoneroOne/build/Build/Intermediates.noindex/swift-crypto.build/Debug-iphonesimulator/_CryptoExtras.build/Objects-normal/arm64/_CryptoExtras.swiftmodule -validate-clang-modules-once -clang-build-session-file /Users/j/Documents/GitHub/MoneroOne/build/ModuleCache.noindex/Session.modulevalidation -Xcc -I/Users/j/Documents/GitHub/MoneroOne/build/Build/Intermediates.noindex/swift-crypto.build/Debug-iphonesimulator/_CryptoExtras.build/swift-overrides.hmap -emit-const-values -Xfrontend -const-gather-protocols-file -Xfrontend /Users/j/Documents/GitHub/MoneroOne/build/Build/Intermediates.noindex/swift-crypto.build/Debug-iphonesimulator/_CryptoExtras.build/Objects-normal/arm64/_CryptoExtras_const_extract_protocols.json -Xcc -I/Users/j/Documents/GitHub/MoneroOne/build/SourcePackages/checkouts/swift-crypto/Sources/CCryptoBoringSSLShims/include -Xcc -I/Users/j/Documents/GitHub/MoneroOne/build/SourcePackages/checkouts/swift-crypto/Sources/CCryptoBoringSSL/include -Xcc -I/Users/j/Documents/GitHub/MoneroOne/build/Build/Products/Debug-iphonesimulator/include -Xcc -I/Users/j/Documents/GitHub/MoneroOne/build/Build/Intermediates.noindex/swift-crypto.build/Debug-iphonesimulator/_CryptoExtras.build/DerivedSources-normal/arm64 -Xcc -I/Users/j/Documents/GitHub/MoneroOne/build/Build/Intermediates.noindex/swift-crypto.build/Debug-iphonesimulator/_CryptoExtras.build/DerivedSources/arm64 -Xcc -I/Users/j/Documents/GitHub/MoneroOne/build/Build/Intermediates.noindex/swift-crypto.build/Debug-iphonesimulator/_CryptoExtras.build/DerivedSources -Xcc -DSWIFT_PACKAGE -Xcc -DDEBUG\=1 -emit-objc-header -emit-objc-header-path /Users/j/Documents/GitHub/MoneroOne/build/Build/Intermediates.noindex/swift-crypto.build/Debug-iphonesimulator/_CryptoExtras.build/Objects-normal/arm64/_CryptoExtras-Swift.h -working-directory /Users/j/Documents/GitHub/MoneroOne/MoneroOne.xcodeproj -experimental-emit-module-separately -disable-cmo

RegisterExecutionPolicyException /Users/j/Documents/GitHub/MoneroOne/build/Build/Products/Debug-iphonesimulator/NIOConcurrencyHelpers.o (in target 'NIOConcurrencyHelpers' from project 'swift-nio')
    cd /Users/j/Documents/GitHub/MoneroOne/build/SourcePackages/checkouts/swift-nio
    builtin-RegisterExecutionPolicyException /Users/j/Documents/GitHub/MoneroOne/build/Build/Products/Debug-iphonesimulator/NIOConcurrencyHelpers.o

SwiftExplicitDependencyGeneratePcm arm64 /Users/j/Documents/GitHub/MoneroOne/build/Build/Intermediates.noindex/SwiftExplicitPrecompiledModules/HsCryptoKitC-2SL45QIT3K1WGWYVFY1RQ5Q5Y.pcm

SwiftExplicitDependencyGeneratePcm arm64 /Users/j/Documents/GitHub/MoneroOne/build/ModuleCache.noindex/CommonCrypto-C4A8NLGUBFG7VLMA7K5WWK0XS.pcm

SwiftDriverJobDiscovery normal arm64 Compiling Deque._UnsafeHandle.swift (in target 'DequeModule' from project 'swift-collections')

SwiftExplicitDependencyGeneratePcm arm64 /Users/j/Documents/GitHub/MoneroOne/build/ModuleCache.noindex/ObjectiveC-C735FMZSUMATFX3L6FIG01V2J.pcm

SwiftExplicitDependencyGeneratePcm arm64 /Users/j/Documents/GitHub/MoneroOne/build/Build/Intermediates.noindex/SwiftExplicitPrecompiledModules/_AtomicsShims-D716HPXUSBY86BI0W8YPBRCT1.pcm

SwiftDriverJobDiscovery normal arm64 Compiling Deque+Codable.swift, Deque+Collection.swift (in target 'DequeModule' from project 'swift-collections')

SwiftDriver\ Compilation DequeModule normal arm64 com.apple.xcode.tools.swift.compiler (in target 'DequeModule' from project 'swift-collections')
    cd /Users/j/Documents/GitHub/MoneroOne/MoneroOne.xcodeproj
    builtin-Swift-Compilation -- /Applications/Xcode.app/Contents/Developer/Toolchains/XcodeDefault.xctoolchain/usr/bin/swiftc -module-name DequeModule -Onone -enforce-exclusivity\=checked @/Users/j/Documents/GitHub/MoneroOne/build/Build/Intermediates.noindex/swift-collections.build/Debug-iphonesimulator/DequeModule.build/Objects-normal/arm64/DequeModule.SwiftFileList -DSWIFT_PACKAGE -DDEBUG -DSWIFT_MODULE_RESOURCE_BUNDLE_UNAVAILABLE -DCOLLECTIONS_RANDOMIZED_TESTING -DXcode -enable-experimental-feature AvailabilityMacro\=SwiftStdlib\ 5.0:\ macOS\ 10.14.4,\ iOS\ 12.2,\ watchOS\ 5.2,\ tvOS\ 12.2 -enable-experimental-feature AvailabilityMacro\=SwiftStdlib\ 5.1:\ macOS\ 10.15,\ iOS\ 13.0,\ watchOS\ 6.0,\ tvOS\ 13.0 -enable-experimental-feature AvailabilityMacro\=SwiftStdlib\ 5.6:\ macOS\ 12.3,\ iOS\ 15.4,\ watchOS\ 8.5,\ tvOS\ 15.4 -enable-experimental-feature AvailabilityMacro\=SwiftStdlib\ 5.8:\ macOS\ 13.3,\ iOS\ 16.4,\ watchOS\ 9.4,\ tvOS\ 16.4 -enable-experimental-feature AvailabilityMacro\=SwiftStdlib\ 5.9:\ macOS\ 14.0,\ iOS\ 17.0,\ watchOS\ 10.0,\ tvOS\ 17.0 -enable-experimental-feature AvailabilityMacro\=SwiftStdlib\ 5.10:\ macOS\ 14.4,\ iOS\ 17.4,\ watchOS\ 10.4,\ tvOS\ 17.4,\ visionOS\ 1.1 -enable-experimental-feature AvailabilityMacro\=SwiftStdlib\ 6.0:\ macOS\ 15.0,\ iOS\ 18.0,\ watchOS\ 11.0,\ tvOS\ 18.0,\ visionOS\ 2.0 -enable-experimental-feature AvailabilityMacro\=SwiftStdlib\ 6.1:\ macOS\ 15.4,\ iOS\ 18.4,\ watchOS\ 11.4,\ tvOS\ 18.4,\ visionOS\ 2.4 -enable-experimental-feature AvailabilityMacro\=SwiftStdlib\ 6.2:\ macOS\ 26.0,\ iOS\ 26.0,\ watchOS\ 26.0,\ tvOS\ 26.0,\ visionOS\ 26.0 -enable-upcoming-feature MemberImportVisibility -enable-experimental-feature BuiltinModule -enable-experimental-feature Lifetimes -enable-experimental-feature InoutLifetimeDependence -enable-experimental-feature SuppressedAssociatedTypes -plugin-path /Applications/Xcode.app/Contents/Developer/Toolchains/XcodeDefault.xctoolchain/usr/lib/swift/host/plugins/testing -enable-experimental-feature DebugDescriptionMacro -sdk /Applications/Xcode.app/Contents/Developer/Platforms/iPhoneSimulator.platform/Developer/SDKs/iPhoneSimulator26.1.sdk -target arm64-apple-ios12.0-simulator -g -module-cache-path /Users/j/Documents/GitHub/MoneroOne/build/ModuleCache.noindex -Xfrontend -serialize-debugging-options -enable-testing -suppress-warnings -index-store-path /Users/j/Documents/GitHub/MoneroOne/build/Index.noindex/DataStore -Xcc -D_LIBCPP_HARDENING_MODE\=_LIBCPP_HARDENING_MODE_DEBUG -swift-version 6 -I /Users/j/Documents/GitHub/MoneroOne/build/Build/Products/Debug-iphonesimulator -Isystem /Applications/Xcode.app/Contents/Developer/Platforms/iPhoneSimulator.platform/Developer/usr/lib -F /Users/j/Documents/GitHub/MoneroOne/build/Build/Products/Debug-iphonesimulator/PackageFrameworks -F /Users/j/Documents/GitHub/MoneroOne/build/Build/Products/Debug-iphonesimulator -F /Applications/Xcode.app/Contents/Developer/Platforms/iPhoneSimulator.platform/Developer/Library/Frameworks -F /Applications/Xcode.app/Contents/Developer/Platforms/iPhoneSimulator.platform/Developer/SDKs/iPhoneSimulator26.1.sdk/Developer/Library/Frameworks -c -j12 -enable-batch-mode -incremental -Xcc -ivfsstatcache -Xcc /Users/j/Documents/GitHub/MoneroOne/build/SDKStatCaches.noindex/iphonesimulator26.1-23B77-90cf18a4295e390e64c810bc6bd7acbc.sdkstatcache -output-file-map /Users/j/Documents/GitHub/MoneroOne/build/Build/Intermediates.noindex/swift-collections.build/Debug-iphonesimulator/DequeModule.build/Objects-normal/arm64/DequeModule-OutputFileMap.json -use-frontend-parseable-output -save-temps -no-color-diagnostics -explicit-module-build -module-cache-path /Users/j/Documents/GitHub/MoneroOne/build/Build/Intermediates.noindex/SwiftExplicitPrecompiledModules -clang-scanner-module-cache-path /Users/j/Documents/GitHub/MoneroOne/build/ModuleCache.noindex -sdk-module-cache-path /Users/j/Documents/GitHub/MoneroOne/build/ModuleCache.noindex -serialize-diagnostics -emit-dependencies -emit-module -emit-module-path /Users/j/Documents/GitHub/MoneroOne/build/Build/Intermediates.noindex/swift-collections.build/Debug-iphonesimulator/DequeModule.build/Objects-normal/arm64/DequeModule.swiftmodule -user-module-version 1.3.0 -validate-clang-modules-once -clang-build-session-file /Users/j/Documents/GitHub/MoneroOne/build/ModuleCache.noindex/Session.modulevalidation -package-name swift_collections -Xcc -I/Users/j/Documents/GitHub/MoneroOne/build/Build/Intermediates.noindex/swift-collections.build/Debug-iphonesimulator/DequeModule.build/swift-overrides.hmap -emit-const-values -Xfrontend -const-gather-protocols-file -Xfrontend /Users/j/Documents/GitHub/MoneroOne/build/Build/Intermediates.noindex/swift-collections.build/Debug-iphonesimulator/DequeModule.build/Objects-normal/arm64/DequeModule_const_extract_protocols.json -Xcc -I/Users/j/Documents/GitHub/MoneroOne/build/Build/Products/Debug-iphonesimulator/include -Xcc -I/Users/j/Documents/GitHub/MoneroOne/build/Build/Intermediates.noindex/swift-collections.build/Debug-iphonesimulator/DequeModule.build/DerivedSources-normal/arm64 -Xcc -I/Users/j/Documents/GitHub/MoneroOne/build/Build/Intermediates.noindex/swift-collections.build/Debug-iphonesimulator/DequeModule.build/DerivedSources/arm64 -Xcc -I/Users/j/Documents/GitHub/MoneroOne/build/Build/Intermediates.noindex/swift-collections.build/Debug-iphonesimulator/DequeModule.build/DerivedSources -Xcc -DSWIFT_PACKAGE -Xcc -DDEBUG\=1 -emit-objc-header -emit-objc-header-path /Users/j/Documents/GitHub/MoneroOne/build/Build/Intermediates.noindex/swift-collections.build/Debug-iphonesimulator/DequeModule.build/Objects-normal/arm64/DequeModule-Swift.h -working-directory /Users/j/Documents/GitHub/MoneroOne/MoneroOne.xcodeproj -experimental-emit-module-separately -disable-cmo

Ld /Users/j/Documents/GitHub/MoneroOne/build/Build/Products/Debug-iphonesimulator/DequeModule.o normal (in target 'DequeModule' from project 'swift-collections')
    cd /Users/j/Documents/GitHub/MoneroOne/build/SourcePackages/checkouts/swift-collections
    /Applications/Xcode.app/Contents/Developer/Toolchains/XcodeDefault.xctoolchain/usr/bin/clang -Xlinker -reproducible -target arm64-apple-ios12.0-simulator -r -isysroot /Applications/Xcode.app/Contents/Developer/Platforms/iPhoneSimulator.platform/Developer/SDKs/iPhoneSimulator26.1.sdk -O0 -w -L/Users/j/Documents/GitHub/MoneroOne/build/Build/Intermediates.noindex/EagerLinkingTBDs/Debug-iphonesimulator -L/Users/j/Documents/GitHub/MoneroOne/build/Build/Products/Debug-iphonesimulator -L/Applications/Xcode.app/Contents/Developer/Platforms/iPhoneSimulator.platform/Developer/usr/lib -F/Users/j/Documents/GitHub/MoneroOne/build/Build/Intermediates.noindex/EagerLinkingTBDs/Debug-iphonesimulator -F/Users/j/Documents/GitHub/MoneroOne/build/Build/Products/Debug-iphonesimulator/PackageFrameworks -F/Users/j/Documents/GitHub/MoneroOne/build/Build/Products/Debug-iphonesimulator -iframework /Applications/Xcode.app/Contents/Developer/Platforms/iPhoneSimulator.platform/Developer/Library/Frameworks -iframework /Applications/Xcode.app/Contents/Developer/Platforms/iPhoneSimulator.platform/Developer/SDKs/iPhoneSimulator26.1.sdk/Developer/Library/Frameworks -filelist /Users/j/Documents/GitHub/MoneroOne/build/Build/Intermediates.noindex/swift-collections.build/Debug-iphonesimulator/DequeModule.build/Objects-normal/arm64/DequeModule.LinkFileList -nostdlib -Xlinker -object_path_lto -Xlinker /Users/j/Documents/GitHub/MoneroOne/build/Build/Intermediates.noindex/swift-collections.build/Debug-iphonesimulator/DequeModule.build/Objects-normal/arm64/DequeModule_lto.o -rdynamic -Xlinker -no_deduplicate -Xlinker -objc_abi_version -Xlinker 2 -Xlinker -dependency_info -Xlinker /Users/j/Documents/GitHub/MoneroOne/build/Build/Intermediates.noindex/swift-collections.build/Debug-iphonesimulator/DequeModule.build/Objects-normal/arm64/DequeModule_dependency_info.dat -fobjc-link-runtime -L/Applications/Xcode.app/Contents/Developer/Toolchains/XcodeDefault.xctoolchain/usr/lib/swift/iphonesimulator -L/usr/lib/swift -Xlinker -add_ast_path -Xlinker /Users/j/Documents/GitHub/MoneroOne/build/Build/Intermediates.noindex/swift-collections.build/Debug-iphonesimulator/DequeModule.build/Objects-normal/arm64/DequeModule.swiftmodule @/Users/j/Documents/GitHub/MoneroOne/build/Build/Intermediates.noindex/swift-collections.build/Debug-iphonesimulator/DequeModule.build/Objects-normal/arm64/DequeModule-linker-args.resp -o /Users/j/Documents/GitHub/MoneroOne/build/Build/Products/Debug-iphonesimulator/DequeModule.o

RegisterExecutionPolicyException /Users/j/Documents/GitHub/MoneroOne/build/Build/Products/Debug-iphonesimulator/Alamofire.o (in target 'Alamofire' from project 'Alamofire')
    cd /Users/j/Documents/GitHub/MoneroOne/build/SourcePackages/checkouts/Alamofire
    builtin-RegisterExecutionPolicyException /Users/j/Documents/GitHub/MoneroOne/build/Build/Products/Debug-iphonesimulator/Alamofire.o

SwiftEmitModule normal arm64 Emitting\ module\ for\ HsCryptoKit (in target 'HsCryptoKit' from project 'HsCryptoKit.Swift')
EmitSwiftModule normal arm64 (in target 'HsCryptoKit' from project 'HsCryptoKit.Swift')
    cd /Users/j/Documents/GitHub/MoneroOne/MoneroOne.xcodeproj
    

SwiftCompile normal arm64 Compiling\ EllipticCurveEncrypterSecp256k1.swift /Users/j/Documents/GitHub/MoneroOne/build/SourcePackages/checkouts/HsCryptoKit.Swift/Sources/HsCryptoKit/EllipticCurveEncrypterSecp256k1.swift (in target 'HsCryptoKit' from project 'HsCryptoKit.Swift')
SwiftCompile normal arm64 /Users/j/Documents/GitHub/MoneroOne/build/SourcePackages/checkouts/HsCryptoKit.Swift/Sources/HsCryptoKit/EllipticCurveEncrypterSecp256k1.swift (in target 'HsCryptoKit' from project 'HsCryptoKit.Swift')
    cd /Users/j/Documents/GitHub/MoneroOne/MoneroOne.xcodeproj
    

SwiftCompile normal arm64 Compiling\ Ripemd160.swift /Users/j/Documents/GitHub/MoneroOne/build/SourcePackages/checkouts/HsCryptoKit.Swift/Sources/HsCryptoKit/Hash/Ripemd160.swift (in target 'HsCryptoKit' from project 'HsCryptoKit.Swift')
SwiftCompile normal arm64 /Users/j/Documents/GitHub/MoneroOne/build/SourcePackages/checkouts/HsCryptoKit.Swift/Sources/HsCryptoKit/Hash/Ripemd160.swift (in target 'HsCryptoKit' from project 'HsCryptoKit.Swift')
    cd /Users/j/Documents/GitHub/MoneroOne/MoneroOne.xcodeproj
    

SwiftCompile normal arm64 Compiling\ BatchedCollection.swift /Users/j/Documents/GitHub/MoneroOne/build/SourcePackages/checkouts/HsCryptoKit.Swift/Sources/HsCryptoKit/CryptoSwift/BatchedCollection.swift (in target 'HsCryptoKit' from project 'HsCryptoKit.Swift')

SwiftCompile normal arm64 /Users/j/Documents/GitHub/MoneroOne/build/SourcePackages/checkouts/HsCryptoKit.Swift/Sources/HsCryptoKit/CryptoSwift/BatchedCollection.swift (in target 'HsCryptoKit' from project 'HsCryptoKit.Swift')
    cd /Users/j/Documents/GitHub/MoneroOne/MoneroOne.xcodeproj
    

SwiftCompile normal arm64 Compiling\ Base58.swift /Users/j/Documents/GitHub/MoneroOne/build/SourcePackages/checkouts/HsCryptoKit.Swift/Sources/HsCryptoKit/Base58.swift (in target 'HsCryptoKit' from project 'HsCryptoKit.Swift')

SwiftCompile normal arm64 /Users/j/Documents/GitHub/MoneroOne/build/SourcePackages/checkouts/HsCryptoKit.Swift/Sources/HsCryptoKit/Base58.swift (in target 'HsCryptoKit' from project 'HsCryptoKit.Swift')
    cd /Users/j/Documents/GitHub/MoneroOne/MoneroOne.xcodeproj
    

SwiftCompile normal arm64 Compiling\ Crypto.swift /Users/j/Documents/GitHub/MoneroOne/build/SourcePackages/checkouts/HsCryptoKit.Swift/Sources/HsCryptoKit/Crypto.swift (in target 'HsCryptoKit' from project 'HsCryptoKit.Swift')

SwiftCompile normal arm64 /Users/j/Documents/GitHub/MoneroOne/build/SourcePackages/checkouts/HsCryptoKit.Swift/Sources/HsCryptoKit/Crypto.swift (in target 'HsCryptoKit' from project 'HsCryptoKit.Swift')
    cd /Users/j/Documents/GitHub/MoneroOne/MoneroOne.xcodeproj
    

SwiftCompile normal arm64 Compiling\ SchnorrHelper.swift /Users/j/Documents/GitHub/MoneroOne/build/SourcePackages/checkouts/HsCryptoKit.Swift/Sources/HsCryptoKit/SchnorrHelper.swift (in target 'HsCryptoKit' from project 'HsCryptoKit.Swift')

SwiftCompile normal arm64 /Users/j/Documents/GitHub/MoneroOne/build/SourcePackages/checkouts/HsCryptoKit.Swift/Sources/HsCryptoKit/SchnorrHelper.swift (in target 'HsCryptoKit' from project 'HsCryptoKit.Swift')
    cd /Users/j/Documents/GitHub/MoneroOne/MoneroOne.xcodeproj
    

SwiftCompile normal arm64 Compiling\ Sha3.swift /Users/j/Documents/GitHub/MoneroOne/build/SourcePackages/checkouts/HsCryptoKit.Swift/Sources/HsCryptoKit/CryptoSwift/Sha3.swift (in target 'HsCryptoKit' from project 'HsCryptoKit.Swift')
SwiftCompile normal arm64 /Users/j/Documents/GitHub/MoneroOne/build/SourcePackages/checkouts/HsCryptoKit.Swift/Sources/HsCryptoKit/CryptoSwift/Sha3.swift (in target 'HsCryptoKit' from project 'HsCryptoKit.Swift')
    cd /Users/j/Documents/GitHub/MoneroOne/MoneroOne.xcodeproj
    

ExtractAppIntentsMetadata (in target 'DequeModule' from project 'swift-collections')
    cd /Users/j/Documents/GitHub/MoneroOne/build/SourcePackages/checkouts/swift-collections
    /Applications/Xcode.app/Contents/Developer/Toolchains/XcodeDefault.xctoolchain/usr/bin/appintentsmetadataprocessor --toolchain-dir /Applications/Xcode.app/Contents/Developer/Toolchains/XcodeDefault.xctoolchain --module-name DequeModule --sdk-root /Applications/Xcode.app/Contents/Developer/Platforms/iPhoneSimulator.platform/Developer/SDKs/iPhoneSimulator26.1.sdk --xcode-version 17B100 --platform-family iOS --deployment-target 12.0 --bundle-identifier swift-collections.DequeModule --output /Users/j/Documents/GitHub/MoneroOne/build/Build/Products/Debug-iphonesimulator/DequeModule.appintents --target-triple arm64-apple-ios12.0-simulator --binary-file /Users/j/Documents/GitHub/MoneroOne/build/Build/Products/Debug-iphonesimulator/DequeModule.o --dependency-file /Users/j/Documents/GitHub/MoneroOne/build/Build/Intermediates.noindex/swift-collections.build/Debug-iphonesimulator/DequeModule.build/Objects-normal/arm64/DequeModule_dependency_info.dat --stringsdata-file /Users/j/Documents/GitHub/MoneroOne/build/Build/Intermediates.noindex/swift-collections.build/Debug-iphonesimulator/DequeModule.build/Objects-normal/arm64/ExtractedAppShortcutsMetadata.stringsdata --source-file-list /Users/j/Documents/GitHub/MoneroOne/build/Build/Intermediates.noindex/swift-collections.build/Debug-iphonesimulator/DequeModule.build/Objects-normal/arm64/DequeModule.SwiftFileList --metadata-file-list /Users/j/Documents/GitHub/MoneroOne/build/Build/Intermediates.noindex/swift-collections.build/Debug-iphonesimulator/DequeModule.build/DequeModule.DependencyMetadataFileList --static-metadata-file-list /Users/j/Documents/GitHub/MoneroOne/build/Build/Intermediates.noindex/swift-collections.build/Debug-iphonesimulator/DequeModule.build/DequeModule.DependencyStaticMetadataFileList --swift-const-vals-list /Users/j/Documents/GitHub/MoneroOne/build/Build/Intermediates.noindex/swift-collections.build/Debug-iphonesimulator/DequeModule.build/Objects-normal/arm64/DequeModule.SwiftConstValuesFileList --force --compile-time-extraction --deployment-aware-processing --validate-assistant-intents --no-app-shortcuts-localization
2026-01-18 15:26:06.041 appintentsmetadataprocessor[3813:39109861] Starting appintentsmetadataprocessor export
2026-01-18 15:26:06.191 appintentsmetadataprocessor[3813:39109861] Extracted no relevant App Intents symbols, skipping writing output

RegisterExecutionPolicyException /Users/j/Documents/GitHub/MoneroOne/build/Build/Products/Debug-iphonesimulator/CryptoBoringWrapper.o (in target 'CryptoBoringWrapper' from project 'swift-crypto')
    cd /Users/j/Documents/GitHub/MoneroOne/build/SourcePackages/checkouts/swift-crypto
    builtin-RegisterExecutionPolicyException /Users/j/Documents/GitHub/MoneroOne/build/Build/Products/Debug-iphonesimulator/CryptoBoringWrapper.o

Ld /Users/j/Documents/GitHub/MoneroOne/build/Build/Products/Debug-iphonesimulator/_CryptoExtras.o normal (in target '_CryptoExtras' from project 'swift-crypto')
    cd /Users/j/Documents/GitHub/MoneroOne/build/SourcePackages/checkouts/swift-crypto
    /Applications/Xcode.app/Contents/Developer/Toolchains/XcodeDefault.xctoolchain/usr/bin/clang -Xlinker -reproducible -target arm64-apple-ios13.0-simulator -r -isysroot /Applications/Xcode.app/Contents/Developer/Platforms/iPhoneSimulator.platform/Developer/SDKs/iPhoneSimulator26.1.sdk -O0 -w -L/Users/j/Documents/GitHub/MoneroOne/build/Build/Intermediates.noindex/EagerLinkingTBDs/Debug-iphonesimulator -L/Users/j/Documents/GitHub/MoneroOne/build/Build/Products/Debug-iphonesimulator -L/Applications/Xcode.app/Contents/Developer/Platforms/iPhoneSimulator.platform/Developer/usr/lib -F/Users/j/Documents/GitHub/MoneroOne/build/Build/Intermediates.noindex/EagerLinkingTBDs/Debug-iphonesimulator -F/Users/j/Documents/GitHub/MoneroOne/build/Build/Products/Debug-iphonesimulator/PackageFrameworks -F/Users/j/Documents/GitHub/MoneroOne/build/Build/Products/Debug-iphonesimulator/PackageFrameworks -F/Users/j/Documents/GitHub/MoneroOne/build/Build/Products/Debug-iphonesimulator/PackageFrameworks -F/Users/j/Documents/GitHub/MoneroOne/build/Build/Products/Debug-iphonesimulator/PackageFrameworks -F/Users/j/Documents/GitHub/MoneroOne/build/Build/Products/Debug-iphonesimulator -iframework /Applications/Xcode.app/Contents/Developer/Platforms/iPhoneSimulator.platform/Developer/Library/Frameworks -iframework /Applications/Xcode.app/Contents/Developer/Platforms/iPhoneSimulator.platform/Developer/SDKs/iPhoneSimulator26.1.sdk/Developer/Library/Frameworks -filelist /Users/j/Documents/GitHub/MoneroOne/build/Build/Intermediates.noindex/swift-crypto.build/Debug-iphonesimulator/_CryptoExtras.build/Objects-normal/arm64/_CryptoExtras.LinkFileList -nostdlib -Xlinker -object_path_lto -Xlinker /Users/j/Documents/GitHub/MoneroOne/build/Build/Intermediates.noindex/swift-crypto.build/Debug-iphonesimulator/_CryptoExtras.build/Objects-normal/arm64/_CryptoExtras_lto.o -rdynamic -Xlinker -no_deduplicate -Xlinker -objc_abi_version -Xlinker 2 -Xlinker -dependency_info -Xlinker /Users/j/Documents/GitHub/MoneroOne/build/Build/Intermediates.noindex/swift-crypto.build/Debug-iphonesimulator/_CryptoExtras.build/Objects-normal/arm64/_CryptoExtras_dependency_info.dat -fobjc-link-runtime -L/Applications/Xcode.app/Contents/Developer/Toolchains/XcodeDefault.xctoolchain/usr/lib/swift/iphonesimulator -L/usr/lib/swift -Xlinker -add_ast_path -Xlinker /Users/j/Documents/GitHub/MoneroOne/build/Build/Intermediates.noindex/swift-crypto.build/Debug-iphonesimulator/_CryptoExtras.build/Objects-normal/arm64/_CryptoExtras.swiftmodule @/Users/j/Documents/GitHub/MoneroOne/build/Build/Intermediates.noindex/swift-crypto.build/Debug-iphonesimulator/_CryptoExtras.build/Objects-normal/arm64/_CryptoExtras-linker-args.resp -o /Users/j/Documents/GitHub/MoneroOne/build/Build/Products/Debug-iphonesimulator/_CryptoExtras.o

SwiftExplicitDependencyGeneratePcm arm64 /Users/j/Documents/GitHub/MoneroOne/build/ModuleCache.noindex/os_object-523DA64KYVXPPOK828O0ZSH0E.pcm

ExtractAppIntentsMetadata (in target '_CryptoExtras' from project 'swift-crypto')
    cd /Users/j/Documents/GitHub/MoneroOne/build/SourcePackages/checkouts/swift-crypto
    /Applications/Xcode.app/Contents/Developer/Toolchains/XcodeDefault.xctoolchain/usr/bin/appintentsmetadataprocessor --toolchain-dir /Applications/Xcode.app/Contents/Developer/Toolchains/XcodeDefault.xctoolchain --module-name _CryptoExtras --sdk-root /Applications/Xcode.app/Contents/Developer/Platforms/iPhoneSimulator.platform/Developer/SDKs/iPhoneSimulator26.1.sdk --xcode-version 17B100 --platform-family iOS --deployment-target 13.0 --bundle-identifier swift-crypto.-CryptoExtras --output /Users/j/Documents/GitHub/MoneroOne/build/Build/Products/Debug-iphonesimulator/_CryptoExtras.appintents --target-triple arm64-apple-ios13.0-simulator --binary-file /Users/j/Documents/GitHub/MoneroOne/build/Build/Products/Debug-iphonesimulator/_CryptoExtras.o --dependency-file /Users/j/Documents/GitHub/MoneroOne/build/Build/Intermediates.noindex/swift-crypto.build/Debug-iphonesimulator/_CryptoExtras.build/Objects-normal/arm64/_CryptoExtras_dependency_info.dat --stringsdata-file /Users/j/Documents/GitHub/MoneroOne/build/Build/Intermediates.noindex/swift-crypto.build/Debug-iphonesimulator/_CryptoExtras.build/Objects-normal/arm64/ExtractedAppShortcutsMetadata.stringsdata --source-file-list /Users/j/Documents/GitHub/MoneroOne/build/Build/Intermediates.noindex/swift-crypto.build/Debug-iphonesimulator/_CryptoExtras.build/Objects-normal/arm64/_CryptoExtras.SwiftFileList --metadata-file-list /Users/j/Documents/GitHub/MoneroOne/build/Build/Intermediates.noindex/swift-crypto.build/Debug-iphonesimulator/_CryptoExtras.build/_CryptoExtras.DependencyMetadataFileList --static-metadata-file-list /Users/j/Documents/GitHub/MoneroOne/build/Build/Intermediates.noindex/swift-crypto.build/Debug-iphonesimulator/_CryptoExtras.build/_CryptoExtras.DependencyStaticMetadataFileList --swift-const-vals-list /Users/j/Documents/GitHub/MoneroOne/build/Build/Intermediates.noindex/swift-crypto.build/Debug-iphonesimulator/_CryptoExtras.build/Objects-normal/arm64/_CryptoExtras.SwiftConstValuesFileList --force --compile-time-extraction --deployment-aware-processing --validate-assistant-intents --no-app-shortcuts-localization
2026-01-18 15:26:06.101 appintentsmetadataprocessor[3818:39109883] Starting appintentsmetadataprocessor export
2026-01-18 15:26:06.214 appintentsmetadataprocessor[3818:39109883] Extracted no relevant App Intents symbols, skipping writing output

SwiftExplicitDependencyGeneratePcm arm64 /Users/j/Documents/GitHub/MoneroOne/build/ModuleCache.noindex/os_workgroup-3KUT8G9F7JTXS1A43D3YT1TC6.pcm

SwiftDriverJobDiscovery normal arm64 Emitting module for HsCryptoKit (in target 'HsCryptoKit' from project 'HsCryptoKit.Swift')

SwiftDriver\ Compilation\ Requirements HsCryptoKit normal arm64 com.apple.xcode.tools.swift.compiler (in target 'HsCryptoKit' from project 'HsCryptoKit.Swift')
    cd /Users/j/Documents/GitHub/MoneroOne/MoneroOne.xcodeproj
    builtin-Swift-Compilation-Requirements -- /Applications/Xcode.app/Contents/Developer/Toolchains/XcodeDefault.xctoolchain/usr/bin/swiftc -module-name HsCryptoKit -Onone -enforce-exclusivity\=checked @/Users/j/Documents/GitHub/MoneroOne/build/Build/Intermediates.noindex/HsCryptoKit.Swift.build/Debug-iphonesimulator/HsCryptoKit.build/Objects-normal/arm64/HsCryptoKit.SwiftFileList -DSWIFT_PACKAGE -DDEBUG -DSWIFT_MODULE_RESOURCE_BUNDLE_UNAVAILABLE -Xcc -fmodule-map-file\=/Users/j/Documents/GitHub/MoneroOne/build/Build/Intermediates.noindex/GeneratedModuleMaps-iphonesimulator/secp256k1_bindings.modulemap -Xcc -fmodule-map-file\=/Users/j/Documents/GitHub/MoneroOne/build/Build/Intermediates.noindex/GeneratedModuleMaps-iphonesimulator/HsCryptoKitC.modulemap -DXcode -plugin-path /Applications/Xcode.app/Contents/Developer/Toolchains/XcodeDefault.xctoolchain/usr/lib/swift/host/plugins/testing -enable-experimental-feature DebugDescriptionMacro -sdk /Applications/Xcode.app/Contents/Developer/Platforms/iPhoneSimulator.platform/Developer/SDKs/iPhoneSimulator26.1.sdk -target arm64-apple-ios13.0-simulator -g -module-cache-path /Users/j/Documents/GitHub/MoneroOne/build/ModuleCache.noindex -Xfrontend -serialize-debugging-options -enable-testing -suppress-warnings -index-store-path /Users/j/Documents/GitHub/MoneroOne/build/Index.noindex/DataStore -Xcc -D_LIBCPP_HARDENING_MODE\=_LIBCPP_HARDENING_MODE_DEBUG -swift-version 5 -I /Users/j/Documents/GitHub/MoneroOne/build/Build/Products/Debug-iphonesimulator -Isystem /Applications/Xcode.app/Contents/Developer/Platforms/iPhoneSimulator.platform/Developer/usr/lib -F /Users/j/Documents/GitHub/MoneroOne/build/Build/Products/Debug-iphonesimulator/PackageFrameworks -F /Users/j/Documents/GitHub/MoneroOne/build/Build/Products/Debug-iphonesimulator/PackageFrameworks -F /Users/j/Documents/GitHub/MoneroOne/build/Build/Products/Debug-iphonesimulator/PackageFrameworks -F /Users/j/Documents/GitHub/MoneroOne/build/Build/Products/Debug-iphonesimulator/PackageFrameworks -F /Users/j/Documents/GitHub/MoneroOne/build/Build/Products/Debug-iphonesimulator/PackageFrameworks -F /Users/j/Documents/GitHub/MoneroOne/build/Build/Products/Debug-iphonesimulator/PackageFrameworks -F /Users/j/Documents/GitHub/MoneroOne/build/Build/Products/Debug-iphonesimulator/PackageFrameworks -F /Users/j/Documents/GitHub/MoneroOne/build/Build/Products/Debug-iphonesimulator/PackageFrameworks -F /Users/j/Documents/GitHub/MoneroOne/build/Build/Products/Debug-iphonesimulator/PackageFrameworks -F /Users/j/Documents/GitHub/MoneroOne/build/Build/Products/Debug-iphonesimulator/PackageFrameworks -F /Users/j/Documents/GitHub/MoneroOne/build/Build/Products/Debug-iphonesimulator -F /Applications/Xcode.app/Contents/Developer/Platforms/iPhoneSimulator.platform/Developer/Library/Frameworks -F /Applications/Xcode.app/Contents/Developer/Platforms/iPhoneSimulator.platform/Developer/SDKs/iPhoneSimulator26.1.sdk/Developer/Library/Frameworks -c -j12 -enable-batch-mode -incremental -Xcc -ivfsstatcache -Xcc /Users/j/Documents/GitHub/MoneroOne/build/SDKStatCaches.noindex/iphonesimulator26.1-23B77-90cf18a4295e390e64c810bc6bd7acbc.sdkstatcache -output-file-map /Users/j/Documents/GitHub/MoneroOne/build/Build/Intermediates.noindex/HsCryptoKit.Swift.build/Debug-iphonesimulator/HsCryptoKit.build/Objects-normal/arm64/HsCryptoKit-OutputFileMap.json -use-frontend-parseable-output -save-temps -no-color-diagnostics -explicit-module-build -module-cache-path /Users/j/Documents/GitHub/MoneroOne/build/Build/Intermediates.noindex/SwiftExplicitPrecompiledModules -clang-scanner-module-cache-path /Users/j/Documents/GitHub/MoneroOne/build/ModuleCache.noindex -sdk-module-cache-path /Users/j/Documents/GitHub/MoneroOne/build/ModuleCache.noindex -serialize-diagnostics -emit-dependencies -emit-module -emit-module-path /Users/j/Documents/GitHub/MoneroOne/build/Build/Intermediates.noindex/HsCryptoKit.Swift.build/Debug-iphonesimulator/HsCryptoKit.build/Objects-normal/arm64/HsCryptoKit.swiftmodule -validate-clang-modules-once -clang-build-session-file /Users/j/Documents/GitHub/MoneroOne/build/ModuleCache.noindex/Session.modulevalidation -Xcc -I/Users/j/Documents/GitHub/MoneroOne/build/Build/Intermediates.noindex/HsCryptoKit.Swift.build/Debug-iphonesimulator/HsCryptoKit.build/swift-overrides.hmap -emit-const-values -Xfrontend -const-gather-protocols-file -Xfrontend /Users/j/Documents/GitHub/MoneroOne/build/Build/Intermediates.noindex/HsCryptoKit.Swift.build/Debug-iphonesimulator/HsCryptoKit.build/Objects-normal/arm64/HsCryptoKit_const_extract_protocols.json -Xcc -I/Users/j/Documents/GitHub/MoneroOne/build/SourcePackages/checkouts/swift-crypto/Sources/CCryptoBoringSSLShims/include -Xcc -I/Users/j/Documents/GitHub/MoneroOne/build/SourcePackages/checkouts/swift-crypto/Sources/CCryptoBoringSSL/include -Xcc -I/Users/j/Documents/GitHub/MoneroOne/build/SourcePackages/checkouts/secp256k1.swift/Sources/secp256k1_bindings/include -Xcc -I/Users/j/Documents/GitHub/MoneroOne/build/SourcePackages/checkouts/HsCryptoKit.Swift/Sources/HsCryptoKitC/include -Xcc -I/Users/j/Documents/GitHub/MoneroOne/build/Build/Products/Debug-iphonesimulator/include -Xcc -I/Users/j/Documents/GitHub/MoneroOne/build/Build/Intermediates.noindex/HsCryptoKit.Swift.build/Debug-iphonesimulator/HsCryptoKit.build/DerivedSources-normal/arm64 -Xcc -I/Users/j/Documents/GitHub/MoneroOne/build/Build/Intermediates.noindex/HsCryptoKit.Swift.build/Debug-iphonesimulator/HsCryptoKit.build/DerivedSources/arm64 -Xcc -I/Users/j/Documents/GitHub/MoneroOne/build/Build/Intermediates.noindex/HsCryptoKit.Swift.build/Debug-iphonesimulator/HsCryptoKit.build/DerivedSources -Xcc -DSWIFT_PACKAGE -Xcc -DDEBUG\=1 -emit-objc-header -emit-objc-header-path /Users/j/Documents/GitHub/MoneroOne/build/Build/Intermediates.noindex/HsCryptoKit.Swift.build/Debug-iphonesimulator/HsCryptoKit.build/Objects-normal/arm64/HsCryptoKit-Swift.h -working-directory /Users/j/Documents/GitHub/MoneroOne/MoneroOne.xcodeproj -experimental-emit-module-separately -disable-cmo

SwiftMergeGeneratedHeaders /Users/j/Documents/GitHub/MoneroOne/build/Build/Intermediates.noindex/GeneratedModuleMaps-iphonesimulator/HsCryptoKit-Swift.h /Users/j/Documents/GitHub/MoneroOne/build/Build/Intermediates.noindex/HsCryptoKit.Swift.build/Debug-iphonesimulator/HsCryptoKit.build/Objects-normal/arm64/HsCryptoKit-Swift.h (in target 'HsCryptoKit' from project 'HsCryptoKit.Swift')
    cd /Users/j/Documents/GitHub/MoneroOne/build/SourcePackages/checkouts/HsCryptoKit.Swift
    builtin-swiftHeaderTool -arch arm64 /Users/j/Documents/GitHub/MoneroOne/build/Build/Intermediates.noindex/HsCryptoKit.Swift.build/Debug-iphonesimulator/HsCryptoKit.build/Objects-normal/arm64/HsCryptoKit-Swift.h -o /Users/j/Documents/GitHub/MoneroOne/build/Build/Intermediates.noindex/GeneratedModuleMaps-iphonesimulator/HsCryptoKit-Swift.h

Copy /Users/j/Documents/GitHub/MoneroOne/build/Build/Products/Debug-iphonesimulator/HsCryptoKit.swiftmodule/arm64-apple-ios-simulator.swiftmodule /Users/j/Documents/GitHub/MoneroOne/build/Build/Intermediates.noindex/HsCryptoKit.Swift.build/Debug-iphonesimulator/HsCryptoKit.build/Objects-normal/arm64/HsCryptoKit.swiftmodule (in target 'HsCryptoKit' from project 'HsCryptoKit.Swift')
    cd /Users/j/Documents/GitHub/MoneroOne/build/SourcePackages/checkouts/HsCryptoKit.Swift
    builtin-copy -exclude .DS_Store -exclude CVS -exclude .svn -exclude .git -exclude .hg -resolve-src-symlinks -rename /Users/j/Documents/GitHub/MoneroOne/build/Build/Intermediates.noindex/HsCryptoKit.Swift.build/Debug-iphonesimulator/HsCryptoKit.build/Objects-normal/arm64/HsCryptoKit.swiftmodule /Users/j/Documents/GitHub/MoneroOne/build/Build/Products/Debug-iphonesimulator/HsCryptoKit.swiftmodule/arm64-apple-ios-simulator.swiftmodule

Copy /Users/j/Documents/GitHub/MoneroOne/build/Build/Products/Debug-iphonesimulator/HsCryptoKit.swiftmodule/arm64-apple-ios-simulator.swiftdoc /Users/j/Documents/GitHub/MoneroOne/build/Build/Intermediates.noindex/HsCryptoKit.Swift.build/Debug-iphonesimulator/HsCryptoKit.build/Objects-normal/arm64/HsCryptoKit.swiftdoc (in target 'HsCryptoKit' from project 'HsCryptoKit.Swift')
    cd /Users/j/Documents/GitHub/MoneroOne/build/SourcePackages/checkouts/HsCryptoKit.Swift
    builtin-copy -exclude .DS_Store -exclude CVS -exclude .svn -exclude .git -exclude .hg -resolve-src-symlinks -rename /Users/j/Documents/GitHub/MoneroOne/build/Build/Intermediates.noindex/HsCryptoKit.Swift.build/Debug-iphonesimulator/HsCryptoKit.build/Objects-normal/arm64/HsCryptoKit.swiftdoc /Users/j/Documents/GitHub/MoneroOne/build/Build/Products/Debug-iphonesimulator/HsCryptoKit.swiftmodule/arm64-apple-ios-simulator.swiftdoc

Copy /Users/j/Documents/GitHub/MoneroOne/build/Build/Products/Debug-iphonesimulator/HsCryptoKit.swiftmodule/arm64-apple-ios-simulator.abi.json /Users/j/Documents/GitHub/MoneroOne/build/Build/Intermediates.noindex/HsCryptoKit.Swift.build/Debug-iphonesimulator/HsCryptoKit.build/Objects-normal/arm64/HsCryptoKit.abi.json (in target 'HsCryptoKit' from project 'HsCryptoKit.Swift')
    cd /Users/j/Documents/GitHub/MoneroOne/build/SourcePackages/checkouts/HsCryptoKit.Swift
    builtin-copy -exclude .DS_Store -exclude CVS -exclude .svn -exclude .git -exclude .hg -resolve-src-symlinks -rename /Users/j/Documents/GitHub/MoneroOne/build/Build/Intermediates.noindex/HsCryptoKit.Swift.build/Debug-iphonesimulator/HsCryptoKit.build/Objects-normal/arm64/HsCryptoKit.abi.json /Users/j/Documents/GitHub/MoneroOne/build/Build/Products/Debug-iphonesimulator/HsCryptoKit.swiftmodule/arm64-apple-ios-simulator.abi.json

Copy /Users/j/Documents/GitHub/MoneroOne/build/Build/Products/Debug-iphonesimulator/HsCryptoKit.swiftmodule/Project/arm64-apple-ios-simulator.swiftsourceinfo /Users/j/Documents/GitHub/MoneroOne/build/Build/Intermediates.noindex/HsCryptoKit.Swift.build/Debug-iphonesimulator/HsCryptoKit.build/Objects-normal/arm64/HsCryptoKit.swiftsourceinfo (in target 'HsCryptoKit' from project 'HsCryptoKit.Swift')
    cd /Users/j/Documents/GitHub/MoneroOne/build/SourcePackages/checkouts/HsCryptoKit.Swift
    builtin-copy -exclude .DS_Store -exclude CVS -exclude .svn -exclude .git -exclude .hg -resolve-src-symlinks -rename /Users/j/Documents/GitHub/MoneroOne/build/Build/Intermediates.noindex/HsCryptoKit.Swift.build/Debug-iphonesimulator/HsCryptoKit.build/Objects-normal/arm64/HsCryptoKit.swiftsourceinfo /Users/j/Documents/GitHub/MoneroOne/build/Build/Products/Debug-iphonesimulator/HsCryptoKit.swiftmodule/Project/arm64-apple-ios-simulator.swiftsourceinfo

SwiftDriver HdWalletKit normal arm64 com.apple.xcode.tools.swift.compiler (in target 'HdWalletKit' from project 'HdWalletKit')
    cd /Users/j/Documents/GitHub/MoneroOne/MoneroOne.xcodeproj
    builtin-SwiftDriver -- /Applications/Xcode.app/Contents/Developer/Toolchains/XcodeDefault.xctoolchain/usr/bin/swiftc -module-name HdWalletKit -Onone -enforce-exclusivity\=checked @/Users/j/Documents/GitHub/MoneroOne/build/Build/Intermediates.noindex/HdWalletKit.build/Debug-iphonesimulator/HdWalletKit.build/Objects-normal/arm64/HdWalletKit.SwiftFileList -DSWIFT_PACKAGE -DDEBUG -DSWIFT_MODULE_RESOURCE_BUNDLE_UNAVAILABLE -Xcc -fmodule-map-file\=/Users/j/Documents/GitHub/MoneroOne/build/Build/Intermediates.noindex/GeneratedModuleMaps-iphonesimulator/secp256k1_bindings.modulemap -Xcc -fmodule-map-file\=/Users/j/Documents/GitHub/MoneroOne/build/Build/Intermediates.noindex/GeneratedModuleMaps-iphonesimulator/HsCryptoKitC.modulemap -DXcode -plugin-path /Applications/Xcode.app/Contents/Developer/Toolchains/XcodeDefault.xctoolchain/usr/lib/swift/host/plugins/testing -enable-experimental-feature DebugDescriptionMacro -sdk /Applications/Xcode.app/Contents/Developer/Platforms/iPhoneSimulator.platform/Developer/SDKs/iPhoneSimulator26.1.sdk -target arm64-apple-ios13.0-simulator -g -module-cache-path /Users/j/Documents/GitHub/MoneroOne/build/ModuleCache.noindex -Xfrontend -serialize-debugging-options -enable-testing -suppress-warnings -index-store-path /Users/j/Documents/GitHub/MoneroOne/build/Index.noindex/DataStore -Xcc -D_LIBCPP_HARDENING_MODE\=_LIBCPP_HARDENING_MODE_DEBUG -swift-version 5 -I /Users/j/Documents/GitHub/MoneroOne/build/Build/Products/Debug-iphonesimulator -Isystem /Applications/Xcode.app/Contents/Developer/Platforms/iPhoneSimulator.platform/Developer/usr/lib -F /Users/j/Documents/GitHub/MoneroOne/build/Build/Products/Debug-iphonesimulator/PackageFrameworks -F /Users/j/Documents/GitHub/MoneroOne/build/Build/Products/Debug-iphonesimulator/PackageFrameworks -F /Users/j/Documents/GitHub/MoneroOne/build/Build/Products/Debug-iphonesimulator/PackageFrameworks -F /Users/j/Documents/GitHub/MoneroOne/build/Build/Products/Debug-iphonesimulator/PackageFrameworks -F /Users/j/Documents/GitHub/MoneroOne/build/Build/Products/Debug-iphonesimulator/PackageFrameworks -F /Users/j/Documents/GitHub/MoneroOne/build/Build/Products/Debug-iphonesimulator/PackageFrameworks -F /Users/j/Documents/GitHub/MoneroOne/build/Build/Products/Debug-iphonesimulator/PackageFrameworks -F /Users/j/Documents/GitHub/MoneroOne/build/Build/Products/Debug-iphonesimulator/PackageFrameworks -F /Users/j/Documents/GitHub/MoneroOne/build/Build/Products/Debug-iphonesimulator/PackageFrameworks -F /Users/j/Documents/GitHub/MoneroOne/build/Build/Products/Debug-iphonesimulator/PackageFrameworks -F /Users/j/Documents/GitHub/MoneroOne/build/Build/Products/Debug-iphonesimulator/PackageFrameworks -F /Users/j/Documents/GitHub/MoneroOne/build/Build/Products/Debug-iphonesimulator -F /Applications/Xcode.app/Contents/Developer/Platforms/iPhoneSimulator.platform/Developer/Library/Frameworks -F /Applications/Xcode.app/Contents/Developer/Platforms/iPhoneSimulator.platform/Developer/SDKs/iPhoneSimulator26.1.sdk/Developer/Library/Frameworks -c -j12 -enable-batch-mode -incremental -Xcc -ivfsstatcache -Xcc /Users/j/Documents/GitHub/MoneroOne/build/SDKStatCaches.noindex/iphonesimulator26.1-23B77-90cf18a4295e390e64c810bc6bd7acbc.sdkstatcache -output-file-map /Users/j/Documents/GitHub/MoneroOne/build/Build/Intermediates.noindex/HdWalletKit.build/Debug-iphonesimulator/HdWalletKit.build/Objects-normal/arm64/HdWalletKit-OutputFileMap.json -use-frontend-parseable-output -save-temps -no-color-diagnostics -explicit-module-build -module-cache-path /Users/j/Documents/GitHub/MoneroOne/build/Build/Intermediates.noindex/SwiftExplicitPrecompiledModules -clang-scanner-module-cache-path /Users/j/Documents/GitHub/MoneroOne/build/ModuleCache.noindex -sdk-module-cache-path /Users/j/Documents/GitHub/MoneroOne/build/ModuleCache.noindex -serialize-diagnostics -emit-dependencies -emit-module -emit-module-path /Users/j/Documents/GitHub/MoneroOne/build/Build/Intermediates.noindex/HdWalletKit.build/Debug-iphonesimulator/HdWalletKit.build/Objects-normal/arm64/HdWalletKit.swiftmodule -validate-clang-modules-once -clang-build-session-file /Users/j/Documents/GitHub/MoneroOne/build/ModuleCache.noindex/Session.modulevalidation -Xcc -I/Users/j/Documents/GitHub/MoneroOne/build/Build/Intermediates.noindex/HdWalletKit.build/Debug-iphonesimulator/HdWalletKit.build/swift-overrides.hmap -emit-const-values -Xfrontend -const-gather-protocols-file -Xfrontend /Users/j/Documents/GitHub/MoneroOne/build/Build/Intermediates.noindex/HdWalletKit.build/Debug-iphonesimulator/HdWalletKit.build/Objects-normal/arm64/HdWalletKit_const_extract_protocols.json -Xcc -I/Users/j/Documents/GitHub/MoneroOne/build/SourcePackages/checkouts/swift-crypto/Sources/CCryptoBoringSSLShims/include -Xcc -I/Users/j/Documents/GitHub/MoneroOne/build/SourcePackages/checkouts/swift-crypto/Sources/CCryptoBoringSSL/include -Xcc -I/Users/j/Documents/GitHub/MoneroOne/build/SourcePackages/checkouts/secp256k1.swift/Sources/secp256k1_bindings/include -Xcc -I/Users/j/Documents/GitHub/MoneroOne/build/SourcePackages/checkouts/HsCryptoKit.Swift/Sources/HsCryptoKitC/include -Xcc -I/Users/j/Documents/GitHub/MoneroOne/build/Build/Products/Debug-iphonesimulator/include -Xcc -I/Users/j/Documents/GitHub/MoneroOne/build/Build/Intermediates.noindex/HdWalletKit.build/Debug-iphonesimulator/HdWalletKit.build/DerivedSources-normal/arm64 -Xcc -I/Users/j/Documents/GitHub/MoneroOne/build/Build/Intermediates.noindex/HdWalletKit.build/Debug-iphonesimulator/HdWalletKit.build/DerivedSources/arm64 -Xcc -I/Users/j/Documents/GitHub/MoneroOne/build/Build/Intermediates.noindex/HdWalletKit.build/Debug-iphonesimulator/HdWalletKit.build/DerivedSources -Xcc -DSWIFT_PACKAGE -Xcc -DDEBUG\=1 -emit-objc-header -emit-objc-header-path /Users/j/Documents/GitHub/MoneroOne/build/Build/Intermediates.noindex/HdWalletKit.build/Debug-iphonesimulator/HdWalletKit.build/Objects-normal/arm64/HdWalletKit-Swift.h -working-directory /Users/j/Documents/GitHub/MoneroOne/MoneroOne.xcodeproj -experimental-emit-module-separately -disable-cmo

SwiftExplicitDependencyGeneratePcm arm64 /Users/j/Documents/GitHub/MoneroOne/build/ModuleCache.noindex/Dispatch-9Y7GFT8XAG1X9IT3NH46LU1NK.pcm

SwiftDriverJobDiscovery normal arm64 Compiling BatchedCollection.swift (in target 'HsCryptoKit' from project 'HsCryptoKit.Swift')

RegisterExecutionPolicyException /Users/j/Documents/GitHub/MoneroOne/build/Build/Products/Debug-iphonesimulator/DequeModule.o (in target 'DequeModule' from project 'swift-collections')
    cd /Users/j/Documents/GitHub/MoneroOne/build/SourcePackages/checkouts/swift-collections
    builtin-RegisterExecutionPolicyException /Users/j/Documents/GitHub/MoneroOne/build/Build/Products/Debug-iphonesimulator/DequeModule.o

RegisterExecutionPolicyException /Users/j/Documents/GitHub/MoneroOne/build/Build/Products/Debug-iphonesimulator/_CryptoExtras.o (in target '_CryptoExtras' from project 'swift-crypto')
    cd /Users/j/Documents/GitHub/MoneroOne/build/SourcePackages/checkouts/swift-crypto
    builtin-RegisterExecutionPolicyException /Users/j/Documents/GitHub/MoneroOne/build/Build/Products/Debug-iphonesimulator/_CryptoExtras.o

SwiftEmitModule normal arm64 Emitting\ module\ for\ NIOCore (in target 'NIOCore' from project 'swift-nio')
EmitSwiftModule normal arm64 (in target 'NIOCore' from project 'swift-nio')
    cd /Users/j/Documents/GitHub/MoneroOne/MoneroOne.xcodeproj
    

SwiftCompile normal arm64 Compiling\ ByteBuffer-binaryEncodedLengthPrefix.swift,\ ByteBuffer-conversions.swift,\ ByteBuffer-core.swift,\ ByteBuffer-hex.swift,\ ByteBuffer-int.swift,\ ByteBuffer-lengthPrefix.swift /Users/j/Documents/GitHub/MoneroOne/build/SourcePackages/checkouts/swift-nio/Sources/NIOCore/ByteBuffer-binaryEncodedLengthPrefix.swift /Users/j/Documents/GitHub/MoneroOne/build/SourcePackages/checkouts/swift-nio/Sources/NIOCore/ByteBuffer-conversions.swift /Users/j/Documents/GitHub/MoneroOne/build/SourcePackages/checkouts/swift-nio/Sources/NIOCore/ByteBuffer-core.swift /Users/j/Documents/GitHub/MoneroOne/build/SourcePackages/checkouts/swift-nio/Sources/NIOCore/ByteBuffer-hex.swift /Users/j/Documents/GitHub/MoneroOne/build/SourcePackages/checkouts/swift-nio/Sources/NIOCore/ByteBuffer-int.swift /Users/j/Documents/GitHub/MoneroOne/build/SourcePackages/checkouts/swift-nio/Sources/NIOCore/ByteBuffer-lengthPrefix.swift (in target 'NIOCore' from project 'swift-nio')

SwiftCompile normal arm64 /Users/j/Documents/GitHub/MoneroOne/build/SourcePackages/checkouts/swift-nio/Sources/NIOCore/ByteBuffer-binaryEncodedLengthPrefix.swift (in target 'NIOCore' from project 'swift-nio')
    cd /Users/j/Documents/GitHub/MoneroOne/MoneroOne.xcodeproj
    

SwiftCompile normal arm64 /Users/j/Documents/GitHub/MoneroOne/build/SourcePackages/checkouts/swift-nio/Sources/NIOCore/ByteBuffer-conversions.swift (in target 'NIOCore' from project 'swift-nio')
    cd /Users/j/Documents/GitHub/MoneroOne/MoneroOne.xcodeproj
    

SwiftCompile normal arm64 /Users/j/Documents/GitHub/MoneroOne/build/SourcePackages/checkouts/swift-nio/Sources/NIOCore/ByteBuffer-core.swift (in target 'NIOCore' from project 'swift-nio')
    cd /Users/j/Documents/GitHub/MoneroOne/MoneroOne.xcodeproj
    

SwiftCompile normal arm64 /Users/j/Documents/GitHub/MoneroOne/build/SourcePackages/checkouts/swift-nio/Sources/NIOCore/ByteBuffer-hex.swift (in target 'NIOCore' from project 'swift-nio')
    cd /Users/j/Documents/GitHub/MoneroOne/MoneroOne.xcodeproj
    

SwiftCompile normal arm64 /Users/j/Documents/GitHub/MoneroOne/build/SourcePackages/checkouts/swift-nio/Sources/NIOCore/ByteBuffer-int.swift (in target 'NIOCore' from project 'swift-nio')
    cd /Users/j/Documents/GitHub/MoneroOne/MoneroOne.xcodeproj
    

SwiftCompile normal arm64 /Users/j/Documents/GitHub/MoneroOne/build/SourcePackages/checkouts/swift-nio/Sources/NIOCore/ByteBuffer-lengthPrefix.swift (in target 'NIOCore' from project 'swift-nio')
    cd /Users/j/Documents/GitHub/MoneroOne/MoneroOne.xcodeproj
    

SwiftCompile normal arm64 Compiling\ NIOCoreSendableMetatype.swift,\ NIODecodedAsyncSequence.swift,\ NIOLoopBound.swift,\ NIOPooledRecvBufferAllocator.swift,\ NIOScheduledCallback.swift,\ NIOSendable.swift /Users/j/Documents/GitHub/MoneroOne/build/SourcePackages/checkouts/swift-nio/Sources/NIOCore/NIOCoreSendableMetatype.swift /Users/j/Documents/GitHub/MoneroOne/build/SourcePackages/checkouts/swift-nio/Sources/NIOCore/NIODecodedAsyncSequence.swift /Users/j/Documents/GitHub/MoneroOne/build/SourcePackages/checkouts/swift-nio/Sources/NIOCore/NIOLoopBound.swift /Users/j/Documents/GitHub/MoneroOne/build/SourcePackages/checkouts/swift-nio/Sources/NIOCore/NIOPooledRecvBufferAllocator.swift /Users/j/Documents/GitHub/MoneroOne/build/SourcePackages/checkouts/swift-nio/Sources/NIOCore/NIOScheduledCallback.swift /Users/j/Documents/GitHub/MoneroOne/build/SourcePackages/checkouts/swift-nio/Sources/NIOCore/NIOSendable.swift (in target 'NIOCore' from project 'swift-nio')

SwiftCompile normal arm64 /Users/j/Documents/GitHub/MoneroOne/build/SourcePackages/checkouts/swift-nio/Sources/NIOCore/NIOCoreSendableMetatype.swift (in target 'NIOCore' from project 'swift-nio')
    cd /Users/j/Documents/GitHub/MoneroOne/MoneroOne.xcodeproj
    

SwiftCompile normal arm64 /Users/j/Documents/GitHub/MoneroOne/build/SourcePackages/checkouts/swift-nio/Sources/NIOCore/NIODecodedAsyncSequence.swift (in target 'NIOCore' from project 'swift-nio')
    cd /Users/j/Documents/GitHub/MoneroOne/MoneroOne.xcodeproj
    

SwiftCompile normal arm64 /Users/j/Documents/GitHub/MoneroOne/build/SourcePackages/checkouts/swift-nio/Sources/NIOCore/NIOLoopBound.swift (in target 'NIOCore' from project 'swift-nio')
    cd /Users/j/Documents/GitHub/MoneroOne/MoneroOne.xcodeproj
    

SwiftCompile normal arm64 /Users/j/Documents/GitHub/MoneroOne/build/SourcePackages/checkouts/swift-nio/Sources/NIOCore/NIOPooledRecvBufferAllocator.swift (in target 'NIOCore' from project 'swift-nio')
    cd /Users/j/Documents/GitHub/MoneroOne/MoneroOne.xcodeproj
    

SwiftCompile normal arm64 /Users/j/Documents/GitHub/MoneroOne/build/SourcePackages/checkouts/swift-nio/Sources/NIOCore/NIOScheduledCallback.swift (in target 'NIOCore' from project 'swift-nio')
    cd /Users/j/Documents/GitHub/MoneroOne/MoneroOne.xcodeproj
    

SwiftCompile normal arm64 /Users/j/Documents/GitHub/MoneroOne/build/SourcePackages/checkouts/swift-nio/Sources/NIOCore/NIOSendable.swift (in target 'NIOCore' from project 'swift-nio')
    cd /Users/j/Documents/GitHub/MoneroOne/MoneroOne.xcodeproj
    

SwiftCompile normal arm64 Compiling\ EventLoopFuture+Deprecated.swift,\ EventLoopFuture+WithEventLoop.swift,\ EventLoopFuture.swift,\ FileDescriptor.swift,\ FileHandle.swift,\ FileRegion.swift /Users/j/Documents/GitHub/MoneroOne/build/SourcePackages/checkouts/swift-nio/Sources/NIOCore/EventLoopFuture+Deprecated.swift /Users/j/Documents/GitHub/MoneroOne/build/SourcePackages/checkouts/swift-nio/Sources/NIOCore/EventLoopFuture+WithEventLoop.swift /Users/j/Documents/GitHub/MoneroOne/build/SourcePackages/checkouts/swift-nio/Sources/NIOCore/EventLoopFuture.swift /Users/j/Documents/GitHub/MoneroOne/build/SourcePackages/checkouts/swift-nio/Sources/NIOCore/FileDescriptor.swift /Users/j/Documents/GitHub/MoneroOne/build/SourcePackages/checkouts/swift-nio/Sources/NIOCore/FileHandle.swift /Users/j/Documents/GitHub/MoneroOne/build/SourcePackages/checkouts/swift-nio/Sources/NIOCore/FileRegion.swift (in target 'NIOCore' from project 'swift-nio')

SwiftCompile normal arm64 /Users/j/Documents/GitHub/MoneroOne/build/SourcePackages/checkouts/swift-nio/Sources/NIOCore/EventLoopFuture+Deprecated.swift (in target 'NIOCore' from project 'swift-nio')
    cd /Users/j/Documents/GitHub/MoneroOne/MoneroOne.xcodeproj
    

SwiftCompile normal arm64 /Users/j/Documents/GitHub/MoneroOne/build/SourcePackages/checkouts/swift-nio/Sources/NIOCore/EventLoopFuture+WithEventLoop.swift (in target 'NIOCore' from project 'swift-nio')
    cd /Users/j/Documents/GitHub/MoneroOne/MoneroOne.xcodeproj
    

SwiftCompile normal arm64 /Users/j/Documents/GitHub/MoneroOne/build/SourcePackages/checkouts/swift-nio/Sources/NIOCore/EventLoopFuture.swift (in target 'NIOCore' from project 'swift-nio')
    cd /Users/j/Documents/GitHub/MoneroOne/MoneroOne.xcodeproj
    

SwiftCompile normal arm64 /Users/j/Documents/GitHub/MoneroOne/build/SourcePackages/checkouts/swift-nio/Sources/NIOCore/FileDescriptor.swift (in target 'NIOCore' from project 'swift-nio')
    cd /Users/j/Documents/GitHub/MoneroOne/MoneroOne.xcodeproj
    

SwiftCompile normal arm64 /Users/j/Documents/GitHub/MoneroOne/build/SourcePackages/checkouts/swift-nio/Sources/NIOCore/FileHandle.swift (in target 'NIOCore' from project 'swift-nio')
    cd /Users/j/Documents/GitHub/MoneroOne/MoneroOne.xcodeproj
    

SwiftCompile normal arm64 /Users/j/Documents/GitHub/MoneroOne/build/SourcePackages/checkouts/swift-nio/Sources/NIOCore/FileRegion.swift (in target 'NIOCore' from project 'swift-nio')
    cd /Users/j/Documents/GitHub/MoneroOne/MoneroOne.xcodeproj
    

SwiftCompile normal arm64 Compiling\ GlobalSingletons.swift,\ IO.swift,\ IOData.swift,\ IPProtocol.swift,\ IntegerBitPacking.swift,\ IntegerTypes.swift /Users/j/Documents/GitHub/MoneroOne/build/SourcePackages/checkouts/swift-nio/Sources/NIOCore/GlobalSingletons.swift /Users/j/Documents/GitHub/MoneroOne/build/SourcePackages/checkouts/swift-nio/Sources/NIOCore/IO.swift /Users/j/Documents/GitHub/MoneroOne/build/SourcePackages/checkouts/swift-nio/Sources/NIOCore/IOData.swift /Users/j/Documents/GitHub/MoneroOne/build/SourcePackages/checkouts/swift-nio/Sources/NIOCore/IPProtocol.swift /Users/j/Documents/GitHub/MoneroOne/build/SourcePackages/checkouts/swift-nio/Sources/NIOCore/IntegerBitPacking.swift /Users/j/Documents/GitHub/MoneroOne/build/SourcePackages/checkouts/swift-nio/Sources/NIOCore/IntegerTypes.swift (in target 'NIOCore' from project 'swift-nio')

SwiftCompile normal arm64 /Users/j/Documents/GitHub/MoneroOne/build/SourcePackages/checkouts/swift-nio/Sources/NIOCore/GlobalSingletons.swift (in target 'NIOCore' from project 'swift-nio')
    cd /Users/j/Documents/GitHub/MoneroOne/MoneroOne.xcodeproj
    

SwiftCompile normal arm64 /Users/j/Documents/GitHub/MoneroOne/build/SourcePackages/checkouts/swift-nio/Sources/NIOCore/IO.swift (in target 'NIOCore' from project 'swift-nio')
    cd /Users/j/Documents/GitHub/MoneroOne/MoneroOne.xcodeproj
    

SwiftCompile normal arm64 /Users/j/Documents/GitHub/MoneroOne/build/SourcePackages/checkouts/swift-nio/Sources/NIOCore/IOData.swift (in target 'NIOCore' from project 'swift-nio')
    cd /Users/j/Documents/GitHub/MoneroOne/MoneroOne.xcodeproj
    

SwiftCompile normal arm64 /Users/j/Documents/GitHub/MoneroOne/build/SourcePackages/checkouts/swift-nio/Sources/NIOCore/IPProtocol.swift (in target 'NIOCore' from project 'swift-nio')
    cd /Users/j/Documents/GitHub/MoneroOne/MoneroOne.xcodeproj
    

SwiftCompile normal arm64 /Users/j/Documents/GitHub/MoneroOne/build/SourcePackages/checkouts/swift-nio/Sources/NIOCore/IntegerBitPacking.swift (in target 'NIOCore' from project 'swift-nio')
    cd /Users/j/Documents/GitHub/MoneroOne/MoneroOne.xcodeproj
    

SwiftCompile normal arm64 /Users/j/Documents/GitHub/MoneroOne/build/SourcePackages/checkouts/swift-nio/Sources/NIOCore/IntegerTypes.swift (in target 'NIOCore' from project 'swift-nio')
    cd /Users/j/Documents/GitHub/MoneroOne/MoneroOne.xcodeproj
    

SwiftCompile normal arm64 Compiling\ NIOAsyncSequenceProducer.swift,\ NIOAsyncSequenceProducerStrategies.swift,\ NIOAsyncWriter.swift,\ NIOThrowingAsyncSequenceProducer.swift,\ BSDSocketAPI.swift,\ ByteBuffer-aux.swift /Users/j/Documents/GitHub/MoneroOne/build/SourcePackages/checkouts/swift-nio/Sources/NIOCore/AsyncSequences/NIOAsyncSequenceProducer.swift /Users/j/Documents/GitHub/MoneroOne/build/SourcePackages/checkouts/swift-nio/Sources/NIOCore/AsyncSequences/NIOAsyncSequenceProducerStrategies.swift /Users/j/Documents/GitHub/MoneroOne/build/SourcePackages/checkouts/swift-nio/Sources/NIOCore/AsyncSequences/NIOAsyncWriter.swift /Users/j/Documents/GitHub/MoneroOne/build/SourcePackages/checkouts/swift-nio/Sources/NIOCore/AsyncSequences/NIOThrowingAsyncSequenceProducer.swift /Users/j/Documents/GitHub/MoneroOne/build/SourcePackages/checkouts/swift-nio/Sources/NIOCore/BSDSocketAPI.swift /Users/j/Documents/GitHub/MoneroOne/build/SourcePackages/checkouts/swift-nio/Sources/NIOCore/ByteBuffer-aux.swift (in target 'NIOCore' from project 'swift-nio')

SwiftCompile normal arm64 /Users/j/Documents/GitHub/MoneroOne/build/SourcePackages/checkouts/swift-nio/Sources/NIOCore/AsyncSequences/NIOAsyncSequenceProducer.swift (in target 'NIOCore' from project 'swift-nio')
    cd /Users/j/Documents/GitHub/MoneroOne/MoneroOne.xcodeproj
    

SwiftCompile normal arm64 /Users/j/Documents/GitHub/MoneroOne/build/SourcePackages/checkouts/swift-nio/Sources/NIOCore/AsyncSequences/NIOAsyncSequenceProducerStrategies.swift (in target 'NIOCore' from project 'swift-nio')
    cd /Users/j/Documents/GitHub/MoneroOne/MoneroOne.xcodeproj
    

SwiftCompile normal arm64 /Users/j/Documents/GitHub/MoneroOne/build/SourcePackages/checkouts/swift-nio/Sources/NIOCore/AsyncSequences/NIOAsyncWriter.swift (in target 'NIOCore' from project 'swift-nio')
    cd /Users/j/Documents/GitHub/MoneroOne/MoneroOne.xcodeproj
    

SwiftCompile normal arm64 /Users/j/Documents/GitHub/MoneroOne/build/SourcePackages/checkouts/swift-nio/Sources/NIOCore/AsyncSequences/NIOThrowingAsyncSequenceProducer.swift (in target 'NIOCore' from project 'swift-nio')
    cd /Users/j/Documents/GitHub/MoneroOne/MoneroOne.xcodeproj
    

SwiftCompile normal arm64 /Users/j/Documents/GitHub/MoneroOne/build/SourcePackages/checkouts/swift-nio/Sources/NIOCore/BSDSocketAPI.swift (in target 'NIOCore' from project 'swift-nio')
    cd /Users/j/Documents/GitHub/MoneroOne/MoneroOne.xcodeproj
    

SwiftCompile normal arm64 /Users/j/Documents/GitHub/MoneroOne/build/SourcePackages/checkouts/swift-nio/Sources/NIOCore/ByteBuffer-aux.swift (in target 'NIOCore' from project 'swift-nio')
    cd /Users/j/Documents/GitHub/MoneroOne/MoneroOne.xcodeproj
    

SwiftDriverJobDiscovery normal arm64 Compiling EllipticCurveEncrypterSecp256k1.swift (in target 'HsCryptoKit' from project 'HsCryptoKit.Swift')

SwiftCompile normal arm64 Compiling\ DeadChannel.swift,\ DispatchQueue+WithFuture.swift,\ EventLoop+Deprecated.swift,\ EventLoop+SerialExecutor.swift,\ EventLoop.swift,\ EventLoopFuture+AssumeIsolated.swift /Users/j/Documents/GitHub/MoneroOne/build/SourcePackages/checkouts/swift-nio/Sources/NIOCore/DeadChannel.swift /Users/j/Documents/GitHub/MoneroOne/build/SourcePackages/checkouts/swift-nio/Sources/NIOCore/DispatchQueue+WithFuture.swift /Users/j/Documents/GitHub/MoneroOne/build/SourcePackages/checkouts/swift-nio/Sources/NIOCore/EventLoop+Deprecated.swift /Users/j/Documents/GitHub/MoneroOne/build/SourcePackages/checkouts/swift-nio/Sources/NIOCore/EventLoop+SerialExecutor.swift /Users/j/Documents/GitHub/MoneroOne/build/SourcePackages/checkouts/swift-nio/Sources/NIOCore/EventLoop.swift /Users/j/Documents/GitHub/MoneroOne/build/SourcePackages/checkouts/swift-nio/Sources/NIOCore/EventLoopFuture+AssumeIsolated.swift (in target 'NIOCore' from project 'swift-nio')

SwiftCompile normal arm64 /Users/j/Documents/GitHub/MoneroOne/build/SourcePackages/checkouts/swift-nio/Sources/NIOCore/DeadChannel.swift (in target 'NIOCore' from project 'swift-nio')
    cd /Users/j/Documents/GitHub/MoneroOne/MoneroOne.xcodeproj
    

SwiftCompile normal arm64 /Users/j/Documents/GitHub/MoneroOne/build/SourcePackages/checkouts/swift-nio/Sources/NIOCore/DispatchQueue+WithFuture.swift (in target 'NIOCore' from project 'swift-nio')
    cd /Users/j/Documents/GitHub/MoneroOne/MoneroOne.xcodeproj
    

SwiftCompile normal arm64 /Users/j/Documents/GitHub/MoneroOne/build/SourcePackages/checkouts/swift-nio/Sources/NIOCore/EventLoop+Deprecated.swift (in target 'NIOCore' from project 'swift-nio')
    cd /Users/j/Documents/GitHub/MoneroOne/MoneroOne.xcodeproj
    

SwiftCompile normal arm64 /Users/j/Documents/GitHub/MoneroOne/build/SourcePackages/checkouts/swift-nio/Sources/NIOCore/EventLoop+SerialExecutor.swift (in target 'NIOCore' from project 'swift-nio')
    cd /Users/j/Documents/GitHub/MoneroOne/MoneroOne.xcodeproj
    

SwiftCompile normal arm64 /Users/j/Documents/GitHub/MoneroOne/build/SourcePackages/checkouts/swift-nio/Sources/NIOCore/EventLoop.swift (in target 'NIOCore' from project 'swift-nio')
    cd /Users/j/Documents/GitHub/MoneroOne/MoneroOne.xcodeproj
    

SwiftCompile normal arm64 /Users/j/Documents/GitHub/MoneroOne/build/SourcePackages/checkouts/swift-nio/Sources/NIOCore/EventLoopFuture+AssumeIsolated.swift (in target 'NIOCore' from project 'swift-nio')
    cd /Users/j/Documents/GitHub/MoneroOne/MoneroOne.xcodeproj
    

SwiftEmitModule normal arm64 Emitting\ module\ for\ HdWalletKit (in target 'HdWalletKit' from project 'HdWalletKit')

EmitSwiftModule normal arm64 (in target 'HdWalletKit' from project 'HdWalletKit')
    cd /Users/j/Documents/GitHub/MoneroOne/MoneroOne.xcodeproj
    

SwiftDriverJobDiscovery normal arm64 Compiling Base58.swift (in target 'HsCryptoKit' from project 'HsCryptoKit.Swift')

SwiftCompile normal arm64 Compiling\ AddressedEnvelope.swift,\ AsyncAwaitSupport.swift,\ AsyncChannel.swift,\ AsyncChannelHandler.swift,\ AsyncChannelInboundStream.swift,\ AsyncChannelOutboundWriter.swift /Users/j/Documents/GitHub/MoneroOne/build/SourcePackages/checkouts/swift-nio/Sources/NIOCore/AddressedEnvelope.swift /Users/j/Documents/GitHub/MoneroOne/build/SourcePackages/checkouts/swift-nio/Sources/NIOCore/AsyncAwaitSupport.swift /Users/j/Documents/GitHub/MoneroOne/build/SourcePackages/checkouts/swift-nio/Sources/NIOCore/AsyncChannel/AsyncChannel.swift /Users/j/Documents/GitHub/MoneroOne/build/SourcePackages/checkouts/swift-nio/Sources/NIOCore/AsyncChannel/AsyncChannelHandler.swift /Users/j/Documents/GitHub/MoneroOne/build/SourcePackages/checkouts/swift-nio/Sources/NIOCore/AsyncChannel/AsyncChannelInboundStream.swift /Users/j/Documents/GitHub/MoneroOne/build/SourcePackages/checkouts/swift-nio/Sources/NIOCore/AsyncChannel/AsyncChannelOutboundWriter.swift (in target 'NIOCore' from project 'swift-nio')

SwiftCompile normal arm64 /Users/j/Documents/GitHub/MoneroOne/build/SourcePackages/checkouts/swift-nio/Sources/NIOCore/AddressedEnvelope.swift (in target 'NIOCore' from project 'swift-nio')
    cd /Users/j/Documents/GitHub/MoneroOne/MoneroOne.xcodeproj
    

SwiftCompile normal arm64 /Users/j/Documents/GitHub/MoneroOne/build/SourcePackages/checkouts/swift-nio/Sources/NIOCore/AsyncAwaitSupport.swift (in target 'NIOCore' from project 'swift-nio')
    cd /Users/j/Documents/GitHub/MoneroOne/MoneroOne.xcodeproj
    

SwiftCompile normal arm64 /Users/j/Documents/GitHub/MoneroOne/build/SourcePackages/checkouts/swift-nio/Sources/NIOCore/AsyncChannel/AsyncChannel.swift (in target 'NIOCore' from project 'swift-nio')
    cd /Users/j/Documents/GitHub/MoneroOne/MoneroOne.xcodeproj
    

SwiftCompile normal arm64 /Users/j/Documents/GitHub/MoneroOne/build/SourcePackages/checkouts/swift-nio/Sources/NIOCore/AsyncChannel/AsyncChannelHandler.swift (in target 'NIOCore' from project 'swift-nio')
    cd /Users/j/Documents/GitHub/MoneroOne/MoneroOne.xcodeproj
    

SwiftCompile normal arm64 /Users/j/Documents/GitHub/MoneroOne/build/SourcePackages/checkouts/swift-nio/Sources/NIOCore/AsyncChannel/AsyncChannelInboundStream.swift (in target 'NIOCore' from project 'swift-nio')
    cd /Users/j/Documents/GitHub/MoneroOne/MoneroOne.xcodeproj
    

SwiftCompile normal arm64 /Users/j/Documents/GitHub/MoneroOne/build/SourcePackages/checkouts/swift-nio/Sources/NIOCore/AsyncChannel/AsyncChannelOutboundWriter.swift (in target 'NIOCore' from project 'swift-nio')
    cd /Users/j/Documents/GitHub/MoneroOne/MoneroOne.xcodeproj
    

SwiftDriverJobDiscovery normal arm64 Compiling SchnorrHelper.swift (in target 'HsCryptoKit' from project 'HsCryptoKit.Swift')

SwiftCompile normal arm64 Compiling\ ByteBuffer-multi-int.swift,\ ByteBuffer-quicBinaryEncodingStrategy.swift,\ ByteBuffer-views.swift,\ Channel.swift,\ ChannelHandler.swift,\ ChannelHandlers.swift /Users/j/Documents/GitHub/MoneroOne/build/SourcePackages/checkouts/swift-nio/Sources/NIOCore/ByteBuffer-multi-int.swift /Users/j/Documents/GitHub/MoneroOne/build/SourcePackages/checkouts/swift-nio/Sources/NIOCore/ByteBuffer-quicBinaryEncodingStrategy.swift /Users/j/Documents/GitHub/MoneroOne/build/SourcePackages/checkouts/swift-nio/Sources/NIOCore/ByteBuffer-views.swift /Users/j/Documents/GitHub/MoneroOne/build/SourcePackages/checkouts/swift-nio/Sources/NIOCore/Channel.swift /Users/j/Documents/GitHub/MoneroOne/build/SourcePackages/checkouts/swift-nio/Sources/NIOCore/ChannelHandler.swift /Users/j/Documents/GitHub/MoneroOne/build/SourcePackages/checkouts/swift-nio/Sources/NIOCore/ChannelHandlers.swift (in target 'NIOCore' from project 'swift-nio')

SwiftCompile normal arm64 /Users/j/Documents/GitHub/MoneroOne/build/SourcePackages/checkouts/swift-nio/Sources/NIOCore/ByteBuffer-multi-int.swift (in target 'NIOCore' from project 'swift-nio')
    cd /Users/j/Documents/GitHub/MoneroOne/MoneroOne.xcodeproj
    

SwiftCompile normal arm64 /Users/j/Documents/GitHub/MoneroOne/build/SourcePackages/checkouts/swift-nio/Sources/NIOCore/ByteBuffer-quicBinaryEncodingStrategy.swift (in target 'NIOCore' from project 'swift-nio')
    cd /Users/j/Documents/GitHub/MoneroOne/MoneroOne.xcodeproj
    

SwiftCompile normal arm64 /Users/j/Documents/GitHub/MoneroOne/build/SourcePackages/checkouts/swift-nio/Sources/NIOCore/ByteBuffer-views.swift (in target 'NIOCore' from project 'swift-nio')
    cd /Users/j/Documents/GitHub/MoneroOne/MoneroOne.xcodeproj
    

SwiftCompile normal arm64 /Users/j/Documents/GitHub/MoneroOne/build/SourcePackages/checkouts/swift-nio/Sources/NIOCore/Channel.swift (in target 'NIOCore' from project 'swift-nio')
    cd /Users/j/Documents/GitHub/MoneroOne/MoneroOne.xcodeproj
    

SwiftCompile normal arm64 /Users/j/Documents/GitHub/MoneroOne/build/SourcePackages/checkouts/swift-nio/Sources/NIOCore/ChannelHandler.swift (in target 'NIOCore' from project 'swift-nio')
    cd /Users/j/Documents/GitHub/MoneroOne/MoneroOne.xcodeproj
    

SwiftCompile normal arm64 /Users/j/Documents/GitHub/MoneroOne/build/SourcePackages/checkouts/swift-nio/Sources/NIOCore/ChannelHandlers.swift (in target 'NIOCore' from project 'swift-nio')
    cd /Users/j/Documents/GitHub/MoneroOne/MoneroOne.xcodeproj
    

SwiftDriverJobDiscovery normal arm64 Emitting module for HdWalletKit (in target 'HdWalletKit' from project 'HdWalletKit')

SwiftDriverJobDiscovery normal arm64 Compiling Crypto.swift (in target 'HsCryptoKit' from project 'HsCryptoKit.Swift')

SwiftDriver\ Compilation\ Requirements HdWalletKit normal arm64 com.apple.xcode.tools.swift.compiler (in target 'HdWalletKit' from project 'HdWalletKit')
    cd /Users/j/Documents/GitHub/MoneroOne/MoneroOne.xcodeproj
    builtin-Swift-Compilation-Requirements -- /Applications/Xcode.app/Contents/Developer/Toolchains/XcodeDefault.xctoolchain/usr/bin/swiftc -module-name HdWalletKit -Onone -enforce-exclusivity\=checked @/Users/j/Documents/GitHub/MoneroOne/build/Build/Intermediates.noindex/HdWalletKit.build/Debug-iphonesimulator/HdWalletKit.build/Objects-normal/arm64/HdWalletKit.SwiftFileList -DSWIFT_PACKAGE -DDEBUG -DSWIFT_MODULE_RESOURCE_BUNDLE_UNAVAILABLE -Xcc -fmodule-map-file\=/Users/j/Documents/GitHub/MoneroOne/build/Build/Intermediates.noindex/GeneratedModuleMaps-iphonesimulator/secp256k1_bindings.modulemap -Xcc -fmodule-map-file\=/Users/j/Documents/GitHub/MoneroOne/build/Build/Intermediates.noindex/GeneratedModuleMaps-iphonesimulator/HsCryptoKitC.modulemap -DXcode -plugin-path /Applications/Xcode.app/Contents/Developer/Toolchains/XcodeDefault.xctoolchain/usr/lib/swift/host/plugins/testing -enable-experimental-feature DebugDescriptionMacro -sdk /Applications/Xcode.app/Contents/Developer/Platforms/iPhoneSimulator.platform/Developer/SDKs/iPhoneSimulator26.1.sdk -target arm64-apple-ios13.0-simulator -g -module-cache-path /Users/j/Documents/GitHub/MoneroOne/build/ModuleCache.noindex -Xfrontend -serialize-debugging-options -enable-testing -suppress-warnings -index-store-path /Users/j/Documents/GitHub/MoneroOne/build/Index.noindex/DataStore -Xcc -D_LIBCPP_HARDENING_MODE\=_LIBCPP_HARDENING_MODE_DEBUG -swift-version 5 -I /Users/j/Documents/GitHub/MoneroOne/build/Build/Products/Debug-iphonesimulator -Isystem /Applications/Xcode.app/Contents/Developer/Platforms/iPhoneSimulator.platform/Developer/usr/lib -F /Users/j/Documents/GitHub/MoneroOne/build/Build/Products/Debug-iphonesimulator/PackageFrameworks -F /Users/j/Documents/GitHub/MoneroOne/build/Build/Products/Debug-iphonesimulator/PackageFrameworks -F /Users/j/Documents/GitHub/MoneroOne/build/Build/Products/Debug-iphonesimulator/PackageFrameworks -F /Users/j/Documents/GitHub/MoneroOne/build/Build/Products/Debug-iphonesimulator/PackageFrameworks -F /Users/j/Documents/GitHub/MoneroOne/build/Build/Products/Debug-iphonesimulator/PackageFrameworks -F /Users/j/Documents/GitHub/MoneroOne/build/Build/Products/Debug-iphonesimulator/PackageFrameworks -F /Users/j/Documents/GitHub/MoneroOne/build/Build/Products/Debug-iphonesimulator/PackageFrameworks -F /Users/j/Documents/GitHub/MoneroOne/build/Build/Products/Debug-iphonesimulator/PackageFrameworks -F /Users/j/Documents/GitHub/MoneroOne/build/Build/Products/Debug-iphonesimulator/PackageFrameworks -F /Users/j/Documents/GitHub/MoneroOne/build/Build/Products/Debug-iphonesimulator/PackageFrameworks -F /Users/j/Documents/GitHub/MoneroOne/build/Build/Products/Debug-iphonesimulator/PackageFrameworks -F /Users/j/Documents/GitHub/MoneroOne/build/Build/Products/Debug-iphonesimulator -F /Applications/Xcode.app/Contents/Developer/Platforms/iPhoneSimulator.platform/Developer/Library/Frameworks -F /Applications/Xcode.app/Contents/Developer/Platforms/iPhoneSimulator.platform/Developer/SDKs/iPhoneSimulator26.1.sdk/Developer/Library/Frameworks -c -j12 -enable-batch-mode -incremental -Xcc -ivfsstatcache -Xcc /Users/j/Documents/GitHub/MoneroOne/build/SDKStatCaches.noindex/iphonesimulator26.1-23B77-90cf18a4295e390e64c810bc6bd7acbc.sdkstatcache -output-file-map /Users/j/Documents/GitHub/MoneroOne/build/Build/Intermediates.noindex/HdWalletKit.build/Debug-iphonesimulator/HdWalletKit.build/Objects-normal/arm64/HdWalletKit-OutputFileMap.json -use-frontend-parseable-output -save-temps -no-color-diagnostics -explicit-module-build -module-cache-path /Users/j/Documents/GitHub/MoneroOne/build/Build/Intermediates.noindex/SwiftExplicitPrecompiledModules -clang-scanner-module-cache-path /Users/j/Documents/GitHub/MoneroOne/build/ModuleCache.noindex -sdk-module-cache-path /Users/j/Documents/GitHub/MoneroOne/build/ModuleCache.noindex -serialize-diagnostics -emit-dependencies -emit-module -emit-module-path /Users/j/Documents/GitHub/MoneroOne/build/Build/Intermediates.noindex/HdWalletKit.build/Debug-iphonesimulator/HdWalletKit.build/Objects-normal/arm64/HdWalletKit.swiftmodule -validate-clang-modules-once -clang-build-session-file /Users/j/Documents/GitHub/MoneroOne/build/ModuleCache.noindex/Session.modulevalidation -Xcc -I/Users/j/Documents/GitHub/MoneroOne/build/Build/Intermediates.noindex/HdWalletKit.build/Debug-iphonesimulator/HdWalletKit.build/swift-overrides.hmap -emit-const-values -Xfrontend -const-gather-protocols-file -Xfrontend /Users/j/Documents/GitHub/MoneroOne/build/Build/Intermediates.noindex/HdWalletKit.build/Debug-iphonesimulator/HdWalletKit.build/Objects-normal/arm64/HdWalletKit_const_extract_protocols.json -Xcc -I/Users/j/Documents/GitHub/MoneroOne/build/SourcePackages/checkouts/swift-crypto/Sources/CCryptoBoringSSLShims/include -Xcc -I/Users/j/Documents/GitHub/MoneroOne/build/SourcePackages/checkouts/swift-crypto/Sources/CCryptoBoringSSL/include -Xcc -I/Users/j/Documents/GitHub/MoneroOne/build/SourcePackages/checkouts/secp256k1.swift/Sources/secp256k1_bindings/include -Xcc -I/Users/j/Documents/GitHub/MoneroOne/build/SourcePackages/checkouts/HsCryptoKit.Swift/Sources/HsCryptoKitC/include -Xcc -I/Users/j/Documents/GitHub/MoneroOne/build/Build/Products/Debug-iphonesimulator/include -Xcc -I/Users/j/Documents/GitHub/MoneroOne/build/Build/Intermediates.noindex/HdWalletKit.build/Debug-iphonesimulator/HdWalletKit.build/DerivedSources-normal/arm64 -Xcc -I/Users/j/Documents/GitHub/MoneroOne/build/Build/Intermediates.noindex/HdWalletKit.build/Debug-iphonesimulator/HdWalletKit.build/DerivedSources/arm64 -Xcc -I/Users/j/Documents/GitHub/MoneroOne/build/Build/Intermediates.noindex/HdWalletKit.build/Debug-iphonesimulator/HdWalletKit.build/DerivedSources -Xcc -DSWIFT_PACKAGE -Xcc -DDEBUG\=1 -emit-objc-header -emit-objc-header-path /Users/j/Documents/GitHub/MoneroOne/build/Build/Intermediates.noindex/HdWalletKit.build/Debug-iphonesimulator/HdWalletKit.build/Objects-normal/arm64/HdWalletKit-Swift.h -working-directory /Users/j/Documents/GitHub/MoneroOne/MoneroOne.xcodeproj -experimental-emit-module-separately -disable-cmo

SwiftCompile normal arm64 Compiling\ ChannelInvoker.swift,\ ChannelOption.swift,\ ChannelPipeline.swift,\ CircularBuffer.swift,\ Codec.swift,\ ConvenienceOptionSupport.swift /Users/j/Documents/GitHub/MoneroOne/build/SourcePackages/checkouts/swift-nio/Sources/NIOCore/ChannelInvoker.swift /Users/j/Documents/GitHub/MoneroOne/build/SourcePackages/checkouts/swift-nio/Sources/NIOCore/ChannelOption.swift /Users/j/Documents/GitHub/MoneroOne/build/SourcePackages/checkouts/swift-nio/Sources/NIOCore/ChannelPipeline.swift /Users/j/Documents/GitHub/MoneroOne/build/SourcePackages/checkouts/swift-nio/Sources/NIOCore/CircularBuffer.swift /Users/j/Documents/GitHub/MoneroOne/build/SourcePackages/checkouts/swift-nio/Sources/NIOCore/Codec.swift /Users/j/Documents/GitHub/MoneroOne/build/SourcePackages/checkouts/swift-nio/Sources/NIOCore/ConvenienceOptionSupport.swift (in target 'NIOCore' from project 'swift-nio')

SwiftCompile normal arm64 /Users/j/Documents/GitHub/MoneroOne/build/SourcePackages/checkouts/swift-nio/Sources/NIOCore/ChannelInvoker.swift (in target 'NIOCore' from project 'swift-nio')
    cd /Users/j/Documents/GitHub/MoneroOne/MoneroOne.xcodeproj
    

SwiftCompile normal arm64 /Users/j/Documents/GitHub/MoneroOne/build/SourcePackages/checkouts/swift-nio/Sources/NIOCore/ChannelOption.swift (in target 'NIOCore' from project 'swift-nio')
    cd /Users/j/Documents/GitHub/MoneroOne/MoneroOne.xcodeproj
    

SwiftCompile normal arm64 /Users/j/Documents/GitHub/MoneroOne/build/SourcePackages/checkouts/swift-nio/Sources/NIOCore/ChannelPipeline.swift (in target 'NIOCore' from project 'swift-nio')
    cd /Users/j/Documents/GitHub/MoneroOne/MoneroOne.xcodeproj
    

SwiftCompile normal arm64 /Users/j/Documents/GitHub/MoneroOne/build/SourcePackages/checkouts/swift-nio/Sources/NIOCore/CircularBuffer.swift (in target 'NIOCore' from project 'swift-nio')
    cd /Users/j/Documents/GitHub/MoneroOne/MoneroOne.xcodeproj
    

SwiftCompile normal arm64 /Users/j/Documents/GitHub/MoneroOne/build/SourcePackages/checkouts/swift-nio/Sources/NIOCore/Codec.swift (in target 'NIOCore' from project 'swift-nio')
    cd /Users/j/Documents/GitHub/MoneroOne/MoneroOne.xcodeproj
    

SwiftCompile normal arm64 /Users/j/Documents/GitHub/MoneroOne/build/SourcePackages/checkouts/swift-nio/Sources/NIOCore/ConvenienceOptionSupport.swift (in target 'NIOCore' from project 'swift-nio')
    cd /Users/j/Documents/GitHub/MoneroOne/MoneroOne.xcodeproj
    

SwiftMergeGeneratedHeaders /Users/j/Documents/GitHub/MoneroOne/build/Build/Intermediates.noindex/GeneratedModuleMaps-iphonesimulator/HdWalletKit-Swift.h /Users/j/Documents/GitHub/MoneroOne/build/Build/Intermediates.noindex/HdWalletKit.build/Debug-iphonesimulator/HdWalletKit.build/Objects-normal/arm64/HdWalletKit-Swift.h (in target 'HdWalletKit' from project 'HdWalletKit')
    cd /Users/j/Documents/GitHub/MoneroOne/build/SourcePackages/checkouts/HdWalletKit.Swift
    builtin-swiftHeaderTool -arch arm64 /Users/j/Documents/GitHub/MoneroOne/build/Build/Intermediates.noindex/HdWalletKit.build/Debug-iphonesimulator/HdWalletKit.build/Objects-normal/arm64/HdWalletKit-Swift.h -o /Users/j/Documents/GitHub/MoneroOne/build/Build/Intermediates.noindex/GeneratedModuleMaps-iphonesimulator/HdWalletKit-Swift.h

SwiftDriverJobDiscovery normal arm64 Compiling Ripemd160.swift (in target 'HsCryptoKit' from project 'HsCryptoKit.Swift')

Copy /Users/j/Documents/GitHub/MoneroOne/build/Build/Products/Debug-iphonesimulator/HdWalletKit.swiftmodule/arm64-apple-ios-simulator.swiftmodule /Users/j/Documents/GitHub/MoneroOne/build/Build/Intermediates.noindex/HdWalletKit.build/Debug-iphonesimulator/HdWalletKit.build/Objects-normal/arm64/HdWalletKit.swiftmodule (in target 'HdWalletKit' from project 'HdWalletKit')
    cd /Users/j/Documents/GitHub/MoneroOne/build/SourcePackages/checkouts/HdWalletKit.Swift
    builtin-copy -exclude .DS_Store -exclude CVS -exclude .svn -exclude .git -exclude .hg -resolve-src-symlinks -rename /Users/j/Documents/GitHub/MoneroOne/build/Build/Intermediates.noindex/HdWalletKit.build/Debug-iphonesimulator/HdWalletKit.build/Objects-normal/arm64/HdWalletKit.swiftmodule /Users/j/Documents/GitHub/MoneroOne/build/Build/Products/Debug-iphonesimulator/HdWalletKit.swiftmodule/arm64-apple-ios-simulator.swiftmodule

Copy /Users/j/Documents/GitHub/MoneroOne/build/Build/Products/Debug-iphonesimulator/HdWalletKit.swiftmodule/arm64-apple-ios-simulator.swiftdoc /Users/j/Documents/GitHub/MoneroOne/build/Build/Intermediates.noindex/HdWalletKit.build/Debug-iphonesimulator/HdWalletKit.build/Objects-normal/arm64/HdWalletKit.swiftdoc (in target 'HdWalletKit' from project 'HdWalletKit')
    cd /Users/j/Documents/GitHub/MoneroOne/build/SourcePackages/checkouts/HdWalletKit.Swift
    builtin-copy -exclude .DS_Store -exclude CVS -exclude .svn -exclude .git -exclude .hg -resolve-src-symlinks -rename /Users/j/Documents/GitHub/MoneroOne/build/Build/Intermediates.noindex/HdWalletKit.build/Debug-iphonesimulator/HdWalletKit.build/Objects-normal/arm64/HdWalletKit.swiftdoc /Users/j/Documents/GitHub/MoneroOne/build/Build/Products/Debug-iphonesimulator/HdWalletKit.swiftmodule/arm64-apple-ios-simulator.swiftdoc

Copy /Users/j/Documents/GitHub/MoneroOne/build/Build/Products/Debug-iphonesimulator/HdWalletKit.swiftmodule/arm64-apple-ios-simulator.abi.json /Users/j/Documents/GitHub/MoneroOne/build/Build/Intermediates.noindex/HdWalletKit.build/Debug-iphonesimulator/HdWalletKit.build/Objects-normal/arm64/HdWalletKit.abi.json (in target 'HdWalletKit' from project 'HdWalletKit')
    cd /Users/j/Documents/GitHub/MoneroOne/build/SourcePackages/checkouts/HdWalletKit.Swift
    builtin-copy -exclude .DS_Store -exclude CVS -exclude .svn -exclude .git -exclude .hg -resolve-src-symlinks -rename /Users/j/Documents/GitHub/MoneroOne/build/Build/Intermediates.noindex/HdWalletKit.build/Debug-iphonesimulator/HdWalletKit.build/Objects-normal/arm64/HdWalletKit.abi.json /Users/j/Documents/GitHub/MoneroOne/build/Build/Products/Debug-iphonesimulator/HdWalletKit.swiftmodule/arm64-apple-ios-simulator.abi.json

Copy /Users/j/Documents/GitHub/MoneroOne/build/Build/Products/Debug-iphonesimulator/HdWalletKit.swiftmodule/Project/arm64-apple-ios-simulator.swiftsourceinfo /Users/j/Documents/GitHub/MoneroOne/build/Build/Intermediates.noindex/HdWalletKit.build/Debug-iphonesimulator/HdWalletKit.build/Objects-normal/arm64/HdWalletKit.swiftsourceinfo (in target 'HdWalletKit' from project 'HdWalletKit')
    cd /Users/j/Documents/GitHub/MoneroOne/build/SourcePackages/checkouts/HdWalletKit.Swift
    builtin-copy -exclude .DS_Store -exclude CVS -exclude .svn -exclude .git -exclude .hg -resolve-src-symlinks -rename /Users/j/Documents/GitHub/MoneroOne/build/Build/Intermediates.noindex/HdWalletKit.build/Debug-iphonesimulator/HdWalletKit.build/Objects-normal/arm64/HdWalletKit.swiftsourceinfo /Users/j/Documents/GitHub/MoneroOne/build/Build/Products/Debug-iphonesimulator/HdWalletKit.swiftmodule/Project/arm64-apple-ios-simulator.swiftsourceinfo

SwiftCompile normal arm64 Compiling\ SystemCallHelpers.swift,\ TimeAmount+Duration.swift,\ TypeAssistedChannelHandler.swift,\ UniversalBootstrapSupport.swift,\ Utilities.swift /Users/j/Documents/GitHub/MoneroOne/build/SourcePackages/checkouts/swift-nio/Sources/NIOCore/SystemCallHelpers.swift /Users/j/Documents/GitHub/MoneroOne/build/SourcePackages/checkouts/swift-nio/Sources/NIOCore/TimeAmount+Duration.swift /Users/j/Documents/GitHub/MoneroOne/build/SourcePackages/checkouts/swift-nio/Sources/NIOCore/TypeAssistedChannelHandler.swift /Users/j/Documents/GitHub/MoneroOne/build/SourcePackages/checkouts/swift-nio/Sources/NIOCore/UniversalBootstrapSupport.swift /Users/j/Documents/GitHub/MoneroOne/build/SourcePackages/checkouts/swift-nio/Sources/NIOCore/Utilities.swift (in target 'NIOCore' from project 'swift-nio')

SwiftCompile normal arm64 /Users/j/Documents/GitHub/MoneroOne/build/SourcePackages/checkouts/swift-nio/Sources/NIOCore/SystemCallHelpers.swift (in target 'NIOCore' from project 'swift-nio')
    cd /Users/j/Documents/GitHub/MoneroOne/MoneroOne.xcodeproj
    

SwiftCompile normal arm64 /Users/j/Documents/GitHub/MoneroOne/build/SourcePackages/checkouts/swift-nio/Sources/NIOCore/TimeAmount+Duration.swift (in target 'NIOCore' from project 'swift-nio')
    cd /Users/j/Documents/GitHub/MoneroOne/MoneroOne.xcodeproj
    

SwiftCompile normal arm64 /Users/j/Documents/GitHub/MoneroOne/build/SourcePackages/checkouts/swift-nio/Sources/NIOCore/TypeAssistedChannelHandler.swift (in target 'NIOCore' from project 'swift-nio')
    cd /Users/j/Documents/GitHub/MoneroOne/MoneroOne.xcodeproj
    

SwiftCompile normal arm64 /Users/j/Documents/GitHub/MoneroOne/build/SourcePackages/checkouts/swift-nio/Sources/NIOCore/UniversalBootstrapSupport.swift (in target 'NIOCore' from project 'swift-nio')
    cd /Users/j/Documents/GitHub/MoneroOne/MoneroOne.xcodeproj
    

SwiftCompile normal arm64 /Users/j/Documents/GitHub/MoneroOne/build/SourcePackages/checkouts/swift-nio/Sources/NIOCore/Utilities.swift (in target 'NIOCore' from project 'swift-nio')
    cd /Users/j/Documents/GitHub/MoneroOne/MoneroOne.xcodeproj
    

SwiftCompile normal arm64 Compiling\ NIOSplitLinesMessageDecoder.swift,\ RecvByteBufferAllocator.swift,\ SingleStepByteToMessageDecoder.swift,\ SocketAddresses.swift,\ SocketOptionProvider.swift /Users/j/Documents/GitHub/MoneroOne/build/SourcePackages/checkouts/swift-nio/Sources/NIOCore/NIOSplitLinesMessageDecoder.swift /Users/j/Documents/GitHub/MoneroOne/build/SourcePackages/checkouts/swift-nio/Sources/NIOCore/RecvByteBufferAllocator.swift /Users/j/Documents/GitHub/MoneroOne/build/SourcePackages/checkouts/swift-nio/Sources/NIOCore/SingleStepByteToMessageDecoder.swift /Users/j/Documents/GitHub/MoneroOne/build/SourcePackages/checkouts/swift-nio/Sources/NIOCore/SocketAddresses.swift /Users/j/Documents/GitHub/MoneroOne/build/SourcePackages/checkouts/swift-nio/Sources/NIOCore/SocketOptionProvider.swift (in target 'NIOCore' from project 'swift-nio')

SwiftCompile normal arm64 /Users/j/Documents/GitHub/MoneroOne/build/SourcePackages/checkouts/swift-nio/Sources/NIOCore/NIOSplitLinesMessageDecoder.swift (in target 'NIOCore' from project 'swift-nio')
    cd /Users/j/Documents/GitHub/MoneroOne/MoneroOne.xcodeproj
    

SwiftCompile normal arm64 /Users/j/Documents/GitHub/MoneroOne/build/SourcePackages/checkouts/swift-nio/Sources/NIOCore/RecvByteBufferAllocator.swift (in target 'NIOCore' from project 'swift-nio')
    cd /Users/j/Documents/GitHub/MoneroOne/MoneroOne.xcodeproj
    

SwiftCompile normal arm64 /Users/j/Documents/GitHub/MoneroOne/build/SourcePackages/checkouts/swift-nio/Sources/NIOCore/SingleStepByteToMessageDecoder.swift (in target 'NIOCore' from project 'swift-nio')
    cd /Users/j/Documents/GitHub/MoneroOne/MoneroOne.xcodeproj
    

SwiftCompile normal arm64 /Users/j/Documents/GitHub/MoneroOne/build/SourcePackages/checkouts/swift-nio/Sources/NIOCore/SocketAddresses.swift (in target 'NIOCore' from project 'swift-nio')
    cd /Users/j/Documents/GitHub/MoneroOne/MoneroOne.xcodeproj
    

SwiftCompile normal arm64 /Users/j/Documents/GitHub/MoneroOne/build/SourcePackages/checkouts/swift-nio/Sources/NIOCore/SocketOptionProvider.swift (in target 'NIOCore' from project 'swift-nio')
    cd /Users/j/Documents/GitHub/MoneroOne/MoneroOne.xcodeproj
    

SwiftDriverJobDiscovery normal arm64 Compiling NIOCoreSendableMetatype.swift, NIODecodedAsyncSequence.swift, NIOLoopBound.swift, NIOPooledRecvBufferAllocator.swift, NIOScheduledCallback.swift, NIOSendable.swift (in target 'NIOCore' from project 'swift-nio')

SwiftCompile normal arm64 Compiling\ Interfaces.swift,\ Linux.swift,\ MarkedCircularBuffer.swift,\ MulticastChannel.swift,\ NIOAny.swift,\ NIOCloseOnErrorHandler.swift /Users/j/Documents/GitHub/MoneroOne/build/SourcePackages/checkouts/swift-nio/Sources/NIOCore/Interfaces.swift /Users/j/Documents/GitHub/MoneroOne/build/SourcePackages/checkouts/swift-nio/Sources/NIOCore/Linux.swift /Users/j/Documents/GitHub/MoneroOne/build/SourcePackages/checkouts/swift-nio/Sources/NIOCore/MarkedCircularBuffer.swift /Users/j/Documents/GitHub/MoneroOne/build/SourcePackages/checkouts/swift-nio/Sources/NIOCore/MulticastChannel.swift /Users/j/Documents/GitHub/MoneroOne/build/SourcePackages/checkouts/swift-nio/Sources/NIOCore/NIOAny.swift /Users/j/Documents/GitHub/MoneroOne/build/SourcePackages/checkouts/swift-nio/Sources/NIOCore/NIOCloseOnErrorHandler.swift (in target 'NIOCore' from project 'swift-nio')

SwiftCompile normal arm64 /Users/j/Documents/GitHub/MoneroOne/build/SourcePackages/checkouts/swift-nio/Sources/NIOCore/Interfaces.swift (in target 'NIOCore' from project 'swift-nio')
    cd /Users/j/Documents/GitHub/MoneroOne/MoneroOne.xcodeproj
    

SwiftCompile normal arm64 /Users/j/Documents/GitHub/MoneroOne/build/SourcePackages/checkouts/swift-nio/Sources/NIOCore/Linux.swift (in target 'NIOCore' from project 'swift-nio')
    cd /Users/j/Documents/GitHub/MoneroOne/MoneroOne.xcodeproj
    

SwiftCompile normal arm64 /Users/j/Documents/GitHub/MoneroOne/build/SourcePackages/checkouts/swift-nio/Sources/NIOCore/MarkedCircularBuffer.swift (in target 'NIOCore' from project 'swift-nio')
    cd /Users/j/Documents/GitHub/MoneroOne/MoneroOne.xcodeproj
    

SwiftCompile normal arm64 /Users/j/Documents/GitHub/MoneroOne/build/SourcePackages/checkouts/swift-nio/Sources/NIOCore/MulticastChannel.swift (in target 'NIOCore' from project 'swift-nio')
    cd /Users/j/Documents/GitHub/MoneroOne/MoneroOne.xcodeproj
    

SwiftCompile normal arm64 /Users/j/Documents/GitHub/MoneroOne/build/SourcePackages/checkouts/swift-nio/Sources/NIOCore/NIOAny.swift (in target 'NIOCore' from project 'swift-nio')
    cd /Users/j/Documents/GitHub/MoneroOne/MoneroOne.xcodeproj
    

SwiftCompile normal arm64 /Users/j/Documents/GitHub/MoneroOne/build/SourcePackages/checkouts/swift-nio/Sources/NIOCore/NIOCloseOnErrorHandler.swift (in target 'NIOCore' from project 'swift-nio')
    cd /Users/j/Documents/GitHub/MoneroOne/MoneroOne.xcodeproj
    

SwiftDriverJobDiscovery normal arm64 Compiling Sha3.swift (in target 'HsCryptoKit' from project 'HsCryptoKit.Swift')

SwiftDriver\ Compilation HsCryptoKit normal arm64 com.apple.xcode.tools.swift.compiler (in target 'HsCryptoKit' from project 'HsCryptoKit.Swift')
    cd /Users/j/Documents/GitHub/MoneroOne/MoneroOne.xcodeproj
    builtin-Swift-Compilation -- /Applications/Xcode.app/Contents/Developer/Toolchains/XcodeDefault.xctoolchain/usr/bin/swiftc -module-name HsCryptoKit -Onone -enforce-exclusivity\=checked @/Users/j/Documents/GitHub/MoneroOne/build/Build/Intermediates.noindex/HsCryptoKit.Swift.build/Debug-iphonesimulator/HsCryptoKit.build/Objects-normal/arm64/HsCryptoKit.SwiftFileList -DSWIFT_PACKAGE -DDEBUG -DSWIFT_MODULE_RESOURCE_BUNDLE_UNAVAILABLE -Xcc -fmodule-map-file\=/Users/j/Documents/GitHub/MoneroOne/build/Build/Intermediates.noindex/GeneratedModuleMaps-iphonesimulator/secp256k1_bindings.modulemap -Xcc -fmodule-map-file\=/Users/j/Documents/GitHub/MoneroOne/build/Build/Intermediates.noindex/GeneratedModuleMaps-iphonesimulator/HsCryptoKitC.modulemap -DXcode -plugin-path /Applications/Xcode.app/Contents/Developer/Toolchains/XcodeDefault.xctoolchain/usr/lib/swift/host/plugins/testing -enable-experimental-feature DebugDescriptionMacro -sdk /Applications/Xcode.app/Contents/Developer/Platforms/iPhoneSimulator.platform/Developer/SDKs/iPhoneSimulator26.1.sdk -target arm64-apple-ios13.0-simulator -g -module-cache-path /Users/j/Documents/GitHub/MoneroOne/build/ModuleCache.noindex -Xfrontend -serialize-debugging-options -enable-testing -suppress-warnings -index-store-path /Users/j/Documents/GitHub/MoneroOne/build/Index.noindex/DataStore -Xcc -D_LIBCPP_HARDENING_MODE\=_LIBCPP_HARDENING_MODE_DEBUG -swift-version 5 -I /Users/j/Documents/GitHub/MoneroOne/build/Build/Products/Debug-iphonesimulator -Isystem /Applications/Xcode.app/Contents/Developer/Platforms/iPhoneSimulator.platform/Developer/usr/lib -F /Users/j/Documents/GitHub/MoneroOne/build/Build/Products/Debug-iphonesimulator/PackageFrameworks -F /Users/j/Documents/GitHub/MoneroOne/build/Build/Products/Debug-iphonesimulator/PackageFrameworks -F /Users/j/Documents/GitHub/MoneroOne/build/Build/Products/Debug-iphonesimulator/PackageFrameworks -F /Users/j/Documents/GitHub/MoneroOne/build/Build/Products/Debug-iphonesimulator/PackageFrameworks -F /Users/j/Documents/GitHub/MoneroOne/build/Build/Products/Debug-iphonesimulator/PackageFrameworks -F /Users/j/Documents/GitHub/MoneroOne/build/Build/Products/Debug-iphonesimulator/PackageFrameworks -F /Users/j/Documents/GitHub/MoneroOne/build/Build/Products/Debug-iphonesimulator/PackageFrameworks -F /Users/j/Documents/GitHub/MoneroOne/build/Build/Products/Debug-iphonesimulator/PackageFrameworks -F /Users/j/Documents/GitHub/MoneroOne/build/Build/Products/Debug-iphonesimulator/PackageFrameworks -F /Users/j/Documents/GitHub/MoneroOne/build/Build/Products/Debug-iphonesimulator/PackageFrameworks -F /Users/j/Documents/GitHub/MoneroOne/build/Build/Products/Debug-iphonesimulator -F /Applications/Xcode.app/Contents/Developer/Platforms/iPhoneSimulator.platform/Developer/Library/Frameworks -F /Applications/Xcode.app/Contents/Developer/Platforms/iPhoneSimulator.platform/Developer/SDKs/iPhoneSimulator26.1.sdk/Developer/Library/Frameworks -c -j12 -enable-batch-mode -incremental -Xcc -ivfsstatcache -Xcc /Users/j/Documents/GitHub/MoneroOne/build/SDKStatCaches.noindex/iphonesimulator26.1-23B77-90cf18a4295e390e64c810bc6bd7acbc.sdkstatcache -output-file-map /Users/j/Documents/GitHub/MoneroOne/build/Build/Intermediates.noindex/HsCryptoKit.Swift.build/Debug-iphonesimulator/HsCryptoKit.build/Objects-normal/arm64/HsCryptoKit-OutputFileMap.json -use-frontend-parseable-output -save-temps -no-color-diagnostics -explicit-module-build -module-cache-path /Users/j/Documents/GitHub/MoneroOne/build/Build/Intermediates.noindex/SwiftExplicitPrecompiledModules -clang-scanner-module-cache-path /Users/j/Documents/GitHub/MoneroOne/build/ModuleCache.noindex -sdk-module-cache-path /Users/j/Documents/GitHub/MoneroOne/build/ModuleCache.noindex -serialize-diagnostics -emit-dependencies -emit-module -emit-module-path /Users/j/Documents/GitHub/MoneroOne/build/Build/Intermediates.noindex/HsCryptoKit.Swift.build/Debug-iphonesimulator/HsCryptoKit.build/Objects-normal/arm64/HsCryptoKit.swiftmodule -validate-clang-modules-once -clang-build-session-file /Users/j/Documents/GitHub/MoneroOne/build/ModuleCache.noindex/Session.modulevalidation -Xcc -I/Users/j/Documents/GitHub/MoneroOne/build/Build/Intermediates.noindex/HsCryptoKit.Swift.build/Debug-iphonesimulator/HsCryptoKit.build/swift-overrides.hmap -emit-const-values -Xfrontend -const-gather-protocols-file -Xfrontend /Users/j/Documents/GitHub/MoneroOne/build/Build/Intermediates.noindex/HsCryptoKit.Swift.build/Debug-iphonesimulator/HsCryptoKit.build/Objects-normal/arm64/HsCryptoKit_const_extract_protocols.json -Xcc -I/Users/j/Documents/GitHub/MoneroOne/build/SourcePackages/checkouts/swift-crypto/Sources/CCryptoBoringSSLShims/include -Xcc -I/Users/j/Documents/GitHub/MoneroOne/build/SourcePackages/checkouts/swift-crypto/Sources/CCryptoBoringSSL/include -Xcc -I/Users/j/Documents/GitHub/MoneroOne/build/SourcePackages/checkouts/secp256k1.swift/Sources/secp256k1_bindings/include -Xcc -I/Users/j/Documents/GitHub/MoneroOne/build/SourcePackages/checkouts/HsCryptoKit.Swift/Sources/HsCryptoKitC/include -Xcc -I/Users/j/Documents/GitHub/MoneroOne/build/Build/Products/Debug-iphonesimulator/include -Xcc -I/Users/j/Documents/GitHub/MoneroOne/build/Build/Intermediates.noindex/HsCryptoKit.Swift.build/Debug-iphonesimulator/HsCryptoKit.build/DerivedSources-normal/arm64 -Xcc -I/Users/j/Documents/GitHub/MoneroOne/build/Build/Intermediates.noindex/HsCryptoKit.Swift.build/Debug-iphonesimulator/HsCryptoKit.build/DerivedSources/arm64 -Xcc -I/Users/j/Documents/GitHub/MoneroOne/build/Build/Intermediates.noindex/HsCryptoKit.Swift.build/Debug-iphonesimulator/HsCryptoKit.build/DerivedSources -Xcc -DSWIFT_PACKAGE -Xcc -DDEBUG\=1 -emit-objc-header -emit-objc-header-path /Users/j/Documents/GitHub/MoneroOne/build/Build/Intermediates.noindex/HsCryptoKit.Swift.build/Debug-iphonesimulator/HsCryptoKit.build/Objects-normal/arm64/HsCryptoKit-Swift.h -working-directory /Users/j/Documents/GitHub/MoneroOne/MoneroOne.xcodeproj -experimental-emit-module-separately -disable-cmo

SwiftDriverJobDiscovery normal arm64 Compiling GlobalSingletons.swift, IO.swift, IOData.swift, IPProtocol.swift, IntegerBitPacking.swift, IntegerTypes.swift (in target 'NIOCore' from project 'swift-nio')

SwiftCompile normal arm64 Compiling\ HDWatchAccountWallet.swift /Users/j/Documents/GitHub/MoneroOne/build/SourcePackages/checkouts/HdWalletKit.Swift/Sources/HdWalletKit/HDWatchAccountWallet.swift (in target 'HdWalletKit' from project 'HdWalletKit')

SwiftCompile normal arm64 /Users/j/Documents/GitHub/MoneroOne/build/SourcePackages/checkouts/HdWalletKit.Swift/Sources/HdWalletKit/HDWatchAccountWallet.swift (in target 'HdWalletKit' from project 'HdWalletKit')
    cd /Users/j/Documents/GitHub/MoneroOne/MoneroOne.xcodeproj
    

Ld /Users/j/Documents/GitHub/MoneroOne/build/Build/Products/Debug-iphonesimulator/HsCryptoKit.o normal (in target 'HsCryptoKit' from project 'HsCryptoKit.Swift')
    cd /Users/j/Documents/GitHub/MoneroOne/build/SourcePackages/checkouts/HsCryptoKit.Swift
    /Applications/Xcode.app/Contents/Developer/Toolchains/XcodeDefault.xctoolchain/usr/bin/clang -Xlinker -reproducible -target arm64-apple-ios13.0-simulator -r -isysroot /Applications/Xcode.app/Contents/Developer/Platforms/iPhoneSimulator.platform/Developer/SDKs/iPhoneSimulator26.1.sdk -O0 -w -L/Users/j/Documents/GitHub/MoneroOne/build/Build/Intermediates.noindex/EagerLinkingTBDs/Debug-iphonesimulator -L/Users/j/Documents/GitHub/MoneroOne/build/Build/Products/Debug-iphonesimulator -L/Applications/Xcode.app/Contents/Developer/Platforms/iPhoneSimulator.platform/Developer/usr/lib -F/Users/j/Documents/GitHub/MoneroOne/build/Build/Intermediates.noindex/EagerLinkingTBDs/Debug-iphonesimulator -F/Users/j/Documents/GitHub/MoneroOne/build/Build/Products/Debug-iphonesimulator/PackageFrameworks -F/Users/j/Documents/GitHub/MoneroOne/build/Build/Products/Debug-iphonesimulator/PackageFrameworks -F/Users/j/Documents/GitHub/MoneroOne/build/Build/Products/Debug-iphonesimulator/PackageFrameworks -F/Users/j/Documents/GitHub/MoneroOne/build/Build/Products/Debug-iphonesimulator/PackageFrameworks -F/Users/j/Documents/GitHub/MoneroOne/build/Build/Products/Debug-iphonesimulator/PackageFrameworks -F/Users/j/Documents/GitHub/MoneroOne/build/Build/Products/Debug-iphonesimulator/PackageFrameworks -F/Users/j/Documents/GitHub/MoneroOne/build/Build/Products/Debug-iphonesimulator/PackageFrameworks -F/Users/j/Documents/GitHub/MoneroOne/build/Build/Products/Debug-iphonesimulator/PackageFrameworks -F/Users/j/Documents/GitHub/MoneroOne/build/Build/Products/Debug-iphonesimulator/PackageFrameworks -F/Users/j/Documents/GitHub/MoneroOne/build/Build/Products/Debug-iphonesimulator/PackageFrameworks -F/Users/j/Documents/GitHub/MoneroOne/build/Build/Products/Debug-iphonesimulator -iframework /Applications/Xcode.app/Contents/Developer/Platforms/iPhoneSimulator.platform/Developer/Library/Frameworks -iframework /Applications/Xcode.app/Contents/Developer/Platforms/iPhoneSimulator.platform/Developer/SDKs/iPhoneSimulator26.1.sdk/Developer/Library/Frameworks -filelist /Users/j/Documents/GitHub/MoneroOne/build/Build/Intermediates.noindex/HsCryptoKit.Swift.build/Debug-iphonesimulator/HsCryptoKit.build/Objects-normal/arm64/HsCryptoKit.LinkFileList -nostdlib -Xlinker -object_path_lto -Xlinker /Users/j/Documents/GitHub/MoneroOne/build/Build/Intermediates.noindex/HsCryptoKit.Swift.build/Debug-iphonesimulator/HsCryptoKit.build/Objects-normal/arm64/HsCryptoKit_lto.o -rdynamic -Xlinker -no_deduplicate -Xlinker -objc_abi_version -Xlinker 2 -Xlinker -dependency_info -Xlinker /Users/j/Documents/GitHub/MoneroOne/build/Build/Intermediates.noindex/HsCryptoKit.Swift.build/Debug-iphonesimulator/HsCryptoKit.build/Objects-normal/arm64/HsCryptoKit_dependency_info.dat -fobjc-link-runtime -L/Applications/Xcode.app/Contents/Developer/Toolchains/XcodeDefault.xctoolchain/usr/lib/swift/iphonesimulator -L/usr/lib/swift -Xlinker -add_ast_path -Xlinker /Users/j/Documents/GitHub/MoneroOne/build/Build/Intermediates.noindex/HsCryptoKit.Swift.build/Debug-iphonesimulator/HsCryptoKit.build/Objects-normal/arm64/HsCryptoKit.swiftmodule @/Users/j/Documents/GitHub/MoneroOne/build/Build/Intermediates.noindex/HsCryptoKit.Swift.build/Debug-iphonesimulator/HsCryptoKit.build/Objects-normal/arm64/HsCryptoKit-linker-args.resp -o /Users/j/Documents/GitHub/MoneroOne/build/Build/Products/Debug-iphonesimulator/HsCryptoKit.o

SwiftDriverJobDiscovery normal arm64 Compiling SystemCallHelpers.swift, TimeAmount+Duration.swift, TypeAssistedChannelHandler.swift, UniversalBootstrapSupport.swift, Utilities.swift (in target 'NIOCore' from project 'swift-nio')

SwiftCompile normal arm64 Compiling\ Extensions.swift,\ HDAccountWallet.swift /Users/j/Documents/GitHub/MoneroOne/build/SourcePackages/checkouts/HdWalletKit.Swift/Sources/HdWalletKit/Extensions.swift /Users/j/Documents/GitHub/MoneroOne/build/SourcePackages/checkouts/HdWalletKit.Swift/Sources/HdWalletKit/HDAccountWallet.swift (in target 'HdWalletKit' from project 'HdWalletKit')

SwiftCompile normal arm64 /Users/j/Documents/GitHub/MoneroOne/build/SourcePackages/checkouts/HdWalletKit.Swift/Sources/HdWalletKit/Extensions.swift (in target 'HdWalletKit' from project 'HdWalletKit')
    cd /Users/j/Documents/GitHub/MoneroOne/MoneroOne.xcodeproj
    

SwiftCompile normal arm64 /Users/j/Documents/GitHub/MoneroOne/build/SourcePackages/checkouts/HdWalletKit.Swift/Sources/HdWalletKit/HDAccountWallet.swift (in target 'HdWalletKit' from project 'HdWalletKit')
    cd /Users/j/Documents/GitHub/MoneroOne/MoneroOne.xcodeproj
    

SwiftDriverJobDiscovery normal arm64 Compiling HDWatchAccountWallet.swift (in target 'HdWalletKit' from project 'HdWalletKit')

SwiftCompile normal arm64 Compiling\ HDPrivateKey.swift /Users/j/Documents/GitHub/MoneroOne/build/SourcePackages/checkouts/HdWalletKit.Swift/Sources/HdWalletKit/HDPrivateKey.swift (in target 'HdWalletKit' from project 'HdWalletKit')

SwiftCompile normal arm64 /Users/j/Documents/GitHub/MoneroOne/build/SourcePackages/checkouts/HdWalletKit.Swift/Sources/HdWalletKit/HDPrivateKey.swift (in target 'HdWalletKit' from project 'HdWalletKit')
    cd /Users/j/Documents/GitHub/MoneroOne/MoneroOne.xcodeproj
    

SwiftCompile normal arm64 Compiling\ HDExtendedKey.swift,\ HDExtendedKeyVersion.swift /Users/j/Documents/GitHub/MoneroOne/build/SourcePackages/checkouts/HdWalletKit.Swift/Sources/HdWalletKit/HDExtendedKey.swift /Users/j/Documents/GitHub/MoneroOne/build/SourcePackages/checkouts/HdWalletKit.Swift/Sources/HdWalletKit/HDExtendedKeyVersion.swift (in target 'HdWalletKit' from project 'HdWalletKit')

SwiftCompile normal arm64 /Users/j/Documents/GitHub/MoneroOne/build/SourcePackages/checkouts/HdWalletKit.Swift/Sources/HdWalletKit/HDExtendedKey.swift (in target 'HdWalletKit' from project 'HdWalletKit')
    cd /Users/j/Documents/GitHub/MoneroOne/MoneroOne.xcodeproj
    

SwiftCompile normal arm64 /Users/j/Documents/GitHub/MoneroOne/build/SourcePackages/checkouts/HdWalletKit.Swift/Sources/HdWalletKit/HDExtendedKeyVersion.swift (in target 'HdWalletKit' from project 'HdWalletKit')
    cd /Users/j/Documents/GitHub/MoneroOne/MoneroOne.xcodeproj
    

SwiftDriverJobDiscovery normal arm64 Compiling Extensions.swift, HDAccountWallet.swift (in target 'HdWalletKit' from project 'HdWalletKit')

SwiftCompile normal arm64 Compiling\ HDKey.swift /Users/j/Documents/GitHub/MoneroOne/build/SourcePackages/checkouts/HdWalletKit.Swift/Sources/HdWalletKit/HDKey.swift (in target 'HdWalletKit' from project 'HdWalletKit')

SwiftCompile normal arm64 /Users/j/Documents/GitHub/MoneroOne/build/SourcePackages/checkouts/HdWalletKit.Swift/Sources/HdWalletKit/HDKey.swift (in target 'HdWalletKit' from project 'HdWalletKit')
    cd /Users/j/Documents/GitHub/MoneroOne/MoneroOne.xcodeproj
    

SwiftDriverJobDiscovery normal arm64 Compiling HDPrivateKey.swift (in target 'HdWalletKit' from project 'HdWalletKit')

SwiftCompile normal arm64 Compiling\ HDWallet.swift /Users/j/Documents/GitHub/MoneroOne/build/SourcePackages/checkouts/HdWalletKit.Swift/Sources/HdWalletKit/HDWallet.swift (in target 'HdWalletKit' from project 'HdWalletKit')

SwiftCompile normal arm64 /Users/j/Documents/GitHub/MoneroOne/build/SourcePackages/checkouts/HdWalletKit.Swift/Sources/HdWalletKit/HDWallet.swift (in target 'HdWalletKit' from project 'HdWalletKit')
    cd /Users/j/Documents/GitHub/MoneroOne/MoneroOne.xcodeproj
    

SwiftDriverJobDiscovery normal arm64 Compiling DeadChannel.swift, DispatchQueue+WithFuture.swift, EventLoop+Deprecated.swift, EventLoop+SerialExecutor.swift, EventLoop.swift, EventLoopFuture+AssumeIsolated.swift (in target 'NIOCore' from project 'swift-nio')

SwiftCompile normal arm64 Compiling\ Mnemonic.swift /Users/j/Documents/GitHub/MoneroOne/build/SourcePackages/checkouts/HdWalletKit.Swift/Sources/HdWalletKit/Mnemonic.swift (in target 'HdWalletKit' from project 'HdWalletKit')

SwiftCompile normal arm64 /Users/j/Documents/GitHub/MoneroOne/build/SourcePackages/checkouts/HdWalletKit.Swift/Sources/HdWalletKit/Mnemonic.swift (in target 'HdWalletKit' from project 'HdWalletKit')
    cd /Users/j/Documents/GitHub/MoneroOne/MoneroOne.xcodeproj
    

SwiftDriverJobDiscovery normal arm64 Compiling HDExtendedKey.swift, HDExtendedKeyVersion.swift (in target 'HdWalletKit' from project 'HdWalletKit')

SwiftCompile normal arm64 Compiling\ Purpose.swift /Users/j/Documents/GitHub/MoneroOne/build/SourcePackages/checkouts/HdWalletKit.Swift/Sources/HdWalletKit/Purpose.swift (in target 'HdWalletKit' from project 'HdWalletKit')

SwiftCompile normal arm64 /Users/j/Documents/GitHub/MoneroOne/build/SourcePackages/checkouts/HdWalletKit.Swift/Sources/HdWalletKit/Purpose.swift (in target 'HdWalletKit' from project 'HdWalletKit')
    cd /Users/j/Documents/GitHub/MoneroOne/MoneroOne.xcodeproj
    

SwiftDriverJobDiscovery normal arm64 Compiling HDKey.swift (in target 'HdWalletKit' from project 'HdWalletKit')

SwiftCompile normal arm64 Compiling\ WordList.swift /Users/j/Documents/GitHub/MoneroOne/build/SourcePackages/checkouts/HdWalletKit.Swift/Sources/HdWalletKit/WordList.swift (in target 'HdWalletKit' from project 'HdWalletKit')

SwiftCompile normal arm64 /Users/j/Documents/GitHub/MoneroOne/build/SourcePackages/checkouts/HdWalletKit.Swift/Sources/HdWalletKit/WordList.swift (in target 'HdWalletKit' from project 'HdWalletKit')
    cd /Users/j/Documents/GitHub/MoneroOne/MoneroOne.xcodeproj
    

SwiftDriverJobDiscovery normal arm64 Compiling EventLoopFuture+Deprecated.swift, EventLoopFuture+WithEventLoop.swift, EventLoopFuture.swift, FileDescriptor.swift, FileHandle.swift, FileRegion.swift (in target 'NIOCore' from project 'swift-nio')

SwiftCompile normal arm64 Compiling\ ReadOnlyHDWallet.swift /Users/j/Documents/GitHub/MoneroOne/build/SourcePackages/checkouts/HdWalletKit.Swift/Sources/HdWalletKit/ReadOnlyHDWallet.swift (in target 'HdWalletKit' from project 'HdWalletKit')

SwiftCompile normal arm64 /Users/j/Documents/GitHub/MoneroOne/build/SourcePackages/checkouts/HdWalletKit.Swift/Sources/HdWalletKit/ReadOnlyHDWallet.swift (in target 'HdWalletKit' from project 'HdWalletKit')
    cd /Users/j/Documents/GitHub/MoneroOne/MoneroOne.xcodeproj
    

SwiftDriverJobDiscovery normal arm64 Compiling HDWallet.swift (in target 'HdWalletKit' from project 'HdWalletKit')

SwiftCompile normal arm64 Compiling\ HDKeychain.swift /Users/j/Documents/GitHub/MoneroOne/build/SourcePackages/checkouts/HdWalletKit.Swift/Sources/HdWalletKit/HDKeychain.swift (in target 'HdWalletKit' from project 'HdWalletKit')

SwiftCompile normal arm64 /Users/j/Documents/GitHub/MoneroOne/build/SourcePackages/checkouts/HdWalletKit.Swift/Sources/HdWalletKit/HDKeychain.swift (in target 'HdWalletKit' from project 'HdWalletKit')
    cd /Users/j/Documents/GitHub/MoneroOne/MoneroOne.xcodeproj
    

SwiftDriverJobDiscovery normal arm64 Compiling Purpose.swift (in target 'HdWalletKit' from project 'HdWalletKit')

SwiftCompile normal arm64 Compiling\ HDPublicKey.swift /Users/j/Documents/GitHub/MoneroOne/build/SourcePackages/checkouts/HdWalletKit.Swift/Sources/HdWalletKit/HDPublicKey.swift (in target 'HdWalletKit' from project 'HdWalletKit')

SwiftCompile normal arm64 /Users/j/Documents/GitHub/MoneroOne/build/SourcePackages/checkouts/HdWalletKit.Swift/Sources/HdWalletKit/HDPublicKey.swift (in target 'HdWalletKit' from project 'HdWalletKit')
    cd /Users/j/Documents/GitHub/MoneroOne/MoneroOne.xcodeproj
    

SwiftDriverJobDiscovery normal arm64 Compiling WordList.swift (in target 'HdWalletKit' from project 'HdWalletKit')

SwiftDriverJobDiscovery normal arm64 Compiling AddressedEnvelope.swift, AsyncAwaitSupport.swift, AsyncChannel.swift, AsyncChannelHandler.swift, AsyncChannelInboundStream.swift, AsyncChannelOutboundWriter.swift (in target 'NIOCore' from project 'swift-nio')

ExtractAppIntentsMetadata (in target 'HsCryptoKit' from project 'HsCryptoKit.Swift')
    cd /Users/j/Documents/GitHub/MoneroOne/build/SourcePackages/checkouts/HsCryptoKit.Swift
    /Applications/Xcode.app/Contents/Developer/Toolchains/XcodeDefault.xctoolchain/usr/bin/appintentsmetadataprocessor --toolchain-dir /Applications/Xcode.app/Contents/Developer/Toolchains/XcodeDefault.xctoolchain --module-name HsCryptoKit --sdk-root /Applications/Xcode.app/Contents/Developer/Platforms/iPhoneSimulator.platform/Developer/SDKs/iPhoneSimulator26.1.sdk --xcode-version 17B100 --platform-family iOS --deployment-target 13.0 --bundle-identifier hscryptokit.swift.HsCryptoKit --output /Users/j/Documents/GitHub/MoneroOne/build/Build/Products/Debug-iphonesimulator/HsCryptoKit.appintents --target-triple arm64-apple-ios13.0-simulator --binary-file /Users/j/Documents/GitHub/MoneroOne/build/Build/Products/Debug-iphonesimulator/HsCryptoKit.o --dependency-file /Users/j/Documents/GitHub/MoneroOne/build/Build/Intermediates.noindex/HsCryptoKit.Swift.build/Debug-iphonesimulator/HsCryptoKit.build/Objects-normal/arm64/HsCryptoKit_dependency_info.dat --stringsdata-file /Users/j/Documents/GitHub/MoneroOne/build/Build/Intermediates.noindex/HsCryptoKit.Swift.build/Debug-iphonesimulator/HsCryptoKit.build/Objects-normal/arm64/ExtractedAppShortcutsMetadata.stringsdata --source-file-list /Users/j/Documents/GitHub/MoneroOne/build/Build/Intermediates.noindex/HsCryptoKit.Swift.build/Debug-iphonesimulator/HsCryptoKit.build/Objects-normal/arm64/HsCryptoKit.SwiftFileList --metadata-file-list /Users/j/Documents/GitHub/MoneroOne/build/Build/Intermediates.noindex/HsCryptoKit.Swift.build/Debug-iphonesimulator/HsCryptoKit.build/HsCryptoKit.DependencyMetadataFileList --static-metadata-file-list /Users/j/Documents/GitHub/MoneroOne/build/Build/Intermediates.noindex/HsCryptoKit.Swift.build/Debug-iphonesimulator/HsCryptoKit.build/HsCryptoKit.DependencyStaticMetadataFileList --swift-const-vals-list /Users/j/Documents/GitHub/MoneroOne/build/Build/Intermediates.noindex/HsCryptoKit.Swift.build/Debug-iphonesimulator/HsCryptoKit.build/Objects-normal/arm64/HsCryptoKit.SwiftConstValuesFileList --force --compile-time-extraction --deployment-aware-processing --validate-assistant-intents --no-app-shortcuts-localization
2026-01-18 15:26:07.670 appintentsmetadataprocessor[3859:39110087] Starting appintentsmetadataprocessor export
2026-01-18 15:26:07.769 appintentsmetadataprocessor[3859:39110087] Extracted no relevant App Intents symbols, skipping writing output

SwiftDriverJobDiscovery normal arm64 Compiling Mnemonic.swift (in target 'HdWalletKit' from project 'HdWalletKit')

SwiftDriverJobDiscovery normal arm64 Compiling HDKeychain.swift (in target 'HdWalletKit' from project 'HdWalletKit')

SwiftDriverJobDiscovery normal arm64 Compiling ReadOnlyHDWallet.swift (in target 'HdWalletKit' from project 'HdWalletKit')

SwiftDriverJobDiscovery normal arm64 Compiling Interfaces.swift, Linux.swift, MarkedCircularBuffer.swift, MulticastChannel.swift, NIOAny.swift, NIOCloseOnErrorHandler.swift (in target 'NIOCore' from project 'swift-nio')

SwiftDriverJobDiscovery normal arm64 Compiling HDPublicKey.swift (in target 'HdWalletKit' from project 'HdWalletKit')

SwiftDriver\ Compilation HdWalletKit normal arm64 com.apple.xcode.tools.swift.compiler (in target 'HdWalletKit' from project 'HdWalletKit')
    cd /Users/j/Documents/GitHub/MoneroOne/MoneroOne.xcodeproj
    builtin-Swift-Compilation -- /Applications/Xcode.app/Contents/Developer/Toolchains/XcodeDefault.xctoolchain/usr/bin/swiftc -module-name HdWalletKit -Onone -enforce-exclusivity\=checked @/Users/j/Documents/GitHub/MoneroOne/build/Build/Intermediates.noindex/HdWalletKit.build/Debug-iphonesimulator/HdWalletKit.build/Objects-normal/arm64/HdWalletKit.SwiftFileList -DSWIFT_PACKAGE -DDEBUG -DSWIFT_MODULE_RESOURCE_BUNDLE_UNAVAILABLE -Xcc -fmodule-map-file\=/Users/j/Documents/GitHub/MoneroOne/build/Build/Intermediates.noindex/GeneratedModuleMaps-iphonesimulator/secp256k1_bindings.modulemap -Xcc -fmodule-map-file\=/Users/j/Documents/GitHub/MoneroOne/build/Build/Intermediates.noindex/GeneratedModuleMaps-iphonesimulator/HsCryptoKitC.modulemap -DXcode -plugin-path /Applications/Xcode.app/Contents/Developer/Toolchains/XcodeDefault.xctoolchain/usr/lib/swift/host/plugins/testing -enable-experimental-feature DebugDescriptionMacro -sdk /Applications/Xcode.app/Contents/Developer/Platforms/iPhoneSimulator.platform/Developer/SDKs/iPhoneSimulator26.1.sdk -target arm64-apple-ios13.0-simulator -g -module-cache-path /Users/j/Documents/GitHub/MoneroOne/build/ModuleCache.noindex -Xfrontend -serialize-debugging-options -enable-testing -suppress-warnings -index-store-path /Users/j/Documents/GitHub/MoneroOne/build/Index.noindex/DataStore -Xcc -D_LIBCPP_HARDENING_MODE\=_LIBCPP_HARDENING_MODE_DEBUG -swift-version 5 -I /Users/j/Documents/GitHub/MoneroOne/build/Build/Products/Debug-iphonesimulator -Isystem /Applications/Xcode.app/Contents/Developer/Platforms/iPhoneSimulator.platform/Developer/usr/lib -F /Users/j/Documents/GitHub/MoneroOne/build/Build/Products/Debug-iphonesimulator/PackageFrameworks -F /Users/j/Documents/GitHub/MoneroOne/build/Build/Products/Debug-iphonesimulator/PackageFrameworks -F /Users/j/Documents/GitHub/MoneroOne/build/Build/Products/Debug-iphonesimulator/PackageFrameworks -F /Users/j/Documents/GitHub/MoneroOne/build/Build/Products/Debug-iphonesimulator/PackageFrameworks -F /Users/j/Documents/GitHub/MoneroOne/build/Build/Products/Debug-iphonesimulator/PackageFrameworks -F /Users/j/Documents/GitHub/MoneroOne/build/Build/Products/Debug-iphonesimulator/PackageFrameworks -F /Users/j/Documents/GitHub/MoneroOne/build/Build/Products/Debug-iphonesimulator/PackageFrameworks -F /Users/j/Documents/GitHub/MoneroOne/build/Build/Products/Debug-iphonesimulator/PackageFrameworks -F /Users/j/Documents/GitHub/MoneroOne/build/Build/Products/Debug-iphonesimulator/PackageFrameworks -F /Users/j/Documents/GitHub/MoneroOne/build/Build/Products/Debug-iphonesimulator/PackageFrameworks -F /Users/j/Documents/GitHub/MoneroOne/build/Build/Products/Debug-iphonesimulator/PackageFrameworks -F /Users/j/Documents/GitHub/MoneroOne/build/Build/Products/Debug-iphonesimulator -F /Applications/Xcode.app/Contents/Developer/Platforms/iPhoneSimulator.platform/Developer/Library/Frameworks -F /Applications/Xcode.app/Contents/Developer/Platforms/iPhoneSimulator.platform/Developer/SDKs/iPhoneSimulator26.1.sdk/Developer/Library/Frameworks -c -j12 -enable-batch-mode -incremental -Xcc -ivfsstatcache -Xcc /Users/j/Documents/GitHub/MoneroOne/build/SDKStatCaches.noindex/iphonesimulator26.1-23B77-90cf18a4295e390e64c810bc6bd7acbc.sdkstatcache -output-file-map /Users/j/Documents/GitHub/MoneroOne/build/Build/Intermediates.noindex/HdWalletKit.build/Debug-iphonesimulator/HdWalletKit.build/Objects-normal/arm64/HdWalletKit-OutputFileMap.json -use-frontend-parseable-output -save-temps -no-color-diagnostics -explicit-module-build -module-cache-path /Users/j/Documents/GitHub/MoneroOne/build/Build/Intermediates.noindex/SwiftExplicitPrecompiledModules -clang-scanner-module-cache-path /Users/j/Documents/GitHub/MoneroOne/build/ModuleCache.noindex -sdk-module-cache-path /Users/j/Documents/GitHub/MoneroOne/build/ModuleCache.noindex -serialize-diagnostics -emit-dependencies -emit-module -emit-module-path /Users/j/Documents/GitHub/MoneroOne/build/Build/Intermediates.noindex/HdWalletKit.build/Debug-iphonesimulator/HdWalletKit.build/Objects-normal/arm64/HdWalletKit.swiftmodule -validate-clang-modules-once -clang-build-session-file /Users/j/Documents/GitHub/MoneroOne/build/ModuleCache.noindex/Session.modulevalidation -Xcc -I/Users/j/Documents/GitHub/MoneroOne/build/Build/Intermediates.noindex/HdWalletKit.build/Debug-iphonesimulator/HdWalletKit.build/swift-overrides.hmap -emit-const-values -Xfrontend -const-gather-protocols-file -Xfrontend /Users/j/Documents/GitHub/MoneroOne/build/Build/Intermediates.noindex/HdWalletKit.build/Debug-iphonesimulator/HdWalletKit.build/Objects-normal/arm64/HdWalletKit_const_extract_protocols.json -Xcc -I/Users/j/Documents/GitHub/MoneroOne/build/SourcePackages/checkouts/swift-crypto/Sources/CCryptoBoringSSLShims/include -Xcc -I/Users/j/Documents/GitHub/MoneroOne/build/SourcePackages/checkouts/swift-crypto/Sources/CCryptoBoringSSL/include -Xcc -I/Users/j/Documents/GitHub/MoneroOne/build/SourcePackages/checkouts/secp256k1.swift/Sources/secp256k1_bindings/include -Xcc -I/Users/j/Documents/GitHub/MoneroOne/build/SourcePackages/checkouts/HsCryptoKit.Swift/Sources/HsCryptoKitC/include -Xcc -I/Users/j/Documents/GitHub/MoneroOne/build/Build/Products/Debug-iphonesimulator/include -Xcc -I/Users/j/Documents/GitHub/MoneroOne/build/Build/Intermediates.noindex/HdWalletKit.build/Debug-iphonesimulator/HdWalletKit.build/DerivedSources-normal/arm64 -Xcc -I/Users/j/Documents/GitHub/MoneroOne/build/Build/Intermediates.noindex/HdWalletKit.build/Debug-iphonesimulator/HdWalletKit.build/DerivedSources/arm64 -Xcc -I/Users/j/Documents/GitHub/MoneroOne/build/Build/Intermediates.noindex/HdWalletKit.build/Debug-iphonesimulator/HdWalletKit.build/DerivedSources -Xcc -DSWIFT_PACKAGE -Xcc -DDEBUG\=1 -emit-objc-header -emit-objc-header-path /Users/j/Documents/GitHub/MoneroOne/build/Build/Intermediates.noindex/HdWalletKit.build/Debug-iphonesimulator/HdWalletKit.build/Objects-normal/arm64/HdWalletKit-Swift.h -working-directory /Users/j/Documents/GitHub/MoneroOne/MoneroOne.xcodeproj -experimental-emit-module-separately -disable-cmo

RegisterExecutionPolicyException /Users/j/Documents/GitHub/MoneroOne/build/Build/Products/Debug-iphonesimulator/HsCryptoKit.o (in target 'HsCryptoKit' from project 'HsCryptoKit.Swift')
    cd /Users/j/Documents/GitHub/MoneroOne/build/SourcePackages/checkouts/HsCryptoKit.Swift
    builtin-RegisterExecutionPolicyException /Users/j/Documents/GitHub/MoneroOne/build/Build/Products/Debug-iphonesimulator/HsCryptoKit.o

Ld /Users/j/Documents/GitHub/MoneroOne/build/Build/Products/Debug-iphonesimulator/HdWalletKit.o normal (in target 'HdWalletKit' from project 'HdWalletKit')
    cd /Users/j/Documents/GitHub/MoneroOne/build/SourcePackages/checkouts/HdWalletKit.Swift
    /Applications/Xcode.app/Contents/Developer/Toolchains/XcodeDefault.xctoolchain/usr/bin/clang -Xlinker -reproducible -target arm64-apple-ios13.0-simulator -r -isysroot /Applications/Xcode.app/Contents/Developer/Platforms/iPhoneSimulator.platform/Developer/SDKs/iPhoneSimulator26.1.sdk -O0 -w -L/Users/j/Documents/GitHub/MoneroOne/build/Build/Intermediates.noindex/EagerLinkingTBDs/Debug-iphonesimulator -L/Users/j/Documents/GitHub/MoneroOne/build/Build/Products/Debug-iphonesimulator -L/Applications/Xcode.app/Contents/Developer/Platforms/iPhoneSimulator.platform/Developer/usr/lib -F/Users/j/Documents/GitHub/MoneroOne/build/Build/Intermediates.noindex/EagerLinkingTBDs/Debug-iphonesimulator -F/Users/j/Documents/GitHub/MoneroOne/build/Build/Products/Debug-iphonesimulator/PackageFrameworks -F/Users/j/Documents/GitHub/MoneroOne/build/Build/Products/Debug-iphonesimulator/PackageFrameworks -F/Users/j/Documents/GitHub/MoneroOne/build/Build/Products/Debug-iphonesimulator/PackageFrameworks -F/Users/j/Documents/GitHub/MoneroOne/build/Build/Products/Debug-iphonesimulator/PackageFrameworks -F/Users/j/Documents/GitHub/MoneroOne/build/Build/Products/Debug-iphonesimulator/PackageFrameworks -F/Users/j/Documents/GitHub/MoneroOne/build/Build/Products/Debug-iphonesimulator/PackageFrameworks -F/Users/j/Documents/GitHub/MoneroOne/build/Build/Products/Debug-iphonesimulator/PackageFrameworks -F/Users/j/Documents/GitHub/MoneroOne/build/Build/Products/Debug-iphonesimulator/PackageFrameworks -F/Users/j/Documents/GitHub/MoneroOne/build/Build/Products/Debug-iphonesimulator/PackageFrameworks -F/Users/j/Documents/GitHub/MoneroOne/build/Build/Products/Debug-iphonesimulator/PackageFrameworks -F/Users/j/Documents/GitHub/MoneroOne/build/Build/Products/Debug-iphonesimulator/PackageFrameworks -F/Users/j/Documents/GitHub/MoneroOne/build/Build/Products/Debug-iphonesimulator -iframework /Applications/Xcode.app/Contents/Developer/Platforms/iPhoneSimulator.platform/Developer/Library/Frameworks -iframework /Applications/Xcode.app/Contents/Developer/Platforms/iPhoneSimulator.platform/Developer/SDKs/iPhoneSimulator26.1.sdk/Developer/Library/Frameworks -filelist /Users/j/Documents/GitHub/MoneroOne/build/Build/Intermediates.noindex/HdWalletKit.build/Debug-iphonesimulator/HdWalletKit.build/Objects-normal/arm64/HdWalletKit.LinkFileList -nostdlib -Xlinker -object_path_lto -Xlinker /Users/j/Documents/GitHub/MoneroOne/build/Build/Intermediates.noindex/HdWalletKit.build/Debug-iphonesimulator/HdWalletKit.build/Objects-normal/arm64/HdWalletKit_lto.o -rdynamic -Xlinker -no_deduplicate -Xlinker -objc_abi_version -Xlinker 2 -Xlinker -dependency_info -Xlinker /Users/j/Documents/GitHub/MoneroOne/build/Build/Intermediates.noindex/HdWalletKit.build/Debug-iphonesimulator/HdWalletKit.build/Objects-normal/arm64/HdWalletKit_dependency_info.dat -fobjc-link-runtime -L/Applications/Xcode.app/Contents/Developer/Toolchains/XcodeDefault.xctoolchain/usr/lib/swift/iphonesimulator -L/usr/lib/swift -Xlinker -add_ast_path -Xlinker /Users/j/Documents/GitHub/MoneroOne/build/Build/Intermediates.noindex/HdWalletKit.build/Debug-iphonesimulator/HdWalletKit.build/Objects-normal/arm64/HdWalletKit.swiftmodule @/Users/j/Documents/GitHub/MoneroOne/build/Build/Intermediates.noindex/HdWalletKit.build/Debug-iphonesimulator/HdWalletKit.build/Objects-normal/arm64/HdWalletKit-linker-args.resp -o /Users/j/Documents/GitHub/MoneroOne/build/Build/Products/Debug-iphonesimulator/HdWalletKit.o

SwiftDriverJobDiscovery normal arm64 Compiling ByteBuffer-binaryEncodedLengthPrefix.swift, ByteBuffer-conversions.swift, ByteBuffer-core.swift, ByteBuffer-hex.swift, ByteBuffer-int.swift, ByteBuffer-lengthPrefix.swift (in target 'NIOCore' from project 'swift-nio')

ExtractAppIntentsMetadata (in target 'HdWalletKit' from project 'HdWalletKit')
    cd /Users/j/Documents/GitHub/MoneroOne/build/SourcePackages/checkouts/HdWalletKit.Swift
    /Applications/Xcode.app/Contents/Developer/Toolchains/XcodeDefault.xctoolchain/usr/bin/appintentsmetadataprocessor --toolchain-dir /Applications/Xcode.app/Contents/Developer/Toolchains/XcodeDefault.xctoolchain --module-name HdWalletKit --sdk-root /Applications/Xcode.app/Contents/Developer/Platforms/iPhoneSimulator.platform/Developer/SDKs/iPhoneSimulator26.1.sdk --xcode-version 17B100 --platform-family iOS --deployment-target 13.0 --bundle-identifier hdwalletkit.swift.HdWalletKit --output /Users/j/Documents/GitHub/MoneroOne/build/Build/Products/Debug-iphonesimulator/HdWalletKit.appintents --target-triple arm64-apple-ios13.0-simulator --binary-file /Users/j/Documents/GitHub/MoneroOne/build/Build/Products/Debug-iphonesimulator/HdWalletKit.o --dependency-file /Users/j/Documents/GitHub/MoneroOne/build/Build/Intermediates.noindex/HdWalletKit.build/Debug-iphonesimulator/HdWalletKit.build/Objects-normal/arm64/HdWalletKit_dependency_info.dat --stringsdata-file /Users/j/Documents/GitHub/MoneroOne/build/Build/Intermediates.noindex/HdWalletKit.build/Debug-iphonesimulator/HdWalletKit.build/Objects-normal/arm64/ExtractedAppShortcutsMetadata.stringsdata --source-file-list /Users/j/Documents/GitHub/MoneroOne/build/Build/Intermediates.noindex/HdWalletKit.build/Debug-iphonesimulator/HdWalletKit.build/Objects-normal/arm64/HdWalletKit.SwiftFileList --metadata-file-list /Users/j/Documents/GitHub/MoneroOne/build/Build/Intermediates.noindex/HdWalletKit.build/Debug-iphonesimulator/HdWalletKit.build/HdWalletKit.DependencyMetadataFileList --static-metadata-file-list /Users/j/Documents/GitHub/MoneroOne/build/Build/Intermediates.noindex/HdWalletKit.build/Debug-iphonesimulator/HdWalletKit.build/HdWalletKit.DependencyStaticMetadataFileList --swift-const-vals-list /Users/j/Documents/GitHub/MoneroOne/build/Build/Intermediates.noindex/HdWalletKit.build/Debug-iphonesimulator/HdWalletKit.build/Objects-normal/arm64/HdWalletKit.SwiftConstValuesFileList --force --compile-time-extraction --deployment-aware-processing --validate-assistant-intents --no-app-shortcuts-localization
2026-01-18 15:26:07.891 appintentsmetadataprocessor[3862:39110118] Starting appintentsmetadataprocessor export
2026-01-18 15:26:07.991 appintentsmetadataprocessor[3862:39110118] Extracted no relevant App Intents symbols, skipping writing output

RegisterExecutionPolicyException /Users/j/Documents/GitHub/MoneroOne/build/Build/Products/Debug-iphonesimulator/HdWalletKit.o (in target 'HdWalletKit' from project 'HdWalletKit')
    cd /Users/j/Documents/GitHub/MoneroOne/build/SourcePackages/checkouts/HdWalletKit.Swift
    builtin-RegisterExecutionPolicyException /Users/j/Documents/GitHub/MoneroOne/build/Build/Products/Debug-iphonesimulator/HdWalletKit.o

SwiftDriverJobDiscovery normal arm64 Compiling NIOSplitLinesMessageDecoder.swift, RecvByteBufferAllocator.swift, SingleStepByteToMessageDecoder.swift, SocketAddresses.swift, SocketOptionProvider.swift (in target 'NIOCore' from project 'swift-nio')

SwiftDriverJobDiscovery normal arm64 Compiling NIOAsyncSequenceProducer.swift, NIOAsyncSequenceProducerStrategies.swift, NIOAsyncWriter.swift, NIOThrowingAsyncSequenceProducer.swift, BSDSocketAPI.swift, ByteBuffer-aux.swift (in target 'NIOCore' from project 'swift-nio')

SwiftDriverJobDiscovery normal arm64 Compiling ChannelInvoker.swift, ChannelOption.swift, ChannelPipeline.swift, CircularBuffer.swift, Codec.swift, ConvenienceOptionSupport.swift (in target 'NIOCore' from project 'swift-nio')

SwiftDriverJobDiscovery normal arm64 Compiling ByteBuffer-multi-int.swift, ByteBuffer-quicBinaryEncodingStrategy.swift, ByteBuffer-views.swift, Channel.swift, ChannelHandler.swift, ChannelHandlers.swift (in target 'NIOCore' from project 'swift-nio')

SwiftDriverJobDiscovery normal arm64 Emitting module for NIOCore (in target 'NIOCore' from project 'swift-nio')

SwiftDriver\ Compilation\ Requirements NIOCore normal arm64 com.apple.xcode.tools.swift.compiler (in target 'NIOCore' from project 'swift-nio')
    cd /Users/j/Documents/GitHub/MoneroOne/MoneroOne.xcodeproj
    builtin-Swift-Compilation-Requirements -- /Applications/Xcode.app/Contents/Developer/Toolchains/XcodeDefault.xctoolchain/usr/bin/swiftc -module-name NIOCore -Onone -enforce-exclusivity\=checked @/Users/j/Documents/GitHub/MoneroOne/build/Build/Intermediates.noindex/swift-nio.build/Debug-iphonesimulator/NIOCore.build/Objects-normal/arm64/NIOCore.SwiftFileList -DSWIFT_PACKAGE -DDEBUG -DSWIFT_MODULE_RESOURCE_BUNDLE_UNAVAILABLE -Xcc -fmodule-map-file\=/Users/j/Documents/GitHub/MoneroOne/build/Build/Intermediates.noindex/GeneratedModuleMaps-iphonesimulator/CNIOWASI.modulemap -Xcc -fmodule-map-file\=/Users/j/Documents/GitHub/MoneroOne/build/Build/Intermediates.noindex/GeneratedModuleMaps-iphonesimulator/CNIOLinux.modulemap -Xcc -fmodule-map-file\=/Users/j/Documents/GitHub/MoneroOne/build/Build/Intermediates.noindex/GeneratedModuleMaps-iphonesimulator/CNIODarwin.modulemap -Xcc -fmodule-map-file\=/Users/j/Documents/GitHub/MoneroOne/build/Build/Intermediates.noindex/GeneratedModuleMaps-iphonesimulator/CNIOOpenBSD.modulemap -Xcc -fmodule-map-file\=/Users/j/Documents/GitHub/MoneroOne/build/Build/Intermediates.noindex/GeneratedModuleMaps-iphonesimulator/CNIOAtomics.modulemap -DXcode -enable-experimental-feature Lifetimes -enable-upcoming-feature MemberImportVisibility -plugin-path /Applications/Xcode.app/Contents/Developer/Toolchains/XcodeDefault.xctoolchain/usr/lib/swift/host/plugins/testing -enable-experimental-feature DebugDescriptionMacro -sdk /Applications/Xcode.app/Contents/Developer/Platforms/iPhoneSimulator.platform/Developer/SDKs/iPhoneSimulator26.1.sdk -target arm64-apple-ios12.0-simulator -g -module-cache-path /Users/j/Documents/GitHub/MoneroOne/build/ModuleCache.noindex -Xfrontend -serialize-debugging-options -enable-testing -suppress-warnings -index-store-path /Users/j/Documents/GitHub/MoneroOne/build/Index.noindex/DataStore -Xcc -D_LIBCPP_HARDENING_MODE\=_LIBCPP_HARDENING_MODE_DEBUG -swift-version 6 -I /Users/j/Documents/GitHub/MoneroOne/build/Build/Products/Debug-iphonesimulator -Isystem /Applications/Xcode.app/Contents/Developer/Platforms/iPhoneSimulator.platform/Developer/usr/lib -F /Users/j/Documents/GitHub/MoneroOne/build/Build/Products/Debug-iphonesimulator/PackageFrameworks -F /Users/j/Documents/GitHub/MoneroOne/build/Build/Products/Debug-iphonesimulator/PackageFrameworks -F /Users/j/Documents/GitHub/MoneroOne/build/Build/Products/Debug-iphonesimulator/PackageFrameworks -F /Users/j/Documents/GitHub/MoneroOne/build/Build/Products/Debug-iphonesimulator/PackageFrameworks -F /Users/j/Documents/GitHub/MoneroOne/build/Build/Products/Debug-iphonesimulator/PackageFrameworks -F /Users/j/Documents/GitHub/MoneroOne/build/Build/Products/Debug-iphonesimulator/PackageFrameworks -F /Users/j/Documents/GitHub/MoneroOne/build/Build/Products/Debug-iphonesimulator/PackageFrameworks -F /Users/j/Documents/GitHub/MoneroOne/build/Build/Products/Debug-iphonesimulator/PackageFrameworks -F /Users/j/Documents/GitHub/MoneroOne/build/Build/Products/Debug-iphonesimulator/PackageFrameworks -F /Users/j/Documents/GitHub/MoneroOne/build/Build/Products/Debug-iphonesimulator/PackageFrameworks -F /Users/j/Documents/GitHub/MoneroOne/build/Build/Products/Debug-iphonesimulator/PackageFrameworks -F /Users/j/Documents/GitHub/MoneroOne/build/Build/Products/Debug-iphonesimulator/PackageFrameworks -F /Users/j/Documents/GitHub/MoneroOne/build/Build/Products/Debug-iphonesimulator/PackageFrameworks -F /Users/j/Documents/GitHub/MoneroOne/build/Build/Products/Debug-iphonesimulator -F /Applications/Xcode.app/Contents/Developer/Platforms/iPhoneSimulator.platform/Developer/Library/Frameworks -F /Applications/Xcode.app/Contents/Developer/Platforms/iPhoneSimulator.platform/Developer/SDKs/iPhoneSimulator26.1.sdk/Developer/Library/Frameworks -c -j12 -enable-batch-mode -incremental -Xcc -ivfsstatcache -Xcc /Users/j/Documents/GitHub/MoneroOne/build/SDKStatCaches.noindex/iphonesimulator26.1-23B77-90cf18a4295e390e64c810bc6bd7acbc.sdkstatcache -output-file-map /Users/j/Documents/GitHub/MoneroOne/build/Build/Intermediates.noindex/swift-nio.build/Debug-iphonesimulator/NIOCore.build/Objects-normal/arm64/NIOCore-OutputFileMap.json -use-frontend-parseable-output -save-temps -no-color-diagnostics -explicit-module-build -module-cache-path /Users/j/Documents/GitHub/MoneroOne/build/Build/Intermediates.noindex/SwiftExplicitPrecompiledModules -clang-scanner-module-cache-path /Users/j/Documents/GitHub/MoneroOne/build/ModuleCache.noindex -sdk-module-cache-path /Users/j/Documents/GitHub/MoneroOne/build/ModuleCache.noindex -serialize-diagnostics -emit-dependencies -emit-module -emit-module-path /Users/j/Documents/GitHub/MoneroOne/build/Build/Intermediates.noindex/swift-nio.build/Debug-iphonesimulator/NIOCore.build/Objects-normal/arm64/NIOCore.swiftmodule -user-module-version 2.92.2 -validate-clang-modules-once -clang-build-session-file /Users/j/Documents/GitHub/MoneroOne/build/ModuleCache.noindex/Session.modulevalidation -package-name swift_nio -Xcc -I/Users/j/Documents/GitHub/MoneroOne/build/Build/Intermediates.noindex/swift-nio.build/Debug-iphonesimulator/NIOCore.build/swift-overrides.hmap -emit-const-values -Xfrontend -const-gather-protocols-file -Xfrontend /Users/j/Documents/GitHub/MoneroOne/build/Build/Intermediates.noindex/swift-nio.build/Debug-iphonesimulator/NIOCore.build/Objects-normal/arm64/NIOCore_const_extract_protocols.json -Xcc -I/Users/j/Documents/GitHub/MoneroOne/build/SourcePackages/checkouts/swift-atomics/Sources/_AtomicsShims/include -Xcc -I/Users/j/Documents/GitHub/MoneroOne/build/SourcePackages/checkouts/swift-nio/Sources/CNIOWASI/include -Xcc -I/Users/j/Documents/GitHub/MoneroOne/build/SourcePackages/checkouts/swift-nio/Sources/CNIOWindows/include -Xcc -I/Users/j/Documents/GitHub/MoneroOne/build/SourcePackages/checkouts/swift-nio/Sources/CNIOLinux/include -Xcc -I/Users/j/Documents/GitHub/MoneroOne/build/SourcePackages/checkouts/swift-nio/Sources/CNIODarwin/include -Xcc -I/Users/j/Documents/GitHub/MoneroOne/build/SourcePackages/checkouts/swift-nio/Sources/CNIOOpenBSD/include -Xcc -I/Users/j/Documents/GitHub/MoneroOne/build/SourcePackages/checkouts/swift-nio/Sources/CNIOAtomics/include -Xcc -I/Users/j/Documents/GitHub/MoneroOne/build/Build/Products/Debug-iphonesimulator/include -Xcc -I/Users/j/Documents/GitHub/MoneroOne/build/Build/Intermediates.noindex/swift-nio.build/Debug-iphonesimulator/NIOCore.build/DerivedSources-normal/arm64 -Xcc -I/Users/j/Documents/GitHub/MoneroOne/build/Build/Intermediates.noindex/swift-nio.build/Debug-iphonesimulator/NIOCore.build/DerivedSources/arm64 -Xcc -I/Users/j/Documents/GitHub/MoneroOne/build/Build/Intermediates.noindex/swift-nio.build/Debug-iphonesimulator/NIOCore.build/DerivedSources -Xcc -DSWIFT_PACKAGE -Xcc -DDEBUG\=1 -emit-objc-header -emit-objc-header-path /Users/j/Documents/GitHub/MoneroOne/build/Build/Intermediates.noindex/swift-nio.build/Debug-iphonesimulator/NIOCore.build/Objects-normal/arm64/NIOCore-Swift.h -working-directory /Users/j/Documents/GitHub/MoneroOne/MoneroOne.xcodeproj -experimental-emit-module-separately -disable-cmo

SwiftDriver\ Compilation NIOCore normal arm64 com.apple.xcode.tools.swift.compiler (in target 'NIOCore' from project 'swift-nio')
    cd /Users/j/Documents/GitHub/MoneroOne/MoneroOne.xcodeproj
    builtin-Swift-Compilation -- /Applications/Xcode.app/Contents/Developer/Toolchains/XcodeDefault.xctoolchain/usr/bin/swiftc -module-name NIOCore -Onone -enforce-exclusivity\=checked @/Users/j/Documents/GitHub/MoneroOne/build/Build/Intermediates.noindex/swift-nio.build/Debug-iphonesimulator/NIOCore.build/Objects-normal/arm64/NIOCore.SwiftFileList -DSWIFT_PACKAGE -DDEBUG -DSWIFT_MODULE_RESOURCE_BUNDLE_UNAVAILABLE -Xcc -fmodule-map-file\=/Users/j/Documents/GitHub/MoneroOne/build/Build/Intermediates.noindex/GeneratedModuleMaps-iphonesimulator/CNIOWASI.modulemap -Xcc -fmodule-map-file\=/Users/j/Documents/GitHub/MoneroOne/build/Build/Intermediates.noindex/GeneratedModuleMaps-iphonesimulator/CNIOLinux.modulemap -Xcc -fmodule-map-file\=/Users/j/Documents/GitHub/MoneroOne/build/Build/Intermediates.noindex/GeneratedModuleMaps-iphonesimulator/CNIODarwin.modulemap -Xcc -fmodule-map-file\=/Users/j/Documents/GitHub/MoneroOne/build/Build/Intermediates.noindex/GeneratedModuleMaps-iphonesimulator/CNIOOpenBSD.modulemap -Xcc -fmodule-map-file\=/Users/j/Documents/GitHub/MoneroOne/build/Build/Intermediates.noindex/GeneratedModuleMaps-iphonesimulator/CNIOAtomics.modulemap -DXcode -enable-experimental-feature Lifetimes -enable-upcoming-feature MemberImportVisibility -plugin-path /Applications/Xcode.app/Contents/Developer/Toolchains/XcodeDefault.xctoolchain/usr/lib/swift/host/plugins/testing -enable-experimental-feature DebugDescriptionMacro -sdk /Applications/Xcode.app/Contents/Developer/Platforms/iPhoneSimulator.platform/Developer/SDKs/iPhoneSimulator26.1.sdk -target arm64-apple-ios12.0-simulator -g -module-cache-path /Users/j/Documents/GitHub/MoneroOne/build/ModuleCache.noindex -Xfrontend -serialize-debugging-options -enable-testing -suppress-warnings -index-store-path /Users/j/Documents/GitHub/MoneroOne/build/Index.noindex/DataStore -Xcc -D_LIBCPP_HARDENING_MODE\=_LIBCPP_HARDENING_MODE_DEBUG -swift-version 6 -I /Users/j/Documents/GitHub/MoneroOne/build/Build/Products/Debug-iphonesimulator -Isystem /Applications/Xcode.app/Contents/Developer/Platforms/iPhoneSimulator.platform/Developer/usr/lib -F /Users/j/Documents/GitHub/MoneroOne/build/Build/Products/Debug-iphonesimulator/PackageFrameworks -F /Users/j/Documents/GitHub/MoneroOne/build/Build/Products/Debug-iphonesimulator/PackageFrameworks -F /Users/j/Documents/GitHub/MoneroOne/build/Build/Products/Debug-iphonesimulator/PackageFrameworks -F /Users/j/Documents/GitHub/MoneroOne/build/Build/Products/Debug-iphonesimulator/PackageFrameworks -F /Users/j/Documents/GitHub/MoneroOne/build/Build/Products/Debug-iphonesimulator/PackageFrameworks -F /Users/j/Documents/GitHub/MoneroOne/build/Build/Products/Debug-iphonesimulator/PackageFrameworks -F /Users/j/Documents/GitHub/MoneroOne/build/Build/Products/Debug-iphonesimulator/PackageFrameworks -F /Users/j/Documents/GitHub/MoneroOne/build/Build/Products/Debug-iphonesimulator/PackageFrameworks -F /Users/j/Documents/GitHub/MoneroOne/build/Build/Products/Debug-iphonesimulator/PackageFrameworks -F /Users/j/Documents/GitHub/MoneroOne/build/Build/Products/Debug-iphonesimulator/PackageFrameworks -F /Users/j/Documents/GitHub/MoneroOne/build/Build/Products/Debug-iphonesimulator/PackageFrameworks -F /Users/j/Documents/GitHub/MoneroOne/build/Build/Products/Debug-iphonesimulator/PackageFrameworks -F /Users/j/Documents/GitHub/MoneroOne/build/Build/Products/Debug-iphonesimulator/PackageFrameworks -F /Users/j/Documents/GitHub/MoneroOne/build/Build/Products/Debug-iphonesimulator -F /Applications/Xcode.app/Contents/Developer/Platforms/iPhoneSimulator.platform/Developer/Library/Frameworks -F /Applications/Xcode.app/Contents/Developer/Platforms/iPhoneSimulator.platform/Developer/SDKs/iPhoneSimulator26.1.sdk/Developer/Library/Frameworks -c -j12 -enable-batch-mode -incremental -Xcc -ivfsstatcache -Xcc /Users/j/Documents/GitHub/MoneroOne/build/SDKStatCaches.noindex/iphonesimulator26.1-23B77-90cf18a4295e390e64c810bc6bd7acbc.sdkstatcache -output-file-map /Users/j/Documents/GitHub/MoneroOne/build/Build/Intermediates.noindex/swift-nio.build/Debug-iphonesimulator/NIOCore.build/Objects-normal/arm64/NIOCore-OutputFileMap.json -use-frontend-parseable-output -save-temps -no-color-diagnostics -explicit-module-build -module-cache-path /Users/j/Documents/GitHub/MoneroOne/build/Build/Intermediates.noindex/SwiftExplicitPrecompiledModules -clang-scanner-module-cache-path /Users/j/Documents/GitHub/MoneroOne/build/ModuleCache.noindex -sdk-module-cache-path /Users/j/Documents/GitHub/MoneroOne/build/ModuleCache.noindex -serialize-diagnostics -emit-dependencies -emit-module -emit-module-path /Users/j/Documents/GitHub/MoneroOne/build/Build/Intermediates.noindex/swift-nio.build/Debug-iphonesimulator/NIOCore.build/Objects-normal/arm64/NIOCore.swiftmodule -user-module-version 2.92.2 -validate-clang-modules-once -clang-build-session-file /Users/j/Documents/GitHub/MoneroOne/build/ModuleCache.noindex/Session.modulevalidation -package-name swift_nio -Xcc -I/Users/j/Documents/GitHub/MoneroOne/build/Build/Intermediates.noindex/swift-nio.build/Debug-iphonesimulator/NIOCore.build/swift-overrides.hmap -emit-const-values -Xfrontend -const-gather-protocols-file -Xfrontend /Users/j/Documents/GitHub/MoneroOne/build/Build/Intermediates.noindex/swift-nio.build/Debug-iphonesimulator/NIOCore.build/Objects-normal/arm64/NIOCore_const_extract_protocols.json -Xcc -I/Users/j/Documents/GitHub/MoneroOne/build/SourcePackages/checkouts/swift-atomics/Sources/_AtomicsShims/include -Xcc -I/Users/j/Documents/GitHub/MoneroOne/build/SourcePackages/checkouts/swift-nio/Sources/CNIOWASI/include -Xcc -I/Users/j/Documents/GitHub/MoneroOne/build/SourcePackages/checkouts/swift-nio/Sources/CNIOWindows/include -Xcc -I/Users/j/Documents/GitHub/MoneroOne/build/SourcePackages/checkouts/swift-nio/Sources/CNIOLinux/include -Xcc -I/Users/j/Documents/GitHub/MoneroOne/build/SourcePackages/checkouts/swift-nio/Sources/CNIODarwin/include -Xcc -I/Users/j/Documents/GitHub/MoneroOne/build/SourcePackages/checkouts/swift-nio/Sources/CNIOOpenBSD/include -Xcc -I/Users/j/Documents/GitHub/MoneroOne/build/SourcePackages/checkouts/swift-nio/Sources/CNIOAtomics/include -Xcc -I/Users/j/Documents/GitHub/MoneroOne/build/Build/Products/Debug-iphonesimulator/include -Xcc -I/Users/j/Documents/GitHub/MoneroOne/build/Build/Intermediates.noindex/swift-nio.build/Debug-iphonesimulator/NIOCore.build/DerivedSources-normal/arm64 -Xcc -I/Users/j/Documents/GitHub/MoneroOne/build/Build/Intermediates.noindex/swift-nio.build/Debug-iphonesimulator/NIOCore.build/DerivedSources/arm64 -Xcc -I/Users/j/Documents/GitHub/MoneroOne/build/Build/Intermediates.noindex/swift-nio.build/Debug-iphonesimulator/NIOCore.build/DerivedSources -Xcc -DSWIFT_PACKAGE -Xcc -DDEBUG\=1 -emit-objc-header -emit-objc-header-path /Users/j/Documents/GitHub/MoneroOne/build/Build/Intermediates.noindex/swift-nio.build/Debug-iphonesimulator/NIOCore.build/Objects-normal/arm64/NIOCore-Swift.h -working-directory /Users/j/Documents/GitHub/MoneroOne/MoneroOne.xcodeproj -experimental-emit-module-separately -disable-cmo

SwiftMergeGeneratedHeaders /Users/j/Documents/GitHub/MoneroOne/build/Build/Intermediates.noindex/GeneratedModuleMaps-iphonesimulator/NIOCore-Swift.h /Users/j/Documents/GitHub/MoneroOne/build/Build/Intermediates.noindex/swift-nio.build/Debug-iphonesimulator/NIOCore.build/Objects-normal/arm64/NIOCore-Swift.h (in target 'NIOCore' from project 'swift-nio')
    cd /Users/j/Documents/GitHub/MoneroOne/build/SourcePackages/checkouts/swift-nio
    builtin-swiftHeaderTool -arch arm64 /Users/j/Documents/GitHub/MoneroOne/build/Build/Intermediates.noindex/swift-nio.build/Debug-iphonesimulator/NIOCore.build/Objects-normal/arm64/NIOCore-Swift.h -o /Users/j/Documents/GitHub/MoneroOne/build/Build/Intermediates.noindex/GeneratedModuleMaps-iphonesimulator/NIOCore-Swift.h

Copy /Users/j/Documents/GitHub/MoneroOne/build/Build/Products/Debug-iphonesimulator/NIOCore.swiftmodule/arm64-apple-ios-simulator.swiftdoc /Users/j/Documents/GitHub/MoneroOne/build/Build/Intermediates.noindex/swift-nio.build/Debug-iphonesimulator/NIOCore.build/Objects-normal/arm64/NIOCore.swiftdoc (in target 'NIOCore' from project 'swift-nio')
    cd /Users/j/Documents/GitHub/MoneroOne/build/SourcePackages/checkouts/swift-nio
    builtin-copy -exclude .DS_Store -exclude CVS -exclude .svn -exclude .git -exclude .hg -resolve-src-symlinks -rename /Users/j/Documents/GitHub/MoneroOne/build/Build/Intermediates.noindex/swift-nio.build/Debug-iphonesimulator/NIOCore.build/Objects-normal/arm64/NIOCore.swiftdoc /Users/j/Documents/GitHub/MoneroOne/build/Build/Products/Debug-iphonesimulator/NIOCore.swiftmodule/arm64-apple-ios-simulator.swiftdoc

Copy /Users/j/Documents/GitHub/MoneroOne/build/Build/Products/Debug-iphonesimulator/NIOCore.swiftmodule/arm64-apple-ios-simulator.abi.json /Users/j/Documents/GitHub/MoneroOne/build/Build/Intermediates.noindex/swift-nio.build/Debug-iphonesimulator/NIOCore.build/Objects-normal/arm64/NIOCore.abi.json (in target 'NIOCore' from project 'swift-nio')
    cd /Users/j/Documents/GitHub/MoneroOne/build/SourcePackages/checkouts/swift-nio
    builtin-copy -exclude .DS_Store -exclude CVS -exclude .svn -exclude .git -exclude .hg -resolve-src-symlinks -rename /Users/j/Documents/GitHub/MoneroOne/build/Build/Intermediates.noindex/swift-nio.build/Debug-iphonesimulator/NIOCore.build/Objects-normal/arm64/NIOCore.abi.json /Users/j/Documents/GitHub/MoneroOne/build/Build/Products/Debug-iphonesimulator/NIOCore.swiftmodule/arm64-apple-ios-simulator.abi.json

Copy /Users/j/Documents/GitHub/MoneroOne/build/Build/Products/Debug-iphonesimulator/NIOCore.swiftmodule/arm64-apple-ios-simulator.swiftmodule /Users/j/Documents/GitHub/MoneroOne/build/Build/Intermediates.noindex/swift-nio.build/Debug-iphonesimulator/NIOCore.build/Objects-normal/arm64/NIOCore.swiftmodule (in target 'NIOCore' from project 'swift-nio')
    cd /Users/j/Documents/GitHub/MoneroOne/build/SourcePackages/checkouts/swift-nio
    builtin-copy -exclude .DS_Store -exclude CVS -exclude .svn -exclude .git -exclude .hg -resolve-src-symlinks -rename /Users/j/Documents/GitHub/MoneroOne/build/Build/Intermediates.noindex/swift-nio.build/Debug-iphonesimulator/NIOCore.build/Objects-normal/arm64/NIOCore.swiftmodule /Users/j/Documents/GitHub/MoneroOne/build/Build/Products/Debug-iphonesimulator/NIOCore.swiftmodule/arm64-apple-ios-simulator.swiftmodule

Copy /Users/j/Documents/GitHub/MoneroOne/build/Build/Products/Debug-iphonesimulator/NIOCore.swiftmodule/Project/arm64-apple-ios-simulator.swiftsourceinfo /Users/j/Documents/GitHub/MoneroOne/build/Build/Intermediates.noindex/swift-nio.build/Debug-iphonesimulator/NIOCore.build/Objects-normal/arm64/NIOCore.swiftsourceinfo (in target 'NIOCore' from project 'swift-nio')
    cd /Users/j/Documents/GitHub/MoneroOne/build/SourcePackages/checkouts/swift-nio
    builtin-copy -exclude .DS_Store -exclude CVS -exclude .svn -exclude .git -exclude .hg -resolve-src-symlinks -rename /Users/j/Documents/GitHub/MoneroOne/build/Build/Intermediates.noindex/swift-nio.build/Debug-iphonesimulator/NIOCore.build/Objects-normal/arm64/NIOCore.swiftsourceinfo /Users/j/Documents/GitHub/MoneroOne/build/Build/Products/Debug-iphonesimulator/NIOCore.swiftmodule/Project/arm64-apple-ios-simulator.swiftsourceinfo

Ld /Users/j/Documents/GitHub/MoneroOne/build/Build/Products/Debug-iphonesimulator/NIOCore.o normal (in target 'NIOCore' from project 'swift-nio')
    cd /Users/j/Documents/GitHub/MoneroOne/build/SourcePackages/checkouts/swift-nio
    /Applications/Xcode.app/Contents/Developer/Toolchains/XcodeDefault.xctoolchain/usr/bin/clang -Xlinker -reproducible -target arm64-apple-ios12.0-simulator -r -isysroot /Applications/Xcode.app/Contents/Developer/Platforms/iPhoneSimulator.platform/Developer/SDKs/iPhoneSimulator26.1.sdk -O0 -w -L/Users/j/Documents/GitHub/MoneroOne/build/Build/Intermediates.noindex/EagerLinkingTBDs/Debug-iphonesimulator -L/Users/j/Documents/GitHub/MoneroOne/build/Build/Products/Debug-iphonesimulator -L/Applications/Xcode.app/Contents/Developer/Platforms/iPhoneSimulator.platform/Developer/usr/lib -F/Users/j/Documents/GitHub/MoneroOne/build/Build/Intermediates.noindex/EagerLinkingTBDs/Debug-iphonesimulator -F/Users/j/Documents/GitHub/MoneroOne/build/Build/Products/Debug-iphonesimulator/PackageFrameworks -F/Users/j/Documents/GitHub/MoneroOne/build/Build/Products/Debug-iphonesimulator/PackageFrameworks -F/Users/j/Documents/GitHub/MoneroOne/build/Build/Products/Debug-iphonesimulator/PackageFrameworks -F/Users/j/Documents/GitHub/MoneroOne/build/Build/Products/Debug-iphonesimulator/PackageFrameworks -F/Users/j/Documents/GitHub/MoneroOne/build/Build/Products/Debug-iphonesimulator/PackageFrameworks -F/Users/j/Documents/GitHub/MoneroOne/build/Build/Products/Debug-iphonesimulator/PackageFrameworks -F/Users/j/Documents/GitHub/MoneroOne/build/Build/Products/Debug-iphonesimulator/PackageFrameworks -F/Users/j/Documents/GitHub/MoneroOne/build/Build/Products/Debug-iphonesimulator/PackageFrameworks -F/Users/j/Documents/GitHub/MoneroOne/build/Build/Products/Debug-iphonesimulator/PackageFrameworks -F/Users/j/Documents/GitHub/MoneroOne/build/Build/Products/Debug-iphonesimulator/PackageFrameworks -F/Users/j/Documents/GitHub/MoneroOne/build/Build/Products/Debug-iphonesimulator/PackageFrameworks -F/Users/j/Documents/GitHub/MoneroOne/build/Build/Products/Debug-iphonesimulator/PackageFrameworks -F/Users/j/Documents/GitHub/MoneroOne/build/Build/Products/Debug-iphonesimulator/PackageFrameworks -F/Users/j/Documents/GitHub/MoneroOne/build/Build/Products/Debug-iphonesimulator -iframework /Applications/Xcode.app/Contents/Developer/Platforms/iPhoneSimulator.platform/Developer/Library/Frameworks -iframework /Applications/Xcode.app/Contents/Developer/Platforms/iPhoneSimulator.platform/Developer/SDKs/iPhoneSimulator26.1.sdk/Developer/Library/Frameworks -filelist /Users/j/Documents/GitHub/MoneroOne/build/Build/Intermediates.noindex/swift-nio.build/Debug-iphonesimulator/NIOCore.build/Objects-normal/arm64/NIOCore.LinkFileList -nostdlib -Xlinker -object_path_lto -Xlinker /Users/j/Documents/GitHub/MoneroOne/build/Build/Intermediates.noindex/swift-nio.build/Debug-iphonesimulator/NIOCore.build/Objects-normal/arm64/NIOCore_lto.o -rdynamic -Xlinker -no_deduplicate -Xlinker -objc_abi_version -Xlinker 2 -Xlinker -dependency_info -Xlinker /Users/j/Documents/GitHub/MoneroOne/build/Build/Intermediates.noindex/swift-nio.build/Debug-iphonesimulator/NIOCore.build/Objects-normal/arm64/NIOCore_dependency_info.dat -fobjc-link-runtime -L/Applications/Xcode.app/Contents/Developer/Toolchains/XcodeDefault.xctoolchain/usr/lib/swift/iphonesimulator -L/usr/lib/swift -Xlinker -add_ast_path -Xlinker /Users/j/Documents/GitHub/MoneroOne/build/Build/Intermediates.noindex/swift-nio.build/Debug-iphonesimulator/NIOCore.build/Objects-normal/arm64/NIOCore.swiftmodule @/Users/j/Documents/GitHub/MoneroOne/build/Build/Intermediates.noindex/swift-nio.build/Debug-iphonesimulator/NIOCore.build/Objects-normal/arm64/NIOCore-linker-args.resp -o /Users/j/Documents/GitHub/MoneroOne/build/Build/Products/Debug-iphonesimulator/NIOCore.o

SwiftDriver NIOPosix normal arm64 com.apple.xcode.tools.swift.compiler (in target 'NIOPosix' from project 'swift-nio')
    cd /Users/j/Documents/GitHub/MoneroOne/MoneroOne.xcodeproj
    builtin-SwiftDriver -- /Applications/Xcode.app/Contents/Developer/Toolchains/XcodeDefault.xctoolchain/usr/bin/swiftc -module-name NIOPosix -Onone -enforce-exclusivity\=checked @/Users/j/Documents/GitHub/MoneroOne/build/Build/Intermediates.noindex/swift-nio.build/Debug-iphonesimulator/NIOPosix.build/Objects-normal/arm64/NIOPosix.SwiftFileList -DSWIFT_PACKAGE -DDEBUG -DSWIFT_MODULE_RESOURCE_BUNDLE_AVAILABLE -Xcc -fmodule-map-file\=/Users/j/Documents/GitHub/MoneroOne/build/Build/Intermediates.noindex/GeneratedModuleMaps-iphonesimulator/CNIOPosix.modulemap -Xcc -fmodule-map-file\=/Users/j/Documents/GitHub/MoneroOne/build/Build/Intermediates.noindex/GeneratedModuleMaps-iphonesimulator/CNIOWASI.modulemap -Xcc -fmodule-map-file\=/Users/j/Documents/GitHub/MoneroOne/build/Build/Intermediates.noindex/GeneratedModuleMaps-iphonesimulator/CNIOAtomics.modulemap -Xcc -fmodule-map-file\=/Users/j/Documents/GitHub/MoneroOne/build/Build/Intermediates.noindex/GeneratedModuleMaps-iphonesimulator/CNIODarwin.modulemap -Xcc -fmodule-map-file\=/Users/j/Documents/GitHub/MoneroOne/build/Build/Intermediates.noindex/GeneratedModuleMaps-iphonesimulator/CNIOLinux.modulemap -Xcc -fmodule-map-file\=/Users/j/Documents/GitHub/MoneroOne/build/Build/Intermediates.noindex/GeneratedModuleMaps-iphonesimulator/CNIOOpenBSD.modulemap -DXcode -enable-experimental-feature Lifetimes -enable-upcoming-feature MemberImportVisibility -plugin-path /Applications/Xcode.app/Contents/Developer/Toolchains/XcodeDefault.xctoolchain/usr/lib/swift/host/plugins/testing -enable-experimental-feature DebugDescriptionMacro -sdk /Applications/Xcode.app/Contents/Developer/Platforms/iPhoneSimulator.platform/Developer/SDKs/iPhoneSimulator26.1.sdk -target arm64-apple-ios12.0-simulator -g -module-cache-path /Users/j/Documents/GitHub/MoneroOne/build/ModuleCache.noindex -Xfrontend -serialize-debugging-options -enable-testing -suppress-warnings -index-store-path /Users/j/Documents/GitHub/MoneroOne/build/Index.noindex/DataStore -Xcc -D_LIBCPP_HARDENING_MODE\=_LIBCPP_HARDENING_MODE_DEBUG -swift-version 6 -I /Users/j/Documents/GitHub/MoneroOne/build/Build/Products/Debug-iphonesimulator -Isystem /Applications/Xcode.app/Contents/Developer/Platforms/iPhoneSimulator.platform/Developer/usr/lib -F /Users/j/Documents/GitHub/MoneroOne/build/Build/Products/Debug-iphonesimulator/PackageFrameworks -F /Users/j/Documents/GitHub/MoneroOne/build/Build/Products/Debug-iphonesimulator/PackageFrameworks -F /Users/j/Documents/GitHub/MoneroOne/build/Build/Products/Debug-iphonesimulator/PackageFrameworks -F /Users/j/Documents/GitHub/MoneroOne/build/Build/Products/Debug-iphonesimulator/PackageFrameworks -F /Users/j/Documents/GitHub/MoneroOne/build/Build/Products/Debug-iphonesimulator/PackageFrameworks -F /Users/j/Documents/GitHub/MoneroOne/build/Build/Products/Debug-iphonesimulator/PackageFrameworks -F /Users/j/Documents/GitHub/MoneroOne/build/Build/Products/Debug-iphonesimulator/PackageFrameworks -F /Users/j/Documents/GitHub/MoneroOne/build/Build/Products/Debug-iphonesimulator/PackageFrameworks -F /Users/j/Documents/GitHub/MoneroOne/build/Build/Products/Debug-iphonesimulator/PackageFrameworks -F /Users/j/Documents/GitHub/MoneroOne/build/Build/Products/Debug-iphonesimulator/PackageFrameworks -F /Users/j/Documents/GitHub/MoneroOne/build/Build/Products/Debug-iphonesimulator/PackageFrameworks -F /Users/j/Documents/GitHub/MoneroOne/build/Build/Products/Debug-iphonesimulator/PackageFrameworks -F /Users/j/Documents/GitHub/MoneroOne/build/Build/Products/Debug-iphonesimulator/PackageFrameworks -F /Users/j/Documents/GitHub/MoneroOne/build/Build/Products/Debug-iphonesimulator/PackageFrameworks -F /Users/j/Documents/GitHub/MoneroOne/build/Build/Products/Debug-iphonesimulator/PackageFrameworks -F /Users/j/Documents/GitHub/MoneroOne/build/Build/Products/Debug-iphonesimulator -F /Applications/Xcode.app/Contents/Developer/Platforms/iPhoneSimulator.platform/Developer/Library/Frameworks -F /Applications/Xcode.app/Contents/Developer/Platforms/iPhoneSimulator.platform/Developer/SDKs/iPhoneSimulator26.1.sdk/Developer/Library/Frameworks -c -j12 -enable-batch-mode -incremental -Xcc -ivfsstatcache -Xcc /Users/j/Documents/GitHub/MoneroOne/build/SDKStatCaches.noindex/iphonesimulator26.1-23B77-90cf18a4295e390e64c810bc6bd7acbc.sdkstatcache -output-file-map /Users/j/Documents/GitHub/MoneroOne/build/Build/Intermediates.noindex/swift-nio.build/Debug-iphonesimulator/NIOPosix.build/Objects-normal/arm64/NIOPosix-OutputFileMap.json -use-frontend-parseable-output -save-temps -no-color-diagnostics -explicit-module-build -module-cache-path /Users/j/Documents/GitHub/MoneroOne/build/Build/Intermediates.noindex/SwiftExplicitPrecompiledModules -clang-scanner-module-cache-path /Users/j/Documents/GitHub/MoneroOne/build/ModuleCache.noindex -sdk-module-cache-path /Users/j/Documents/GitHub/MoneroOne/build/ModuleCache.noindex -serialize-diagnostics -emit-dependencies -emit-module -emit-module-path /Users/j/Documents/GitHub/MoneroOne/build/Build/Intermediates.noindex/swift-nio.build/Debug-iphonesimulator/NIOPosix.build/Objects-normal/arm64/NIOPosix.swiftmodule -user-module-version 2.92.2 -validate-clang-modules-once -clang-build-session-file /Users/j/Documents/GitHub/MoneroOne/build/ModuleCache.noindex/Session.modulevalidation -package-name swift_nio -Xcc -I/Users/j/Documents/GitHub/MoneroOne/build/Build/Intermediates.noindex/swift-nio.build/Debug-iphonesimulator/NIOPosix.build/swift-overrides.hmap -emit-const-values -Xfrontend -const-gather-protocols-file -Xfrontend /Users/j/Documents/GitHub/MoneroOne/build/Build/Intermediates.noindex/swift-nio.build/Debug-iphonesimulator/NIOPosix.build/Objects-normal/arm64/NIOPosix_const_extract_protocols.json -Xcc -I/Users/j/Documents/GitHub/MoneroOne/build/SourcePackages/checkouts/swift-atomics/Sources/_AtomicsShims/include -Xcc -I/Users/j/Documents/GitHub/MoneroOne/build/SourcePackages/checkouts/swift-nio/Sources/CNIOPosix/include -Xcc -I/Users/j/Documents/GitHub/MoneroOne/build/SourcePackages/checkouts/swift-nio/Sources/CNIOWASI/include -Xcc -I/Users/j/Documents/GitHub/MoneroOne/build/SourcePackages/checkouts/swift-nio/Sources/CNIOAtomics/include -Xcc -I/Users/j/Documents/GitHub/MoneroOne/build/SourcePackages/checkouts/swift-nio/Sources/CNIOWindows/include -Xcc -I/Users/j/Documents/GitHub/MoneroOne/build/SourcePackages/checkouts/swift-nio/Sources/CNIODarwin/include -Xcc -I/Users/j/Documents/GitHub/MoneroOne/build/SourcePackages/checkouts/swift-nio/Sources/CNIOLinux/include -Xcc -I/Users/j/Documents/GitHub/MoneroOne/build/SourcePackages/checkouts/swift-nio/Sources/CNIOOpenBSD/include -Xcc -I/Users/j/Documents/GitHub/MoneroOne/build/Build/Products/Debug-iphonesimulator/include -Xcc -I/Users/j/Documents/GitHub/MoneroOne/build/Build/Intermediates.noindex/swift-nio.build/Debug-iphonesimulator/NIOPosix.build/DerivedSources-normal/arm64 -Xcc -I/Users/j/Documents/GitHub/MoneroOne/build/Build/Intermediates.noindex/swift-nio.build/Debug-iphonesimulator/NIOPosix.build/DerivedSources/arm64 -Xcc -I/Users/j/Documents/GitHub/MoneroOne/build/Build/Intermediates.noindex/swift-nio.build/Debug-iphonesimulator/NIOPosix.build/DerivedSources -Xcc -DSWIFT_PACKAGE -Xcc -DDEBUG\=1 -emit-objc-header -emit-objc-header-path /Users/j/Documents/GitHub/MoneroOne/build/Build/Intermediates.noindex/swift-nio.build/Debug-iphonesimulator/NIOPosix.build/Objects-normal/arm64/NIOPosix-Swift.h -working-directory /Users/j/Documents/GitHub/MoneroOne/MoneroOne.xcodeproj -experimental-emit-module-separately -disable-cmo

SwiftDriver NIOEmbedded normal arm64 com.apple.xcode.tools.swift.compiler (in target 'NIOEmbedded' from project 'swift-nio')
    cd /Users/j/Documents/GitHub/MoneroOne/MoneroOne.xcodeproj
    builtin-SwiftDriver -- /Applications/Xcode.app/Contents/Developer/Toolchains/XcodeDefault.xctoolchain/usr/bin/swiftc -module-name NIOEmbedded -Onone -enforce-exclusivity\=checked @/Users/j/Documents/GitHub/MoneroOne/build/Build/Intermediates.noindex/swift-nio.build/Debug-iphonesimulator/NIOEmbedded.build/Objects-normal/arm64/NIOEmbedded.SwiftFileList -DSWIFT_PACKAGE -DDEBUG -DSWIFT_MODULE_RESOURCE_BUNDLE_UNAVAILABLE -Xcc -fmodule-map-file\=/Users/j/Documents/GitHub/MoneroOne/build/Build/Intermediates.noindex/GeneratedModuleMaps-iphonesimulator/CNIOWASI.modulemap -Xcc -fmodule-map-file\=/Users/j/Documents/GitHub/MoneroOne/build/Build/Intermediates.noindex/GeneratedModuleMaps-iphonesimulator/CNIOLinux.modulemap -Xcc -fmodule-map-file\=/Users/j/Documents/GitHub/MoneroOne/build/Build/Intermediates.noindex/GeneratedModuleMaps-iphonesimulator/CNIODarwin.modulemap -Xcc -fmodule-map-file\=/Users/j/Documents/GitHub/MoneroOne/build/Build/Intermediates.noindex/GeneratedModuleMaps-iphonesimulator/CNIOOpenBSD.modulemap -Xcc -fmodule-map-file\=/Users/j/Documents/GitHub/MoneroOne/build/Build/Intermediates.noindex/GeneratedModuleMaps-iphonesimulator/CNIOAtomics.modulemap -DXcode -enable-experimental-feature Lifetimes -enable-upcoming-feature MemberImportVisibility -plugin-path /Applications/Xcode.app/Contents/Developer/Toolchains/XcodeDefault.xctoolchain/usr/lib/swift/host/plugins/testing -enable-experimental-feature DebugDescriptionMacro -sdk /Applications/Xcode.app/Contents/Developer/Platforms/iPhoneSimulator.platform/Developer/SDKs/iPhoneSimulator26.1.sdk -target arm64-apple-ios12.0-simulator -g -module-cache-path /Users/j/Documents/GitHub/MoneroOne/build/ModuleCache.noindex -Xfrontend -serialize-debugging-options -enable-testing -suppress-warnings -index-store-path /Users/j/Documents/GitHub/MoneroOne/build/Index.noindex/DataStore -Xcc -D_LIBCPP_HARDENING_MODE\=_LIBCPP_HARDENING_MODE_DEBUG -swift-version 6 -I /Users/j/Documents/GitHub/MoneroOne/build/Build/Products/Debug-iphonesimulator -Isystem /Applications/Xcode.app/Contents/Developer/Platforms/iPhoneSimulator.platform/Developer/usr/lib -F /Users/j/Documents/GitHub/MoneroOne/build/Build/Products/Debug-iphonesimulator/PackageFrameworks -F /Users/j/Documents/GitHub/MoneroOne/build/Build/Products/Debug-iphonesimulator/PackageFrameworks -F /Users/j/Documents/GitHub/MoneroOne/build/Build/Products/Debug-iphonesimulator/PackageFrameworks -F /Users/j/Documents/GitHub/MoneroOne/build/Build/Products/Debug-iphonesimulator/PackageFrameworks -F /Users/j/Documents/GitHub/MoneroOne/build/Build/Products/Debug-iphonesimulator/PackageFrameworks -F /Users/j/Documents/GitHub/MoneroOne/build/Build/Products/Debug-iphonesimulator/PackageFrameworks -F /Users/j/Documents/GitHub/MoneroOne/build/Build/Products/Debug-iphonesimulator/PackageFrameworks -F /Users/j/Documents/GitHub/MoneroOne/build/Build/Products/Debug-iphonesimulator/PackageFrameworks -F /Users/j/Documents/GitHub/MoneroOne/build/Build/Products/Debug-iphonesimulator/PackageFrameworks -F /Users/j/Documents/GitHub/MoneroOne/build/Build/Products/Debug-iphonesimulator/PackageFrameworks -F /Users/j/Documents/GitHub/MoneroOne/build/Build/Products/Debug-iphonesimulator/PackageFrameworks -F /Users/j/Documents/GitHub/MoneroOne/build/Build/Products/Debug-iphonesimulator/PackageFrameworks -F /Users/j/Documents/GitHub/MoneroOne/build/Build/Products/Debug-iphonesimulator/PackageFrameworks -F /Users/j/Documents/GitHub/MoneroOne/build/Build/Products/Debug-iphonesimulator/PackageFrameworks -F /Users/j/Documents/GitHub/MoneroOne/build/Build/Products/Debug-iphonesimulator -F /Applications/Xcode.app/Contents/Developer/Platforms/iPhoneSimulator.platform/Developer/Library/Frameworks -F /Applications/Xcode.app/Contents/Developer/Platforms/iPhoneSimulator.platform/Developer/SDKs/iPhoneSimulator26.1.sdk/Developer/Library/Frameworks -c -j12 -enable-batch-mode -incremental -Xcc -ivfsstatcache -Xcc /Users/j/Documents/GitHub/MoneroOne/build/SDKStatCaches.noindex/iphonesimulator26.1-23B77-90cf18a4295e390e64c810bc6bd7acbc.sdkstatcache -output-file-map /Users/j/Documents/GitHub/MoneroOne/build/Build/Intermediates.noindex/swift-nio.build/Debug-iphonesimulator/NIOEmbedded.build/Objects-normal/arm64/NIOEmbedded-OutputFileMap.json -use-frontend-parseable-output -save-temps -no-color-diagnostics -explicit-module-build -module-cache-path /Users/j/Documents/GitHub/MoneroOne/build/Build/Intermediates.noindex/SwiftExplicitPrecompiledModules -clang-scanner-module-cache-path /Users/j/Documents/GitHub/MoneroOne/build/ModuleCache.noindex -sdk-module-cache-path /Users/j/Documents/GitHub/MoneroOne/build/ModuleCache.noindex -serialize-diagnostics -emit-dependencies -emit-module -emit-module-path /Users/j/Documents/GitHub/MoneroOne/build/Build/Intermediates.noindex/swift-nio.build/Debug-iphonesimulator/NIOEmbedded.build/Objects-normal/arm64/NIOEmbedded.swiftmodule -user-module-version 2.92.2 -validate-clang-modules-once -clang-build-session-file /Users/j/Documents/GitHub/MoneroOne/build/ModuleCache.noindex/Session.modulevalidation -package-name swift_nio -Xcc -I/Users/j/Documents/GitHub/MoneroOne/build/Build/Intermediates.noindex/swift-nio.build/Debug-iphonesimulator/NIOEmbedded.build/swift-overrides.hmap -emit-const-values -Xfrontend -const-gather-protocols-file -Xfrontend /Users/j/Documents/GitHub/MoneroOne/build/Build/Intermediates.noindex/swift-nio.build/Debug-iphonesimulator/NIOEmbedded.build/Objects-normal/arm64/NIOEmbedded_const_extract_protocols.json -Xcc -I/Users/j/Documents/GitHub/MoneroOne/build/SourcePackages/checkouts/swift-atomics/Sources/_AtomicsShims/include -Xcc -I/Users/j/Documents/GitHub/MoneroOne/build/SourcePackages/checkouts/swift-nio/Sources/CNIOWASI/include -Xcc -I/Users/j/Documents/GitHub/MoneroOne/build/SourcePackages/checkouts/swift-nio/Sources/CNIOWindows/include -Xcc -I/Users/j/Documents/GitHub/MoneroOne/build/SourcePackages/checkouts/swift-nio/Sources/CNIOLinux/include -Xcc -I/Users/j/Documents/GitHub/MoneroOne/build/SourcePackages/checkouts/swift-nio/Sources/CNIODarwin/include -Xcc -I/Users/j/Documents/GitHub/MoneroOne/build/SourcePackages/checkouts/swift-nio/Sources/CNIOOpenBSD/include -Xcc -I/Users/j/Documents/GitHub/MoneroOne/build/SourcePackages/checkouts/swift-nio/Sources/CNIOAtomics/include -Xcc -I/Users/j/Documents/GitHub/MoneroOne/build/Build/Products/Debug-iphonesimulator/include -Xcc -I/Users/j/Documents/GitHub/MoneroOne/build/Build/Intermediates.noindex/swift-nio.build/Debug-iphonesimulator/NIOEmbedded.build/DerivedSources-normal/arm64 -Xcc -I/Users/j/Documents/GitHub/MoneroOne/build/Build/Intermediates.noindex/swift-nio.build/Debug-iphonesimulator/NIOEmbedded.build/DerivedSources/arm64 -Xcc -I/Users/j/Documents/GitHub/MoneroOne/build/Build/Intermediates.noindex/swift-nio.build/Debug-iphonesimulator/NIOEmbedded.build/DerivedSources -Xcc -DSWIFT_PACKAGE -Xcc -DDEBUG\=1 -emit-objc-header -emit-objc-header-path /Users/j/Documents/GitHub/MoneroOne/build/Build/Intermediates.noindex/swift-nio.build/Debug-iphonesimulator/NIOEmbedded.build/Objects-normal/arm64/NIOEmbedded-Swift.h -working-directory /Users/j/Documents/GitHub/MoneroOne/MoneroOne.xcodeproj -experimental-emit-module-separately -disable-cmo

ExtractAppIntentsMetadata (in target 'NIOCore' from project 'swift-nio')
    cd /Users/j/Documents/GitHub/MoneroOne/build/SourcePackages/checkouts/swift-nio
    /Applications/Xcode.app/Contents/Developer/Toolchains/XcodeDefault.xctoolchain/usr/bin/appintentsmetadataprocessor --toolchain-dir /Applications/Xcode.app/Contents/Developer/Toolchains/XcodeDefault.xctoolchain --module-name NIOCore --sdk-root /Applications/Xcode.app/Contents/Developer/Platforms/iPhoneSimulator.platform/Developer/SDKs/iPhoneSimulator26.1.sdk --xcode-version 17B100 --platform-family iOS --deployment-target 12.0 --bundle-identifier swift-nio.NIOCore --output /Users/j/Documents/GitHub/MoneroOne/build/Build/Products/Debug-iphonesimulator/NIOCore.appintents --target-triple arm64-apple-ios12.0-simulator --binary-file /Users/j/Documents/GitHub/MoneroOne/build/Build/Products/Debug-iphonesimulator/NIOCore.o --dependency-file /Users/j/Documents/GitHub/MoneroOne/build/Build/Intermediates.noindex/swift-nio.build/Debug-iphonesimulator/NIOCore.build/Objects-normal/arm64/NIOCore_dependency_info.dat --stringsdata-file /Users/j/Documents/GitHub/MoneroOne/build/Build/Intermediates.noindex/swift-nio.build/Debug-iphonesimulator/NIOCore.build/Objects-normal/arm64/ExtractedAppShortcutsMetadata.stringsdata --source-file-list /Users/j/Documents/GitHub/MoneroOne/build/Build/Intermediates.noindex/swift-nio.build/Debug-iphonesimulator/NIOCore.build/Objects-normal/arm64/NIOCore.SwiftFileList --metadata-file-list /Users/j/Documents/GitHub/MoneroOne/build/Build/Intermediates.noindex/swift-nio.build/Debug-iphonesimulator/NIOCore.build/NIOCore.DependencyMetadataFileList --static-metadata-file-list /Users/j/Documents/GitHub/MoneroOne/build/Build/Intermediates.noindex/swift-nio.build/Debug-iphonesimulator/NIOCore.build/NIOCore.DependencyStaticMetadataFileList --swift-const-vals-list /Users/j/Documents/GitHub/MoneroOne/build/Build/Intermediates.noindex/swift-nio.build/Debug-iphonesimulator/NIOCore.build/Objects-normal/arm64/NIOCore.SwiftConstValuesFileList --force --compile-time-extraction --deployment-aware-processing --validate-assistant-intents --no-app-shortcuts-localization
2026-01-18 15:26:09.322 appintentsmetadataprocessor[3878:39110244] Starting appintentsmetadataprocessor export
2026-01-18 15:26:09.425 appintentsmetadataprocessor[3878:39110244] Extracted no relevant App Intents symbols, skipping writing output

SwiftEmitModule normal arm64 Emitting\ module\ for\ NIOEmbedded (in target 'NIOEmbedded' from project 'swift-nio')
EmitSwiftModule normal arm64 (in target 'NIOEmbedded' from project 'swift-nio')
    cd /Users/j/Documents/GitHub/MoneroOne/MoneroOne.xcodeproj
    

SwiftCompile normal arm64 Compiling\ AsyncTestingChannel.swift /Users/j/Documents/GitHub/MoneroOne/build/SourcePackages/checkouts/swift-nio/Sources/NIOEmbedded/AsyncTestingChannel.swift (in target 'NIOEmbedded' from project 'swift-nio')
SwiftCompile normal arm64 /Users/j/Documents/GitHub/MoneroOne/build/SourcePackages/checkouts/swift-nio/Sources/NIOEmbedded/AsyncTestingChannel.swift (in target 'NIOEmbedded' from project 'swift-nio')
    cd /Users/j/Documents/GitHub/MoneroOne/MoneroOne.xcodeproj
    

SwiftCompile normal arm64 Compiling\ AsyncTestingEventLoop.swift /Users/j/Documents/GitHub/MoneroOne/build/SourcePackages/checkouts/swift-nio/Sources/NIOEmbedded/AsyncTestingEventLoop.swift (in target 'NIOEmbedded' from project 'swift-nio')

SwiftCompile normal arm64 /Users/j/Documents/GitHub/MoneroOne/build/SourcePackages/checkouts/swift-nio/Sources/NIOEmbedded/AsyncTestingEventLoop.swift (in target 'NIOEmbedded' from project 'swift-nio')
    cd /Users/j/Documents/GitHub/MoneroOne/MoneroOne.xcodeproj
    

SwiftCompile normal arm64 Compiling\ Embedded.swift /Users/j/Documents/GitHub/MoneroOne/build/SourcePackages/checkouts/swift-nio/Sources/NIOEmbedded/Embedded.swift (in target 'NIOEmbedded' from project 'swift-nio')
SwiftCompile normal arm64 /Users/j/Documents/GitHub/MoneroOne/build/SourcePackages/checkouts/swift-nio/Sources/NIOEmbedded/Embedded.swift (in target 'NIOEmbedded' from project 'swift-nio')
    cd /Users/j/Documents/GitHub/MoneroOne/MoneroOne.xcodeproj
    

RegisterExecutionPolicyException /Users/j/Documents/GitHub/MoneroOne/build/Build/Products/Debug-iphonesimulator/NIOCore.o (in target 'NIOCore' from project 'swift-nio')
    cd /Users/j/Documents/GitHub/MoneroOne/build/SourcePackages/checkouts/swift-nio
    builtin-RegisterExecutionPolicyException /Users/j/Documents/GitHub/MoneroOne/build/Build/Products/Debug-iphonesimulator/NIOCore.o

SwiftExplicitDependencyGeneratePcm arm64 /Users/j/Documents/GitHub/MoneroOne/build/Build/Intermediates.noindex/SwiftExplicitPrecompiledModules/CNIODarwin-BPLUAIBBNW0BN92FI4XQ9H4J0.pcm

SwiftExplicitDependencyGeneratePcm arm64 /Users/j/Documents/GitHub/MoneroOne/build/Build/Intermediates.noindex/SwiftExplicitPrecompiledModules/CNIOPosix-C3M7IM3EC92MW2BY645D3S923.pcm

SwiftExplicitDependencyGeneratePcm arm64 /Users/j/Documents/GitHub/MoneroOne/build/Build/Intermediates.noindex/SwiftExplicitPrecompiledModules/CNIOWindows-2S44NKTUT85X6UTTEIU431ZWW.pcm

SwiftExplicitDependencyGeneratePcm arm64 /Users/j/Documents/GitHub/MoneroOne/build/Build/Intermediates.noindex/SwiftExplicitPrecompiledModules/CNIOLinux-4IT41RZF1Q4KGCG2415YQJHA1.pcm

SwiftExplicitDependencyGeneratePcm arm64 /Users/j/Documents/GitHub/MoneroOne/build/ModuleCache.noindex/XPC-7720PD779R7U1KYKX5RZ7J6WY.pcm

SwiftExplicitDependencyGeneratePcm arm64 /Users/j/Documents/GitHub/MoneroOne/build/ModuleCache.noindex/ptrauth-99RIEDC9OZKHLVVR37RHP9NS7.pcm

SwiftExplicitDependencyGeneratePcm arm64 /Users/j/Documents/GitHub/MoneroOne/build/Build/Intermediates.noindex/SwiftExplicitPrecompiledModules/CNIOOpenBSD-6582V5BS7Q8I87DBEN8BOR8JC.pcm

SwiftExplicitDependencyGeneratePcm arm64 /Users/j/Documents/GitHub/MoneroOne/build/ModuleCache.noindex/CoreFoundation-1NEDP6A6KF59FHWHOE6GARLB9.pcm

SwiftDriverJobDiscovery normal arm64 Emitting module for NIOEmbedded (in target 'NIOEmbedded' from project 'swift-nio')

SwiftDriver\ Compilation\ Requirements NIOEmbedded normal arm64 com.apple.xcode.tools.swift.compiler (in target 'NIOEmbedded' from project 'swift-nio')
    cd /Users/j/Documents/GitHub/MoneroOne/MoneroOne.xcodeproj
    builtin-Swift-Compilation-Requirements -- /Applications/Xcode.app/Contents/Developer/Toolchains/XcodeDefault.xctoolchain/usr/bin/swiftc -module-name NIOEmbedded -Onone -enforce-exclusivity\=checked @/Users/j/Documents/GitHub/MoneroOne/build/Build/Intermediates.noindex/swift-nio.build/Debug-iphonesimulator/NIOEmbedded.build/Objects-normal/arm64/NIOEmbedded.SwiftFileList -DSWIFT_PACKAGE -DDEBUG -DSWIFT_MODULE_RESOURCE_BUNDLE_UNAVAILABLE -Xcc -fmodule-map-file\=/Users/j/Documents/GitHub/MoneroOne/build/Build/Intermediates.noindex/GeneratedModuleMaps-iphonesimulator/CNIOWASI.modulemap -Xcc -fmodule-map-file\=/Users/j/Documents/GitHub/MoneroOne/build/Build/Intermediates.noindex/GeneratedModuleMaps-iphonesimulator/CNIOLinux.modulemap -Xcc -fmodule-map-file\=/Users/j/Documents/GitHub/MoneroOne/build/Build/Intermediates.noindex/GeneratedModuleMaps-iphonesimulator/CNIODarwin.modulemap -Xcc -fmodule-map-file\=/Users/j/Documents/GitHub/MoneroOne/build/Build/Intermediates.noindex/GeneratedModuleMaps-iphonesimulator/CNIOOpenBSD.modulemap -Xcc -fmodule-map-file\=/Users/j/Documents/GitHub/MoneroOne/build/Build/Intermediates.noindex/GeneratedModuleMaps-iphonesimulator/CNIOAtomics.modulemap -DXcode -enable-experimental-feature Lifetimes -enable-upcoming-feature MemberImportVisibility -plugin-path /Applications/Xcode.app/Contents/Developer/Toolchains/XcodeDefault.xctoolchain/usr/lib/swift/host/plugins/testing -enable-experimental-feature DebugDescriptionMacro -sdk /Applications/Xcode.app/Contents/Developer/Platforms/iPhoneSimulator.platform/Developer/SDKs/iPhoneSimulator26.1.sdk -target arm64-apple-ios12.0-simulator -g -module-cache-path /Users/j/Documents/GitHub/MoneroOne/build/ModuleCache.noindex -Xfrontend -serialize-debugging-options -enable-testing -suppress-warnings -index-store-path /Users/j/Documents/GitHub/MoneroOne/build/Index.noindex/DataStore -Xcc -D_LIBCPP_HARDENING_MODE\=_LIBCPP_HARDENING_MODE_DEBUG -swift-version 6 -I /Users/j/Documents/GitHub/MoneroOne/build/Build/Products/Debug-iphonesimulator -Isystem /Applications/Xcode.app/Contents/Developer/Platforms/iPhoneSimulator.platform/Developer/usr/lib -F /Users/j/Documents/GitHub/MoneroOne/build/Build/Products/Debug-iphonesimulator/PackageFrameworks -F /Users/j/Documents/GitHub/MoneroOne/build/Build/Products/Debug-iphonesimulator/PackageFrameworks -F /Users/j/Documents/GitHub/MoneroOne/build/Build/Products/Debug-iphonesimulator/PackageFrameworks -F /Users/j/Documents/GitHub/MoneroOne/build/Build/Products/Debug-iphonesimulator/PackageFrameworks -F /Users/j/Documents/GitHub/MoneroOne/build/Build/Products/Debug-iphonesimulator/PackageFrameworks -F /Users/j/Documents/GitHub/MoneroOne/build/Build/Products/Debug-iphonesimulator/PackageFrameworks -F /Users/j/Documents/GitHub/MoneroOne/build/Build/Products/Debug-iphonesimulator/PackageFrameworks -F /Users/j/Documents/GitHub/MoneroOne/build/Build/Products/Debug-iphonesimulator/PackageFrameworks -F /Users/j/Documents/GitHub/MoneroOne/build/Build/Products/Debug-iphonesimulator/PackageFrameworks -F /Users/j/Documents/GitHub/MoneroOne/build/Build/Products/Debug-iphonesimulator/PackageFrameworks -F /Users/j/Documents/GitHub/MoneroOne/build/Build/Products/Debug-iphonesimulator/PackageFrameworks -F /Users/j/Documents/GitHub/MoneroOne/build/Build/Products/Debug-iphonesimulator/PackageFrameworks -F /Users/j/Documents/GitHub/MoneroOne/build/Build/Products/Debug-iphonesimulator/PackageFrameworks -F /Users/j/Documents/GitHub/MoneroOne/build/Build/Products/Debug-iphonesimulator/PackageFrameworks -F /Users/j/Documents/GitHub/MoneroOne/build/Build/Products/Debug-iphonesimulator -F /Applications/Xcode.app/Contents/Developer/Platforms/iPhoneSimulator.platform/Developer/Library/Frameworks -F /Applications/Xcode.app/Contents/Developer/Platforms/iPhoneSimulator.platform/Developer/SDKs/iPhoneSimulator26.1.sdk/Developer/Library/Frameworks -c -j12 -enable-batch-mode -incremental -Xcc -ivfsstatcache -Xcc /Users/j/Documents/GitHub/MoneroOne/build/SDKStatCaches.noindex/iphonesimulator26.1-23B77-90cf18a4295e390e64c810bc6bd7acbc.sdkstatcache -output-file-map /Users/j/Documents/GitHub/MoneroOne/build/Build/Intermediates.noindex/swift-nio.build/Debug-iphonesimulator/NIOEmbedded.build/Objects-normal/arm64/NIOEmbedded-OutputFileMap.json -use-frontend-parseable-output -save-temps -no-color-diagnostics -explicit-module-build -module-cache-path /Users/j/Documents/GitHub/MoneroOne/build/Build/Intermediates.noindex/SwiftExplicitPrecompiledModules -clang-scanner-module-cache-path /Users/j/Documents/GitHub/MoneroOne/build/ModuleCache.noindex -sdk-module-cache-path /Users/j/Documents/GitHub/MoneroOne/build/ModuleCache.noindex -serialize-diagnostics -emit-dependencies -emit-module -emit-module-path /Users/j/Documents/GitHub/MoneroOne/build/Build/Intermediates.noindex/swift-nio.build/Debug-iphonesimulator/NIOEmbedded.build/Objects-normal/arm64/NIOEmbedded.swiftmodule -user-module-version 2.92.2 -validate-clang-modules-once -clang-build-session-file /Users/j/Documents/GitHub/MoneroOne/build/ModuleCache.noindex/Session.modulevalidation -package-name swift_nio -Xcc -I/Users/j/Documents/GitHub/MoneroOne/build/Build/Intermediates.noindex/swift-nio.build/Debug-iphonesimulator/NIOEmbedded.build/swift-overrides.hmap -emit-const-values -Xfrontend -const-gather-protocols-file -Xfrontend /Users/j/Documents/GitHub/MoneroOne/build/Build/Intermediates.noindex/swift-nio.build/Debug-iphonesimulator/NIOEmbedded.build/Objects-normal/arm64/NIOEmbedded_const_extract_protocols.json -Xcc -I/Users/j/Documents/GitHub/MoneroOne/build/SourcePackages/checkouts/swift-atomics/Sources/_AtomicsShims/include -Xcc -I/Users/j/Documents/GitHub/MoneroOne/build/SourcePackages/checkouts/swift-nio/Sources/CNIOWASI/include -Xcc -I/Users/j/Documents/GitHub/MoneroOne/build/SourcePackages/checkouts/swift-nio/Sources/CNIOWindows/include -Xcc -I/Users/j/Documents/GitHub/MoneroOne/build/SourcePackages/checkouts/swift-nio/Sources/CNIOLinux/include -Xcc -I/Users/j/Documents/GitHub/MoneroOne/build/SourcePackages/checkouts/swift-nio/Sources/CNIODarwin/include -Xcc -I/Users/j/Documents/GitHub/MoneroOne/build/SourcePackages/checkouts/swift-nio/Sources/CNIOOpenBSD/include -Xcc -I/Users/j/Documents/GitHub/MoneroOne/build/SourcePackages/checkouts/swift-nio/Sources/CNIOAtomics/include -Xcc -I/Users/j/Documents/GitHub/MoneroOne/build/Build/Products/Debug-iphonesimulator/include -Xcc -I/Users/j/Documents/GitHub/MoneroOne/build/Build/Intermediates.noindex/swift-nio.build/Debug-iphonesimulator/NIOEmbedded.build/DerivedSources-normal/arm64 -Xcc -I/Users/j/Documents/GitHub/MoneroOne/build/Build/Intermediates.noindex/swift-nio.build/Debug-iphonesimulator/NIOEmbedded.build/DerivedSources/arm64 -Xcc -I/Users/j/Documents/GitHub/MoneroOne/build/Build/Intermediates.noindex/swift-nio.build/Debug-iphonesimulator/NIOEmbedded.build/DerivedSources -Xcc -DSWIFT_PACKAGE -Xcc -DDEBUG\=1 -emit-objc-header -emit-objc-header-path /Users/j/Documents/GitHub/MoneroOne/build/Build/Intermediates.noindex/swift-nio.build/Debug-iphonesimulator/NIOEmbedded.build/Objects-normal/arm64/NIOEmbedded-Swift.h -working-directory /Users/j/Documents/GitHub/MoneroOne/MoneroOne.xcodeproj -experimental-emit-module-separately -disable-cmo

SwiftMergeGeneratedHeaders /Users/j/Documents/GitHub/MoneroOne/build/Build/Intermediates.noindex/GeneratedModuleMaps-iphonesimulator/NIOEmbedded-Swift.h /Users/j/Documents/GitHub/MoneroOne/build/Build/Intermediates.noindex/swift-nio.build/Debug-iphonesimulator/NIOEmbedded.build/Objects-normal/arm64/NIOEmbedded-Swift.h (in target 'NIOEmbedded' from project 'swift-nio')
    cd /Users/j/Documents/GitHub/MoneroOne/build/SourcePackages/checkouts/swift-nio
    builtin-swiftHeaderTool -arch arm64 /Users/j/Documents/GitHub/MoneroOne/build/Build/Intermediates.noindex/swift-nio.build/Debug-iphonesimulator/NIOEmbedded.build/Objects-normal/arm64/NIOEmbedded-Swift.h -o /Users/j/Documents/GitHub/MoneroOne/build/Build/Intermediates.noindex/GeneratedModuleMaps-iphonesimulator/NIOEmbedded-Swift.h

Copy /Users/j/Documents/GitHub/MoneroOne/build/Build/Products/Debug-iphonesimulator/NIOEmbedded.swiftmodule/arm64-apple-ios-simulator.swiftmodule /Users/j/Documents/GitHub/MoneroOne/build/Build/Intermediates.noindex/swift-nio.build/Debug-iphonesimulator/NIOEmbedded.build/Objects-normal/arm64/NIOEmbedded.swiftmodule (in target 'NIOEmbedded' from project 'swift-nio')
    cd /Users/j/Documents/GitHub/MoneroOne/build/SourcePackages/checkouts/swift-nio
    builtin-copy -exclude .DS_Store -exclude CVS -exclude .svn -exclude .git -exclude .hg -resolve-src-symlinks -rename /Users/j/Documents/GitHub/MoneroOne/build/Build/Intermediates.noindex/swift-nio.build/Debug-iphonesimulator/NIOEmbedded.build/Objects-normal/arm64/NIOEmbedded.swiftmodule /Users/j/Documents/GitHub/MoneroOne/build/Build/Products/Debug-iphonesimulator/NIOEmbedded.swiftmodule/arm64-apple-ios-simulator.swiftmodule

Copy /Users/j/Documents/GitHub/MoneroOne/build/Build/Products/Debug-iphonesimulator/NIOEmbedded.swiftmodule/arm64-apple-ios-simulator.swiftdoc /Users/j/Documents/GitHub/MoneroOne/build/Build/Intermediates.noindex/swift-nio.build/Debug-iphonesimulator/NIOEmbedded.build/Objects-normal/arm64/NIOEmbedded.swiftdoc (in target 'NIOEmbedded' from project 'swift-nio')
    cd /Users/j/Documents/GitHub/MoneroOne/build/SourcePackages/checkouts/swift-nio
    builtin-copy -exclude .DS_Store -exclude CVS -exclude .svn -exclude .git -exclude .hg -resolve-src-symlinks -rename /Users/j/Documents/GitHub/MoneroOne/build/Build/Intermediates.noindex/swift-nio.build/Debug-iphonesimulator/NIOEmbedded.build/Objects-normal/arm64/NIOEmbedded.swiftdoc /Users/j/Documents/GitHub/MoneroOne/build/Build/Products/Debug-iphonesimulator/NIOEmbedded.swiftmodule/arm64-apple-ios-simulator.swiftdoc

Copy /Users/j/Documents/GitHub/MoneroOne/build/Build/Products/Debug-iphonesimulator/NIOEmbedded.swiftmodule/arm64-apple-ios-simulator.abi.json /Users/j/Documents/GitHub/MoneroOne/build/Build/Intermediates.noindex/swift-nio.build/Debug-iphonesimulator/NIOEmbedded.build/Objects-normal/arm64/NIOEmbedded.abi.json (in target 'NIOEmbedded' from project 'swift-nio')
    cd /Users/j/Documents/GitHub/MoneroOne/build/SourcePackages/checkouts/swift-nio
    builtin-copy -exclude .DS_Store -exclude CVS -exclude .svn -exclude .git -exclude .hg -resolve-src-symlinks -rename /Users/j/Documents/GitHub/MoneroOne/build/Build/Intermediates.noindex/swift-nio.build/Debug-iphonesimulator/NIOEmbedded.build/Objects-normal/arm64/NIOEmbedded.abi.json /Users/j/Documents/GitHub/MoneroOne/build/Build/Products/Debug-iphonesimulator/NIOEmbedded.swiftmodule/arm64-apple-ios-simulator.abi.json

Copy /Users/j/Documents/GitHub/MoneroOne/build/Build/Products/Debug-iphonesimulator/NIOEmbedded.swiftmodule/Project/arm64-apple-ios-simulator.swiftsourceinfo /Users/j/Documents/GitHub/MoneroOne/build/Build/Intermediates.noindex/swift-nio.build/Debug-iphonesimulator/NIOEmbedded.build/Objects-normal/arm64/NIOEmbedded.swiftsourceinfo (in target 'NIOEmbedded' from project 'swift-nio')
    cd /Users/j/Documents/GitHub/MoneroOne/build/SourcePackages/checkouts/swift-nio
    builtin-copy -exclude .DS_Store -exclude CVS -exclude .svn -exclude .git -exclude .hg -resolve-src-symlinks -rename /Users/j/Documents/GitHub/MoneroOne/build/Build/Intermediates.noindex/swift-nio.build/Debug-iphonesimulator/NIOEmbedded.build/Objects-normal/arm64/NIOEmbedded.swiftsourceinfo /Users/j/Documents/GitHub/MoneroOne/build/Build/Products/Debug-iphonesimulator/NIOEmbedded.swiftmodule/Project/arm64-apple-ios-simulator.swiftsourceinfo

SwiftDriverJobDiscovery normal arm64 Compiling AsyncTestingEventLoop.swift (in target 'NIOEmbedded' from project 'swift-nio')

SwiftExplicitDependencyGeneratePcm arm64 /Users/j/Documents/GitHub/MoneroOne/build/ModuleCache.noindex/Security-3RBG5VJT7XYMW5GB4QGUS3WMS.pcm

SwiftExplicitDependencyGeneratePcm arm64 /Users/j/Documents/GitHub/MoneroOne/build/ModuleCache.noindex/CFNetwork-5989XKLVDRMUJ4AT9MULMWZJ1.pcm

SwiftDriverJobDiscovery normal arm64 Compiling AsyncTestingChannel.swift (in target 'NIOEmbedded' from project 'swift-nio')

SwiftExplicitDependencyGeneratePcm arm64 /Users/j/Documents/GitHub/MoneroOne/build/ModuleCache.noindex/Foundation-F2PSKV1WSVIPOKT7LXGWDPA9C.pcm

SwiftDriverJobDiscovery normal arm64 Compiling Embedded.swift (in target 'NIOEmbedded' from project 'swift-nio')

SwiftDriver\ Compilation NIOEmbedded normal arm64 com.apple.xcode.tools.swift.compiler (in target 'NIOEmbedded' from project 'swift-nio')
    cd /Users/j/Documents/GitHub/MoneroOne/MoneroOne.xcodeproj
    builtin-Swift-Compilation -- /Applications/Xcode.app/Contents/Developer/Toolchains/XcodeDefault.xctoolchain/usr/bin/swiftc -module-name NIOEmbedded -Onone -enforce-exclusivity\=checked @/Users/j/Documents/GitHub/MoneroOne/build/Build/Intermediates.noindex/swift-nio.build/Debug-iphonesimulator/NIOEmbedded.build/Objects-normal/arm64/NIOEmbedded.SwiftFileList -DSWIFT_PACKAGE -DDEBUG -DSWIFT_MODULE_RESOURCE_BUNDLE_UNAVAILABLE -Xcc -fmodule-map-file\=/Users/j/Documents/GitHub/MoneroOne/build/Build/Intermediates.noindex/GeneratedModuleMaps-iphonesimulator/CNIOWASI.modulemap -Xcc -fmodule-map-file\=/Users/j/Documents/GitHub/MoneroOne/build/Build/Intermediates.noindex/GeneratedModuleMaps-iphonesimulator/CNIOLinux.modulemap -Xcc -fmodule-map-file\=/Users/j/Documents/GitHub/MoneroOne/build/Build/Intermediates.noindex/GeneratedModuleMaps-iphonesimulator/CNIODarwin.modulemap -Xcc -fmodule-map-file\=/Users/j/Documents/GitHub/MoneroOne/build/Build/Intermediates.noindex/GeneratedModuleMaps-iphonesimulator/CNIOOpenBSD.modulemap -Xcc -fmodule-map-file\=/Users/j/Documents/GitHub/MoneroOne/build/Build/Intermediates.noindex/GeneratedModuleMaps-iphonesimulator/CNIOAtomics.modulemap -DXcode -enable-experimental-feature Lifetimes -enable-upcoming-feature MemberImportVisibility -plugin-path /Applications/Xcode.app/Contents/Developer/Toolchains/XcodeDefault.xctoolchain/usr/lib/swift/host/plugins/testing -enable-experimental-feature DebugDescriptionMacro -sdk /Applications/Xcode.app/Contents/Developer/Platforms/iPhoneSimulator.platform/Developer/SDKs/iPhoneSimulator26.1.sdk -target arm64-apple-ios12.0-simulator -g -module-cache-path /Users/j/Documents/GitHub/MoneroOne/build/ModuleCache.noindex -Xfrontend -serialize-debugging-options -enable-testing -suppress-warnings -index-store-path /Users/j/Documents/GitHub/MoneroOne/build/Index.noindex/DataStore -Xcc -D_LIBCPP_HARDENING_MODE\=_LIBCPP_HARDENING_MODE_DEBUG -swift-version 6 -I /Users/j/Documents/GitHub/MoneroOne/build/Build/Products/Debug-iphonesimulator -Isystem /Applications/Xcode.app/Contents/Developer/Platforms/iPhoneSimulator.platform/Developer/usr/lib -F /Users/j/Documents/GitHub/MoneroOne/build/Build/Products/Debug-iphonesimulator/PackageFrameworks -F /Users/j/Documents/GitHub/MoneroOne/build/Build/Products/Debug-iphonesimulator/PackageFrameworks -F /Users/j/Documents/GitHub/MoneroOne/build/Build/Products/Debug-iphonesimulator/PackageFrameworks -F /Users/j/Documents/GitHub/MoneroOne/build/Build/Products/Debug-iphonesimulator/PackageFrameworks -F /Users/j/Documents/GitHub/MoneroOne/build/Build/Products/Debug-iphonesimulator/PackageFrameworks -F /Users/j/Documents/GitHub/MoneroOne/build/Build/Products/Debug-iphonesimulator/PackageFrameworks -F /Users/j/Documents/GitHub/MoneroOne/build/Build/Products/Debug-iphonesimulator/PackageFrameworks -F /Users/j/Documents/GitHub/MoneroOne/build/Build/Products/Debug-iphonesimulator/PackageFrameworks -F /Users/j/Documents/GitHub/MoneroOne/build/Build/Products/Debug-iphonesimulator/PackageFrameworks -F /Users/j/Documents/GitHub/MoneroOne/build/Build/Products/Debug-iphonesimulator/PackageFrameworks -F /Users/j/Documents/GitHub/MoneroOne/build/Build/Products/Debug-iphonesimulator/PackageFrameworks -F /Users/j/Documents/GitHub/MoneroOne/build/Build/Products/Debug-iphonesimulator/PackageFrameworks -F /Users/j/Documents/GitHub/MoneroOne/build/Build/Products/Debug-iphonesimulator/PackageFrameworks -F /Users/j/Documents/GitHub/MoneroOne/build/Build/Products/Debug-iphonesimulator/PackageFrameworks -F /Users/j/Documents/GitHub/MoneroOne/build/Build/Products/Debug-iphonesimulator -F /Applications/Xcode.app/Contents/Developer/Platforms/iPhoneSimulator.platform/Developer/Library/Frameworks -F /Applications/Xcode.app/Contents/Developer/Platforms/iPhoneSimulator.platform/Developer/SDKs/iPhoneSimulator26.1.sdk/Developer/Library/Frameworks -c -j12 -enable-batch-mode -incremental -Xcc -ivfsstatcache -Xcc /Users/j/Documents/GitHub/MoneroOne/build/SDKStatCaches.noindex/iphonesimulator26.1-23B77-90cf18a4295e390e64c810bc6bd7acbc.sdkstatcache -output-file-map /Users/j/Documents/GitHub/MoneroOne/build/Build/Intermediates.noindex/swift-nio.build/Debug-iphonesimulator/NIOEmbedded.build/Objects-normal/arm64/NIOEmbedded-OutputFileMap.json -use-frontend-parseable-output -save-temps -no-color-diagnostics -explicit-module-build -module-cache-path /Users/j/Documents/GitHub/MoneroOne/build/Build/Intermediates.noindex/SwiftExplicitPrecompiledModules -clang-scanner-module-cache-path /Users/j/Documents/GitHub/MoneroOne/build/ModuleCache.noindex -sdk-module-cache-path /Users/j/Documents/GitHub/MoneroOne/build/ModuleCache.noindex -serialize-diagnostics -emit-dependencies -emit-module -emit-module-path /Users/j/Documents/GitHub/MoneroOne/build/Build/Intermediates.noindex/swift-nio.build/Debug-iphonesimulator/NIOEmbedded.build/Objects-normal/arm64/NIOEmbedded.swiftmodule -user-module-version 2.92.2 -validate-clang-modules-once -clang-build-session-file /Users/j/Documents/GitHub/MoneroOne/build/ModuleCache.noindex/Session.modulevalidation -package-name swift_nio -Xcc -I/Users/j/Documents/GitHub/MoneroOne/build/Build/Intermediates.noindex/swift-nio.build/Debug-iphonesimulator/NIOEmbedded.build/swift-overrides.hmap -emit-const-values -Xfrontend -const-gather-protocols-file -Xfrontend /Users/j/Documents/GitHub/MoneroOne/build/Build/Intermediates.noindex/swift-nio.build/Debug-iphonesimulator/NIOEmbedded.build/Objects-normal/arm64/NIOEmbedded_const_extract_protocols.json -Xcc -I/Users/j/Documents/GitHub/MoneroOne/build/SourcePackages/checkouts/swift-atomics/Sources/_AtomicsShims/include -Xcc -I/Users/j/Documents/GitHub/MoneroOne/build/SourcePackages/checkouts/swift-nio/Sources/CNIOWASI/include -Xcc -I/Users/j/Documents/GitHub/MoneroOne/build/SourcePackages/checkouts/swift-nio/Sources/CNIOWindows/include -Xcc -I/Users/j/Documents/GitHub/MoneroOne/build/SourcePackages/checkouts/swift-nio/Sources/CNIOLinux/include -Xcc -I/Users/j/Documents/GitHub/MoneroOne/build/SourcePackages/checkouts/swift-nio/Sources/CNIODarwin/include -Xcc -I/Users/j/Documents/GitHub/MoneroOne/build/SourcePackages/checkouts/swift-nio/Sources/CNIOOpenBSD/include -Xcc -I/Users/j/Documents/GitHub/MoneroOne/build/SourcePackages/checkouts/swift-nio/Sources/CNIOAtomics/include -Xcc -I/Users/j/Documents/GitHub/MoneroOne/build/Build/Products/Debug-iphonesimulator/include -Xcc -I/Users/j/Documents/GitHub/MoneroOne/build/Build/Intermediates.noindex/swift-nio.build/Debug-iphonesimulator/NIOEmbedded.build/DerivedSources-normal/arm64 -Xcc -I/Users/j/Documents/GitHub/MoneroOne/build/Build/Intermediates.noindex/swift-nio.build/Debug-iphonesimulator/NIOEmbedded.build/DerivedSources/arm64 -Xcc -I/Users/j/Documents/GitHub/MoneroOne/build/Build/Intermediates.noindex/swift-nio.build/Debug-iphonesimulator/NIOEmbedded.build/DerivedSources -Xcc -DSWIFT_PACKAGE -Xcc -DDEBUG\=1 -emit-objc-header -emit-objc-header-path /Users/j/Documents/GitHub/MoneroOne/build/Build/Intermediates.noindex/swift-nio.build/Debug-iphonesimulator/NIOEmbedded.build/Objects-normal/arm64/NIOEmbedded-Swift.h -working-directory /Users/j/Documents/GitHub/MoneroOne/MoneroOne.xcodeproj -experimental-emit-module-separately -disable-cmo

Ld /Users/j/Documents/GitHub/MoneroOne/build/Build/Products/Debug-iphonesimulator/NIOEmbedded.o normal (in target 'NIOEmbedded' from project 'swift-nio')
    cd /Users/j/Documents/GitHub/MoneroOne/build/SourcePackages/checkouts/swift-nio
    /Applications/Xcode.app/Contents/Developer/Toolchains/XcodeDefault.xctoolchain/usr/bin/clang -Xlinker -reproducible -target arm64-apple-ios12.0-simulator -r -isysroot /Applications/Xcode.app/Contents/Developer/Platforms/iPhoneSimulator.platform/Developer/SDKs/iPhoneSimulator26.1.sdk -O0 -w -L/Users/j/Documents/GitHub/MoneroOne/build/Build/Intermediates.noindex/EagerLinkingTBDs/Debug-iphonesimulator -L/Users/j/Documents/GitHub/MoneroOne/build/Build/Products/Debug-iphonesimulator -L/Applications/Xcode.app/Contents/Developer/Platforms/iPhoneSimulator.platform/Developer/usr/lib -F/Users/j/Documents/GitHub/MoneroOne/build/Build/Intermediates.noindex/EagerLinkingTBDs/Debug-iphonesimulator -F/Users/j/Documents/GitHub/MoneroOne/build/Build/Products/Debug-iphonesimulator/PackageFrameworks -F/Users/j/Documents/GitHub/MoneroOne/build/Build/Products/Debug-iphonesimulator/PackageFrameworks -F/Users/j/Documents/GitHub/MoneroOne/build/Build/Products/Debug-iphonesimulator/PackageFrameworks -F/Users/j/Documents/GitHub/MoneroOne/build/Build/Products/Debug-iphonesimulator/PackageFrameworks -F/Users/j/Documents/GitHub/MoneroOne/build/Build/Products/Debug-iphonesimulator/PackageFrameworks -F/Users/j/Documents/GitHub/MoneroOne/build/Build/Products/Debug-iphonesimulator/PackageFrameworks -F/Users/j/Documents/GitHub/MoneroOne/build/Build/Products/Debug-iphonesimulator/PackageFrameworks -F/Users/j/Documents/GitHub/MoneroOne/build/Build/Products/Debug-iphonesimulator/PackageFrameworks -F/Users/j/Documents/GitHub/MoneroOne/build/Build/Products/Debug-iphonesimulator/PackageFrameworks -F/Users/j/Documents/GitHub/MoneroOne/build/Build/Products/Debug-iphonesimulator/PackageFrameworks -F/Users/j/Documents/GitHub/MoneroOne/build/Build/Products/Debug-iphonesimulator/PackageFrameworks -F/Users/j/Documents/GitHub/MoneroOne/build/Build/Products/Debug-iphonesimulator/PackageFrameworks -F/Users/j/Documents/GitHub/MoneroOne/build/Build/Products/Debug-iphonesimulator/PackageFrameworks -F/Users/j/Documents/GitHub/MoneroOne/build/Build/Products/Debug-iphonesimulator/PackageFrameworks -F/Users/j/Documents/GitHub/MoneroOne/build/Build/Products/Debug-iphonesimulator -iframework /Applications/Xcode.app/Contents/Developer/Platforms/iPhoneSimulator.platform/Developer/Library/Frameworks -iframework /Applications/Xcode.app/Contents/Developer/Platforms/iPhoneSimulator.platform/Developer/SDKs/iPhoneSimulator26.1.sdk/Developer/Library/Frameworks -filelist /Users/j/Documents/GitHub/MoneroOne/build/Build/Intermediates.noindex/swift-nio.build/Debug-iphonesimulator/NIOEmbedded.build/Objects-normal/arm64/NIOEmbedded.LinkFileList -nostdlib -Xlinker -object_path_lto -Xlinker /Users/j/Documents/GitHub/MoneroOne/build/Build/Intermediates.noindex/swift-nio.build/Debug-iphonesimulator/NIOEmbedded.build/Objects-normal/arm64/NIOEmbedded_lto.o -rdynamic -Xlinker -no_deduplicate -Xlinker -objc_abi_version -Xlinker 2 -Xlinker -dependency_info -Xlinker /Users/j/Documents/GitHub/MoneroOne/build/Build/Intermediates.noindex/swift-nio.build/Debug-iphonesimulator/NIOEmbedded.build/Objects-normal/arm64/NIOEmbedded_dependency_info.dat -fobjc-link-runtime -L/Applications/Xcode.app/Contents/Developer/Toolchains/XcodeDefault.xctoolchain/usr/lib/swift/iphonesimulator -L/usr/lib/swift -Xlinker -add_ast_path -Xlinker /Users/j/Documents/GitHub/MoneroOne/build/Build/Intermediates.noindex/swift-nio.build/Debug-iphonesimulator/NIOEmbedded.build/Objects-normal/arm64/NIOEmbedded.swiftmodule @/Users/j/Documents/GitHub/MoneroOne/build/Build/Intermediates.noindex/swift-nio.build/Debug-iphonesimulator/NIOEmbedded.build/Objects-normal/arm64/NIOEmbedded-linker-args.resp -o /Users/j/Documents/GitHub/MoneroOne/build/Build/Products/Debug-iphonesimulator/NIOEmbedded.o

ExtractAppIntentsMetadata (in target 'NIOEmbedded' from project 'swift-nio')
    cd /Users/j/Documents/GitHub/MoneroOne/build/SourcePackages/checkouts/swift-nio
    /Applications/Xcode.app/Contents/Developer/Toolchains/XcodeDefault.xctoolchain/usr/bin/appintentsmetadataprocessor --toolchain-dir /Applications/Xcode.app/Contents/Developer/Toolchains/XcodeDefault.xctoolchain --module-name NIOEmbedded --sdk-root /Applications/Xcode.app/Contents/Developer/Platforms/iPhoneSimulator.platform/Developer/SDKs/iPhoneSimulator26.1.sdk --xcode-version 17B100 --platform-family iOS --deployment-target 12.0 --bundle-identifier swift-nio.NIOEmbedded --output /Users/j/Documents/GitHub/MoneroOne/build/Build/Products/Debug-iphonesimulator/NIOEmbedded.appintents --target-triple arm64-apple-ios12.0-simulator --binary-file /Users/j/Documents/GitHub/MoneroOne/build/Build/Products/Debug-iphonesimulator/NIOEmbedded.o --dependency-file /Users/j/Documents/GitHub/MoneroOne/build/Build/Intermediates.noindex/swift-nio.build/Debug-iphonesimulator/NIOEmbedded.build/Objects-normal/arm64/NIOEmbedded_dependency_info.dat --stringsdata-file /Users/j/Documents/GitHub/MoneroOne/build/Build/Intermediates.noindex/swift-nio.build/Debug-iphonesimulator/NIOEmbedded.build/Objects-normal/arm64/ExtractedAppShortcutsMetadata.stringsdata --source-file-list /Users/j/Documents/GitHub/MoneroOne/build/Build/Intermediates.noindex/swift-nio.build/Debug-iphonesimulator/NIOEmbedded.build/Objects-normal/arm64/NIOEmbedded.SwiftFileList --metadata-file-list /Users/j/Documents/GitHub/MoneroOne/build/Build/Intermediates.noindex/swift-nio.build/Debug-iphonesimulator/NIOEmbedded.build/NIOEmbedded.DependencyMetadataFileList --static-metadata-file-list /Users/j/Documents/GitHub/MoneroOne/build/Build/Intermediates.noindex/swift-nio.build/Debug-iphonesimulator/NIOEmbedded.build/NIOEmbedded.DependencyStaticMetadataFileList --swift-const-vals-list /Users/j/Documents/GitHub/MoneroOne/build/Build/Intermediates.noindex/swift-nio.build/Debug-iphonesimulator/NIOEmbedded.build/Objects-normal/arm64/NIOEmbedded.SwiftConstValuesFileList --force --compile-time-extraction --deployment-aware-processing --validate-assistant-intents --no-app-shortcuts-localization
2026-01-18 15:26:09.861 appintentsmetadataprocessor[3901:39110368] Starting appintentsmetadataprocessor export
2026-01-18 15:26:09.951 appintentsmetadataprocessor[3901:39110368] Extracted no relevant App Intents symbols, skipping writing output

RegisterExecutionPolicyException /Users/j/Documents/GitHub/MoneroOne/build/Build/Products/Debug-iphonesimulator/NIOEmbedded.o (in target 'NIOEmbedded' from project 'swift-nio')
    cd /Users/j/Documents/GitHub/MoneroOne/build/SourcePackages/checkouts/swift-nio
    builtin-RegisterExecutionPolicyException /Users/j/Documents/GitHub/MoneroOne/build/Build/Products/Debug-iphonesimulator/NIOEmbedded.o

SwiftCompile normal arm64 Compiling\ SelectableChannel.swift,\ SelectableEventLoop.swift,\ SelectorEpoll.swift,\ SelectorGeneric.swift,\ SelectorKqueue.swift /Users/j/Documents/GitHub/MoneroOne/build/SourcePackages/checkouts/swift-nio/Sources/NIOPosix/SelectableChannel.swift /Users/j/Documents/GitHub/MoneroOne/build/SourcePackages/checkouts/swift-nio/Sources/NIOPosix/SelectableEventLoop.swift /Users/j/Documents/GitHub/MoneroOne/build/SourcePackages/checkouts/swift-nio/Sources/NIOPosix/SelectorEpoll.swift /Users/j/Documents/GitHub/MoneroOne/build/SourcePackages/checkouts/swift-nio/Sources/NIOPosix/SelectorGeneric.swift /Users/j/Documents/GitHub/MoneroOne/build/SourcePackages/checkouts/swift-nio/Sources/NIOPosix/SelectorKqueue.swift (in target 'NIOPosix' from project 'swift-nio')

SwiftCompile normal arm64 /Users/j/Documents/GitHub/MoneroOne/build/SourcePackages/checkouts/swift-nio/Sources/NIOPosix/SelectableChannel.swift (in target 'NIOPosix' from project 'swift-nio')
    cd /Users/j/Documents/GitHub/MoneroOne/MoneroOne.xcodeproj
    

SwiftCompile normal arm64 /Users/j/Documents/GitHub/MoneroOne/build/SourcePackages/checkouts/swift-nio/Sources/NIOPosix/SelectableEventLoop.swift (in target 'NIOPosix' from project 'swift-nio')
    cd /Users/j/Documents/GitHub/MoneroOne/MoneroOne.xcodeproj
    

SwiftCompile normal arm64 /Users/j/Documents/GitHub/MoneroOne/build/SourcePackages/checkouts/swift-nio/Sources/NIOPosix/SelectorEpoll.swift (in target 'NIOPosix' from project 'swift-nio')
    cd /Users/j/Documents/GitHub/MoneroOne/MoneroOne.xcodeproj
    

SwiftCompile normal arm64 /Users/j/Documents/GitHub/MoneroOne/build/SourcePackages/checkouts/swift-nio/Sources/NIOPosix/SelectorGeneric.swift (in target 'NIOPosix' from project 'swift-nio')
    cd /Users/j/Documents/GitHub/MoneroOne/MoneroOne.xcodeproj
    

SwiftCompile normal arm64 /Users/j/Documents/GitHub/MoneroOne/build/SourcePackages/checkouts/swift-nio/Sources/NIOPosix/SelectorKqueue.swift (in target 'NIOPosix' from project 'swift-nio')
    cd /Users/j/Documents/GitHub/MoneroOne/MoneroOne.xcodeproj
    

SwiftEmitModule normal arm64 Emitting\ module\ for\ NIOPosix (in target 'NIOPosix' from project 'swift-nio')

EmitSwiftModule normal arm64 (in target 'NIOPosix' from project 'swift-nio')
    cd /Users/j/Documents/GitHub/MoneroOne/MoneroOne.xcodeproj
    

SwiftCompile normal arm64 Compiling\ IO.swift,\ IntegerBitPacking.swift,\ IntegerTypes.swift,\ Linux.swift,\ LinuxCPUSet.swift /Users/j/Documents/GitHub/MoneroOne/build/SourcePackages/checkouts/swift-nio/Sources/NIOPosix/IO.swift /Users/j/Documents/GitHub/MoneroOne/build/SourcePackages/checkouts/swift-nio/Sources/NIOPosix/IntegerBitPacking.swift /Users/j/Documents/GitHub/MoneroOne/build/SourcePackages/checkouts/swift-nio/Sources/NIOPosix/IntegerTypes.swift /Users/j/Documents/GitHub/MoneroOne/build/SourcePackages/checkouts/swift-nio/Sources/NIOPosix/Linux.swift /Users/j/Documents/GitHub/MoneroOne/build/SourcePackages/checkouts/swift-nio/Sources/NIOPosix/LinuxCPUSet.swift (in target 'NIOPosix' from project 'swift-nio')

SwiftCompile normal arm64 /Users/j/Documents/GitHub/MoneroOne/build/SourcePackages/checkouts/swift-nio/Sources/NIOPosix/IO.swift (in target 'NIOPosix' from project 'swift-nio')
    cd /Users/j/Documents/GitHub/MoneroOne/MoneroOne.xcodeproj
    

SwiftCompile normal arm64 /Users/j/Documents/GitHub/MoneroOne/build/SourcePackages/checkouts/swift-nio/Sources/NIOPosix/IntegerBitPacking.swift (in target 'NIOPosix' from project 'swift-nio')
    cd /Users/j/Documents/GitHub/MoneroOne/MoneroOne.xcodeproj
    

SwiftCompile normal arm64 /Users/j/Documents/GitHub/MoneroOne/build/SourcePackages/checkouts/swift-nio/Sources/NIOPosix/IntegerTypes.swift (in target 'NIOPosix' from project 'swift-nio')
    cd /Users/j/Documents/GitHub/MoneroOne/MoneroOne.xcodeproj
    

SwiftCompile normal arm64 /Users/j/Documents/GitHub/MoneroOne/build/SourcePackages/checkouts/swift-nio/Sources/NIOPosix/Linux.swift (in target 'NIOPosix' from project 'swift-nio')
    cd /Users/j/Documents/GitHub/MoneroOne/MoneroOne.xcodeproj
    

SwiftCompile normal arm64 /Users/j/Documents/GitHub/MoneroOne/build/SourcePackages/checkouts/swift-nio/Sources/NIOPosix/LinuxCPUSet.swift (in target 'NIOPosix' from project 'swift-nio')
    cd /Users/j/Documents/GitHub/MoneroOne/MoneroOne.xcodeproj
    

SwiftCompile normal arm64 Compiling\ Utilities.swift,\ VsockAddress.swift,\ VsockChannelEvents.swift,\ Windows.swift /Users/j/Documents/GitHub/MoneroOne/build/SourcePackages/checkouts/swift-nio/Sources/NIOPosix/Utilities.swift /Users/j/Documents/GitHub/MoneroOne/build/SourcePackages/checkouts/swift-nio/Sources/NIOPosix/VsockAddress.swift /Users/j/Documents/GitHub/MoneroOne/build/SourcePackages/checkouts/swift-nio/Sources/NIOPosix/VsockChannelEvents.swift /Users/j/Documents/GitHub/MoneroOne/build/SourcePackages/checkouts/swift-nio/Sources/NIOPosix/Windows.swift (in target 'NIOPosix' from project 'swift-nio')

SwiftCompile normal arm64 /Users/j/Documents/GitHub/MoneroOne/build/SourcePackages/checkouts/swift-nio/Sources/NIOPosix/Utilities.swift (in target 'NIOPosix' from project 'swift-nio')
    cd /Users/j/Documents/GitHub/MoneroOne/MoneroOne.xcodeproj
    

SwiftCompile normal arm64 /Users/j/Documents/GitHub/MoneroOne/build/SourcePackages/checkouts/swift-nio/Sources/NIOPosix/VsockAddress.swift (in target 'NIOPosix' from project 'swift-nio')
    cd /Users/j/Documents/GitHub/MoneroOne/MoneroOne.xcodeproj
    

SwiftCompile normal arm64 /Users/j/Documents/GitHub/MoneroOne/build/SourcePackages/checkouts/swift-nio/Sources/NIOPosix/VsockChannelEvents.swift (in target 'NIOPosix' from project 'swift-nio')
    cd /Users/j/Documents/GitHub/MoneroOne/MoneroOne.xcodeproj
    

SwiftCompile normal arm64 /Users/j/Documents/GitHub/MoneroOne/build/SourcePackages/checkouts/swift-nio/Sources/NIOPosix/Windows.swift (in target 'NIOPosix' from project 'swift-nio')
    cd /Users/j/Documents/GitHub/MoneroOne/MoneroOne.xcodeproj
    

SwiftCompile normal arm64 Compiling\ SelectorUring.swift,\ SelectorWSAPoll.swift,\ ServerSocket.swift,\ Socket.swift /Users/j/Documents/GitHub/MoneroOne/build/SourcePackages/checkouts/swift-nio/Sources/NIOPosix/SelectorUring.swift /Users/j/Documents/GitHub/MoneroOne/build/SourcePackages/checkouts/swift-nio/Sources/NIOPosix/SelectorWSAPoll.swift /Users/j/Documents/GitHub/MoneroOne/build/SourcePackages/checkouts/swift-nio/Sources/NIOPosix/ServerSocket.swift /Users/j/Documents/GitHub/MoneroOne/build/SourcePackages/checkouts/swift-nio/Sources/NIOPosix/Socket.swift (in target 'NIOPosix' from project 'swift-nio')

SwiftCompile normal arm64 /Users/j/Documents/GitHub/MoneroOne/build/SourcePackages/checkouts/swift-nio/Sources/NIOPosix/SelectorUring.swift (in target 'NIOPosix' from project 'swift-nio')
    cd /Users/j/Documents/GitHub/MoneroOne/MoneroOne.xcodeproj
    

SwiftCompile normal arm64 /Users/j/Documents/GitHub/MoneroOne/build/SourcePackages/checkouts/swift-nio/Sources/NIOPosix/SelectorWSAPoll.swift (in target 'NIOPosix' from project 'swift-nio')
    cd /Users/j/Documents/GitHub/MoneroOne/MoneroOne.xcodeproj
    

SwiftCompile normal arm64 /Users/j/Documents/GitHub/MoneroOne/build/SourcePackages/checkouts/swift-nio/Sources/NIOPosix/ServerSocket.swift (in target 'NIOPosix' from project 'swift-nio')
    cd /Users/j/Documents/GitHub/MoneroOne/MoneroOne.xcodeproj
    

SwiftCompile normal arm64 /Users/j/Documents/GitHub/MoneroOne/build/SourcePackages/checkouts/swift-nio/Sources/NIOPosix/Socket.swift (in target 'NIOPosix' from project 'swift-nio')
    cd /Users/j/Documents/GitHub/MoneroOne/MoneroOne.xcodeproj
    

SwiftCompile normal arm64 Compiling\ PosixSingletons+ConcurrencyTakeOver.swift,\ PosixSingletons.swift,\ RawSocketBootstrap.swift,\ Resolver.swift,\ Selectable.swift /Users/j/Documents/GitHub/MoneroOne/build/SourcePackages/checkouts/swift-nio/Sources/NIOPosix/PosixSingletons+ConcurrencyTakeOver.swift /Users/j/Documents/GitHub/MoneroOne/build/SourcePackages/checkouts/swift-nio/Sources/NIOPosix/PosixSingletons.swift /Users/j/Documents/GitHub/MoneroOne/build/SourcePackages/checkouts/swift-nio/Sources/NIOPosix/RawSocketBootstrap.swift /Users/j/Documents/GitHub/MoneroOne/build/SourcePackages/checkouts/swift-nio/Sources/NIOPosix/Resolver.swift /Users/j/Documents/GitHub/MoneroOne/build/SourcePackages/checkouts/swift-nio/Sources/NIOPosix/Selectable.swift (in target 'NIOPosix' from project 'swift-nio')

SwiftCompile normal arm64 /Users/j/Documents/GitHub/MoneroOne/build/SourcePackages/checkouts/swift-nio/Sources/NIOPosix/PosixSingletons+ConcurrencyTakeOver.swift (in target 'NIOPosix' from project 'swift-nio')
    cd /Users/j/Documents/GitHub/MoneroOne/MoneroOne.xcodeproj
    

SwiftCompile normal arm64 /Users/j/Documents/GitHub/MoneroOne/build/SourcePackages/checkouts/swift-nio/Sources/NIOPosix/PosixSingletons.swift (in target 'NIOPosix' from project 'swift-nio')
    cd /Users/j/Documents/GitHub/MoneroOne/MoneroOne.xcodeproj
    

SwiftCompile normal arm64 /Users/j/Documents/GitHub/MoneroOne/build/SourcePackages/checkouts/swift-nio/Sources/NIOPosix/RawSocketBootstrap.swift (in target 'NIOPosix' from project 'swift-nio')
    cd /Users/j/Documents/GitHub/MoneroOne/MoneroOne.xcodeproj
    

SwiftCompile normal arm64 /Users/j/Documents/GitHub/MoneroOne/build/SourcePackages/checkouts/swift-nio/Sources/NIOPosix/Resolver.swift (in target 'NIOPosix' from project 'swift-nio')
    cd /Users/j/Documents/GitHub/MoneroOne/MoneroOne.xcodeproj
    

SwiftCompile normal arm64 /Users/j/Documents/GitHub/MoneroOne/build/SourcePackages/checkouts/swift-nio/Sources/NIOPosix/Selectable.swift (in target 'NIOPosix' from project 'swift-nio')
    cd /Users/j/Documents/GitHub/MoneroOne/MoneroOne.xcodeproj
    

SwiftCompile normal arm64 Compiling\ Thread.swift,\ ThreadPosix.swift,\ ThreadWindows.swift,\ UnsafeTransfer.swift /Users/j/Documents/GitHub/MoneroOne/build/SourcePackages/checkouts/swift-nio/Sources/NIOPosix/Thread.swift /Users/j/Documents/GitHub/MoneroOne/build/SourcePackages/checkouts/swift-nio/Sources/NIOPosix/ThreadPosix.swift /Users/j/Documents/GitHub/MoneroOne/build/SourcePackages/checkouts/swift-nio/Sources/NIOPosix/ThreadWindows.swift /Users/j/Documents/GitHub/MoneroOne/build/SourcePackages/checkouts/swift-nio/Sources/NIOPosix/UnsafeTransfer.swift (in target 'NIOPosix' from project 'swift-nio')

SwiftCompile normal arm64 /Users/j/Documents/GitHub/MoneroOne/build/SourcePackages/checkouts/swift-nio/Sources/NIOPosix/Thread.swift (in target 'NIOPosix' from project 'swift-nio')
    cd /Users/j/Documents/GitHub/MoneroOne/MoneroOne.xcodeproj
    

SwiftCompile normal arm64 /Users/j/Documents/GitHub/MoneroOne/build/SourcePackages/checkouts/swift-nio/Sources/NIOPosix/ThreadPosix.swift (in target 'NIOPosix' from project 'swift-nio')
    cd /Users/j/Documents/GitHub/MoneroOne/MoneroOne.xcodeproj
    

SwiftCompile normal arm64 /Users/j/Documents/GitHub/MoneroOne/build/SourcePackages/checkouts/swift-nio/Sources/NIOPosix/ThreadWindows.swift (in target 'NIOPosix' from project 'swift-nio')
    cd /Users/j/Documents/GitHub/MoneroOne/MoneroOne.xcodeproj
    

SwiftCompile normal arm64 /Users/j/Documents/GitHub/MoneroOne/build/SourcePackages/checkouts/swift-nio/Sources/NIOPosix/UnsafeTransfer.swift (in target 'NIOPosix' from project 'swift-nio')
    cd /Users/j/Documents/GitHub/MoneroOne/MoneroOne.xcodeproj
    

SwiftCompile normal arm64 Compiling\ LinuxUring.swift,\ MultiThreadedEventLoopGroup.swift,\ NIOPosixSendableMetatype.swift,\ NIOThreadPool.swift,\ NonBlockingFileIO.swift /Users/j/Documents/GitHub/MoneroOne/build/SourcePackages/checkouts/swift-nio/Sources/NIOPosix/LinuxUring.swift /Users/j/Documents/GitHub/MoneroOne/build/SourcePackages/checkouts/swift-nio/Sources/NIOPosix/MultiThreadedEventLoopGroup.swift /Users/j/Documents/GitHub/MoneroOne/build/SourcePackages/checkouts/swift-nio/Sources/NIOPosix/NIOPosixSendableMetatype.swift /Users/j/Documents/GitHub/MoneroOne/build/SourcePackages/checkouts/swift-nio/Sources/NIOPosix/NIOThreadPool.swift /Users/j/Documents/GitHub/MoneroOne/build/SourcePackages/checkouts/swift-nio/Sources/NIOPosix/NonBlockingFileIO.swift (in target 'NIOPosix' from project 'swift-nio')
SwiftCompile normal arm64 /Users/j/Documents/GitHub/MoneroOne/build/SourcePackages/checkouts/swift-nio/Sources/NIOPosix/LinuxUring.swift (in target 'NIOPosix' from project 'swift-nio')
    cd /Users/j/Documents/GitHub/MoneroOne/MoneroOne.xcodeproj
    

SwiftCompile normal arm64 /Users/j/Documents/GitHub/MoneroOne/build/SourcePackages/checkouts/swift-nio/Sources/NIOPosix/MultiThreadedEventLoopGroup.swift (in target 'NIOPosix' from project 'swift-nio')
    cd /Users/j/Documents/GitHub/MoneroOne/MoneroOne.xcodeproj
    

SwiftCompile normal arm64 /Users/j/Documents/GitHub/MoneroOne/build/SourcePackages/checkouts/swift-nio/Sources/NIOPosix/NIOPosixSendableMetatype.swift (in target 'NIOPosix' from project 'swift-nio')
    cd /Users/j/Documents/GitHub/MoneroOne/MoneroOne.xcodeproj
    

SwiftCompile normal arm64 /Users/j/Documents/GitHub/MoneroOne/build/SourcePackages/checkouts/swift-nio/Sources/NIOPosix/NIOThreadPool.swift (in target 'NIOPosix' from project 'swift-nio')
    cd /Users/j/Documents/GitHub/MoneroOne/MoneroOne.xcodeproj
    

SwiftCompile normal arm64 /Users/j/Documents/GitHub/MoneroOne/build/SourcePackages/checkouts/swift-nio/Sources/NIOPosix/NonBlockingFileIO.swift (in target 'NIOPosix' from project 'swift-nio')
    cd /Users/j/Documents/GitHub/MoneroOne/MoneroOne.xcodeproj
    

SwiftCompile normal arm64 Compiling\ PendingDatagramWritesManager.swift,\ PendingWritesManager.swift,\ PipeChannel.swift,\ PipePair.swift,\ Pool.swift /Users/j/Documents/GitHub/MoneroOne/build/SourcePackages/checkouts/swift-nio/Sources/NIOPosix/PendingDatagramWritesManager.swift /Users/j/Documents/GitHub/MoneroOne/build/SourcePackages/checkouts/swift-nio/Sources/NIOPosix/PendingWritesManager.swift /Users/j/Documents/GitHub/MoneroOne/build/SourcePackages/checkouts/swift-nio/Sources/NIOPosix/PipeChannel.swift /Users/j/Documents/GitHub/MoneroOne/build/SourcePackages/checkouts/swift-nio/Sources/NIOPosix/PipePair.swift /Users/j/Documents/GitHub/MoneroOne/build/SourcePackages/checkouts/swift-nio/Sources/NIOPosix/Pool.swift (in target 'NIOPosix' from project 'swift-nio')

SwiftCompile normal arm64 /Users/j/Documents/GitHub/MoneroOne/build/SourcePackages/checkouts/swift-nio/Sources/NIOPosix/PendingDatagramWritesManager.swift (in target 'NIOPosix' from project 'swift-nio')
    cd /Users/j/Documents/GitHub/MoneroOne/MoneroOne.xcodeproj
    

SwiftCompile normal arm64 /Users/j/Documents/GitHub/MoneroOne/build/SourcePackages/checkouts/swift-nio/Sources/NIOPosix/PendingWritesManager.swift (in target 'NIOPosix' from project 'swift-nio')
    cd /Users/j/Documents/GitHub/MoneroOne/MoneroOne.xcodeproj
    

SwiftCompile normal arm64 /Users/j/Documents/GitHub/MoneroOne/build/SourcePackages/checkouts/swift-nio/Sources/NIOPosix/PipeChannel.swift (in target 'NIOPosix' from project 'swift-nio')
    cd /Users/j/Documents/GitHub/MoneroOne/MoneroOne.xcodeproj
    

SwiftCompile normal arm64 /Users/j/Documents/GitHub/MoneroOne/build/SourcePackages/checkouts/swift-nio/Sources/NIOPosix/PipePair.swift (in target 'NIOPosix' from project 'swift-nio')
    cd /Users/j/Documents/GitHub/MoneroOne/MoneroOne.xcodeproj
    

SwiftCompile normal arm64 /Users/j/Documents/GitHub/MoneroOne/build/SourcePackages/checkouts/swift-nio/Sources/NIOPosix/Pool.swift (in target 'NIOPosix' from project 'swift-nio')
    cd /Users/j/Documents/GitHub/MoneroOne/MoneroOne.xcodeproj
    

SwiftCompile normal arm64 Compiling\ BaseSocketChannel+SocketOptionProvider.swift,\ BaseSocketChannel.swift,\ BaseStreamSocketChannel.swift,\ Bootstrap.swift,\ ControlMessage.swift /Users/j/Documents/GitHub/MoneroOne/build/SourcePackages/checkouts/swift-nio/Sources/NIOPosix/BaseSocketChannel+SocketOptionProvider.swift /Users/j/Documents/GitHub/MoneroOne/build/SourcePackages/checkouts/swift-nio/Sources/NIOPosix/BaseSocketChannel.swift /Users/j/Documents/GitHub/MoneroOne/build/SourcePackages/checkouts/swift-nio/Sources/NIOPosix/BaseStreamSocketChannel.swift /Users/j/Documents/GitHub/MoneroOne/build/SourcePackages/checkouts/swift-nio/Sources/NIOPosix/Bootstrap.swift /Users/j/Documents/GitHub/MoneroOne/build/SourcePackages/checkouts/swift-nio/Sources/NIOPosix/ControlMessage.swift (in target 'NIOPosix' from project 'swift-nio')

SwiftCompile normal arm64 /Users/j/Documents/GitHub/MoneroOne/build/SourcePackages/checkouts/swift-nio/Sources/NIOPosix/BaseSocketChannel+SocketOptionProvider.swift (in target 'NIOPosix' from project 'swift-nio')
    cd /Users/j/Documents/GitHub/MoneroOne/MoneroOne.xcodeproj
    

SwiftCompile normal arm64 /Users/j/Documents/GitHub/MoneroOne/build/SourcePackages/checkouts/swift-nio/Sources/NIOPosix/BaseSocketChannel.swift (in target 'NIOPosix' from project 'swift-nio')
    cd /Users/j/Documents/GitHub/MoneroOne/MoneroOne.xcodeproj
    

SwiftCompile normal arm64 /Users/j/Documents/GitHub/MoneroOne/build/SourcePackages/checkouts/swift-nio/Sources/NIOPosix/BaseStreamSocketChannel.swift (in target 'NIOPosix' from project 'swift-nio')
    cd /Users/j/Documents/GitHub/MoneroOne/MoneroOne.xcodeproj
    

SwiftCompile normal arm64 /Users/j/Documents/GitHub/MoneroOne/build/SourcePackages/checkouts/swift-nio/Sources/NIOPosix/Bootstrap.swift (in target 'NIOPosix' from project 'swift-nio')
    cd /Users/j/Documents/GitHub/MoneroOne/MoneroOne.xcodeproj
    

SwiftCompile normal arm64 /Users/j/Documents/GitHub/MoneroOne/build/SourcePackages/checkouts/swift-nio/Sources/NIOPosix/ControlMessage.swift (in target 'NIOPosix' from project 'swift-nio')
    cd /Users/j/Documents/GitHub/MoneroOne/MoneroOne.xcodeproj
    

SwiftCompile normal arm64 Compiling\ DatagramVectorReadManager.swift,\ Errors+Any.swift,\ FileDescriptor.swift,\ GetaddrinfoResolver.swift,\ HappyEyeballs.swift /Users/j/Documents/GitHub/MoneroOne/build/SourcePackages/checkouts/swift-nio/Sources/NIOPosix/DatagramVectorReadManager.swift /Users/j/Documents/GitHub/MoneroOne/build/SourcePackages/checkouts/swift-nio/Sources/NIOPosix/Errors+Any.swift /Users/j/Documents/GitHub/MoneroOne/build/SourcePackages/checkouts/swift-nio/Sources/NIOPosix/FileDescriptor.swift /Users/j/Documents/GitHub/MoneroOne/build/SourcePackages/checkouts/swift-nio/Sources/NIOPosix/GetaddrinfoResolver.swift /Users/j/Documents/GitHub/MoneroOne/build/SourcePackages/checkouts/swift-nio/Sources/NIOPosix/HappyEyeballs.swift (in target 'NIOPosix' from project 'swift-nio')

SwiftCompile normal arm64 /Users/j/Documents/GitHub/MoneroOne/build/SourcePackages/checkouts/swift-nio/Sources/NIOPosix/DatagramVectorReadManager.swift (in target 'NIOPosix' from project 'swift-nio')
    cd /Users/j/Documents/GitHub/MoneroOne/MoneroOne.xcodeproj
    

SwiftCompile normal arm64 /Users/j/Documents/GitHub/MoneroOne/build/SourcePackages/checkouts/swift-nio/Sources/NIOPosix/Errors+Any.swift (in target 'NIOPosix' from project 'swift-nio')
    cd /Users/j/Documents/GitHub/MoneroOne/MoneroOne.xcodeproj
    

SwiftCompile normal arm64 /Users/j/Documents/GitHub/MoneroOne/build/SourcePackages/checkouts/swift-nio/Sources/NIOPosix/FileDescriptor.swift (in target 'NIOPosix' from project 'swift-nio')
    cd /Users/j/Documents/GitHub/MoneroOne/MoneroOne.xcodeproj
    

SwiftCompile normal arm64 /Users/j/Documents/GitHub/MoneroOne/build/SourcePackages/checkouts/swift-nio/Sources/NIOPosix/GetaddrinfoResolver.swift (in target 'NIOPosix' from project 'swift-nio')
    cd /Users/j/Documents/GitHub/MoneroOne/MoneroOne.xcodeproj
    

SwiftCompile normal arm64 /Users/j/Documents/GitHub/MoneroOne/build/SourcePackages/checkouts/swift-nio/Sources/NIOPosix/HappyEyeballs.swift (in target 'NIOPosix' from project 'swift-nio')
    cd /Users/j/Documents/GitHub/MoneroOne/MoneroOne.xcodeproj
    

SwiftCompile normal arm64 Compiling\ resource_bundle_accessor.swift,\ BSDSocketAPICommon.swift,\ BSDSocketAPIPosix.swift,\ BSDSocketAPIWindows.swift,\ BaseSocket.swift /Users/j/Documents/GitHub/MoneroOne/build/Build/Intermediates.noindex/swift-nio.build/Debug-iphonesimulator/NIOPosix.build/DerivedSources/resource_bundle_accessor.swift /Users/j/Documents/GitHub/MoneroOne/build/SourcePackages/checkouts/swift-nio/Sources/NIOPosix/BSDSocketAPICommon.swift /Users/j/Documents/GitHub/MoneroOne/build/SourcePackages/checkouts/swift-nio/Sources/NIOPosix/BSDSocketAPIPosix.swift /Users/j/Documents/GitHub/MoneroOne/build/SourcePackages/checkouts/swift-nio/Sources/NIOPosix/BSDSocketAPIWindows.swift /Users/j/Documents/GitHub/MoneroOne/build/SourcePackages/checkouts/swift-nio/Sources/NIOPosix/BaseSocket.swift (in target 'NIOPosix' from project 'swift-nio')

SwiftCompile normal arm64 /Users/j/Documents/GitHub/MoneroOne/build/Build/Intermediates.noindex/swift-nio.build/Debug-iphonesimulator/NIOPosix.build/DerivedSources/resource_bundle_accessor.swift (in target 'NIOPosix' from project 'swift-nio')
    cd /Users/j/Documents/GitHub/MoneroOne/MoneroOne.xcodeproj
    

SwiftCompile normal arm64 /Users/j/Documents/GitHub/MoneroOne/build/SourcePackages/checkouts/swift-nio/Sources/NIOPosix/BSDSocketAPICommon.swift (in target 'NIOPosix' from project 'swift-nio')
    cd /Users/j/Documents/GitHub/MoneroOne/MoneroOne.xcodeproj
    

SwiftCompile normal arm64 /Users/j/Documents/GitHub/MoneroOne/build/SourcePackages/checkouts/swift-nio/Sources/NIOPosix/BSDSocketAPIPosix.swift (in target 'NIOPosix' from project 'swift-nio')
    cd /Users/j/Documents/GitHub/MoneroOne/MoneroOne.xcodeproj
    

SwiftCompile normal arm64 /Users/j/Documents/GitHub/MoneroOne/build/SourcePackages/checkouts/swift-nio/Sources/NIOPosix/BSDSocketAPIWindows.swift (in target 'NIOPosix' from project 'swift-nio')
    cd /Users/j/Documents/GitHub/MoneroOne/MoneroOne.xcodeproj
    

SwiftCompile normal arm64 /Users/j/Documents/GitHub/MoneroOne/build/SourcePackages/checkouts/swift-nio/Sources/NIOPosix/BaseSocket.swift (in target 'NIOPosix' from project 'swift-nio')
    cd /Users/j/Documents/GitHub/MoneroOne/MoneroOne.xcodeproj
    

SwiftCompile normal arm64 Compiling\ SocketChannel.swift,\ SocketProtocols.swift,\ StructuredConcurrencyHelpers.swift,\ System.swift /Users/j/Documents/GitHub/MoneroOne/build/SourcePackages/checkouts/swift-nio/Sources/NIOPosix/SocketChannel.swift /Users/j/Documents/GitHub/MoneroOne/build/SourcePackages/checkouts/swift-nio/Sources/NIOPosix/SocketProtocols.swift /Users/j/Documents/GitHub/MoneroOne/build/SourcePackages/checkouts/swift-nio/Sources/NIOPosix/StructuredConcurrencyHelpers.swift /Users/j/Documents/GitHub/MoneroOne/build/SourcePackages/checkouts/swift-nio/Sources/NIOPosix/System.swift (in target 'NIOPosix' from project 'swift-nio')

SwiftCompile normal arm64 /Users/j/Documents/GitHub/MoneroOne/build/SourcePackages/checkouts/swift-nio/Sources/NIOPosix/SocketChannel.swift (in target 'NIOPosix' from project 'swift-nio')
    cd /Users/j/Documents/GitHub/MoneroOne/MoneroOne.xcodeproj
    

SwiftCompile normal arm64 /Users/j/Documents/GitHub/MoneroOne/build/SourcePackages/checkouts/swift-nio/Sources/NIOPosix/SocketProtocols.swift (in target 'NIOPosix' from project 'swift-nio')
    cd /Users/j/Documents/GitHub/MoneroOne/MoneroOne.xcodeproj
    

SwiftCompile normal arm64 /Users/j/Documents/GitHub/MoneroOne/build/SourcePackages/checkouts/swift-nio/Sources/NIOPosix/StructuredConcurrencyHelpers.swift (in target 'NIOPosix' from project 'swift-nio')
    cd /Users/j/Documents/GitHub/MoneroOne/MoneroOne.xcodeproj
    

SwiftCompile normal arm64 /Users/j/Documents/GitHub/MoneroOne/build/SourcePackages/checkouts/swift-nio/Sources/NIOPosix/System.swift (in target 'NIOPosix' from project 'swift-nio')
    cd /Users/j/Documents/GitHub/MoneroOne/MoneroOne.xcodeproj
    

SwiftDriverJobDiscovery normal arm64 Compiling IO.swift, IntegerBitPacking.swift, IntegerTypes.swift, Linux.swift, LinuxCPUSet.swift (in target 'NIOPosix' from project 'swift-nio')

SwiftDriverJobDiscovery normal arm64 Compiling Utilities.swift, VsockAddress.swift, VsockChannelEvents.swift, Windows.swift (in target 'NIOPosix' from project 'swift-nio')

SwiftDriverJobDiscovery normal arm64 Compiling PosixSingletons+ConcurrencyTakeOver.swift, PosixSingletons.swift, RawSocketBootstrap.swift, Resolver.swift, Selectable.swift (in target 'NIOPosix' from project 'swift-nio')

SwiftDriverJobDiscovery normal arm64 Compiling Thread.swift, ThreadPosix.swift, ThreadWindows.swift, UnsafeTransfer.swift (in target 'NIOPosix' from project 'swift-nio')

SwiftDriverJobDiscovery normal arm64 Compiling SelectorUring.swift, SelectorWSAPoll.swift, ServerSocket.swift, Socket.swift (in target 'NIOPosix' from project 'swift-nio')

SwiftDriverJobDiscovery normal arm64 Compiling DatagramVectorReadManager.swift, Errors+Any.swift, FileDescriptor.swift, GetaddrinfoResolver.swift, HappyEyeballs.swift (in target 'NIOPosix' from project 'swift-nio')

SwiftDriverJobDiscovery normal arm64 Compiling resource_bundle_accessor.swift, BSDSocketAPICommon.swift, BSDSocketAPIPosix.swift, BSDSocketAPIWindows.swift, BaseSocket.swift (in target 'NIOPosix' from project 'swift-nio')

SwiftDriverJobDiscovery normal arm64 Emitting module for NIOPosix (in target 'NIOPosix' from project 'swift-nio')

SwiftDriver\ Compilation\ Requirements NIOPosix normal arm64 com.apple.xcode.tools.swift.compiler (in target 'NIOPosix' from project 'swift-nio')
    cd /Users/j/Documents/GitHub/MoneroOne/MoneroOne.xcodeproj
    builtin-Swift-Compilation-Requirements -- /Applications/Xcode.app/Contents/Developer/Toolchains/XcodeDefault.xctoolchain/usr/bin/swiftc -module-name NIOPosix -Onone -enforce-exclusivity\=checked @/Users/j/Documents/GitHub/MoneroOne/build/Build/Intermediates.noindex/swift-nio.build/Debug-iphonesimulator/NIOPosix.build/Objects-normal/arm64/NIOPosix.SwiftFileList -DSWIFT_PACKAGE -DDEBUG -DSWIFT_MODULE_RESOURCE_BUNDLE_AVAILABLE -Xcc -fmodule-map-file\=/Users/j/Documents/GitHub/MoneroOne/build/Build/Intermediates.noindex/GeneratedModuleMaps-iphonesimulator/CNIOPosix.modulemap -Xcc -fmodule-map-file\=/Users/j/Documents/GitHub/MoneroOne/build/Build/Intermediates.noindex/GeneratedModuleMaps-iphonesimulator/CNIOWASI.modulemap -Xcc -fmodule-map-file\=/Users/j/Documents/GitHub/MoneroOne/build/Build/Intermediates.noindex/GeneratedModuleMaps-iphonesimulator/CNIOAtomics.modulemap -Xcc -fmodule-map-file\=/Users/j/Documents/GitHub/MoneroOne/build/Build/Intermediates.noindex/GeneratedModuleMaps-iphonesimulator/CNIODarwin.modulemap -Xcc -fmodule-map-file\=/Users/j/Documents/GitHub/MoneroOne/build/Build/Intermediates.noindex/GeneratedModuleMaps-iphonesimulator/CNIOLinux.modulemap -Xcc -fmodule-map-file\=/Users/j/Documents/GitHub/MoneroOne/build/Build/Intermediates.noindex/GeneratedModuleMaps-iphonesimulator/CNIOOpenBSD.modulemap -DXcode -enable-experimental-feature Lifetimes -enable-upcoming-feature MemberImportVisibility -plugin-path /Applications/Xcode.app/Contents/Developer/Toolchains/XcodeDefault.xctoolchain/usr/lib/swift/host/plugins/testing -enable-experimental-feature DebugDescriptionMacro -sdk /Applications/Xcode.app/Contents/Developer/Platforms/iPhoneSimulator.platform/Developer/SDKs/iPhoneSimulator26.1.sdk -target arm64-apple-ios12.0-simulator -g -module-cache-path /Users/j/Documents/GitHub/MoneroOne/build/ModuleCache.noindex -Xfrontend -serialize-debugging-options -enable-testing -suppress-warnings -index-store-path /Users/j/Documents/GitHub/MoneroOne/build/Index.noindex/DataStore -Xcc -D_LIBCPP_HARDENING_MODE\=_LIBCPP_HARDENING_MODE_DEBUG -swift-version 6 -I /Users/j/Documents/GitHub/MoneroOne/build/Build/Products/Debug-iphonesimulator -Isystem /Applications/Xcode.app/Contents/Developer/Platforms/iPhoneSimulator.platform/Developer/usr/lib -F /Users/j/Documents/GitHub/MoneroOne/build/Build/Products/Debug-iphonesimulator/PackageFrameworks -F /Users/j/Documents/GitHub/MoneroOne/build/Build/Products/Debug-iphonesimulator/PackageFrameworks -F /Users/j/Documents/GitHub/MoneroOne/build/Build/Products/Debug-iphonesimulator/PackageFrameworks -F /Users/j/Documents/GitHub/MoneroOne/build/Build/Products/Debug-iphonesimulator/PackageFrameworks -F /Users/j/Documents/GitHub/MoneroOne/build/Build/Products/Debug-iphonesimulator/PackageFrameworks -F /Users/j/Documents/GitHub/MoneroOne/build/Build/Products/Debug-iphonesimulator/PackageFrameworks -F /Users/j/Documents/GitHub/MoneroOne/build/Build/Products/Debug-iphonesimulator/PackageFrameworks -F /Users/j/Documents/GitHub/MoneroOne/build/Build/Products/Debug-iphonesimulator/PackageFrameworks -F /Users/j/Documents/GitHub/MoneroOne/build/Build/Products/Debug-iphonesimulator/PackageFrameworks -F /Users/j/Documents/GitHub/MoneroOne/build/Build/Products/Debug-iphonesimulator/PackageFrameworks -F /Users/j/Documents/GitHub/MoneroOne/build/Build/Products/Debug-iphonesimulator/PackageFrameworks -F /Users/j/Documents/GitHub/MoneroOne/build/Build/Products/Debug-iphonesimulator/PackageFrameworks -F /Users/j/Documents/GitHub/MoneroOne/build/Build/Products/Debug-iphonesimulator/PackageFrameworks -F /Users/j/Documents/GitHub/MoneroOne/build/Build/Products/Debug-iphonesimulator/PackageFrameworks -F /Users/j/Documents/GitHub/MoneroOne/build/Build/Products/Debug-iphonesimulator/PackageFrameworks -F /Users/j/Documents/GitHub/MoneroOne/build/Build/Products/Debug-iphonesimulator -F /Applications/Xcode.app/Contents/Developer/Platforms/iPhoneSimulator.platform/Developer/Library/Frameworks -F /Applications/Xcode.app/Contents/Developer/Platforms/iPhoneSimulator.platform/Developer/SDKs/iPhoneSimulator26.1.sdk/Developer/Library/Frameworks -c -j12 -enable-batch-mode -incremental -Xcc -ivfsstatcache -Xcc /Users/j/Documents/GitHub/MoneroOne/build/SDKStatCaches.noindex/iphonesimulator26.1-23B77-90cf18a4295e390e64c810bc6bd7acbc.sdkstatcache -output-file-map /Users/j/Documents/GitHub/MoneroOne/build/Build/Intermediates.noindex/swift-nio.build/Debug-iphonesimulator/NIOPosix.build/Objects-normal/arm64/NIOPosix-OutputFileMap.json -use-frontend-parseable-output -save-temps -no-color-diagnostics -explicit-module-build -module-cache-path /Users/j/Documents/GitHub/MoneroOne/build/Build/Intermediates.noindex/SwiftExplicitPrecompiledModules -clang-scanner-module-cache-path /Users/j/Documents/GitHub/MoneroOne/build/ModuleCache.noindex -sdk-module-cache-path /Users/j/Documents/GitHub/MoneroOne/build/ModuleCache.noindex -serialize-diagnostics -emit-dependencies -emit-module -emit-module-path /Users/j/Documents/GitHub/MoneroOne/build/Build/Intermediates.noindex/swift-nio.build/Debug-iphonesimulator/NIOPosix.build/Objects-normal/arm64/NIOPosix.swiftmodule -user-module-version 2.92.2 -validate-clang-modules-once -clang-build-session-file /Users/j/Documents/GitHub/MoneroOne/build/ModuleCache.noindex/Session.modulevalidation -package-name swift_nio -Xcc -I/Users/j/Documents/GitHub/MoneroOne/build/Build/Intermediates.noindex/swift-nio.build/Debug-iphonesimulator/NIOPosix.build/swift-overrides.hmap -emit-const-values -Xfrontend -const-gather-protocols-file -Xfrontend /Users/j/Documents/GitHub/MoneroOne/build/Build/Intermediates.noindex/swift-nio.build/Debug-iphonesimulator/NIOPosix.build/Objects-normal/arm64/NIOPosix_const_extract_protocols.json -Xcc -I/Users/j/Documents/GitHub/MoneroOne/build/SourcePackages/checkouts/swift-atomics/Sources/_AtomicsShims/include -Xcc -I/Users/j/Documents/GitHub/MoneroOne/build/SourcePackages/checkouts/swift-nio/Sources/CNIOPosix/include -Xcc -I/Users/j/Documents/GitHub/MoneroOne/build/SourcePackages/checkouts/swift-nio/Sources/CNIOWASI/include -Xcc -I/Users/j/Documents/GitHub/MoneroOne/build/SourcePackages/checkouts/swift-nio/Sources/CNIOAtomics/include -Xcc -I/Users/j/Documents/GitHub/MoneroOne/build/SourcePackages/checkouts/swift-nio/Sources/CNIOWindows/include -Xcc -I/Users/j/Documents/GitHub/MoneroOne/build/SourcePackages/checkouts/swift-nio/Sources/CNIODarwin/include -Xcc -I/Users/j/Documents/GitHub/MoneroOne/build/SourcePackages/checkouts/swift-nio/Sources/CNIOLinux/include -Xcc -I/Users/j/Documents/GitHub/MoneroOne/build/SourcePackages/checkouts/swift-nio/Sources/CNIOOpenBSD/include -Xcc -I/Users/j/Documents/GitHub/MoneroOne/build/Build/Products/Debug-iphonesimulator/include -Xcc -I/Users/j/Documents/GitHub/MoneroOne/build/Build/Intermediates.noindex/swift-nio.build/Debug-iphonesimulator/NIOPosix.build/DerivedSources-normal/arm64 -Xcc -I/Users/j/Documents/GitHub/MoneroOne/build/Build/Intermediates.noindex/swift-nio.build/Debug-iphonesimulator/NIOPosix.build/DerivedSources/arm64 -Xcc -I/Users/j/Documents/GitHub/MoneroOne/build/Build/Intermediates.noindex/swift-nio.build/Debug-iphonesimulator/NIOPosix.build/DerivedSources -Xcc -DSWIFT_PACKAGE -Xcc -DDEBUG\=1 -emit-objc-header -emit-objc-header-path /Users/j/Documents/GitHub/MoneroOne/build/Build/Intermediates.noindex/swift-nio.build/Debug-iphonesimulator/NIOPosix.build/Objects-normal/arm64/NIOPosix-Swift.h -working-directory /Users/j/Documents/GitHub/MoneroOne/MoneroOne.xcodeproj -experimental-emit-module-separately -disable-cmo

SwiftMergeGeneratedHeaders /Users/j/Documents/GitHub/MoneroOne/build/Build/Intermediates.noindex/GeneratedModuleMaps-iphonesimulator/NIOPosix-Swift.h /Users/j/Documents/GitHub/MoneroOne/build/Build/Intermediates.noindex/swift-nio.build/Debug-iphonesimulator/NIOPosix.build/Objects-normal/arm64/NIOPosix-Swift.h (in target 'NIOPosix' from project 'swift-nio')
    cd /Users/j/Documents/GitHub/MoneroOne/build/SourcePackages/checkouts/swift-nio
    builtin-swiftHeaderTool -arch arm64 /Users/j/Documents/GitHub/MoneroOne/build/Build/Intermediates.noindex/swift-nio.build/Debug-iphonesimulator/NIOPosix.build/Objects-normal/arm64/NIOPosix-Swift.h -o /Users/j/Documents/GitHub/MoneroOne/build/Build/Intermediates.noindex/GeneratedModuleMaps-iphonesimulator/NIOPosix-Swift.h

Copy /Users/j/Documents/GitHub/MoneroOne/build/Build/Products/Debug-iphonesimulator/NIOPosix.swiftmodule/arm64-apple-ios-simulator.swiftmodule /Users/j/Documents/GitHub/MoneroOne/build/Build/Intermediates.noindex/swift-nio.build/Debug-iphonesimulator/NIOPosix.build/Objects-normal/arm64/NIOPosix.swiftmodule (in target 'NIOPosix' from project 'swift-nio')
    cd /Users/j/Documents/GitHub/MoneroOne/build/SourcePackages/checkouts/swift-nio
    builtin-copy -exclude .DS_Store -exclude CVS -exclude .svn -exclude .git -exclude .hg -resolve-src-symlinks -rename /Users/j/Documents/GitHub/MoneroOne/build/Build/Intermediates.noindex/swift-nio.build/Debug-iphonesimulator/NIOPosix.build/Objects-normal/arm64/NIOPosix.swiftmodule /Users/j/Documents/GitHub/MoneroOne/build/Build/Products/Debug-iphonesimulator/NIOPosix.swiftmodule/arm64-apple-ios-simulator.swiftmodule

Copy /Users/j/Documents/GitHub/MoneroOne/build/Build/Products/Debug-iphonesimulator/NIOPosix.swiftmodule/arm64-apple-ios-simulator.abi.json /Users/j/Documents/GitHub/MoneroOne/build/Build/Intermediates.noindex/swift-nio.build/Debug-iphonesimulator/NIOPosix.build/Objects-normal/arm64/NIOPosix.abi.json (in target 'NIOPosix' from project 'swift-nio')
    cd /Users/j/Documents/GitHub/MoneroOne/build/SourcePackages/checkouts/swift-nio
    builtin-copy -exclude .DS_Store -exclude CVS -exclude .svn -exclude .git -exclude .hg -resolve-src-symlinks -rename /Users/j/Documents/GitHub/MoneroOne/build/Build/Intermediates.noindex/swift-nio.build/Debug-iphonesimulator/NIOPosix.build/Objects-normal/arm64/NIOPosix.abi.json /Users/j/Documents/GitHub/MoneroOne/build/Build/Products/Debug-iphonesimulator/NIOPosix.swiftmodule/arm64-apple-ios-simulator.abi.json

Copy /Users/j/Documents/GitHub/MoneroOne/build/Build/Products/Debug-iphonesimulator/NIOPosix.swiftmodule/arm64-apple-ios-simulator.swiftdoc /Users/j/Documents/GitHub/MoneroOne/build/Build/Intermediates.noindex/swift-nio.build/Debug-iphonesimulator/NIOPosix.build/Objects-normal/arm64/NIOPosix.swiftdoc (in target 'NIOPosix' from project 'swift-nio')
    cd /Users/j/Documents/GitHub/MoneroOne/build/SourcePackages/checkouts/swift-nio
    builtin-copy -exclude .DS_Store -exclude CVS -exclude .svn -exclude .git -exclude .hg -resolve-src-symlinks -rename /Users/j/Documents/GitHub/MoneroOne/build/Build/Intermediates.noindex/swift-nio.build/Debug-iphonesimulator/NIOPosix.build/Objects-normal/arm64/NIOPosix.swiftdoc /Users/j/Documents/GitHub/MoneroOne/build/Build/Products/Debug-iphonesimulator/NIOPosix.swiftmodule/arm64-apple-ios-simulator.swiftdoc

Copy /Users/j/Documents/GitHub/MoneroOne/build/Build/Products/Debug-iphonesimulator/NIOPosix.swiftmodule/Project/arm64-apple-ios-simulator.swiftsourceinfo /Users/j/Documents/GitHub/MoneroOne/build/Build/Intermediates.noindex/swift-nio.build/Debug-iphonesimulator/NIOPosix.build/Objects-normal/arm64/NIOPosix.swiftsourceinfo (in target 'NIOPosix' from project 'swift-nio')
    cd /Users/j/Documents/GitHub/MoneroOne/build/SourcePackages/checkouts/swift-nio
    builtin-copy -exclude .DS_Store -exclude CVS -exclude .svn -exclude .git -exclude .hg -resolve-src-symlinks -rename /Users/j/Documents/GitHub/MoneroOne/build/Build/Intermediates.noindex/swift-nio.build/Debug-iphonesimulator/NIOPosix.build/Objects-normal/arm64/NIOPosix.swiftsourceinfo /Users/j/Documents/GitHub/MoneroOne/build/Build/Products/Debug-iphonesimulator/NIOPosix.swiftmodule/Project/arm64-apple-ios-simulator.swiftsourceinfo

SwiftDriver NIO normal arm64 com.apple.xcode.tools.swift.compiler (in target 'NIO' from project 'swift-nio')
    cd /Users/j/Documents/GitHub/MoneroOne/MoneroOne.xcodeproj
    builtin-SwiftDriver -- /Applications/Xcode.app/Contents/Developer/Toolchains/XcodeDefault.xctoolchain/usr/bin/swiftc -module-name NIO -Onone -enforce-exclusivity\=checked @/Users/j/Documents/GitHub/MoneroOne/build/Build/Intermediates.noindex/swift-nio.build/Debug-iphonesimulator/NIO.build/Objects-normal/arm64/NIO.SwiftFileList -DSWIFT_PACKAGE -DDEBUG -DSWIFT_MODULE_RESOURCE_BUNDLE_UNAVAILABLE -Xcc -fmodule-map-file\=/Users/j/Documents/GitHub/MoneroOne/build/Build/Intermediates.noindex/GeneratedModuleMaps-iphonesimulator/CNIOPosix.modulemap -Xcc -fmodule-map-file\=/Users/j/Documents/GitHub/MoneroOne/build/Build/Intermediates.noindex/GeneratedModuleMaps-iphonesimulator/CNIOWASI.modulemap -Xcc -fmodule-map-file\=/Users/j/Documents/GitHub/MoneroOne/build/Build/Intermediates.noindex/GeneratedModuleMaps-iphonesimulator/CNIOLinux.modulemap -Xcc -fmodule-map-file\=/Users/j/Documents/GitHub/MoneroOne/build/Build/Intermediates.noindex/GeneratedModuleMaps-iphonesimulator/CNIODarwin.modulemap -Xcc -fmodule-map-file\=/Users/j/Documents/GitHub/MoneroOne/build/Build/Intermediates.noindex/GeneratedModuleMaps-iphonesimulator/CNIOOpenBSD.modulemap -Xcc -fmodule-map-file\=/Users/j/Documents/GitHub/MoneroOne/build/Build/Intermediates.noindex/GeneratedModuleMaps-iphonesimulator/CNIOAtomics.modulemap -DXcode -enable-experimental-feature Lifetimes -enable-upcoming-feature MemberImportVisibility -plugin-path /Applications/Xcode.app/Contents/Developer/Toolchains/XcodeDefault.xctoolchain/usr/lib/swift/host/plugins/testing -enable-experimental-feature DebugDescriptionMacro -sdk /Applications/Xcode.app/Contents/Developer/Platforms/iPhoneSimulator.platform/Developer/SDKs/iPhoneSimulator26.1.sdk -target arm64-apple-ios12.0-simulator -g -module-cache-path /Users/j/Documents/GitHub/MoneroOne/build/ModuleCache.noindex -Xfrontend -serialize-debugging-options -enable-testing -suppress-warnings -index-store-path /Users/j/Documents/GitHub/MoneroOne/build/Index.noindex/DataStore -Xcc -D_LIBCPP_HARDENING_MODE\=_LIBCPP_HARDENING_MODE_DEBUG -swift-version 6 -I /Users/j/Documents/GitHub/MoneroOne/build/Build/Products/Debug-iphonesimulator -Isystem /Applications/Xcode.app/Contents/Developer/Platforms/iPhoneSimulator.platform/Developer/usr/lib -F /Users/j/Documents/GitHub/MoneroOne/build/Build/Products/Debug-iphonesimulator/PackageFrameworks -F /Users/j/Documents/GitHub/MoneroOne/build/Build/Products/Debug-iphonesimulator/PackageFrameworks -F /Users/j/Documents/GitHub/MoneroOne/build/Build/Products/Debug-iphonesimulator/PackageFrameworks -F /Users/j/Documents/GitHub/MoneroOne/build/Build/Products/Debug-iphonesimulator/PackageFrameworks -F /Users/j/Documents/GitHub/MoneroOne/build/Build/Products/Debug-iphonesimulator/PackageFrameworks -F /Users/j/Documents/GitHub/MoneroOne/build/Build/Products/Debug-iphonesimulator/PackageFrameworks -F /Users/j/Documents/GitHub/MoneroOne/build/Build/Products/Debug-iphonesimulator/PackageFrameworks -F /Users/j/Documents/GitHub/MoneroOne/build/Build/Products/Debug-iphonesimulator/PackageFrameworks -F /Users/j/Documents/GitHub/MoneroOne/build/Build/Products/Debug-iphonesimulator/PackageFrameworks -F /Users/j/Documents/GitHub/MoneroOne/build/Build/Products/Debug-iphonesimulator/PackageFrameworks -F /Users/j/Documents/GitHub/MoneroOne/build/Build/Products/Debug-iphonesimulator/PackageFrameworks -F /Users/j/Documents/GitHub/MoneroOne/build/Build/Products/Debug-iphonesimulator/PackageFrameworks -F /Users/j/Documents/GitHub/MoneroOne/build/Build/Products/Debug-iphonesimulator/PackageFrameworks -F /Users/j/Documents/GitHub/MoneroOne/build/Build/Products/Debug-iphonesimulator/PackageFrameworks -F /Users/j/Documents/GitHub/MoneroOne/build/Build/Products/Debug-iphonesimulator/PackageFrameworks -F /Users/j/Documents/GitHub/MoneroOne/build/Build/Products/Debug-iphonesimulator/PackageFrameworks -F /Users/j/Documents/GitHub/MoneroOne/build/Build/Products/Debug-iphonesimulator/PackageFrameworks -F /Users/j/Documents/GitHub/MoneroOne/build/Build/Products/Debug-iphonesimulator -F /Applications/Xcode.app/Contents/Developer/Platforms/iPhoneSimulator.platform/Developer/Library/Frameworks -F /Applications/Xcode.app/Contents/Developer/Platforms/iPhoneSimulator.platform/Developer/SDKs/iPhoneSimulator26.1.sdk/Developer/Library/Frameworks -parse-as-library -c -j12 -enable-batch-mode -incremental -Xcc -ivfsstatcache -Xcc /Users/j/Documents/GitHub/MoneroOne/build/SDKStatCaches.noindex/iphonesimulator26.1-23B77-90cf18a4295e390e64c810bc6bd7acbc.sdkstatcache -output-file-map /Users/j/Documents/GitHub/MoneroOne/build/Build/Intermediates.noindex/swift-nio.build/Debug-iphonesimulator/NIO.build/Objects-normal/arm64/NIO-OutputFileMap.json -use-frontend-parseable-output -save-temps -no-color-diagnostics -explicit-module-build -module-cache-path /Users/j/Documents/GitHub/MoneroOne/build/Build/Intermediates.noindex/SwiftExplicitPrecompiledModules -clang-scanner-module-cache-path /Users/j/Documents/GitHub/MoneroOne/build/ModuleCache.noindex -sdk-module-cache-path /Users/j/Documents/GitHub/MoneroOne/build/ModuleCache.noindex -serialize-diagnostics -emit-dependencies -emit-module -emit-module-path /Users/j/Documents/GitHub/MoneroOne/build/Build/Intermediates.noindex/swift-nio.build/Debug-iphonesimulator/NIO.build/Objects-normal/arm64/NIO.swiftmodule -user-module-version 2.92.2 -validate-clang-modules-once -clang-build-session-file /Users/j/Documents/GitHub/MoneroOne/build/ModuleCache.noindex/Session.modulevalidation -package-name swift_nio -Xcc -I/Users/j/Documents/GitHub/MoneroOne/build/Build/Intermediates.noindex/swift-nio.build/Debug-iphonesimulator/NIO.build/swift-overrides.hmap -emit-const-values -Xfrontend -const-gather-protocols-file -Xfrontend /Users/j/Documents/GitHub/MoneroOne/build/Build/Intermediates.noindex/swift-nio.build/Debug-iphonesimulator/NIO.build/Objects-normal/arm64/NIO_const_extract_protocols.json -Xcc -I/Users/j/Documents/GitHub/MoneroOne/build/SourcePackages/checkouts/swift-atomics/Sources/_AtomicsShims/include -Xcc -I/Users/j/Documents/GitHub/MoneroOne/build/SourcePackages/checkouts/swift-nio/Sources/CNIOPosix/include -Xcc -I/Users/j/Documents/GitHub/MoneroOne/build/SourcePackages/checkouts/swift-nio/Sources/CNIOWASI/include -Xcc -I/Users/j/Documents/GitHub/MoneroOne/build/SourcePackages/checkouts/swift-nio/Sources/CNIOWindows/include -Xcc -I/Users/j/Documents/GitHub/MoneroOne/build/SourcePackages/checkouts/swift-nio/Sources/CNIOLinux/include -Xcc -I/Users/j/Documents/GitHub/MoneroOne/build/SourcePackages/checkouts/swift-nio/Sources/CNIODarwin/include -Xcc -I/Users/j/Documents/GitHub/MoneroOne/build/SourcePackages/checkouts/swift-nio/Sources/CNIOOpenBSD/include -Xcc -I/Users/j/Documents/GitHub/MoneroOne/build/SourcePackages/checkouts/swift-nio/Sources/CNIOAtomics/include -Xcc -I/Users/j/Documents/GitHub/MoneroOne/build/Build/Products/Debug-iphonesimulator/include -Xcc -I/Users/j/Documents/GitHub/MoneroOne/build/Build/Intermediates.noindex/swift-nio.build/Debug-iphonesimulator/NIO.build/DerivedSources-normal/arm64 -Xcc -I/Users/j/Documents/GitHub/MoneroOne/build/Build/Intermediates.noindex/swift-nio.build/Debug-iphonesimulator/NIO.build/DerivedSources/arm64 -Xcc -I/Users/j/Documents/GitHub/MoneroOne/build/Build/Intermediates.noindex/swift-nio.build/Debug-iphonesimulator/NIO.build/DerivedSources -Xcc -DSWIFT_PACKAGE -Xcc -DDEBUG\=1 -emit-objc-header -emit-objc-header-path /Users/j/Documents/GitHub/MoneroOne/build/Build/Intermediates.noindex/swift-nio.build/Debug-iphonesimulator/NIO.build/Objects-normal/arm64/NIO-Swift.h -working-directory /Users/j/Documents/GitHub/MoneroOne/MoneroOne.xcodeproj -experimental-emit-module-separately -disable-cmo

SwiftDriverJobDiscovery normal arm64 Compiling PendingDatagramWritesManager.swift, PendingWritesManager.swift, PipeChannel.swift, PipePair.swift, Pool.swift (in target 'NIOPosix' from project 'swift-nio')

SwiftDriverJobDiscovery normal arm64 Compiling SocketChannel.swift, SocketProtocols.swift, StructuredConcurrencyHelpers.swift, System.swift (in target 'NIOPosix' from project 'swift-nio')

SwiftDriverJobDiscovery normal arm64 Compiling SelectableChannel.swift, SelectableEventLoop.swift, SelectorEpoll.swift, SelectorGeneric.swift, SelectorKqueue.swift (in target 'NIOPosix' from project 'swift-nio')

SwiftEmitModule normal arm64 Emitting\ module\ for\ NIO (in target 'NIO' from project 'swift-nio')

SwiftCompile normal arm64 /Users/j/Documents/GitHub/MoneroOne/build/SourcePackages/checkouts/swift-nio/Sources/NIO/Exports.swift (in target 'NIO' from project 'swift-nio')
    cd /Users/j/Documents/GitHub/MoneroOne/MoneroOne.xcodeproj
    

SwiftCompile normal arm64 Compiling\ Exports.swift /Users/j/Documents/GitHub/MoneroOne/build/SourcePackages/checkouts/swift-nio/Sources/NIO/Exports.swift (in target 'NIO' from project 'swift-nio')

SwiftCompile normal arm64 /Users/j/Documents/GitHub/MoneroOne/build/SourcePackages/checkouts/swift-nio/Sources/NIO/Exports.swift (in target 'NIO' from project 'swift-nio')
    cd /Users/j/Documents/GitHub/MoneroOne/MoneroOne.xcodeproj
    

SwiftDriverJobDiscovery normal arm64 Emitting module for NIO (in target 'NIO' from project 'swift-nio')

SwiftDriver\ Compilation\ Requirements NIO normal arm64 com.apple.xcode.tools.swift.compiler (in target 'NIO' from project 'swift-nio')
    cd /Users/j/Documents/GitHub/MoneroOne/MoneroOne.xcodeproj
    builtin-Swift-Compilation-Requirements -- /Applications/Xcode.app/Contents/Developer/Toolchains/XcodeDefault.xctoolchain/usr/bin/swiftc -module-name NIO -Onone -enforce-exclusivity\=checked @/Users/j/Documents/GitHub/MoneroOne/build/Build/Intermediates.noindex/swift-nio.build/Debug-iphonesimulator/NIO.build/Objects-normal/arm64/NIO.SwiftFileList -DSWIFT_PACKAGE -DDEBUG -DSWIFT_MODULE_RESOURCE_BUNDLE_UNAVAILABLE -Xcc -fmodule-map-file\=/Users/j/Documents/GitHub/MoneroOne/build/Build/Intermediates.noindex/GeneratedModuleMaps-iphonesimulator/CNIOPosix.modulemap -Xcc -fmodule-map-file\=/Users/j/Documents/GitHub/MoneroOne/build/Build/Intermediates.noindex/GeneratedModuleMaps-iphonesimulator/CNIOWASI.modulemap -Xcc -fmodule-map-file\=/Users/j/Documents/GitHub/MoneroOne/build/Build/Intermediates.noindex/GeneratedModuleMaps-iphonesimulator/CNIOLinux.modulemap -Xcc -fmodule-map-file\=/Users/j/Documents/GitHub/MoneroOne/build/Build/Intermediates.noindex/GeneratedModuleMaps-iphonesimulator/CNIODarwin.modulemap -Xcc -fmodule-map-file\=/Users/j/Documents/GitHub/MoneroOne/build/Build/Intermediates.noindex/GeneratedModuleMaps-iphonesimulator/CNIOOpenBSD.modulemap -Xcc -fmodule-map-file\=/Users/j/Documents/GitHub/MoneroOne/build/Build/Intermediates.noindex/GeneratedModuleMaps-iphonesimulator/CNIOAtomics.modulemap -DXcode -enable-experimental-feature Lifetimes -enable-upcoming-feature MemberImportVisibility -plugin-path /Applications/Xcode.app/Contents/Developer/Toolchains/XcodeDefault.xctoolchain/usr/lib/swift/host/plugins/testing -enable-experimental-feature DebugDescriptionMacro -sdk /Applications/Xcode.app/Contents/Developer/Platforms/iPhoneSimulator.platform/Developer/SDKs/iPhoneSimulator26.1.sdk -target arm64-apple-ios12.0-simulator -g -module-cache-path /Users/j/Documents/GitHub/MoneroOne/build/ModuleCache.noindex -Xfrontend -serialize-debugging-options -enable-testing -suppress-warnings -index-store-path /Users/j/Documents/GitHub/MoneroOne/build/Index.noindex/DataStore -Xcc -D_LIBCPP_HARDENING_MODE\=_LIBCPP_HARDENING_MODE_DEBUG -swift-version 6 -I /Users/j/Documents/GitHub/MoneroOne/build/Build/Products/Debug-iphonesimulator -Isystem /Applications/Xcode.app/Contents/Developer/Platforms/iPhoneSimulator.platform/Developer/usr/lib -F /Users/j/Documents/GitHub/MoneroOne/build/Build/Products/Debug-iphonesimulator/PackageFrameworks -F /Users/j/Documents/GitHub/MoneroOne/build/Build/Products/Debug-iphonesimulator/PackageFrameworks -F /Users/j/Documents/GitHub/MoneroOne/build/Build/Products/Debug-iphonesimulator/PackageFrameworks -F /Users/j/Documents/GitHub/MoneroOne/build/Build/Products/Debug-iphonesimulator/PackageFrameworks -F /Users/j/Documents/GitHub/MoneroOne/build/Build/Products/Debug-iphonesimulator/PackageFrameworks -F /Users/j/Documents/GitHub/MoneroOne/build/Build/Products/Debug-iphonesimulator/PackageFrameworks -F /Users/j/Documents/GitHub/MoneroOne/build/Build/Products/Debug-iphonesimulator/PackageFrameworks -F /Users/j/Documents/GitHub/MoneroOne/build/Build/Products/Debug-iphonesimulator/PackageFrameworks -F /Users/j/Documents/GitHub/MoneroOne/build/Build/Products/Debug-iphonesimulator/PackageFrameworks -F /Users/j/Documents/GitHub/MoneroOne/build/Build/Products/Debug-iphonesimulator/PackageFrameworks -F /Users/j/Documents/GitHub/MoneroOne/build/Build/Products/Debug-iphonesimulator/PackageFrameworks -F /Users/j/Documents/GitHub/MoneroOne/build/Build/Products/Debug-iphonesimulator/PackageFrameworks -F /Users/j/Documents/GitHub/MoneroOne/build/Build/Products/Debug-iphonesimulator/PackageFrameworks -F /Users/j/Documents/GitHub/MoneroOne/build/Build/Products/Debug-iphonesimulator/PackageFrameworks -F /Users/j/Documents/GitHub/MoneroOne/build/Build/Products/Debug-iphonesimulator/PackageFrameworks -F /Users/j/Documents/GitHub/MoneroOne/build/Build/Products/Debug-iphonesimulator/PackageFrameworks -F /Users/j/Documents/GitHub/MoneroOne/build/Build/Products/Debug-iphonesimulator/PackageFrameworks -F /Users/j/Documents/GitHub/MoneroOne/build/Build/Products/Debug-iphonesimulator -F /Applications/Xcode.app/Contents/Developer/Platforms/iPhoneSimulator.platform/Developer/Library/Frameworks -F /Applications/Xcode.app/Contents/Developer/Platforms/iPhoneSimulator.platform/Developer/SDKs/iPhoneSimulator26.1.sdk/Developer/Library/Frameworks -parse-as-library -c -j12 -enable-batch-mode -incremental -Xcc -ivfsstatcache -Xcc /Users/j/Documents/GitHub/MoneroOne/build/SDKStatCaches.noindex/iphonesimulator26.1-23B77-90cf18a4295e390e64c810bc6bd7acbc.sdkstatcache -output-file-map /Users/j/Documents/GitHub/MoneroOne/build/Build/Intermediates.noindex/swift-nio.build/Debug-iphonesimulator/NIO.build/Objects-normal/arm64/NIO-OutputFileMap.json -use-frontend-parseable-output -save-temps -no-color-diagnostics -explicit-module-build -module-cache-path /Users/j/Documents/GitHub/MoneroOne/build/Build/Intermediates.noindex/SwiftExplicitPrecompiledModules -clang-scanner-module-cache-path /Users/j/Documents/GitHub/MoneroOne/build/ModuleCache.noindex -sdk-module-cache-path /Users/j/Documents/GitHub/MoneroOne/build/ModuleCache.noindex -serialize-diagnostics -emit-dependencies -emit-module -emit-module-path /Users/j/Documents/GitHub/MoneroOne/build/Build/Intermediates.noindex/swift-nio.build/Debug-iphonesimulator/NIO.build/Objects-normal/arm64/NIO.swiftmodule -user-module-version 2.92.2 -validate-clang-modules-once -clang-build-session-file /Users/j/Documents/GitHub/MoneroOne/build/ModuleCache.noindex/Session.modulevalidation -package-name swift_nio -Xcc -I/Users/j/Documents/GitHub/MoneroOne/build/Build/Intermediates.noindex/swift-nio.build/Debug-iphonesimulator/NIO.build/swift-overrides.hmap -emit-const-values -Xfrontend -const-gather-protocols-file -Xfrontend /Users/j/Documents/GitHub/MoneroOne/build/Build/Intermediates.noindex/swift-nio.build/Debug-iphonesimulator/NIO.build/Objects-normal/arm64/NIO_const_extract_protocols.json -Xcc -I/Users/j/Documents/GitHub/MoneroOne/build/SourcePackages/checkouts/swift-atomics/Sources/_AtomicsShims/include -Xcc -I/Users/j/Documents/GitHub/MoneroOne/build/SourcePackages/checkouts/swift-nio/Sources/CNIOPosix/include -Xcc -I/Users/j/Documents/GitHub/MoneroOne/build/SourcePackages/checkouts/swift-nio/Sources/CNIOWASI/include -Xcc -I/Users/j/Documents/GitHub/MoneroOne/build/SourcePackages/checkouts/swift-nio/Sources/CNIOWindows/include -Xcc -I/Users/j/Documents/GitHub/MoneroOne/build/SourcePackages/checkouts/swift-nio/Sources/CNIOLinux/include -Xcc -I/Users/j/Documents/GitHub/MoneroOne/build/SourcePackages/checkouts/swift-nio/Sources/CNIODarwin/include -Xcc -I/Users/j/Documents/GitHub/MoneroOne/build/SourcePackages/checkouts/swift-nio/Sources/CNIOOpenBSD/include -Xcc -I/Users/j/Documents/GitHub/MoneroOne/build/SourcePackages/checkouts/swift-nio/Sources/CNIOAtomics/include -Xcc -I/Users/j/Documents/GitHub/MoneroOne/build/Build/Products/Debug-iphonesimulator/include -Xcc -I/Users/j/Documents/GitHub/MoneroOne/build/Build/Intermediates.noindex/swift-nio.build/Debug-iphonesimulator/NIO.build/DerivedSources-normal/arm64 -Xcc -I/Users/j/Documents/GitHub/MoneroOne/build/Build/Intermediates.noindex/swift-nio.build/Debug-iphonesimulator/NIO.build/DerivedSources/arm64 -Xcc -I/Users/j/Documents/GitHub/MoneroOne/build/Build/Intermediates.noindex/swift-nio.build/Debug-iphonesimulator/NIO.build/DerivedSources -Xcc -DSWIFT_PACKAGE -Xcc -DDEBUG\=1 -emit-objc-header -emit-objc-header-path /Users/j/Documents/GitHub/MoneroOne/build/Build/Intermediates.noindex/swift-nio.build/Debug-iphonesimulator/NIO.build/Objects-normal/arm64/NIO-Swift.h -working-directory /Users/j/Documents/GitHub/MoneroOne/MoneroOne.xcodeproj -experimental-emit-module-separately -disable-cmo

SwiftMergeGeneratedHeaders /Users/j/Documents/GitHub/MoneroOne/build/Build/Intermediates.noindex/GeneratedModuleMaps-iphonesimulator/NIO-Swift.h /Users/j/Documents/GitHub/MoneroOne/build/Build/Intermediates.noindex/swift-nio.build/Debug-iphonesimulator/NIO.build/Objects-normal/arm64/NIO-Swift.h (in target 'NIO' from project 'swift-nio')
    cd /Users/j/Documents/GitHub/MoneroOne/build/SourcePackages/checkouts/swift-nio
    builtin-swiftHeaderTool -arch arm64 /Users/j/Documents/GitHub/MoneroOne/build/Build/Intermediates.noindex/swift-nio.build/Debug-iphonesimulator/NIO.build/Objects-normal/arm64/NIO-Swift.h -o /Users/j/Documents/GitHub/MoneroOne/build/Build/Intermediates.noindex/GeneratedModuleMaps-iphonesimulator/NIO-Swift.h

Copy /Users/j/Documents/GitHub/MoneroOne/build/Build/Products/Debug-iphonesimulator/NIO.swiftmodule/arm64-apple-ios-simulator.swiftdoc /Users/j/Documents/GitHub/MoneroOne/build/Build/Intermediates.noindex/swift-nio.build/Debug-iphonesimulator/NIO.build/Objects-normal/arm64/NIO.swiftdoc (in target 'NIO' from project 'swift-nio')
    cd /Users/j/Documents/GitHub/MoneroOne/build/SourcePackages/checkouts/swift-nio
    builtin-copy -exclude .DS_Store -exclude CVS -exclude .svn -exclude .git -exclude .hg -resolve-src-symlinks -rename /Users/j/Documents/GitHub/MoneroOne/build/Build/Intermediates.noindex/swift-nio.build/Debug-iphonesimulator/NIO.build/Objects-normal/arm64/NIO.swiftdoc /Users/j/Documents/GitHub/MoneroOne/build/Build/Products/Debug-iphonesimulator/NIO.swiftmodule/arm64-apple-ios-simulator.swiftdoc

Copy /Users/j/Documents/GitHub/MoneroOne/build/Build/Products/Debug-iphonesimulator/NIO.swiftmodule/arm64-apple-ios-simulator.abi.json /Users/j/Documents/GitHub/MoneroOne/build/Build/Intermediates.noindex/swift-nio.build/Debug-iphonesimulator/NIO.build/Objects-normal/arm64/NIO.abi.json (in target 'NIO' from project 'swift-nio')
    cd /Users/j/Documents/GitHub/MoneroOne/build/SourcePackages/checkouts/swift-nio
    builtin-copy -exclude .DS_Store -exclude CVS -exclude .svn -exclude .git -exclude .hg -resolve-src-symlinks -rename /Users/j/Documents/GitHub/MoneroOne/build/Build/Intermediates.noindex/swift-nio.build/Debug-iphonesimulator/NIO.build/Objects-normal/arm64/NIO.abi.json /Users/j/Documents/GitHub/MoneroOne/build/Build/Products/Debug-iphonesimulator/NIO.swiftmodule/arm64-apple-ios-simulator.abi.json

Copy /Users/j/Documents/GitHub/MoneroOne/build/Build/Products/Debug-iphonesimulator/NIO.swiftmodule/arm64-apple-ios-simulator.swiftmodule /Users/j/Documents/GitHub/MoneroOne/build/Build/Intermediates.noindex/swift-nio.build/Debug-iphonesimulator/NIO.build/Objects-normal/arm64/NIO.swiftmodule (in target 'NIO' from project 'swift-nio')
    cd /Users/j/Documents/GitHub/MoneroOne/build/SourcePackages/checkouts/swift-nio
    builtin-copy -exclude .DS_Store -exclude CVS -exclude .svn -exclude .git -exclude .hg -resolve-src-symlinks -rename /Users/j/Documents/GitHub/MoneroOne/build/Build/Intermediates.noindex/swift-nio.build/Debug-iphonesimulator/NIO.build/Objects-normal/arm64/NIO.swiftmodule /Users/j/Documents/GitHub/MoneroOne/build/Build/Products/Debug-iphonesimulator/NIO.swiftmodule/arm64-apple-ios-simulator.swiftmodule

Copy /Users/j/Documents/GitHub/MoneroOne/build/Build/Products/Debug-iphonesimulator/NIO.swiftmodule/Project/arm64-apple-ios-simulator.swiftsourceinfo /Users/j/Documents/GitHub/MoneroOne/build/Build/Intermediates.noindex/swift-nio.build/Debug-iphonesimulator/NIO.build/Objects-normal/arm64/NIO.swiftsourceinfo (in target 'NIO' from project 'swift-nio')
    cd /Users/j/Documents/GitHub/MoneroOne/build/SourcePackages/checkouts/swift-nio
    builtin-copy -exclude .DS_Store -exclude CVS -exclude .svn -exclude .git -exclude .hg -resolve-src-symlinks -rename /Users/j/Documents/GitHub/MoneroOne/build/Build/Intermediates.noindex/swift-nio.build/Debug-iphonesimulator/NIO.build/Objects-normal/arm64/NIO.swiftsourceinfo /Users/j/Documents/GitHub/MoneroOne/build/Build/Products/Debug-iphonesimulator/NIO.swiftmodule/Project/arm64-apple-ios-simulator.swiftsourceinfo

SwiftDriverJobDiscovery normal arm64 Compiling Exports.swift (in target 'NIO' from project 'swift-nio')

SwiftDriver\ Compilation NIO normal arm64 com.apple.xcode.tools.swift.compiler (in target 'NIO' from project 'swift-nio')
    cd /Users/j/Documents/GitHub/MoneroOne/MoneroOne.xcodeproj
    builtin-Swift-Compilation -- /Applications/Xcode.app/Contents/Developer/Toolchains/XcodeDefault.xctoolchain/usr/bin/swiftc -module-name NIO -Onone -enforce-exclusivity\=checked @/Users/j/Documents/GitHub/MoneroOne/build/Build/Intermediates.noindex/swift-nio.build/Debug-iphonesimulator/NIO.build/Objects-normal/arm64/NIO.SwiftFileList -DSWIFT_PACKAGE -DDEBUG -DSWIFT_MODULE_RESOURCE_BUNDLE_UNAVAILABLE -Xcc -fmodule-map-file\=/Users/j/Documents/GitHub/MoneroOne/build/Build/Intermediates.noindex/GeneratedModuleMaps-iphonesimulator/CNIOPosix.modulemap -Xcc -fmodule-map-file\=/Users/j/Documents/GitHub/MoneroOne/build/Build/Intermediates.noindex/GeneratedModuleMaps-iphonesimulator/CNIOWASI.modulemap -Xcc -fmodule-map-file\=/Users/j/Documents/GitHub/MoneroOne/build/Build/Intermediates.noindex/GeneratedModuleMaps-iphonesimulator/CNIOLinux.modulemap -Xcc -fmodule-map-file\=/Users/j/Documents/GitHub/MoneroOne/build/Build/Intermediates.noindex/GeneratedModuleMaps-iphonesimulator/CNIODarwin.modulemap -Xcc -fmodule-map-file\=/Users/j/Documents/GitHub/MoneroOne/build/Build/Intermediates.noindex/GeneratedModuleMaps-iphonesimulator/CNIOOpenBSD.modulemap -Xcc -fmodule-map-file\=/Users/j/Documents/GitHub/MoneroOne/build/Build/Intermediates.noindex/GeneratedModuleMaps-iphonesimulator/CNIOAtomics.modulemap -DXcode -enable-experimental-feature Lifetimes -enable-upcoming-feature MemberImportVisibility -plugin-path /Applications/Xcode.app/Contents/Developer/Toolchains/XcodeDefault.xctoolchain/usr/lib/swift/host/plugins/testing -enable-experimental-feature DebugDescriptionMacro -sdk /Applications/Xcode.app/Contents/Developer/Platforms/iPhoneSimulator.platform/Developer/SDKs/iPhoneSimulator26.1.sdk -target arm64-apple-ios12.0-simulator -g -module-cache-path /Users/j/Documents/GitHub/MoneroOne/build/ModuleCache.noindex -Xfrontend -serialize-debugging-options -enable-testing -suppress-warnings -index-store-path /Users/j/Documents/GitHub/MoneroOne/build/Index.noindex/DataStore -Xcc -D_LIBCPP_HARDENING_MODE\=_LIBCPP_HARDENING_MODE_DEBUG -swift-version 6 -I /Users/j/Documents/GitHub/MoneroOne/build/Build/Products/Debug-iphonesimulator -Isystem /Applications/Xcode.app/Contents/Developer/Platforms/iPhoneSimulator.platform/Developer/usr/lib -F /Users/j/Documents/GitHub/MoneroOne/build/Build/Products/Debug-iphonesimulator/PackageFrameworks -F /Users/j/Documents/GitHub/MoneroOne/build/Build/Products/Debug-iphonesimulator/PackageFrameworks -F /Users/j/Documents/GitHub/MoneroOne/build/Build/Products/Debug-iphonesimulator/PackageFrameworks -F /Users/j/Documents/GitHub/MoneroOne/build/Build/Products/Debug-iphonesimulator/PackageFrameworks -F /Users/j/Documents/GitHub/MoneroOne/build/Build/Products/Debug-iphonesimulator/PackageFrameworks -F /Users/j/Documents/GitHub/MoneroOne/build/Build/Products/Debug-iphonesimulator/PackageFrameworks -F /Users/j/Documents/GitHub/MoneroOne/build/Build/Products/Debug-iphonesimulator/PackageFrameworks -F /Users/j/Documents/GitHub/MoneroOne/build/Build/Products/Debug-iphonesimulator/PackageFrameworks -F /Users/j/Documents/GitHub/MoneroOne/build/Build/Products/Debug-iphonesimulator/PackageFrameworks -F /Users/j/Documents/GitHub/MoneroOne/build/Build/Products/Debug-iphonesimulator/PackageFrameworks -F /Users/j/Documents/GitHub/MoneroOne/build/Build/Products/Debug-iphonesimulator/PackageFrameworks -F /Users/j/Documents/GitHub/MoneroOne/build/Build/Products/Debug-iphonesimulator/PackageFrameworks -F /Users/j/Documents/GitHub/MoneroOne/build/Build/Products/Debug-iphonesimulator/PackageFrameworks -F /Users/j/Documents/GitHub/MoneroOne/build/Build/Products/Debug-iphonesimulator/PackageFrameworks -F /Users/j/Documents/GitHub/MoneroOne/build/Build/Products/Debug-iphonesimulator/PackageFrameworks -F /Users/j/Documents/GitHub/MoneroOne/build/Build/Products/Debug-iphonesimulator/PackageFrameworks -F /Users/j/Documents/GitHub/MoneroOne/build/Build/Products/Debug-iphonesimulator/PackageFrameworks -F /Users/j/Documents/GitHub/MoneroOne/build/Build/Products/Debug-iphonesimulator -F /Applications/Xcode.app/Contents/Developer/Platforms/iPhoneSimulator.platform/Developer/Library/Frameworks -F /Applications/Xcode.app/Contents/Developer/Platforms/iPhoneSimulator.platform/Developer/SDKs/iPhoneSimulator26.1.sdk/Developer/Library/Frameworks -parse-as-library -c -j12 -enable-batch-mode -incremental -Xcc -ivfsstatcache -Xcc /Users/j/Documents/GitHub/MoneroOne/build/SDKStatCaches.noindex/iphonesimulator26.1-23B77-90cf18a4295e390e64c810bc6bd7acbc.sdkstatcache -output-file-map /Users/j/Documents/GitHub/MoneroOne/build/Build/Intermediates.noindex/swift-nio.build/Debug-iphonesimulator/NIO.build/Objects-normal/arm64/NIO-OutputFileMap.json -use-frontend-parseable-output -save-temps -no-color-diagnostics -explicit-module-build -module-cache-path /Users/j/Documents/GitHub/MoneroOne/build/Build/Intermediates.noindex/SwiftExplicitPrecompiledModules -clang-scanner-module-cache-path /Users/j/Documents/GitHub/MoneroOne/build/ModuleCache.noindex -sdk-module-cache-path /Users/j/Documents/GitHub/MoneroOne/build/ModuleCache.noindex -serialize-diagnostics -emit-dependencies -emit-module -emit-module-path /Users/j/Documents/GitHub/MoneroOne/build/Build/Intermediates.noindex/swift-nio.build/Debug-iphonesimulator/NIO.build/Objects-normal/arm64/NIO.swiftmodule -user-module-version 2.92.2 -validate-clang-modules-once -clang-build-session-file /Users/j/Documents/GitHub/MoneroOne/build/ModuleCache.noindex/Session.modulevalidation -package-name swift_nio -Xcc -I/Users/j/Documents/GitHub/MoneroOne/build/Build/Intermediates.noindex/swift-nio.build/Debug-iphonesimulator/NIO.build/swift-overrides.hmap -emit-const-values -Xfrontend -const-gather-protocols-file -Xfrontend /Users/j/Documents/GitHub/MoneroOne/build/Build/Intermediates.noindex/swift-nio.build/Debug-iphonesimulator/NIO.build/Objects-normal/arm64/NIO_const_extract_protocols.json -Xcc -I/Users/j/Documents/GitHub/MoneroOne/build/SourcePackages/checkouts/swift-atomics/Sources/_AtomicsShims/include -Xcc -I/Users/j/Documents/GitHub/MoneroOne/build/SourcePackages/checkouts/swift-nio/Sources/CNIOPosix/include -Xcc -I/Users/j/Documents/GitHub/MoneroOne/build/SourcePackages/checkouts/swift-nio/Sources/CNIOWASI/include -Xcc -I/Users/j/Documents/GitHub/MoneroOne/build/SourcePackages/checkouts/swift-nio/Sources/CNIOWindows/include -Xcc -I/Users/j/Documents/GitHub/MoneroOne/build/SourcePackages/checkouts/swift-nio/Sources/CNIOLinux/include -Xcc -I/Users/j/Documents/GitHub/MoneroOne/build/SourcePackages/checkouts/swift-nio/Sources/CNIODarwin/include -Xcc -I/Users/j/Documents/GitHub/MoneroOne/build/SourcePackages/checkouts/swift-nio/Sources/CNIOOpenBSD/include -Xcc -I/Users/j/Documents/GitHub/MoneroOne/build/SourcePackages/checkouts/swift-nio/Sources/CNIOAtomics/include -Xcc -I/Users/j/Documents/GitHub/MoneroOne/build/Build/Products/Debug-iphonesimulator/include -Xcc -I/Users/j/Documents/GitHub/MoneroOne/build/Build/Intermediates.noindex/swift-nio.build/Debug-iphonesimulator/NIO.build/DerivedSources-normal/arm64 -Xcc -I/Users/j/Documents/GitHub/MoneroOne/build/Build/Intermediates.noindex/swift-nio.build/Debug-iphonesimulator/NIO.build/DerivedSources/arm64 -Xcc -I/Users/j/Documents/GitHub/MoneroOne/build/Build/Intermediates.noindex/swift-nio.build/Debug-iphonesimulator/NIO.build/DerivedSources -Xcc -DSWIFT_PACKAGE -Xcc -DDEBUG\=1 -emit-objc-header -emit-objc-header-path /Users/j/Documents/GitHub/MoneroOne/build/Build/Intermediates.noindex/swift-nio.build/Debug-iphonesimulator/NIO.build/Objects-normal/arm64/NIO-Swift.h -working-directory /Users/j/Documents/GitHub/MoneroOne/MoneroOne.xcodeproj -experimental-emit-module-separately -disable-cmo

SwiftDriver NIOHTTP1 normal arm64 com.apple.xcode.tools.swift.compiler (in target 'NIOHTTP1' from project 'swift-nio')
    cd /Users/j/Documents/GitHub/MoneroOne/MoneroOne.xcodeproj
    builtin-SwiftDriver -- /Applications/Xcode.app/Contents/Developer/Toolchains/XcodeDefault.xctoolchain/usr/bin/swiftc -module-name NIOHTTP1 -Onone -enforce-exclusivity\=checked @/Users/j/Documents/GitHub/MoneroOne/build/Build/Intermediates.noindex/swift-nio.build/Debug-iphonesimulator/NIOHTTP1.build/Objects-normal/arm64/NIOHTTP1.SwiftFileList -DSWIFT_PACKAGE -DDEBUG -DSWIFT_MODULE_RESOURCE_BUNDLE_UNAVAILABLE -Xcc -fmodule-map-file\=/Users/j/Documents/GitHub/MoneroOne/build/Build/Intermediates.noindex/GeneratedModuleMaps-iphonesimulator/CNIOLLHTTP.modulemap -Xcc -fmodule-map-file\=/Users/j/Documents/GitHub/MoneroOne/build/Build/Intermediates.noindex/GeneratedModuleMaps-iphonesimulator/CNIOPosix.modulemap -Xcc -fmodule-map-file\=/Users/j/Documents/GitHub/MoneroOne/build/Build/Intermediates.noindex/GeneratedModuleMaps-iphonesimulator/CNIOWASI.modulemap -Xcc -fmodule-map-file\=/Users/j/Documents/GitHub/MoneroOne/build/Build/Intermediates.noindex/GeneratedModuleMaps-iphonesimulator/CNIOLinux.modulemap -Xcc -fmodule-map-file\=/Users/j/Documents/GitHub/MoneroOne/build/Build/Intermediates.noindex/GeneratedModuleMaps-iphonesimulator/CNIODarwin.modulemap -Xcc -fmodule-map-file\=/Users/j/Documents/GitHub/MoneroOne/build/Build/Intermediates.noindex/GeneratedModuleMaps-iphonesimulator/CNIOOpenBSD.modulemap -Xcc -fmodule-map-file\=/Users/j/Documents/GitHub/MoneroOne/build/Build/Intermediates.noindex/GeneratedModuleMaps-iphonesimulator/CNIOAtomics.modulemap -DXcode -enable-experimental-feature Lifetimes -enable-upcoming-feature MemberImportVisibility -plugin-path /Applications/Xcode.app/Contents/Developer/Toolchains/XcodeDefault.xctoolchain/usr/lib/swift/host/plugins/testing -enable-experimental-feature DebugDescriptionMacro -sdk /Applications/Xcode.app/Contents/Developer/Platforms/iPhoneSimulator.platform/Developer/SDKs/iPhoneSimulator26.1.sdk -target arm64-apple-ios12.0-simulator -g -module-cache-path /Users/j/Documents/GitHub/MoneroOne/build/ModuleCache.noindex -Xfrontend -serialize-debugging-options -enable-testing -suppress-warnings -index-store-path /Users/j/Documents/GitHub/MoneroOne/build/Index.noindex/DataStore -Xcc -D_LIBCPP_HARDENING_MODE\=_LIBCPP_HARDENING_MODE_DEBUG -swift-version 6 -I /Users/j/Documents/GitHub/MoneroOne/build/Build/Products/Debug-iphonesimulator -Isystem /Applications/Xcode.app/Contents/Developer/Platforms/iPhoneSimulator.platform/Developer/usr/lib -F /Users/j/Documents/GitHub/MoneroOne/build/Build/Products/Debug-iphonesimulator/PackageFrameworks -F /Users/j/Documents/GitHub/MoneroOne/build/Build/Products/Debug-iphonesimulator/PackageFrameworks -F /Users/j/Documents/GitHub/MoneroOne/build/Build/Products/Debug-iphonesimulator/PackageFrameworks -F /Users/j/Documents/GitHub/MoneroOne/build/Build/Products/Debug-iphonesimulator/PackageFrameworks -F /Users/j/Documents/GitHub/MoneroOne/build/Build/Products/Debug-iphonesimulator/PackageFrameworks -F /Users/j/Documents/GitHub/MoneroOne/build/Build/Products/Debug-iphonesimulator/PackageFrameworks -F /Users/j/Documents/GitHub/MoneroOne/build/Build/Products/Debug-iphonesimulator/PackageFrameworks -F /Users/j/Documents/GitHub/MoneroOne/build/Build/Products/Debug-iphonesimulator/PackageFrameworks -F /Users/j/Documents/GitHub/MoneroOne/build/Build/Products/Debug-iphonesimulator/PackageFrameworks -F /Users/j/Documents/GitHub/MoneroOne/build/Build/Products/Debug-iphonesimulator/PackageFrameworks -F /Users/j/Documents/GitHub/MoneroOne/build/Build/Products/Debug-iphonesimulator/PackageFrameworks -F /Users/j/Documents/GitHub/MoneroOne/build/Build/Products/Debug-iphonesimulator/PackageFrameworks -F /Users/j/Documents/GitHub/MoneroOne/build/Build/Products/Debug-iphonesimulator/PackageFrameworks -F /Users/j/Documents/GitHub/MoneroOne/build/Build/Products/Debug-iphonesimulator/PackageFrameworks -F /Users/j/Documents/GitHub/MoneroOne/build/Build/Products/Debug-iphonesimulator/PackageFrameworks -F /Users/j/Documents/GitHub/MoneroOne/build/Build/Products/Debug-iphonesimulator/PackageFrameworks -F /Users/j/Documents/GitHub/MoneroOne/build/Build/Products/Debug-iphonesimulator/PackageFrameworks -F /Users/j/Documents/GitHub/MoneroOne/build/Build/Products/Debug-iphonesimulator/PackageFrameworks -F /Users/j/Documents/GitHub/MoneroOne/build/Build/Products/Debug-iphonesimulator/PackageFrameworks -F /Users/j/Documents/GitHub/MoneroOne/build/Build/Products/Debug-iphonesimulator -F /Applications/Xcode.app/Contents/Developer/Platforms/iPhoneSimulator.platform/Developer/Library/Frameworks -F /Applications/Xcode.app/Contents/Developer/Platforms/iPhoneSimulator.platform/Developer/SDKs/iPhoneSimulator26.1.sdk/Developer/Library/Frameworks -c -j12 -enable-batch-mode -incremental -Xcc -ivfsstatcache -Xcc /Users/j/Documents/GitHub/MoneroOne/build/SDKStatCaches.noindex/iphonesimulator26.1-23B77-90cf18a4295e390e64c810bc6bd7acbc.sdkstatcache -output-file-map /Users/j/Documents/GitHub/MoneroOne/build/Build/Intermediates.noindex/swift-nio.build/Debug-iphonesimulator/NIOHTTP1.build/Objects-normal/arm64/NIOHTTP1-OutputFileMap.json -use-frontend-parseable-output -save-temps -no-color-diagnostics -explicit-module-build -module-cache-path /Users/j/Documents/GitHub/MoneroOne/build/Build/Intermediates.noindex/SwiftExplicitPrecompiledModules -clang-scanner-module-cache-path /Users/j/Documents/GitHub/MoneroOne/build/ModuleCache.noindex -sdk-module-cache-path /Users/j/Documents/GitHub/MoneroOne/build/ModuleCache.noindex -serialize-diagnostics -emit-dependencies -emit-module -emit-module-path /Users/j/Documents/GitHub/MoneroOne/build/Build/Intermediates.noindex/swift-nio.build/Debug-iphonesimulator/NIOHTTP1.build/Objects-normal/arm64/NIOHTTP1.swiftmodule -user-module-version 2.92.2 -validate-clang-modules-once -clang-build-session-file /Users/j/Documents/GitHub/MoneroOne/build/ModuleCache.noindex/Session.modulevalidation -package-name swift_nio -Xcc -I/Users/j/Documents/GitHub/MoneroOne/build/Build/Intermediates.noindex/swift-nio.build/Debug-iphonesimulator/NIOHTTP1.build/swift-overrides.hmap -emit-const-values -Xfrontend -const-gather-protocols-file -Xfrontend /Users/j/Documents/GitHub/MoneroOne/build/Build/Intermediates.noindex/swift-nio.build/Debug-iphonesimulator/NIOHTTP1.build/Objects-normal/arm64/NIOHTTP1_const_extract_protocols.json -Xcc -I/Users/j/Documents/GitHub/MoneroOne/build/SourcePackages/checkouts/swift-atomics/Sources/_AtomicsShims/include -Xcc -I/Users/j/Documents/GitHub/MoneroOne/build/SourcePackages/checkouts/swift-nio/Sources/CNIOLLHTTP/include -Xcc -I/Users/j/Documents/GitHub/MoneroOne/build/SourcePackages/checkouts/swift-nio/Sources/CNIOPosix/include -Xcc -I/Users/j/Documents/GitHub/MoneroOne/build/SourcePackages/checkouts/swift-nio/Sources/CNIOWASI/include -Xcc -I/Users/j/Documents/GitHub/MoneroOne/build/SourcePackages/checkouts/swift-nio/Sources/CNIOWindows/include -Xcc -I/Users/j/Documents/GitHub/MoneroOne/build/SourcePackages/checkouts/swift-nio/Sources/CNIOLinux/include -Xcc -I/Users/j/Documents/GitHub/MoneroOne/build/SourcePackages/checkouts/swift-nio/Sources/CNIODarwin/include -Xcc -I/Users/j/Documents/GitHub/MoneroOne/build/SourcePackages/checkouts/swift-nio/Sources/CNIOOpenBSD/include -Xcc -I/Users/j/Documents/GitHub/MoneroOne/build/SourcePackages/checkouts/swift-nio/Sources/CNIOAtomics/include -Xcc -I/Users/j/Documents/GitHub/MoneroOne/build/Build/Products/Debug-iphonesimulator/include -Xcc -I/Users/j/Documents/GitHub/MoneroOne/build/Build/Intermediates.noindex/swift-nio.build/Debug-iphonesimulator/NIOHTTP1.build/DerivedSources-normal/arm64 -Xcc -I/Users/j/Documents/GitHub/MoneroOne/build/Build/Intermediates.noindex/swift-nio.build/Debug-iphonesimulator/NIOHTTP1.build/DerivedSources/arm64 -Xcc -I/Users/j/Documents/GitHub/MoneroOne/build/Build/Intermediates.noindex/swift-nio.build/Debug-iphonesimulator/NIOHTTP1.build/DerivedSources -Xcc -DSWIFT_PACKAGE -Xcc -DDEBUG\=1 -emit-objc-header -emit-objc-header-path /Users/j/Documents/GitHub/MoneroOne/build/Build/Intermediates.noindex/swift-nio.build/Debug-iphonesimulator/NIOHTTP1.build/Objects-normal/arm64/NIOHTTP1-Swift.h -working-directory /Users/j/Documents/GitHub/MoneroOne/MoneroOne.xcodeproj -experimental-emit-module-separately -disable-cmo

SwiftDriver NIOTLS normal arm64 com.apple.xcode.tools.swift.compiler (in target 'NIOTLS' from project 'swift-nio')
    cd /Users/j/Documents/GitHub/MoneroOne/MoneroOne.xcodeproj
    builtin-SwiftDriver -- /Applications/Xcode.app/Contents/Developer/Toolchains/XcodeDefault.xctoolchain/usr/bin/swiftc -module-name NIOTLS -Onone -enforce-exclusivity\=checked @/Users/j/Documents/GitHub/MoneroOne/build/Build/Intermediates.noindex/swift-nio.build/Debug-iphonesimulator/NIOTLS.build/Objects-normal/arm64/NIOTLS.SwiftFileList -DSWIFT_PACKAGE -DDEBUG -DSWIFT_MODULE_RESOURCE_BUNDLE_UNAVAILABLE -Xcc -fmodule-map-file\=/Users/j/Documents/GitHub/MoneroOne/build/Build/Intermediates.noindex/GeneratedModuleMaps-iphonesimulator/CNIOPosix.modulemap -Xcc -fmodule-map-file\=/Users/j/Documents/GitHub/MoneroOne/build/Build/Intermediates.noindex/GeneratedModuleMaps-iphonesimulator/CNIOWASI.modulemap -Xcc -fmodule-map-file\=/Users/j/Documents/GitHub/MoneroOne/build/Build/Intermediates.noindex/GeneratedModuleMaps-iphonesimulator/CNIOLinux.modulemap -Xcc -fmodule-map-file\=/Users/j/Documents/GitHub/MoneroOne/build/Build/Intermediates.noindex/GeneratedModuleMaps-iphonesimulator/CNIODarwin.modulemap -Xcc -fmodule-map-file\=/Users/j/Documents/GitHub/MoneroOne/build/Build/Intermediates.noindex/GeneratedModuleMaps-iphonesimulator/CNIOOpenBSD.modulemap -Xcc -fmodule-map-file\=/Users/j/Documents/GitHub/MoneroOne/build/Build/Intermediates.noindex/GeneratedModuleMaps-iphonesimulator/CNIOAtomics.modulemap -DXcode -enable-experimental-feature Lifetimes -enable-upcoming-feature MemberImportVisibility -plugin-path /Applications/Xcode.app/Contents/Developer/Toolchains/XcodeDefault.xctoolchain/usr/lib/swift/host/plugins/testing -enable-experimental-feature DebugDescriptionMacro -sdk /Applications/Xcode.app/Contents/Developer/Platforms/iPhoneSimulator.platform/Developer/SDKs/iPhoneSimulator26.1.sdk -target arm64-apple-ios12.0-simulator -g -module-cache-path /Users/j/Documents/GitHub/MoneroOne/build/ModuleCache.noindex -Xfrontend -serialize-debugging-options -enable-testing -suppress-warnings -index-store-path /Users/j/Documents/GitHub/MoneroOne/build/Index.noindex/DataStore -Xcc -D_LIBCPP_HARDENING_MODE\=_LIBCPP_HARDENING_MODE_DEBUG -swift-version 6 -I /Users/j/Documents/GitHub/MoneroOne/build/Build/Products/Debug-iphonesimulator -Isystem /Applications/Xcode.app/Contents/Developer/Platforms/iPhoneSimulator.platform/Developer/usr/lib -F /Users/j/Documents/GitHub/MoneroOne/build/Build/Products/Debug-iphonesimulator/PackageFrameworks -F /Users/j/Documents/GitHub/MoneroOne/build/Build/Products/Debug-iphonesimulator/PackageFrameworks -F /Users/j/Documents/GitHub/MoneroOne/build/Build/Products/Debug-iphonesimulator/PackageFrameworks -F /Users/j/Documents/GitHub/MoneroOne/build/Build/Products/Debug-iphonesimulator/PackageFrameworks -F /Users/j/Documents/GitHub/MoneroOne/build/Build/Products/Debug-iphonesimulator/PackageFrameworks -F /Users/j/Documents/GitHub/MoneroOne/build/Build/Products/Debug-iphonesimulator/PackageFrameworks -F /Users/j/Documents/GitHub/MoneroOne/build/Build/Products/Debug-iphonesimulator/PackageFrameworks -F /Users/j/Documents/GitHub/MoneroOne/build/Build/Products/Debug-iphonesimulator/PackageFrameworks -F /Users/j/Documents/GitHub/MoneroOne/build/Build/Products/Debug-iphonesimulator/PackageFrameworks -F /Users/j/Documents/GitHub/MoneroOne/build/Build/Products/Debug-iphonesimulator/PackageFrameworks -F /Users/j/Documents/GitHub/MoneroOne/build/Build/Products/Debug-iphonesimulator/PackageFrameworks -F /Users/j/Documents/GitHub/MoneroOne/build/Build/Products/Debug-iphonesimulator/PackageFrameworks -F /Users/j/Documents/GitHub/MoneroOne/build/Build/Products/Debug-iphonesimulator/PackageFrameworks -F /Users/j/Documents/GitHub/MoneroOne/build/Build/Products/Debug-iphonesimulator/PackageFrameworks -F /Users/j/Documents/GitHub/MoneroOne/build/Build/Products/Debug-iphonesimulator/PackageFrameworks -F /Users/j/Documents/GitHub/MoneroOne/build/Build/Products/Debug-iphonesimulator/PackageFrameworks -F /Users/j/Documents/GitHub/MoneroOne/build/Build/Products/Debug-iphonesimulator/PackageFrameworks -F /Users/j/Documents/GitHub/MoneroOne/build/Build/Products/Debug-iphonesimulator/PackageFrameworks -F /Users/j/Documents/GitHub/MoneroOne/build/Build/Products/Debug-iphonesimulator -F /Applications/Xcode.app/Contents/Developer/Platforms/iPhoneSimulator.platform/Developer/Library/Frameworks -F /Applications/Xcode.app/Contents/Developer/Platforms/iPhoneSimulator.platform/Developer/SDKs/iPhoneSimulator26.1.sdk/Developer/Library/Frameworks -c -j12 -enable-batch-mode -incremental -Xcc -ivfsstatcache -Xcc /Users/j/Documents/GitHub/MoneroOne/build/SDKStatCaches.noindex/iphonesimulator26.1-23B77-90cf18a4295e390e64c810bc6bd7acbc.sdkstatcache -output-file-map /Users/j/Documents/GitHub/MoneroOne/build/Build/Intermediates.noindex/swift-nio.build/Debug-iphonesimulator/NIOTLS.build/Objects-normal/arm64/NIOTLS-OutputFileMap.json -use-frontend-parseable-output -save-temps -no-color-diagnostics -explicit-module-build -module-cache-path /Users/j/Documents/GitHub/MoneroOne/build/Build/Intermediates.noindex/SwiftExplicitPrecompiledModules -clang-scanner-module-cache-path /Users/j/Documents/GitHub/MoneroOne/build/ModuleCache.noindex -sdk-module-cache-path /Users/j/Documents/GitHub/MoneroOne/build/ModuleCache.noindex -serialize-diagnostics -emit-dependencies -emit-module -emit-module-path /Users/j/Documents/GitHub/MoneroOne/build/Build/Intermediates.noindex/swift-nio.build/Debug-iphonesimulator/NIOTLS.build/Objects-normal/arm64/NIOTLS.swiftmodule -user-module-version 2.92.2 -validate-clang-modules-once -clang-build-session-file /Users/j/Documents/GitHub/MoneroOne/build/ModuleCache.noindex/Session.modulevalidation -package-name swift_nio -Xcc -I/Users/j/Documents/GitHub/MoneroOne/build/Build/Intermediates.noindex/swift-nio.build/Debug-iphonesimulator/NIOTLS.build/swift-overrides.hmap -emit-const-values -Xfrontend -const-gather-protocols-file -Xfrontend /Users/j/Documents/GitHub/MoneroOne/build/Build/Intermediates.noindex/swift-nio.build/Debug-iphonesimulator/NIOTLS.build/Objects-normal/arm64/NIOTLS_const_extract_protocols.json -Xcc -I/Users/j/Documents/GitHub/MoneroOne/build/SourcePackages/checkouts/swift-atomics/Sources/_AtomicsShims/include -Xcc -I/Users/j/Documents/GitHub/MoneroOne/build/SourcePackages/checkouts/swift-nio/Sources/CNIOPosix/include -Xcc -I/Users/j/Documents/GitHub/MoneroOne/build/SourcePackages/checkouts/swift-nio/Sources/CNIOWASI/include -Xcc -I/Users/j/Documents/GitHub/MoneroOne/build/SourcePackages/checkouts/swift-nio/Sources/CNIOWindows/include -Xcc -I/Users/j/Documents/GitHub/MoneroOne/build/SourcePackages/checkouts/swift-nio/Sources/CNIOLinux/include -Xcc -I/Users/j/Documents/GitHub/MoneroOne/build/SourcePackages/checkouts/swift-nio/Sources/CNIODarwin/include -Xcc -I/Users/j/Documents/GitHub/MoneroOne/build/SourcePackages/checkouts/swift-nio/Sources/CNIOOpenBSD/include -Xcc -I/Users/j/Documents/GitHub/MoneroOne/build/SourcePackages/checkouts/swift-nio/Sources/CNIOAtomics/include -Xcc -I/Users/j/Documents/GitHub/MoneroOne/build/Build/Products/Debug-iphonesimulator/include -Xcc -I/Users/j/Documents/GitHub/MoneroOne/build/Build/Intermediates.noindex/swift-nio.build/Debug-iphonesimulator/NIOTLS.build/DerivedSources-normal/arm64 -Xcc -I/Users/j/Documents/GitHub/MoneroOne/build/Build/Intermediates.noindex/swift-nio.build/Debug-iphonesimulator/NIOTLS.build/DerivedSources/arm64 -Xcc -I/Users/j/Documents/GitHub/MoneroOne/build/Build/Intermediates.noindex/swift-nio.build/Debug-iphonesimulator/NIOTLS.build/DerivedSources -Xcc -DSWIFT_PACKAGE -Xcc -DDEBUG\=1 -emit-objc-header -emit-objc-header-path /Users/j/Documents/GitHub/MoneroOne/build/Build/Intermediates.noindex/swift-nio.build/Debug-iphonesimulator/NIOTLS.build/Objects-normal/arm64/NIOTLS-Swift.h -working-directory /Users/j/Documents/GitHub/MoneroOne/MoneroOne.xcodeproj -experimental-emit-module-separately -disable-cmo

SwiftDriver NIOFoundationCompat normal arm64 com.apple.xcode.tools.swift.compiler (in target 'NIOFoundationCompat' from project 'swift-nio')
    cd /Users/j/Documents/GitHub/MoneroOne/MoneroOne.xcodeproj
    builtin-SwiftDriver -- /Applications/Xcode.app/Contents/Developer/Toolchains/XcodeDefault.xctoolchain/usr/bin/swiftc -module-name NIOFoundationCompat -Onone -enforce-exclusivity\=checked @/Users/j/Documents/GitHub/MoneroOne/build/Build/Intermediates.noindex/swift-nio.build/Debug-iphonesimulator/NIOFoundationCompat.build/Objects-normal/arm64/NIOFoundationCompat.SwiftFileList -DSWIFT_PACKAGE -DDEBUG -DSWIFT_MODULE_RESOURCE_BUNDLE_UNAVAILABLE -Xcc -fmodule-map-file\=/Users/j/Documents/GitHub/MoneroOne/build/Build/Intermediates.noindex/GeneratedModuleMaps-iphonesimulator/CNIOPosix.modulemap -Xcc -fmodule-map-file\=/Users/j/Documents/GitHub/MoneroOne/build/Build/Intermediates.noindex/GeneratedModuleMaps-iphonesimulator/CNIOWASI.modulemap -Xcc -fmodule-map-file\=/Users/j/Documents/GitHub/MoneroOne/build/Build/Intermediates.noindex/GeneratedModuleMaps-iphonesimulator/CNIOLinux.modulemap -Xcc -fmodule-map-file\=/Users/j/Documents/GitHub/MoneroOne/build/Build/Intermediates.noindex/GeneratedModuleMaps-iphonesimulator/CNIODarwin.modulemap -Xcc -fmodule-map-file\=/Users/j/Documents/GitHub/MoneroOne/build/Build/Intermediates.noindex/GeneratedModuleMaps-iphonesimulator/CNIOOpenBSD.modulemap -Xcc -fmodule-map-file\=/Users/j/Documents/GitHub/MoneroOne/build/Build/Intermediates.noindex/GeneratedModuleMaps-iphonesimulator/CNIOAtomics.modulemap -DXcode -enable-experimental-feature Lifetimes -enable-upcoming-feature MemberImportVisibility -plugin-path /Applications/Xcode.app/Contents/Developer/Toolchains/XcodeDefault.xctoolchain/usr/lib/swift/host/plugins/testing -enable-experimental-feature DebugDescriptionMacro -sdk /Applications/Xcode.app/Contents/Developer/Platforms/iPhoneSimulator.platform/Developer/SDKs/iPhoneSimulator26.1.sdk -target arm64-apple-ios12.0-simulator -g -module-cache-path /Users/j/Documents/GitHub/MoneroOne/build/ModuleCache.noindex -Xfrontend -serialize-debugging-options -enable-testing -suppress-warnings -index-store-path /Users/j/Documents/GitHub/MoneroOne/build/Index.noindex/DataStore -Xcc -D_LIBCPP_HARDENING_MODE\=_LIBCPP_HARDENING_MODE_DEBUG -swift-version 6 -I /Users/j/Documents/GitHub/MoneroOne/build/Build/Products/Debug-iphonesimulator -Isystem /Applications/Xcode.app/Contents/Developer/Platforms/iPhoneSimulator.platform/Developer/usr/lib -F /Users/j/Documents/GitHub/MoneroOne/build/Build/Products/Debug-iphonesimulator/PackageFrameworks -F /Users/j/Documents/GitHub/MoneroOne/build/Build/Products/Debug-iphonesimulator/PackageFrameworks -F /Users/j/Documents/GitHub/MoneroOne/build/Build/Products/Debug-iphonesimulator/PackageFrameworks -F /Users/j/Documents/GitHub/MoneroOne/build/Build/Products/Debug-iphonesimulator/PackageFrameworks -F /Users/j/Documents/GitHub/MoneroOne/build/Build/Products/Debug-iphonesimulator/PackageFrameworks -F /Users/j/Documents/GitHub/MoneroOne/build/Build/Products/Debug-iphonesimulator/PackageFrameworks -F /Users/j/Documents/GitHub/MoneroOne/build/Build/Products/Debug-iphonesimulator/PackageFrameworks -F /Users/j/Documents/GitHub/MoneroOne/build/Build/Products/Debug-iphonesimulator/PackageFrameworks -F /Users/j/Documents/GitHub/MoneroOne/build/Build/Products/Debug-iphonesimulator/PackageFrameworks -F /Users/j/Documents/GitHub/MoneroOne/build/Build/Products/Debug-iphonesimulator/PackageFrameworks -F /Users/j/Documents/GitHub/MoneroOne/build/Build/Products/Debug-iphonesimulator/PackageFrameworks -F /Users/j/Documents/GitHub/MoneroOne/build/Build/Products/Debug-iphonesimulator/PackageFrameworks -F /Users/j/Documents/GitHub/MoneroOne/build/Build/Products/Debug-iphonesimulator/PackageFrameworks -F /Users/j/Documents/GitHub/MoneroOne/build/Build/Products/Debug-iphonesimulator/PackageFrameworks -F /Users/j/Documents/GitHub/MoneroOne/build/Build/Products/Debug-iphonesimulator/PackageFrameworks -F /Users/j/Documents/GitHub/MoneroOne/build/Build/Products/Debug-iphonesimulator/PackageFrameworks -F /Users/j/Documents/GitHub/MoneroOne/build/Build/Products/Debug-iphonesimulator/PackageFrameworks -F /Users/j/Documents/GitHub/MoneroOne/build/Build/Products/Debug-iphonesimulator/PackageFrameworks -F /Users/j/Documents/GitHub/MoneroOne/build/Build/Products/Debug-iphonesimulator -F /Applications/Xcode.app/Contents/Developer/Platforms/iPhoneSimulator.platform/Developer/Library/Frameworks -F /Applications/Xcode.app/Contents/Developer/Platforms/iPhoneSimulator.platform/Developer/SDKs/iPhoneSimulator26.1.sdk/Developer/Library/Frameworks -c -j12 -enable-batch-mode -incremental -Xcc -ivfsstatcache -Xcc /Users/j/Documents/GitHub/MoneroOne/build/SDKStatCaches.noindex/iphonesimulator26.1-23B77-90cf18a4295e390e64c810bc6bd7acbc.sdkstatcache -output-file-map /Users/j/Documents/GitHub/MoneroOne/build/Build/Intermediates.noindex/swift-nio.build/Debug-iphonesimulator/NIOFoundationCompat.build/Objects-normal/arm64/NIOFoundationCompat-OutputFileMap.json -use-frontend-parseable-output -save-temps -no-color-diagnostics -explicit-module-build -module-cache-path /Users/j/Documents/GitHub/MoneroOne/build/Build/Intermediates.noindex/SwiftExplicitPrecompiledModules -clang-scanner-module-cache-path /Users/j/Documents/GitHub/MoneroOne/build/ModuleCache.noindex -sdk-module-cache-path /Users/j/Documents/GitHub/MoneroOne/build/ModuleCache.noindex -serialize-diagnostics -emit-dependencies -emit-module -emit-module-path /Users/j/Documents/GitHub/MoneroOne/build/Build/Intermediates.noindex/swift-nio.build/Debug-iphonesimulator/NIOFoundationCompat.build/Objects-normal/arm64/NIOFoundationCompat.swiftmodule -user-module-version 2.92.2 -validate-clang-modules-once -clang-build-session-file /Users/j/Documents/GitHub/MoneroOne/build/ModuleCache.noindex/Session.modulevalidation -package-name swift_nio -Xcc -I/Users/j/Documents/GitHub/MoneroOne/build/Build/Intermediates.noindex/swift-nio.build/Debug-iphonesimulator/NIOFoundationCompat.build/swift-overrides.hmap -emit-const-values -Xfrontend -const-gather-protocols-file -Xfrontend /Users/j/Documents/GitHub/MoneroOne/build/Build/Intermediates.noindex/swift-nio.build/Debug-iphonesimulator/NIOFoundationCompat.build/Objects-normal/arm64/NIOFoundationCompat_const_extract_protocols.json -Xcc -I/Users/j/Documents/GitHub/MoneroOne/build/SourcePackages/checkouts/swift-atomics/Sources/_AtomicsShims/include -Xcc -I/Users/j/Documents/GitHub/MoneroOne/build/SourcePackages/checkouts/swift-nio/Sources/CNIOPosix/include -Xcc -I/Users/j/Documents/GitHub/MoneroOne/build/SourcePackages/checkouts/swift-nio/Sources/CNIOWASI/include -Xcc -I/Users/j/Documents/GitHub/MoneroOne/build/SourcePackages/checkouts/swift-nio/Sources/CNIOWindows/include -Xcc -I/Users/j/Documents/GitHub/MoneroOne/build/SourcePackages/checkouts/swift-nio/Sources/CNIOLinux/include -Xcc -I/Users/j/Documents/GitHub/MoneroOne/build/SourcePackages/checkouts/swift-nio/Sources/CNIODarwin/include -Xcc -I/Users/j/Documents/GitHub/MoneroOne/build/SourcePackages/checkouts/swift-nio/Sources/CNIOOpenBSD/include -Xcc -I/Users/j/Documents/GitHub/MoneroOne/build/SourcePackages/checkouts/swift-nio/Sources/CNIOAtomics/include -Xcc -I/Users/j/Documents/GitHub/MoneroOne/build/Build/Products/Debug-iphonesimulator/include -Xcc -I/Users/j/Documents/GitHub/MoneroOne/build/Build/Intermediates.noindex/swift-nio.build/Debug-iphonesimulator/NIOFoundationCompat.build/DerivedSources-normal/arm64 -Xcc -I/Users/j/Documents/GitHub/MoneroOne/build/Build/Intermediates.noindex/swift-nio.build/Debug-iphonesimulator/NIOFoundationCompat.build/DerivedSources/arm64 -Xcc -I/Users/j/Documents/GitHub/MoneroOne/build/Build/Intermediates.noindex/swift-nio.build/Debug-iphonesimulator/NIOFoundationCompat.build/DerivedSources -Xcc -DSWIFT_PACKAGE -Xcc -DDEBUG\=1 -emit-objc-header -emit-objc-header-path /Users/j/Documents/GitHub/MoneroOne/build/Build/Intermediates.noindex/swift-nio.build/Debug-iphonesimulator/NIOFoundationCompat.build/Objects-normal/arm64/NIOFoundationCompat-Swift.h -working-directory /Users/j/Documents/GitHub/MoneroOne/MoneroOne.xcodeproj -experimental-emit-module-separately -disable-cmo

SwiftDriverJobDiscovery normal arm64 Compiling BaseSocketChannel+SocketOptionProvider.swift, BaseSocketChannel.swift, BaseStreamSocketChannel.swift, Bootstrap.swift, ControlMessage.swift (in target 'NIOPosix' from project 'swift-nio')

SwiftCompile normal arm64 Compiling\ ProtocolNegotiationHandlerStateMachine.swift /Users/j/Documents/GitHub/MoneroOne/build/SourcePackages/checkouts/swift-nio/Sources/NIOTLS/ProtocolNegotiationHandlerStateMachine.swift (in target 'NIOTLS' from project 'swift-nio')

SwiftCompile normal arm64 /Users/j/Documents/GitHub/MoneroOne/build/SourcePackages/checkouts/swift-nio/Sources/NIOTLS/ProtocolNegotiationHandlerStateMachine.swift (in target 'NIOTLS' from project 'swift-nio')
    cd /Users/j/Documents/GitHub/MoneroOne/MoneroOne.xcodeproj
    

SwiftCompile normal arm64 Compiling\ NIOTypedApplicationProtocolNegotiationHandler.swift /Users/j/Documents/GitHub/MoneroOne/build/SourcePackages/checkouts/swift-nio/Sources/NIOTLS/NIOTypedApplicationProtocolNegotiationHandler.swift (in target 'NIOTLS' from project 'swift-nio')

SwiftCompile normal arm64 /Users/j/Documents/GitHub/MoneroOne/build/SourcePackages/checkouts/swift-nio/Sources/NIOTLS/NIOTypedApplicationProtocolNegotiationHandler.swift (in target 'NIOTLS' from project 'swift-nio')
    cd /Users/j/Documents/GitHub/MoneroOne/MoneroOne.xcodeproj
    

SwiftEmitModule normal arm64 Emitting\ module\ for\ NIOTLS (in target 'NIOTLS' from project 'swift-nio')

EmitSwiftModule normal arm64 (in target 'NIOTLS' from project 'swift-nio')
    cd /Users/j/Documents/GitHub/MoneroOne/MoneroOne.xcodeproj
    

SwiftCompile normal arm64 Compiling\ ApplicationProtocolNegotiationHandler.swift /Users/j/Documents/GitHub/MoneroOne/build/SourcePackages/checkouts/swift-nio/Sources/NIOTLS/ApplicationProtocolNegotiationHandler.swift (in target 'NIOTLS' from project 'swift-nio')

SwiftCompile normal arm64 /Users/j/Documents/GitHub/MoneroOne/build/SourcePackages/checkouts/swift-nio/Sources/NIOTLS/ApplicationProtocolNegotiationHandler.swift (in target 'NIOTLS' from project 'swift-nio')
    cd /Users/j/Documents/GitHub/MoneroOne/MoneroOne.xcodeproj
    

SwiftCompile normal arm64 Compiling\ SNIHandler.swift /Users/j/Documents/GitHub/MoneroOne/build/SourcePackages/checkouts/swift-nio/Sources/NIOTLS/SNIHandler.swift (in target 'NIOTLS' from project 'swift-nio')

SwiftCompile normal arm64 /Users/j/Documents/GitHub/MoneroOne/build/SourcePackages/checkouts/swift-nio/Sources/NIOTLS/SNIHandler.swift (in target 'NIOTLS' from project 'swift-nio')
    cd /Users/j/Documents/GitHub/MoneroOne/MoneroOne.xcodeproj
    

SwiftCompile normal arm64 Compiling\ TLSEvents.swift /Users/j/Documents/GitHub/MoneroOne/build/SourcePackages/checkouts/swift-nio/Sources/NIOTLS/TLSEvents.swift (in target 'NIOTLS' from project 'swift-nio')

SwiftCompile normal arm64 /Users/j/Documents/GitHub/MoneroOne/build/SourcePackages/checkouts/swift-nio/Sources/NIOTLS/TLSEvents.swift (in target 'NIOTLS' from project 'swift-nio')
    cd /Users/j/Documents/GitHub/MoneroOne/MoneroOne.xcodeproj
    

SwiftExplicitDependencyGeneratePcm arm64 /Users/j/Documents/GitHub/MoneroOne/build/Build/Intermediates.noindex/SwiftExplicitPrecompiledModules/CNIOLLHTTP-BSG02MWLP3XXN5WNT5AV0074V.pcm

SwiftEmitModule normal arm64 Emitting\ module\ for\ NIOFoundationCompat (in target 'NIOFoundationCompat' from project 'swift-nio')

EmitSwiftModule normal arm64 (in target 'NIOFoundationCompat' from project 'swift-nio')
    cd /Users/j/Documents/GitHub/MoneroOne/MoneroOne.xcodeproj
    

SwiftCompile normal arm64 Compiling\ JSONSerialization+ByteBuffer.swift /Users/j/Documents/GitHub/MoneroOne/build/SourcePackages/checkouts/swift-nio/Sources/NIOFoundationCompat/JSONSerialization+ByteBuffer.swift (in target 'NIOFoundationCompat' from project 'swift-nio')

SwiftCompile normal arm64 /Users/j/Documents/GitHub/MoneroOne/build/SourcePackages/checkouts/swift-nio/Sources/NIOFoundationCompat/JSONSerialization+ByteBuffer.swift (in target 'NIOFoundationCompat' from project 'swift-nio')
    cd /Users/j/Documents/GitHub/MoneroOne/MoneroOne.xcodeproj
    

SwiftCompile normal arm64 Compiling\ WaitSpinningRunLoop.swift /Users/j/Documents/GitHub/MoneroOne/build/SourcePackages/checkouts/swift-nio/Sources/NIOFoundationCompat/WaitSpinningRunLoop.swift (in target 'NIOFoundationCompat' from project 'swift-nio')

SwiftCompile normal arm64 /Users/j/Documents/GitHub/MoneroOne/build/SourcePackages/checkouts/swift-nio/Sources/NIOFoundationCompat/WaitSpinningRunLoop.swift (in target 'NIOFoundationCompat' from project 'swift-nio')
    cd /Users/j/Documents/GitHub/MoneroOne/MoneroOne.xcodeproj
    

SwiftCompile normal arm64 Compiling\ Codable+ByteBuffer.swift /Users/j/Documents/GitHub/MoneroOne/build/SourcePackages/checkouts/swift-nio/Sources/NIOFoundationCompat/Codable+ByteBuffer.swift (in target 'NIOFoundationCompat' from project 'swift-nio')

SwiftCompile normal arm64 /Users/j/Documents/GitHub/MoneroOne/build/SourcePackages/checkouts/swift-nio/Sources/NIOFoundationCompat/Codable+ByteBuffer.swift (in target 'NIOFoundationCompat' from project 'swift-nio')
    cd /Users/j/Documents/GitHub/MoneroOne/MoneroOne.xcodeproj
    

SwiftCompile normal arm64 Compiling\ ByteBuffer-foundation.swift /Users/j/Documents/GitHub/MoneroOne/build/SourcePackages/checkouts/swift-nio/Sources/NIOFoundationCompat/ByteBuffer-foundation.swift (in target 'NIOFoundationCompat' from project 'swift-nio')

SwiftCompile normal arm64 /Users/j/Documents/GitHub/MoneroOne/build/SourcePackages/checkouts/swift-nio/Sources/NIOFoundationCompat/ByteBuffer-foundation.swift (in target 'NIOFoundationCompat' from project 'swift-nio')
    cd /Users/j/Documents/GitHub/MoneroOne/MoneroOne.xcodeproj
    

SwiftEmitModule normal arm64 Emitting\ module\ for\ NIOHTTP1 (in target 'NIOHTTP1' from project 'swift-nio')

EmitSwiftModule normal arm64 (in target 'NIOHTTP1' from project 'swift-nio')
    cd /Users/j/Documents/GitHub/MoneroOne/MoneroOne.xcodeproj
    

SwiftDriverJobDiscovery normal arm64 Emitting module for NIOTLS (in target 'NIOTLS' from project 'swift-nio')

SwiftDriver\ Compilation\ Requirements NIOTLS normal arm64 com.apple.xcode.tools.swift.compiler (in target 'NIOTLS' from project 'swift-nio')
    cd /Users/j/Documents/GitHub/MoneroOne/MoneroOne.xcodeproj
    builtin-Swift-Compilation-Requirements -- /Applications/Xcode.app/Contents/Developer/Toolchains/XcodeDefault.xctoolchain/usr/bin/swiftc -module-name NIOTLS -Onone -enforce-exclusivity\=checked @/Users/j/Documents/GitHub/MoneroOne/build/Build/Intermediates.noindex/swift-nio.build/Debug-iphonesimulator/NIOTLS.build/Objects-normal/arm64/NIOTLS.SwiftFileList -DSWIFT_PACKAGE -DDEBUG -DSWIFT_MODULE_RESOURCE_BUNDLE_UNAVAILABLE -Xcc -fmodule-map-file\=/Users/j/Documents/GitHub/MoneroOne/build/Build/Intermediates.noindex/GeneratedModuleMaps-iphonesimulator/CNIOPosix.modulemap -Xcc -fmodule-map-file\=/Users/j/Documents/GitHub/MoneroOne/build/Build/Intermediates.noindex/GeneratedModuleMaps-iphonesimulator/CNIOWASI.modulemap -Xcc -fmodule-map-file\=/Users/j/Documents/GitHub/MoneroOne/build/Build/Intermediates.noindex/GeneratedModuleMaps-iphonesimulator/CNIOLinux.modulemap -Xcc -fmodule-map-file\=/Users/j/Documents/GitHub/MoneroOne/build/Build/Intermediates.noindex/GeneratedModuleMaps-iphonesimulator/CNIODarwin.modulemap -Xcc -fmodule-map-file\=/Users/j/Documents/GitHub/MoneroOne/build/Build/Intermediates.noindex/GeneratedModuleMaps-iphonesimulator/CNIOOpenBSD.modulemap -Xcc -fmodule-map-file\=/Users/j/Documents/GitHub/MoneroOne/build/Build/Intermediates.noindex/GeneratedModuleMaps-iphonesimulator/CNIOAtomics.modulemap -DXcode -enable-experimental-feature Lifetimes -enable-upcoming-feature MemberImportVisibility -plugin-path /Applications/Xcode.app/Contents/Developer/Toolchains/XcodeDefault.xctoolchain/usr/lib/swift/host/plugins/testing -enable-experimental-feature DebugDescriptionMacro -sdk /Applications/Xcode.app/Contents/Developer/Platforms/iPhoneSimulator.platform/Developer/SDKs/iPhoneSimulator26.1.sdk -target arm64-apple-ios12.0-simulator -g -module-cache-path /Users/j/Documents/GitHub/MoneroOne/build/ModuleCache.noindex -Xfrontend -serialize-debugging-options -enable-testing -suppress-warnings -index-store-path /Users/j/Documents/GitHub/MoneroOne/build/Index.noindex/DataStore -Xcc -D_LIBCPP_HARDENING_MODE\=_LIBCPP_HARDENING_MODE_DEBUG -swift-version 6 -I /Users/j/Documents/GitHub/MoneroOne/build/Build/Products/Debug-iphonesimulator -Isystem /Applications/Xcode.app/Contents/Developer/Platforms/iPhoneSimulator.platform/Developer/usr/lib -F /Users/j/Documents/GitHub/MoneroOne/build/Build/Products/Debug-iphonesimulator/PackageFrameworks -F /Users/j/Documents/GitHub/MoneroOne/build/Build/Products/Debug-iphonesimulator/PackageFrameworks -F /Users/j/Documents/GitHub/MoneroOne/build/Build/Products/Debug-iphonesimulator/PackageFrameworks -F /Users/j/Documents/GitHub/MoneroOne/build/Build/Products/Debug-iphonesimulator/PackageFrameworks -F /Users/j/Documents/GitHub/MoneroOne/build/Build/Products/Debug-iphonesimulator/PackageFrameworks -F /Users/j/Documents/GitHub/MoneroOne/build/Build/Products/Debug-iphonesimulator/PackageFrameworks -F /Users/j/Documents/GitHub/MoneroOne/build/Build/Products/Debug-iphonesimulator/PackageFrameworks -F /Users/j/Documents/GitHub/MoneroOne/build/Build/Products/Debug-iphonesimulator/PackageFrameworks -F /Users/j/Documents/GitHub/MoneroOne/build/Build/Products/Debug-iphonesimulator/PackageFrameworks -F /Users/j/Documents/GitHub/MoneroOne/build/Build/Products/Debug-iphonesimulator/PackageFrameworks -F /Users/j/Documents/GitHub/MoneroOne/build/Build/Products/Debug-iphonesimulator/PackageFrameworks -F /Users/j/Documents/GitHub/MoneroOne/build/Build/Products/Debug-iphonesimulator/PackageFrameworks -F /Users/j/Documents/GitHub/MoneroOne/build/Build/Products/Debug-iphonesimulator/PackageFrameworks -F /Users/j/Documents/GitHub/MoneroOne/build/Build/Products/Debug-iphonesimulator/PackageFrameworks -F /Users/j/Documents/GitHub/MoneroOne/build/Build/Products/Debug-iphonesimulator/PackageFrameworks -F /Users/j/Documents/GitHub/MoneroOne/build/Build/Products/Debug-iphonesimulator/PackageFrameworks -F /Users/j/Documents/GitHub/MoneroOne/build/Build/Products/Debug-iphonesimulator/PackageFrameworks -F /Users/j/Documents/GitHub/MoneroOne/build/Build/Products/Debug-iphonesimulator/PackageFrameworks -F /Users/j/Documents/GitHub/MoneroOne/build/Build/Products/Debug-iphonesimulator -F /Applications/Xcode.app/Contents/Developer/Platforms/iPhoneSimulator.platform/Developer/Library/Frameworks -F /Applications/Xcode.app/Contents/Developer/Platforms/iPhoneSimulator.platform/Developer/SDKs/iPhoneSimulator26.1.sdk/Developer/Library/Frameworks -c -j12 -enable-batch-mode -incremental -Xcc -ivfsstatcache -Xcc /Users/j/Documents/GitHub/MoneroOne/build/SDKStatCaches.noindex/iphonesimulator26.1-23B77-90cf18a4295e390e64c810bc6bd7acbc.sdkstatcache -output-file-map /Users/j/Documents/GitHub/MoneroOne/build/Build/Intermediates.noindex/swift-nio.build/Debug-iphonesimulator/NIOTLS.build/Objects-normal/arm64/NIOTLS-OutputFileMap.json -use-frontend-parseable-output -save-temps -no-color-diagnostics -explicit-module-build -module-cache-path /Users/j/Documents/GitHub/MoneroOne/build/Build/Intermediates.noindex/SwiftExplicitPrecompiledModules -clang-scanner-module-cache-path /Users/j/Documents/GitHub/MoneroOne/build/ModuleCache.noindex -sdk-module-cache-path /Users/j/Documents/GitHub/MoneroOne/build/ModuleCache.noindex -serialize-diagnostics -emit-dependencies -emit-module -emit-module-path /Users/j/Documents/GitHub/MoneroOne/build/Build/Intermediates.noindex/swift-nio.build/Debug-iphonesimulator/NIOTLS.build/Objects-normal/arm64/NIOTLS.swiftmodule -user-module-version 2.92.2 -validate-clang-modules-once -clang-build-session-file /Users/j/Documents/GitHub/MoneroOne/build/ModuleCache.noindex/Session.modulevalidation -package-name swift_nio -Xcc -I/Users/j/Documents/GitHub/MoneroOne/build/Build/Intermediates.noindex/swift-nio.build/Debug-iphonesimulator/NIOTLS.build/swift-overrides.hmap -emit-const-values -Xfrontend -const-gather-protocols-file -Xfrontend /Users/j/Documents/GitHub/MoneroOne/build/Build/Intermediates.noindex/swift-nio.build/Debug-iphonesimulator/NIOTLS.build/Objects-normal/arm64/NIOTLS_const_extract_protocols.json -Xcc -I/Users/j/Documents/GitHub/MoneroOne/build/SourcePackages/checkouts/swift-atomics/Sources/_AtomicsShims/include -Xcc -I/Users/j/Documents/GitHub/MoneroOne/build/SourcePackages/checkouts/swift-nio/Sources/CNIOPosix/include -Xcc -I/Users/j/Documents/GitHub/MoneroOne/build/SourcePackages/checkouts/swift-nio/Sources/CNIOWASI/include -Xcc -I/Users/j/Documents/GitHub/MoneroOne/build/SourcePackages/checkouts/swift-nio/Sources/CNIOWindows/include -Xcc -I/Users/j/Documents/GitHub/MoneroOne/build/SourcePackages/checkouts/swift-nio/Sources/CNIOLinux/include -Xcc -I/Users/j/Documents/GitHub/MoneroOne/build/SourcePackages/checkouts/swift-nio/Sources/CNIODarwin/include -Xcc -I/Users/j/Documents/GitHub/MoneroOne/build/SourcePackages/checkouts/swift-nio/Sources/CNIOOpenBSD/include -Xcc -I/Users/j/Documents/GitHub/MoneroOne/build/SourcePackages/checkouts/swift-nio/Sources/CNIOAtomics/include -Xcc -I/Users/j/Documents/GitHub/MoneroOne/build/Build/Products/Debug-iphonesimulator/include -Xcc -I/Users/j/Documents/GitHub/MoneroOne/build/Build/Intermediates.noindex/swift-nio.build/Debug-iphonesimulator/NIOTLS.build/DerivedSources-normal/arm64 -Xcc -I/Users/j/Documents/GitHub/MoneroOne/build/Build/Intermediates.noindex/swift-nio.build/Debug-iphonesimulator/NIOTLS.build/DerivedSources/arm64 -Xcc -I/Users/j/Documents/GitHub/MoneroOne/build/Build/Intermediates.noindex/swift-nio.build/Debug-iphonesimulator/NIOTLS.build/DerivedSources -Xcc -DSWIFT_PACKAGE -Xcc -DDEBUG\=1 -emit-objc-header -emit-objc-header-path /Users/j/Documents/GitHub/MoneroOne/build/Build/Intermediates.noindex/swift-nio.build/Debug-iphonesimulator/NIOTLS.build/Objects-normal/arm64/NIOTLS-Swift.h -working-directory /Users/j/Documents/GitHub/MoneroOne/MoneroOne.xcodeproj -experimental-emit-module-separately -disable-cmo

SwiftDriverJobDiscovery normal arm64 Compiling TLSEvents.swift (in target 'NIOTLS' from project 'swift-nio')

SwiftCompile normal arm64 Compiling\ NIOTypedHTTPClientUpgraderStateMachine.swift /Users/j/Documents/GitHub/MoneroOne/build/SourcePackages/checkouts/swift-nio/Sources/NIOHTTP1/NIOTypedHTTPClientUpgraderStateMachine.swift (in target 'NIOHTTP1' from project 'swift-nio')

SwiftCompile normal arm64 /Users/j/Documents/GitHub/MoneroOne/build/SourcePackages/checkouts/swift-nio/Sources/NIOHTTP1/NIOTypedHTTPClientUpgraderStateMachine.swift (in target 'NIOHTTP1' from project 'swift-nio')
    cd /Users/j/Documents/GitHub/MoneroOne/MoneroOne.xcodeproj
    

SwiftCompile normal arm64 Compiling\ NIOTypedHTTPServerUpgradeHandler.swift /Users/j/Documents/GitHub/MoneroOne/build/SourcePackages/checkouts/swift-nio/Sources/NIOHTTP1/NIOTypedHTTPServerUpgradeHandler.swift (in target 'NIOHTTP1' from project 'swift-nio')

SwiftCompile normal arm64 /Users/j/Documents/GitHub/MoneroOne/build/SourcePackages/checkouts/swift-nio/Sources/NIOHTTP1/NIOTypedHTTPServerUpgradeHandler.swift (in target 'NIOHTTP1' from project 'swift-nio')
    cd /Users/j/Documents/GitHub/MoneroOne/MoneroOne.xcodeproj
    

SwiftDriverJobDiscovery normal arm64 Compiling ApplicationProtocolNegotiationHandler.swift (in target 'NIOTLS' from project 'swift-nio')

SwiftCompile normal arm64 Compiling\ HTTPTypes.swift /Users/j/Documents/GitHub/MoneroOne/build/SourcePackages/checkouts/swift-nio/Sources/NIOHTTP1/HTTPTypes.swift (in target 'NIOHTTP1' from project 'swift-nio')

SwiftCompile normal arm64 /Users/j/Documents/GitHub/MoneroOne/build/SourcePackages/checkouts/swift-nio/Sources/NIOHTTP1/HTTPTypes.swift (in target 'NIOHTTP1' from project 'swift-nio')
    cd /Users/j/Documents/GitHub/MoneroOne/MoneroOne.xcodeproj
    

SwiftDriverJobDiscovery normal arm64 Compiling NIOTypedApplicationProtocolNegotiationHandler.swift (in target 'NIOTLS' from project 'swift-nio')

SwiftCompile normal arm64 Compiling\ HTTPServerUpgradeHandler.swift,\ HTTPTypedPipelineSetup.swift /Users/j/Documents/GitHub/MoneroOne/build/SourcePackages/checkouts/swift-nio/Sources/NIOHTTP1/HTTPServerUpgradeHandler.swift /Users/j/Documents/GitHub/MoneroOne/build/SourcePackages/checkouts/swift-nio/Sources/NIOHTTP1/HTTPTypedPipelineSetup.swift (in target 'NIOHTTP1' from project 'swift-nio')

SwiftCompile normal arm64 /Users/j/Documents/GitHub/MoneroOne/build/SourcePackages/checkouts/swift-nio/Sources/NIOHTTP1/HTTPServerUpgradeHandler.swift (in target 'NIOHTTP1' from project 'swift-nio')
    cd /Users/j/Documents/GitHub/MoneroOne/MoneroOne.xcodeproj
    

SwiftCompile normal arm64 /Users/j/Documents/GitHub/MoneroOne/build/SourcePackages/checkouts/swift-nio/Sources/NIOHTTP1/HTTPTypedPipelineSetup.swift (in target 'NIOHTTP1' from project 'swift-nio')
    cd /Users/j/Documents/GitHub/MoneroOne/MoneroOne.xcodeproj
    

SwiftDriverJobDiscovery normal arm64 Compiling ProtocolNegotiationHandlerStateMachine.swift (in target 'NIOTLS' from project 'swift-nio')

SwiftMergeGeneratedHeaders /Users/j/Documents/GitHub/MoneroOne/build/Build/Intermediates.noindex/GeneratedModuleMaps-iphonesimulator/NIOTLS-Swift.h /Users/j/Documents/GitHub/MoneroOne/build/Build/Intermediates.noindex/swift-nio.build/Debug-iphonesimulator/NIOTLS.build/Objects-normal/arm64/NIOTLS-Swift.h (in target 'NIOTLS' from project 'swift-nio')
    cd /Users/j/Documents/GitHub/MoneroOne/build/SourcePackages/checkouts/swift-nio
    builtin-swiftHeaderTool -arch arm64 /Users/j/Documents/GitHub/MoneroOne/build/Build/Intermediates.noindex/swift-nio.build/Debug-iphonesimulator/NIOTLS.build/Objects-normal/arm64/NIOTLS-Swift.h -o /Users/j/Documents/GitHub/MoneroOne/build/Build/Intermediates.noindex/GeneratedModuleMaps-iphonesimulator/NIOTLS-Swift.h

SwiftDriverJobDiscovery normal arm64 Compiling Codable+ByteBuffer.swift (in target 'NIOFoundationCompat' from project 'swift-nio')

Copy /Users/j/Documents/GitHub/MoneroOne/build/Build/Products/Debug-iphonesimulator/NIOTLS.swiftmodule/arm64-apple-ios-simulator.swiftmodule /Users/j/Documents/GitHub/MoneroOne/build/Build/Intermediates.noindex/swift-nio.build/Debug-iphonesimulator/NIOTLS.build/Objects-normal/arm64/NIOTLS.swiftmodule (in target 'NIOTLS' from project 'swift-nio')
    cd /Users/j/Documents/GitHub/MoneroOne/build/SourcePackages/checkouts/swift-nio
    builtin-copy -exclude .DS_Store -exclude CVS -exclude .svn -exclude .git -exclude .hg -resolve-src-symlinks -rename /Users/j/Documents/GitHub/MoneroOne/build/Build/Intermediates.noindex/swift-nio.build/Debug-iphonesimulator/NIOTLS.build/Objects-normal/arm64/NIOTLS.swiftmodule /Users/j/Documents/GitHub/MoneroOne/build/Build/Products/Debug-iphonesimulator/NIOTLS.swiftmodule/arm64-apple-ios-simulator.swiftmodule

Copy /Users/j/Documents/GitHub/MoneroOne/build/Build/Products/Debug-iphonesimulator/NIOTLS.swiftmodule/arm64-apple-ios-simulator.swiftdoc /Users/j/Documents/GitHub/MoneroOne/build/Build/Intermediates.noindex/swift-nio.build/Debug-iphonesimulator/NIOTLS.build/Objects-normal/arm64/NIOTLS.swiftdoc (in target 'NIOTLS' from project 'swift-nio')
    cd /Users/j/Documents/GitHub/MoneroOne/build/SourcePackages/checkouts/swift-nio
    builtin-copy -exclude .DS_Store -exclude CVS -exclude .svn -exclude .git -exclude .hg -resolve-src-symlinks -rename /Users/j/Documents/GitHub/MoneroOne/build/Build/Intermediates.noindex/swift-nio.build/Debug-iphonesimulator/NIOTLS.build/Objects-normal/arm64/NIOTLS.swiftdoc /Users/j/Documents/GitHub/MoneroOne/build/Build/Products/Debug-iphonesimulator/NIOTLS.swiftmodule/arm64-apple-ios-simulator.swiftdoc

Copy /Users/j/Documents/GitHub/MoneroOne/build/Build/Products/Debug-iphonesimulator/NIOTLS.swiftmodule/arm64-apple-ios-simulator.abi.json /Users/j/Documents/GitHub/MoneroOne/build/Build/Intermediates.noindex/swift-nio.build/Debug-iphonesimulator/NIOTLS.build/Objects-normal/arm64/NIOTLS.abi.json (in target 'NIOTLS' from project 'swift-nio')
    cd /Users/j/Documents/GitHub/MoneroOne/build/SourcePackages/checkouts/swift-nio
    builtin-copy -exclude .DS_Store -exclude CVS -exclude .svn -exclude .git -exclude .hg -resolve-src-symlinks -rename /Users/j/Documents/GitHub/MoneroOne/build/Build/Intermediates.noindex/swift-nio.build/Debug-iphonesimulator/NIOTLS.build/Objects-normal/arm64/NIOTLS.abi.json /Users/j/Documents/GitHub/MoneroOne/build/Build/Products/Debug-iphonesimulator/NIOTLS.swiftmodule/arm64-apple-ios-simulator.abi.json

Copy /Users/j/Documents/GitHub/MoneroOne/build/Build/Products/Debug-iphonesimulator/NIOTLS.swiftmodule/Project/arm64-apple-ios-simulator.swiftsourceinfo /Users/j/Documents/GitHub/MoneroOne/build/Build/Intermediates.noindex/swift-nio.build/Debug-iphonesimulator/NIOTLS.build/Objects-normal/arm64/NIOTLS.swiftsourceinfo (in target 'NIOTLS' from project 'swift-nio')
    cd /Users/j/Documents/GitHub/MoneroOne/build/SourcePackages/checkouts/swift-nio
    builtin-copy -exclude .DS_Store -exclude CVS -exclude .svn -exclude .git -exclude .hg -resolve-src-symlinks -rename /Users/j/Documents/GitHub/MoneroOne/build/Build/Intermediates.noindex/swift-nio.build/Debug-iphonesimulator/NIOTLS.build/Objects-normal/arm64/NIOTLS.swiftsourceinfo /Users/j/Documents/GitHub/MoneroOne/build/Build/Products/Debug-iphonesimulator/NIOTLS.swiftmodule/Project/arm64-apple-ios-simulator.swiftsourceinfo

SwiftCompile normal arm64 Compiling\ NIOTypedHTTPServerUpgraderStateMachine.swift /Users/j/Documents/GitHub/MoneroOne/build/SourcePackages/checkouts/swift-nio/Sources/NIOHTTP1/NIOTypedHTTPServerUpgraderStateMachine.swift (in target 'NIOHTTP1' from project 'swift-nio')

SwiftCompile normal arm64 /Users/j/Documents/GitHub/MoneroOne/build/SourcePackages/checkouts/swift-nio/Sources/NIOHTTP1/NIOTypedHTTPServerUpgraderStateMachine.swift (in target 'NIOHTTP1' from project 'swift-nio')
    cd /Users/j/Documents/GitHub/MoneroOne/MoneroOne.xcodeproj
    

SwiftCompile normal arm64 Compiling\ NIOHTTPObjectAggregator.swift /Users/j/Documents/GitHub/MoneroOne/build/SourcePackages/checkouts/swift-nio/Sources/NIOHTTP1/NIOHTTPObjectAggregator.swift (in target 'NIOHTTP1' from project 'swift-nio')

SwiftCompile normal arm64 /Users/j/Documents/GitHub/MoneroOne/build/SourcePackages/checkouts/swift-nio/Sources/NIOHTTP1/NIOHTTPObjectAggregator.swift (in target 'NIOHTTP1' from project 'swift-nio')
    cd /Users/j/Documents/GitHub/MoneroOne/MoneroOne.xcodeproj
    

SwiftDriverJobDiscovery normal arm64 Compiling JSONSerialization+ByteBuffer.swift (in target 'NIOFoundationCompat' from project 'swift-nio')

SwiftDriverJobDiscovery normal arm64 Compiling WaitSpinningRunLoop.swift (in target 'NIOFoundationCompat' from project 'swift-nio')

SwiftCompile normal arm64 Compiling\ HTTPHeaders+Validation.swift,\ HTTPPipelineSetup.swift /Users/j/Documents/GitHub/MoneroOne/build/SourcePackages/checkouts/swift-nio/Sources/NIOHTTP1/HTTPHeaders+Validation.swift /Users/j/Documents/GitHub/MoneroOne/build/SourcePackages/checkouts/swift-nio/Sources/NIOHTTP1/HTTPPipelineSetup.swift (in target 'NIOHTTP1' from project 'swift-nio')

SwiftCompile normal arm64 /Users/j/Documents/GitHub/MoneroOne/build/SourcePackages/checkouts/swift-nio/Sources/NIOHTTP1/HTTPHeaders+Validation.swift (in target 'NIOHTTP1' from project 'swift-nio')
    cd /Users/j/Documents/GitHub/MoneroOne/MoneroOne.xcodeproj
    

SwiftCompile normal arm64 /Users/j/Documents/GitHub/MoneroOne/build/SourcePackages/checkouts/swift-nio/Sources/NIOHTTP1/HTTPPipelineSetup.swift (in target 'NIOHTTP1' from project 'swift-nio')
    cd /Users/j/Documents/GitHub/MoneroOne/MoneroOne.xcodeproj
    

SwiftCompile normal arm64 Compiling\ HTTPServerPipelineHandler.swift,\ HTTPServerProtocolErrorHandler.swift /Users/j/Documents/GitHub/MoneroOne/build/SourcePackages/checkouts/swift-nio/Sources/NIOHTTP1/HTTPServerPipelineHandler.swift /Users/j/Documents/GitHub/MoneroOne/build/SourcePackages/checkouts/swift-nio/Sources/NIOHTTP1/HTTPServerProtocolErrorHandler.swift (in target 'NIOHTTP1' from project 'swift-nio')

SwiftCompile normal arm64 /Users/j/Documents/GitHub/MoneroOne/build/SourcePackages/checkouts/swift-nio/Sources/NIOHTTP1/HTTPServerPipelineHandler.swift (in target 'NIOHTTP1' from project 'swift-nio')
    cd /Users/j/Documents/GitHub/MoneroOne/MoneroOne.xcodeproj
    

SwiftCompile normal arm64 /Users/j/Documents/GitHub/MoneroOne/build/SourcePackages/checkouts/swift-nio/Sources/NIOHTTP1/HTTPServerProtocolErrorHandler.swift (in target 'NIOHTTP1' from project 'swift-nio')
    cd /Users/j/Documents/GitHub/MoneroOne/MoneroOne.xcodeproj
    

SwiftDriverJobDiscovery normal arm64 Emitting module for NIOFoundationCompat (in target 'NIOFoundationCompat' from project 'swift-nio')

SwiftDriver\ Compilation\ Requirements NIOFoundationCompat normal arm64 com.apple.xcode.tools.swift.compiler (in target 'NIOFoundationCompat' from project 'swift-nio')
    cd /Users/j/Documents/GitHub/MoneroOne/MoneroOne.xcodeproj
    builtin-Swift-Compilation-Requirements -- /Applications/Xcode.app/Contents/Developer/Toolchains/XcodeDefault.xctoolchain/usr/bin/swiftc -module-name NIOFoundationCompat -Onone -enforce-exclusivity\=checked @/Users/j/Documents/GitHub/MoneroOne/build/Build/Intermediates.noindex/swift-nio.build/Debug-iphonesimulator/NIOFoundationCompat.build/Objects-normal/arm64/NIOFoundationCompat.SwiftFileList -DSWIFT_PACKAGE -DDEBUG -DSWIFT_MODULE_RESOURCE_BUNDLE_UNAVAILABLE -Xcc -fmodule-map-file\=/Users/j/Documents/GitHub/MoneroOne/build/Build/Intermediates.noindex/GeneratedModuleMaps-iphonesimulator/CNIOPosix.modulemap -Xcc -fmodule-map-file\=/Users/j/Documents/GitHub/MoneroOne/build/Build/Intermediates.noindex/GeneratedModuleMaps-iphonesimulator/CNIOWASI.modulemap -Xcc -fmodule-map-file\=/Users/j/Documents/GitHub/MoneroOne/build/Build/Intermediates.noindex/GeneratedModuleMaps-iphonesimulator/CNIOLinux.modulemap -Xcc -fmodule-map-file\=/Users/j/Documents/GitHub/MoneroOne/build/Build/Intermediates.noindex/GeneratedModuleMaps-iphonesimulator/CNIODarwin.modulemap -Xcc -fmodule-map-file\=/Users/j/Documents/GitHub/MoneroOne/build/Build/Intermediates.noindex/GeneratedModuleMaps-iphonesimulator/CNIOOpenBSD.modulemap -Xcc -fmodule-map-file\=/Users/j/Documents/GitHub/MoneroOne/build/Build/Intermediates.noindex/GeneratedModuleMaps-iphonesimulator/CNIOAtomics.modulemap -DXcode -enable-experimental-feature Lifetimes -enable-upcoming-feature MemberImportVisibility -plugin-path /Applications/Xcode.app/Contents/Developer/Toolchains/XcodeDefault.xctoolchain/usr/lib/swift/host/plugins/testing -enable-experimental-feature DebugDescriptionMacro -sdk /Applications/Xcode.app/Contents/Developer/Platforms/iPhoneSimulator.platform/Developer/SDKs/iPhoneSimulator26.1.sdk -target arm64-apple-ios12.0-simulator -g -module-cache-path /Users/j/Documents/GitHub/MoneroOne/build/ModuleCache.noindex -Xfrontend -serialize-debugging-options -enable-testing -suppress-warnings -index-store-path /Users/j/Documents/GitHub/MoneroOne/build/Index.noindex/DataStore -Xcc -D_LIBCPP_HARDENING_MODE\=_LIBCPP_HARDENING_MODE_DEBUG -swift-version 6 -I /Users/j/Documents/GitHub/MoneroOne/build/Build/Products/Debug-iphonesimulator -Isystem /Applications/Xcode.app/Contents/Developer/Platforms/iPhoneSimulator.platform/Developer/usr/lib -F /Users/j/Documents/GitHub/MoneroOne/build/Build/Products/Debug-iphonesimulator/PackageFrameworks -F /Users/j/Documents/GitHub/MoneroOne/build/Build/Products/Debug-iphonesimulator/PackageFrameworks -F /Users/j/Documents/GitHub/MoneroOne/build/Build/Products/Debug-iphonesimulator/PackageFrameworks -F /Users/j/Documents/GitHub/MoneroOne/build/Build/Products/Debug-iphonesimulator/PackageFrameworks -F /Users/j/Documents/GitHub/MoneroOne/build/Build/Products/Debug-iphonesimulator/PackageFrameworks -F /Users/j/Documents/GitHub/MoneroOne/build/Build/Products/Debug-iphonesimulator/PackageFrameworks -F /Users/j/Documents/GitHub/MoneroOne/build/Build/Products/Debug-iphonesimulator/PackageFrameworks -F /Users/j/Documents/GitHub/MoneroOne/build/Build/Products/Debug-iphonesimulator/PackageFrameworks -F /Users/j/Documents/GitHub/MoneroOne/build/Build/Products/Debug-iphonesimulator/PackageFrameworks -F /Users/j/Documents/GitHub/MoneroOne/build/Build/Products/Debug-iphonesimulator/PackageFrameworks -F /Users/j/Documents/GitHub/MoneroOne/build/Build/Products/Debug-iphonesimulator/PackageFrameworks -F /Users/j/Documents/GitHub/MoneroOne/build/Build/Products/Debug-iphonesimulator/PackageFrameworks -F /Users/j/Documents/GitHub/MoneroOne/build/Build/Products/Debug-iphonesimulator/PackageFrameworks -F /Users/j/Documents/GitHub/MoneroOne/build/Build/Products/Debug-iphonesimulator/PackageFrameworks -F /Users/j/Documents/GitHub/MoneroOne/build/Build/Products/Debug-iphonesimulator/PackageFrameworks -F /Users/j/Documents/GitHub/MoneroOne/build/Build/Products/Debug-iphonesimulator/PackageFrameworks -F /Users/j/Documents/GitHub/MoneroOne/build/Build/Products/Debug-iphonesimulator/PackageFrameworks -F /Users/j/Documents/GitHub/MoneroOne/build/Build/Products/Debug-iphonesimulator/PackageFrameworks -F /Users/j/Documents/GitHub/MoneroOne/build/Build/Products/Debug-iphonesimulator -F /Applications/Xcode.app/Contents/Developer/Platforms/iPhoneSimulator.platform/Developer/Library/Frameworks -F /Applications/Xcode.app/Contents/Developer/Platforms/iPhoneSimulator.platform/Developer/SDKs/iPhoneSimulator26.1.sdk/Developer/Library/Frameworks -c -j12 -enable-batch-mode -incremental -Xcc -ivfsstatcache -Xcc /Users/j/Documents/GitHub/MoneroOne/build/SDKStatCaches.noindex/iphonesimulator26.1-23B77-90cf18a4295e390e64c810bc6bd7acbc.sdkstatcache -output-file-map /Users/j/Documents/GitHub/MoneroOne/build/Build/Intermediates.noindex/swift-nio.build/Debug-iphonesimulator/NIOFoundationCompat.build/Objects-normal/arm64/NIOFoundationCompat-OutputFileMap.json -use-frontend-parseable-output -save-temps -no-color-diagnostics -explicit-module-build -module-cache-path /Users/j/Documents/GitHub/MoneroOne/build/Build/Intermediates.noindex/SwiftExplicitPrecompiledModules -clang-scanner-module-cache-path /Users/j/Documents/GitHub/MoneroOne/build/ModuleCache.noindex -sdk-module-cache-path /Users/j/Documents/GitHub/MoneroOne/build/ModuleCache.noindex -serialize-diagnostics -emit-dependencies -emit-module -emit-module-path /Users/j/Documents/GitHub/MoneroOne/build/Build/Intermediates.noindex/swift-nio.build/Debug-iphonesimulator/NIOFoundationCompat.build/Objects-normal/arm64/NIOFoundationCompat.swiftmodule -user-module-version 2.92.2 -validate-clang-modules-once -clang-build-session-file /Users/j/Documents/GitHub/MoneroOne/build/ModuleCache.noindex/Session.modulevalidation -package-name swift_nio -Xcc -I/Users/j/Documents/GitHub/MoneroOne/build/Build/Intermediates.noindex/swift-nio.build/Debug-iphonesimulator/NIOFoundationCompat.build/swift-overrides.hmap -emit-const-values -Xfrontend -const-gather-protocols-file -Xfrontend /Users/j/Documents/GitHub/MoneroOne/build/Build/Intermediates.noindex/swift-nio.build/Debug-iphonesimulator/NIOFoundationCompat.build/Objects-normal/arm64/NIOFoundationCompat_const_extract_protocols.json -Xcc -I/Users/j/Documents/GitHub/MoneroOne/build/SourcePackages/checkouts/swift-atomics/Sources/_AtomicsShims/include -Xcc -I/Users/j/Documents/GitHub/MoneroOne/build/SourcePackages/checkouts/swift-nio/Sources/CNIOPosix/include -Xcc -I/Users/j/Documents/GitHub/MoneroOne/build/SourcePackages/checkouts/swift-nio/Sources/CNIOWASI/include -Xcc -I/Users/j/Documents/GitHub/MoneroOne/build/SourcePackages/checkouts/swift-nio/Sources/CNIOWindows/include -Xcc -I/Users/j/Documents/GitHub/MoneroOne/build/SourcePackages/checkouts/swift-nio/Sources/CNIOLinux/include -Xcc -I/Users/j/Documents/GitHub/MoneroOne/build/SourcePackages/checkouts/swift-nio/Sources/CNIODarwin/include -Xcc -I/Users/j/Documents/GitHub/MoneroOne/build/SourcePackages/checkouts/swift-nio/Sources/CNIOOpenBSD/include -Xcc -I/Users/j/Documents/GitHub/MoneroOne/build/SourcePackages/checkouts/swift-nio/Sources/CNIOAtomics/include -Xcc -I/Users/j/Documents/GitHub/MoneroOne/build/Build/Products/Debug-iphonesimulator/include -Xcc -I/Users/j/Documents/GitHub/MoneroOne/build/Build/Intermediates.noindex/swift-nio.build/Debug-iphonesimulator/NIOFoundationCompat.build/DerivedSources-normal/arm64 -Xcc -I/Users/j/Documents/GitHub/MoneroOne/build/Build/Intermediates.noindex/swift-nio.build/Debug-iphonesimulator/NIOFoundationCompat.build/DerivedSources/arm64 -Xcc -I/Users/j/Documents/GitHub/MoneroOne/build/Build/Intermediates.noindex/swift-nio.build/Debug-iphonesimulator/NIOFoundationCompat.build/DerivedSources -Xcc -DSWIFT_PACKAGE -Xcc -DDEBUG\=1 -emit-objc-header -emit-objc-header-path /Users/j/Documents/GitHub/MoneroOne/build/Build/Intermediates.noindex/swift-nio.build/Debug-iphonesimulator/NIOFoundationCompat.build/Objects-normal/arm64/NIOFoundationCompat-Swift.h -working-directory /Users/j/Documents/GitHub/MoneroOne/MoneroOne.xcodeproj -experimental-emit-module-separately -disable-cmo

SwiftDriverJobDiscovery normal arm64 Compiling SNIHandler.swift (in target 'NIOTLS' from project 'swift-nio')

SwiftMergeGeneratedHeaders /Users/j/Documents/GitHub/MoneroOne/build/Build/Intermediates.noindex/GeneratedModuleMaps-iphonesimulator/NIOFoundationCompat-Swift.h /Users/j/Documents/GitHub/MoneroOne/build/Build/Intermediates.noindex/swift-nio.build/Debug-iphonesimulator/NIOFoundationCompat.build/Objects-normal/arm64/NIOFoundationCompat-Swift.h (in target 'NIOFoundationCompat' from project 'swift-nio')
    cd /Users/j/Documents/GitHub/MoneroOne/build/SourcePackages/checkouts/swift-nio
    builtin-swiftHeaderTool -arch arm64 /Users/j/Documents/GitHub/MoneroOne/build/Build/Intermediates.noindex/swift-nio.build/Debug-iphonesimulator/NIOFoundationCompat.build/Objects-normal/arm64/NIOFoundationCompat-Swift.h -o /Users/j/Documents/GitHub/MoneroOne/build/Build/Intermediates.noindex/GeneratedModuleMaps-iphonesimulator/NIOFoundationCompat-Swift.h

Copy /Users/j/Documents/GitHub/MoneroOne/build/Build/Products/Debug-iphonesimulator/NIOFoundationCompat.swiftmodule/arm64-apple-ios-simulator.swiftmodule /Users/j/Documents/GitHub/MoneroOne/build/Build/Intermediates.noindex/swift-nio.build/Debug-iphonesimulator/NIOFoundationCompat.build/Objects-normal/arm64/NIOFoundationCompat.swiftmodule (in target 'NIOFoundationCompat' from project 'swift-nio')
    cd /Users/j/Documents/GitHub/MoneroOne/build/SourcePackages/checkouts/swift-nio
    builtin-copy -exclude .DS_Store -exclude CVS -exclude .svn -exclude .git -exclude .hg -resolve-src-symlinks -rename /Users/j/Documents/GitHub/MoneroOne/build/Build/Intermediates.noindex/swift-nio.build/Debug-iphonesimulator/NIOFoundationCompat.build/Objects-normal/arm64/NIOFoundationCompat.swiftmodule /Users/j/Documents/GitHub/MoneroOne/build/Build/Products/Debug-iphonesimulator/NIOFoundationCompat.swiftmodule/arm64-apple-ios-simulator.swiftmodule

SwiftDriverJobDiscovery normal arm64 Compiling NIOTypedHTTPServerUpgradeHandler.swift (in target 'NIOHTTP1' from project 'swift-nio')

Copy /Users/j/Documents/GitHub/MoneroOne/build/Build/Products/Debug-iphonesimulator/NIOFoundationCompat.swiftmodule/arm64-apple-ios-simulator.swiftdoc /Users/j/Documents/GitHub/MoneroOne/build/Build/Intermediates.noindex/swift-nio.build/Debug-iphonesimulator/NIOFoundationCompat.build/Objects-normal/arm64/NIOFoundationCompat.swiftdoc (in target 'NIOFoundationCompat' from project 'swift-nio')
    cd /Users/j/Documents/GitHub/MoneroOne/build/SourcePackages/checkouts/swift-nio
    builtin-copy -exclude .DS_Store -exclude CVS -exclude .svn -exclude .git -exclude .hg -resolve-src-symlinks -rename /Users/j/Documents/GitHub/MoneroOne/build/Build/Intermediates.noindex/swift-nio.build/Debug-iphonesimulator/NIOFoundationCompat.build/Objects-normal/arm64/NIOFoundationCompat.swiftdoc /Users/j/Documents/GitHub/MoneroOne/build/Build/Products/Debug-iphonesimulator/NIOFoundationCompat.swiftmodule/arm64-apple-ios-simulator.swiftdoc

Copy /Users/j/Documents/GitHub/MoneroOne/build/Build/Products/Debug-iphonesimulator/NIOFoundationCompat.swiftmodule/arm64-apple-ios-simulator.abi.json /Users/j/Documents/GitHub/MoneroOne/build/Build/Intermediates.noindex/swift-nio.build/Debug-iphonesimulator/NIOFoundationCompat.build/Objects-normal/arm64/NIOFoundationCompat.abi.json (in target 'NIOFoundationCompat' from project 'swift-nio')
    cd /Users/j/Documents/GitHub/MoneroOne/build/SourcePackages/checkouts/swift-nio
    builtin-copy -exclude .DS_Store -exclude CVS -exclude .svn -exclude .git -exclude .hg -resolve-src-symlinks -rename /Users/j/Documents/GitHub/MoneroOne/build/Build/Intermediates.noindex/swift-nio.build/Debug-iphonesimulator/NIOFoundationCompat.build/Objects-normal/arm64/NIOFoundationCompat.abi.json /Users/j/Documents/GitHub/MoneroOne/build/Build/Products/Debug-iphonesimulator/NIOFoundationCompat.swiftmodule/arm64-apple-ios-simulator.abi.json

Copy /Users/j/Documents/GitHub/MoneroOne/build/Build/Products/Debug-iphonesimulator/NIOFoundationCompat.swiftmodule/Project/arm64-apple-ios-simulator.swiftsourceinfo /Users/j/Documents/GitHub/MoneroOne/build/Build/Intermediates.noindex/swift-nio.build/Debug-iphonesimulator/NIOFoundationCompat.build/Objects-normal/arm64/NIOFoundationCompat.swiftsourceinfo (in target 'NIOFoundationCompat' from project 'swift-nio')
    cd /Users/j/Documents/GitHub/MoneroOne/build/SourcePackages/checkouts/swift-nio
    builtin-copy -exclude .DS_Store -exclude CVS -exclude .svn -exclude .git -exclude .hg -resolve-src-symlinks -rename /Users/j/Documents/GitHub/MoneroOne/build/Build/Intermediates.noindex/swift-nio.build/Debug-iphonesimulator/NIOFoundationCompat.build/Objects-normal/arm64/NIOFoundationCompat.swiftsourceinfo /Users/j/Documents/GitHub/MoneroOne/build/Build/Products/Debug-iphonesimulator/NIOFoundationCompat.swiftmodule/Project/arm64-apple-ios-simulator.swiftsourceinfo

SwiftDriver\ Compilation NIOTLS normal arm64 com.apple.xcode.tools.swift.compiler (in target 'NIOTLS' from project 'swift-nio')
    cd /Users/j/Documents/GitHub/MoneroOne/MoneroOne.xcodeproj
    builtin-Swift-Compilation -- /Applications/Xcode.app/Contents/Developer/Toolchains/XcodeDefault.xctoolchain/usr/bin/swiftc -module-name NIOTLS -Onone -enforce-exclusivity\=checked @/Users/j/Documents/GitHub/MoneroOne/build/Build/Intermediates.noindex/swift-nio.build/Debug-iphonesimulator/NIOTLS.build/Objects-normal/arm64/NIOTLS.SwiftFileList -DSWIFT_PACKAGE -DDEBUG -DSWIFT_MODULE_RESOURCE_BUNDLE_UNAVAILABLE -Xcc -fmodule-map-file\=/Users/j/Documents/GitHub/MoneroOne/build/Build/Intermediates.noindex/GeneratedModuleMaps-iphonesimulator/CNIOPosix.modulemap -Xcc -fmodule-map-file\=/Users/j/Documents/GitHub/MoneroOne/build/Build/Intermediates.noindex/GeneratedModuleMaps-iphonesimulator/CNIOWASI.modulemap -Xcc -fmodule-map-file\=/Users/j/Documents/GitHub/MoneroOne/build/Build/Intermediates.noindex/GeneratedModuleMaps-iphonesimulator/CNIOLinux.modulemap -Xcc -fmodule-map-file\=/Users/j/Documents/GitHub/MoneroOne/build/Build/Intermediates.noindex/GeneratedModuleMaps-iphonesimulator/CNIODarwin.modulemap -Xcc -fmodule-map-file\=/Users/j/Documents/GitHub/MoneroOne/build/Build/Intermediates.noindex/GeneratedModuleMaps-iphonesimulator/CNIOOpenBSD.modulemap -Xcc -fmodule-map-file\=/Users/j/Documents/GitHub/MoneroOne/build/Build/Intermediates.noindex/GeneratedModuleMaps-iphonesimulator/CNIOAtomics.modulemap -DXcode -enable-experimental-feature Lifetimes -enable-upcoming-feature MemberImportVisibility -plugin-path /Applications/Xcode.app/Contents/Developer/Toolchains/XcodeDefault.xctoolchain/usr/lib/swift/host/plugins/testing -enable-experimental-feature DebugDescriptionMacro -sdk /Applications/Xcode.app/Contents/Developer/Platforms/iPhoneSimulator.platform/Developer/SDKs/iPhoneSimulator26.1.sdk -target arm64-apple-ios12.0-simulator -g -module-cache-path /Users/j/Documents/GitHub/MoneroOne/build/ModuleCache.noindex -Xfrontend -serialize-debugging-options -enable-testing -suppress-warnings -index-store-path /Users/j/Documents/GitHub/MoneroOne/build/Index.noindex/DataStore -Xcc -D_LIBCPP_HARDENING_MODE\=_LIBCPP_HARDENING_MODE_DEBUG -swift-version 6 -I /Users/j/Documents/GitHub/MoneroOne/build/Build/Products/Debug-iphonesimulator -Isystem /Applications/Xcode.app/Contents/Developer/Platforms/iPhoneSimulator.platform/Developer/usr/lib -F /Users/j/Documents/GitHub/MoneroOne/build/Build/Products/Debug-iphonesimulator/PackageFrameworks -F /Users/j/Documents/GitHub/MoneroOne/build/Build/Products/Debug-iphonesimulator/PackageFrameworks -F /Users/j/Documents/GitHub/MoneroOne/build/Build/Products/Debug-iphonesimulator/PackageFrameworks -F /Users/j/Documents/GitHub/MoneroOne/build/Build/Products/Debug-iphonesimulator/PackageFrameworks -F /Users/j/Documents/GitHub/MoneroOne/build/Build/Products/Debug-iphonesimulator/PackageFrameworks -F /Users/j/Documents/GitHub/MoneroOne/build/Build/Products/Debug-iphonesimulator/PackageFrameworks -F /Users/j/Documents/GitHub/MoneroOne/build/Build/Products/Debug-iphonesimulator/PackageFrameworks -F /Users/j/Documents/GitHub/MoneroOne/build/Build/Products/Debug-iphonesimulator/PackageFrameworks -F /Users/j/Documents/GitHub/MoneroOne/build/Build/Products/Debug-iphonesimulator/PackageFrameworks -F /Users/j/Documents/GitHub/MoneroOne/build/Build/Products/Debug-iphonesimulator/PackageFrameworks -F /Users/j/Documents/GitHub/MoneroOne/build/Build/Products/Debug-iphonesimulator/PackageFrameworks -F /Users/j/Documents/GitHub/MoneroOne/build/Build/Products/Debug-iphonesimulator/PackageFrameworks -F /Users/j/Documents/GitHub/MoneroOne/build/Build/Products/Debug-iphonesimulator/PackageFrameworks -F /Users/j/Documents/GitHub/MoneroOne/build/Build/Products/Debug-iphonesimulator/PackageFrameworks -F /Users/j/Documents/GitHub/MoneroOne/build/Build/Products/Debug-iphonesimulator/PackageFrameworks -F /Users/j/Documents/GitHub/MoneroOne/build/Build/Products/Debug-iphonesimulator/PackageFrameworks -F /Users/j/Documents/GitHub/MoneroOne/build/Build/Products/Debug-iphonesimulator/PackageFrameworks -F /Users/j/Documents/GitHub/MoneroOne/build/Build/Products/Debug-iphonesimulator/PackageFrameworks -F /Users/j/Documents/GitHub/MoneroOne/build/Build/Products/Debug-iphonesimulator -F /Applications/Xcode.app/Contents/Developer/Platforms/iPhoneSimulator.platform/Developer/Library/Frameworks -F /Applications/Xcode.app/Contents/Developer/Platforms/iPhoneSimulator.platform/Developer/SDKs/iPhoneSimulator26.1.sdk/Developer/Library/Frameworks -c -j12 -enable-batch-mode -incremental -Xcc -ivfsstatcache -Xcc /Users/j/Documents/GitHub/MoneroOne/build/SDKStatCaches.noindex/iphonesimulator26.1-23B77-90cf18a4295e390e64c810bc6bd7acbc.sdkstatcache -output-file-map /Users/j/Documents/GitHub/MoneroOne/build/Build/Intermediates.noindex/swift-nio.build/Debug-iphonesimulator/NIOTLS.build/Objects-normal/arm64/NIOTLS-OutputFileMap.json -use-frontend-parseable-output -save-temps -no-color-diagnostics -explicit-module-build -module-cache-path /Users/j/Documents/GitHub/MoneroOne/build/Build/Intermediates.noindex/SwiftExplicitPrecompiledModules -clang-scanner-module-cache-path /Users/j/Documents/GitHub/MoneroOne/build/ModuleCache.noindex -sdk-module-cache-path /Users/j/Documents/GitHub/MoneroOne/build/ModuleCache.noindex -serialize-diagnostics -emit-dependencies -emit-module -emit-module-path /Users/j/Documents/GitHub/MoneroOne/build/Build/Intermediates.noindex/swift-nio.build/Debug-iphonesimulator/NIOTLS.build/Objects-normal/arm64/NIOTLS.swiftmodule -user-module-version 2.92.2 -validate-clang-modules-once -clang-build-session-file /Users/j/Documents/GitHub/MoneroOne/build/ModuleCache.noindex/Session.modulevalidation -package-name swift_nio -Xcc -I/Users/j/Documents/GitHub/MoneroOne/build/Build/Intermediates.noindex/swift-nio.build/Debug-iphonesimulator/NIOTLS.build/swift-overrides.hmap -emit-const-values -Xfrontend -const-gather-protocols-file -Xfrontend /Users/j/Documents/GitHub/MoneroOne/build/Build/Intermediates.noindex/swift-nio.build/Debug-iphonesimulator/NIOTLS.build/Objects-normal/arm64/NIOTLS_const_extract_protocols.json -Xcc -I/Users/j/Documents/GitHub/MoneroOne/build/SourcePackages/checkouts/swift-atomics/Sources/_AtomicsShims/include -Xcc -I/Users/j/Documents/GitHub/MoneroOne/build/SourcePackages/checkouts/swift-nio/Sources/CNIOPosix/include -Xcc -I/Users/j/Documents/GitHub/MoneroOne/build/SourcePackages/checkouts/swift-nio/Sources/CNIOWASI/include -Xcc -I/Users/j/Documents/GitHub/MoneroOne/build/SourcePackages/checkouts/swift-nio/Sources/CNIOWindows/include -Xcc -I/Users/j/Documents/GitHub/MoneroOne/build/SourcePackages/checkouts/swift-nio/Sources/CNIOLinux/include -Xcc -I/Users/j/Documents/GitHub/MoneroOne/build/SourcePackages/checkouts/swift-nio/Sources/CNIODarwin/include -Xcc -I/Users/j/Documents/GitHub/MoneroOne/build/SourcePackages/checkouts/swift-nio/Sources/CNIOOpenBSD/include -Xcc -I/Users/j/Documents/GitHub/MoneroOne/build/SourcePackages/checkouts/swift-nio/Sources/CNIOAtomics/include -Xcc -I/Users/j/Documents/GitHub/MoneroOne/build/Build/Products/Debug-iphonesimulator/include -Xcc -I/Users/j/Documents/GitHub/MoneroOne/build/Build/Intermediates.noindex/swift-nio.build/Debug-iphonesimulator/NIOTLS.build/DerivedSources-normal/arm64 -Xcc -I/Users/j/Documents/GitHub/MoneroOne/build/Build/Intermediates.noindex/swift-nio.build/Debug-iphonesimulator/NIOTLS.build/DerivedSources/arm64 -Xcc -I/Users/j/Documents/GitHub/MoneroOne/build/Build/Intermediates.noindex/swift-nio.build/Debug-iphonesimulator/NIOTLS.build/DerivedSources -Xcc -DSWIFT_PACKAGE -Xcc -DDEBUG\=1 -emit-objc-header -emit-objc-header-path /Users/j/Documents/GitHub/MoneroOne/build/Build/Intermediates.noindex/swift-nio.build/Debug-iphonesimulator/NIOTLS.build/Objects-normal/arm64/NIOTLS-Swift.h -working-directory /Users/j/Documents/GitHub/MoneroOne/MoneroOne.xcodeproj -experimental-emit-module-separately -disable-cmo

SwiftCompile normal arm64 Compiling\ NIOTypedHTTPClientUpgradeHandler.swift /Users/j/Documents/GitHub/MoneroOne/build/SourcePackages/checkouts/swift-nio/Sources/NIOHTTP1/NIOTypedHTTPClientUpgradeHandler.swift (in target 'NIOHTTP1' from project 'swift-nio')

SwiftCompile normal arm64 /Users/j/Documents/GitHub/MoneroOne/build/SourcePackages/checkouts/swift-nio/Sources/NIOHTTP1/NIOTypedHTTPClientUpgradeHandler.swift (in target 'NIOHTTP1' from project 'swift-nio')
    cd /Users/j/Documents/GitHub/MoneroOne/MoneroOne.xcodeproj
    

SwiftCompile normal arm64 Compiling\ ByteCollectionUtils.swift,\ HTTPDecoder.swift /Users/j/Documents/GitHub/MoneroOne/build/SourcePackages/checkouts/swift-nio/Sources/NIOHTTP1/ByteCollectionUtils.swift /Users/j/Documents/GitHub/MoneroOne/build/SourcePackages/checkouts/swift-nio/Sources/NIOHTTP1/HTTPDecoder.swift (in target 'NIOHTTP1' from project 'swift-nio')

SwiftCompile normal arm64 /Users/j/Documents/GitHub/MoneroOne/build/SourcePackages/checkouts/swift-nio/Sources/NIOHTTP1/ByteCollectionUtils.swift (in target 'NIOHTTP1' from project 'swift-nio')
    cd /Users/j/Documents/GitHub/MoneroOne/MoneroOne.xcodeproj
    

SwiftCompile normal arm64 /Users/j/Documents/GitHub/MoneroOne/build/SourcePackages/checkouts/swift-nio/Sources/NIOHTTP1/HTTPDecoder.swift (in target 'NIOHTTP1' from project 'swift-nio')
    cd /Users/j/Documents/GitHub/MoneroOne/MoneroOne.xcodeproj
    

SwiftDriverJobDiscovery normal arm64 Compiling NIOTypedHTTPClientUpgraderStateMachine.swift (in target 'NIOHTTP1' from project 'swift-nio')

SwiftCompile normal arm64 Compiling\ HTTPEncoder.swift,\ HTTPHeaderValidator.swift /Users/j/Documents/GitHub/MoneroOne/build/SourcePackages/checkouts/swift-nio/Sources/NIOHTTP1/HTTPEncoder.swift /Users/j/Documents/GitHub/MoneroOne/build/SourcePackages/checkouts/swift-nio/Sources/NIOHTTP1/HTTPHeaderValidator.swift (in target 'NIOHTTP1' from project 'swift-nio')

SwiftCompile normal arm64 /Users/j/Documents/GitHub/MoneroOne/build/SourcePackages/checkouts/swift-nio/Sources/NIOHTTP1/HTTPEncoder.swift (in target 'NIOHTTP1' from project 'swift-nio')
    cd /Users/j/Documents/GitHub/MoneroOne/MoneroOne.xcodeproj
    

SwiftCompile normal arm64 /Users/j/Documents/GitHub/MoneroOne/build/SourcePackages/checkouts/swift-nio/Sources/NIOHTTP1/HTTPHeaderValidator.swift (in target 'NIOHTTP1' from project 'swift-nio')
    cd /Users/j/Documents/GitHub/MoneroOne/MoneroOne.xcodeproj
    

SwiftCompile normal arm64 Compiling\ NIOHTTPClientUpgradeHandler.swift /Users/j/Documents/GitHub/MoneroOne/build/SourcePackages/checkouts/swift-nio/Sources/NIOHTTP1/NIOHTTPClientUpgradeHandler.swift (in target 'NIOHTTP1' from project 'swift-nio')

SwiftCompile normal arm64 /Users/j/Documents/GitHub/MoneroOne/build/SourcePackages/checkouts/swift-nio/Sources/NIOHTTP1/NIOHTTPClientUpgradeHandler.swift (in target 'NIOHTTP1' from project 'swift-nio')
    cd /Users/j/Documents/GitHub/MoneroOne/MoneroOne.xcodeproj
    

SwiftDriverJobDiscovery normal arm64 Compiling NIOTypedHTTPServerUpgraderStateMachine.swift (in target 'NIOHTTP1' from project 'swift-nio')

SwiftDriverJobDiscovery normal arm64 Compiling NIOHTTPObjectAggregator.swift (in target 'NIOHTTP1' from project 'swift-nio')

SwiftDriverJobDiscovery normal arm64 Compiling HTTPHeaders+Validation.swift, HTTPPipelineSetup.swift (in target 'NIOHTTP1' from project 'swift-nio')

SwiftDriver NIOSSL normal arm64 com.apple.xcode.tools.swift.compiler (in target 'NIOSSL' from project 'swift-nio-ssl')
    cd /Users/j/Documents/GitHub/MoneroOne/MoneroOne.xcodeproj
    builtin-SwiftDriver -- /Applications/Xcode.app/Contents/Developer/Toolchains/XcodeDefault.xctoolchain/usr/bin/swiftc -module-name NIOSSL -Onone -enforce-exclusivity\=checked @/Users/j/Documents/GitHub/MoneroOne/build/Build/Intermediates.noindex/swift-nio-ssl.build/Debug-iphonesimulator/NIOSSL.build/Objects-normal/arm64/NIOSSL.SwiftFileList -DSWIFT_PACKAGE -DDEBUG -DSWIFT_MODULE_RESOURCE_BUNDLE_AVAILABLE -Xcc -fmodule-map-file\=/Users/j/Documents/GitHub/MoneroOne/build/Build/Intermediates.noindex/GeneratedModuleMaps-iphonesimulator/CNIOPosix.modulemap -Xcc -fmodule-map-file\=/Users/j/Documents/GitHub/MoneroOne/build/Build/Intermediates.noindex/GeneratedModuleMaps-iphonesimulator/CNIOWASI.modulemap -Xcc -fmodule-map-file\=/Users/j/Documents/GitHub/MoneroOne/build/Build/Intermediates.noindex/GeneratedModuleMaps-iphonesimulator/CNIOLinux.modulemap -Xcc -fmodule-map-file\=/Users/j/Documents/GitHub/MoneroOne/build/Build/Intermediates.noindex/GeneratedModuleMaps-iphonesimulator/CNIODarwin.modulemap -Xcc -fmodule-map-file\=/Users/j/Documents/GitHub/MoneroOne/build/Build/Intermediates.noindex/GeneratedModuleMaps-iphonesimulator/CNIOOpenBSD.modulemap -Xcc -fmodule-map-file\=/Users/j/Documents/GitHub/MoneroOne/build/Build/Intermediates.noindex/GeneratedModuleMaps-iphonesimulator/CNIOAtomics.modulemap -Xcc -fmodule-map-file\=/Users/j/Documents/GitHub/MoneroOne/build/Build/Intermediates.noindex/GeneratedModuleMaps-iphonesimulator/CNIOBoringSSLShims.modulemap -DXcode -enable-upcoming-feature MemberImportVisibility -plugin-path /Applications/Xcode.app/Contents/Developer/Toolchains/XcodeDefault.xctoolchain/usr/lib/swift/host/plugins/testing -enable-experimental-feature DebugDescriptionMacro -sdk /Applications/Xcode.app/Contents/Developer/Platforms/iPhoneSimulator.platform/Developer/SDKs/iPhoneSimulator26.1.sdk -target arm64-apple-ios12.0-simulator -g -module-cache-path /Users/j/Documents/GitHub/MoneroOne/build/ModuleCache.noindex -Xfrontend -serialize-debugging-options -enable-testing -suppress-warnings -index-store-path /Users/j/Documents/GitHub/MoneroOne/build/Index.noindex/DataStore -Xcc -D_LIBCPP_HARDENING_MODE\=_LIBCPP_HARDENING_MODE_DEBUG -swift-version 6 -I /Users/j/Documents/GitHub/MoneroOne/build/Build/Products/Debug-iphonesimulator -Isystem /Applications/Xcode.app/Contents/Developer/Platforms/iPhoneSimulator.platform/Developer/usr/lib -F /Users/j/Documents/GitHub/MoneroOne/build/Build/Products/Debug-iphonesimulator/PackageFrameworks -F /Users/j/Documents/GitHub/MoneroOne/build/Build/Products/Debug-iphonesimulator/PackageFrameworks -F /Users/j/Documents/GitHub/MoneroOne/build/Build/Products/Debug-iphonesimulator/PackageFrameworks -F /Users/j/Documents/GitHub/MoneroOne/build/Build/Products/Debug-iphonesimulator/PackageFrameworks -F /Users/j/Documents/GitHub/MoneroOne/build/Build/Products/Debug-iphonesimulator/PackageFrameworks -F /Users/j/Documents/GitHub/MoneroOne/build/Build/Products/Debug-iphonesimulator/PackageFrameworks -F /Users/j/Documents/GitHub/MoneroOne/build/Build/Products/Debug-iphonesimulator/PackageFrameworks -F /Users/j/Documents/GitHub/MoneroOne/build/Build/Products/Debug-iphonesimulator/PackageFrameworks -F /Users/j/Documents/GitHub/MoneroOne/build/Build/Products/Debug-iphonesimulator/PackageFrameworks -F /Users/j/Documents/GitHub/MoneroOne/build/Build/Products/Debug-iphonesimulator/PackageFrameworks -F /Users/j/Documents/GitHub/MoneroOne/build/Build/Products/Debug-iphonesimulator/PackageFrameworks -F /Users/j/Documents/GitHub/MoneroOne/build/Build/Products/Debug-iphonesimulator/PackageFrameworks -F /Users/j/Documents/GitHub/MoneroOne/build/Build/Products/Debug-iphonesimulator/PackageFrameworks -F /Users/j/Documents/GitHub/MoneroOne/build/Build/Products/Debug-iphonesimulator/PackageFrameworks -F /Users/j/Documents/GitHub/MoneroOne/build/Build/Products/Debug-iphonesimulator/PackageFrameworks -F /Users/j/Documents/GitHub/MoneroOne/build/Build/Products/Debug-iphonesimulator/PackageFrameworks -F /Users/j/Documents/GitHub/MoneroOne/build/Build/Products/Debug-iphonesimulator/PackageFrameworks -F /Users/j/Documents/GitHub/MoneroOne/build/Build/Products/Debug-iphonesimulator/PackageFrameworks -F /Users/j/Documents/GitHub/MoneroOne/build/Build/Products/Debug-iphonesimulator/PackageFrameworks -F /Users/j/Documents/GitHub/MoneroOne/build/Build/Products/Debug-iphonesimulator/PackageFrameworks -F /Users/j/Documents/GitHub/MoneroOne/build/Build/Products/Debug-iphonesimulator/PackageFrameworks -F /Users/j/Documents/GitHub/MoneroOne/build/Build/Products/Debug-iphonesimulator -F /Applications/Xcode.app/Contents/Developer/Platforms/iPhoneSimulator.platform/Developer/Library/Frameworks -F /Applications/Xcode.app/Contents/Developer/Platforms/iPhoneSimulator.platform/Developer/SDKs/iPhoneSimulator26.1.sdk/Developer/Library/Frameworks -c -j12 -enable-batch-mode -incremental -Xcc -ivfsstatcache -Xcc /Users/j/Documents/GitHub/MoneroOne/build/SDKStatCaches.noindex/iphonesimulator26.1-23B77-90cf18a4295e390e64c810bc6bd7acbc.sdkstatcache -output-file-map /Users/j/Documents/GitHub/MoneroOne/build/Build/Intermediates.noindex/swift-nio-ssl.build/Debug-iphonesimulator/NIOSSL.build/Objects-normal/arm64/NIOSSL-OutputFileMap.json -use-frontend-parseable-output -save-temps -no-color-diagnostics -explicit-module-build -module-cache-path /Users/j/Documents/GitHub/MoneroOne/build/Build/Intermediates.noindex/SwiftExplicitPrecompiledModules -clang-scanner-module-cache-path /Users/j/Documents/GitHub/MoneroOne/build/ModuleCache.noindex -sdk-module-cache-path /Users/j/Documents/GitHub/MoneroOne/build/ModuleCache.noindex -serialize-diagnostics -emit-dependencies -emit-module -emit-module-path /Users/j/Documents/GitHub/MoneroOne/build/Build/Intermediates.noindex/swift-nio-ssl.build/Debug-iphonesimulator/NIOSSL.build/Objects-normal/arm64/NIOSSL.swiftmodule -user-module-version 2.36.0 -validate-clang-modules-once -clang-build-session-file /Users/j/Documents/GitHub/MoneroOne/build/ModuleCache.noindex/Session.modulevalidation -package-name swift_nio_ssl -Xcc -I/Users/j/Documents/GitHub/MoneroOne/build/Build/Intermediates.noindex/swift-nio-ssl.build/Debug-iphonesimulator/NIOSSL.build/swift-overrides.hmap -emit-const-values -Xfrontend -const-gather-protocols-file -Xfrontend /Users/j/Documents/GitHub/MoneroOne/build/Build/Intermediates.noindex/swift-nio-ssl.build/Debug-iphonesimulator/NIOSSL.build/Objects-normal/arm64/NIOSSL_const_extract_protocols.json -Xcc -I/Users/j/Documents/GitHub/MoneroOne/build/SourcePackages/checkouts/swift-atomics/Sources/_AtomicsShims/include -Xcc -I/Users/j/Documents/GitHub/MoneroOne/build/SourcePackages/checkouts/swift-nio/Sources/CNIOPosix/include -Xcc -I/Users/j/Documents/GitHub/MoneroOne/build/SourcePackages/checkouts/swift-nio/Sources/CNIOWASI/include -Xcc -I/Users/j/Documents/GitHub/MoneroOne/build/SourcePackages/checkouts/swift-nio/Sources/CNIOWindows/include -Xcc -I/Users/j/Documents/GitHub/MoneroOne/build/SourcePackages/checkouts/swift-nio/Sources/CNIOLinux/include -Xcc -I/Users/j/Documents/GitHub/MoneroOne/build/SourcePackages/checkouts/swift-nio/Sources/CNIODarwin/include -Xcc -I/Users/j/Documents/GitHub/MoneroOne/build/SourcePackages/checkouts/swift-nio/Sources/CNIOOpenBSD/include -Xcc -I/Users/j/Documents/GitHub/MoneroOne/build/SourcePackages/checkouts/swift-nio/Sources/CNIOAtomics/include -Xcc -I/Users/j/Documents/GitHub/MoneroOne/build/SourcePackages/checkouts/swift-nio-ssl/Sources/CNIOBoringSSLShims/include -Xcc -I/Users/j/Documents/GitHub/MoneroOne/build/SourcePackages/checkouts/swift-nio-ssl/Sources/CNIOBoringSSL/include -Xcc -I/Users/j/Documents/GitHub/MoneroOne/build/Build/Products/Debug-iphonesimulator/include -Xcc -I/Users/j/Documents/GitHub/MoneroOne/build/Build/Intermediates.noindex/swift-nio-ssl.build/Debug-iphonesimulator/NIOSSL.build/DerivedSources-normal/arm64 -Xcc -I/Users/j/Documents/GitHub/MoneroOne/build/Build/Intermediates.noindex/swift-nio-ssl.build/Debug-iphonesimulator/NIOSSL.build/DerivedSources/arm64 -Xcc -I/Users/j/Documents/GitHub/MoneroOne/build/Build/Intermediates.noindex/swift-nio-ssl.build/Debug-iphonesimulator/NIOSSL.build/DerivedSources -Xcc -DSWIFT_PACKAGE -Xcc -DDEBUG\=1 -emit-objc-header -emit-objc-header-path /Users/j/Documents/GitHub/MoneroOne/build/Build/Intermediates.noindex/swift-nio-ssl.build/Debug-iphonesimulator/NIOSSL.build/Objects-normal/arm64/NIOSSL-Swift.h -working-directory /Users/j/Documents/GitHub/MoneroOne/MoneroOne.xcodeproj -experimental-emit-module-separately -disable-cmo

SwiftDriverJobDiscovery normal arm64 Emitting module for NIOHTTP1 (in target 'NIOHTTP1' from project 'swift-nio')

SwiftDriver\ Compilation\ Requirements NIOHTTP1 normal arm64 com.apple.xcode.tools.swift.compiler (in target 'NIOHTTP1' from project 'swift-nio')
    cd /Users/j/Documents/GitHub/MoneroOne/MoneroOne.xcodeproj
    builtin-Swift-Compilation-Requirements -- /Applications/Xcode.app/Contents/Developer/Toolchains/XcodeDefault.xctoolchain/usr/bin/swiftc -module-name NIOHTTP1 -Onone -enforce-exclusivity\=checked @/Users/j/Documents/GitHub/MoneroOne/build/Build/Intermediates.noindex/swift-nio.build/Debug-iphonesimulator/NIOHTTP1.build/Objects-normal/arm64/NIOHTTP1.SwiftFileList -DSWIFT_PACKAGE -DDEBUG -DSWIFT_MODULE_RESOURCE_BUNDLE_UNAVAILABLE -Xcc -fmodule-map-file\=/Users/j/Documents/GitHub/MoneroOne/build/Build/Intermediates.noindex/GeneratedModuleMaps-iphonesimulator/CNIOLLHTTP.modulemap -Xcc -fmodule-map-file\=/Users/j/Documents/GitHub/MoneroOne/build/Build/Intermediates.noindex/GeneratedModuleMaps-iphonesimulator/CNIOPosix.modulemap -Xcc -fmodule-map-file\=/Users/j/Documents/GitHub/MoneroOne/build/Build/Intermediates.noindex/GeneratedModuleMaps-iphonesimulator/CNIOWASI.modulemap -Xcc -fmodule-map-file\=/Users/j/Documents/GitHub/MoneroOne/build/Build/Intermediates.noindex/GeneratedModuleMaps-iphonesimulator/CNIOLinux.modulemap -Xcc -fmodule-map-file\=/Users/j/Documents/GitHub/MoneroOne/build/Build/Intermediates.noindex/GeneratedModuleMaps-iphonesimulator/CNIODarwin.modulemap -Xcc -fmodule-map-file\=/Users/j/Documents/GitHub/MoneroOne/build/Build/Intermediates.noindex/GeneratedModuleMaps-iphonesimulator/CNIOOpenBSD.modulemap -Xcc -fmodule-map-file\=/Users/j/Documents/GitHub/MoneroOne/build/Build/Intermediates.noindex/GeneratedModuleMaps-iphonesimulator/CNIOAtomics.modulemap -DXcode -enable-experimental-feature Lifetimes -enable-upcoming-feature MemberImportVisibility -plugin-path /Applications/Xcode.app/Contents/Developer/Toolchains/XcodeDefault.xctoolchain/usr/lib/swift/host/plugins/testing -enable-experimental-feature DebugDescriptionMacro -sdk /Applications/Xcode.app/Contents/Developer/Platforms/iPhoneSimulator.platform/Developer/SDKs/iPhoneSimulator26.1.sdk -target arm64-apple-ios12.0-simulator -g -module-cache-path /Users/j/Documents/GitHub/MoneroOne/build/ModuleCache.noindex -Xfrontend -serialize-debugging-options -enable-testing -suppress-warnings -index-store-path /Users/j/Documents/GitHub/MoneroOne/build/Index.noindex/DataStore -Xcc -D_LIBCPP_HARDENING_MODE\=_LIBCPP_HARDENING_MODE_DEBUG -swift-version 6 -I /Users/j/Documents/GitHub/MoneroOne/build/Build/Products/Debug-iphonesimulator -Isystem /Applications/Xcode.app/Contents/Developer/Platforms/iPhoneSimulator.platform/Developer/usr/lib -F /Users/j/Documents/GitHub/MoneroOne/build/Build/Products/Debug-iphonesimulator/PackageFrameworks -F /Users/j/Documents/GitHub/MoneroOne/build/Build/Products/Debug-iphonesimulator/PackageFrameworks -F /Users/j/Documents/GitHub/MoneroOne/build/Build/Products/Debug-iphonesimulator/PackageFrameworks -F /Users/j/Documents/GitHub/MoneroOne/build/Build/Products/Debug-iphonesimulator/PackageFrameworks -F /Users/j/Documents/GitHub/MoneroOne/build/Build/Products/Debug-iphonesimulator/PackageFrameworks -F /Users/j/Documents/GitHub/MoneroOne/build/Build/Products/Debug-iphonesimulator/PackageFrameworks -F /Users/j/Documents/GitHub/MoneroOne/build/Build/Products/Debug-iphonesimulator/PackageFrameworks -F /Users/j/Documents/GitHub/MoneroOne/build/Build/Products/Debug-iphonesimulator/PackageFrameworks -F /Users/j/Documents/GitHub/MoneroOne/build/Build/Products/Debug-iphonesimulator/PackageFrameworks -F /Users/j/Documents/GitHub/MoneroOne/build/Build/Products/Debug-iphonesimulator/PackageFrameworks -F /Users/j/Documents/GitHub/MoneroOne/build/Build/Products/Debug-iphonesimulator/PackageFrameworks -F /Users/j/Documents/GitHub/MoneroOne/build/Build/Products/Debug-iphonesimulator/PackageFrameworks -F /Users/j/Documents/GitHub/MoneroOne/build/Build/Products/Debug-iphonesimulator/PackageFrameworks -F /Users/j/Documents/GitHub/MoneroOne/build/Build/Products/Debug-iphonesimulator/PackageFrameworks -F /Users/j/Documents/GitHub/MoneroOne/build/Build/Products/Debug-iphonesimulator/PackageFrameworks -F /Users/j/Documents/GitHub/MoneroOne/build/Build/Products/Debug-iphonesimulator/PackageFrameworks -F /Users/j/Documents/GitHub/MoneroOne/build/Build/Products/Debug-iphonesimulator/PackageFrameworks -F /Users/j/Documents/GitHub/MoneroOne/build/Build/Products/Debug-iphonesimulator/PackageFrameworks -F /Users/j/Documents/GitHub/MoneroOne/build/Build/Products/Debug-iphonesimulator/PackageFrameworks -F /Users/j/Documents/GitHub/MoneroOne/build/Build/Products/Debug-iphonesimulator -F /Applications/Xcode.app/Contents/Developer/Platforms/iPhoneSimulator.platform/Developer/Library/Frameworks -F /Applications/Xcode.app/Contents/Developer/Platforms/iPhoneSimulator.platform/Developer/SDKs/iPhoneSimulator26.1.sdk/Developer/Library/Frameworks -c -j12 -enable-batch-mode -incremental -Xcc -ivfsstatcache -Xcc /Users/j/Documents/GitHub/MoneroOne/build/SDKStatCaches.noindex/iphonesimulator26.1-23B77-90cf18a4295e390e64c810bc6bd7acbc.sdkstatcache -output-file-map /Users/j/Documents/GitHub/MoneroOne/build/Build/Intermediates.noindex/swift-nio.build/Debug-iphonesimulator/NIOHTTP1.build/Objects-normal/arm64/NIOHTTP1-OutputFileMap.json -use-frontend-parseable-output -save-temps -no-color-diagnostics -explicit-module-build -module-cache-path /Users/j/Documents/GitHub/MoneroOne/build/Build/Intermediates.noindex/SwiftExplicitPrecompiledModules -clang-scanner-module-cache-path /Users/j/Documents/GitHub/MoneroOne/build/ModuleCache.noindex -sdk-module-cache-path /Users/j/Documents/GitHub/MoneroOne/build/ModuleCache.noindex -serialize-diagnostics -emit-dependencies -emit-module -emit-module-path /Users/j/Documents/GitHub/MoneroOne/build/Build/Intermediates.noindex/swift-nio.build/Debug-iphonesimulator/NIOHTTP1.build/Objects-normal/arm64/NIOHTTP1.swiftmodule -user-module-version 2.92.2 -validate-clang-modules-once -clang-build-session-file /Users/j/Documents/GitHub/MoneroOne/build/ModuleCache.noindex/Session.modulevalidation -package-name swift_nio -Xcc -I/Users/j/Documents/GitHub/MoneroOne/build/Build/Intermediates.noindex/swift-nio.build/Debug-iphonesimulator/NIOHTTP1.build/swift-overrides.hmap -emit-const-values -Xfrontend -const-gather-protocols-file -Xfrontend /Users/j/Documents/GitHub/MoneroOne/build/Build/Intermediates.noindex/swift-nio.build/Debug-iphonesimulator/NIOHTTP1.build/Objects-normal/arm64/NIOHTTP1_const_extract_protocols.json -Xcc -I/Users/j/Documents/GitHub/MoneroOne/build/SourcePackages/checkouts/swift-atomics/Sources/_AtomicsShims/include -Xcc -I/Users/j/Documents/GitHub/MoneroOne/build/SourcePackages/checkouts/swift-nio/Sources/CNIOLLHTTP/include -Xcc -I/Users/j/Documents/GitHub/MoneroOne/build/SourcePackages/checkouts/swift-nio/Sources/CNIOPosix/include -Xcc -I/Users/j/Documents/GitHub/MoneroOne/build/SourcePackages/checkouts/swift-nio/Sources/CNIOWASI/include -Xcc -I/Users/j/Documents/GitHub/MoneroOne/build/SourcePackages/checkouts/swift-nio/Sources/CNIOWindows/include -Xcc -I/Users/j/Documents/GitHub/MoneroOne/build/SourcePackages/checkouts/swift-nio/Sources/CNIOLinux/include -Xcc -I/Users/j/Documents/GitHub/MoneroOne/build/SourcePackages/checkouts/swift-nio/Sources/CNIODarwin/include -Xcc -I/Users/j/Documents/GitHub/MoneroOne/build/SourcePackages/checkouts/swift-nio/Sources/CNIOOpenBSD/include -Xcc -I/Users/j/Documents/GitHub/MoneroOne/build/SourcePackages/checkouts/swift-nio/Sources/CNIOAtomics/include -Xcc -I/Users/j/Documents/GitHub/MoneroOne/build/Build/Products/Debug-iphonesimulator/include -Xcc -I/Users/j/Documents/GitHub/MoneroOne/build/Build/Intermediates.noindex/swift-nio.build/Debug-iphonesimulator/NIOHTTP1.build/DerivedSources-normal/arm64 -Xcc -I/Users/j/Documents/GitHub/MoneroOne/build/Build/Intermediates.noindex/swift-nio.build/Debug-iphonesimulator/NIOHTTP1.build/DerivedSources/arm64 -Xcc -I/Users/j/Documents/GitHub/MoneroOne/build/Build/Intermediates.noindex/swift-nio.build/Debug-iphonesimulator/NIOHTTP1.build/DerivedSources -Xcc -DSWIFT_PACKAGE -Xcc -DDEBUG\=1 -emit-objc-header -emit-objc-header-path /Users/j/Documents/GitHub/MoneroOne/build/Build/Intermediates.noindex/swift-nio.build/Debug-iphonesimulator/NIOHTTP1.build/Objects-normal/arm64/NIOHTTP1-Swift.h -working-directory /Users/j/Documents/GitHub/MoneroOne/MoneroOne.xcodeproj -experimental-emit-module-separately -disable-cmo

SwiftMergeGeneratedHeaders /Users/j/Documents/GitHub/MoneroOne/build/Build/Intermediates.noindex/GeneratedModuleMaps-iphonesimulator/NIOHTTP1-Swift.h /Users/j/Documents/GitHub/MoneroOne/build/Build/Intermediates.noindex/swift-nio.build/Debug-iphonesimulator/NIOHTTP1.build/Objects-normal/arm64/NIOHTTP1-Swift.h (in target 'NIOHTTP1' from project 'swift-nio')
    cd /Users/j/Documents/GitHub/MoneroOne/build/SourcePackages/checkouts/swift-nio
    builtin-swiftHeaderTool -arch arm64 /Users/j/Documents/GitHub/MoneroOne/build/Build/Intermediates.noindex/swift-nio.build/Debug-iphonesimulator/NIOHTTP1.build/Objects-normal/arm64/NIOHTTP1-Swift.h -o /Users/j/Documents/GitHub/MoneroOne/build/Build/Intermediates.noindex/GeneratedModuleMaps-iphonesimulator/NIOHTTP1-Swift.h

Copy /Users/j/Documents/GitHub/MoneroOne/build/Build/Products/Debug-iphonesimulator/NIOHTTP1.swiftmodule/arm64-apple-ios-simulator.swiftmodule /Users/j/Documents/GitHub/MoneroOne/build/Build/Intermediates.noindex/swift-nio.build/Debug-iphonesimulator/NIOHTTP1.build/Objects-normal/arm64/NIOHTTP1.swiftmodule (in target 'NIOHTTP1' from project 'swift-nio')
    cd /Users/j/Documents/GitHub/MoneroOne/build/SourcePackages/checkouts/swift-nio
    builtin-copy -exclude .DS_Store -exclude CVS -exclude .svn -exclude .git -exclude .hg -resolve-src-symlinks -rename /Users/j/Documents/GitHub/MoneroOne/build/Build/Intermediates.noindex/swift-nio.build/Debug-iphonesimulator/NIOHTTP1.build/Objects-normal/arm64/NIOHTTP1.swiftmodule /Users/j/Documents/GitHub/MoneroOne/build/Build/Products/Debug-iphonesimulator/NIOHTTP1.swiftmodule/arm64-apple-ios-simulator.swiftmodule

Copy /Users/j/Documents/GitHub/MoneroOne/build/Build/Products/Debug-iphonesimulator/NIOHTTP1.swiftmodule/arm64-apple-ios-simulator.swiftdoc /Users/j/Documents/GitHub/MoneroOne/build/Build/Intermediates.noindex/swift-nio.build/Debug-iphonesimulator/NIOHTTP1.build/Objects-normal/arm64/NIOHTTP1.swiftdoc (in target 'NIOHTTP1' from project 'swift-nio')
    cd /Users/j/Documents/GitHub/MoneroOne/build/SourcePackages/checkouts/swift-nio
    builtin-copy -exclude .DS_Store -exclude CVS -exclude .svn -exclude .git -exclude .hg -resolve-src-symlinks -rename /Users/j/Documents/GitHub/MoneroOne/build/Build/Intermediates.noindex/swift-nio.build/Debug-iphonesimulator/NIOHTTP1.build/Objects-normal/arm64/NIOHTTP1.swiftdoc /Users/j/Documents/GitHub/MoneroOne/build/Build/Products/Debug-iphonesimulator/NIOHTTP1.swiftmodule/arm64-apple-ios-simulator.swiftdoc

Copy /Users/j/Documents/GitHub/MoneroOne/build/Build/Products/Debug-iphonesimulator/NIOHTTP1.swiftmodule/arm64-apple-ios-simulator.abi.json /Users/j/Documents/GitHub/MoneroOne/build/Build/Intermediates.noindex/swift-nio.build/Debug-iphonesimulator/NIOHTTP1.build/Objects-normal/arm64/NIOHTTP1.abi.json (in target 'NIOHTTP1' from project 'swift-nio')
    cd /Users/j/Documents/GitHub/MoneroOne/build/SourcePackages/checkouts/swift-nio
    builtin-copy -exclude .DS_Store -exclude CVS -exclude .svn -exclude .git -exclude .hg -resolve-src-symlinks -rename /Users/j/Documents/GitHub/MoneroOne/build/Build/Intermediates.noindex/swift-nio.build/Debug-iphonesimulator/NIOHTTP1.build/Objects-normal/arm64/NIOHTTP1.abi.json /Users/j/Documents/GitHub/MoneroOne/build/Build/Products/Debug-iphonesimulator/NIOHTTP1.swiftmodule/arm64-apple-ios-simulator.abi.json

Copy /Users/j/Documents/GitHub/MoneroOne/build/Build/Products/Debug-iphonesimulator/NIOHTTP1.swiftmodule/Project/arm64-apple-ios-simulator.swiftsourceinfo /Users/j/Documents/GitHub/MoneroOne/build/Build/Intermediates.noindex/swift-nio.build/Debug-iphonesimulator/NIOHTTP1.build/Objects-normal/arm64/NIOHTTP1.swiftsourceinfo (in target 'NIOHTTP1' from project 'swift-nio')
    cd /Users/j/Documents/GitHub/MoneroOne/build/SourcePackages/checkouts/swift-nio
    builtin-copy -exclude .DS_Store -exclude CVS -exclude .svn -exclude .git -exclude .hg -resolve-src-symlinks -rename /Users/j/Documents/GitHub/MoneroOne/build/Build/Intermediates.noindex/swift-nio.build/Debug-iphonesimulator/NIOHTTP1.build/Objects-normal/arm64/NIOHTTP1.swiftsourceinfo /Users/j/Documents/GitHub/MoneroOne/build/Build/Products/Debug-iphonesimulator/NIOHTTP1.swiftmodule/Project/arm64-apple-ios-simulator.swiftsourceinfo

SwiftDriver NIOWebSocket normal arm64 com.apple.xcode.tools.swift.compiler (in target 'NIOWebSocket' from project 'swift-nio')
    cd /Users/j/Documents/GitHub/MoneroOne/MoneroOne.xcodeproj
    builtin-SwiftDriver -- /Applications/Xcode.app/Contents/Developer/Toolchains/XcodeDefault.xctoolchain/usr/bin/swiftc -module-name NIOWebSocket -Onone -enforce-exclusivity\=checked @/Users/j/Documents/GitHub/MoneroOne/build/Build/Intermediates.noindex/swift-nio.build/Debug-iphonesimulator/NIOWebSocket.build/Objects-normal/arm64/NIOWebSocket.SwiftFileList -DSWIFT_PACKAGE -DDEBUG -DSWIFT_MODULE_RESOURCE_BUNDLE_UNAVAILABLE -Xcc -fmodule-map-file\=/Users/j/Documents/GitHub/MoneroOne/build/Build/Intermediates.noindex/GeneratedModuleMaps-iphonesimulator/CNIOSHA1.modulemap -Xcc -fmodule-map-file\=/Users/j/Documents/GitHub/MoneroOne/build/Build/Intermediates.noindex/GeneratedModuleMaps-iphonesimulator/CNIOLLHTTP.modulemap -Xcc -fmodule-map-file\=/Users/j/Documents/GitHub/MoneroOne/build/Build/Intermediates.noindex/GeneratedModuleMaps-iphonesimulator/CNIOPosix.modulemap -Xcc -fmodule-map-file\=/Users/j/Documents/GitHub/MoneroOne/build/Build/Intermediates.noindex/GeneratedModuleMaps-iphonesimulator/CNIOWASI.modulemap -Xcc -fmodule-map-file\=/Users/j/Documents/GitHub/MoneroOne/build/Build/Intermediates.noindex/GeneratedModuleMaps-iphonesimulator/CNIOLinux.modulemap -Xcc -fmodule-map-file\=/Users/j/Documents/GitHub/MoneroOne/build/Build/Intermediates.noindex/GeneratedModuleMaps-iphonesimulator/CNIODarwin.modulemap -Xcc -fmodule-map-file\=/Users/j/Documents/GitHub/MoneroOne/build/Build/Intermediates.noindex/GeneratedModuleMaps-iphonesimulator/CNIOOpenBSD.modulemap -Xcc -fmodule-map-file\=/Users/j/Documents/GitHub/MoneroOne/build/Build/Intermediates.noindex/GeneratedModuleMaps-iphonesimulator/CNIOAtomics.modulemap -DXcode -enable-experimental-feature Lifetimes -enable-upcoming-feature MemberImportVisibility -plugin-path /Applications/Xcode.app/Contents/Developer/Toolchains/XcodeDefault.xctoolchain/usr/lib/swift/host/plugins/testing -enable-experimental-feature DebugDescriptionMacro -sdk /Applications/Xcode.app/Contents/Developer/Platforms/iPhoneSimulator.platform/Developer/SDKs/iPhoneSimulator26.1.sdk -target arm64-apple-ios12.0-simulator -g -module-cache-path /Users/j/Documents/GitHub/MoneroOne/build/ModuleCache.noindex -Xfrontend -serialize-debugging-options -enable-testing -suppress-warnings -index-store-path /Users/j/Documents/GitHub/MoneroOne/build/Index.noindex/DataStore -Xcc -D_LIBCPP_HARDENING_MODE\=_LIBCPP_HARDENING_MODE_DEBUG -swift-version 6 -I /Users/j/Documents/GitHub/MoneroOne/build/Build/Products/Debug-iphonesimulator -Isystem /Applications/Xcode.app/Contents/Developer/Platforms/iPhoneSimulator.platform/Developer/usr/lib -F /Users/j/Documents/GitHub/MoneroOne/build/Build/Products/Debug-iphonesimulator/PackageFrameworks -F /Users/j/Documents/GitHub/MoneroOne/build/Build/Products/Debug-iphonesimulator/PackageFrameworks -F /Users/j/Documents/GitHub/MoneroOne/build/Build/Products/Debug-iphonesimulator/PackageFrameworks -F /Users/j/Documents/GitHub/MoneroOne/build/Build/Products/Debug-iphonesimulator/PackageFrameworks -F /Users/j/Documents/GitHub/MoneroOne/build/Build/Products/Debug-iphonesimulator/PackageFrameworks -F /Users/j/Documents/GitHub/MoneroOne/build/Build/Products/Debug-iphonesimulator/PackageFrameworks -F /Users/j/Documents/GitHub/MoneroOne/build/Build/Products/Debug-iphonesimulator/PackageFrameworks -F /Users/j/Documents/GitHub/MoneroOne/build/Build/Products/Debug-iphonesimulator/PackageFrameworks -F /Users/j/Documents/GitHub/MoneroOne/build/Build/Products/Debug-iphonesimulator/PackageFrameworks -F /Users/j/Documents/GitHub/MoneroOne/build/Build/Products/Debug-iphonesimulator/PackageFrameworks -F /Users/j/Documents/GitHub/MoneroOne/build/Build/Products/Debug-iphonesimulator/PackageFrameworks -F /Users/j/Documents/GitHub/MoneroOne/build/Build/Products/Debug-iphonesimulator/PackageFrameworks -F /Users/j/Documents/GitHub/MoneroOne/build/Build/Products/Debug-iphonesimulator/PackageFrameworks -F /Users/j/Documents/GitHub/MoneroOne/build/Build/Products/Debug-iphonesimulator/PackageFrameworks -F /Users/j/Documents/GitHub/MoneroOne/build/Build/Products/Debug-iphonesimulator/PackageFrameworks -F /Users/j/Documents/GitHub/MoneroOne/build/Build/Products/Debug-iphonesimulator/PackageFrameworks -F /Users/j/Documents/GitHub/MoneroOne/build/Build/Products/Debug-iphonesimulator/PackageFrameworks -F /Users/j/Documents/GitHub/MoneroOne/build/Build/Products/Debug-iphonesimulator/PackageFrameworks -F /Users/j/Documents/GitHub/MoneroOne/build/Build/Products/Debug-iphonesimulator/PackageFrameworks -F /Users/j/Documents/GitHub/MoneroOne/build/Build/Products/Debug-iphonesimulator/PackageFrameworks -F /Users/j/Documents/GitHub/MoneroOne/build/Build/Products/Debug-iphonesimulator/PackageFrameworks -F /Users/j/Documents/GitHub/MoneroOne/build/Build/Products/Debug-iphonesimulator -F /Applications/Xcode.app/Contents/Developer/Platforms/iPhoneSimulator.platform/Developer/Library/Frameworks -F /Applications/Xcode.app/Contents/Developer/Platforms/iPhoneSimulator.platform/Developer/SDKs/iPhoneSimulator26.1.sdk/Developer/Library/Frameworks -c -j12 -enable-batch-mode -incremental -Xcc -ivfsstatcache -Xcc /Users/j/Documents/GitHub/MoneroOne/build/SDKStatCaches.noindex/iphonesimulator26.1-23B77-90cf18a4295e390e64c810bc6bd7acbc.sdkstatcache -output-file-map /Users/j/Documents/GitHub/MoneroOne/build/Build/Intermediates.noindex/swift-nio.build/Debug-iphonesimulator/NIOWebSocket.build/Objects-normal/arm64/NIOWebSocket-OutputFileMap.json -use-frontend-parseable-output -save-temps -no-color-diagnostics -explicit-module-build -module-cache-path /Users/j/Documents/GitHub/MoneroOne/build/Build/Intermediates.noindex/SwiftExplicitPrecompiledModules -clang-scanner-module-cache-path /Users/j/Documents/GitHub/MoneroOne/build/ModuleCache.noindex -sdk-module-cache-path /Users/j/Documents/GitHub/MoneroOne/build/ModuleCache.noindex -serialize-diagnostics -emit-dependencies -emit-module -emit-module-path /Users/j/Documents/GitHub/MoneroOne/build/Build/Intermediates.noindex/swift-nio.build/Debug-iphonesimulator/NIOWebSocket.build/Objects-normal/arm64/NIOWebSocket.swiftmodule -user-module-version 2.92.2 -validate-clang-modules-once -clang-build-session-file /Users/j/Documents/GitHub/MoneroOne/build/ModuleCache.noindex/Session.modulevalidation -package-name swift_nio -Xcc -I/Users/j/Documents/GitHub/MoneroOne/build/Build/Intermediates.noindex/swift-nio.build/Debug-iphonesimulator/NIOWebSocket.build/swift-overrides.hmap -emit-const-values -Xfrontend -const-gather-protocols-file -Xfrontend /Users/j/Documents/GitHub/MoneroOne/build/Build/Intermediates.noindex/swift-nio.build/Debug-iphonesimulator/NIOWebSocket.build/Objects-normal/arm64/NIOWebSocket_const_extract_protocols.json -Xcc -I/Users/j/Documents/GitHub/MoneroOne/build/SourcePackages/checkouts/swift-atomics/Sources/_AtomicsShims/include -Xcc -I/Users/j/Documents/GitHub/MoneroOne/build/SourcePackages/checkouts/swift-nio/Sources/CNIOSHA1/include -Xcc -I/Users/j/Documents/GitHub/MoneroOne/build/SourcePackages/checkouts/swift-nio/Sources/CNIOLLHTTP/include -Xcc -I/Users/j/Documents/GitHub/MoneroOne/build/SourcePackages/checkouts/swift-nio/Sources/CNIOPosix/include -Xcc -I/Users/j/Documents/GitHub/MoneroOne/build/SourcePackages/checkouts/swift-nio/Sources/CNIOWASI/include -Xcc -I/Users/j/Documents/GitHub/MoneroOne/build/SourcePackages/checkouts/swift-nio/Sources/CNIOWindows/include -Xcc -I/Users/j/Documents/GitHub/MoneroOne/build/SourcePackages/checkouts/swift-nio/Sources/CNIOLinux/include -Xcc -I/Users/j/Documents/GitHub/MoneroOne/build/SourcePackages/checkouts/swift-nio/Sources/CNIODarwin/include -Xcc -I/Users/j/Documents/GitHub/MoneroOne/build/SourcePackages/checkouts/swift-nio/Sources/CNIOOpenBSD/include -Xcc -I/Users/j/Documents/GitHub/MoneroOne/build/SourcePackages/checkouts/swift-nio/Sources/CNIOAtomics/include -Xcc -I/Users/j/Documents/GitHub/MoneroOne/build/Build/Products/Debug-iphonesimulator/include -Xcc -I/Users/j/Documents/GitHub/MoneroOne/build/Build/Intermediates.noindex/swift-nio.build/Debug-iphonesimulator/NIOWebSocket.build/DerivedSources-normal/arm64 -Xcc -I/Users/j/Documents/GitHub/MoneroOne/build/Build/Intermediates.noindex/swift-nio.build/Debug-iphonesimulator/NIOWebSocket.build/DerivedSources/arm64 -Xcc -I/Users/j/Documents/GitHub/MoneroOne/build/Build/Intermediates.noindex/swift-nio.build/Debug-iphonesimulator/NIOWebSocket.build/DerivedSources -Xcc -DSWIFT_PACKAGE -Xcc -DDEBUG\=1 -emit-objc-header -emit-objc-header-path /Users/j/Documents/GitHub/MoneroOne/build/Build/Intermediates.noindex/swift-nio.build/Debug-iphonesimulator/NIOWebSocket.build/Objects-normal/arm64/NIOWebSocket-Swift.h -working-directory /Users/j/Documents/GitHub/MoneroOne/MoneroOne.xcodeproj -experimental-emit-module-separately -disable-cmo

SwiftDriverJobDiscovery normal arm64 Compiling NIOTypedHTTPClientUpgradeHandler.swift (in target 'NIOHTTP1' from project 'swift-nio')

SwiftDriverJobDiscovery normal arm64 Compiling ByteBuffer-foundation.swift (in target 'NIOFoundationCompat' from project 'swift-nio')

SwiftDriver\ Compilation NIOFoundationCompat normal arm64 com.apple.xcode.tools.swift.compiler (in target 'NIOFoundationCompat' from project 'swift-nio')
    cd /Users/j/Documents/GitHub/MoneroOne/MoneroOne.xcodeproj
    builtin-Swift-Compilation -- /Applications/Xcode.app/Contents/Developer/Toolchains/XcodeDefault.xctoolchain/usr/bin/swiftc -module-name NIOFoundationCompat -Onone -enforce-exclusivity\=checked @/Users/j/Documents/GitHub/MoneroOne/build/Build/Intermediates.noindex/swift-nio.build/Debug-iphonesimulator/NIOFoundationCompat.build/Objects-normal/arm64/NIOFoundationCompat.SwiftFileList -DSWIFT_PACKAGE -DDEBUG -DSWIFT_MODULE_RESOURCE_BUNDLE_UNAVAILABLE -Xcc -fmodule-map-file\=/Users/j/Documents/GitHub/MoneroOne/build/Build/Intermediates.noindex/GeneratedModuleMaps-iphonesimulator/CNIOPosix.modulemap -Xcc -fmodule-map-file\=/Users/j/Documents/GitHub/MoneroOne/build/Build/Intermediates.noindex/GeneratedModuleMaps-iphonesimulator/CNIOWASI.modulemap -Xcc -fmodule-map-file\=/Users/j/Documents/GitHub/MoneroOne/build/Build/Intermediates.noindex/GeneratedModuleMaps-iphonesimulator/CNIOLinux.modulemap -Xcc -fmodule-map-file\=/Users/j/Documents/GitHub/MoneroOne/build/Build/Intermediates.noindex/GeneratedModuleMaps-iphonesimulator/CNIODarwin.modulemap -Xcc -fmodule-map-file\=/Users/j/Documents/GitHub/MoneroOne/build/Build/Intermediates.noindex/GeneratedModuleMaps-iphonesimulator/CNIOOpenBSD.modulemap -Xcc -fmodule-map-file\=/Users/j/Documents/GitHub/MoneroOne/build/Build/Intermediates.noindex/GeneratedModuleMaps-iphonesimulator/CNIOAtomics.modulemap -DXcode -enable-experimental-feature Lifetimes -enable-upcoming-feature MemberImportVisibility -plugin-path /Applications/Xcode.app/Contents/Developer/Toolchains/XcodeDefault.xctoolchain/usr/lib/swift/host/plugins/testing -enable-experimental-feature DebugDescriptionMacro -sdk /Applications/Xcode.app/Contents/Developer/Platforms/iPhoneSimulator.platform/Developer/SDKs/iPhoneSimulator26.1.sdk -target arm64-apple-ios12.0-simulator -g -module-cache-path /Users/j/Documents/GitHub/MoneroOne/build/ModuleCache.noindex -Xfrontend -serialize-debugging-options -enable-testing -suppress-warnings -index-store-path /Users/j/Documents/GitHub/MoneroOne/build/Index.noindex/DataStore -Xcc -D_LIBCPP_HARDENING_MODE\=_LIBCPP_HARDENING_MODE_DEBUG -swift-version 6 -I /Users/j/Documents/GitHub/MoneroOne/build/Build/Products/Debug-iphonesimulator -Isystem /Applications/Xcode.app/Contents/Developer/Platforms/iPhoneSimulator.platform/Developer/usr/lib -F /Users/j/Documents/GitHub/MoneroOne/build/Build/Products/Debug-iphonesimulator/PackageFrameworks -F /Users/j/Documents/GitHub/MoneroOne/build/Build/Products/Debug-iphonesimulator/PackageFrameworks -F /Users/j/Documents/GitHub/MoneroOne/build/Build/Products/Debug-iphonesimulator/PackageFrameworks -F /Users/j/Documents/GitHub/MoneroOne/build/Build/Products/Debug-iphonesimulator/PackageFrameworks -F /Users/j/Documents/GitHub/MoneroOne/build/Build/Products/Debug-iphonesimulator/PackageFrameworks -F /Users/j/Documents/GitHub/MoneroOne/build/Build/Products/Debug-iphonesimulator/PackageFrameworks -F /Users/j/Documents/GitHub/MoneroOne/build/Build/Products/Debug-iphonesimulator/PackageFrameworks -F /Users/j/Documents/GitHub/MoneroOne/build/Build/Products/Debug-iphonesimulator/PackageFrameworks -F /Users/j/Documents/GitHub/MoneroOne/build/Build/Products/Debug-iphonesimulator/PackageFrameworks -F /Users/j/Documents/GitHub/MoneroOne/build/Build/Products/Debug-iphonesimulator/PackageFrameworks -F /Users/j/Documents/GitHub/MoneroOne/build/Build/Products/Debug-iphonesimulator/PackageFrameworks -F /Users/j/Documents/GitHub/MoneroOne/build/Build/Products/Debug-iphonesimulator/PackageFrameworks -F /Users/j/Documents/GitHub/MoneroOne/build/Build/Products/Debug-iphonesimulator/PackageFrameworks -F /Users/j/Documents/GitHub/MoneroOne/build/Build/Products/Debug-iphonesimulator/PackageFrameworks -F /Users/j/Documents/GitHub/MoneroOne/build/Build/Products/Debug-iphonesimulator/PackageFrameworks -F /Users/j/Documents/GitHub/MoneroOne/build/Build/Products/Debug-iphonesimulator/PackageFrameworks -F /Users/j/Documents/GitHub/MoneroOne/build/Build/Products/Debug-iphonesimulator/PackageFrameworks -F /Users/j/Documents/GitHub/MoneroOne/build/Build/Products/Debug-iphonesimulator/PackageFrameworks -F /Users/j/Documents/GitHub/MoneroOne/build/Build/Products/Debug-iphonesimulator -F /Applications/Xcode.app/Contents/Developer/Platforms/iPhoneSimulator.platform/Developer/Library/Frameworks -F /Applications/Xcode.app/Contents/Developer/Platforms/iPhoneSimulator.platform/Developer/SDKs/iPhoneSimulator26.1.sdk/Developer/Library/Frameworks -c -j12 -enable-batch-mode -incremental -Xcc -ivfsstatcache -Xcc /Users/j/Documents/GitHub/MoneroOne/build/SDKStatCaches.noindex/iphonesimulator26.1-23B77-90cf18a4295e390e64c810bc6bd7acbc.sdkstatcache -output-file-map /Users/j/Documents/GitHub/MoneroOne/build/Build/Intermediates.noindex/swift-nio.build/Debug-iphonesimulator/NIOFoundationCompat.build/Objects-normal/arm64/NIOFoundationCompat-OutputFileMap.json -use-frontend-parseable-output -save-temps -no-color-diagnostics -explicit-module-build -module-cache-path /Users/j/Documents/GitHub/MoneroOne/build/Build/Intermediates.noindex/SwiftExplicitPrecompiledModules -clang-scanner-module-cache-path /Users/j/Documents/GitHub/MoneroOne/build/ModuleCache.noindex -sdk-module-cache-path /Users/j/Documents/GitHub/MoneroOne/build/ModuleCache.noindex -serialize-diagnostics -emit-dependencies -emit-module -emit-module-path /Users/j/Documents/GitHub/MoneroOne/build/Build/Intermediates.noindex/swift-nio.build/Debug-iphonesimulator/NIOFoundationCompat.build/Objects-normal/arm64/NIOFoundationCompat.swiftmodule -user-module-version 2.92.2 -validate-clang-modules-once -clang-build-session-file /Users/j/Documents/GitHub/MoneroOne/build/ModuleCache.noindex/Session.modulevalidation -package-name swift_nio -Xcc -I/Users/j/Documents/GitHub/MoneroOne/build/Build/Intermediates.noindex/swift-nio.build/Debug-iphonesimulator/NIOFoundationCompat.build/swift-overrides.hmap -emit-const-values -Xfrontend -const-gather-protocols-file -Xfrontend /Users/j/Documents/GitHub/MoneroOne/build/Build/Intermediates.noindex/swift-nio.build/Debug-iphonesimulator/NIOFoundationCompat.build/Objects-normal/arm64/NIOFoundationCompat_const_extract_protocols.json -Xcc -I/Users/j/Documents/GitHub/MoneroOne/build/SourcePackages/checkouts/swift-atomics/Sources/_AtomicsShims/include -Xcc -I/Users/j/Documents/GitHub/MoneroOne/build/SourcePackages/checkouts/swift-nio/Sources/CNIOPosix/include -Xcc -I/Users/j/Documents/GitHub/MoneroOne/build/SourcePackages/checkouts/swift-nio/Sources/CNIOWASI/include -Xcc -I/Users/j/Documents/GitHub/MoneroOne/build/SourcePackages/checkouts/swift-nio/Sources/CNIOWindows/include -Xcc -I/Users/j/Documents/GitHub/MoneroOne/build/SourcePackages/checkouts/swift-nio/Sources/CNIOLinux/include -Xcc -I/Users/j/Documents/GitHub/MoneroOne/build/SourcePackages/checkouts/swift-nio/Sources/CNIODarwin/include -Xcc -I/Users/j/Documents/GitHub/MoneroOne/build/SourcePackages/checkouts/swift-nio/Sources/CNIOOpenBSD/include -Xcc -I/Users/j/Documents/GitHub/MoneroOne/build/SourcePackages/checkouts/swift-nio/Sources/CNIOAtomics/include -Xcc -I/Users/j/Documents/GitHub/MoneroOne/build/Build/Products/Debug-iphonesimulator/include -Xcc -I/Users/j/Documents/GitHub/MoneroOne/build/Build/Intermediates.noindex/swift-nio.build/Debug-iphonesimulator/NIOFoundationCompat.build/DerivedSources-normal/arm64 -Xcc -I/Users/j/Documents/GitHub/MoneroOne/build/Build/Intermediates.noindex/swift-nio.build/Debug-iphonesimulator/NIOFoundationCompat.build/DerivedSources/arm64 -Xcc -I/Users/j/Documents/GitHub/MoneroOne/build/Build/Intermediates.noindex/swift-nio.build/Debug-iphonesimulator/NIOFoundationCompat.build/DerivedSources -Xcc -DSWIFT_PACKAGE -Xcc -DDEBUG\=1 -emit-objc-header -emit-objc-header-path /Users/j/Documents/GitHub/MoneroOne/build/Build/Intermediates.noindex/swift-nio.build/Debug-iphonesimulator/NIOFoundationCompat.build/Objects-normal/arm64/NIOFoundationCompat-Swift.h -working-directory /Users/j/Documents/GitHub/MoneroOne/MoneroOne.xcodeproj -experimental-emit-module-separately -disable-cmo

SwiftDriverJobDiscovery normal arm64 Compiling HTTPServerPipelineHandler.swift, HTTPServerProtocolErrorHandler.swift (in target 'NIOHTTP1' from project 'swift-nio')

SwiftDriverJobDiscovery normal arm64 Compiling NIOHTTPClientUpgradeHandler.swift (in target 'NIOHTTP1' from project 'swift-nio')

SwiftDriverJobDiscovery normal arm64 Compiling HTTPServerUpgradeHandler.swift, HTTPTypedPipelineSetup.swift (in target 'NIOHTTP1' from project 'swift-nio')

SwiftExplicitDependencyGeneratePcm arm64 /Users/j/Documents/GitHub/MoneroOne/build/Build/Intermediates.noindex/SwiftExplicitPrecompiledModules/CNIOBoringSSL-C4XLQ4R76Z76AK0GEENWNMS0G.pcm

SwiftDriverJobDiscovery normal arm64 Compiling HTTPEncoder.swift, HTTPHeaderValidator.swift (in target 'NIOHTTP1' from project 'swift-nio')

SwiftExplicitDependencyGeneratePcm arm64 /Users/j/Documents/GitHub/MoneroOne/build/Build/Intermediates.noindex/SwiftExplicitPrecompiledModules/CNIOSHA1-219HVBHSNMEUI57KX4ZQKLWE.pcm

SwiftCompile normal arm64 Compiling\ WebSocketFrame.swift /Users/j/Documents/GitHub/MoneroOne/build/SourcePackages/checkouts/swift-nio/Sources/NIOWebSocket/WebSocketFrame.swift (in target 'NIOWebSocket' from project 'swift-nio')

SwiftCompile normal arm64 /Users/j/Documents/GitHub/MoneroOne/build/SourcePackages/checkouts/swift-nio/Sources/NIOWebSocket/WebSocketFrame.swift (in target 'NIOWebSocket' from project 'swift-nio')
    cd /Users/j/Documents/GitHub/MoneroOne/MoneroOne.xcodeproj
    

SwiftCompile normal arm64 Compiling\ WebSocketOpcode.swift /Users/j/Documents/GitHub/MoneroOne/build/SourcePackages/checkouts/swift-nio/Sources/NIOWebSocket/WebSocketOpcode.swift (in target 'NIOWebSocket' from project 'swift-nio')

SwiftCompile normal arm64 /Users/j/Documents/GitHub/MoneroOne/build/SourcePackages/checkouts/swift-nio/Sources/NIOWebSocket/WebSocketOpcode.swift (in target 'NIOWebSocket' from project 'swift-nio')
    cd /Users/j/Documents/GitHub/MoneroOne/MoneroOne.xcodeproj
    

SwiftEmitModule normal arm64 Emitting\ module\ for\ NIOWebSocket (in target 'NIOWebSocket' from project 'swift-nio')

EmitSwiftModule normal arm64 (in target 'NIOWebSocket' from project 'swift-nio')
    cd /Users/j/Documents/GitHub/MoneroOne/MoneroOne.xcodeproj
    

SwiftCompile normal arm64 Compiling\ WebSocketProtocolErrorHandler.swift /Users/j/Documents/GitHub/MoneroOne/build/SourcePackages/checkouts/swift-nio/Sources/NIOWebSocket/WebSocketProtocolErrorHandler.swift (in target 'NIOWebSocket' from project 'swift-nio')

SwiftCompile normal arm64 /Users/j/Documents/GitHub/MoneroOne/build/SourcePackages/checkouts/swift-nio/Sources/NIOWebSocket/WebSocketProtocolErrorHandler.swift (in target 'NIOWebSocket' from project 'swift-nio')
    cd /Users/j/Documents/GitHub/MoneroOne/MoneroOne.xcodeproj
    

SwiftCompile normal arm64 Compiling\ WebSocketFrameEncoder.swift /Users/j/Documents/GitHub/MoneroOne/build/SourcePackages/checkouts/swift-nio/Sources/NIOWebSocket/WebSocketFrameEncoder.swift (in target 'NIOWebSocket' from project 'swift-nio')

SwiftCompile normal arm64 /Users/j/Documents/GitHub/MoneroOne/build/SourcePackages/checkouts/swift-nio/Sources/NIOWebSocket/WebSocketFrameEncoder.swift (in target 'NIOWebSocket' from project 'swift-nio')
    cd /Users/j/Documents/GitHub/MoneroOne/MoneroOne.xcodeproj
    

SwiftCompile normal arm64 Compiling\ WebSocketErrorCodes.swift /Users/j/Documents/GitHub/MoneroOne/build/SourcePackages/checkouts/swift-nio/Sources/NIOWebSocket/WebSocketErrorCodes.swift (in target 'NIOWebSocket' from project 'swift-nio')

SwiftCompile normal arm64 /Users/j/Documents/GitHub/MoneroOne/build/SourcePackages/checkouts/swift-nio/Sources/NIOWebSocket/WebSocketErrorCodes.swift (in target 'NIOWebSocket' from project 'swift-nio')
    cd /Users/j/Documents/GitHub/MoneroOne/MoneroOne.xcodeproj
    

SwiftCompile normal arm64 Compiling\ NIOWebSocketClientUpgrader.swift /Users/j/Documents/GitHub/MoneroOne/build/SourcePackages/checkouts/swift-nio/Sources/NIOWebSocket/NIOWebSocketClientUpgrader.swift (in target 'NIOWebSocket' from project 'swift-nio')

SwiftCompile normal arm64 /Users/j/Documents/GitHub/MoneroOne/build/SourcePackages/checkouts/swift-nio/Sources/NIOWebSocket/NIOWebSocketClientUpgrader.swift (in target 'NIOWebSocket' from project 'swift-nio')
    cd /Users/j/Documents/GitHub/MoneroOne/MoneroOne.xcodeproj
    

SwiftCompile normal arm64 Compiling\ SHA1.swift /Users/j/Documents/GitHub/MoneroOne/build/SourcePackages/checkouts/swift-nio/Sources/NIOWebSocket/SHA1.swift (in target 'NIOWebSocket' from project 'swift-nio')

SwiftCompile normal arm64 /Users/j/Documents/GitHub/MoneroOne/build/SourcePackages/checkouts/swift-nio/Sources/NIOWebSocket/SHA1.swift (in target 'NIOWebSocket' from project 'swift-nio')
    cd /Users/j/Documents/GitHub/MoneroOne/MoneroOne.xcodeproj
    

SwiftCompile normal arm64 Compiling\ NIOWebSocketFrameAggregator.swift /Users/j/Documents/GitHub/MoneroOne/build/SourcePackages/checkouts/swift-nio/Sources/NIOWebSocket/NIOWebSocketFrameAggregator.swift (in target 'NIOWebSocket' from project 'swift-nio')

SwiftCompile normal arm64 /Users/j/Documents/GitHub/MoneroOne/build/SourcePackages/checkouts/swift-nio/Sources/NIOWebSocket/NIOWebSocketFrameAggregator.swift (in target 'NIOWebSocket' from project 'swift-nio')
    cd /Users/j/Documents/GitHub/MoneroOne/MoneroOne.xcodeproj
    

SwiftDriverJobDiscovery normal arm64 Compiling HTTPTypes.swift (in target 'NIOHTTP1' from project 'swift-nio')

SwiftCompile normal arm64 Compiling\ WebSocketFrameDecoder.swift /Users/j/Documents/GitHub/MoneroOne/build/SourcePackages/checkouts/swift-nio/Sources/NIOWebSocket/WebSocketFrameDecoder.swift (in target 'NIOWebSocket' from project 'swift-nio')

SwiftCompile normal arm64 /Users/j/Documents/GitHub/MoneroOne/build/SourcePackages/checkouts/swift-nio/Sources/NIOWebSocket/WebSocketFrameDecoder.swift (in target 'NIOWebSocket' from project 'swift-nio')
    cd /Users/j/Documents/GitHub/MoneroOne/MoneroOne.xcodeproj
    

SwiftDriverJobDiscovery normal arm64 Compiling WebSocketProtocolErrorHandler.swift (in target 'NIOWebSocket' from project 'swift-nio')

SwiftCompile normal arm64 Compiling\ NIOWebSocketServerUpgrader.swift /Users/j/Documents/GitHub/MoneroOne/build/SourcePackages/checkouts/swift-nio/Sources/NIOWebSocket/NIOWebSocketServerUpgrader.swift (in target 'NIOWebSocket' from project 'swift-nio')

SwiftCompile normal arm64 /Users/j/Documents/GitHub/MoneroOne/build/SourcePackages/checkouts/swift-nio/Sources/NIOWebSocket/NIOWebSocketServerUpgrader.swift (in target 'NIOWebSocket' from project 'swift-nio')
    cd /Users/j/Documents/GitHub/MoneroOne/MoneroOne.xcodeproj
    

SwiftDriverJobDiscovery normal arm64 Compiling WebSocketErrorCodes.swift (in target 'NIOWebSocket' from project 'swift-nio')

SwiftDriverJobDiscovery normal arm64 Compiling WebSocketOpcode.swift (in target 'NIOWebSocket' from project 'swift-nio')

SwiftDriverJobDiscovery normal arm64 Compiling SHA1.swift (in target 'NIOWebSocket' from project 'swift-nio')

SwiftExplicitDependencyGeneratePcm arm64 /Users/j/Documents/GitHub/MoneroOne/build/Build/Intermediates.noindex/SwiftExplicitPrecompiledModules/CNIOBoringSSLShims-3S62YLY8R789GYUYY8PRE7C7A.pcm

SwiftDriverJobDiscovery normal arm64 Compiling ByteCollectionUtils.swift, HTTPDecoder.swift (in target 'NIOHTTP1' from project 'swift-nio')

SwiftDriver\ Compilation NIOHTTP1 normal arm64 com.apple.xcode.tools.swift.compiler (in target 'NIOHTTP1' from project 'swift-nio')
    cd /Users/j/Documents/GitHub/MoneroOne/MoneroOne.xcodeproj
    builtin-Swift-Compilation -- /Applications/Xcode.app/Contents/Developer/Toolchains/XcodeDefault.xctoolchain/usr/bin/swiftc -module-name NIOHTTP1 -Onone -enforce-exclusivity\=checked @/Users/j/Documents/GitHub/MoneroOne/build/Build/Intermediates.noindex/swift-nio.build/Debug-iphonesimulator/NIOHTTP1.build/Objects-normal/arm64/NIOHTTP1.SwiftFileList -DSWIFT_PACKAGE -DDEBUG -DSWIFT_MODULE_RESOURCE_BUNDLE_UNAVAILABLE -Xcc -fmodule-map-file\=/Users/j/Documents/GitHub/MoneroOne/build/Build/Intermediates.noindex/GeneratedModuleMaps-iphonesimulator/CNIOLLHTTP.modulemap -Xcc -fmodule-map-file\=/Users/j/Documents/GitHub/MoneroOne/build/Build/Intermediates.noindex/GeneratedModuleMaps-iphonesimulator/CNIOPosix.modulemap -Xcc -fmodule-map-file\=/Users/j/Documents/GitHub/MoneroOne/build/Build/Intermediates.noindex/GeneratedModuleMaps-iphonesimulator/CNIOWASI.modulemap -Xcc -fmodule-map-file\=/Users/j/Documents/GitHub/MoneroOne/build/Build/Intermediates.noindex/GeneratedModuleMaps-iphonesimulator/CNIOLinux.modulemap -Xcc -fmodule-map-file\=/Users/j/Documents/GitHub/MoneroOne/build/Build/Intermediates.noindex/GeneratedModuleMaps-iphonesimulator/CNIODarwin.modulemap -Xcc -fmodule-map-file\=/Users/j/Documents/GitHub/MoneroOne/build/Build/Intermediates.noindex/GeneratedModuleMaps-iphonesimulator/CNIOOpenBSD.modulemap -Xcc -fmodule-map-file\=/Users/j/Documents/GitHub/MoneroOne/build/Build/Intermediates.noindex/GeneratedModuleMaps-iphonesimulator/CNIOAtomics.modulemap -DXcode -enable-experimental-feature Lifetimes -enable-upcoming-feature MemberImportVisibility -plugin-path /Applications/Xcode.app/Contents/Developer/Toolchains/XcodeDefault.xctoolchain/usr/lib/swift/host/plugins/testing -enable-experimental-feature DebugDescriptionMacro -sdk /Applications/Xcode.app/Contents/Developer/Platforms/iPhoneSimulator.platform/Developer/SDKs/iPhoneSimulator26.1.sdk -target arm64-apple-ios12.0-simulator -g -module-cache-path /Users/j/Documents/GitHub/MoneroOne/build/ModuleCache.noindex -Xfrontend -serialize-debugging-options -enable-testing -suppress-warnings -index-store-path /Users/j/Documents/GitHub/MoneroOne/build/Index.noindex/DataStore -Xcc -D_LIBCPP_HARDENING_MODE\=_LIBCPP_HARDENING_MODE_DEBUG -swift-version 6 -I /Users/j/Documents/GitHub/MoneroOne/build/Build/Products/Debug-iphonesimulator -Isystem /Applications/Xcode.app/Contents/Developer/Platforms/iPhoneSimulator.platform/Developer/usr/lib -F /Users/j/Documents/GitHub/MoneroOne/build/Build/Products/Debug-iphonesimulator/PackageFrameworks -F /Users/j/Documents/GitHub/MoneroOne/build/Build/Products/Debug-iphonesimulator/PackageFrameworks -F /Users/j/Documents/GitHub/MoneroOne/build/Build/Products/Debug-iphonesimulator/PackageFrameworks -F /Users/j/Documents/GitHub/MoneroOne/build/Build/Products/Debug-iphonesimulator/PackageFrameworks -F /Users/j/Documents/GitHub/MoneroOne/build/Build/Products/Debug-iphonesimulator/PackageFrameworks -F /Users/j/Documents/GitHub/MoneroOne/build/Build/Products/Debug-iphonesimulator/PackageFrameworks -F /Users/j/Documents/GitHub/MoneroOne/build/Build/Products/Debug-iphonesimulator/PackageFrameworks -F /Users/j/Documents/GitHub/MoneroOne/build/Build/Products/Debug-iphonesimulator/PackageFrameworks -F /Users/j/Documents/GitHub/MoneroOne/build/Build/Products/Debug-iphonesimulator/PackageFrameworks -F /Users/j/Documents/GitHub/MoneroOne/build/Build/Products/Debug-iphonesimulator/PackageFrameworks -F /Users/j/Documents/GitHub/MoneroOne/build/Build/Products/Debug-iphonesimulator/PackageFrameworks -F /Users/j/Documents/GitHub/MoneroOne/build/Build/Products/Debug-iphonesimulator/PackageFrameworks -F /Users/j/Documents/GitHub/MoneroOne/build/Build/Products/Debug-iphonesimulator/PackageFrameworks -F /Users/j/Documents/GitHub/MoneroOne/build/Build/Products/Debug-iphonesimulator/PackageFrameworks -F /Users/j/Documents/GitHub/MoneroOne/build/Build/Products/Debug-iphonesimulator/PackageFrameworks -F /Users/j/Documents/GitHub/MoneroOne/build/Build/Products/Debug-iphonesimulator/PackageFrameworks -F /Users/j/Documents/GitHub/MoneroOne/build/Build/Products/Debug-iphonesimulator/PackageFrameworks -F /Users/j/Documents/GitHub/MoneroOne/build/Build/Products/Debug-iphonesimulator/PackageFrameworks -F /Users/j/Documents/GitHub/MoneroOne/build/Build/Products/Debug-iphonesimulator/PackageFrameworks -F /Users/j/Documents/GitHub/MoneroOne/build/Build/Products/Debug-iphonesimulator -F /Applications/Xcode.app/Contents/Developer/Platforms/iPhoneSimulator.platform/Developer/Library/Frameworks -F /Applications/Xcode.app/Contents/Developer/Platforms/iPhoneSimulator.platform/Developer/SDKs/iPhoneSimulator26.1.sdk/Developer/Library/Frameworks -c -j12 -enable-batch-mode -incremental -Xcc -ivfsstatcache -Xcc /Users/j/Documents/GitHub/MoneroOne/build/SDKStatCaches.noindex/iphonesimulator26.1-23B77-90cf18a4295e390e64c810bc6bd7acbc.sdkstatcache -output-file-map /Users/j/Documents/GitHub/MoneroOne/build/Build/Intermediates.noindex/swift-nio.build/Debug-iphonesimulator/NIOHTTP1.build/Objects-normal/arm64/NIOHTTP1-OutputFileMap.json -use-frontend-parseable-output -save-temps -no-color-diagnostics -explicit-module-build -module-cache-path /Users/j/Documents/GitHub/MoneroOne/build/Build/Intermediates.noindex/SwiftExplicitPrecompiledModules -clang-scanner-module-cache-path /Users/j/Documents/GitHub/MoneroOne/build/ModuleCache.noindex -sdk-module-cache-path /Users/j/Documents/GitHub/MoneroOne/build/ModuleCache.noindex -serialize-diagnostics -emit-dependencies -emit-module -emit-module-path /Users/j/Documents/GitHub/MoneroOne/build/Build/Intermediates.noindex/swift-nio.build/Debug-iphonesimulator/NIOHTTP1.build/Objects-normal/arm64/NIOHTTP1.swiftmodule -user-module-version 2.92.2 -validate-clang-modules-once -clang-build-session-file /Users/j/Documents/GitHub/MoneroOne/build/ModuleCache.noindex/Session.modulevalidation -package-name swift_nio -Xcc -I/Users/j/Documents/GitHub/MoneroOne/build/Build/Intermediates.noindex/swift-nio.build/Debug-iphonesimulator/NIOHTTP1.build/swift-overrides.hmap -emit-const-values -Xfrontend -const-gather-protocols-file -Xfrontend /Users/j/Documents/GitHub/MoneroOne/build/Build/Intermediates.noindex/swift-nio.build/Debug-iphonesimulator/NIOHTTP1.build/Objects-normal/arm64/NIOHTTP1_const_extract_protocols.json -Xcc -I/Users/j/Documents/GitHub/MoneroOne/build/SourcePackages/checkouts/swift-atomics/Sources/_AtomicsShims/include -Xcc -I/Users/j/Documents/GitHub/MoneroOne/build/SourcePackages/checkouts/swift-nio/Sources/CNIOLLHTTP/include -Xcc -I/Users/j/Documents/GitHub/MoneroOne/build/SourcePackages/checkouts/swift-nio/Sources/CNIOPosix/include -Xcc -I/Users/j/Documents/GitHub/MoneroOne/build/SourcePackages/checkouts/swift-nio/Sources/CNIOWASI/include -Xcc -I/Users/j/Documents/GitHub/MoneroOne/build/SourcePackages/checkouts/swift-nio/Sources/CNIOWindows/include -Xcc -I/Users/j/Documents/GitHub/MoneroOne/build/SourcePackages/checkouts/swift-nio/Sources/CNIOLinux/include -Xcc -I/Users/j/Documents/GitHub/MoneroOne/build/SourcePackages/checkouts/swift-nio/Sources/CNIODarwin/include -Xcc -I/Users/j/Documents/GitHub/MoneroOne/build/SourcePackages/checkouts/swift-nio/Sources/CNIOOpenBSD/include -Xcc -I/Users/j/Documents/GitHub/MoneroOne/build/SourcePackages/checkouts/swift-nio/Sources/CNIOAtomics/include -Xcc -I/Users/j/Documents/GitHub/MoneroOne/build/Build/Products/Debug-iphonesimulator/include -Xcc -I/Users/j/Documents/GitHub/MoneroOne/build/Build/Intermediates.noindex/swift-nio.build/Debug-iphonesimulator/NIOHTTP1.build/DerivedSources-normal/arm64 -Xcc -I/Users/j/Documents/GitHub/MoneroOne/build/Build/Intermediates.noindex/swift-nio.build/Debug-iphonesimulator/NIOHTTP1.build/DerivedSources/arm64 -Xcc -I/Users/j/Documents/GitHub/MoneroOne/build/Build/Intermediates.noindex/swift-nio.build/Debug-iphonesimulator/NIOHTTP1.build/DerivedSources -Xcc -DSWIFT_PACKAGE -Xcc -DDEBUG\=1 -emit-objc-header -emit-objc-header-path /Users/j/Documents/GitHub/MoneroOne/build/Build/Intermediates.noindex/swift-nio.build/Debug-iphonesimulator/NIOHTTP1.build/Objects-normal/arm64/NIOHTTP1-Swift.h -working-directory /Users/j/Documents/GitHub/MoneroOne/MoneroOne.xcodeproj -experimental-emit-module-separately -disable-cmo

SwiftDriverJobDiscovery normal arm64 Compiling NIOWebSocketClientUpgrader.swift (in target 'NIOWebSocket' from project 'swift-nio')

SwiftDriverJobDiscovery normal arm64 Compiling WebSocketFrameEncoder.swift (in target 'NIOWebSocket' from project 'swift-nio')

SwiftDriverJobDiscovery normal arm64 Compiling NIOWebSocketFrameAggregator.swift (in target 'NIOWebSocket' from project 'swift-nio')

SwiftEmitModule normal arm64 Emitting\ module\ for\ NIOSSL (in target 'NIOSSL' from project 'swift-nio-ssl')

EmitSwiftModule normal arm64 (in target 'NIOSSL' from project 'swift-nio-ssl')
    cd /Users/j/Documents/GitHub/MoneroOne/MoneroOne.xcodeproj
    

SwiftCompile normal arm64 Compiling\ UniversalBootstrapSupport.swift,\ UnsafeKeyAndChainTarget.swift /Users/j/Documents/GitHub/MoneroOne/build/SourcePackages/checkouts/swift-nio-ssl/Sources/NIOSSL/UniversalBootstrapSupport.swift /Users/j/Documents/GitHub/MoneroOne/build/SourcePackages/checkouts/swift-nio-ssl/Sources/NIOSSL/UnsafeKeyAndChainTarget.swift (in target 'NIOSSL' from project 'swift-nio-ssl')

SwiftCompile normal arm64 /Users/j/Documents/GitHub/MoneroOne/build/SourcePackages/checkouts/swift-nio-ssl/Sources/NIOSSL/UniversalBootstrapSupport.swift (in target 'NIOSSL' from project 'swift-nio-ssl')
    cd /Users/j/Documents/GitHub/MoneroOne/MoneroOne.xcodeproj
    

SwiftCompile normal arm64 /Users/j/Documents/GitHub/MoneroOne/build/SourcePackages/checkouts/swift-nio-ssl/Sources/NIOSSL/UnsafeKeyAndChainTarget.swift (in target 'NIOSSL' from project 'swift-nio-ssl')
    cd /Users/j/Documents/GitHub/MoneroOne/MoneroOne.xcodeproj
    

SwiftCompile normal arm64 Compiling\ SSLPrivateKey.swift,\ SSLPublicKey.swift,\ SecurityFrameworkCertificateVerification.swift /Users/j/Documents/GitHub/MoneroOne/build/SourcePackages/checkouts/swift-nio-ssl/Sources/NIOSSL/SSLPrivateKey.swift /Users/j/Documents/GitHub/MoneroOne/build/SourcePackages/checkouts/swift-nio-ssl/Sources/NIOSSL/SSLPublicKey.swift /Users/j/Documents/GitHub/MoneroOne/build/SourcePackages/checkouts/swift-nio-ssl/Sources/NIOSSL/SecurityFrameworkCertificateVerification.swift (in target 'NIOSSL' from project 'swift-nio-ssl')

SwiftCompile normal arm64 /Users/j/Documents/GitHub/MoneroOne/build/SourcePackages/checkouts/swift-nio-ssl/Sources/NIOSSL/SSLPrivateKey.swift (in target 'NIOSSL' from project 'swift-nio-ssl')
    cd /Users/j/Documents/GitHub/MoneroOne/MoneroOne.xcodeproj
    

SwiftCompile normal arm64 /Users/j/Documents/GitHub/MoneroOne/build/SourcePackages/checkouts/swift-nio-ssl/Sources/NIOSSL/SSLPublicKey.swift (in target 'NIOSSL' from project 'swift-nio-ssl')
    cd /Users/j/Documents/GitHub/MoneroOne/MoneroOne.xcodeproj
    

SwiftCompile normal arm64 /Users/j/Documents/GitHub/MoneroOne/build/SourcePackages/checkouts/swift-nio-ssl/Sources/NIOSSL/SecurityFrameworkCertificateVerification.swift (in target 'NIOSSL' from project 'swift-nio-ssl')
    cd /Users/j/Documents/GitHub/MoneroOne/MoneroOne.xcodeproj
    

SwiftCompile normal arm64 Compiling\ RNG.swift,\ SafeCompare.swift /Users/j/Documents/GitHub/MoneroOne/build/SourcePackages/checkouts/swift-nio-ssl/Sources/NIOSSL/SwiftCrypto/RNG.swift /Users/j/Documents/GitHub/MoneroOne/build/SourcePackages/checkouts/swift-nio-ssl/Sources/NIOSSL/SwiftCrypto/SafeCompare.swift (in target 'NIOSSL' from project 'swift-nio-ssl')

SwiftCompile normal arm64 /Users/j/Documents/GitHub/MoneroOne/build/SourcePackages/checkouts/swift-nio-ssl/Sources/NIOSSL/SwiftCrypto/RNG.swift (in target 'NIOSSL' from project 'swift-nio-ssl')
    cd /Users/j/Documents/GitHub/MoneroOne/MoneroOne.xcodeproj
    

SwiftCompile normal arm64 /Users/j/Documents/GitHub/MoneroOne/build/SourcePackages/checkouts/swift-nio-ssl/Sources/NIOSSL/SwiftCrypto/SafeCompare.swift (in target 'NIOSSL' from project 'swift-nio-ssl')
    cd /Users/j/Documents/GitHub/MoneroOne/MoneroOne.xcodeproj
    

SwiftCompile normal arm64 Compiling\ SSLCertificateName.swift,\ SSLConnection.swift,\ SSLContext.swift /Users/j/Documents/GitHub/MoneroOne/build/SourcePackages/checkouts/swift-nio-ssl/Sources/NIOSSL/SSLCertificateName.swift /Users/j/Documents/GitHub/MoneroOne/build/SourcePackages/checkouts/swift-nio-ssl/Sources/NIOSSL/SSLConnection.swift /Users/j/Documents/GitHub/MoneroOne/build/SourcePackages/checkouts/swift-nio-ssl/Sources/NIOSSL/SSLContext.swift (in target 'NIOSSL' from project 'swift-nio-ssl')

SwiftCompile normal arm64 /Users/j/Documents/GitHub/MoneroOne/build/SourcePackages/checkouts/swift-nio-ssl/Sources/NIOSSL/SSLCertificateName.swift (in target 'NIOSSL' from project 'swift-nio-ssl')
    cd /Users/j/Documents/GitHub/MoneroOne/MoneroOne.xcodeproj
    

SwiftCompile normal arm64 /Users/j/Documents/GitHub/MoneroOne/build/SourcePackages/checkouts/swift-nio-ssl/Sources/NIOSSL/SSLConnection.swift (in target 'NIOSSL' from project 'swift-nio-ssl')
    cd /Users/j/Documents/GitHub/MoneroOne/MoneroOne.xcodeproj
    

SwiftCompile normal arm64 /Users/j/Documents/GitHub/MoneroOne/build/SourcePackages/checkouts/swift-nio-ssl/Sources/NIOSSL/SSLContext.swift (in target 'NIOSSL' from project 'swift-nio-ssl')
    cd /Users/j/Documents/GitHub/MoneroOne/MoneroOne.xcodeproj
    

SwiftCompile normal arm64 Compiling\ SSLErrors.swift,\ SSLInit.swift,\ SSLPKCS12Bundle.swift /Users/j/Documents/GitHub/MoneroOne/build/SourcePackages/checkouts/swift-nio-ssl/Sources/NIOSSL/SSLErrors.swift /Users/j/Documents/GitHub/MoneroOne/build/SourcePackages/checkouts/swift-nio-ssl/Sources/NIOSSL/SSLInit.swift /Users/j/Documents/GitHub/MoneroOne/build/SourcePackages/checkouts/swift-nio-ssl/Sources/NIOSSL/SSLPKCS12Bundle.swift (in target 'NIOSSL' from project 'swift-nio-ssl')

SwiftCompile normal arm64 /Users/j/Documents/GitHub/MoneroOne/build/SourcePackages/checkouts/swift-nio-ssl/Sources/NIOSSL/SSLErrors.swift (in target 'NIOSSL' from project 'swift-nio-ssl')
    cd /Users/j/Documents/GitHub/MoneroOne/MoneroOne.xcodeproj
    

SwiftCompile normal arm64 /Users/j/Documents/GitHub/MoneroOne/build/SourcePackages/checkouts/swift-nio-ssl/Sources/NIOSSL/SSLInit.swift (in target 'NIOSSL' from project 'swift-nio-ssl')
    cd /Users/j/Documents/GitHub/MoneroOne/MoneroOne.xcodeproj
    

SwiftCompile normal arm64 /Users/j/Documents/GitHub/MoneroOne/build/SourcePackages/checkouts/swift-nio-ssl/Sources/NIOSSL/SSLPKCS12Bundle.swift (in target 'NIOSSL' from project 'swift-nio-ssl')
    cd /Users/j/Documents/GitHub/MoneroOne/MoneroOne.xcodeproj
    

SwiftCompile normal arm64 Compiling\ Zeroization.swift,\ TLSConfiguration.swift /Users/j/Documents/GitHub/MoneroOne/build/SourcePackages/checkouts/swift-nio-ssl/Sources/NIOSSL/SwiftCrypto/Zeroization.swift /Users/j/Documents/GitHub/MoneroOne/build/SourcePackages/checkouts/swift-nio-ssl/Sources/NIOSSL/TLSConfiguration.swift (in target 'NIOSSL' from project 'swift-nio-ssl')

SwiftCompile normal arm64 /Users/j/Documents/GitHub/MoneroOne/build/SourcePackages/checkouts/swift-nio-ssl/Sources/NIOSSL/SwiftCrypto/Zeroization.swift (in target 'NIOSSL' from project 'swift-nio-ssl')
    cd /Users/j/Documents/GitHub/MoneroOne/MoneroOne.xcodeproj
    

SwiftCompile normal arm64 /Users/j/Documents/GitHub/MoneroOne/build/SourcePackages/checkouts/swift-nio-ssl/Sources/NIOSSL/TLSConfiguration.swift (in target 'NIOSSL' from project 'swift-nio-ssl')
    cd /Users/j/Documents/GitHub/MoneroOne/MoneroOne.xcodeproj
    

SwiftCompile normal arm64 Compiling\ CustomPrivateKey.swift,\ IdentityVerification.swift,\ LinuxCABundle.swift /Users/j/Documents/GitHub/MoneroOne/build/SourcePackages/checkouts/swift-nio-ssl/Sources/NIOSSL/CustomPrivateKey.swift /Users/j/Documents/GitHub/MoneroOne/build/SourcePackages/checkouts/swift-nio-ssl/Sources/NIOSSL/IdentityVerification.swift /Users/j/Documents/GitHub/MoneroOne/build/SourcePackages/checkouts/swift-nio-ssl/Sources/NIOSSL/LinuxCABundle.swift (in target 'NIOSSL' from project 'swift-nio-ssl')

SwiftCompile normal arm64 /Users/j/Documents/GitHub/MoneroOne/build/SourcePackages/checkouts/swift-nio-ssl/Sources/NIOSSL/CustomPrivateKey.swift (in target 'NIOSSL' from project 'swift-nio-ssl')
    cd /Users/j/Documents/GitHub/MoneroOne/MoneroOne.xcodeproj
    

SwiftCompile normal arm64 /Users/j/Documents/GitHub/MoneroOne/build/SourcePackages/checkouts/swift-nio-ssl/Sources/NIOSSL/IdentityVerification.swift (in target 'NIOSSL' from project 'swift-nio-ssl')
    cd /Users/j/Documents/GitHub/MoneroOne/MoneroOne.xcodeproj
    

SwiftCompile normal arm64 /Users/j/Documents/GitHub/MoneroOne/build/SourcePackages/checkouts/swift-nio-ssl/Sources/NIOSSL/LinuxCABundle.swift (in target 'NIOSSL' from project 'swift-nio-ssl')
    cd /Users/j/Documents/GitHub/MoneroOne/MoneroOne.xcodeproj
    

SwiftDriverJobDiscovery normal arm64 Emitting module for NIOWebSocket (in target 'NIOWebSocket' from project 'swift-nio')

SwiftDriver\ Compilation\ Requirements NIOWebSocket normal arm64 com.apple.xcode.tools.swift.compiler (in target 'NIOWebSocket' from project 'swift-nio')
    cd /Users/j/Documents/GitHub/MoneroOne/MoneroOne.xcodeproj
    builtin-Swift-Compilation-Requirements -- /Applications/Xcode.app/Contents/Developer/Toolchains/XcodeDefault.xctoolchain/usr/bin/swiftc -module-name NIOWebSocket -Onone -enforce-exclusivity\=checked @/Users/j/Documents/GitHub/MoneroOne/build/Build/Intermediates.noindex/swift-nio.build/Debug-iphonesimulator/NIOWebSocket.build/Objects-normal/arm64/NIOWebSocket.SwiftFileList -DSWIFT_PACKAGE -DDEBUG -DSWIFT_MODULE_RESOURCE_BUNDLE_UNAVAILABLE -Xcc -fmodule-map-file\=/Users/j/Documents/GitHub/MoneroOne/build/Build/Intermediates.noindex/GeneratedModuleMaps-iphonesimulator/CNIOSHA1.modulemap -Xcc -fmodule-map-file\=/Users/j/Documents/GitHub/MoneroOne/build/Build/Intermediates.noindex/GeneratedModuleMaps-iphonesimulator/CNIOLLHTTP.modulemap -Xcc -fmodule-map-file\=/Users/j/Documents/GitHub/MoneroOne/build/Build/Intermediates.noindex/GeneratedModuleMaps-iphonesimulator/CNIOPosix.modulemap -Xcc -fmodule-map-file\=/Users/j/Documents/GitHub/MoneroOne/build/Build/Intermediates.noindex/GeneratedModuleMaps-iphonesimulator/CNIOWASI.modulemap -Xcc -fmodule-map-file\=/Users/j/Documents/GitHub/MoneroOne/build/Build/Intermediates.noindex/GeneratedModuleMaps-iphonesimulator/CNIOLinux.modulemap -Xcc -fmodule-map-file\=/Users/j/Documents/GitHub/MoneroOne/build/Build/Intermediates.noindex/GeneratedModuleMaps-iphonesimulator/CNIODarwin.modulemap -Xcc -fmodule-map-file\=/Users/j/Documents/GitHub/MoneroOne/build/Build/Intermediates.noindex/GeneratedModuleMaps-iphonesimulator/CNIOOpenBSD.modulemap -Xcc -fmodule-map-file\=/Users/j/Documents/GitHub/MoneroOne/build/Build/Intermediates.noindex/GeneratedModuleMaps-iphonesimulator/CNIOAtomics.modulemap -DXcode -enable-experimental-feature Lifetimes -enable-upcoming-feature MemberImportVisibility -plugin-path /Applications/Xcode.app/Contents/Developer/Toolchains/XcodeDefault.xctoolchain/usr/lib/swift/host/plugins/testing -enable-experimental-feature DebugDescriptionMacro -sdk /Applications/Xcode.app/Contents/Developer/Platforms/iPhoneSimulator.platform/Developer/SDKs/iPhoneSimulator26.1.sdk -target arm64-apple-ios12.0-simulator -g -module-cache-path /Users/j/Documents/GitHub/MoneroOne/build/ModuleCache.noindex -Xfrontend -serialize-debugging-options -enable-testing -suppress-warnings -index-store-path /Users/j/Documents/GitHub/MoneroOne/build/Index.noindex/DataStore -Xcc -D_LIBCPP_HARDENING_MODE\=_LIBCPP_HARDENING_MODE_DEBUG -swift-version 6 -I /Users/j/Documents/GitHub/MoneroOne/build/Build/Products/Debug-iphonesimulator -Isystem /Applications/Xcode.app/Contents/Developer/Platforms/iPhoneSimulator.platform/Developer/usr/lib -F /Users/j/Documents/GitHub/MoneroOne/build/Build/Products/Debug-iphonesimulator/PackageFrameworks -F /Users/j/Documents/GitHub/MoneroOne/build/Build/Products/Debug-iphonesimulator/PackageFrameworks -F /Users/j/Documents/GitHub/MoneroOne/build/Build/Products/Debug-iphonesimulator/PackageFrameworks -F /Users/j/Documents/GitHub/MoneroOne/build/Build/Products/Debug-iphonesimulator/PackageFrameworks -F /Users/j/Documents/GitHub/MoneroOne/build/Build/Products/Debug-iphonesimulator/PackageFrameworks -F /Users/j/Documents/GitHub/MoneroOne/build/Build/Products/Debug-iphonesimulator/PackageFrameworks -F /Users/j/Documents/GitHub/MoneroOne/build/Build/Products/Debug-iphonesimulator/PackageFrameworks -F /Users/j/Documents/GitHub/MoneroOne/build/Build/Products/Debug-iphonesimulator/PackageFrameworks -F /Users/j/Documents/GitHub/MoneroOne/build/Build/Products/Debug-iphonesimulator/PackageFrameworks -F /Users/j/Documents/GitHub/MoneroOne/build/Build/Products/Debug-iphonesimulator/PackageFrameworks -F /Users/j/Documents/GitHub/MoneroOne/build/Build/Products/Debug-iphonesimulator/PackageFrameworks -F /Users/j/Documents/GitHub/MoneroOne/build/Build/Products/Debug-iphonesimulator/PackageFrameworks -F /Users/j/Documents/GitHub/MoneroOne/build/Build/Products/Debug-iphonesimulator/PackageFrameworks -F /Users/j/Documents/GitHub/MoneroOne/build/Build/Products/Debug-iphonesimulator/PackageFrameworks -F /Users/j/Documents/GitHub/MoneroOne/build/Build/Products/Debug-iphonesimulator/PackageFrameworks -F /Users/j/Documents/GitHub/MoneroOne/build/Build/Products/Debug-iphonesimulator/PackageFrameworks -F /Users/j/Documents/GitHub/MoneroOne/build/Build/Products/Debug-iphonesimulator/PackageFrameworks -F /Users/j/Documents/GitHub/MoneroOne/build/Build/Products/Debug-iphonesimulator/PackageFrameworks -F /Users/j/Documents/GitHub/MoneroOne/build/Build/Products/Debug-iphonesimulator/PackageFrameworks -F /Users/j/Documents/GitHub/MoneroOne/build/Build/Products/Debug-iphonesimulator/PackageFrameworks -F /Users/j/Documents/GitHub/MoneroOne/build/Build/Products/Debug-iphonesimulator/PackageFrameworks -F /Users/j/Documents/GitHub/MoneroOne/build/Build/Products/Debug-iphonesimulator -F /Applications/Xcode.app/Contents/Developer/Platforms/iPhoneSimulator.platform/Developer/Library/Frameworks -F /Applications/Xcode.app/Contents/Developer/Platforms/iPhoneSimulator.platform/Developer/SDKs/iPhoneSimulator26.1.sdk/Developer/Library/Frameworks -c -j12 -enable-batch-mode -incremental -Xcc -ivfsstatcache -Xcc /Users/j/Documents/GitHub/MoneroOne/build/SDKStatCaches.noindex/iphonesimulator26.1-23B77-90cf18a4295e390e64c810bc6bd7acbc.sdkstatcache -output-file-map /Users/j/Documents/GitHub/MoneroOne/build/Build/Intermediates.noindex/swift-nio.build/Debug-iphonesimulator/NIOWebSocket.build/Objects-normal/arm64/NIOWebSocket-OutputFileMap.json -use-frontend-parseable-output -save-temps -no-color-diagnostics -explicit-module-build -module-cache-path /Users/j/Documents/GitHub/MoneroOne/build/Build/Intermediates.noindex/SwiftExplicitPrecompiledModules -clang-scanner-module-cache-path /Users/j/Documents/GitHub/MoneroOne/build/ModuleCache.noindex -sdk-module-cache-path /Users/j/Documents/GitHub/MoneroOne/build/ModuleCache.noindex -serialize-diagnostics -emit-dependencies -emit-module -emit-module-path /Users/j/Documents/GitHub/MoneroOne/build/Build/Intermediates.noindex/swift-nio.build/Debug-iphonesimulator/NIOWebSocket.build/Objects-normal/arm64/NIOWebSocket.swiftmodule -user-module-version 2.92.2 -validate-clang-modules-once -clang-build-session-file /Users/j/Documents/GitHub/MoneroOne/build/ModuleCache.noindex/Session.modulevalidation -package-name swift_nio -Xcc -I/Users/j/Documents/GitHub/MoneroOne/build/Build/Intermediates.noindex/swift-nio.build/Debug-iphonesimulator/NIOWebSocket.build/swift-overrides.hmap -emit-const-values -Xfrontend -const-gather-protocols-file -Xfrontend /Users/j/Documents/GitHub/MoneroOne/build/Build/Intermediates.noindex/swift-nio.build/Debug-iphonesimulator/NIOWebSocket.build/Objects-normal/arm64/NIOWebSocket_const_extract_protocols.json -Xcc -I/Users/j/Documents/GitHub/MoneroOne/build/SourcePackages/checkouts/swift-atomics/Sources/_AtomicsShims/include -Xcc -I/Users/j/Documents/GitHub/MoneroOne/build/SourcePackages/checkouts/swift-nio/Sources/CNIOSHA1/include -Xcc -I/Users/j/Documents/GitHub/MoneroOne/build/SourcePackages/checkouts/swift-nio/Sources/CNIOLLHTTP/include -Xcc -I/Users/j/Documents/GitHub/MoneroOne/build/SourcePackages/checkouts/swift-nio/Sources/CNIOPosix/include -Xcc -I/Users/j/Documents/GitHub/MoneroOne/build/SourcePackages/checkouts/swift-nio/Sources/CNIOWASI/include -Xcc -I/Users/j/Documents/GitHub/MoneroOne/build/SourcePackages/checkouts/swift-nio/Sources/CNIOWindows/include -Xcc -I/Users/j/Documents/GitHub/MoneroOne/build/SourcePackages/checkouts/swift-nio/Sources/CNIOLinux/include -Xcc -I/Users/j/Documents/GitHub/MoneroOne/build/SourcePackages/checkouts/swift-nio/Sources/CNIODarwin/include -Xcc -I/Users/j/Documents/GitHub/MoneroOne/build/SourcePackages/checkouts/swift-nio/Sources/CNIOOpenBSD/include -Xcc -I/Users/j/Documents/GitHub/MoneroOne/build/SourcePackages/checkouts/swift-nio/Sources/CNIOAtomics/include -Xcc -I/Users/j/Documents/GitHub/MoneroOne/build/Build/Products/Debug-iphonesimulator/include -Xcc -I/Users/j/Documents/GitHub/MoneroOne/build/Build/Intermediates.noindex/swift-nio.build/Debug-iphonesimulator/NIOWebSocket.build/DerivedSources-normal/arm64 -Xcc -I/Users/j/Documents/GitHub/MoneroOne/build/Build/Intermediates.noindex/swift-nio.build/Debug-iphonesimulator/NIOWebSocket.build/DerivedSources/arm64 -Xcc -I/Users/j/Documents/GitHub/MoneroOne/build/Build/Intermediates.noindex/swift-nio.build/Debug-iphonesimulator/NIOWebSocket.build/DerivedSources -Xcc -DSWIFT_PACKAGE -Xcc -DDEBUG\=1 -emit-objc-header -emit-objc-header-path /Users/j/Documents/GitHub/MoneroOne/build/Build/Intermediates.noindex/swift-nio.build/Debug-iphonesimulator/NIOWebSocket.build/Objects-normal/arm64/NIOWebSocket-Swift.h -working-directory /Users/j/Documents/GitHub/MoneroOne/MoneroOne.xcodeproj -experimental-emit-module-separately -disable-cmo

SwiftDriverJobDiscovery normal arm64 Compiling WebSocketFrame.swift (in target 'NIOWebSocket' from project 'swift-nio')

SwiftCompile normal arm64 Compiling\ NIOSSLClientHandler.swift,\ NIOSSLHandler+Configuration.swift,\ NIOSSLHandler.swift /Users/j/Documents/GitHub/MoneroOne/build/SourcePackages/checkouts/swift-nio-ssl/Sources/NIOSSL/NIOSSLClientHandler.swift /Users/j/Documents/GitHub/MoneroOne/build/SourcePackages/checkouts/swift-nio-ssl/Sources/NIOSSL/NIOSSLHandler+Configuration.swift /Users/j/Documents/GitHub/MoneroOne/build/SourcePackages/checkouts/swift-nio-ssl/Sources/NIOSSL/NIOSSLHandler.swift (in target 'NIOSSL' from project 'swift-nio-ssl')

SwiftCompile normal arm64 /Users/j/Documents/GitHub/MoneroOne/build/SourcePackages/checkouts/swift-nio-ssl/Sources/NIOSSL/NIOSSLClientHandler.swift (in target 'NIOSSL' from project 'swift-nio-ssl')
    cd /Users/j/Documents/GitHub/MoneroOne/MoneroOne.xcodeproj
    

SwiftCompile normal arm64 /Users/j/Documents/GitHub/MoneroOne/build/SourcePackages/checkouts/swift-nio-ssl/Sources/NIOSSL/NIOSSLHandler+Configuration.swift (in target 'NIOSSL' from project 'swift-nio-ssl')
    cd /Users/j/Documents/GitHub/MoneroOne/MoneroOne.xcodeproj
    

SwiftCompile normal arm64 /Users/j/Documents/GitHub/MoneroOne/build/SourcePackages/checkouts/swift-nio-ssl/Sources/NIOSSL/NIOSSLHandler.swift (in target 'NIOSSL' from project 'swift-nio-ssl')
    cd /Users/j/Documents/GitHub/MoneroOne/MoneroOne.xcodeproj
    

SwiftMergeGeneratedHeaders /Users/j/Documents/GitHub/MoneroOne/build/Build/Intermediates.noindex/GeneratedModuleMaps-iphonesimulator/NIOWebSocket-Swift.h /Users/j/Documents/GitHub/MoneroOne/build/Build/Intermediates.noindex/swift-nio.build/Debug-iphonesimulator/NIOWebSocket.build/Objects-normal/arm64/NIOWebSocket-Swift.h (in target 'NIOWebSocket' from project 'swift-nio')
    cd /Users/j/Documents/GitHub/MoneroOne/build/SourcePackages/checkouts/swift-nio
    builtin-swiftHeaderTool -arch arm64 /Users/j/Documents/GitHub/MoneroOne/build/Build/Intermediates.noindex/swift-nio.build/Debug-iphonesimulator/NIOWebSocket.build/Objects-normal/arm64/NIOWebSocket-Swift.h -o /Users/j/Documents/GitHub/MoneroOne/build/Build/Intermediates.noindex/GeneratedModuleMaps-iphonesimulator/NIOWebSocket-Swift.h

SwiftDriverJobDiscovery normal arm64 Compiling NIOWebSocketServerUpgrader.swift (in target 'NIOWebSocket' from project 'swift-nio')

Copy /Users/j/Documents/GitHub/MoneroOne/build/Build/Products/Debug-iphonesimulator/NIOWebSocket.swiftmodule/arm64-apple-ios-simulator.swiftmodule /Users/j/Documents/GitHub/MoneroOne/build/Build/Intermediates.noindex/swift-nio.build/Debug-iphonesimulator/NIOWebSocket.build/Objects-normal/arm64/NIOWebSocket.swiftmodule (in target 'NIOWebSocket' from project 'swift-nio')
    cd /Users/j/Documents/GitHub/MoneroOne/build/SourcePackages/checkouts/swift-nio
    builtin-copy -exclude .DS_Store -exclude CVS -exclude .svn -exclude .git -exclude .hg -resolve-src-symlinks -rename /Users/j/Documents/GitHub/MoneroOne/build/Build/Intermediates.noindex/swift-nio.build/Debug-iphonesimulator/NIOWebSocket.build/Objects-normal/arm64/NIOWebSocket.swiftmodule /Users/j/Documents/GitHub/MoneroOne/build/Build/Products/Debug-iphonesimulator/NIOWebSocket.swiftmodule/arm64-apple-ios-simulator.swiftmodule

Copy /Users/j/Documents/GitHub/MoneroOne/build/Build/Products/Debug-iphonesimulator/NIOWebSocket.swiftmodule/arm64-apple-ios-simulator.swiftdoc /Users/j/Documents/GitHub/MoneroOne/build/Build/Intermediates.noindex/swift-nio.build/Debug-iphonesimulator/NIOWebSocket.build/Objects-normal/arm64/NIOWebSocket.swiftdoc (in target 'NIOWebSocket' from project 'swift-nio')
    cd /Users/j/Documents/GitHub/MoneroOne/build/SourcePackages/checkouts/swift-nio
    builtin-copy -exclude .DS_Store -exclude CVS -exclude .svn -exclude .git -exclude .hg -resolve-src-symlinks -rename /Users/j/Documents/GitHub/MoneroOne/build/Build/Intermediates.noindex/swift-nio.build/Debug-iphonesimulator/NIOWebSocket.build/Objects-normal/arm64/NIOWebSocket.swiftdoc /Users/j/Documents/GitHub/MoneroOne/build/Build/Products/Debug-iphonesimulator/NIOWebSocket.swiftmodule/arm64-apple-ios-simulator.swiftdoc

Copy /Users/j/Documents/GitHub/MoneroOne/build/Build/Products/Debug-iphonesimulator/NIOWebSocket.swiftmodule/arm64-apple-ios-simulator.abi.json /Users/j/Documents/GitHub/MoneroOne/build/Build/Intermediates.noindex/swift-nio.build/Debug-iphonesimulator/NIOWebSocket.build/Objects-normal/arm64/NIOWebSocket.abi.json (in target 'NIOWebSocket' from project 'swift-nio')
    cd /Users/j/Documents/GitHub/MoneroOne/build/SourcePackages/checkouts/swift-nio
    builtin-copy -exclude .DS_Store -exclude CVS -exclude .svn -exclude .git -exclude .hg -resolve-src-symlinks -rename /Users/j/Documents/GitHub/MoneroOne/build/Build/Intermediates.noindex/swift-nio.build/Debug-iphonesimulator/NIOWebSocket.build/Objects-normal/arm64/NIOWebSocket.abi.json /Users/j/Documents/GitHub/MoneroOne/build/Build/Products/Debug-iphonesimulator/NIOWebSocket.swiftmodule/arm64-apple-ios-simulator.abi.json

Copy /Users/j/Documents/GitHub/MoneroOne/build/Build/Products/Debug-iphonesimulator/NIOWebSocket.swiftmodule/Project/arm64-apple-ios-simulator.swiftsourceinfo /Users/j/Documents/GitHub/MoneroOne/build/Build/Intermediates.noindex/swift-nio.build/Debug-iphonesimulator/NIOWebSocket.build/Objects-normal/arm64/NIOWebSocket.swiftsourceinfo (in target 'NIOWebSocket' from project 'swift-nio')
    cd /Users/j/Documents/GitHub/MoneroOne/build/SourcePackages/checkouts/swift-nio
    builtin-copy -exclude .DS_Store -exclude CVS -exclude .svn -exclude .git -exclude .hg -resolve-src-symlinks -rename /Users/j/Documents/GitHub/MoneroOne/build/Build/Intermediates.noindex/swift-nio.build/Debug-iphonesimulator/NIOWebSocket.build/Objects-normal/arm64/NIOWebSocket.swiftsourceinfo /Users/j/Documents/GitHub/MoneroOne/build/Build/Products/Debug-iphonesimulator/NIOWebSocket.swiftmodule/Project/arm64-apple-ios-simulator.swiftsourceinfo

SwiftCompile normal arm64 Compiling\ NIOSSLServerHandler.swift,\ ObjectIdentifier.swift,\ PosixPort.swift /Users/j/Documents/GitHub/MoneroOne/build/SourcePackages/checkouts/swift-nio-ssl/Sources/NIOSSL/NIOSSLServerHandler.swift /Users/j/Documents/GitHub/MoneroOne/build/SourcePackages/checkouts/swift-nio-ssl/Sources/NIOSSL/ObjectIdentifier.swift /Users/j/Documents/GitHub/MoneroOne/build/SourcePackages/checkouts/swift-nio-ssl/Sources/NIOSSL/PosixPort.swift (in target 'NIOSSL' from project 'swift-nio-ssl')

SwiftCompile normal arm64 /Users/j/Documents/GitHub/MoneroOne/build/SourcePackages/checkouts/swift-nio-ssl/Sources/NIOSSL/NIOSSLServerHandler.swift (in target 'NIOSSL' from project 'swift-nio-ssl')
    cd /Users/j/Documents/GitHub/MoneroOne/MoneroOne.xcodeproj
    

SwiftCompile normal arm64 /Users/j/Documents/GitHub/MoneroOne/build/SourcePackages/checkouts/swift-nio-ssl/Sources/NIOSSL/ObjectIdentifier.swift (in target 'NIOSSL' from project 'swift-nio-ssl')
    cd /Users/j/Documents/GitHub/MoneroOne/MoneroOne.xcodeproj
    

SwiftCompile normal arm64 /Users/j/Documents/GitHub/MoneroOne/build/SourcePackages/checkouts/swift-nio-ssl/Sources/NIOSSL/PosixPort.swift (in target 'NIOSSL' from project 'swift-nio-ssl')
    cd /Users/j/Documents/GitHub/MoneroOne/MoneroOne.xcodeproj
    

SwiftCompile normal arm64 Compiling\ resource_bundle_accessor.swift,\ AndroidCABundle.swift,\ ByteBufferBIO.swift /Users/j/Documents/GitHub/MoneroOne/build/Build/Intermediates.noindex/swift-nio-ssl.build/Debug-iphonesimulator/NIOSSL.build/DerivedSources/resource_bundle_accessor.swift /Users/j/Documents/GitHub/MoneroOne/build/SourcePackages/checkouts/swift-nio-ssl/Sources/NIOSSL/AndroidCABundle.swift /Users/j/Documents/GitHub/MoneroOne/build/SourcePackages/checkouts/swift-nio-ssl/Sources/NIOSSL/ByteBufferBIO.swift (in target 'NIOSSL' from project 'swift-nio-ssl')

SwiftCompile normal arm64 /Users/j/Documents/GitHub/MoneroOne/build/Build/Intermediates.noindex/swift-nio-ssl.build/Debug-iphonesimulator/NIOSSL.build/DerivedSources/resource_bundle_accessor.swift (in target 'NIOSSL' from project 'swift-nio-ssl')
    cd /Users/j/Documents/GitHub/MoneroOne/MoneroOne.xcodeproj
    

SwiftCompile normal arm64 /Users/j/Documents/GitHub/MoneroOne/build/SourcePackages/checkouts/swift-nio-ssl/Sources/NIOSSL/AndroidCABundle.swift (in target 'NIOSSL' from project 'swift-nio-ssl')
    cd /Users/j/Documents/GitHub/MoneroOne/MoneroOne.xcodeproj
    

SwiftCompile normal arm64 /Users/j/Documents/GitHub/MoneroOne/build/SourcePackages/checkouts/swift-nio-ssl/Sources/NIOSSL/ByteBufferBIO.swift (in target 'NIOSSL' from project 'swift-nio-ssl')
    cd /Users/j/Documents/GitHub/MoneroOne/MoneroOne.xcodeproj
    

SwiftDriverJobDiscovery normal arm64 Compiling WebSocketFrameDecoder.swift (in target 'NIOWebSocket' from project 'swift-nio')

SwiftDriver\ Compilation NIOWebSocket normal arm64 com.apple.xcode.tools.swift.compiler (in target 'NIOWebSocket' from project 'swift-nio')
    cd /Users/j/Documents/GitHub/MoneroOne/MoneroOne.xcodeproj
    builtin-Swift-Compilation -- /Applications/Xcode.app/Contents/Developer/Toolchains/XcodeDefault.xctoolchain/usr/bin/swiftc -module-name NIOWebSocket -Onone -enforce-exclusivity\=checked @/Users/j/Documents/GitHub/MoneroOne/build/Build/Intermediates.noindex/swift-nio.build/Debug-iphonesimulator/NIOWebSocket.build/Objects-normal/arm64/NIOWebSocket.SwiftFileList -DSWIFT_PACKAGE -DDEBUG -DSWIFT_MODULE_RESOURCE_BUNDLE_UNAVAILABLE -Xcc -fmodule-map-file\=/Users/j/Documents/GitHub/MoneroOne/build/Build/Intermediates.noindex/GeneratedModuleMaps-iphonesimulator/CNIOSHA1.modulemap -Xcc -fmodule-map-file\=/Users/j/Documents/GitHub/MoneroOne/build/Build/Intermediates.noindex/GeneratedModuleMaps-iphonesimulator/CNIOLLHTTP.modulemap -Xcc -fmodule-map-file\=/Users/j/Documents/GitHub/MoneroOne/build/Build/Intermediates.noindex/GeneratedModuleMaps-iphonesimulator/CNIOPosix.modulemap -Xcc -fmodule-map-file\=/Users/j/Documents/GitHub/MoneroOne/build/Build/Intermediates.noindex/GeneratedModuleMaps-iphonesimulator/CNIOWASI.modulemap -Xcc -fmodule-map-file\=/Users/j/Documents/GitHub/MoneroOne/build/Build/Intermediates.noindex/GeneratedModuleMaps-iphonesimulator/CNIOLinux.modulemap -Xcc -fmodule-map-file\=/Users/j/Documents/GitHub/MoneroOne/build/Build/Intermediates.noindex/GeneratedModuleMaps-iphonesimulator/CNIODarwin.modulemap -Xcc -fmodule-map-file\=/Users/j/Documents/GitHub/MoneroOne/build/Build/Intermediates.noindex/GeneratedModuleMaps-iphonesimulator/CNIOOpenBSD.modulemap -Xcc -fmodule-map-file\=/Users/j/Documents/GitHub/MoneroOne/build/Build/Intermediates.noindex/GeneratedModuleMaps-iphonesimulator/CNIOAtomics.modulemap -DXcode -enable-experimental-feature Lifetimes -enable-upcoming-feature MemberImportVisibility -plugin-path /Applications/Xcode.app/Contents/Developer/Toolchains/XcodeDefault.xctoolchain/usr/lib/swift/host/plugins/testing -enable-experimental-feature DebugDescriptionMacro -sdk /Applications/Xcode.app/Contents/Developer/Platforms/iPhoneSimulator.platform/Developer/SDKs/iPhoneSimulator26.1.sdk -target arm64-apple-ios12.0-simulator -g -module-cache-path /Users/j/Documents/GitHub/MoneroOne/build/ModuleCache.noindex -Xfrontend -serialize-debugging-options -enable-testing -suppress-warnings -index-store-path /Users/j/Documents/GitHub/MoneroOne/build/Index.noindex/DataStore -Xcc -D_LIBCPP_HARDENING_MODE\=_LIBCPP_HARDENING_MODE_DEBUG -swift-version 6 -I /Users/j/Documents/GitHub/MoneroOne/build/Build/Products/Debug-iphonesimulator -Isystem /Applications/Xcode.app/Contents/Developer/Platforms/iPhoneSimulator.platform/Developer/usr/lib -F /Users/j/Documents/GitHub/MoneroOne/build/Build/Products/Debug-iphonesimulator/PackageFrameworks -F /Users/j/Documents/GitHub/MoneroOne/build/Build/Products/Debug-iphonesimulator/PackageFrameworks -F /Users/j/Documents/GitHub/MoneroOne/build/Build/Products/Debug-iphonesimulator/PackageFrameworks -F /Users/j/Documents/GitHub/MoneroOne/build/Build/Products/Debug-iphonesimulator/PackageFrameworks -F /Users/j/Documents/GitHub/MoneroOne/build/Build/Products/Debug-iphonesimulator/PackageFrameworks -F /Users/j/Documents/GitHub/MoneroOne/build/Build/Products/Debug-iphonesimulator/PackageFrameworks -F /Users/j/Documents/GitHub/MoneroOne/build/Build/Products/Debug-iphonesimulator/PackageFrameworks -F /Users/j/Documents/GitHub/MoneroOne/build/Build/Products/Debug-iphonesimulator/PackageFrameworks -F /Users/j/Documents/GitHub/MoneroOne/build/Build/Products/Debug-iphonesimulator/PackageFrameworks -F /Users/j/Documents/GitHub/MoneroOne/build/Build/Products/Debug-iphonesimulator/PackageFrameworks -F /Users/j/Documents/GitHub/MoneroOne/build/Build/Products/Debug-iphonesimulator/PackageFrameworks -F /Users/j/Documents/GitHub/MoneroOne/build/Build/Products/Debug-iphonesimulator/PackageFrameworks -F /Users/j/Documents/GitHub/MoneroOne/build/Build/Products/Debug-iphonesimulator/PackageFrameworks -F /Users/j/Documents/GitHub/MoneroOne/build/Build/Products/Debug-iphonesimulator/PackageFrameworks -F /Users/j/Documents/GitHub/MoneroOne/build/Build/Products/Debug-iphonesimulator/PackageFrameworks -F /Users/j/Documents/GitHub/MoneroOne/build/Build/Products/Debug-iphonesimulator/PackageFrameworks -F /Users/j/Documents/GitHub/MoneroOne/build/Build/Products/Debug-iphonesimulator/PackageFrameworks -F /Users/j/Documents/GitHub/MoneroOne/build/Build/Products/Debug-iphonesimulator/PackageFrameworks -F /Users/j/Documents/GitHub/MoneroOne/build/Build/Products/Debug-iphonesimulator/PackageFrameworks -F /Users/j/Documents/GitHub/MoneroOne/build/Build/Products/Debug-iphonesimulator/PackageFrameworks -F /Users/j/Documents/GitHub/MoneroOne/build/Build/Products/Debug-iphonesimulator/PackageFrameworks -F /Users/j/Documents/GitHub/MoneroOne/build/Build/Products/Debug-iphonesimulator -F /Applications/Xcode.app/Contents/Developer/Platforms/iPhoneSimulator.platform/Developer/Library/Frameworks -F /Applications/Xcode.app/Contents/Developer/Platforms/iPhoneSimulator.platform/Developer/SDKs/iPhoneSimulator26.1.sdk/Developer/Library/Frameworks -c -j12 -enable-batch-mode -incremental -Xcc -ivfsstatcache -Xcc /Users/j/Documents/GitHub/MoneroOne/build/SDKStatCaches.noindex/iphonesimulator26.1-23B77-90cf18a4295e390e64c810bc6bd7acbc.sdkstatcache -output-file-map /Users/j/Documents/GitHub/MoneroOne/build/Build/Intermediates.noindex/swift-nio.build/Debug-iphonesimulator/NIOWebSocket.build/Objects-normal/arm64/NIOWebSocket-OutputFileMap.json -use-frontend-parseable-output -save-temps -no-color-diagnostics -explicit-module-build -module-cache-path /Users/j/Documents/GitHub/MoneroOne/build/Build/Intermediates.noindex/SwiftExplicitPrecompiledModules -clang-scanner-module-cache-path /Users/j/Documents/GitHub/MoneroOne/build/ModuleCache.noindex -sdk-module-cache-path /Users/j/Documents/GitHub/MoneroOne/build/ModuleCache.noindex -serialize-diagnostics -emit-dependencies -emit-module -emit-module-path /Users/j/Documents/GitHub/MoneroOne/build/Build/Intermediates.noindex/swift-nio.build/Debug-iphonesimulator/NIOWebSocket.build/Objects-normal/arm64/NIOWebSocket.swiftmodule -user-module-version 2.92.2 -validate-clang-modules-once -clang-build-session-file /Users/j/Documents/GitHub/MoneroOne/build/ModuleCache.noindex/Session.modulevalidation -package-name swift_nio -Xcc -I/Users/j/Documents/GitHub/MoneroOne/build/Build/Intermediates.noindex/swift-nio.build/Debug-iphonesimulator/NIOWebSocket.build/swift-overrides.hmap -emit-const-values -Xfrontend -const-gather-protocols-file -Xfrontend /Users/j/Documents/GitHub/MoneroOne/build/Build/Intermediates.noindex/swift-nio.build/Debug-iphonesimulator/NIOWebSocket.build/Objects-normal/arm64/NIOWebSocket_const_extract_protocols.json -Xcc -I/Users/j/Documents/GitHub/MoneroOne/build/SourcePackages/checkouts/swift-atomics/Sources/_AtomicsShims/include -Xcc -I/Users/j/Documents/GitHub/MoneroOne/build/SourcePackages/checkouts/swift-nio/Sources/CNIOSHA1/include -Xcc -I/Users/j/Documents/GitHub/MoneroOne/build/SourcePackages/checkouts/swift-nio/Sources/CNIOLLHTTP/include -Xcc -I/Users/j/Documents/GitHub/MoneroOne/build/SourcePackages/checkouts/swift-nio/Sources/CNIOPosix/include -Xcc -I/Users/j/Documents/GitHub/MoneroOne/build/SourcePackages/checkouts/swift-nio/Sources/CNIOWASI/include -Xcc -I/Users/j/Documents/GitHub/MoneroOne/build/SourcePackages/checkouts/swift-nio/Sources/CNIOWindows/include -Xcc -I/Users/j/Documents/GitHub/MoneroOne/build/SourcePackages/checkouts/swift-nio/Sources/CNIOLinux/include -Xcc -I/Users/j/Documents/GitHub/MoneroOne/build/SourcePackages/checkouts/swift-nio/Sources/CNIODarwin/include -Xcc -I/Users/j/Documents/GitHub/MoneroOne/build/SourcePackages/checkouts/swift-nio/Sources/CNIOOpenBSD/include -Xcc -I/Users/j/Documents/GitHub/MoneroOne/build/SourcePackages/checkouts/swift-nio/Sources/CNIOAtomics/include -Xcc -I/Users/j/Documents/GitHub/MoneroOne/build/Build/Products/Debug-iphonesimulator/include -Xcc -I/Users/j/Documents/GitHub/MoneroOne/build/Build/Intermediates.noindex/swift-nio.build/Debug-iphonesimulator/NIOWebSocket.build/DerivedSources-normal/arm64 -Xcc -I/Users/j/Documents/GitHub/MoneroOne/build/Build/Intermediates.noindex/swift-nio.build/Debug-iphonesimulator/NIOWebSocket.build/DerivedSources/arm64 -Xcc -I/Users/j/Documents/GitHub/MoneroOne/build/Build/Intermediates.noindex/swift-nio.build/Debug-iphonesimulator/NIOWebSocket.build/DerivedSources -Xcc -DSWIFT_PACKAGE -Xcc -DDEBUG\=1 -emit-objc-header -emit-objc-header-path /Users/j/Documents/GitHub/MoneroOne/build/Build/Intermediates.noindex/swift-nio.build/Debug-iphonesimulator/NIOWebSocket.build/Objects-normal/arm64/NIOWebSocket-Swift.h -working-directory /Users/j/Documents/GitHub/MoneroOne/MoneroOne.xcodeproj -experimental-emit-module-separately -disable-cmo

SwiftDriverJobDiscovery normal arm64 Compiling RNG.swift, SafeCompare.swift (in target 'NIOSSL' from project 'swift-nio-ssl')

SwiftCompile normal arm64 Compiling\ String+unsafeUninitializedCapacity.swift,\ SubjectAlternativeName.swift,\ NIOSSLSecureBytes.swift /Users/j/Documents/GitHub/MoneroOne/build/SourcePackages/checkouts/swift-nio-ssl/Sources/NIOSSL/String+unsafeUninitializedCapacity.swift /Users/j/Documents/GitHub/MoneroOne/build/SourcePackages/checkouts/swift-nio-ssl/Sources/NIOSSL/SubjectAlternativeName.swift /Users/j/Documents/GitHub/MoneroOne/build/SourcePackages/checkouts/swift-nio-ssl/Sources/NIOSSL/SwiftCrypto/NIOSSLSecureBytes.swift (in target 'NIOSSL' from project 'swift-nio-ssl')

SwiftCompile normal arm64 /Users/j/Documents/GitHub/MoneroOne/build/SourcePackages/checkouts/swift-nio-ssl/Sources/NIOSSL/String+unsafeUninitializedCapacity.swift (in target 'NIOSSL' from project 'swift-nio-ssl')
    cd /Users/j/Documents/GitHub/MoneroOne/MoneroOne.xcodeproj
    

SwiftCompile normal arm64 /Users/j/Documents/GitHub/MoneroOne/build/SourcePackages/checkouts/swift-nio-ssl/Sources/NIOSSL/SubjectAlternativeName.swift (in target 'NIOSSL' from project 'swift-nio-ssl')
    cd /Users/j/Documents/GitHub/MoneroOne/MoneroOne.xcodeproj
    

SwiftCompile normal arm64 /Users/j/Documents/GitHub/MoneroOne/build/SourcePackages/checkouts/swift-nio-ssl/Sources/NIOSSL/SwiftCrypto/NIOSSLSecureBytes.swift (in target 'NIOSSL' from project 'swift-nio-ssl')
    cd /Users/j/Documents/GitHub/MoneroOne/MoneroOne.xcodeproj
    

SwiftDriverJobDiscovery normal arm64 Compiling UniversalBootstrapSupport.swift, UnsafeKeyAndChainTarget.swift (in target 'NIOSSL' from project 'swift-nio-ssl')

SwiftCompile normal arm64 Compiling\ SSLCallbacks.swift,\ SSLCertificate.swift,\ SSLCertificateExtensions.swift /Users/j/Documents/GitHub/MoneroOne/build/SourcePackages/checkouts/swift-nio-ssl/Sources/NIOSSL/SSLCallbacks.swift /Users/j/Documents/GitHub/MoneroOne/build/SourcePackages/checkouts/swift-nio-ssl/Sources/NIOSSL/SSLCertificate.swift /Users/j/Documents/GitHub/MoneroOne/build/SourcePackages/checkouts/swift-nio-ssl/Sources/NIOSSL/SSLCertificateExtensions.swift (in target 'NIOSSL' from project 'swift-nio-ssl')

SwiftCompile normal arm64 /Users/j/Documents/GitHub/MoneroOne/build/SourcePackages/checkouts/swift-nio-ssl/Sources/NIOSSL/SSLCallbacks.swift (in target 'NIOSSL' from project 'swift-nio-ssl')
    cd /Users/j/Documents/GitHub/MoneroOne/MoneroOne.xcodeproj
    

SwiftCompile normal arm64 /Users/j/Documents/GitHub/MoneroOne/build/SourcePackages/checkouts/swift-nio-ssl/Sources/NIOSSL/SSLCertificate.swift (in target 'NIOSSL' from project 'swift-nio-ssl')
    cd /Users/j/Documents/GitHub/MoneroOne/MoneroOne.xcodeproj
    

SwiftCompile normal arm64 /Users/j/Documents/GitHub/MoneroOne/build/SourcePackages/checkouts/swift-nio-ssl/Sources/NIOSSL/SSLCertificateExtensions.swift (in target 'NIOSSL' from project 'swift-nio-ssl')
    cd /Users/j/Documents/GitHub/MoneroOne/MoneroOne.xcodeproj
    

SwiftDriverJobDiscovery normal arm64 Compiling resource_bundle_accessor.swift, AndroidCABundle.swift, ByteBufferBIO.swift (in target 'NIOSSL' from project 'swift-nio-ssl')

SwiftDriverJobDiscovery normal arm64 Compiling SSLErrors.swift, SSLInit.swift, SSLPKCS12Bundle.swift (in target 'NIOSSL' from project 'swift-nio-ssl')

SwiftDriverJobDiscovery normal arm64 Emitting module for NIOSSL (in target 'NIOSSL' from project 'swift-nio-ssl')

SwiftDriver\ Compilation\ Requirements NIOSSL normal arm64 com.apple.xcode.tools.swift.compiler (in target 'NIOSSL' from project 'swift-nio-ssl')
    cd /Users/j/Documents/GitHub/MoneroOne/MoneroOne.xcodeproj
    builtin-Swift-Compilation-Requirements -- /Applications/Xcode.app/Contents/Developer/Toolchains/XcodeDefault.xctoolchain/usr/bin/swiftc -module-name NIOSSL -Onone -enforce-exclusivity\=checked @/Users/j/Documents/GitHub/MoneroOne/build/Build/Intermediates.noindex/swift-nio-ssl.build/Debug-iphonesimulator/NIOSSL.build/Objects-normal/arm64/NIOSSL.SwiftFileList -DSWIFT_PACKAGE -DDEBUG -DSWIFT_MODULE_RESOURCE_BUNDLE_AVAILABLE -Xcc -fmodule-map-file\=/Users/j/Documents/GitHub/MoneroOne/build/Build/Intermediates.noindex/GeneratedModuleMaps-iphonesimulator/CNIOPosix.modulemap -Xcc -fmodule-map-file\=/Users/j/Documents/GitHub/MoneroOne/build/Build/Intermediates.noindex/GeneratedModuleMaps-iphonesimulator/CNIOWASI.modulemap -Xcc -fmodule-map-file\=/Users/j/Documents/GitHub/MoneroOne/build/Build/Intermediates.noindex/GeneratedModuleMaps-iphonesimulator/CNIOLinux.modulemap -Xcc -fmodule-map-file\=/Users/j/Documents/GitHub/MoneroOne/build/Build/Intermediates.noindex/GeneratedModuleMaps-iphonesimulator/CNIODarwin.modulemap -Xcc -fmodule-map-file\=/Users/j/Documents/GitHub/MoneroOne/build/Build/Intermediates.noindex/GeneratedModuleMaps-iphonesimulator/CNIOOpenBSD.modulemap -Xcc -fmodule-map-file\=/Users/j/Documents/GitHub/MoneroOne/build/Build/Intermediates.noindex/GeneratedModuleMaps-iphonesimulator/CNIOAtomics.modulemap -Xcc -fmodule-map-file\=/Users/j/Documents/GitHub/MoneroOne/build/Build/Intermediates.noindex/GeneratedModuleMaps-iphonesimulator/CNIOBoringSSLShims.modulemap -DXcode -enable-upcoming-feature MemberImportVisibility -plugin-path /Applications/Xcode.app/Contents/Developer/Toolchains/XcodeDefault.xctoolchain/usr/lib/swift/host/plugins/testing -enable-experimental-feature DebugDescriptionMacro -sdk /Applications/Xcode.app/Contents/Developer/Platforms/iPhoneSimulator.platform/Developer/SDKs/iPhoneSimulator26.1.sdk -target arm64-apple-ios12.0-simulator -g -module-cache-path /Users/j/Documents/GitHub/MoneroOne/build/ModuleCache.noindex -Xfrontend -serialize-debugging-options -enable-testing -suppress-warnings -index-store-path /Users/j/Documents/GitHub/MoneroOne/build/Index.noindex/DataStore -Xcc -D_LIBCPP_HARDENING_MODE\=_LIBCPP_HARDENING_MODE_DEBUG -swift-version 6 -I /Users/j/Documents/GitHub/MoneroOne/build/Build/Products/Debug-iphonesimulator -Isystem /Applications/Xcode.app/Contents/Developer/Platforms/iPhoneSimulator.platform/Developer/usr/lib -F /Users/j/Documents/GitHub/MoneroOne/build/Build/Products/Debug-iphonesimulator/PackageFrameworks -F /Users/j/Documents/GitHub/MoneroOne/build/Build/Products/Debug-iphonesimulator/PackageFrameworks -F /Users/j/Documents/GitHub/MoneroOne/build/Build/Products/Debug-iphonesimulator/PackageFrameworks -F /Users/j/Documents/GitHub/MoneroOne/build/Build/Products/Debug-iphonesimulator/PackageFrameworks -F /Users/j/Documents/GitHub/MoneroOne/build/Build/Products/Debug-iphonesimulator/PackageFrameworks -F /Users/j/Documents/GitHub/MoneroOne/build/Build/Products/Debug-iphonesimulator/PackageFrameworks -F /Users/j/Documents/GitHub/MoneroOne/build/Build/Products/Debug-iphonesimulator/PackageFrameworks -F /Users/j/Documents/GitHub/MoneroOne/build/Build/Products/Debug-iphonesimulator/PackageFrameworks -F /Users/j/Documents/GitHub/MoneroOne/build/Build/Products/Debug-iphonesimulator/PackageFrameworks -F /Users/j/Documents/GitHub/MoneroOne/build/Build/Products/Debug-iphonesimulator/PackageFrameworks -F /Users/j/Documents/GitHub/MoneroOne/build/Build/Products/Debug-iphonesimulator/PackageFrameworks -F /Users/j/Documents/GitHub/MoneroOne/build/Build/Products/Debug-iphonesimulator/PackageFrameworks -F /Users/j/Documents/GitHub/MoneroOne/build/Build/Products/Debug-iphonesimulator/PackageFrameworks -F /Users/j/Documents/GitHub/MoneroOne/build/Build/Products/Debug-iphonesimulator/PackageFrameworks -F /Users/j/Documents/GitHub/MoneroOne/build/Build/Products/Debug-iphonesimulator/PackageFrameworks -F /Users/j/Documents/GitHub/MoneroOne/build/Build/Products/Debug-iphonesimulator/PackageFrameworks -F /Users/j/Documents/GitHub/MoneroOne/build/Build/Products/Debug-iphonesimulator/PackageFrameworks -F /Users/j/Documents/GitHub/MoneroOne/build/Build/Products/Debug-iphonesimulator/PackageFrameworks -F /Users/j/Documents/GitHub/MoneroOne/build/Build/Products/Debug-iphonesimulator/PackageFrameworks -F /Users/j/Documents/GitHub/MoneroOne/build/Build/Products/Debug-iphonesimulator/PackageFrameworks -F /Users/j/Documents/GitHub/MoneroOne/build/Build/Products/Debug-iphonesimulator/PackageFrameworks -F /Users/j/Documents/GitHub/MoneroOne/build/Build/Products/Debug-iphonesimulator -F /Applications/Xcode.app/Contents/Developer/Platforms/iPhoneSimulator.platform/Developer/Library/Frameworks -F /Applications/Xcode.app/Contents/Developer/Platforms/iPhoneSimulator.platform/Developer/SDKs/iPhoneSimulator26.1.sdk/Developer/Library/Frameworks -c -j12 -enable-batch-mode -incremental -Xcc -ivfsstatcache -Xcc /Users/j/Documents/GitHub/MoneroOne/build/SDKStatCaches.noindex/iphonesimulator26.1-23B77-90cf18a4295e390e64c810bc6bd7acbc.sdkstatcache -output-file-map /Users/j/Documents/GitHub/MoneroOne/build/Build/Intermediates.noindex/swift-nio-ssl.build/Debug-iphonesimulator/NIOSSL.build/Objects-normal/arm64/NIOSSL-OutputFileMap.json -use-frontend-parseable-output -save-temps -no-color-diagnostics -explicit-module-build -module-cache-path /Users/j/Documents/GitHub/MoneroOne/build/Build/Intermediates.noindex/SwiftExplicitPrecompiledModules -clang-scanner-module-cache-path /Users/j/Documents/GitHub/MoneroOne/build/ModuleCache.noindex -sdk-module-cache-path /Users/j/Documents/GitHub/MoneroOne/build/ModuleCache.noindex -serialize-diagnostics -emit-dependencies -emit-module -emit-module-path /Users/j/Documents/GitHub/MoneroOne/build/Build/Intermediates.noindex/swift-nio-ssl.build/Debug-iphonesimulator/NIOSSL.build/Objects-normal/arm64/NIOSSL.swiftmodule -user-module-version 2.36.0 -validate-clang-modules-once -clang-build-session-file /Users/j/Documents/GitHub/MoneroOne/build/ModuleCache.noindex/Session.modulevalidation -package-name swift_nio_ssl -Xcc -I/Users/j/Documents/GitHub/MoneroOne/build/Build/Intermediates.noindex/swift-nio-ssl.build/Debug-iphonesimulator/NIOSSL.build/swift-overrides.hmap -emit-const-values -Xfrontend -const-gather-protocols-file -Xfrontend /Users/j/Documents/GitHub/MoneroOne/build/Build/Intermediates.noindex/swift-nio-ssl.build/Debug-iphonesimulator/NIOSSL.build/Objects-normal/arm64/NIOSSL_const_extract_protocols.json -Xcc -I/Users/j/Documents/GitHub/MoneroOne/build/SourcePackages/checkouts/swift-atomics/Sources/_AtomicsShims/include -Xcc -I/Users/j/Documents/GitHub/MoneroOne/build/SourcePackages/checkouts/swift-nio/Sources/CNIOPosix/include -Xcc -I/Users/j/Documents/GitHub/MoneroOne/build/SourcePackages/checkouts/swift-nio/Sources/CNIOWASI/include -Xcc -I/Users/j/Documents/GitHub/MoneroOne/build/SourcePackages/checkouts/swift-nio/Sources/CNIOWindows/include -Xcc -I/Users/j/Documents/GitHub/MoneroOne/build/SourcePackages/checkouts/swift-nio/Sources/CNIOLinux/include -Xcc -I/Users/j/Documents/GitHub/MoneroOne/build/SourcePackages/checkouts/swift-nio/Sources/CNIODarwin/include -Xcc -I/Users/j/Documents/GitHub/MoneroOne/build/SourcePackages/checkouts/swift-nio/Sources/CNIOOpenBSD/include -Xcc -I/Users/j/Documents/GitHub/MoneroOne/build/SourcePackages/checkouts/swift-nio/Sources/CNIOAtomics/include -Xcc -I/Users/j/Documents/GitHub/MoneroOne/build/SourcePackages/checkouts/swift-nio-ssl/Sources/CNIOBoringSSLShims/include -Xcc -I/Users/j/Documents/GitHub/MoneroOne/build/SourcePackages/checkouts/swift-nio-ssl/Sources/CNIOBoringSSL/include -Xcc -I/Users/j/Documents/GitHub/MoneroOne/build/Build/Products/Debug-iphonesimulator/include -Xcc -I/Users/j/Documents/GitHub/MoneroOne/build/Build/Intermediates.noindex/swift-nio-ssl.build/Debug-iphonesimulator/NIOSSL.build/DerivedSources-normal/arm64 -Xcc -I/Users/j/Documents/GitHub/MoneroOne/build/Build/Intermediates.noindex/swift-nio-ssl.build/Debug-iphonesimulator/NIOSSL.build/DerivedSources/arm64 -Xcc -I/Users/j/Documents/GitHub/MoneroOne/build/Build/Intermediates.noindex/swift-nio-ssl.build/Debug-iphonesimulator/NIOSSL.build/DerivedSources -Xcc -DSWIFT_PACKAGE -Xcc -DDEBUG\=1 -emit-objc-header -emit-objc-header-path /Users/j/Documents/GitHub/MoneroOne/build/Build/Intermediates.noindex/swift-nio-ssl.build/Debug-iphonesimulator/NIOSSL.build/Objects-normal/arm64/NIOSSL-Swift.h -working-directory /Users/j/Documents/GitHub/MoneroOne/MoneroOne.xcodeproj -experimental-emit-module-separately -disable-cmo

SwiftMergeGeneratedHeaders /Users/j/Documents/GitHub/MoneroOne/build/Build/Intermediates.noindex/GeneratedModuleMaps-iphonesimulator/NIOSSL-Swift.h /Users/j/Documents/GitHub/MoneroOne/build/Build/Intermediates.noindex/swift-nio-ssl.build/Debug-iphonesimulator/NIOSSL.build/Objects-normal/arm64/NIOSSL-Swift.h (in target 'NIOSSL' from project 'swift-nio-ssl')
    cd /Users/j/Documents/GitHub/MoneroOne/build/SourcePackages/checkouts/swift-nio-ssl
    builtin-swiftHeaderTool -arch arm64 /Users/j/Documents/GitHub/MoneroOne/build/Build/Intermediates.noindex/swift-nio-ssl.build/Debug-iphonesimulator/NIOSSL.build/Objects-normal/arm64/NIOSSL-Swift.h -o /Users/j/Documents/GitHub/MoneroOne/build/Build/Intermediates.noindex/GeneratedModuleMaps-iphonesimulator/NIOSSL-Swift.h

Copy /Users/j/Documents/GitHub/MoneroOne/build/Build/Products/Debug-iphonesimulator/NIOSSL.swiftmodule/arm64-apple-ios-simulator.swiftmodule /Users/j/Documents/GitHub/MoneroOne/build/Build/Intermediates.noindex/swift-nio-ssl.build/Debug-iphonesimulator/NIOSSL.build/Objects-normal/arm64/NIOSSL.swiftmodule (in target 'NIOSSL' from project 'swift-nio-ssl')
    cd /Users/j/Documents/GitHub/MoneroOne/build/SourcePackages/checkouts/swift-nio-ssl
    builtin-copy -exclude .DS_Store -exclude CVS -exclude .svn -exclude .git -exclude .hg -resolve-src-symlinks -rename /Users/j/Documents/GitHub/MoneroOne/build/Build/Intermediates.noindex/swift-nio-ssl.build/Debug-iphonesimulator/NIOSSL.build/Objects-normal/arm64/NIOSSL.swiftmodule /Users/j/Documents/GitHub/MoneroOne/build/Build/Products/Debug-iphonesimulator/NIOSSL.swiftmodule/arm64-apple-ios-simulator.swiftmodule

Copy /Users/j/Documents/GitHub/MoneroOne/build/Build/Products/Debug-iphonesimulator/NIOSSL.swiftmodule/arm64-apple-ios-simulator.swiftdoc /Users/j/Documents/GitHub/MoneroOne/build/Build/Intermediates.noindex/swift-nio-ssl.build/Debug-iphonesimulator/NIOSSL.build/Objects-normal/arm64/NIOSSL.swiftdoc (in target 'NIOSSL' from project 'swift-nio-ssl')
    cd /Users/j/Documents/GitHub/MoneroOne/build/SourcePackages/checkouts/swift-nio-ssl
    builtin-copy -exclude .DS_Store -exclude CVS -exclude .svn -exclude .git -exclude .hg -resolve-src-symlinks -rename /Users/j/Documents/GitHub/MoneroOne/build/Build/Intermediates.noindex/swift-nio-ssl.build/Debug-iphonesimulator/NIOSSL.build/Objects-normal/arm64/NIOSSL.swiftdoc /Users/j/Documents/GitHub/MoneroOne/build/Build/Products/Debug-iphonesimulator/NIOSSL.swiftmodule/arm64-apple-ios-simulator.swiftdoc

Copy /Users/j/Documents/GitHub/MoneroOne/build/Build/Products/Debug-iphonesimulator/NIOSSL.swiftmodule/arm64-apple-ios-simulator.abi.json /Users/j/Documents/GitHub/MoneroOne/build/Build/Intermediates.noindex/swift-nio-ssl.build/Debug-iphonesimulator/NIOSSL.build/Objects-normal/arm64/NIOSSL.abi.json (in target 'NIOSSL' from project 'swift-nio-ssl')
    cd /Users/j/Documents/GitHub/MoneroOne/build/SourcePackages/checkouts/swift-nio-ssl
    builtin-copy -exclude .DS_Store -exclude CVS -exclude .svn -exclude .git -exclude .hg -resolve-src-symlinks -rename /Users/j/Documents/GitHub/MoneroOne/build/Build/Intermediates.noindex/swift-nio-ssl.build/Debug-iphonesimulator/NIOSSL.build/Objects-normal/arm64/NIOSSL.abi.json /Users/j/Documents/GitHub/MoneroOne/build/Build/Products/Debug-iphonesimulator/NIOSSL.swiftmodule/arm64-apple-ios-simulator.abi.json

Copy /Users/j/Documents/GitHub/MoneroOne/build/Build/Products/Debug-iphonesimulator/NIOSSL.swiftmodule/Project/arm64-apple-ios-simulator.swiftsourceinfo /Users/j/Documents/GitHub/MoneroOne/build/Build/Intermediates.noindex/swift-nio-ssl.build/Debug-iphonesimulator/NIOSSL.build/Objects-normal/arm64/NIOSSL.swiftsourceinfo (in target 'NIOSSL' from project 'swift-nio-ssl')
    cd /Users/j/Documents/GitHub/MoneroOne/build/SourcePackages/checkouts/swift-nio-ssl
    builtin-copy -exclude .DS_Store -exclude CVS -exclude .svn -exclude .git -exclude .hg -resolve-src-symlinks -rename /Users/j/Documents/GitHub/MoneroOne/build/Build/Intermediates.noindex/swift-nio-ssl.build/Debug-iphonesimulator/NIOSSL.build/Objects-normal/arm64/NIOSSL.swiftsourceinfo /Users/j/Documents/GitHub/MoneroOne/build/Build/Products/Debug-iphonesimulator/NIOSSL.swiftmodule/Project/arm64-apple-ios-simulator.swiftsourceinfo

SwiftDriver HsToolKit normal arm64 com.apple.xcode.tools.swift.compiler (in target 'HsToolKit' from project 'HsToolKit')
    cd /Users/j/Documents/GitHub/MoneroOne/MoneroOne.xcodeproj
    builtin-SwiftDriver -- /Applications/Xcode.app/Contents/Developer/Toolchains/XcodeDefault.xctoolchain/usr/bin/swiftc -module-name HsToolKit -Onone -enforce-exclusivity\=checked @/Users/j/Documents/GitHub/MoneroOne/build/Build/Intermediates.noindex/HsToolKit.build/Debug-iphonesimulator/HsToolKit.build/Objects-normal/arm64/HsToolKit.SwiftFileList -DSWIFT_PACKAGE -DDEBUG -DSWIFT_MODULE_RESOURCE_BUNDLE_UNAVAILABLE -Xcc -fmodule-map-file\=/Users/j/Documents/GitHub/MoneroOne/build/Build/Intermediates.noindex/GeneratedModuleMaps-iphonesimulator/CNIOBoringSSLShims.modulemap -Xcc -fmodule-map-file\=/Users/j/Documents/GitHub/MoneroOne/build/Build/Intermediates.noindex/GeneratedModuleMaps-iphonesimulator/CNIOSHA1.modulemap -Xcc -fmodule-map-file\=/Users/j/Documents/GitHub/MoneroOne/build/Build/Intermediates.noindex/GeneratedModuleMaps-iphonesimulator/CNIOLLHTTP.modulemap -Xcc -fmodule-map-file\=/Users/j/Documents/GitHub/MoneroOne/build/Build/Intermediates.noindex/GeneratedModuleMaps-iphonesimulator/CNIOPosix.modulemap -Xcc -fmodule-map-file\=/Users/j/Documents/GitHub/MoneroOne/build/Build/Intermediates.noindex/GeneratedModuleMaps-iphonesimulator/CNIOWASI.modulemap -Xcc -fmodule-map-file\=/Users/j/Documents/GitHub/MoneroOne/build/Build/Intermediates.noindex/GeneratedModuleMaps-iphonesimulator/CNIOLinux.modulemap -Xcc -fmodule-map-file\=/Users/j/Documents/GitHub/MoneroOne/build/Build/Intermediates.noindex/GeneratedModuleMaps-iphonesimulator/CNIODarwin.modulemap -Xcc -fmodule-map-file\=/Users/j/Documents/GitHub/MoneroOne/build/Build/Intermediates.noindex/GeneratedModuleMaps-iphonesimulator/CNIOOpenBSD.modulemap -Xcc -fmodule-map-file\=/Users/j/Documents/GitHub/MoneroOne/build/Build/Intermediates.noindex/GeneratedModuleMaps-iphonesimulator/CNIOAtomics.modulemap -DXcode -plugin-path /Applications/Xcode.app/Contents/Developer/Toolchains/XcodeDefault.xctoolchain/usr/lib/swift/host/plugins/testing -enable-experimental-feature DebugDescriptionMacro -sdk /Applications/Xcode.app/Contents/Developer/Platforms/iPhoneSimulator.platform/Developer/SDKs/iPhoneSimulator26.1.sdk -target arm64-apple-ios13.0-simulator -g -module-cache-path /Users/j/Documents/GitHub/MoneroOne/build/ModuleCache.noindex -Xfrontend -serialize-debugging-options -enable-testing -suppress-warnings -index-store-path /Users/j/Documents/GitHub/MoneroOne/build/Index.noindex/DataStore -Xcc -D_LIBCPP_HARDENING_MODE\=_LIBCPP_HARDENING_MODE_DEBUG -swift-version 5 -I /Users/j/Documents/GitHub/MoneroOne/build/Build/Products/Debug-iphonesimulator -Isystem /Applications/Xcode.app/Contents/Developer/Platforms/iPhoneSimulator.platform/Developer/usr/lib -F /Users/j/Documents/GitHub/MoneroOne/build/Build/Products/Debug-iphonesimulator/PackageFrameworks -F /Users/j/Documents/GitHub/MoneroOne/build/Build/Products/Debug-iphonesimulator/PackageFrameworks -F /Users/j/Documents/GitHub/MoneroOne/build/Build/Products/Debug-iphonesimulator/PackageFrameworks -F /Users/j/Documents/GitHub/MoneroOne/build/Build/Products/Debug-iphonesimulator/PackageFrameworks -F /Users/j/Documents/GitHub/MoneroOne/build/Build/Products/Debug-iphonesimulator/PackageFrameworks -F /Users/j/Documents/GitHub/MoneroOne/build/Build/Products/Debug-iphonesimulator/PackageFrameworks -F /Users/j/Documents/GitHub/MoneroOne/build/Build/Products/Debug-iphonesimulator/PackageFrameworks -F /Users/j/Documents/GitHub/MoneroOne/build/Build/Products/Debug-iphonesimulator/PackageFrameworks -F /Users/j/Documents/GitHub/MoneroOne/build/Build/Products/Debug-iphonesimulator/PackageFrameworks -F /Users/j/Documents/GitHub/MoneroOne/build/Build/Products/Debug-iphonesimulator/PackageFrameworks -F /Users/j/Documents/GitHub/MoneroOne/build/Build/Products/Debug-iphonesimulator/PackageFrameworks -F /Users/j/Documents/GitHub/MoneroOne/build/Build/Products/Debug-iphonesimulator/PackageFrameworks -F /Users/j/Documents/GitHub/MoneroOne/build/Build/Products/Debug-iphonesimulator/PackageFrameworks -F /Users/j/Documents/GitHub/MoneroOne/build/Build/Products/Debug-iphonesimulator/PackageFrameworks -F /Users/j/Documents/GitHub/MoneroOne/build/Build/Products/Debug-iphonesimulator/PackageFrameworks -F /Users/j/Documents/GitHub/MoneroOne/build/Build/Products/Debug-iphonesimulator/PackageFrameworks -F /Users/j/Documents/GitHub/MoneroOne/build/Build/Products/Debug-iphonesimulator/PackageFrameworks -F /Users/j/Documents/GitHub/MoneroOne/build/Build/Products/Debug-iphonesimulator/PackageFrameworks -F /Users/j/Documents/GitHub/MoneroOne/build/Build/Products/Debug-iphonesimulator/PackageFrameworks -F /Users/j/Documents/GitHub/MoneroOne/build/Build/Products/Debug-iphonesimulator/PackageFrameworks -F /Users/j/Documents/GitHub/MoneroOne/build/Build/Products/Debug-iphonesimulator/PackageFrameworks -F /Users/j/Documents/GitHub/MoneroOne/build/Build/Products/Debug-iphonesimulator/PackageFrameworks -F /Users/j/Documents/GitHub/MoneroOne/build/Build/Products/Debug-iphonesimulator/PackageFrameworks -F /Users/j/Documents/GitHub/MoneroOne/build/Build/Products/Debug-iphonesimulator/PackageFrameworks -F /Users/j/Documents/GitHub/MoneroOne/build/Build/Products/Debug-iphonesimulator/PackageFrameworks -F /Users/j/Documents/GitHub/MoneroOne/build/Build/Products/Debug-iphonesimulator/PackageFrameworks -F /Users/j/Documents/GitHub/MoneroOne/build/Build/Products/Debug-iphonesimulator/PackageFrameworks -F /Users/j/Documents/GitHub/MoneroOne/build/Build/Products/Debug-iphonesimulator/PackageFrameworks -F /Users/j/Documents/GitHub/MoneroOne/build/Build/Products/Debug-iphonesimulator/PackageFrameworks -F /Users/j/Documents/GitHub/MoneroOne/build/Build/Products/Debug-iphonesimulator/PackageFrameworks -F /Users/j/Documents/GitHub/MoneroOne/build/Build/Products/Debug-iphonesimulator -F /Applications/Xcode.app/Contents/Developer/Platforms/iPhoneSimulator.platform/Developer/Library/Frameworks -F /Applications/Xcode.app/Contents/Developer/Platforms/iPhoneSimulator.platform/Developer/SDKs/iPhoneSimulator26.1.sdk/Developer/Library/Frameworks -c -j12 -enable-batch-mode -incremental -Xcc -ivfsstatcache -Xcc /Users/j/Documents/GitHub/MoneroOne/build/SDKStatCaches.noindex/iphonesimulator26.1-23B77-90cf18a4295e390e64c810bc6bd7acbc.sdkstatcache -output-file-map /Users/j/Documents/GitHub/MoneroOne/build/Build/Intermediates.noindex/HsToolKit.build/Debug-iphonesimulator/HsToolKit.build/Objects-normal/arm64/HsToolKit-OutputFileMap.json -use-frontend-parseable-output -save-temps -no-color-diagnostics -explicit-module-build -module-cache-path /Users/j/Documents/GitHub/MoneroOne/build/Build/Intermediates.noindex/SwiftExplicitPrecompiledModules -clang-scanner-module-cache-path /Users/j/Documents/GitHub/MoneroOne/build/ModuleCache.noindex -sdk-module-cache-path /Users/j/Documents/GitHub/MoneroOne/build/ModuleCache.noindex -serialize-diagnostics -emit-dependencies -emit-module -emit-module-path /Users/j/Documents/GitHub/MoneroOne/build/Build/Intermediates.noindex/HsToolKit.build/Debug-iphonesimulator/HsToolKit.build/Objects-normal/arm64/HsToolKit.swiftmodule -validate-clang-modules-once -clang-build-session-file /Users/j/Documents/GitHub/MoneroOne/build/ModuleCache.noindex/Session.modulevalidation -Xcc -I/Users/j/Documents/GitHub/MoneroOne/build/Build/Intermediates.noindex/HsToolKit.build/Debug-iphonesimulator/HsToolKit.build/swift-overrides.hmap -emit-const-values -Xfrontend -const-gather-protocols-file -Xfrontend /Users/j/Documents/GitHub/MoneroOne/build/Build/Intermediates.noindex/HsToolKit.build/Debug-iphonesimulator/HsToolKit.build/Objects-normal/arm64/HsToolKit_const_extract_protocols.json -Xcc -I/Users/j/Documents/GitHub/MoneroOne/build/SourcePackages/checkouts/swift-nio-ssl/Sources/CNIOBoringSSLShims/include -Xcc -I/Users/j/Documents/GitHub/MoneroOne/build/SourcePackages/checkouts/swift-nio-ssl/Sources/CNIOBoringSSL/include -Xcc -I/Users/j/Documents/GitHub/MoneroOne/build/SourcePackages/checkouts/swift-nio/Sources/CNIOSHA1/include -Xcc -I/Users/j/Documents/GitHub/MoneroOne/build/SourcePackages/checkouts/swift-nio/Sources/CNIOLLHTTP/include -Xcc -I/Users/j/Documents/GitHub/MoneroOne/build/SourcePackages/checkouts/swift-atomics/Sources/_AtomicsShims/include -Xcc -I/Users/j/Documents/GitHub/MoneroOne/build/SourcePackages/checkouts/swift-nio/Sources/CNIOPosix/include -Xcc -I/Users/j/Documents/GitHub/MoneroOne/build/SourcePackages/checkouts/swift-nio/Sources/CNIOWASI/include -Xcc -I/Users/j/Documents/GitHub/MoneroOne/build/SourcePackages/checkouts/swift-nio/Sources/CNIOWindows/include -Xcc -I/Users/j/Documents/GitHub/MoneroOne/build/SourcePackages/checkouts/swift-nio/Sources/CNIOLinux/include -Xcc -I/Users/j/Documents/GitHub/MoneroOne/build/SourcePackages/checkouts/swift-nio/Sources/CNIODarwin/include -Xcc -I/Users/j/Documents/GitHub/MoneroOne/build/SourcePackages/checkouts/swift-nio/Sources/CNIOOpenBSD/include -Xcc -I/Users/j/Documents/GitHub/MoneroOne/build/SourcePackages/checkouts/swift-nio/Sources/CNIOAtomics/include -Xcc -I/Users/j/Documents/GitHub/MoneroOne/build/Build/Products/Debug-iphonesimulator/include -Xcc -I/Users/j/Documents/GitHub/MoneroOne/build/Build/Intermediates.noindex/HsToolKit.build/Debug-iphonesimulator/HsToolKit.build/DerivedSources-normal/arm64 -Xcc -I/Users/j/Documents/GitHub/MoneroOne/build/Build/Intermediates.noindex/HsToolKit.build/Debug-iphonesimulator/HsToolKit.build/DerivedSources/arm64 -Xcc -I/Users/j/Documents/GitHub/MoneroOne/build/Build/Intermediates.noindex/HsToolKit.build/Debug-iphonesimulator/HsToolKit.build/DerivedSources -Xcc -DSWIFT_PACKAGE -Xcc -DDEBUG\=1 -emit-objc-header -emit-objc-header-path /Users/j/Documents/GitHub/MoneroOne/build/Build/Intermediates.noindex/HsToolKit.build/Debug-iphonesimulator/HsToolKit.build/Objects-normal/arm64/HsToolKit-Swift.h -working-directory /Users/j/Documents/GitHub/MoneroOne/MoneroOne.xcodeproj -experimental-emit-module-separately -disable-cmo

SwiftDriverJobDiscovery normal arm64 Compiling CustomPrivateKey.swift, IdentityVerification.swift, LinuxCABundle.swift (in target 'NIOSSL' from project 'swift-nio-ssl')

SwiftDriverJobDiscovery normal arm64 Compiling NIOSSLServerHandler.swift, ObjectIdentifier.swift, PosixPort.swift (in target 'NIOSSL' from project 'swift-nio-ssl')

SwiftDriverJobDiscovery normal arm64 Compiling Zeroization.swift, TLSConfiguration.swift (in target 'NIOSSL' from project 'swift-nio-ssl')

SwiftDriverJobDiscovery normal arm64 Compiling SSLPrivateKey.swift, SSLPublicKey.swift, SecurityFrameworkCertificateVerification.swift (in target 'NIOSSL' from project 'swift-nio-ssl')

SwiftDriverJobDiscovery normal arm64 Compiling NIOSSLClientHandler.swift, NIOSSLHandler+Configuration.swift, NIOSSLHandler.swift (in target 'NIOSSL' from project 'swift-nio-ssl')

SwiftDriverJobDiscovery normal arm64 Compiling String+unsafeUninitializedCapacity.swift, SubjectAlternativeName.swift, NIOSSLSecureBytes.swift (in target 'NIOSSL' from project 'swift-nio-ssl')

SwiftExplicitDependencyGeneratePcm arm64 /Users/j/Documents/GitHub/MoneroOne/build/Build/Intermediates.noindex/SwiftExplicitPrecompiledModules/CNIOSHA1-30G235LBIA3L962IHYUTK7FVL.pcm

SwiftExplicitDependencyGeneratePcm arm64 /Users/j/Documents/GitHub/MoneroOne/build/Build/Intermediates.noindex/SwiftExplicitPrecompiledModules/CNIOAtomics-2PTU48V7LI4C1KUTHE7LMHDMF.pcm

SwiftExplicitDependencyGeneratePcm arm64 /Users/j/Documents/GitHub/MoneroOne/build/Build/Intermediates.noindex/SwiftExplicitPrecompiledModules/CNIODarwin-7D3QBWZ9EQPU9FAFGRHSLFRMH.pcm

SwiftExplicitDependencyGeneratePcm arm64 /Users/j/Documents/GitHub/MoneroOne/build/Build/Intermediates.noindex/SwiftExplicitPrecompiledModules/CNIOWindows-2U8GCYPI2YEZQRW57RM6QBQ4N.pcm

SwiftExplicitDependencyGeneratePcm arm64 /Users/j/Documents/GitHub/MoneroOne/build/Build/Intermediates.noindex/SwiftExplicitPrecompiledModules/CNIOLinux-8I3ZLZWXVNDO696M0MVB2RQYG.pcm

SwiftExplicitDependencyGeneratePcm arm64 /Users/j/Documents/GitHub/MoneroOne/build/Build/Intermediates.noindex/SwiftExplicitPrecompiledModules/CNIOPosix-ARU5D2NFESQ5YECN7D5FYCGW3.pcm

SwiftExplicitDependencyGeneratePcm arm64 /Users/j/Documents/GitHub/MoneroOne/build/Build/Intermediates.noindex/SwiftExplicitPrecompiledModules/CNIOLLHTTP-826RD4WMAEKX9CTR83OLR8856.pcm

SwiftExplicitDependencyGeneratePcm arm64 /Users/j/Documents/GitHub/MoneroOne/build/Build/Intermediates.noindex/SwiftExplicitPrecompiledModules/CNIOOpenBSD-9DCIQXEJKMIMX400I5JA8T2LW.pcm

SwiftDriverJobDiscovery normal arm64 Compiling SSLCertificateName.swift, SSLConnection.swift, SSLContext.swift (in target 'NIOSSL' from project 'swift-nio-ssl')

SwiftEmitModule normal arm64 Emitting\ module\ for\ HsToolKit (in target 'HsToolKit' from project 'HsToolKit')

EmitSwiftModule normal arm64 (in target 'HsToolKit' from project 'HsToolKit')
    cd /Users/j/Documents/GitHub/MoneroOne/MoneroOne.xcodeproj
    

SwiftCompile normal arm64 Compiling\ WebSocketHandler.swift /Users/j/Documents/GitHub/MoneroOne/build/SourcePackages/checkouts/HsToolKit.Swift/Sources/HsToolKit/WebSocket/WebSocketHandler.swift (in target 'HsToolKit' from project 'HsToolKit')

SwiftCompile normal arm64 /Users/j/Documents/GitHub/MoneroOne/build/SourcePackages/checkouts/HsToolKit.Swift/Sources/HsToolKit/WebSocket/WebSocketHandler.swift (in target 'HsToolKit' from project 'HsToolKit')
    cd /Users/j/Documents/GitHub/MoneroOne/MoneroOne.xcodeproj
    

SwiftCompile normal arm64 Compiling\ Protocols.swift /Users/j/Documents/GitHub/MoneroOne/build/SourcePackages/checkouts/HsToolKit.Swift/Sources/HsToolKit/WebSocket/Protocols.swift (in target 'HsToolKit' from project 'HsToolKit')

SwiftCompile normal arm64 /Users/j/Documents/GitHub/MoneroOne/build/SourcePackages/checkouts/HsToolKit.Swift/Sources/HsToolKit/WebSocket/Protocols.swift (in target 'HsToolKit' from project 'HsToolKit')
    cd /Users/j/Documents/GitHub/MoneroOne/MoneroOne.xcodeproj
    

SwiftCompile normal arm64 Compiling\ NIOWebSocket.swift /Users/j/Documents/GitHub/MoneroOne/build/SourcePackages/checkouts/HsToolKit.Swift/Sources/HsToolKit/WebSocket/NIOWebSocket.swift (in target 'HsToolKit' from project 'HsToolKit')

SwiftCompile normal arm64 /Users/j/Documents/GitHub/MoneroOne/build/SourcePackages/checkouts/HsToolKit.Swift/Sources/HsToolKit/WebSocket/NIOWebSocket.swift (in target 'HsToolKit' from project 'HsToolKit')
    cd /Users/j/Documents/GitHub/MoneroOne/MoneroOne.xcodeproj
    

SwiftCompile normal arm64 Compiling\ WebSocket.swift /Users/j/Documents/GitHub/MoneroOne/build/SourcePackages/checkouts/HsToolKit.Swift/Sources/HsToolKit/WebSocket/WebSocket.swift (in target 'HsToolKit' from project 'HsToolKit')

SwiftCompile normal arm64 /Users/j/Documents/GitHub/MoneroOne/build/SourcePackages/checkouts/HsToolKit.Swift/Sources/HsToolKit/WebSocket/WebSocket.swift (in target 'HsToolKit' from project 'HsToolKit')
    cd /Users/j/Documents/GitHub/MoneroOne/MoneroOne.xcodeproj
    

SwiftCompile normal arm64 Compiling\ ReachabilityManager.swift /Users/j/Documents/GitHub/MoneroOne/build/SourcePackages/checkouts/HsToolKit.Swift/Sources/HsToolKit/ReachabilityManager.swift (in target 'HsToolKit' from project 'HsToolKit')

SwiftCompile normal arm64 /Users/j/Documents/GitHub/MoneroOne/build/SourcePackages/checkouts/HsToolKit.Swift/Sources/HsToolKit/ReachabilityManager.swift (in target 'HsToolKit' from project 'HsToolKit')
    cd /Users/j/Documents/GitHub/MoneroOne/MoneroOne.xcodeproj
    

SwiftCompile normal arm64 Compiling\ WebSocketClient.swift /Users/j/Documents/GitHub/MoneroOne/build/SourcePackages/checkouts/HsToolKit.Swift/Sources/HsToolKit/WebSocket/WebSocketClient.swift (in target 'HsToolKit' from project 'HsToolKit')

SwiftCompile normal arm64 /Users/j/Documents/GitHub/MoneroOne/build/SourcePackages/checkouts/HsToolKit.Swift/Sources/HsToolKit/WebSocket/WebSocketClient.swift (in target 'HsToolKit' from project 'HsToolKit')
    cd /Users/j/Documents/GitHub/MoneroOne/MoneroOne.xcodeproj
    

SwiftCompile normal arm64 Compiling\ Logger.swift /Users/j/Documents/GitHub/MoneroOne/build/SourcePackages/checkouts/HsToolKit.Swift/Sources/HsToolKit/Logger.swift (in target 'HsToolKit' from project 'HsToolKit')

SwiftCompile normal arm64 /Users/j/Documents/GitHub/MoneroOne/build/SourcePackages/checkouts/HsToolKit.Swift/Sources/HsToolKit/Logger.swift (in target 'HsToolKit' from project 'HsToolKit')
    cd /Users/j/Documents/GitHub/MoneroOne/MoneroOne.xcodeproj
    

SwiftCompile normal arm64 Compiling\ WebSocketErrorHandler.swift /Users/j/Documents/GitHub/MoneroOne/build/SourcePackages/checkouts/HsToolKit.Swift/Sources/HsToolKit/WebSocket/WebSocketErrorHandler.swift (in target 'HsToolKit' from project 'HsToolKit')

SwiftCompile normal arm64 /Users/j/Documents/GitHub/MoneroOne/build/SourcePackages/checkouts/HsToolKit.Swift/Sources/HsToolKit/WebSocket/WebSocketErrorHandler.swift (in target 'HsToolKit' from project 'HsToolKit')
    cd /Users/j/Documents/GitHub/MoneroOne/MoneroOne.xcodeproj
    

SwiftCompile normal arm64 Compiling\ HTTPInitialRequestHandler.swift /Users/j/Documents/GitHub/MoneroOne/build/SourcePackages/checkouts/HsToolKit.Swift/Sources/HsToolKit/WebSocket/HTTPInitialRequestHandler.swift (in target 'HsToolKit' from project 'HsToolKit')

SwiftCompile normal arm64 /Users/j/Documents/GitHub/MoneroOne/build/SourcePackages/checkouts/HsToolKit.Swift/Sources/HsToolKit/WebSocket/HTTPInitialRequestHandler.swift (in target 'HsToolKit' from project 'HsToolKit')
    cd /Users/j/Documents/GitHub/MoneroOne/MoneroOne.xcodeproj
    

SwiftCompile normal arm64 Compiling\ NetworkManager.swift /Users/j/Documents/GitHub/MoneroOne/build/SourcePackages/checkouts/HsToolKit.Swift/Sources/HsToolKit/NetworkManager.swift (in target 'HsToolKit' from project 'HsToolKit')
SwiftCompile normal arm64 /Users/j/Documents/GitHub/MoneroOne/build/SourcePackages/checkouts/HsToolKit.Swift/Sources/HsToolKit/NetworkManager.swift (in target 'HsToolKit' from project 'HsToolKit')
    cd /Users/j/Documents/GitHub/MoneroOne/MoneroOne.xcodeproj
    

SwiftDriverJobDiscovery normal arm64 Compiling SSLCallbacks.swift, SSLCertificate.swift, SSLCertificateExtensions.swift (in target 'NIOSSL' from project 'swift-nio-ssl')

SwiftDriver\ Compilation NIOSSL normal arm64 com.apple.xcode.tools.swift.compiler (in target 'NIOSSL' from project 'swift-nio-ssl')
    cd /Users/j/Documents/GitHub/MoneroOne/MoneroOne.xcodeproj
    builtin-Swift-Compilation -- /Applications/Xcode.app/Contents/Developer/Toolchains/XcodeDefault.xctoolchain/usr/bin/swiftc -module-name NIOSSL -Onone -enforce-exclusivity\=checked @/Users/j/Documents/GitHub/MoneroOne/build/Build/Intermediates.noindex/swift-nio-ssl.build/Debug-iphonesimulator/NIOSSL.build/Objects-normal/arm64/NIOSSL.SwiftFileList -DSWIFT_PACKAGE -DDEBUG -DSWIFT_MODULE_RESOURCE_BUNDLE_AVAILABLE -Xcc -fmodule-map-file\=/Users/j/Documents/GitHub/MoneroOne/build/Build/Intermediates.noindex/GeneratedModuleMaps-iphonesimulator/CNIOPosix.modulemap -Xcc -fmodule-map-file\=/Users/j/Documents/GitHub/MoneroOne/build/Build/Intermediates.noindex/GeneratedModuleMaps-iphonesimulator/CNIOWASI.modulemap -Xcc -fmodule-map-file\=/Users/j/Documents/GitHub/MoneroOne/build/Build/Intermediates.noindex/GeneratedModuleMaps-iphonesimulator/CNIOLinux.modulemap -Xcc -fmodule-map-file\=/Users/j/Documents/GitHub/MoneroOne/build/Build/Intermediates.noindex/GeneratedModuleMaps-iphonesimulator/CNIODarwin.modulemap -Xcc -fmodule-map-file\=/Users/j/Documents/GitHub/MoneroOne/build/Build/Intermediates.noindex/GeneratedModuleMaps-iphonesimulator/CNIOOpenBSD.modulemap -Xcc -fmodule-map-file\=/Users/j/Documents/GitHub/MoneroOne/build/Build/Intermediates.noindex/GeneratedModuleMaps-iphonesimulator/CNIOAtomics.modulemap -Xcc -fmodule-map-file\=/Users/j/Documents/GitHub/MoneroOne/build/Build/Intermediates.noindex/GeneratedModuleMaps-iphonesimulator/CNIOBoringSSLShims.modulemap -DXcode -enable-upcoming-feature MemberImportVisibility -plugin-path /Applications/Xcode.app/Contents/Developer/Toolchains/XcodeDefault.xctoolchain/usr/lib/swift/host/plugins/testing -enable-experimental-feature DebugDescriptionMacro -sdk /Applications/Xcode.app/Contents/Developer/Platforms/iPhoneSimulator.platform/Developer/SDKs/iPhoneSimulator26.1.sdk -target arm64-apple-ios12.0-simulator -g -module-cache-path /Users/j/Documents/GitHub/MoneroOne/build/ModuleCache.noindex -Xfrontend -serialize-debugging-options -enable-testing -suppress-warnings -index-store-path /Users/j/Documents/GitHub/MoneroOne/build/Index.noindex/DataStore -Xcc -D_LIBCPP_HARDENING_MODE\=_LIBCPP_HARDENING_MODE_DEBUG -swift-version 6 -I /Users/j/Documents/GitHub/MoneroOne/build/Build/Products/Debug-iphonesimulator -Isystem /Applications/Xcode.app/Contents/Developer/Platforms/iPhoneSimulator.platform/Developer/usr/lib -F /Users/j/Documents/GitHub/MoneroOne/build/Build/Products/Debug-iphonesimulator/PackageFrameworks -F /Users/j/Documents/GitHub/MoneroOne/build/Build/Products/Debug-iphonesimulator/PackageFrameworks -F /Users/j/Documents/GitHub/MoneroOne/build/Build/Products/Debug-iphonesimulator/PackageFrameworks -F /Users/j/Documents/GitHub/MoneroOne/build/Build/Products/Debug-iphonesimulator/PackageFrameworks -F /Users/j/Documents/GitHub/MoneroOne/build/Build/Products/Debug-iphonesimulator/PackageFrameworks -F /Users/j/Documents/GitHub/MoneroOne/build/Build/Products/Debug-iphonesimulator/PackageFrameworks -F /Users/j/Documents/GitHub/MoneroOne/build/Build/Products/Debug-iphonesimulator/PackageFrameworks -F /Users/j/Documents/GitHub/MoneroOne/build/Build/Products/Debug-iphonesimulator/PackageFrameworks -F /Users/j/Documents/GitHub/MoneroOne/build/Build/Products/Debug-iphonesimulator/PackageFrameworks -F /Users/j/Documents/GitHub/MoneroOne/build/Build/Products/Debug-iphonesimulator/PackageFrameworks -F /Users/j/Documents/GitHub/MoneroOne/build/Build/Products/Debug-iphonesimulator/PackageFrameworks -F /Users/j/Documents/GitHub/MoneroOne/build/Build/Products/Debug-iphonesimulator/PackageFrameworks -F /Users/j/Documents/GitHub/MoneroOne/build/Build/Products/Debug-iphonesimulator/PackageFrameworks -F /Users/j/Documents/GitHub/MoneroOne/build/Build/Products/Debug-iphonesimulator/PackageFrameworks -F /Users/j/Documents/GitHub/MoneroOne/build/Build/Products/Debug-iphonesimulator/PackageFrameworks -F /Users/j/Documents/GitHub/MoneroOne/build/Build/Products/Debug-iphonesimulator/PackageFrameworks -F /Users/j/Documents/GitHub/MoneroOne/build/Build/Products/Debug-iphonesimulator/PackageFrameworks -F /Users/j/Documents/GitHub/MoneroOne/build/Build/Products/Debug-iphonesimulator/PackageFrameworks -F /Users/j/Documents/GitHub/MoneroOne/build/Build/Products/Debug-iphonesimulator/PackageFrameworks -F /Users/j/Documents/GitHub/MoneroOne/build/Build/Products/Debug-iphonesimulator/PackageFrameworks -F /Users/j/Documents/GitHub/MoneroOne/build/Build/Products/Debug-iphonesimulator/PackageFrameworks -F /Users/j/Documents/GitHub/MoneroOne/build/Build/Products/Debug-iphonesimulator -F /Applications/Xcode.app/Contents/Developer/Platforms/iPhoneSimulator.platform/Developer/Library/Frameworks -F /Applications/Xcode.app/Contents/Developer/Platforms/iPhoneSimulator.platform/Developer/SDKs/iPhoneSimulator26.1.sdk/Developer/Library/Frameworks -c -j12 -enable-batch-mode -incremental -Xcc -ivfsstatcache -Xcc /Users/j/Documents/GitHub/MoneroOne/build/SDKStatCaches.noindex/iphonesimulator26.1-23B77-90cf18a4295e390e64c810bc6bd7acbc.sdkstatcache -output-file-map /Users/j/Documents/GitHub/MoneroOne/build/Build/Intermediates.noindex/swift-nio-ssl.build/Debug-iphonesimulator/NIOSSL.build/Objects-normal/arm64/NIOSSL-OutputFileMap.json -use-frontend-parseable-output -save-temps -no-color-diagnostics -explicit-module-build -module-cache-path /Users/j/Documents/GitHub/MoneroOne/build/Build/Intermediates.noindex/SwiftExplicitPrecompiledModules -clang-scanner-module-cache-path /Users/j/Documents/GitHub/MoneroOne/build/ModuleCache.noindex -sdk-module-cache-path /Users/j/Documents/GitHub/MoneroOne/build/ModuleCache.noindex -serialize-diagnostics -emit-dependencies -emit-module -emit-module-path /Users/j/Documents/GitHub/MoneroOne/build/Build/Intermediates.noindex/swift-nio-ssl.build/Debug-iphonesimulator/NIOSSL.build/Objects-normal/arm64/NIOSSL.swiftmodule -user-module-version 2.36.0 -validate-clang-modules-once -clang-build-session-file /Users/j/Documents/GitHub/MoneroOne/build/ModuleCache.noindex/Session.modulevalidation -package-name swift_nio_ssl -Xcc -I/Users/j/Documents/GitHub/MoneroOne/build/Build/Intermediates.noindex/swift-nio-ssl.build/Debug-iphonesimulator/NIOSSL.build/swift-overrides.hmap -emit-const-values -Xfrontend -const-gather-protocols-file -Xfrontend /Users/j/Documents/GitHub/MoneroOne/build/Build/Intermediates.noindex/swift-nio-ssl.build/Debug-iphonesimulator/NIOSSL.build/Objects-normal/arm64/NIOSSL_const_extract_protocols.json -Xcc -I/Users/j/Documents/GitHub/MoneroOne/build/SourcePackages/checkouts/swift-atomics/Sources/_AtomicsShims/include -Xcc -I/Users/j/Documents/GitHub/MoneroOne/build/SourcePackages/checkouts/swift-nio/Sources/CNIOPosix/include -Xcc -I/Users/j/Documents/GitHub/MoneroOne/build/SourcePackages/checkouts/swift-nio/Sources/CNIOWASI/include -Xcc -I/Users/j/Documents/GitHub/MoneroOne/build/SourcePackages/checkouts/swift-nio/Sources/CNIOWindows/include -Xcc -I/Users/j/Documents/GitHub/MoneroOne/build/SourcePackages/checkouts/swift-nio/Sources/CNIOLinux/include -Xcc -I/Users/j/Documents/GitHub/MoneroOne/build/SourcePackages/checkouts/swift-nio/Sources/CNIODarwin/include -Xcc -I/Users/j/Documents/GitHub/MoneroOne/build/SourcePackages/checkouts/swift-nio/Sources/CNIOOpenBSD/include -Xcc -I/Users/j/Documents/GitHub/MoneroOne/build/SourcePackages/checkouts/swift-nio/Sources/CNIOAtomics/include -Xcc -I/Users/j/Documents/GitHub/MoneroOne/build/SourcePackages/checkouts/swift-nio-ssl/Sources/CNIOBoringSSLShims/include -Xcc -I/Users/j/Documents/GitHub/MoneroOne/build/SourcePackages/checkouts/swift-nio-ssl/Sources/CNIOBoringSSL/include -Xcc -I/Users/j/Documents/GitHub/MoneroOne/build/Build/Products/Debug-iphonesimulator/include -Xcc -I/Users/j/Documents/GitHub/MoneroOne/build/Build/Intermediates.noindex/swift-nio-ssl.build/Debug-iphonesimulator/NIOSSL.build/DerivedSources-normal/arm64 -Xcc -I/Users/j/Documents/GitHub/MoneroOne/build/Build/Intermediates.noindex/swift-nio-ssl.build/Debug-iphonesimulator/NIOSSL.build/DerivedSources/arm64 -Xcc -I/Users/j/Documents/GitHub/MoneroOne/build/Build/Intermediates.noindex/swift-nio-ssl.build/Debug-iphonesimulator/NIOSSL.build/DerivedSources -Xcc -DSWIFT_PACKAGE -Xcc -DDEBUG\=1 -emit-objc-header -emit-objc-header-path /Users/j/Documents/GitHub/MoneroOne/build/Build/Intermediates.noindex/swift-nio-ssl.build/Debug-iphonesimulator/NIOSSL.build/Objects-normal/arm64/NIOSSL-Swift.h -working-directory /Users/j/Documents/GitHub/MoneroOne/MoneroOne.xcodeproj -experimental-emit-module-separately -disable-cmo

SwiftDriverJobDiscovery normal arm64 Compiling WebSocketErrorHandler.swift (in target 'HsToolKit' from project 'HsToolKit')

SwiftCompile normal arm64 Compiling\ BackgroundModeObserver.swift /Users/j/Documents/GitHub/MoneroOne/build/SourcePackages/checkouts/HsToolKit.Swift/Sources/HsToolKit/BackgroundModeObserver.swift (in target 'HsToolKit' from project 'HsToolKit')

SwiftCompile normal arm64 /Users/j/Documents/GitHub/MoneroOne/build/SourcePackages/checkouts/HsToolKit.Swift/Sources/HsToolKit/BackgroundModeObserver.swift (in target 'HsToolKit' from project 'HsToolKit')
    cd /Users/j/Documents/GitHub/MoneroOne/MoneroOne.xcodeproj
    

SwiftCompile normal arm64 Compiling\ NetworkManager+ObjectMapper.swift /Users/j/Documents/GitHub/MoneroOne/build/SourcePackages/checkouts/HsToolKit.Swift/Sources/HsToolKit/NetworkManager+ObjectMapper.swift (in target 'HsToolKit' from project 'HsToolKit')

SwiftCompile normal arm64 /Users/j/Documents/GitHub/MoneroOne/build/SourcePackages/checkouts/HsToolKit.Swift/Sources/HsToolKit/NetworkManager+ObjectMapper.swift (in target 'HsToolKit' from project 'HsToolKit')
    cd /Users/j/Documents/GitHub/MoneroOne/MoneroOne.xcodeproj
    

SwiftDriverJobDiscovery normal arm64 Compiling WebSocketHandler.swift (in target 'HsToolKit' from project 'HsToolKit')

SwiftDriverJobDiscovery normal arm64 Compiling Protocols.swift (in target 'HsToolKit' from project 'HsToolKit')

SwiftDriverJobDiscovery normal arm64 Compiling ReachabilityManager.swift (in target 'HsToolKit' from project 'HsToolKit')

SwiftDriverJobDiscovery normal arm64 Compiling HTTPInitialRequestHandler.swift (in target 'HsToolKit' from project 'HsToolKit')

SwiftDriverJobDiscovery normal arm64 Compiling Logger.swift (in target 'HsToolKit' from project 'HsToolKit')

SwiftDriverJobDiscovery normal arm64 Emitting module for HsToolKit (in target 'HsToolKit' from project 'HsToolKit')

SwiftDriver\ Compilation\ Requirements HsToolKit normal arm64 com.apple.xcode.tools.swift.compiler (in target 'HsToolKit' from project 'HsToolKit')
    cd /Users/j/Documents/GitHub/MoneroOne/MoneroOne.xcodeproj
    builtin-Swift-Compilation-Requirements -- /Applications/Xcode.app/Contents/Developer/Toolchains/XcodeDefault.xctoolchain/usr/bin/swiftc -module-name HsToolKit -Onone -enforce-exclusivity\=checked @/Users/j/Documents/GitHub/MoneroOne/build/Build/Intermediates.noindex/HsToolKit.build/Debug-iphonesimulator/HsToolKit.build/Objects-normal/arm64/HsToolKit.SwiftFileList -DSWIFT_PACKAGE -DDEBUG -DSWIFT_MODULE_RESOURCE_BUNDLE_UNAVAILABLE -Xcc -fmodule-map-file\=/Users/j/Documents/GitHub/MoneroOne/build/Build/Intermediates.noindex/GeneratedModuleMaps-iphonesimulator/CNIOBoringSSLShims.modulemap -Xcc -fmodule-map-file\=/Users/j/Documents/GitHub/MoneroOne/build/Build/Intermediates.noindex/GeneratedModuleMaps-iphonesimulator/CNIOSHA1.modulemap -Xcc -fmodule-map-file\=/Users/j/Documents/GitHub/MoneroOne/build/Build/Intermediates.noindex/GeneratedModuleMaps-iphonesimulator/CNIOLLHTTP.modulemap -Xcc -fmodule-map-file\=/Users/j/Documents/GitHub/MoneroOne/build/Build/Intermediates.noindex/GeneratedModuleMaps-iphonesimulator/CNIOPosix.modulemap -Xcc -fmodule-map-file\=/Users/j/Documents/GitHub/MoneroOne/build/Build/Intermediates.noindex/GeneratedModuleMaps-iphonesimulator/CNIOWASI.modulemap -Xcc -fmodule-map-file\=/Users/j/Documents/GitHub/MoneroOne/build/Build/Intermediates.noindex/GeneratedModuleMaps-iphonesimulator/CNIOLinux.modulemap -Xcc -fmodule-map-file\=/Users/j/Documents/GitHub/MoneroOne/build/Build/Intermediates.noindex/GeneratedModuleMaps-iphonesimulator/CNIODarwin.modulemap -Xcc -fmodule-map-file\=/Users/j/Documents/GitHub/MoneroOne/build/Build/Intermediates.noindex/GeneratedModuleMaps-iphonesimulator/CNIOOpenBSD.modulemap -Xcc -fmodule-map-file\=/Users/j/Documents/GitHub/MoneroOne/build/Build/Intermediates.noindex/GeneratedModuleMaps-iphonesimulator/CNIOAtomics.modulemap -DXcode -plugin-path /Applications/Xcode.app/Contents/Developer/Toolchains/XcodeDefault.xctoolchain/usr/lib/swift/host/plugins/testing -enable-experimental-feature DebugDescriptionMacro -sdk /Applications/Xcode.app/Contents/Developer/Platforms/iPhoneSimulator.platform/Developer/SDKs/iPhoneSimulator26.1.sdk -target arm64-apple-ios13.0-simulator -g -module-cache-path /Users/j/Documents/GitHub/MoneroOne/build/ModuleCache.noindex -Xfrontend -serialize-debugging-options -enable-testing -suppress-warnings -index-store-path /Users/j/Documents/GitHub/MoneroOne/build/Index.noindex/DataStore -Xcc -D_LIBCPP_HARDENING_MODE\=_LIBCPP_HARDENING_MODE_DEBUG -swift-version 5 -I /Users/j/Documents/GitHub/MoneroOne/build/Build/Products/Debug-iphonesimulator -Isystem /Applications/Xcode.app/Contents/Developer/Platforms/iPhoneSimulator.platform/Developer/usr/lib -F /Users/j/Documents/GitHub/MoneroOne/build/Build/Products/Debug-iphonesimulator/PackageFrameworks -F /Users/j/Documents/GitHub/MoneroOne/build/Build/Products/Debug-iphonesimulator/PackageFrameworks -F /Users/j/Documents/GitHub/MoneroOne/build/Build/Products/Debug-iphonesimulator/PackageFrameworks -F /Users/j/Documents/GitHub/MoneroOne/build/Build/Products/Debug-iphonesimulator/PackageFrameworks -F /Users/j/Documents/GitHub/MoneroOne/build/Build/Products/Debug-iphonesimulator/PackageFrameworks -F /Users/j/Documents/GitHub/MoneroOne/build/Build/Products/Debug-iphonesimulator/PackageFrameworks -F /Users/j/Documents/GitHub/MoneroOne/build/Build/Products/Debug-iphonesimulator/PackageFrameworks -F /Users/j/Documents/GitHub/MoneroOne/build/Build/Products/Debug-iphonesimulator/PackageFrameworks -F /Users/j/Documents/GitHub/MoneroOne/build/Build/Products/Debug-iphonesimulator/PackageFrameworks -F /Users/j/Documents/GitHub/MoneroOne/build/Build/Products/Debug-iphonesimulator/PackageFrameworks -F /Users/j/Documents/GitHub/MoneroOne/build/Build/Products/Debug-iphonesimulator/PackageFrameworks -F /Users/j/Documents/GitHub/MoneroOne/build/Build/Products/Debug-iphonesimulator/PackageFrameworks -F /Users/j/Documents/GitHub/MoneroOne/build/Build/Products/Debug-iphonesimulator/PackageFrameworks -F /Users/j/Documents/GitHub/MoneroOne/build/Build/Products/Debug-iphonesimulator/PackageFrameworks -F /Users/j/Documents/GitHub/MoneroOne/build/Build/Products/Debug-iphonesimulator/PackageFrameworks -F /Users/j/Documents/GitHub/MoneroOne/build/Build/Products/Debug-iphonesimulator/PackageFrameworks -F /Users/j/Documents/GitHub/MoneroOne/build/Build/Products/Debug-iphonesimulator/PackageFrameworks -F /Users/j/Documents/GitHub/MoneroOne/build/Build/Products/Debug-iphonesimulator/PackageFrameworks -F /Users/j/Documents/GitHub/MoneroOne/build/Build/Products/Debug-iphonesimulator/PackageFrameworks -F /Users/j/Documents/GitHub/MoneroOne/build/Build/Products/Debug-iphonesimulator/PackageFrameworks -F /Users/j/Documents/GitHub/MoneroOne/build/Build/Products/Debug-iphonesimulator/PackageFrameworks -F /Users/j/Documents/GitHub/MoneroOne/build/Build/Products/Debug-iphonesimulator/PackageFrameworks -F /Users/j/Documents/GitHub/MoneroOne/build/Build/Products/Debug-iphonesimulator/PackageFrameworks -F /Users/j/Documents/GitHub/MoneroOne/build/Build/Products/Debug-iphonesimulator/PackageFrameworks -F /Users/j/Documents/GitHub/MoneroOne/build/Build/Products/Debug-iphonesimulator/PackageFrameworks -F /Users/j/Documents/GitHub/MoneroOne/build/Build/Products/Debug-iphonesimulator/PackageFrameworks -F /Users/j/Documents/GitHub/MoneroOne/build/Build/Products/Debug-iphonesimulator/PackageFrameworks -F /Users/j/Documents/GitHub/MoneroOne/build/Build/Products/Debug-iphonesimulator/PackageFrameworks -F /Users/j/Documents/GitHub/MoneroOne/build/Build/Products/Debug-iphonesimulator/PackageFrameworks -F /Users/j/Documents/GitHub/MoneroOne/build/Build/Products/Debug-iphonesimulator/PackageFrameworks -F /Users/j/Documents/GitHub/MoneroOne/build/Build/Products/Debug-iphonesimulator -F /Applications/Xcode.app/Contents/Developer/Platforms/iPhoneSimulator.platform/Developer/Library/Frameworks -F /Applications/Xcode.app/Contents/Developer/Platforms/iPhoneSimulator.platform/Developer/SDKs/iPhoneSimulator26.1.sdk/Developer/Library/Frameworks -c -j12 -enable-batch-mode -incremental -Xcc -ivfsstatcache -Xcc /Users/j/Documents/GitHub/MoneroOne/build/SDKStatCaches.noindex/iphonesimulator26.1-23B77-90cf18a4295e390e64c810bc6bd7acbc.sdkstatcache -output-file-map /Users/j/Documents/GitHub/MoneroOne/build/Build/Intermediates.noindex/HsToolKit.build/Debug-iphonesimulator/HsToolKit.build/Objects-normal/arm64/HsToolKit-OutputFileMap.json -use-frontend-parseable-output -save-temps -no-color-diagnostics -explicit-module-build -module-cache-path /Users/j/Documents/GitHub/MoneroOne/build/Build/Intermediates.noindex/SwiftExplicitPrecompiledModules -clang-scanner-module-cache-path /Users/j/Documents/GitHub/MoneroOne/build/ModuleCache.noindex -sdk-module-cache-path /Users/j/Documents/GitHub/MoneroOne/build/ModuleCache.noindex -serialize-diagnostics -emit-dependencies -emit-module -emit-module-path /Users/j/Documents/GitHub/MoneroOne/build/Build/Intermediates.noindex/HsToolKit.build/Debug-iphonesimulator/HsToolKit.build/Objects-normal/arm64/HsToolKit.swiftmodule -validate-clang-modules-once -clang-build-session-file /Users/j/Documents/GitHub/MoneroOne/build/ModuleCache.noindex/Session.modulevalidation -Xcc -I/Users/j/Documents/GitHub/MoneroOne/build/Build/Intermediates.noindex/HsToolKit.build/Debug-iphonesimulator/HsToolKit.build/swift-overrides.hmap -emit-const-values -Xfrontend -const-gather-protocols-file -Xfrontend /Users/j/Documents/GitHub/MoneroOne/build/Build/Intermediates.noindex/HsToolKit.build/Debug-iphonesimulator/HsToolKit.build/Objects-normal/arm64/HsToolKit_const_extract_protocols.json -Xcc -I/Users/j/Documents/GitHub/MoneroOne/build/SourcePackages/checkouts/swift-nio-ssl/Sources/CNIOBoringSSLShims/include -Xcc -I/Users/j/Documents/GitHub/MoneroOne/build/SourcePackages/checkouts/swift-nio-ssl/Sources/CNIOBoringSSL/include -Xcc -I/Users/j/Documents/GitHub/MoneroOne/build/SourcePackages/checkouts/swift-nio/Sources/CNIOSHA1/include -Xcc -I/Users/j/Documents/GitHub/MoneroOne/build/SourcePackages/checkouts/swift-nio/Sources/CNIOLLHTTP/include -Xcc -I/Users/j/Documents/GitHub/MoneroOne/build/SourcePackages/checkouts/swift-atomics/Sources/_AtomicsShims/include -Xcc -I/Users/j/Documents/GitHub/MoneroOne/build/SourcePackages/checkouts/swift-nio/Sources/CNIOPosix/include -Xcc -I/Users/j/Documents/GitHub/MoneroOne/build/SourcePackages/checkouts/swift-nio/Sources/CNIOWASI/include -Xcc -I/Users/j/Documents/GitHub/MoneroOne/build/SourcePackages/checkouts/swift-nio/Sources/CNIOWindows/include -Xcc -I/Users/j/Documents/GitHub/MoneroOne/build/SourcePackages/checkouts/swift-nio/Sources/CNIOLinux/include -Xcc -I/Users/j/Documents/GitHub/MoneroOne/build/SourcePackages/checkouts/swift-nio/Sources/CNIODarwin/include -Xcc -I/Users/j/Documents/GitHub/MoneroOne/build/SourcePackages/checkouts/swift-nio/Sources/CNIOOpenBSD/include -Xcc -I/Users/j/Documents/GitHub/MoneroOne/build/SourcePackages/checkouts/swift-nio/Sources/CNIOAtomics/include -Xcc -I/Users/j/Documents/GitHub/MoneroOne/build/Build/Products/Debug-iphonesimulator/include -Xcc -I/Users/j/Documents/GitHub/MoneroOne/build/Build/Intermediates.noindex/HsToolKit.build/Debug-iphonesimulator/HsToolKit.build/DerivedSources-normal/arm64 -Xcc -I/Users/j/Documents/GitHub/MoneroOne/build/Build/Intermediates.noindex/HsToolKit.build/Debug-iphonesimulator/HsToolKit.build/DerivedSources/arm64 -Xcc -I/Users/j/Documents/GitHub/MoneroOne/build/Build/Intermediates.noindex/HsToolKit.build/Debug-iphonesimulator/HsToolKit.build/DerivedSources -Xcc -DSWIFT_PACKAGE -Xcc -DDEBUG\=1 -emit-objc-header -emit-objc-header-path /Users/j/Documents/GitHub/MoneroOne/build/Build/Intermediates.noindex/HsToolKit.build/Debug-iphonesimulator/HsToolKit.build/Objects-normal/arm64/HsToolKit-Swift.h -working-directory /Users/j/Documents/GitHub/MoneroOne/MoneroOne.xcodeproj -experimental-emit-module-separately -disable-cmo

SwiftMergeGeneratedHeaders /Users/j/Documents/GitHub/MoneroOne/build/Build/Intermediates.noindex/GeneratedModuleMaps-iphonesimulator/HsToolKit-Swift.h /Users/j/Documents/GitHub/MoneroOne/build/Build/Intermediates.noindex/HsToolKit.build/Debug-iphonesimulator/HsToolKit.build/Objects-normal/arm64/HsToolKit-Swift.h (in target 'HsToolKit' from project 'HsToolKit')
    cd /Users/j/Documents/GitHub/MoneroOne/build/SourcePackages/checkouts/HsToolKit.Swift
    builtin-swiftHeaderTool -arch arm64 /Users/j/Documents/GitHub/MoneroOne/build/Build/Intermediates.noindex/HsToolKit.build/Debug-iphonesimulator/HsToolKit.build/Objects-normal/arm64/HsToolKit-Swift.h -o /Users/j/Documents/GitHub/MoneroOne/build/Build/Intermediates.noindex/GeneratedModuleMaps-iphonesimulator/HsToolKit-Swift.h

Copy /Users/j/Documents/GitHub/MoneroOne/build/Build/Products/Debug-iphonesimulator/HsToolKit.swiftmodule/arm64-apple-ios-simulator.swiftdoc /Users/j/Documents/GitHub/MoneroOne/build/Build/Intermediates.noindex/HsToolKit.build/Debug-iphonesimulator/HsToolKit.build/Objects-normal/arm64/HsToolKit.swiftdoc (in target 'HsToolKit' from project 'HsToolKit')
    cd /Users/j/Documents/GitHub/MoneroOne/build/SourcePackages/checkouts/HsToolKit.Swift
    builtin-copy -exclude .DS_Store -exclude CVS -exclude .svn -exclude .git -exclude .hg -resolve-src-symlinks -rename /Users/j/Documents/GitHub/MoneroOne/build/Build/Intermediates.noindex/HsToolKit.build/Debug-iphonesimulator/HsToolKit.build/Objects-normal/arm64/HsToolKit.swiftdoc /Users/j/Documents/GitHub/MoneroOne/build/Build/Products/Debug-iphonesimulator/HsToolKit.swiftmodule/arm64-apple-ios-simulator.swiftdoc

Copy /Users/j/Documents/GitHub/MoneroOne/build/Build/Products/Debug-iphonesimulator/HsToolKit.swiftmodule/arm64-apple-ios-simulator.swiftmodule /Users/j/Documents/GitHub/MoneroOne/build/Build/Intermediates.noindex/HsToolKit.build/Debug-iphonesimulator/HsToolKit.build/Objects-normal/arm64/HsToolKit.swiftmodule (in target 'HsToolKit' from project 'HsToolKit')
    cd /Users/j/Documents/GitHub/MoneroOne/build/SourcePackages/checkouts/HsToolKit.Swift
    builtin-copy -exclude .DS_Store -exclude CVS -exclude .svn -exclude .git -exclude .hg -resolve-src-symlinks -rename /Users/j/Documents/GitHub/MoneroOne/build/Build/Intermediates.noindex/HsToolKit.build/Debug-iphonesimulator/HsToolKit.build/Objects-normal/arm64/HsToolKit.swiftmodule /Users/j/Documents/GitHub/MoneroOne/build/Build/Products/Debug-iphonesimulator/HsToolKit.swiftmodule/arm64-apple-ios-simulator.swiftmodule

Copy /Users/j/Documents/GitHub/MoneroOne/build/Build/Products/Debug-iphonesimulator/HsToolKit.swiftmodule/Project/arm64-apple-ios-simulator.swiftsourceinfo /Users/j/Documents/GitHub/MoneroOne/build/Build/Intermediates.noindex/HsToolKit.build/Debug-iphonesimulator/HsToolKit.build/Objects-normal/arm64/HsToolKit.swiftsourceinfo (in target 'HsToolKit' from project 'HsToolKit')
    cd /Users/j/Documents/GitHub/MoneroOne/build/SourcePackages/checkouts/HsToolKit.Swift
    builtin-copy -exclude .DS_Store -exclude CVS -exclude .svn -exclude .git -exclude .hg -resolve-src-symlinks -rename /Users/j/Documents/GitHub/MoneroOne/build/Build/Intermediates.noindex/HsToolKit.build/Debug-iphonesimulator/HsToolKit.build/Objects-normal/arm64/HsToolKit.swiftsourceinfo /Users/j/Documents/GitHub/MoneroOne/build/Build/Products/Debug-iphonesimulator/HsToolKit.swiftmodule/Project/arm64-apple-ios-simulator.swiftsourceinfo

Copy /Users/j/Documents/GitHub/MoneroOne/build/Build/Products/Debug-iphonesimulator/HsToolKit.swiftmodule/arm64-apple-ios-simulator.abi.json /Users/j/Documents/GitHub/MoneroOne/build/Build/Intermediates.noindex/HsToolKit.build/Debug-iphonesimulator/HsToolKit.build/Objects-normal/arm64/HsToolKit.abi.json (in target 'HsToolKit' from project 'HsToolKit')
    cd /Users/j/Documents/GitHub/MoneroOne/build/SourcePackages/checkouts/HsToolKit.Swift
    builtin-copy -exclude .DS_Store -exclude CVS -exclude .svn -exclude .git -exclude .hg -resolve-src-symlinks -rename /Users/j/Documents/GitHub/MoneroOne/build/Build/Intermediates.noindex/HsToolKit.build/Debug-iphonesimulator/HsToolKit.build/Objects-normal/arm64/HsToolKit.abi.json /Users/j/Documents/GitHub/MoneroOne/build/Build/Products/Debug-iphonesimulator/HsToolKit.swiftmodule/arm64-apple-ios-simulator.abi.json

SwiftDriver MoneroKit normal arm64 com.apple.xcode.tools.swift.compiler (in target 'MoneroKit' from project 'MoneroKit.swift')
    cd /Users/j/Documents/GitHub/MoneroOne/MoneroOne.xcodeproj
    builtin-SwiftDriver -- /Applications/Xcode.app/Contents/Developer/Toolchains/XcodeDefault.xctoolchain/usr/bin/swiftc -module-name MoneroKit -Onone -enforce-exclusivity\=checked @/Users/j/Documents/GitHub/MoneroOne/build/Build/Intermediates.noindex/MoneroKit.swift.build/Debug-iphonesimulator/MoneroKit.build/Objects-normal/arm64/MoneroKit.SwiftFileList -DSWIFT_PACKAGE -DDEBUG -DSWIFT_MODULE_RESOURCE_BUNDLE_UNAVAILABLE -Xcc -fmodule-map-file\=/Users/j/Documents/GitHub/MoneroOne/build/SourcePackages/checkouts/GRDB.swift/Sources/CSQLite/module.modulemap -Xcc -fmodule-map-file\=/Users/j/Documents/GitHub/MoneroOne/build/Build/Intermediates.noindex/GeneratedModuleMaps-iphonesimulator/secp256k1_bindings.modulemap -Xcc -fmodule-map-file\=/Users/j/Documents/GitHub/MoneroOne/build/Build/Intermediates.noindex/GeneratedModuleMaps-iphonesimulator/HsCryptoKitC.modulemap -Xcc -fmodule-map-file\=/Users/j/Documents/GitHub/MoneroOne/build/Build/Intermediates.noindex/GeneratedModuleMaps-iphonesimulator/CNIOBoringSSLShims.modulemap -Xcc -fmodule-map-file\=/Users/j/Documents/GitHub/MoneroOne/build/Build/Intermediates.noindex/GeneratedModuleMaps-iphonesimulator/CNIOSHA1.modulemap -Xcc -fmodule-map-file\=/Users/j/Documents/GitHub/MoneroOne/build/Build/Intermediates.noindex/GeneratedModuleMaps-iphonesimulator/CNIOLLHTTP.modulemap -Xcc -fmodule-map-file\=/Users/j/Documents/GitHub/MoneroOne/build/Build/Intermediates.noindex/GeneratedModuleMaps-iphonesimulator/CNIOPosix.modulemap -Xcc -fmodule-map-file\=/Users/j/Documents/GitHub/MoneroOne/build/Build/Intermediates.noindex/GeneratedModuleMaps-iphonesimulator/CNIOWASI.modulemap -Xcc -fmodule-map-file\=/Users/j/Documents/GitHub/MoneroOne/build/Build/Intermediates.noindex/GeneratedModuleMaps-iphonesimulator/CNIOLinux.modulemap -Xcc -fmodule-map-file\=/Users/j/Documents/GitHub/MoneroOne/build/Build/Intermediates.noindex/GeneratedModuleMaps-iphonesimulator/CNIODarwin.modulemap -Xcc -fmodule-map-file\=/Users/j/Documents/GitHub/MoneroOne/build/Build/Intermediates.noindex/GeneratedModuleMaps-iphonesimulator/CNIOOpenBSD.modulemap -Xcc -fmodule-map-file\=/Users/j/Documents/GitHub/MoneroOne/build/Build/Intermediates.noindex/GeneratedModuleMaps-iphonesimulator/CNIOAtomics.modulemap -DXcode -plugin-path /Applications/Xcode.app/Contents/Developer/Toolchains/XcodeDefault.xctoolchain/usr/lib/swift/host/plugins/testing -enable-experimental-feature DebugDescriptionMacro -sdk /Applications/Xcode.app/Contents/Developer/Platforms/iPhoneSimulator.platform/Developer/SDKs/iPhoneSimulator26.1.sdk -target arm64-apple-ios15.0-simulator -g -module-cache-path /Users/j/Documents/GitHub/MoneroOne/build/ModuleCache.noindex -Xfrontend -serialize-debugging-options -enable-testing -index-store-path /Users/j/Documents/GitHub/MoneroOne/build/Index.noindex/DataStore -Xcc -D_LIBCPP_HARDENING_MODE\=_LIBCPP_HARDENING_MODE_DEBUG -swift-version 5 -I /Users/j/Documents/GitHub/MoneroOne/build/Build/Products/Debug-iphonesimulator -Isystem /Applications/Xcode.app/Contents/Developer/Platforms/iPhoneSimulator.platform/Developer/usr/lib -F /Users/j/Documents/GitHub/MoneroOne/build/Build/Products/Debug-iphonesimulator/PackageFrameworks -F /Users/j/Documents/GitHub/MoneroOne/build/Build/Products/Debug-iphonesimulator/PackageFrameworks -F /Users/j/Documents/GitHub/MoneroOne/build/Build/Products/Debug-iphonesimulator/PackageFrameworks -F /Users/j/Documents/GitHub/MoneroOne/build/Build/Products/Debug-iphonesimulator/PackageFrameworks -F /Users/j/Documents/GitHub/MoneroOne/build/Build/Products/Debug-iphonesimulator/PackageFrameworks -F /Users/j/Documents/GitHub/MoneroOne/build/Build/Products/Debug-iphonesimulator/PackageFrameworks -F /Users/j/Documents/GitHub/MoneroOne/build/Build/Products/Debug-iphonesimulator/PackageFrameworks -F /Users/j/Documents/GitHub/MoneroOne/build/Build/Products/Debug-iphonesimulator/PackageFrameworks -F /Users/j/Documents/GitHub/MoneroOne/build/Build/Products/Debug-iphonesimulator/PackageFrameworks -F /Users/j/Documents/GitHub/MoneroOne/build/Build/Products/Debug-iphonesimulator/PackageFrameworks -F /Users/j/Documents/GitHub/MoneroOne/build/Build/Products/Debug-iphonesimulator/PackageFrameworks -F /Users/j/Documents/GitHub/MoneroOne/build/Build/Products/Debug-iphonesimulator/PackageFrameworks -F /Users/j/Documents/GitHub/MoneroOne/build/Build/Products/Debug-iphonesimulator/PackageFrameworks -F /Users/j/Documents/GitHub/MoneroOne/build/Build/Products/Debug-iphonesimulator/PackageFrameworks -F /Users/j/Documents/GitHub/MoneroOne/build/Build/Products/Debug-iphonesimulator/PackageFrameworks -F /Users/j/Documents/GitHub/MoneroOne/build/Build/Products/Debug-iphonesimulator/PackageFrameworks -F /Users/j/Documents/GitHub/MoneroOne/build/Build/Products/Debug-iphonesimulator/PackageFrameworks -F /Users/j/Documents/GitHub/MoneroOne/build/Build/Products/Debug-iphonesimulator/PackageFrameworks -F /Users/j/Documents/GitHub/MoneroOne/build/Build/Products/Debug-iphonesimulator/PackageFrameworks -F /Users/j/Documents/GitHub/MoneroOne/build/Build/Products/Debug-iphonesimulator/PackageFrameworks -F /Users/j/Documents/GitHub/MoneroOne/build/Build/Products/Debug-iphonesimulator/PackageFrameworks -F /Users/j/Documents/GitHub/MoneroOne/build/Build/Products/Debug-iphonesimulator/PackageFrameworks -F /Users/j/Documents/GitHub/MoneroOne/build/Build/Products/Debug-iphonesimulator/PackageFrameworks -F /Users/j/Documents/GitHub/MoneroOne/build/Build/Products/Debug-iphonesimulator/PackageFrameworks -F /Users/j/Documents/GitHub/MoneroOne/build/Build/Products/Debug-iphonesimulator/PackageFrameworks -F /Users/j/Documents/GitHub/MoneroOne/build/Build/Products/Debug-iphonesimulator/PackageFrameworks -F /Users/j/Documents/GitHub/MoneroOne/build/Build/Products/Debug-iphonesimulator/PackageFrameworks -F /Users/j/Documents/GitHub/MoneroOne/build/Build/Products/Debug-iphonesimulator/PackageFrameworks -F /Users/j/Documents/GitHub/MoneroOne/build/Build/Products/Debug-iphonesimulator/PackageFrameworks -F /Users/j/Documents/GitHub/MoneroOne/build/Build/Products/Debug-iphonesimulator/PackageFrameworks -F /Users/j/Documents/GitHub/MoneroOne/build/Build/Products/Debug-iphonesimulator/PackageFrameworks -F /Users/j/Documents/GitHub/MoneroOne/build/Build/Products/Debug-iphonesimulator/PackageFrameworks -F /Users/j/Documents/GitHub/MoneroOne/build/Build/Products/Debug-iphonesimulator/PackageFrameworks -F /Users/j/Documents/GitHub/MoneroOne/build/Build/Products/Debug-iphonesimulator/PackageFrameworks -F /Users/j/Documents/GitHub/MoneroOne/build/Build/Products/Debug-iphonesimulator/PackageFrameworks -F /Users/j/Documents/GitHub/MoneroOne/build/Build/Products/Debug-iphonesimulator/PackageFrameworks -F /Users/j/Documents/GitHub/MoneroOne/build/Build/Products/Debug-iphonesimulator/PackageFrameworks -F /Users/j/Documents/GitHub/MoneroOne/build/Build/Products/Debug-iphonesimulator/PackageFrameworks -F /Users/j/Documents/GitHub/MoneroOne/build/Build/Products/Debug-iphonesimulator/PackageFrameworks -F /Users/j/Documents/GitHub/MoneroOne/build/Build/Products/Debug-iphonesimulator/PackageFrameworks -F /Users/j/Documents/GitHub/MoneroOne/build/Build/Products/Debug-iphonesimulator/PackageFrameworks -F /Users/j/Documents/GitHub/MoneroOne/build/Build/Products/Debug-iphonesimulator/PackageFrameworks -F /Users/j/Documents/GitHub/MoneroOne/build/Build/Products/Debug-iphonesimulator/PackageFrameworks -F /Users/j/Documents/GitHub/MoneroOne/build/Build/Products/Debug-iphonesimulator/PackageFrameworks -F /Users/j/Documents/GitHub/MoneroOne/build/Build/Products/Debug-iphonesimulator -F /Applications/Xcode.app/Contents/Developer/Platforms/iPhoneSimulator.platform/Developer/Library/Frameworks -F /Applications/Xcode.app/Contents/Developer/Platforms/iPhoneSimulator.platform/Developer/SDKs/iPhoneSimulator26.1.sdk/Developer/Library/Frameworks -c -j12 -enable-batch-mode -incremental -Xcc -ivfsstatcache -Xcc /Users/j/Documents/GitHub/MoneroOne/build/SDKStatCaches.noindex/iphonesimulator26.1-23B77-90cf18a4295e390e64c810bc6bd7acbc.sdkstatcache -output-file-map /Users/j/Documents/GitHub/MoneroOne/build/Build/Intermediates.noindex/MoneroKit.swift.build/Debug-iphonesimulator/MoneroKit.build/Objects-normal/arm64/MoneroKit-OutputFileMap.json -use-frontend-parseable-output -save-temps -no-color-diagnostics -explicit-module-build -module-cache-path /Users/j/Documents/GitHub/MoneroOne/build/Build/Intermediates.noindex/SwiftExplicitPrecompiledModules -clang-scanner-module-cache-path /Users/j/Documents/GitHub/MoneroOne/build/ModuleCache.noindex -sdk-module-cache-path /Users/j/Documents/GitHub/MoneroOne/build/ModuleCache.noindex -serialize-diagnostics -emit-dependencies -emit-module -emit-module-path /Users/j/Documents/GitHub/MoneroOne/build/Build/Intermediates.noindex/MoneroKit.swift.build/Debug-iphonesimulator/MoneroKit.build/Objects-normal/arm64/MoneroKit.swiftmodule -validate-clang-modules-once -clang-build-session-file /Users/j/Documents/GitHub/MoneroOne/build/ModuleCache.noindex/Session.modulevalidation -Xcc -I/Users/j/Documents/GitHub/MoneroOne/build/Build/Intermediates.noindex/MoneroKit.swift.build/Debug-iphonesimulator/MoneroKit.build/swift-overrides.hmap -emit-const-values -Xfrontend -const-gather-protocols-file -Xfrontend /Users/j/Documents/GitHub/MoneroOne/build/Build/Intermediates.noindex/MoneroKit.swift.build/Debug-iphonesimulator/MoneroKit.build/Objects-normal/arm64/MoneroKit_const_extract_protocols.json -Xcc -I/Users/j/Documents/GitHub/MoneroOne/build/SourcePackages/checkouts/swift-crypto/Sources/CCryptoBoringSSLShims/include -Xcc -I/Users/j/Documents/GitHub/MoneroOne/build/SourcePackages/checkouts/swift-crypto/Sources/CCryptoBoringSSL/include -Xcc -I/Users/j/Documents/GitHub/MoneroOne/build/SourcePackages/checkouts/secp256k1.swift/Sources/secp256k1_bindings/include -Xcc -I/Users/j/Documents/GitHub/MoneroOne/build/SourcePackages/checkouts/HsCryptoKit.Swift/Sources/HsCryptoKitC/include -Xcc -I/Users/j/Documents/GitHub/MoneroOne/build/SourcePackages/checkouts/swift-nio-ssl/Sources/CNIOBoringSSLShims/include -Xcc -I/Users/j/Documents/GitHub/MoneroOne/build/SourcePackages/checkouts/swift-nio-ssl/Sources/CNIOBoringSSL/include -Xcc -I/Users/j/Documents/GitHub/MoneroOne/build/SourcePackages/checkouts/swift-nio/Sources/CNIOSHA1/include -Xcc -I/Users/j/Documents/GitHub/MoneroOne/build/SourcePackages/checkouts/swift-nio/Sources/CNIOLLHTTP/include -Xcc -I/Users/j/Documents/GitHub/MoneroOne/build/SourcePackages/checkouts/swift-atomics/Sources/_AtomicsShims/include -Xcc -I/Users/j/Documents/GitHub/MoneroOne/build/SourcePackages/checkouts/swift-nio/Sources/CNIOPosix/include -Xcc -I/Users/j/Documents/GitHub/MoneroOne/build/SourcePackages/checkouts/swift-nio/Sources/CNIOWASI/include -Xcc -I/Users/j/Documents/GitHub/MoneroOne/build/SourcePackages/checkouts/swift-nio/Sources/CNIOWindows/include -Xcc -I/Users/j/Documents/GitHub/MoneroOne/build/SourcePackages/checkouts/swift-nio/Sources/CNIOLinux/include -Xcc -I/Users/j/Documents/GitHub/MoneroOne/build/SourcePackages/checkouts/swift-nio/Sources/CNIODarwin/include -Xcc -I/Users/j/Documents/GitHub/MoneroOne/build/SourcePackages/checkouts/swift-nio/Sources/CNIOOpenBSD/include -Xcc -I/Users/j/Documents/GitHub/MoneroOne/build/SourcePackages/checkouts/swift-nio/Sources/CNIOAtomics/include -Xcc -I/Users/j/Documents/GitHub/MoneroKit.Swift/Sources/CMonero/include -Xcc -I/Users/j/Documents/GitHub/MoneroOne/build/Build/Products/Debug-iphonesimulator/include -Xcc -I/Users/j/Documents/GitHub/MoneroOne/build/Build/Intermediates.noindex/MoneroKit.swift.build/Debug-iphonesimulator/MoneroKit.build/DerivedSources-normal/arm64 -Xcc -I/Users/j/Documents/GitHub/MoneroOne/build/Build/Intermediates.noindex/MoneroKit.swift.build/Debug-iphonesimulator/MoneroKit.build/DerivedSources/arm64 -Xcc -I/Users/j/Documents/GitHub/MoneroOne/build/Build/Intermediates.noindex/MoneroKit.swift.build/Debug-iphonesimulator/MoneroKit.build/DerivedSources -Xcc -DSWIFT_PACKAGE -Xcc -DDEBUG\=1 -emit-objc-header -emit-objc-header-path /Users/j/Documents/GitHub/MoneroOne/build/Build/Intermediates.noindex/MoneroKit.swift.build/Debug-iphonesimulator/MoneroKit.build/Objects-normal/arm64/MoneroKit-Swift.h -working-directory /Users/j/Documents/GitHub/MoneroOne/MoneroOne.xcodeproj -experimental-emit-module-separately -disable-cmo

SwiftDriverJobDiscovery normal arm64 Compiling NetworkManager+ObjectMapper.swift (in target 'HsToolKit' from project 'HsToolKit')

SwiftDriverJobDiscovery normal arm64 Compiling WebSocketClient.swift (in target 'HsToolKit' from project 'HsToolKit')

SwiftDriverJobDiscovery normal arm64 Compiling WebSocket.swift (in target 'HsToolKit' from project 'HsToolKit')

SwiftDriverJobDiscovery normal arm64 Compiling BackgroundModeObserver.swift (in target 'HsToolKit' from project 'HsToolKit')

SwiftDriverJobDiscovery normal arm64 Compiling NIOWebSocket.swift (in target 'HsToolKit' from project 'HsToolKit')

SwiftDriverJobDiscovery normal arm64 Compiling LinuxUring.swift, MultiThreadedEventLoopGroup.swift, NIOPosixSendableMetatype.swift, NIOThreadPool.swift, NonBlockingFileIO.swift (in target 'NIOPosix' from project 'swift-nio')

SwiftDriver\ Compilation NIOPosix normal arm64 com.apple.xcode.tools.swift.compiler (in target 'NIOPosix' from project 'swift-nio')
    cd /Users/j/Documents/GitHub/MoneroOne/MoneroOne.xcodeproj
    builtin-Swift-Compilation -- /Applications/Xcode.app/Contents/Developer/Toolchains/XcodeDefault.xctoolchain/usr/bin/swiftc -module-name NIOPosix -Onone -enforce-exclusivity\=checked @/Users/j/Documents/GitHub/MoneroOne/build/Build/Intermediates.noindex/swift-nio.build/Debug-iphonesimulator/NIOPosix.build/Objects-normal/arm64/NIOPosix.SwiftFileList -DSWIFT_PACKAGE -DDEBUG -DSWIFT_MODULE_RESOURCE_BUNDLE_AVAILABLE -Xcc -fmodule-map-file\=/Users/j/Documents/GitHub/MoneroOne/build/Build/Intermediates.noindex/GeneratedModuleMaps-iphonesimulator/CNIOPosix.modulemap -Xcc -fmodule-map-file\=/Users/j/Documents/GitHub/MoneroOne/build/Build/Intermediates.noindex/GeneratedModuleMaps-iphonesimulator/CNIOWASI.modulemap -Xcc -fmodule-map-file\=/Users/j/Documents/GitHub/MoneroOne/build/Build/Intermediates.noindex/GeneratedModuleMaps-iphonesimulator/CNIOAtomics.modulemap -Xcc -fmodule-map-file\=/Users/j/Documents/GitHub/MoneroOne/build/Build/Intermediates.noindex/GeneratedModuleMaps-iphonesimulator/CNIODarwin.modulemap -Xcc -fmodule-map-file\=/Users/j/Documents/GitHub/MoneroOne/build/Build/Intermediates.noindex/GeneratedModuleMaps-iphonesimulator/CNIOLinux.modulemap -Xcc -fmodule-map-file\=/Users/j/Documents/GitHub/MoneroOne/build/Build/Intermediates.noindex/GeneratedModuleMaps-iphonesimulator/CNIOOpenBSD.modulemap -DXcode -enable-experimental-feature Lifetimes -enable-upcoming-feature MemberImportVisibility -plugin-path /Applications/Xcode.app/Contents/Developer/Toolchains/XcodeDefault.xctoolchain/usr/lib/swift/host/plugins/testing -enable-experimental-feature DebugDescriptionMacro -sdk /Applications/Xcode.app/Contents/Developer/Platforms/iPhoneSimulator.platform/Developer/SDKs/iPhoneSimulator26.1.sdk -target arm64-apple-ios12.0-simulator -g -module-cache-path /Users/j/Documents/GitHub/MoneroOne/build/ModuleCache.noindex -Xfrontend -serialize-debugging-options -enable-testing -suppress-warnings -index-store-path /Users/j/Documents/GitHub/MoneroOne/build/Index.noindex/DataStore -Xcc -D_LIBCPP_HARDENING_MODE\=_LIBCPP_HARDENING_MODE_DEBUG -swift-version 6 -I /Users/j/Documents/GitHub/MoneroOne/build/Build/Products/Debug-iphonesimulator -Isystem /Applications/Xcode.app/Contents/Developer/Platforms/iPhoneSimulator.platform/Developer/usr/lib -F /Users/j/Documents/GitHub/MoneroOne/build/Build/Products/Debug-iphonesimulator/PackageFrameworks -F /Users/j/Documents/GitHub/MoneroOne/build/Build/Products/Debug-iphonesimulator/PackageFrameworks -F /Users/j/Documents/GitHub/MoneroOne/build/Build/Products/Debug-iphonesimulator/PackageFrameworks -F /Users/j/Documents/GitHub/MoneroOne/build/Build/Products/Debug-iphonesimulator/PackageFrameworks -F /Users/j/Documents/GitHub/MoneroOne/build/Build/Products/Debug-iphonesimulator/PackageFrameworks -F /Users/j/Documents/GitHub/MoneroOne/build/Build/Products/Debug-iphonesimulator/PackageFrameworks -F /Users/j/Documents/GitHub/MoneroOne/build/Build/Products/Debug-iphonesimulator/PackageFrameworks -F /Users/j/Documents/GitHub/MoneroOne/build/Build/Products/Debug-iphonesimulator/PackageFrameworks -F /Users/j/Documents/GitHub/MoneroOne/build/Build/Products/Debug-iphonesimulator/PackageFrameworks -F /Users/j/Documents/GitHub/MoneroOne/build/Build/Products/Debug-iphonesimulator/PackageFrameworks -F /Users/j/Documents/GitHub/MoneroOne/build/Build/Products/Debug-iphonesimulator/PackageFrameworks -F /Users/j/Documents/GitHub/MoneroOne/build/Build/Products/Debug-iphonesimulator/PackageFrameworks -F /Users/j/Documents/GitHub/MoneroOne/build/Build/Products/Debug-iphonesimulator/PackageFrameworks -F /Users/j/Documents/GitHub/MoneroOne/build/Build/Products/Debug-iphonesimulator/PackageFrameworks -F /Users/j/Documents/GitHub/MoneroOne/build/Build/Products/Debug-iphonesimulator/PackageFrameworks -F /Users/j/Documents/GitHub/MoneroOne/build/Build/Products/Debug-iphonesimulator -F /Applications/Xcode.app/Contents/Developer/Platforms/iPhoneSimulator.platform/Developer/Library/Frameworks -F /Applications/Xcode.app/Contents/Developer/Platforms/iPhoneSimulator.platform/Developer/SDKs/iPhoneSimulator26.1.sdk/Developer/Library/Frameworks -c -j12 -enable-batch-mode -incremental -Xcc -ivfsstatcache -Xcc /Users/j/Documents/GitHub/MoneroOne/build/SDKStatCaches.noindex/iphonesimulator26.1-23B77-90cf18a4295e390e64c810bc6bd7acbc.sdkstatcache -output-file-map /Users/j/Documents/GitHub/MoneroOne/build/Build/Intermediates.noindex/swift-nio.build/Debug-iphonesimulator/NIOPosix.build/Objects-normal/arm64/NIOPosix-OutputFileMap.json -use-frontend-parseable-output -save-temps -no-color-diagnostics -explicit-module-build -module-cache-path /Users/j/Documents/GitHub/MoneroOne/build/Build/Intermediates.noindex/SwiftExplicitPrecompiledModules -clang-scanner-module-cache-path /Users/j/Documents/GitHub/MoneroOne/build/ModuleCache.noindex -sdk-module-cache-path /Users/j/Documents/GitHub/MoneroOne/build/ModuleCache.noindex -serialize-diagnostics -emit-dependencies -emit-module -emit-module-path /Users/j/Documents/GitHub/MoneroOne/build/Build/Intermediates.noindex/swift-nio.build/Debug-iphonesimulator/NIOPosix.build/Objects-normal/arm64/NIOPosix.swiftmodule -user-module-version 2.92.2 -validate-clang-modules-once -clang-build-session-file /Users/j/Documents/GitHub/MoneroOne/build/ModuleCache.noindex/Session.modulevalidation -package-name swift_nio -Xcc -I/Users/j/Documents/GitHub/MoneroOne/build/Build/Intermediates.noindex/swift-nio.build/Debug-iphonesimulator/NIOPosix.build/swift-overrides.hmap -emit-const-values -Xfrontend -const-gather-protocols-file -Xfrontend /Users/j/Documents/GitHub/MoneroOne/build/Build/Intermediates.noindex/swift-nio.build/Debug-iphonesimulator/NIOPosix.build/Objects-normal/arm64/NIOPosix_const_extract_protocols.json -Xcc -I/Users/j/Documents/GitHub/MoneroOne/build/SourcePackages/checkouts/swift-atomics/Sources/_AtomicsShims/include -Xcc -I/Users/j/Documents/GitHub/MoneroOne/build/SourcePackages/checkouts/swift-nio/Sources/CNIOPosix/include -Xcc -I/Users/j/Documents/GitHub/MoneroOne/build/SourcePackages/checkouts/swift-nio/Sources/CNIOWASI/include -Xcc -I/Users/j/Documents/GitHub/MoneroOne/build/SourcePackages/checkouts/swift-nio/Sources/CNIOAtomics/include -Xcc -I/Users/j/Documents/GitHub/MoneroOne/build/SourcePackages/checkouts/swift-nio/Sources/CNIOWindows/include -Xcc -I/Users/j/Documents/GitHub/MoneroOne/build/SourcePackages/checkouts/swift-nio/Sources/CNIODarwin/include -Xcc -I/Users/j/Documents/GitHub/MoneroOne/build/SourcePackages/checkouts/swift-nio/Sources/CNIOLinux/include -Xcc -I/Users/j/Documents/GitHub/MoneroOne/build/SourcePackages/checkouts/swift-nio/Sources/CNIOOpenBSD/include -Xcc -I/Users/j/Documents/GitHub/MoneroOne/build/Build/Products/Debug-iphonesimulator/include -Xcc -I/Users/j/Documents/GitHub/MoneroOne/build/Build/Intermediates.noindex/swift-nio.build/Debug-iphonesimulator/NIOPosix.build/DerivedSources-normal/arm64 -Xcc -I/Users/j/Documents/GitHub/MoneroOne/build/Build/Intermediates.noindex/swift-nio.build/Debug-iphonesimulator/NIOPosix.build/DerivedSources/arm64 -Xcc -I/Users/j/Documents/GitHub/MoneroOne/build/Build/Intermediates.noindex/swift-nio.build/Debug-iphonesimulator/NIOPosix.build/DerivedSources -Xcc -DSWIFT_PACKAGE -Xcc -DDEBUG\=1 -emit-objc-header -emit-objc-header-path /Users/j/Documents/GitHub/MoneroOne/build/Build/Intermediates.noindex/swift-nio.build/Debug-iphonesimulator/NIOPosix.build/Objects-normal/arm64/NIOPosix-Swift.h -working-directory /Users/j/Documents/GitHub/MoneroOne/MoneroOne.xcodeproj -experimental-emit-module-separately -disable-cmo

Ld /Users/j/Documents/GitHub/MoneroOne/build/Build/Products/Debug-iphonesimulator/NIOPosix.o normal (in target 'NIOPosix' from project 'swift-nio')
    cd /Users/j/Documents/GitHub/MoneroOne/build/SourcePackages/checkouts/swift-nio
    /Applications/Xcode.app/Contents/Developer/Toolchains/XcodeDefault.xctoolchain/usr/bin/clang -Xlinker -reproducible -target arm64-apple-ios12.0-simulator -r -isysroot /Applications/Xcode.app/Contents/Developer/Platforms/iPhoneSimulator.platform/Developer/SDKs/iPhoneSimulator26.1.sdk -O0 -w -L/Users/j/Documents/GitHub/MoneroOne/build/Build/Intermediates.noindex/EagerLinkingTBDs/Debug-iphonesimulator -L/Users/j/Documents/GitHub/MoneroOne/build/Build/Products/Debug-iphonesimulator -L/Applications/Xcode.app/Contents/Developer/Platforms/iPhoneSimulator.platform/Developer/usr/lib -F/Users/j/Documents/GitHub/MoneroOne/build/Build/Intermediates.noindex/EagerLinkingTBDs/Debug-iphonesimulator -F/Users/j/Documents/GitHub/MoneroOne/build/Build/Products/Debug-iphonesimulator/PackageFrameworks -F/Users/j/Documents/GitHub/MoneroOne/build/Build/Products/Debug-iphonesimulator/PackageFrameworks -F/Users/j/Documents/GitHub/MoneroOne/build/Build/Products/Debug-iphonesimulator/PackageFrameworks -F/Users/j/Documents/GitHub/MoneroOne/build/Build/Products/Debug-iphonesimulator/PackageFrameworks -F/Users/j/Documents/GitHub/MoneroOne/build/Build/Products/Debug-iphonesimulator/PackageFrameworks -F/Users/j/Documents/GitHub/MoneroOne/build/Build/Products/Debug-iphonesimulator/PackageFrameworks -F/Users/j/Documents/GitHub/MoneroOne/build/Build/Products/Debug-iphonesimulator/PackageFrameworks -F/Users/j/Documents/GitHub/MoneroOne/build/Build/Products/Debug-iphonesimulator/PackageFrameworks -F/Users/j/Documents/GitHub/MoneroOne/build/Build/Products/Debug-iphonesimulator/PackageFrameworks -F/Users/j/Documents/GitHub/MoneroOne/build/Build/Products/Debug-iphonesimulator/PackageFrameworks -F/Users/j/Documents/GitHub/MoneroOne/build/Build/Products/Debug-iphonesimulator/PackageFrameworks -F/Users/j/Documents/GitHub/MoneroOne/build/Build/Products/Debug-iphonesimulator/PackageFrameworks -F/Users/j/Documents/GitHub/MoneroOne/build/Build/Products/Debug-iphonesimulator/PackageFrameworks -F/Users/j/Documents/GitHub/MoneroOne/build/Build/Products/Debug-iphonesimulator/PackageFrameworks -F/Users/j/Documents/GitHub/MoneroOne/build/Build/Products/Debug-iphonesimulator/PackageFrameworks -F/Users/j/Documents/GitHub/MoneroOne/build/Build/Products/Debug-iphonesimulator -iframework /Applications/Xcode.app/Contents/Developer/Platforms/iPhoneSimulator.platform/Developer/Library/Frameworks -iframework /Applications/Xcode.app/Contents/Developer/Platforms/iPhoneSimulator.platform/Developer/SDKs/iPhoneSimulator26.1.sdk/Developer/Library/Frameworks -filelist /Users/j/Documents/GitHub/MoneroOne/build/Build/Intermediates.noindex/swift-nio.build/Debug-iphonesimulator/NIOPosix.build/Objects-normal/arm64/NIOPosix.LinkFileList -nostdlib -Xlinker -object_path_lto -Xlinker /Users/j/Documents/GitHub/MoneroOne/build/Build/Intermediates.noindex/swift-nio.build/Debug-iphonesimulator/NIOPosix.build/Objects-normal/arm64/NIOPosix_lto.o -rdynamic -Xlinker -no_deduplicate -Xlinker -objc_abi_version -Xlinker 2 -Xlinker -dependency_info -Xlinker /Users/j/Documents/GitHub/MoneroOne/build/Build/Intermediates.noindex/swift-nio.build/Debug-iphonesimulator/NIOPosix.build/Objects-normal/arm64/NIOPosix_dependency_info.dat -fobjc-link-runtime -L/Applications/Xcode.app/Contents/Developer/Toolchains/XcodeDefault.xctoolchain/usr/lib/swift/iphonesimulator -L/usr/lib/swift -Xlinker -add_ast_path -Xlinker /Users/j/Documents/GitHub/MoneroOne/build/Build/Intermediates.noindex/swift-nio.build/Debug-iphonesimulator/NIOPosix.build/Objects-normal/arm64/NIOPosix.swiftmodule @/Users/j/Documents/GitHub/MoneroOne/build/Build/Intermediates.noindex/swift-nio.build/Debug-iphonesimulator/NIOPosix.build/Objects-normal/arm64/NIOPosix-linker-args.resp -o /Users/j/Documents/GitHub/MoneroOne/build/Build/Products/Debug-iphonesimulator/NIOPosix.o

ExtractAppIntentsMetadata (in target 'NIOPosix' from project 'swift-nio')
    cd /Users/j/Documents/GitHub/MoneroOne/build/SourcePackages/checkouts/swift-nio
    /Applications/Xcode.app/Contents/Developer/Toolchains/XcodeDefault.xctoolchain/usr/bin/appintentsmetadataprocessor --toolchain-dir /Applications/Xcode.app/Contents/Developer/Toolchains/XcodeDefault.xctoolchain --module-name NIOPosix --sdk-root /Applications/Xcode.app/Contents/Developer/Platforms/iPhoneSimulator.platform/Developer/SDKs/iPhoneSimulator26.1.sdk --xcode-version 17B100 --platform-family iOS --deployment-target 12.0 --bundle-identifier swift-nio.NIOPosix --output /Users/j/Documents/GitHub/MoneroOne/build/Build/Products/Debug-iphonesimulator/NIOPosix.appintents --target-triple arm64-apple-ios12.0-simulator --binary-file /Users/j/Documents/GitHub/MoneroOne/build/Build/Products/Debug-iphonesimulator/NIOPosix.o --dependency-file /Users/j/Documents/GitHub/MoneroOne/build/Build/Intermediates.noindex/swift-nio.build/Debug-iphonesimulator/NIOPosix.build/Objects-normal/arm64/NIOPosix_dependency_info.dat --stringsdata-file /Users/j/Documents/GitHub/MoneroOne/build/Build/Intermediates.noindex/swift-nio.build/Debug-iphonesimulator/NIOPosix.build/Objects-normal/arm64/ExtractedAppShortcutsMetadata.stringsdata --source-file-list /Users/j/Documents/GitHub/MoneroOne/build/Build/Intermediates.noindex/swift-nio.build/Debug-iphonesimulator/NIOPosix.build/Objects-normal/arm64/NIOPosix.SwiftFileList --metadata-file-list /Users/j/Documents/GitHub/MoneroOne/build/Build/Intermediates.noindex/swift-nio.build/Debug-iphonesimulator/NIOPosix.build/NIOPosix.DependencyMetadataFileList --static-metadata-file-list /Users/j/Documents/GitHub/MoneroOne/build/Build/Intermediates.noindex/swift-nio.build/Debug-iphonesimulator/NIOPosix.build/NIOPosix.DependencyStaticMetadataFileList --swift-const-vals-list /Users/j/Documents/GitHub/MoneroOne/build/Build/Intermediates.noindex/swift-nio.build/Debug-iphonesimulator/NIOPosix.build/Objects-normal/arm64/NIOPosix.SwiftConstValuesFileList --force --compile-time-extraction --deployment-aware-processing --validate-assistant-intents --no-app-shortcuts-localization
2026-01-18 15:26:14.119 appintentsmetadataprocessor[4021:39111155] Starting appintentsmetadataprocessor export
2026-01-18 15:26:14.221 appintentsmetadataprocessor[4021:39111155] Extracted no relevant App Intents symbols, skipping writing output

SwiftDriverJobDiscovery normal arm64 Compiling NetworkManager.swift (in target 'HsToolKit' from project 'HsToolKit')

SwiftDriver\ Compilation HsToolKit normal arm64 com.apple.xcode.tools.swift.compiler (in target 'HsToolKit' from project 'HsToolKit')
    cd /Users/j/Documents/GitHub/MoneroOne/MoneroOne.xcodeproj
    builtin-Swift-Compilation -- /Applications/Xcode.app/Contents/Developer/Toolchains/XcodeDefault.xctoolchain/usr/bin/swiftc -module-name HsToolKit -Onone -enforce-exclusivity\=checked @/Users/j/Documents/GitHub/MoneroOne/build/Build/Intermediates.noindex/HsToolKit.build/Debug-iphonesimulator/HsToolKit.build/Objects-normal/arm64/HsToolKit.SwiftFileList -DSWIFT_PACKAGE -DDEBUG -DSWIFT_MODULE_RESOURCE_BUNDLE_UNAVAILABLE -Xcc -fmodule-map-file\=/Users/j/Documents/GitHub/MoneroOne/build/Build/Intermediates.noindex/GeneratedModuleMaps-iphonesimulator/CNIOBoringSSLShims.modulemap -Xcc -fmodule-map-file\=/Users/j/Documents/GitHub/MoneroOne/build/Build/Intermediates.noindex/GeneratedModuleMaps-iphonesimulator/CNIOSHA1.modulemap -Xcc -fmodule-map-file\=/Users/j/Documents/GitHub/MoneroOne/build/Build/Intermediates.noindex/GeneratedModuleMaps-iphonesimulator/CNIOLLHTTP.modulemap -Xcc -fmodule-map-file\=/Users/j/Documents/GitHub/MoneroOne/build/Build/Intermediates.noindex/GeneratedModuleMaps-iphonesimulator/CNIOPosix.modulemap -Xcc -fmodule-map-file\=/Users/j/Documents/GitHub/MoneroOne/build/Build/Intermediates.noindex/GeneratedModuleMaps-iphonesimulator/CNIOWASI.modulemap -Xcc -fmodule-map-file\=/Users/j/Documents/GitHub/MoneroOne/build/Build/Intermediates.noindex/GeneratedModuleMaps-iphonesimulator/CNIOLinux.modulemap -Xcc -fmodule-map-file\=/Users/j/Documents/GitHub/MoneroOne/build/Build/Intermediates.noindex/GeneratedModuleMaps-iphonesimulator/CNIODarwin.modulemap -Xcc -fmodule-map-file\=/Users/j/Documents/GitHub/MoneroOne/build/Build/Intermediates.noindex/GeneratedModuleMaps-iphonesimulator/CNIOOpenBSD.modulemap -Xcc -fmodule-map-file\=/Users/j/Documents/GitHub/MoneroOne/build/Build/Intermediates.noindex/GeneratedModuleMaps-iphonesimulator/CNIOAtomics.modulemap -DXcode -plugin-path /Applications/Xcode.app/Contents/Developer/Toolchains/XcodeDefault.xctoolchain/usr/lib/swift/host/plugins/testing -enable-experimental-feature DebugDescriptionMacro -sdk /Applications/Xcode.app/Contents/Developer/Platforms/iPhoneSimulator.platform/Developer/SDKs/iPhoneSimulator26.1.sdk -target arm64-apple-ios13.0-simulator -g -module-cache-path /Users/j/Documents/GitHub/MoneroOne/build/ModuleCache.noindex -Xfrontend -serialize-debugging-options -enable-testing -suppress-warnings -index-store-path /Users/j/Documents/GitHub/MoneroOne/build/Index.noindex/DataStore -Xcc -D_LIBCPP_HARDENING_MODE\=_LIBCPP_HARDENING_MODE_DEBUG -swift-version 5 -I /Users/j/Documents/GitHub/MoneroOne/build/Build/Products/Debug-iphonesimulator -Isystem /Applications/Xcode.app/Contents/Developer/Platforms/iPhoneSimulator.platform/Developer/usr/lib -F /Users/j/Documents/GitHub/MoneroOne/build/Build/Products/Debug-iphonesimulator/PackageFrameworks -F /Users/j/Documents/GitHub/MoneroOne/build/Build/Products/Debug-iphonesimulator/PackageFrameworks -F /Users/j/Documents/GitHub/MoneroOne/build/Build/Products/Debug-iphonesimulator/PackageFrameworks -F /Users/j/Documents/GitHub/MoneroOne/build/Build/Products/Debug-iphonesimulator/PackageFrameworks -F /Users/j/Documents/GitHub/MoneroOne/build/Build/Products/Debug-iphonesimulator/PackageFrameworks -F /Users/j/Documents/GitHub/MoneroOne/build/Build/Products/Debug-iphonesimulator/PackageFrameworks -F /Users/j/Documents/GitHub/MoneroOne/build/Build/Products/Debug-iphonesimulator/PackageFrameworks -F /Users/j/Documents/GitHub/MoneroOne/build/Build/Products/Debug-iphonesimulator/PackageFrameworks -F /Users/j/Documents/GitHub/MoneroOne/build/Build/Products/Debug-iphonesimulator/PackageFrameworks -F /Users/j/Documents/GitHub/MoneroOne/build/Build/Products/Debug-iphonesimulator/PackageFrameworks -F /Users/j/Documents/GitHub/MoneroOne/build/Build/Products/Debug-iphonesimulator/PackageFrameworks -F /Users/j/Documents/GitHub/MoneroOne/build/Build/Products/Debug-iphonesimulator/PackageFrameworks -F /Users/j/Documents/GitHub/MoneroOne/build/Build/Products/Debug-iphonesimulator/PackageFrameworks -F /Users/j/Documents/GitHub/MoneroOne/build/Build/Products/Debug-iphonesimulator/PackageFrameworks -F /Users/j/Documents/GitHub/MoneroOne/build/Build/Products/Debug-iphonesimulator/PackageFrameworks -F /Users/j/Documents/GitHub/MoneroOne/build/Build/Products/Debug-iphonesimulator/PackageFrameworks -F /Users/j/Documents/GitHub/MoneroOne/build/Build/Products/Debug-iphonesimulator/PackageFrameworks -F /Users/j/Documents/GitHub/MoneroOne/build/Build/Products/Debug-iphonesimulator/PackageFrameworks -F /Users/j/Documents/GitHub/MoneroOne/build/Build/Products/Debug-iphonesimulator/PackageFrameworks -F /Users/j/Documents/GitHub/MoneroOne/build/Build/Products/Debug-iphonesimulator/PackageFrameworks -F /Users/j/Documents/GitHub/MoneroOne/build/Build/Products/Debug-iphonesimulator/PackageFrameworks -F /Users/j/Documents/GitHub/MoneroOne/build/Build/Products/Debug-iphonesimulator/PackageFrameworks -F /Users/j/Documents/GitHub/MoneroOne/build/Build/Products/Debug-iphonesimulator/PackageFrameworks -F /Users/j/Documents/GitHub/MoneroOne/build/Build/Products/Debug-iphonesimulator/PackageFrameworks -F /Users/j/Documents/GitHub/MoneroOne/build/Build/Products/Debug-iphonesimulator/PackageFrameworks -F /Users/j/Documents/GitHub/MoneroOne/build/Build/Products/Debug-iphonesimulator/PackageFrameworks -F /Users/j/Documents/GitHub/MoneroOne/build/Build/Products/Debug-iphonesimulator/PackageFrameworks -F /Users/j/Documents/GitHub/MoneroOne/build/Build/Products/Debug-iphonesimulator/PackageFrameworks -F /Users/j/Documents/GitHub/MoneroOne/build/Build/Products/Debug-iphonesimulator/PackageFrameworks -F /Users/j/Documents/GitHub/MoneroOne/build/Build/Products/Debug-iphonesimulator/PackageFrameworks -F /Users/j/Documents/GitHub/MoneroOne/build/Build/Products/Debug-iphonesimulator -F /Applications/Xcode.app/Contents/Developer/Platforms/iPhoneSimulator.platform/Developer/Library/Frameworks -F /Applications/Xcode.app/Contents/Developer/Platforms/iPhoneSimulator.platform/Developer/SDKs/iPhoneSimulator26.1.sdk/Developer/Library/Frameworks -c -j12 -enable-batch-mode -incremental -Xcc -ivfsstatcache -Xcc /Users/j/Documents/GitHub/MoneroOne/build/SDKStatCaches.noindex/iphonesimulator26.1-23B77-90cf18a4295e390e64c810bc6bd7acbc.sdkstatcache -output-file-map /Users/j/Documents/GitHub/MoneroOne/build/Build/Intermediates.noindex/HsToolKit.build/Debug-iphonesimulator/HsToolKit.build/Objects-normal/arm64/HsToolKit-OutputFileMap.json -use-frontend-parseable-output -save-temps -no-color-diagnostics -explicit-module-build -module-cache-path /Users/j/Documents/GitHub/MoneroOne/build/Build/Intermediates.noindex/SwiftExplicitPrecompiledModules -clang-scanner-module-cache-path /Users/j/Documents/GitHub/MoneroOne/build/ModuleCache.noindex -sdk-module-cache-path /Users/j/Documents/GitHub/MoneroOne/build/ModuleCache.noindex -serialize-diagnostics -emit-dependencies -emit-module -emit-module-path /Users/j/Documents/GitHub/MoneroOne/build/Build/Intermediates.noindex/HsToolKit.build/Debug-iphonesimulator/HsToolKit.build/Objects-normal/arm64/HsToolKit.swiftmodule -validate-clang-modules-once -clang-build-session-file /Users/j/Documents/GitHub/MoneroOne/build/ModuleCache.noindex/Session.modulevalidation -Xcc -I/Users/j/Documents/GitHub/MoneroOne/build/Build/Intermediates.noindex/HsToolKit.build/Debug-iphonesimulator/HsToolKit.build/swift-overrides.hmap -emit-const-values -Xfrontend -const-gather-protocols-file -Xfrontend /Users/j/Documents/GitHub/MoneroOne/build/Build/Intermediates.noindex/HsToolKit.build/Debug-iphonesimulator/HsToolKit.build/Objects-normal/arm64/HsToolKit_const_extract_protocols.json -Xcc -I/Users/j/Documents/GitHub/MoneroOne/build/SourcePackages/checkouts/swift-nio-ssl/Sources/CNIOBoringSSLShims/include -Xcc -I/Users/j/Documents/GitHub/MoneroOne/build/SourcePackages/checkouts/swift-nio-ssl/Sources/CNIOBoringSSL/include -Xcc -I/Users/j/Documents/GitHub/MoneroOne/build/SourcePackages/checkouts/swift-nio/Sources/CNIOSHA1/include -Xcc -I/Users/j/Documents/GitHub/MoneroOne/build/SourcePackages/checkouts/swift-nio/Sources/CNIOLLHTTP/include -Xcc -I/Users/j/Documents/GitHub/MoneroOne/build/SourcePackages/checkouts/swift-atomics/Sources/_AtomicsShims/include -Xcc -I/Users/j/Documents/GitHub/MoneroOne/build/SourcePackages/checkouts/swift-nio/Sources/CNIOPosix/include -Xcc -I/Users/j/Documents/GitHub/MoneroOne/build/SourcePackages/checkouts/swift-nio/Sources/CNIOWASI/include -Xcc -I/Users/j/Documents/GitHub/MoneroOne/build/SourcePackages/checkouts/swift-nio/Sources/CNIOWindows/include -Xcc -I/Users/j/Documents/GitHub/MoneroOne/build/SourcePackages/checkouts/swift-nio/Sources/CNIOLinux/include -Xcc -I/Users/j/Documents/GitHub/MoneroOne/build/SourcePackages/checkouts/swift-nio/Sources/CNIODarwin/include -Xcc -I/Users/j/Documents/GitHub/MoneroOne/build/SourcePackages/checkouts/swift-nio/Sources/CNIOOpenBSD/include -Xcc -I/Users/j/Documents/GitHub/MoneroOne/build/SourcePackages/checkouts/swift-nio/Sources/CNIOAtomics/include -Xcc -I/Users/j/Documents/GitHub/MoneroOne/build/Build/Products/Debug-iphonesimulator/include -Xcc -I/Users/j/Documents/GitHub/MoneroOne/build/Build/Intermediates.noindex/HsToolKit.build/Debug-iphonesimulator/HsToolKit.build/DerivedSources-normal/arm64 -Xcc -I/Users/j/Documents/GitHub/MoneroOne/build/Build/Intermediates.noindex/HsToolKit.build/Debug-iphonesimulator/HsToolKit.build/DerivedSources/arm64 -Xcc -I/Users/j/Documents/GitHub/MoneroOne/build/Build/Intermediates.noindex/HsToolKit.build/Debug-iphonesimulator/HsToolKit.build/DerivedSources -Xcc -DSWIFT_PACKAGE -Xcc -DDEBUG\=1 -emit-objc-header -emit-objc-header-path /Users/j/Documents/GitHub/MoneroOne/build/Build/Intermediates.noindex/HsToolKit.build/Debug-iphonesimulator/HsToolKit.build/Objects-normal/arm64/HsToolKit-Swift.h -working-directory /Users/j/Documents/GitHub/MoneroOne/MoneroOne.xcodeproj -experimental-emit-module-separately -disable-cmo

RegisterExecutionPolicyException /Users/j/Documents/GitHub/MoneroOne/build/Build/Products/Debug-iphonesimulator/NIOPosix.o (in target 'NIOPosix' from project 'swift-nio')
    cd /Users/j/Documents/GitHub/MoneroOne/build/SourcePackages/checkouts/swift-nio
    builtin-RegisterExecutionPolicyException /Users/j/Documents/GitHub/MoneroOne/build/Build/Products/Debug-iphonesimulator/NIOPosix.o

Ld /Users/j/Documents/GitHub/MoneroOne/build/Build/Products/Debug-iphonesimulator/NIO.o normal (in target 'NIO' from project 'swift-nio')
    cd /Users/j/Documents/GitHub/MoneroOne/build/SourcePackages/checkouts/swift-nio
    /Applications/Xcode.app/Contents/Developer/Toolchains/XcodeDefault.xctoolchain/usr/bin/clang -Xlinker -reproducible -target arm64-apple-ios12.0-simulator -r -isysroot /Applications/Xcode.app/Contents/Developer/Platforms/iPhoneSimulator.platform/Developer/SDKs/iPhoneSimulator26.1.sdk -O0 -w -L/Users/j/Documents/GitHub/MoneroOne/build/Build/Intermediates.noindex/EagerLinkingTBDs/Debug-iphonesimulator -L/Users/j/Documents/GitHub/MoneroOne/build/Build/Products/Debug-iphonesimulator -L/Applications/Xcode.app/Contents/Developer/Platforms/iPhoneSimulator.platform/Developer/usr/lib -F/Users/j/Documents/GitHub/MoneroOne/build/Build/Intermediates.noindex/EagerLinkingTBDs/Debug-iphonesimulator -F/Users/j/Documents/GitHub/MoneroOne/build/Build/Products/Debug-iphonesimulator/PackageFrameworks -F/Users/j/Documents/GitHub/MoneroOne/build/Build/Products/Debug-iphonesimulator/PackageFrameworks -F/Users/j/Documents/GitHub/MoneroOne/build/Build/Products/Debug-iphonesimulator/PackageFrameworks -F/Users/j/Documents/GitHub/MoneroOne/build/Build/Products/Debug-iphonesimulator/PackageFrameworks -F/Users/j/Documents/GitHub/MoneroOne/build/Build/Products/Debug-iphonesimulator/PackageFrameworks -F/Users/j/Documents/GitHub/MoneroOne/build/Build/Products/Debug-iphonesimulator/PackageFrameworks -F/Users/j/Documents/GitHub/MoneroOne/build/Build/Products/Debug-iphonesimulator/PackageFrameworks -F/Users/j/Documents/GitHub/MoneroOne/build/Build/Products/Debug-iphonesimulator/PackageFrameworks -F/Users/j/Documents/GitHub/MoneroOne/build/Build/Products/Debug-iphonesimulator/PackageFrameworks -F/Users/j/Documents/GitHub/MoneroOne/build/Build/Products/Debug-iphonesimulator/PackageFrameworks -F/Users/j/Documents/GitHub/MoneroOne/build/Build/Products/Debug-iphonesimulator/PackageFrameworks -F/Users/j/Documents/GitHub/MoneroOne/build/Build/Products/Debug-iphonesimulator/PackageFrameworks -F/Users/j/Documents/GitHub/MoneroOne/build/Build/Products/Debug-iphonesimulator/PackageFrameworks -F/Users/j/Documents/GitHub/MoneroOne/build/Build/Products/Debug-iphonesimulator/PackageFrameworks -F/Users/j/Documents/GitHub/MoneroOne/build/Build/Products/Debug-iphonesimulator/PackageFrameworks -F/Users/j/Documents/GitHub/MoneroOne/build/Build/Products/Debug-iphonesimulator/PackageFrameworks -F/Users/j/Documents/GitHub/MoneroOne/build/Build/Products/Debug-iphonesimulator/PackageFrameworks -F/Users/j/Documents/GitHub/MoneroOne/build/Build/Products/Debug-iphonesimulator -iframework /Applications/Xcode.app/Contents/Developer/Platforms/iPhoneSimulator.platform/Developer/Library/Frameworks -iframework /Applications/Xcode.app/Contents/Developer/Platforms/iPhoneSimulator.platform/Developer/SDKs/iPhoneSimulator26.1.sdk/Developer/Library/Frameworks -filelist /Users/j/Documents/GitHub/MoneroOne/build/Build/Intermediates.noindex/swift-nio.build/Debug-iphonesimulator/NIO.build/Objects-normal/arm64/NIO.LinkFileList -nostdlib -Xlinker -object_path_lto -Xlinker /Users/j/Documents/GitHub/MoneroOne/build/Build/Intermediates.noindex/swift-nio.build/Debug-iphonesimulator/NIO.build/Objects-normal/arm64/NIO_lto.o -rdynamic -Xlinker -no_deduplicate -Xlinker -objc_abi_version -Xlinker 2 -Xlinker -dependency_info -Xlinker /Users/j/Documents/GitHub/MoneroOne/build/Build/Intermediates.noindex/swift-nio.build/Debug-iphonesimulator/NIO.build/Objects-normal/arm64/NIO_dependency_info.dat -fobjc-link-runtime -L/Applications/Xcode.app/Contents/Developer/Toolchains/XcodeDefault.xctoolchain/usr/lib/swift/iphonesimulator -L/usr/lib/swift -Xlinker -add_ast_path -Xlinker /Users/j/Documents/GitHub/MoneroOne/build/Build/Intermediates.noindex/swift-nio.build/Debug-iphonesimulator/NIO.build/Objects-normal/arm64/NIO.swiftmodule @/Users/j/Documents/GitHub/MoneroOne/build/Build/Intermediates.noindex/swift-nio.build/Debug-iphonesimulator/NIO.build/Objects-normal/arm64/NIO-linker-args.resp -o /Users/j/Documents/GitHub/MoneroOne/build/Build/Products/Debug-iphonesimulator/NIO.o

ExtractAppIntentsMetadata (in target 'NIO' from project 'swift-nio')
    cd /Users/j/Documents/GitHub/MoneroOne/build/SourcePackages/checkouts/swift-nio
    /Applications/Xcode.app/Contents/Developer/Toolchains/XcodeDefault.xctoolchain/usr/bin/appintentsmetadataprocessor --toolchain-dir /Applications/Xcode.app/Contents/Developer/Toolchains/XcodeDefault.xctoolchain --module-name NIO --sdk-root /Applications/Xcode.app/Contents/Developer/Platforms/iPhoneSimulator.platform/Developer/SDKs/iPhoneSimulator26.1.sdk --xcode-version 17B100 --platform-family iOS --deployment-target 12.0 --bundle-identifier swift-nio.NIO --output /Users/j/Documents/GitHub/MoneroOne/build/Build/Products/Debug-iphonesimulator/NIO.appintents --target-triple arm64-apple-ios12.0-simulator --binary-file /Users/j/Documents/GitHub/MoneroOne/build/Build/Products/Debug-iphonesimulator/NIO.o --dependency-file /Users/j/Documents/GitHub/MoneroOne/build/Build/Intermediates.noindex/swift-nio.build/Debug-iphonesimulator/NIO.build/Objects-normal/arm64/NIO_dependency_info.dat --stringsdata-file /Users/j/Documents/GitHub/MoneroOne/build/Build/Intermediates.noindex/swift-nio.build/Debug-iphonesimulator/NIO.build/Objects-normal/arm64/ExtractedAppShortcutsMetadata.stringsdata --source-file-list /Users/j/Documents/GitHub/MoneroOne/build/Build/Intermediates.noindex/swift-nio.build/Debug-iphonesimulator/NIO.build/Objects-normal/arm64/NIO.SwiftFileList --metadata-file-list /Users/j/Documents/GitHub/MoneroOne/build/Build/Intermediates.noindex/swift-nio.build/Debug-iphonesimulator/NIO.build/NIO.DependencyMetadataFileList --static-metadata-file-list /Users/j/Documents/GitHub/MoneroOne/build/Build/Intermediates.noindex/swift-nio.build/Debug-iphonesimulator/NIO.build/NIO.DependencyStaticMetadataFileList --swift-const-vals-list /Users/j/Documents/GitHub/MoneroOne/build/Build/Intermediates.noindex/swift-nio.build/Debug-iphonesimulator/NIO.build/Objects-normal/arm64/NIO.SwiftConstValuesFileList --force --compile-time-extraction --deployment-aware-processing --validate-assistant-intents --no-app-shortcuts-localization
2026-01-18 15:26:14.296 appintentsmetadataprocessor[4024:39111221] Starting appintentsmetadataprocessor export
2026-01-18 15:26:14.389 appintentsmetadataprocessor[4024:39111221] Extracted no relevant App Intents symbols, skipping writing output

RegisterExecutionPolicyException /Users/j/Documents/GitHub/MoneroOne/build/Build/Products/Debug-iphonesimulator/NIO.o (in target 'NIO' from project 'swift-nio')
    cd /Users/j/Documents/GitHub/MoneroOne/build/SourcePackages/checkouts/swift-nio
    builtin-RegisterExecutionPolicyException /Users/j/Documents/GitHub/MoneroOne/build/Build/Products/Debug-iphonesimulator/NIO.o

Ld /Users/j/Documents/GitHub/MoneroOne/build/Build/Products/Debug-iphonesimulator/NIOTLS.o normal (in target 'NIOTLS' from project 'swift-nio')
    cd /Users/j/Documents/GitHub/MoneroOne/build/SourcePackages/checkouts/swift-nio
    /Applications/Xcode.app/Contents/Developer/Toolchains/XcodeDefault.xctoolchain/usr/bin/clang -Xlinker -reproducible -target arm64-apple-ios12.0-simulator -r -isysroot /Applications/Xcode.app/Contents/Developer/Platforms/iPhoneSimulator.platform/Developer/SDKs/iPhoneSimulator26.1.sdk -O0 -w -L/Users/j/Documents/GitHub/MoneroOne/build/Build/Intermediates.noindex/EagerLinkingTBDs/Debug-iphonesimulator -L/Users/j/Documents/GitHub/MoneroOne/build/Build/Products/Debug-iphonesimulator -L/Applications/Xcode.app/Contents/Developer/Platforms/iPhoneSimulator.platform/Developer/usr/lib -F/Users/j/Documents/GitHub/MoneroOne/build/Build/Intermediates.noindex/EagerLinkingTBDs/Debug-iphonesimulator -F/Users/j/Documents/GitHub/MoneroOne/build/Build/Products/Debug-iphonesimulator/PackageFrameworks -F/Users/j/Documents/GitHub/MoneroOne/build/Build/Products/Debug-iphonesimulator/PackageFrameworks -F/Users/j/Documents/GitHub/MoneroOne/build/Build/Products/Debug-iphonesimulator/PackageFrameworks -F/Users/j/Documents/GitHub/MoneroOne/build/Build/Products/Debug-iphonesimulator/PackageFrameworks -F/Users/j/Documents/GitHub/MoneroOne/build/Build/Products/Debug-iphonesimulator/PackageFrameworks -F/Users/j/Documents/GitHub/MoneroOne/build/Build/Products/Debug-iphonesimulator/PackageFrameworks -F/Users/j/Documents/GitHub/MoneroOne/build/Build/Products/Debug-iphonesimulator/PackageFrameworks -F/Users/j/Documents/GitHub/MoneroOne/build/Build/Products/Debug-iphonesimulator/PackageFrameworks -F/Users/j/Documents/GitHub/MoneroOne/build/Build/Products/Debug-iphonesimulator/PackageFrameworks -F/Users/j/Documents/GitHub/MoneroOne/build/Build/Products/Debug-iphonesimulator/PackageFrameworks -F/Users/j/Documents/GitHub/MoneroOne/build/Build/Products/Debug-iphonesimulator/PackageFrameworks -F/Users/j/Documents/GitHub/MoneroOne/build/Build/Products/Debug-iphonesimulator/PackageFrameworks -F/Users/j/Documents/GitHub/MoneroOne/build/Build/Products/Debug-iphonesimulator/PackageFrameworks -F/Users/j/Documents/GitHub/MoneroOne/build/Build/Products/Debug-iphonesimulator/PackageFrameworks -F/Users/j/Documents/GitHub/MoneroOne/build/Build/Products/Debug-iphonesimulator/PackageFrameworks -F/Users/j/Documents/GitHub/MoneroOne/build/Build/Products/Debug-iphonesimulator/PackageFrameworks -F/Users/j/Documents/GitHub/MoneroOne/build/Build/Products/Debug-iphonesimulator/PackageFrameworks -F/Users/j/Documents/GitHub/MoneroOne/build/Build/Products/Debug-iphonesimulator/PackageFrameworks -F/Users/j/Documents/GitHub/MoneroOne/build/Build/Products/Debug-iphonesimulator -iframework /Applications/Xcode.app/Contents/Developer/Platforms/iPhoneSimulator.platform/Developer/Library/Frameworks -iframework /Applications/Xcode.app/Contents/Developer/Platforms/iPhoneSimulator.platform/Developer/SDKs/iPhoneSimulator26.1.sdk/Developer/Library/Frameworks -filelist /Users/j/Documents/GitHub/MoneroOne/build/Build/Intermediates.noindex/swift-nio.build/Debug-iphonesimulator/NIOTLS.build/Objects-normal/arm64/NIOTLS.LinkFileList -nostdlib -Xlinker -object_path_lto -Xlinker /Users/j/Documents/GitHub/MoneroOne/build/Build/Intermediates.noindex/swift-nio.build/Debug-iphonesimulator/NIOTLS.build/Objects-normal/arm64/NIOTLS_lto.o -rdynamic -Xlinker -no_deduplicate -Xlinker -objc_abi_version -Xlinker 2 -Xlinker -dependency_info -Xlinker /Users/j/Documents/GitHub/MoneroOne/build/Build/Intermediates.noindex/swift-nio.build/Debug-iphonesimulator/NIOTLS.build/Objects-normal/arm64/NIOTLS_dependency_info.dat -fobjc-link-runtime -L/Applications/Xcode.app/Contents/Developer/Toolchains/XcodeDefault.xctoolchain/usr/lib/swift/iphonesimulator -L/usr/lib/swift -Xlinker -add_ast_path -Xlinker /Users/j/Documents/GitHub/MoneroOne/build/Build/Intermediates.noindex/swift-nio.build/Debug-iphonesimulator/NIOTLS.build/Objects-normal/arm64/NIOTLS.swiftmodule @/Users/j/Documents/GitHub/MoneroOne/build/Build/Intermediates.noindex/swift-nio.build/Debug-iphonesimulator/NIOTLS.build/Objects-normal/arm64/NIOTLS-linker-args.resp -o /Users/j/Documents/GitHub/MoneroOne/build/Build/Products/Debug-iphonesimulator/NIOTLS.o

Ld /Users/j/Documents/GitHub/MoneroOne/build/Build/Products/Debug-iphonesimulator/NIOHTTP1.o normal (in target 'NIOHTTP1' from project 'swift-nio')
    cd /Users/j/Documents/GitHub/MoneroOne/build/SourcePackages/checkouts/swift-nio
    /Applications/Xcode.app/Contents/Developer/Toolchains/XcodeDefault.xctoolchain/usr/bin/clang -Xlinker -reproducible -target arm64-apple-ios12.0-simulator -r -isysroot /Applications/Xcode.app/Contents/Developer/Platforms/iPhoneSimulator.platform/Developer/SDKs/iPhoneSimulator26.1.sdk -O0 -w -L/Users/j/Documents/GitHub/MoneroOne/build/Build/Intermediates.noindex/EagerLinkingTBDs/Debug-iphonesimulator -L/Users/j/Documents/GitHub/MoneroOne/build/Build/Products/Debug-iphonesimulator -L/Applications/Xcode.app/Contents/Developer/Platforms/iPhoneSimulator.platform/Developer/usr/lib -F/Users/j/Documents/GitHub/MoneroOne/build/Build/Intermediates.noindex/EagerLinkingTBDs/Debug-iphonesimulator -F/Users/j/Documents/GitHub/MoneroOne/build/Build/Products/Debug-iphonesimulator/PackageFrameworks -F/Users/j/Documents/GitHub/MoneroOne/build/Build/Products/Debug-iphonesimulator/PackageFrameworks -F/Users/j/Documents/GitHub/MoneroOne/build/Build/Products/Debug-iphonesimulator/PackageFrameworks -F/Users/j/Documents/GitHub/MoneroOne/build/Build/Products/Debug-iphonesimulator/PackageFrameworks -F/Users/j/Documents/GitHub/MoneroOne/build/Build/Products/Debug-iphonesimulator/PackageFrameworks -F/Users/j/Documents/GitHub/MoneroOne/build/Build/Products/Debug-iphonesimulator/PackageFrameworks -F/Users/j/Documents/GitHub/MoneroOne/build/Build/Products/Debug-iphonesimulator/PackageFrameworks -F/Users/j/Documents/GitHub/MoneroOne/build/Build/Products/Debug-iphonesimulator/PackageFrameworks -F/Users/j/Documents/GitHub/MoneroOne/build/Build/Products/Debug-iphonesimulator/PackageFrameworks -F/Users/j/Documents/GitHub/MoneroOne/build/Build/Products/Debug-iphonesimulator/PackageFrameworks -F/Users/j/Documents/GitHub/MoneroOne/build/Build/Products/Debug-iphonesimulator/PackageFrameworks -F/Users/j/Documents/GitHub/MoneroOne/build/Build/Products/Debug-iphonesimulator/PackageFrameworks -F/Users/j/Documents/GitHub/MoneroOne/build/Build/Products/Debug-iphonesimulator/PackageFrameworks -F/Users/j/Documents/GitHub/MoneroOne/build/Build/Products/Debug-iphonesimulator/PackageFrameworks -F/Users/j/Documents/GitHub/MoneroOne/build/Build/Products/Debug-iphonesimulator/PackageFrameworks -F/Users/j/Documents/GitHub/MoneroOne/build/Build/Products/Debug-iphonesimulator/PackageFrameworks -F/Users/j/Documents/GitHub/MoneroOne/build/Build/Products/Debug-iphonesimulator/PackageFrameworks -F/Users/j/Documents/GitHub/MoneroOne/build/Build/Products/Debug-iphonesimulator/PackageFrameworks -F/Users/j/Documents/GitHub/MoneroOne/build/Build/Products/Debug-iphonesimulator/PackageFrameworks -F/Users/j/Documents/GitHub/MoneroOne/build/Build/Products/Debug-iphonesimulator -iframework /Applications/Xcode.app/Contents/Developer/Platforms/iPhoneSimulator.platform/Developer/Library/Frameworks -iframework /Applications/Xcode.app/Contents/Developer/Platforms/iPhoneSimulator.platform/Developer/SDKs/iPhoneSimulator26.1.sdk/Developer/Library/Frameworks -filelist /Users/j/Documents/GitHub/MoneroOne/build/Build/Intermediates.noindex/swift-nio.build/Debug-iphonesimulator/NIOHTTP1.build/Objects-normal/arm64/NIOHTTP1.LinkFileList -nostdlib -Xlinker -object_path_lto -Xlinker /Users/j/Documents/GitHub/MoneroOne/build/Build/Intermediates.noindex/swift-nio.build/Debug-iphonesimulator/NIOHTTP1.build/Objects-normal/arm64/NIOHTTP1_lto.o -rdynamic -Xlinker -no_deduplicate -Xlinker -objc_abi_version -Xlinker 2 -Xlinker -dependency_info -Xlinker /Users/j/Documents/GitHub/MoneroOne/build/Build/Intermediates.noindex/swift-nio.build/Debug-iphonesimulator/NIOHTTP1.build/Objects-normal/arm64/NIOHTTP1_dependency_info.dat -fobjc-link-runtime -L/Applications/Xcode.app/Contents/Developer/Toolchains/XcodeDefault.xctoolchain/usr/lib/swift/iphonesimulator -L/usr/lib/swift -Xlinker -add_ast_path -Xlinker /Users/j/Documents/GitHub/MoneroOne/build/Build/Intermediates.noindex/swift-nio.build/Debug-iphonesimulator/NIOHTTP1.build/Objects-normal/arm64/NIOHTTP1.swiftmodule @/Users/j/Documents/GitHub/MoneroOne/build/Build/Intermediates.noindex/swift-nio.build/Debug-iphonesimulator/NIOHTTP1.build/Objects-normal/arm64/NIOHTTP1-linker-args.resp -o /Users/j/Documents/GitHub/MoneroOne/build/Build/Products/Debug-iphonesimulator/NIOHTTP1.o

Ld /Users/j/Documents/GitHub/MoneroOne/build/Build/Products/Debug-iphonesimulator/NIOFoundationCompat.o normal (in target 'NIOFoundationCompat' from project 'swift-nio')
    cd /Users/j/Documents/GitHub/MoneroOne/build/SourcePackages/checkouts/swift-nio
    /Applications/Xcode.app/Contents/Developer/Toolchains/XcodeDefault.xctoolchain/usr/bin/clang -Xlinker -reproducible -target arm64-apple-ios12.0-simulator -r -isysroot /Applications/Xcode.app/Contents/Developer/Platforms/iPhoneSimulator.platform/Developer/SDKs/iPhoneSimulator26.1.sdk -O0 -w -L/Users/j/Documents/GitHub/MoneroOne/build/Build/Intermediates.noindex/EagerLinkingTBDs/Debug-iphonesimulator -L/Users/j/Documents/GitHub/MoneroOne/build/Build/Products/Debug-iphonesimulator -L/Applications/Xcode.app/Contents/Developer/Platforms/iPhoneSimulator.platform/Developer/usr/lib -F/Users/j/Documents/GitHub/MoneroOne/build/Build/Intermediates.noindex/EagerLinkingTBDs/Debug-iphonesimulator -F/Users/j/Documents/GitHub/MoneroOne/build/Build/Products/Debug-iphonesimulator/PackageFrameworks -F/Users/j/Documents/GitHub/MoneroOne/build/Build/Products/Debug-iphonesimulator/PackageFrameworks -F/Users/j/Documents/GitHub/MoneroOne/build/Build/Products/Debug-iphonesimulator/PackageFrameworks -F/Users/j/Documents/GitHub/MoneroOne/build/Build/Products/Debug-iphonesimulator/PackageFrameworks -F/Users/j/Documents/GitHub/MoneroOne/build/Build/Products/Debug-iphonesimulator/PackageFrameworks -F/Users/j/Documents/GitHub/MoneroOne/build/Build/Products/Debug-iphonesimulator/PackageFrameworks -F/Users/j/Documents/GitHub/MoneroOne/build/Build/Products/Debug-iphonesimulator/PackageFrameworks -F/Users/j/Documents/GitHub/MoneroOne/build/Build/Products/Debug-iphonesimulator/PackageFrameworks -F/Users/j/Documents/GitHub/MoneroOne/build/Build/Products/Debug-iphonesimulator/PackageFrameworks -F/Users/j/Documents/GitHub/MoneroOne/build/Build/Products/Debug-iphonesimulator/PackageFrameworks -F/Users/j/Documents/GitHub/MoneroOne/build/Build/Products/Debug-iphonesimulator/PackageFrameworks -F/Users/j/Documents/GitHub/MoneroOne/build/Build/Products/Debug-iphonesimulator/PackageFrameworks -F/Users/j/Documents/GitHub/MoneroOne/build/Build/Products/Debug-iphonesimulator/PackageFrameworks -F/Users/j/Documents/GitHub/MoneroOne/build/Build/Products/Debug-iphonesimulator/PackageFrameworks -F/Users/j/Documents/GitHub/MoneroOne/build/Build/Products/Debug-iphonesimulator/PackageFrameworks -F/Users/j/Documents/GitHub/MoneroOne/build/Build/Products/Debug-iphonesimulator/PackageFrameworks -F/Users/j/Documents/GitHub/MoneroOne/build/Build/Products/Debug-iphonesimulator/PackageFrameworks -F/Users/j/Documents/GitHub/MoneroOne/build/Build/Products/Debug-iphonesimulator/PackageFrameworks -F/Users/j/Documents/GitHub/MoneroOne/build/Build/Products/Debug-iphonesimulator -iframework /Applications/Xcode.app/Contents/Developer/Platforms/iPhoneSimulator.platform/Developer/Library/Frameworks -iframework /Applications/Xcode.app/Contents/Developer/Platforms/iPhoneSimulator.platform/Developer/SDKs/iPhoneSimulator26.1.sdk/Developer/Library/Frameworks -filelist /Users/j/Documents/GitHub/MoneroOne/build/Build/Intermediates.noindex/swift-nio.build/Debug-iphonesimulator/NIOFoundationCompat.build/Objects-normal/arm64/NIOFoundationCompat.LinkFileList -nostdlib -Xlinker -object_path_lto -Xlinker /Users/j/Documents/GitHub/MoneroOne/build/Build/Intermediates.noindex/swift-nio.build/Debug-iphonesimulator/NIOFoundationCompat.build/Objects-normal/arm64/NIOFoundationCompat_lto.o -rdynamic -Xlinker -no_deduplicate -Xlinker -objc_abi_version -Xlinker 2 -Xlinker -dependency_info -Xlinker /Users/j/Documents/GitHub/MoneroOne/build/Build/Intermediates.noindex/swift-nio.build/Debug-iphonesimulator/NIOFoundationCompat.build/Objects-normal/arm64/NIOFoundationCompat_dependency_info.dat -fobjc-link-runtime -L/Applications/Xcode.app/Contents/Developer/Toolchains/XcodeDefault.xctoolchain/usr/lib/swift/iphonesimulator -L/usr/lib/swift -Xlinker -add_ast_path -Xlinker /Users/j/Documents/GitHub/MoneroOne/build/Build/Intermediates.noindex/swift-nio.build/Debug-iphonesimulator/NIOFoundationCompat.build/Objects-normal/arm64/NIOFoundationCompat.swiftmodule @/Users/j/Documents/GitHub/MoneroOne/build/Build/Intermediates.noindex/swift-nio.build/Debug-iphonesimulator/NIOFoundationCompat.build/Objects-normal/arm64/NIOFoundationCompat-linker-args.resp -o /Users/j/Documents/GitHub/MoneroOne/build/Build/Products/Debug-iphonesimulator/NIOFoundationCompat.o

SwiftExplicitDependencyGeneratePcm arm64 /Users/j/Documents/GitHub/MoneroOne/build/Build/Intermediates.noindex/SwiftExplicitPrecompiledModules/CMonero-4FSMVHOLO0ZVT5KXP5L3CQRDL.pcm

ExtractAppIntentsMetadata (in target 'NIOFoundationCompat' from project 'swift-nio')
    cd /Users/j/Documents/GitHub/MoneroOne/build/SourcePackages/checkouts/swift-nio
    /Applications/Xcode.app/Contents/Developer/Toolchains/XcodeDefault.xctoolchain/usr/bin/appintentsmetadataprocessor --toolchain-dir /Applications/Xcode.app/Contents/Developer/Toolchains/XcodeDefault.xctoolchain --module-name NIOFoundationCompat --sdk-root /Applications/Xcode.app/Contents/Developer/Platforms/iPhoneSimulator.platform/Developer/SDKs/iPhoneSimulator26.1.sdk --xcode-version 17B100 --platform-family iOS --deployment-target 12.0 --bundle-identifier swift-nio.NIOFoundationCompat --output /Users/j/Documents/GitHub/MoneroOne/build/Build/Products/Debug-iphonesimulator/NIOFoundationCompat.appintents --target-triple arm64-apple-ios12.0-simulator --binary-file /Users/j/Documents/GitHub/MoneroOne/build/Build/Products/Debug-iphonesimulator/NIOFoundationCompat.o --dependency-file /Users/j/Documents/GitHub/MoneroOne/build/Build/Intermediates.noindex/swift-nio.build/Debug-iphonesimulator/NIOFoundationCompat.build/Objects-normal/arm64/NIOFoundationCompat_dependency_info.dat --stringsdata-file /Users/j/Documents/GitHub/MoneroOne/build/Build/Intermediates.noindex/swift-nio.build/Debug-iphonesimulator/NIOFoundationCompat.build/Objects-normal/arm64/ExtractedAppShortcutsMetadata.stringsdata --source-file-list /Users/j/Documents/GitHub/MoneroOne/build/Build/Intermediates.noindex/swift-nio.build/Debug-iphonesimulator/NIOFoundationCompat.build/Objects-normal/arm64/NIOFoundationCompat.SwiftFileList --metadata-file-list /Users/j/Documents/GitHub/MoneroOne/build/Build/Intermediates.noindex/swift-nio.build/Debug-iphonesimulator/NIOFoundationCompat.build/NIOFoundationCompat.DependencyMetadataFileList --static-metadata-file-list /Users/j/Documents/GitHub/MoneroOne/build/Build/Intermediates.noindex/swift-nio.build/Debug-iphonesimulator/NIOFoundationCompat.build/NIOFoundationCompat.DependencyStaticMetadataFileList --swift-const-vals-list /Users/j/Documents/GitHub/MoneroOne/build/Build/Intermediates.noindex/swift-nio.build/Debug-iphonesimulator/NIOFoundationCompat.build/Objects-normal/arm64/NIOFoundationCompat.SwiftConstValuesFileList --force --compile-time-extraction --deployment-aware-processing --validate-assistant-intents --no-app-shortcuts-localization
2026-01-18 15:26:14.435 appintentsmetadataprocessor[4032:39111269] Starting appintentsmetadataprocessor export
2026-01-18 15:26:14.554 appintentsmetadataprocessor[4032:39111269] Extracted no relevant App Intents symbols, skipping writing output

ExtractAppIntentsMetadata (in target 'NIOTLS' from project 'swift-nio')
    cd /Users/j/Documents/GitHub/MoneroOne/build/SourcePackages/checkouts/swift-nio
    /Applications/Xcode.app/Contents/Developer/Toolchains/XcodeDefault.xctoolchain/usr/bin/appintentsmetadataprocessor --toolchain-dir /Applications/Xcode.app/Contents/Developer/Toolchains/XcodeDefault.xctoolchain --module-name NIOTLS --sdk-root /Applications/Xcode.app/Contents/Developer/Platforms/iPhoneSimulator.platform/Developer/SDKs/iPhoneSimulator26.1.sdk --xcode-version 17B100 --platform-family iOS --deployment-target 12.0 --bundle-identifier swift-nio.NIOTLS --output /Users/j/Documents/GitHub/MoneroOne/build/Build/Products/Debug-iphonesimulator/NIOTLS.appintents --target-triple arm64-apple-ios12.0-simulator --binary-file /Users/j/Documents/GitHub/MoneroOne/build/Build/Products/Debug-iphonesimulator/NIOTLS.o --dependency-file /Users/j/Documents/GitHub/MoneroOne/build/Build/Intermediates.noindex/swift-nio.build/Debug-iphonesimulator/NIOTLS.build/Objects-normal/arm64/NIOTLS_dependency_info.dat --stringsdata-file /Users/j/Documents/GitHub/MoneroOne/build/Build/Intermediates.noindex/swift-nio.build/Debug-iphonesimulator/NIOTLS.build/Objects-normal/arm64/ExtractedAppShortcutsMetadata.stringsdata --source-file-list /Users/j/Documents/GitHub/MoneroOne/build/Build/Intermediates.noindex/swift-nio.build/Debug-iphonesimulator/NIOTLS.build/Objects-normal/arm64/NIOTLS.SwiftFileList --metadata-file-list /Users/j/Documents/GitHub/MoneroOne/build/Build/Intermediates.noindex/swift-nio.build/Debug-iphonesimulator/NIOTLS.build/NIOTLS.DependencyMetadataFileList --static-metadata-file-list /Users/j/Documents/GitHub/MoneroOne/build/Build/Intermediates.noindex/swift-nio.build/Debug-iphonesimulator/NIOTLS.build/NIOTLS.DependencyStaticMetadataFileList --swift-const-vals-list /Users/j/Documents/GitHub/MoneroOne/build/Build/Intermediates.noindex/swift-nio.build/Debug-iphonesimulator/NIOTLS.build/Objects-normal/arm64/NIOTLS.SwiftConstValuesFileList --force --compile-time-extraction --deployment-aware-processing --validate-assistant-intents --no-app-shortcuts-localization
2026-01-18 15:26:14.435 appintentsmetadataprocessor[4033:39111270] Starting appintentsmetadataprocessor export
2026-01-18 15:26:14.577 appintentsmetadataprocessor[4033:39111270] Extracted no relevant App Intents symbols, skipping writing output

ExtractAppIntentsMetadata (in target 'NIOHTTP1' from project 'swift-nio')
    cd /Users/j/Documents/GitHub/MoneroOne/build/SourcePackages/checkouts/swift-nio
    /Applications/Xcode.app/Contents/Developer/Toolchains/XcodeDefault.xctoolchain/usr/bin/appintentsmetadataprocessor --toolchain-dir /Applications/Xcode.app/Contents/Developer/Toolchains/XcodeDefault.xctoolchain --module-name NIOHTTP1 --sdk-root /Applications/Xcode.app/Contents/Developer/Platforms/iPhoneSimulator.platform/Developer/SDKs/iPhoneSimulator26.1.sdk --xcode-version 17B100 --platform-family iOS --deployment-target 12.0 --bundle-identifier swift-nio.NIOHTTP1 --output /Users/j/Documents/GitHub/MoneroOne/build/Build/Products/Debug-iphonesimulator/NIOHTTP1.appintents --target-triple arm64-apple-ios12.0-simulator --binary-file /Users/j/Documents/GitHub/MoneroOne/build/Build/Products/Debug-iphonesimulator/NIOHTTP1.o --dependency-file /Users/j/Documents/GitHub/MoneroOne/build/Build/Intermediates.noindex/swift-nio.build/Debug-iphonesimulator/NIOHTTP1.build/Objects-normal/arm64/NIOHTTP1_dependency_info.dat --stringsdata-file /Users/j/Documents/GitHub/MoneroOne/build/Build/Intermediates.noindex/swift-nio.build/Debug-iphonesimulator/NIOHTTP1.build/Objects-normal/arm64/ExtractedAppShortcutsMetadata.stringsdata --source-file-list /Users/j/Documents/GitHub/MoneroOne/build/Build/Intermediates.noindex/swift-nio.build/Debug-iphonesimulator/NIOHTTP1.build/Objects-normal/arm64/NIOHTTP1.SwiftFileList --metadata-file-list /Users/j/Documents/GitHub/MoneroOne/build/Build/Intermediates.noindex/swift-nio.build/Debug-iphonesimulator/NIOHTTP1.build/NIOHTTP1.DependencyMetadataFileList --static-metadata-file-list /Users/j/Documents/GitHub/MoneroOne/build/Build/Intermediates.noindex/swift-nio.build/Debug-iphonesimulator/NIOHTTP1.build/NIOHTTP1.DependencyStaticMetadataFileList --swift-const-vals-list /Users/j/Documents/GitHub/MoneroOne/build/Build/Intermediates.noindex/swift-nio.build/Debug-iphonesimulator/NIOHTTP1.build/Objects-normal/arm64/NIOHTTP1.SwiftConstValuesFileList --force --compile-time-extraction --deployment-aware-processing --validate-assistant-intents --no-app-shortcuts-localization
2026-01-18 15:26:14.437 appintentsmetadataprocessor[4034:39111271] Starting appintentsmetadataprocessor export
2026-01-18 15:26:14.579 appintentsmetadataprocessor[4034:39111271] Extracted no relevant App Intents symbols, skipping writing output

SwiftCompile normal arm64 Compiling\ RestoreHeight.swift,\ Balance.swift /Users/j/Documents/GitHub/MoneroKit.Swift/Sources/MoneroKit/RestoreHeight.swift /Users/j/Documents/GitHub/MoneroKit.Swift/Sources/MoneroKit/Storage/Balance.swift (in target 'MoneroKit' from project 'MoneroKit.swift')
SwiftCompile normal arm64 /Users/j/Documents/GitHub/MoneroKit.Swift/Sources/MoneroKit/RestoreHeight.swift (in target 'MoneroKit' from project 'MoneroKit.swift')
    cd /Users/j/Documents/GitHub/MoneroOne/MoneroOne.xcodeproj
    

SwiftCompile normal arm64 /Users/j/Documents/GitHub/MoneroKit.Swift/Sources/MoneroKit/Storage/Balance.swift (in target 'MoneroKit' from project 'MoneroKit.swift')
    cd /Users/j/Documents/GitHub/MoneroOne/MoneroOne.xcodeproj
    

SwiftEmitModule normal arm64 Emitting\ module\ for\ MoneroKit (in target 'MoneroKit' from project 'MoneroKit.swift')

EmitSwiftModule normal arm64 (in target 'MoneroKit' from project 'MoneroKit.swift')
    cd /Users/j/Documents/GitHub/MoneroOne/MoneroOne.xcodeproj
    

SwiftCompile normal arm64 Compiling\ MoneroWallet.swift,\ Node.swift /Users/j/Documents/GitHub/MoneroKit.Swift/Sources/MoneroKit/MoneroWallet.swift /Users/j/Documents/GitHub/MoneroKit.Swift/Sources/MoneroKit/Node.swift (in target 'MoneroKit' from project 'MoneroKit.swift')

SwiftCompile normal arm64 /Users/j/Documents/GitHub/MoneroKit.Swift/Sources/MoneroKit/MoneroWallet.swift (in target 'MoneroKit' from project 'MoneroKit.swift')
    cd /Users/j/Documents/GitHub/MoneroOne/MoneroOne.xcodeproj
    

SwiftCompile normal arm64 /Users/j/Documents/GitHub/MoneroKit.Swift/Sources/MoneroKit/Node.swift (in target 'MoneroKit' from project 'MoneroKit.swift')
    cd /Users/j/Documents/GitHub/MoneroOne/MoneroOne.xcodeproj
    

SwiftCompile normal arm64 Compiling\ DaemonRpcProvider.swift,\ FileHandler.swift /Users/j/Documents/GitHub/MoneroKit.Swift/Sources/MoneroKit/DaemonRpcProvider.swift /Users/j/Documents/GitHub/MoneroKit.Swift/Sources/MoneroKit/FileHandler.swift (in target 'MoneroKit' from project 'MoneroKit.swift')

SwiftCompile normal arm64 /Users/j/Documents/GitHub/MoneroKit.Swift/Sources/MoneroKit/DaemonRpcProvider.swift (in target 'MoneroKit' from project 'MoneroKit.swift')
    cd /Users/j/Documents/GitHub/MoneroOne/MoneroOne.xcodeproj
    

SwiftCompile normal arm64 /Users/j/Documents/GitHub/MoneroKit.Swift/Sources/MoneroKit/FileHandler.swift (in target 'MoneroKit' from project 'MoneroKit.swift')
    cd /Users/j/Documents/GitHub/MoneroOne/MoneroOne.xcodeproj
    

SwiftCompile normal arm64 Compiling\ SyncStateManager.swift /Users/j/Documents/GitHub/MoneroKit.Swift/Sources/MoneroKit/SyncStateManager.swift (in target 'MoneroKit' from project 'MoneroKit.swift')
SwiftCompile normal arm64 /Users/j/Documents/GitHub/MoneroKit.Swift/Sources/MoneroKit/SyncStateManager.swift (in target 'MoneroKit' from project 'MoneroKit.swift')
    cd /Users/j/Documents/GitHub/MoneroOne/MoneroOne.xcodeproj
    

SwiftCompile normal arm64 Compiling\ GRDBStorage.swift /Users/j/Documents/GitHub/MoneroKit.Swift/Sources/MoneroKit/Storage/GRDBStorage.swift (in target 'MoneroKit' from project 'MoneroKit.swift')

SwiftCompile normal arm64 /Users/j/Documents/GitHub/MoneroKit.Swift/Sources/MoneroKit/Storage/GRDBStorage.swift (in target 'MoneroKit' from project 'MoneroKit.swift')
    cd /Users/j/Documents/GitHub/MoneroOne/MoneroOne.xcodeproj
    

SwiftCompile normal arm64 Compiling\ Helpers.swift,\ Kit.swift /Users/j/Documents/GitHub/MoneroKit.Swift/Sources/MoneroKit/Helpers.swift /Users/j/Documents/GitHub/MoneroKit.Swift/Sources/MoneroKit/Kit.swift (in target 'MoneroKit' from project 'MoneroKit.swift')
SwiftCompile normal arm64 /Users/j/Documents/GitHub/MoneroKit.Swift/Sources/MoneroKit/Helpers.swift (in target 'MoneroKit' from project 'MoneroKit.swift')
    cd /Users/j/Documents/GitHub/MoneroOne/MoneroOne.xcodeproj
    

SwiftCompile normal arm64 /Users/j/Documents/GitHub/MoneroKit.Swift/Sources/MoneroKit/Kit.swift (in target 'MoneroKit' from project 'MoneroKit.swift')
    cd /Users/j/Documents/GitHub/MoneroOne/MoneroOne.xcodeproj
    

SwiftCompile normal arm64 Compiling\ MoneroCore.swift,\ MoneroCoreError.swift /Users/j/Documents/GitHub/MoneroKit.Swift/Sources/MoneroKit/MoneroCore.swift /Users/j/Documents/GitHub/MoneroKit.Swift/Sources/MoneroKit/MoneroCoreError.swift (in target 'MoneroKit' from project 'MoneroKit.swift')
SwiftCompile normal arm64 /Users/j/Documents/GitHub/MoneroKit.Swift/Sources/MoneroKit/MoneroCore.swift (in target 'MoneroKit' from project 'MoneroKit.swift')
    cd /Users/j/Documents/GitHub/MoneroOne/MoneroOne.xcodeproj
    

SwiftCompile normal arm64 /Users/j/Documents/GitHub/MoneroKit.Swift/Sources/MoneroKit/MoneroCoreError.swift (in target 'MoneroKit' from project 'MoneroKit.swift')
    cd /Users/j/Documents/GitHub/MoneroOne/MoneroOne.xcodeproj
    

SwiftCompile normal arm64 Compiling\ KitManager.swift,\ Models.swift /Users/j/Documents/GitHub/MoneroKit.Swift/Sources/MoneroKit/KitManager.swift /Users/j/Documents/GitHub/MoneroKit.Swift/Sources/MoneroKit/Models.swift (in target 'MoneroKit' from project 'MoneroKit.swift')

SwiftCompile normal arm64 /Users/j/Documents/GitHub/MoneroKit.Swift/Sources/MoneroKit/KitManager.swift (in target 'MoneroKit' from project 'MoneroKit.swift')
    cd /Users/j/Documents/GitHub/MoneroOne/MoneroOne.xcodeproj
    

SwiftCompile normal arm64 /Users/j/Documents/GitHub/MoneroKit.Swift/Sources/MoneroKit/Models.swift (in target 'MoneroKit' from project 'MoneroKit.swift')
    cd /Users/j/Documents/GitHub/MoneroOne/MoneroOne.xcodeproj
    

SwiftCompile normal arm64 Compiling\ WalletListener.swift /Users/j/Documents/GitHub/MoneroKit.Swift/Sources/MoneroKit/WalletListener.swift (in target 'MoneroKit' from project 'MoneroKit.swift')

SwiftCompile normal arm64 /Users/j/Documents/GitHub/MoneroKit.Swift/Sources/MoneroKit/WalletListener.swift (in target 'MoneroKit' from project 'MoneroKit.swift')
    cd /Users/j/Documents/GitHub/MoneroOne/MoneroOne.xcodeproj
    

SwiftCompile normal arm64 Compiling\ BlockHeights.swift /Users/j/Documents/GitHub/MoneroKit.Swift/Sources/MoneroKit/Storage/BlockHeights.swift (in target 'MoneroKit' from project 'MoneroKit.swift')

SwiftCompile normal arm64 /Users/j/Documents/GitHub/MoneroKit.Swift/Sources/MoneroKit/Storage/BlockHeights.swift (in target 'MoneroKit' from project 'MoneroKit.swift')
    cd /Users/j/Documents/GitHub/MoneroOne/MoneroOne.xcodeproj
    

SwiftCompile normal arm64 Compiling\ Transaction.swift /Users/j/Documents/GitHub/MoneroKit.Swift/Sources/MoneroKit/Storage/Transaction.swift (in target 'MoneroKit' from project 'MoneroKit.swift')

SwiftCompile normal arm64 /Users/j/Documents/GitHub/MoneroKit.Swift/Sources/MoneroKit/Storage/Transaction.swift (in target 'MoneroKit' from project 'MoneroKit.swift')
    cd /Users/j/Documents/GitHub/MoneroOne/MoneroOne.xcodeproj
    

SwiftCompile normal arm64 Compiling\ SubAddress.swift /Users/j/Documents/GitHub/MoneroKit.Swift/Sources/MoneroKit/Storage/SubAddress.swift (in target 'MoneroKit' from project 'MoneroKit.swift')

SwiftCompile normal arm64 /Users/j/Documents/GitHub/MoneroKit.Swift/Sources/MoneroKit/Storage/SubAddress.swift (in target 'MoneroKit' from project 'MoneroKit.swift')
    cd /Users/j/Documents/GitHub/MoneroOne/MoneroOne.xcodeproj
    

SwiftDriverJobDiscovery normal arm64 Compiling MoneroWallet.swift, Node.swift (in target 'MoneroKit' from project 'MoneroKit.swift')

SwiftDriverJobDiscovery normal arm64 Emitting module for MoneroKit (in target 'MoneroKit' from project 'MoneroKit.swift')

SwiftDriver\ Compilation\ Requirements MoneroKit normal arm64 com.apple.xcode.tools.swift.compiler (in target 'MoneroKit' from project 'MoneroKit.swift')
    cd /Users/j/Documents/GitHub/MoneroOne/MoneroOne.xcodeproj
    builtin-Swift-Compilation-Requirements -- /Applications/Xcode.app/Contents/Developer/Toolchains/XcodeDefault.xctoolchain/usr/bin/swiftc -module-name MoneroKit -Onone -enforce-exclusivity\=checked @/Users/j/Documents/GitHub/MoneroOne/build/Build/Intermediates.noindex/MoneroKit.swift.build/Debug-iphonesimulator/MoneroKit.build/Objects-normal/arm64/MoneroKit.SwiftFileList -DSWIFT_PACKAGE -DDEBUG -DSWIFT_MODULE_RESOURCE_BUNDLE_UNAVAILABLE -Xcc -fmodule-map-file\=/Users/j/Documents/GitHub/MoneroOne/build/SourcePackages/checkouts/GRDB.swift/Sources/CSQLite/module.modulemap -Xcc -fmodule-map-file\=/Users/j/Documents/GitHub/MoneroOne/build/Build/Intermediates.noindex/GeneratedModuleMaps-iphonesimulator/secp256k1_bindings.modulemap -Xcc -fmodule-map-file\=/Users/j/Documents/GitHub/MoneroOne/build/Build/Intermediates.noindex/GeneratedModuleMaps-iphonesimulator/HsCryptoKitC.modulemap -Xcc -fmodule-map-file\=/Users/j/Documents/GitHub/MoneroOne/build/Build/Intermediates.noindex/GeneratedModuleMaps-iphonesimulator/CNIOBoringSSLShims.modulemap -Xcc -fmodule-map-file\=/Users/j/Documents/GitHub/MoneroOne/build/Build/Intermediates.noindex/GeneratedModuleMaps-iphonesimulator/CNIOSHA1.modulemap -Xcc -fmodule-map-file\=/Users/j/Documents/GitHub/MoneroOne/build/Build/Intermediates.noindex/GeneratedModuleMaps-iphonesimulator/CNIOLLHTTP.modulemap -Xcc -fmodule-map-file\=/Users/j/Documents/GitHub/MoneroOne/build/Build/Intermediates.noindex/GeneratedModuleMaps-iphonesimulator/CNIOPosix.modulemap -Xcc -fmodule-map-file\=/Users/j/Documents/GitHub/MoneroOne/build/Build/Intermediates.noindex/GeneratedModuleMaps-iphonesimulator/CNIOWASI.modulemap -Xcc -fmodule-map-file\=/Users/j/Documents/GitHub/MoneroOne/build/Build/Intermediates.noindex/GeneratedModuleMaps-iphonesimulator/CNIOLinux.modulemap -Xcc -fmodule-map-file\=/Users/j/Documents/GitHub/MoneroOne/build/Build/Intermediates.noindex/GeneratedModuleMaps-iphonesimulator/CNIODarwin.modulemap -Xcc -fmodule-map-file\=/Users/j/Documents/GitHub/MoneroOne/build/Build/Intermediates.noindex/GeneratedModuleMaps-iphonesimulator/CNIOOpenBSD.modulemap -Xcc -fmodule-map-file\=/Users/j/Documents/GitHub/MoneroOne/build/Build/Intermediates.noindex/GeneratedModuleMaps-iphonesimulator/CNIOAtomics.modulemap -DXcode -plugin-path /Applications/Xcode.app/Contents/Developer/Toolchains/XcodeDefault.xctoolchain/usr/lib/swift/host/plugins/testing -enable-experimental-feature DebugDescriptionMacro -sdk /Applications/Xcode.app/Contents/Developer/Platforms/iPhoneSimulator.platform/Developer/SDKs/iPhoneSimulator26.1.sdk -target arm64-apple-ios15.0-simulator -g -module-cache-path /Users/j/Documents/GitHub/MoneroOne/build/ModuleCache.noindex -Xfrontend -serialize-debugging-options -enable-testing -index-store-path /Users/j/Documents/GitHub/MoneroOne/build/Index.noindex/DataStore -Xcc -D_LIBCPP_HARDENING_MODE\=_LIBCPP_HARDENING_MODE_DEBUG -swift-version 5 -I /Users/j/Documents/GitHub/MoneroOne/build/Build/Products/Debug-iphonesimulator -Isystem /Applications/Xcode.app/Contents/Developer/Platforms/iPhoneSimulator.platform/Developer/usr/lib -F /Users/j/Documents/GitHub/MoneroOne/build/Build/Products/Debug-iphonesimulator/PackageFrameworks -F /Users/j/Documents/GitHub/MoneroOne/build/Build/Products/Debug-iphonesimulator/PackageFrameworks -F /Users/j/Documents/GitHub/MoneroOne/build/Build/Products/Debug-iphonesimulator/PackageFrameworks -F /Users/j/Documents/GitHub/MoneroOne/build/Build/Products/Debug-iphonesimulator/PackageFrameworks -F /Users/j/Documents/GitHub/MoneroOne/build/Build/Products/Debug-iphonesimulator/PackageFrameworks -F /Users/j/Documents/GitHub/MoneroOne/build/Build/Products/Debug-iphonesimulator/PackageFrameworks -F /Users/j/Documents/GitHub/MoneroOne/build/Build/Products/Debug-iphonesimulator/PackageFrameworks -F /Users/j/Documents/GitHub/MoneroOne/build/Build/Products/Debug-iphonesimulator/PackageFrameworks -F /Users/j/Documents/GitHub/MoneroOne/build/Build/Products/Debug-iphonesimulator/PackageFrameworks -F /Users/j/Documents/GitHub/MoneroOne/build/Build/Products/Debug-iphonesimulator/PackageFrameworks -F /Users/j/Documents/GitHub/MoneroOne/build/Build/Products/Debug-iphonesimulator/PackageFrameworks -F /Users/j/Documents/GitHub/MoneroOne/build/Build/Products/Debug-iphonesimulator/PackageFrameworks -F /Users/j/Documents/GitHub/MoneroOne/build/Build/Products/Debug-iphonesimulator/PackageFrameworks -F /Users/j/Documents/GitHub/MoneroOne/build/Build/Products/Debug-iphonesimulator/PackageFrameworks -F /Users/j/Documents/GitHub/MoneroOne/build/Build/Products/Debug-iphonesimulator/PackageFrameworks -F /Users/j/Documents/GitHub/MoneroOne/build/Build/Products/Debug-iphonesimulator/PackageFrameworks -F /Users/j/Documents/GitHub/MoneroOne/build/Build/Products/Debug-iphonesimulator/PackageFrameworks -F /Users/j/Documents/GitHub/MoneroOne/build/Build/Products/Debug-iphonesimulator/PackageFrameworks -F /Users/j/Documents/GitHub/MoneroOne/build/Build/Products/Debug-iphonesimulator/PackageFrameworks -F /Users/j/Documents/GitHub/MoneroOne/build/Build/Products/Debug-iphonesimulator/PackageFrameworks -F /Users/j/Documents/GitHub/MoneroOne/build/Build/Products/Debug-iphonesimulator/PackageFrameworks -F /Users/j/Documents/GitHub/MoneroOne/build/Build/Products/Debug-iphonesimulator/PackageFrameworks -F /Users/j/Documents/GitHub/MoneroOne/build/Build/Products/Debug-iphonesimulator/PackageFrameworks -F /Users/j/Documents/GitHub/MoneroOne/build/Build/Products/Debug-iphonesimulator/PackageFrameworks -F /Users/j/Documents/GitHub/MoneroOne/build/Build/Products/Debug-iphonesimulator/PackageFrameworks -F /Users/j/Documents/GitHub/MoneroOne/build/Build/Products/Debug-iphonesimulator/PackageFrameworks -F /Users/j/Documents/GitHub/MoneroOne/build/Build/Products/Debug-iphonesimulator/PackageFrameworks -F /Users/j/Documents/GitHub/MoneroOne/build/Build/Products/Debug-iphonesimulator/PackageFrameworks -F /Users/j/Documents/GitHub/MoneroOne/build/Build/Products/Debug-iphonesimulator/PackageFrameworks -F /Users/j/Documents/GitHub/MoneroOne/build/Build/Products/Debug-iphonesimulator/PackageFrameworks -F /Users/j/Documents/GitHub/MoneroOne/build/Build/Products/Debug-iphonesimulator/PackageFrameworks -F /Users/j/Documents/GitHub/MoneroOne/build/Build/Products/Debug-iphonesimulator/PackageFrameworks -F /Users/j/Documents/GitHub/MoneroOne/build/Build/Products/Debug-iphonesimulator/PackageFrameworks -F /Users/j/Documents/GitHub/MoneroOne/build/Build/Products/Debug-iphonesimulator/PackageFrameworks -F /Users/j/Documents/GitHub/MoneroOne/build/Build/Products/Debug-iphonesimulator/PackageFrameworks -F /Users/j/Documents/GitHub/MoneroOne/build/Build/Products/Debug-iphonesimulator/PackageFrameworks -F /Users/j/Documents/GitHub/MoneroOne/build/Build/Products/Debug-iphonesimulator/PackageFrameworks -F /Users/j/Documents/GitHub/MoneroOne/build/Build/Products/Debug-iphonesimulator/PackageFrameworks -F /Users/j/Documents/GitHub/MoneroOne/build/Build/Products/Debug-iphonesimulator/PackageFrameworks -F /Users/j/Documents/GitHub/MoneroOne/build/Build/Products/Debug-iphonesimulator/PackageFrameworks -F /Users/j/Documents/GitHub/MoneroOne/build/Build/Products/Debug-iphonesimulator/PackageFrameworks -F /Users/j/Documents/GitHub/MoneroOne/build/Build/Products/Debug-iphonesimulator/PackageFrameworks -F /Users/j/Documents/GitHub/MoneroOne/build/Build/Products/Debug-iphonesimulator/PackageFrameworks -F /Users/j/Documents/GitHub/MoneroOne/build/Build/Products/Debug-iphonesimulator/PackageFrameworks -F /Users/j/Documents/GitHub/MoneroOne/build/Build/Products/Debug-iphonesimulator -F /Applications/Xcode.app/Contents/Developer/Platforms/iPhoneSimulator.platform/Developer/Library/Frameworks -F /Applications/Xcode.app/Contents/Developer/Platforms/iPhoneSimulator.platform/Developer/SDKs/iPhoneSimulator26.1.sdk/Developer/Library/Frameworks -c -j12 -enable-batch-mode -incremental -Xcc -ivfsstatcache -Xcc /Users/j/Documents/GitHub/MoneroOne/build/SDKStatCaches.noindex/iphonesimulator26.1-23B77-90cf18a4295e390e64c810bc6bd7acbc.sdkstatcache -output-file-map /Users/j/Documents/GitHub/MoneroOne/build/Build/Intermediates.noindex/MoneroKit.swift.build/Debug-iphonesimulator/MoneroKit.build/Objects-normal/arm64/MoneroKit-OutputFileMap.json -use-frontend-parseable-output -save-temps -no-color-diagnostics -explicit-module-build -module-cache-path /Users/j/Documents/GitHub/MoneroOne/build/Build/Intermediates.noindex/SwiftExplicitPrecompiledModules -clang-scanner-module-cache-path /Users/j/Documents/GitHub/MoneroOne/build/ModuleCache.noindex -sdk-module-cache-path /Users/j/Documents/GitHub/MoneroOne/build/ModuleCache.noindex -serialize-diagnostics -emit-dependencies -emit-module -emit-module-path /Users/j/Documents/GitHub/MoneroOne/build/Build/Intermediates.noindex/MoneroKit.swift.build/Debug-iphonesimulator/MoneroKit.build/Objects-normal/arm64/MoneroKit.swiftmodule -validate-clang-modules-once -clang-build-session-file /Users/j/Documents/GitHub/MoneroOne/build/ModuleCache.noindex/Session.modulevalidation -Xcc -I/Users/j/Documents/GitHub/MoneroOne/build/Build/Intermediates.noindex/MoneroKit.swift.build/Debug-iphonesimulator/MoneroKit.build/swift-overrides.hmap -emit-const-values -Xfrontend -const-gather-protocols-file -Xfrontend /Users/j/Documents/GitHub/MoneroOne/build/Build/Intermediates.noindex/MoneroKit.swift.build/Debug-iphonesimulator/MoneroKit.build/Objects-normal/arm64/MoneroKit_const_extract_protocols.json -Xcc -I/Users/j/Documents/GitHub/MoneroOne/build/SourcePackages/checkouts/swift-crypto/Sources/CCryptoBoringSSLShims/include -Xcc -I/Users/j/Documents/GitHub/MoneroOne/build/SourcePackages/checkouts/swift-crypto/Sources/CCryptoBoringSSL/include -Xcc -I/Users/j/Documents/GitHub/MoneroOne/build/SourcePackages/checkouts/secp256k1.swift/Sources/secp256k1_bindings/include -Xcc -I/Users/j/Documents/GitHub/MoneroOne/build/SourcePackages/checkouts/HsCryptoKit.Swift/Sources/HsCryptoKitC/include -Xcc -I/Users/j/Documents/GitHub/MoneroOne/build/SourcePackages/checkouts/swift-nio-ssl/Sources/CNIOBoringSSLShims/include -Xcc -I/Users/j/Documents/GitHub/MoneroOne/build/SourcePackages/checkouts/swift-nio-ssl/Sources/CNIOBoringSSL/include -Xcc -I/Users/j/Documents/GitHub/MoneroOne/build/SourcePackages/checkouts/swift-nio/Sources/CNIOSHA1/include -Xcc -I/Users/j/Documents/GitHub/MoneroOne/build/SourcePackages/checkouts/swift-nio/Sources/CNIOLLHTTP/include -Xcc -I/Users/j/Documents/GitHub/MoneroOne/build/SourcePackages/checkouts/swift-atomics/Sources/_AtomicsShims/include -Xcc -I/Users/j/Documents/GitHub/MoneroOne/build/SourcePackages/checkouts/swift-nio/Sources/CNIOPosix/include -Xcc -I/Users/j/Documents/GitHub/MoneroOne/build/SourcePackages/checkouts/swift-nio/Sources/CNIOWASI/include -Xcc -I/Users/j/Documents/GitHub/MoneroOne/build/SourcePackages/checkouts/swift-nio/Sources/CNIOWindows/include -Xcc -I/Users/j/Documents/GitHub/MoneroOne/build/SourcePackages/checkouts/swift-nio/Sources/CNIOLinux/include -Xcc -I/Users/j/Documents/GitHub/MoneroOne/build/SourcePackages/checkouts/swift-nio/Sources/CNIODarwin/include -Xcc -I/Users/j/Documents/GitHub/MoneroOne/build/SourcePackages/checkouts/swift-nio/Sources/CNIOOpenBSD/include -Xcc -I/Users/j/Documents/GitHub/MoneroOne/build/SourcePackages/checkouts/swift-nio/Sources/CNIOAtomics/include -Xcc -I/Users/j/Documents/GitHub/MoneroKit.Swift/Sources/CMonero/include -Xcc -I/Users/j/Documents/GitHub/MoneroOne/build/Build/Products/Debug-iphonesimulator/include -Xcc -I/Users/j/Documents/GitHub/MoneroOne/build/Build/Intermediates.noindex/MoneroKit.swift.build/Debug-iphonesimulator/MoneroKit.build/DerivedSources-normal/arm64 -Xcc -I/Users/j/Documents/GitHub/MoneroOne/build/Build/Intermediates.noindex/MoneroKit.swift.build/Debug-iphonesimulator/MoneroKit.build/DerivedSources/arm64 -Xcc -I/Users/j/Documents/GitHub/MoneroOne/build/Build/Intermediates.noindex/MoneroKit.swift.build/Debug-iphonesimulator/MoneroKit.build/DerivedSources -Xcc -DSWIFT_PACKAGE -Xcc -DDEBUG\=1 -emit-objc-header -emit-objc-header-path /Users/j/Documents/GitHub/MoneroOne/build/Build/Intermediates.noindex/MoneroKit.swift.build/Debug-iphonesimulator/MoneroKit.build/Objects-normal/arm64/MoneroKit-Swift.h -working-directory /Users/j/Documents/GitHub/MoneroOne/MoneroOne.xcodeproj -experimental-emit-module-separately -disable-cmo

SwiftMergeGeneratedHeaders /Users/j/Documents/GitHub/MoneroOne/build/Build/Intermediates.noindex/GeneratedModuleMaps-iphonesimulator/MoneroKit-Swift.h /Users/j/Documents/GitHub/MoneroOne/build/Build/Intermediates.noindex/MoneroKit.swift.build/Debug-iphonesimulator/MoneroKit.build/Objects-normal/arm64/MoneroKit-Swift.h (in target 'MoneroKit' from project 'MoneroKit.swift')
    cd /Users/j/Documents/GitHub/MoneroKit.Swift
    builtin-swiftHeaderTool -arch arm64 /Users/j/Documents/GitHub/MoneroOne/build/Build/Intermediates.noindex/MoneroKit.swift.build/Debug-iphonesimulator/MoneroKit.build/Objects-normal/arm64/MoneroKit-Swift.h -o /Users/j/Documents/GitHub/MoneroOne/build/Build/Intermediates.noindex/GeneratedModuleMaps-iphonesimulator/MoneroKit-Swift.h

Copy /Users/j/Documents/GitHub/MoneroOne/build/Build/Products/Debug-iphonesimulator/MoneroKit.swiftmodule/arm64-apple-ios-simulator.swiftmodule /Users/j/Documents/GitHub/MoneroOne/build/Build/Intermediates.noindex/MoneroKit.swift.build/Debug-iphonesimulator/MoneroKit.build/Objects-normal/arm64/MoneroKit.swiftmodule (in target 'MoneroKit' from project 'MoneroKit.swift')
    cd /Users/j/Documents/GitHub/MoneroKit.Swift
    builtin-copy -exclude .DS_Store -exclude CVS -exclude .svn -exclude .git -exclude .hg -resolve-src-symlinks -rename /Users/j/Documents/GitHub/MoneroOne/build/Build/Intermediates.noindex/MoneroKit.swift.build/Debug-iphonesimulator/MoneroKit.build/Objects-normal/arm64/MoneroKit.swiftmodule /Users/j/Documents/GitHub/MoneroOne/build/Build/Products/Debug-iphonesimulator/MoneroKit.swiftmodule/arm64-apple-ios-simulator.swiftmodule

Copy /Users/j/Documents/GitHub/MoneroOne/build/Build/Products/Debug-iphonesimulator/MoneroKit.swiftmodule/arm64-apple-ios-simulator.swiftdoc /Users/j/Documents/GitHub/MoneroOne/build/Build/Intermediates.noindex/MoneroKit.swift.build/Debug-iphonesimulator/MoneroKit.build/Objects-normal/arm64/MoneroKit.swiftdoc (in target 'MoneroKit' from project 'MoneroKit.swift')
    cd /Users/j/Documents/GitHub/MoneroKit.Swift
    builtin-copy -exclude .DS_Store -exclude CVS -exclude .svn -exclude .git -exclude .hg -resolve-src-symlinks -rename /Users/j/Documents/GitHub/MoneroOne/build/Build/Intermediates.noindex/MoneroKit.swift.build/Debug-iphonesimulator/MoneroKit.build/Objects-normal/arm64/MoneroKit.swiftdoc /Users/j/Documents/GitHub/MoneroOne/build/Build/Products/Debug-iphonesimulator/MoneroKit.swiftmodule/arm64-apple-ios-simulator.swiftdoc

Copy /Users/j/Documents/GitHub/MoneroOne/build/Build/Products/Debug-iphonesimulator/MoneroKit.swiftmodule/arm64-apple-ios-simulator.abi.json /Users/j/Documents/GitHub/MoneroOne/build/Build/Intermediates.noindex/MoneroKit.swift.build/Debug-iphonesimulator/MoneroKit.build/Objects-normal/arm64/MoneroKit.abi.json (in target 'MoneroKit' from project 'MoneroKit.swift')
    cd /Users/j/Documents/GitHub/MoneroKit.Swift
    builtin-copy -exclude .DS_Store -exclude CVS -exclude .svn -exclude .git -exclude .hg -resolve-src-symlinks -rename /Users/j/Documents/GitHub/MoneroOne/build/Build/Intermediates.noindex/MoneroKit.swift.build/Debug-iphonesimulator/MoneroKit.build/Objects-normal/arm64/MoneroKit.abi.json /Users/j/Documents/GitHub/MoneroOne/build/Build/Products/Debug-iphonesimulator/MoneroKit.swiftmodule/arm64-apple-ios-simulator.abi.json

Copy /Users/j/Documents/GitHub/MoneroOne/build/Build/Products/Debug-iphonesimulator/MoneroKit.swiftmodule/Project/arm64-apple-ios-simulator.swiftsourceinfo /Users/j/Documents/GitHub/MoneroOne/build/Build/Intermediates.noindex/MoneroKit.swift.build/Debug-iphonesimulator/MoneroKit.build/Objects-normal/arm64/MoneroKit.swiftsourceinfo (in target 'MoneroKit' from project 'MoneroKit.swift')
    cd /Users/j/Documents/GitHub/MoneroKit.Swift
    builtin-copy -exclude .DS_Store -exclude CVS -exclude .svn -exclude .git -exclude .hg -resolve-src-symlinks -rename /Users/j/Documents/GitHub/MoneroOne/build/Build/Intermediates.noindex/MoneroKit.swift.build/Debug-iphonesimulator/MoneroKit.build/Objects-normal/arm64/MoneroKit.swiftsourceinfo /Users/j/Documents/GitHub/MoneroOne/build/Build/Products/Debug-iphonesimulator/MoneroKit.swiftmodule/Project/arm64-apple-ios-simulator.swiftsourceinfo

ProcessProductPackaging "" /Users/j/Documents/GitHub/MoneroOne/build/Build/Intermediates.noindex/MoneroOne.build/Debug-iphonesimulator/MoneroOne.build/MoneroOne.app-Simulated.xcent (in target 'MoneroOne' from project 'MoneroOne')
    cd /Users/j/Documents/GitHub/MoneroOne
    
    Entitlements:
    
    {
    "application-identifier" = "8R8Z3PY2L3.one.monero.MoneroOne";
}
    
    builtin-productPackagingUtility -entitlements -format xml -o /Users/j/Documents/GitHub/MoneroOne/build/Build/Intermediates.noindex/MoneroOne.build/Debug-iphonesimulator/MoneroOne.build/MoneroOne.app-Simulated.xcent

ProcessProductPackagingDER /Users/j/Documents/GitHub/MoneroOne/build/Build/Intermediates.noindex/MoneroOne.build/Debug-iphonesimulator/MoneroOne.build/MoneroOne.app-Simulated.xcent /Users/j/Documents/GitHub/MoneroOne/build/Build/Intermediates.noindex/MoneroOne.build/Debug-iphonesimulator/MoneroOne.build/MoneroOne.app-Simulated.xcent.der (in target 'MoneroOne' from project 'MoneroOne')
    cd /Users/j/Documents/GitHub/MoneroOne
    /usr/bin/derq query -f xml -i /Users/j/Documents/GitHub/MoneroOne/build/Build/Intermediates.noindex/MoneroOne.build/Debug-iphonesimulator/MoneroOne.build/MoneroOne.app-Simulated.xcent -o /Users/j/Documents/GitHub/MoneroOne/build/Build/Intermediates.noindex/MoneroOne.build/Debug-iphonesimulator/MoneroOne.build/MoneroOne.app-Simulated.xcent.der --raw

RegisterExecutionPolicyException /Users/j/Documents/GitHub/MoneroOne/build/Build/Products/Debug-iphonesimulator/NIOTLS.o (in target 'NIOTLS' from project 'swift-nio')
    cd /Users/j/Documents/GitHub/MoneroOne/build/SourcePackages/checkouts/swift-nio
    builtin-RegisterExecutionPolicyException /Users/j/Documents/GitHub/MoneroOne/build/Build/Products/Debug-iphonesimulator/NIOTLS.o

RegisterExecutionPolicyException /Users/j/Documents/GitHub/MoneroOne/build/Build/Products/Debug-iphonesimulator/NIOHTTP1.o (in target 'NIOHTTP1' from project 'swift-nio')
    cd /Users/j/Documents/GitHub/MoneroOne/build/SourcePackages/checkouts/swift-nio
    builtin-RegisterExecutionPolicyException /Users/j/Documents/GitHub/MoneroOne/build/Build/Products/Debug-iphonesimulator/NIOHTTP1.o

SwiftDriverJobDiscovery normal arm64 Compiling DaemonRpcProvider.swift, FileHandler.swift (in target 'MoneroKit' from project 'MoneroKit.swift')

RegisterExecutionPolicyException /Users/j/Documents/GitHub/MoneroOne/build/Build/Products/Debug-iphonesimulator/NIOFoundationCompat.o (in target 'NIOFoundationCompat' from project 'swift-nio')
    cd /Users/j/Documents/GitHub/MoneroOne/build/SourcePackages/checkouts/swift-nio
    builtin-RegisterExecutionPolicyException /Users/j/Documents/GitHub/MoneroOne/build/Build/Products/Debug-iphonesimulator/NIOFoundationCompat.o

Ld /Users/j/Documents/GitHub/MoneroOne/build/Build/Products/Debug-iphonesimulator/NIOSSL.o normal (in target 'NIOSSL' from project 'swift-nio-ssl')
    cd /Users/j/Documents/GitHub/MoneroOne/build/SourcePackages/checkouts/swift-nio-ssl
    /Applications/Xcode.app/Contents/Developer/Toolchains/XcodeDefault.xctoolchain/usr/bin/clang -Xlinker -reproducible -target arm64-apple-ios12.0-simulator -r -isysroot /Applications/Xcode.app/Contents/Developer/Platforms/iPhoneSimulator.platform/Developer/SDKs/iPhoneSimulator26.1.sdk -O0 -w -L/Users/j/Documents/GitHub/MoneroOne/build/Build/Intermediates.noindex/EagerLinkingTBDs/Debug-iphonesimulator -L/Users/j/Documents/GitHub/MoneroOne/build/Build/Products/Debug-iphonesimulator -L/Applications/Xcode.app/Contents/Developer/Platforms/iPhoneSimulator.platform/Developer/usr/lib -F/Users/j/Documents/GitHub/MoneroOne/build/Build/Intermediates.noindex/EagerLinkingTBDs/Debug-iphonesimulator -F/Users/j/Documents/GitHub/MoneroOne/build/Build/Products/Debug-iphonesimulator/PackageFrameworks -F/Users/j/Documents/GitHub/MoneroOne/build/Build/Products/Debug-iphonesimulator/PackageFrameworks -F/Users/j/Documents/GitHub/MoneroOne/build/Build/Products/Debug-iphonesimulator/PackageFrameworks -F/Users/j/Documents/GitHub/MoneroOne/build/Build/Products/Debug-iphonesimulator/PackageFrameworks -F/Users/j/Documents/GitHub/MoneroOne/build/Build/Products/Debug-iphonesimulator/PackageFrameworks -F/Users/j/Documents/GitHub/MoneroOne/build/Build/Products/Debug-iphonesimulator/PackageFrameworks -F/Users/j/Documents/GitHub/MoneroOne/build/Build/Products/Debug-iphonesimulator/PackageFrameworks -F/Users/j/Documents/GitHub/MoneroOne/build/Build/Products/Debug-iphonesimulator/PackageFrameworks -F/Users/j/Documents/GitHub/MoneroOne/build/Build/Products/Debug-iphonesimulator/PackageFrameworks -F/Users/j/Documents/GitHub/MoneroOne/build/Build/Products/Debug-iphonesimulator/PackageFrameworks -F/Users/j/Documents/GitHub/MoneroOne/build/Build/Products/Debug-iphonesimulator/PackageFrameworks -F/Users/j/Documents/GitHub/MoneroOne/build/Build/Products/Debug-iphonesimulator/PackageFrameworks -F/Users/j/Documents/GitHub/MoneroOne/build/Build/Products/Debug-iphonesimulator/PackageFrameworks -F/Users/j/Documents/GitHub/MoneroOne/build/Build/Products/Debug-iphonesimulator/PackageFrameworks -F/Users/j/Documents/GitHub/MoneroOne/build/Build/Products/Debug-iphonesimulator/PackageFrameworks -F/Users/j/Documents/GitHub/MoneroOne/build/Build/Products/Debug-iphonesimulator/PackageFrameworks -F/Users/j/Documents/GitHub/MoneroOne/build/Build/Products/Debug-iphonesimulator/PackageFrameworks -F/Users/j/Documents/GitHub/MoneroOne/build/Build/Products/Debug-iphonesimulator/PackageFrameworks -F/Users/j/Documents/GitHub/MoneroOne/build/Build/Products/Debug-iphonesimulator/PackageFrameworks -F/Users/j/Documents/GitHub/MoneroOne/build/Build/Products/Debug-iphonesimulator/PackageFrameworks -F/Users/j/Documents/GitHub/MoneroOne/build/Build/Products/Debug-iphonesimulator/PackageFrameworks -F/Users/j/Documents/GitHub/MoneroOne/build/Build/Products/Debug-iphonesimulator -iframework /Applications/Xcode.app/Contents/Developer/Platforms/iPhoneSimulator.platform/Developer/Library/Frameworks -iframework /Applications/Xcode.app/Contents/Developer/Platforms/iPhoneSimulator.platform/Developer/SDKs/iPhoneSimulator26.1.sdk/Developer/Library/Frameworks -filelist /Users/j/Documents/GitHub/MoneroOne/build/Build/Intermediates.noindex/swift-nio-ssl.build/Debug-iphonesimulator/NIOSSL.build/Objects-normal/arm64/NIOSSL.LinkFileList -nostdlib -Xlinker -object_path_lto -Xlinker /Users/j/Documents/GitHub/MoneroOne/build/Build/Intermediates.noindex/swift-nio-ssl.build/Debug-iphonesimulator/NIOSSL.build/Objects-normal/arm64/NIOSSL_lto.o -rdynamic -Xlinker -no_deduplicate -Xlinker -objc_abi_version -Xlinker 2 -Xlinker -dependency_info -Xlinker /Users/j/Documents/GitHub/MoneroOne/build/Build/Intermediates.noindex/swift-nio-ssl.build/Debug-iphonesimulator/NIOSSL.build/Objects-normal/arm64/NIOSSL_dependency_info.dat -fobjc-link-runtime -L/Applications/Xcode.app/Contents/Developer/Toolchains/XcodeDefault.xctoolchain/usr/lib/swift/iphonesimulator -L/usr/lib/swift -Xlinker -add_ast_path -Xlinker /Users/j/Documents/GitHub/MoneroOne/build/Build/Intermediates.noindex/swift-nio-ssl.build/Debug-iphonesimulator/NIOSSL.build/Objects-normal/arm64/NIOSSL.swiftmodule @/Users/j/Documents/GitHub/MoneroOne/build/Build/Intermediates.noindex/swift-nio-ssl.build/Debug-iphonesimulator/NIOSSL.build/Objects-normal/arm64/NIOSSL-linker-args.resp -o /Users/j/Documents/GitHub/MoneroOne/build/Build/Products/Debug-iphonesimulator/NIOSSL.o

Ld /Users/j/Documents/GitHub/MoneroOne/build/Build/Products/Debug-iphonesimulator/NIOWebSocket.o normal (in target 'NIOWebSocket' from project 'swift-nio')
    cd /Users/j/Documents/GitHub/MoneroOne/build/SourcePackages/checkouts/swift-nio
    /Applications/Xcode.app/Contents/Developer/Toolchains/XcodeDefault.xctoolchain/usr/bin/clang -Xlinker -reproducible -target arm64-apple-ios12.0-simulator -r -isysroot /Applications/Xcode.app/Contents/Developer/Platforms/iPhoneSimulator.platform/Developer/SDKs/iPhoneSimulator26.1.sdk -O0 -w -L/Users/j/Documents/GitHub/MoneroOne/build/Build/Intermediates.noindex/EagerLinkingTBDs/Debug-iphonesimulator -L/Users/j/Documents/GitHub/MoneroOne/build/Build/Products/Debug-iphonesimulator -L/Applications/Xcode.app/Contents/Developer/Platforms/iPhoneSimulator.platform/Developer/usr/lib -F/Users/j/Documents/GitHub/MoneroOne/build/Build/Intermediates.noindex/EagerLinkingTBDs/Debug-iphonesimulator -F/Users/j/Documents/GitHub/MoneroOne/build/Build/Products/Debug-iphonesimulator/PackageFrameworks -F/Users/j/Documents/GitHub/MoneroOne/build/Build/Products/Debug-iphonesimulator/PackageFrameworks -F/Users/j/Documents/GitHub/MoneroOne/build/Build/Products/Debug-iphonesimulator/PackageFrameworks -F/Users/j/Documents/GitHub/MoneroOne/build/Build/Products/Debug-iphonesimulator/PackageFrameworks -F/Users/j/Documents/GitHub/MoneroOne/build/Build/Products/Debug-iphonesimulator/PackageFrameworks -F/Users/j/Documents/GitHub/MoneroOne/build/Build/Products/Debug-iphonesimulator/PackageFrameworks -F/Users/j/Documents/GitHub/MoneroOne/build/Build/Products/Debug-iphonesimulator/PackageFrameworks -F/Users/j/Documents/GitHub/MoneroOne/build/Build/Products/Debug-iphonesimulator/PackageFrameworks -F/Users/j/Documents/GitHub/MoneroOne/build/Build/Products/Debug-iphonesimulator/PackageFrameworks -F/Users/j/Documents/GitHub/MoneroOne/build/Build/Products/Debug-iphonesimulator/PackageFrameworks -F/Users/j/Documents/GitHub/MoneroOne/build/Build/Products/Debug-iphonesimulator/PackageFrameworks -F/Users/j/Documents/GitHub/MoneroOne/build/Build/Products/Debug-iphonesimulator/PackageFrameworks -F/Users/j/Documents/GitHub/MoneroOne/build/Build/Products/Debug-iphonesimulator/PackageFrameworks -F/Users/j/Documents/GitHub/MoneroOne/build/Build/Products/Debug-iphonesimulator/PackageFrameworks -F/Users/j/Documents/GitHub/MoneroOne/build/Build/Products/Debug-iphonesimulator/PackageFrameworks -F/Users/j/Documents/GitHub/MoneroOne/build/Build/Products/Debug-iphonesimulator/PackageFrameworks -F/Users/j/Documents/GitHub/MoneroOne/build/Build/Products/Debug-iphonesimulator/PackageFrameworks -F/Users/j/Documents/GitHub/MoneroOne/build/Build/Products/Debug-iphonesimulator/PackageFrameworks -F/Users/j/Documents/GitHub/MoneroOne/build/Build/Products/Debug-iphonesimulator/PackageFrameworks -F/Users/j/Documents/GitHub/MoneroOne/build/Build/Products/Debug-iphonesimulator/PackageFrameworks -F/Users/j/Documents/GitHub/MoneroOne/build/Build/Products/Debug-iphonesimulator/PackageFrameworks -F/Users/j/Documents/GitHub/MoneroOne/build/Build/Products/Debug-iphonesimulator -iframework /Applications/Xcode.app/Contents/Developer/Platforms/iPhoneSimulator.platform/Developer/Library/Frameworks -iframework /Applications/Xcode.app/Contents/Developer/Platforms/iPhoneSimulator.platform/Developer/SDKs/iPhoneSimulator26.1.sdk/Developer/Library/Frameworks -filelist /Users/j/Documents/GitHub/MoneroOne/build/Build/Intermediates.noindex/swift-nio.build/Debug-iphonesimulator/NIOWebSocket.build/Objects-normal/arm64/NIOWebSocket.LinkFileList -nostdlib -Xlinker -object_path_lto -Xlinker /Users/j/Documents/GitHub/MoneroOne/build/Build/Intermediates.noindex/swift-nio.build/Debug-iphonesimulator/NIOWebSocket.build/Objects-normal/arm64/NIOWebSocket_lto.o -rdynamic -Xlinker -no_deduplicate -Xlinker -objc_abi_version -Xlinker 2 -Xlinker -dependency_info -Xlinker /Users/j/Documents/GitHub/MoneroOne/build/Build/Intermediates.noindex/swift-nio.build/Debug-iphonesimulator/NIOWebSocket.build/Objects-normal/arm64/NIOWebSocket_dependency_info.dat -fobjc-link-runtime -L/Applications/Xcode.app/Contents/Developer/Toolchains/XcodeDefault.xctoolchain/usr/lib/swift/iphonesimulator -L/usr/lib/swift -Xlinker -add_ast_path -Xlinker /Users/j/Documents/GitHub/MoneroOne/build/Build/Intermediates.noindex/swift-nio.build/Debug-iphonesimulator/NIOWebSocket.build/Objects-normal/arm64/NIOWebSocket.swiftmodule @/Users/j/Documents/GitHub/MoneroOne/build/Build/Intermediates.noindex/swift-nio.build/Debug-iphonesimulator/NIOWebSocket.build/Objects-normal/arm64/NIOWebSocket-linker-args.resp -o /Users/j/Documents/GitHub/MoneroOne/build/Build/Products/Debug-iphonesimulator/NIOWebSocket.o

SwiftDriverJobDiscovery normal arm64 Compiling BlockHeights.swift (in target 'MoneroKit' from project 'MoneroKit.swift')

MkDir /Users/j/Documents/GitHub/MoneroOne/build/Build/Intermediates.noindex/MoneroOne.build/Debug-iphonesimulator/MoneroOne.build/assetcatalog_output/unthinned (in target 'MoneroOne' from project 'MoneroOne')
    cd /Users/j/Documents/GitHub/MoneroOne
    /bin/mkdir -p /Users/j/Documents/GitHub/MoneroOne/build/Build/Intermediates.noindex/MoneroOne.build/Debug-iphonesimulator/MoneroOne.build/assetcatalog_output/unthinned

MkDir /Users/j/Documents/GitHub/MoneroOne/build/Build/Intermediates.noindex/MoneroOne.build/Debug-iphonesimulator/MoneroOne.build/assetcatalog_output/thinned (in target 'MoneroOne' from project 'MoneroOne')
    cd /Users/j/Documents/GitHub/MoneroOne
    /bin/mkdir -p /Users/j/Documents/GitHub/MoneroOne/build/Build/Intermediates.noindex/MoneroOne.build/Debug-iphonesimulator/MoneroOne.build/assetcatalog_output/thinned

GenerateAssetSymbols /Users/j/Documents/GitHub/MoneroOne/MoneroOne/Resources/Assets.xcassets (in target 'MoneroOne' from project 'MoneroOne')
    cd /Users/j/Documents/GitHub/MoneroOne
    /Applications/Xcode.app/Contents/Developer/usr/bin/actool /Users/j/Documents/GitHub/MoneroOne/MoneroOne/Resources/Assets.xcassets --compile /Users/j/Documents/GitHub/MoneroOne/build/Build/Products/Debug-iphonesimulator/MoneroOne.app --output-format human-readable-text --notices --warnings --export-dependency-info /Users/j/Documents/GitHub/MoneroOne/build/Build/Intermediates.noindex/MoneroOne.build/Debug-iphonesimulator/MoneroOne.build/assetcatalog_dependencies --output-partial-info-plist /Users/j/Documents/GitHub/MoneroOne/build/Build/Intermediates.noindex/MoneroOne.build/Debug-iphonesimulator/MoneroOne.build/assetcatalog_generated_info.plist --app-icon AppIcon --accent-color AccentColor --compress-pngs --enable-on-demand-resources YES --development-region en --target-device iphone --target-device ipad --minimum-deployment-target 26.0 --platform iphonesimulator --bundle-identifier one.monero.MoneroOne --generate-swift-asset-symbol-extensions NO --generate-swift-asset-symbols /Users/j/Documents/GitHub/MoneroOne/build/Build/Intermediates.noindex/MoneroOne.build/Debug-iphonesimulator/MoneroOne.build/DerivedSources/GeneratedAssetSymbols.swift --generate-objc-asset-symbols /Users/j/Documents/GitHub/MoneroOne/build/Build/Intermediates.noindex/MoneroOne.build/Debug-iphonesimulator/MoneroOne.build/DerivedSources/GeneratedAssetSymbols.h --generate-asset-symbol-index /Users/j/Documents/GitHub/MoneroOne/build/Build/Intermediates.noindex/MoneroOne.build/Debug-iphonesimulator/MoneroOne.build/DerivedSources/GeneratedAssetSymbols-Index.plist
/* com.apple.actool.document.warnings */
/Users/j/Documents/GitHub/MoneroOne/MoneroOne/Resources/Assets.xcassets:./MoneroSymbol.imageset/(null)[2d][monero-symbol-800.png]: warning: The image set "MoneroSymbol" has an unassigned child.
/Users/j/Documents/GitHub/MoneroOne/MoneroOne/Resources/Assets.xcassets:./MoneroSymbol.imageset/(null)[2d][monero-symbol-800.png]: warning: The image set "MoneroSymbol" has an unassigned child.
/* com.apple.actool.compilation-results */
/Users/j/Documents/GitHub/MoneroOne/build/Build/Intermediates.noindex/MoneroOne.build/Debug-iphonesimulator/MoneroOne.build/DerivedSources/GeneratedAssetSymbols-Index.plist
/Users/j/Documents/GitHub/MoneroOne/build/Build/Intermediates.noindex/MoneroOne.build/Debug-iphonesimulator/MoneroOne.build/DerivedSources/GeneratedAssetSymbols.h
/Users/j/Documents/GitHub/MoneroOne/build/Build/Intermediates.noindex/MoneroOne.build/Debug-iphonesimulator/MoneroOne.build/DerivedSources/GeneratedAssetSymbols.swift


CompileAssetCatalogVariant thinned /Users/j/Documents/GitHub/MoneroOne/build/Build/Products/Debug-iphonesimulator/MoneroOne.app /Users/j/Documents/GitHub/MoneroOne/MoneroOne/Resources/Assets.xcassets (in target 'MoneroOne' from project 'MoneroOne')
    cd /Users/j/Documents/GitHub/MoneroOne
    /Applications/Xcode.app/Contents/Developer/usr/bin/actool /Users/j/Documents/GitHub/MoneroOne/MoneroOne/Resources/Assets.xcassets --compile /Users/j/Documents/GitHub/MoneroOne/build/Build/Intermediates.noindex/MoneroOne.build/Debug-iphonesimulator/MoneroOne.build/assetcatalog_output/thinned --output-format human-readable-text --notices --warnings --export-dependency-info /Users/j/Documents/GitHub/MoneroOne/build/Build/Intermediates.noindex/MoneroOne.build/Debug-iphonesimulator/MoneroOne.build/assetcatalog_dependencies_thinned --output-partial-info-plist /Users/j/Documents/GitHub/MoneroOne/build/Build/Intermediates.noindex/MoneroOne.build/Debug-iphonesimulator/MoneroOne.build/assetcatalog_generated_info.plist_thinned --app-icon AppIcon --accent-color AccentColor --compress-pngs --enable-on-demand-resources YES --filter-for-thinning-device-configuration iPhone18,1 --filter-for-device-os-version 26.1 --development-region en --target-device iphone --target-device ipad --minimum-deployment-target 26.0 --platform iphonesimulator
/* com.apple.actool.document.warnings */
/Users/j/Documents/GitHub/MoneroOne/MoneroOne/Resources/Assets.xcassets:./MoneroSymbol.imageset/(null)[2d][monero-symbol-800.png]: warning: The image set "MoneroSymbol" has an unassigned child.
/Users/j/Documents/GitHub/MoneroOne/MoneroOne/Resources/Assets.xcassets:./MoneroSymbol.imageset/(null)[2d][monero-symbol-800.png]: warning: The image set "MoneroSymbol" has an unassigned child.
/Users/j/Documents/GitHub/MoneroOne/MoneroOne/Resources/Assets.xcassets:./MoneroSymbol.imageset/(null)[2d][monero-symbol-800.png]: warning: The image set "MoneroSymbol" has an unassigned child.
/* com.apple.actool.compilation-results */
/Users/j/Documents/GitHub/MoneroOne/build/Build/Intermediates.noindex/MoneroOne.build/Debug-iphonesimulator/MoneroOne.build/assetcatalog_generated_info.plist_thinned
/Users/j/Documents/GitHub/MoneroOne/build/Build/Intermediates.noindex/MoneroOne.build/Debug-iphonesimulator/MoneroOne.build/assetcatalog_output/thinned/AppIcon60x60@2x.png
/Users/j/Documents/GitHub/MoneroOne/build/Build/Intermediates.noindex/MoneroOne.build/Debug-iphonesimulator/MoneroOne.build/assetcatalog_output/thinned/AppIcon76x76@2x~ipad.png
/Users/j/Documents/GitHub/MoneroOne/build/Build/Intermediates.noindex/MoneroOne.build/Debug-iphonesimulator/MoneroOne.build/assetcatalog_output/thinned/Assets.car


SwiftDriverJobDiscovery normal arm64 Compiling RestoreHeight.swift, Balance.swift (in target 'MoneroKit' from project 'MoneroKit.swift')

SwiftDriverJobDiscovery normal arm64 Compiling KitManager.swift, Models.swift (in target 'MoneroKit' from project 'MoneroKit.swift')

ExtractAppIntentsMetadata (in target 'NIOWebSocket' from project 'swift-nio')
    cd /Users/j/Documents/GitHub/MoneroOne/build/SourcePackages/checkouts/swift-nio
    /Applications/Xcode.app/Contents/Developer/Toolchains/XcodeDefault.xctoolchain/usr/bin/appintentsmetadataprocessor --toolchain-dir /Applications/Xcode.app/Contents/Developer/Toolchains/XcodeDefault.xctoolchain --module-name NIOWebSocket --sdk-root /Applications/Xcode.app/Contents/Developer/Platforms/iPhoneSimulator.platform/Developer/SDKs/iPhoneSimulator26.1.sdk --xcode-version 17B100 --platform-family iOS --deployment-target 12.0 --bundle-identifier swift-nio.NIOWebSocket --output /Users/j/Documents/GitHub/MoneroOne/build/Build/Products/Debug-iphonesimulator/NIOWebSocket.appintents --target-triple arm64-apple-ios12.0-simulator --binary-file /Users/j/Documents/GitHub/MoneroOne/build/Build/Products/Debug-iphonesimulator/NIOWebSocket.o --dependency-file /Users/j/Documents/GitHub/MoneroOne/build/Build/Intermediates.noindex/swift-nio.build/Debug-iphonesimulator/NIOWebSocket.build/Objects-normal/arm64/NIOWebSocket_dependency_info.dat --stringsdata-file /Users/j/Documents/GitHub/MoneroOne/build/Build/Intermediates.noindex/swift-nio.build/Debug-iphonesimulator/NIOWebSocket.build/Objects-normal/arm64/ExtractedAppShortcutsMetadata.stringsdata --source-file-list /Users/j/Documents/GitHub/MoneroOne/build/Build/Intermediates.noindex/swift-nio.build/Debug-iphonesimulator/NIOWebSocket.build/Objects-normal/arm64/NIOWebSocket.SwiftFileList --metadata-file-list /Users/j/Documents/GitHub/MoneroOne/build/Build/Intermediates.noindex/swift-nio.build/Debug-iphonesimulator/NIOWebSocket.build/NIOWebSocket.DependencyMetadataFileList --static-metadata-file-list /Users/j/Documents/GitHub/MoneroOne/build/Build/Intermediates.noindex/swift-nio.build/Debug-iphonesimulator/NIOWebSocket.build/NIOWebSocket.DependencyStaticMetadataFileList --swift-const-vals-list /Users/j/Documents/GitHub/MoneroOne/build/Build/Intermediates.noindex/swift-nio.build/Debug-iphonesimulator/NIOWebSocket.build/Objects-normal/arm64/NIOWebSocket.SwiftConstValuesFileList --force --compile-time-extraction --deployment-aware-processing --validate-assistant-intents --no-app-shortcuts-localization
2026-01-18 15:26:14.896 appintentsmetadataprocessor[4060:39111361] Starting appintentsmetadataprocessor export
2026-01-18 15:26:15.011 appintentsmetadataprocessor[4060:39111361] Extracted no relevant App Intents symbols, skipping writing output

ExtractAppIntentsMetadata (in target 'NIOSSL' from project 'swift-nio-ssl')
    cd /Users/j/Documents/GitHub/MoneroOne/build/SourcePackages/checkouts/swift-nio-ssl
    /Applications/Xcode.app/Contents/Developer/Toolchains/XcodeDefault.xctoolchain/usr/bin/appintentsmetadataprocessor --toolchain-dir /Applications/Xcode.app/Contents/Developer/Toolchains/XcodeDefault.xctoolchain --module-name NIOSSL --sdk-root /Applications/Xcode.app/Contents/Developer/Platforms/iPhoneSimulator.platform/Developer/SDKs/iPhoneSimulator26.1.sdk --xcode-version 17B100 --platform-family iOS --deployment-target 12.0 --bundle-identifier swift-nio-ssl.NIOSSL --output /Users/j/Documents/GitHub/MoneroOne/build/Build/Products/Debug-iphonesimulator/NIOSSL.appintents --target-triple arm64-apple-ios12.0-simulator --binary-file /Users/j/Documents/GitHub/MoneroOne/build/Build/Products/Debug-iphonesimulator/NIOSSL.o --dependency-file /Users/j/Documents/GitHub/MoneroOne/build/Build/Intermediates.noindex/swift-nio-ssl.build/Debug-iphonesimulator/NIOSSL.build/Objects-normal/arm64/NIOSSL_dependency_info.dat --stringsdata-file /Users/j/Documents/GitHub/MoneroOne/build/Build/Intermediates.noindex/swift-nio-ssl.build/Debug-iphonesimulator/NIOSSL.build/Objects-normal/arm64/ExtractedAppShortcutsMetadata.stringsdata --source-file-list /Users/j/Documents/GitHub/MoneroOne/build/Build/Intermediates.noindex/swift-nio-ssl.build/Debug-iphonesimulator/NIOSSL.build/Objects-normal/arm64/NIOSSL.SwiftFileList --metadata-file-list /Users/j/Documents/GitHub/MoneroOne/build/Build/Intermediates.noindex/swift-nio-ssl.build/Debug-iphonesimulator/NIOSSL.build/NIOSSL.DependencyMetadataFileList --static-metadata-file-list /Users/j/Documents/GitHub/MoneroOne/build/Build/Intermediates.noindex/swift-nio-ssl.build/Debug-iphonesimulator/NIOSSL.build/NIOSSL.DependencyStaticMetadataFileList --swift-const-vals-list /Users/j/Documents/GitHub/MoneroOne/build/Build/Intermediates.noindex/swift-nio-ssl.build/Debug-iphonesimulator/NIOSSL.build/Objects-normal/arm64/NIOSSL.SwiftConstValuesFileList --force --compile-time-extraction --deployment-aware-processing --validate-assistant-intents --no-app-shortcuts-localization
2026-01-18 15:26:14.896 appintentsmetadataprocessor[4061:39111362] Starting appintentsmetadataprocessor export
2026-01-18 15:26:15.010 appintentsmetadataprocessor[4061:39111362] Extracted no relevant App Intents symbols, skipping writing output

SwiftDriverJobDiscovery normal arm64 Compiling Transaction.swift (in target 'MoneroKit' from project 'MoneroKit.swift')

SwiftDriver MoneroOne normal arm64 com.apple.xcode.tools.swift.compiler (in target 'MoneroOne' from project 'MoneroOne')
    cd /Users/j/Documents/GitHub/MoneroOne
    builtin-SwiftDriver -- /Applications/Xcode.app/Contents/Developer/Toolchains/XcodeDefault.xctoolchain/usr/bin/swiftc -module-name MoneroOne -Onone -enforce-exclusivity\=checked @/Users/j/Documents/GitHub/MoneroOne/build/Build/Intermediates.noindex/MoneroOne.build/Debug-iphonesimulator/MoneroOne.build/Objects-normal/arm64/MoneroOne.SwiftFileList -DDEBUG -Xcc -fmodule-map-file\=/Users/j/Documents/GitHub/MoneroOne/build/SourcePackages/checkouts/GRDB.swift/Sources/CSQLite/module.modulemap -Xcc -fmodule-map-file\=/Users/j/Documents/GitHub/MoneroOne/build/Build/Intermediates.noindex/GeneratedModuleMaps-iphonesimulator/CNIOBoringSSLShims.modulemap -Xcc -fmodule-map-file\=/Users/j/Documents/GitHub/MoneroOne/build/Build/Intermediates.noindex/GeneratedModuleMaps-iphonesimulator/CNIOSHA1.modulemap -Xcc -fmodule-map-file\=/Users/j/Documents/GitHub/MoneroOne/build/Build/Intermediates.noindex/GeneratedModuleMaps-iphonesimulator/CNIOLLHTTP.modulemap -Xcc -fmodule-map-file\=/Users/j/Documents/GitHub/MoneroOne/build/Build/Intermediates.noindex/GeneratedModuleMaps-iphonesimulator/CNIOPosix.modulemap -Xcc -fmodule-map-file\=/Users/j/Documents/GitHub/MoneroOne/build/Build/Intermediates.noindex/GeneratedModuleMaps-iphonesimulator/CNIOWASI.modulemap -Xcc -fmodule-map-file\=/Users/j/Documents/GitHub/MoneroOne/build/Build/Intermediates.noindex/GeneratedModuleMaps-iphonesimulator/CNIOLinux.modulemap -Xcc -fmodule-map-file\=/Users/j/Documents/GitHub/MoneroOne/build/Build/Intermediates.noindex/GeneratedModuleMaps-iphonesimulator/CNIODarwin.modulemap -Xcc -fmodule-map-file\=/Users/j/Documents/GitHub/MoneroOne/build/Build/Intermediates.noindex/GeneratedModuleMaps-iphonesimulator/CNIOOpenBSD.modulemap -Xcc -fmodule-map-file\=/Users/j/Documents/GitHub/MoneroOne/build/Build/Intermediates.noindex/GeneratedModuleMaps-iphonesimulator/CNIOAtomics.modulemap -Xcc -fmodule-map-file\=/Users/j/Documents/GitHub/MoneroOne/build/Build/Intermediates.noindex/GeneratedModuleMaps-iphonesimulator/secp256k1_bindings.modulemap -Xcc -fmodule-map-file\=/Users/j/Documents/GitHub/MoneroOne/build/Build/Intermediates.noindex/GeneratedModuleMaps-iphonesimulator/HsCryptoKitC.modulemap -enable-bare-slash-regex -enable-experimental-feature DebugDescriptionMacro -sdk /Applications/Xcode.app/Contents/Developer/Platforms/iPhoneSimulator.platform/Developer/SDKs/iPhoneSimulator26.1.sdk -target arm64-apple-ios26.0-simulator -g -module-cache-path /Users/j/Documents/GitHub/MoneroOne/build/ModuleCache.noindex -Xfrontend -serialize-debugging-options -enable-testing -index-store-path /Users/j/Documents/GitHub/MoneroOne/build/Index.noindex/DataStore -Xcc -D_LIBCPP_HARDENING_MODE\=_LIBCPP_HARDENING_MODE_DEBUG -swift-version 5 -I /Users/j/Documents/GitHub/MoneroOne/build/Build/Products/Debug-iphonesimulator -F /Users/j/Documents/GitHub/MoneroOne/build/Build/Products/Debug-iphonesimulator/PackageFrameworks -F /Users/j/Documents/GitHub/MoneroOne/build/Build/Products/Debug-iphonesimulator/PackageFrameworks -F /Users/j/Documents/GitHub/MoneroOne/build/Build/Products/Debug-iphonesimulator/PackageFrameworks -F /Users/j/Documents/GitHub/MoneroOne/build/Build/Products/Debug-iphonesimulator/PackageFrameworks -F /Users/j/Documents/GitHub/MoneroOne/build/Build/Products/Debug-iphonesimulator/PackageFrameworks -F /Users/j/Documents/GitHub/MoneroOne/build/Build/Products/Debug-iphonesimulator/PackageFrameworks -F /Users/j/Documents/GitHub/MoneroOne/build/Build/Products/Debug-iphonesimulator/PackageFrameworks -F /Users/j/Documents/GitHub/MoneroOne/build/Build/Products/Debug-iphonesimulator/PackageFrameworks -F /Users/j/Documents/GitHub/MoneroOne/build/Build/Products/Debug-iphonesimulator/PackageFrameworks -F /Users/j/Documents/GitHub/MoneroOne/build/Build/Products/Debug-iphonesimulator/PackageFrameworks -F /Users/j/Documents/GitHub/MoneroOne/build/Build/Products/Debug-iphonesimulator/PackageFrameworks -F /Users/j/Documents/GitHub/MoneroOne/build/Build/Products/Debug-iphonesimulator/PackageFrameworks -F /Users/j/Documents/GitHub/MoneroOne/build/Build/Products/Debug-iphonesimulator/PackageFrameworks -F /Users/j/Documents/GitHub/MoneroOne/build/Build/Products/Debug-iphonesimulator/PackageFrameworks -F /Users/j/Documents/GitHub/MoneroOne/build/Build/Products/Debug-iphonesimulator/PackageFrameworks -F /Users/j/Documents/GitHub/MoneroOne/build/Build/Products/Debug-iphonesimulator/PackageFrameworks -F /Users/j/Documents/GitHub/MoneroOne/build/Build/Products/Debug-iphonesimulator/PackageFrameworks -F /Users/j/Documents/GitHub/MoneroOne/build/Build/Products/Debug-iphonesimulator/PackageFrameworks -F /Users/j/Documents/GitHub/MoneroOne/build/Build/Products/Debug-iphonesimulator/PackageFrameworks -F /Users/j/Documents/GitHub/MoneroOne/build/Build/Products/Debug-iphonesimulator/PackageFrameworks -F /Users/j/Documents/GitHub/MoneroOne/build/Build/Products/Debug-iphonesimulator/PackageFrameworks -F /Users/j/Documents/GitHub/MoneroOne/build/Build/Products/Debug-iphonesimulator/PackageFrameworks -F /Users/j/Documents/GitHub/MoneroOne/build/Build/Products/Debug-iphonesimulator/PackageFrameworks -F /Users/j/Documents/GitHub/MoneroOne/build/Build/Products/Debug-iphonesimulator/PackageFrameworks -F /Users/j/Documents/GitHub/MoneroOne/build/Build/Products/Debug-iphonesimulator/PackageFrameworks -F /Users/j/Documents/GitHub/MoneroOne/build/Build/Products/Debug-iphonesimulator/PackageFrameworks -F /Users/j/Documents/GitHub/MoneroOne/build/Build/Products/Debug-iphonesimulator/PackageFrameworks -F /Users/j/Documents/GitHub/MoneroOne/build/Build/Products/Debug-iphonesimulator/PackageFrameworks -F /Users/j/Documents/GitHub/MoneroOne/build/Build/Products/Debug-iphonesimulator/PackageFrameworks -F /Users/j/Documents/GitHub/MoneroOne/build/Build/Products/Debug-iphonesimulator/PackageFrameworks -F /Users/j/Documents/GitHub/MoneroOne/build/Build/Products/Debug-iphonesimulator/PackageFrameworks -F /Users/j/Documents/GitHub/MoneroOne/build/Build/Products/Debug-iphonesimulator/PackageFrameworks -F /Users/j/Documents/GitHub/MoneroOne/build/Build/Products/Debug-iphonesimulator/PackageFrameworks -F /Users/j/Documents/GitHub/MoneroOne/build/Build/Products/Debug-iphonesimulator/PackageFrameworks -F /Users/j/Documents/GitHub/MoneroOne/build/Build/Products/Debug-iphonesimulator/PackageFrameworks -F /Users/j/Documents/GitHub/MoneroOne/build/Build/Products/Debug-iphonesimulator/PackageFrameworks -F /Users/j/Documents/GitHub/MoneroOne/build/Build/Products/Debug-iphonesimulator/PackageFrameworks -F /Users/j/Documents/GitHub/MoneroOne/build/Build/Products/Debug-iphonesimulator/PackageFrameworks -F /Users/j/Documents/GitHub/MoneroOne/build/Build/Products/Debug-iphonesimulator/PackageFrameworks -F /Users/j/Documents/GitHub/MoneroOne/build/Build/Products/Debug-iphonesimulator/PackageFrameworks -F /Users/j/Documents/GitHub/MoneroOne/build/Build/Products/Debug-iphonesimulator/PackageFrameworks -F /Users/j/Documents/GitHub/MoneroOne/build/Build/Products/Debug-iphonesimulator/PackageFrameworks -F /Users/j/Documents/GitHub/MoneroOne/build/Build/Products/Debug-iphonesimulator/PackageFrameworks -F /Users/j/Documents/GitHub/MoneroOne/build/Build/Products/Debug-iphonesimulator/PackageFrameworks -F /Users/j/Documents/GitHub/MoneroOne/build/Build/Products/Debug-iphonesimulator/PackageFrameworks -F /Users/j/Documents/GitHub/MoneroOne/build/Build/Products/Debug-iphonesimulator -emit-localized-strings -emit-localized-strings-path /Users/j/Documents/GitHub/MoneroOne/build/Build/Intermediates.noindex/MoneroOne.build/Debug-iphonesimulator/MoneroOne.build/Objects-normal/arm64 -c -j12 -enable-batch-mode -incremental -Xcc -ivfsstatcache -Xcc /Users/j/Documents/GitHub/MoneroOne/build/SDKStatCaches.noindex/iphonesimulator26.1-23B77-90cf18a4295e390e64c810bc6bd7acbc.sdkstatcache -output-file-map /Users/j/Documents/GitHub/MoneroOne/build/Build/Intermediates.noindex/MoneroOne.build/Debug-iphonesimulator/MoneroOne.build/Objects-normal/arm64/MoneroOne-OutputFileMap.json -use-frontend-parseable-output -save-temps -no-color-diagnostics -explicit-module-build -module-cache-path /Users/j/Documents/GitHub/MoneroOne/build/Build/Intermediates.noindex/SwiftExplicitPrecompiledModules -clang-scanner-module-cache-path /Users/j/Documents/GitHub/MoneroOne/build/ModuleCache.noindex -sdk-module-cache-path /Users/j/Documents/GitHub/MoneroOne/build/ModuleCache.noindex -serialize-diagnostics -emit-dependencies -emit-module -emit-module-path /Users/j/Documents/GitHub/MoneroOne/build/Build/Intermediates.noindex/MoneroOne.build/Debug-iphonesimulator/MoneroOne.build/Objects-normal/arm64/MoneroOne.swiftmodule -validate-clang-modules-once -clang-build-session-file /Users/j/Documents/GitHub/MoneroOne/build/ModuleCache.noindex/Session.modulevalidation -Xcc -I/Users/j/Documents/GitHub/MoneroOne/build/Build/Intermediates.noindex/MoneroOne.build/Debug-iphonesimulator/MoneroOne.build/swift-overrides.hmap -emit-const-values -Xfrontend -const-gather-protocols-file -Xfrontend /Users/j/Documents/GitHub/MoneroOne/build/Build/Intermediates.noindex/MoneroOne.build/Debug-iphonesimulator/MoneroOne.build/Objects-normal/arm64/MoneroOne_const_extract_protocols.json -Xcc -iquote -Xcc /Users/j/Documents/GitHub/MoneroOne/build/Build/Intermediates.noindex/MoneroOne.build/Debug-iphonesimulator/MoneroOne.build/MoneroOne-generated-files.hmap -Xcc -I/Users/j/Documents/GitHub/MoneroOne/build/Build/Intermediates.noindex/MoneroOne.build/Debug-iphonesimulator/MoneroOne.build/MoneroOne-own-target-headers.hmap -Xcc -I/Users/j/Documents/GitHub/MoneroOne/build/Build/Intermediates.noindex/MoneroOne.build/Debug-iphonesimulator/MoneroOne.build/MoneroOne-all-non-framework-target-headers.hmap -Xcc -ivfsoverlay -Xcc /Users/j/Documents/GitHub/MoneroOne/build/Build/Intermediates.noindex/MoneroOne.build/Debug-iphonesimulator/MoneroOne-ddead9317c92f588809e09356899951d-VFS-iphonesimulator/all-product-headers.yaml -Xcc -iquote -Xcc /Users/j/Documents/GitHub/MoneroOne/build/Build/Intermediates.noindex/MoneroOne.build/Debug-iphonesimulator/MoneroOne.build/MoneroOne-project-headers.hmap -Xcc -I/Users/j/Documents/GitHub/MoneroOne/build/SourcePackages/checkouts/swift-nio-ssl/Sources/CNIOBoringSSLShims/include -Xcc -I/Users/j/Documents/GitHub/MoneroOne/build/SourcePackages/checkouts/swift-nio-ssl/Sources/CNIOBoringSSL/include -Xcc -I/Users/j/Documents/GitHub/MoneroOne/build/SourcePackages/checkouts/swift-nio/Sources/CNIOSHA1/include -Xcc -I/Users/j/Documents/GitHub/MoneroOne/build/SourcePackages/checkouts/swift-nio/Sources/CNIOLLHTTP/include -Xcc -I/Users/j/Documents/GitHub/MoneroOne/build/SourcePackages/checkouts/swift-atomics/Sources/_AtomicsShims/include -Xcc -I/Users/j/Documents/GitHub/MoneroOne/build/SourcePackages/checkouts/swift-nio/Sources/CNIOPosix/include -Xcc -I/Users/j/Documents/GitHub/MoneroOne/build/SourcePackages/checkouts/swift-nio/Sources/CNIOWASI/include -Xcc -I/Users/j/Documents/GitHub/MoneroOne/build/SourcePackages/checkouts/swift-nio/Sources/CNIOWindows/include -Xcc -I/Users/j/Documents/GitHub/MoneroOne/build/SourcePackages/checkouts/swift-nio/Sources/CNIOLinux/include -Xcc -I/Users/j/Documents/GitHub/MoneroOne/build/SourcePackages/checkouts/swift-nio/Sources/CNIODarwin/include -Xcc -I/Users/j/Documents/GitHub/MoneroOne/build/SourcePackages/checkouts/swift-nio/Sources/CNIOOpenBSD/include -Xcc -I/Users/j/Documents/GitHub/MoneroOne/build/SourcePackages/checkouts/swift-nio/Sources/CNIOAtomics/include -Xcc -I/Users/j/Documents/GitHub/MoneroKit.Swift/Sources/CMonero/include -Xcc -I/Users/j/Documents/GitHub/MoneroOne/build/SourcePackages/checkouts/swift-crypto/Sources/CCryptoBoringSSLShims/include -Xcc -I/Users/j/Documents/GitHub/MoneroOne/build/SourcePackages/checkouts/swift-crypto/Sources/CCryptoBoringSSL/include -Xcc -I/Users/j/Documents/GitHub/MoneroOne/build/SourcePackages/checkouts/secp256k1.swift/Sources/secp256k1_bindings/include -Xcc -I/Users/j/Documents/GitHub/MoneroOne/build/SourcePackages/checkouts/HsCryptoKit.Swift/Sources/HsCryptoKitC/include -Xcc -I/Users/j/Documents/GitHub/MoneroOne/build/Build/Products/Debug-iphonesimulator/include -Xcc -I/Users/j/Documents/GitHub/MoneroOne/build/Build/Intermediates.noindex/MoneroOne.build/Debug-iphonesimulator/MoneroOne.build/DerivedSources-normal/arm64 -Xcc -I/Users/j/Documents/GitHub/MoneroOne/build/Build/Intermediates.noindex/MoneroOne.build/Debug-iphonesimulator/MoneroOne.build/DerivedSources/arm64 -Xcc -I/Users/j/Documents/GitHub/MoneroOne/build/Build/Intermediates.noindex/MoneroOne.build/Debug-iphonesimulator/MoneroOne.build/DerivedSources -Xcc -DDEBUG\=1 -emit-objc-header -emit-objc-header-path /Users/j/Documents/GitHub/MoneroOne/build/Build/Intermediates.noindex/MoneroOne.build/Debug-iphonesimulator/MoneroOne.build/Objects-normal/arm64/MoneroOne-Swift.h -working-directory /Users/j/Documents/GitHub/MoneroOne -experimental-emit-module-separately -disable-cmo

SwiftDriverJobDiscovery normal arm64 Compiling GRDBStorage.swift (in target 'MoneroKit' from project 'MoneroKit.swift')

SwiftDriverJobDiscovery normal arm64 Compiling SubAddress.swift (in target 'MoneroKit' from project 'MoneroKit.swift')

SwiftDriverJobDiscovery normal arm64 Compiling WalletListener.swift (in target 'MoneroKit' from project 'MoneroKit.swift')

SwiftDriverJobDiscovery normal arm64 Compiling SyncStateManager.swift (in target 'MoneroKit' from project 'MoneroKit.swift')

SwiftDriverJobDiscovery normal arm64 Compiling Helpers.swift, Kit.swift (in target 'MoneroKit' from project 'MoneroKit.swift')

RegisterExecutionPolicyException /Users/j/Documents/GitHub/MoneroOne/build/Build/Products/Debug-iphonesimulator/NIOWebSocket.o (in target 'NIOWebSocket' from project 'swift-nio')
    cd /Users/j/Documents/GitHub/MoneroOne/build/SourcePackages/checkouts/swift-nio
    builtin-RegisterExecutionPolicyException /Users/j/Documents/GitHub/MoneroOne/build/Build/Products/Debug-iphonesimulator/NIOWebSocket.o

RegisterExecutionPolicyException /Users/j/Documents/GitHub/MoneroOne/build/Build/Products/Debug-iphonesimulator/NIOSSL.o (in target 'NIOSSL' from project 'swift-nio-ssl')
    cd /Users/j/Documents/GitHub/MoneroOne/build/SourcePackages/checkouts/swift-nio-ssl
    builtin-RegisterExecutionPolicyException /Users/j/Documents/GitHub/MoneroOne/build/Build/Products/Debug-iphonesimulator/NIOSSL.o

Ld /Users/j/Documents/GitHub/MoneroOne/build/Build/Products/Debug-iphonesimulator/HsToolKit.o normal (in target 'HsToolKit' from project 'HsToolKit')
    cd /Users/j/Documents/GitHub/MoneroOne/build/SourcePackages/checkouts/HsToolKit.Swift
    /Applications/Xcode.app/Contents/Developer/Toolchains/XcodeDefault.xctoolchain/usr/bin/clang -Xlinker -reproducible -target arm64-apple-ios13.0-simulator -r -isysroot /Applications/Xcode.app/Contents/Developer/Platforms/iPhoneSimulator.platform/Developer/SDKs/iPhoneSimulator26.1.sdk -O0 -w -L/Users/j/Documents/GitHub/MoneroOne/build/Build/Intermediates.noindex/EagerLinkingTBDs/Debug-iphonesimulator -L/Users/j/Documents/GitHub/MoneroOne/build/Build/Products/Debug-iphonesimulator -L/Applications/Xcode.app/Contents/Developer/Platforms/iPhoneSimulator.platform/Developer/usr/lib -F/Users/j/Documents/GitHub/MoneroOne/build/Build/Intermediates.noindex/EagerLinkingTBDs/Debug-iphonesimulator -F/Users/j/Documents/GitHub/MoneroOne/build/Build/Products/Debug-iphonesimulator/PackageFrameworks -F/Users/j/Documents/GitHub/MoneroOne/build/Build/Products/Debug-iphonesimulator/PackageFrameworks -F/Users/j/Documents/GitHub/MoneroOne/build/Build/Products/Debug-iphonesimulator/PackageFrameworks -F/Users/j/Documents/GitHub/MoneroOne/build/Build/Products/Debug-iphonesimulator/PackageFrameworks -F/Users/j/Documents/GitHub/MoneroOne/build/Build/Products/Debug-iphonesimulator/PackageFrameworks -F/Users/j/Documents/GitHub/MoneroOne/build/Build/Products/Debug-iphonesimulator/PackageFrameworks -F/Users/j/Documents/GitHub/MoneroOne/build/Build/Products/Debug-iphonesimulator/PackageFrameworks -F/Users/j/Documents/GitHub/MoneroOne/build/Build/Products/Debug-iphonesimulator/PackageFrameworks -F/Users/j/Documents/GitHub/MoneroOne/build/Build/Products/Debug-iphonesimulator/PackageFrameworks -F/Users/j/Documents/GitHub/MoneroOne/build/Build/Products/Debug-iphonesimulator/PackageFrameworks -F/Users/j/Documents/GitHub/MoneroOne/build/Build/Products/Debug-iphonesimulator/PackageFrameworks -F/Users/j/Documents/GitHub/MoneroOne/build/Build/Products/Debug-iphonesimulator/PackageFrameworks -F/Users/j/Documents/GitHub/MoneroOne/build/Build/Products/Debug-iphonesimulator/PackageFrameworks -F/Users/j/Documents/GitHub/MoneroOne/build/Build/Products/Debug-iphonesimulator/PackageFrameworks -F/Users/j/Documents/GitHub/MoneroOne/build/Build/Products/Debug-iphonesimulator/PackageFrameworks -F/Users/j/Documents/GitHub/MoneroOne/build/Build/Products/Debug-iphonesimulator/PackageFrameworks -F/Users/j/Documents/GitHub/MoneroOne/build/Build/Products/Debug-iphonesimulator/PackageFrameworks -F/Users/j/Documents/GitHub/MoneroOne/build/Build/Products/Debug-iphonesimulator/PackageFrameworks -F/Users/j/Documents/GitHub/MoneroOne/build/Build/Products/Debug-iphonesimulator/PackageFrameworks -F/Users/j/Documents/GitHub/MoneroOne/build/Build/Products/Debug-iphonesimulator/PackageFrameworks -F/Users/j/Documents/GitHub/MoneroOne/build/Build/Products/Debug-iphonesimulator/PackageFrameworks -F/Users/j/Documents/GitHub/MoneroOne/build/Build/Products/Debug-iphonesimulator/PackageFrameworks -F/Users/j/Documents/GitHub/MoneroOne/build/Build/Products/Debug-iphonesimulator/PackageFrameworks -F/Users/j/Documents/GitHub/MoneroOne/build/Build/Products/Debug-iphonesimulator/PackageFrameworks -F/Users/j/Documents/GitHub/MoneroOne/build/Build/Products/Debug-iphonesimulator/PackageFrameworks -F/Users/j/Documents/GitHub/MoneroOne/build/Build/Products/Debug-iphonesimulator/PackageFrameworks -F/Users/j/Documents/GitHub/MoneroOne/build/Build/Products/Debug-iphonesimulator/PackageFrameworks -F/Users/j/Documents/GitHub/MoneroOne/build/Build/Products/Debug-iphonesimulator/PackageFrameworks -F/Users/j/Documents/GitHub/MoneroOne/build/Build/Products/Debug-iphonesimulator/PackageFrameworks -F/Users/j/Documents/GitHub/MoneroOne/build/Build/Products/Debug-iphonesimulator/PackageFrameworks -F/Users/j/Documents/GitHub/MoneroOne/build/Build/Products/Debug-iphonesimulator -iframework /Applications/Xcode.app/Contents/Developer/Platforms/iPhoneSimulator.platform/Developer/Library/Frameworks -iframework /Applications/Xcode.app/Contents/Developer/Platforms/iPhoneSimulator.platform/Developer/SDKs/iPhoneSimulator26.1.sdk/Developer/Library/Frameworks -filelist /Users/j/Documents/GitHub/MoneroOne/build/Build/Intermediates.noindex/HsToolKit.build/Debug-iphonesimulator/HsToolKit.build/Objects-normal/arm64/HsToolKit.LinkFileList -nostdlib -Xlinker -object_path_lto -Xlinker /Users/j/Documents/GitHub/MoneroOne/build/Build/Intermediates.noindex/HsToolKit.build/Debug-iphonesimulator/HsToolKit.build/Objects-normal/arm64/HsToolKit_lto.o -rdynamic -Xlinker -no_deduplicate -Xlinker -objc_abi_version -Xlinker 2 -Xlinker -dependency_info -Xlinker /Users/j/Documents/GitHub/MoneroOne/build/Build/Intermediates.noindex/HsToolKit.build/Debug-iphonesimulator/HsToolKit.build/Objects-normal/arm64/HsToolKit_dependency_info.dat -fobjc-link-runtime -L/Applications/Xcode.app/Contents/Developer/Toolchains/XcodeDefault.xctoolchain/usr/lib/swift/iphonesimulator -L/usr/lib/swift -Xlinker -add_ast_path -Xlinker /Users/j/Documents/GitHub/MoneroOne/build/Build/Intermediates.noindex/HsToolKit.build/Debug-iphonesimulator/HsToolKit.build/Objects-normal/arm64/HsToolKit.swiftmodule @/Users/j/Documents/GitHub/MoneroOne/build/Build/Intermediates.noindex/HsToolKit.build/Debug-iphonesimulator/HsToolKit.build/Objects-normal/arm64/HsToolKit-linker-args.resp -o /Users/j/Documents/GitHub/MoneroOne/build/Build/Products/Debug-iphonesimulator/HsToolKit.o

ExtractAppIntentsMetadata (in target 'HsToolKit' from project 'HsToolKit')
    cd /Users/j/Documents/GitHub/MoneroOne/build/SourcePackages/checkouts/HsToolKit.Swift
    /Applications/Xcode.app/Contents/Developer/Toolchains/XcodeDefault.xctoolchain/usr/bin/appintentsmetadataprocessor --toolchain-dir /Applications/Xcode.app/Contents/Developer/Toolchains/XcodeDefault.xctoolchain --module-name HsToolKit --sdk-root /Applications/Xcode.app/Contents/Developer/Platforms/iPhoneSimulator.platform/Developer/SDKs/iPhoneSimulator26.1.sdk --xcode-version 17B100 --platform-family iOS --deployment-target 13.0 --bundle-identifier hstoolkit.swift.HsToolKit --output /Users/j/Documents/GitHub/MoneroOne/build/Build/Products/Debug-iphonesimulator/HsToolKit.appintents --target-triple arm64-apple-ios13.0-simulator --binary-file /Users/j/Documents/GitHub/MoneroOne/build/Build/Products/Debug-iphonesimulator/HsToolKit.o --dependency-file /Users/j/Documents/GitHub/MoneroOne/build/Build/Intermediates.noindex/HsToolKit.build/Debug-iphonesimulator/HsToolKit.build/Objects-normal/arm64/HsToolKit_dependency_info.dat --stringsdata-file /Users/j/Documents/GitHub/MoneroOne/build/Build/Intermediates.noindex/HsToolKit.build/Debug-iphonesimulator/HsToolKit.build/Objects-normal/arm64/ExtractedAppShortcutsMetadata.stringsdata --source-file-list /Users/j/Documents/GitHub/MoneroOne/build/Build/Intermediates.noindex/HsToolKit.build/Debug-iphonesimulator/HsToolKit.build/Objects-normal/arm64/HsToolKit.SwiftFileList --metadata-file-list /Users/j/Documents/GitHub/MoneroOne/build/Build/Intermediates.noindex/HsToolKit.build/Debug-iphonesimulator/HsToolKit.build/HsToolKit.DependencyMetadataFileList --static-metadata-file-list /Users/j/Documents/GitHub/MoneroOne/build/Build/Intermediates.noindex/HsToolKit.build/Debug-iphonesimulator/HsToolKit.build/HsToolKit.DependencyStaticMetadataFileList --swift-const-vals-list /Users/j/Documents/GitHub/MoneroOne/build/Build/Intermediates.noindex/HsToolKit.build/Debug-iphonesimulator/HsToolKit.build/Objects-normal/arm64/HsToolKit.SwiftConstValuesFileList --force --compile-time-extraction --deployment-aware-processing --validate-assistant-intents --no-app-shortcuts-localization
2026-01-18 15:26:15.086 appintentsmetadataprocessor[4065:39111427] Starting appintentsmetadataprocessor export
2026-01-18 15:26:15.187 appintentsmetadataprocessor[4065:39111427] Extracted no relevant App Intents symbols, skipping writing output

SwiftDriverJobDiscovery normal arm64 Compiling MoneroCore.swift, MoneroCoreError.swift (in target 'MoneroKit' from project 'MoneroKit.swift')

SwiftDriver\ Compilation MoneroKit normal arm64 com.apple.xcode.tools.swift.compiler (in target 'MoneroKit' from project 'MoneroKit.swift')
    cd /Users/j/Documents/GitHub/MoneroOne/MoneroOne.xcodeproj
    builtin-Swift-Compilation -- /Applications/Xcode.app/Contents/Developer/Toolchains/XcodeDefault.xctoolchain/usr/bin/swiftc -module-name MoneroKit -Onone -enforce-exclusivity\=checked @/Users/j/Documents/GitHub/MoneroOne/build/Build/Intermediates.noindex/MoneroKit.swift.build/Debug-iphonesimulator/MoneroKit.build/Objects-normal/arm64/MoneroKit.SwiftFileList -DSWIFT_PACKAGE -DDEBUG -DSWIFT_MODULE_RESOURCE_BUNDLE_UNAVAILABLE -Xcc -fmodule-map-file\=/Users/j/Documents/GitHub/MoneroOne/build/SourcePackages/checkouts/GRDB.swift/Sources/CSQLite/module.modulemap -Xcc -fmodule-map-file\=/Users/j/Documents/GitHub/MoneroOne/build/Build/Intermediates.noindex/GeneratedModuleMaps-iphonesimulator/secp256k1_bindings.modulemap -Xcc -fmodule-map-file\=/Users/j/Documents/GitHub/MoneroOne/build/Build/Intermediates.noindex/GeneratedModuleMaps-iphonesimulator/HsCryptoKitC.modulemap -Xcc -fmodule-map-file\=/Users/j/Documents/GitHub/MoneroOne/build/Build/Intermediates.noindex/GeneratedModuleMaps-iphonesimulator/CNIOBoringSSLShims.modulemap -Xcc -fmodule-map-file\=/Users/j/Documents/GitHub/MoneroOne/build/Build/Intermediates.noindex/GeneratedModuleMaps-iphonesimulator/CNIOSHA1.modulemap -Xcc -fmodule-map-file\=/Users/j/Documents/GitHub/MoneroOne/build/Build/Intermediates.noindex/GeneratedModuleMaps-iphonesimulator/CNIOLLHTTP.modulemap -Xcc -fmodule-map-file\=/Users/j/Documents/GitHub/MoneroOne/build/Build/Intermediates.noindex/GeneratedModuleMaps-iphonesimulator/CNIOPosix.modulemap -Xcc -fmodule-map-file\=/Users/j/Documents/GitHub/MoneroOne/build/Build/Intermediates.noindex/GeneratedModuleMaps-iphonesimulator/CNIOWASI.modulemap -Xcc -fmodule-map-file\=/Users/j/Documents/GitHub/MoneroOne/build/Build/Intermediates.noindex/GeneratedModuleMaps-iphonesimulator/CNIOLinux.modulemap -Xcc -fmodule-map-file\=/Users/j/Documents/GitHub/MoneroOne/build/Build/Intermediates.noindex/GeneratedModuleMaps-iphonesimulator/CNIODarwin.modulemap -Xcc -fmodule-map-file\=/Users/j/Documents/GitHub/MoneroOne/build/Build/Intermediates.noindex/GeneratedModuleMaps-iphonesimulator/CNIOOpenBSD.modulemap -Xcc -fmodule-map-file\=/Users/j/Documents/GitHub/MoneroOne/build/Build/Intermediates.noindex/GeneratedModuleMaps-iphonesimulator/CNIOAtomics.modulemap -DXcode -plugin-path /Applications/Xcode.app/Contents/Developer/Toolchains/XcodeDefault.xctoolchain/usr/lib/swift/host/plugins/testing -enable-experimental-feature DebugDescriptionMacro -sdk /Applications/Xcode.app/Contents/Developer/Platforms/iPhoneSimulator.platform/Developer/SDKs/iPhoneSimulator26.1.sdk -target arm64-apple-ios15.0-simulator -g -module-cache-path /Users/j/Documents/GitHub/MoneroOne/build/ModuleCache.noindex -Xfrontend -serialize-debugging-options -enable-testing -index-store-path /Users/j/Documents/GitHub/MoneroOne/build/Index.noindex/DataStore -Xcc -D_LIBCPP_HARDENING_MODE\=_LIBCPP_HARDENING_MODE_DEBUG -swift-version 5 -I /Users/j/Documents/GitHub/MoneroOne/build/Build/Products/Debug-iphonesimulator -Isystem /Applications/Xcode.app/Contents/Developer/Platforms/iPhoneSimulator.platform/Developer/usr/lib -F /Users/j/Documents/GitHub/MoneroOne/build/Build/Products/Debug-iphonesimulator/PackageFrameworks -F /Users/j/Documents/GitHub/MoneroOne/build/Build/Products/Debug-iphonesimulator/PackageFrameworks -F /Users/j/Documents/GitHub/MoneroOne/build/Build/Products/Debug-iphonesimulator/PackageFrameworks -F /Users/j/Documents/GitHub/MoneroOne/build/Build/Products/Debug-iphonesimulator/PackageFrameworks -F /Users/j/Documents/GitHub/MoneroOne/build/Build/Products/Debug-iphonesimulator/PackageFrameworks -F /Users/j/Documents/GitHub/MoneroOne/build/Build/Products/Debug-iphonesimulator/PackageFrameworks -F /Users/j/Documents/GitHub/MoneroOne/build/Build/Products/Debug-iphonesimulator/PackageFrameworks -F /Users/j/Documents/GitHub/MoneroOne/build/Build/Products/Debug-iphonesimulator/PackageFrameworks -F /Users/j/Documents/GitHub/MoneroOne/build/Build/Products/Debug-iphonesimulator/PackageFrameworks -F /Users/j/Documents/GitHub/MoneroOne/build/Build/Products/Debug-iphonesimulator/PackageFrameworks -F /Users/j/Documents/GitHub/MoneroOne/build/Build/Products/Debug-iphonesimulator/PackageFrameworks -F /Users/j/Documents/GitHub/MoneroOne/build/Build/Products/Debug-iphonesimulator/PackageFrameworks -F /Users/j/Documents/GitHub/MoneroOne/build/Build/Products/Debug-iphonesimulator/PackageFrameworks -F /Users/j/Documents/GitHub/MoneroOne/build/Build/Products/Debug-iphonesimulator/PackageFrameworks -F /Users/j/Documents/GitHub/MoneroOne/build/Build/Products/Debug-iphonesimulator/PackageFrameworks -F /Users/j/Documents/GitHub/MoneroOne/build/Build/Products/Debug-iphonesimulator/PackageFrameworks -F /Users/j/Documents/GitHub/MoneroOne/build/Build/Products/Debug-iphonesimulator/PackageFrameworks -F /Users/j/Documents/GitHub/MoneroOne/build/Build/Products/Debug-iphonesimulator/PackageFrameworks -F /Users/j/Documents/GitHub/MoneroOne/build/Build/Products/Debug-iphonesimulator/PackageFrameworks -F /Users/j/Documents/GitHub/MoneroOne/build/Build/Products/Debug-iphonesimulator/PackageFrameworks -F /Users/j/Documents/GitHub/MoneroOne/build/Build/Products/Debug-iphonesimulator/PackageFrameworks -F /Users/j/Documents/GitHub/MoneroOne/build/Build/Products/Debug-iphonesimulator/PackageFrameworks -F /Users/j/Documents/GitHub/MoneroOne/build/Build/Products/Debug-iphonesimulator/PackageFrameworks -F /Users/j/Documents/GitHub/MoneroOne/build/Build/Products/Debug-iphonesimulator/PackageFrameworks -F /Users/j/Documents/GitHub/MoneroOne/build/Build/Products/Debug-iphonesimulator/PackageFrameworks -F /Users/j/Documents/GitHub/MoneroOne/build/Build/Products/Debug-iphonesimulator/PackageFrameworks -F /Users/j/Documents/GitHub/MoneroOne/build/Build/Products/Debug-iphonesimulator/PackageFrameworks -F /Users/j/Documents/GitHub/MoneroOne/build/Build/Products/Debug-iphonesimulator/PackageFrameworks -F /Users/j/Documents/GitHub/MoneroOne/build/Build/Products/Debug-iphonesimulator/PackageFrameworks -F /Users/j/Documents/GitHub/MoneroOne/build/Build/Products/Debug-iphonesimulator/PackageFrameworks -F /Users/j/Documents/GitHub/MoneroOne/build/Build/Products/Debug-iphonesimulator/PackageFrameworks -F /Users/j/Documents/GitHub/MoneroOne/build/Build/Products/Debug-iphonesimulator/PackageFrameworks -F /Users/j/Documents/GitHub/MoneroOne/build/Build/Products/Debug-iphonesimulator/PackageFrameworks -F /Users/j/Documents/GitHub/MoneroOne/build/Build/Products/Debug-iphonesimulator/PackageFrameworks -F /Users/j/Documents/GitHub/MoneroOne/build/Build/Products/Debug-iphonesimulator/PackageFrameworks -F /Users/j/Documents/GitHub/MoneroOne/build/Build/Products/Debug-iphonesimulator/PackageFrameworks -F /Users/j/Documents/GitHub/MoneroOne/build/Build/Products/Debug-iphonesimulator/PackageFrameworks -F /Users/j/Documents/GitHub/MoneroOne/build/Build/Products/Debug-iphonesimulator/PackageFrameworks -F /Users/j/Documents/GitHub/MoneroOne/build/Build/Products/Debug-iphonesimulator/PackageFrameworks -F /Users/j/Documents/GitHub/MoneroOne/build/Build/Products/Debug-iphonesimulator/PackageFrameworks -F /Users/j/Documents/GitHub/MoneroOne/build/Build/Products/Debug-iphonesimulator/PackageFrameworks -F /Users/j/Documents/GitHub/MoneroOne/build/Build/Products/Debug-iphonesimulator/PackageFrameworks -F /Users/j/Documents/GitHub/MoneroOne/build/Build/Products/Debug-iphonesimulator/PackageFrameworks -F /Users/j/Documents/GitHub/MoneroOne/build/Build/Products/Debug-iphonesimulator/PackageFrameworks -F /Users/j/Documents/GitHub/MoneroOne/build/Build/Products/Debug-iphonesimulator -F /Applications/Xcode.app/Contents/Developer/Platforms/iPhoneSimulator.platform/Developer/Library/Frameworks -F /Applications/Xcode.app/Contents/Developer/Platforms/iPhoneSimulator.platform/Developer/SDKs/iPhoneSimulator26.1.sdk/Developer/Library/Frameworks -c -j12 -enable-batch-mode -incremental -Xcc -ivfsstatcache -Xcc /Users/j/Documents/GitHub/MoneroOne/build/SDKStatCaches.noindex/iphonesimulator26.1-23B77-90cf18a4295e390e64c810bc6bd7acbc.sdkstatcache -output-file-map /Users/j/Documents/GitHub/MoneroOne/build/Build/Intermediates.noindex/MoneroKit.swift.build/Debug-iphonesimulator/MoneroKit.build/Objects-normal/arm64/MoneroKit-OutputFileMap.json -use-frontend-parseable-output -save-temps -no-color-diagnostics -explicit-module-build -module-cache-path /Users/j/Documents/GitHub/MoneroOne/build/Build/Intermediates.noindex/SwiftExplicitPrecompiledModules -clang-scanner-module-cache-path /Users/j/Documents/GitHub/MoneroOne/build/ModuleCache.noindex -sdk-module-cache-path /Users/j/Documents/GitHub/MoneroOne/build/ModuleCache.noindex -serialize-diagnostics -emit-dependencies -emit-module -emit-module-path /Users/j/Documents/GitHub/MoneroOne/build/Build/Intermediates.noindex/MoneroKit.swift.build/Debug-iphonesimulator/MoneroKit.build/Objects-normal/arm64/MoneroKit.swiftmodule -validate-clang-modules-once -clang-build-session-file /Users/j/Documents/GitHub/MoneroOne/build/ModuleCache.noindex/Session.modulevalidation -Xcc -I/Users/j/Documents/GitHub/MoneroOne/build/Build/Intermediates.noindex/MoneroKit.swift.build/Debug-iphonesimulator/MoneroKit.build/swift-overrides.hmap -emit-const-values -Xfrontend -const-gather-protocols-file -Xfrontend /Users/j/Documents/GitHub/MoneroOne/build/Build/Intermediates.noindex/MoneroKit.swift.build/Debug-iphonesimulator/MoneroKit.build/Objects-normal/arm64/MoneroKit_const_extract_protocols.json -Xcc -I/Users/j/Documents/GitHub/MoneroOne/build/SourcePackages/checkouts/swift-crypto/Sources/CCryptoBoringSSLShims/include -Xcc -I/Users/j/Documents/GitHub/MoneroOne/build/SourcePackages/checkouts/swift-crypto/Sources/CCryptoBoringSSL/include -Xcc -I/Users/j/Documents/GitHub/MoneroOne/build/SourcePackages/checkouts/secp256k1.swift/Sources/secp256k1_bindings/include -Xcc -I/Users/j/Documents/GitHub/MoneroOne/build/SourcePackages/checkouts/HsCryptoKit.Swift/Sources/HsCryptoKitC/include -Xcc -I/Users/j/Documents/GitHub/MoneroOne/build/SourcePackages/checkouts/swift-nio-ssl/Sources/CNIOBoringSSLShims/include -Xcc -I/Users/j/Documents/GitHub/MoneroOne/build/SourcePackages/checkouts/swift-nio-ssl/Sources/CNIOBoringSSL/include -Xcc -I/Users/j/Documents/GitHub/MoneroOne/build/SourcePackages/checkouts/swift-nio/Sources/CNIOSHA1/include -Xcc -I/Users/j/Documents/GitHub/MoneroOne/build/SourcePackages/checkouts/swift-nio/Sources/CNIOLLHTTP/include -Xcc -I/Users/j/Documents/GitHub/MoneroOne/build/SourcePackages/checkouts/swift-atomics/Sources/_AtomicsShims/include -Xcc -I/Users/j/Documents/GitHub/MoneroOne/build/SourcePackages/checkouts/swift-nio/Sources/CNIOPosix/include -Xcc -I/Users/j/Documents/GitHub/MoneroOne/build/SourcePackages/checkouts/swift-nio/Sources/CNIOWASI/include -Xcc -I/Users/j/Documents/GitHub/MoneroOne/build/SourcePackages/checkouts/swift-nio/Sources/CNIOWindows/include -Xcc -I/Users/j/Documents/GitHub/MoneroOne/build/SourcePackages/checkouts/swift-nio/Sources/CNIOLinux/include -Xcc -I/Users/j/Documents/GitHub/MoneroOne/build/SourcePackages/checkouts/swift-nio/Sources/CNIODarwin/include -Xcc -I/Users/j/Documents/GitHub/MoneroOne/build/SourcePackages/checkouts/swift-nio/Sources/CNIOOpenBSD/include -Xcc -I/Users/j/Documents/GitHub/MoneroOne/build/SourcePackages/checkouts/swift-nio/Sources/CNIOAtomics/include -Xcc -I/Users/j/Documents/GitHub/MoneroKit.Swift/Sources/CMonero/include -Xcc -I/Users/j/Documents/GitHub/MoneroOne/build/Build/Products/Debug-iphonesimulator/include -Xcc -I/Users/j/Documents/GitHub/MoneroOne/build/Build/Intermediates.noindex/MoneroKit.swift.build/Debug-iphonesimulator/MoneroKit.build/DerivedSources-normal/arm64 -Xcc -I/Users/j/Documents/GitHub/MoneroOne/build/Build/Intermediates.noindex/MoneroKit.swift.build/Debug-iphonesimulator/MoneroKit.build/DerivedSources/arm64 -Xcc -I/Users/j/Documents/GitHub/MoneroOne/build/Build/Intermediates.noindex/MoneroKit.swift.build/Debug-iphonesimulator/MoneroKit.build/DerivedSources -Xcc -DSWIFT_PACKAGE -Xcc -DDEBUG\=1 -emit-objc-header -emit-objc-header-path /Users/j/Documents/GitHub/MoneroOne/build/Build/Intermediates.noindex/MoneroKit.swift.build/Debug-iphonesimulator/MoneroKit.build/Objects-normal/arm64/MoneroKit-Swift.h -working-directory /Users/j/Documents/GitHub/MoneroOne/MoneroOne.xcodeproj -experimental-emit-module-separately -disable-cmo

RegisterExecutionPolicyException /Users/j/Documents/GitHub/MoneroOne/build/Build/Products/Debug-iphonesimulator/HsToolKit.o (in target 'HsToolKit' from project 'HsToolKit')
    cd /Users/j/Documents/GitHub/MoneroOne/build/SourcePackages/checkouts/HsToolKit.Swift
    builtin-RegisterExecutionPolicyException /Users/j/Documents/GitHub/MoneroOne/build/Build/Products/Debug-iphonesimulator/HsToolKit.o

Ld /Users/j/Documents/GitHub/MoneroOne/build/Build/Products/Debug-iphonesimulator/MoneroKit.o normal (in target 'MoneroKit' from project 'MoneroKit.swift')
    cd /Users/j/Documents/GitHub/MoneroKit.Swift
    /Applications/Xcode.app/Contents/Developer/Toolchains/XcodeDefault.xctoolchain/usr/bin/clang -Xlinker -reproducible -target arm64-apple-ios15.0-simulator -r -isysroot /Applications/Xcode.app/Contents/Developer/Platforms/iPhoneSimulator.platform/Developer/SDKs/iPhoneSimulator26.1.sdk -O0 -L/Users/j/Documents/GitHub/MoneroOne/build/Build/Intermediates.noindex/EagerLinkingTBDs/Debug-iphonesimulator -L/Users/j/Documents/GitHub/MoneroOne/build/Build/Products/Debug-iphonesimulator -L/Applications/Xcode.app/Contents/Developer/Platforms/iPhoneSimulator.platform/Developer/usr/lib -F/Users/j/Documents/GitHub/MoneroOne/build/Build/Intermediates.noindex/EagerLinkingTBDs/Debug-iphonesimulator -F/Users/j/Documents/GitHub/MoneroOne/build/Build/Products/Debug-iphonesimulator/PackageFrameworks -F/Users/j/Documents/GitHub/MoneroOne/build/Build/Products/Debug-iphonesimulator/PackageFrameworks -F/Users/j/Documents/GitHub/MoneroOne/build/Build/Products/Debug-iphonesimulator/PackageFrameworks -F/Users/j/Documents/GitHub/MoneroOne/build/Build/Products/Debug-iphonesimulator/PackageFrameworks -F/Users/j/Documents/GitHub/MoneroOne/build/Build/Products/Debug-iphonesimulator/PackageFrameworks -F/Users/j/Documents/GitHub/MoneroOne/build/Build/Products/Debug-iphonesimulator/PackageFrameworks -F/Users/j/Documents/GitHub/MoneroOne/build/Build/Products/Debug-iphonesimulator/PackageFrameworks -F/Users/j/Documents/GitHub/MoneroOne/build/Build/Products/Debug-iphonesimulator/PackageFrameworks -F/Users/j/Documents/GitHub/MoneroOne/build/Build/Products/Debug-iphonesimulator/PackageFrameworks -F/Users/j/Documents/GitHub/MoneroOne/build/Build/Products/Debug-iphonesimulator/PackageFrameworks -F/Users/j/Documents/GitHub/MoneroOne/build/Build/Products/Debug-iphonesimulator/PackageFrameworks -F/Users/j/Documents/GitHub/MoneroOne/build/Build/Products/Debug-iphonesimulator/PackageFrameworks -F/Users/j/Documents/GitHub/MoneroOne/build/Build/Products/Debug-iphonesimulator/PackageFrameworks -F/Users/j/Documents/GitHub/MoneroOne/build/Build/Products/Debug-iphonesimulator/PackageFrameworks -F/Users/j/Documents/GitHub/MoneroOne/build/Build/Products/Debug-iphonesimulator/PackageFrameworks -F/Users/j/Documents/GitHub/MoneroOne/build/Build/Products/Debug-iphonesimulator/PackageFrameworks -F/Users/j/Documents/GitHub/MoneroOne/build/Build/Products/Debug-iphonesimulator/PackageFrameworks -F/Users/j/Documents/GitHub/MoneroOne/build/Build/Products/Debug-iphonesimulator/PackageFrameworks -F/Users/j/Documents/GitHub/MoneroOne/build/Build/Products/Debug-iphonesimulator/PackageFrameworks -F/Users/j/Documents/GitHub/MoneroOne/build/Build/Products/Debug-iphonesimulator/PackageFrameworks -F/Users/j/Documents/GitHub/MoneroOne/build/Build/Products/Debug-iphonesimulator/PackageFrameworks -F/Users/j/Documents/GitHub/MoneroOne/build/Build/Products/Debug-iphonesimulator/PackageFrameworks -F/Users/j/Documents/GitHub/MoneroOne/build/Build/Products/Debug-iphonesimulator/PackageFrameworks -F/Users/j/Documents/GitHub/MoneroOne/build/Build/Products/Debug-iphonesimulator/PackageFrameworks -F/Users/j/Documents/GitHub/MoneroOne/build/Build/Products/Debug-iphonesimulator/PackageFrameworks -F/Users/j/Documents/GitHub/MoneroOne/build/Build/Products/Debug-iphonesimulator/PackageFrameworks -F/Users/j/Documents/GitHub/MoneroOne/build/Build/Products/Debug-iphonesimulator/PackageFrameworks -F/Users/j/Documents/GitHub/MoneroOne/build/Build/Products/Debug-iphonesimulator/PackageFrameworks -F/Users/j/Documents/GitHub/MoneroOne/build/Build/Products/Debug-iphonesimulator/PackageFrameworks -F/Users/j/Documents/GitHub/MoneroOne/build/Build/Products/Debug-iphonesimulator/PackageFrameworks -F/Users/j/Documents/GitHub/MoneroOne/build/Build/Products/Debug-iphonesimulator/PackageFrameworks -F/Users/j/Documents/GitHub/MoneroOne/build/Build/Products/Debug-iphonesimulator/PackageFrameworks -F/Users/j/Documents/GitHub/MoneroOne/build/Build/Products/Debug-iphonesimulator/PackageFrameworks -F/Users/j/Documents/GitHub/MoneroOne/build/Build/Products/Debug-iphonesimulator/PackageFrameworks -F/Users/j/Documents/GitHub/MoneroOne/build/Build/Products/Debug-iphonesimulator/PackageFrameworks -F/Users/j/Documents/GitHub/MoneroOne/build/Build/Products/Debug-iphonesimulator/PackageFrameworks -F/Users/j/Documents/GitHub/MoneroOne/build/Build/Products/Debug-iphonesimulator/PackageFrameworks -F/Users/j/Documents/GitHub/MoneroOne/build/Build/Products/Debug-iphonesimulator/PackageFrameworks -F/Users/j/Documents/GitHub/MoneroOne/build/Build/Products/Debug-iphonesimulator/PackageFrameworks -F/Users/j/Documents/GitHub/MoneroOne/build/Build/Products/Debug-iphonesimulator/PackageFrameworks -F/Users/j/Documents/GitHub/MoneroOne/build/Build/Products/Debug-iphonesimulator/PackageFrameworks -F/Users/j/Documents/GitHub/MoneroOne/build/Build/Products/Debug-iphonesimulator/PackageFrameworks -F/Users/j/Documents/GitHub/MoneroOne/build/Build/Products/Debug-iphonesimulator/PackageFrameworks -F/Users/j/Documents/GitHub/MoneroOne/build/Build/Products/Debug-iphonesimulator/PackageFrameworks -F/Users/j/Documents/GitHub/MoneroOne/build/Build/Products/Debug-iphonesimulator -iframework /Applications/Xcode.app/Contents/Developer/Platforms/iPhoneSimulator.platform/Developer/Library/Frameworks -iframework /Applications/Xcode.app/Contents/Developer/Platforms/iPhoneSimulator.platform/Developer/SDKs/iPhoneSimulator26.1.sdk/Developer/Library/Frameworks -filelist /Users/j/Documents/GitHub/MoneroOne/build/Build/Intermediates.noindex/MoneroKit.swift.build/Debug-iphonesimulator/MoneroKit.build/Objects-normal/arm64/MoneroKit.LinkFileList -nostdlib -Xlinker -object_path_lto -Xlinker /Users/j/Documents/GitHub/MoneroOne/build/Build/Intermediates.noindex/MoneroKit.swift.build/Debug-iphonesimulator/MoneroKit.build/Objects-normal/arm64/MoneroKit_lto.o -rdynamic -Xlinker -no_deduplicate -Xlinker -objc_abi_version -Xlinker 2 -Xlinker -dependency_info -Xlinker /Users/j/Documents/GitHub/MoneroOne/build/Build/Intermediates.noindex/MoneroKit.swift.build/Debug-iphonesimulator/MoneroKit.build/Objects-normal/arm64/MoneroKit_dependency_info.dat -fobjc-link-runtime -L/Applications/Xcode.app/Contents/Developer/Toolchains/XcodeDefault.xctoolchain/usr/lib/swift/iphonesimulator -L/usr/lib/swift -Xlinker -add_ast_path -Xlinker /Users/j/Documents/GitHub/MoneroOne/build/Build/Intermediates.noindex/MoneroKit.swift.build/Debug-iphonesimulator/MoneroKit.build/Objects-normal/arm64/MoneroKit.swiftmodule @/Users/j/Documents/GitHub/MoneroOne/build/Build/Intermediates.noindex/MoneroKit.swift.build/Debug-iphonesimulator/MoneroKit.build/Objects-normal/arm64/MoneroKit-linker-args.resp -o /Users/j/Documents/GitHub/MoneroOne/build/Build/Products/Debug-iphonesimulator/MoneroKit.o

ExtractAppIntentsMetadata (in target 'MoneroKit' from project 'MoneroKit.swift')
    cd /Users/j/Documents/GitHub/MoneroKit.Swift
    /Applications/Xcode.app/Contents/Developer/Toolchains/XcodeDefault.xctoolchain/usr/bin/appintentsmetadataprocessor --toolchain-dir /Applications/Xcode.app/Contents/Developer/Toolchains/XcodeDefault.xctoolchain --module-name MoneroKit --sdk-root /Applications/Xcode.app/Contents/Developer/Platforms/iPhoneSimulator.platform/Developer/SDKs/iPhoneSimulator26.1.sdk --xcode-version 17B100 --platform-family iOS --deployment-target 15.0 --bundle-identifier monerokit.swift.MoneroKit --output /Users/j/Documents/GitHub/MoneroOne/build/Build/Products/Debug-iphonesimulator/MoneroKit.appintents --target-triple arm64-apple-ios15.0-simulator --binary-file /Users/j/Documents/GitHub/MoneroOne/build/Build/Products/Debug-iphonesimulator/MoneroKit.o --dependency-file /Users/j/Documents/GitHub/MoneroOne/build/Build/Intermediates.noindex/MoneroKit.swift.build/Debug-iphonesimulator/MoneroKit.build/Objects-normal/arm64/MoneroKit_dependency_info.dat --stringsdata-file /Users/j/Documents/GitHub/MoneroOne/build/Build/Intermediates.noindex/MoneroKit.swift.build/Debug-iphonesimulator/MoneroKit.build/Objects-normal/arm64/ExtractedAppShortcutsMetadata.stringsdata --source-file-list /Users/j/Documents/GitHub/MoneroOne/build/Build/Intermediates.noindex/MoneroKit.swift.build/Debug-iphonesimulator/MoneroKit.build/Objects-normal/arm64/MoneroKit.SwiftFileList --metadata-file-list /Users/j/Documents/GitHub/MoneroOne/build/Build/Intermediates.noindex/MoneroKit.swift.build/Debug-iphonesimulator/MoneroKit.build/MoneroKit.DependencyMetadataFileList --static-metadata-file-list /Users/j/Documents/GitHub/MoneroOne/build/Build/Intermediates.noindex/MoneroKit.swift.build/Debug-iphonesimulator/MoneroKit.build/MoneroKit.DependencyStaticMetadataFileList --swift-const-vals-list /Users/j/Documents/GitHub/MoneroOne/build/Build/Intermediates.noindex/MoneroKit.swift.build/Debug-iphonesimulator/MoneroKit.build/Objects-normal/arm64/MoneroKit.SwiftConstValuesFileList --force --compile-time-extraction --deployment-aware-processing --validate-assistant-intents --no-app-shortcuts-localization
2026-01-18 15:26:15.283 appintentsmetadataprocessor[4068:39111528] Starting appintentsmetadataprocessor export
2026-01-18 15:26:15.374 appintentsmetadataprocessor[4068:39111528] Extracted no relevant App Intents symbols, skipping writing output

RegisterExecutionPolicyException /Users/j/Documents/GitHub/MoneroOne/build/Build/Products/Debug-iphonesimulator/MoneroKit.o (in target 'MoneroKit' from project 'MoneroKit.swift')
    cd /Users/j/Documents/GitHub/MoneroKit.Swift
    builtin-RegisterExecutionPolicyException /Users/j/Documents/GitHub/MoneroOne/build/Build/Products/Debug-iphonesimulator/MoneroKit.o

CpResource /Users/j/Documents/GitHub/MoneroOne/build/Build/Products/Debug-iphonesimulator/MoneroOne.app/icon.json /Users/j/Documents/GitHub/MoneroOne/MoneroOne/monero-one.icon/icon.json (in target 'MoneroOne' from project 'MoneroOne')
    cd /Users/j/Documents/GitHub/MoneroOne
    builtin-copy -exclude .DS_Store -exclude CVS -exclude .svn -exclude .git -exclude .hg -resolve-src-symlinks /Users/j/Documents/GitHub/MoneroOne/MoneroOne/monero-one.icon/icon.json /Users/j/Documents/GitHub/MoneroOne/build/Build/Products/Debug-iphonesimulator/MoneroOne.app

CopyPNGFile /Users/j/Documents/GitHub/MoneroOne/build/Build/Products/Debug-iphonesimulator/MoneroOne.app/monero-correct.png /Users/j/Documents/GitHub/MoneroOne/MoneroOne/monero-one.icon/Assets/monero-correct.png (in target 'MoneroOne' from project 'MoneroOne')
    cd /Users/j/Documents/GitHub/MoneroOne
    /Applications/Xcode.app/Contents/Developer/usr/bin/copypng -compress -strip-PNG-text /Users/j/Documents/GitHub/MoneroOne/MoneroOne/monero-one.icon/Assets/monero-correct.png /Users/j/Documents/GitHub/MoneroOne/build/Build/Products/Debug-iphonesimulator/MoneroOne.app/monero-correct.png

Copy /Users/j/Documents/GitHub/MoneroOne/build/Build/Products/Debug-iphonesimulator/MoneroOne.app/swift-nio_NIOPosix.bundle /Users/j/Documents/GitHub/MoneroOne/build/Build/Products/Debug-iphonesimulator/swift-nio_NIOPosix.bundle (in target 'MoneroOne' from project 'MoneroOne')
    cd /Users/j/Documents/GitHub/MoneroOne
    builtin-copy -exclude .DS_Store -exclude CVS -exclude .svn -exclude .git -exclude .hg -resolve-src-symlinks /Users/j/Documents/GitHub/MoneroOne/build/Build/Products/Debug-iphonesimulator/swift-nio_NIOPosix.bundle /Users/j/Documents/GitHub/MoneroOne/build/Build/Products/Debug-iphonesimulator/MoneroOne.app

Copy /Users/j/Documents/GitHub/MoneroOne/build/Build/Products/Debug-iphonesimulator/MoneroOne.app/GRDB_GRDB.bundle /Users/j/Documents/GitHub/MoneroOne/build/Build/Products/Debug-iphonesimulator/GRDB_GRDB.bundle (in target 'MoneroOne' from project 'MoneroOne')
    cd /Users/j/Documents/GitHub/MoneroOne
    builtin-copy -exclude .DS_Store -exclude CVS -exclude .svn -exclude .git -exclude .hg -resolve-src-symlinks /Users/j/Documents/GitHub/MoneroOne/build/Build/Products/Debug-iphonesimulator/GRDB_GRDB.bundle /Users/j/Documents/GitHub/MoneroOne/build/Build/Products/Debug-iphonesimulator/MoneroOne.app

Copy /Users/j/Documents/GitHub/MoneroOne/build/Build/Products/Debug-iphonesimulator/MoneroOne.app/swift-nio-ssl_NIOSSL.bundle /Users/j/Documents/GitHub/MoneroOne/build/Build/Products/Debug-iphonesimulator/swift-nio-ssl_NIOSSL.bundle (in target 'MoneroOne' from project 'MoneroOne')
    cd /Users/j/Documents/GitHub/MoneroOne
    builtin-copy -exclude .DS_Store -exclude CVS -exclude .svn -exclude .git -exclude .hg -resolve-src-symlinks /Users/j/Documents/GitHub/MoneroOne/build/Build/Products/Debug-iphonesimulator/swift-nio-ssl_NIOSSL.bundle /Users/j/Documents/GitHub/MoneroOne/build/Build/Products/Debug-iphonesimulator/MoneroOne.app

Copy /Users/j/Documents/GitHub/MoneroOne/build/Build/Products/Debug-iphonesimulator/MoneroOne.app/Alamofire_Alamofire.bundle /Users/j/Documents/GitHub/MoneroOne/build/Build/Products/Debug-iphonesimulator/Alamofire_Alamofire.bundle (in target 'MoneroOne' from project 'MoneroOne')
    cd /Users/j/Documents/GitHub/MoneroOne
    builtin-copy -exclude .DS_Store -exclude CVS -exclude .svn -exclude .git -exclude .hg -resolve-src-symlinks /Users/j/Documents/GitHub/MoneroOne/build/Build/Products/Debug-iphonesimulator/Alamofire_Alamofire.bundle /Users/j/Documents/GitHub/MoneroOne/build/Build/Products/Debug-iphonesimulator/MoneroOne.app

Ld /Users/j/Documents/GitHub/MoneroOne/build/Build/Products/Debug-iphonesimulator/MoneroOne.app/__preview.dylib normal (in target 'MoneroOne' from project 'MoneroOne')
    cd /Users/j/Documents/GitHub/MoneroOne
    /Applications/Xcode.app/Contents/Developer/Toolchains/XcodeDefault.xctoolchain/usr/bin/clang -Xlinker -reproducible -target arm64-apple-ios26.0-simulator -dynamiclib -isysroot /Applications/Xcode.app/Contents/Developer/Platforms/iPhoneSimulator.platform/Developer/SDKs/iPhoneSimulator26.1.sdk -O0 -L/Users/j/Documents/GitHub/MoneroOne/build/Build/Products/Debug-iphonesimulator -F/Users/j/Documents/GitHub/MoneroOne/build/Build/Products/Debug-iphonesimulator/PackageFrameworks -F/Users/j/Documents/GitHub/MoneroOne/build/Build/Products/Debug-iphonesimulator/PackageFrameworks -F/Users/j/Documents/GitHub/MoneroOne/build/Build/Products/Debug-iphonesimulator/PackageFrameworks -F/Users/j/Documents/GitHub/MoneroOne/build/Build/Products/Debug-iphonesimulator/PackageFrameworks -F/Users/j/Documents/GitHub/MoneroOne/build/Build/Products/Debug-iphonesimulator/PackageFrameworks -F/Users/j/Documents/GitHub/MoneroOne/build/Build/Products/Debug-iphonesimulator/PackageFrameworks -F/Users/j/Documents/GitHub/MoneroOne/build/Build/Products/Debug-iphonesimulator/PackageFrameworks -F/Users/j/Documents/GitHub/MoneroOne/build/Build/Products/Debug-iphonesimulator/PackageFrameworks -F/Users/j/Documents/GitHub/MoneroOne/build/Build/Products/Debug-iphonesimulator/PackageFrameworks -F/Users/j/Documents/GitHub/MoneroOne/build/Build/Products/Debug-iphonesimulator/PackageFrameworks -F/Users/j/Documents/GitHub/MoneroOne/build/Build/Products/Debug-iphonesimulator/PackageFrameworks -F/Users/j/Documents/GitHub/MoneroOne/build/Build/Products/Debug-iphonesimulator/PackageFrameworks -F/Users/j/Documents/GitHub/MoneroOne/build/Build/Products/Debug-iphonesimulator/PackageFrameworks -F/Users/j/Documents/GitHub/MoneroOne/build/Build/Products/Debug-iphonesimulator/PackageFrameworks -F/Users/j/Documents/GitHub/MoneroOne/build/Build/Products/Debug-iphonesimulator/PackageFrameworks -F/Users/j/Documents/GitHub/MoneroOne/build/Build/Products/Debug-iphonesimulator/PackageFrameworks -F/Users/j/Documents/GitHub/MoneroOne/build/Build/Products/Debug-iphonesimulator/PackageFrameworks -F/Users/j/Documents/GitHub/MoneroOne/build/Build/Products/Debug-iphonesimulator/PackageFrameworks -F/Users/j/Documents/GitHub/MoneroOne/build/Build/Products/Debug-iphonesimulator/PackageFrameworks -F/Users/j/Documents/GitHub/MoneroOne/build/Build/Products/Debug-iphonesimulator/PackageFrameworks -F/Users/j/Documents/GitHub/MoneroOne/build/Build/Products/Debug-iphonesimulator/PackageFrameworks -F/Users/j/Documents/GitHub/MoneroOne/build/Build/Products/Debug-iphonesimulator/PackageFrameworks -F/Users/j/Documents/GitHub/MoneroOne/build/Build/Products/Debug-iphonesimulator/PackageFrameworks -F/Users/j/Documents/GitHub/MoneroOne/build/Build/Products/Debug-iphonesimulator/PackageFrameworks -F/Users/j/Documents/GitHub/MoneroOne/build/Build/Products/Debug-iphonesimulator/PackageFrameworks -F/Users/j/Documents/GitHub/MoneroOne/build/Build/Products/Debug-iphonesimulator/PackageFrameworks -F/Users/j/Documents/GitHub/MoneroOne/build/Build/Products/Debug-iphonesimulator/PackageFrameworks -F/Users/j/Documents/GitHub/MoneroOne/build/Build/Products/Debug-iphonesimulator/PackageFrameworks -F/Users/j/Documents/GitHub/MoneroOne/build/Build/Products/Debug-iphonesimulator/PackageFrameworks -F/Users/j/Documents/GitHub/MoneroOne/build/Build/Products/Debug-iphonesimulator/PackageFrameworks -F/Users/j/Documents/GitHub/MoneroOne/build/Build/Products/Debug-iphonesimulator/PackageFrameworks -F/Users/j/Documents/GitHub/MoneroOne/build/Build/Products/Debug-iphonesimulator/PackageFrameworks -F/Users/j/Documents/GitHub/MoneroOne/build/Build/Products/Debug-iphonesimulator/PackageFrameworks -F/Users/j/Documents/GitHub/MoneroOne/build/Build/Products/Debug-iphonesimulator/PackageFrameworks -F/Users/j/Documents/GitHub/MoneroOne/build/Build/Products/Debug-iphonesimulator/PackageFrameworks -F/Users/j/Documents/GitHub/MoneroOne/build/Build/Products/Debug-iphonesimulator/PackageFrameworks -F/Users/j/Documents/GitHub/MoneroOne/build/Build/Products/Debug-iphonesimulator/PackageFrameworks -F/Users/j/Documents/GitHub/MoneroOne/build/Build/Products/Debug-iphonesimulator/PackageFrameworks -F/Users/j/Documents/GitHub/MoneroOne/build/Build/Products/Debug-iphonesimulator/PackageFrameworks -F/Users/j/Documents/GitHub/MoneroOne/build/Build/Products/Debug-iphonesimulator/PackageFrameworks -F/Users/j/Documents/GitHub/MoneroOne/build/Build/Products/Debug-iphonesimulator/PackageFrameworks -F/Users/j/Documents/GitHub/MoneroOne/build/Build/Products/Debug-iphonesimulator/PackageFrameworks -F/Users/j/Documents/GitHub/MoneroOne/build/Build/Products/Debug-iphonesimulator/PackageFrameworks -F/Users/j/Documents/GitHub/MoneroOne/build/Build/Products/Debug-iphonesimulator/PackageFrameworks -F/Users/j/Documents/GitHub/MoneroOne/build/Build/Products/Debug-iphonesimulator/PackageFrameworks -F/Users/j/Documents/GitHub/MoneroOne/build/Build/Products/Debug-iphonesimulator -install_name @rpath/MoneroOne.debug.dylib -dead_strip -rdynamic -Xlinker -no_deduplicate -Xlinker -objc_abi_version -Xlinker 2 -Xlinker -dependency_info -Xlinker /Users/j/Documents/GitHub/MoneroOne/build/Build/Intermediates.noindex/MoneroOne.build/Debug-iphonesimulator/MoneroOne.build/Objects-normal/arm64/MoneroOne_dependency_info.dat -Xlinker -sectcreate -Xlinker __TEXT -Xlinker __entitlements -Xlinker /Users/j/Documents/GitHub/MoneroOne/build/Build/Intermediates.noindex/MoneroOne.build/Debug-iphonesimulator/MoneroOne.build/MoneroOne.app-Simulated.xcent -Xlinker -sectcreate -Xlinker __TEXT -Xlinker __ents_der -Xlinker /Users/j/Documents/GitHub/MoneroOne/build/Build/Intermediates.noindex/MoneroOne.build/Debug-iphonesimulator/MoneroOne.build/MoneroOne.app-Simulated.xcent.der -Xlinker -no_adhoc_codesign -o /Users/j/Documents/GitHub/MoneroOne/build/Build/Products/Debug-iphonesimulator/MoneroOne.app/__preview.dylib

SwiftExplicitDependencyGeneratePcm arm64 /Users/j/Documents/GitHub/MoneroOne/build/ModuleCache.noindex/_Builtin_float-4GGZ62DL8ZNR3JQTOIWLMTVHI.pcm

SwiftExplicitDependencyGeneratePcm arm64 /Users/j/Documents/GitHub/MoneroOne/build/Build/Intermediates.noindex/SwiftExplicitPrecompiledModules/CNIOOpenBSD-76J68F00UAR697WMC7G0IQEZR.pcm

SwiftExplicitDependencyGeneratePcm arm64 /Users/j/Documents/GitHub/MoneroOne/build/Build/Intermediates.noindex/SwiftExplicitPrecompiledModules/CNIOLinux-CCB0FJME8P3CF2N3UTEERC8SR.pcm

SwiftExplicitDependencyGeneratePcm arm64 /Users/j/Documents/GitHub/MoneroOne/build/ModuleCache.noindex/ptrcheck-7GXBEARCBQB07T8QJ6I18LJP0.pcm

SwiftExplicitDependencyGeneratePcm arm64 /Users/j/Documents/GitHub/MoneroOne/build/ModuleCache.noindex/_Builtin_stdarg-4Z48Z0KH76OPGOV9URNRECB6L.pcm

SwiftExplicitDependencyGeneratePcm arm64 /Users/j/Documents/GitHub/MoneroOne/build/ModuleCache.noindex/ptrauth-D2OLOL8Z6SSKG62WX2NYYHATR.pcm

SwiftExplicitDependencyGeneratePcm arm64 /Users/j/Documents/GitHub/MoneroOne/build/ModuleCache.noindex/SwiftShims-4A3QOAQAQONZ01W4D77QL01KQ.pcm

SwiftExplicitDependencyGeneratePcm arm64 /Users/j/Documents/GitHub/MoneroOne/build/ModuleCache.noindex/_SwiftConcurrencyShims-6P8XP8YC81HKNHQ31KH34RD4K.pcm

SwiftExplicitDependencyGeneratePcm arm64 /Users/j/Documents/GitHub/MoneroOne/build/ModuleCache.noindex/DeveloperToolsSupport-13XRD7HD0URMZBHHQ70U21Y2K.pcm

SwiftExplicitDependencyGeneratePcm arm64 /Users/j/Documents/GitHub/MoneroOne/build/ModuleCache.noindex/_Builtin_stddef-EQKB4OWQ3BCEMA1JOANGST9OE.pcm

SwiftExplicitDependencyGeneratePcm arm64 /Users/j/Documents/GitHub/MoneroOne/build/Build/Intermediates.noindex/SwiftExplicitPrecompiledModules/CNIOWindows-B7T7B4PU9WUIJFQ9QSM9XUUL.pcm

SwiftExplicitDependencyGeneratePcm arm64 /Users/j/Documents/GitHub/MoneroOne/build/ModuleCache.noindex/ActivityKit-8NO62L5DW5GD19UNLROJAVRCG.pcm

SwiftExplicitDependencyGeneratePcm arm64 /Users/j/Documents/GitHub/MoneroOne/build/ModuleCache.noindex/_AvailabilityInternal-1DDRX6T0QAAMLZDP73KVXHGZV.pcm

SwiftExplicitDependencyGeneratePcm arm64 /Users/j/Documents/GitHub/MoneroOne/build/ModuleCache.noindex/_Builtin_stdbool-E7FMLNW094F5KTZZ7MGDHVESY.pcm

SwiftExplicitDependencyGeneratePcm arm64 /Users/j/Documents/GitHub/MoneroOne/build/Build/Intermediates.noindex/SwiftExplicitPrecompiledModules/secp256k1_bindings-A6LH1OMXBB0H8XUVGO81JGDMZ.pcm

SwiftExplicitDependencyGeneratePcm arm64 /Users/j/Documents/GitHub/MoneroOne/build/ModuleCache.noindex/_DarwinFoundation1-IRE6TUXTBAGTBY5KLDROQ4LA.pcm

SwiftExplicitDependencyGeneratePcm arm64 /Users/j/Documents/GitHub/MoneroOne/build/ModuleCache.noindex/_Builtin_limits-4Y2JRO75NHKA8TLSXYEJ6ZZCI.pcm

SwiftExplicitDependencyGeneratePcm arm64 /Users/j/Documents/GitHub/MoneroOne/build/ModuleCache.noindex/_DarwinFoundation2-86J014Q5OROYJKDAFJGOCV5LY.pcm

SwiftExplicitDependencyGeneratePcm arm64 /Users/j/Documents/GitHub/MoneroOne/build/ModuleCache.noindex/SQLite3-5MUD824B1EOKL79KPLPBY74IZ.pcm

SwiftExplicitDependencyGeneratePcm arm64 /Users/j/Documents/GitHub/MoneroOne/build/Build/Intermediates.noindex/SwiftExplicitPrecompiledModules/CSQLite-A84UUFC4K1FD8ZADWEJQ7C76M.pcm

SwiftExplicitDependencyGeneratePcm arm64 /Users/j/Documents/GitHub/MoneroOne/build/ModuleCache.noindex/_Builtin_stdint-EADEJRATGHFOI8Y66V8NZ0QWR.pcm

SwiftExplicitDependencyGeneratePcm arm64 /Users/j/Documents/GitHub/MoneroOne/build/ModuleCache.noindex/string_h-1FBSLS0RHP12K8OSHDWO91PAU.pcm

SwiftExplicitDependencyGeneratePcm arm64 /Users/j/Documents/GitHub/MoneroOne/build/ModuleCache.noindex/sys_types-5D9GL2YYCOT1J07GG34NF2BFD.pcm

SwiftExplicitDependencyGeneratePcm arm64 /Users/j/Documents/GitHub/MoneroOne/build/ModuleCache.noindex/_Builtin_tgmath-328AJO5U8KYQQ4ISZD5R0RQ5T.pcm

SwiftExplicitDependencyGeneratePcm arm64 /Users/j/Documents/GitHub/MoneroOne/build/ModuleCache.noindex/_DarwinFoundation3-CWR6FRO5RIIWXT3LP8U7TZ7PU.pcm

SwiftExplicitDependencyGeneratePcm arm64 /Users/j/Documents/GitHub/MoneroOne/build/Build/Intermediates.noindex/SwiftExplicitPrecompiledModules/HsCryptoKitC-C4K0B1US4HQF1WDFM0YALNZF2.pcm

SwiftExplicitDependencyGeneratePcm arm64 /Users/j/Documents/GitHub/MoneroOne/build/ModuleCache.noindex/_Builtin_intrinsics-BL0E21XHJ8LBL2O4SP1DEBR0H.pcm

SwiftExplicitDependencyGeneratePcm arm64 /Users/j/Documents/GitHub/MoneroOne/build/Build/Intermediates.noindex/SwiftExplicitPrecompiledModules/_AtomicsShims-3NIRDNA08EL2DV5S3A90OTO3L.pcm

SwiftExplicitDependencyGeneratePcm arm64 /Users/j/Documents/GitHub/MoneroOne/build/Build/Intermediates.noindex/SwiftExplicitPrecompiledModules/CNIOAtomics-6AF9L8RWXD4JPKL097YIXL77S.pcm

SwiftExplicitDependencyGeneratePcm arm64 /Users/j/Documents/GitHub/MoneroOne/build/ModuleCache.noindex/_Builtin_stdatomic-BRUTZSW3GKUKLHSTC12BS5EZ2.pcm

SwiftExplicitDependencyGeneratePcm arm64 /Users/j/Documents/GitHub/MoneroOne/build/Build/Intermediates.noindex/SwiftExplicitPrecompiledModules/CNIOLLHTTP-8EMEGO7XY9SQ9J98XLJJ6G0PS.pcm

SwiftExplicitDependencyGeneratePcm arm64 /Users/j/Documents/GitHub/MoneroOne/build/Build/Intermediates.noindex/SwiftExplicitPrecompiledModules/CNIOSHA1-7BMV6SMF6WGHSIWUSUMGCC40W.pcm

SwiftExplicitDependencyGeneratePcm arm64 /Users/j/Documents/GitHub/MoneroOne/build/ModuleCache.noindex/zlib-WPYOVLXXV7Y7S9P2QX9FXD81.pcm

SwiftExplicitDependencyGeneratePcm arm64 /Users/j/Documents/GitHub/MoneroOne/build/ModuleCache.noindex/CommonCrypto-8DQ3JNKXG2IGO51VTEQ39TY06.pcm

SwiftExplicitDependencyGeneratePcm arm64 /Users/j/Documents/GitHub/MoneroOne/build/Build/Intermediates.noindex/SwiftExplicitPrecompiledModules/CMonero-1CS0NLT1VDZT3A8K2C9OO3KK7.pcm

SwiftExplicitDependencyGeneratePcm arm64 /Users/j/Documents/GitHub/MoneroOne/build/ModuleCache.noindex/_Builtin_inttypes-CG6G6AA7F1KTG2FCEYCYUPIH4.pcm

SwiftExplicitDependencyGeneratePcm arm64 /Users/j/Documents/GitHub/MoneroOne/build/Build/Intermediates.noindex/SwiftExplicitPrecompiledModules/CNIOPosix-D1YPFSS7FMN1VW3SIQJ9QC2U1.pcm

SwiftExplicitDependencyGeneratePcm arm64 /Users/j/Documents/GitHub/MoneroOne/build/ModuleCache.noindex/Darwin-1YSI9FDQS20CHJ5CV8DTYPA64.pcm

SwiftExplicitDependencyGeneratePcm arm64 /Users/j/Documents/GitHub/MoneroOne/build/ModuleCache.noindex/simd-8GLWKWURCM26U2K4E4MP8BT85.pcm

SwiftExplicitDependencyGeneratePcm arm64 /Users/j/Documents/GitHub/MoneroOne/build/ModuleCache.noindex/ObjectiveC-F4NYAMF10G7ZZ2HMLC5HUKLZ7.pcm

SwiftExplicitDependencyGeneratePcm arm64 /Users/j/Documents/GitHub/MoneroOne/build/Build/Intermediates.noindex/SwiftExplicitPrecompiledModules/CNIODarwin-3OU772T1LSA5P7PWMS7VHK8MT.pcm

SwiftExplicitDependencyGeneratePcm arm64 /Users/j/Documents/GitHub/MoneroOne/build/ModuleCache.noindex/MachO-HAVZMDZB7EJ75JRBIWNU3LHQ.pcm

SwiftExplicitDependencyGeneratePcm arm64 /Users/j/Documents/GitHub/MoneroOne/build/ModuleCache.noindex/os_object-1I6EO2UR2OSB225UZX617B7R9.pcm

SwiftExplicitDependencyGeneratePcm arm64 /Users/j/Documents/GitHub/MoneroOne/build/ModuleCache.noindex/os_workgroup-B6W7B3VN4PKTD4TYQ4P8CZQ2J.pcm

SwiftExplicitDependencyGeneratePcm arm64 /Users/j/Documents/GitHub/MoneroOne/build/ModuleCache.noindex/Spatial-4SJZDJNU469AKVS3CWN93V97G.pcm

SwiftExplicitDependencyGeneratePcm arm64 /Users/j/Documents/GitHub/MoneroOne/build/ModuleCache.noindex/Dispatch-8H8CSBD0L8E3MMGJFMAF9OXCL.pcm

SwiftExplicitDependencyGeneratePcm arm64 /Users/j/Documents/GitHub/MoneroOne/build/ModuleCache.noindex/dnssd-23GQLS04ZZTVWUN1JI6YJSJN.pcm

SwiftExplicitDependencyGeneratePcm arm64 /Users/j/Documents/GitHub/MoneroOne/build/ModuleCache.noindex/CoreFoundation-6MBRTGP9FO0M6WZI4SYYWR5H5.pcm

SwiftExplicitDependencyGeneratePcm arm64 /Users/j/Documents/GitHub/MoneroOne/build/ModuleCache.noindex/XPC-7UXKOWA92QS9ZCYCLZ2Y4ZLPW.pcm

SwiftExplicitDependencyGeneratePcm arm64 /Users/j/Documents/GitHub/MoneroOne/build/ModuleCache.noindex/os-5X420WA6ATT0QI4SPC0ROPL2Y.pcm

SwiftExplicitDependencyGeneratePcm arm64 /Users/j/Documents/GitHub/MoneroOne/build/ModuleCache.noindex/Security-3AK9ZS0PF3D44UDTD6VJW4KRQ.pcm

SwiftExplicitDependencyGeneratePcm arm64 /Users/j/Documents/GitHub/MoneroOne/build/ModuleCache.noindex/CoreAudioTypes-A5N96U6HBFD5UJY0497ORYYX6.pcm

SwiftExplicitDependencyGeneratePcm arm64 /Users/j/Documents/GitHub/MoneroOne/build/ModuleCache.noindex/CoreGraphics-DC5W4RTOIZEER553J5ARO4IAI.pcm

SwiftExplicitDependencyGeneratePcm arm64 /Users/j/Documents/GitHub/MoneroOne/build/ModuleCache.noindex/SystemConfiguration-79SIC3O6D9QXE5681TJG67I7L.pcm

SwiftExplicitDependencyGeneratePcm arm64 /Users/j/Documents/GitHub/MoneroOne/build/ModuleCache.noindex/CFNetwork-EADVMJDD45WXGH11RA2VRTHC9.pcm

SwiftExplicitDependencyGeneratePcm arm64 /Users/j/Documents/GitHub/MoneroOne/build/ModuleCache.noindex/CoreServices-909MWZX90WG5LUK15HV137VLG.pcm

SwiftExplicitDependencyGeneratePcm arm64 /Users/j/Documents/GitHub/MoneroOne/build/ModuleCache.noindex/MobileCoreServices-DJBXKA7BXFRUO6I2ILWV8FIEW.pcm

SwiftExplicitDependencyGeneratePcm arm64 /Users/j/Documents/GitHub/MoneroOne/build/ModuleCache.noindex/CoreAudio-KGHA7BDU44KE8DNVTM4SJYSG.pcm

SwiftExplicitDependencyGeneratePcm arm64 /Users/j/Documents/GitHub/MoneroOne/build/ModuleCache.noindex/Foundation-ESZWKUIZH2UHI3QJBSVP0J44V.pcm

SwiftExplicitDependencyGeneratePcm arm64 /Users/j/Documents/GitHub/MoneroOne/build/ModuleCache.noindex/CoreText-5PXV3LYUU494UPSW0V06A6SMJ.pcm

SwiftExplicitDependencyGeneratePcm arm64 /Users/j/Documents/GitHub/MoneroOne/build/ModuleCache.noindex/ImageIO-6KNFE8RM9TIQJWAC5GVYFM7NL.pcm

SwiftExplicitDependencyGeneratePcm arm64 /Users/j/Documents/GitHub/MoneroOne/build/ModuleCache.noindex/CoreTransferable-8HMAQMEH1WBEA74FFTSP9EK73.pcm

SwiftExplicitDependencyGeneratePcm arm64 /Users/j/Documents/GitHub/MoneroOne/build/ModuleCache.noindex/DataDetection-9H190OQ2DOBNERWHWLU1BV3OS.pcm

SwiftExplicitDependencyGeneratePcm arm64 /Users/j/Documents/GitHub/MoneroOne/build/ModuleCache.noindex/_LocationEssentials-6735UO5XSOD0QO0RYKRUIDEMN.pcm

SwiftExplicitDependencyGeneratePcm arm64 /Users/j/Documents/GitHub/MoneroOne/build/ModuleCache.noindex/UIUtilities-4X0BN4TRG83R4G40OWSSTA7WD.pcm

SwiftExplicitDependencyGeneratePcm arm64 /Users/j/Documents/GitHub/MoneroOne/build/ModuleCache.noindex/CoreMIDI-ABVVVU8RDY77QQDKNM3DGOYHD.pcm

SwiftExplicitDependencyGeneratePcm arm64 /Users/j/Documents/GitHub/MoneroOne/build/ModuleCache.noindex/UserNotifications-7FCDZPK6YZRH98KFOCR1SWRHU.pcm

SwiftExplicitDependencyGeneratePcm arm64 /Users/j/Documents/GitHub/MoneroOne/build/ModuleCache.noindex/CoreData-30XTRV0SEPCSRNVAOHWYRUB7B.pcm

SwiftExplicitDependencyGeneratePcm arm64 /Users/j/Documents/GitHub/MoneroOne/build/ModuleCache.noindex/Accessibility-6QWQFZ84W0R0741CM2J1Y7VU7.pcm

SwiftExplicitDependencyGeneratePcm arm64 /Users/j/Documents/GitHub/MoneroOne/build/ModuleCache.noindex/UniformTypeIdentifiers-B19PRBIU3QTWUKAMVB59LXA7U.pcm

SwiftExplicitDependencyGeneratePcm arm64 /Users/j/Documents/GitHub/MoneroOne/build/ModuleCache.noindex/Symbols-ES7AT2SLHVANUE1BVI8BHGRSA.pcm

SwiftExplicitDependencyGeneratePcm arm64 /Users/j/Documents/GitHub/MoneroOne/build/ModuleCache.noindex/LocalAuthentication-10NELDXQM71W6R1REO5JGVBXE.pcm

SwiftExplicitDependencyGeneratePcm arm64 /Users/j/Documents/GitHub/MoneroOne/build/ModuleCache.noindex/Network-2N84QSRSQOUOQRV35O50MLSMC.pcm

SwiftExplicitDependencyGeneratePcm arm64 /Users/j/Documents/GitHub/MoneroOne/build/ModuleCache.noindex/FileProvider-BP0MWAYKM8M4MGW0YWJ86OT7G.pcm

SwiftExplicitDependencyGeneratePcm arm64 /Users/j/Documents/GitHub/MoneroOne/build/ModuleCache.noindex/IOSurface-DZFYJL7EJSAG0OO3BDDWE0W9B.pcm

SwiftExplicitDependencyGeneratePcm arm64 /Users/j/Documents/GitHub/MoneroOne/build/ModuleCache.noindex/CoreLocation-8ASCC34VGA5NAPVNUYWGCBFTO.pcm

SwiftExplicitDependencyGeneratePcm arm64 /Users/j/Documents/GitHub/MoneroOne/build/ModuleCache.noindex/OpenGLES-7LCJ0W2ZCK5EJ0YKOE1P460Z6.pcm

SwiftExplicitDependencyGeneratePcm arm64 /Users/j/Documents/GitHub/MoneroOne/build/ModuleCache.noindex/OSLog-ABDS58BL4BA6USJV4X9MSEYJU.pcm

SwiftExplicitDependencyGeneratePcm arm64 /Users/j/Documents/GitHub/MoneroOne/build/ModuleCache.noindex/AudioToolbox-DX7XFQJM1XAIJH7518YO53SIZ.pcm

SwiftExplicitDependencyGeneratePcm arm64 /Users/j/Documents/GitHub/MoneroOne/build/ModuleCache.noindex/Metal-9HD2YB36GHFFAWAA99DJ0S7Z0.pcm

SwiftExplicitDependencyGeneratePcm arm64 /Users/j/Documents/GitHub/MoneroOne/build/ModuleCache.noindex/AVRouting-9CRKBGPNN7K8SZGCBIHSWXT8G.pcm

SwiftExplicitDependencyGeneratePcm arm64 /Users/j/Documents/GitHub/MoneroOne/build/ModuleCache.noindex/CoreVideo-BSAVO904DNYAHSYSTC7PG2N8N.pcm

SwiftExplicitDependencyGeneratePcm arm64 /Users/j/Documents/GitHub/MoneroOne/build/ModuleCache.noindex/CoreImage-DTNNMU1DT6R82CP195074OVMU.pcm

SwiftExplicitDependencyGeneratePcm arm64 /Users/j/Documents/GitHub/MoneroOne/build/ModuleCache.noindex/QuartzCore-6ZZQQIIO3RNGUZODMEJ14LLDN.pcm

SwiftExplicitDependencyGeneratePcm arm64 /Users/j/Documents/GitHub/MoneroOne/build/ModuleCache.noindex/CoreMedia-CQSVP6FM35N86MHXHXYHVPJFI.pcm

SwiftExplicitDependencyGeneratePcm arm64 /Users/j/Documents/GitHub/MoneroOne/build/ModuleCache.noindex/SwiftUICore-CXYKV7QT9PR37W32I65ZHO5ON.pcm

SwiftExplicitDependencyGeneratePcm arm64 /Users/j/Documents/GitHub/MoneroOne/build/ModuleCache.noindex/MediaToolbox-9IDGLDK29H647PJ0Y7LDFKVID.pcm

SwiftExplicitDependencyGeneratePcm arm64 /Users/j/Documents/GitHub/MoneroOne/build/ModuleCache.noindex/AVFAudio-7PF6IAJAVGCOYPF7TWELHP0G.pcm

SwiftExplicitDependencyGeneratePcm arm64 /Users/j/Documents/GitHub/MoneroOne/build/ModuleCache.noindex/UIKit-5SKA6B80HOLAXTOZNNUPH5EY8.pcm

SwiftExplicitDependencyGeneratePcm arm64 /Users/j/Documents/GitHub/MoneroOne/build/ModuleCache.noindex/AVFoundation-B0RDSQ7EZ5A5LEYVP4A8SGOTH.pcm

SwiftExplicitDependencyGeneratePcm arm64 /Users/j/Documents/GitHub/MoneroOne/build/ModuleCache.noindex/SwiftUI-2F13382ZM746DA5WNWZ1UR8AG.pcm

SwiftCompile normal arm64 Compiling\ SyncActivityAttributes.swift,\ SyncActivityManager.swift,\ SyncModeView.swift /Users/j/Documents/GitHub/MoneroOne/Shared/SyncActivityAttributes.swift /Users/j/Documents/GitHub/MoneroOne/MoneroOne/Core/Services/SyncActivityManager.swift /Users/j/Documents/GitHub/MoneroOne/MoneroOne/Features/Settings/SyncModeView.swift (in target 'MoneroOne' from project 'MoneroOne')
SwiftCompile normal arm64 /Users/j/Documents/GitHub/MoneroOne/Shared/SyncActivityAttributes.swift (in target 'MoneroOne' from project 'MoneroOne')
    cd /Users/j/Documents/GitHub/MoneroOne
    

SwiftCompile normal arm64 /Users/j/Documents/GitHub/MoneroOne/MoneroOne/Core/Services/SyncActivityManager.swift (in target 'MoneroOne' from project 'MoneroOne')
    cd /Users/j/Documents/GitHub/MoneroOne
    

SwiftCompile normal arm64 /Users/j/Documents/GitHub/MoneroOne/MoneroOne/Features/Settings/SyncModeView.swift (in target 'MoneroOne' from project 'MoneroOne')
    cd /Users/j/Documents/GitHub/MoneroOne
    

SwiftCompile normal arm64 Compiling\ SyncSettingsView.swift,\ TransactionDetailView.swift,\ TransactionListView.swift /Users/j/Documents/GitHub/MoneroOne/MoneroOne/Features/Settings/SyncSettingsView.swift /Users/j/Documents/GitHub/MoneroOne/MoneroOne/Features/Transactions/TransactionDetailView.swift /Users/j/Documents/GitHub/MoneroOne/MoneroOne/Features/Transactions/TransactionListView.swift (in target 'MoneroOne' from project 'MoneroOne')
SwiftCompile normal arm64 /Users/j/Documents/GitHub/MoneroOne/MoneroOne/Features/Settings/SyncSettingsView.swift (in target 'MoneroOne' from project 'MoneroOne')
    cd /Users/j/Documents/GitHub/MoneroOne
    

SwiftCompile normal arm64 /Users/j/Documents/GitHub/MoneroOne/MoneroOne/Features/Transactions/TransactionDetailView.swift (in target 'MoneroOne' from project 'MoneroOne')
    cd /Users/j/Documents/GitHub/MoneroOne
    

SwiftCompile normal arm64 /Users/j/Documents/GitHub/MoneroOne/MoneroOne/Features/Transactions/TransactionListView.swift (in target 'MoneroOne' from project 'MoneroOne')
    cd /Users/j/Documents/GitHub/MoneroOne
    

SwiftEmitModule normal arm64 Emitting\ module\ for\ MoneroOne (in target 'MoneroOne' from project 'MoneroOne')

EmitSwiftModule normal arm64 (in target 'MoneroOne' from project 'MoneroOne')
    cd /Users/j/Documents/GitHub/MoneroOne
    

SwiftCompile normal arm64 Compiling\ TransactionProgressView.swift,\ UnlockView.swift,\ WalletManager.swift /Users/j/Documents/GitHub/MoneroOne/MoneroOne/Features/Send/TransactionProgressView.swift /Users/j/Documents/GitHub/MoneroOne/MoneroOne/Features/Onboarding/UnlockView.swift /Users/j/Documents/GitHub/MoneroOne/MoneroOne/Core/Wallet/WalletManager.swift (in target 'MoneroOne' from project 'MoneroOne')

SwiftCompile normal arm64 /Users/j/Documents/GitHub/MoneroOne/MoneroOne/Features/Send/TransactionProgressView.swift (in target 'MoneroOne' from project 'MoneroOne')
    cd /Users/j/Documents/GitHub/MoneroOne
    

SwiftCompile normal arm64 /Users/j/Documents/GitHub/MoneroOne/MoneroOne/Features/Onboarding/UnlockView.swift (in target 'MoneroOne' from project 'MoneroOne')
    cd /Users/j/Documents/GitHub/MoneroOne
    

SwiftCompile normal arm64 /Users/j/Documents/GitHub/MoneroOne/MoneroOne/Core/Wallet/WalletManager.swift (in target 'MoneroOne' from project 'MoneroOne')
    cd /Users/j/Documents/GitHub/MoneroOne
    

SwiftCompile normal arm64 Compiling\ MoneroWallet.swift,\ NetworkMonitor.swift,\ NodeManager.swift,\ NodeSettingsView.swift /Users/j/Documents/GitHub/MoneroOne/MoneroOne/Core/Wallet/MoneroWallet.swift /Users/j/Documents/GitHub/MoneroOne/MoneroOne/Core/Services/NetworkMonitor.swift /Users/j/Documents/GitHub/MoneroOne/MoneroOne/Core/Services/NodeManager.swift /Users/j/Documents/GitHub/MoneroOne/MoneroOne/Features/Settings/NodeSettingsView.swift (in target 'MoneroOne' from project 'MoneroOne')

SwiftCompile normal arm64 /Users/j/Documents/GitHub/MoneroOne/MoneroOne/Core/Wallet/MoneroWallet.swift (in target 'MoneroOne' from project 'MoneroOne')
    cd /Users/j/Documents/GitHub/MoneroOne
    
/Users/j/Documents/GitHub/MoneroOne/MoneroOne/Core/Wallet/MoneroWallet.swift:308:24: warning: 'init(_:)' is deprecated: replaced by 'init(truncating:)'
        let piconero = Int((amount * coinRate) as NSDecimalNumber)
                       ^
/Users/j/Documents/GitHub/MoneroOne/MoneroOne/Core/Wallet/MoneroWallet.swift:308:24: note: use 'init(truncating:)' instead
        let piconero = Int((amount * coinRate) as NSDecimalNumber)
                       ^
                           truncating: 
/Users/j/Documents/GitHub/MoneroOne/MoneroOne/Core/Wallet/MoneroWallet.swift:309:23: warning: no 'async' operations occur within 'await' expression
        let fee = try await kit.estimateFee(address: address, amount: .value(piconero), priority: priority)
                      ^
/Users/j/Documents/GitHub/MoneroOne/MoneroOne/Core/Wallet/MoneroWallet.swift:316:24: warning: 'init(_:)' is deprecated: replaced by 'init(truncating:)'
        let piconero = Int((amount * coinRate) as NSDecimalNumber)
                       ^
/Users/j/Documents/GitHub/MoneroOne/MoneroOne/Core/Wallet/MoneroWallet.swift:316:24: note: use 'init(truncating:)' instead
        let piconero = Int((amount * coinRate) as NSDecimalNumber)
                       ^
                           truncating: 
/Users/j/Documents/GitHub/MoneroOne/MoneroOne/Core/Wallet/MoneroWallet.swift:317:13: warning: no 'async' operations occur within 'await' expression
        try await kit.send(to: address, amount: .value(piconero), priority: priority, memo: memo)
            ^
/Users/j/Documents/GitHub/MoneroOne/MoneroOne/Core/Wallet/MoneroWallet.swift:326:13: warning: no 'async' operations occur within 'await' expression
        try await kit.send(to: address, amount: .all, priority: priority, memo: memo)
            ^

SwiftCompile normal arm64 /Users/j/Documents/GitHub/MoneroOne/MoneroOne/Core/Services/NetworkMonitor.swift (in target 'MoneroOne' from project 'MoneroOne')
    cd /Users/j/Documents/GitHub/MoneroOne
    

SwiftCompile normal arm64 /Users/j/Documents/GitHub/MoneroOne/MoneroOne/Core/Services/NodeManager.swift (in target 'MoneroOne' from project 'MoneroOne')
    cd /Users/j/Documents/GitHub/MoneroOne
    

SwiftCompile normal arm64 /Users/j/Documents/GitHub/MoneroOne/MoneroOne/Features/Settings/NodeSettingsView.swift (in target 'MoneroOne' from project 'MoneroOne')
    cd /Users/j/Documents/GitHub/MoneroOne
    

SwiftCompile normal arm64 Compiling\ BackupView.swift,\ BalanceCard.swift,\ BiometricAuthManager.swift,\ ContentView.swift /Users/j/Documents/GitHub/MoneroOne/MoneroOne/Features/Settings/BackupView.swift /Users/j/Documents/GitHub/MoneroOne/MoneroOne/Features/Wallet/BalanceCard.swift /Users/j/Documents/GitHub/MoneroOne/MoneroOne/Core/Services/BiometricAuthManager.swift /Users/j/Documents/GitHub/MoneroOne/MoneroOne/ContentView.swift (in target 'MoneroOne' from project 'MoneroOne')

SwiftCompile normal arm64 /Users/j/Documents/GitHub/MoneroOne/MoneroOne/Features/Settings/BackupView.swift (in target 'MoneroOne' from project 'MoneroOne')
    cd /Users/j/Documents/GitHub/MoneroOne
    

SwiftCompile normal arm64 /Users/j/Documents/GitHub/MoneroOne/MoneroOne/Features/Wallet/BalanceCard.swift (in target 'MoneroOne' from project 'MoneroOne')
    cd /Users/j/Documents/GitHub/MoneroOne
    

SwiftCompile normal arm64 /Users/j/Documents/GitHub/MoneroOne/MoneroOne/Core/Services/BiometricAuthManager.swift (in target 'MoneroOne' from project 'MoneroOne')
    cd /Users/j/Documents/GitHub/MoneroOne
    

SwiftCompile normal arm64 /Users/j/Documents/GitHub/MoneroOne/MoneroOne/ContentView.swift (in target 'MoneroOne' from project 'MoneroOne')
    cd /Users/j/Documents/GitHub/MoneroOne
    

SwiftCompile normal arm64 Compiling\ WalletView.swift,\ WelcomeView.swift,\ GeneratedAssetSymbols.swift /Users/j/Documents/GitHub/MoneroOne/MoneroOne/Features/Wallet/WalletView.swift /Users/j/Documents/GitHub/MoneroOne/MoneroOne/Features/Onboarding/WelcomeView.swift /Users/j/Documents/GitHub/MoneroOne/build/Build/Intermediates.noindex/MoneroOne.build/Debug-iphonesimulator/MoneroOne.build/DerivedSources/GeneratedAssetSymbols.swift (in target 'MoneroOne' from project 'MoneroOne')

SwiftCompile normal arm64 /Users/j/Documents/GitHub/MoneroOne/MoneroOne/Features/Wallet/WalletView.swift (in target 'MoneroOne' from project 'MoneroOne')
    cd /Users/j/Documents/GitHub/MoneroOne
    

SwiftCompile normal arm64 /Users/j/Documents/GitHub/MoneroOne/MoneroOne/Features/Onboarding/WelcomeView.swift (in target 'MoneroOne' from project 'MoneroOne')
    cd /Users/j/Documents/GitHub/MoneroOne
    

SwiftCompile normal arm64 /Users/j/Documents/GitHub/MoneroOne/build/Build/Intermediates.noindex/MoneroOne.build/Debug-iphonesimulator/MoneroOne.build/DerivedSources/GeneratedAssetSymbols.swift (in target 'MoneroOne' from project 'MoneroOne')
    cd /Users/j/Documents/GitHub/MoneroOne
    

SwiftCompile normal arm64 Compiling\ AnimatedMoneroLogo.swift,\ BackgroundSyncManager.swift,\ BackgroundSyncView.swift,\ BackupSeedView.swift /Users/j/Documents/GitHub/MoneroOne/MoneroOne/Shared/Components/AnimatedMoneroLogo.swift /Users/j/Documents/GitHub/MoneroOne/MoneroOne/Core/Services/BackgroundSyncManager.swift /Users/j/Documents/GitHub/MoneroOne/MoneroOne/Features/Settings/BackgroundSyncView.swift /Users/j/Documents/GitHub/MoneroOne/MoneroOne/Features/Settings/BackupSeedView.swift (in target 'MoneroOne' from project 'MoneroOne')

SwiftCompile normal arm64 /Users/j/Documents/GitHub/MoneroOne/MoneroOne/Shared/Components/AnimatedMoneroLogo.swift (in target 'MoneroOne' from project 'MoneroOne')
    cd /Users/j/Documents/GitHub/MoneroOne
    

SwiftCompile normal arm64 /Users/j/Documents/GitHub/MoneroOne/MoneroOne/Core/Services/BackgroundSyncManager.swift (in target 'MoneroOne' from project 'MoneroOne')
    cd /Users/j/Documents/GitHub/MoneroOne
    

SwiftCompile normal arm64 /Users/j/Documents/GitHub/MoneroOne/MoneroOne/Features/Settings/BackgroundSyncView.swift (in target 'MoneroOne' from project 'MoneroOne')
    cd /Users/j/Documents/GitHub/MoneroOne
    

SwiftCompile normal arm64 /Users/j/Documents/GitHub/MoneroOne/MoneroOne/Features/Settings/BackupSeedView.swift (in target 'MoneroOne' from project 'MoneroOne')
    cd /Users/j/Documents/GitHub/MoneroOne
    

SwiftCompile normal arm64 Compiling\ CreateWalletView.swift,\ CurrencySettingsView.swift,\ ErrorBanner.swift,\ KeychainStorage.swift /Users/j/Documents/GitHub/MoneroOne/MoneroOne/Features/Onboarding/CreateWalletView.swift /Users/j/Documents/GitHub/MoneroOne/MoneroOne/Features/Settings/CurrencySettingsView.swift /Users/j/Documents/GitHub/MoneroOne/MoneroOne/Shared/Components/ErrorBanner.swift /Users/j/Documents/GitHub/MoneroOne/MoneroOne/Core/Wallet/KeychainStorage.swift (in target 'MoneroOne' from project 'MoneroOne')

SwiftCompile normal arm64 /Users/j/Documents/GitHub/MoneroOne/MoneroOne/Features/Onboarding/CreateWalletView.swift (in target 'MoneroOne' from project 'MoneroOne')
    cd /Users/j/Documents/GitHub/MoneroOne
    

SwiftCompile normal arm64 /Users/j/Documents/GitHub/MoneroOne/MoneroOne/Features/Settings/CurrencySettingsView.swift (in target 'MoneroOne' from project 'MoneroOne')
    cd /Users/j/Documents/GitHub/MoneroOne
    

SwiftCompile normal arm64 /Users/j/Documents/GitHub/MoneroOne/MoneroOne/Shared/Components/ErrorBanner.swift (in target 'MoneroOne' from project 'MoneroOne')
    cd /Users/j/Documents/GitHub/MoneroOne
    

SwiftCompile normal arm64 /Users/j/Documents/GitHub/MoneroOne/MoneroOne/Core/Wallet/KeychainStorage.swift (in target 'MoneroOne' from project 'MoneroOne')
    cd /Users/j/Documents/GitHub/MoneroOne
    
/Users/j/Documents/GitHub/MoneroOne/MoneroOne/Core/Wallet/KeychainStorage.swift:137:13: warning: 'kSecUseOperationPrompt' was deprecated in iOS 14.0: Use kSecUseAuthenticationContext and set LAContext.localizedReason property
            kSecUseOperationPrompt as String: "Unlock your Monero wallet"
            ^
/Users/j/Documents/GitHub/MoneroOne/MoneroOne/Core/Wallet/KeychainStorage.swift:158:48: warning: 'kSecUseAuthenticationUIFail' was deprecated in iOS 14.0: Instead of kSecUseAuthenticationUI, use kSecUseAuthenticationContext and set LAContext.interactionNotAllowed property
            kSecUseAuthenticationUI as String: kSecUseAuthenticationUIFail
                                               ^
/Users/j/Documents/GitHub/MoneroOne/MoneroOne/Core/Wallet/KeychainStorage.swift:201:14: warning: result of call to 'withUnsafeBytes' is unused
        data.withUnsafeBytes { buffer in
             ^               ~~~~~~~~~~~
/Users/j/Documents/GitHub/MoneroOne/MoneroOne/Core/Wallet/KeychainStorage.swift:233:17: warning: result of call to 'withUnsafeBytes' is unused
        pinData.withUnsafeBytes { buffer in
                ^               ~~~~~~~~~~~

SwiftCompile normal arm64 Compiling\ SeedPhraseView.swift,\ SendConfirmationView.swift,\ SendView.swift,\ SettingsView.swift /Users/j/Documents/GitHub/MoneroOne/MoneroOne/Features/Onboarding/SeedPhraseView.swift /Users/j/Documents/GitHub/MoneroOne/MoneroOne/Features/Send/SendConfirmationView.swift /Users/j/Documents/GitHub/MoneroOne/MoneroOne/Features/Send/SendView.swift /Users/j/Documents/GitHub/MoneroOne/MoneroOne/Features/Settings/SettingsView.swift (in target 'MoneroOne' from project 'MoneroOne')
SwiftCompile normal arm64 /Users/j/Documents/GitHub/MoneroOne/MoneroOne/Features/Onboarding/SeedPhraseView.swift (in target 'MoneroOne' from project 'MoneroOne')
    cd /Users/j/Documents/GitHub/MoneroOne
    

SwiftCompile normal arm64 /Users/j/Documents/GitHub/MoneroOne/MoneroOne/Features/Send/SendConfirmationView.swift (in target 'MoneroOne' from project 'MoneroOne')
    cd /Users/j/Documents/GitHub/MoneroOne
    

SwiftCompile normal arm64 /Users/j/Documents/GitHub/MoneroOne/MoneroOne/Features/Send/SendView.swift (in target 'MoneroOne' from project 'MoneroOne')
    cd /Users/j/Documents/GitHub/MoneroOne
    

SwiftCompile normal arm64 /Users/j/Documents/GitHub/MoneroOne/MoneroOne/Features/Settings/SettingsView.swift (in target 'MoneroOne' from project 'MoneroOne')
    cd /Users/j/Documents/GitHub/MoneroOne
    

SwiftCompile normal arm64 Compiling\ PriceChartView.swift,\ PriceService.swift,\ QRCodeView.swift,\ QRScannerView.swift /Users/j/Documents/GitHub/MoneroOne/MoneroOne/Features/Chart/PriceChartView.swift /Users/j/Documents/GitHub/MoneroOne/MoneroOne/Core/Services/PriceService.swift /Users/j/Documents/GitHub/MoneroOne/MoneroOne/Features/Receive/QRCodeView.swift /Users/j/Documents/GitHub/MoneroOne/MoneroOne/Shared/Components/QRScannerView.swift (in target 'MoneroOne' from project 'MoneroOne')
SwiftCompile normal arm64 /Users/j/Documents/GitHub/MoneroOne/MoneroOne/Features/Chart/PriceChartView.swift (in target 'MoneroOne' from project 'MoneroOne')
    cd /Users/j/Documents/GitHub/MoneroOne
    

SwiftCompile normal arm64 /Users/j/Documents/GitHub/MoneroOne/MoneroOne/Core/Services/PriceService.swift (in target 'MoneroOne' from project 'MoneroOne')
    cd /Users/j/Documents/GitHub/MoneroOne
    

SwiftCompile normal arm64 /Users/j/Documents/GitHub/MoneroOne/MoneroOne/Features/Receive/QRCodeView.swift (in target 'MoneroOne' from project 'MoneroOne')
    cd /Users/j/Documents/GitHub/MoneroOne
    

SwiftCompile normal arm64 /Users/j/Documents/GitHub/MoneroOne/MoneroOne/Shared/Components/QRScannerView.swift (in target 'MoneroOne' from project 'MoneroOne')
    cd /Users/j/Documents/GitHub/MoneroOne
    

SwiftCompile normal arm64 Compiling\ ReceiveView.swift,\ RestoreWalletView.swift,\ ScrambledText.swift,\ SecurityView.swift /Users/j/Documents/GitHub/MoneroOne/MoneroOne/Features/Receive/ReceiveView.swift /Users/j/Documents/GitHub/MoneroOne/MoneroOne/Features/Onboarding/RestoreWalletView.swift /Users/j/Documents/GitHub/MoneroOne/MoneroOne/Shared/Components/ScrambledText.swift /Users/j/Documents/GitHub/MoneroOne/MoneroOne/Features/Settings/SecurityView.swift (in target 'MoneroOne' from project 'MoneroOne')

SwiftCompile normal arm64 /Users/j/Documents/GitHub/MoneroOne/MoneroOne/Features/Receive/ReceiveView.swift (in target 'MoneroOne' from project 'MoneroOne')
    cd /Users/j/Documents/GitHub/MoneroOne
    

SwiftCompile normal arm64 /Users/j/Documents/GitHub/MoneroOne/MoneroOne/Features/Onboarding/RestoreWalletView.swift (in target 'MoneroOne' from project 'MoneroOne')
    cd /Users/j/Documents/GitHub/MoneroOne
    

SwiftCompile normal arm64 /Users/j/Documents/GitHub/MoneroOne/MoneroOne/Shared/Components/ScrambledText.swift (in target 'MoneroOne' from project 'MoneroOne')
    cd /Users/j/Documents/GitHub/MoneroOne
    

SwiftCompile normal arm64 /Users/j/Documents/GitHub/MoneroOne/MoneroOne/Features/Settings/SecurityView.swift (in target 'MoneroOne' from project 'MoneroOne')
    cd /Users/j/Documents/GitHub/MoneroOne
    

SwiftDriverJobDiscovery normal arm64 Emitting module for MoneroOne (in target 'MoneroOne' from project 'MoneroOne')

SwiftDriver\ Compilation\ Requirements MoneroOne normal arm64 com.apple.xcode.tools.swift.compiler (in target 'MoneroOne' from project 'MoneroOne')
    cd /Users/j/Documents/GitHub/MoneroOne
    builtin-Swift-Compilation-Requirements -- /Applications/Xcode.app/Contents/Developer/Toolchains/XcodeDefault.xctoolchain/usr/bin/swiftc -module-name MoneroOne -Onone -enforce-exclusivity\=checked @/Users/j/Documents/GitHub/MoneroOne/build/Build/Intermediates.noindex/MoneroOne.build/Debug-iphonesimulator/MoneroOne.build/Objects-normal/arm64/MoneroOne.SwiftFileList -DDEBUG -Xcc -fmodule-map-file\=/Users/j/Documents/GitHub/MoneroOne/build/SourcePackages/checkouts/GRDB.swift/Sources/CSQLite/module.modulemap -Xcc -fmodule-map-file\=/Users/j/Documents/GitHub/MoneroOne/build/Build/Intermediates.noindex/GeneratedModuleMaps-iphonesimulator/CNIOBoringSSLShims.modulemap -Xcc -fmodule-map-file\=/Users/j/Documents/GitHub/MoneroOne/build/Build/Intermediates.noindex/GeneratedModuleMaps-iphonesimulator/CNIOSHA1.modulemap -Xcc -fmodule-map-file\=/Users/j/Documents/GitHub/MoneroOne/build/Build/Intermediates.noindex/GeneratedModuleMaps-iphonesimulator/CNIOLLHTTP.modulemap -Xcc -fmodule-map-file\=/Users/j/Documents/GitHub/MoneroOne/build/Build/Intermediates.noindex/GeneratedModuleMaps-iphonesimulator/CNIOPosix.modulemap -Xcc -fmodule-map-file\=/Users/j/Documents/GitHub/MoneroOne/build/Build/Intermediates.noindex/GeneratedModuleMaps-iphonesimulator/CNIOWASI.modulemap -Xcc -fmodule-map-file\=/Users/j/Documents/GitHub/MoneroOne/build/Build/Intermediates.noindex/GeneratedModuleMaps-iphonesimulator/CNIOLinux.modulemap -Xcc -fmodule-map-file\=/Users/j/Documents/GitHub/MoneroOne/build/Build/Intermediates.noindex/GeneratedModuleMaps-iphonesimulator/CNIODarwin.modulemap -Xcc -fmodule-map-file\=/Users/j/Documents/GitHub/MoneroOne/build/Build/Intermediates.noindex/GeneratedModuleMaps-iphonesimulator/CNIOOpenBSD.modulemap -Xcc -fmodule-map-file\=/Users/j/Documents/GitHub/MoneroOne/build/Build/Intermediates.noindex/GeneratedModuleMaps-iphonesimulator/CNIOAtomics.modulemap -Xcc -fmodule-map-file\=/Users/j/Documents/GitHub/MoneroOne/build/Build/Intermediates.noindex/GeneratedModuleMaps-iphonesimulator/secp256k1_bindings.modulemap -Xcc -fmodule-map-file\=/Users/j/Documents/GitHub/MoneroOne/build/Build/Intermediates.noindex/GeneratedModuleMaps-iphonesimulator/HsCryptoKitC.modulemap -enable-bare-slash-regex -enable-experimental-feature DebugDescriptionMacro -sdk /Applications/Xcode.app/Contents/Developer/Platforms/iPhoneSimulator.platform/Developer/SDKs/iPhoneSimulator26.1.sdk -target arm64-apple-ios26.0-simulator -g -module-cache-path /Users/j/Documents/GitHub/MoneroOne/build/ModuleCache.noindex -Xfrontend -serialize-debugging-options -enable-testing -index-store-path /Users/j/Documents/GitHub/MoneroOne/build/Index.noindex/DataStore -Xcc -D_LIBCPP_HARDENING_MODE\=_LIBCPP_HARDENING_MODE_DEBUG -swift-version 5 -I /Users/j/Documents/GitHub/MoneroOne/build/Build/Products/Debug-iphonesimulator -F /Users/j/Documents/GitHub/MoneroOne/build/Build/Products/Debug-iphonesimulator/PackageFrameworks -F /Users/j/Documents/GitHub/MoneroOne/build/Build/Products/Debug-iphonesimulator/PackageFrameworks -F /Users/j/Documents/GitHub/MoneroOne/build/Build/Products/Debug-iphonesimulator/PackageFrameworks -F /Users/j/Documents/GitHub/MoneroOne/build/Build/Products/Debug-iphonesimulator/PackageFrameworks -F /Users/j/Documents/GitHub/MoneroOne/build/Build/Products/Debug-iphonesimulator/PackageFrameworks -F /Users/j/Documents/GitHub/MoneroOne/build/Build/Products/Debug-iphonesimulator/PackageFrameworks -F /Users/j/Documents/GitHub/MoneroOne/build/Build/Products/Debug-iphonesimulator/PackageFrameworks -F /Users/j/Documents/GitHub/MoneroOne/build/Build/Products/Debug-iphonesimulator/PackageFrameworks -F /Users/j/Documents/GitHub/MoneroOne/build/Build/Products/Debug-iphonesimulator/PackageFrameworks -F /Users/j/Documents/GitHub/MoneroOne/build/Build/Products/Debug-iphonesimulator/PackageFrameworks -F /Users/j/Documents/GitHub/MoneroOne/build/Build/Products/Debug-iphonesimulator/PackageFrameworks -F /Users/j/Documents/GitHub/MoneroOne/build/Build/Products/Debug-iphonesimulator/PackageFrameworks -F /Users/j/Documents/GitHub/MoneroOne/build/Build/Products/Debug-iphonesimulator/PackageFrameworks -F /Users/j/Documents/GitHub/MoneroOne/build/Build/Products/Debug-iphonesimulator/PackageFrameworks -F /Users/j/Documents/GitHub/MoneroOne/build/Build/Products/Debug-iphonesimulator/PackageFrameworks -F /Users/j/Documents/GitHub/MoneroOne/build/Build/Products/Debug-iphonesimulator/PackageFrameworks -F /Users/j/Documents/GitHub/MoneroOne/build/Build/Products/Debug-iphonesimulator/PackageFrameworks -F /Users/j/Documents/GitHub/MoneroOne/build/Build/Products/Debug-iphonesimulator/PackageFrameworks -F /Users/j/Documents/GitHub/MoneroOne/build/Build/Products/Debug-iphonesimulator/PackageFrameworks -F /Users/j/Documents/GitHub/MoneroOne/build/Build/Products/Debug-iphonesimulator/PackageFrameworks -F /Users/j/Documents/GitHub/MoneroOne/build/Build/Products/Debug-iphonesimulator/PackageFrameworks -F /Users/j/Documents/GitHub/MoneroOne/build/Build/Products/Debug-iphonesimulator/PackageFrameworks -F /Users/j/Documents/GitHub/MoneroOne/build/Build/Products/Debug-iphonesimulator/PackageFrameworks -F /Users/j/Documents/GitHub/MoneroOne/build/Build/Products/Debug-iphonesimulator/PackageFrameworks -F /Users/j/Documents/GitHub/MoneroOne/build/Build/Products/Debug-iphonesimulator/PackageFrameworks -F /Users/j/Documents/GitHub/MoneroOne/build/Build/Products/Debug-iphonesimulator/PackageFrameworks -F /Users/j/Documents/GitHub/MoneroOne/build/Build/Products/Debug-iphonesimulator/PackageFrameworks -F /Users/j/Documents/GitHub/MoneroOne/build/Build/Products/Debug-iphonesimulator/PackageFrameworks -F /Users/j/Documents/GitHub/MoneroOne/build/Build/Products/Debug-iphonesimulator/PackageFrameworks -F /Users/j/Documents/GitHub/MoneroOne/build/Build/Products/Debug-iphonesimulator/PackageFrameworks -F /Users/j/Documents/GitHub/MoneroOne/build/Build/Products/Debug-iphonesimulator/PackageFrameworks -F /Users/j/Documents/GitHub/MoneroOne/build/Build/Products/Debug-iphonesimulator/PackageFrameworks -F /Users/j/Documents/GitHub/MoneroOne/build/Build/Products/Debug-iphonesimulator/PackageFrameworks -F /Users/j/Documents/GitHub/MoneroOne/build/Build/Products/Debug-iphonesimulator/PackageFrameworks -F /Users/j/Documents/GitHub/MoneroOne/build/Build/Products/Debug-iphonesimulator/PackageFrameworks -F /Users/j/Documents/GitHub/MoneroOne/build/Build/Products/Debug-iphonesimulator/PackageFrameworks -F /Users/j/Documents/GitHub/MoneroOne/build/Build/Products/Debug-iphonesimulator/PackageFrameworks -F /Users/j/Documents/GitHub/MoneroOne/build/Build/Products/Debug-iphonesimulator/PackageFrameworks -F /Users/j/Documents/GitHub/MoneroOne/build/Build/Products/Debug-iphonesimulator/PackageFrameworks -F /Users/j/Documents/GitHub/MoneroOne/build/Build/Products/Debug-iphonesimulator/PackageFrameworks -F /Users/j/Documents/GitHub/MoneroOne/build/Build/Products/Debug-iphonesimulator/PackageFrameworks -F /Users/j/Documents/GitHub/MoneroOne/build/Build/Products/Debug-iphonesimulator/PackageFrameworks -F /Users/j/Documents/GitHub/MoneroOne/build/Build/Products/Debug-iphonesimulator/PackageFrameworks -F /Users/j/Documents/GitHub/MoneroOne/build/Build/Products/Debug-iphonesimulator/PackageFrameworks -F /Users/j/Documents/GitHub/MoneroOne/build/Build/Products/Debug-iphonesimulator/PackageFrameworks -F /Users/j/Documents/GitHub/MoneroOne/build/Build/Products/Debug-iphonesimulator -emit-localized-strings -emit-localized-strings-path /Users/j/Documents/GitHub/MoneroOne/build/Build/Intermediates.noindex/MoneroOne.build/Debug-iphonesimulator/MoneroOne.build/Objects-normal/arm64 -c -j12 -enable-batch-mode -incremental -Xcc -ivfsstatcache -Xcc /Users/j/Documents/GitHub/MoneroOne/build/SDKStatCaches.noindex/iphonesimulator26.1-23B77-90cf18a4295e390e64c810bc6bd7acbc.sdkstatcache -output-file-map /Users/j/Documents/GitHub/MoneroOne/build/Build/Intermediates.noindex/MoneroOne.build/Debug-iphonesimulator/MoneroOne.build/Objects-normal/arm64/MoneroOne-OutputFileMap.json -use-frontend-parseable-output -save-temps -no-color-diagnostics -explicit-module-build -module-cache-path /Users/j/Documents/GitHub/MoneroOne/build/Build/Intermediates.noindex/SwiftExplicitPrecompiledModules -clang-scanner-module-cache-path /Users/j/Documents/GitHub/MoneroOne/build/ModuleCache.noindex -sdk-module-cache-path /Users/j/Documents/GitHub/MoneroOne/build/ModuleCache.noindex -serialize-diagnostics -emit-dependencies -emit-module -emit-module-path /Users/j/Documents/GitHub/MoneroOne/build/Build/Intermediates.noindex/MoneroOne.build/Debug-iphonesimulator/MoneroOne.build/Objects-normal/arm64/MoneroOne.swiftmodule -validate-clang-modules-once -clang-build-session-file /Users/j/Documents/GitHub/MoneroOne/build/ModuleCache.noindex/Session.modulevalidation -Xcc -I/Users/j/Documents/GitHub/MoneroOne/build/Build/Intermediates.noindex/MoneroOne.build/Debug-iphonesimulator/MoneroOne.build/swift-overrides.hmap -emit-const-values -Xfrontend -const-gather-protocols-file -Xfrontend /Users/j/Documents/GitHub/MoneroOne/build/Build/Intermediates.noindex/MoneroOne.build/Debug-iphonesimulator/MoneroOne.build/Objects-normal/arm64/MoneroOne_const_extract_protocols.json -Xcc -iquote -Xcc /Users/j/Documents/GitHub/MoneroOne/build/Build/Intermediates.noindex/MoneroOne.build/Debug-iphonesimulator/MoneroOne.build/MoneroOne-generated-files.hmap -Xcc -I/Users/j/Documents/GitHub/MoneroOne/build/Build/Intermediates.noindex/MoneroOne.build/Debug-iphonesimulator/MoneroOne.build/MoneroOne-own-target-headers.hmap -Xcc -I/Users/j/Documents/GitHub/MoneroOne/build/Build/Intermediates.noindex/MoneroOne.build/Debug-iphonesimulator/MoneroOne.build/MoneroOne-all-non-framework-target-headers.hmap -Xcc -ivfsoverlay -Xcc /Users/j/Documents/GitHub/MoneroOne/build/Build/Intermediates.noindex/MoneroOne.build/Debug-iphonesimulator/MoneroOne-ddead9317c92f588809e09356899951d-VFS-iphonesimulator/all-product-headers.yaml -Xcc -iquote -Xcc /Users/j/Documents/GitHub/MoneroOne/build/Build/Intermediates.noindex/MoneroOne.build/Debug-iphonesimulator/MoneroOne.build/MoneroOne-project-headers.hmap -Xcc -I/Users/j/Documents/GitHub/MoneroOne/build/SourcePackages/checkouts/swift-nio-ssl/Sources/CNIOBoringSSLShims/include -Xcc -I/Users/j/Documents/GitHub/MoneroOne/build/SourcePackages/checkouts/swift-nio-ssl/Sources/CNIOBoringSSL/include -Xcc -I/Users/j/Documents/GitHub/MoneroOne/build/SourcePackages/checkouts/swift-nio/Sources/CNIOSHA1/include -Xcc -I/Users/j/Documents/GitHub/MoneroOne/build/SourcePackages/checkouts/swift-nio/Sources/CNIOLLHTTP/include -Xcc -I/Users/j/Documents/GitHub/MoneroOne/build/SourcePackages/checkouts/swift-atomics/Sources/_AtomicsShims/include -Xcc -I/Users/j/Documents/GitHub/MoneroOne/build/SourcePackages/checkouts/swift-nio/Sources/CNIOPosix/include -Xcc -I/Users/j/Documents/GitHub/MoneroOne/build/SourcePackages/checkouts/swift-nio/Sources/CNIOWASI/include -Xcc -I/Users/j/Documents/GitHub/MoneroOne/build/SourcePackages/checkouts/swift-nio/Sources/CNIOWindows/include -Xcc -I/Users/j/Documents/GitHub/MoneroOne/build/SourcePackages/checkouts/swift-nio/Sources/CNIOLinux/include -Xcc -I/Users/j/Documents/GitHub/MoneroOne/build/SourcePackages/checkouts/swift-nio/Sources/CNIODarwin/include -Xcc -I/Users/j/Documents/GitHub/MoneroOne/build/SourcePackages/checkouts/swift-nio/Sources/CNIOOpenBSD/include -Xcc -I/Users/j/Documents/GitHub/MoneroOne/build/SourcePackages/checkouts/swift-nio/Sources/CNIOAtomics/include -Xcc -I/Users/j/Documents/GitHub/MoneroKit.Swift/Sources/CMonero/include -Xcc -I/Users/j/Documents/GitHub/MoneroOne/build/SourcePackages/checkouts/swift-crypto/Sources/CCryptoBoringSSLShims/include -Xcc -I/Users/j/Documents/GitHub/MoneroOne/build/SourcePackages/checkouts/swift-crypto/Sources/CCryptoBoringSSL/include -Xcc -I/Users/j/Documents/GitHub/MoneroOne/build/SourcePackages/checkouts/secp256k1.swift/Sources/secp256k1_bindings/include -Xcc -I/Users/j/Documents/GitHub/MoneroOne/build/SourcePackages/checkouts/HsCryptoKit.Swift/Sources/HsCryptoKitC/include -Xcc -I/Users/j/Documents/GitHub/MoneroOne/build/Build/Products/Debug-iphonesimulator/include -Xcc -I/Users/j/Documents/GitHub/MoneroOne/build/Build/Intermediates.noindex/MoneroOne.build/Debug-iphonesimulator/MoneroOne.build/DerivedSources-normal/arm64 -Xcc -I/Users/j/Documents/GitHub/MoneroOne/build/Build/Intermediates.noindex/MoneroOne.build/Debug-iphonesimulator/MoneroOne.build/DerivedSources/arm64 -Xcc -I/Users/j/Documents/GitHub/MoneroOne/build/Build/Intermediates.noindex/MoneroOne.build/Debug-iphonesimulator/MoneroOne.build/DerivedSources -Xcc -DDEBUG\=1 -emit-objc-header -emit-objc-header-path /Users/j/Documents/GitHub/MoneroOne/build/Build/Intermediates.noindex/MoneroOne.build/Debug-iphonesimulator/MoneroOne.build/Objects-normal/arm64/MoneroOne-Swift.h -working-directory /Users/j/Documents/GitHub/MoneroOne -experimental-emit-module-separately -disable-cmo

LinkAssetCatalog /Users/j/Documents/GitHub/MoneroOne/MoneroOne/Resources/Assets.xcassets (in target 'MoneroOne' from project 'MoneroOne')
    cd /Users/j/Documents/GitHub/MoneroOne
    builtin-linkAssetCatalog --thinned /Users/j/Documents/GitHub/MoneroOne/build/Build/Intermediates.noindex/MoneroOne.build/Debug-iphonesimulator/MoneroOne.build/assetcatalog_output/thinned --thinned-dependencies /Users/j/Documents/GitHub/MoneroOne/build/Build/Intermediates.noindex/MoneroOne.build/Debug-iphonesimulator/MoneroOne.build/assetcatalog_dependencies_thinned --thinned-info-plist-content /Users/j/Documents/GitHub/MoneroOne/build/Build/Intermediates.noindex/MoneroOne.build/Debug-iphonesimulator/MoneroOne.build/assetcatalog_generated_info.plist_thinned --unthinned /Users/j/Documents/GitHub/MoneroOne/build/Build/Intermediates.noindex/MoneroOne.build/Debug-iphonesimulator/MoneroOne.build/assetcatalog_output/unthinned --unthinned-dependencies /Users/j/Documents/GitHub/MoneroOne/build/Build/Intermediates.noindex/MoneroOne.build/Debug-iphonesimulator/MoneroOne.build/assetcatalog_dependencies_unthinned --unthinned-info-plist-content /Users/j/Documents/GitHub/MoneroOne/build/Build/Intermediates.noindex/MoneroOne.build/Debug-iphonesimulator/MoneroOne.build/assetcatalog_generated_info.plist_unthinned --output /Users/j/Documents/GitHub/MoneroOne/build/Build/Products/Debug-iphonesimulator/MoneroOne.app --plist-output /Users/j/Documents/GitHub/MoneroOne/build/Build/Intermediates.noindex/MoneroOne.build/Debug-iphonesimulator/MoneroOne.build/assetcatalog_generated_info.plist
note: Emplaced /Users/j/Documents/GitHub/MoneroOne/build/Build/Products/Debug-iphonesimulator/MoneroOne.app/AppIcon76x76@2x~ipad.png (in target 'MoneroOne' from project 'MoneroOne')
note: Emplaced /Users/j/Documents/GitHub/MoneroOne/build/Build/Products/Debug-iphonesimulator/MoneroOne.app/AppIcon60x60@2x.png (in target 'MoneroOne' from project 'MoneroOne')
note: Emplaced /Users/j/Documents/GitHub/MoneroOne/build/Build/Products/Debug-iphonesimulator/MoneroOne.app/Assets.car (in target 'MoneroOne' from project 'MoneroOne')

SwiftMergeGeneratedHeaders /Users/j/Documents/GitHub/MoneroOne/build/Build/Intermediates.noindex/MoneroOne.build/Debug-iphonesimulator/MoneroOne.build/DerivedSources/MoneroOne-Swift.h /Users/j/Documents/GitHub/MoneroOne/build/Build/Intermediates.noindex/MoneroOne.build/Debug-iphonesimulator/MoneroOne.build/Objects-normal/arm64/MoneroOne-Swift.h (in target 'MoneroOne' from project 'MoneroOne')
    cd /Users/j/Documents/GitHub/MoneroOne
    builtin-swiftHeaderTool -arch arm64 /Users/j/Documents/GitHub/MoneroOne/build/Build/Intermediates.noindex/MoneroOne.build/Debug-iphonesimulator/MoneroOne.build/Objects-normal/arm64/MoneroOne-Swift.h -o /Users/j/Documents/GitHub/MoneroOne/build/Build/Intermediates.noindex/MoneroOne.build/Debug-iphonesimulator/MoneroOne.build/DerivedSources/MoneroOne-Swift.h

Copy /Users/j/Documents/GitHub/MoneroOne/build/Build/Products/Debug-iphonesimulator/MoneroOne.swiftmodule/arm64-apple-ios-simulator.swiftmodule /Users/j/Documents/GitHub/MoneroOne/build/Build/Intermediates.noindex/MoneroOne.build/Debug-iphonesimulator/MoneroOne.build/Objects-normal/arm64/MoneroOne.swiftmodule (in target 'MoneroOne' from project 'MoneroOne')
    cd /Users/j/Documents/GitHub/MoneroOne
    builtin-copy -exclude .DS_Store -exclude CVS -exclude .svn -exclude .git -exclude .hg -resolve-src-symlinks -rename /Users/j/Documents/GitHub/MoneroOne/build/Build/Intermediates.noindex/MoneroOne.build/Debug-iphonesimulator/MoneroOne.build/Objects-normal/arm64/MoneroOne.swiftmodule /Users/j/Documents/GitHub/MoneroOne/build/Build/Products/Debug-iphonesimulator/MoneroOne.swiftmodule/arm64-apple-ios-simulator.swiftmodule

Copy /Users/j/Documents/GitHub/MoneroOne/build/Build/Products/Debug-iphonesimulator/MoneroOne.swiftmodule/arm64-apple-ios-simulator.swiftdoc /Users/j/Documents/GitHub/MoneroOne/build/Build/Intermediates.noindex/MoneroOne.build/Debug-iphonesimulator/MoneroOne.build/Objects-normal/arm64/MoneroOne.swiftdoc (in target 'MoneroOne' from project 'MoneroOne')
    cd /Users/j/Documents/GitHub/MoneroOne
    builtin-copy -exclude .DS_Store -exclude CVS -exclude .svn -exclude .git -exclude .hg -resolve-src-symlinks -rename /Users/j/Documents/GitHub/MoneroOne/build/Build/Intermediates.noindex/MoneroOne.build/Debug-iphonesimulator/MoneroOne.build/Objects-normal/arm64/MoneroOne.swiftdoc /Users/j/Documents/GitHub/MoneroOne/build/Build/Products/Debug-iphonesimulator/MoneroOne.swiftmodule/arm64-apple-ios-simulator.swiftdoc

Copy /Users/j/Documents/GitHub/MoneroOne/build/Build/Products/Debug-iphonesimulator/MoneroOne.swiftmodule/arm64-apple-ios-simulator.abi.json /Users/j/Documents/GitHub/MoneroOne/build/Build/Intermediates.noindex/MoneroOne.build/Debug-iphonesimulator/MoneroOne.build/Objects-normal/arm64/MoneroOne.abi.json (in target 'MoneroOne' from project 'MoneroOne')
    cd /Users/j/Documents/GitHub/MoneroOne
    builtin-copy -exclude .DS_Store -exclude CVS -exclude .svn -exclude .git -exclude .hg -resolve-src-symlinks -rename /Users/j/Documents/GitHub/MoneroOne/build/Build/Intermediates.noindex/MoneroOne.build/Debug-iphonesimulator/MoneroOne.build/Objects-normal/arm64/MoneroOne.abi.json /Users/j/Documents/GitHub/MoneroOne/build/Build/Products/Debug-iphonesimulator/MoneroOne.swiftmodule/arm64-apple-ios-simulator.abi.json

Copy /Users/j/Documents/GitHub/MoneroOne/build/Build/Products/Debug-iphonesimulator/MoneroOne.swiftmodule/Project/arm64-apple-ios-simulator.swiftsourceinfo /Users/j/Documents/GitHub/MoneroOne/build/Build/Intermediates.noindex/MoneroOne.build/Debug-iphonesimulator/MoneroOne.build/Objects-normal/arm64/MoneroOne.swiftsourceinfo (in target 'MoneroOne' from project 'MoneroOne')
    cd /Users/j/Documents/GitHub/MoneroOne
    builtin-copy -exclude .DS_Store -exclude CVS -exclude .svn -exclude .git -exclude .hg -resolve-src-symlinks -rename /Users/j/Documents/GitHub/MoneroOne/build/Build/Intermediates.noindex/MoneroOne.build/Debug-iphonesimulator/MoneroOne.build/Objects-normal/arm64/MoneroOne.swiftsourceinfo /Users/j/Documents/GitHub/MoneroOne/build/Build/Products/Debug-iphonesimulator/MoneroOne.swiftmodule/Project/arm64-apple-ios-simulator.swiftsourceinfo

SwiftCompile normal arm64 Compiling\ LiteWalletManager.swift,\ LiteWalletServerClient.swift,\ MainTabView.swift,\ MoneroOneApp.swift /Users/j/Documents/GitHub/MoneroOne/MoneroOne/Core/Wallet/LiteWalletManager.swift /Users/j/Documents/GitHub/MoneroOne/MoneroOne/Core/Services/LiteWalletServerClient.swift /Users/j/Documents/GitHub/MoneroOne/MoneroOne/Features/Wallet/MainTabView.swift /Users/j/Documents/GitHub/MoneroOne/MoneroOne/MoneroOneApp.swift (in target 'MoneroOne' from project 'MoneroOne')

SwiftCompile normal arm64 /Users/j/Documents/GitHub/MoneroOne/MoneroOne/Core/Wallet/LiteWalletManager.swift (in target 'MoneroOne' from project 'MoneroOne')
    cd /Users/j/Documents/GitHub/MoneroOne
    

SwiftCompile normal arm64 /Users/j/Documents/GitHub/MoneroOne/MoneroOne/Core/Services/LiteWalletServerClient.swift (in target 'MoneroOne' from project 'MoneroOne')
    cd /Users/j/Documents/GitHub/MoneroOne
    

SwiftCompile normal arm64 /Users/j/Documents/GitHub/MoneroOne/MoneroOne/Features/Wallet/MainTabView.swift (in target 'MoneroOne' from project 'MoneroOne')
    cd /Users/j/Documents/GitHub/MoneroOne
    

SwiftCompile normal arm64 /Users/j/Documents/GitHub/MoneroOne/MoneroOne/MoneroOneApp.swift (in target 'MoneroOne' from project 'MoneroOne')
    cd /Users/j/Documents/GitHub/MoneroOne
    

SwiftDriverJobDiscovery normal arm64 Compiling SyncActivityAttributes.swift, SyncActivityManager.swift, SyncModeView.swift (in target 'MoneroOne' from project 'MoneroOne')

SwiftDriverJobDiscovery normal arm64 Compiling WalletView.swift, WelcomeView.swift, GeneratedAssetSymbols.swift (in target 'MoneroOne' from project 'MoneroOne')

SwiftDriverJobDiscovery normal arm64 Compiling BackupView.swift, BalanceCard.swift, BiometricAuthManager.swift, ContentView.swift (in target 'MoneroOne' from project 'MoneroOne')

SwiftDriverJobDiscovery normal arm64 Compiling MoneroWallet.swift, NetworkMonitor.swift, NodeManager.swift, NodeSettingsView.swift (in target 'MoneroOne' from project 'MoneroOne')

SwiftDriverJobDiscovery normal arm64 Compiling AnimatedMoneroLogo.swift, BackgroundSyncManager.swift, BackgroundSyncView.swift, BackupSeedView.swift (in target 'MoneroOne' from project 'MoneroOne')

SwiftDriverJobDiscovery normal arm64 Compiling TransactionProgressView.swift, UnlockView.swift, WalletManager.swift (in target 'MoneroOne' from project 'MoneroOne')

SwiftDriverJobDiscovery normal arm64 Compiling CreateWalletView.swift, CurrencySettingsView.swift, ErrorBanner.swift, KeychainStorage.swift (in target 'MoneroOne' from project 'MoneroOne')

SwiftDriverJobDiscovery normal arm64 Compiling SyncSettingsView.swift, TransactionDetailView.swift, TransactionListView.swift (in target 'MoneroOne' from project 'MoneroOne')

SwiftDriverJobDiscovery normal arm64 Compiling SeedPhraseView.swift, SendConfirmationView.swift, SendView.swift, SettingsView.swift (in target 'MoneroOne' from project 'MoneroOne')

SwiftDriverJobDiscovery normal arm64 Compiling ReceiveView.swift, RestoreWalletView.swift, ScrambledText.swift, SecurityView.swift (in target 'MoneroOne' from project 'MoneroOne')

SwiftDriverJobDiscovery normal arm64 Compiling LiteWalletManager.swift, LiteWalletServerClient.swift, MainTabView.swift, MoneroOneApp.swift (in target 'MoneroOne' from project 'MoneroOne')

SwiftDriverJobDiscovery normal arm64 Compiling PriceChartView.swift, PriceService.swift, QRCodeView.swift, QRScannerView.swift (in target 'MoneroOne' from project 'MoneroOne')

SwiftDriver\ Compilation MoneroOne normal arm64 com.apple.xcode.tools.swift.compiler (in target 'MoneroOne' from project 'MoneroOne')
    cd /Users/j/Documents/GitHub/MoneroOne
    builtin-Swift-Compilation -- /Applications/Xcode.app/Contents/Developer/Toolchains/XcodeDefault.xctoolchain/usr/bin/swiftc -module-name MoneroOne -Onone -enforce-exclusivity\=checked @/Users/j/Documents/GitHub/MoneroOne/build/Build/Intermediates.noindex/MoneroOne.build/Debug-iphonesimulator/MoneroOne.build/Objects-normal/arm64/MoneroOne.SwiftFileList -DDEBUG -Xcc -fmodule-map-file\=/Users/j/Documents/GitHub/MoneroOne/build/SourcePackages/checkouts/GRDB.swift/Sources/CSQLite/module.modulemap -Xcc -fmodule-map-file\=/Users/j/Documents/GitHub/MoneroOne/build/Build/Intermediates.noindex/GeneratedModuleMaps-iphonesimulator/CNIOBoringSSLShims.modulemap -Xcc -fmodule-map-file\=/Users/j/Documents/GitHub/MoneroOne/build/Build/Intermediates.noindex/GeneratedModuleMaps-iphonesimulator/CNIOSHA1.modulemap -Xcc -fmodule-map-file\=/Users/j/Documents/GitHub/MoneroOne/build/Build/Intermediates.noindex/GeneratedModuleMaps-iphonesimulator/CNIOLLHTTP.modulemap -Xcc -fmodule-map-file\=/Users/j/Documents/GitHub/MoneroOne/build/Build/Intermediates.noindex/GeneratedModuleMaps-iphonesimulator/CNIOPosix.modulemap -Xcc -fmodule-map-file\=/Users/j/Documents/GitHub/MoneroOne/build/Build/Intermediates.noindex/GeneratedModuleMaps-iphonesimulator/CNIOWASI.modulemap -Xcc -fmodule-map-file\=/Users/j/Documents/GitHub/MoneroOne/build/Build/Intermediates.noindex/GeneratedModuleMaps-iphonesimulator/CNIOLinux.modulemap -Xcc -fmodule-map-file\=/Users/j/Documents/GitHub/MoneroOne/build/Build/Intermediates.noindex/GeneratedModuleMaps-iphonesimulator/CNIODarwin.modulemap -Xcc -fmodule-map-file\=/Users/j/Documents/GitHub/MoneroOne/build/Build/Intermediates.noindex/GeneratedModuleMaps-iphonesimulator/CNIOOpenBSD.modulemap -Xcc -fmodule-map-file\=/Users/j/Documents/GitHub/MoneroOne/build/Build/Intermediates.noindex/GeneratedModuleMaps-iphonesimulator/CNIOAtomics.modulemap -Xcc -fmodule-map-file\=/Users/j/Documents/GitHub/MoneroOne/build/Build/Intermediates.noindex/GeneratedModuleMaps-iphonesimulator/secp256k1_bindings.modulemap -Xcc -fmodule-map-file\=/Users/j/Documents/GitHub/MoneroOne/build/Build/Intermediates.noindex/GeneratedModuleMaps-iphonesimulator/HsCryptoKitC.modulemap -enable-bare-slash-regex -enable-experimental-feature DebugDescriptionMacro -sdk /Applications/Xcode.app/Contents/Developer/Platforms/iPhoneSimulator.platform/Developer/SDKs/iPhoneSimulator26.1.sdk -target arm64-apple-ios26.0-simulator -g -module-cache-path /Users/j/Documents/GitHub/MoneroOne/build/ModuleCache.noindex -Xfrontend -serialize-debugging-options -enable-testing -index-store-path /Users/j/Documents/GitHub/MoneroOne/build/Index.noindex/DataStore -Xcc -D_LIBCPP_HARDENING_MODE\=_LIBCPP_HARDENING_MODE_DEBUG -swift-version 5 -I /Users/j/Documents/GitHub/MoneroOne/build/Build/Products/Debug-iphonesimulator -F /Users/j/Documents/GitHub/MoneroOne/build/Build/Products/Debug-iphonesimulator/PackageFrameworks -F /Users/j/Documents/GitHub/MoneroOne/build/Build/Products/Debug-iphonesimulator/PackageFrameworks -F /Users/j/Documents/GitHub/MoneroOne/build/Build/Products/Debug-iphonesimulator/PackageFrameworks -F /Users/j/Documents/GitHub/MoneroOne/build/Build/Products/Debug-iphonesimulator/PackageFrameworks -F /Users/j/Documents/GitHub/MoneroOne/build/Build/Products/Debug-iphonesimulator/PackageFrameworks -F /Users/j/Documents/GitHub/MoneroOne/build/Build/Products/Debug-iphonesimulator/PackageFrameworks -F /Users/j/Documents/GitHub/MoneroOne/build/Build/Products/Debug-iphonesimulator/PackageFrameworks -F /Users/j/Documents/GitHub/MoneroOne/build/Build/Products/Debug-iphonesimulator/PackageFrameworks -F /Users/j/Documents/GitHub/MoneroOne/build/Build/Products/Debug-iphonesimulator/PackageFrameworks -F /Users/j/Documents/GitHub/MoneroOne/build/Build/Products/Debug-iphonesimulator/PackageFrameworks -F /Users/j/Documents/GitHub/MoneroOne/build/Build/Products/Debug-iphonesimulator/PackageFrameworks -F /Users/j/Documents/GitHub/MoneroOne/build/Build/Products/Debug-iphonesimulator/PackageFrameworks -F /Users/j/Documents/GitHub/MoneroOne/build/Build/Products/Debug-iphonesimulator/PackageFrameworks -F /Users/j/Documents/GitHub/MoneroOne/build/Build/Products/Debug-iphonesimulator/PackageFrameworks -F /Users/j/Documents/GitHub/MoneroOne/build/Build/Products/Debug-iphonesimulator/PackageFrameworks -F /Users/j/Documents/GitHub/MoneroOne/build/Build/Products/Debug-iphonesimulator/PackageFrameworks -F /Users/j/Documents/GitHub/MoneroOne/build/Build/Products/Debug-iphonesimulator/PackageFrameworks -F /Users/j/Documents/GitHub/MoneroOne/build/Build/Products/Debug-iphonesimulator/PackageFrameworks -F /Users/j/Documents/GitHub/MoneroOne/build/Build/Products/Debug-iphonesimulator/PackageFrameworks -F /Users/j/Documents/GitHub/MoneroOne/build/Build/Products/Debug-iphonesimulator/PackageFrameworks -F /Users/j/Documents/GitHub/MoneroOne/build/Build/Products/Debug-iphonesimulator/PackageFrameworks -F /Users/j/Documents/GitHub/MoneroOne/build/Build/Products/Debug-iphonesimulator/PackageFrameworks -F /Users/j/Documents/GitHub/MoneroOne/build/Build/Products/Debug-iphonesimulator/PackageFrameworks -F /Users/j/Documents/GitHub/MoneroOne/build/Build/Products/Debug-iphonesimulator/PackageFrameworks -F /Users/j/Documents/GitHub/MoneroOne/build/Build/Products/Debug-iphonesimulator/PackageFrameworks -F /Users/j/Documents/GitHub/MoneroOne/build/Build/Products/Debug-iphonesimulator/PackageFrameworks -F /Users/j/Documents/GitHub/MoneroOne/build/Build/Products/Debug-iphonesimulator/PackageFrameworks -F /Users/j/Documents/GitHub/MoneroOne/build/Build/Products/Debug-iphonesimulator/PackageFrameworks -F /Users/j/Documents/GitHub/MoneroOne/build/Build/Products/Debug-iphonesimulator/PackageFrameworks -F /Users/j/Documents/GitHub/MoneroOne/build/Build/Products/Debug-iphonesimulator/PackageFrameworks -F /Users/j/Documents/GitHub/MoneroOne/build/Build/Products/Debug-iphonesimulator/PackageFrameworks -F /Users/j/Documents/GitHub/MoneroOne/build/Build/Products/Debug-iphonesimulator/PackageFrameworks -F /Users/j/Documents/GitHub/MoneroOne/build/Build/Products/Debug-iphonesimulator/PackageFrameworks -F /Users/j/Documents/GitHub/MoneroOne/build/Build/Products/Debug-iphonesimulator/PackageFrameworks -F /Users/j/Documents/GitHub/MoneroOne/build/Build/Products/Debug-iphonesimulator/PackageFrameworks -F /Users/j/Documents/GitHub/MoneroOne/build/Build/Products/Debug-iphonesimulator/PackageFrameworks -F /Users/j/Documents/GitHub/MoneroOne/build/Build/Products/Debug-iphonesimulator/PackageFrameworks -F /Users/j/Documents/GitHub/MoneroOne/build/Build/Products/Debug-iphonesimulator/PackageFrameworks -F /Users/j/Documents/GitHub/MoneroOne/build/Build/Products/Debug-iphonesimulator/PackageFrameworks -F /Users/j/Documents/GitHub/MoneroOne/build/Build/Products/Debug-iphonesimulator/PackageFrameworks -F /Users/j/Documents/GitHub/MoneroOne/build/Build/Products/Debug-iphonesimulator/PackageFrameworks -F /Users/j/Documents/GitHub/MoneroOne/build/Build/Products/Debug-iphonesimulator/PackageFrameworks -F /Users/j/Documents/GitHub/MoneroOne/build/Build/Products/Debug-iphonesimulator/PackageFrameworks -F /Users/j/Documents/GitHub/MoneroOne/build/Build/Products/Debug-iphonesimulator/PackageFrameworks -F /Users/j/Documents/GitHub/MoneroOne/build/Build/Products/Debug-iphonesimulator/PackageFrameworks -F /Users/j/Documents/GitHub/MoneroOne/build/Build/Products/Debug-iphonesimulator -emit-localized-strings -emit-localized-strings-path /Users/j/Documents/GitHub/MoneroOne/build/Build/Intermediates.noindex/MoneroOne.build/Debug-iphonesimulator/MoneroOne.build/Objects-normal/arm64 -c -j12 -enable-batch-mode -incremental -Xcc -ivfsstatcache -Xcc /Users/j/Documents/GitHub/MoneroOne/build/SDKStatCaches.noindex/iphonesimulator26.1-23B77-90cf18a4295e390e64c810bc6bd7acbc.sdkstatcache -output-file-map /Users/j/Documents/GitHub/MoneroOne/build/Build/Intermediates.noindex/MoneroOne.build/Debug-iphonesimulator/MoneroOne.build/Objects-normal/arm64/MoneroOne-OutputFileMap.json -use-frontend-parseable-output -save-temps -no-color-diagnostics -explicit-module-build -module-cache-path /Users/j/Documents/GitHub/MoneroOne/build/Build/Intermediates.noindex/SwiftExplicitPrecompiledModules -clang-scanner-module-cache-path /Users/j/Documents/GitHub/MoneroOne/build/ModuleCache.noindex -sdk-module-cache-path /Users/j/Documents/GitHub/MoneroOne/build/ModuleCache.noindex -serialize-diagnostics -emit-dependencies -emit-module -emit-module-path /Users/j/Documents/GitHub/MoneroOne/build/Build/Intermediates.noindex/MoneroOne.build/Debug-iphonesimulator/MoneroOne.build/Objects-normal/arm64/MoneroOne.swiftmodule -validate-clang-modules-once -clang-build-session-file /Users/j/Documents/GitHub/MoneroOne/build/ModuleCache.noindex/Session.modulevalidation -Xcc -I/Users/j/Documents/GitHub/MoneroOne/build/Build/Intermediates.noindex/MoneroOne.build/Debug-iphonesimulator/MoneroOne.build/swift-overrides.hmap -emit-const-values -Xfrontend -const-gather-protocols-file -Xfrontend /Users/j/Documents/GitHub/MoneroOne/build/Build/Intermediates.noindex/MoneroOne.build/Debug-iphonesimulator/MoneroOne.build/Objects-normal/arm64/MoneroOne_const_extract_protocols.json -Xcc -iquote -Xcc /Users/j/Documents/GitHub/MoneroOne/build/Build/Intermediates.noindex/MoneroOne.build/Debug-iphonesimulator/MoneroOne.build/MoneroOne-generated-files.hmap -Xcc -I/Users/j/Documents/GitHub/MoneroOne/build/Build/Intermediates.noindex/MoneroOne.build/Debug-iphonesimulator/MoneroOne.build/MoneroOne-own-target-headers.hmap -Xcc -I/Users/j/Documents/GitHub/MoneroOne/build/Build/Intermediates.noindex/MoneroOne.build/Debug-iphonesimulator/MoneroOne.build/MoneroOne-all-non-framework-target-headers.hmap -Xcc -ivfsoverlay -Xcc /Users/j/Documents/GitHub/MoneroOne/build/Build/Intermediates.noindex/MoneroOne.build/Debug-iphonesimulator/MoneroOne-ddead9317c92f588809e09356899951d-VFS-iphonesimulator/all-product-headers.yaml -Xcc -iquote -Xcc /Users/j/Documents/GitHub/MoneroOne/build/Build/Intermediates.noindex/MoneroOne.build/Debug-iphonesimulator/MoneroOne.build/MoneroOne-project-headers.hmap -Xcc -I/Users/j/Documents/GitHub/MoneroOne/build/SourcePackages/checkouts/swift-nio-ssl/Sources/CNIOBoringSSLShims/include -Xcc -I/Users/j/Documents/GitHub/MoneroOne/build/SourcePackages/checkouts/swift-nio-ssl/Sources/CNIOBoringSSL/include -Xcc -I/Users/j/Documents/GitHub/MoneroOne/build/SourcePackages/checkouts/swift-nio/Sources/CNIOSHA1/include -Xcc -I/Users/j/Documents/GitHub/MoneroOne/build/SourcePackages/checkouts/swift-nio/Sources/CNIOLLHTTP/include -Xcc -I/Users/j/Documents/GitHub/MoneroOne/build/SourcePackages/checkouts/swift-atomics/Sources/_AtomicsShims/include -Xcc -I/Users/j/Documents/GitHub/MoneroOne/build/SourcePackages/checkouts/swift-nio/Sources/CNIOPosix/include -Xcc -I/Users/j/Documents/GitHub/MoneroOne/build/SourcePackages/checkouts/swift-nio/Sources/CNIOWASI/include -Xcc -I/Users/j/Documents/GitHub/MoneroOne/build/SourcePackages/checkouts/swift-nio/Sources/CNIOWindows/include -Xcc -I/Users/j/Documents/GitHub/MoneroOne/build/SourcePackages/checkouts/swift-nio/Sources/CNIOLinux/include -Xcc -I/Users/j/Documents/GitHub/MoneroOne/build/SourcePackages/checkouts/swift-nio/Sources/CNIODarwin/include -Xcc -I/Users/j/Documents/GitHub/MoneroOne/build/SourcePackages/checkouts/swift-nio/Sources/CNIOOpenBSD/include -Xcc -I/Users/j/Documents/GitHub/MoneroOne/build/SourcePackages/checkouts/swift-nio/Sources/CNIOAtomics/include -Xcc -I/Users/j/Documents/GitHub/MoneroKit.Swift/Sources/CMonero/include -Xcc -I/Users/j/Documents/GitHub/MoneroOne/build/SourcePackages/checkouts/swift-crypto/Sources/CCryptoBoringSSLShims/include -Xcc -I/Users/j/Documents/GitHub/MoneroOne/build/SourcePackages/checkouts/swift-crypto/Sources/CCryptoBoringSSL/include -Xcc -I/Users/j/Documents/GitHub/MoneroOne/build/SourcePackages/checkouts/secp256k1.swift/Sources/secp256k1_bindings/include -Xcc -I/Users/j/Documents/GitHub/MoneroOne/build/SourcePackages/checkouts/HsCryptoKit.Swift/Sources/HsCryptoKitC/include -Xcc -I/Users/j/Documents/GitHub/MoneroOne/build/Build/Products/Debug-iphonesimulator/include -Xcc -I/Users/j/Documents/GitHub/MoneroOne/build/Build/Intermediates.noindex/MoneroOne.build/Debug-iphonesimulator/MoneroOne.build/DerivedSources-normal/arm64 -Xcc -I/Users/j/Documents/GitHub/MoneroOne/build/Build/Intermediates.noindex/MoneroOne.build/Debug-iphonesimulator/MoneroOne.build/DerivedSources/arm64 -Xcc -I/Users/j/Documents/GitHub/MoneroOne/build/Build/Intermediates.noindex/MoneroOne.build/Debug-iphonesimulator/MoneroOne.build/DerivedSources -Xcc -DDEBUG\=1 -emit-objc-header -emit-objc-header-path /Users/j/Documents/GitHub/MoneroOne/build/Build/Intermediates.noindex/MoneroOne.build/Debug-iphonesimulator/MoneroOne.build/Objects-normal/arm64/MoneroOne-Swift.h -working-directory /Users/j/Documents/GitHub/MoneroOne -experimental-emit-module-separately -disable-cmo

Ld /Users/j/Documents/GitHub/MoneroOne/build/Build/Products/Debug-iphonesimulator/MoneroOne.app/MoneroOne.debug.dylib normal (in target 'MoneroOne' from project 'MoneroOne')
    cd /Users/j/Documents/GitHub/MoneroOne
    /Applications/Xcode.app/Contents/Developer/Toolchains/XcodeDefault.xctoolchain/usr/bin/clang -Xlinker -reproducible -target arm64-apple-ios26.0-simulator -dynamiclib -isysroot /Applications/Xcode.app/Contents/Developer/Platforms/iPhoneSimulator.platform/Developer/SDKs/iPhoneSimulator26.1.sdk -O0 -L/Users/j/Documents/GitHub/MoneroOne/build/Build/Intermediates.noindex/EagerLinkingTBDs/Debug-iphonesimulator -L/Users/j/Documents/GitHub/MoneroOne/build/Build/Products/Debug-iphonesimulator -F/Users/j/Documents/GitHub/MoneroOne/build/Build/Intermediates.noindex/EagerLinkingTBDs/Debug-iphonesimulator -F/Users/j/Documents/GitHub/MoneroOne/build/Build/Products/Debug-iphonesimulator/PackageFrameworks -F/Users/j/Documents/GitHub/MoneroOne/build/Build/Products/Debug-iphonesimulator/PackageFrameworks -F/Users/j/Documents/GitHub/MoneroOne/build/Build/Products/Debug-iphonesimulator/PackageFrameworks -F/Users/j/Documents/GitHub/MoneroOne/build/Build/Products/Debug-iphonesimulator/PackageFrameworks -F/Users/j/Documents/GitHub/MoneroOne/build/Build/Products/Debug-iphonesimulator/PackageFrameworks -F/Users/j/Documents/GitHub/MoneroOne/build/Build/Products/Debug-iphonesimulator/PackageFrameworks -F/Users/j/Documents/GitHub/MoneroOne/build/Build/Products/Debug-iphonesimulator/PackageFrameworks -F/Users/j/Documents/GitHub/MoneroOne/build/Build/Products/Debug-iphonesimulator/PackageFrameworks -F/Users/j/Documents/GitHub/MoneroOne/build/Build/Products/Debug-iphonesimulator/PackageFrameworks -F/Users/j/Documents/GitHub/MoneroOne/build/Build/Products/Debug-iphonesimulator/PackageFrameworks -F/Users/j/Documents/GitHub/MoneroOne/build/Build/Products/Debug-iphonesimulator/PackageFrameworks -F/Users/j/Documents/GitHub/MoneroOne/build/Build/Products/Debug-iphonesimulator/PackageFrameworks -F/Users/j/Documents/GitHub/MoneroOne/build/Build/Products/Debug-iphonesimulator/PackageFrameworks -F/Users/j/Documents/GitHub/MoneroOne/build/Build/Products/Debug-iphonesimulator/PackageFrameworks -F/Users/j/Documents/GitHub/MoneroOne/build/Build/Products/Debug-iphonesimulator/PackageFrameworks -F/Users/j/Documents/GitHub/MoneroOne/build/Build/Products/Debug-iphonesimulator/PackageFrameworks -F/Users/j/Documents/GitHub/MoneroOne/build/Build/Products/Debug-iphonesimulator/PackageFrameworks -F/Users/j/Documents/GitHub/MoneroOne/build/Build/Products/Debug-iphonesimulator/PackageFrameworks -F/Users/j/Documents/GitHub/MoneroOne/build/Build/Products/Debug-iphonesimulator/PackageFrameworks -F/Users/j/Documents/GitHub/MoneroOne/build/Build/Products/Debug-iphonesimulator/PackageFrameworks -F/Users/j/Documents/GitHub/MoneroOne/build/Build/Products/Debug-iphonesimulator/PackageFrameworks -F/Users/j/Documents/GitHub/MoneroOne/build/Build/Products/Debug-iphonesimulator/PackageFrameworks -F/Users/j/Documents/GitHub/MoneroOne/build/Build/Products/Debug-iphonesimulator/PackageFrameworks -F/Users/j/Documents/GitHub/MoneroOne/build/Build/Products/Debug-iphonesimulator/PackageFrameworks -F/Users/j/Documents/GitHub/MoneroOne/build/Build/Products/Debug-iphonesimulator/PackageFrameworks -F/Users/j/Documents/GitHub/MoneroOne/build/Build/Products/Debug-iphonesimulator/PackageFrameworks -F/Users/j/Documents/GitHub/MoneroOne/build/Build/Products/Debug-iphonesimulator/PackageFrameworks -F/Users/j/Documents/GitHub/MoneroOne/build/Build/Products/Debug-iphonesimulator/PackageFrameworks -F/Users/j/Documents/GitHub/MoneroOne/build/Build/Products/Debug-iphonesimulator/PackageFrameworks -F/Users/j/Documents/GitHub/MoneroOne/build/Build/Products/Debug-iphonesimulator/PackageFrameworks -F/Users/j/Documents/GitHub/MoneroOne/build/Build/Products/Debug-iphonesimulator/PackageFrameworks -F/Users/j/Documents/GitHub/MoneroOne/build/Build/Products/Debug-iphonesimulator/PackageFrameworks -F/Users/j/Documents/GitHub/MoneroOne/build/Build/Products/Debug-iphonesimulator/PackageFrameworks -F/Users/j/Documents/GitHub/MoneroOne/build/Build/Products/Debug-iphonesimulator/PackageFrameworks -F/Users/j/Documents/GitHub/MoneroOne/build/Build/Products/Debug-iphonesimulator/PackageFrameworks -F/Users/j/Documents/GitHub/MoneroOne/build/Build/Products/Debug-iphonesimulator/PackageFrameworks -F/Users/j/Documents/GitHub/MoneroOne/build/Build/Products/Debug-iphonesimulator/PackageFrameworks -F/Users/j/Documents/GitHub/MoneroOne/build/Build/Products/Debug-iphonesimulator/PackageFrameworks -F/Users/j/Documents/GitHub/MoneroOne/build/Build/Products/Debug-iphonesimulator/PackageFrameworks -F/Users/j/Documents/GitHub/MoneroOne/build/Build/Products/Debug-iphonesimulator/PackageFrameworks -F/Users/j/Documents/GitHub/MoneroOne/build/Build/Products/Debug-iphonesimulator/PackageFrameworks -F/Users/j/Documents/GitHub/MoneroOne/build/Build/Products/Debug-iphonesimulator/PackageFrameworks -F/Users/j/Documents/GitHub/MoneroOne/build/Build/Products/Debug-iphonesimulator/PackageFrameworks -F/Users/j/Documents/GitHub/MoneroOne/build/Build/Products/Debug-iphonesimulator/PackageFrameworks -F/Users/j/Documents/GitHub/MoneroOne/build/Build/Products/Debug-iphonesimulator/PackageFrameworks -F/Users/j/Documents/GitHub/MoneroOne/build/Build/Products/Debug-iphonesimulator -filelist /Users/j/Documents/GitHub/MoneroOne/build/Build/Intermediates.noindex/MoneroOne.build/Debug-iphonesimulator/MoneroOne.build/Objects-normal/arm64/MoneroOne.LinkFileList -install_name @rpath/MoneroOne.debug.dylib -Xlinker -rpath -Xlinker /Users/j/Documents/GitHub/MoneroOne/build/Build/Products/Debug-iphonesimulator/PackageFrameworks -Xlinker -rpath -Xlinker @executable_path/Frameworks -dead_strip -Xlinker -object_path_lto -Xlinker /Users/j/Documents/GitHub/MoneroOne/build/Build/Intermediates.noindex/MoneroOne.build/Debug-iphonesimulator/MoneroOne.build/Objects-normal/arm64/MoneroOne_lto.o -rdynamic -Xlinker -no_deduplicate -Xlinker -objc_abi_version -Xlinker 2 -Xlinker -dependency_info -Xlinker /Users/j/Documents/GitHub/MoneroOne/build/Build/Intermediates.noindex/MoneroOne.build/Debug-iphonesimulator/MoneroOne.build/Objects-normal/arm64/MoneroOne_dependency_info.dat -fobjc-link-runtime -L/Applications/Xcode.app/Contents/Developer/Toolchains/XcodeDefault.xctoolchain/usr/lib/swift/iphonesimulator -L/usr/lib/swift -Xlinker -add_ast_path -Xlinker /Users/j/Documents/GitHub/MoneroOne/build/Build/Intermediates.noindex/MoneroOne.build/Debug-iphonesimulator/MoneroOne.build/Objects-normal/arm64/MoneroOne.swiftmodule @/Users/j/Documents/GitHub/MoneroOne/build/Build/Intermediates.noindex/MoneroOne.build/Debug-iphonesimulator/MoneroOne.build/Objects-normal/arm64/MoneroOne-linker-args.resp -Wl,-no_warn_duplicate_libraries -Wl,-no_warn_duplicate_libraries -Wl,-no_warn_duplicate_libraries -Wl,-no_warn_duplicate_libraries -Wl,-no_warn_duplicate_libraries -lc++ -Wl,-no_warn_duplicate_libraries -Wl,-no_warn_duplicate_libraries -Wl,-no_warn_duplicate_libraries -Wl,-no_warn_duplicate_libraries -Wl,-no_warn_duplicate_libraries -Wl,-no_warn_duplicate_libraries -Wl,-no_warn_duplicate_libraries -Wl,-no_warn_duplicate_libraries -Wl,-no_warn_duplicate_libraries -Wl,-no_warn_duplicate_libraries -Wl,-no_warn_duplicate_libraries -Wl,-no_warn_duplicate_libraries -Wl,-no_warn_duplicate_libraries -Wl,-no_warn_duplicate_libraries -Wl,-no_warn_duplicate_libraries -Wl,-no_warn_duplicate_libraries -Wl,-no_warn_duplicate_libraries -Wl,-no_warn_duplicate_libraries -Wl,-no_warn_duplicate_libraries -Wl,-no_warn_duplicate_libraries -Wl,-no_warn_duplicate_libraries -Wl,-no_warn_duplicate_libraries -Wl,-no_warn_duplicate_libraries -Wl,-no_warn_duplicate_libraries -Wl,-no_warn_duplicate_libraries -Wl,-no_warn_duplicate_libraries -lc++ -Wl,-no_warn_duplicate_libraries -Wl,-no_warn_duplicate_libraries -Wl,-no_warn_duplicate_libraries -Wl,-no_warn_duplicate_libraries -Wl,-no_warn_duplicate_libraries -Wl,-no_warn_duplicate_libraries -Wl,-no_warn_duplicate_libraries -Wl,-no_warn_duplicate_libraries -Wl,-no_warn_duplicate_libraries -Wl,-no_warn_duplicate_libraries -Wl,-no_warn_duplicate_libraries -Wl,-no_warn_duplicate_libraries -Wl,-no_warn_duplicate_libraries -Wl,-no_warn_duplicate_libraries -lc++ -framework CFNetwork -Xlinker -alias -Xlinker _main -Xlinker ___debug_main_executable_dylib_entry_point -lMoneroCombined -Xlinker -no_adhoc_codesign -o /Users/j/Documents/GitHub/MoneroOne/build/Build/Products/Debug-iphonesimulator/MoneroOne.app/MoneroOne.debug.dylib -Xlinker -add_ast_path -Xlinker /Users/j/Documents/GitHub/MoneroOne/build/Build/Intermediates.noindex/MoneroKit.swift.build/Debug-iphonesimulator/MoneroKit.build/Objects-normal/arm64/MoneroKit.swiftmodule @/Users/j/Documents/GitHub/MoneroOne/build/Build/Intermediates.noindex/MoneroKit.swift.build/Debug-iphonesimulator/MoneroKit.build/Objects-normal/arm64/MoneroKit-linker-args.resp -Xlinker -add_ast_path -Xlinker /Users/j/Documents/GitHub/MoneroOne/build/Build/Intermediates.noindex/GRDB.build/Debug-iphonesimulator/GRDB.build/Objects-normal/arm64/GRDB.swiftmodule @/Users/j/Documents/GitHub/MoneroOne/build/Build/Intermediates.noindex/GRDB.build/Debug-iphonesimulator/GRDB.build/Objects-normal/arm64/GRDB-linker-args.resp -Xlinker -add_ast_path -Xlinker /Users/j/Documents/GitHub/MoneroOne/build/Build/Intermediates.noindex/HdWalletKit.build/Debug-iphonesimulator/HdWalletKit.build/Objects-normal/arm64/HdWalletKit.swiftmodule @/Users/j/Documents/GitHub/MoneroOne/build/Build/Intermediates.noindex/HdWalletKit.build/Debug-iphonesimulator/HdWalletKit.build/Objects-normal/arm64/HdWalletKit-linker-args.resp -Xlinker -add_ast_path -Xlinker /Users/j/Documents/GitHub/MoneroOne/build/Build/Intermediates.noindex/swift-crypto.build/Debug-iphonesimulator/Crypto.build/Objects-normal/arm64/Crypto.swiftmodule @/Users/j/Documents/GitHub/MoneroOne/build/Build/Intermediates.noindex/swift-crypto.build/Debug-iphonesimulator/Crypto.build/Objects-normal/arm64/Crypto-linker-args.resp -Xlinker -add_ast_path -Xlinker /Users/j/Documents/GitHub/MoneroOne/build/Build/Intermediates.noindex/swift-crypto.build/Debug-iphonesimulator/_CryptoExtras.build/Objects-normal/arm64/_CryptoExtras.swiftmodule @/Users/j/Documents/GitHub/MoneroOne/build/Build/Intermediates.noindex/swift-crypto.build/Debug-iphonesimulator/_CryptoExtras.build/Objects-normal/arm64/_CryptoExtras-linker-args.resp -Xlinker -add_ast_path -Xlinker /Users/j/Documents/GitHub/MoneroOne/build/Build/Intermediates.noindex/swift-crypto.build/Debug-iphonesimulator/CryptoBoringWrapper.build/Objects-normal/arm64/CryptoBoringWrapper.swiftmodule @/Users/j/Documents/GitHub/MoneroOne/build/Build/Intermediates.noindex/swift-crypto.build/Debug-iphonesimulator/CryptoBoringWrapper.build/Objects-normal/arm64/CryptoBoringWrapper-linker-args.resp -Xlinker -add_ast_path -Xlinker /Users/j/Documents/GitHub/MoneroOne/build/Build/Intermediates.noindex/secp256k1.build/Debug-iphonesimulator/secp256k1.build/Objects-normal/arm64/secp256k1.swiftmodule @/Users/j/Documents/GitHub/MoneroOne/build/Build/Intermediates.noindex/secp256k1.build/Debug-iphonesimulator/secp256k1.build/Objects-normal/arm64/secp256k1-linker-args.resp -Xlinker -add_ast_path -Xlinker /Users/j/Documents/GitHub/MoneroOne/build/Build/Intermediates.noindex/HsCryptoKit.Swift.build/Debug-iphonesimulator/HsCryptoKit.build/Objects-normal/arm64/HsCryptoKit.swiftmodule @/Users/j/Documents/GitHub/MoneroOne/build/Build/Intermediates.noindex/HsCryptoKit.Swift.build/Debug-iphonesimulator/HsCryptoKit.build/Objects-normal/arm64/HsCryptoKit-linker-args.resp -Xlinker -add_ast_path -Xlinker /Users/j/Documents/GitHub/MoneroOne/build/Build/Intermediates.noindex/BigInt.build/Debug-iphonesimulator/BigInt.build/Objects-normal/arm64/BigInt.swiftmodule @/Users/j/Documents/GitHub/MoneroOne/build/Build/Intermediates.noindex/BigInt.build/Debug-iphonesimulator/BigInt.build/Objects-normal/arm64/BigInt-linker-args.resp -Xlinker -add_ast_path -Xlinker /Users/j/Documents/GitHub/MoneroOne/build/Build/Intermediates.noindex/HsExtensions.Swift.build/Debug-iphonesimulator/HsExtensions.build/Objects-normal/arm64/HsExtensions.swiftmodule @/Users/j/Documents/GitHub/MoneroOne/build/Build/Intermediates.noindex/HsExtensions.Swift.build/Debug-iphonesimulator/HsExtensions.build/Objects-normal/arm64/HsExtensions-linker-args.resp -Xlinker -add_ast_path -Xlinker /Users/j/Documents/GitHub/MoneroOne/build/Build/Intermediates.noindex/HsToolKit.build/Debug-iphonesimulator/HsToolKit.build/Objects-normal/arm64/HsToolKit.swiftmodule @/Users/j/Documents/GitHub/MoneroOne/build/Build/Intermediates.noindex/HsToolKit.build/Debug-iphonesimulator/HsToolKit.build/Objects-normal/arm64/HsToolKit-linker-args.resp -Xlinker -add_ast_path -Xlinker /Users/j/Documents/GitHub/MoneroOne/build/Build/Intermediates.noindex/Alamofire.build/Debug-iphonesimulator/Alamofire.build/Objects-normal/arm64/Alamofire.swiftmodule @/Users/j/Documents/GitHub/MoneroOne/build/Build/Intermediates.noindex/Alamofire.build/Debug-iphonesimulator/Alamofire.build/Objects-normal/arm64/Alamofire-linker-args.resp -Xlinker -add_ast_path -Xlinker /Users/j/Documents/GitHub/MoneroOne/build/Build/Intermediates.noindex/ObjectMapper.build/Debug-iphonesimulator/ObjectMapper.build/Objects-normal/arm64/ObjectMapper.swiftmodule @/Users/j/Documents/GitHub/MoneroOne/build/Build/Intermediates.noindex/ObjectMapper.build/Debug-iphonesimulator/ObjectMapper.build/Objects-normal/arm64/ObjectMapper-linker-args.resp -Xlinker -add_ast_path -Xlinker /Users/j/Documents/GitHub/MoneroOne/build/Build/Intermediates.noindex/swift-nio-ssl.build/Debug-iphonesimulator/NIOSSL.build/Objects-normal/arm64/NIOSSL.swiftmodule @/Users/j/Documents/GitHub/MoneroOne/build/Build/Intermediates.noindex/swift-nio-ssl.build/Debug-iphonesimulator/NIOSSL.build/Objects-normal/arm64/NIOSSL-linker-args.resp -Xlinker -add_ast_path -Xlinker /Users/j/Documents/GitHub/MoneroOne/build/Build/Intermediates.noindex/swift-nio.build/Debug-iphonesimulator/NIO.build/Objects-normal/arm64/NIO.swiftmodule @/Users/j/Documents/GitHub/MoneroOne/build/Build/Intermediates.noindex/swift-nio.build/Debug-iphonesimulator/NIO.build/Objects-normal/arm64/NIO-linker-args.resp -Xlinker -add_ast_path -Xlinker /Users/j/Documents/GitHub/MoneroOne/build/Build/Intermediates.noindex/swift-nio.build/Debug-iphonesimulator/NIOConcurrencyHelpers.build/Objects-normal/arm64/NIOConcurrencyHelpers.swiftmodule @/Users/j/Documents/GitHub/MoneroOne/build/Build/Intermediates.noindex/swift-nio.build/Debug-iphonesimulator/NIOConcurrencyHelpers.build/Objects-normal/arm64/NIOConcurrencyHelpers-linker-args.resp -Xlinker -add_ast_path -Xlinker /Users/j/Documents/GitHub/MoneroOne/build/Build/Intermediates.noindex/swift-nio.build/Debug-iphonesimulator/_NIOBase64.build/Objects-normal/arm64/_NIOBase64.swiftmodule @/Users/j/Documents/GitHub/MoneroOne/build/Build/Intermediates.noindex/swift-nio.build/Debug-iphonesimulator/_NIOBase64.build/Objects-normal/arm64/_NIOBase64-linker-args.resp -Xlinker -add_ast_path -Xlinker /Users/j/Documents/GitHub/MoneroOne/build/Build/Intermediates.noindex/swift-nio.build/Debug-iphonesimulator/_NIODataStructures.build/Objects-normal/arm64/_NIODataStructures.swiftmodule @/Users/j/Documents/GitHub/MoneroOne/build/Build/Intermediates.noindex/swift-nio.build/Debug-iphonesimulator/_NIODataStructures.build/Objects-normal/arm64/_NIODataStructures-linker-args.resp -Xlinker -add_ast_path -Xlinker /Users/j/Documents/GitHub/MoneroOne/build/Build/Intermediates.noindex/swift-collections.build/Debug-iphonesimulator/DequeModule.build/Objects-normal/arm64/DequeModule.swiftmodule @/Users/j/Documents/GitHub/MoneroOne/build/Build/Intermediates.noindex/swift-collections.build/Debug-iphonesimulator/DequeModule.build/Objects-normal/arm64/DequeModule-linker-args.resp -Xlinker -add_ast_path -Xlinker /Users/j/Documents/GitHub/MoneroOne/build/Build/Intermediates.noindex/swift-collections.build/Debug-iphonesimulator/InternalCollectionsUtilities.build/Objects-normal/arm64/InternalCollectionsUtilities.swiftmodule @/Users/j/Documents/GitHub/MoneroOne/build/Build/Intermediates.noindex/swift-collections.build/Debug-iphonesimulator/InternalCollectionsUtilities.build/Objects-normal/arm64/InternalCollectionsUtilities-linker-args.resp -Xlinker -add_ast_path -Xlinker /Users/j/Documents/GitHub/MoneroOne/build/Build/Intermediates.noindex/swift-atomics.build/Debug-iphonesimulator/Atomics.build/Objects-normal/arm64/Atomics.swiftmodule @/Users/j/Documents/GitHub/MoneroOne/build/Build/Intermediates.noindex/swift-atomics.build/Debug-iphonesimulator/Atomics.build/Objects-normal/arm64/Atomics-linker-args.resp -Xlinker -add_ast_path -Xlinker /Users/j/Documents/GitHub/MoneroOne/build/Build/Intermediates.noindex/swift-nio.build/Debug-iphonesimulator/NIOCore.build/Objects-normal/arm64/NIOCore.swiftmodule @/Users/j/Documents/GitHub/MoneroOne/build/Build/Intermediates.noindex/swift-nio.build/Debug-iphonesimulator/NIOCore.build/Objects-normal/arm64/NIOCore-linker-args.resp -Xlinker -add_ast_path -Xlinker /Users/j/Documents/GitHub/MoneroOne/build/Build/Intermediates.noindex/swift-nio.build/Debug-iphonesimulator/NIOEmbedded.build/Objects-normal/arm64/NIOEmbedded.swiftmodule @/Users/j/Documents/GitHub/MoneroOne/build/Build/Intermediates.noindex/swift-nio.build/Debug-iphonesimulator/NIOEmbedded.build/Objects-normal/arm64/NIOEmbedded-linker-args.resp -Xlinker -add_ast_path -Xlinker /Users/j/Documents/GitHub/MoneroOne/build/Build/Intermediates.noindex/swift-nio.build/Debug-iphonesimulator/NIOPosix.build/Objects-normal/arm64/NIOPosix.swiftmodule @/Users/j/Documents/GitHub/MoneroOne/build/Build/Intermediates.noindex/swift-nio.build/Debug-iphonesimulator/NIOPosix.build/Objects-normal/arm64/NIOPosix-linker-args.resp -Xlinker -add_ast_path -Xlinker /Users/j/Documents/GitHub/MoneroOne/build/Build/Intermediates.noindex/swift-nio.build/Debug-iphonesimulator/NIOTLS.build/Objects-normal/arm64/NIOTLS.swiftmodule @/Users/j/Documents/GitHub/MoneroOne/build/Build/Intermediates.noindex/swift-nio.build/Debug-iphonesimulator/NIOTLS.build/Objects-normal/arm64/NIOTLS-linker-args.resp -Xlinker -add_ast_path -Xlinker /Users/j/Documents/GitHub/MoneroOne/build/Build/Intermediates.noindex/swift-nio.build/Debug-iphonesimulator/NIOWebSocket.build/Objects-normal/arm64/NIOWebSocket.swiftmodule @/Users/j/Documents/GitHub/MoneroOne/build/Build/Intermediates.noindex/swift-nio.build/Debug-iphonesimulator/NIOWebSocket.build/Objects-normal/arm64/NIOWebSocket-linker-args.resp -Xlinker -add_ast_path -Xlinker /Users/j/Documents/GitHub/MoneroOne/build/Build/Intermediates.noindex/swift-nio.build/Debug-iphonesimulator/NIOHTTP1.build/Objects-normal/arm64/NIOHTTP1.swiftmodule @/Users/j/Documents/GitHub/MoneroOne/build/Build/Intermediates.noindex/swift-nio.build/Debug-iphonesimulator/NIOHTTP1.build/Objects-normal/arm64/NIOHTTP1-linker-args.resp -Xlinker -add_ast_path -Xlinker /Users/j/Documents/GitHub/MoneroOne/build/Build/Intermediates.noindex/swift-nio.build/Debug-iphonesimulator/NIOFoundationCompat.build/Objects-normal/arm64/NIOFoundationCompat.swiftmodule @/Users/j/Documents/GitHub/MoneroOne/build/Build/Intermediates.noindex/swift-nio.build/Debug-iphonesimulator/NIOFoundationCompat.build/Objects-normal/arm64/NIOFoundationCompat-linker-args.resp
ld: warning: symbols in __TEXT,text_env (/Users/j/Documents/GitHub/MoneroOne/build/Build/Products/Debug-iphonesimulator/libMoneroCombined.a[1093](mdb.c.o)) have unwind information, but it's not a code section (missing 'regular,pure_instructions' section flag)

ConstructStubExecutorLinkFileList /Users/j/Documents/GitHub/MoneroOne/build/Build/Intermediates.noindex/MoneroOne.build/Debug-iphonesimulator/MoneroOne.build/MoneroOne-ExecutorLinkFileList-normal-arm64.txt (in target 'MoneroOne' from project 'MoneroOne')
    cd /Users/j/Documents/GitHub/MoneroOne
    construct-stub-executor-link-file-list /Users/j/Documents/GitHub/MoneroOne/build/Build/Products/Debug-iphonesimulator/MoneroOne.app/MoneroOne.debug.dylib /Applications/Xcode.app/Contents/Developer/Platforms/iPhoneSimulator.platform/Developer/usr/lib/libPreviewsJITStubExecutor_no_swift_entry_point.a /Applications/Xcode.app/Contents/Developer/Platforms/iPhoneSimulator.platform/Developer/usr/lib/libPreviewsJITStubExecutor.a --output /Users/j/Documents/GitHub/MoneroOne/build/Build/Intermediates.noindex/MoneroOne.build/Debug-iphonesimulator/MoneroOne.build/MoneroOne-ExecutorLinkFileList-normal-arm64.txt
note: Using stub executor library with Swift entry point. (in target 'MoneroOne' from project 'MoneroOne')

Ld /Users/j/Documents/GitHub/MoneroOne/build/Build/Products/Debug-iphonesimulator/MoneroOne.app/MoneroOne normal (in target 'MoneroOne' from project 'MoneroOne')
    cd /Users/j/Documents/GitHub/MoneroOne
    /Applications/Xcode.app/Contents/Developer/Toolchains/XcodeDefault.xctoolchain/usr/bin/clang -Xlinker -reproducible -target arm64-apple-ios26.0-simulator -isysroot /Applications/Xcode.app/Contents/Developer/Platforms/iPhoneSimulator.platform/Developer/SDKs/iPhoneSimulator26.1.sdk -O0 -L/Users/j/Documents/GitHub/MoneroOne/build/Build/Products/Debug-iphonesimulator -F/Users/j/Documents/GitHub/MoneroOne/build/Build/Products/Debug-iphonesimulator/PackageFrameworks -F/Users/j/Documents/GitHub/MoneroOne/build/Build/Products/Debug-iphonesimulator/PackageFrameworks -F/Users/j/Documents/GitHub/MoneroOne/build/Build/Products/Debug-iphonesimulator/PackageFrameworks -F/Users/j/Documents/GitHub/MoneroOne/build/Build/Products/Debug-iphonesimulator/PackageFrameworks -F/Users/j/Documents/GitHub/MoneroOne/build/Build/Products/Debug-iphonesimulator/PackageFrameworks -F/Users/j/Documents/GitHub/MoneroOne/build/Build/Products/Debug-iphonesimulator/PackageFrameworks -F/Users/j/Documents/GitHub/MoneroOne/build/Build/Products/Debug-iphonesimulator/PackageFrameworks -F/Users/j/Documents/GitHub/MoneroOne/build/Build/Products/Debug-iphonesimulator/PackageFrameworks -F/Users/j/Documents/GitHub/MoneroOne/build/Build/Products/Debug-iphonesimulator/PackageFrameworks -F/Users/j/Documents/GitHub/MoneroOne/build/Build/Products/Debug-iphonesimulator/PackageFrameworks -F/Users/j/Documents/GitHub/MoneroOne/build/Build/Products/Debug-iphonesimulator/PackageFrameworks -F/Users/j/Documents/GitHub/MoneroOne/build/Build/Products/Debug-iphonesimulator/PackageFrameworks -F/Users/j/Documents/GitHub/MoneroOne/build/Build/Products/Debug-iphonesimulator/PackageFrameworks -F/Users/j/Documents/GitHub/MoneroOne/build/Build/Products/Debug-iphonesimulator/PackageFrameworks -F/Users/j/Documents/GitHub/MoneroOne/build/Build/Products/Debug-iphonesimulator/PackageFrameworks -F/Users/j/Documents/GitHub/MoneroOne/build/Build/Products/Debug-iphonesimulator/PackageFrameworks -F/Users/j/Documents/GitHub/MoneroOne/build/Build/Products/Debug-iphonesimulator/PackageFrameworks -F/Users/j/Documents/GitHub/MoneroOne/build/Build/Products/Debug-iphonesimulator/PackageFrameworks -F/Users/j/Documents/GitHub/MoneroOne/build/Build/Products/Debug-iphonesimulator/PackageFrameworks -F/Users/j/Documents/GitHub/MoneroOne/build/Build/Products/Debug-iphonesimulator/PackageFrameworks -F/Users/j/Documents/GitHub/MoneroOne/build/Build/Products/Debug-iphonesimulator/PackageFrameworks -F/Users/j/Documents/GitHub/MoneroOne/build/Build/Products/Debug-iphonesimulator/PackageFrameworks -F/Users/j/Documents/GitHub/MoneroOne/build/Build/Products/Debug-iphonesimulator/PackageFrameworks -F/Users/j/Documents/GitHub/MoneroOne/build/Build/Products/Debug-iphonesimulator/PackageFrameworks -F/Users/j/Documents/GitHub/MoneroOne/build/Build/Products/Debug-iphonesimulator/PackageFrameworks -F/Users/j/Documents/GitHub/MoneroOne/build/Build/Products/Debug-iphonesimulator/PackageFrameworks -F/Users/j/Documents/GitHub/MoneroOne/build/Build/Products/Debug-iphonesimulator/PackageFrameworks -F/Users/j/Documents/GitHub/MoneroOne/build/Build/Products/Debug-iphonesimulator/PackageFrameworks -F/Users/j/Documents/GitHub/MoneroOne/build/Build/Products/Debug-iphonesimulator/PackageFrameworks -F/Users/j/Documents/GitHub/MoneroOne/build/Build/Products/Debug-iphonesimulator/PackageFrameworks -F/Users/j/Documents/GitHub/MoneroOne/build/Build/Products/Debug-iphonesimulator/PackageFrameworks -F/Users/j/Documents/GitHub/MoneroOne/build/Build/Products/Debug-iphonesimulator/PackageFrameworks -F/Users/j/Documents/GitHub/MoneroOne/build/Build/Products/Debug-iphonesimulator/PackageFrameworks -F/Users/j/Documents/GitHub/MoneroOne/build/Build/Products/Debug-iphonesimulator/PackageFrameworks -F/Users/j/Documents/GitHub/MoneroOne/build/Build/Products/Debug-iphonesimulator/PackageFrameworks -F/Users/j/Documents/GitHub/MoneroOne/build/Build/Products/Debug-iphonesimulator/PackageFrameworks -F/Users/j/Documents/GitHub/MoneroOne/build/Build/Products/Debug-iphonesimulator/PackageFrameworks -F/Users/j/Documents/GitHub/MoneroOne/build/Build/Products/Debug-iphonesimulator/PackageFrameworks -F/Users/j/Documents/GitHub/MoneroOne/build/Build/Products/Debug-iphonesimulator/PackageFrameworks -F/Users/j/Documents/GitHub/MoneroOne/build/Build/Products/Debug-iphonesimulator/PackageFrameworks -F/Users/j/Documents/GitHub/MoneroOne/build/Build/Products/Debug-iphonesimulator/PackageFrameworks -F/Users/j/Documents/GitHub/MoneroOne/build/Build/Products/Debug-iphonesimulator/PackageFrameworks -F/Users/j/Documents/GitHub/MoneroOne/build/Build/Products/Debug-iphonesimulator/PackageFrameworks -F/Users/j/Documents/GitHub/MoneroOne/build/Build/Products/Debug-iphonesimulator/PackageFrameworks -F/Users/j/Documents/GitHub/MoneroOne/build/Build/Products/Debug-iphonesimulator/PackageFrameworks -F/Users/j/Documents/GitHub/MoneroOne/build/Build/Products/Debug-iphonesimulator -Xlinker -rpath -Xlinker @executable_path -Xlinker -rpath -Xlinker /Users/j/Documents/GitHub/MoneroOne/build/Build/Products/Debug-iphonesimulator/PackageFrameworks -Xlinker -rpath -Xlinker @executable_path/Frameworks -rdynamic -Xlinker -no_deduplicate -Xlinker -objc_abi_version -Xlinker 2 -e ___debug_blank_executor_main -Xlinker -sectcreate -Xlinker __TEXT -Xlinker __debug_dylib -Xlinker /Users/j/Documents/GitHub/MoneroOne/build/Build/Intermediates.noindex/MoneroOne.build/Debug-iphonesimulator/MoneroOne.build/MoneroOne-DebugDylibPath-normal-arm64.txt -Xlinker -sectcreate -Xlinker __TEXT -Xlinker __debug_instlnm -Xlinker /Users/j/Documents/GitHub/MoneroOne/build/Build/Intermediates.noindex/MoneroOne.build/Debug-iphonesimulator/MoneroOne.build/MoneroOne-DebugDylibInstallName-normal-arm64.txt -Xlinker -filelist -Xlinker /Users/j/Documents/GitHub/MoneroOne/build/Build/Intermediates.noindex/MoneroOne.build/Debug-iphonesimulator/MoneroOne.build/MoneroOne-ExecutorLinkFileList-normal-arm64.txt -Xlinker -sectcreate -Xlinker __TEXT -Xlinker __entitlements -Xlinker /Users/j/Documents/GitHub/MoneroOne/build/Build/Intermediates.noindex/MoneroOne.build/Debug-iphonesimulator/MoneroOne.build/MoneroOne.app-Simulated.xcent -Xlinker -sectcreate -Xlinker __TEXT -Xlinker __ents_der -Xlinker /Users/j/Documents/GitHub/MoneroOne/build/Build/Intermediates.noindex/MoneroOne.build/Debug-iphonesimulator/MoneroOne.build/MoneroOne.app-Simulated.xcent.der /Users/j/Documents/GitHub/MoneroOne/build/Build/Products/Debug-iphonesimulator/MoneroOne.app/MoneroOne.debug.dylib -Xlinker -no_adhoc_codesign -o /Users/j/Documents/GitHub/MoneroOne/build/Build/Products/Debug-iphonesimulator/MoneroOne.app/MoneroOne

Copy /Users/j/Documents/GitHub/MoneroOne/build/Build/Products/Debug-iphonesimulator/MoneroOne.app/PlugIns/MoneroOneWidgets.appex /Users/j/Documents/GitHub/MoneroOne/build/Build/Products/Debug-iphonesimulator/MoneroOneWidgets.appex (in target 'MoneroOne' from project 'MoneroOne')
    cd /Users/j/Documents/GitHub/MoneroOne
    builtin-copy -exclude .DS_Store -exclude CVS -exclude .svn -exclude .git -exclude .hg -exclude Headers -exclude PrivateHeaders -exclude Modules -exclude \*.tbd -resolve-src-symlinks -remove-static-executable /Users/j/Documents/GitHub/MoneroOne/build/Build/Products/Debug-iphonesimulator/MoneroOneWidgets.appex /Users/j/Documents/GitHub/MoneroOne/build/Build/Products/Debug-iphonesimulator/MoneroOne.app/PlugIns

ProcessInfoPlistFile /Users/j/Documents/GitHub/MoneroOne/build/Build/Products/Debug-iphonesimulator/MoneroOne.app/Info.plist /Users/j/Documents/GitHub/MoneroOne/MoneroOne/Info.plist (in target 'MoneroOne' from project 'MoneroOne')
    cd /Users/j/Documents/GitHub/MoneroOne
    builtin-infoPlistUtility /Users/j/Documents/GitHub/MoneroOne/MoneroOne/Info.plist -producttype com.apple.product-type.application -genpkginfo /Users/j/Documents/GitHub/MoneroOne/build/Build/Products/Debug-iphonesimulator/MoneroOne.app/PkgInfo -expandbuildsettings -format binary -platform iphonesimulator -additionalcontentfile /Users/j/Documents/GitHub/MoneroOne/build/Build/Intermediates.noindex/MoneroOne.build/Debug-iphonesimulator/MoneroOne.build/assetcatalog_generated_info.plist -scanforprivacyfile /Users/j/Documents/GitHub/MoneroOne/build/Build/Products/Debug-iphonesimulator/MoneroOne.app/Alamofire_Alamofire.bundle -scanforprivacyfile /Users/j/Documents/GitHub/MoneroOne/build/Build/Products/Debug-iphonesimulator/MoneroOne.app/GRDB_GRDB.bundle -scanforprivacyfile /Users/j/Documents/GitHub/MoneroOne/build/Build/Products/Debug-iphonesimulator/MoneroOne.app/PlugIns/MoneroOneWidgets.appex -scanforprivacyfile /Users/j/Documents/GitHub/MoneroOne/build/Build/Products/Debug-iphonesimulator/MoneroOne.app/swift-nio-ssl_NIOSSL.bundle -scanforprivacyfile /Users/j/Documents/GitHub/MoneroOne/build/Build/Products/Debug-iphonesimulator/MoneroOne.app/swift-nio_NIOPosix.bundle -o /Users/j/Documents/GitHub/MoneroOne/build/Build/Products/Debug-iphonesimulator/MoneroOne.app/Info.plist

CopySwiftLibs /Users/j/Documents/GitHub/MoneroOne/build/Build/Products/Debug-iphonesimulator/MoneroOne.app (in target 'MoneroOne' from project 'MoneroOne')
    cd /Users/j/Documents/GitHub/MoneroOne
    builtin-swiftStdLibTool --copy --verbose --sign - --scan-executable /Users/j/Documents/GitHub/MoneroOne/build/Build/Products/Debug-iphonesimulator/MoneroOne.app/MoneroOne.debug.dylib --scan-folder /Users/j/Documents/GitHub/MoneroOne/build/Build/Products/Debug-iphonesimulator/MoneroOne.app/Frameworks --scan-folder /Users/j/Documents/GitHub/MoneroOne/build/Build/Products/Debug-iphonesimulator/MoneroOne.app/PlugIns --scan-folder /Users/j/Documents/GitHub/MoneroOne/build/Build/Products/Debug-iphonesimulator/MoneroOne.app/SystemExtensions --scan-folder /Users/j/Documents/GitHub/MoneroOne/build/Build/Products/Debug-iphonesimulator/MoneroOne.app/Extensions --platform iphonesimulator --toolchain /Applications/Xcode.app/Contents/Developer/Toolchains/XcodeDefault.xctoolchain --destination /Users/j/Documents/GitHub/MoneroOne/build/Build/Products/Debug-iphonesimulator/MoneroOne.app/Frameworks --strip-bitcode --strip-bitcode-tool /Applications/Xcode.app/Contents/Developer/Toolchains/XcodeDefault.xctoolchain/usr/bin/bitcode_strip --emit-dependency-info /Users/j/Documents/GitHub/MoneroOne/build/Build/Intermediates.noindex/MoneroOne.build/Debug-iphonesimulator/MoneroOne.build/SwiftStdLibToolInputDependencies.dep --filter-for-swift-os

ExtractAppIntentsMetadata (in target 'MoneroOne' from project 'MoneroOne')
    cd /Users/j/Documents/GitHub/MoneroOne
    /Applications/Xcode.app/Contents/Developer/Toolchains/XcodeDefault.xctoolchain/usr/bin/appintentsmetadataprocessor --toolchain-dir /Applications/Xcode.app/Contents/Developer/Toolchains/XcodeDefault.xctoolchain --module-name MoneroOne --sdk-root /Applications/Xcode.app/Contents/Developer/Platforms/iPhoneSimulator.platform/Developer/SDKs/iPhoneSimulator26.1.sdk --xcode-version 17B100 --platform-family iOS --deployment-target 26.0 --bundle-identifier one.monero.MoneroOne --output /Users/j/Documents/GitHub/MoneroOne/build/Build/Products/Debug-iphonesimulator/MoneroOne.app --target-triple arm64-apple-ios26.0-simulator --binary-file /Users/j/Documents/GitHub/MoneroOne/build/Build/Products/Debug-iphonesimulator/MoneroOne.app/MoneroOne --dependency-file /Users/j/Documents/GitHub/MoneroOne/build/Build/Intermediates.noindex/MoneroOne.build/Debug-iphonesimulator/MoneroOne.build/Objects-normal/arm64/MoneroOne_dependency_info.dat --stringsdata-file /Users/j/Documents/GitHub/MoneroOne/build/Build/Intermediates.noindex/MoneroOne.build/Debug-iphonesimulator/MoneroOne.build/Objects-normal/arm64/ExtractedAppShortcutsMetadata.stringsdata --source-file-list /Users/j/Documents/GitHub/MoneroOne/build/Build/Intermediates.noindex/MoneroOne.build/Debug-iphonesimulator/MoneroOne.build/Objects-normal/arm64/MoneroOne.SwiftFileList --metadata-file-list /Users/j/Documents/GitHub/MoneroOne/build/Build/Intermediates.noindex/MoneroOne.build/Debug-iphonesimulator/MoneroOne.build/MoneroOne.DependencyMetadataFileList --static-metadata-file-list /Users/j/Documents/GitHub/MoneroOne/build/Build/Intermediates.noindex/MoneroOne.build/Debug-iphonesimulator/MoneroOne.build/MoneroOne.DependencyStaticMetadataFileList --swift-const-vals-list /Users/j/Documents/GitHub/MoneroOne/build/Build/Intermediates.noindex/MoneroOne.build/Debug-iphonesimulator/MoneroOne.build/Objects-normal/arm64/MoneroOne.SwiftConstValuesFileList --compile-time-extraction --deployment-aware-processing --validate-assistant-intents --no-app-shortcuts-localization
2026-01-18 15:26:20.690 appintentsmetadataprocessor[4228:39112021] Starting appintentsmetadataprocessor export
2026-01-18 15:26:20.691 appintentsmetadataprocessor[4228:39112021] warning: Metadata extraction skipped. No AppIntents.framework dependency found.

AppIntentsSSUTraining (in target 'MoneroOne' from project 'MoneroOne')
    cd /Users/j/Documents/GitHub/MoneroOne
    /Applications/Xcode.app/Contents/Developer/Toolchains/XcodeDefault.xctoolchain/usr/bin/appintentsnltrainingprocessor --infoplist-path /Users/j/Documents/GitHub/MoneroOne/build/Build/Products/Debug-iphonesimulator/MoneroOne.app/Info.plist --temp-dir-path /Users/j/Documents/GitHub/MoneroOne/build/Build/Intermediates.noindex/MoneroOne.build/Debug-iphonesimulator/MoneroOne.build/ssu --bundle-id one.monero.MoneroOne --product-path /Users/j/Documents/GitHub/MoneroOne/build/Build/Products/Debug-iphonesimulator/MoneroOne.app --extracted-metadata-path /Users/j/Documents/GitHub/MoneroOne/build/Build/Products/Debug-iphonesimulator/MoneroOne.app/Metadata.appintents --metadata-file-list /Users/j/Documents/GitHub/MoneroOne/build/Build/Intermediates.noindex/MoneroOne.build/Debug-iphonesimulator/MoneroOne.build/MoneroOne.DependencyMetadataFileList --archive-ssu-assets
2026-01-18 15:26:20.708 appintentsnltrainingprocessor[4229:39112022] Parsing options for appintentsnltrainingprocessor
2026-01-18 15:26:20.708 appintentsnltrainingprocessor[4229:39112022] No AppShortcuts found - Skipping.

CodeSign /Users/j/Documents/GitHub/MoneroOne/build/Build/Products/Debug-iphonesimulator/MoneroOne.app/MoneroOne.debug.dylib (in target 'MoneroOne' from project 'MoneroOne')
    cd /Users/j/Documents/GitHub/MoneroOne
    
    Signing Identity:     "Sign to Run Locally"
    
    /usr/bin/codesign --force --sign - --timestamp\=none --generate-entitlement-der /Users/j/Documents/GitHub/MoneroOne/build/Build/Products/Debug-iphonesimulator/MoneroOne.app/MoneroOne.debug.dylib

CodeSign /Users/j/Documents/GitHub/MoneroOne/build/Build/Products/Debug-iphonesimulator/MoneroOne.app/__preview.dylib (in target 'MoneroOne' from project 'MoneroOne')
    cd /Users/j/Documents/GitHub/MoneroOne
    
    Signing Identity:     "Sign to Run Locally"
    
    /usr/bin/codesign --force --sign - --timestamp\=none --generate-entitlement-der /Users/j/Documents/GitHub/MoneroOne/build/Build/Products/Debug-iphonesimulator/MoneroOne.app/__preview.dylib

CodeSign /Users/j/Documents/GitHub/MoneroOne/build/Build/Products/Debug-iphonesimulator/MoneroOne.app (in target 'MoneroOne' from project 'MoneroOne')
    cd /Users/j/Documents/GitHub/MoneroOne
    
    Signing Identity:     "Sign to Run Locally"
    
    /usr/bin/codesign --force --sign - --timestamp\=none --generate-entitlement-der /Users/j/Documents/GitHub/MoneroOne/build/Build/Products/Debug-iphonesimulator/MoneroOne.app

ValidateEmbeddedBinary /Users/j/Documents/GitHub/MoneroOne/build/Build/Products/Debug-iphonesimulator/MoneroOne.app/PlugIns/MoneroOneWidgets.appex (in target 'MoneroOne' from project 'MoneroOne')
    cd /Users/j/Documents/GitHub/MoneroOne
    /Applications/Xcode.app/Contents/Developer/usr/bin/embeddedBinaryValidationUtility /Users/j/Documents/GitHub/MoneroOne/build/Build/Products/Debug-iphonesimulator/MoneroOne.app/PlugIns/MoneroOneWidgets.appex -signing-cert - -info-plist-path /Users/j/Documents/GitHub/MoneroOne/build/Build/Products/Debug-iphonesimulator/MoneroOne.app/Info.plist

RegisterExecutionPolicyException /Users/j/Documents/GitHub/MoneroOne/build/Build/Products/Debug-iphonesimulator/MoneroOne.app (in target 'MoneroOne' from project 'MoneroOne')
    cd /Users/j/Documents/GitHub/MoneroOne
    builtin-RegisterExecutionPolicyException /Users/j/Documents/GitHub/MoneroOne/build/Build/Products/Debug-iphonesimulator/MoneroOne.app

Validate /Users/j/Documents/GitHub/MoneroOne/build/Build/Products/Debug-iphonesimulator/MoneroOne.app (in target 'MoneroOne' from project 'MoneroOne')
    cd /Users/j/Documents/GitHub/MoneroOne
    builtin-validationUtility /Users/j/Documents/GitHub/MoneroOne/build/Build/Products/Debug-iphonesimulator/MoneroOne.app -shallow-bundle -infoplist-subpath Info.plist

Touch /Users/j/Documents/GitHub/MoneroOne/build/Build/Products/Debug-iphonesimulator/MoneroOne.app (in target 'MoneroOne' from project 'MoneroOne')
    cd /Users/j/Documents/GitHub/MoneroOne
    /usr/bin/touch -c /Users/j/Documents/GitHub/MoneroOne/build/Build/Products/Debug-iphonesimulator/MoneroOne.app

** BUILD SUCCEEDED **

